Logger::init: wave-53 log level=INFO path='LOGS/G112.LOG'
[09:18:50] [info] config: loaded DOSKUTSU.CFG (4 keys)
[09:18:50] [info] tas: PRNG seed forced to 12345 via DOSKUTSU_TAS_PRNG_SEED
[09:18:50] [info] tas: auto-exit armed at tick 30000 via DOSKUTSU_TAS_AUTO_EXIT_TICK
[09:18:50] [info] tas: replay opened path='QA.TAS' header_seed=12345
[09:18:51] [info] data cache: DISABLED (default)
[09:18:51] [info] Joystick: skipped (default; set DOSKUTSU_USE_JOYSTICK=1 to enable -- skips SDL3-DOS gameport BIOS INT 15h polling, ~82 ms / flip on real HW)
[09:18:51] [info] Loading settings...
[09:18:51] [info] [input-bind] applied=0 invert_y=0 dos_axes=1
[09:18:51] [info] Renderer::initVideo: 8bpp mode requested via SDL_HINT_DOS_MAX_BPP=8 (wave 16); SDL3-DOS will pick the highest-bpp <= 8 mode at requested resolution
[09:18:51] [info] Renderer::initVideo: DOS resolution-label lock ENABLED (default)
[09:18:51] [info] Renderer::initVideo: using: software renderer
[09:18:53] [info] Renderer::initVideo: dirty-rect tracking ENABLED (wave 15, default ON; set SDL_HINT_DOSKUTSU_DIRTY_RECTS=0 to disable)
[09:18:53] [info] Renderer::initVideo: ablation flags: NO_DC_TIMING=0 CACHE_WINSURF=0 NO_INPUT_POLL=0 DIRECT_VESA=1
[09:18:53] [info] Renderer::initVideo: direct-VESA hot path ENABLED (default since wave 20 patch 0088; bypasses SDL_RenderPresent / SDL_UpdateWindowSurface and writes via SDL/0034's PresentFull helper; R2 mitigation handled by SDL/0034 generation counter -- no per-N-flip heartbeat needed; set SDL_HINT_DOSKUTSU_DIRECT_VESA=0 to revert)
[09:18:53] [info] Renderer::initVideo: flip-phase instrumentation DISABLED (default; set SDL_HINT_DOSKUTSU_FLIP_INSTR=1 to opt in for wave-20 Lever A diagnostic)
[09:18:53] [info] Renderer::initVideo: asm opaque-span blit lever DISABLED (default; set SDL_HINT_DOSKUTSU_ASM_BLIT=1 to opt in -- wave-51 _blit_indexed colorkey-blit lever)
[09:18:53] [info] Renderer::initVideo: blit-decomp instrumentation DISABLED (default; set SDL_HINT_DOSKUTSU_BLIT_DECOMP=1 to opt in -- wave-51 _blit_indexed sub-decomp sizing)
[09:18:53] [info] Renderer::initVideo: mds-scroll-decomp instrumentation DISABLED (default; set SDL_HINT_DOSKUTSU_MDS_DECOMP=1 to opt in -- wave-52 mode_draw_scene scrolling-block decomp)
[09:18:53] [info] Renderer::initVideo: DOSVESA pump yield: skipped (default) (per-flip explicit SDL_Delay(0) yield is always on; set SDL_HINT_DOSKUTSU_FORCE_PUMP_YIELD=1 to restore old per-pump yield)
[09:18:53] [info] Renderer::initVideo: indexed-mode (8bpp) ENABLED -- master palette + 107 per-asset remap LUTs loaded (wave 16, default ON; set SDL_HINT_DOSKUTSU_PIXEL_FORMAT_8=0 to disable)
[09:18:53] [info] Renderer::initVideo: master palette attached to window surface (format=SDL_PIXELFORMAT_INDEX8, ncolors=256)
[09:18:53] [info] Renderer::initVideo: indexed-mode smoke: idx0=(0,0,0) OK idx255=(255,0,255) OK
[09:18:53] [info] Renderer::initVideo: indexed-mode smoke: paletteRemapFor('MyChar.pbm') = present
[09:18:53] [info] Surface::loadImage palmap-diag #1: 'data/Loading.pbm' fmt=SDL_PIXELFORMAT_ABGR8888 remap=HIT -> path=truecolor
[09:18:53] [info] Renderer: prev-frame diff DISABLED (default since wave 17.6; set SDL_HINT_DOSKUTSU_PREVFRAME_DIFF=1 to opt in)
[09:18:53] [info] flip-probe: renderer=software window_ptr=8809456 colorspace=301991328 window_size=320x240 framebuffer_pixels=320x240 logical_present=320x240 mode=2
[09:18:53] [info] flip-probe: first flip ok=true present=43ms inter_flip_ms=0 drawcalls-since-flip=1 drawcalls-total=1
[09:18:53] [info] Sound system init
[09:18:53] [info] Sound system: 4-state audio enable (#31) -- music=on sfx=on (MUSIC_OFF/AUDIO_BACKEND=none -> music-off; SFX_OFF/SFX_DEVICE=none -> sfx-off; both gates are dispatch-level, the device still opens; AUDIO_OFF=1 is the device-level both-off).
[09:18:53] [info] Sound system: Tier-1 audio config (22050 Hz, 2 channels) via SDL_HINT_DOSKUTSU_AUDIO_TIER2=0 killswitch -- reverts to wave-17.6-baseline 22050 stereo, the original Cave Story 2004 spec. Trades the wave-21 Tier-2 fps gain (~+11 fps in heavy-music scenes on Pentium OverDrive 83 MHz) for full audio fidelity. Unset the env var to go back to Tier-2 default.
[09:18:53] [info] [org-hq] stereo prerender rate=22050 ch=2 (HQ Organya tier ACTIVE; opt-in via SDL_HINT_DOSKUTSU_AUDIO_TIER2=0; cache CACHE\22050_2\; real fps cost on 486-class HW).
[09:18:54] [info] Sound system: SDL_HINT_AUDIO_DEVICE_SAMPLE_FRAMES=(default -- SDL3 picks 512 at 22050 Hz)
[09:18:54] [info] Pixtone IRQ rate-divider: handed master_rate=44100 int16/s (SAMPLE_RATE=22050 x AUDIO_CHANNELS=2) to SDL for auto-RATEDIV (SDL/0074 computes shift_div from the resolved device freq).
[09:18:54] [info] Sound system: device frame-rate: requesting 22050 Hz match to master (SDL_DOSAudioSetDeviceFrameRate; SB16 opens at the engine frame rate instead of SDL's 44100 floor -- 4x less PCM/s + no resampler on the Organya/Pixtone path; killswitch SDL_HINT_DOSKUTSU_DOS_AUDIO_DEVICE_RATE_DEFAULT=0).
[09:18:54] [info] audio backend: organya (forced; Phase 10 baseline)
[09:18:54] [info] wave-13.6.1: ring_chunks=16 FORCE_PUMP_YIELD=off (set SDL_HINT_DOSKUTSU_AUDIO_RING_CHUNKS=4|8|16 to override; default 16 matches wave 13.6 behaviour)
[09:18:54] [info] MidiScheduler: MIDI source = 'orgmid2' (native-GM org2mid set; resolves to data/orgmid2/<name>.mid).
[09:18:54] [info] Sound system: idle-pause skipped (backend=organya does not qualify; only opl3 supports idle-pause per patch 0115; default OFF since patch 0119 regardless of backend).
[09:18:54] [warn] Music dir Ogg/ doesn't exist
[09:18:54] [warn] Music dir Ogg11/ doesn't exist
[09:18:54] [warn] Music dir Ogg17/ doesn't exist
[09:18:54] [warn] Music dir Ogg_ridic/ doesn't exist
[09:18:54] [info] Loading Sound FX...
[09:18:55] [info] [pxt-cache] init(): HIT (loaded cache; render skipped)
[09:18:57] [error] Lever 3 (Pixtone IRQ-mix; default ON since v1.0.1, or SDL_HINT_DOSKUTSU_PIXTONE_IRQ_MIX=1) is incompatible with SDL_HINT_DOSKUTSU_AUDIO_BACKEND=organya. L3 + ORGANYA IS KNOWN-INCOMPATIBLE (PLAY2 hang root-cause owned by v1.0.2 deep-campaign; v1.0.1 ships defensive interlock per flush-instr #135 three-front response). L3 forced OFF (hang prevention); SFX continue through SDL3_mixer path; music continues through Organya. To engage L3 cleanly set SDL_HINT_DOSKUTSU_AUDIO_BACKEND to opl3 / wb / midi-stub, or set SDL_HINT_DOSKUTSU_PIXTONE_IRQ_MIX=0 to silence this and keep Organya.
[09:18:57] [info] Organya init...
[09:18:58] [info] Organya init done
[09:19:05] [info] gus SFX gain [nx0259]: 70% (SDL_HINT_DOSKUTSU_GUS_SFX_GAIN; scales the GF1 SFX voice volume to balance against velocity/CC-scaled GUS music; default 70, clamp 0..150).
[09:19:06] [info] midi ISR tick: engine registered tick_isr callback (L2b active; default ON; set SDL_HINT_DOSKUTSU_MIDI_ISR_TICK=0 to disable)
[09:19:06] [info] organya auto-precache: ENABLED (default) (first-launch precache + in-game cold-render progress overlay; set SDL_HINT_DOSKUTSU_ORG_AUTOCACHE=0 to disable -> v1.1.0 black-screen cold-render)
[09:19:06] [info] organya auto-precache: cache complete (sentinel present) -- skipping batch; in-game overlay armed for any stray cache miss.
[09:19:06] [info] menu slide-in fixed-timestep: ENABLED (default; slide advances at 50 Hz logic rate)
[09:19:06] [info] Reading npc.tbl...
[09:19:06] [info] Loading tilekey.dat.
[09:19:06] [info] Script engine init.
[09:19:06] [info] Entering main loop...
[09:19:06] [info] audio mid-gap pump: DISABLED (default)
[09:19:06] [info] TAS fixed-timestep guard: ENABLED (default) (patch 0280; load_stage wall-clock kept out of the FT accumulator so TAS replay advances at a true 50 Hz; set SDL_HINT_DOSKUTSU_TAS_FT_GUARD=0 to disable)
[09:19:06] [info] load_stage ring+DMA silence flush: ENABLED (default) (set SDL_HINT_DOSKUTSU_LOADSTAGE_SILENCE=0 to disable)
[09:19:06] [info] load-band audio-underrun probe: DISABLED (default) (opt-in SDL_HINT_DOSKUTSU_LOADBAND_STAT=1)
[09:19:06] [info]  >> Entering stage 72: 'u'.
[09:19:06] [info] skip sheet flush: ENABLED (default) (SFXPAUSE-012 SHIPPED FIX; sprite sheets stay resident across caves so no per-cave re-decode -> no fire-frame pause; map_flush_graphics tilemap cache still flushes; set SDL_HINT_DOSKUTSU_SKIP_SHEET_FLUSH=0 to restore the old per-cave flush)
[09:19:06] [info] [skip-sheet-flush] cave=1
[09:19:06] [info] eager action sheets: ENABLED (default) (first-fire hitch fix: pre-loads the weapon bullet + hit/muzzle/trail caret sheets at stage load so the first fire/impact does not lazy-decode mid-gameplay; set SDL_HINT_DOSKUTSU_EAGER_ACTION_SHEETS=0 to restore lazy load)
[09:19:06] [info] Surface::loadImage palmap-diag #2: 'data/Bullet.pbm' fmt=SDL_PIXELFORMAT_ABGR8888 remap=HIT -> path=truecolor
[09:19:06] [info] Surface::loadImage palmap-diag #3: 'data/Arms.pbm' fmt=SDL_PIXELFORMAT_ABGR8888 remap=HIT -> path=truecolor
[09:19:07] [info] Surface::loadImage palmap-diag #4: 'data/Caret.pbm' fmt=SDL_PIXELFORMAT_ABGR8888 remap=HIT -> path=truecolor
[09:19:07] [info] Surface::loadImage palmap-diag #5: 'data/Npc/NpcSym.pbm' fmt=SDL_PIXELFORMAT_ABGR8888 remap=HIT -> path=truecolor
[09:19:07] [info] [eager-action-sheets] cave=1 sheets=4 wall_ms=1035
[09:19:07] [info] Surface::loadImage palmap-diag #6: 'data/Stage/PrtWhite.pbm' fmt=SDL_PIXELFORMAT_ABGR8888 remap=HIT -> path=truecolor
[09:19:08] [info] load_stage: entry-music preload ENABLED (default) (set SDL_HINT_DOSKUTSU_PRELOAD_STAGE_MUSIC=0 to disable)
[09:19:08] [info] Surface::loadImage palmap-diag #7: 'data/bk0.pbm' fmt=SDL_PIXELFORMAT_ABGR8888 remap=HIT -> path=truecolor
[09:19:08] [info] gameloop: entered (curmap=72, running=1)
[09:19:08] [info] gameloop: iter 1 ticks=17596 mapno=-1
[09:19:08] [info] fixed-timestep: ENABLED (default; logic 50 Hz, decoupled from render)
[09:19:08] [info] map: BG skip-when-unchanged DISABLED (default) (set SDL_HINT_DOSKUTSU_BG_SKIP_WHEN_UNCHANGED=1 to enable; default OFF since wave-61 -- abandoned, it shipped a backdrop-black flicker and its +0.87 fps was below the noise floor)
[09:19:08] [info] map: skip-redundant-clear lever ENABLED (default since wave-53 promotion)
[09:19:08] [info] perf-mode: level=0 (faithful (default))
[09:19:08] [info] Surface::loadImage palmap-diag #8: 'data/Npc/NpcKings.pbm' fmt=SDL_PIXELFORMAT_ABGR8888 remap=HIT -> path=truecolor
[09:19:08] [info] audio tick-boundary pump: DISABLED (default)
[09:19:08] [info] gameloop: iter 2 ticks=17946 mapno=-1
[09:19:08] [info] gameloop: iter 3 ticks=17991 mapno=-1
[09:19:08] [info] direct-vesa: snapshot @gen=2 use_dosmemput=0 banked_multibank=0 pitches_match=1 vram_w=320 vram_h=240 vram_pitch=320 bpp=1 fb_size=76800 vram_phys=0x78000000 vram_ptr=0x77c00000
[09:19:08] [info] flip-probe: flip #10 ok=true present=3ms inter_flip_ms=22 drawcalls-since-flip=6 drawcalls-total=43 fail-total=0 null-skips-total=0
[09:19:08] [info] flip-probe: flip #20 ok=true present=3ms inter_flip_ms=22 drawcalls-since-flip=4 drawcalls-total=92 fail-total=0 null-skips-total=0
[09:19:09] [info] flip-probe: flip #30 ok=true present=3ms inter_flip_ms=41 drawcalls-since-flip=326 drawcalls-total=2707 fail-total=0 null-skips-total=0
[09:19:09] [info] flip-probe: flip #40 ok=true present=3ms inter_flip_ms=35 drawcalls-since-flip=264 drawcalls-total=5837 fail-total=0 null-skips-total=0
[09:19:10] [info] flip-probe: flip #50 ok=true present=3ms inter_flip_ms=23 drawcalls-since-flip=67 drawcalls-total=7392 fail-total=0 null-skips-total=0
[09:19:10] [info] flip-probe: flip #60 ok=true present=3ms inter_flip_ms=20 drawcalls-since-flip=4 drawcalls-total=7502 fail-total=0 null-skips-total=0
[09:19:10] [info] flip-probe: flip #70 ok=true present=4ms inter_flip_ms=19 drawcalls-since-flip=6 drawcalls-total=7557 fail-total=0 null-skips-total=0
[09:19:10] [info] flip-probe: flip #80 ok=true present=3ms inter_flip_ms=20 drawcalls-since-flip=0 drawcalls-total=7586 fail-total=0 null-skips-total=0
[09:19:11] [info] flip-probe: flip #90 ok=true present=3ms inter_flip_ms=19 drawcalls-since-flip=0 drawcalls-total=7586 fail-total=0 null-skips-total=0
[09:19:11] [info] title: eager-title-IO phase tag ENABLED (default) (set SDL_HINT_DOSKUTSU_EAGER_TITLE_IO=0 to disable)
[09:19:19] [info] Organya pre-render: cache HIT CURLY (11875968 bytes from CACHE; 2 ch; synth skipped).
[09:19:19] [info] audio pump-to-target: ENABLED (186 ms depth setpoint; amount-bounded depth-regulated ring refill per displayed frame; killswitch SDL_HINT_DOSKUTSU_ORG_PUMP_TARGET_MS=0).
[09:19:19] [info] pixtone multi-source probe: DISABLED (default)
[09:19:19] [info] gameloop: entered (curmap=1005, running=1)
[09:19:19] [info] gameloop: iter 1 ticks=29188 mapno=-1
[09:19:19] [info] map: backdrop cache ENABLED (default) (set SDL_HINT_DOSKUTSU_BACKDROP_CACHE=0 to disable)
[09:19:20] [info] gameloop: iter 2 ticks=29780 mapno=-1
[09:19:20] [info] gameloop: iter 3 ticks=29843 mapno=-1
[09:19:20] [info] backdrop cache: thrashing-detect engaged (streak=4, route=direct)
[09:19:20] [info] flip-probe: flip #100 ok=true present=3ms inter_flip_ms=46 drawcalls-since-flip=75 drawcalls-total=7886 fail-total=0 null-skips-total=0
[09:19:20] [info] alpha audit block 0: 7798 total drawcalls, 0 with alpha<255 (block pct_x10=0; global 0/7798 pct_x10=0); alpha-mod skipped: block=0 global=0
[09:19:20] [info] fastpath audit block 0: taken=7798 (idx8=7798) skipped=0 pct_x10=1000; global taken=7798 (idx8=7798) skipped=0 pct_x10=1000
[09:19:20] [info] primitive tally block 0: clear=220(hr=220) fill=0(hr=0) rect=0(hr=0) line=0(hr=0) tint=0 spotlight=0 (over 100 flips ending at flip 100)
[09:19:20] [info] color/alpha audit block 0: cmod_white=104 cmod_black=0 (idx=0) cmod_general=84 (idx=84) cmod_fb=0; alpha_taken=0 alpha_skipped=0 (global cmod=104/0/84/0 idx=0/84 alpha=0/0)
[09:19:20] [info] phase timing block 0: drawcalls=8209 dc_total_ms=971 flip_inner_total_ms=652 inter_flip_total_ms=26597 (per-flip avg x10: dc_ms=97 fi_ms=65 if_ms=2659 derived audio+engine_ms=2497; per-drawcall avg us_x10=1183) [direct-vesa: presents=97 total_ms=300 avg_ms_x10=30 failed=0] [ablation: NO_DC_TIMING=0 CACHE_WINSURF=0 DIRECT_VESA=1]
[09:19:20] [info] kbd/audio block 0: kbd_irq=0 kbd_drain=0 ring_chunks=16 pump_pass=99 pic1_mask=0xb8 first_irq_ticks=0 install_ticks=0 vector_at_install=0x0083a0a0 pic1_mask_live=0x98 kbd_8042_stat=0x34 bios_kbd_head=0x0024 bios_kbd_tail=0x0024 bios_kbd_buf0=0x0231
[09:19:20] [info] audio/engine split block 0: audio_mixer_calls=23 audio_mixer_ms_x10=5 engine_tick_calls=99 engine_tick_ms_x10=1132 audio_service_calls=0 audio_service_ms_x10=0 (per-flip avg; per-call us_x10: audio_mix=24869 engine_tick=1143524 audio_service=0; global ns: audio_mix=57199248 engine_tick=11320896264 audio_service=0)
[09:19:20] [info] dirty-rect block @flip=100: total_calls=0 dirty_rects_avg=0 dirty_pct_x10=990 forced_full=0 first_n_force=3 threshold_exceeded=2 dirty_path_taken=0 full_flush_taken=3
[09:19:20] [info] prev-frame-diff block @flip=100: diff_calls=0 diff_rects_avg=0 diff_dirty_pct_x10=0 bbox_pct_x10=0 bbox_thresh_exceeded=0
[09:19:20] [info] flip-probe: flip #110 ok=true present=3ms inter_flip_ms=28 drawcalls-since-flip=75 drawcalls-total=8636 fail-total=0 null-skips-total=0
[09:19:21] [info] flip-probe: flip #120 ok=true present=3ms inter_flip_ms=28 drawcalls-since-flip=75 drawcalls-total=9386 fail-total=0 null-skips-total=0
[09:19:21] [info] flip-probe: flip #130 ok=true present=3ms inter_flip_ms=16 drawcalls-since-flip=0 drawcalls-total=9986 fail-total=0 null-skips-total=0
[09:19:21] [info] Loading profile from profile.dat
[09:19:21] [error] profile_load: unable to open 'profile.dat'
[09:19:21] [info] Loading profile from profile2.dat
[09:19:21] [error] profile_load: unable to open 'profile2.dat'
[09:19:21] [info] Loading profile from profile3.dat
[09:19:21] [info] Loading profile from profile4.dat
[09:19:21] [error] profile_load: unable to open 'profile4.dat'
[09:19:21] [info] Loading profile from profile5.dat
[09:19:22] [info] flip-probe: flip #140 ok=true present=4ms inter_flip_ms=44 drawcalls-since-flip=214 drawcalls-total=10842 fail-total=0 null-skips-total=0
[09:19:22] [info] flip-probe: flip #150 ok=true present=3ms inter_flip_ms=44 drawcalls-since-flip=214 drawcalls-total=12982 fail-total=0 null-skips-total=0
[09:19:22] [info] Writing settings...
[09:19:22] [info] flip-probe: flip #160 ok=true present=4ms inter_flip_ms=24 drawcalls-since-flip=0 drawcalls-total=13846 fail-total=0 null-skips-total=0
[09:19:23] [info] flip-probe: flip #170 ok=true present=3ms inter_flip_ms=22 drawcalls-since-flip=0 drawcalls-total=13846 fail-total=0 null-skips-total=0
[09:19:23] [info] Loading profile from profile5.dat
[09:19:23] [info]  >> Entering stage 20: 'Save Point'.
[09:19:23] [info] [skip-sheet-flush] cave=2
[09:19:27] [info] Organya pre-render: cache HIT MURA (5927040 bytes from CACHE; 2 ch; synth skipped).
[09:19:27] [info] gameloop: entered (curmap=20, running=1)
[09:19:28] [info] gameloop: iter 1 ticks=37428 mapno=-1
[09:19:28] [info] TAS stall discount: ENABLED (default) (patch 0286; a replay frame over 150 ms is a load, not slow rendering, so it contributes 1 tick instead of its wall-clock; set SDL_HINT_DOSKUTSU_TAS_STALL_DISCOUNT=0 to disable)
[09:19:28] [info] TAS accumulator clamp: DISABLED (default) (patch 0281; caps the FT accumulator delta at one tick during TAS so a stalled frame cannot race the replay index; set SDL_HINT_DOSKUTSU_TAS_FT_GUARD=0 to disable)
[09:19:28] [info] gameloop: iter 2 ticks=37487 mapno=-1
[09:19:28] [info] gameloop: iter 3 ticks=37544 mapno=-1
[09:19:28] [info] flip-probe: flip #180 ok=true present=4ms inter_flip_ms=52 drawcalls-since-flip=17 drawcalls-total=13971 fail-total=0 null-skips-total=0
[09:19:28] [info] flip-probe: flip #190 ok=true present=4ms inter_flip_ms=26 drawcalls-since-flip=17 drawcalls-total=14141 fail-total=0 null-skips-total=0
[09:19:28] [info] flip-probe: flip #200 ok=true present=3ms inter_flip_ms=28 drawcalls-since-flip=17 drawcalls-total=14311 fail-total=0 null-skips-total=0
[09:19:28] [info] alpha audit block 0: 5788 total drawcalls, 0 with alpha<255 (block pct_x10=0; global 0/13586 pct_x10=0); alpha-mod skipped: block=0 global=0
[09:19:28] [info] fastpath audit block 0: taken=5788 (idx8=5788) skipped=0 pct_x10=1000; global taken=13586 (idx8=13586) skipped=0 pct_x10=1000
[09:19:28] [info] primitive tally block 0: clear=201(hr=201) fill=0(hr=0) rect=0(hr=0) line=0(hr=0) tint=0 spotlight=0 (over 100 flips ending at flip 200)
[09:19:28] [info] color/alpha audit block 0: cmod_white=1438 cmod_black=0 (idx=0) cmod_general=609 (idx=609) cmod_fb=0; alpha_taken=0 alpha_skipped=0 (global cmod=1542/0/693/0 idx=0/693 alpha=0/0)
[09:19:28] [info] phase timing block 0: drawcalls=8036 dc_total_ms=941 flip_inner_total_ms=969 inter_flip_total_ms=8297 (per-flip avg x10: dc_ms=94 fi_ms=96 if_ms=829 derived audio+engine_ms=639; per-drawcall avg us_x10=1171) [direct-vesa: presents=100 total_ms=304 avg_ms_x10=30 failed=0] [ablation: NO_DC_TIMING=0 CACHE_WINSURF=0 DIRECT_VESA=1]
[09:19:28] [info] kbd/audio block 0: kbd_irq=0 kbd_drain=0 ring_chunks=16 pump_pass=214 pic1_mask=0xb8 first_irq_ticks=0 install_ticks=0 vector_at_install=0x0083a0a0 pic1_mask_live=0x98 kbd_8042_stat=0x34 bios_kbd_head=0x0024 bios_kbd_tail=0x0024 bios_kbd_buf0=0x0231
[09:19:28] [info] audio/engine split block 0: audio_mixer_calls=167 audio_mixer_ms_x10=36 engine_tick_calls=76 engine_tick_ms_x10=139 audio_service_calls=0 audio_service_ms_x10=0 (per-flip avg; per-call us_x10: audio_mix=21945 engine_tick=183255 audio_service=0; global ns: audio_mix=423688801 engine_tick=12713639188 audio_service=0)
[09:19:28] [info] dirty-rect block @flip=200: total_calls=0 dirty_rects_avg=1 dirty_pct_x10=1000 forced_full=0 first_n_force=0 threshold_exceeded=0 dirty_path_taken=0 full_flush_taken=0
[09:19:28] [info] prev-frame-diff block @flip=200: diff_calls=0 diff_rects_avg=0 diff_dirty_pct_x10=0 bbox_pct_x10=0 bbox_thresh_exceeded=0
[09:19:29] [info] flip-probe: flip #210 ok=true present=3ms inter_flip_ms=27 drawcalls-since-flip=17 drawcalls-total=14481 fail-total=0 null-skips-total=0
[09:19:29] [info] flip-probe: flip #220 ok=true present=3ms inter_flip_ms=28 drawcalls-since-flip=17 drawcalls-total=14651 fail-total=0 null-skips-total=0
[09:19:29] [info] flip-probe: flip #230 ok=true present=3ms inter_flip_ms=27 drawcalls-since-flip=17 drawcalls-total=14821 fail-total=0 null-skips-total=0
[09:19:30] [info] flip-probe: flip #240 ok=true present=3ms inter_flip_ms=63 drawcalls-since-flip=358 drawcalls-total=17389 fail-total=0 null-skips-total=0
[09:19:30] [info]  >> Entering stage 11: 'Mimiga Village'.
[09:19:30] [info] [skip-sheet-flush] cave=3
[09:19:30] [info] [load-stage] preloading entry music song=9 (cave=3)
[09:19:30] [info] gameloop: entered (curmap=11, running=1)
[09:19:30] [info] gameloop: iter 1 ticks=40371 mapno=-1
[09:19:31] [info] map: mds_clear LUT ENABLED (default) (set SDL_HINT_DOSKUTSU_MDS_CLEAR_LUT=0 to disable; default ON; patch 0144 wave-49 bandwidth lever)
[09:19:31] [info] mds-clear-lut: rebuilt N=240 entries (k_skip=0% k_keep=100%; curmap=11 map_size=60x60; rebuild #1 since boot)
[09:19:31] [info] backdrop thrash full-cover ENABLED (default) (set SDL_HINT_DOSKUTSU_THRASH_FULLCOVER=0 to disable)
[09:19:31] [info] [bd-diag] backdrop render-path diag disabled (default) (set SDL_HINT_DOSKUTSU_BACKDROP_DIAG=1 to enable)
[09:19:31] [info] gameloop: iter 2 ticks=40636 mapno=-1
[09:19:31] [info] tas: stall frame 264 ms -> contributing 1 tick (patch 0286)
[09:19:31] [info] gameloop: iter 3 ticks=40739 mapno=-1
[09:19:31] [info] backdrop cache: thrashing-detect engaged (streak=4, route=direct)
[09:19:31] [info] flip-probe: flip #250 ok=true present=3ms inter_flip_ms=62 drawcalls-since-flip=176 drawcalls-total=20504 fail-total=0 null-skips-total=0
[09:19:32] [info] flip-probe: flip #260 ok=true present=3ms inter_flip_ms=46 drawcalls-since-flip=43 drawcalls-total=20945 fail-total=0 null-skips-total=0
[09:19:32] [info] flip-probe: flip #270 ok=true present=3ms inter_flip_ms=63 drawcalls-since-flip=46 drawcalls-total=21402 fail-total=0 null-skips-total=0
[09:19:33] [info] flip-probe: flip #280 ok=true present=3ms inter_flip_ms=62 drawcalls-since-flip=43 drawcalls-total=21838 fail-total=0 null-skips-total=0
[09:19:33] [info] flip-probe: flip #290 ok=true present=3ms inter_flip_ms=46 drawcalls-since-flip=43 drawcalls-total=22268 fail-total=0 null-skips-total=0
[09:19:34] [info] flip-probe: flip #300 ok=true present=4ms inter_flip_ms=46 drawcalls-since-flip=43 drawcalls-total=22698 fail-total=0 null-skips-total=0
[09:19:34] [info] alpha audit block 0: 7589 total drawcalls, 0 with alpha<255 (block pct_x10=0; global 0/21175 pct_x10=0); alpha-mod skipped: block=0 global=0
[09:19:34] [info] fastpath audit block 0: taken=7589 (idx8=7589) skipped=0 pct_x10=1000; global taken=21175 (idx8=21175) skipped=0 pct_x10=1000
[09:19:34] [info] primitive tally block 0: clear=201(hr=201) fill=0(hr=0) rect=0(hr=0) line=0(hr=0) tint=0 spotlight=0 (over 100 flips ending at flip 300)
[09:19:34] [info] color/alpha audit block 0: cmod_white=741 cmod_black=741 (idx=741) cmod_general=0 (idx=0) cmod_fb=0; alpha_taken=0 alpha_skipped=0 (global cmod=2283/741/693/0 idx=741/693 alpha=0/0)
[09:19:34] [info] phase timing block 0: drawcalls=9278 dc_total_ms=867 flip_inner_total_ms=1058 inter_flip_total_ms=5543 (per-flip avg x10: dc_ms=86 fi_ms=105 if_ms=554 derived audio+engine_ms=363; per-drawcall avg us_x10=935) [direct-vesa: presents=100 total_ms=306 avg_ms_x10=30 failed=0] [ablation: NO_DC_TIMING=0 CACHE_WINSURF=0 DIRECT_VESA=1]
[09:19:34] [info] kbd/audio block 0: kbd_irq=0 kbd_drain=0 ring_chunks=16 pump_pass=453 pic1_mask=0xb8 first_irq_ticks=0 install_ticks=0 vector_at_install=0x0083a0a0 pic1_mask_live=0x98 kbd_8042_stat=0x34 bios_kbd_head=0x0024 bios_kbd_tail=0x0024 bios_kbd_buf0=0x0231
[09:19:34] [info] [tile-speedup-stat n=100 drawtile_us=54.26 raw_blit_us=51.16 ratio=1.06]
[09:19:34] [info] audio/engine split block 0: audio_mixer_calls=220 audio_mixer_ms_x10=48 engine_tick_calls=0 engine_tick_ms_x10=0 audio_service_calls=0 audio_service_ms_x10=0 (per-flip avg; per-call us_x10: audio_mix=22005 engine_tick=0 audio_service=0; global ns: audio_mix=907816100 engine_tick=12713639188 audio_service=0)
[09:19:34] [info] dirty-rect block @flip=300: total_calls=100 dirty_rects_avg=1 dirty_pct_x10=1000 forced_full=0 first_n_force=0 threshold_exceeded=0 dirty_path_taken=0 full_flush_taken=0
[09:19:34] [info] prev-frame-diff block @flip=300: diff_calls=0 diff_rects_avg=0 diff_dirty_pct_x10=0 bbox_pct_x10=0 bbox_thresh_exceeded=0
[09:19:34] [info] backdrop cache: thrashing-detect engaged (streak=64, route=direct)
[09:19:34] [info] flip-probe: flip #310 ok=true present=4ms inter_flip_ms=53 drawcalls-since-flip=43 drawcalls-total=23228 fail-total=0 null-skips-total=0
[09:19:35] [info] flip-probe: flip #320 ok=true present=3ms inter_flip_ms=47 drawcalls-since-flip=43 drawcalls-total=23658 fail-total=0 null-skips-total=0
[09:19:36] [info] flip-probe: flip #330 ok=true present=3ms inter_flip_ms=45 drawcalls-since-flip=43 drawcalls-total=24088 fail-total=0 null-skips-total=0
[09:19:36] [info] flip-probe: flip #340 ok=true present=4ms inter_flip_ms=53 drawcalls-since-flip=46 drawcalls-total=24532 fail-total=0 null-skips-total=0
[09:19:37] [info] flip-probe: flip #350 ok=true present=3ms inter_flip_ms=45 drawcalls-since-flip=43 drawcalls-total=24969 fail-total=0 null-skips-total=0
[09:19:37] [info] flip-probe: flip #360 ok=true present=3ms inter_flip_ms=64 drawcalls-since-flip=44 drawcalls-total=25406 fail-total=0 null-skips-total=0
[09:19:38] [info] backdrop cache: thrashing-detect engaged (streak=124, route=direct)
[09:19:38] [info] flip-probe: flip #370 ok=true present=3ms inter_flip_ms=51 drawcalls-since-flip=15 drawcalls-total=25642 fail-total=0 null-skips-total=0
[09:19:38] [info] flip-probe: flip #380 ok=true present=3ms inter_flip_ms=54 drawcalls-since-flip=18 drawcalls-total=25817 fail-total=0 null-skips-total=0
[09:19:39] [info] flip-probe: flip #390 ok=true present=3ms inter_flip_ms=57 drawcalls-since-flip=15 drawcalls-total=25975 fail-total=0 null-skips-total=0
[09:19:39] [info] flip-probe: flip #400 ok=true present=3ms inter_flip_ms=57 drawcalls-since-flip=109 drawcalls-total=26219 fail-total=0 null-skips-total=0
[09:19:39] [info] alpha audit block 0: 2602 total drawcalls, 0 with alpha<255 (block pct_x10=0; global 0/23777 pct_x10=0); alpha-mod skipped: block=0 global=0
[09:19:39] [info] fastpath audit block 0: taken=2602 (idx8=2602) skipped=0 pct_x10=1000; global taken=23777 (idx8=23777) skipped=0 pct_x10=1000
[09:19:39] [info] primitive tally block 0: clear=200(hr=200) fill=0(hr=0) rect=0(hr=0) line=0(hr=0) tint=0 spotlight=0 (over 100 flips ending at flip 400)
[09:19:39] [info] color/alpha audit block 0: cmod_white=819 cmod_black=819 (idx=819) cmod_general=0 (idx=0) cmod_fb=0; alpha_taken=0 alpha_skipped=0 (global cmod=3102/1560/693/0 idx=1560/693 alpha=0/0)
[09:19:39] [info] phase timing block 0: drawcalls=4440 dc_total_ms=607 flip_inner_total_ms=1143 inter_flip_total_ms=5342 (per-flip avg x10: dc_ms=60 fi_ms=114 if_ms=534 derived audio+engine_ms=360; per-drawcall avg us_x10=1368) [direct-vesa: presents=100 total_ms=306 avg_ms_x10=30 failed=0] [ablation: NO_DC_TIMING=0 CACHE_WINSURF=0 DIRECT_VESA=1]
[09:19:39] [info] kbd/audio block 0: kbd_irq=0 kbd_drain=0 ring_chunks=16 pump_pass=720 pic1_mask=0xb8 first_irq_ticks=0 install_ticks=0 vector_at_install=0x0083a0a0 pic1_mask_live=0x98 kbd_8042_stat=0x34 bios_kbd_head=0x0024 bios_kbd_tail=0x0024 bios_kbd_buf0=0x0231
[09:19:39] [info] audio/engine split block 0: audio_mixer_calls=230 audio_mixer_ms_x10=51 engine_tick_calls=0 engine_tick_ms_x10=0 audio_service_calls=0 audio_service_ms_x10=0 (per-flip avg; per-call us_x10: audio_mix=22195 engine_tick=0 audio_service=0; global ns: audio_mix=1418313260 engine_tick=12713639188 audio_service=0)
[09:19:39] [info] dirty-rect block @flip=400: total_calls=0 dirty_rects_avg=1 dirty_pct_x10=1000 forced_full=0 first_n_force=0 threshold_exceeded=0 dirty_path_taken=0 full_flush_taken=0
[09:19:39] [info] prev-frame-diff block @flip=400: diff_calls=0 diff_rects_avg=0 diff_dirty_pct_x10=0 bbox_pct_x10=0 bbox_thresh_exceeded=0
[09:19:40] [info]  >> Entering stage 17: 'Yamashita Farm'.
[09:19:40] [info] [skip-sheet-flush] cave=4
[09:19:40] [info] [load-stage] preloading entry music song=13 (cave=4)
[09:19:43] [info] Organya pre-render: cache HIT PLANT (4741632 bytes from CACHE; 2 ch; synth skipped).
[09:19:44] [info] gameloop: entered (curmap=17, running=1)
[09:19:44] [info] gameloop: iter 1 ticks=53530 mapno=-1
[09:19:44] [info] mds-clear-lut: rebuilt N=240 entries (k_skip=33% k_keep=67%; curmap=17 map_size=40x16; rebuild #2 since boot)
[09:19:44] [info] gameloop: iter 2 ticks=53740 mapno=-1
[09:19:44] [info] tas: stall frame 210 ms -> contributing 1 tick (patch 0286)
[09:19:44] [info] flip-probe: flip #410 ok=true present=3ms inter_flip_ms=91 drawcalls-since-flip=401 drawcalls-total=29062 fail-total=0 null-skips-total=0
[09:19:44] [info] gameloop: iter 3 ticks=53838 mapno=-1
[09:19:45] [info] flip-probe: flip #420 ok=true present=3ms inter_flip_ms=52 drawcalls-since-flip=132 drawcalls-total=31678 fail-total=0 null-skips-total=0
[09:19:45] [info] flip-probe: flip #430 ok=true present=3ms inter_flip_ms=71 drawcalls-since-flip=138 drawcalls-total=33058 fail-total=0 null-skips-total=0
[09:19:46] [info] backdrop cache: thrashing-detect engaged (streak=4, route=direct)
[09:19:46] [info] flip-probe: flip #440 ok=true present=3ms inter_flip_ms=103 drawcalls-since-flip=136 drawcalls-total=34466 fail-total=0 null-skips-total=0
[09:19:47] [info] flip-probe: flip #450 ok=true present=3ms inter_flip_ms=58 drawcalls-since-flip=129 drawcalls-total=35765 fail-total=0 null-skips-total=0
[09:19:47] [info] flip-probe: flip #460 ok=true present=3ms inter_flip_ms=59 drawcalls-since-flip=139 drawcalls-total=37109 fail-total=0 null-skips-total=0
[09:19:48] [info] backdrop cache: thrashing-detect engaged (streak=4, route=direct)
[09:19:48] [info] flip-probe: flip #470 ok=true present=3ms inter_flip_ms=75 drawcalls-since-flip=140 drawcalls-total=38518 fail-total=0 null-skips-total=0
[09:19:49] [info] flip-probe: flip #480 ok=true present=3ms inter_flip_ms=68 drawcalls-since-flip=130 drawcalls-total=39877 fail-total=0 null-skips-total=0
[09:19:50] [info] flip-probe: flip #490 ok=true present=3ms inter_flip_ms=71 drawcalls-since-flip=120 drawcalls-total=41141 fail-total=0 null-skips-total=0
[09:19:50] [info] flip-probe: flip #500 ok=true present=3ms inter_flip_ms=63 drawcalls-since-flip=131 drawcalls-total=42453 fail-total=0 null-skips-total=0
[09:19:50] [info] alpha audit block 0: 14938 total drawcalls, 0 with alpha<255 (block pct_x10=0; global 0/38715 pct_x10=0); alpha-mod skipped: block=0 global=0
[09:19:50] [info] fastpath audit block 0: taken=14938 (idx8=14938) skipped=0 pct_x10=1000; global taken=38715 (idx8=38715) skipped=0 pct_x10=1000
[09:19:50] [info] primitive tally block 0: clear=201(hr=201) fill=0(hr=0) rect=0(hr=0) line=0(hr=0) tint=0 spotlight=0 (over 100 flips ending at flip 500)
[09:19:50] [info] color/alpha audit block 0: cmod_white=1196 cmod_black=1196 (idx=1196) cmod_general=0 (idx=0) cmod_fb=0; alpha_taken=0 alpha_skipped=0 (global cmod=4298/2756/693/0 idx=2756/693 alpha=0/0)
[09:19:50] [info] phase timing block 0: drawcalls=17578 dc_total_ms=1211 flip_inner_total_ms=1046 inter_flip_total_ms=11168 (per-flip avg x10: dc_ms=121 fi_ms=104 if_ms=1116 derived audio+engine_ms=891; per-drawcall avg us_x10=689) [direct-vesa: presents=100 total_ms=304 avg_ms_x10=30 failed=0] [ablation: NO_DC_TIMING=0 CACHE_WINSURF=0 DIRECT_VESA=1]
[09:19:50] [info] kbd/audio block 0: kbd_irq=0 kbd_drain=0 ring_chunks=16 pump_pass=1079 pic1_mask=0xb8 first_irq_ticks=0 install_ticks=0 vector_at_install=0x0083a0a0 pic1_mask_live=0x98 kbd_8042_stat=0x34 bios_kbd_head=0x0024 bios_kbd_tail=0x0024 bios_kbd_buf0=0x0231
[09:19:50] [info] audio/engine split block 0: audio_mixer_calls=323 audio_mixer_ms_x10=71 engine_tick_calls=0 engine_tick_ms_x10=0 audio_service_calls=0 audio_service_ms_x10=0 (per-flip avg; per-call us_x10: audio_mix=22099 engine_tick=0 audio_service=0; global ns: audio_mix=2132142684 engine_tick=12713639188 audio_service=0)
[09:19:50] [info] dirty-rect block @flip=500: total_calls=0 dirty_rects_avg=1 dirty_pct_x10=1000 forced_full=0 first_n_force=0 threshold_exceeded=0 dirty_path_taken=0 full_flush_taken=0
[09:19:50] [info] prev-frame-diff block @flip=500: diff_calls=0 diff_rects_avg=0 diff_dirty_pct_x10=0 bbox_pct_x10=0 bbox_thresh_exceeded=0
[09:19:51] [info] flip-probe: flip #510 ok=true present=3ms inter_flip_ms=83 drawcalls-since-flip=129 drawcalls-total=43730 fail-total=0 null-skips-total=0
[09:19:51] [info] backdrop cache: thrashing-detect engaged (streak=4, route=direct)
[09:19:52] [info] flip-probe: flip #520 ok=true present=3ms inter_flip_ms=63 drawcalls-since-flip=141 drawcalls-total=45025 fail-total=0 null-skips-total=0
[09:19:53] [info] flip-probe: flip #530 ok=true present=3ms inter_flip_ms=68 drawcalls-since-flip=113 drawcalls-total=46397 fail-total=0 null-skips-total=0
[09:19:53] [info] run_tick_fixed #1200: heartbeat (loop alive)
[09:19:53] [info] flip-probe: flip #540 ok=true present=3ms inter_flip_ms=61 drawcalls-since-flip=111 drawcalls-total=47511 fail-total=0 null-skips-total=0
[09:19:54] [info] flip-probe: flip #550 ok=true present=3ms inter_flip_ms=63 drawcalls-since-flip=108 drawcalls-total=48630 fail-total=0 null-skips-total=0
[09:19:55] [info] flip-probe: flip #560 ok=true present=3ms inter_flip_ms=62 drawcalls-since-flip=110 drawcalls-total=49710 fail-total=0 null-skips-total=0
[09:19:55] [info] flip-probe: flip #570 ok=true present=4ms inter_flip_ms=62 drawcalls-since-flip=112 drawcalls-total=50830 fail-total=0 null-skips-total=0
[09:19:55] [info] backdrop cache: thrashing-detect engaged (streak=64, route=direct)
[09:19:56] [info] flip-probe: flip #580 ok=true present=3ms inter_flip_ms=76 drawcalls-since-flip=111 drawcalls-total=51952 fail-total=0 null-skips-total=0
[09:19:56] [info] backdrop cache: thrashing-detect engaged (streak=4, route=direct)
[09:19:57] [info] flip-probe: flip #590 ok=true present=3ms inter_flip_ms=60 drawcalls-since-flip=118 drawcalls-total=53085 fail-total=0 null-skips-total=0
[09:19:57] [info] flip-probe: flip #600 ok=true present=3ms inter_flip_ms=61 drawcalls-since-flip=117 drawcalls-total=54262 fail-total=0 null-skips-total=0
[09:19:57] [info] alpha audit block 0: 11345 total drawcalls, 0 with alpha<255 (block pct_x10=0; global 0/50060 pct_x10=0); alpha-mod skipped: block=0 global=0
[09:19:57] [info] fastpath audit block 0: taken=11345 (idx8=11345) skipped=0 pct_x10=1000; global taken=50060 (idx8=50060) skipped=0 pct_x10=1000
[09:19:57] [info] primitive tally block 0: clear=200(hr=200) fill=0(hr=0) rect=0(hr=0) line=0(hr=0) tint=0 spotlight=0 (over 100 flips ending at flip 600)
[09:19:57] [info] color/alpha audit block 0: cmod_white=364 cmod_black=364 (idx=364) cmod_general=0 (idx=0) cmod_fb=0; alpha_taken=0 alpha_skipped=0 (global cmod=4662/3120/693/0 idx=3120/693 alpha=0/0)
[09:19:57] [info] phase timing block 0: drawcalls=12288 dc_total_ms=789 flip_inner_total_ms=1027 inter_flip_total_ms=6797 (per-flip avg x10: dc_ms=78 fi_ms=102 if_ms=679 derived audio+engine_ms=499; per-drawcall avg us_x10=642) [direct-vesa: presents=100 total_ms=305 avg_ms_x10=30 failed=0] [ablation: NO_DC_TIMING=0 CACHE_WINSURF=0 DIRECT_VESA=1]
[09:19:57] [info] kbd/audio block 0: kbd_irq=0 kbd_drain=0 ring_chunks=16 pump_pass=1419 pic1_mask=0xb8 first_irq_ticks=0 install_ticks=0 vector_at_install=0x0083a0a0 pic1_mask_live=0x98 kbd_8042_stat=0x34 bios_kbd_head=0x0024 bios_kbd_tail=0x0024 bios_kbd_buf0=0x0231
[09:19:57] [info] audio/engine split block 0: audio_mixer_calls=293 audio_mixer_ms_x10=64 engine_tick_calls=0 engine_tick_ms_x10=0 audio_service_calls=0 audio_service_ms_x10=0 (per-flip avg; per-call us_x10: audio_mix=22126 engine_tick=0 audio_service=0; global ns: audio_mix=2780458118 engine_tick=12713639188 audio_service=0)
[09:19:57] [info] dirty-rect block @flip=600: total_calls=0 dirty_rects_avg=1 dirty_pct_x10=1000 forced_full=0 first_n_force=0 threshold_exceeded=0 dirty_path_taken=0 full_flush_taken=0
[09:19:57] [info] prev-frame-diff block @flip=600: diff_calls=0 diff_rects_avg=0 diff_dirty_pct_x10=0 bbox_pct_x10=0 bbox_thresh_exceeded=0
[09:19:58] [info] flip-probe: flip #610 ok=true present=3ms inter_flip_ms=55 drawcalls-since-flip=117 drawcalls-total=55418 fail-total=0 null-skips-total=0
[09:19:59] [info] flip-probe: flip #620 ok=true present=3ms inter_flip_ms=58 drawcalls-since-flip=117 drawcalls-total=56595 fail-total=0 null-skips-total=0
[09:19:59] [info] run_tick_fixed #1500: heartbeat (loop alive)
[09:19:59] [info] flip-probe: flip #630 ok=true present=3ms inter_flip_ms=73 drawcalls-since-flip=106 drawcalls-total=59661 fail-total=0 null-skips-total=0
[09:19:59] [info]  >> Entering stage 11: 'Mimiga Village'.
[09:19:59] [info] [skip-sheet-flush] cave=5
[09:20:00] [info] [load-stage] preloading entry music song=9 (cave=5)
[09:20:04] [info] Organya pre-render: cache HIT MURA (5927040 bytes from CACHE; 2 ch; synth skipped).
[09:20:04] [info] gameloop: entered (curmap=11, running=1)
[09:20:04] [info] gameloop: iter 1 ticks=73797 mapno=-1
[09:20:04] [info] mds-clear-lut: rebuilt N=240 entries (k_skip=0% k_keep=100%; curmap=11 map_size=60x60; rebuild #3 since boot)
[09:20:04] [info] gameloop: iter 2 ticks=73903 mapno=-1
[09:20:04] [info] gameloop: iter 3 ticks=73999 mapno=-1
[09:20:04] [info] backdrop cache: thrashing-detect engaged (streak=4, route=direct)
[09:20:05] [info] flip-probe: flip #640 ok=true present=3ms inter_flip_ms=46 drawcalls-since-flip=41 drawcalls-total=61757 fail-total=0 null-skips-total=0
[09:20:05] [info] flip-probe: flip #650 ok=true present=3ms inter_flip_ms=50 drawcalls-since-flip=41 drawcalls-total=62167 fail-total=0 null-skips-total=0
[09:20:06] [info] flip-probe: flip #660 ok=true present=3ms inter_flip_ms=47 drawcalls-since-flip=41 drawcalls-total=62577 fail-total=0 null-skips-total=0
[09:20:06] [info] flip-probe: flip #670 ok=true present=3ms inter_flip_ms=50 drawcalls-since-flip=43 drawcalls-total=62989 fail-total=0 null-skips-total=0
[09:20:07] [info] flip-probe: flip #680 ok=true present=3ms inter_flip_ms=47 drawcalls-since-flip=41 drawcalls-total=63405 fail-total=0 null-skips-total=0
[09:20:07] [info] flip-probe: flip #690 ok=true present=3ms inter_flip_ms=45 drawcalls-since-flip=42 drawcalls-total=63818 fail-total=0 null-skips-total=0
[09:20:08] [info] backdrop cache: thrashing-detect engaged (streak=64, route=direct)
[09:20:08] [info] flip-probe: flip #700 ok=true present=4ms inter_flip_ms=46 drawcalls-since-flip=42 drawcalls-total=64238 fail-total=0 null-skips-total=0
[09:20:08] [info] alpha audit block 0: 8966 total drawcalls, 0 with alpha<255 (block pct_x10=0; global 0/59026 pct_x10=0); alpha-mod skipped: block=0 global=0
[09:20:08] [info] fastpath audit block 0: taken=8966 (idx8=8966) skipped=0 pct_x10=1000; global taken=59026 (idx8=59026) skipped=0 pct_x10=1000
[09:20:08] [info] primitive tally block 0: clear=201(hr=201) fill=0(hr=0) rect=0(hr=0) line=0(hr=0) tint=0 spotlight=0 (over 100 flips ending at flip 700)
[09:20:08] [info] color/alpha audit block 0: cmod_white=910 cmod_black=910 (idx=910) cmod_general=0 (idx=0) cmod_fb=0; alpha_taken=0 alpha_skipped=0 (global cmod=5572/4030/693/0 idx=4030/693 alpha=0/0)
[09:20:08] [info] phase timing block 0: drawcalls=10992 dc_total_ms=858 flip_inner_total_ms=1081 inter_flip_total_ms=10614 (per-flip avg x10: dc_ms=85 fi_ms=108 if_ms=1061 derived audio+engine_ms=868; per-drawcall avg us_x10=780) [direct-vesa: presents=100 total_ms=305 avg_ms_x10=30 failed=0] [ablation: NO_DC_TIMING=0 CACHE_WINSURF=0 DIRECT_VESA=1]
[09:20:08] [info] kbd/audio block 0: kbd_irq=0 kbd_drain=0 ring_chunks=16 pump_pass=1717 pic1_mask=0xb8 first_irq_ticks=0 install_ticks=0 vector_at_install=0x0083a0a0 pic1_mask_live=0x98 kbd_8042_stat=0x34 bios_kbd_head=0x0024 bios_kbd_tail=0x0024 bios_kbd_buf0=0x0231
[09:20:08] [info] audio/engine split block 0: audio_mixer_calls=265 audio_mixer_ms_x10=59 engine_tick_calls=0 engine_tick_ms_x10=0 audio_service_calls=0 audio_service_ms_x10=0 (per-flip avg; per-call us_x10: audio_mix=22280 engine_tick=0 audio_service=0; global ns: audio_mix=3370902973 engine_tick=12713639188 audio_service=0)
[09:20:08] [info] dirty-rect block @flip=700: total_calls=0 dirty_rects_avg=1 dirty_pct_x10=1000 forced_full=0 first_n_force=0 threshold_exceeded=0 dirty_path_taken=0 full_flush_taken=0
[09:20:08] [info] prev-frame-diff block @flip=700: diff_calls=0 diff_rects_avg=0 diff_dirty_pct_x10=0 bbox_pct_x10=0 bbox_thresh_exceeded=0
[09:20:08] [info] flip-probe: flip #710 ok=true present=3ms inter_flip_ms=51 drawcalls-since-flip=42 drawcalls-total=64662 fail-total=0 null-skips-total=0
[09:20:09] [info] flip-probe: flip #720 ok=true present=3ms inter_flip_ms=43 drawcalls-since-flip=42 drawcalls-total=65082 fail-total=0 null-skips-total=0
[09:20:09] [info] flip-probe: flip #730 ok=true present=3ms inter_flip_ms=44 drawcalls-since-flip=43 drawcalls-total=65508 fail-total=0 null-skips-total=0
[09:20:10] [info] flip-probe: flip #740 ok=true present=4ms inter_flip_ms=46 drawcalls-since-flip=44 drawcalls-total=65945 fail-total=0 null-skips-total=0
[09:20:10] [info] flip-probe: flip #750 ok=true present=3ms inter_flip_ms=45 drawcalls-since-flip=44 drawcalls-total=66385 fail-total=0 null-skips-total=0
[09:20:10] [info] backdrop cache: thrashing-detect engaged (streak=124, route=direct)
[09:20:11] [info] flip-probe: flip #760 ok=true present=3ms inter_flip_ms=42 drawcalls-since-flip=17 drawcalls-total=66561 fail-total=0 null-skips-total=0
[09:20:11] [info] flip-probe: flip #770 ok=true present=4ms inter_flip_ms=41 drawcalls-since-flip=17 drawcalls-total=66727 fail-total=0 null-skips-total=0
[09:20:11] [info] flip-probe: flip #780 ok=true present=3ms inter_flip_ms=43 drawcalls-since-flip=16 drawcalls-total=66894 fail-total=0 null-skips-total=0
[09:20:12] [info] flip-probe: flip #790 ok=true present=3ms inter_flip_ms=42 drawcalls-since-flip=16 drawcalls-total=67054 fail-total=0 null-skips-total=0
[09:20:12] [info] flip-probe: flip #800 ok=true present=3ms inter_flip_ms=42 drawcalls-since-flip=16 drawcalls-total=67214 fail-total=0 null-skips-total=0
[09:20:12] [info] alpha audit block 0: 2226 total drawcalls, 0 with alpha<255 (block pct_x10=0; global 0/61252 pct_x10=0); alpha-mod skipped: block=0 global=0
[09:20:12] [info] fastpath audit block 0: taken=2226 (idx8=2226) skipped=0 pct_x10=1000; global taken=61252 (idx8=61252) skipped=0 pct_x10=1000
[09:20:12] [info] primitive tally block 0: clear=200(hr=200) fill=0(hr=0) rect=0(hr=0) line=0(hr=0) tint=0 spotlight=0 (over 100 flips ending at flip 800)
[09:20:12] [info] color/alpha audit block 0: cmod_white=650 cmod_black=650 (idx=650) cmod_general=0 (idx=0) cmod_fb=0; alpha_taken=0 alpha_skipped=0 (global cmod=6222/4680/693/0 idx=4680/693 alpha=0/0)
[09:20:12] [info] phase timing block 0: drawcalls=3726 dc_total_ms=583 flip_inner_total_ms=1030 inter_flip_total_ms=4499 (per-flip avg x10: dc_ms=58 fi_ms=103 if_ms=449 derived audio+engine_ms=288; per-drawcall avg us_x10=1565) [direct-vesa: presents=100 total_ms=303 avg_ms_x10=30 failed=0] [ablation: NO_DC_TIMING=0 CACHE_WINSURF=0 DIRECT_VESA=1]
[09:20:12] [info] kbd/audio block 0: kbd_irq=0 kbd_drain=0 ring_chunks=16 pump_pass=1942 pic1_mask=0xb8 first_irq_ticks=0 install_ticks=0 vector_at_install=0x0083a0a0 pic1_mask_live=0x98 kbd_8042_stat=0x34 bios_kbd_head=0x0024 bios_kbd_tail=0x0024 bios_kbd_buf0=0x0231
[09:20:12] [info] audio/engine split block 0: audio_mixer_calls=194 audio_mixer_ms_x10=42 engine_tick_calls=0 engine_tick_ms_x10=0 audio_service_calls=0 audio_service_ms_x10=0 (per-flip avg; per-call us_x10: audio_mix=22131 engine_tick=0 audio_service=0; global ns: audio_mix=3800259809 engine_tick=12713639188 audio_service=0)
[09:20:12] [info] dirty-rect block @flip=800: total_calls=0 dirty_rects_avg=1 dirty_pct_x10=1000 forced_full=0 first_n_force=0 threshold_exceeded=0 dirty_path_taken=0 full_flush_taken=0
[09:20:12] [info] prev-frame-diff block @flip=800: diff_calls=0 diff_rects_avg=0 diff_dirty_pct_x10=0 bbox_pct_x10=0 bbox_thresh_exceeded=0
[09:20:13] [info] flip-probe: flip #810 ok=true present=3ms inter_flip_ms=42 drawcalls-since-flip=16 drawcalls-total=67374 fail-total=0 null-skips-total=0
[09:20:13] [info] backdrop cache: thrashing-detect engaged (streak=184, route=direct)
[09:20:13] [info] flip-probe: flip #820 ok=true present=3ms inter_flip_ms=75 drawcalls-since-flip=20 drawcalls-total=67605 fail-total=0 null-skips-total=0
[09:20:14] [info] flip-probe: flip #830 ok=true present=4ms inter_flip_ms=36 drawcalls-since-flip=20 drawcalls-total=67792 fail-total=0 null-skips-total=0
[09:20:14] [info] flip-probe: flip #840 ok=true present=3ms inter_flip_ms=49 drawcalls-since-flip=170 drawcalls-total=68331 fail-total=0 null-skips-total=0
[09:20:15] [info]  >> Entering stage 15: 'Reservoir'.
[09:20:15] [info] [skip-sheet-flush] cave=6
[09:20:15] [info] [load-stage] preloading entry music song=9 (cave=6)
[09:20:15] [info] gameloop: entered (curmap=15, running=1)
[09:20:15] [info] gameloop: iter 1 ticks=85195 mapno=-1
[09:20:15] [info] mds-clear-lut: rebuilt N=240 entries (k_skip=13% k_keep=87%; curmap=15 map_size=40x20; rebuild #4 since boot)
[09:20:15] [info] gameloop: iter 2 ticks=85294 mapno=-1
[09:20:15] [info] flip-probe: flip #850 ok=true present=3ms inter_flip_ms=92 drawcalls-since-flip=336 drawcalls-total=71008 fail-total=0 null-skips-total=0
[09:20:15] [info] gameloop: iter 3 ticks=85391 mapno=-1
[09:20:16] [info] flip-probe: flip #860 ok=true present=3ms inter_flip_ms=44 drawcalls-since-flip=32 drawcalls-total=72650 fail-total=0 null-skips-total=0
[09:20:17] [info] flip-probe: flip #870 ok=true present=4ms inter_flip_ms=43 drawcalls-since-flip=32 drawcalls-total=72970 fail-total=0 null-skips-total=0
[09:20:17] [info] flip-probe: flip #880 ok=true present=3ms inter_flip_ms=49 drawcalls-since-flip=32 drawcalls-total=73290 fail-total=0 null-skips-total=0
[09:20:17] [info] backdrop cache: thrashing-detect engaged (streak=4, route=direct)
[09:20:18] [info] flip-probe: flip #890 ok=true present=3ms inter_flip_ms=51 drawcalls-since-flip=34 drawcalls-total=73626 fail-total=0 null-skips-total=0
[09:20:18] [info] flip-probe: flip #900 ok=true present=3ms inter_flip_ms=47 drawcalls-since-flip=32 drawcalls-total=73962 fail-total=0 null-skips-total=0
[09:20:18] [info] alpha audit block 0: 6180 total drawcalls, 0 with alpha<255 (block pct_x10=0; global 0/67432 pct_x10=0); alpha-mod skipped: block=0 global=0
[09:20:18] [info] fastpath audit block 0: taken=6180 (idx8=6180) skipped=0 pct_x10=1000; global taken=67432 (idx8=67432) skipped=0 pct_x10=1000
[09:20:18] [info] primitive tally block 0: clear=201(hr=201) fill=0(hr=0) rect=0(hr=0) line=0(hr=0) tint=0 spotlight=0 (over 100 flips ending at flip 900)
[09:20:18] [info] color/alpha audit block 0: cmod_white=468 cmod_black=468 (idx=468) cmod_general=0 (idx=0) cmod_fb=0; alpha_taken=0 alpha_skipped=0 (global cmod=6690/5148/693/0 idx=5148/693 alpha=0/0)
[09:20:18] [info] phase timing block 0: drawcalls=7352 dc_total_ms=929 flip_inner_total_ms=1093 inter_flip_total_ms=5841 (per-flip avg x10: dc_ms=92 fi_ms=109 if_ms=584 derived audio+engine_ms=383; per-drawcall avg us_x10=1264) [direct-vesa: presents=100 total_ms=303 avg_ms_x10=30 failed=0] [ablation: NO_DC_TIMING=0 CACHE_WINSURF=0 DIRECT_VESA=1]
[09:20:18] [info] kbd/audio block 0: kbd_irq=0 kbd_drain=0 ring_chunks=16 pump_pass=2211 pic1_mask=0xb8 first_irq_ticks=0 install_ticks=0 vector_at_install=0x0083a0a0 pic1_mask_live=0x98 kbd_8042_stat=0x34 bios_kbd_head=0x0024 bios_kbd_tail=0x0024 bios_kbd_buf0=0x0231
[09:20:18] [info] audio/engine split block 0: audio_mixer_calls=241 audio_mixer_ms_x10=53 engine_tick_calls=0 engine_tick_ms_x10=0 audio_service_calls=0 audio_service_ms_x10=0 (per-flip avg; per-call us_x10: audio_mix=22140 engine_tick=0 audio_service=0; global ns: audio_mix=4333840657 engine_tick=12713639188 audio_service=0)
[09:20:18] [info] dirty-rect block @flip=900: total_calls=0 dirty_rects_avg=1 dirty_pct_x10=1000 forced_full=0 first_n_force=0 threshold_exceeded=0 dirty_path_taken=0 full_flush_taken=0
[09:20:18] [info] prev-frame-diff block @flip=900: diff_calls=0 diff_rects_avg=0 diff_dirty_pct_x10=0 bbox_pct_x10=0 bbox_thresh_exceeded=0
[09:20:19] [info] flip-probe: flip #910 ok=true present=3ms inter_flip_ms=47 drawcalls-since-flip=33 drawcalls-total=74283 fail-total=0 null-skips-total=0
[09:20:19] [info] flip-probe: flip #920 ok=true present=3ms inter_flip_ms=41 drawcalls-since-flip=32 drawcalls-total=74603 fail-total=0 null-skips-total=0
[09:20:20] [info] flip-probe: flip #930 ok=true present=3ms inter_flip_ms=46 drawcalls-since-flip=33 drawcalls-total=74933 fail-total=0 null-skips-total=0
[09:20:20] [info] flip-probe: flip #940 ok=true present=3ms inter_flip_ms=53 drawcalls-since-flip=34 drawcalls-total=75269 fail-total=0 null-skips-total=0
[09:20:20] [info] backdrop cache: thrashing-detect engaged (streak=64, route=direct)
[09:20:21] [info] flip-probe: flip #950 ok=true present=3ms inter_flip_ms=42 drawcalls-since-flip=37 drawcalls-total=75623 fail-total=0 null-skips-total=0
[09:20:21] [info] flip-probe: flip #960 ok=true present=3ms inter_flip_ms=44 drawcalls-since-flip=38 drawcalls-total=75994 fail-total=0 null-skips-total=0
[09:20:21] [info] flip-probe: flip #970 ok=true present=3ms inter_flip_ms=43 drawcalls-since-flip=18 drawcalls-total=76334 fail-total=0 null-skips-total=0
[09:20:22] [info] flip-probe: flip #980 ok=true present=3ms inter_flip_ms=42 drawcalls-since-flip=18 drawcalls-total=76512 fail-total=0 null-skips-total=0
[09:20:22] [info] flip-probe: flip #990 ok=true present=3ms inter_flip_ms=43 drawcalls-since-flip=17 drawcalls-total=76677 fail-total=0 null-skips-total=0
[09:20:23] [info] flip-probe: flip #1000 ok=true present=3ms inter_flip_ms=48 drawcalls-since-flip=16 drawcalls-total=76844 fail-total=0 null-skips-total=0
[09:20:23] [info] alpha audit block 0: 2170 total drawcalls, 0 with alpha<255 (block pct_x10=0; global 0/69602 pct_x10=0); alpha-mod skipped: block=0 global=0
[09:20:23] [info] fastpath audit block 0: taken=2170 (idx8=2170) skipped=0 pct_x10=1000; global taken=69602 (idx8=69602) skipped=0 pct_x10=1000
[09:20:23] [info] primitive tally block 0: clear=200(hr=200) fill=0(hr=0) rect=0(hr=0) line=0(hr=0) tint=0 spotlight=0 (over 100 flips ending at flip 1000)
[09:20:23] [info] color/alpha audit block 0: cmod_white=612 cmod_black=612 (idx=612) cmod_general=0 (idx=0) cmod_fb=0; alpha_taken=0 alpha_skipped=0 (global cmod=7302/5760/693/0 idx=5760/693 alpha=0/0)
[09:20:23] [info] phase timing block 0: drawcalls=3594 dc_total_ms=553 flip_inner_total_ms=1044 inter_flip_total_ms=4605 (per-flip avg x10: dc_ms=55 fi_ms=104 if_ms=460 derived audio+engine_ms=301; per-drawcall avg us_x10=1540) [direct-vesa: presents=100 total_ms=305 avg_ms_x10=30 failed=0] [ablation: NO_DC_TIMING=0 CACHE_WINSURF=0 DIRECT_VESA=1]
[09:20:23] [info] kbd/audio block 0: kbd_irq=0 kbd_drain=0 ring_chunks=16 pump_pass=2441 pic1_mask=0xb8 first_irq_ticks=0 install_ticks=0 vector_at_install=0x0083a0a0 pic1_mask_live=0x98 kbd_8042_stat=0x34 bios_kbd_head=0x0024 bios_kbd_tail=0x0024 bios_kbd_buf0=0x0231
[09:20:23] [info] audio/engine split block 0: audio_mixer_calls=199 audio_mixer_ms_x10=43 engine_tick_calls=0 engine_tick_ms_x10=0 audio_service_calls=0 audio_service_ms_x10=0 (per-flip avg; per-call us_x10: audio_mix=22031 engine_tick=0 audio_service=0; global ns: audio_mix=4772264027 engine_tick=12713639188 audio_service=0)
[09:20:23] [info] dirty-rect block @flip=1000: total_calls=0 dirty_rects_avg=1 dirty_pct_x10=1000 forced_full=0 first_n_force=0 threshold_exceeded=0 dirty_path_taken=0 full_flush_taken=0
[09:20:23] [info] prev-frame-diff block @flip=1000: diff_calls=0 diff_rects_avg=0 diff_dirty_pct_x10=0 bbox_pct_x10=0 bbox_thresh_exceeded=0
[09:20:23] [info] backdrop cache: thrashing-detect engaged (streak=124, route=direct)
[09:20:23] [info] flip-probe: flip #1010 ok=true present=4ms inter_flip_ms=36 drawcalls-since-flip=16 drawcalls-total=77003 fail-total=0 null-skips-total=0
[09:20:24] [info] flip-probe: flip #1020 ok=true present=3ms inter_flip_ms=42 drawcalls-since-flip=16 drawcalls-total=77156 fail-total=0 null-skips-total=0
[09:20:24] [info] flip-probe: flip #1030 ok=true present=3ms inter_flip_ms=63 drawcalls-since-flip=15 drawcalls-total=77313 fail-total=0 null-skips-total=0
[09:20:24] [info] backdrop cache: thrashing-detect engaged (streak=4, route=direct)
[09:20:25] [info] flip-probe: flip #1040 ok=true present=3ms inter_flip_ms=49 drawcalls-since-flip=14 drawcalls-total=77461 fail-total=0 null-skips-total=0
[09:20:25] [info] flip-probe: flip #1050 ok=true present=3ms inter_flip_ms=44 drawcalls-since-flip=14 drawcalls-total=77601 fail-total=0 null-skips-total=0
[09:20:26] [info] flip-probe: flip #1060 ok=true present=3ms inter_flip_ms=60 drawcalls-since-flip=26 drawcalls-total=77776 fail-total=0 null-skips-total=0
[09:20:26] [info] flip-probe: flip #1070 ok=true present=3ms inter_flip_ms=50 drawcalls-since-flip=24 drawcalls-total=78018 fail-total=0 null-skips-total=0
[09:20:27] [info] flip-probe: flip #1080 ok=true present=3ms inter_flip_ms=43 drawcalls-since-flip=23 drawcalls-total=78243 fail-total=0 null-skips-total=0
[09:20:27] [info] flip-probe: flip #1090 ok=true present=3ms inter_flip_ms=42 drawcalls-since-flip=15 drawcalls-total=78408 fail-total=0 null-skips-total=0
[09:20:27] [info] backdrop cache: thrashing-detect engaged (streak=64, route=direct)
[09:20:28] [info] flip-probe: flip #1100 ok=true present=3ms inter_flip_ms=42 drawcalls-since-flip=14 drawcalls-total=78549 fail-total=0 null-skips-total=0
[09:20:28] [info] alpha audit block 0: 1605 total drawcalls, 0 with alpha<255 (block pct_x10=0; global 0/71207 pct_x10=0); alpha-mod skipped: block=0 global=0
[09:20:28] [info] fastpath audit block 0: taken=1605 (idx8=1605) skipped=0 pct_x10=1000; global taken=71207 (idx8=71207) skipped=0 pct_x10=1000
[09:20:28] [info] primitive tally block 0: clear=200(hr=200) fill=0(hr=0) rect=0(hr=0) line=0(hr=0) tint=0 spotlight=0 (over 100 flips ending at flip 1100)
[09:20:28] [info] phase timing block 0: drawcalls=1826 dc_total_ms=585 flip_inner_total_ms=1112 inter_flip_total_ms=4836 (per-flip avg x10: dc_ms=58 fi_ms=111 if_ms=483 derived audio+engine_ms=314; per-drawcall avg us_x10=3205) [direct-vesa: presents=100 total_ms=306 avg_ms_x10=30 failed=0] [ablation: NO_DC_TIMING=0 CACHE_WINSURF=0 DIRECT_VESA=1]
[09:20:28] [info] kbd/audio block 0: kbd_irq=0 kbd_drain=0 ring_chunks=16 pump_pass=2683 pic1_mask=0xb8 first_irq_ticks=0 install_ticks=0 vector_at_install=0x0083a0a0 pic1_mask_live=0x98 kbd_8042_stat=0x34 bios_kbd_head=0x0024 bios_kbd_tail=0x0024 bios_kbd_buf0=0x0231
[09:20:28] [info] audio/engine split block 0: audio_mixer_calls=208 audio_mixer_ms_x10=45 engine_tick_calls=0 engine_tick_ms_x10=0 audio_service_calls=0 audio_service_ms_x10=0 (per-flip avg; per-call us_x10: audio_mix=21983 engine_tick=0 audio_service=0; global ns: audio_mix=5229517744 engine_tick=12713639188 audio_service=0)
[09:20:28] [info] dirty-rect block @flip=1100: total_calls=0 dirty_rects_avg=1 dirty_pct_x10=1000 forced_full=0 first_n_force=0 threshold_exceeded=0 dirty_path_taken=0 full_flush_taken=0
[09:20:28] [info] prev-frame-diff block @flip=1100: diff_calls=0 diff_rects_avg=0 diff_dirty_pct_x10=0 bbox_pct_x10=0 bbox_thresh_exceeded=0
[09:20:28] [info] run_tick_fixed #2700: heartbeat (loop alive)
[09:20:28] [info] flip-probe: flip #1110 ok=true present=3ms inter_flip_ms=53 drawcalls-since-flip=198 drawcalls-total=79121 fail-total=0 null-skips-total=0
[09:20:29] [info]  >> Entering stage 11: 'Mimiga Village'.
[09:20:29] [info] [skip-sheet-flush] cave=7
[09:20:29] [info] [load-stage] preloading entry music song=9 (cave=7)
[09:20:29] [info] gameloop: entered (curmap=11, running=1)
[09:20:29] [info] gameloop: iter 1 ticks=98984 mapno=-1
[09:20:29] [info] mds-clear-lut: rebuilt N=240 entries (k_skip=0% k_keep=100%; curmap=11 map_size=60x60; rebuild #5 since boot)
[09:20:29] [info] gameloop: iter 2 ticks=99076 mapno=-1
[09:20:29] [info] flip-probe: flip #1120 ok=true present=3ms inter_flip_ms=93 drawcalls-since-flip=331 drawcalls-total=81907 fail-total=0 null-skips-total=0
[09:20:29] [info] gameloop: iter 3 ticks=99177 mapno=-1
[09:20:30] [info] flip-probe: flip #1130 ok=true present=3ms inter_flip_ms=44 drawcalls-since-flip=42 drawcalls-total=83484 fail-total=0 null-skips-total=0
[09:20:30] [info] flip-probe: flip #1140 ok=true present=3ms inter_flip_ms=48 drawcalls-since-flip=42 drawcalls-total=83904 fail-total=0 null-skips-total=0
[09:20:31] [info] flip-probe: flip #1150 ok=true present=3ms inter_flip_ms=38 drawcalls-since-flip=42 drawcalls-total=84324 fail-total=0 null-skips-total=0
[09:20:31] [info] flip-probe: flip #1160 ok=true present=3ms inter_flip_ms=67 drawcalls-since-flip=53 drawcalls-total=84834 fail-total=0 null-skips-total=0
[09:20:32] [info] backdrop cache: thrashing-detect engaged (streak=4, route=direct)
[09:20:32] [info] flip-probe: flip #1170 ok=true present=3ms inter_flip_ms=60 drawcalls-since-flip=45 drawcalls-total=85324 fail-total=0 null-skips-total=0
[09:20:33] [info] flip-probe: flip #1180 ok=true present=3ms inter_flip_ms=49 drawcalls-since-flip=45 drawcalls-total=85793 fail-total=0 null-skips-total=0
[09:20:33] [info] flip-probe: flip #1190 ok=true present=3ms inter_flip_ms=53 drawcalls-since-flip=45 drawcalls-total=86246 fail-total=0 null-skips-total=0
[09:20:34] [info] flip-probe: flip #1200 ok=true present=3ms inter_flip_ms=47 drawcalls-since-flip=46 drawcalls-total=86693 fail-total=0 null-skips-total=0
[09:20:34] [info] alpha audit block 0: 6978 total drawcalls, 0 with alpha<255 (block pct_x10=0; global 0/78185 pct_x10=0); alpha-mod skipped: block=0 global=0
[09:20:34] [info] fastpath audit block 0: taken=6978 (idx8=6978) skipped=0 pct_x10=1000; global taken=78185 (idx8=78185) skipped=0 pct_x10=1000
[09:20:34] [info] primitive tally block 0: clear=201(hr=201) fill=0(hr=0) rect=0(hr=0) line=0(hr=0) tint=0 spotlight=0 (over 100 flips ending at flip 1200)
[09:20:34] [info] color/alpha audit block 0: cmod_white=1066 cmod_black=1066 (idx=1066) cmod_general=0 (idx=0) cmod_fb=0; alpha_taken=0 alpha_skipped=0 (global cmod=8368/6826/693/0 idx=6826/693 alpha=0/0)
[09:20:34] [info] phase timing block 0: drawcalls=9353 dc_total_ms=1040 flip_inner_total_ms=1075 inter_flip_total_ms=5984 (per-flip avg x10: dc_ms=104 fi_ms=107 if_ms=598 derived audio+engine_ms=387; per-drawcall avg us_x10=1112) [direct-vesa: presents=100 total_ms=303 avg_ms_x10=30 failed=0] [ablation: NO_DC_TIMING=0 CACHE_WINSURF=0 DIRECT_VESA=1]
[09:20:34] [info] kbd/audio block 0: kbd_irq=0 kbd_drain=0 ring_chunks=16 pump_pass=2958 pic1_mask=0xb8 first_irq_ticks=0 install_ticks=0 vector_at_install=0x0083a0a0 pic1_mask_live=0x98 kbd_8042_stat=0x34 bios_kbd_head=0x0024 bios_kbd_tail=0x0024 bios_kbd_buf0=0x0231
[09:20:34] [info] audio/engine split block 0: audio_mixer_calls=244 audio_mixer_ms_x10=54 engine_tick_calls=0 engine_tick_ms_x10=0 audio_service_calls=0 audio_service_ms_x10=0 (per-flip avg; per-call us_x10: audio_mix=22193 engine_tick=0 audio_service=0; global ns: audio_mix=5771042912 engine_tick=12713639188 audio_service=0)
[09:20:34] [info] dirty-rect block @flip=1200: total_calls=0 dirty_rects_avg=1 dirty_pct_x10=1000 forced_full=0 first_n_force=0 threshold_exceeded=0 dirty_path_taken=0 full_flush_taken=0
[09:20:34] [info] prev-frame-diff block @flip=1200: diff_calls=0 diff_rects_avg=0 diff_dirty_pct_x10=0 bbox_pct_x10=0 bbox_thresh_exceeded=0
[09:20:34] [info] flip-probe: flip #1210 ok=true present=3ms inter_flip_ms=55 drawcalls-since-flip=45 drawcalls-total=87144 fail-total=0 null-skips-total=0
[09:20:35] [info] flip-probe: flip #1220 ok=true present=3ms inter_flip_ms=49 drawcalls-since-flip=45 drawcalls-total=87594 fail-total=0 null-skips-total=0
[09:20:35] [info] backdrop cache: thrashing-detect engaged (streak=64, route=direct)
[09:20:35] [info] flip-probe: flip #1230 ok=true present=3ms inter_flip_ms=47 drawcalls-since-flip=45 drawcalls-total=88044 fail-total=0 null-skips-total=0
[09:20:36] [info] flip-probe: flip #1240 ok=true present=3ms inter_flip_ms=48 drawcalls-since-flip=18 drawcalls-total=88441 fail-total=0 null-skips-total=0
[09:20:36] [info] flip-probe: flip #1250 ok=true present=3ms inter_flip_ms=39 drawcalls-since-flip=18 drawcalls-total=88621 fail-total=0 null-skips-total=0
[09:20:37] [info] flip-probe: flip #1260 ok=true present=3ms inter_flip_ms=44 drawcalls-since-flip=17 drawcalls-total=88798 fail-total=0 null-skips-total=0
[09:20:37] [info] flip-probe: flip #1270 ok=true present=3ms inter_flip_ms=50 drawcalls-since-flip=17 drawcalls-total=88968 fail-total=0 null-skips-total=0
[09:20:37] [info] flip-probe: flip #1280 ok=true present=3ms inter_flip_ms=42 drawcalls-since-flip=19 drawcalls-total=89150 fail-total=0 null-skips-total=0
[09:20:37] [info] backdrop cache: thrashing-detect engaged (streak=124, route=direct)
[09:20:38] [info] flip-probe: flip #1290 ok=true present=3ms inter_flip_ms=45 drawcalls-since-flip=19 drawcalls-total=89340 fail-total=0 null-skips-total=0
[09:20:38] [info] flip-probe: flip #1300 ok=true present=3ms inter_flip_ms=43 drawcalls-since-flip=19 drawcalls-total=89530 fail-total=0 null-skips-total=0
[09:20:38] [info] alpha audit block 0: 2243 total drawcalls, 0 with alpha<255 (block pct_x10=0; global 0/80428 pct_x10=0); alpha-mod skipped: block=0 global=0
[09:20:38] [info] fastpath audit block 0: taken=2243 (idx8=2243) skipped=0 pct_x10=1000; global taken=80428 (idx8=80428) skipped=0 pct_x10=1000
[09:20:38] [info] primitive tally block 0: clear=200(hr=200) fill=0(hr=0) rect=0(hr=0) line=0(hr=0) tint=0 spotlight=0 (over 100 flips ending at flip 1300)
[09:20:38] [info] color/alpha audit block 0: cmod_white=494 cmod_black=494 (idx=494) cmod_general=0 (idx=0) cmod_fb=0; alpha_taken=0 alpha_skipped=0 (global cmod=8862/7320/693/0 idx=7320/693 alpha=0/0)
[09:20:38] [info] phase timing block 0: drawcalls=3431 dc_total_ms=577 flip_inner_total_ms=1033 inter_flip_total_ms=4791 (per-flip avg x10: dc_ms=57 fi_ms=103 if_ms=479 derived audio+engine_ms=319; per-drawcall avg us_x10=1683) [direct-vesa: presents=100 total_ms=307 avg_ms_x10=30 failed=0] [ablation: NO_DC_TIMING=0 CACHE_WINSURF=0 DIRECT_VESA=1]
[09:20:38] [info] kbd/audio block 0: kbd_irq=0 kbd_drain=0 ring_chunks=16 pump_pass=3198 pic1_mask=0xb8 first_irq_ticks=0 install_ticks=0 vector_at_install=0x0083a0a0 pic1_mask_live=0x98 kbd_8042_stat=0x34 bios_kbd_head=0x0024 bios_kbd_tail=0x0024 bios_kbd_buf0=0x0231
[09:20:38] [info] audio/engine split block 0: audio_mixer_calls=206 audio_mixer_ms_x10=45 engine_tick_calls=0 engine_tick_ms_x10=0 audio_service_calls=0 audio_service_ms_x10=0 (per-flip avg; per-call us_x10: audio_mix=22174 engine_tick=0 audio_service=0; global ns: audio_mix=6227828136 engine_tick=12713639188 audio_service=0)
[09:20:38] [info] dirty-rect block @flip=1300: total_calls=0 dirty_rects_avg=1 dirty_pct_x10=1000 forced_full=0 first_n_force=0 threshold_exceeded=0 dirty_path_taken=0 full_flush_taken=0
[09:20:38] [info] prev-frame-diff block @flip=1300: diff_calls=0 diff_rects_avg=0 diff_dirty_pct_x10=0 bbox_pct_x10=0 bbox_thresh_exceeded=0
[09:20:39] [info] flip-probe: flip #1310 ok=true present=3ms inter_flip_ms=38 drawcalls-since-flip=18 drawcalls-total=89711 fail-total=0 null-skips-total=0
[09:20:39] [info] flip-probe: flip #1320 ok=true present=3ms inter_flip_ms=47 drawcalls-since-flip=18 drawcalls-total=89883 fail-total=0 null-skips-total=0
[09:20:40] [info] flip-probe: flip #1330 ok=true present=3ms inter_flip_ms=45 drawcalls-since-flip=18 drawcalls-total=90063 fail-total=0 null-skips-total=0
[09:20:40] [info] flip-probe: flip #1340 ok=true present=3ms inter_flip_ms=45 drawcalls-since-flip=19 drawcalls-total=90250 fail-total=0 null-skips-total=0
[09:20:40] [info] backdrop cache: thrashing-detect engaged (streak=184, route=direct)
[09:20:40] [info] run_tick_fixed #3300: heartbeat (loop alive)
[09:20:41] [info] flip-probe: flip #1350 ok=true present=3ms inter_flip_ms=47 drawcalls-since-flip=19 drawcalls-total=90440 fail-total=0 null-skips-total=0
[09:20:41] [info] flip-probe: flip #1360 ok=true present=3ms inter_flip_ms=44 drawcalls-since-flip=20 drawcalls-total=90634 fail-total=0 null-skips-total=0
[09:20:42] [info] flip-probe: flip #1370 ok=true present=3ms inter_flip_ms=45 drawcalls-since-flip=20 drawcalls-total=90834 fail-total=0 null-skips-total=0
[09:20:42] [info] flip-probe: flip #1380 ok=true present=3ms inter_flip_ms=45 drawcalls-since-flip=20 drawcalls-total=91034 fail-total=0 null-skips-total=0
[09:20:43] [info] flip-probe: flip #1390 ok=true present=3ms inter_flip_ms=47 drawcalls-since-flip=17 drawcalls-total=91216 fail-total=0 null-skips-total=0
[09:20:43] [info] flip-probe: flip #1400 ok=true present=3ms inter_flip_ms=45 drawcalls-since-flip=17 drawcalls-total=91386 fail-total=0 null-skips-total=0
[09:20:43] [info] alpha audit block 0: 1756 total drawcalls, 0 with alpha<255 (block pct_x10=0; global 0/82184 pct_x10=0); alpha-mod skipped: block=0 global=0
[09:20:43] [info] fastpath audit block 0: taken=1756 (idx8=1756) skipped=0 pct_x10=1000; global taken=82184 (idx8=82184) skipped=0 pct_x10=1000
[09:20:43] [info] primitive tally block 0: clear=200(hr=200) fill=0(hr=0) rect=0(hr=0) line=0(hr=0) tint=0 spotlight=0 (over 100 flips ending at flip 1400)
[09:20:43] [info] phase timing block 0: drawcalls=1956 dc_total_ms=526 flip_inner_total_ms=1035 inter_flip_total_ms=4686 (per-flip avg x10: dc_ms=52 fi_ms=103 if_ms=468 derived audio+engine_ms=313; per-drawcall avg us_x10=2692) [direct-vesa: presents=100 total_ms=303 avg_ms_x10=30 failed=0] [ablation: NO_DC_TIMING=0 CACHE_WINSURF=0 DIRECT_VESA=1]
[09:20:43] [info] kbd/audio block 0: kbd_irq=0 kbd_drain=0 ring_chunks=16 pump_pass=3432 pic1_mask=0xb8 first_irq_ticks=0 install_ticks=0 vector_at_install=0x0083a0a0 pic1_mask_live=0x98 kbd_8042_stat=0x34 bios_kbd_head=0x0024 bios_kbd_tail=0x0024 bios_kbd_buf0=0x0231
[09:20:43] [info] audio/engine split block 0: audio_mixer_calls=202 audio_mixer_ms_x10=44 engine_tick_calls=0 engine_tick_ms_x10=0 audio_service_calls=0 audio_service_ms_x10=0 (per-flip avg; per-call us_x10: audio_mix=22075 engine_tick=0 audio_service=0; global ns: audio_mix=6673754167 engine_tick=12713639188 audio_service=0)
[09:20:43] [info] dirty-rect block @flip=1400: total_calls=0 dirty_rects_avg=1 dirty_pct_x10=1000 forced_full=0 first_n_force=0 threshold_exceeded=0 dirty_path_taken=0 full_flush_taken=0
[09:20:43] [info] prev-frame-diff block @flip=1400: diff_calls=0 diff_rects_avg=0 diff_dirty_pct_x10=0 bbox_pct_x10=0 bbox_thresh_exceeded=0
[09:20:43] [info] backdrop cache: thrashing-detect engaged (streak=244, route=direct)
[09:20:44] [info] flip-probe: flip #1410 ok=true present=3ms inter_flip_ms=48 drawcalls-since-flip=19 drawcalls-total=91562 fail-total=0 null-skips-total=0
[09:20:44] [info] flip-probe: flip #1420 ok=true present=3ms inter_flip_ms=43 drawcalls-since-flip=17 drawcalls-total=91741 fail-total=0 null-skips-total=0
[09:20:45] [info] flip-probe: flip #1430 ok=true present=3ms inter_flip_ms=45 drawcalls-since-flip=16 drawcalls-total=91907 fail-total=0 null-skips-total=0
[09:20:45] [info] flip-probe: flip #1440 ok=true present=3ms inter_flip_ms=45 drawcalls-since-flip=17 drawcalls-total=92073 fail-total=0 null-skips-total=0
[09:20:46] [info] flip-probe: flip #1450 ok=true present=3ms inter_flip_ms=54 drawcalls-since-flip=21 drawcalls-total=92262 fail-total=0 null-skips-total=0
[09:20:46] [info] flip-probe: flip #1460 ok=true present=3ms inter_flip_ms=56 drawcalls-since-flip=18 drawcalls-total=92455 fail-total=0 null-skips-total=0
[09:20:46] [info] backdrop cache: thrashing-detect engaged (streak=304, route=direct)
[09:20:46] [info] run_tick_fixed #3600: heartbeat (loop alive)
[09:20:47] [info] flip-probe: flip #1470 ok=true present=3ms inter_flip_ms=75 drawcalls-since-flip=359 drawcalls-total=94603 fail-total=0 null-skips-total=0
[09:20:47] [info]  >> Entering stage 19: 'Assembly Hall'.
[09:20:47] [info] [skip-sheet-flush] cave=8
[09:20:48] [info] [load-stage] preloading entry music song=9 (cave=8)
[09:20:48] [info] gameloop: entered (curmap=19, running=1)
[09:20:48] [info] gameloop: iter 1 ticks=117571 mapno=-1
[09:20:48] [info] mds-clear-lut: rebuilt N=240 entries (k_skip=100% k_keep=0%; curmap=19 map_size=21x16; rebuild #6 since boot)
[09:20:48] [info] gameloop: iter 2 ticks=117680 mapno=-1
[09:20:48] [info] gameloop: iter 3 ticks=117776 mapno=-1
[09:20:48] [info] flip-probe: flip #1480 ok=true present=3ms inter_flip_ms=65 drawcalls-since-flip=123 drawcalls-total=97745 fail-total=0 null-skips-total=0
[09:20:49] [info] flip-probe: flip #1490 ok=true present=3ms inter_flip_ms=52 drawcalls-since-flip=122 drawcalls-total=98954 fail-total=0 null-skips-total=0
[09:20:49] [info] flip-probe: flip #1500 ok=true present=3ms inter_flip_ms=47 drawcalls-since-flip=122 drawcalls-total=100174 fail-total=0 null-skips-total=0
[09:20:49] [info] alpha audit block 0: 8352 total drawcalls, 0 with alpha<255 (block pct_x10=0; global 0/90536 pct_x10=0); alpha-mod skipped: block=0 global=0
[09:20:49] [info] fastpath audit block 0: taken=8352 (idx8=8352) skipped=0 pct_x10=1000; global taken=90536 (idx8=90536) skipped=0 pct_x10=1000
[09:20:49] [info] primitive tally block 0: clear=201(hr=201) fill=0(hr=0) rect=0(hr=0) line=0(hr=0) tint=0 spotlight=0 (over 100 flips ending at flip 1500)
[09:20:49] [info] color/alpha audit block 0: cmod_white=336 cmod_black=336 (idx=336) cmod_general=0 (idx=0) cmod_fb=0; alpha_taken=0 alpha_skipped=0 (global cmod=9198/7656/693/0 idx=7656/693 alpha=0/0)
[09:20:49] [info] phase timing block 0: drawcalls=9253 dc_total_ms=892 flip_inner_total_ms=1132 inter_flip_total_ms=6256 (per-flip avg x10: dc_ms=89 fi_ms=113 if_ms=625 derived audio+engine_ms=423; per-drawcall avg us_x10=964) [direct-vesa: presents=100 total_ms=309 avg_ms_x10=30 failed=0] [ablation: NO_DC_TIMING=0 CACHE_WINSURF=0 DIRECT_VESA=1]
[09:20:49] [info] kbd/audio block 0: kbd_irq=0 kbd_drain=0 ring_chunks=16 pump_pass=3712 pic1_mask=0xb8 first_irq_ticks=0 install_ticks=0 vector_at_install=0x0083a0a0 pic1_mask_live=0x98 kbd_8042_stat=0x34 bios_kbd_head=0x0024 bios_kbd_tail=0x0024 bios_kbd_buf0=0x0231
[09:20:49] [info] audio/engine split block 0: audio_mixer_calls=250 audio_mixer_ms_x10=55 engine_tick_calls=0 engine_tick_ms_x10=0 audio_service_calls=0 audio_service_ms_x10=0 (per-flip avg; per-call us_x10: audio_mix=22147 engine_tick=0 audio_service=0; global ns: audio_mix=7227430893 engine_tick=12713639188 audio_service=0)
[09:20:49] [info] dirty-rect block @flip=1500: total_calls=0 dirty_rects_avg=1 dirty_pct_x10=1000 forced_full=0 first_n_force=0 threshold_exceeded=0 dirty_path_taken=0 full_flush_taken=0
[09:20:49] [info] prev-frame-diff block @flip=1500: diff_calls=0 diff_rects_avg=0 diff_dirty_pct_x10=0 bbox_pct_x10=0 bbox_thresh_exceeded=0
[09:20:50] [info] flip-probe: flip #1510 ok=true present=3ms inter_flip_ms=47 drawcalls-since-flip=123 drawcalls-total=101413 fail-total=0 null-skips-total=0
[09:20:50] [info] flip-probe: flip #1520 ok=true present=3ms inter_flip_ms=46 drawcalls-since-flip=123 drawcalls-total=102643 fail-total=0 null-skips-total=0
[09:20:51] [info] flip-probe: flip #1530 ok=true present=4ms inter_flip_ms=48 drawcalls-since-flip=122 drawcalls-total=103865 fail-total=0 null-skips-total=0
[09:20:52] [info] flip-probe: flip #1540 ok=true present=3ms inter_flip_ms=50 drawcalls-since-flip=122 drawcalls-total=105085 fail-total=0 null-skips-total=0
[09:20:52] [info] flip-probe: flip #1550 ok=true present=3ms inter_flip_ms=51 drawcalls-since-flip=122 drawcalls-total=106305 fail-total=0 null-skips-total=0
[09:20:53] [info] flip-probe: flip #1560 ok=true present=3ms inter_flip_ms=73 drawcalls-since-flip=462 drawcalls-total=108805 fail-total=0 null-skips-total=0
[09:20:53] [info]  >> Entering stage 11: 'Mimiga Village'.
[09:20:53] [info] [skip-sheet-flush] cave=9
[09:20:53] [info] [load-stage] preloading entry music song=9 (cave=9)
[09:20:54] [info] gameloop: entered (curmap=11, running=1)
[09:20:54] [info] gameloop: iter 1 ticks=123440 mapno=-1
[09:20:54] [info] mds-clear-lut: rebuilt N=240 entries (k_skip=0% k_keep=100%; curmap=11 map_size=60x60; rebuild #7 since boot)
[09:20:54] [info] gameloop: iter 2 ticks=123547 mapno=-1
[09:20:54] [info] gameloop: iter 3 ticks=123644 mapno=-1
[09:20:54] [info] backdrop cache: thrashing-detect engaged (streak=4, route=direct)
[09:20:54] [info] flip-probe: flip #1570 ok=true present=3ms inter_flip_ms=85 drawcalls-since-flip=176 drawcalls-total=112337 fail-total=0 null-skips-total=0
[09:20:55] [info] flip-probe: flip #1580 ok=true present=3ms inter_flip_ms=55 drawcalls-since-flip=46 drawcalls-total=112769 fail-total=0 null-skips-total=0
[09:20:55] [info] flip-probe: flip #1590 ok=true present=3ms inter_flip_ms=46 drawcalls-since-flip=42 drawcalls-total=113211 fail-total=0 null-skips-total=0
[09:20:56] [info] flip-probe: flip #1600 ok=true present=3ms inter_flip_ms=47 drawcalls-since-flip=44 drawcalls-total=113641 fail-total=0 null-skips-total=0
[09:20:56] [info] alpha audit block 0: 12131 total drawcalls, 0 with alpha<255 (block pct_x10=0; global 0/102667 pct_x10=0); alpha-mod skipped: block=0 global=0
[09:20:56] [info] fastpath audit block 0: taken=12131 (idx8=12131) skipped=0 pct_x10=1000; global taken=102667 (idx8=102667) skipped=0 pct_x10=1000
[09:20:56] [info] primitive tally block 0: clear=201(hr=201) fill=0(hr=0) rect=0(hr=0) line=0(hr=0) tint=0 spotlight=0 (over 100 flips ending at flip 1600)
[09:20:56] [info] color/alpha audit block 0: cmod_white=1236 cmod_black=1236 (idx=1236) cmod_general=0 (idx=0) cmod_fb=0; alpha_taken=0 alpha_skipped=0 (global cmod=10434/8892/693/0 idx=8892/693 alpha=0/0)
[09:20:56] [info] phase timing block 0: drawcalls=14873 dc_total_ms=1186 flip_inner_total_ms=1094 inter_flip_total_ms=6473 (per-flip avg x10: dc_ms=118 fi_ms=109 if_ms=647 derived audio+engine_ms=420; per-drawcall avg us_x10=798) [direct-vesa: presents=100 total_ms=303 avg_ms_x10=30 failed=0] [ablation: NO_DC_TIMING=0 CACHE_WINSURF=0 DIRECT_VESA=1]
[09:20:56] [info] kbd/audio block 0: kbd_irq=0 kbd_drain=0 ring_chunks=16 pump_pass=4002 pic1_mask=0xb8 first_irq_ticks=0 install_ticks=0 vector_at_install=0x0083a0a0 pic1_mask_live=0x98 kbd_8042_stat=0x34 bios_kbd_head=0x0024 bios_kbd_tail=0x0024 bios_kbd_buf0=0x0231
[09:20:56] [info] audio/engine split block 0: audio_mixer_calls=260 audio_mixer_ms_x10=57 engine_tick_calls=0 engine_tick_ms_x10=0 audio_service_calls=0 audio_service_ms_x10=0 (per-flip avg; per-call us_x10: audio_mix=22190 engine_tick=0 audio_service=0; global ns: audio_mix=7804392462 engine_tick=12713639188 audio_service=0)
[09:20:56] [info] dirty-rect block @flip=1600: total_calls=0 dirty_rects_avg=1 dirty_pct_x10=1000 forced_full=0 first_n_force=0 threshold_exceeded=0 dirty_path_taken=0 full_flush_taken=0
[09:20:56] [info] prev-frame-diff block @flip=1600: diff_calls=0 diff_rects_avg=0 diff_dirty_pct_x10=0 bbox_pct_x10=0 bbox_thresh_exceeded=0
[09:20:56] [info] flip-probe: flip #1610 ok=true present=3ms inter_flip_ms=44 drawcalls-since-flip=44 drawcalls-total=114083 fail-total=0 null-skips-total=0
[09:20:57] [info] flip-probe: flip #1620 ok=true present=3ms inter_flip_ms=47 drawcalls-since-flip=43 drawcalls-total=114513 fail-total=0 null-skips-total=0
[09:20:57] [info] backdrop cache: thrashing-detect engaged (streak=64, route=direct)
[09:20:57] [info] flip-probe: flip #1630 ok=true present=3ms inter_flip_ms=56 drawcalls-since-flip=45 drawcalls-total=114969 fail-total=0 null-skips-total=0
[09:20:58] [info] flip-probe: flip #1640 ok=true present=3ms inter_flip_ms=52 drawcalls-since-flip=44 drawcalls-total=115415 fail-total=0 null-skips-total=0
[09:20:58] [info] flip-probe: flip #1650 ok=true present=3ms inter_flip_ms=48 drawcalls-since-flip=44 drawcalls-total=115855 fail-total=0 null-skips-total=0
[09:20:59] [info] flip-probe: flip #1660 ok=true present=4ms inter_flip_ms=46 drawcalls-since-flip=43 drawcalls-total=116288 fail-total=0 null-skips-total=0
[09:20:59] [info] flip-probe: flip #1670 ok=true present=3ms inter_flip_ms=46 drawcalls-since-flip=43 drawcalls-total=116718 fail-total=0 null-skips-total=0
[09:21:00] [info] flip-probe: flip #1680 ok=true present=3ms inter_flip_ms=51 drawcalls-since-flip=44 drawcalls-total=117154 fail-total=0 null-skips-total=0
[09:21:00] [info] backdrop cache: thrashing-detect engaged (streak=124, route=direct)
[09:21:00] [info] flip-probe: flip #1690 ok=true present=3ms inter_flip_ms=51 drawcalls-since-flip=18 drawcalls-total=117438 fail-total=0 null-skips-total=0
[09:21:01] [info] flip-probe: flip #1700 ok=true present=3ms inter_flip_ms=71 drawcalls-since-flip=18 drawcalls-total=117628 fail-total=0 null-skips-total=0
[09:21:01] [info] alpha audit block 0: 2795 total drawcalls, 0 with alpha<255 (block pct_x10=0; global 0/105462 pct_x10=0); alpha-mod skipped: block=0 global=0
[09:21:01] [info] fastpath audit block 0: taken=2795 (idx8=2795) skipped=0 pct_x10=1000; global taken=105462 (idx8=105462) skipped=0 pct_x10=1000
[09:21:01] [info] primitive tally block 0: clear=200(hr=200) fill=0(hr=0) rect=0(hr=0) line=0(hr=0) tint=0 spotlight=0 (over 100 flips ending at flip 1700)
[09:21:01] [info] color/alpha audit block 0: cmod_white=1092 cmod_black=1092 (idx=1092) cmod_general=0 (idx=0) cmod_fb=0; alpha_taken=0 alpha_skipped=0 (global cmod=11526/9984/693/0 idx=9984/693 alpha=0/0)
[09:21:01] [info] phase timing block 0: drawcalls=5179 dc_total_ms=632 flip_inner_total_ms=1047 inter_flip_total_ms=5036 (per-flip avg x10: dc_ms=63 fi_ms=104 if_ms=503 derived audio+engine_ms=336; per-drawcall avg us_x10=1220) [direct-vesa: presents=100 total_ms=303 avg_ms_x10=30 failed=0] [ablation: NO_DC_TIMING=0 CACHE_WINSURF=0 DIRECT_VESA=1]
[09:21:01] [info] kbd/audio block 0: kbd_irq=0 kbd_drain=0 ring_chunks=16 pump_pass=4253 pic1_mask=0xb8 first_irq_ticks=0 install_ticks=0 vector_at_install=0x0083a0a0 pic1_mask_live=0x98 kbd_8042_stat=0x34 bios_kbd_head=0x0024 bios_kbd_tail=0x0024 bios_kbd_buf0=0x0231
[09:21:01] [info] audio/engine split block 0: audio_mixer_calls=217 audio_mixer_ms_x10=47 engine_tick_calls=0 engine_tick_ms_x10=0 audio_service_calls=0 audio_service_ms_x10=0 (per-flip avg; per-call us_x10: audio_mix=21926 engine_tick=0 audio_service=0; global ns: audio_mix=8280206670 engine_tick=12713639188 audio_service=0)
[09:21:01] [info] dirty-rect block @flip=1700: total_calls=0 dirty_rects_avg=1 dirty_pct_x10=1000 forced_full=0 first_n_force=0 threshold_exceeded=0 dirty_path_taken=0 full_flush_taken=0
[09:21:01] [info] prev-frame-diff block @flip=1700: diff_calls=0 diff_rects_avg=0 diff_dirty_pct_x10=0 bbox_pct_x10=0 bbox_thresh_exceeded=0
[09:21:01] [info] flip-probe: flip #1710 ok=true present=3ms inter_flip_ms=44 drawcalls-since-flip=15 drawcalls-total=117780 fail-total=0 null-skips-total=0
[09:21:02] [info] flip-probe: flip #1720 ok=true present=3ms inter_flip_ms=78 drawcalls-since-flip=356 drawcalls-total=119364 fail-total=0 null-skips-total=0
[09:21:02] [info]  >> Entering stage 14: 'Shack'.
[09:21:02] [info] [skip-sheet-flush] cave=10
[09:21:03] [info] [load-stage] preloading entry music song=8 (cave=10)
[09:21:07] [info] Organya pre-render: cache HIT VIVI (6322176 bytes from CACHE; 2 ch; synth skipped).
[09:21:07] [info] gameloop: entered (curmap=14, running=1)
[09:21:07] [info] gameloop: iter 1 ticks=137089 mapno=-1
[09:21:07] [info] gameloop: iter 2 ticks=137171 mapno=-1
[09:21:07] [info] gameloop: iter 3 ticks=137257 mapno=-1
[09:21:08] [info] flip-probe: flip #1730 ok=true present=4ms inter_flip_ms=59 drawcalls-since-flip=189 drawcalls-total=122387 fail-total=0 null-skips-total=0
[09:21:08] [info] flip-probe: flip #1740 ok=true present=3ms inter_flip_ms=31 drawcalls-since-flip=24 drawcalls-total=122692 fail-total=0 null-skips-total=0
[09:21:08] [info] flip-probe: flip #1750 ok=true present=4ms inter_flip_ms=31 drawcalls-since-flip=24 drawcalls-total=122932 fail-total=0 null-skips-total=0
[09:21:09] [info] flip-probe: flip #1760 ok=true present=3ms inter_flip_ms=31 drawcalls-since-flip=24 drawcalls-total=123172 fail-total=0 null-skips-total=0
[09:21:09] [info] flip-probe: flip #1770 ok=true present=3ms inter_flip_ms=44 drawcalls-since-flip=27 drawcalls-total=123429 fail-total=0 null-skips-total=0
[09:21:10] [info] flip-probe: flip #1780 ok=true present=3ms inter_flip_ms=32 drawcalls-since-flip=25 drawcalls-total=123694 fail-total=0 null-skips-total=0
[09:21:10] [info] flip-probe: flip #1790 ok=true present=3ms inter_flip_ms=42 drawcalls-since-flip=24 drawcalls-total=123935 fail-total=0 null-skips-total=0
[09:21:10] [info] flip-probe: flip #1800 ok=true present=3ms inter_flip_ms=41 drawcalls-since-flip=24 drawcalls-total=124175 fail-total=0 null-skips-total=0
[09:21:10] [info] alpha audit block 0: 6139 total drawcalls, 0 with alpha<255 (block pct_x10=0; global 0/111601 pct_x10=0); alpha-mod skipped: block=0 global=0
[09:21:10] [info] fastpath audit block 0: taken=6139 (idx8=6139) skipped=0 pct_x10=1000; global taken=111601 (idx8=111601) skipped=0 pct_x10=1000
[09:21:10] [info] primitive tally block 0: clear=201(hr=201) fill=0(hr=0) rect=0(hr=0) line=0(hr=0) tint=0 spotlight=0 (over 100 flips ending at flip 1800)
[09:21:10] [info] color/alpha audit block 0: cmod_white=385 cmod_black=385 (idx=385) cmod_general=0 (idx=0) cmod_fb=0; alpha_taken=0 alpha_skipped=0 (global cmod=11911/10369/693/0 idx=10369/693 alpha=0/0)
[09:21:10] [info] phase timing block 0: drawcalls=7110 dc_total_ms=736 flip_inner_total_ms=1079 inter_flip_total_ms=9517 (per-flip avg x10: dc_ms=73 fi_ms=107 if_ms=951 derived audio+engine_ms=771; per-drawcall avg us_x10=1035) [direct-vesa: presents=100 total_ms=298 avg_ms_x10=29 failed=0] [ablation: NO_DC_TIMING=0 CACHE_WINSURF=0 DIRECT_VESA=1]
[09:21:10] [info] kbd/audio block 0: kbd_irq=0 kbd_drain=0 ring_chunks=16 pump_pass=4482 pic1_mask=0xb8 first_irq_ticks=0 install_ticks=0 vector_at_install=0x0083a0a0 pic1_mask_live=0x98 kbd_8042_stat=0x34 bios_kbd_head=0x0024 bios_kbd_tail=0x0024 bios_kbd_buf0=0x0231
[09:21:10] [info] audio/engine split block 0: audio_mixer_calls=207 audio_mixer_ms_x10=45 engine_tick_calls=0 engine_tick_ms_x10=0 audio_service_calls=0 audio_service_ms_x10=0 (per-flip avg; per-call us_x10: audio_mix=22022 engine_tick=0 audio_service=0; global ns: audio_mix=8736062462 engine_tick=12713639188 audio_service=0)
[09:21:10] [info] dirty-rect block @flip=1800: total_calls=0 dirty_rects_avg=1 dirty_pct_x10=1000 forced_full=0 first_n_force=0 threshold_exceeded=0 dirty_path_taken=0 full_flush_taken=0
[09:21:10] [info] prev-frame-diff block @flip=1800: diff_calls=0 diff_rects_avg=0 diff_dirty_pct_x10=0 bbox_pct_x10=0 bbox_thresh_exceeded=0
[09:21:11] [info] flip-probe: flip #1810 ok=true present=3ms inter_flip_ms=38 drawcalls-since-flip=24 drawcalls-total=124415 fail-total=0 null-skips-total=0
[09:21:11] [info] flip-probe: flip #1820 ok=true present=3ms inter_flip_ms=31 drawcalls-since-flip=24 drawcalls-total=124655 fail-total=0 null-skips-total=0
[09:21:12] [info] flip-probe: flip #1830 ok=true present=3ms inter_flip_ms=31 drawcalls-since-flip=24 drawcalls-total=124895 fail-total=0 null-skips-total=0
[09:21:12] [info] flip-probe: flip #1840 ok=true present=3ms inter_flip_ms=42 drawcalls-since-flip=24 drawcalls-total=125135 fail-total=0 null-skips-total=0
[09:21:12] [info] flip-probe: flip #1850 ok=true present=3ms inter_flip_ms=46 drawcalls-since-flip=115 drawcalls-total=125455 fail-total=0 null-skips-total=0
[09:21:13] [info]  >> Entering stage 11: 'Mimiga Village'.
[09:21:13] [info] [skip-sheet-flush] cave=11
[09:21:13] [info] [load-stage] preloading entry music song=9 (cave=11)
[09:21:17] [info] Organya pre-render: cache HIT MURA (5927040 bytes from CACHE; 2 ch; synth skipped).
[09:21:17] [info] gameloop: entered (curmap=11, running=1)
[09:21:17] [info] gameloop: iter 1 ticks=147387 mapno=-1
[09:21:18] [info] flip-probe: flip #1860 ok=true present=3ms inter_flip_ms=4702 drawcalls-since-flip=382 drawcalls-total=128396 fail-total=0 null-skips-total=0
[09:21:18] [info] gameloop: iter 2 ticks=147492 mapno=-1
[09:21:18] [info] gameloop: iter 3 ticks=147591 mapno=-1
[09:21:18] [info] backdrop cache: thrashing-detect engaged (streak=4, route=direct)
[09:21:18] [info] flip-probe: flip #1870 ok=true present=3ms inter_flip_ms=47 drawcalls-since-flip=41 drawcalls-total=130222 fail-total=0 null-skips-total=0
[09:21:19] [info] flip-probe: flip #1880 ok=true present=3ms inter_flip_ms=47 drawcalls-since-flip=43 drawcalls-total=130640 fail-total=0 null-skips-total=0
[09:21:19] [info] flip-probe: flip #1890 ok=true present=3ms inter_flip_ms=48 drawcalls-since-flip=44 drawcalls-total=131079 fail-total=0 null-skips-total=0
[09:21:20] [info] flip-probe: flip #1900 ok=true present=3ms inter_flip_ms=55 drawcalls-since-flip=48 drawcalls-total=131539 fail-total=0 null-skips-total=0
[09:21:20] [info] alpha audit block 0: 6575 total drawcalls, 0 with alpha<255 (block pct_x10=0; global 0/118176 pct_x10=0); alpha-mod skipped: block=0 global=0
[09:21:20] [info] fastpath audit block 0: taken=6575 (idx8=6575) skipped=0 pct_x10=1000; global taken=118176 (idx8=118176) skipped=0 pct_x10=1000
[09:21:20] [info] primitive tally block 0: clear=201(hr=201) fill=0(hr=0) rect=0(hr=0) line=0(hr=0) tint=0 spotlight=0 (over 100 flips ending at flip 1900)
[09:21:20] [info] color/alpha audit block 0: cmod_white=748 cmod_black=748 (idx=748) cmod_general=0 (idx=0) cmod_fb=0; alpha_taken=0 alpha_skipped=0 (global cmod=12659/11117/693/0 idx=11117/693 alpha=0/0)
[09:21:20] [info] phase timing block 0: drawcalls=8277 dc_total_ms=808 flip_inner_total_ms=1046 inter_flip_total_ms=9532 (per-flip avg x10: dc_ms=80 fi_ms=104 if_ms=953 derived audio+engine_ms=769; per-drawcall avg us_x10=976) [direct-vesa: presents=100 total_ms=302 avg_ms_x10=30 failed=0] [ablation: NO_DC_TIMING=0 CACHE_WINSURF=0 DIRECT_VESA=1]
[09:21:20] [info] kbd/audio block 0: kbd_irq=0 kbd_drain=0 ring_chunks=16 pump_pass=4726 pic1_mask=0xb8 first_irq_ticks=0 install_ticks=0 vector_at_install=0x0083a0a0 pic1_mask_live=0x98 kbd_8042_stat=0x34 bios_kbd_head=0x0024 bios_kbd_tail=0x0024 bios_kbd_buf0=0x0231
[09:21:20] [info] audio/engine split block 0: audio_mixer_calls=220 audio_mixer_ms_x10=48 engine_tick_calls=0 engine_tick_ms_x10=0 audio_service_calls=0 audio_service_ms_x10=0 (per-flip avg; per-call us_x10: audio_mix=22124 engine_tick=0 audio_service=0; global ns: audio_mix=9222800420 engine_tick=12713639188 audio_service=0)
[09:21:20] [info] dirty-rect block @flip=1900: total_calls=0 dirty_rects_avg=1 dirty_pct_x10=1000 forced_full=0 first_n_force=0 threshold_exceeded=0 dirty_path_taken=0 full_flush_taken=0
[09:21:20] [info] prev-frame-diff block @flip=1900: diff_calls=0 diff_rects_avg=0 diff_dirty_pct_x10=0 bbox_pct_x10=0 bbox_thresh_exceeded=0
[09:21:20] [info] flip-probe: flip #1910 ok=true present=4ms inter_flip_ms=57 drawcalls-since-flip=43 drawcalls-total=131977 fail-total=0 null-skips-total=0
[09:21:21] [info] flip-probe: flip #1920 ok=true present=3ms inter_flip_ms=46 drawcalls-since-flip=44 drawcalls-total=132409 fail-total=0 null-skips-total=0
[09:21:21] [info] backdrop cache: thrashing-detect engaged (streak=64, route=direct)
[09:21:21] [info] run_tick_fixed #4800: heartbeat (loop alive)
[09:21:22] [info] flip-probe: flip #1930 ok=true present=3ms inter_flip_ms=51 drawcalls-since-flip=45 drawcalls-total=132867 fail-total=0 null-skips-total=0
[09:21:22] [info] flip-probe: flip #1940 ok=true present=4ms inter_flip_ms=52 drawcalls-since-flip=45 drawcalls-total=133317 fail-total=0 null-skips-total=0
[09:21:23] [info] flip-probe: flip #1950 ok=true present=3ms inter_flip_ms=46 drawcalls-since-flip=46 drawcalls-total=133772 fail-total=0 null-skips-total=0
[09:21:23] [info] flip-probe: flip #1960 ok=true present=3ms inter_flip_ms=51 drawcalls-since-flip=45 drawcalls-total=134234 fail-total=0 null-skips-total=0
[09:21:24] [info] flip-probe: flip #1970 ok=true present=4ms inter_flip_ms=50 drawcalls-since-flip=44 drawcalls-total=134676 fail-total=0 null-skips-total=0
[09:21:24] [info] flip-probe: flip #1980 ok=true present=3ms inter_flip_ms=52 drawcalls-since-flip=19 drawcalls-total=135095 fail-total=0 null-skips-total=0
[09:21:24] [info] backdrop cache: thrashing-detect engaged (streak=4, route=direct)
[09:21:25] [info] flip-probe: flip #1990 ok=true present=3ms inter_flip_ms=46 drawcalls-since-flip=21 drawcalls-total=135293 fail-total=0 null-skips-total=0
[09:21:25] [info] flip-probe: flip #2000 ok=true present=3ms inter_flip_ms=52 drawcalls-since-flip=20 drawcalls-total=135500 fail-total=0 null-skips-total=0
[09:21:25] [info] alpha audit block 0: 2834 total drawcalls, 0 with alpha<255 (block pct_x10=0; global 0/121010 pct_x10=0); alpha-mod skipped: block=0 global=0
[09:21:25] [info] fastpath audit block 0: taken=2834 (idx8=2834) skipped=0 pct_x10=1000; global taken=121010 (idx8=121010) skipped=0 pct_x10=1000
[09:21:25] [info] primitive tally block 0: clear=200(hr=200) fill=0(hr=0) rect=0(hr=0) line=0(hr=0) tint=0 spotlight=0 (over 100 flips ending at flip 2000)
[09:21:25] [info] color/alpha audit block 0: cmod_white=1027 cmod_black=1027 (idx=1027) cmod_general=0 (idx=0) cmod_fb=0; alpha_taken=0 alpha_skipped=0 (global cmod=13686/12144/693/0 idx=12144/693 alpha=0/0)
[09:21:25] [info] phase timing block 0: drawcalls=5092 dc_total_ms=650 flip_inner_total_ms=1059 inter_flip_total_ms=5243 (per-flip avg x10: dc_ms=65 fi_ms=105 if_ms=524 derived audio+engine_ms=354; per-drawcall avg us_x10=1277) [direct-vesa: presents=100 total_ms=304 avg_ms_x10=30 failed=0] [ablation: NO_DC_TIMING=0 CACHE_WINSURF=0 DIRECT_VESA=1]
[09:21:25] [info] kbd/audio block 0: kbd_irq=0 kbd_drain=0 ring_chunks=16 pump_pass=4988 pic1_mask=0xb8 first_irq_ticks=0 install_ticks=0 vector_at_install=0x0083a0a0 pic1_mask_live=0x98 kbd_8042_stat=0x34 bios_kbd_head=0x0024 bios_kbd_tail=0x0024 bios_kbd_buf0=0x0231
[09:21:25] [info] audio/engine split block 0: audio_mixer_calls=226 audio_mixer_ms_x10=49 engine_tick_calls=0 engine_tick_ms_x10=0 audio_service_calls=0 audio_service_ms_x10=0 (per-flip avg; per-call us_x10: audio_mix=22055 engine_tick=0 audio_service=0; global ns: audio_mix=9721260845 engine_tick=12713639188 audio_service=0)
[09:21:25] [info] dirty-rect block @flip=2000: total_calls=0 dirty_rects_avg=1 dirty_pct_x10=1000 forced_full=0 first_n_force=0 threshold_exceeded=0 dirty_path_taken=0 full_flush_taken=0
[09:21:25] [info] prev-frame-diff block @flip=2000: diff_calls=0 diff_rects_avg=0 diff_dirty_pct_x10=0 bbox_pct_x10=0 bbox_thresh_exceeded=0
[09:21:26] [info] flip-probe: flip #2010 ok=true present=3ms inter_flip_ms=45 drawcalls-since-flip=19 drawcalls-total=135692 fail-total=0 null-skips-total=0
[09:21:26] [info] flip-probe: flip #2020 ok=true present=4ms inter_flip_ms=45 drawcalls-since-flip=19 drawcalls-total=135882 fail-total=0 null-skips-total=0
[09:21:27] [info] flip-probe: flip #2030 ok=true present=3ms inter_flip_ms=47 drawcalls-since-flip=19 drawcalls-total=136072 fail-total=0 null-skips-total=0
[09:21:27] [info] flip-probe: flip #2040 ok=true present=4ms inter_flip_ms=39 drawcalls-since-flip=19 drawcalls-total=136262 fail-total=0 null-skips-total=0
[09:21:27] [info] backdrop cache: thrashing-detect engaged (streak=64, route=direct)
[09:21:28] [info] flip-probe: flip #2050 ok=true present=4ms inter_flip_ms=45 drawcalls-since-flip=60 drawcalls-total=136534 fail-total=0 null-skips-total=0
[09:21:28] [info] flip-probe: flip #2060 ok=true present=4ms inter_flip_ms=45 drawcalls-since-flip=60 drawcalls-total=137134 fail-total=0 null-skips-total=0
[09:21:28] [info] flip-probe: flip #2070 ok=true present=3ms inter_flip_ms=45 drawcalls-since-flip=60 drawcalls-total=137734 fail-total=0 null-skips-total=0
[09:21:29] [info] flip-probe: flip #2080 ok=true present=3ms inter_flip_ms=46 drawcalls-since-flip=60 drawcalls-total=138334 fail-total=0 null-skips-total=0
[09:21:29] [info] tas: end-of-replay auto-exit at tick 5140 (recording exhausted; set DOSKUTSU_TAS_REPLAY_HOLD=1 to disable + observe steady-state past recording end)
[09:21:29] [info] Script engine shutdown.
[09:21:29] [info] Sound system shutdown
[09:21:29] [info] Renderer::Close()
[09:21:29] [info] tas: replay file closed
[09:21:30] [info] [fps-true] flips=2082 render_s=157 fps_mean=13.2 (clock-independent: flips / seconds since the FIRST flip; use THIS for the fps matrix, not inter_flip medians, which are invalid in any cell running the PIT/IRQ-0 music pump)
[RUNMANIFEST-BEGIN]
schema_version=1
environment=realhw
binary_sha12=f8d446b4b0e0
wave_tag=G112
scene=
env_block_sha=d0308fd1cb90
started_utc=2026-11-19T02:24:00Z
duration_s=170
exit_code=0
fps_p50=NA
fps_p95=NA
audio_vital_status=NA
regime=NA
banner_required_hit=0
banner_required_total=0
banner_forbidden_hit=0
banner_optional_hit=0
critical_count=0
warn_count=0
[RUNMANIFEST-END]
[09:21:30] [info] [runmanifest-emit] schema=v1 env=realhw sha12=f8d446b4b0e0 dur=170s tag='G112' scene='' env_sha=d0308fd1cb90 (signals=0x4)
