Logger::init: wave-53 log level=INFO path='LOGS/TP.LOG'
[20:35:10] [info] config: loaded DOSKUTSU.CFG (3 keys)
[20:35:10] [info] tas: PRNG seed forced to 12345 via DOSKUTSU_TAS_PRNG_SEED
[20:35:10] [info] tas: auto-exit armed at tick 30000 via DOSKUTSU_TAS_AUTO_EXIT_TICK
[20:35:10] [info] tas: replay opened path='QA282.TAS' header_seed=12345
[20:35:11] [info] data cache: DISABLED (default)
[20:35:11] [info] Joystick: skipped (default; set DOSKUTSU_USE_JOYSTICK=1 to enable -- skips SDL3-DOS gameport BIOS INT 15h polling, ~82 ms / flip on real HW)
[20:35:11] [info] Loading settings...
[20:35:11] [info] [input-bind] applied=0 invert_y=0 dos_axes=1
[20:35:11] [info] Renderer::initVideo: 8bpp mode requested via SDL_HINT_DOS_MAX_BPP=8 (wave 16); SDL3-DOS will pick the highest-bpp <= 8 mode at requested resolution
[20:35:11] [info] Renderer::initVideo: DOS resolution-label lock ENABLED (default)
[20:35:12] [info] Renderer::initVideo: using: software renderer
[20:35:13] [info] Renderer::initVideo: dirty-rect tracking ENABLED (wave 15, default ON; set SDL_HINT_DOSKUTSU_DIRTY_RECTS=0 to disable)
[20:35:13] [info] Renderer::initVideo: ablation flags: NO_DC_TIMING=0 CACHE_WINSURF=0 NO_INPUT_POLL=0 DIRECT_VESA=1
[20:35:13] [info] Renderer::initVideo: direct-VESA hot path ENABLED (default since wave 20 patch 0088; bypasses SDL_RenderPresent / SDL_UpdateWindowSurface and writes via SDL/0034's PresentFull helper; R2 mitigation handled by SDL/0034 generation counter -- no per-N-flip heartbeat needed; set SDL_HINT_DOSKUTSU_DIRECT_VESA=0 to revert)
[20:35:13] [info] Renderer::initVideo: flip-phase instrumentation DISABLED (default; set SDL_HINT_DOSKUTSU_FLIP_INSTR=1 to opt in for wave-20 Lever A diagnostic)
[20:35:13] [info] Renderer::initVideo: asm opaque-span blit lever DISABLED (default; set SDL_HINT_DOSKUTSU_ASM_BLIT=1 to opt in -- wave-51 _blit_indexed colorkey-blit lever)
[20:35:13] [info] Renderer::initVideo: blit-decomp instrumentation DISABLED (default; set SDL_HINT_DOSKUTSU_BLIT_DECOMP=1 to opt in -- wave-51 _blit_indexed sub-decomp sizing)
[20:35:13] [info] Renderer::initVideo: mds-scroll-decomp instrumentation DISABLED (default; set SDL_HINT_DOSKUTSU_MDS_DECOMP=1 to opt in -- wave-52 mode_draw_scene scrolling-block decomp)
[20:35:13] [info] Renderer::initVideo: DOSVESA pump yield: skipped (default) (per-flip explicit SDL_Delay(0) yield is always on; set SDL_HINT_DOSKUTSU_FORCE_PUMP_YIELD=1 to restore old per-pump yield)
[20:35:13] [info] Renderer::initVideo: indexed-mode (8bpp) ENABLED -- master palette + 107 per-asset remap LUTs loaded (wave 16, default ON; set SDL_HINT_DOSKUTSU_PIXEL_FORMAT_8=0 to disable)
[20:35:13] [info] Renderer::initVideo: master palette attached to window surface (format=SDL_PIXELFORMAT_INDEX8, ncolors=256)
[20:35:13] [info] Renderer::initVideo: indexed-mode smoke: idx0=(0,0,0) OK idx255=(255,0,255) OK
[20:35:13] [info] Renderer::initVideo: indexed-mode smoke: paletteRemapFor('MyChar.pbm') = present
[20:35:14] [info] Surface::loadImage palmap-diag #1: 'data/Loading.pbm' fmt=SDL_PIXELFORMAT_ABGR8888 remap=HIT -> path=truecolor
[20:35:14] [info] Renderer: prev-frame diff DISABLED (default since wave 17.6; set SDL_HINT_DOSKUTSU_PREVFRAME_DIFF=1 to opt in)
[20:35:14] [info] flip-probe: renderer=software window_ptr=8806136 colorspace=301991328 window_size=320x240 framebuffer_pixels=320x240 logical_present=320x240 mode=2
[20:35:14] [info] flip-probe: first flip ok=true present=41ms inter_flip_ms=0 drawcalls-since-flip=1 drawcalls-total=1
[20:35:14] [info] Sound system init
[20:35:14] [info] Sound system: 4-state audio enable (#31) -- music=on sfx=on (MUSIC_OFF/AUDIO_BACKEND=none -> music-off; SFX_OFF/SFX_DEVICE=none -> sfx-off; both gates are dispatch-level, the device still opens; AUDIO_OFF=1 is the device-level both-off).
[20:35:14] [info] Sound system: Tier-2 audio config (default since wave 21 patch 0093; 11025 Hz, 1 channel, buffer pinned to 256 frames). Measured savings on g2k Pentium OverDrive 83 MHz (W21A): heavy-music scenes ~+11 fps vs Tier-1 baseline (measured -10 to -15 ms/flip post-0094 audio fix; W21A's pre-fix -26.6 ms figure was inflated by stereo-vs-mono playback bug, see patch 0094). Audio quality is reduced vs Tier-1 (mono, 11025 Hz, simple-average L+R downmix) but recognizable; user accepted the trade per direction 2026-05-05. Set SDL_HINT_DOSKUTSU_AUDIO_TIER2=0 to revert to Tier-1 22050 stereo (full Cave Story 2004 audio quality; trades fps for fidelity).
[20:35:14] [info] Sound system: SDL_HINT_AUDIO_DEVICE_SAMPLE_FRAMES=256
[20:35:14] [info] Pixtone IRQ rate-divider: handed master_rate=11025 int16/s (SAMPLE_RATE=11025 x AUDIO_CHANNELS=1) to SDL for auto-RATEDIV (SDL/0074 computes shift_div from the resolved device freq).
[20:35:14] [info] Sound system: device frame-rate: requesting 11025 Hz match to master (SDL_DOSAudioSetDeviceFrameRate; SB16 opens at the engine frame rate instead of SDL's 44100 floor -- 4x less PCM/s + no resampler on the Organya/Pixtone path; killswitch SDL_HINT_DOSKUTSU_DOS_AUDIO_DEVICE_RATE_DEFAULT=0).
[20:35:14] [info] audio backend: opl3 (Phase 10 Stage 4 -- concrete OPL3 FM synthesis backend via SDL/0037+ OPL3 helpers; MidiScheduler routes music dispatch through 18 x 2-op voice allocator + small inline patch bank). SoundManager::init will probe OPL3 via Adlib timer-1 sequence + fall back to organya gracefully if the chip is absent. Pixtone SFX still active on SB16 DAC.
[20:35:14] [info] wave-13.6.1: ring_chunks=16 FORCE_PUMP_YIELD=off (set SDL_HINT_DOSKUTSU_AUDIO_RING_CHUNKS=4|8|16 to override; default 16 matches wave 13.6 behaviour)
[20:35:14] [info] MidiScheduler: MIDI source = 'orgmid2' (native-GM org2mid set; resolves to data/orgmid2/<name>.mid).
[20:35:14] [info] opl3 backend probing for OPL3 chip (Adlib timer-1 sequence)...
[20:35:14] [info] opl3 backend: opl3bank.dat loaded 128 programs from 'data/opl3bank.dat' (v1; 1536 bytes payload). Per-program GM patches now use the runtime bank; programs >= 128 fall back to 8-patch family bucket. Drum channel (MIDI ch 9) unchanged (uses PATCH_DRUM regardless of bank loading).
[20:35:14] [info] opl3 backend ready (OPL3 detected via Adlib timer-1; InitChip applied 18 x 2-op layout; voice allocator armed). Patch bank state: runtime opl3bank.dat ACTIVE (loaded_count=128; programs >= loaded_count fall back to 8-patch placeholder covering GM family categories piano/mallet/organ/guitar/strings/brass/reed/pad). Phase 10.5 path: ship a fuller community bank as data/opl3bank.dat (DOPL3v1 format; 12-byte SBI records per GM program; loader at MidiBackendOpl3 ctor).
[20:35:14] [info] opl3 backend: PATCH_ORGAN + PATCH_MALLET RR=8 (medium release; wub-wub fix per patch 0171; was RR=0 in slot 0103 placeholder -- KEY-OFF couldn't silence; H6 reg 0xBD wave-47 falsified; H1+H5/RR=0 byte-level bug root per WAVE-46/47 analysis)
[20:35:14] [info] Sound system: MidiScheduler armed with MidiBackendOpl3 (patch 0103 Phase 10 Stage 4). Music dispatch routes via SMF parser + 18 x 2-op OPL3 voice allocator + small inline patch bank (community-sourced from Apogee Sound System / AdLib SBI public-domain refs). Pixtone SFX still active on SB16 DAC.
[20:35:14] [info] Sound system: idle-pause skipped (default OFF since patch 0119; backend=opl3 would qualify but operator did not opt-in via SDL_HINT_DOSKUTSU_IDLE_PAUSE=1). DSP stays in continuous-stream mode. Re-enable for an A/B iter once SDL/0037 ForcePause non-engagement is rooted out (task #17).
[20:35:14] [warn] Music dir Ogg/ doesn't exist
[20:35:14] [warn] Music dir Ogg11/ doesn't exist
[20:35:14] [warn] Music dir Ogg17/ doesn't exist
[20:35:15] [warn] Music dir Ogg_ridic/ doesn't exist
[20:35:15] [info] Loading Sound FX...
[20:35:15] [info] [pxt-cache] init(): HIT (loaded cache; render skipped)
[20:35:18] [info] Organya init...
[20:35:19] [info] Organya init done
[20:35:22] [info] gus SFX gain [nx0259]: 70% (SDL_HINT_DOSKUTSU_GUS_SFX_GAIN; scales the GF1 SFX voice volume to balance against velocity/CC-scaled GUS music; default 70, clamp 0..150).
[20:35:22] [info] pixtone IRQ-mix: ENABLED (default; SDL backend engaged; set SDL_HINT_DOSKUTSU_PIXTONE_IRQ_MIX=0 to disable)
[20:35:22] [info] Pixtone::setVolume: L3 active -- mid-play SFX volume updates are no-op in v1 (v2 candidate: SDL_DOSPixtoneSetGain API). gain_x256=256 stored for subsequent SDL_DOSPixtoneStart calls; currently-playing L3 channels unaffected.
[20:35:22] [info] midi ISR tick: engine registered tick_isr callback (L2b active; default ON; set SDL_HINT_DOSKUTSU_MIDI_ISR_TICK=0 to disable)
[20:35:22] [info] menu slide-in fixed-timestep: ENABLED (default; slide advances at 50 Hz logic rate)
[20:35:22] [info] Reading npc.tbl...
[20:35:22] [info] Loading tilekey.dat.
[20:35:22] [info] Script engine init.
[20:35:22] [info] Entering main loop...
[20:35:22] [info] audio mid-gap pump: DISABLED (default)
[20:35:22] [info] TAS fixed-timestep guard: ENABLED (default) (patch 0280; load_stage wall-clock kept out of the FT accumulator so TAS replay advances at a true 50 Hz; set SDL_HINT_DOSKUTSU_TAS_FT_GUARD=0 to disable)
[20:35:22] [info] load_stage ring+DMA silence flush: ENABLED (default) (set SDL_HINT_DOSKUTSU_LOADSTAGE_SILENCE=0 to disable)
[20:35:22] [info] load-band audio-underrun probe: DISABLED (default) (opt-in SDL_HINT_DOSKUTSU_LOADBAND_STAT=1)
[20:35:22] [info]  >> Entering stage 72: 'u'.
[20:35:22] [info] skip sheet flush: ENABLED (default) (SFXPAUSE-012 SHIPPED FIX; sprite sheets stay resident across caves so no per-cave re-decode -> no fire-frame pause; map_flush_graphics tilemap cache still flushes; set SDL_HINT_DOSKUTSU_SKIP_SHEET_FLUSH=0 to restore the old per-cave flush)
[20:35:22] [info] [skip-sheet-flush] cave=1
[20:35:22] [info] eager action sheets: ENABLED (default) (first-fire hitch fix: pre-loads the weapon bullet + hit/muzzle/trail caret sheets at stage load so the first fire/impact does not lazy-decode mid-gameplay; set SDL_HINT_DOSKUTSU_EAGER_ACTION_SHEETS=0 to restore lazy load)
[20:35:22] [info] Surface::loadImage palmap-diag #2: 'data/Bullet.pbm' fmt=SDL_PIXELFORMAT_ABGR8888 remap=HIT -> path=truecolor
[20:35:22] [info] Surface::loadImage palmap-diag #3: 'data/Arms.pbm' fmt=SDL_PIXELFORMAT_ABGR8888 remap=HIT -> path=truecolor
[20:35:23] [info] Surface::loadImage palmap-diag #4: 'data/Caret.pbm' fmt=SDL_PIXELFORMAT_ABGR8888 remap=HIT -> path=truecolor
[20:35:23] [info] Surface::loadImage palmap-diag #5: 'data/Npc/NpcSym.pbm' fmt=SDL_PIXELFORMAT_ABGR8888 remap=HIT -> path=truecolor
[20:35:23] [info] [eager-action-sheets] cave=1 sheets=4 wall_ms=1045
[20:35:23] [info] Surface::loadImage palmap-diag #6: 'data/Stage/PrtWhite.pbm' fmt=SDL_PIXELFORMAT_ABGR8888 remap=HIT -> path=truecolor
[20:35:24] [info] load_stage: entry-music preload ENABLED (default) (set SDL_HINT_DOSKUTSU_PRELOAD_STAGE_MUSIC=0 to disable)
[20:35:24] [info] Surface::loadImage palmap-diag #7: 'data/bk0.pbm' fmt=SDL_PIXELFORMAT_ABGR8888 remap=HIT -> path=truecolor
[20:35:24] [info] gameloop: entered (curmap=72, running=1)
[20:35:24] [info] gameloop: iter 1 ticks=13600 mapno=-1
[20:35:24] [info] fixed-timestep: ENABLED (default; logic 50 Hz, decoupled from render)
[20:35:24] [info] map: BG skip-when-unchanged DISABLED (default) (set SDL_HINT_DOSKUTSU_BG_SKIP_WHEN_UNCHANGED=1 to enable; default OFF since wave-61 -- abandoned, it shipped a backdrop-black flicker and its +0.87 fps was below the noise floor)
[20:35:24] [info] map: skip-redundant-clear lever ENABLED (default since wave-53 promotion)
[20:35:24] [info] perf-mode: level=0 (faithful (default))
[20:35:24] [info] Surface::loadImage palmap-diag #8: 'data/Npc/NpcKings.pbm' fmt=SDL_PIXELFORMAT_ABGR8888 remap=HIT -> path=truecolor
[20:35:24] [info] TAS trace: ENABLED (patch 0282 diagnostic; [tas-trace] lines every 25 ticks + on every map change)
[20:35:24] [info] [tas-trace] t=1 mode=6 map=72 px=0 py=0 mask=0x0 MAPCHG
[20:35:24] [info] audio tick-boundary pump: DISABLED (default)
[20:35:24] [info] gameloop: iter 2 ticks=13918 mapno=-1
[20:35:24] [info] gameloop: iter 3 ticks=13961 mapno=-1
[20:35:24] [info] direct-vesa: snapshot @gen=2 use_dosmemput=0 banked_multibank=0 pitches_match=1 vram_w=320 vram_h=240 vram_pitch=320 bpp=1 fb_size=76800 vram_phys=0x78000000 vram_ptr=0x77c00000
[20:35:25] [info] flip-probe: flip #10 ok=true present=2ms inter_flip_ms=22 drawcalls-since-flip=6 drawcalls-total=43 fail-total=0 null-skips-total=0
[20:35:25] [info] flip-probe: flip #20 ok=true present=3ms inter_flip_ms=22 drawcalls-since-flip=4 drawcalls-total=92 fail-total=0 null-skips-total=0
[20:35:25] [info] [tas-trace] t=25 mode=6 map=72 px=0 py=0 mask=0x0
[20:35:25] [info] flip-probe: flip #30 ok=true present=3ms inter_flip_ms=40 drawcalls-since-flip=326 drawcalls-total=2707 fail-total=0 null-skips-total=0
[20:35:26] [info] flip-probe: flip #40 ok=true present=3ms inter_flip_ms=35 drawcalls-since-flip=264 drawcalls-total=5837 fail-total=0 null-skips-total=0
[20:35:26] [info] flip-probe: flip #50 ok=true present=3ms inter_flip_ms=20 drawcalls-since-flip=0 drawcalls-total=6310 fail-total=0 null-skips-total=0
[20:35:26] [info] [tas-trace] t=50 mode=6 map=72 px=0 py=0 mask=0x0
[20:35:26] [info] gameloop: iter 600 ticks=15535 mapno=-1
[20:35:26] [info] flip-probe: flip #60 ok=true present=3ms inter_flip_ms=21 drawcalls-since-flip=0 drawcalls-total=6310 fail-total=0 null-skips-total=0
[20:35:26] [info] title: eager-title-IO phase tag ENABLED (default) (set SDL_HINT_DOSKUTSU_EAGER_TITLE_IO=0 to disable)
[20:35:27] [warn] MidiScheduler::_refresh_isr_buffer: track has 27749 events; ISR buffer is 16384 (truncated; events after 16384 will not dispatch under L2b ON -- the engine-thread tick() path still uses _events directly under L2b OFF)
[20:35:27] [info] MidiScheduler::load: parsed 'data/orgmid2/curly.mid' = 27749 events at 48 PPQ
[20:35:27] [info] opl3 backend: on_song_start
[20:35:27] [info] gameloop: entered (curmap=1005, running=1)
[20:35:27] [info] gameloop: iter 1 ticks=16595 mapno=-1
[20:35:27] [info] map: backdrop cache ENABLED (default) (set SDL_HINT_DOSKUTSU_BACKDROP_CACHE=0 to disable)
[20:35:27] [info] [tas-trace] t=62 mode=7 map=1005 px=0 py=0 mask=0x0 MAPCHG
[20:35:27] [info] gameloop: iter 2 ticks=17130 mapno=-1
[20:35:28] [info] gameloop: iter 3 ticks=17162 mapno=-1
[20:35:28] [info] backdrop cache: thrashing-detect engaged (streak=4, route=direct)
[20:35:28] [info] flip-probe: flip #70 ok=true present=3ms inter_flip_ms=23 drawcalls-since-flip=75 drawcalls-total=6910 fail-total=0 null-skips-total=0
[20:35:28] [info] [tas-trace] t=75 mode=7 map=1005 px=0 py=0 mask=0x0
[20:35:28] [info] flip-probe: flip #80 ok=true present=3ms inter_flip_ms=22 drawcalls-since-flip=75 drawcalls-total=7660 fail-total=0 null-skips-total=0
[20:35:28] [info] Loading profile from profile.dat
[20:35:28] [error] profile_load: unable to open 'profile.dat'
[20:35:28] [info] Loading profile from profile2.dat
[20:35:28] [error] profile_load: unable to open 'profile2.dat'
[20:35:28] [info] Loading profile from profile3.dat
[20:35:28] [info] Loading profile from profile4.dat
[20:35:28] [error] profile_load: unable to open 'profile4.dat'
[20:35:28] [info] Loading profile from profile5.dat
[20:35:28] [info] flip-probe: flip #90 ok=true present=3ms inter_flip_ms=125 drawcalls-since-flip=0 drawcalls-total=7810 fail-total=0 null-skips-total=0
[20:35:29] [info] flip-probe: flip #100 ok=true present=4ms inter_flip_ms=30 drawcalls-since-flip=214 drawcalls-total=9950 fail-total=0 null-skips-total=0
[20:35:29] [info] alpha audit block 0: 9510 total drawcalls, 0 with alpha<255 (block pct_x10=0; global 0/9510 pct_x10=0); alpha-mod skipped: block=0 global=0
[20:35:29] [info] fastpath audit block 0: taken=9510 (idx8=9510) skipped=0 pct_x10=1000; global taken=9510 (idx8=9510) skipped=0 pct_x10=1000
[20:35:29] [info] primitive tally block 0: clear=220(hr=220) fill=0(hr=0) rect=0(hr=0) line=0(hr=0) tint=0 spotlight=0 (over 100 flips ending at flip 100)
[20:35:29] [info] color/alpha audit block 0: cmod_white=900 cmod_black=0 (idx=0) cmod_general=420 (idx=420) cmod_fb=0; alpha_taken=0 alpha_skipped=0 (global cmod=900/0/420/0 idx=0/420 alpha=0/0)
[20:35:29] [info] phase timing block 0: drawcalls=11053 dc_total_ms=1115 flip_inner_total_ms=531 inter_flip_total_ms=14619 (per-flip avg x10: dc_ms=111 fi_ms=53 if_ms=1461 derived audio+engine_ms=1297; per-drawcall avg us_x10=1008) [direct-vesa: presents=97 total_ms=280 avg_ms_x10=28 failed=0] [ablation: NO_DC_TIMING=0 CACHE_WINSURF=0 DIRECT_VESA=1]
[20:35:29] [info] kbd/audio block 0: kbd_irq=0 kbd_drain=0 ring_chunks=16 pump_pass=99 pic1_mask=0xb8 first_irq_ticks=0 install_ticks=0 vector_at_install=0x008393d0 pic1_mask_live=0x38 kbd_8042_stat=0x34 bios_kbd_head=0x001e bios_kbd_tail=0x001e bios_kbd_buf0=0x1675
[20:35:29] [info] audio/engine split block 0: audio_mixer_calls=0 audio_mixer_ms_x10=0 engine_tick_calls=99 engine_tick_ms_x10=372 audio_service_calls=0 audio_service_ms_x10=0 (per-flip avg; per-call us_x10: audio_mix=0 engine_tick=376147 audio_service=0; global ns: audio_mix=0 engine_tick=3723858093 audio_service=0)
[20:35:29] [info] pixtone multi-source probe: DISABLED (default)
[20:35:29] [info] dirty-rect block @flip=100: total_calls=0 dirty_rects_avg=0 dirty_pct_x10=990 forced_full=0 first_n_force=3 threshold_exceeded=2 dirty_path_taken=0 full_flush_taken=3
[20:35:29] [info] prev-frame-diff block @flip=100: diff_calls=0 diff_rects_avg=0 diff_dirty_pct_x10=0 bbox_pct_x10=0 bbox_thresh_exceeded=0
[20:35:29] [info] [tas-trace] t=100 mode=7 map=1005 px=0 py=0 mask=0x0
[20:35:29] [info] Writing settings...
[20:35:29] [info] flip-probe: flip #110 ok=true present=2ms inter_flip_ms=20 drawcalls-since-flip=0 drawcalls-total=11456 fail-total=0 null-skips-total=0
[20:35:29] [info] gameloop: iter 600 ticks=18754 mapno=-1
[20:35:29] [info] flip-probe: flip #120 ok=true present=2ms inter_flip_ms=21 drawcalls-since-flip=0 drawcalls-total=11456 fail-total=0 null-skips-total=0
[20:35:29] [info] [tas-trace] t=125 mode=7 map=1005 px=0 py=0 mask=0x0
[20:35:29] [info] opl3 backend: on_song_stop
[20:35:29] [info] Loading profile from profile5.dat
[20:35:29] [info]  >> Entering stage 20: 'Save Point'.
[20:35:29] [info] [skip-sheet-flush] cave=2
[20:35:30] [info] MidiScheduler::load: parsed 'data/orgmid2/mura.mid' = 7123 events at 48 PPQ
[20:35:30] [info] opl3 backend: on_song_start
[20:35:30] [info] gameloop: entered (curmap=20, running=1)
[20:35:30] [info] gameloop: iter 1 ticks=19709 mapno=-1
[20:35:30] [info] TAS accumulator clamp: ENABLED (default) (patch 0281; caps the FT accumulator delta at one tick during TAS so a stalled frame cannot race the replay index; set SDL_HINT_DOSKUTSU_TAS_FT_GUARD=0 to disable)
[20:35:30] [info] flip-probe: flip #130 ok=true present=3ms inter_flip_ms=758 drawcalls-since-flip=74 drawcalls-total=11530 fail-total=0 null-skips-total=0
[20:35:30] [info] gameloop: iter 2 ticks=19747 mapno=-1
[20:35:30] [info] [tas-trace] t=129 mode=1 map=20 px=66065 py=73728 mask=0x0 MAPCHG
[20:35:30] [info] gameloop: iter 3 ticks=19779 mapno=-1
[20:35:30] [info] flip-probe: flip #140 ok=true present=3ms inter_flip_ms=20 drawcalls-since-flip=17 drawcalls-total=11700 fail-total=0 null-skips-total=0
[20:35:31] [info] flip-probe: flip #150 ok=true present=3ms inter_flip_ms=20 drawcalls-since-flip=17 drawcalls-total=11870 fail-total=0 null-skips-total=0
[20:35:31] [info] [tas-trace] t=150 mode=1 map=20 px=66065 py=73728 mask=0x0
[20:35:31] [info] flip-probe: flip #160 ok=true present=3ms inter_flip_ms=21 drawcalls-since-flip=17 drawcalls-total=12040 fail-total=0 null-skips-total=0
[20:35:31] [info] flip-probe: flip #170 ok=true present=3ms inter_flip_ms=21 drawcalls-since-flip=17 drawcalls-total=12210 fail-total=0 null-skips-total=0
[20:35:31] [info] [tas-trace] t=175 mode=1 map=20 px=66065 py=73728 mask=0x0
[20:35:31] [info] flip-probe: flip #180 ok=true present=3ms inter_flip_ms=20 drawcalls-since-flip=17 drawcalls-total=12380 fail-total=0 null-skips-total=0
[20:35:31] [info] flip-probe: flip #190 ok=true present=3ms inter_flip_ms=20 drawcalls-since-flip=17 drawcalls-total=12550 fail-total=0 null-skips-total=0
[20:35:32] [info] flip-probe: flip #200 ok=true present=2ms inter_flip_ms=21 drawcalls-since-flip=17 drawcalls-total=12720 fail-total=0 null-skips-total=0
[20:35:32] [info] alpha audit block 0: 2749 total drawcalls, 0 with alpha<255 (block pct_x10=0; global 0/12259 pct_x10=0); alpha-mod skipped: block=0 global=0
[20:35:32] [info] fastpath audit block 0: taken=2749 (idx8=2749) skipped=0 pct_x10=1000; global taken=12259 (idx8=12259) skipped=0 pct_x10=1000
[20:35:32] [info] primitive tally block 0: clear=201(hr=201) fill=0(hr=0) rect=0(hr=0) line=0(hr=0) tint=0 spotlight=0 (over 100 flips ending at flip 200)
[20:35:32] [info] color/alpha audit block 0: cmod_white=292 cmod_black=0 (idx=0) cmod_general=21 (idx=21) cmod_fb=0; alpha_taken=0 alpha_skipped=0 (global cmod=1192/0/441/0 idx=0/441 alpha=0/0)
[20:35:32] [info] phase timing block 0: drawcalls=3263 dc_total_ms=579 flip_inner_total_ms=434 inter_flip_total_ms=2980 (per-flip avg x10: dc_ms=57 fi_ms=43 if_ms=298 derived audio+engine_ms=198; per-drawcall avg us_x10=1777) [direct-vesa: presents=100 total_ms=282 avg_ms_x10=28 failed=0] [ablation: NO_DC_TIMING=0 CACHE_WINSURF=0 DIRECT_VESA=1]
[20:35:32] [info] kbd/audio block 0: kbd_irq=0 kbd_drain=0 ring_chunks=16 pump_pass=197 pic1_mask=0xb8 first_irq_ticks=0 install_ticks=0 vector_at_install=0x008393d0 pic1_mask_live=0x38 kbd_8042_stat=0x34 bios_kbd_head=0x001e bios_kbd_tail=0x001e bios_kbd_buf0=0x1675
[20:35:32] [info] audio/engine split block 0: audio_mixer_calls=0 audio_mixer_ms_x10=0 engine_tick_calls=29 engine_tick_ms_x10=30 audio_service_calls=0 audio_service_ms_x10=0 (per-flip avg; per-call us_x10: audio_mix=0 engine_tick=104363 audio_service=0; global ns: audio_mix=0 engine_tick=4026512348 audio_service=0)
[20:35:32] [info] dirty-rect block @flip=200: total_calls=0 dirty_rects_avg=1 dirty_pct_x10=1000 forced_full=0 first_n_force=0 threshold_exceeded=0 dirty_path_taken=0 full_flush_taken=0
[20:35:32] [info] prev-frame-diff block @flip=200: diff_calls=0 diff_rects_avg=0 diff_dirty_pct_x10=0 bbox_pct_x10=0 bbox_thresh_exceeded=0
[20:35:32] [info] [tas-trace] t=200 mode=1 map=20 px=66065 py=73728 mask=0x20
[20:35:32] [info] flip-probe: flip #210 ok=true present=2ms inter_flip_ms=21 drawcalls-since-flip=19 drawcalls-total=12906 fail-total=0 null-skips-total=0
[20:35:32] [info] flip-probe: flip #220 ok=true present=3ms inter_flip_ms=20 drawcalls-since-flip=18 drawcalls-total=13089 fail-total=0 null-skips-total=0
[20:35:32] [info] [tas-trace] t=225 mode=1 map=20 px=66065 py=73728 mask=0x0
[20:35:32] [info] flip-probe: flip #230 ok=true present=3ms inter_flip_ms=20 drawcalls-since-flip=17 drawcalls-total=13260 fail-total=0 null-skips-total=0
[20:35:32] [info] flip-probe: flip #240 ok=true present=2ms inter_flip_ms=21 drawcalls-since-flip=17 drawcalls-total=13430 fail-total=0 null-skips-total=0
[20:35:33] [info] flip-probe: flip #250 ok=true present=3ms inter_flip_ms=21 drawcalls-since-flip=17 drawcalls-total=13600 fail-total=0 null-skips-total=0
[20:35:33] [info] [tas-trace] t=250 mode=1 map=20 px=66065 py=73728 mask=0x0
[20:35:33] [info] flip-probe: flip #260 ok=true present=2ms inter_flip_ms=21 drawcalls-since-flip=17 drawcalls-total=13770 fail-total=0 null-skips-total=0
[20:35:33] [info] flip-probe: flip #270 ok=true present=3ms inter_flip_ms=20 drawcalls-since-flip=17 drawcalls-total=13940 fail-total=0 null-skips-total=0
[20:35:33] [info] [tas-trace] t=275 mode=1 map=20 px=66065 py=73728 mask=0x0
[20:35:33] [info] flip-probe: flip #280 ok=true present=2ms inter_flip_ms=21 drawcalls-since-flip=17 drawcalls-total=14110 fail-total=0 null-skips-total=0
[20:35:34] [info] flip-probe: flip #290 ok=true present=3ms inter_flip_ms=22 drawcalls-since-flip=15 drawcalls-total=14268 fail-total=0 null-skips-total=0
[20:35:34] [info] flip-probe: flip #300 ok=true present=2ms inter_flip_ms=22 drawcalls-since-flip=18 drawcalls-total=14433 fail-total=0 null-skips-total=0
[20:35:34] [info] alpha audit block 0: 1713 total drawcalls, 0 with alpha<255 (block pct_x10=0; global 0/13972 pct_x10=0); alpha-mod skipped: block=0 global=0
[20:35:34] [info] fastpath audit block 0: taken=1713 (idx8=1713) skipped=0 pct_x10=1000; global taken=13972 (idx8=13972) skipped=0 pct_x10=1000
[20:35:34] [info] primitive tally block 0: clear=200(hr=200) fill=0(hr=0) rect=0(hr=0) line=0(hr=0) tint=0 spotlight=0 (over 100 flips ending at flip 300)
[20:35:34] [info] color/alpha audit block 0: cmod_white=28 cmod_black=0 (idx=0) cmod_general=0 (idx=0) cmod_fb=0; alpha_taken=0 alpha_skipped=0 (global cmod=1220/0/441/0 idx=0/441 alpha=0/0)
[20:35:34] [info] phase timing block 0: drawcalls=1941 dc_total_ms=496 flip_inner_total_ms=437 inter_flip_total_ms=2156 (per-flip avg x10: dc_ms=49 fi_ms=43 if_ms=215 derived audio+engine_ms=123; per-drawcall avg us_x10=2556) [direct-vesa: presents=100 total_ms=283 avg_ms_x10=28 failed=0] [ablation: NO_DC_TIMING=0 CACHE_WINSURF=0 DIRECT_VESA=1]
[20:35:34] [info] kbd/audio block 0: kbd_irq=0 kbd_drain=0 ring_chunks=16 pump_pass=296 pic1_mask=0xb8 first_irq_ticks=0 install_ticks=0 vector_at_install=0x008393d0 pic1_mask_live=0x38 kbd_8042_stat=0x34 bios_kbd_head=0x001e bios_kbd_tail=0x001e bios_kbd_buf0=0x1675
[20:35:34] [info] [tile-speedup-stat n=100 drawtile_us=55.83 raw_blit_us=48.77 ratio=1.14]
[20:35:34] [info] dirty-rect block @flip=300: total_calls=100 dirty_rects_avg=1 dirty_pct_x10=1000 forced_full=0 first_n_force=0 threshold_exceeded=0 dirty_path_taken=0 full_flush_taken=0
[20:35:34] [info] prev-frame-diff block @flip=300: diff_calls=0 diff_rects_avg=0 diff_dirty_pct_x10=0 bbox_pct_x10=0 bbox_thresh_exceeded=0
[20:35:34] [info] [tas-trace] t=300 mode=1 map=20 px=66065 py=73728 mask=0x0
[20:35:34] [info] run_tick_fixed #300: heartbeat (loop alive)
[20:35:34] [info] flip-probe: flip #310 ok=true present=3ms inter_flip_ms=22 drawcalls-since-flip=20 drawcalls-total=14723 fail-total=0 null-skips-total=0
[20:35:34] [info] flip-probe: flip #320 ok=true present=3ms inter_flip_ms=22 drawcalls-since-flip=23 drawcalls-total=14941 fail-total=0 null-skips-total=0
[20:35:35] [info] [tas-trace] t=325 mode=1 map=20 px=66065 py=73728 mask=0x0
[20:35:35] [info] flip-probe: flip #330 ok=true present=3ms inter_flip_ms=22 drawcalls-since-flip=25 drawcalls-total=15182 fail-total=0 null-skips-total=0
[20:35:35] [info] flip-probe: flip #340 ok=true present=3ms inter_flip_ms=22 drawcalls-since-flip=28 drawcalls-total=15447 fail-total=0 null-skips-total=0
[20:35:35] [info] flip-probe: flip #350 ok=true present=3ms inter_flip_ms=23 drawcalls-since-flip=31 drawcalls-total=15747 fail-total=0 null-skips-total=0
[20:35:35] [info] [tas-trace] t=350 mode=1 map=20 px=66065 py=73728 mask=0x0
[20:35:35] [info] flip-probe: flip #360 ok=true present=3ms inter_flip_ms=24 drawcalls-since-flip=31 drawcalls-total=16057 fail-total=0 null-skips-total=0
[20:35:36] [info] flip-probe: flip #370 ok=true present=3ms inter_flip_ms=23 drawcalls-since-flip=32 drawcalls-total=16376 fail-total=0 null-skips-total=0
[20:35:36] [info] [tas-trace] t=375 mode=1 map=20 px=66065 py=73728 mask=0x22
[20:35:36] [info] flip-probe: flip #380 ok=true present=3ms inter_flip_ms=23 drawcalls-since-flip=32 drawcalls-total=16696 fail-total=0 null-skips-total=0
[20:35:36] [info] flip-probe: flip #390 ok=true present=3ms inter_flip_ms=23 drawcalls-since-flip=32 drawcalls-total=17016 fail-total=0 null-skips-total=0
[20:35:36] [info] flip-probe: flip #400 ok=true present=4ms inter_flip_ms=22 drawcalls-since-flip=32 drawcalls-total=17336 fail-total=0 null-skips-total=0
[20:35:36] [info] alpha audit block 0: 2903 total drawcalls, 0 with alpha<255 (block pct_x10=0; global 0/16875 pct_x10=0); alpha-mod skipped: block=0 global=0
[20:35:36] [info] fastpath audit block 0: taken=2903 (idx8=2903) skipped=0 pct_x10=1000; global taken=16875 (idx8=16875) skipped=0 pct_x10=1000
[20:35:36] [info] primitive tally block 0: clear=200(hr=200) fill=0(hr=0) rect=0(hr=0) line=0(hr=0) tint=0 spotlight=0 (over 100 flips ending at flip 400)
[20:35:36] [info] color/alpha audit block 0: cmod_white=1309 cmod_black=0 (idx=0) cmod_general=0 (idx=0) cmod_fb=0; alpha_taken=0 alpha_skipped=0 (global cmod=2529/0/441/0 idx=0/441 alpha=0/0)
[20:35:36] [info] phase timing block 0: drawcalls=4412 dc_total_ms=725 flip_inner_total_ms=450 inter_flip_total_ms=2613 (per-flip avg x10: dc_ms=72 fi_ms=45 if_ms=261 derived audio+engine_ms=144; per-drawcall avg us_x10=1644) [direct-vesa: presents=100 total_ms=289 avg_ms_x10=28 failed=0] [ablation: NO_DC_TIMING=0 CACHE_WINSURF=0 DIRECT_VESA=1]
[20:35:36] [info] kbd/audio block 0: kbd_irq=0 kbd_drain=0 ring_chunks=16 pump_pass=396 pic1_mask=0xb8 first_irq_ticks=0 install_ticks=0 vector_at_install=0x008393d0 pic1_mask_live=0x38 kbd_8042_stat=0x34 bios_kbd_head=0x001e bios_kbd_tail=0x001e bios_kbd_buf0=0x1675
[20:35:36] [info] dirty-rect block @flip=400: total_calls=0 dirty_rects_avg=1 dirty_pct_x10=1000 forced_full=0 first_n_force=0 threshold_exceeded=0 dirty_path_taken=0 full_flush_taken=0
[20:35:36] [info] prev-frame-diff block @flip=400: diff_calls=0 diff_rects_avg=0 diff_dirty_pct_x10=0 bbox_pct_x10=0 bbox_thresh_exceeded=0
[20:35:37] [info] [tas-trace] t=400 mode=1 map=20 px=66065 py=73728 mask=0x0
[20:35:37] [info] flip-probe: flip #410 ok=true present=3ms inter_flip_ms=23 drawcalls-since-flip=32 drawcalls-total=17656 fail-total=0 null-skips-total=0
[20:35:37] [info] flip-probe: flip #420 ok=true present=2ms inter_flip_ms=24 drawcalls-since-flip=32 drawcalls-total=17976 fail-total=0 null-skips-total=0
[20:35:37] [info] [tas-trace] t=425 mode=1 map=20 px=66065 py=73728 mask=0x10
[20:35:37] [info] flip-probe: flip #430 ok=true present=3ms inter_flip_ms=20 drawcalls-since-flip=17 drawcalls-total=18159 fail-total=0 null-skips-total=0
[20:35:37] [info] flip-probe: flip #440 ok=true present=3ms inter_flip_ms=21 drawcalls-since-flip=17 drawcalls-total=18329 fail-total=0 null-skips-total=0
[20:35:37] [info] flip-probe: flip #450 ok=true present=3ms inter_flip_ms=20 drawcalls-since-flip=17 drawcalls-total=18499 fail-total=0 null-skips-total=0
[20:35:38] [info] [tas-trace] t=450 mode=1 map=20 px=66065 py=73728 mask=0x10
[20:35:38] [info] flip-probe: flip #460 ok=true present=3ms inter_flip_ms=20 drawcalls-since-flip=17 drawcalls-total=18669 fail-total=0 null-skips-total=0
[20:35:38] [info] flip-probe: flip #470 ok=true present=3ms inter_flip_ms=20 drawcalls-since-flip=17 drawcalls-total=18839 fail-total=0 null-skips-total=0
[20:35:38] [info] [tas-trace] t=475 mode=1 map=20 px=66065 py=60000 mask=0x10
[20:35:38] [info] flip-probe: flip #480 ok=true present=2ms inter_flip_ms=21 drawcalls-since-flip=17 drawcalls-total=19009 fail-total=0 null-skips-total=0
[20:35:38] [info] flip-probe: flip #490 ok=true present=3ms inter_flip_ms=20 drawcalls-since-flip=17 drawcalls-total=19179 fail-total=0 null-skips-total=0
[20:35:39] [info] flip-probe: flip #500 ok=true present=3ms inter_flip_ms=21 drawcalls-since-flip=19 drawcalls-total=19361 fail-total=0 null-skips-total=0
[20:35:39] [info] alpha audit block 0: 2025 total drawcalls, 0 with alpha<255 (block pct_x10=0; global 0/18900 pct_x10=0); alpha-mod skipped: block=0 global=0
[20:35:39] [info] fastpath audit block 0: taken=2025 (idx8=2025) skipped=0 pct_x10=1000; global taken=18900 (idx8=18900) skipped=0 pct_x10=1000
[20:35:39] [info] primitive tally block 0: clear=200(hr=200) fill=0(hr=0) rect=0(hr=0) line=0(hr=0) tint=0 spotlight=0 (over 100 flips ending at flip 500)
[20:35:39] [info] color/alpha audit block 0: cmod_white=336 cmod_black=0 (idx=0) cmod_general=0 (idx=0) cmod_fb=0; alpha_taken=0 alpha_skipped=0 (global cmod=2865/0/441/0 idx=0/441 alpha=0/0)
[20:35:39] [info] phase timing block 0: drawcalls=2561 dc_total_ms=529 flip_inner_total_ms=429 inter_flip_total_ms=2184 (per-flip avg x10: dc_ms=52 fi_ms=42 if_ms=218 derived audio+engine_ms=124; per-drawcall avg us_x10=2069) [direct-vesa: presents=100 total_ms=282 avg_ms_x10=28 failed=0] [ablation: NO_DC_TIMING=0 CACHE_WINSURF=0 DIRECT_VESA=1]
[20:35:39] [info] kbd/audio block 0: kbd_irq=0 kbd_drain=0 ring_chunks=16 pump_pass=495 pic1_mask=0xb8 first_irq_ticks=0 install_ticks=0 vector_at_install=0x008393d0 pic1_mask_live=0x38 kbd_8042_stat=0x34 bios_kbd_head=0x001e bios_kbd_tail=0x001e bios_kbd_buf0=0x1675
[20:35:39] [info] dirty-rect block @flip=500: total_calls=0 dirty_rects_avg=1 dirty_pct_x10=1000 forced_full=0 first_n_force=0 threshold_exceeded=0 dirty_path_taken=0 full_flush_taken=0
[20:35:39] [info] prev-frame-diff block @flip=500: diff_calls=0 diff_rects_avg=0 diff_dirty_pct_x10=0 bbox_pct_x10=0 bbox_thresh_exceeded=0
[20:35:39] [info] [tas-trace] t=500 mode=1 map=20 px=65051 py=49328 mask=0x30
[20:35:39] [info] flip-probe: flip #510 ok=true present=3ms inter_flip_ms=20 drawcalls-since-flip=19 drawcalls-total=19557 fail-total=0 null-skips-total=0
[20:35:39] [info] flip-probe: flip #520 ok=true present=3ms inter_flip_ms=20 drawcalls-since-flip=17 drawcalls-total=19736 fail-total=0 null-skips-total=0
[20:35:39] [info] [tas-trace] t=525 mode=1 map=20 px=64401 py=74010 mask=0x0
[20:35:39] [info] flip-probe: flip #530 ok=true present=3ms inter_flip_ms=28 drawcalls-since-flip=17 drawcalls-total=19906 fail-total=0 null-skips-total=0
[20:35:39] [info] flip-probe: flip #540 ok=true present=3ms inter_flip_ms=20 drawcalls-since-flip=17 drawcalls-total=20076 fail-total=0 null-skips-total=0
[20:35:40] [info] flip-probe: flip #550 ok=true present=3ms inter_flip_ms=20 drawcalls-since-flip=17 drawcalls-total=20246 fail-total=0 null-skips-total=0
[20:35:40] [info] [tas-trace] t=550 mode=1 map=20 px=64401 py=52410 mask=0x10
[20:35:40] [info] flip-probe: flip #560 ok=true present=3ms inter_flip_ms=20 drawcalls-since-flip=17 drawcalls-total=20416 fail-total=0 null-skips-total=0
[20:35:40] [info] flip-probe: flip #570 ok=true present=2ms inter_flip_ms=21 drawcalls-since-flip=17 drawcalls-total=20586 fail-total=0 null-skips-total=0
[20:35:40] [info] [tas-trace] t=575 mode=1 map=20 px=65421 py=55850 mask=0x10
[20:35:40] [info] flip-probe: flip #580 ok=true present=3ms inter_flip_ms=28 drawcalls-since-flip=17 drawcalls-total=20756 fail-total=0 null-skips-total=0
[20:35:41] [info] flip-probe: flip #590 ok=true present=3ms inter_flip_ms=20 drawcalls-since-flip=17 drawcalls-total=20926 fail-total=0 null-skips-total=0
[20:35:41] [info] flip-probe: flip #600 ok=true present=3ms inter_flip_ms=20 drawcalls-since-flip=17 drawcalls-total=21096 fail-total=0 null-skips-total=0
[20:35:41] [info] alpha audit block 0: 1735 total drawcalls, 0 with alpha<255 (block pct_x10=0; global 0/20635 pct_x10=0); alpha-mod skipped: block=0 global=0
[20:35:41] [info] fastpath audit block 0: taken=1735 (idx8=1735) skipped=0 pct_x10=1000; global taken=20635 (idx8=20635) skipped=0 pct_x10=1000
[20:35:41] [info] primitive tally block 0: clear=200(hr=200) fill=0(hr=0) rect=0(hr=0) line=0(hr=0) tint=0 spotlight=0 (over 100 flips ending at flip 600)
[20:35:41] [info] phase timing block 0: drawcalls=1935 dc_total_ms=477 flip_inner_total_ms=430 inter_flip_total_ms=2156 (per-flip avg x10: dc_ms=47 fi_ms=43 if_ms=215 derived audio+engine_ms=125; per-drawcall avg us_x10=2470) [direct-vesa: presents=100 total_ms=282 avg_ms_x10=28 failed=0] [ablation: NO_DC_TIMING=0 CACHE_WINSURF=0 DIRECT_VESA=1]
[20:35:41] [info] kbd/audio block 0: kbd_irq=0 kbd_drain=0 ring_chunks=16 pump_pass=595 pic1_mask=0xb8 first_irq_ticks=0 install_ticks=0 vector_at_install=0x008393d0 pic1_mask_live=0x38 kbd_8042_stat=0x34 bios_kbd_head=0x001e bios_kbd_tail=0x001e bios_kbd_buf0=0x1675
[20:35:41] [info] dirty-rect block @flip=600: total_calls=0 dirty_rects_avg=1 dirty_pct_x10=1000 forced_full=0 first_n_force=0 threshold_exceeded=0 dirty_path_taken=0 full_flush_taken=0
[20:35:41] [info] prev-frame-diff block @flip=600: diff_calls=0 diff_rects_avg=0 diff_dirty_pct_x10=0 bbox_pct_x10=0 bbox_thresh_exceeded=0
[20:35:41] [info] [tas-trace] t=600 mode=1 map=20 px=66695 py=74227 mask=0x30
[20:35:41] [info] run_tick_fixed #600: heartbeat (loop alive)
[20:35:41] [info] flip-probe: flip #610 ok=true present=3ms inter_flip_ms=21 drawcalls-since-flip=19 drawcalls-total=21282 fail-total=0 null-skips-total=0
[20:35:41] [info] flip-probe: flip #620 ok=true present=3ms inter_flip_ms=21 drawcalls-since-flip=20 drawcalls-total=21479 fail-total=0 null-skips-total=0
[20:35:41] [info] flip-probe: flip #630 ok=true present=3ms inter_flip_ms=20 drawcalls-since-flip=18 drawcalls-total=21664 fail-total=0 null-skips-total=0
[20:35:41] [info] [tas-trace] t=625 mode=1 map=20 px=66695 py=72979 mask=0x12
[20:35:42] [info] flip-probe: flip #640 ok=true present=3ms inter_flip_ms=20 drawcalls-since-flip=17 drawcalls-total=21837 fail-total=0 null-skips-total=0
[20:35:42] [info] flip-probe: flip #650 ok=true present=3ms inter_flip_ms=20 drawcalls-since-flip=17 drawcalls-total=22007 fail-total=0 null-skips-total=0
[20:35:42] [info] [tas-trace] t=650 mode=1 map=20 px=67123 py=52179 mask=0x12
[20:35:42] [info] flip-probe: flip #660 ok=true present=3ms inter_flip_ms=21 drawcalls-since-flip=19 drawcalls-total=22197 fail-total=0 null-skips-total=0
[20:35:42] [info] flip-probe: flip #670 ok=true present=3ms inter_flip_ms=20 drawcalls-since-flip=19 drawcalls-total=22397 fail-total=0 null-skips-total=0
[20:35:42] [info] flip-probe: flip #680 ok=true present=3ms inter_flip_ms=20 drawcalls-since-flip=19 drawcalls-total=22597 fail-total=0 null-skips-total=0
[20:35:42] [info] [tas-trace] t=675 mode=1 map=20 px=71525 py=54547 mask=0x0
[20:35:43] [info] flip-probe: flip #690 ok=true present=2ms inter_flip_ms=21 drawcalls-since-flip=17 drawcalls-total=22777 fail-total=0 null-skips-total=0
[20:35:43] [info] flip-probe: flip #700 ok=true present=3ms inter_flip_ms=20 drawcalls-since-flip=17 drawcalls-total=22947 fail-total=0 null-skips-total=0
[20:35:43] [info] alpha audit block 0: 1851 total drawcalls, 0 with alpha<255 (block pct_x10=0; global 0/22486 pct_x10=0); alpha-mod skipped: block=0 global=0
[20:35:43] [info] fastpath audit block 0: taken=1851 (idx8=1851) skipped=0 pct_x10=1000; global taken=22486 (idx8=22486) skipped=0 pct_x10=1000
[20:35:43] [info] primitive tally block 0: clear=200(hr=200) fill=0(hr=0) rect=0(hr=0) line=0(hr=0) tint=0 spotlight=0 (over 100 flips ending at flip 700)
[20:35:43] [info] phase timing block 0: drawcalls=2051 dc_total_ms=479 flip_inner_total_ms=429 inter_flip_total_ms=2161 (per-flip avg x10: dc_ms=47 fi_ms=42 if_ms=216 derived audio+engine_ms=127; per-drawcall avg us_x10=2340) [direct-vesa: presents=100 total_ms=287 avg_ms_x10=28 failed=0] [ablation: NO_DC_TIMING=0 CACHE_WINSURF=0 DIRECT_VESA=1]
[20:35:43] [info] kbd/audio block 0: kbd_irq=0 kbd_drain=0 ring_chunks=16 pump_pass=694 pic1_mask=0xb8 first_irq_ticks=0 install_ticks=0 vector_at_install=0x008393d0 pic1_mask_live=0x38 kbd_8042_stat=0x34 bios_kbd_head=0x001e bios_kbd_tail=0x001e bios_kbd_buf0=0x1675
[20:35:43] [info] dirty-rect block @flip=700: total_calls=0 dirty_rects_avg=1 dirty_pct_x10=1000 forced_full=0 first_n_force=0 threshold_exceeded=0 dirty_path_taken=0 full_flush_taken=0
[20:35:43] [info] prev-frame-diff block @flip=700: diff_calls=0 diff_rects_avg=0 diff_dirty_pct_x10=0 bbox_pct_x10=0 bbox_thresh_exceeded=0
[20:35:43] [info] [tas-trace] t=700 mode=1 map=20 px=75917 py=74189 mask=0x22
[20:35:43] [info] flip-probe: flip #710 ok=true present=3ms inter_flip_ms=20 drawcalls-since-flip=19 drawcalls-total=23127 fail-total=0 null-skips-total=0
[20:35:43] [info] flip-probe: flip #720 ok=true present=4ms inter_flip_ms=20 drawcalls-since-flip=18 drawcalls-total=23313 fail-total=0 null-skips-total=0
[20:35:43] [info] gameloop: iter 600 ticks=33112 mapno=-1
[20:35:44] [info] flip-probe: flip #730 ok=true present=3ms inter_flip_ms=21 drawcalls-since-flip=17 drawcalls-total=23486 fail-total=0 null-skips-total=0
[20:35:44] [info] [tas-trace] t=725 mode=1 map=20 px=75917 py=74189 mask=0x0
[20:35:44] [info] flip-probe: flip #740 ok=true present=3ms inter_flip_ms=20 drawcalls-since-flip=17 drawcalls-total=23656 fail-total=0 null-skips-total=0
[20:35:44] [info] flip-probe: flip #750 ok=true present=3ms inter_flip_ms=27 drawcalls-since-flip=150 drawcalls-total=24211 fail-total=0 null-skips-total=0
[20:35:44] [info] [tas-trace] t=750 mode=1 map=20 px=77328 py=74189 mask=0x0
[20:35:44] [info] flip-probe: flip #760 ok=true present=3ms inter_flip_ms=40 drawcalls-since-flip=358 drawcalls-total=27135 fail-total=0 null-skips-total=0
[20:35:45] [info] flip-probe: flip #770 ok=true present=3ms inter_flip_ms=41 drawcalls-since-flip=358 drawcalls-total=30715 fail-total=0 null-skips-total=0
[20:35:45] [info]  >> Entering stage 11: 'Mimiga Village'.
[20:35:45] [info] [skip-sheet-flush] cave=3
[20:35:45] [info] [load-stage] preloading entry music song=9 (cave=3)
[20:35:45] [info] gameloop: entered (curmap=11, running=1)
[20:35:45] [info] gameloop: iter 1 ticks=35020 mapno=-1
[20:35:45] [info] [tas-trace] t=772 mode=1 map=11 px=196608 py=278528 mask=0x0 MAPCHG
[20:35:45] [info] map: mds_clear LUT ENABLED (default) (set SDL_HINT_DOSKUTSU_MDS_CLEAR_LUT=0 to disable; default ON; patch 0144 wave-49 bandwidth lever)
[20:35:45] [info] mds-clear-lut: rebuilt N=240 entries (k_skip=0% k_keep=100%; curmap=11 map_size=60x60; rebuild #1 since boot)
[20:35:45] [info] backdrop thrash full-cover ENABLED (default) (set SDL_HINT_DOSKUTSU_THRASH_FULLCOVER=0 to disable)
[20:35:45] [info] [bd-diag] backdrop render-path diag disabled (default) (set SDL_HINT_DOSKUTSU_BACKDROP_DIAG=1 to enable)
[20:35:46] [info] gameloop: iter 2 ticks=35118 mapno=-1
[20:35:46] [info] gameloop: iter 3 ticks=35174 mapno=-1
[20:35:46] [info] flip-probe: flip #780 ok=true present=3ms inter_flip_ms=56 drawcalls-since-flip=384 drawcalls-total=33669 fail-total=0 null-skips-total=0
[20:35:46] [info] [tas-trace] t=775 mode=1 map=11 px=196608 py=278528 mask=0x0
[20:35:46] [info] flip-probe: flip #790 ok=true present=3ms inter_flip_ms=50 drawcalls-since-flip=384 drawcalls-total=37509 fail-total=0 null-skips-total=0
[20:35:47] [info] flip-probe: flip #800 ok=true present=2ms inter_flip_ms=41 drawcalls-since-flip=240 drawcalls-total=40869 fail-total=0 null-skips-total=0
[20:35:47] [info] alpha audit block 0: 17600 total drawcalls, 0 with alpha<255 (block pct_x10=0; global 0/40086 pct_x10=0); alpha-mod skipped: block=0 global=0
[20:35:47] [info] fastpath audit block 0: taken=17600 (idx8=17600) skipped=0 pct_x10=1000; global taken=40086 (idx8=40086) skipped=0 pct_x10=1000
[20:35:47] [info] primitive tally block 0: clear=202(hr=202) fill=0(hr=0) rect=0(hr=0) line=0(hr=0) tint=0 spotlight=0 (over 100 flips ending at flip 800)
[20:35:47] [info] color/alpha audit block 0: cmod_white=299 cmod_black=299 (idx=299) cmod_general=0 (idx=0) cmod_fb=0; alpha_taken=0 alpha_skipped=0 (global cmod=3164/299/441/0 idx=299/441 alpha=0/0)
[20:35:47] [info] phase timing block 0: drawcalls=18423 dc_total_ms=1309 flip_inner_total_ms=437 inter_flip_total_ms=3764 (per-flip avg x10: dc_ms=130 fi_ms=43 if_ms=376 derived audio+engine_ms=203; per-drawcall avg us_x10=710) [direct-vesa: presents=100 total_ms=280 avg_ms_x10=28 failed=0] [ablation: NO_DC_TIMING=0 CACHE_WINSURF=0 DIRECT_VESA=1]
[20:35:47] [info] kbd/audio block 0: kbd_irq=24 kbd_drain=24 ring_chunks=16 pump_pass=794 pic1_mask=0xb8 first_irq_ticks=731 install_ticks=0 vector_at_install=0x008393d0 pic1_mask_live=0x38 kbd_8042_stat=0x14 bios_kbd_head=0x001e bios_kbd_tail=0x001e bios_kbd_buf0=0x1675
[20:35:47] [info] dirty-rect block @flip=800: total_calls=0 dirty_rects_avg=1 dirty_pct_x10=1000 forced_full=0 first_n_force=0 threshold_exceeded=0 dirty_path_taken=0 full_flush_taken=0
[20:35:47] [info] prev-frame-diff block @flip=800: diff_calls=0 diff_rects_avg=0 diff_dirty_pct_x10=0 bbox_pct_x10=0 bbox_thresh_exceeded=0
[20:35:47] [info] [tas-trace] t=800 mode=1 map=11 px=196608 py=278528 mask=0x0
[20:35:47] [info] flip-probe: flip #810 ok=true present=3ms inter_flip_ms=36 drawcalls-since-flip=32 drawcalls-total=41845 fail-total=0 null-skips-total=0
[20:35:48] [info] flip-probe: flip #820 ok=true present=3ms inter_flip_ms=30 drawcalls-since-flip=43 drawcalls-total=42242 fail-total=0 null-skips-total=0
[20:35:48] [info] flip-probe: flip #830 ok=true present=3ms inter_flip_ms=37 drawcalls-since-flip=43 drawcalls-total=42672 fail-total=0 null-skips-total=0
[20:35:48] [info] [tas-trace] t=825 mode=1 map=11 px=196608 py=278528 mask=0x0
[20:35:48] [info] flip-probe: flip #840 ok=true present=3ms inter_flip_ms=37 drawcalls-since-flip=43 drawcalls-total=43102 fail-total=0 null-skips-total=0
[20:35:49] [info] flip-probe: flip #850 ok=true present=3ms inter_flip_ms=29 drawcalls-since-flip=43 drawcalls-total=43532 fail-total=0 null-skips-total=0
[20:35:49] [info] [tas-trace] t=850 mode=1 map=11 px=196438 py=278528 mask=0x0
[20:35:49] [info] flip-probe: flip #860 ok=true present=3ms inter_flip_ms=30 drawcalls-since-flip=43 drawcalls-total=43962 fail-total=0 null-skips-total=0
[20:35:49] [info] flip-probe: flip #870 ok=true present=3ms inter_flip_ms=38 drawcalls-since-flip=43 drawcalls-total=44392 fail-total=0 null-skips-total=0
[20:35:50] [info] flip-probe: flip #880 ok=true present=2ms inter_flip_ms=38 drawcalls-since-flip=43 drawcalls-total=44822 fail-total=0 null-skips-total=0
[20:35:50] [info] [tas-trace] t=875 mode=1 map=11 px=196438 py=256928 mask=0x10
[20:35:50] [info] flip-probe: flip #890 ok=true present=3ms inter_flip_ms=31 drawcalls-since-flip=43 drawcalls-total=45252 fail-total=0 null-skips-total=0
[20:35:50] [info] flip-probe: flip #900 ok=true present=3ms inter_flip_ms=28 drawcalls-since-flip=17 drawcalls-total=45604 fail-total=0 null-skips-total=0
[20:35:50] [info] alpha audit block 0: 3374 total drawcalls, 0 with alpha<255 (block pct_x10=0; global 0/43460 pct_x10=0); alpha-mod skipped: block=0 global=0
[20:35:50] [info] fastpath audit block 0: taken=3374 (idx8=3374) skipped=0 pct_x10=1000; global taken=43460 (idx8=43460) skipped=0 pct_x10=1000
[20:35:50] [info] primitive tally block 0: clear=200(hr=200) fill=0(hr=0) rect=0(hr=0) line=0(hr=0) tint=0 spotlight=0 (over 100 flips ending at flip 900)
[20:35:50] [info] color/alpha audit block 0: cmod_white=1261 cmod_black=1261 (idx=1261) cmod_general=0 (idx=0) cmod_fb=0; alpha_taken=0 alpha_skipped=0 (global cmod=4425/1560/441/0 idx=1560/441 alpha=0/0)
[20:35:50] [info] phase timing block 0: drawcalls=6196 dc_total_ms=1096 flip_inner_total_ms=429 inter_flip_total_ms=3647 (per-flip avg x10: dc_ms=109 fi_ms=42 if_ms=364 derived audio+engine_ms=213; per-drawcall avg us_x10=1770) [direct-vesa: presents=100 total_ms=279 avg_ms_x10=27 failed=0] [ablation: NO_DC_TIMING=0 CACHE_WINSURF=0 DIRECT_VESA=1]
[20:35:50] [info] kbd/audio block 0: kbd_irq=32 kbd_drain=32 ring_chunks=16 pump_pass=894 pic1_mask=0xb8 first_irq_ticks=731 install_ticks=0 vector_at_install=0x008393d0 pic1_mask_live=0x38 kbd_8042_stat=0x14 bios_kbd_head=0x001e bios_kbd_tail=0x001e bios_kbd_buf0=0x1675
[20:35:50] [info] dirty-rect block @flip=900: total_calls=0 dirty_rects_avg=1 dirty_pct_x10=1000 forced_full=0 first_n_force=0 threshold_exceeded=0 dirty_path_taken=0 full_flush_taken=0
[20:35:50] [info] prev-frame-diff block @flip=900: diff_calls=0 diff_rects_avg=0 diff_dirty_pct_x10=0 bbox_pct_x10=0 bbox_thresh_exceeded=0
[20:35:50] [info] [tas-trace] t=900 mode=1 map=11 px=196702 py=262288 mask=0x0
[20:35:51] [info] run_tick_fixed #900: heartbeat (loop alive)
[20:35:51] [info] flip-probe: flip #910 ok=true present=2ms inter_flip_ms=35 drawcalls-since-flip=17 drawcalls-total=45774 fail-total=0 null-skips-total=0
[20:35:51] [info] flip-probe: flip #920 ok=true present=3ms inter_flip_ms=35 drawcalls-since-flip=17 drawcalls-total=45944 fail-total=0 null-skips-total=0
[20:35:51] [info] flip-probe: flip #930 ok=true present=3ms inter_flip_ms=28 drawcalls-since-flip=17 drawcalls-total=46114 fail-total=0 null-skips-total=0
[20:35:51] [info] [tas-trace] t=925 mode=1 map=11 px=197494 py=278810 mask=0x0
[20:35:52] [info] flip-probe: flip #940 ok=true present=2ms inter_flip_ms=29 drawcalls-since-flip=17 drawcalls-total=46284 fail-total=0 null-skips-total=0
[20:35:52] [info] flip-probe: flip #950 ok=true present=4ms inter_flip_ms=34 drawcalls-since-flip=17 drawcalls-total=46454 fail-total=0 null-skips-total=0
[20:35:52] [info] [tas-trace] t=950 mode=1 map=11 px=197560 py=259322 mask=0x32
[20:35:52] [info] backdrop cache: thrashing-detect engaged (streak=4, route=direct)
[20:35:52] [info] flip-probe: flip #960 ok=true present=3ms inter_flip_ms=30 drawcalls-since-flip=19 drawcalls-total=46634 fail-total=0 null-skips-total=0
[20:35:53] [info] flip-probe: flip #970 ok=true present=3ms inter_flip_ms=29 drawcalls-since-flip=20 drawcalls-total=46826 fail-total=0 null-skips-total=0
[20:35:53] [info] flip-probe: flip #980 ok=true present=3ms inter_flip_ms=30 drawcalls-since-flip=20 drawcalls-total=47023 fail-total=0 null-skips-total=0
[20:35:53] [info] [tas-trace] t=975 mode=1 map=11 px=200714 py=256826 mask=0x30
[20:35:53] [info] flip-probe: flip #990 ok=true present=3ms inter_flip_ms=29 drawcalls-since-flip=18 drawcalls-total=47213 fail-total=0 null-skips-total=0
[20:35:53] [info] flip-probe: flip #1000 ok=true present=3ms inter_flip_ms=35 drawcalls-since-flip=17 drawcalls-total=47385 fail-total=0 null-skips-total=0
[20:35:53] [info] alpha audit block 0: 1681 total drawcalls, 0 with alpha<255 (block pct_x10=0; global 0/45141 pct_x10=0); alpha-mod skipped: block=0 global=0
[20:35:53] [info] fastpath audit block 0: taken=1681 (idx8=1681) skipped=0 pct_x10=1000; global taken=45141 (idx8=45141) skipped=0 pct_x10=1000
[20:35:53] [info] primitive tally block 0: clear=200(hr=200) fill=0(hr=0) rect=0(hr=0) line=0(hr=0) tint=0 spotlight=0 (over 100 flips ending at flip 1000)
[20:35:53] [info] phase timing block 0: drawcalls=1939 dc_total_ms=769 flip_inner_total_ms=436 inter_flip_total_ms=3170 (per-flip avg x10: dc_ms=76 fi_ms=43 if_ms=317 derived audio+engine_ms=198; per-drawcall avg us_x10=3967) [direct-vesa: presents=100 total_ms=282 avg_ms_x10=28 failed=0] [ablation: NO_DC_TIMING=0 CACHE_WINSURF=0 DIRECT_VESA=1]
[20:35:53] [info] kbd/audio block 0: kbd_irq=32 kbd_drain=32 ring_chunks=16 pump_pass=994 pic1_mask=0xb8 first_irq_ticks=731 install_ticks=0 vector_at_install=0x008393d0 pic1_mask_live=0x38 kbd_8042_stat=0x14 bios_kbd_head=0x001e bios_kbd_tail=0x001e bios_kbd_buf0=0x1675
[20:35:53] [info] dirty-rect block @flip=1000: total_calls=0 dirty_rects_avg=1 dirty_pct_x10=1000 forced_full=0 first_n_force=0 threshold_exceeded=0 dirty_path_taken=0 full_flush_taken=0
[20:35:53] [info] prev-frame-diff block @flip=1000: diff_calls=0 diff_rects_avg=0 diff_dirty_pct_x10=0 bbox_pct_x10=0 bbox_thresh_exceeded=0
[20:35:54] [info] [tas-trace] t=1000 mode=1 map=11 px=205816 py=278868 mask=0x0
[20:35:54] [info] flip-probe: flip #1010 ok=true present=3ms inter_flip_ms=30 drawcalls-since-flip=17 drawcalls-total=47555 fail-total=0 null-skips-total=0
[20:35:54] [info] backdrop cache: thrashing-detect engaged (streak=64, route=direct)
[20:35:54] [info] flip-probe: flip #1020 ok=true present=3ms inter_flip_ms=31 drawcalls-since-flip=58 drawcalls-total=47930 fail-total=0 null-skips-total=0
[20:35:55] [info] flip-probe: flip #1030 ok=true present=3ms inter_flip_ms=32 drawcalls-since-flip=58 drawcalls-total=48510 fail-total=0 null-skips-total=0
[20:35:55] [info] [tas-trace] t=1025 mode=1 map=11 px=205816 py=278868 mask=0x0
[20:35:55] [info] tas: end-of-replay auto-exit at tick 1028 (recording exhausted; set DOSKUTSU_TAS_REPLAY_HOLD=1 to disable + observe steady-state past recording end)
[20:35:55] [info] Script engine shutdown.
[20:35:55] [info] opl3 backend: on_song_stop
[20:35:55] [info] opl3 backend: cleared reg 0xBD chip-wide latch (wub-wub mitigation per flush-instr WAVE-46 H6)
[20:35:55] [info] opl3 backend shutdown (all 18 voices KEY-OFF unconditionally; OPL2 mode restored; chip state safe for next process)
[20:35:55] [info] Sound system shutdown
[20:35:55] [info] Renderer::Close()
[20:35:55] [info] tas: replay file closed
[RUNMANIFEST-BEGIN]
schema_version=1
environment=realhw
binary_sha12=be73825044e8
wave_tag=TP
scene=
env_block_sha=2879d0e2fdfb
started_utc=2026-11-13T12:43:58Z
duration_s=45
exit_code=0
fps_p50=NA
fps_p95=NA
audio_vital_status=NA
regime=NA
banner_required_hit=0
banner_required_total=0
banner_forbidden_hit=0
banner_optional_hit=0
critical_count=0
warn_count=0
[RUNMANIFEST-END]
[20:35:55] [info] [runmanifest-emit] schema=v1 env=realhw sha12=be73825044e8 dur=45s tag='TP' scene='' env_sha=2879d0e2fdfb (signals=0x4)
