Logger::init: wave-53 log level=INFO path='LOGS/TR.LOG'
[20:34:07] [info] config: loaded DOSKUTSU.CFG (3 keys)
[20:34:07] [info] tas: PRNG seed forced to 12345 via DOSKUTSU_TAS_PRNG_SEED
[20:34:07] [info] tas: record opened path='QA282.TAS' header_seed=12345
[20:34:08] [info] data cache: DISABLED (default)
[20:34:08] [info] Joystick: skipped (default; set DOSKUTSU_USE_JOYSTICK=1 to enable -- skips SDL3-DOS gameport BIOS INT 15h polling, ~82 ms / flip on real HW)
[20:34:08] [info] Loading settings...
[20:34:08] [info] [input-bind] applied=0 invert_y=0 dos_axes=1
[20:34:08] [info] Renderer::initVideo: 8bpp mode requested via SDL_HINT_DOS_MAX_BPP=8 (wave 16); SDL3-DOS will pick the highest-bpp <= 8 mode at requested resolution
[20:34:08] [info] Renderer::initVideo: DOS resolution-label lock ENABLED (default)
[20:34:08] [info] Renderer::initVideo: using: software renderer
[20:34:10] [info] Renderer::initVideo: dirty-rect tracking ENABLED (wave 15, default ON; set SDL_HINT_DOSKUTSU_DIRTY_RECTS=0 to disable)
[20:34:10] [info] Renderer::initVideo: ablation flags: NO_DC_TIMING=0 CACHE_WINSURF=0 NO_INPUT_POLL=0 DIRECT_VESA=1
[20:34:10] [info] Renderer::initVideo: direct-VESA hot path ENABLED (default since wave 20 patch 0088; bypasses SDL_RenderPresent / SDL_UpdateWindowSurface and writes via SDL/0034's PresentFull helper; R2 mitigation handled by SDL/0034 generation counter -- no per-N-flip heartbeat needed; set SDL_HINT_DOSKUTSU_DIRECT_VESA=0 to revert)
[20:34:10] [info] Renderer::initVideo: flip-phase instrumentation DISABLED (default; set SDL_HINT_DOSKUTSU_FLIP_INSTR=1 to opt in for wave-20 Lever A diagnostic)
[20:34:10] [info] Renderer::initVideo: asm opaque-span blit lever DISABLED (default; set SDL_HINT_DOSKUTSU_ASM_BLIT=1 to opt in -- wave-51 _blit_indexed colorkey-blit lever)
[20:34:10] [info] Renderer::initVideo: blit-decomp instrumentation DISABLED (default; set SDL_HINT_DOSKUTSU_BLIT_DECOMP=1 to opt in -- wave-51 _blit_indexed sub-decomp sizing)
[20:34:10] [info] Renderer::initVideo: mds-scroll-decomp instrumentation DISABLED (default; set SDL_HINT_DOSKUTSU_MDS_DECOMP=1 to opt in -- wave-52 mode_draw_scene scrolling-block decomp)
[20:34:10] [info] Renderer::initVideo: DOSVESA pump yield: skipped (default) (per-flip explicit SDL_Delay(0) yield is always on; set SDL_HINT_DOSKUTSU_FORCE_PUMP_YIELD=1 to restore old per-pump yield)
[20:34:10] [info] Renderer::initVideo: indexed-mode (8bpp) ENABLED -- master palette + 107 per-asset remap LUTs loaded (wave 16, default ON; set SDL_HINT_DOSKUTSU_PIXEL_FORMAT_8=0 to disable)
[20:34:10] [info] Renderer::initVideo: master palette attached to window surface (format=SDL_PIXELFORMAT_INDEX8, ncolors=256)
[20:34:10] [info] Renderer::initVideo: indexed-mode smoke: idx0=(0,0,0) OK idx255=(255,0,255) OK
[20:34:10] [info] Renderer::initVideo: indexed-mode smoke: paletteRemapFor('MyChar.pbm') = present
[20:34:10] [info] Surface::loadImage palmap-diag #1: 'data/Loading.pbm' fmt=SDL_PIXELFORMAT_ABGR8888 remap=HIT -> path=truecolor
[20:34:10] [info] Renderer: prev-frame diff DISABLED (default since wave 17.6; set SDL_HINT_DOSKUTSU_PREVFRAME_DIFF=1 to opt in)
[20:34:10] [info] flip-probe: renderer=software window_ptr=8806040 colorspace=301991328 window_size=320x240 framebuffer_pixels=320x240 logical_present=320x240 mode=2
[20:34:10] [info] flip-probe: first flip ok=true present=43ms inter_flip_ms=0 drawcalls-since-flip=1 drawcalls-total=1
[20:34:10] [info] Sound system init
[20:34:10] [info] Sound system: 4-state audio enable (#31) -- music=on sfx=on (MUSIC_OFF/AUDIO_BACKEND=none -> music-off; SFX_OFF/SFX_DEVICE=none -> sfx-off; both gates are dispatch-level, the device still opens; AUDIO_OFF=1 is the device-level both-off).
[20:34:10] [info] Sound system: Tier-2 audio config (default since wave 21 patch 0093; 11025 Hz, 1 channel, buffer pinned to 256 frames). Measured savings on g2k Pentium OverDrive 83 MHz (W21A): heavy-music scenes ~+11 fps vs Tier-1 baseline (measured -10 to -15 ms/flip post-0094 audio fix; W21A's pre-fix -26.6 ms figure was inflated by stereo-vs-mono playback bug, see patch 0094). Audio quality is reduced vs Tier-1 (mono, 11025 Hz, simple-average L+R downmix) but recognizable; user accepted the trade per direction 2026-05-05. Set SDL_HINT_DOSKUTSU_AUDIO_TIER2=0 to revert to Tier-1 22050 stereo (full Cave Story 2004 audio quality; trades fps for fidelity).
[20:34:10] [info] Sound system: SDL_HINT_AUDIO_DEVICE_SAMPLE_FRAMES=256
[20:34:10] [info] Pixtone IRQ rate-divider: handed master_rate=11025 int16/s (SAMPLE_RATE=11025 x AUDIO_CHANNELS=1) to SDL for auto-RATEDIV (SDL/0074 computes shift_div from the resolved device freq).
[20:34:10] [info] Sound system: device frame-rate: requesting 11025 Hz match to master (SDL_DOSAudioSetDeviceFrameRate; SB16 opens at the engine frame rate instead of SDL's 44100 floor -- 4x less PCM/s + no resampler on the Organya/Pixtone path; killswitch SDL_HINT_DOSKUTSU_DOS_AUDIO_DEVICE_RATE_DEFAULT=0).
[20:34:11] [info] audio backend: opl3 (Phase 10 Stage 4 -- concrete OPL3 FM synthesis backend via SDL/0037+ OPL3 helpers; MidiScheduler routes music dispatch through 18 x 2-op voice allocator + small inline patch bank). SoundManager::init will probe OPL3 via Adlib timer-1 sequence + fall back to organya gracefully if the chip is absent. Pixtone SFX still active on SB16 DAC.
[20:34:11] [info] wave-13.6.1: ring_chunks=16 FORCE_PUMP_YIELD=off (set SDL_HINT_DOSKUTSU_AUDIO_RING_CHUNKS=4|8|16 to override; default 16 matches wave 13.6 behaviour)
[20:34:11] [info] MidiScheduler: MIDI source = 'orgmid2' (native-GM org2mid set; resolves to data/orgmid2/<name>.mid).
[20:34:11] [info] opl3 backend probing for OPL3 chip (Adlib timer-1 sequence)...
[20:34:11] [info] opl3 backend: opl3bank.dat loaded 128 programs from 'data/opl3bank.dat' (v1; 1536 bytes payload). Per-program GM patches now use the runtime bank; programs >= 128 fall back to 8-patch family bucket. Drum channel (MIDI ch 9) unchanged (uses PATCH_DRUM regardless of bank loading).
[20:34:11] [info] opl3 backend ready (OPL3 detected via Adlib timer-1; InitChip applied 18 x 2-op layout; voice allocator armed). Patch bank state: runtime opl3bank.dat ACTIVE (loaded_count=128; programs >= loaded_count fall back to 8-patch placeholder covering GM family categories piano/mallet/organ/guitar/strings/brass/reed/pad). Phase 10.5 path: ship a fuller community bank as data/opl3bank.dat (DOPL3v1 format; 12-byte SBI records per GM program; loader at MidiBackendOpl3 ctor).
[20:34:11] [info] opl3 backend: PATCH_ORGAN + PATCH_MALLET RR=8 (medium release; wub-wub fix per patch 0171; was RR=0 in slot 0103 placeholder -- KEY-OFF couldn't silence; H6 reg 0xBD wave-47 falsified; H1+H5/RR=0 byte-level bug root per WAVE-46/47 analysis)
[20:34:11] [info] Sound system: MidiScheduler armed with MidiBackendOpl3 (patch 0103 Phase 10 Stage 4). Music dispatch routes via SMF parser + 18 x 2-op OPL3 voice allocator + small inline patch bank (community-sourced from Apogee Sound System / AdLib SBI public-domain refs). Pixtone SFX still active on SB16 DAC.
[20:34:11] [info] Sound system: idle-pause skipped (default OFF since patch 0119; backend=opl3 would qualify but operator did not opt-in via SDL_HINT_DOSKUTSU_IDLE_PAUSE=1). DSP stays in continuous-stream mode. Re-enable for an A/B iter once SDL/0037 ForcePause non-engagement is rooted out (task #17).
[20:34:11] [warn] Music dir Ogg/ doesn't exist
[20:34:11] [warn] Music dir Ogg11/ doesn't exist
[20:34:11] [warn] Music dir Ogg17/ doesn't exist
[20:34:11] [warn] Music dir Ogg_ridic/ doesn't exist
[20:34:11] [info] Loading Sound FX...
[20:34:12] [warn] pxt->load: file 'data/pxt/fx08.pxt' not found.
[20:34:12] [warn] pxt->load: file 'data/pxt/fx09.pxt' not found.
[20:34:12] [warn] pxt->load: file 'data/pxt/fx0a.pxt' not found.
[20:34:12] [warn] pxt->load: file 'data/pxt/fx0d.pxt' not found.
[20:34:13] [warn] pxt->load: file 'data/pxt/fx13.pxt' not found.
[20:34:16] [warn] pxt->load: file 'data/pxt/fx24.pxt' not found.
[20:34:21] [warn] pxt->load: file 'data/pxt/fx42.pxt' not found.
[20:34:21] [warn] pxt->load: file 'data/pxt/fx43.pxt' not found.
[20:34:21] [warn] pxt->load: file 'data/pxt/fx44.pxt' not found.
[20:34:21] [warn] pxt->load: file 'data/pxt/fx45.pxt' not found.
[20:34:22] [warn] pxt->load: file 'data/pxt/fx49.pxt' not found.
[20:34:22] [warn] pxt->load: file 'data/pxt/fx4a.pxt' not found.
[20:34:22] [warn] pxt->load: file 'data/pxt/fx4b.pxt' not found.
[20:34:22] [warn] pxt->load: file 'data/pxt/fx4c.pxt' not found.
[20:34:22] [warn] pxt->load: file 'data/pxt/fx4d.pxt' not found.
[20:34:22] [warn] pxt->load: file 'data/pxt/fx4e.pxt' not found.
[20:34:22] [warn] pxt->load: file 'data/pxt/fx4f.pxt' not found.
[20:34:22] [warn] pxt->load: file 'data/pxt/fx50.pxt' not found.
[20:34:22] [warn] pxt->load: file 'data/pxt/fx51.pxt' not found.
[20:34:22] [warn] pxt->load: file 'data/pxt/fx52.pxt' not found.
[20:34:23] [warn] pxt->load: file 'data/pxt/fx53.pxt' not found.
[20:34:23] [warn] pxt->load: file 'data/pxt/fx54.pxt' not found.
[20:34:23] [warn] pxt->load: file 'data/pxt/fx55.pxt' not found.
[20:34:23] [warn] pxt->load: file 'data/pxt/fx56.pxt' not found.
[20:34:23] [warn] pxt->load: file 'data/pxt/fx57.pxt' not found.
[20:34:23] [warn] pxt->load: file 'data/pxt/fx58.pxt' not found.
[20:34:23] [warn] pxt->load: file 'data/pxt/fx59.pxt' not found.
[20:34:23] [warn] pxt->load: file 'data/pxt/fx5a.pxt' not found.
[20:34:23] [warn] pxt->load: file 'data/pxt/fx5b.pxt' not found.
[20:34:23] [warn] pxt->load: file 'data/pxt/fx5c.pxt' not found.
[20:34:23] [warn] pxt->load: file 'data/pxt/fx5d.pxt' not found.
[20:34:24] [warn] pxt->load: file 'data/pxt/fx5e.pxt' not found.
[20:34:24] [warn] pxt->load: file 'data/pxt/fx5f.pxt' not found.
[20:34:24] [warn] pxt->load: file 'data/pxt/fx60.pxt' not found.
[20:34:24] [warn] pxt->load: file 'data/pxt/fx61.pxt' not found.
[20:34:24] [warn] pxt->load: file 'data/pxt/fx62.pxt' not found.
[20:34:24] [warn] pxt->load: file 'data/pxt/fx63.pxt' not found.
[20:34:29] [info] [pxt-cache] wrote cache: 875700 bytes PCM across 117 slots -> CACHE/PXT/PXTSFX.BIN (CF footprint).
[20:34:29] [info] [pxt-cache] init(): BUILT (rendered once + wrote cache)
[20:34:31] [info] Organya init...
[20:34:32] [info] Organya init done
[20:34:35] [info] gus SFX gain [nx0259]: 70% (SDL_HINT_DOSKUTSU_GUS_SFX_GAIN; scales the GF1 SFX voice volume to balance against velocity/CC-scaled GUS music; default 70, clamp 0..150).
[20:34:35] [info] pixtone IRQ-mix: ENABLED (default; SDL backend engaged; set SDL_HINT_DOSKUTSU_PIXTONE_IRQ_MIX=0 to disable)
[20:34:35] [info] Pixtone::setVolume: L3 active -- mid-play SFX volume updates are no-op in v1 (v2 candidate: SDL_DOSPixtoneSetGain API). gain_x256=256 stored for subsequent SDL_DOSPixtoneStart calls; currently-playing L3 channels unaffected.
[20:34:35] [info] midi ISR tick: engine registered tick_isr callback (L2b active; default ON; set SDL_HINT_DOSKUTSU_MIDI_ISR_TICK=0 to disable)
[20:34:35] [info] menu slide-in fixed-timestep: ENABLED (default; slide advances at 50 Hz logic rate)
[20:34:35] [info] Reading npc.tbl...
[20:34:35] [info] Loading tilekey.dat.
[20:34:35] [info] Script engine init.
[20:34:35] [info] Entering main loop...
[20:34:35] [info] audio mid-gap pump: DISABLED (default)
[20:34:35] [info] TAS fixed-timestep guard: ENABLED (default) (patch 0280; load_stage wall-clock kept out of the FT accumulator so TAS replay advances at a true 50 Hz; set SDL_HINT_DOSKUTSU_TAS_FT_GUARD=0 to disable)
[20:34:35] [info] load_stage ring+DMA silence flush: ENABLED (default) (set SDL_HINT_DOSKUTSU_LOADSTAGE_SILENCE=0 to disable)
[20:34:35] [info] load-band audio-underrun probe: DISABLED (default) (opt-in SDL_HINT_DOSKUTSU_LOADBAND_STAT=1)
[20:34:35] [info]  >> Entering stage 72: 'u'.
[20:34:35] [info] skip sheet flush: ENABLED (default) (SFXPAUSE-012 SHIPPED FIX; sprite sheets stay resident across caves so no per-cave re-decode -> no fire-frame pause; map_flush_graphics tilemap cache still flushes; set SDL_HINT_DOSKUTSU_SKIP_SHEET_FLUSH=0 to restore the old per-cave flush)
[20:34:35] [info] [skip-sheet-flush] cave=1
[20:34:36] [info] eager action sheets: ENABLED (default) (first-fire hitch fix: pre-loads the weapon bullet + hit/muzzle/trail caret sheets at stage load so the first fire/impact does not lazy-decode mid-gameplay; set SDL_HINT_DOSKUTSU_EAGER_ACTION_SHEETS=0 to restore lazy load)
[20:34:36] [info] Surface::loadImage palmap-diag #2: 'data/Bullet.pbm' fmt=SDL_PIXELFORMAT_ABGR8888 remap=HIT -> path=truecolor
[20:34:36] [info] Surface::loadImage palmap-diag #3: 'data/Arms.pbm' fmt=SDL_PIXELFORMAT_ABGR8888 remap=HIT -> path=truecolor
[20:34:36] [info] Surface::loadImage palmap-diag #4: 'data/Caret.pbm' fmt=SDL_PIXELFORMAT_ABGR8888 remap=HIT -> path=truecolor
[20:34:36] [info] Surface::loadImage palmap-diag #5: 'data/Npc/NpcSym.pbm' fmt=SDL_PIXELFORMAT_ABGR8888 remap=HIT -> path=truecolor
[20:34:37] [info] [eager-action-sheets] cave=1 sheets=4 wall_ms=1012
[20:34:37] [info] Surface::loadImage palmap-diag #6: 'data/Stage/PrtWhite.pbm' fmt=SDL_PIXELFORMAT_ABGR8888 remap=HIT -> path=truecolor
[20:34:37] [info] load_stage: entry-music preload ENABLED (default) (set SDL_HINT_DOSKUTSU_PRELOAD_STAGE_MUSIC=0 to disable)
[20:34:37] [info] Surface::loadImage palmap-diag #7: 'data/bk0.pbm' fmt=SDL_PIXELFORMAT_ABGR8888 remap=HIT -> path=truecolor
[20:34:37] [info] gameloop: entered (curmap=72, running=1)
[20:34:37] [info] gameloop: iter 1 ticks=30016 mapno=-1
[20:34:37] [info] fixed-timestep: ENABLED (default; logic 50 Hz, decoupled from render)
[20:34:37] [info] map: BG skip-when-unchanged DISABLED (default) (set SDL_HINT_DOSKUTSU_BG_SKIP_WHEN_UNCHANGED=1 to enable; default OFF since wave-61 -- abandoned, it shipped a backdrop-black flicker and its +0.87 fps was below the noise floor)
[20:34:37] [info] map: skip-redundant-clear lever ENABLED (default since wave-53 promotion)
[20:34:37] [info] perf-mode: level=0 (faithful (default))
[20:34:37] [info] Surface::loadImage palmap-diag #8: 'data/Npc/NpcKings.pbm' fmt=SDL_PIXELFORMAT_ABGR8888 remap=HIT -> path=truecolor
[20:34:37] [info] TAS trace: ENABLED (patch 0282 diagnostic; [tas-trace] lines every 25 ticks + on every map change)
[20:34:37] [info] [tas-trace] t=1 mode=6 map=72 px=0 py=0 mask=0x0 MAPCHG
[20:34:37] [info] audio tick-boundary pump: DISABLED (default)
[20:34:38] [info] gameloop: iter 2 ticks=30559 mapno=-1
[20:34:38] [info] gameloop: iter 3 ticks=30603 mapno=-1
[20:34:38] [info] direct-vesa: snapshot @gen=2 use_dosmemput=0 banked_multibank=0 pitches_match=1 vram_w=320 vram_h=240 vram_pitch=320 bpp=1 fb_size=76800 vram_phys=0x78000000 vram_ptr=0x77c00000
[20:34:38] [info] flip-probe: flip #10 ok=true present=3ms inter_flip_ms=21 drawcalls-since-flip=6 drawcalls-total=43 fail-total=0 null-skips-total=0
[20:34:38] [info] flip-probe: flip #20 ok=true present=3ms inter_flip_ms=21 drawcalls-since-flip=4 drawcalls-total=92 fail-total=0 null-skips-total=0
[20:34:38] [info] [tas-trace] t=25 mode=6 map=72 px=0 py=0 mask=0x0
[20:34:39] [info] flip-probe: flip #30 ok=true present=3ms inter_flip_ms=40 drawcalls-since-flip=326 drawcalls-total=2707 fail-total=0 null-skips-total=0
[20:34:39] [info] flip-probe: flip #40 ok=true present=3ms inter_flip_ms=34 drawcalls-since-flip=264 drawcalls-total=5837 fail-total=0 null-skips-total=0
[20:34:39] [info] flip-probe: flip #50 ok=true present=3ms inter_flip_ms=19 drawcalls-since-flip=0 drawcalls-total=6310 fail-total=0 null-skips-total=0
[20:34:39] [info] [tas-trace] t=50 mode=6 map=72 px=0 py=0 mask=0x0
[20:34:39] [info] gameloop: iter 600 ticks=32115 mapno=-1
[20:34:39] [info] flip-probe: flip #60 ok=true present=3ms inter_flip_ms=20 drawcalls-since-flip=0 drawcalls-total=6310 fail-total=0 null-skips-total=0
[20:34:39] [info] title: eager-title-IO phase tag ENABLED (default) (set SDL_HINT_DOSKUTSU_EAGER_TITLE_IO=0 to disable)
[20:34:40] [warn] MidiScheduler::_refresh_isr_buffer: track has 27749 events; ISR buffer is 16384 (truncated; events after 16384 will not dispatch under L2b ON -- the engine-thread tick() path still uses _events directly under L2b OFF)
[20:34:40] [info] MidiScheduler::load: parsed 'data/orgmid2/curly.mid' = 27749 events at 48 PPQ
[20:34:40] [info] opl3 backend: on_song_start
[20:34:40] [info] gameloop: entered (curmap=1005, running=1)
[20:34:40] [info] gameloop: iter 1 ticks=33284 mapno=-1
[20:34:40] [info] map: backdrop cache ENABLED (default) (set SDL_HINT_DOSKUTSU_BACKDROP_CACHE=0 to disable)
[20:34:41] [info] [tas-trace] t=62 mode=7 map=1005 px=0 py=0 mask=0x0 MAPCHG
[20:34:41] [info] gameloop: iter 2 ticks=33818 mapno=-1
[20:34:41] [info] gameloop: iter 3 ticks=33851 mapno=-1
[20:34:41] [info] backdrop cache: thrashing-detect engaged (streak=4, route=direct)
[20:34:41] [info] flip-probe: flip #70 ok=true present=3ms inter_flip_ms=21 drawcalls-since-flip=75 drawcalls-total=6910 fail-total=0 null-skips-total=0
[20:34:41] [info] [tas-trace] t=75 mode=7 map=1005 px=0 py=0 mask=0x0
[20:34:41] [info] flip-probe: flip #80 ok=true present=3ms inter_flip_ms=21 drawcalls-since-flip=75 drawcalls-total=7660 fail-total=0 null-skips-total=0
[20:34:42] [info] Loading profile from profile.dat
[20:34:42] [error] profile_load: unable to open 'profile.dat'
[20:34:42] [info] Loading profile from profile2.dat
[20:34:42] [error] profile_load: unable to open 'profile2.dat'
[20:34:42] [info] Loading profile from profile3.dat
[20:34:42] [info] Loading profile from profile4.dat
[20:34:42] [error] profile_load: unable to open 'profile4.dat'
[20:34:42] [info] Loading profile from profile5.dat
[20:34:42] [info] flip-probe: flip #90 ok=true present=3ms inter_flip_ms=131 drawcalls-since-flip=0 drawcalls-total=7810 fail-total=0 null-skips-total=0
[20:34:42] [info] flip-probe: flip #100 ok=true present=3ms inter_flip_ms=29 drawcalls-since-flip=214 drawcalls-total=9950 fail-total=0 null-skips-total=0
[20:34:42] [info] alpha audit block 0: 9510 total drawcalls, 0 with alpha<255 (block pct_x10=0; global 0/9510 pct_x10=0); alpha-mod skipped: block=0 global=0
[20:34:42] [info] fastpath audit block 0: taken=9510 (idx8=9510) skipped=0 pct_x10=1000; global taken=9510 (idx8=9510) skipped=0 pct_x10=1000
[20:34:42] [info] primitive tally block 0: clear=220(hr=220) fill=0(hr=0) rect=0(hr=0) line=0(hr=0) tint=0 spotlight=0 (over 100 flips ending at flip 100)
[20:34:42] [info] color/alpha audit block 0: cmod_white=900 cmod_black=0 (idx=0) cmod_general=420 (idx=420) cmod_fb=0; alpha_taken=0 alpha_skipped=0 (global cmod=900/0/420/0 idx=0/420 alpha=0/0)
[20:34:42] [info] phase timing block 0: drawcalls=11053 dc_total_ms=1113 flip_inner_total_ms=763 inter_flip_total_ms=31610 (per-flip avg x10: dc_ms=111 fi_ms=76 if_ms=3161 derived audio+engine_ms=2974; per-drawcall avg us_x10=1007) [direct-vesa: presents=97 total_ms=279 avg_ms_x10=28 failed=0] [ablation: NO_DC_TIMING=0 CACHE_WINSURF=0 DIRECT_VESA=1]
[20:34:42] [info] kbd/audio block 0: kbd_irq=4 kbd_drain=4 ring_chunks=16 pump_pass=99 pic1_mask=0xb8 first_irq_ticks=41 install_ticks=0 vector_at_install=0x00839360 pic1_mask_live=0x38 kbd_8042_stat=0x14 bios_kbd_head=0x003c bios_kbd_tail=0x003c bios_kbd_buf0=0x1675
[20:34:42] [info] audio/engine split block 0: audio_mixer_calls=0 audio_mixer_ms_x10=0 engine_tick_calls=99 engine_tick_ms_x10=377 audio_service_calls=0 audio_service_ms_x10=0 (per-flip avg; per-call us_x10: audio_mix=0 engine_tick=381097 audio_service=0; global ns: audio_mix=0 engine_tick=3772864110 audio_service=0)
[20:34:42] [info] pixtone multi-source probe: DISABLED (default)
[20:34:42] [info] dirty-rect block @flip=100: total_calls=0 dirty_rects_avg=0 dirty_pct_x10=990 forced_full=0 first_n_force=3 threshold_exceeded=2 dirty_path_taken=0 full_flush_taken=3
[20:34:42] [info] prev-frame-diff block @flip=100: diff_calls=0 diff_rects_avg=0 diff_dirty_pct_x10=0 bbox_pct_x10=0 bbox_thresh_exceeded=0
[20:34:42] [info] [tas-trace] t=100 mode=7 map=1005 px=0 py=0 mask=0x0
[20:34:42] [info] Writing settings...
[20:34:42] [info] flip-probe: flip #110 ok=true present=2ms inter_flip_ms=21 drawcalls-since-flip=0 drawcalls-total=11456 fail-total=0 null-skips-total=0
[20:34:43] [info] gameloop: iter 600 ticks=35434 mapno=-1
[20:34:43] [info] flip-probe: flip #120 ok=true present=2ms inter_flip_ms=22 drawcalls-since-flip=0 drawcalls-total=11456 fail-total=0 null-skips-total=0
[20:34:43] [info] [tas-trace] t=125 mode=7 map=1005 px=0 py=0 mask=0x0
[20:34:43] [info] opl3 backend: on_song_stop
[20:34:43] [info] Loading profile from profile5.dat
[20:34:43] [info]  >> Entering stage 20: 'Save Point'.
[20:34:43] [info] [skip-sheet-flush] cave=2
[20:34:43] [info] MidiScheduler::load: parsed 'data/orgmid2/mura.mid' = 7123 events at 48 PPQ
[20:34:43] [info] opl3 backend: on_song_start
[20:34:43] [info] gameloop: entered (curmap=20, running=1)
[20:34:43] [info] gameloop: iter 1 ticks=36394 mapno=-1
[20:34:43] [info] flip-probe: flip #130 ok=true present=2ms inter_flip_ms=741 drawcalls-since-flip=74 drawcalls-total=11530 fail-total=0 null-skips-total=0
[20:34:44] [info] gameloop: iter 2 ticks=36421 mapno=-1
[20:34:44] [info] [tas-trace] t=129 mode=1 map=20 px=66065 py=73728 mask=0x0 MAPCHG
[20:34:44] [info] gameloop: iter 3 ticks=36452 mapno=-1
[20:34:44] [info] flip-probe: flip #140 ok=true present=3ms inter_flip_ms=19 drawcalls-since-flip=17 drawcalls-total=11700 fail-total=0 null-skips-total=0
[20:34:44] [info] flip-probe: flip #150 ok=true present=3ms inter_flip_ms=19 drawcalls-since-flip=17 drawcalls-total=11870 fail-total=0 null-skips-total=0
[20:34:44] [info] [tas-trace] t=150 mode=1 map=20 px=66065 py=73728 mask=0x0
[20:34:44] [info] flip-probe: flip #160 ok=true present=2ms inter_flip_ms=20 drawcalls-since-flip=17 drawcalls-total=12040 fail-total=0 null-skips-total=0
[20:34:44] [info] flip-probe: flip #170 ok=true present=3ms inter_flip_ms=20 drawcalls-since-flip=17 drawcalls-total=12210 fail-total=0 null-skips-total=0
[20:34:44] [info] [tas-trace] t=175 mode=1 map=20 px=71845 py=73728 mask=0x2
[20:34:45] [info] flip-probe: flip #180 ok=true present=3ms inter_flip_ms=19 drawcalls-since-flip=17 drawcalls-total=12380 fail-total=0 null-skips-total=0
[20:34:45] [info] flip-probe: flip #190 ok=true present=3ms inter_flip_ms=20 drawcalls-since-flip=17 drawcalls-total=12550 fail-total=0 null-skips-total=0
[20:34:45] [info] [tas-trace] t=200 mode=1 map=20 px=82168 py=73728 mask=0x20
[20:34:45] [info] flip-probe: flip #200 ok=true present=3ms inter_flip_ms=21 drawcalls-since-flip=19 drawcalls-total=12724 fail-total=0 null-skips-total=0
[20:34:45] [info] alpha audit block 0: 2753 total drawcalls, 0 with alpha<255 (block pct_x10=0; global 0/12263 pct_x10=0); alpha-mod skipped: block=0 global=0
[20:34:45] [info] fastpath audit block 0: taken=2753 (idx8=2753) skipped=0 pct_x10=1000; global taken=12263 (idx8=12263) skipped=0 pct_x10=1000
[20:34:45] [info] primitive tally block 0: clear=201(hr=201) fill=0(hr=0) rect=0(hr=0) line=0(hr=0) tint=0 spotlight=0 (over 100 flips ending at flip 200)
[20:34:45] [info] color/alpha audit block 0: cmod_white=292 cmod_black=0 (idx=0) cmod_general=21 (idx=21) cmod_fb=0; alpha_taken=0 alpha_skipped=0 (global cmod=1192/0/441/0 idx=0/441 alpha=0/0)
[20:34:45] [info] phase timing block 0: drawcalls=3267 dc_total_ms=585 flip_inner_total_ms=438 inter_flip_total_ms=2982 (per-flip avg x10: dc_ms=58 fi_ms=43 if_ms=298 derived audio+engine_ms=197; per-drawcall avg us_x10=1790) [direct-vesa: presents=100 total_ms=281 avg_ms_x10=28 failed=0] [ablation: NO_DC_TIMING=0 CACHE_WINSURF=0 DIRECT_VESA=1]
[20:34:45] [info] kbd/audio block 0: kbd_irq=16 kbd_drain=15 ring_chunks=16 pump_pass=202 pic1_mask=0xb8 first_irq_ticks=41 install_ticks=0 vector_at_install=0x00839360 pic1_mask_live=0x38 kbd_8042_stat=0x14 bios_kbd_head=0x003c bios_kbd_tail=0x003c bios_kbd_buf0=0x1675
[20:34:45] [info] audio/engine split block 0: audio_mixer_calls=0 audio_mixer_ms_x10=0 engine_tick_calls=29 engine_tick_ms_x10=30 audio_service_calls=0 audio_service_ms_x10=0 (per-flip avg; per-call us_x10: audio_mix=0 engine_tick=104922 audio_service=0; global ns: audio_mix=0 engine_tick=4077138401 audio_service=0)
[20:34:45] [info] dirty-rect block @flip=200: total_calls=0 dirty_rects_avg=1 dirty_pct_x10=1000 forced_full=0 first_n_force=0 threshold_exceeded=0 dirty_path_taken=0 full_flush_taken=0
[20:34:45] [info] prev-frame-diff block @flip=200: diff_calls=0 diff_rects_avg=0 diff_dirty_pct_x10=0 bbox_pct_x10=0 bbox_thresh_exceeded=0
[20:34:45] [info] flip-probe: flip #210 ok=true present=3ms inter_flip_ms=20 drawcalls-since-flip=18 drawcalls-total=12909 fail-total=0 null-skips-total=0
[20:34:45] [info] [tas-trace] t=225 mode=1 map=20 px=81692 py=73728 mask=0x1
[20:34:46] [info] flip-probe: flip #220 ok=true present=3ms inter_flip_ms=20 drawcalls-since-flip=17 drawcalls-total=13079 fail-total=0 null-skips-total=0
[20:34:46] [info] flip-probe: flip #230 ok=true present=3ms inter_flip_ms=20 drawcalls-since-flip=17 drawcalls-total=13249 fail-total=0 null-skips-total=0
[20:34:46] [info] flip-probe: flip #240 ok=true present=3ms inter_flip_ms=20 drawcalls-since-flip=17 drawcalls-total=13419 fail-total=0 null-skips-total=0
[20:34:46] [info] [tas-trace] t=250 mode=1 map=20 px=81981 py=73728 mask=0x2
[20:34:46] [info] flip-probe: flip #250 ok=true present=3ms inter_flip_ms=19 drawcalls-since-flip=17 drawcalls-total=13589 fail-total=0 null-skips-total=0
[20:34:46] [info] flip-probe: flip #260 ok=true present=3ms inter_flip_ms=21 drawcalls-since-flip=17 drawcalls-total=13759 fail-total=0 null-skips-total=0
[20:34:46] [info] [tas-trace] t=275 mode=1 map=20 px=83273 py=73728 mask=0x0
[20:34:47] [info] flip-probe: flip #270 ok=true present=3ms inter_flip_ms=19 drawcalls-since-flip=17 drawcalls-total=13929 fail-total=0 null-skips-total=0
[20:34:47] [info] flip-probe: flip #280 ok=true present=3ms inter_flip_ms=36 drawcalls-since-flip=318 drawcalls-total=15363 fail-total=0 null-skips-total=0
[20:34:47] [info] [tas-trace] t=300 mode=1 map=20 px=83273 py=73728 mask=0x0
[20:34:47] [info] run_tick_fixed #300: heartbeat (loop alive)
[20:34:47] [info] flip-probe: flip #290 ok=true present=3ms inter_flip_ms=22 drawcalls-since-flip=6 drawcalls-total=18579 fail-total=0 null-skips-total=0
[20:34:47] [info]  >> Entering stage 11: 'Mimiga Village'.
[20:34:47] [info] [skip-sheet-flush] cave=3
[20:34:48] [info] [load-stage] preloading entry music song=9 (cave=3)
[20:34:48] [info] gameloop: entered (curmap=11, running=1)
[20:34:48] [info] gameloop: iter 1 ticks=40540 mapno=-1
[20:34:48] [info] [tas-trace] t=314 mode=1 map=11 px=196608 py=278528 mask=0x0 MAPCHG
[20:34:48] [info] map: mds_clear LUT ENABLED (default) (set SDL_HINT_DOSKUTSU_MDS_CLEAR_LUT=0 to disable; default ON; patch 0144 wave-49 bandwidth lever)
[20:34:48] [info] mds-clear-lut: rebuilt N=240 entries (k_skip=0% k_keep=100%; curmap=11 map_size=60x60; rebuild #1 since boot)
[20:34:48] [info] backdrop thrash full-cover ENABLED (default) (set SDL_HINT_DOSKUTSU_THRASH_FULLCOVER=0 to disable)
[20:34:48] [info] [bd-diag] backdrop render-path diag disabled (default) (set SDL_HINT_DOSKUTSU_BACKDROP_DIAG=1 to enable)
[20:34:48] [info] gameloop: iter 2 ticks=40635 mapno=-1
[20:34:48] [info] gameloop: iter 3 ticks=40698 mapno=-1
[20:34:48] [info] [tas-trace] t=325 mode=1 map=11 px=196608 py=278528 mask=0x0
[20:34:48] [info] backdrop cache: thrashing-detect engaged (streak=4, route=direct)
[20:34:48] [info] flip-probe: flip #300 ok=true present=3ms inter_flip_ms=36 drawcalls-since-flip=116 drawcalls-total=21691 fail-total=0 null-skips-total=0
[20:34:48] [info] alpha audit block 0: 8827 total drawcalls, 0 with alpha<255 (block pct_x10=0; global 0/21090 pct_x10=0); alpha-mod skipped: block=0 global=0
[20:34:48] [info] fastpath audit block 0: taken=8827 (idx8=8827) skipped=0 pct_x10=1000; global taken=21090 (idx8=21090) skipped=0 pct_x10=1000
[20:34:48] [info] primitive tally block 0: clear=201(hr=201) fill=0(hr=0) rect=0(hr=0) line=0(hr=0) tint=0 spotlight=0 (over 100 flips ending at flip 300)
[20:34:48] [info] color/alpha audit block 0: cmod_white=130 cmod_black=130 (idx=130) cmod_general=0 (idx=0) cmod_fb=0; alpha_taken=0 alpha_skipped=0 (global cmod=1322/130/441/0 idx=130/441 alpha=0/0)
[20:34:48] [info] phase timing block 0: drawcalls=9293 dc_total_ms=823 flip_inner_total_ms=444 inter_flip_total_ms=3206 (per-flip avg x10: dc_ms=82 fi_ms=44 if_ms=320 derived audio+engine_ms=194; per-drawcall avg us_x10=885) [direct-vesa: presents=100 total_ms=281 avg_ms_x10=28 failed=0] [ablation: NO_DC_TIMING=0 CACHE_WINSURF=0 DIRECT_VESA=1]
[20:34:48] [info] kbd/audio block 0: kbd_irq=44 kbd_drain=41 ring_chunks=16 pump_pass=340 pic1_mask=0xb8 first_irq_ticks=41 install_ticks=0 vector_at_install=0x00839360 pic1_mask_live=0x38 kbd_8042_stat=0x14 bios_kbd_head=0x003c bios_kbd_tail=0x003c bios_kbd_buf0=0x1675
[20:34:48] [info] [tile-speedup-stat n=100 drawtile_us=50.84 raw_blit_us=48.88 ratio=1.04]
[20:34:48] [info] dirty-rect block @flip=300: total_calls=100 dirty_rects_avg=1 dirty_pct_x10=1000 forced_full=0 first_n_force=0 threshold_exceeded=0 dirty_path_taken=0 full_flush_taken=0
[20:34:48] [info] prev-frame-diff block @flip=300: diff_calls=0 diff_rects_avg=0 diff_dirty_pct_x10=0 bbox_pct_x10=0 bbox_thresh_exceeded=0
[20:34:48] [info] [tas-trace] t=350 mode=1 map=11 px=196608 py=278528 mask=0x2
[20:34:49] [info] flip-probe: flip #310 ok=true present=3ms inter_flip_ms=31 drawcalls-since-flip=45 drawcalls-total=22194 fail-total=0 null-skips-total=0
[20:34:49] [info] [tas-trace] t=375 mode=1 map=11 px=208220 py=278528 mask=0x22
[20:34:49] [info] flip-probe: flip #320 ok=true present=3ms inter_flip_ms=34 drawcalls-since-flip=47 drawcalls-total=22656 fail-total=0 null-skips-total=0
[20:34:49] [info] flip-probe: flip #330 ok=true present=3ms inter_flip_ms=32 drawcalls-since-flip=44 drawcalls-total=23117 fail-total=0 null-skips-total=0
[20:34:49] [info] [tas-trace] t=400 mode=1 map=11 px=227245 py=278528 mask=0x2
[20:34:50] [info] flip-probe: flip #340 ok=true present=2ms inter_flip_ms=31 drawcalls-since-flip=43 drawcalls-total=23550 fail-total=0 null-skips-total=0
[20:34:50] [info] [tas-trace] t=425 mode=1 map=11 px=240698 py=268448 mask=0x11
[20:34:50] [info] flip-probe: flip #350 ok=true present=3ms inter_flip_ms=33 drawcalls-since-flip=44 drawcalls-total=23990 fail-total=0 null-skips-total=0
[20:34:50] [info] backdrop cache: thrashing-detect engaged (streak=64, route=direct)
[20:34:50] [info] flip-probe: flip #360 ok=true present=3ms inter_flip_ms=33 drawcalls-since-flip=44 drawcalls-total=24430 fail-total=0 null-skips-total=0
[20:34:50] [info] [tas-trace] t=450 mode=1 map=11 px=233277 py=253536 mask=0x11
[20:34:51] [info] flip-probe: flip #370 ok=true present=3ms inter_flip_ms=30 drawcalls-since-flip=43 drawcalls-total=24862 fail-total=0 null-skips-total=0
[20:34:51] [info] [tas-trace] t=475 mode=1 map=11 px=228028 py=240368 mask=0x11
[20:34:51] [info] flip-probe: flip #380 ok=true present=3ms inter_flip_ms=32 drawcalls-since-flip=43 drawcalls-total=25292 fail-total=0 null-skips-total=0
[20:34:51] [info] flip-probe: flip #390 ok=true present=4ms inter_flip_ms=32 drawcalls-since-flip=45 drawcalls-total=25730 fail-total=0 null-skips-total=0
[20:34:51] [info] [tas-trace] t=500 mode=1 map=11 px=211418 py=229168 mask=0x31
[20:34:52] [info] flip-probe: flip #400 ok=true present=3ms inter_flip_ms=30 drawcalls-since-flip=44 drawcalls-total=26187 fail-total=0 null-skips-total=0
[20:34:52] [info] alpha audit block 0: 3096 total drawcalls, 0 with alpha<255 (block pct_x10=0; global 0/24186 pct_x10=0); alpha-mod skipped: block=0 global=0
[20:34:52] [info] fastpath audit block 0: taken=3096 (idx8=3096) skipped=0 pct_x10=1000; global taken=24186 (idx8=24186) skipped=0 pct_x10=1000
[20:34:52] [info] primitive tally block 0: clear=200(hr=200) fill=0(hr=0) rect=0(hr=0) line=0(hr=0) tint=0 spotlight=0 (over 100 flips ending at flip 400)
[20:34:52] [info] color/alpha audit block 0: cmod_white=1300 cmod_black=1300 (idx=1300) cmod_general=0 (idx=0) cmod_fb=0; alpha_taken=0 alpha_skipped=0 (global cmod=2622/1430/441/0 idx=1430/441 alpha=0/0)
[20:34:52] [info] phase timing block 0: drawcalls=5896 dc_total_ms=618 flip_inner_total_ms=457 inter_flip_total_ms=3416 (per-flip avg x10: dc_ms=61 fi_ms=45 if_ms=341 derived audio+engine_ms=235; per-drawcall avg us_x10=1048) [direct-vesa: presents=100 total_ms=281 avg_ms_x10=28 failed=0] [ablation: NO_DC_TIMING=0 CACHE_WINSURF=0 DIRECT_VESA=1]
[20:34:52] [info] kbd/audio block 0: kbd_irq=82 kbd_drain=82 ring_chunks=16 pump_pass=511 pic1_mask=0xb8 first_irq_ticks=41 install_ticks=0 vector_at_install=0x00839360 pic1_mask_live=0x38 kbd_8042_stat=0x14 bios_kbd_head=0x003c bios_kbd_tail=0x003c bios_kbd_buf0=0x1675
[20:34:52] [info] dirty-rect block @flip=400: total_calls=0 dirty_rects_avg=1 dirty_pct_x10=1000 forced_full=0 first_n_force=0 threshold_exceeded=0 dirty_path_taken=0 full_flush_taken=0
[20:34:52] [info] prev-frame-diff block @flip=400: diff_calls=0 diff_rects_avg=0 diff_dirty_pct_x10=0 bbox_pct_x10=0 bbox_thresh_exceeded=0
[20:34:52] [info] [tas-trace] t=525 mode=1 map=11 px=202268 py=235616 mask=0x2
[20:34:52] [info] flip-probe: flip #410 ok=true present=3ms inter_flip_ms=27 drawcalls-since-flip=43 drawcalls-total=26618 fail-total=0 null-skips-total=0
[20:34:52] [info] backdrop cache: thrashing-detect engaged (streak=124, route=direct)
[20:34:52] [info] flip-probe: flip #420 ok=true present=3ms inter_flip_ms=26 drawcalls-since-flip=17 drawcalls-total=26788 fail-total=0 null-skips-total=0
[20:34:52] [info] [tas-trace] t=550 mode=1 map=11 px=218114 py=214016 mask=0x12
[20:34:53] [info] flip-probe: flip #430 ok=true present=4ms inter_flip_ms=27 drawcalls-since-flip=17 drawcalls-total=26958 fail-total=0 null-skips-total=0
[20:34:53] [info] [tas-trace] t=575 mode=1 map=11 px=238242 py=209568 mask=0x12
[20:34:53] [info] flip-probe: flip #440 ok=true present=3ms inter_flip_ms=34 drawcalls-since-flip=17 drawcalls-total=27128 fail-total=0 null-skips-total=0
[20:34:53] [info] flip-probe: flip #450 ok=true present=2ms inter_flip_ms=29 drawcalls-since-flip=18 drawcalls-total=27301 fail-total=0 null-skips-total=0
[20:34:53] [info] [tas-trace] t=600 mode=1 map=11 px=258542 py=190368 mask=0x32
[20:34:53] [info] run_tick_fixed #600: heartbeat (loop alive)
[20:34:54] [info] flip-probe: flip #460 ok=true present=3ms inter_flip_ms=28 drawcalls-since-flip=19 drawcalls-total=27495 fail-total=0 null-skips-total=0
[20:34:54] [info] flip-probe: flip #470 ok=true present=2ms inter_flip_ms=31 drawcalls-since-flip=16 drawcalls-total=27668 fail-total=0 null-skips-total=0
[20:34:54] [info] [tas-trace] t=625 mode=1 map=11 px=278791 py=192288 mask=0x12
[20:34:54] [info] backdrop cache: thrashing-detect engaged (streak=184, route=direct)
[20:34:54] [info] flip-probe: flip #480 ok=true present=3ms inter_flip_ms=30 drawcalls-since-flip=15 drawcalls-total=27820 fail-total=0 null-skips-total=0
[20:34:54] [info] [tas-trace] t=650 mode=1 map=11 px=299072 py=170976 mask=0x12
[20:34:54] [info] flip-probe: flip #490 ok=true present=3ms inter_flip_ms=31 drawcalls-since-flip=17 drawcalls-total=27982 fail-total=0 null-skips-total=0
[20:34:55] [info] flip-probe: flip #500 ok=true present=3ms inter_flip_ms=29 drawcalls-since-flip=18 drawcalls-total=28161 fail-total=0 null-skips-total=0
[20:34:55] [info] alpha audit block 0: 1744 total drawcalls, 0 with alpha<255 (block pct_x10=0; global 0/25930 pct_x10=0); alpha-mod skipped: block=0 global=0
[20:34:55] [info] fastpath audit block 0: taken=1744 (idx8=1744) skipped=0 pct_x10=1000; global taken=25930 (idx8=25930) skipped=0 pct_x10=1000
[20:34:55] [info] primitive tally block 0: clear=200(hr=200) fill=0(hr=0) rect=0(hr=0) line=0(hr=0) tint=0 spotlight=0 (over 100 flips ending at flip 500)
[20:34:55] [info] color/alpha audit block 0: cmod_white=130 cmod_black=130 (idx=130) cmod_general=0 (idx=0) cmod_fb=0; alpha_taken=0 alpha_skipped=0 (global cmod=2752/1560/441/0 idx=1560/441 alpha=0/0)
[20:34:55] [info] phase timing block 0: drawcalls=2204 dc_total_ms=501 flip_inner_total_ms=439 inter_flip_total_ms=3179 (per-flip avg x10: dc_ms=50 fi_ms=43 if_ms=317 derived audio+engine_ms=224; per-drawcall avg us_x10=2273) [direct-vesa: presents=100 total_ms=283 avg_ms_x10=28 failed=0] [ablation: NO_DC_TIMING=0 CACHE_WINSURF=0 DIRECT_VESA=1]
[20:34:55] [info] kbd/audio block 0: kbd_irq=102 kbd_drain=101 ring_chunks=16 pump_pass=670 pic1_mask=0xb8 first_irq_ticks=41 install_ticks=0 vector_at_install=0x00839360 pic1_mask_live=0x38 kbd_8042_stat=0x14 bios_kbd_head=0x003c bios_kbd_tail=0x003c bios_kbd_buf0=0x1675
[20:34:55] [info] dirty-rect block @flip=500: total_calls=0 dirty_rects_avg=1 dirty_pct_x10=1000 forced_full=0 first_n_force=0 threshold_exceeded=0 dirty_path_taken=0 full_flush_taken=0
[20:34:55] [info] prev-frame-diff block @flip=500: diff_calls=0 diff_rects_avg=0 diff_dirty_pct_x10=0 bbox_pct_x10=0 bbox_thresh_exceeded=0
[20:34:55] [info] [tas-trace] t=675 mode=1 map=11 px=319372 py=173344 mask=0x2
[20:34:55] [info] flip-probe: flip #510 ok=true present=3ms inter_flip_ms=29 drawcalls-since-flip=15 drawcalls-total=28318 fail-total=0 null-skips-total=0
[20:34:55] [info] [tas-trace] t=700 mode=1 map=11 px=338397 py=172320 mask=0x22
[20:34:56] [info] flip-probe: flip #520 ok=true present=5ms inter_flip_ms=33 drawcalls-since-flip=17 drawcalls-total=28476 fail-total=0 null-skips-total=0
[20:34:56] [info] flip-probe: flip #530 ok=true present=3ms inter_flip_ms=30 drawcalls-since-flip=15 drawcalls-total=28635 fail-total=0 null-skips-total=0
[20:34:56] [info] [tas-trace] t=725 mode=1 map=11 px=357422 py=172320 mask=0x2
[20:34:56] [info] backdrop cache: thrashing-detect engaged (streak=244, route=direct)
[20:34:56] [info] flip-probe: flip #540 ok=true present=3ms inter_flip_ms=29 drawcalls-since-flip=15 drawcalls-total=28785 fail-total=0 null-skips-total=0
[20:34:56] [info] [tas-trace] t=750 mode=1 map=11 px=368025 py=172320 mask=0x0
[20:34:57] [info] flip-probe: flip #550 ok=true present=3ms inter_flip_ms=51 drawcalls-since-flip=319 drawcalls-total=31285 fail-total=0 null-skips-total=0
[20:34:57] [info]  >> Entering stage 17: 'Yamashita Farm'.
[20:34:57] [info] [skip-sheet-flush] cave=4
[20:34:57] [info] [load-stage] preloading entry music song=13 (cave=4)
[20:34:57] [info] opl3 backend: on_song_stop
[20:34:57] [info] MidiScheduler::load: parsed 'data/orgmid2/plant.mid' = 6246 events at 48 PPQ
[20:34:57] [info] opl3 backend: on_song_start
[20:34:57] [info] gameloop: entered (curmap=17, running=1)
[20:34:57] [info] gameloop: iter 1 ticks=50273 mapno=-1
[20:34:57] [info] [tas-trace] t=773 mode=1 map=17 px=16384 py=90112 mask=0x0 MAPCHG
[20:34:57] [info] mds-clear-lut: rebuilt N=240 entries (k_skip=33% k_keep=67%; curmap=17 map_size=40x16; rebuild #2 since boot)
[20:34:58] [info] gameloop: iter 2 ticks=50445 mapno=-1
[20:34:58] [info] [tas-trace] t=775 mode=1 map=17 px=16384 py=90112 mask=0x0
[20:34:58] [info] gameloop: iter 3 ticks=50515 mapno=-1
[20:34:58] [info] flip-probe: flip #560 ok=true present=3ms inter_flip_ms=47 drawcalls-since-flip=325 drawcalls-total=34221 fail-total=0 null-skips-total=0
[20:34:58] [info] [tas-trace] t=800 mode=1 map=17 px=16384 py=90112 mask=0x0
[20:34:58] [info] flip-probe: flip #570 ok=true present=3ms inter_flip_ms=38 drawcalls-since-flip=133 drawcalls-total=35951 fail-total=0 null-skips-total=0
[20:34:58] [info] [tas-trace] t=825 mode=1 map=17 px=19444 py=90112 mask=0x2
[20:34:59] [info] flip-probe: flip #580 ok=true present=3ms inter_flip_ms=38 drawcalls-since-flip=133 drawcalls-total=37263 fail-total=0 null-skips-total=0
[20:34:59] [info] [tas-trace] t=850 mode=1 map=17 px=37128 py=90112 mask=0x2
[20:34:59] [info] flip-probe: flip #590 ok=true present=3ms inter_flip_ms=39 drawcalls-since-flip=143 drawcalls-total=38655 fail-total=0 null-skips-total=0
[20:34:59] [info] flip-probe: flip #600 ok=true present=3ms inter_flip_ms=46 drawcalls-since-flip=140 drawcalls-total=40077 fail-total=0 null-skips-total=0
[20:34:59] [info] alpha audit block 0: 11218 total drawcalls, 0 with alpha<255 (block pct_x10=0; global 0/37148 pct_x10=0); alpha-mod skipped: block=0 global=0
[20:34:59] [info] fastpath audit block 0: taken=11218 (idx8=11218) skipped=0 pct_x10=1000; global taken=37148 (idx8=37148) skipped=0 pct_x10=1000
[20:34:59] [info] primitive tally block 0: clear=202(hr=202) fill=0(hr=0) rect=0(hr=0) line=0(hr=0) tint=0 spotlight=0 (over 100 flips ending at flip 600)
[20:34:59] [info] color/alpha audit block 0: cmod_white=598 cmod_black=598 (idx=598) cmod_general=0 (idx=0) cmod_fb=0; alpha_taken=0 alpha_skipped=0 (global cmod=3350/2158/441/0 idx=2158/441 alpha=0/0)
[20:34:59] [info] phase timing block 0: drawcalls=12662 dc_total_ms=1040 flip_inner_total_ms=451 inter_flip_total_ms=4649 (per-flip avg x10: dc_ms=104 fi_ms=45 if_ms=464 derived audio+engine_ms=315; per-drawcall avg us_x10=822) [direct-vesa: presents=100 total_ms=282 avg_ms_x10=28 failed=0] [ablation: NO_DC_TIMING=0 CACHE_WINSURF=0 DIRECT_VESA=1]
[20:34:59] [info] kbd/audio block 0: kbd_irq=127 kbd_drain=127 ring_chunks=16 pump_pass=874 pic1_mask=0xb8 first_irq_ticks=41 install_ticks=0 vector_at_install=0x00839360 pic1_mask_live=0x38 kbd_8042_stat=0x14 bios_kbd_head=0x003c bios_kbd_tail=0x003c bios_kbd_buf0=0x1675
[20:35:00] [info] dirty-rect block @flip=600: total_calls=0 dirty_rects_avg=1 dirty_pct_x10=1000 forced_full=0 first_n_force=0 threshold_exceeded=0 dirty_path_taken=0 full_flush_taken=0
[20:35:00] [info] prev-frame-diff block @flip=600: diff_calls=0 diff_rects_avg=0 diff_dirty_pct_x10=0 bbox_pct_x10=0 bbox_thresh_exceeded=0
[20:35:00] [info] [tas-trace] t=875 mode=1 map=17 px=57358 py=68512 mask=0x12
[20:35:00] [info] backdrop cache: thrashing-detect engaged (streak=4, route=direct)
[20:35:00] [info] [tas-trace] t=900 mode=1 map=17 px=77658 py=69552 mask=0x2
[20:35:00] [info] flip-probe: flip #610 ok=true present=3ms inter_flip_ms=49 drawcalls-since-flip=136 drawcalls-total=41399 fail-total=0 null-skips-total=0
[20:35:00] [info] run_tick_fixed #900: heartbeat (loop alive)
[20:35:00] [info] flip-probe: flip #620 ok=true present=3ms inter_flip_ms=42 drawcalls-since-flip=140 drawcalls-total=42789 fail-total=0 null-skips-total=0
[20:35:00] [info] [tas-trace] t=925 mode=1 map=17 px=96938 py=74064 mask=0x2
[20:35:01] [info] flip-probe: flip #630 ok=true present=3ms inter_flip_ms=41 drawcalls-since-flip=141 drawcalls-total=44187 fail-total=0 null-skips-total=0
[20:35:01] [info] [tas-trace] t=950 mode=1 map=17 px=116964 py=54576 mask=0x32
[20:35:01] [info] flip-probe: flip #640 ok=true present=3ms inter_flip_ms=41 drawcalls-since-flip=143 drawcalls-total=45600 fail-total=0 null-skips-total=0
[20:35:01] [info] [tas-trace] t=975 mode=1 map=17 px=137264 py=50784 mask=0x32
[20:35:02] [info] backdrop cache: thrashing-detect engaged (streak=4, route=direct)
[20:35:02] [info] flip-probe: flip #650 ok=true present=3ms inter_flip_ms=41 drawcalls-since-flip=141 drawcalls-total=47018 fail-total=0 null-skips-total=0
[20:35:02] [info] [tas-trace] t=1000 mode=1 map=17 px=152158 py=57424 mask=0x0
[20:35:02] [info] flip-probe: flip #660 ok=true present=3ms inter_flip_ms=35 drawcalls-since-flip=144 drawcalls-total=48428 fail-total=0 null-skips-total=0
[20:35:03] [info] flip-probe: flip #670 ok=true present=3ms inter_flip_ms=33 drawcalls-since-flip=159 drawcalls-total=50018 fail-total=0 null-skips-total=0
[20:35:03] [info] [tas-trace] t=1025 mode=1 map=17 px=152158 py=57424 mask=0x0
[20:35:03] [info] Script engine shutdown.
[20:35:03] [info] opl3 backend: on_song_stop
[20:35:03] [info] opl3 backend: cleared reg 0xBD chip-wide latch (wub-wub mitigation per flush-instr WAVE-46 H6)
[20:35:03] [info] opl3 backend shutdown (all 18 voices KEY-OFF unconditionally; OPL2 mode restored; chip state safe for next process)
[20:35:03] [info] Sound system shutdown
[20:35:03] [info] Renderer::Close()
[20:35:03] [info] tas: record file closed
[RUNMANIFEST-BEGIN]
schema_version=1
environment=realhw
binary_sha12=be73825044e8
wave_tag=TR
scene=
env_block_sha=d6f22f85f2db
started_utc=2026-08-05T20:34:06Z
duration_s=57
exit_code=0
fps_p50=NA
fps_p95=NA
audio_vital_status=NA
regime=NA
banner_required_hit=0
banner_required_total=0
banner_forbidden_hit=0
banner_optional_hit=0
critical_count=0
warn_count=0
[RUNMANIFEST-END]
[20:35:03] [info] [runmanifest-emit] schema=v1 env=realhw sha12=be73825044e8 dur=57s tag='TR' scene='' env_sha=d6f22f85f2db (signals=0x4)
