Logger::init: wave-53 log level=INFO path='LOGS/6XH2.LOG'
[13:37:16] [info] config: loaded DOSKUTSU.CFG (4 keys)
[13:37:16] [info] [cpu-witness] vendor=GenuineIntel cpuid=1 family=4 model=3 stepping=5 mhz_est=64 fpu=1 class=486_mid (boot-time attestation of the running CPU; MHZ_486_LOOP_DIV=16400 mirrors SETUP)
[13:37:16] [info] tas: PRNG seed forced to 12345 via DOSKUTSU_TAS_PRNG_SEED
[13:37:16] [info] tas: auto-exit armed at tick 30000 via DOSKUTSU_TAS_AUTO_EXIT_TICK
[13:37:16] [info] tas: replay opened path='QA.TAS' header_seed=12345
[13:37:17] [info] data cache: DISABLED (default)
[13:37:17] [info] Joystick: skipped (default; set DOSKUTSU_USE_JOYSTICK=1 to enable -- skips SDL3-DOS gameport BIOS INT 15h polling, ~82 ms / flip on real HW)
[13:37:17] [info] Loading settings...
[13:37:17] [info] [input-bind] applied=0 invert_y=0 dos_axes=1
[13:37:17] [info] Renderer::initVideo: 8bpp mode requested via SDL_HINT_DOS_MAX_BPP=8 (wave 16); SDL3-DOS will pick the highest-bpp <= 8 mode at requested resolution
[13:37:17] [info] Renderer::initVideo: DOS resolution-label lock ENABLED (default)
[13:37:18] [info] center-oversized: not needed (surface matches the logical screen) surface=320x240 logical=320x240 offset=0,0
[13:37:18] [info] Renderer::initVideo: using: software renderer
[13:37:20] [info] Renderer::initVideo: dirty-rect tracking ENABLED (wave 15, default ON; set SDL_HINT_DOSKUTSU_DIRTY_RECTS=0 to disable)
[13:37:20] [info] Renderer::initVideo: ablation flags: NO_DC_TIMING=0 CACHE_WINSURF=0 NO_INPUT_POLL=0 DIRECT_VESA=1
[13:37:20] [info] Renderer::initVideo: direct-VESA hot path ENABLED (default since wave 20 patch 0088; bypasses SDL_RenderPresent / SDL_UpdateWindowSurface and writes via SDL/0034's PresentFull helper; R2 mitigation handled by SDL/0034 generation counter -- no per-N-flip heartbeat needed; set SDL_HINT_DOSKUTSU_DIRECT_VESA=0 to revert)
[13:37:20] [info] Renderer::initVideo: flip-phase instrumentation DISABLED (default; set SDL_HINT_DOSKUTSU_FLIP_INSTR=1 to opt in for wave-20 Lever A diagnostic)
[13:37:20] [info] Renderer::initVideo: asm opaque-span blit lever DISABLED (default; set SDL_HINT_DOSKUTSU_ASM_BLIT=1 to opt in -- wave-51 _blit_indexed colorkey-blit lever)
[13:37:20] [info] Renderer::initVideo: blit-decomp instrumentation DISABLED (default; set SDL_HINT_DOSKUTSU_BLIT_DECOMP=1 to opt in -- wave-51 _blit_indexed sub-decomp sizing)
[13:37:20] [info] Renderer::initVideo: mds-scroll-decomp instrumentation DISABLED (default; set SDL_HINT_DOSKUTSU_MDS_DECOMP=1 to opt in -- wave-52 mode_draw_scene scrolling-block decomp)
[13:37:20] [info] Renderer::initVideo: DOSVESA pump yield: skipped (default) (per-flip explicit SDL_Delay(0) yield is always on; set SDL_HINT_DOSKUTSU_FORCE_PUMP_YIELD=1 to restore old per-pump yield)
[13:37:20] [info] Renderer::initVideo: indexed-mode (8bpp) ENABLED -- master palette + 107 per-asset remap LUTs loaded (wave 16, default ON; set SDL_HINT_DOSKUTSU_PIXEL_FORMAT_8=0 to disable)
[13:37:20] [info] Renderer::initVideo: master palette attached to window surface (format=SDL_PIXELFORMAT_INDEX8, ncolors=256)
[13:37:20] [info] Renderer::initVideo: indexed-mode smoke: idx0=(0,0,0) OK idx255=(255,0,255) OK
[13:37:20] [info] Renderer::initVideo: indexed-mode smoke: paletteRemapFor('MyChar.pbm') = present
[13:37:21] [info] Surface::loadImage palmap-diag #1: 'data/Loading.pbm' fmt=SDL_PIXELFORMAT_ABGR8888 remap=HIT -> path=truecolor
[13:37:21] [info] Renderer: prev-frame diff DISABLED (default since wave 17.6; set SDL_HINT_DOSKUTSU_PREVFRAME_DIFF=1 to opt in)
[13:37:21] [info] flip-probe: renderer=software window_ptr=8826752 colorspace=301991328 window_size=320x240 framebuffer_pixels=320x240 logical_present=320x240 mode=2
[13:37:21] [info] flip-probe: first flip ok=true present=64ms inter_flip_ms=0 drawcalls-since-flip=1 drawcalls-total=1
[13:37:21] [info] Sound system init
[13:37:21] [info] Sound system: 4-state audio enable (#31) -- music=on sfx=on (MUSIC_OFF/AUDIO_BACKEND=none -> music-off; SFX_OFF/SFX_DEVICE=none -> sfx-off; both gates are dispatch-level, the device still opens; AUDIO_OFF=1 is the device-level both-off).
[13:37:21] [info] Sound system: Tier-1 audio config (22050 Hz, 2 channels) via SDL_HINT_DOSKUTSU_AUDIO_TIER2=0 killswitch -- reverts to wave-17.6-baseline 22050 stereo, the original Cave Story 2004 spec. Trades the wave-21 Tier-2 fps gain (~+11 fps in heavy-music scenes on Pentium OverDrive 83 MHz) for full audio fidelity. Unset the env var to go back to Tier-2 default.
[13:37:21] [info] [org-hq] stereo prerender rate=22050 ch=2 (HQ Organya tier ACTIVE; opt-in via SDL_HINT_DOSKUTSU_AUDIO_TIER2=0; cache CACHE\22050_2\; real fps cost on 486-class HW).
[13:37:21] [info] Sound system: SDL_HINT_AUDIO_DEVICE_SAMPLE_FRAMES=(default -- SDL3 picks 512 at 22050 Hz)
[13:37:21] [info] Pixtone IRQ rate-divider: handed master_rate=44100 int16/s (SAMPLE_RATE=22050 x AUDIO_CHANNELS=2) to SDL for auto-RATEDIV (SDL/0074 computes shift_div from the resolved device freq).
[13:37:21] [info] Sound system: device frame-rate: requesting 22050 Hz match to master (SDL_DOSAudioSetDeviceFrameRate; SB16 opens at the engine frame rate instead of SDL's 44100 floor -- 4x less PCM/s + no resampler on the Organya/Pixtone path; killswitch SDL_HINT_DOSKUTSU_DOS_AUDIO_DEVICE_RATE_DEFAULT=0).
[13:37:21] [info] audio backend: organya (forced; Phase 10 baseline)
[13:37:22] [info] wave-13.6.1: ring_chunks=16 FORCE_PUMP_YIELD=off (set SDL_HINT_DOSKUTSU_AUDIO_RING_CHUNKS=4|8|16 to override; default 16 matches wave 13.6 behaviour)
[13:37:22] [info] MidiScheduler: MIDI source = 'orgmid2' (native-GM org2mid set; resolves to data/orgmid2/<name>.mid).
[13:37:22] [info] Sound system: idle-pause skipped (backend=organya does not qualify; only opl3 supports idle-pause per patch 0115; default OFF since patch 0119 regardless of backend).
[13:37:22] [warn] Music dir Ogg/ doesn't exist
[13:37:22] [warn] Music dir Ogg11/ doesn't exist
[13:37:22] [warn] Music dir Ogg17/ doesn't exist
[13:37:22] [warn] Music dir Ogg_ridic/ doesn't exist
[13:37:22] [info] Loading Sound FX...
[13:37:23] [info] [pxt-cache] init(): HIT (loaded cache; render skipped)
[13:37:26] [error] Lever 3 (Pixtone IRQ-mix; default ON since v1.0.1, or SDL_HINT_DOSKUTSU_PIXTONE_IRQ_MIX=1) is incompatible with SDL_HINT_DOSKUTSU_AUDIO_BACKEND=organya. L3 + ORGANYA IS KNOWN-INCOMPATIBLE (PLAY2 hang root-cause owned by v1.0.2 deep-campaign; v1.0.1 ships defensive interlock per flush-instr #135 three-front response). L3 forced OFF (hang prevention); SFX continue through SDL3_mixer path; music continues through Organya. To engage L3 cleanly set SDL_HINT_DOSKUTSU_AUDIO_BACKEND to opl3 / wb / midi-stub, or set SDL_HINT_DOSKUTSU_PIXTONE_IRQ_MIX=0 to silence this and keep Organya.
[13:37:26] [info] Organya init...
[13:37:27] [info] Organya init done
[13:38:00] [info] gus SFX gain [nx0259]: 70% (SDL_HINT_DOSKUTSU_GUS_SFX_GAIN; scales the GF1 SFX voice volume to balance against velocity/CC-scaled GUS music; default 70, clamp 0..150).
[13:38:00] [info] midi ISR tick: engine registered tick_isr callback (L2b active; default ON; set SDL_HINT_DOSKUTSU_MIDI_ISR_TICK=0 to disable)
[13:38:00] [info] organya auto-precache: ENABLED (default) (first-launch precache + in-game cold-render progress overlay; set SDL_HINT_DOSKUTSU_ORG_AUTOCACHE=0 to disable -> v1.1.0 black-screen cold-render)
[13:38:00] [info] organya auto-precache: cache complete (sentinel present) -- skipping batch; in-game overlay armed for any stray cache miss.
[13:38:00] [info] menu slide-in fixed-timestep: ENABLED (default; slide advances at 50 Hz logic rate)
[13:38:00] [info] Reading npc.tbl...
[13:38:00] [info] Loading tilekey.dat.
[13:38:01] [info] Script engine init.
[13:38:01] [info] Entering main loop...
[13:38:01] [info] audio mid-gap pump: DISABLED (default)
[13:38:01] [info] TAS fixed-timestep guard: ENABLED (default) (patch 0280; load_stage wall-clock kept out of the FT accumulator so TAS replay advances at a true 50 Hz; set SDL_HINT_DOSKUTSU_TAS_FT_GUARD=0 to disable)
[13:38:01] [info] load_stage ring+DMA silence flush: ENABLED (default) (set SDL_HINT_DOSKUTSU_LOADSTAGE_SILENCE=0 to disable)
[13:38:01] [info] load-band audio-underrun probe: DISABLED (default) (opt-in SDL_HINT_DOSKUTSU_LOADBAND_STAT=1)
[13:38:01] [info]  >> Entering stage 72: 'u'.
[13:38:01] [info] skip sheet flush: ENABLED (default) (SFXPAUSE-012 SHIPPED FIX; sprite sheets stay resident across caves so no per-cave re-decode -> no fire-frame pause; map_flush_graphics tilemap cache still flushes; set SDL_HINT_DOSKUTSU_SKIP_SHEET_FLUSH=0 to restore the old per-cave flush)
[13:38:01] [info] [skip-sheet-flush] cave=1
[13:38:01] [info] eager action sheets: ENABLED (default) (first-fire hitch fix: pre-loads the weapon bullet + hit/muzzle/trail caret sheets at stage load so the first fire/impact does not lazy-decode mid-gameplay; set SDL_HINT_DOSKUTSU_EAGER_ACTION_SHEETS=0 to restore lazy load)
[13:38:01] [info] Surface::loadImage palmap-diag #2: 'data/Bullet.pbm' fmt=SDL_PIXELFORMAT_ABGR8888 remap=HIT -> path=truecolor
[13:38:01] [info] Surface::loadImage palmap-diag #3: 'data/Arms.pbm' fmt=SDL_PIXELFORMAT_ABGR8888 remap=HIT -> path=truecolor
[13:38:02] [info] Surface::loadImage palmap-diag #4: 'data/Caret.pbm' fmt=SDL_PIXELFORMAT_ABGR8888 remap=HIT -> path=truecolor
[13:38:02] [info] Surface::loadImage palmap-diag #5: 'data/Npc/NpcSym.pbm' fmt=SDL_PIXELFORMAT_ABGR8888 remap=HIT -> path=truecolor
[13:38:02] [info] [eager-action-sheets] cave=1 sheets=4 wall_ms=1323
[13:38:02] [info] Surface::loadImage palmap-diag #6: 'data/Stage/PrtWhite.pbm' fmt=SDL_PIXELFORMAT_ABGR8888 remap=HIT -> path=truecolor
[13:38:03] [info] load_stage: entry-music preload ENABLED (default) (set SDL_HINT_DOSKUTSU_PRELOAD_STAGE_MUSIC=0 to disable)
[13:38:03] [info] Surface::loadImage palmap-diag #7: 'data/bk0.pbm' fmt=SDL_PIXELFORMAT_ABGR8888 remap=HIT -> path=truecolor
[13:38:03] [info] gameloop: entered (curmap=72, running=1)
[13:38:03] [info] gameloop: iter 1 ticks=46874 mapno=-1
[13:38:03] [info] fixed-timestep: ENABLED (default; logic 50 Hz, decoupled from render)
[13:38:03] [info] map: BG skip-when-unchanged DISABLED (default) (set SDL_HINT_DOSKUTSU_BG_SKIP_WHEN_UNCHANGED=1 to enable; default OFF since wave-61 -- abandoned, it shipped a backdrop-black flicker and its +0.87 fps was below the noise floor)
[13:38:03] [info] map: skip-redundant-clear lever ENABLED (default since wave-53 promotion)
[13:38:03] [info] perf-mode: level=0 (faithful (default))
[13:38:03] [info] Surface::loadImage palmap-diag #8: 'data/Npc/NpcKings.pbm' fmt=SDL_PIXELFORMAT_ABGR8888 remap=HIT -> path=truecolor
[13:38:04] [info] audio tick-boundary pump: DISABLED (default)
[13:38:04] [info] gameloop: iter 2 ticks=47309 mapno=-1
[13:38:04] [info] gameloop: iter 3 ticks=47374 mapno=-1
[13:38:04] [info] direct-vesa: snapshot @gen=2 use_dosmemput=0 banked_multibank=0 pitches_match=1 vram_w=320 vram_h=240 vram_pitch=320 bpp=1 fb_size=76800 vram_phys=0x78000000 vram_ptr=0x77c00000
[13:38:04] [info] flip-probe: flip #10 ok=true present=3ms inter_flip_ms=32 drawcalls-since-flip=6 drawcalls-total=43 fail-total=0 null-skips-total=0
[13:38:04] [info] flip-probe: flip #20 ok=true present=4ms inter_flip_ms=32 drawcalls-since-flip=4 drawcalls-total=92 fail-total=0 null-skips-total=0
[13:38:05] [info] flip-probe: flip #30 ok=true present=3ms inter_flip_ms=70 drawcalls-since-flip=326 drawcalls-total=2707 fail-total=0 null-skips-total=0
[13:38:06] [info] flip-probe: flip #40 ok=true present=3ms inter_flip_ms=63 drawcalls-since-flip=264 drawcalls-total=5837 fail-total=0 null-skips-total=0
[13:38:06] [info] flip-probe: flip #50 ok=true present=3ms inter_flip_ms=38 drawcalls-since-flip=67 drawcalls-total=7392 fail-total=0 null-skips-total=0
[13:38:06] [info] flip-probe: flip #60 ok=true present=3ms inter_flip_ms=31 drawcalls-since-flip=4 drawcalls-total=7502 fail-total=0 null-skips-total=0
[13:38:07] [info] flip-probe: flip #70 ok=true present=3ms inter_flip_ms=30 drawcalls-since-flip=6 drawcalls-total=7557 fail-total=0 null-skips-total=0
[13:38:07] [info] flip-probe: flip #80 ok=true present=3ms inter_flip_ms=21 drawcalls-since-flip=0 drawcalls-total=7586 fail-total=0 null-skips-total=0
[13:38:07] [info] flip-probe: flip #90 ok=true present=4ms inter_flip_ms=19 drawcalls-since-flip=0 drawcalls-total=7586 fail-total=0 null-skips-total=0
[13:38:07] [info] title: eager-title-IO phase tag ENABLED (default) (set SDL_HINT_DOSKUTSU_EAGER_TITLE_IO=0 to disable)
[13:38:07] [info] [music-dispatch] tick=95 song=24 (prev 0)
[13:38:16] [info] Organya pre-render: cache HIT CURLY (11875968 bytes from CACHE; 2 ch; synth skipped).
[13:38:16] [info] audio pump-to-target: ENABLED (186 ms depth setpoint; amount-bounded depth-regulated ring refill per displayed frame; killswitch SDL_HINT_DOSKUTSU_ORG_PUMP_TARGET_MS=0).
[13:38:16] [info] pixtone multi-source probe: DISABLED (default)
[13:38:16] [info] gameloop: entered (curmap=1005, running=1)
[13:38:16] [info] gameloop: iter 1 ticks=60121 mapno=-1
[13:38:16] [info] map: backdrop cache ENABLED (default) (set SDL_HINT_DOSKUTSU_BACKDROP_CACHE=0 to disable)
[13:38:17] [info] gameloop: iter 2 ticks=60974 mapno=-1
[13:38:17] [info] gameloop: iter 3 ticks=61058 mapno=-1
[13:38:17] [info] backdrop cache: thrashing-detect engaged (streak=4, route=direct)
[13:38:17] [info] flip-probe: flip #100 ok=true present=3ms inter_flip_ms=76 drawcalls-since-flip=75 drawcalls-total=7886 fail-total=0 null-skips-total=0
[13:38:17] [info] alpha audit block 0: 7798 total drawcalls, 0 with alpha<255 (block pct_x10=0; global 0/7798 pct_x10=0); alpha-mod skipped: block=0 global=0
[13:38:17] [info] fastpath audit block 0: taken=7798 (idx8=7798) skipped=0 pct_x10=1000; global taken=7798 (idx8=7798) skipped=0 pct_x10=1000
[13:38:17] [info] primitive tally block 0: clear=220(hr=220) fill=0(hr=0) rect=0(hr=0) line=0(hr=0) tint=0 spotlight=0 (over 100 flips ending at flip 100)
[13:38:17] [info] color/alpha audit block 0: cmod_white=104 cmod_black=0 (idx=0) cmod_general=84 (idx=84) cmod_fb=0; alpha_taken=0 alpha_skipped=0 (global cmod=104/0/84/0 idx=0/84 alpha=0/0)
[13:38:18] [info] phase timing block 0: drawcalls=8209 dc_total_ms=1431 flip_inner_total_ms=798 inter_flip_total_ms=56461 (per-flip avg x10: dc_ms=143 fi_ms=79 if_ms=5646 derived audio+engine_ms=5424; per-drawcall avg us_x10=1743) [direct-vesa: presents=97 total_ms=303 avg_ms_x10=31 failed=0] [ablation: NO_DC_TIMING=0 CACHE_WINSURF=0 DIRECT_VESA=1]
[13:38:18] [info] kbd/audio block 0: kbd_irq=0 kbd_drain=0 ring_chunks=16 pump_pass=99 pic1_mask=0xb8 first_irq_ticks=0 install_ticks=0 vector_at_install=0x0083e410 pic1_mask_live=0x98 kbd_8042_stat=0x34 bios_kbd_head=0x0038 bios_kbd_tail=0x0038 bios_kbd_buf0=0x0e08
[13:38:18] [info] audio/engine split block 0: audio_mixer_calls=25 audio_mixer_ms_x10=30 engine_tick_calls=99 engine_tick_ms_x10=1291 audio_service_calls=0 audio_service_ms_x10=0 (per-flip avg; per-call us_x10: audio_mix=120093 engine_tick=1304479 audio_service=0; global ns: audio_mix=300233831 engine_tick=12914348216 audio_service=0)
[13:38:18] [info] dirty-rect block @flip=100: total_calls=0 dirty_rects_avg=0 dirty_pct_x10=990 forced_full=0 first_n_force=3 threshold_exceeded=2 dirty_path_taken=0 full_flush_taken=3
[13:38:18] [info] prev-frame-diff block @flip=100: diff_calls=0 diff_rects_avg=0 diff_dirty_pct_x10=0 bbox_pct_x10=0 bbox_thresh_exceeded=0
[13:38:18] [info] flip-probe: flip #110 ok=true present=3ms inter_flip_ms=45 drawcalls-since-flip=75 drawcalls-total=8636 fail-total=0 null-skips-total=0
[13:38:18] [info] flip-probe: flip #120 ok=true present=3ms inter_flip_ms=45 drawcalls-since-flip=75 drawcalls-total=9386 fail-total=0 null-skips-total=0
[13:38:19] [info] flip-probe: flip #130 ok=true present=3ms inter_flip_ms=20 drawcalls-since-flip=0 drawcalls-total=9986 fail-total=0 null-skips-total=0
[13:38:19] [info] Loading profile from profile.dat
[13:38:19] [error] profile_load: unable to open 'profile.dat'
[13:38:19] [info] Loading profile from profile2.dat
[13:38:19] [error] profile_load: unable to open 'profile2.dat'
[13:38:19] [info] Loading profile from profile3.dat
[13:38:19] [info] Loading profile from profile4.dat
[13:38:19] [error] profile_load: unable to open 'profile4.dat'
[13:38:19] [info] Loading profile from profile5.dat
[13:38:20] [info] flip-probe: flip #140 ok=true present=4ms inter_flip_ms=90 drawcalls-since-flip=210 drawcalls-total=10826 fail-total=0 null-skips-total=0
[13:38:21] [info] flip-probe: flip #150 ok=true present=3ms inter_flip_ms=82 drawcalls-since-flip=210 drawcalls-total=12926 fail-total=0 null-skips-total=0
[13:38:21] [info] Writing settings...
[13:38:21] [info] flip-probe: flip #160 ok=true present=4ms inter_flip_ms=20 drawcalls-since-flip=0 drawcalls-total=13774 fail-total=0 null-skips-total=0
[13:38:21] [info] flip-probe: flip #170 ok=true present=3ms inter_flip_ms=21 drawcalls-since-flip=0 drawcalls-total=13774 fail-total=0 null-skips-total=0
[13:38:21] [info] [music-dispatch] tick=175 song=0 (prev 24)
[13:38:21] [info] Loading profile from profile5.dat
[13:38:21] [info]  >> Entering stage 20: 'Save Point'.
[13:38:21] [info] [skip-sheet-flush] cave=2
[13:38:22] [info] [music-dispatch] tick=175 song=8 (prev 0)
[13:38:27] [info] Organya pre-render: cache HIT VIVI (6322176 bytes from CACHE; 2 ch; synth skipped).
[13:38:27] [info] gameloop: entered (curmap=20, running=1)
[13:38:27] [info] gameloop: iter 1 ticks=70540 mapno=-1
[13:38:27] [info] TAS stall discount: ENABLED (default) (patch 0286; a replay frame over 150 ms is a load, not slow rendering, so it contributes 1 tick instead of its wall-clock; set SDL_HINT_DOSKUTSU_TAS_STALL_DISCOUNT=0 to disable)
[13:38:27] [info] TAS accumulator clamp: DISABLED (default) (patch 0281; caps the FT accumulator delta at one tick during TAS so a stalled frame cannot race the replay index; set SDL_HINT_DOSKUTSU_TAS_FT_GUARD=0 to disable)
[13:38:27] [info] gameloop: iter 2 ticks=70633 mapno=-1
[13:38:27] [info] gameloop: iter 3 ticks=70717 mapno=-1
[13:38:27] [info] flip-probe: flip #180 ok=true present=3ms inter_flip_ms=62 drawcalls-since-flip=16 drawcalls-total=13896 fail-total=0 null-skips-total=0
[13:38:28] [info] flip-probe: flip #190 ok=true present=4ms inter_flip_ms=64 drawcalls-since-flip=16 drawcalls-total=14056 fail-total=0 null-skips-total=0
[13:38:28] [info] flip-probe: flip #200 ok=true present=3ms inter_flip_ms=57 drawcalls-since-flip=16 drawcalls-total=14216 fail-total=0 null-skips-total=0
[13:38:28] [info] alpha audit block 0: 5693 total drawcalls, 0 with alpha<255 (block pct_x10=0; global 0/13491 pct_x10=0); alpha-mod skipped: block=0 global=0
[13:38:28] [info] fastpath audit block 0: taken=5693 (idx8=5693) skipped=0 pct_x10=1000; global taken=13491 (idx8=13491) skipped=0 pct_x10=1000
[13:38:28] [info] primitive tally block 0: clear=201(hr=201) fill=0(hr=0) rect=0(hr=0) line=0(hr=0) tint=0 spotlight=0 (over 100 flips ending at flip 200)
[13:38:28] [info] color/alpha audit block 0: cmod_white=1402 cmod_black=0 (idx=0) cmod_general=609 (idx=609) cmod_fb=0; alpha_taken=0 alpha_skipped=0 (global cmod=1506/0/693/0 idx=0/693 alpha=0/0)
[13:38:28] [info] phase timing block 0: drawcalls=7905 dc_total_ms=1331 flip_inner_total_ms=1378 inter_flip_total_ms=10771 (per-flip avg x10: dc_ms=133 fi_ms=137 if_ms=1077 derived audio+engine_ms=807; per-drawcall avg us_x10=1684) [direct-vesa: presents=100 total_ms=306 avg_ms_x10=30 failed=0] [ablation: NO_DC_TIMING=0 CACHE_WINSURF=0 DIRECT_VESA=1]
[13:38:28] [info] kbd/audio block 0: kbd_irq=0 kbd_drain=0 ring_chunks=16 pump_pass=244 pic1_mask=0xb8 first_irq_ticks=0 install_ticks=0 vector_at_install=0x0083e410 pic1_mask_live=0x98 kbd_8042_stat=0x34 bios_kbd_head=0x0038 bios_kbd_tail=0x0038 bios_kbd_buf0=0x0e08
[13:38:28] [info] audio/engine split block 0: audio_mixer_calls=239 audio_mixer_ms_x10=77 engine_tick_calls=76 engine_tick_ms_x10=193 audio_service_calls=0 audio_service_ms_x10=0 (per-flip avg; per-call us_x10: audio_mix=32569 engine_tick=255245 audio_service=0; global ns: audio_mix=1078653685 engine_tick=14854214793 audio_service=0)
[13:38:28] [info] dirty-rect block @flip=200: total_calls=0 dirty_rects_avg=1 dirty_pct_x10=1000 forced_full=0 first_n_force=0 threshold_exceeded=0 dirty_path_taken=0 full_flush_taken=0
[13:38:28] [info] prev-frame-diff block @flip=200: diff_calls=0 diff_rects_avg=0 diff_dirty_pct_x10=0 bbox_pct_x10=0 bbox_thresh_exceeded=0
[13:38:29] [info] flip-probe: flip #210 ok=true present=3ms inter_flip_ms=115 drawcalls-since-flip=358 drawcalls-total=15692 fail-total=0 null-skips-total=0
[13:38:29] [info] run_tick_fixed #300: heartbeat (loop alive)
[13:38:29] [info]  >> Entering stage 11: 'Mimiga Village'.
[13:38:29] [info] [skip-sheet-flush] cave=3
[13:38:30] [info] [load-stage] preloading entry music song=9 (cave=3)
[13:38:30] [info] [music-dispatch] tick=300 song=9 (prev 8)
[13:38:34] [info] Organya pre-render: cache HIT MURA (5927040 bytes from CACHE; 2 ch; synth skipped).
[13:38:34] [info] gameloop: entered (curmap=11, running=1)
[13:38:34] [info] gameloop: iter 1 ticks=77999 mapno=-1
[13:38:34] [info] map: mds_clear LUT ENABLED (default) (set SDL_HINT_DOSKUTSU_MDS_CLEAR_LUT=0 to disable; default ON; patch 0144 wave-49 bandwidth lever)
[13:38:34] [info] mds-clear-lut: rebuilt N=240 entries (k_skip=0% k_keep=100%; curmap=11 map_size=60x60; rebuild #1 since boot)
[13:38:34] [info] backdrop thrash full-cover ENABLED (default) (set SDL_HINT_DOSKUTSU_THRASH_FULLCOVER=0 to disable)
[13:38:34] [info] [bd-diag] backdrop render-path diag disabled (default) (set SDL_HINT_DOSKUTSU_BACKDROP_DIAG=1 to enable)
[13:38:34] [info] gameloop: iter 2 ticks=78173 mapno=-1
[13:38:34] [info] tas: stall frame 171 ms -> contributing 1 tick (patch 0286)
[13:38:35] [info] gameloop: iter 3 ticks=78522 mapno=-1
[13:38:35] [info] tas: stall frame 348 ms -> contributing 1 tick (patch 0286)
[13:38:35] [info] tas: stall frame 150 ms -> contributing 1 tick (patch 0286)
[13:38:35] [info] flip-probe: flip #220 ok=true present=4ms inter_flip_ms=138 drawcalls-since-flip=345 drawcalls-total=18693 fail-total=0 null-skips-total=0
[13:38:36] [info] backdrop cache: thrashing-detect engaged (streak=4, route=direct)
[13:38:36] [info] flip-probe: flip #230 ok=true present=3ms inter_flip_ms=73 drawcalls-since-flip=46 drawcalls-total=19323 fail-total=0 null-skips-total=0
[13:38:37] [info] flip-probe: flip #240 ok=true present=3ms inter_flip_ms=95 drawcalls-since-flip=42 drawcalls-total=19751 fail-total=0 null-skips-total=0
[13:38:38] [info] flip-probe: flip #250 ok=true present=3ms inter_flip_ms=82 drawcalls-since-flip=42 drawcalls-total=20171 fail-total=0 null-skips-total=0
[13:38:39] [info] flip-probe: flip #260 ok=true present=3ms inter_flip_ms=73 drawcalls-since-flip=43 drawcalls-total=20595 fail-total=0 null-skips-total=0
[13:38:40] [info] flip-probe: flip #270 ok=true present=4ms inter_flip_ms=100 drawcalls-since-flip=44 drawcalls-total=21026 fail-total=0 null-skips-total=0
[13:38:41] [info] flip-probe: flip #280 ok=true present=4ms inter_flip_ms=77 drawcalls-since-flip=41 drawcalls-total=21457 fail-total=0 null-skips-total=0
[13:38:41] [info] backdrop cache: thrashing-detect engaged (streak=64, route=direct)
[13:38:42] [info] flip-probe: flip #290 ok=true present=3ms inter_flip_ms=96 drawcalls-since-flip=42 drawcalls-total=21872 fail-total=0 null-skips-total=0
[13:38:43] [info] flip-probe: flip #300 ok=true present=4ms inter_flip_ms=78 drawcalls-since-flip=40 drawcalls-total=22286 fail-total=0 null-skips-total=0
[13:38:43] [info] alpha audit block 0: 6852 total drawcalls, 0 with alpha<255 (block pct_x10=0; global 0/20343 pct_x10=0); alpha-mod skipped: block=0 global=0
[13:38:43] [info] fastpath audit block 0: taken=6852 (idx8=6852) skipped=0 pct_x10=1000; global taken=20343 (idx8=20343) skipped=0 pct_x10=1000
[13:38:43] [info] primitive tally block 0: clear=202(hr=202) fill=0(hr=0) rect=0(hr=0) line=0(hr=0) tint=0 spotlight=0 (over 100 flips ending at flip 300)
[13:38:43] [info] color/alpha audit block 0: cmod_white=1131 cmod_black=1131 (idx=1131) cmod_general=0 (idx=0) cmod_fb=0; alpha_taken=0 alpha_skipped=0 (global cmod=2637/1131/693/0 idx=1131/693 alpha=0/0)
[13:38:43] [info] phase timing block 0: drawcalls=9326 dc_total_ms=1241 flip_inner_total_ms=1373 inter_flip_total_ms=14835 (per-flip avg x10: dc_ms=124 fi_ms=137 if_ms=1483 derived audio+engine_ms=1222; per-drawcall avg us_x10=1330) [direct-vesa: presents=100 total_ms=304 avg_ms_x10=30 failed=0] [ablation: NO_DC_TIMING=0 CACHE_WINSURF=0 DIRECT_VESA=1]
[13:38:43] [info] kbd/audio block 0: kbd_irq=0 kbd_drain=0 ring_chunks=16 pump_pass=696 pic1_mask=0xb8 first_irq_ticks=0 install_ticks=0 vector_at_install=0x0083e410 pic1_mask_live=0x98 kbd_8042_stat=0x34 bios_kbd_head=0x0038 bios_kbd_tail=0x0038 bios_kbd_buf0=0x0e08
[13:38:43] [info] [tile-speedup-stat n=100 drawtile_us=109.56 raw_blit_us=75.96 ratio=1.44]
[13:38:43] [info] audio/engine split block 0: audio_mixer_calls=416 audio_mixer_ms_x10=135 engine_tick_calls=0 engine_tick_ms_x10=0 audio_service_calls=0 audio_service_ms_x10=0 (per-flip avg; per-call us_x10: audio_mix=32565 engine_tick=0 audio_service=0; global ns: audio_mix=2433369652 engine_tick=14854214793 audio_service=0)
[13:38:43] [info] dirty-rect block @flip=300: total_calls=100 dirty_rects_avg=1 dirty_pct_x10=1000 forced_full=0 first_n_force=0 threshold_exceeded=0 dirty_path_taken=0 full_flush_taken=0
[13:38:43] [info] prev-frame-diff block @flip=300: diff_calls=0 diff_rects_avg=0 diff_dirty_pct_x10=0 bbox_pct_x10=0 bbox_thresh_exceeded=0
[13:38:43] [info] tas: stall frame 196 ms -> contributing 1 tick (patch 0286)
[13:38:44] [info] flip-probe: flip #310 ok=true present=3ms inter_flip_ms=126 drawcalls-since-flip=345 drawcalls-total=23906 fail-total=0 null-skips-total=0
[13:38:45] [info]  >> Entering stage 17: 'Yamashita Farm'.
[13:38:45] [info] [skip-sheet-flush] cave=4
[13:38:45] [info] [load-stage] preloading entry music song=13 (cave=4)
[13:38:45] [info] [music-dispatch] tick=754 song=13 (prev 9)
[13:38:48] [info] Organya pre-render: cache HIT PLANT (4741632 bytes from CACHE; 2 ch; synth skipped).
[13:38:49] [info] gameloop: entered (curmap=17, running=1)
[13:38:49] [info] gameloop: iter 1 ticks=92303 mapno=-1
[13:38:49] [info] mds-clear-lut: rebuilt N=240 entries (k_skip=33% k_keep=67%; curmap=17 map_size=40x16; rebuild #2 since boot)
[13:38:49] [info] gameloop: iter 2 ticks=92591 mapno=-1
[13:38:49] [info] tas: stall frame 291 ms -> contributing 1 tick (patch 0286)
[13:38:49] [info] gameloop: iter 3 ticks=92739 mapno=-1
[13:38:50] [info] flip-probe: flip #320 ok=true present=4ms inter_flip_ms=88 drawcalls-since-flip=221 drawcalls-total=27130 fail-total=0 null-skips-total=0
[13:38:51] [info] flip-probe: flip #330 ok=true present=3ms inter_flip_ms=125 drawcalls-since-flip=147 drawcalls-total=28523 fail-total=0 null-skips-total=0
[13:38:52] [info] backdrop cache: thrashing-detect engaged (streak=4, route=direct)
[13:38:52] [info] tas: stall frame 151 ms -> contributing 1 tick (patch 0286)
[13:38:52] [info] flip-probe: flip #340 ok=true present=3ms inter_flip_ms=132 drawcalls-since-flip=140 drawcalls-total=29963 fail-total=0 null-skips-total=0
[13:38:53] [info] flip-probe: flip #350 ok=true present=3ms inter_flip_ms=118 drawcalls-since-flip=136 drawcalls-total=31369 fail-total=0 null-skips-total=0
[13:38:55] [info] flip-probe: flip #360 ok=true present=3ms inter_flip_ms=116 drawcalls-since-flip=135 drawcalls-total=32729 fail-total=0 null-skips-total=0
[13:38:56] [info] flip-probe: flip #370 ok=true present=3ms inter_flip_ms=127 drawcalls-since-flip=124 drawcalls-total=34063 fail-total=0 null-skips-total=0
[13:38:57] [info] flip-probe: flip #380 ok=true present=3ms inter_flip_ms=120 drawcalls-since-flip=131 drawcalls-total=35344 fail-total=0 null-skips-total=0
[13:38:58] [info] flip-probe: flip #390 ok=true present=3ms inter_flip_ms=116 drawcalls-since-flip=129 drawcalls-total=36671 fail-total=0 null-skips-total=0
[13:38:59] [info] backdrop cache: thrashing-detect engaged (streak=4, route=direct)
[13:38:59] [info] flip-probe: flip #400 ok=true present=3ms inter_flip_ms=118 drawcalls-since-flip=137 drawcalls-total=38022 fail-total=0 null-skips-total=0
[13:38:59] [info] alpha audit block 0: 14336 total drawcalls, 0 with alpha<255 (block pct_x10=0; global 0/34679 pct_x10=0); alpha-mod skipped: block=0 global=0
[13:39:00] [info] fastpath audit block 0: taken=14336 (idx8=14336) skipped=0 pct_x10=1000; global taken=34679 (idx8=34679) skipped=0 pct_x10=1000
[13:39:00] [info] primitive tally block 0: clear=201(hr=201) fill=0(hr=0) rect=0(hr=0) line=0(hr=0) tint=0 spotlight=0 (over 100 flips ending at flip 400)
[13:39:00] [info] color/alpha audit block 0: cmod_white=1300 cmod_black=1300 (idx=1300) cmod_general=0 (idx=0) cmod_fb=0; alpha_taken=0 alpha_skipped=0 (global cmod=3937/2431/693/0 idx=2431/693 alpha=0/0)
[13:39:00] [info] phase timing block 0: drawcalls=17164 dc_total_ms=1581 flip_inner_total_ms=1541 inter_flip_total_ms=16244 (per-flip avg x10: dc_ms=158 fi_ms=154 if_ms=1624 derived audio+engine_ms=1312; per-drawcall avg us_x10=921) [direct-vesa: presents=100 total_ms=303 avg_ms_x10=30 failed=0] [ablation: NO_DC_TIMING=0 CACHE_WINSURF=0 DIRECT_VESA=1]
[13:39:00] [info] kbd/audio block 0: kbd_irq=0 kbd_drain=0 ring_chunks=16 pump_pass=1182 pic1_mask=0xb8 first_irq_ticks=0 install_ticks=0 vector_at_install=0x0083e410 pic1_mask_live=0x98 kbd_8042_stat=0x34 bios_kbd_head=0x0038 bios_kbd_tail=0x0038 bios_kbd_buf0=0x0e08
[13:39:00] [info] audio/engine split block 0: audio_mixer_calls=456 audio_mixer_ms_x10=148 engine_tick_calls=0 engine_tick_ms_x10=0 audio_service_calls=0 audio_service_ms_x10=0 (per-flip avg; per-call us_x10: audio_mix=32545 engine_tick=0 audio_service=0; global ns: audio_mix=3917444987 engine_tick=14854214793 audio_service=0)
[13:39:00] [info] dirty-rect block @flip=400: total_calls=0 dirty_rects_avg=1 dirty_pct_x10=1000 forced_full=0 first_n_force=0 threshold_exceeded=0 dirty_path_taken=0 full_flush_taken=0
[13:39:00] [info] prev-frame-diff block @flip=400: diff_calls=0 diff_rects_avg=0 diff_dirty_pct_x10=0 bbox_pct_x10=0 bbox_thresh_exceeded=0
[13:39:00] [info] tas: stall frame 411 ms -> contributing 1 tick (patch 0286)
[13:39:01] [info] flip-probe: flip #410 ok=true present=3ms inter_flip_ms=90 drawcalls-since-flip=136 drawcalls-total=39393 fail-total=0 null-skips-total=0
[13:39:02] [info] flip-probe: flip #420 ok=true present=3ms inter_flip_ms=116 drawcalls-since-flip=139 drawcalls-total=40765 fail-total=0 null-skips-total=0
[13:39:03] [info] flip-probe: flip #430 ok=true present=3ms inter_flip_ms=119 drawcalls-since-flip=135 drawcalls-total=42123 fail-total=0 null-skips-total=0
[13:39:04] [info] flip-probe: flip #440 ok=true present=3ms inter_flip_ms=111 drawcalls-since-flip=113 drawcalls-total=43282 fail-total=0 null-skips-total=0
[13:39:05] [info] flip-probe: flip #450 ok=true present=4ms inter_flip_ms=113 drawcalls-since-flip=110 drawcalls-total=44433 fail-total=0 null-skips-total=0
[13:39:06] [info] backdrop cache: thrashing-detect engaged (streak=64, route=direct)
[13:39:07] [info] flip-probe: flip #460 ok=true present=4ms inter_flip_ms=112 drawcalls-since-flip=117 drawcalls-total=45599 fail-total=0 null-skips-total=0
[13:39:07] [info]  >> Entering stage 11: 'Mimiga Village'.
[13:39:08] [info] [skip-sheet-flush] cave=5
[13:39:08] [info] [load-stage] preloading entry music song=9 (cave=5)
[13:39:08] [info] [music-dispatch] tick=1522 song=9 (prev 13)
[13:39:12] [info] Organya pre-render: cache HIT MURA (5927040 bytes from CACHE; 2 ch; synth skipped).
[13:39:12] [info] gameloop: entered (curmap=11, running=1)
[13:39:13] [info] gameloop: iter 1 ticks=116293 mapno=-1
[13:39:13] [info] mds-clear-lut: rebuilt N=240 entries (k_skip=0% k_keep=100%; curmap=11 map_size=60x60; rebuild #3 since boot)
[13:39:13] [info] gameloop: iter 2 ticks=116445 mapno=-1
[13:39:13] [info] tas: stall frame 153 ms -> contributing 1 tick (patch 0286)
[13:39:13] [info] flip-probe: flip #470 ok=true present=4ms inter_flip_ms=134 drawcalls-since-flip=345 drawcalls-total=48625 fail-total=0 null-skips-total=0
[13:39:13] [info] gameloop: iter 3 ticks=116591 mapno=-1
[13:39:13] [info] backdrop cache: thrashing-detect engaged (streak=4, route=direct)
[13:39:14] [info] flip-probe: flip #480 ok=true present=3ms inter_flip_ms=94 drawcalls-since-flip=40 drawcalls-total=50105 fail-total=0 null-skips-total=0
[13:39:15] [info] flip-probe: flip #490 ok=true present=3ms inter_flip_ms=83 drawcalls-since-flip=40 drawcalls-total=50505 fail-total=0 null-skips-total=0
[13:39:16] [info] flip-probe: flip #500 ok=true present=3ms inter_flip_ms=73 drawcalls-since-flip=40 drawcalls-total=50907 fail-total=0 null-skips-total=0
[13:39:16] [info] alpha audit block 0: 11940 total drawcalls, 0 with alpha<255 (block pct_x10=0; global 0/46619 pct_x10=0); alpha-mod skipped: block=0 global=0
[13:39:16] [info] fastpath audit block 0: taken=11940 (idx8=11940) skipped=0 pct_x10=1000; global taken=46619 (idx8=46619) skipped=0 pct_x10=1000
[13:39:16] [info] primitive tally block 0: clear=201(hr=201) fill=0(hr=0) rect=0(hr=0) line=0(hr=0) tint=0 spotlight=0 (over 100 flips ending at flip 500)
[13:39:16] [info] color/alpha audit block 0: cmod_white=845 cmod_black=845 (idx=845) cmod_general=0 (idx=0) cmod_fb=0; alpha_taken=0 alpha_skipped=0 (global cmod=4782/3276/693/0 idx=3276/693 alpha=0/0)
[13:39:16] [info] phase timing block 0: drawcalls=13836 dc_total_ms=1297 flip_inner_total_ms=1295 inter_flip_total_ms=16381 (per-flip avg x10: dc_ms=129 fi_ms=129 if_ms=1638 derived audio+engine_ms=1380; per-drawcall avg us_x10=937) [direct-vesa: presents=100 total_ms=303 avg_ms_x10=30 failed=0] [ablation: NO_DC_TIMING=0 CACHE_WINSURF=0 DIRECT_VESA=1]
[13:39:16] [info] kbd/audio block 0: kbd_irq=0 kbd_drain=0 ring_chunks=16 pump_pass=1667 pic1_mask=0xb8 first_irq_ticks=0 install_ticks=0 vector_at_install=0x0083e410 pic1_mask_live=0x98 kbd_8042_stat=0x34 bios_kbd_head=0x0038 bios_kbd_tail=0x0038 bios_kbd_buf0=0x0e08
[13:39:16] [info] audio/engine split block 0: audio_mixer_calls=442 audio_mixer_ms_x10=144 engine_tick_calls=0 engine_tick_ms_x10=0 audio_service_calls=0 audio_service_ms_x10=0 (per-flip avg; per-call us_x10: audio_mix=32663 engine_tick=0 audio_service=0; global ns: audio_mix=5361187748 engine_tick=14854214793 audio_service=0)
[13:39:16] [info] dirty-rect block @flip=500: total_calls=0 dirty_rects_avg=1 dirty_pct_x10=1000 forced_full=0 first_n_force=0 threshold_exceeded=0 dirty_path_taken=0 full_flush_taken=0
[13:39:16] [info] prev-frame-diff block @flip=500: diff_calls=0 diff_rects_avg=0 diff_dirty_pct_x10=0 bbox_pct_x10=0 bbox_thresh_exceeded=0
[13:39:16] [info] tas: stall frame 164 ms -> contributing 1 tick (patch 0286)
[13:39:17] [info] flip-probe: flip #510 ok=true present=3ms inter_flip_ms=93 drawcalls-since-flip=41 drawcalls-total=51314 fail-total=0 null-skips-total=0
[13:39:18] [info] flip-probe: flip #520 ok=true present=4ms inter_flip_ms=72 drawcalls-since-flip=41 drawcalls-total=51727 fail-total=0 null-skips-total=0
[13:39:18] [info] flip-probe: flip #530 ok=true present=3ms inter_flip_ms=75 drawcalls-since-flip=44 drawcalls-total=52152 fail-total=0 null-skips-total=0
[13:39:19] [info] backdrop cache: thrashing-detect engaged (streak=64, route=direct)
[13:39:19] [info] flip-probe: flip #540 ok=true present=3ms inter_flip_ms=78 drawcalls-since-flip=44 drawcalls-total=52592 fail-total=0 null-skips-total=0
[13:39:20] [info] flip-probe: flip #550 ok=true present=3ms inter_flip_ms=72 drawcalls-since-flip=42 drawcalls-total=53023 fail-total=0 null-skips-total=0
[13:39:21] [info] flip-probe: flip #560 ok=true present=3ms inter_flip_ms=70 drawcalls-since-flip=42 drawcalls-total=53447 fail-total=0 null-skips-total=0
[13:39:22] [info] flip-probe: flip #570 ok=true present=3ms inter_flip_ms=82 drawcalls-since-flip=42 drawcalls-total=53867 fail-total=0 null-skips-total=0
[13:39:23] [info] flip-probe: flip #580 ok=true present=3ms inter_flip_ms=114 drawcalls-since-flip=51 drawcalls-total=54362 fail-total=0 null-skips-total=0
[13:39:24] [info] flip-probe: flip #590 ok=true present=3ms inter_flip_ms=107 drawcalls-since-flip=261 drawcalls-total=55284 fail-total=0 null-skips-total=0
[13:39:24] [info] backdrop cache: thrashing-detect engaged (streak=124, route=direct)
[13:39:24] [info]  >> Entering stage 15: 'Reservoir'.
[13:39:24] [info] [skip-sheet-flush] cave=6
[13:39:25] [info] [load-stage] preloading entry music song=9 (cave=6)
[13:39:25] [info] gameloop: entered (curmap=15, running=1)
[13:39:25] [info] gameloop: iter 1 ticks=128477 mapno=-1
[13:39:25] [info] mds-clear-lut: rebuilt N=240 entries (k_skip=13% k_keep=87%; curmap=15 map_size=40x20; rebuild #4 since boot)
[13:39:25] [info] gameloop: iter 2 ticks=128631 mapno=-1
[13:39:25] [info] tas: stall frame 153 ms -> contributing 1 tick (patch 0286)
[13:39:25] [info] gameloop: iter 3 ticks=128761 mapno=-1
[13:39:25] [info] flip-probe: flip #600 ok=true present=4ms inter_flip_ms=102 drawcalls-since-flip=171 drawcalls-total=57954 fail-total=0 null-skips-total=0
[13:39:25] [info] alpha audit block 0: 5749 total drawcalls, 0 with alpha<255 (block pct_x10=0; global 0/52368 pct_x10=0); alpha-mod skipped: block=0 global=0
[13:39:25] [info] fastpath audit block 0: taken=5749 (idx8=5749) skipped=0 pct_x10=1000; global taken=52368 (idx8=52368) skipped=0 pct_x10=1000
[13:39:25] [info] primitive tally block 0: clear=201(hr=201) fill=0(hr=0) rect=0(hr=0) line=0(hr=0) tint=0 spotlight=0 (over 100 flips ending at flip 600)
[13:39:26] [info] color/alpha audit block 0: cmod_white=1198 cmod_black=1198 (idx=1198) cmod_general=0 (idx=0) cmod_fb=0; alpha_taken=0 alpha_skipped=0 (global cmod=5980/4474/693/0 idx=4474/693 alpha=0/0)
[13:39:26] [info] phase timing block 0: drawcalls=8352 dc_total_ms=1124 flip_inner_total_ms=1326 inter_flip_total_ms=9774 (per-flip avg x10: dc_ms=112 fi_ms=132 if_ms=977 derived audio+engine_ms=733; per-drawcall avg us_x10=1346) [direct-vesa: presents=100 total_ms=306 avg_ms_x10=30 failed=0] [ablation: NO_DC_TIMING=0 CACHE_WINSURF=0 DIRECT_VESA=1]
[13:39:26] [info] kbd/audio block 0: kbd_irq=0 kbd_drain=0 ring_chunks=16 pump_pass=2096 pic1_mask=0xb8 first_irq_ticks=0 install_ticks=0 vector_at_install=0x0083e410 pic1_mask_live=0x98 kbd_8042_stat=0x34 bios_kbd_head=0x0038 bios_kbd_tail=0x0038 bios_kbd_buf0=0x0e08
[13:39:26] [info] audio/engine split block 0: audio_mixer_calls=390 audio_mixer_ms_x10=126 engine_tick_calls=0 engine_tick_ms_x10=0 audio_service_calls=0 audio_service_ms_x10=0 (per-flip avg; per-call us_x10: audio_mix=32447 engine_tick=0 audio_service=0; global ns: audio_mix=6626646431 engine_tick=14854214793 audio_service=0)
[13:39:26] [info] dirty-rect block @flip=600: total_calls=0 dirty_rects_avg=1 dirty_pct_x10=1000 forced_full=0 first_n_force=0 threshold_exceeded=0 dirty_path_taken=0 full_flush_taken=0
[13:39:26] [info] prev-frame-diff block @flip=600: diff_calls=0 diff_rects_avg=0 diff_dirty_pct_x10=0 bbox_pct_x10=0 bbox_thresh_exceeded=0
[13:39:26] [info] tas: stall frame 189 ms -> contributing 1 tick (patch 0286)
[13:39:26] [info] flip-probe: flip #610 ok=true present=3ms inter_flip_ms=76 drawcalls-since-flip=31 drawcalls-total=58319 fail-total=0 null-skips-total=0
[13:39:27] [info] backdrop cache: thrashing-detect engaged (streak=4, route=direct)
[13:39:27] [info] flip-probe: flip #620 ok=true present=3ms inter_flip_ms=80 drawcalls-since-flip=34 drawcalls-total=58638 fail-total=0 null-skips-total=0
[13:39:28] [info] flip-probe: flip #630 ok=true present=3ms inter_flip_ms=77 drawcalls-since-flip=31 drawcalls-total=58957 fail-total=0 null-skips-total=0
[13:39:29] [info] flip-probe: flip #640 ok=true present=3ms inter_flip_ms=264 drawcalls-since-flip=35 drawcalls-total=59283 fail-total=0 null-skips-total=0
[13:39:29] [info] tas: stall frame 271 ms -> contributing 1 tick (patch 0286)
[13:39:30] [info] flip-probe: flip #650 ok=true present=4ms inter_flip_ms=109 drawcalls-since-flip=34 drawcalls-total=59628 fail-total=0 null-skips-total=0
[13:39:31] [info] flip-probe: flip #660 ok=true present=3ms inter_flip_ms=62 drawcalls-since-flip=34 drawcalls-total=59968 fail-total=0 null-skips-total=0
[13:39:31] [info] flip-probe: flip #670 ok=true present=4ms inter_flip_ms=69 drawcalls-since-flip=35 drawcalls-total=60321 fail-total=0 null-skips-total=0
[13:39:32] [info] backdrop cache: thrashing-detect engaged (streak=64, route=direct)
[13:39:32] [info] flip-probe: flip #680 ok=true present=3ms inter_flip_ms=68 drawcalls-since-flip=32 drawcalls-total=60656 fail-total=0 null-skips-total=0
[13:39:32] [info] tas: stall frame 290 ms -> contributing 1 tick (patch 0286)
[13:39:33] [info] flip-probe: flip #690 ok=true present=3ms inter_flip_ms=68 drawcalls-since-flip=31 drawcalls-total=60974 fail-total=0 null-skips-total=0
[13:39:34] [info] flip-probe: flip #700 ok=true present=3ms inter_flip_ms=75 drawcalls-since-flip=31 drawcalls-total=61284 fail-total=0 null-skips-total=0
[13:39:34] [info] alpha audit block 0: 2330 total drawcalls, 0 with alpha<255 (block pct_x10=0; global 0/54698 pct_x10=0); alpha-mod skipped: block=0 global=0
[13:39:34] [info] fastpath audit block 0: taken=2330 (idx8=2330) skipped=0 pct_x10=1000; global taken=54698 (idx8=54698) skipped=0 pct_x10=1000
[13:39:34] [info] primitive tally block 0: clear=200(hr=200) fill=0(hr=0) rect=0(hr=0) line=0(hr=0) tint=0 spotlight=0 (over 100 flips ending at flip 700)
[13:39:34] [info] color/alpha audit block 0: cmod_white=900 cmod_black=900 (idx=900) cmod_general=0 (idx=0) cmod_fb=0; alpha_taken=0 alpha_skipped=0 (global cmod=6880/5374/693/0 idx=5374/693 alpha=0/0)
[13:39:34] [info] phase timing block 0: drawcalls=4353 dc_total_ms=847 flip_inner_total_ms=1514 inter_flip_total_ms=8541 (per-flip avg x10: dc_ms=84 fi_ms=151 if_ms=854 derived audio+engine_ms=619; per-drawcall avg us_x10=1947) [direct-vesa: presents=100 total_ms=307 avg_ms_x10=30 failed=0] [ablation: NO_DC_TIMING=0 CACHE_WINSURF=0 DIRECT_VESA=1]
[13:39:34] [info] kbd/audio block 0: kbd_irq=0 kbd_drain=0 ring_chunks=16 pump_pass=2494 pic1_mask=0xb8 first_irq_ticks=0 install_ticks=0 vector_at_install=0x0083e410 pic1_mask_live=0x98 kbd_8042_stat=0x34 bios_kbd_head=0x0038 bios_kbd_tail=0x0038 bios_kbd_buf0=0x0e08
[13:39:34] [info] audio/engine split block 0: audio_mixer_calls=367 audio_mixer_ms_x10=118 engine_tick_calls=0 engine_tick_ms_x10=0 audio_service_calls=0 audio_service_ms_x10=0 (per-flip avg; per-call us_x10: audio_mix=32301 engine_tick=0 audio_service=0; global ns: audio_mix=7812112169 engine_tick=14854214793 audio_service=0)
[13:39:34] [info] dirty-rect block @flip=700: total_calls=0 dirty_rects_avg=1 dirty_pct_x10=1000 forced_full=0 first_n_force=0 threshold_exceeded=0 dirty_path_taken=0 full_flush_taken=0
[13:39:34] [info] prev-frame-diff block @flip=700: diff_calls=0 diff_rects_avg=0 diff_dirty_pct_x10=0 bbox_pct_x10=0 bbox_thresh_exceeded=0
[13:39:34] [info] tas: stall frame 164 ms -> contributing 1 tick (patch 0286)
[13:39:35] [info] backdrop cache: thrashing-detect engaged (streak=4, route=direct)
[13:39:35] [info] flip-probe: flip #710 ok=true present=3ms inter_flip_ms=282 drawcalls-since-flip=31 drawcalls-total=61594 fail-total=0 null-skips-total=0
[13:39:35] [info] tas: stall frame 293 ms -> contributing 1 tick (patch 0286)
[13:39:36] [info] flip-probe: flip #720 ok=true present=4ms inter_flip_ms=65 drawcalls-since-flip=13 drawcalls-total=61796 fail-total=0 null-skips-total=0
[13:39:37] [info] flip-probe: flip #730 ok=true present=3ms inter_flip_ms=107 drawcalls-since-flip=20 drawcalls-total=62003 fail-total=0 null-skips-total=0
[13:39:38] [info] flip-probe: flip #740 ok=true present=3ms inter_flip_ms=56 drawcalls-since-flip=13 drawcalls-total=62171 fail-total=0 null-skips-total=0
[13:39:38] [info] flip-probe: flip #750 ok=true present=3ms inter_flip_ms=66 drawcalls-since-flip=13 drawcalls-total=62301 fail-total=0 null-skips-total=0
[13:39:39] [info] run_tick_fixed #2700: heartbeat (loop alive)
[13:39:39] [info] flip-probe: flip #760 ok=true present=3ms inter_flip_ms=83 drawcalls-since-flip=3 drawcalls-total=64091 fail-total=0 null-skips-total=0
[13:39:39] [info]  >> Entering stage 11: 'Mimiga Village'.
[13:39:39] [info] [skip-sheet-flush] cave=7
[13:39:40] [info] [load-stage] preloading entry music song=9 (cave=7)
[13:39:40] [info] gameloop: entered (curmap=11, running=1)
[13:39:40] [info] gameloop: iter 1 ticks=143778 mapno=-1
[13:39:40] [info] mds-clear-lut: rebuilt N=240 entries (k_skip=0% k_keep=100%; curmap=11 map_size=60x60; rebuild #5 since boot)
[13:39:40] [info] gameloop: iter 2 ticks=143926 mapno=-1
[13:39:40] [info] gameloop: iter 3 ticks=144061 mapno=-1
[13:39:41] [info] flip-probe: flip #770 ok=true present=3ms inter_flip_ms=100 drawcalls-since-flip=42 drawcalls-total=65851 fail-total=0 null-skips-total=0
[13:39:42] [info] flip-probe: flip #780 ok=true present=3ms inter_flip_ms=105 drawcalls-since-flip=53 drawcalls-total=66282 fail-total=0 null-skips-total=0
[13:39:43] [info] backdrop cache: thrashing-detect engaged (streak=4, route=direct)
[13:39:43] [info] flip-probe: flip #790 ok=true present=3ms inter_flip_ms=97 drawcalls-since-flip=46 drawcalls-total=66774 fail-total=0 null-skips-total=0
[13:39:44] [info] flip-probe: flip #800 ok=true present=3ms inter_flip_ms=88 drawcalls-since-flip=43 drawcalls-total=67215 fail-total=0 null-skips-total=0
[13:39:44] [info] alpha audit block 0: 5185 total drawcalls, 0 with alpha<255 (block pct_x10=0; global 0/59883 pct_x10=0); alpha-mod skipped: block=0 global=0
[13:39:44] [info] fastpath audit block 0: taken=5185 (idx8=5185) skipped=0 pct_x10=1000; global taken=59883 (idx8=59883) skipped=0 pct_x10=1000
[13:39:44] [info] primitive tally block 0: clear=201(hr=201) fill=0(hr=0) rect=0(hr=0) line=0(hr=0) tint=0 spotlight=0 (over 100 flips ending at flip 800)
[13:39:44] [info] color/alpha audit block 0: cmod_white=646 cmod_black=646 (idx=646) cmod_general=0 (idx=0) cmod_fb=0; alpha_taken=0 alpha_skipped=0 (global cmod=7526/6020/693/0 idx=6020/693 alpha=0/0)
[13:39:44] [info] phase timing block 0: drawcalls=6709 dc_total_ms=1114 flip_inner_total_ms=1344 inter_flip_total_ms=10145 (per-flip avg x10: dc_ms=111 fi_ms=134 if_ms=1014 derived audio+engine_ms=769; per-drawcall avg us_x10=1661) [direct-vesa: presents=100 total_ms=303 avg_ms_x10=30 failed=0] [ablation: NO_DC_TIMING=0 CACHE_WINSURF=0 DIRECT_VESA=1]
[13:39:44] [info] kbd/audio block 0: kbd_irq=0 kbd_drain=0 ring_chunks=16 pump_pass=2931 pic1_mask=0xb8 first_irq_ticks=0 install_ticks=0 vector_at_install=0x0083e410 pic1_mask_live=0x98 kbd_8042_stat=0x34 bios_kbd_head=0x0038 bios_kbd_tail=0x0038 bios_kbd_buf0=0x0e08
[13:39:44] [info] audio/engine split block 0: audio_mixer_calls=406 audio_mixer_ms_x10=132 engine_tick_calls=0 engine_tick_ms_x10=0 audio_service_calls=0 audio_service_ms_x10=0 (per-flip avg; per-call us_x10: audio_mix=32538 engine_tick=0 audio_service=0; global ns: audio_mix=9133186088 engine_tick=14854214793 audio_service=0)
[13:39:44] [info] dirty-rect block @flip=800: total_calls=0 dirty_rects_avg=1 dirty_pct_x10=1000 forced_full=0 first_n_force=0 threshold_exceeded=0 dirty_path_taken=0 full_flush_taken=0
[13:39:44] [info] prev-frame-diff block @flip=800: diff_calls=0 diff_rects_avg=0 diff_dirty_pct_x10=0 bbox_pct_x10=0 bbox_thresh_exceeded=0
[13:39:44] [info] tas: stall frame 178 ms -> contributing 1 tick (patch 0286)
[13:39:45] [info] flip-probe: flip #810 ok=true present=3ms inter_flip_ms=85 drawcalls-since-flip=44 drawcalls-total=67654 fail-total=0 null-skips-total=0
[13:39:46] [info] flip-probe: flip #820 ok=true present=3ms inter_flip_ms=75 drawcalls-since-flip=44 drawcalls-total=68094 fail-total=0 null-skips-total=0
[13:39:47] [info] flip-probe: flip #830 ok=true present=3ms inter_flip_ms=75 drawcalls-since-flip=44 drawcalls-total=68534 fail-total=0 null-skips-total=0
[13:39:48] [info] flip-probe: flip #840 ok=true present=4ms inter_flip_ms=66 drawcalls-since-flip=43 drawcalls-total=68964 fail-total=0 null-skips-total=0
[13:39:48] [info] backdrop cache: thrashing-detect engaged (streak=64, route=direct)
[13:39:48] [info] flip-probe: flip #850 ok=true present=3ms inter_flip_ms=75 drawcalls-since-flip=43 drawcalls-total=69387 fail-total=0 null-skips-total=0
[13:39:49] [info] flip-probe: flip #860 ok=true present=3ms inter_flip_ms=74 drawcalls-since-flip=44 drawcalls-total=69825 fail-total=0 null-skips-total=0
[13:39:50] [info] flip-probe: flip #870 ok=true present=3ms inter_flip_ms=84 drawcalls-since-flip=43 drawcalls-total=70260 fail-total=0 null-skips-total=0
[13:39:51] [info] flip-probe: flip #880 ok=true present=3ms inter_flip_ms=102 drawcalls-since-flip=43 drawcalls-total=70686 fail-total=0 null-skips-total=0
[13:39:52] [info] flip-probe: flip #890 ok=true present=3ms inter_flip_ms=70 drawcalls-since-flip=18 drawcalls-total=70864 fail-total=0 null-skips-total=0
[13:39:52] [info] run_tick_fixed #3300: heartbeat (loop alive)
[13:39:52] [info] flip-probe: flip #900 ok=true present=3ms inter_flip_ms=71 drawcalls-since-flip=19 drawcalls-total=71047 fail-total=0 null-skips-total=0
[13:39:52] [info] alpha audit block 0: 2692 total drawcalls, 0 with alpha<255 (block pct_x10=0; global 0/62575 pct_x10=0); alpha-mod skipped: block=0 global=0
[13:39:52] [info] fastpath audit block 0: taken=2692 (idx8=2692) skipped=0 pct_x10=1000; global taken=62575 (idx8=62575) skipped=0 pct_x10=1000
[13:39:52] [info] primitive tally block 0: clear=200(hr=200) fill=0(hr=0) rect=0(hr=0) line=0(hr=0) tint=0 spotlight=0 (over 100 flips ending at flip 900)
[13:39:52] [info] color/alpha audit block 0: cmod_white=1040 cmod_black=1040 (idx=1040) cmod_general=0 (idx=0) cmod_fb=0; alpha_taken=0 alpha_skipped=0 (global cmod=8566/7060/693/0 idx=7060/693 alpha=0/0)
[13:39:52] [info] phase timing block 0: drawcalls=4972 dc_total_ms=811 flip_inner_total_ms=1279 inter_flip_total_ms=8316 (per-flip avg x10: dc_ms=81 fi_ms=127 if_ms=831 derived audio+engine_ms=623; per-drawcall avg us_x10=1632) [direct-vesa: presents=100 total_ms=304 avg_ms_x10=30 failed=0] [ablation: NO_DC_TIMING=0 CACHE_WINSURF=0 DIRECT_VESA=1]
[13:39:53] [info] kbd/audio block 0: kbd_irq=0 kbd_drain=0 ring_chunks=16 pump_pass=3340 pic1_mask=0xb8 first_irq_ticks=0 install_ticks=0 vector_at_install=0x0083e410 pic1_mask_live=0x98 kbd_8042_stat=0x34 bios_kbd_head=0x0038 bios_kbd_tail=0x0038 bios_kbd_buf0=0x0e08
[13:39:53] [info] audio/engine split block 0: audio_mixer_calls=358 audio_mixer_ms_x10=115 engine_tick_calls=0 engine_tick_ms_x10=0 audio_service_calls=0 audio_service_ms_x10=0 (per-flip avg; per-call us_x10: audio_mix=32377 engine_tick=0 audio_service=0; global ns: audio_mix=10292302906 engine_tick=14854214793 audio_service=0)
[13:39:53] [info] dirty-rect block @flip=900: total_calls=0 dirty_rects_avg=1 dirty_pct_x10=1000 forced_full=0 first_n_force=0 threshold_exceeded=0 dirty_path_taken=0 full_flush_taken=0
[13:39:53] [info] prev-frame-diff block @flip=900: diff_calls=0 diff_rects_avg=0 diff_dirty_pct_x10=0 bbox_pct_x10=0 bbox_thresh_exceeded=0
[13:39:53] [info] tas: stall frame 160 ms -> contributing 1 tick (patch 0286)
[13:39:53] [info] tas: stall frame 302 ms -> contributing 1 tick (patch 0286)
[13:39:53] [info] backdrop cache: thrashing-detect engaged (streak=124, route=direct)
[13:39:54] [info] flip-probe: flip #910 ok=true present=3ms inter_flip_ms=80 drawcalls-since-flip=20 drawcalls-total=71245 fail-total=0 null-skips-total=0
[13:39:54] [info] flip-probe: flip #920 ok=true present=3ms inter_flip_ms=88 drawcalls-since-flip=16 drawcalls-total=71422 fail-total=0 null-skips-total=0
[13:39:55] [info] flip-probe: flip #930 ok=true present=3ms inter_flip_ms=89 drawcalls-since-flip=17 drawcalls-total=71584 fail-total=0 null-skips-total=0
[13:39:56] [info] flip-probe: flip #940 ok=true present=3ms inter_flip_ms=68 drawcalls-since-flip=16 drawcalls-total=71750 fail-total=0 null-skips-total=0
[13:39:57] [info] flip-probe: flip #950 ok=true present=3ms inter_flip_ms=77 drawcalls-since-flip=16 drawcalls-total=71905 fail-total=0 null-skips-total=0
[13:39:58] [info] flip-probe: flip #960 ok=true present=3ms inter_flip_ms=74 drawcalls-since-flip=18 drawcalls-total=72091 fail-total=0 null-skips-total=0
[13:39:58] [info] backdrop cache: thrashing-detect engaged (streak=184, route=direct)
[13:39:59] [info]  >> Entering stage 19: 'Assembly Hall'.
[13:39:59] [info] [skip-sheet-flush] cave=8
[13:40:00] [info] [load-stage] preloading entry music song=9 (cave=8)
[13:40:00] [info] gameloop: entered (curmap=19, running=1)
[13:40:00] [info] gameloop: iter 1 ticks=163537 mapno=-1
[13:40:00] [info] mds-clear-lut: rebuilt N=240 entries (k_skip=100% k_keep=0%; curmap=19 map_size=21x16; rebuild #6 since boot)
[13:40:00] [info] flip-probe: flip #970 ok=true present=3ms inter_flip_ms=1048 drawcalls-since-flip=463 drawcalls-total=74357 fail-total=0 null-skips-total=0
[13:40:00] [info] gameloop: iter 2 ticks=163705 mapno=-1
[13:40:00] [info] tas: stall frame 168 ms -> contributing 1 tick (patch 0286)
[13:40:00] [info] gameloop: iter 3 ticks=163815 mapno=-1
[13:40:01] [info] flip-probe: flip #980 ok=true present=3ms inter_flip_ms=66 drawcalls-since-flip=121 drawcalls-total=76941 fail-total=0 null-skips-total=0
[13:40:02] [info] flip-probe: flip #990 ok=true present=4ms inter_flip_ms=95 drawcalls-since-flip=123 drawcalls-total=78155 fail-total=0 null-skips-total=0
[13:40:03] [info] flip-probe: flip #1000 ok=true present=3ms inter_flip_ms=99 drawcalls-since-flip=123 drawcalls-total=79381 fail-total=0 null-skips-total=0
[13:40:03] [info] alpha audit block 0: 7862 total drawcalls, 0 with alpha<255 (block pct_x10=0; global 0/70437 pct_x10=0); alpha-mod skipped: block=0 global=0
[13:40:03] [info] fastpath audit block 0: taken=7862 (idx8=7862) skipped=0 pct_x10=1000; global taken=70437 (idx8=70437) skipped=0 pct_x10=1000
[13:40:03] [info] primitive tally block 0: clear=201(hr=201) fill=0(hr=0) rect=0(hr=0) line=0(hr=0) tint=0 spotlight=0 (over 100 flips ending at flip 1000)
[13:40:03] [info] color/alpha audit block 0: cmod_white=372 cmod_black=372 (idx=372) cmod_general=0 (idx=0) cmod_fb=0; alpha_taken=0 alpha_skipped=0 (global cmod=8938/7432/693/0 idx=7432/693 alpha=0/0)
[13:40:03] [info] phase timing block 0: drawcalls=8838 dc_total_ms=1143 flip_inner_total_ms=1342 inter_flip_total_ms=10304 (per-flip avg x10: dc_ms=114 fi_ms=134 if_ms=1030 derived audio+engine_ms=782; per-drawcall avg us_x10=1294) [direct-vesa: presents=100 total_ms=306 avg_ms_x10=30 failed=0] [ablation: NO_DC_TIMING=0 CACHE_WINSURF=0 DIRECT_VESA=1]
[13:40:03] [info] kbd/audio block 0: kbd_irq=0 kbd_drain=0 ring_chunks=16 pump_pass=3769 pic1_mask=0xb8 first_irq_ticks=0 install_ticks=0 vector_at_install=0x0083e410 pic1_mask_live=0x98 kbd_8042_stat=0x34 bios_kbd_head=0x0038 bios_kbd_tail=0x0038 bios_kbd_buf0=0x0e08
[13:40:03] [info] audio/engine split block 0: audio_mixer_calls=394 audio_mixer_ms_x10=128 engine_tick_calls=0 engine_tick_ms_x10=0 audio_service_calls=0 audio_service_ms_x10=0 (per-flip avg; per-call us_x10: audio_mix=32581 engine_tick=0 audio_service=0; global ns: audio_mix=11575995225 engine_tick=14854214793 audio_service=0)
[13:40:03] [info] dirty-rect block @flip=1000: total_calls=0 dirty_rects_avg=1 dirty_pct_x10=1000 forced_full=0 first_n_force=0 threshold_exceeded=0 dirty_path_taken=0 full_flush_taken=0
[13:40:03] [info] prev-frame-diff block @flip=1000: diff_calls=0 diff_rects_avg=0 diff_dirty_pct_x10=0 bbox_pct_x10=0 bbox_thresh_exceeded=0
[13:40:03] [info] tas: stall frame 178 ms -> contributing 1 tick (patch 0286)
[13:40:03] [info] tas: stall frame 315 ms -> contributing 1 tick (patch 0286)
[13:40:04] [info] flip-probe: flip #1010 ok=true present=4ms inter_flip_ms=78 drawcalls-since-flip=121 drawcalls-total=80593 fail-total=0 null-skips-total=0
[13:40:05] [info] flip-probe: flip #1020 ok=true present=3ms inter_flip_ms=87 drawcalls-since-flip=121 drawcalls-total=81803 fail-total=0 null-skips-total=0
[13:40:06] [info]  >> Entering stage 11: 'Mimiga Village'.
[13:40:06] [info] [skip-sheet-flush] cave=9
[13:40:06] [info] [load-stage] preloading entry music song=9 (cave=9)
[13:40:07] [info] gameloop: entered (curmap=11, running=1)
[13:40:07] [info] gameloop: iter 1 ticks=170407 mapno=-1
[13:40:07] [info] mds-clear-lut: rebuilt N=240 entries (k_skip=0% k_keep=100%; curmap=11 map_size=60x60; rebuild #7 since boot)
[13:40:07] [info] flip-probe: flip #1030 ok=true present=3ms inter_flip_ms=1039 drawcalls-since-flip=384 drawcalls-total=84875 fail-total=0 null-skips-total=0
[13:40:07] [info] gameloop: iter 2 ticks=170569 mapno=-1
[13:40:07] [info] tas: stall frame 163 ms -> contributing 1 tick (patch 0286)
[13:40:07] [info] gameloop: iter 3 ticks=170707 mapno=-1
[13:40:08] [info] backdrop cache: thrashing-detect engaged (streak=4, route=direct)
[13:40:08] [info] flip-probe: flip #1040 ok=true present=3ms inter_flip_ms=118 drawcalls-since-flip=44 drawcalls-total=86881 fail-total=0 null-skips-total=0
[13:40:09] [info] flip-probe: flip #1050 ok=true present=4ms inter_flip_ms=67 drawcalls-since-flip=42 drawcalls-total=87311 fail-total=0 null-skips-total=0
[13:40:10] [info] flip-probe: flip #1060 ok=true present=3ms inter_flip_ms=96 drawcalls-since-flip=42 drawcalls-total=87738 fail-total=0 null-skips-total=0
[13:40:11] [info] flip-probe: flip #1070 ok=true present=3ms inter_flip_ms=82 drawcalls-since-flip=44 drawcalls-total=88176 fail-total=0 null-skips-total=0
[13:40:12] [info] flip-probe: flip #1080 ok=true present=3ms inter_flip_ms=76 drawcalls-since-flip=43 drawcalls-total=88609 fail-total=0 null-skips-total=0
[13:40:12] [info] flip-probe: flip #1090 ok=true present=3ms inter_flip_ms=70 drawcalls-since-flip=42 drawcalls-total=89033 fail-total=0 null-skips-total=0
[13:40:13] [info] backdrop cache: thrashing-detect engaged (streak=64, route=direct)
[13:40:13] [info] flip-probe: flip #1100 ok=true present=3ms inter_flip_ms=95 drawcalls-since-flip=43 drawcalls-total=89457 fail-total=0 null-skips-total=0
[13:40:13] [info] alpha audit block 0: 8705 total drawcalls, 0 with alpha<255 (block pct_x10=0; global 0/79142 pct_x10=0); alpha-mod skipped: block=0 global=0
[13:40:13] [info] fastpath audit block 0: taken=8705 (idx8=8705) skipped=0 pct_x10=1000; global taken=79142 (idx8=79142) skipped=0 pct_x10=1000
[13:40:13] [info] primitive tally block 0: clear=201(hr=201) fill=0(hr=0) rect=0(hr=0) line=0(hr=0) tint=0 spotlight=0 (over 100 flips ending at flip 1100)
[13:40:13] [info] color/alpha audit block 0: cmod_white=1271 cmod_black=1271 (idx=1271) cmod_general=0 (idx=0) cmod_fb=0; alpha_taken=0 alpha_skipped=0 (global cmod=10209/8703/693/0 idx=8703/693 alpha=0/0)
[13:40:13] [info] phase timing block 0: drawcalls=11483 dc_total_ms=1367 flip_inner_total_ms=1311 inter_flip_total_ms=10523 (per-flip avg x10: dc_ms=136 fi_ms=131 if_ms=1052 derived audio+engine_ms=785; per-drawcall avg us_x10=1190) [direct-vesa: presents=100 total_ms=305 avg_ms_x10=30 failed=0] [ablation: NO_DC_TIMING=0 CACHE_WINSURF=0 DIRECT_VESA=1]
[13:40:13] [info] kbd/audio block 0: kbd_irq=0 kbd_drain=0 ring_chunks=16 pump_pass=4206 pic1_mask=0xb8 first_irq_ticks=0 install_ticks=0 vector_at_install=0x0083e410 pic1_mask_live=0x98 kbd_8042_stat=0x34 bios_kbd_head=0x0038 bios_kbd_tail=0x0038 bios_kbd_buf0=0x0e08
[13:40:13] [info] audio/engine split block 0: audio_mixer_calls=403 audio_mixer_ms_x10=130 engine_tick_calls=0 engine_tick_ms_x10=0 audio_service_calls=0 audio_service_ms_x10=0 (per-flip avg; per-call us_x10: audio_mix=32377 engine_tick=0 audio_service=0; global ns: audio_mix=12880810066 engine_tick=14854214793 audio_service=0)
[13:40:13] [info] dirty-rect block @flip=1100: total_calls=0 dirty_rects_avg=1 dirty_pct_x10=1000 forced_full=0 first_n_force=0 threshold_exceeded=0 dirty_path_taken=0 full_flush_taken=0
[13:40:13] [info] prev-frame-diff block @flip=1100: diff_calls=0 diff_rects_avg=0 diff_dirty_pct_x10=0 bbox_pct_x10=0 bbox_thresh_exceeded=0
[13:40:13] [info] tas: stall frame 188 ms -> contributing 1 tick (patch 0286)
[13:40:14] [info] flip-probe: flip #1110 ok=true present=3ms inter_flip_ms=110 drawcalls-since-flip=43 drawcalls-total=89893 fail-total=0 null-skips-total=0
[13:40:15] [info] flip-probe: flip #1120 ok=true present=3ms inter_flip_ms=112 drawcalls-since-flip=174 drawcalls-total=90432 fail-total=0 null-skips-total=0
[13:40:16] [info]  >> Entering stage 14: 'Shack'.
[13:40:16] [info] [skip-sheet-flush] cave=10
[13:40:17] [info] [load-stage] preloading entry music song=8 (cave=10)
[13:40:17] [info] [music-dispatch] tick=4329 song=8 (prev 9)
[13:40:21] [info] Organya pre-render: cache HIT VIVI (6322176 bytes from CACHE; 2 ch; synth skipped).
[13:40:21] [info] gameloop: entered (curmap=14, running=1)
[13:40:21] [info] gameloop: iter 1 ticks=185062 mapno=-1
[13:40:21] [info] gameloop: iter 2 ticks=185187 mapno=-1
[13:40:22] [info] gameloop: iter 3 ticks=185313 mapno=-1
[13:40:22] [info] flip-probe: flip #1130 ok=true present=3ms inter_flip_ms=115 drawcalls-since-flip=325 drawcalls-total=93732 fail-total=0 null-skips-total=0
[13:40:23] [info] flip-probe: flip #1140 ok=true present=3ms inter_flip_ms=52 drawcalls-since-flip=23 drawcalls-total=94168 fail-total=0 null-skips-total=0
[13:40:23] [info] flip-probe: flip #1150 ok=true present=3ms inter_flip_ms=71 drawcalls-since-flip=25 drawcalls-total=94402 fail-total=0 null-skips-total=0
[13:40:23] [info] tas: stall frame 291 ms -> contributing 1 tick (patch 0286)
[13:40:24] [info] flip-probe: flip #1160 ok=true present=3ms inter_flip_ms=61 drawcalls-since-flip=23 drawcalls-total=94650 fail-total=0 null-skips-total=0
[13:40:25] [info] flip-probe: flip #1170 ok=true present=3ms inter_flip_ms=52 drawcalls-since-flip=23 drawcalls-total=94880 fail-total=0 null-skips-total=0
[13:40:25] [info] flip-probe: flip #1180 ok=true present=3ms inter_flip_ms=61 drawcalls-since-flip=23 drawcalls-total=95110 fail-total=0 null-skips-total=0
[13:40:26] [info] flip-probe: flip #1190 ok=true present=3ms inter_flip_ms=60 drawcalls-since-flip=23 drawcalls-total=95340 fail-total=0 null-skips-total=0
[13:40:27] [info] flip-probe: flip #1200 ok=true present=3ms inter_flip_ms=52 drawcalls-since-flip=23 drawcalls-total=95570 fail-total=0 null-skips-total=0
[13:40:27] [info] alpha audit block 0: 5379 total drawcalls, 0 with alpha<255 (block pct_x10=0; global 0/84521 pct_x10=0); alpha-mod skipped: block=0 global=0
[13:40:27] [info] fastpath audit block 0: taken=5379 (idx8=5379) skipped=0 pct_x10=1000; global taken=84521 (idx8=84521) skipped=0 pct_x10=1000
[13:40:27] [info] primitive tally block 0: clear=201(hr=201) fill=0(hr=0) rect=0(hr=0) line=0(hr=0) tint=0 spotlight=0 (over 100 flips ending at flip 1200)
[13:40:27] [info] color/alpha audit block 0: cmod_white=708 cmod_black=708 (idx=708) cmod_general=0 (idx=0) cmod_fb=0; alpha_taken=0 alpha_skipped=0 (global cmod=10917/9411/693/0 idx=9411/693 alpha=0/0)
[13:40:27] [info] phase timing block 0: drawcalls=6996 dc_total_ms=974 flip_inner_total_ms=1554 inter_flip_total_ms=13300 (per-flip avg x10: dc_ms=97 fi_ms=155 if_ms=1330 derived audio+engine_ms=1078; per-drawcall avg us_x10=1393) [direct-vesa: presents=100 total_ms=306 avg_ms_x10=30 failed=0] [ablation: NO_DC_TIMING=0 CACHE_WINSURF=0 DIRECT_VESA=1]
[13:40:27] [info] kbd/audio block 0: kbd_irq=0 kbd_drain=0 ring_chunks=16 pump_pass=4576 pic1_mask=0xb8 first_irq_ticks=0 install_ticks=0 vector_at_install=0x0083e410 pic1_mask_live=0x98 kbd_8042_stat=0x34 bios_kbd_head=0x0038 bios_kbd_tail=0x0038 bios_kbd_buf0=0x0e08
[13:40:27] [info] audio/engine split block 0: audio_mixer_calls=343 audio_mixer_ms_x10=111 engine_tick_calls=0 engine_tick_ms_x10=0 audio_service_calls=0 audio_service_ms_x10=0 (per-flip avg; per-call us_x10: audio_mix=32529 engine_tick=0 audio_service=0; global ns: audio_mix=13996570463 engine_tick=14854214793 audio_service=0)
[13:40:27] [info] dirty-rect block @flip=1200: total_calls=0 dirty_rects_avg=1 dirty_pct_x10=1000 forced_full=0 first_n_force=0 threshold_exceeded=0 dirty_path_taken=0 full_flush_taken=0
[13:40:27] [info] prev-frame-diff block @flip=1200: diff_calls=0 diff_rects_avg=0 diff_dirty_pct_x10=0 bbox_pct_x10=0 bbox_thresh_exceeded=0
[13:40:27] [info]  >> Entering stage 11: 'Mimiga Village'.
[13:40:27] [info] [skip-sheet-flush] cave=11
[13:40:28] [info] [load-stage] preloading entry music song=9 (cave=11)
[13:40:28] [info] [music-dispatch] tick=4611 song=9 (prev 8)
[13:40:32] [info] Organya pre-render: cache HIT MURA (5927040 bytes from CACHE; 2 ch; synth skipped).
[13:40:32] [info] gameloop: entered (curmap=11, running=1)
[13:40:32] [info] gameloop: iter 1 ticks=196044 mapno=-1
[13:40:32] [info] gameloop: iter 2 ticks=196186 mapno=-1
[13:40:33] [info] gameloop: iter 3 ticks=196325 mapno=-1
[13:40:33] [info] flip-probe: flip #1210 ok=true present=3ms inter_flip_ms=130 drawcalls-since-flip=382 drawcalls-total=98591 fail-total=0 null-skips-total=0
[13:40:33] [info] backdrop cache: thrashing-detect engaged (streak=4, route=direct)
[13:40:34] [info] flip-probe: flip #1220 ok=true present=3ms inter_flip_ms=108 drawcalls-since-flip=42 drawcalls-total=99623 fail-total=0 null-skips-total=0
[13:40:35] [info] flip-probe: flip #1230 ok=true present=3ms inter_flip_ms=113 drawcalls-since-flip=46 drawcalls-total=100059 fail-total=0 null-skips-total=0
[13:40:36] [info] flip-probe: flip #1240 ok=true present=3ms inter_flip_ms=89 drawcalls-since-flip=42 drawcalls-total=100493 fail-total=0 null-skips-total=0
[13:40:37] [info] flip-probe: flip #1250 ok=true present=3ms inter_flip_ms=102 drawcalls-since-flip=44 drawcalls-total=100933 fail-total=0 null-skips-total=0
[13:40:37] [info] flip-probe: flip #1260 ok=true present=3ms inter_flip_ms=77 drawcalls-since-flip=45 drawcalls-total=101376 fail-total=0 null-skips-total=0
[13:40:38] [info] flip-probe: flip #1270 ok=true present=3ms inter_flip_ms=74 drawcalls-since-flip=43 drawcalls-total=101820 fail-total=0 null-skips-total=0
[13:40:39] [info] backdrop cache: thrashing-detect engaged (streak=64, route=direct)
[13:40:39] [info] flip-probe: flip #1280 ok=true present=4ms inter_flip_ms=91 drawcalls-since-flip=45 drawcalls-total=102257 fail-total=0 null-skips-total=0
[13:40:39] [info] backdrop cache: thrashing-detect engaged (streak=4, route=direct)
[13:40:40] [info] flip-probe: flip #1290 ok=true present=3ms inter_flip_ms=76 drawcalls-since-flip=45 drawcalls-total=102711 fail-total=0 null-skips-total=0
[13:40:41] [info] flip-probe: flip #1300 ok=true present=3ms inter_flip_ms=75 drawcalls-since-flip=44 drawcalls-total=103151 fail-total=0 null-skips-total=0
[13:40:41] [info] alpha audit block 0: 6244 total drawcalls, 0 with alpha<255 (block pct_x10=0; global 0/90765 pct_x10=0); alpha-mod skipped: block=0 global=0
[13:40:41] [info] fastpath audit block 0: taken=6244 (idx8=6244) skipped=0 pct_x10=1000; global taken=90765 (idx8=90765) skipped=0 pct_x10=1000
[13:40:41] [info] primitive tally block 0: clear=201(hr=201) fill=0(hr=0) rect=0(hr=0) line=0(hr=0) tint=0 spotlight=0 (over 100 flips ending at flip 1300)
[13:40:41] [info] color/alpha audit block 0: cmod_white=1244 cmod_black=1244 (idx=1244) cmod_general=0 (idx=0) cmod_fb=0; alpha_taken=0 alpha_skipped=0 (global cmod=12161/10655/693/0 idx=10655/693 alpha=0/0)
[13:40:41] [info] phase timing block 0: drawcalls=8942 dc_total_ms=1179 flip_inner_total_ms=1328 inter_flip_total_ms=14243 (per-flip avg x10: dc_ms=117 fi_ms=132 if_ms=1424 derived audio+engine_ms=1175; per-drawcall avg us_x10=1318) [direct-vesa: presents=100 total_ms=305 avg_ms_x10=30 failed=0] [ablation: NO_DC_TIMING=0 CACHE_WINSURF=0 DIRECT_VESA=1]
[13:40:41] [info] kbd/audio block 0: kbd_irq=0 kbd_drain=0 ring_chunks=16 pump_pass=5030 pic1_mask=0xb8 first_irq_ticks=0 install_ticks=0 vector_at_install=0x0083e410 pic1_mask_live=0x98 kbd_8042_stat=0x34 bios_kbd_head=0x0038 bios_kbd_tail=0x0038 bios_kbd_buf0=0x0e08
[13:40:41] [info] audio/engine split block 0: audio_mixer_calls=398 audio_mixer_ms_x10=129 engine_tick_calls=0 engine_tick_ms_x10=0 audio_service_calls=0 audio_service_ms_x10=0 (per-flip avg; per-call us_x10: audio_mix=32464 engine_tick=0 audio_service=0; global ns: audio_mix=15288661344 engine_tick=14854214793 audio_service=0)
[13:40:41] [info] dirty-rect block @flip=1300: total_calls=0 dirty_rects_avg=1 dirty_pct_x10=1000 forced_full=0 first_n_force=0 threshold_exceeded=0 dirty_path_taken=0 full_flush_taken=0
[13:40:41] [info] prev-frame-diff block @flip=1300: diff_calls=0 diff_rects_avg=0 diff_dirty_pct_x10=0 bbox_pct_x10=0 bbox_thresh_exceeded=0
[13:40:41] [info] tas: stall frame 164 ms -> contributing 1 tick (patch 0286)
[13:40:42] [info] flip-probe: flip #1310 ok=true present=4ms inter_flip_ms=75 drawcalls-since-flip=44 drawcalls-total=103591 fail-total=0 null-skips-total=0
[13:40:43] [info] flip-probe: flip #1320 ok=true present=3ms inter_flip_ms=69 drawcalls-since-flip=59 drawcalls-total=104046 fail-total=0 null-skips-total=0
[13:40:44] [info] flip-probe: flip #1330 ok=true present=3ms inter_flip_ms=60 drawcalls-since-flip=59 drawcalls-total=104636 fail-total=0 null-skips-total=0
[13:40:44] [info] flip-probe: flip #1340 ok=true present=3ms inter_flip_ms=69 drawcalls-since-flip=59 drawcalls-total=105226 fail-total=0 null-skips-total=0
[13:40:45] [info] backdrop cache: thrashing-detect engaged (streak=64, route=direct)
[13:40:45] [info] flip-probe: flip #1350 ok=true present=3ms inter_flip_ms=69 drawcalls-since-flip=59 drawcalls-total=105816 fail-total=0 null-skips-total=0
[13:40:46] [info] tas: end-of-replay auto-exit at tick 5140 (recording exhausted; set DOSKUTSU_TAS_REPLAY_HOLD=1 to disable + observe steady-state past recording end)
[13:40:46] [info] Script engine shutdown.
[13:40:46] [info] Sound system shutdown
[13:40:46] [info] Renderer::Close()
[13:40:46] [info] tas: replay file closed
[13:40:46] [info] [fps-true] flips=1353 render_s=205 fps_mean=6.6 (clock-independent: flips / seconds since the FIRST flip; use THIS for the fps matrix, not inter_flip medians, which are invalid in any cell running the PIT/IRQ-0 music pump)
[RUNMANIFEST-BEGIN]
schema_version=2
environment=realhw
binary_sha12=UNKNOWN
binary_sha12_src=unknown
build_sha12=1f79ce20e4ee
organya_cache_key=1f79ce20e4ee
wave_tag=6XH2
scene=
env_block_sha=d62051210e21
started_rtc_local=2026-11-21T11:30:10
duration_s=220
exit_code=0
fps_true_flips=1353
fps_true_render_s=205
reel_ticks=5140
reel_game_seconds=102.8
per_loop_fps=13.1
overhead_s=103
music_pump_active=0
cpu_vendor=GenuineIntel
cpu_have_cpuid=1
cpu_family=4
cpu_model=3
cpu_stepping=5
cpu_mhz_est=64
cpu_has_fpu=1
cpu_class=486_mid
audio_backend=organya
video_logical_wxh=320x240
video_logical_bpp=8
video_vram_kb=4096
video_lfb_or_banked=lfb
audio_is_sb16=1
audio_dsp_ver=4.13
audio_dma_path=16bit-high
audio_force_8bit=0
audio_dma_channel=5
fps_p50=12.8
fps_p95=7.6
fps_sample_n=135
fps_sample_interval=10
pump_clock_state=no-pump
audio_vital_status=NA
regime=NA
banner_required_hit=0
banner_required_total=0
banner_forbidden_hit=0
banner_optional_hit=0
critical_count=0
warn_count=0
perstage_count=12
perstage_00=stage:72 ticks:95 flips:95 fps:50.0
perstage_01=stage:1005 ticks:80 flips:80 fps:50.0
perstage_02=stage:20 ticks:125 flips:37 fps:14.8
perstage_03=stage:11 ticks:454 flips:100 fps:11.0
perstage_04=stage:17 ticks:768 flips:155 fps:10.0
perstage_05=stage:11 ticks:548 flips:126 fps:11.4
perstage_06=stage:15 ticks:667 flips:166 fps:12.4
perstage_07=stage:11 ticks:892 flips:209 fps:11.7
perstage_08=stage:19 ticks:262 flips:60 fps:11.4
perstage_09=stage:11 ticks:438 flips:97 fps:11.0
perstage_10=stage:14 ticks:282 flips:81 fps:14.3
perstage_11=stage:11 ticks:529 flips:146 fps:13.7
[RUNMANIFEST-END]
[13:40:46] [info] [runmanifest-emit] schema=v2 env=realhw binary_sha12=UNKNOWN(unknown) build_sha12=1f79ce20e4ee per_loop_fps=13.1 overhead_s=103 pump=0 dur=220s tag='6XH2' scene='' (signals=0x4)
