DOSVESA-CTRL: VBE 3.0  total_vram=2048_KB  oem_sw_rev=0x0607
DOSVESA-CTRL: oem_string='Universal VESA VBE 6.70'
DOSVESA-CTRL: oem_vendor='SciTech Software, Inc.'  product='SciTech Display Doctor(tm)'  rev='6.7'
DOSVESA-CTRL: 19 modes enumerated:
   0x01F3 0x0100 0x01E4 0x01D4 0x01C4 0x01B3 0x0101 0x0103 0x0105 0x0107 0x0110 0x0113 0x0116 0x0111 0x0114 0x0117
   0x0112 0x0115 0x01B0
cirrus-lfb-aperture-bug: NOT detected (oem='SciTech Software, Inc.' product='SciTech Display Doctor(tm)' vram=2048KB) -> LFB path remains enabled (reason: no fingerprint match)
DOSVESA-MODELIST: enumerating 19 BIOS-reported modes (lever 0b diagnostic)
  mode 0x01F3:  512x384  bpp=8  planes=1 model=4 attrs=0x00BB lfb=1 sup=1 gfx=1 color=1 pitch=512 pages=9 win_seg=0xA000 win_size=64KB win_gran=64KB win_attr=0x07 lfb_addr=0x78000000
  mode 0x0100:  640x400  bpp=8  planes=1 model=4 attrs=0x00BB lfb=1 sup=1 gfx=1 color=1 pitch=640 pages=6 win_seg=0xA000 win_size=64KB win_gran=64KB win_attr=0x07 lfb_addr=0x78000000
  mode 0x01E4:  512x384  bpp=15 planes=1 model=6 attrs=0x00BB lfb=1 sup=1 gfx=1 color=1 pitch=1024 pages=4 win_seg=0xA000 win_size=64KB win_gran=64KB win_attr=0x07 lfb_addr=0x78000000
  mode 0x01D4:  512x384  bpp=16 planes=1 model=6 attrs=0x00BB lfb=1 sup=1 gfx=1 color=1 pitch=1024 pages=4 win_seg=0xA000 win_size=64KB win_gran=64KB win_attr=0x07 lfb_addr=0x78000000
  mode 0x01C4:  512x384  bpp=24 planes=1 model=6 attrs=0x00BB lfb=1 sup=1 gfx=1 color=1 pitch=1536 pages=2 win_seg=0xA000 win_size=64KB win_gran=64KB win_attr=0x07 lfb_addr=0x78000000
  mode 0x01B3:  512x384  bpp=32 planes=1 model=6 attrs=0x00BB lfb=1 sup=1 gfx=1 color=1 pitch=2048 pages=1 win_seg=0xA000 win_size=64KB win_gran=64KB win_attr=0x07 lfb_addr=0x78000000
  mode 0x0101:  640x480  bpp=8  planes=1 model=4 attrs=0x00BB lfb=1 sup=1 gfx=1 color=1 pitch=640 pages=5 win_seg=0xA000 win_size=64KB win_gran=64KB win_attr=0x07 lfb_addr=0x78000000
  mode 0x0103:  800x600  bpp=8  planes=1 model=4 attrs=0x00BB lfb=1 sup=1 gfx=1 color=1 pitch=800 pages=2 win_seg=0xA000 win_size=64KB win_gran=64KB win_attr=0x07 lfb_addr=0x78000000
  mode 0x0105: 1024x768  bpp=8  planes=1 model=4 attrs=0x00BB lfb=1 sup=1 gfx=1 color=1 pitch=1024 pages=1 win_seg=0xA000 win_size=64KB win_gran=64KB win_attr=0x07 lfb_addr=0x78000000
  mode 0x0107: 1280x1024 bpp=8  planes=1 model=4 attrs=0x00BB lfb=1 sup=1 gfx=1 color=1 pitch=1280 pages=0 win_seg=0xA000 win_size=64KB win_gran=64KB win_attr=0x07 lfb_addr=0x78000000
  mode 0x0110:  640x480  bpp=15 planes=1 model=6 attrs=0x00BB lfb=1 sup=1 gfx=1 color=1 pitch=1280 pages=2 win_seg=0xA000 win_size=64KB win_gran=64KB win_attr=0x07 lfb_addr=0x78000000
  mode 0x0113:  800x600  bpp=15 planes=1 model=6 attrs=0x00BB lfb=1 sup=1 gfx=1 color=1 pitch=1600 pages=1 win_seg=0xA000 win_size=64KB win_gran=64KB win_attr=0x07 lfb_addr=0x78000000
  mode 0x0116: 1024x768  bpp=15 planes=1 model=6 attrs=0x00BB lfb=1 sup=1 gfx=1 color=1 pitch=2048 pages=0 win_seg=0xA000 win_size=64KB win_gran=64KB win_attr=0x07 lfb_addr=0x78000000
  mode 0x0111:  640x480  bpp=16 planes=1 model=6 attrs=0x00BB lfb=1 sup=1 gfx=1 color=1 pitch=1280 pages=2 win_seg=0xA000 win_size=64KB win_gran=64KB win_attr=0x07 lfb_addr=0x78000000
  mode 0x0114:  800x600  bpp=16 planes=1 model=6 attrs=0x00BB lfb=1 sup=1 gfx=1 color=1 pitch=1600 pages=1 win_seg=0xA000 win_size=64KB win_gran=64KB win_attr=0x07 lfb_addr=0x78000000
  mode 0x0117: 1024x768  bpp=16 planes=1 model=6 attrs=0x00BB lfb=1 sup=1 gfx=1 color=1 pitch=2048 pages=0 win_seg=0xA000 win_size=64KB win_gran=64KB win_attr=0x07 lfb_addr=0x78000000
  mode 0x0112:  640x480  bpp=24 planes=1 model=6 attrs=0x00BB lfb=1 sup=1 gfx=1 color=1 pitch=1920 pages=1 win_seg=0xA000 win_size=64KB win_gran=64KB win_attr=0x07 lfb_addr=0x78000000
  mode 0x0115:  800x600  bpp=24 planes=1 model=6 attrs=0x00BB lfb=1 sup=1 gfx=1 color=1 pitch=2400 pages=0 win_seg=0xA000 win_size=64KB win_gran=64KB win_attr=0x07 lfb_addr=0x78000000
  mode 0x01B0:  640x480  bpp=32 planes=1 model=6 attrs=0x00BB lfb=1 sup=1 gfx=1 color=1 pitch=2560 pages=0 win_seg=0xA000 win_size=64KB win_gran=64KB win_attr=0x07 lfb_addr=0x78000000
DOSVESA-MODELIST: end of BIOS-reported mode dump
audio: SDL/0106 SB DMA-path decision: is_sb16=0 force_8bit=0 dsp_ver=2 highdma=-1 -> 8-bit-low-DMA path
mode-set #1 (entry): requested id=0x01F3 512x384 8bpp fmt=0x13000801 (prev id=0xFFFFFFFF)
[lifecycle] InvalidateCachedFramebuffer: pre-state direct_fb=0 vram_ptr=0 surface=0 lfb_surface=0 fb_size=0
LFB-decision #1: hint_allow_direct=1 hint_prefer_lfb=1 lfb_available=1 is_banked_usable=1 -> use_lfb=1
DOSVESA-MODESET: id=0x01F3 512x384 8bpp pitch=512 attr=0x00BB memmodel=4 has_lfb=1 use_lfb=1 banked=0 lfb_addr=0x78000000 win_seg=0xA000 win_size=64KB win_gran=64KB win_attr=0x07 win_func=0xC94D183A hint_direct_fb=1 hint_prefer_lfb=1
WAVE16-3-LFB-FORCE: hint=unset use_lfb=1 lfb_addr=0x78000000 fb_size=196608
WAVE16-MODESET: requested_max_bpp=8 actual_bpp=8 mode=0x01F3 512x384 pitch=512 raw_bytes_per_frame=196608 padded_bytes_per_frame=196608 fb_base=LFB
display-start GET (pre-set): X=0 Y=0 (offset=0) ax=0x004F
display-start SET attempt: X=0 Y=0 ax=0x004F
display-start GET (post-set): X=0 Y=0 (offset=0) ax=0x004F
mode-set #1 (exit ok): banked_mode=0 mapping.size=2097152 page_flip=0
mode-set #2 (entry): requested id=0x01F3 512x384 8bpp fmt=0x13000801 (prev id=0x1F3)
mode-set #2 (no-op): mode_id matches current, returning true
[lifecycle] CheckWindowPixelSizeChanged: window=866a40 got 512x384 (last_pixel=0x0) -> WILL-SEND-PIXEL_SIZE_CHANGED event
[lifecycle] OnWindowPixelSizeChanged: window=866a40 setting surface_valid=false (was 0) old surface=0
[lifecycle] CheckWindowPixelSizeChanged: window=866a40 got 512x384 (last_pixel=512x384) -> no-op (sizes match) event
[lifecycle] GetWindowSurface: window=866a40 surface_valid=0 existing=0 (will destroy+recreate)
sdl: SDL/0115 BANK-GRAN-FIX ENABLED (banked multi-bank walk recomputes bank=offset/gran each step; correct for WinGranularity<WinSize cards; g2k gran==size degenerates to the prior bank++ walk; killswitch SDL_HINT_DOSKUTSU_BANK_GRAN_FIX=0)
sdl: SDL/0116 VBLANK-BOUND ENABLED (mainline WaitForVBlank spins are guard-capped; a mode whose retrace bit never toggles yields a finite stall + fall-through instead of an infinite HW-IO hang; killswitch SDL_HINT_DOSKUTSU_VBLANK_BOUND=0)
[lifecycle] CreateWindowFramebuffer #1 (entry): window=866a40 pre-clear fb_state surface=0 lfb_surface=0 direct_fb=0 vram_ptr=0 fb_size=0 vram_w=0 vram_h=0 -> SDL_zero next
[lifecycle] CreateWindowFramebuffer #1 (exit fast): direct_fb=1 use_dosmemput=0 vram_ptr=77c00000 vram_phys=0x78000000 fb_size=196608 vram_w=512 vram_h=384
[lifecycle] GetWindowSurface: window=866a40 new surface=898520 (512x384)
[lifecycle] GetWindowSurface (cached) #1: window=866a40 existing=898520
mode-set #3 (entry): requested id=0x0101 640x480 8bpp fmt=0x13000801 (prev id=0x1F3)
mode-set #3 (suppressed by PIN_WINDOW_TO_NATIVE_MODE hint): requested 640x480 differs from active 512x384 (current id=0x1F3) -> returning true without VBE mode-set
[lifecycle] CheckWindowPixelSizeChanged: window=866a40 got 512x384 (last_pixel=512x384) -> no-op (sizes match) event
[lifecycle] UpdateWindowFramebuffer #1: window=866a40 direct_fb=1 vram_ptr=77c00000 surface=8381a8 lfb_surface=0 fb_size=196608 vram_w=512 vram_h=384 window->surface=898520 window->surface_valid=1
DOSVESA-FB-INIT: direct_fb=1 use_dosmemput=0 banked_multibank=0 pitches_match=1 fb_size=196608 bpp=1 src_pitch=512 vram_pitch=512 vram_w=512 vram_h=384 vram_phys=0x78000000 vram_ptr=0x77c00000 win_base=0x00000000 win_gran=0 win_size=0 pixels=0x008680a0
WAVE16-FB-FIRSTFLUSH: bytes_per_pixel=1 fb_size_bytes=196608 src_pitch=512 vram_pitch=512 pitches_match=1 use_dosmemput=0 (expected ~half of wave-15 16bpp baseline at 8bpp)
DOSVESA-FB-CALL #1: guard=1 numrects=1 src[0..15]= 00 00 00 00 00 00 00 00 00 00 00 00 00 00 00 00
DOSVESA-FB-VRAM  00 00 00 00 00 00 00 00 00 00 00 00 00 00 00 00
sw-updatesurface-detail #1: 30.981 ms
sw-renderpresent-detail #1: 35.997 ms
sw-present-detail #1: queue_flush=67.207 ms render_present=39.551 ms total=106.759 ms
[lifecycle] GetWindowSurface (cached) #2: window=866a40 existing=898520
audio: SDL/0067 SDL_DOSAudioPump export available (engine may call from main thread to mid-gap-service the audio ring; safety: no renderer / no SDL_PumpEvents / engine-callback re-entry bounded to scalar slot bookkeeping)
audio: SDL/0068 SDL_DOSAudioPump TryLock+timeout backstop active (100 ms cap; cooperative-scheduler starvation guard)
audio: SDL/0086 in-band COOP_YIELD ENABLED (default-ON) -- Bug-5 organya cooperative-scheduler monopoly fix (WaitDevice room-path DOS_Yield; audio thread yields to main per chunk)
audio: SDL/0069 cumulative silent-IRQ counter export: ENABLED (doskutsu_audio_silent_irq_count; monotonic; Pixtone multi-source probe hypothesis-C signal)
audio: SDL/0070 v2 Pixtone probe pix_active histogram + irq_delta fold-in: rides on FINE_INSTR=1 (extends [sdl-audiocb] block emit; no new env var)
audio: SDL/0071 pixtone IRQ-mix: ENABLED (default-ON since v1.0.1; set SDL_HINT_DOSKUTSU_PIXTONE_IRQ_MIX=0 to disable; Pixtone PCM mixed directly in IRQ-5 ISR; cooperative-scheduler bypassed for SFX path; Bug 2 hypothesis-C structural fix per LEVER3-PIXTONE-IRQ-MIX-DESIGN.md; v5 mix-headroom=1 bits / -6 dB; supports up to 4 concurrent SFX without clip; tune via SDL_HINT_DOSKUTSU_PIXTONE_IRQ_HEADROOM=0|1|2|3)
audio: SDL/0072 midi tick from ISR: ENABLED (default-ON since v1.0.1; set SDL_HINT_DOSKUTSU_MIDI_ISR_TICK=0 to disable; MidiScheduler::tick piggybacks the SB16 IRQ-5 at ~43 Hz Tier-2; render-rate decoupling for MIDI tempo; Bug 4 music-tempo-wobble structural fix per LEVER2B-MIDI-ISR-TICK-DESIGN.md; engine registers callback via SDL_DOSMidiTickRegister)
audio: SDL/0054 Shape A silence-detect active (default); PlayDevice scans mix-result for all-silence + skips ring write when silent -> ring drains via IRQ -> auto-engage path can fire on silent gameplay. Pixtone SFX still flow via mixer-tick.
audio: SDL/0054 silence-detect Shape A active (default; bytewise scan; SFX-correct)
audio: SDL/0058 Shape A mechanism histogram OFF (set SDL_HINT_DOSKUTSU_SILENCE_HISTO=1 to engage)
audio: SDL/0063 WaitDevice ring-drain timeout active (default; ~1000 ms backstop; quit-to-DOS teardown deadlock guard + WaitDevice-originated DSP resume)
audio: SDL/0066 audio-thread hard-park active (default; teardown lock-handoff guard; SDL_DOSAudioBeginShutdown will park audio thread in WaitDevice before MIX_DestroyMixer device close)
audio: SDL/0055 P12 SDL-side audio brackets OFF (set BOTH SDL_HINT_DOSKUTSU_FLIP_INSTR=1 and SDL_HINT_DOSKUTSU_P12_AUDIO_INSTR=1 to engage)
audio: SDL/0090 device-rate setter default: 22050 -> 11025 Hz (SDL_DOSAudioSetDeviceFrameRate from SoundManager; SB16 DSP 0x41 will program 11025; resampler collapses to channel-dup; set SDL_HINT_DOSKUTSU_DOS_AUDIO_DEVICE_RATE_DEFAULT=0 to revert to the 44100 floor)
audio: SDL/0073 rate-diag: req_freq=44100 req_ch=2 dev_freq=11025 dev_ch=1 sample_frames=256 buffer_size=256 dsp0x41_hz=11025 block_size=127 isr_chunk=256
audio: SDL/0074 RATEDIV auto: dev_freq=11025 master_rate=11025 divider=1 shift_div=0 (env override=none)
audio: SDL/0106 OpenDevice DMA programmed: path=8-bit-low-DMA dma_ch=3 (low/byte ports 0x00-0x0F) dma_buflen=512 fmt=0x8 ch=1 freq=11025 Hz irq=7 ack_port=0x22E silence=0x80
audio: SDL/0108 pixtone IRQ-mix format: U8-mono (device is_16bit=0 channels=1) -- 8-bit path: Pixtone PCM converted to U8 centered on 0x80 (SDL/0108 fix)
audio IRQ timer: RDTSC (Pentium-class detected, 83 cycles/us ~= 83 MHz)
audio: SDL/0106 DSP start seq (8-bit): 0xD1(spkr-on) 0x40 tc=166 (rate=11025 effective=11025) 0x48 block_size=255 (bytes-1) 0x1C(8-bit autoinit)
audio: SDL/0107 8-bit channel mode: ch=1 (MONO) tc=166 effective=11025 Hz stereo_bit=no ring_silence_primed=yes (killswitch SDL_HINT_DOSKUTSU_AUDIO_SB_8BIT_STEREO=1 restores SB-Pro stereo)
audio: SDL/0106 OpenDevice SUCCESS path=8-bit-low-DMA dma_ch=3 irq=7 irq_count_at_open=0
audio: SDL/0092 FlushRingSilence -- ring+DMA zeroed (silence_frames_flushed=4608 = ring_frames=4096 + dma_frames=512; ring_bytes=4096 dma_bytes=512; pixtone_quiesced=0) ring+DMA silence quiesce
sw-updatesurface-detail #2: 7.438 ms
sw-renderpresent-detail #2: 11.983 ms
sw-present-detail #2: queue_flush=8.003 ms render_present=17.010 ms total=25.013 ms
[lifecycle] GetWindowSurface (cached) #3: window=866a40 existing=898520
sw-updatesurface-detail #3: 7.168 ms
sw-renderpresent-detail #3: 11.530 ms
sw-present-detail #3: queue_flush=5.477 ms render_present=17.662 ms total=23.139 ms
[lifecycle] GetWindowSurface (cached) #4: window=866a40 existing=898520
[lifecycle] GetWindowSurface (cached) #5: window=866a40 existing=898520
audio: SDL/0092 FlushRingSilence -- ring+DMA zeroed (silence_frames_flushed=4608 = ring_frames=4096 + dma_frames=512; ring_bytes=4096 dma_bytes=512; pixtone_quiesced=0) ring+DMA silence quiesce
audio: SDL/0073 rate-meas: irqs=5755 elapsed_ms=132856 irq_hz=43 hw_frame_rate=11008
audio: SDL/0092 FlushRingSilence -- ring+DMA zeroed (silence_frames_flushed=4608 = ring_frames=4096 + dma_frames=512; ring_bytes=4096 dma_bytes=512; pixtone_quiesced=0) ring+DMA silence quiesce
audio: SDL/0073 rate-meas: irqs=5081 elapsed_ms=117175 irq_hz=43 hw_frame_rate=11008
audio: SDL/0092 FlushRingSilence -- ring+DMA zeroed (silence_frames_flushed=4608 = ring_frames=4096 + dma_frames=512; ring_bytes=4096 dma_bytes=512; pixtone_quiesced=0) ring+DMA silence quiesce
