Logger::init: wave-53 log level=INFO path='LOGS/5E4.LOG'
[08:17:28] [info] config: loaded DOSKUTSU.CFG (3 keys)
[08:17:28] [info] [cpu-witness] vendor=GenuineIntel cpuid=1 family=4 model=3 stepping=5 mhz_est=49 fpu=1 class=486_slow (boot-time attestation of the running CPU; MHZ_486_LOOP_DIV=16400 mirrors SETUP)
[08:17:28] [info] tas: PRNG seed forced to 12345 via DOSKUTSU_TAS_PRNG_SEED
[08:17:28] [info] tas: auto-exit armed at tick 30000 via DOSKUTSU_TAS_AUTO_EXIT_TICK
[08:17:28] [info] tas: replay opened path='QA.TAS' header_seed=12345
[08:17:29] [info] data cache: DISABLED (default)
[08:17:29] [info] Joystick: skipped (default; set DOSKUTSU_USE_JOYSTICK=1 to enable -- skips SDL3-DOS gameport BIOS INT 15h polling, ~82 ms / flip on real HW)
[08:17:29] [info] Loading settings...
[08:17:29] [info] [input-bind] applied=0 invert_y=0 dos_axes=1
[08:17:29] [info] Renderer::initVideo: 8bpp mode requested via SDL_HINT_DOS_MAX_BPP=8 (wave 16); SDL3-DOS will pick the highest-bpp <= 8 mode at requested resolution
[08:17:29] [info] Renderer::initVideo: DOS resolution-label lock ENABLED (default)
[08:17:30] [info] center-oversized: not needed (surface matches the logical screen) surface=320x240 logical=320x240 offset=0,0
[08:17:30] [info] Renderer::initVideo: using: software renderer
[08:17:33] [info] Renderer::initVideo: dirty-rect tracking ENABLED (wave 15, default ON; set SDL_HINT_DOSKUTSU_DIRTY_RECTS=0 to disable)
[08:17:33] [info] Renderer::initVideo: ablation flags: NO_DC_TIMING=0 CACHE_WINSURF=0 NO_INPUT_POLL=0 DIRECT_VESA=1
[08:17:33] [info] Renderer::initVideo: direct-VESA hot path ENABLED (default since wave 20 patch 0088; bypasses SDL_RenderPresent / SDL_UpdateWindowSurface and writes via SDL/0034's PresentFull helper; R2 mitigation handled by SDL/0034 generation counter -- no per-N-flip heartbeat needed; set SDL_HINT_DOSKUTSU_DIRECT_VESA=0 to revert)
[08:17:33] [info] Renderer::initVideo: flip-phase instrumentation DISABLED (default; set SDL_HINT_DOSKUTSU_FLIP_INSTR=1 to opt in for wave-20 Lever A diagnostic)
[08:17:33] [info] Renderer::initVideo: asm opaque-span blit lever DISABLED (default; set SDL_HINT_DOSKUTSU_ASM_BLIT=1 to opt in -- wave-51 _blit_indexed colorkey-blit lever)
[08:17:33] [info] Renderer::initVideo: blit-decomp instrumentation DISABLED (default; set SDL_HINT_DOSKUTSU_BLIT_DECOMP=1 to opt in -- wave-51 _blit_indexed sub-decomp sizing)
[08:17:33] [info] Renderer::initVideo: mds-scroll-decomp instrumentation DISABLED (default; set SDL_HINT_DOSKUTSU_MDS_DECOMP=1 to opt in -- wave-52 mode_draw_scene scrolling-block decomp)
[08:17:33] [info] Renderer::initVideo: DOSVESA pump yield: skipped (default) (per-flip explicit SDL_Delay(0) yield is always on; set SDL_HINT_DOSKUTSU_FORCE_PUMP_YIELD=1 to restore old per-pump yield)
[08:17:33] [info] Renderer::initVideo: indexed-mode (8bpp) ENABLED -- master palette + 107 per-asset remap LUTs loaded (wave 16, default ON; set SDL_HINT_DOSKUTSU_PIXEL_FORMAT_8=0 to disable)
[08:17:33] [info] Renderer::initVideo: master palette attached to window surface (format=SDL_PIXELFORMAT_INDEX8, ncolors=256)
[08:17:33] [info] Renderer::initVideo: indexed-mode smoke: idx0=(0,0,0) OK idx255=(255,0,255) OK
[08:17:33] [info] Renderer::initVideo: indexed-mode smoke: paletteRemapFor('MyChar.pbm') = present
[08:17:34] [info] Surface::loadImage palmap-diag #1: 'data/Loading.pbm' fmt=SDL_PIXELFORMAT_ABGR8888 remap=HIT -> path=truecolor
[08:17:34] [info] Renderer: prev-frame diff DISABLED (default since wave 17.6; set SDL_HINT_DOSKUTSU_PREVFRAME_DIFF=1 to opt in)
[08:17:34] [info] flip-probe: renderer=software window_ptr=8826560 colorspace=301991328 window_size=320x240 framebuffer_pixels=320x240 logical_present=320x240 mode=2
[08:17:34] [info] flip-probe: first flip ok=true present=53ms inter_flip_ms=0 drawcalls-since-flip=1 drawcalls-total=1
[08:17:34] [info] Sound system init
[08:17:34] [info] Sound system: 4-state audio enable (#31) -- music=on sfx=on (MUSIC_OFF/AUDIO_BACKEND=none -> music-off; SFX_OFF/SFX_DEVICE=none -> sfx-off; both gates are dispatch-level, the device still opens; AUDIO_OFF=1 is the device-level both-off).
[08:17:34] [info] Sound system: Tier-2 audio config (default since wave 21 patch 0093; 11025 Hz, 1 channel, buffer pinned to 256 frames). Measured savings on g2k Pentium OverDrive 83 MHz (W21A): heavy-music scenes ~+11 fps vs Tier-1 baseline (measured -10 to -15 ms/flip post-0094 audio fix; W21A's pre-fix -26.6 ms figure was inflated by stereo-vs-mono playback bug, see patch 0094). Audio quality is reduced vs Tier-1 (mono, 11025 Hz, simple-average L+R downmix) but recognizable; user accepted the trade per direction 2026-05-05. Set SDL_HINT_DOSKUTSU_AUDIO_TIER2=0 to revert to Tier-1 22050 stereo (full Cave Story 2004 audio quality; trades fps for fidelity).
[08:17:34] [info] Sound system: SDL_HINT_AUDIO_DEVICE_SAMPLE_FRAMES=256
[08:17:34] [info] Pixtone IRQ rate-divider: handed master_rate=11025 int16/s (SAMPLE_RATE=11025 x AUDIO_CHANNELS=1) to SDL for auto-RATEDIV (SDL/0074 computes shift_div from the resolved device freq).
[08:17:34] [info] Sound system: device frame-rate: requesting 11025 Hz match to master (SDL_DOSAudioSetDeviceFrameRate; SB16 opens at the engine frame rate instead of SDL's 44100 floor -- 4x less PCM/s + no resampler on the Organya/Pixtone path; killswitch SDL_HINT_DOSKUTSU_DOS_AUDIO_DEVICE_RATE_DEFAULT=0).
[08:17:34] [info] audio backend: opl3 (Phase 10 Stage 4 -- concrete OPL3 FM synthesis backend via SDL/0037+ OPL3 helpers; MidiScheduler routes music dispatch through 18 x 2-op voice allocator + small inline patch bank). SoundManager::init will probe OPL3 via Adlib timer-1 sequence + fall back to organya gracefully if the chip is absent. Pixtone SFX still active on SB16 DAC.
[08:17:34] [info] wave-13.6.1: ring_chunks=16 FORCE_PUMP_YIELD=off (set SDL_HINT_DOSKUTSU_AUDIO_RING_CHUNKS=4|8|16 to override; default 16 matches wave 13.6 behaviour)
[08:17:34] [info] MidiScheduler: MIDI source = 'orgmid2' (native-GM org2mid set; resolves to data/orgmid2/<name>.mid).
[08:17:34] [info] opl3 backend probing for OPL3 chip (Adlib timer-1 sequence)...
[08:17:34] [info] opl3 backend: opl3bank.dat loaded 128 programs from 'data/opl3bank.dat' (v1; 1536 bytes payload). Per-program GM patches now use the runtime bank; programs >= 128 fall back to 8-patch family bucket. Drum channel (MIDI ch 9) unchanged (uses PATCH_DRUM regardless of bank loading).
[08:17:34] [info] opl3 backend ready (OPL3 detected via Adlib timer-1; InitChip applied 18 x 2-op layout; voice allocator armed). Patch bank state: runtime opl3bank.dat ACTIVE (loaded_count=128; programs >= loaded_count fall back to 8-patch placeholder covering GM family categories piano/mallet/organ/guitar/strings/brass/reed/pad). Phase 10.5 path: ship a fuller community bank as data/opl3bank.dat (DOPL3v1 format; 12-byte SBI records per GM program; loader at MidiBackendOpl3 ctor).
[08:17:34] [info] opl3 backend: PATCH_ORGAN + PATCH_MALLET RR=8 (medium release; wub-wub fix per patch 0171; was RR=0 in slot 0103 placeholder -- KEY-OFF couldn't silence; H6 reg 0xBD wave-47 falsified; H1+H5/RR=0 byte-level bug root per WAVE-46/47 analysis)
[08:17:34] [info] Sound system: MidiScheduler armed with MidiBackendOpl3 (patch 0103 Phase 10 Stage 4). Music dispatch routes via SMF parser + 18 x 2-op OPL3 voice allocator + small inline patch bank (community-sourced from Apogee Sound System / AdLib SBI public-domain refs). Pixtone SFX still active on SB16 DAC.
[08:17:34] [info] Sound system: idle-pause skipped (default OFF since patch 0119; backend=opl3 would qualify but operator did not opt-in via SDL_HINT_DOSKUTSU_IDLE_PAUSE=1). DSP stays in continuous-stream mode. Re-enable for an A/B iter once SDL/0037 ForcePause non-engagement is rooted out (task #17).
[08:17:34] [warn] Music dir Ogg/ doesn't exist
[08:17:34] [warn] Music dir Ogg11/ doesn't exist
[08:17:34] [warn] Music dir Ogg17/ doesn't exist
[08:17:34] [warn] Music dir Ogg_ridic/ doesn't exist
[08:17:35] [info] Loading Sound FX...
[08:17:35] [info] [pxt-cache] init(): HIT (loaded cache; render skipped)
[08:17:46] [info] Organya init...
[08:17:48] [info] Organya init done
[08:18:04] [info] gus SFX gain [nx0259]: 70% (SDL_HINT_DOSKUTSU_GUS_SFX_GAIN; scales the GF1 SFX voice volume to balance against velocity/CC-scaled GUS music; default 70, clamp 0..150).
[08:18:04] [info] pixtone IRQ-mix: ENABLED (default; SDL backend engaged; set SDL_HINT_DOSKUTSU_PIXTONE_IRQ_MIX=0 to disable)
[08:18:04] [info] Pixtone::setVolume: L3 active -- mid-play SFX volume updates are no-op in v1 (v2 candidate: SDL_DOSPixtoneSetGain API). gain_x256=256 stored for subsequent SDL_DOSPixtoneStart calls; currently-playing L3 channels unaffected.
[08:18:04] [info] midi ISR tick: engine registered tick_isr callback (L2b active; default ON; set SDL_HINT_DOSKUTSU_MIDI_ISR_TICK=0 to disable)
[08:18:04] [info] menu slide-in fixed-timestep: ENABLED (default; slide advances at 50 Hz logic rate)
[08:18:04] [info] Reading npc.tbl...
[08:18:04] [info] Loading tilekey.dat.
[08:18:05] [info] Script engine init.
[08:18:05] [info] Entering main loop...
[08:18:05] [info] audio mid-gap pump: DISABLED (default)
[08:18:05] [info] TAS fixed-timestep guard: ENABLED (default) (patch 0280; load_stage wall-clock kept out of the FT accumulator so TAS replay advances at a true 50 Hz; set SDL_HINT_DOSKUTSU_TAS_FT_GUARD=0 to disable)
[08:18:05] [info] load_stage ring+DMA silence flush: ENABLED (default) (set SDL_HINT_DOSKUTSU_LOADSTAGE_SILENCE=0 to disable)
[08:18:05] [info] load-band audio-underrun probe: DISABLED (default) (opt-in SDL_HINT_DOSKUTSU_LOADBAND_STAT=1)
[08:18:05] [info]  >> Entering stage 72: 'u'.
[08:18:05] [info] skip sheet flush: ENABLED (default) (SFXPAUSE-012 SHIPPED FIX; sprite sheets stay resident across caves so no per-cave re-decode -> no fire-frame pause; map_flush_graphics tilemap cache still flushes; set SDL_HINT_DOSKUTSU_SKIP_SHEET_FLUSH=0 to restore the old per-cave flush)
[08:18:05] [info] [skip-sheet-flush] cave=1
[08:18:05] [info] eager action sheets: ENABLED (default) (first-fire hitch fix: pre-loads the weapon bullet + hit/muzzle/trail caret sheets at stage load so the first fire/impact does not lazy-decode mid-gameplay; set SDL_HINT_DOSKUTSU_EAGER_ACTION_SHEETS=0 to restore lazy load)
[08:18:05] [info] Surface::loadImage palmap-diag #2: 'data/Bullet.pbm' fmt=SDL_PIXELFORMAT_ABGR8888 remap=HIT -> path=truecolor
[08:18:06] [info] Surface::loadImage palmap-diag #3: 'data/Arms.pbm' fmt=SDL_PIXELFORMAT_ABGR8888 remap=HIT -> path=truecolor
[08:18:06] [info] Surface::loadImage palmap-diag #4: 'data/Caret.pbm' fmt=SDL_PIXELFORMAT_ABGR8888 remap=HIT -> path=truecolor
[08:18:07] [info] Surface::loadImage palmap-diag #5: 'data/Npc/NpcSym.pbm' fmt=SDL_PIXELFORMAT_ABGR8888 remap=HIT -> path=truecolor
[08:18:07] [info] [eager-action-sheets] cave=1 sheets=4 wall_ms=1628
[08:18:07] [info] Surface::loadImage palmap-diag #6: 'data/Stage/PrtWhite.pbm' fmt=SDL_PIXELFORMAT_ABGR8888 remap=HIT -> path=truecolor
[08:18:08] [info] load_stage: entry-music preload ENABLED (default) (set SDL_HINT_DOSKUTSU_PRELOAD_STAGE_MUSIC=0 to disable)
[08:18:08] [info] Surface::loadImage palmap-diag #7: 'data/bk0.pbm' fmt=SDL_PIXELFORMAT_ABGR8888 remap=HIT -> path=truecolor
[08:18:08] [info] gameloop: entered (curmap=72, running=1)
[08:18:08] [info] gameloop: iter 1 ticks=39864 mapno=-1
[08:18:08] [info] fixed-timestep: ENABLED (default; logic 50 Hz, decoupled from render)
[08:18:08] [info] map: BG skip-when-unchanged DISABLED (default) (set SDL_HINT_DOSKUTSU_BG_SKIP_WHEN_UNCHANGED=1 to enable; default OFF since wave-61 -- abandoned, it shipped a backdrop-black flicker and its +0.87 fps was below the noise floor)
[08:18:08] [info] map: skip-redundant-clear lever ENABLED (default since wave-53 promotion)
[08:18:08] [info] perf-mode: level=0 (faithful (default))
[08:18:08] [info] Surface::loadImage palmap-diag #8: 'data/Npc/NpcKings.pbm' fmt=SDL_PIXELFORMAT_ABGR8888 remap=HIT -> path=truecolor
[08:18:08] [info] audio tick-boundary pump: DISABLED (default)
[08:18:08] [info] gameloop: iter 2 ticks=40349 mapno=-1
[08:18:08] [info] gameloop: iter 3 ticks=40418 mapno=-1
[08:18:08] [info] direct-vesa: snapshot @gen=2 use_dosmemput=0 banked_multibank=0 pitches_match=1 vram_w=320 vram_h=240 vram_pitch=320 bpp=1 fb_size=76800 vram_phys=0x78000000 vram_ptr=0x77c00000
[08:18:09] [info] flip-probe: flip #10 ok=true present=4ms inter_flip_ms=41 drawcalls-since-flip=6 drawcalls-total=43 fail-total=0 null-skips-total=0
[08:18:09] [info] flip-probe: flip #20 ok=true present=4ms inter_flip_ms=40 drawcalls-since-flip=4 drawcalls-total=92 fail-total=0 null-skips-total=0
[08:18:10] [info] flip-probe: flip #30 ok=true present=4ms inter_flip_ms=86 drawcalls-since-flip=326 drawcalls-total=2707 fail-total=0 null-skips-total=0
[08:18:11] [info] flip-probe: flip #40 ok=true present=4ms inter_flip_ms=78 drawcalls-since-flip=264 drawcalls-total=5837 fail-total=0 null-skips-total=0
[08:18:11] [info] flip-probe: flip #50 ok=true present=4ms inter_flip_ms=47 drawcalls-since-flip=67 drawcalls-total=7392 fail-total=0 null-skips-total=0
[08:18:12] [info] flip-probe: flip #60 ok=true present=4ms inter_flip_ms=37 drawcalls-since-flip=4 drawcalls-total=7502 fail-total=0 null-skips-total=0
[08:18:12] [info] flip-probe: flip #70 ok=true present=4ms inter_flip_ms=38 drawcalls-since-flip=6 drawcalls-total=7557 fail-total=0 null-skips-total=0
[08:18:13] [info] flip-probe: flip #80 ok=true present=4ms inter_flip_ms=19 drawcalls-since-flip=0 drawcalls-total=7586 fail-total=0 null-skips-total=0
[08:18:13] [info] flip-probe: flip #90 ok=true present=3ms inter_flip_ms=22 drawcalls-since-flip=0 drawcalls-total=7586 fail-total=0 null-skips-total=0
[08:18:13] [info] title: eager-title-IO phase tag ENABLED (default) (set SDL_HINT_DOSKUTSU_EAGER_TITLE_IO=0 to disable)
[08:18:13] [info] [music-dispatch] tick=95 song=24 (prev 0)
[08:18:13] [info] MidiScheduler::load: parsed 'data/orgmid2/curly.mid' = 11294 events at 48 PPQ
[08:18:13] [info] opl3 backend: on_song_start
[08:18:14] [info] gameloop: entered (curmap=1005, running=1)
[08:18:14] [info] gameloop: iter 1 ticks=45751 mapno=-1
[08:18:14] [info] map: backdrop cache ENABLED (default) (set SDL_HINT_DOSKUTSU_BACKDROP_CACHE=0 to disable)
[08:18:15] [info] gameloop: iter 2 ticks=46758 mapno=-1
[08:18:15] [info] gameloop: iter 3 ticks=46807 mapno=-1
[08:18:15] [info] backdrop cache: thrashing-detect engaged (streak=4, route=direct)
[08:18:15] [info] flip-probe: flip #100 ok=true present=4ms inter_flip_ms=42 drawcalls-since-flip=75 drawcalls-total=7886 fail-total=0 null-skips-total=0
[08:18:15] [info] alpha audit block 0: 7798 total drawcalls, 0 with alpha<255 (block pct_x10=0; global 0/7798 pct_x10=0); alpha-mod skipped: block=0 global=0
[08:18:15] [info] fastpath audit block 0: taken=7798 (idx8=7798) skipped=0 pct_x10=1000; global taken=7798 (idx8=7798) skipped=0 pct_x10=1000
[08:18:15] [info] primitive tally block 0: clear=220(hr=220) fill=0(hr=0) rect=0(hr=0) line=0(hr=0) tint=0 spotlight=0 (over 100 flips ending at flip 100)
[08:18:15] [info] color/alpha audit block 0: cmod_white=104 cmod_black=0 (idx=0) cmod_general=84 (idx=84) cmod_fb=0; alpha_taken=0 alpha_skipped=0 (global cmod=104/0/84/0 idx=0/84 alpha=0/0)
[08:18:15] [info] phase timing block 0: drawcalls=8209 dc_total_ms=1793 flip_inner_total_ms=779 inter_flip_total_ms=41270 (per-flip avg x10: dc_ms=179 fi_ms=77 if_ms=4127 derived audio+engine_ms=3871; per-drawcall avg us_x10=2184) [direct-vesa: presents=97 total_ms=380 avg_ms_x10=39 failed=0] [ablation: NO_DC_TIMING=0 CACHE_WINSURF=0 DIRECT_VESA=1]
[08:18:15] [info] kbd/audio block 0: kbd_irq=0 kbd_drain=0 ring_chunks=16 pump_pass=99 pic1_mask=0xb8 first_irq_ticks=0 install_ticks=0 vector_at_install=0x0083e390 pic1_mask_live=0x38 kbd_8042_stat=0x34 bios_kbd_head=0x002e bios_kbd_tail=0x002e bios_kbd_buf0=0x3920
[08:18:15] [info] audio/engine split block 0: audio_mixer_calls=0 audio_mixer_ms_x10=0 engine_tick_calls=99 engine_tick_ms_x10=604 audio_service_calls=0 audio_service_ms_x10=0 (per-flip avg; per-call us_x10: audio_mix=0 engine_tick=611050 audio_service=0; global ns: audio_mix=0 engine_tick=6049400757 audio_service=0)
[08:18:15] [info] pixtone multi-source probe: DISABLED (default)
[08:18:15] [info] dirty-rect block @flip=100: total_calls=0 dirty_rects_avg=0 dirty_pct_x10=990 forced_full=0 first_n_force=3 threshold_exceeded=2 dirty_path_taken=0 full_flush_taken=3
[08:18:15] [info] prev-frame-diff block @flip=100: diff_calls=0 diff_rects_avg=0 diff_dirty_pct_x10=0 bbox_pct_x10=0 bbox_thresh_exceeded=0
[08:18:15] [info] flip-probe: flip #110 ok=true present=4ms inter_flip_ms=36 drawcalls-since-flip=75 drawcalls-total=8636 fail-total=0 null-skips-total=0
[08:18:16] [info] flip-probe: flip #120 ok=true present=4ms inter_flip_ms=36 drawcalls-since-flip=75 drawcalls-total=9386 fail-total=0 null-skips-total=0
[08:18:16] [info] flip-probe: flip #130 ok=true present=4ms inter_flip_ms=20 drawcalls-since-flip=0 drawcalls-total=9986 fail-total=0 null-skips-total=0
[08:18:16] [info] Loading profile from profile.dat
[08:18:16] [error] profile_load: unable to open 'profile.dat'
[08:18:16] [info] Loading profile from profile2.dat
[08:18:16] [error] profile_load: unable to open 'profile2.dat'
[08:18:16] [info] Loading profile from profile3.dat
[08:18:16] [info] Loading profile from profile4.dat
[08:18:16] [error] profile_load: unable to open 'profile4.dat'
[08:18:16] [info] Loading profile from profile5.dat
[08:18:17] [info] flip-probe: flip #140 ok=true present=4ms inter_flip_ms=61 drawcalls-since-flip=210 drawcalls-total=10826 fail-total=0 null-skips-total=0
[08:18:17] [info] flip-probe: flip #150 ok=true present=4ms inter_flip_ms=61 drawcalls-since-flip=210 drawcalls-total=12926 fail-total=0 null-skips-total=0
[08:18:18] [info] Writing settings...
[08:18:18] [info] flip-probe: flip #160 ok=true present=4ms inter_flip_ms=20 drawcalls-since-flip=0 drawcalls-total=13774 fail-total=0 null-skips-total=0
[08:18:18] [info] flip-probe: flip #170 ok=true present=4ms inter_flip_ms=20 drawcalls-since-flip=0 drawcalls-total=13774 fail-total=0 null-skips-total=0
[08:18:18] [info] [music-dispatch] tick=175 song=0 (prev 24)
[08:18:18] [info] opl3 backend: on_song_stop
[08:18:18] [info] Loading profile from profile5.dat
[08:18:18] [info]  >> Entering stage 20: 'Save Point'.
[08:18:18] [info] [skip-sheet-flush] cave=2
[08:18:19] [info] [music-dispatch] tick=175 song=8 (prev 0)
[08:18:19] [info] MidiScheduler::load: parsed 'data/orgmid2/vivi.mid' = 4558 events at 48 PPQ
[08:18:19] [info] opl3 backend: on_song_start
[08:18:20] [info] gameloop: entered (curmap=20, running=1)
[08:18:20] [info] gameloop: iter 1 ticks=51485 mapno=-1
[08:18:20] [info] TAS stall discount: ENABLED (default) (patch 0286; a replay frame over 150 ms is a load, not slow rendering, so it contributes 1 tick instead of its wall-clock; set SDL_HINT_DOSKUTSU_TAS_STALL_DISCOUNT=0 to disable)
[08:18:20] [info] TAS accumulator clamp: DISABLED (default) (patch 0281; caps the FT accumulator delta at one tick during TAS so a stalled frame cannot race the replay index; set SDL_HINT_DOSKUTSU_TAS_FT_GUARD=0 to disable)
[08:18:20] [info] gameloop: iter 2 ticks=51537 mapno=-1
[08:18:20] [info] gameloop: iter 3 ticks=51584 mapno=-1
[08:18:20] [info] flip-probe: flip #180 ok=true present=4ms inter_flip_ms=40 drawcalls-since-flip=16 drawcalls-total=13896 fail-total=0 null-skips-total=0
[08:18:20] [info] flip-probe: flip #190 ok=true present=5ms inter_flip_ms=40 drawcalls-since-flip=16 drawcalls-total=14056 fail-total=0 null-skips-total=0
[08:18:20] [info] flip-probe: flip #200 ok=true present=4ms inter_flip_ms=41 drawcalls-since-flip=16 drawcalls-total=14216 fail-total=0 null-skips-total=0
[08:18:20] [info] alpha audit block 0: 5693 total drawcalls, 0 with alpha<255 (block pct_x10=0; global 0/13491 pct_x10=0); alpha-mod skipped: block=0 global=0
[08:18:20] [info] fastpath audit block 0: taken=5693 (idx8=5693) skipped=0 pct_x10=1000; global taken=13491 (idx8=13491) skipped=0 pct_x10=1000
[08:18:20] [info] primitive tally block 0: clear=201(hr=201) fill=0(hr=0) rect=0(hr=0) line=0(hr=0) tint=0 spotlight=0 (over 100 flips ending at flip 200)
[08:18:21] [info] color/alpha audit block 0: cmod_white=1402 cmod_black=0 (idx=0) cmod_general=609 (idx=609) cmod_fb=0; alpha_taken=0 alpha_skipped=0 (global cmod=1506/0/693/0 idx=0/693 alpha=0/0)
[08:18:21] [info] phase timing block 0: drawcalls=7905 dc_total_ms=1622 flip_inner_total_ms=875 inter_flip_total_ms=5602 (per-flip avg x10: dc_ms=162 fi_ms=87 if_ms=560 derived audio+engine_ms=311; per-drawcall avg us_x10=2052) [direct-vesa: presents=100 total_ms=384 avg_ms_x10=38 failed=0] [ablation: NO_DC_TIMING=0 CACHE_WINSURF=0 DIRECT_VESA=1]
[08:18:21] [info] kbd/audio block 0: kbd_irq=0 kbd_drain=0 ring_chunks=16 pump_pass=223 pic1_mask=0xb8 first_irq_ticks=0 install_ticks=0 vector_at_install=0x0083e390 pic1_mask_live=0x38 kbd_8042_stat=0x34 bios_kbd_head=0x002e bios_kbd_tail=0x002e bios_kbd_buf0=0x3920
[08:18:21] [info] audio/engine split block 0: audio_mixer_calls=0 audio_mixer_ms_x10=0 engine_tick_calls=76 engine_tick_ms_x10=231 audio_service_calls=0 audio_service_ms_x10=0 (per-flip avg; per-call us_x10: audio_mix=0 engine_tick=304396 audio_service=0; global ns: audio_mix=0 engine_tick=8362811137 audio_service=0)
[08:18:21] [info] dirty-rect block @flip=200: total_calls=0 dirty_rects_avg=1 dirty_pct_x10=1000 forced_full=0 first_n_force=0 threshold_exceeded=0 dirty_path_taken=0 full_flush_taken=0
[08:18:21] [info] prev-frame-diff block @flip=200: diff_calls=0 diff_rects_avg=0 diff_dirty_pct_x10=0 bbox_pct_x10=0 bbox_thresh_exceeded=0
[08:18:21] [info] flip-probe: flip #210 ok=true present=4ms inter_flip_ms=40 drawcalls-since-flip=16 drawcalls-total=14376 fail-total=0 null-skips-total=0
[08:18:21] [info] flip-probe: flip #220 ok=true present=4ms inter_flip_ms=53 drawcalls-since-flip=118 drawcalls-total=14688 fail-total=0 null-skips-total=0
[08:18:22] [info]  >> Entering stage 11: 'Mimiga Village'.
[08:18:22] [info] [skip-sheet-flush] cave=3
[08:18:23] [info] [load-stage] preloading entry music song=9 (cave=3)
[08:18:23] [info] [music-dispatch] tick=298 song=9 (prev 8)
[08:18:23] [info] opl3 backend: on_song_stop
[08:18:23] [info] MidiScheduler::load: parsed 'data/orgmid2/mura.mid' = 2863 events at 48 PPQ
[08:18:23] [info] opl3 backend: on_song_start
[08:18:23] [info] gameloop: entered (curmap=11, running=1)
[08:18:23] [info] gameloop: iter 1 ticks=54889 mapno=-1
[08:18:23] [info] map: mds_clear LUT ENABLED (default) (set SDL_HINT_DOSKUTSU_MDS_CLEAR_LUT=0 to disable; default ON; patch 0144 wave-49 bandwidth lever)
[08:18:23] [info] mds-clear-lut: rebuilt N=240 entries (k_skip=0% k_keep=100%; curmap=11 map_size=60x60; rebuild #1 since boot)
[08:18:23] [info] backdrop thrash full-cover ENABLED (default) (set SDL_HINT_DOSKUTSU_THRASH_FULLCOVER=0 to disable)
[08:18:23] [info] [bd-diag] backdrop render-path diag disabled (default) (set SDL_HINT_DOSKUTSU_BACKDROP_DIAG=1 to enable)
[08:18:23] [info] gameloop: iter 2 ticks=55247 mapno=-1
[08:18:23] [info] tas: stall frame 359 ms -> contributing 1 tick (patch 0286)
[08:18:23] [info] gameloop: iter 3 ticks=55373 mapno=-1
[08:18:24] [info] flip-probe: flip #230 ok=true present=4ms inter_flip_ms=117 drawcalls-since-flip=385 drawcalls-total=17846 fail-total=0 null-skips-total=0
[08:18:24] [info] backdrop cache: thrashing-detect engaged (streak=4, route=direct)
[08:18:24] [info] flip-probe: flip #240 ok=true present=4ms inter_flip_ms=62 drawcalls-since-flip=44 drawcalls-total=19323 fail-total=0 null-skips-total=0
[08:18:25] [info] flip-probe: flip #250 ok=true present=4ms inter_flip_ms=63 drawcalls-since-flip=45 drawcalls-total=19772 fail-total=0 null-skips-total=0
[08:18:26] [info] flip-probe: flip #260 ok=true present=4ms inter_flip_ms=61 drawcalls-since-flip=42 drawcalls-total=20199 fail-total=0 null-skips-total=0
[08:18:26] [info] flip-probe: flip #270 ok=true present=4ms inter_flip_ms=58 drawcalls-since-flip=42 drawcalls-total=20619 fail-total=0 null-skips-total=0
[08:18:27] [info] flip-probe: flip #280 ok=true present=4ms inter_flip_ms=61 drawcalls-since-flip=42 drawcalls-total=21039 fail-total=0 null-skips-total=0
[08:18:27] [info] flip-probe: flip #290 ok=true present=4ms inter_flip_ms=58 drawcalls-since-flip=43 drawcalls-total=21461 fail-total=0 null-skips-total=0
[08:18:28] [info] backdrop cache: thrashing-detect engaged (streak=64, route=direct)
[08:18:28] [info] flip-probe: flip #300 ok=true present=4ms inter_flip_ms=58 drawcalls-since-flip=43 drawcalls-total=21891 fail-total=0 null-skips-total=0
[08:18:28] [info] alpha audit block 0: 6653 total drawcalls, 0 with alpha<255 (block pct_x10=0; global 0/20144 pct_x10=0); alpha-mod skipped: block=0 global=0
[08:18:28] [info] fastpath audit block 0: taken=6653 (idx8=6653) skipped=0 pct_x10=1000; global taken=20144 (idx8=20144) skipped=0 pct_x10=1000
[08:18:28] [info] primitive tally block 0: clear=201(hr=201) fill=0(hr=0) rect=0(hr=0) line=0(hr=0) tint=0 spotlight=0 (over 100 flips ending at flip 300)
[08:18:28] [info] color/alpha audit block 0: cmod_white=949 cmod_black=949 (idx=949) cmod_general=0 (idx=0) cmod_fb=0; alpha_taken=0 alpha_skipped=0 (global cmod=2455/949/693/0 idx=949/693 alpha=0/0)
[08:18:28] [info] phase timing block 0: drawcalls=8758 dc_total_ms=1439 flip_inner_total_ms=654 inter_flip_total_ms=7517 (per-flip avg x10: dc_ms=143 fi_ms=65 if_ms=751 derived audio+engine_ms=543; per-drawcall avg us_x10=1644) [direct-vesa: presents=100 total_ms=381 avg_ms_x10=38 failed=0] [ablation: NO_DC_TIMING=0 CACHE_WINSURF=0 DIRECT_VESA=1]
[08:18:28] [info] kbd/audio block 0: kbd_irq=0 kbd_drain=0 ring_chunks=16 pump_pass=529 pic1_mask=0xb8 first_irq_ticks=0 install_ticks=0 vector_at_install=0x0083e390 pic1_mask_live=0x38 kbd_8042_stat=0x34 bios_kbd_head=0x002e bios_kbd_tail=0x002e bios_kbd_buf0=0x3920
[08:18:28] [info] [tile-speedup-stat n=100 drawtile_us=128.09 raw_blit_us=93.70 ratio=1.37]
[08:18:28] [info] dirty-rect block @flip=300: total_calls=100 dirty_rects_avg=1 dirty_pct_x10=1000 forced_full=0 first_n_force=0 threshold_exceeded=0 dirty_path_taken=0 full_flush_taken=0
[08:18:28] [info] prev-frame-diff block @flip=300: diff_calls=0 diff_rects_avg=0 diff_dirty_pct_x10=0 bbox_pct_x10=0 bbox_thresh_exceeded=0
[08:18:28] [info] tas: stall frame 161 ms -> contributing 1 tick (patch 0286)
[08:18:29] [info] flip-probe: flip #310 ok=true present=5ms inter_flip_ms=62 drawcalls-since-flip=45 drawcalls-total=22425 fail-total=0 null-skips-total=0
[08:18:29] [info] flip-probe: flip #320 ok=true present=4ms inter_flip_ms=60 drawcalls-since-flip=42 drawcalls-total=22852 fail-total=0 null-skips-total=0
[08:18:30] [info] flip-probe: flip #330 ok=true present=4ms inter_flip_ms=67 drawcalls-since-flip=41 drawcalls-total=23277 fail-total=0 null-skips-total=0
[08:18:31] [info] flip-probe: flip #340 ok=true present=4ms inter_flip_ms=67 drawcalls-since-flip=42 drawcalls-total=23685 fail-total=0 null-skips-total=0
[08:18:31] [info] flip-probe: flip #350 ok=true present=4ms inter_flip_ms=56 drawcalls-since-flip=14 drawcalls-total=24028 fail-total=0 null-skips-total=0
[08:18:31] [info] backdrop cache: thrashing-detect engaged (streak=124, route=direct)
[08:18:32] [info] flip-probe: flip #360 ok=true present=4ms inter_flip_ms=63 drawcalls-since-flip=14 drawcalls-total=24168 fail-total=0 null-skips-total=0
[08:18:33] [info] flip-probe: flip #370 ok=true present=3ms inter_flip_ms=62 drawcalls-since-flip=4 drawcalls-total=26013 fail-total=0 null-skips-total=0
[08:18:33] [info]  >> Entering stage 17: 'Yamashita Farm'.
[08:18:33] [info] [skip-sheet-flush] cave=4
[08:18:33] [info] [load-stage] preloading entry music song=13 (cave=4)
[08:18:33] [info] [music-dispatch] tick=753 song=13 (prev 9)
[08:18:33] [info] opl3 backend: on_song_stop
[08:18:33] [info] MidiScheduler::load: parsed 'data/orgmid2/plant.mid' = 3000 events at 48 PPQ
[08:18:33] [info] opl3 backend: on_song_start
[08:18:33] [info] gameloop: entered (curmap=17, running=1)
[08:18:33] [info] gameloop: iter 1 ticks=65473 mapno=-1
[08:18:34] [info] mds-clear-lut: rebuilt N=240 entries (k_skip=33% k_keep=67%; curmap=17 map_size=40x16; rebuild #2 since boot)
[08:18:34] [info] gameloop: iter 2 ticks=65763 mapno=-1
[08:18:34] [info] tas: stall frame 290 ms -> contributing 1 tick (patch 0286)
[08:18:34] [info] gameloop: iter 3 ticks=65873 mapno=-1
[08:18:35] [info] flip-probe: flip #380 ok=true present=4ms inter_flip_ms=82 drawcalls-since-flip=131 drawcalls-total=28983 fail-total=0 null-skips-total=0
[08:18:35] [info] flip-probe: flip #390 ok=true present=4ms inter_flip_ms=83 drawcalls-since-flip=141 drawcalls-total=30343 fail-total=0 null-skips-total=0
[08:18:36] [info] backdrop cache: thrashing-detect engaged (streak=4, route=direct)
[08:18:36] [info] flip-probe: flip #400 ok=true present=4ms inter_flip_ms=93 drawcalls-since-flip=129 drawcalls-total=31659 fail-total=0 null-skips-total=0
[08:18:36] [info] alpha audit block 0: 8667 total drawcalls, 0 with alpha<255 (block pct_x10=0; global 0/28811 pct_x10=0); alpha-mod skipped: block=0 global=0
[08:18:36] [info] fastpath audit block 0: taken=8667 (idx8=8667) skipped=0 pct_x10=1000; global taken=28811 (idx8=28811) skipped=0 pct_x10=1000
[08:18:36] [info] primitive tally block 0: clear=201(hr=201) fill=0(hr=0) rect=0(hr=0) line=0(hr=0) tint=0 spotlight=0 (over 100 flips ending at flip 400)
[08:18:36] [info] color/alpha audit block 0: cmod_white=1001 cmod_black=1001 (idx=1001) cmod_general=0 (idx=0) cmod_fb=0; alpha_taken=0 alpha_skipped=0 (global cmod=3456/1950/693/0 idx=1950/693 alpha=0/0)
[08:18:36] [info] phase timing block 0: drawcalls=10895 dc_total_ms=1609 flip_inner_total_ms=663 inter_flip_total_ms=8437 (per-flip avg x10: dc_ms=160 fi_ms=66 if_ms=843 derived audio+engine_ms=617; per-drawcall avg us_x10=1476) [direct-vesa: presents=100 total_ms=386 avg_ms_x10=38 failed=0] [ablation: NO_DC_TIMING=0 CACHE_WINSURF=0 DIRECT_VESA=1]
[08:18:37] [info] kbd/audio block 0: kbd_irq=0 kbd_drain=0 ring_chunks=16 pump_pass=885 pic1_mask=0xb8 first_irq_ticks=0 install_ticks=0 vector_at_install=0x0083e390 pic1_mask_live=0x38 kbd_8042_stat=0x34 bios_kbd_head=0x002e bios_kbd_tail=0x002e bios_kbd_buf0=0x3920
[08:18:37] [info] dirty-rect block @flip=400: total_calls=0 dirty_rects_avg=1 dirty_pct_x10=1000 forced_full=0 first_n_force=0 threshold_exceeded=0 dirty_path_taken=0 full_flush_taken=0
[08:18:37] [info] prev-frame-diff block @flip=400: diff_calls=0 diff_rects_avg=0 diff_dirty_pct_x10=0 bbox_pct_x10=0 bbox_thresh_exceeded=0
[08:18:37] [info] tas: stall frame 167 ms -> contributing 1 tick (patch 0286)
[08:18:37] [info] flip-probe: flip #410 ok=true present=4ms inter_flip_ms=93 drawcalls-since-flip=140 drawcalls-total=32991 fail-total=0 null-skips-total=0
[08:18:38] [info] backdrop cache: thrashing-detect engaged (streak=4, route=direct)
[08:18:38] [info] flip-probe: flip #420 ok=true present=4ms inter_flip_ms=102 drawcalls-since-flip=142 drawcalls-total=34451 fail-total=0 null-skips-total=0
[08:18:39] [info] flip-probe: flip #430 ok=true present=4ms inter_flip_ms=94 drawcalls-since-flip=132 drawcalls-total=35800 fail-total=0 null-skips-total=0
[08:18:40] [info] flip-probe: flip #440 ok=true present=4ms inter_flip_ms=84 drawcalls-since-flip=130 drawcalls-total=37093 fail-total=0 null-skips-total=0
[08:18:41] [info] flip-probe: flip #450 ok=true present=4ms inter_flip_ms=89 drawcalls-since-flip=130 drawcalls-total=38406 fail-total=0 null-skips-total=0
[08:18:42] [info] flip-probe: flip #460 ok=true present=4ms inter_flip_ms=83 drawcalls-since-flip=134 drawcalls-total=39678 fail-total=0 null-skips-total=0
[08:18:43] [info] backdrop cache: thrashing-detect engaged (streak=4, route=direct)
[08:18:43] [info] flip-probe: flip #470 ok=true present=4ms inter_flip_ms=100 drawcalls-since-flip=137 drawcalls-total=41018 fail-total=0 null-skips-total=0
[08:18:44] [info] flip-probe: flip #480 ok=true present=4ms inter_flip_ms=82 drawcalls-since-flip=127 drawcalls-total=42350 fail-total=0 null-skips-total=0
[08:18:45] [info] flip-probe: flip #490 ok=true present=4ms inter_flip_ms=96 drawcalls-since-flip=140 drawcalls-total=43680 fail-total=0 null-skips-total=0
[08:18:46] [info] flip-probe: flip #500 ok=true present=4ms inter_flip_ms=83 drawcalls-since-flip=105 drawcalls-total=44793 fail-total=0 null-skips-total=0
[08:18:46] [info] alpha audit block 0: 11864 total drawcalls, 0 with alpha<255 (block pct_x10=0; global 0/40675 pct_x10=0); alpha-mod skipped: block=0 global=0
[08:18:46] [info] fastpath audit block 0: taken=11864 (idx8=11864) skipped=0 pct_x10=1000; global taken=40675 (idx8=40675) skipped=0 pct_x10=1000
[08:18:46] [info] primitive tally block 0: clear=200(hr=200) fill=0(hr=0) rect=0(hr=0) line=0(hr=0) tint=0 spotlight=0 (over 100 flips ending at flip 500)
[08:18:46] [info] color/alpha audit block 0: cmod_white=1170 cmod_black=1170 (idx=1170) cmod_general=0 (idx=0) cmod_fb=0; alpha_taken=0 alpha_skipped=0 (global cmod=4626/3120/693/0 idx=3120/693 alpha=0/0)
[08:18:46] [info] phase timing block 0: drawcalls=14412 dc_total_ms=1442 flip_inner_total_ms=668 inter_flip_total_ms=9150 (per-flip avg x10: dc_ms=144 fi_ms=66 if_ms=915 derived audio+engine_ms=705; per-drawcall avg us_x10=1001) [direct-vesa: presents=100 total_ms=383 avg_ms_x10=38 failed=0] [ablation: NO_DC_TIMING=0 CACHE_WINSURF=0 DIRECT_VESA=1]
[08:18:46] [info] kbd/audio block 0: kbd_irq=0 kbd_drain=0 ring_chunks=16 pump_pass=1335 pic1_mask=0xb8 first_irq_ticks=0 install_ticks=0 vector_at_install=0x0083e390 pic1_mask_live=0x38 kbd_8042_stat=0x34 bios_kbd_head=0x002e bios_kbd_tail=0x002e bios_kbd_buf0=0x3920
[08:18:46] [info] dirty-rect block @flip=500: total_calls=0 dirty_rects_avg=1 dirty_pct_x10=1000 forced_full=0 first_n_force=0 threshold_exceeded=0 dirty_path_taken=0 full_flush_taken=0
[08:18:46] [info] prev-frame-diff block @flip=500: diff_calls=0 diff_rects_avg=0 diff_dirty_pct_x10=0 bbox_pct_x10=0 bbox_thresh_exceeded=0
[08:18:46] [info] tas: stall frame 167 ms -> contributing 1 tick (patch 0286)
[08:18:47] [info] flip-probe: flip #510 ok=true present=4ms inter_flip_ms=81 drawcalls-since-flip=115 drawcalls-total=45852 fail-total=0 null-skips-total=0
[08:18:47] [info] flip-probe: flip #520 ok=true present=4ms inter_flip_ms=79 drawcalls-since-flip=113 drawcalls-total=46960 fail-total=0 null-skips-total=0
[08:18:48] [info] backdrop cache: thrashing-detect engaged (streak=64, route=direct)
[08:18:48] [info] flip-probe: flip #530 ok=true present=4ms inter_flip_ms=87 drawcalls-since-flip=118 drawcalls-total=48099 fail-total=0 null-skips-total=0
[08:18:49] [info] flip-probe: flip #540 ok=true present=4ms inter_flip_ms=102 drawcalls-since-flip=305 drawcalls-total=49595 fail-total=0 null-skips-total=0
[08:18:50] [info]  >> Entering stage 11: 'Mimiga Village'.
[08:18:50] [info] [skip-sheet-flush] cave=5
[08:18:50] [info] [load-stage] preloading entry music song=9 (cave=5)
[08:18:50] [info] [music-dispatch] tick=1523 song=9 (prev 13)
[08:18:50] [info] opl3 backend: on_song_stop
[08:18:50] [info] MidiScheduler::load: parsed 'data/orgmid2/mura.mid' = 2863 events at 48 PPQ
[08:18:50] [info] opl3 backend: on_song_start
[08:18:50] [info] gameloop: entered (curmap=11, running=1)
[08:18:50] [info] gameloop: iter 1 ticks=82443 mapno=-1
[08:18:50] [info] mds-clear-lut: rebuilt N=240 entries (k_skip=0% k_keep=100%; curmap=11 map_size=60x60; rebuild #3 since boot)
[08:18:51] [info] gameloop: iter 2 ticks=82576 mapno=-1
[08:18:51] [info] gameloop: iter 3 ticks=82689 mapno=-1
[08:18:51] [info] flip-probe: flip #550 ok=true present=4ms inter_flip_ms=99 drawcalls-since-flip=210 drawcalls-total=52844 fail-total=0 null-skips-total=0
[08:18:51] [info] backdrop cache: thrashing-detect engaged (streak=4, route=direct)
[08:18:52] [info] flip-probe: flip #560 ok=true present=4ms inter_flip_ms=70 drawcalls-since-flip=40 drawcalls-total=53359 fail-total=0 null-skips-total=0
[08:18:52] [info] flip-probe: flip #570 ok=true present=4ms inter_flip_ms=62 drawcalls-since-flip=40 drawcalls-total=53759 fail-total=0 null-skips-total=0
[08:18:53] [info] flip-probe: flip #580 ok=true present=4ms inter_flip_ms=61 drawcalls-since-flip=40 drawcalls-total=54159 fail-total=0 null-skips-total=0
[08:18:54] [info] flip-probe: flip #590 ok=true present=4ms inter_flip_ms=60 drawcalls-since-flip=40 drawcalls-total=54565 fail-total=0 null-skips-total=0
[08:18:54] [info] flip-probe: flip #600 ok=true present=4ms inter_flip_ms=60 drawcalls-since-flip=41 drawcalls-total=54971 fail-total=0 null-skips-total=0
[08:18:54] [info] alpha audit block 0: 9363 total drawcalls, 0 with alpha<255 (block pct_x10=0; global 0/50038 pct_x10=0); alpha-mod skipped: block=0 global=0
[08:18:54] [info] fastpath audit block 0: taken=9363 (idx8=9363) skipped=0 pct_x10=1000; global taken=50038 (idx8=50038) skipped=0 pct_x10=1000
[08:18:54] [info] primitive tally block 0: clear=201(hr=201) fill=0(hr=0) rect=0(hr=0) line=0(hr=0) tint=0 spotlight=0 (over 100 flips ending at flip 600)
[08:18:54] [info] color/alpha audit block 0: cmod_white=715 cmod_black=715 (idx=715) cmod_general=0 (idx=0) cmod_fb=0; alpha_taken=0 alpha_skipped=0 (global cmod=5341/3835/693/0 idx=3835/693 alpha=0/0)
[08:18:54] [info] phase timing block 0: drawcalls=10999 dc_total_ms=1401 flip_inner_total_ms=657 inter_flip_total_ms=8512 (per-flip avg x10: dc_ms=140 fi_ms=65 if_ms=851 derived audio+engine_ms=646; per-drawcall avg us_x10=1273) [direct-vesa: presents=100 total_ms=382 avg_ms_x10=38 failed=0] [ablation: NO_DC_TIMING=0 CACHE_WINSURF=0 DIRECT_VESA=1]
[08:18:54] [info] kbd/audio block 0: kbd_irq=0 kbd_drain=0 ring_chunks=16 pump_pass=1707 pic1_mask=0xb8 first_irq_ticks=0 install_ticks=0 vector_at_install=0x0083e390 pic1_mask_live=0x38 kbd_8042_stat=0x34 bios_kbd_head=0x002e bios_kbd_tail=0x002e bios_kbd_buf0=0x3920
[08:18:54] [info] dirty-rect block @flip=600: total_calls=0 dirty_rects_avg=1 dirty_pct_x10=1000 forced_full=0 first_n_force=0 threshold_exceeded=0 dirty_path_taken=0 full_flush_taken=0
[08:18:54] [info] prev-frame-diff block @flip=600: diff_calls=0 diff_rects_avg=0 diff_dirty_pct_x10=0 bbox_pct_x10=0 bbox_thresh_exceeded=0
[08:18:54] [info] tas: stall frame 345 ms -> contributing 1 tick (patch 0286)
[08:18:55] [info] flip-probe: flip #610 ok=true present=4ms inter_flip_ms=60 drawcalls-since-flip=41 drawcalls-total=55386 fail-total=0 null-skips-total=0
[08:18:55] [info] backdrop cache: thrashing-detect engaged (streak=64, route=direct)
[08:18:56] [info] flip-probe: flip #620 ok=true present=3ms inter_flip_ms=61 drawcalls-since-flip=41 drawcalls-total=55796 fail-total=0 null-skips-total=0
[08:18:56] [info] flip-probe: flip #630 ok=true present=4ms inter_flip_ms=60 drawcalls-since-flip=44 drawcalls-total=56227 fail-total=0 null-skips-total=0
[08:18:57] [info] flip-probe: flip #640 ok=true present=4ms inter_flip_ms=60 drawcalls-since-flip=44 drawcalls-total=56667 fail-total=0 null-skips-total=0
[08:18:57] [info] flip-probe: flip #650 ok=true present=4ms inter_flip_ms=60 drawcalls-since-flip=43 drawcalls-total=57104 fail-total=0 null-skips-total=0
[08:18:58] [info] flip-probe: flip #660 ok=true present=4ms inter_flip_ms=60 drawcalls-since-flip=43 drawcalls-total=57531 fail-total=0 null-skips-total=0
[08:18:59] [info] flip-probe: flip #670 ok=true present=4ms inter_flip_ms=56 drawcalls-since-flip=16 drawcalls-total=57823 fail-total=0 null-skips-total=0
[08:18:59] [info] backdrop cache: thrashing-detect engaged (streak=124, route=direct)
[08:18:59] [info] flip-probe: flip #680 ok=true present=4ms inter_flip_ms=54 drawcalls-since-flip=16 drawcalls-total=57983 fail-total=0 null-skips-total=0
[08:19:00] [info] flip-probe: flip #690 ok=true present=5ms inter_flip_ms=62 drawcalls-since-flip=27 drawcalls-total=58154 fail-total=0 null-skips-total=0
[08:19:00] [info] flip-probe: flip #700 ok=true present=4ms inter_flip_ms=56 drawcalls-since-flip=17 drawcalls-total=58385 fail-total=0 null-skips-total=0
[08:19:00] [info] alpha audit block 0: 2469 total drawcalls, 0 with alpha<255 (block pct_x10=0; global 0/52507 pct_x10=0); alpha-mod skipped: block=0 global=0
[08:19:00] [info] fastpath audit block 0: taken=2469 (idx8=2469) skipped=0 pct_x10=1000; global taken=52507 (idx8=52507) skipped=0 pct_x10=1000
[08:19:00] [info] primitive tally block 0: clear=200(hr=200) fill=0(hr=0) rect=0(hr=0) line=0(hr=0) tint=0 spotlight=0 (over 100 flips ending at flip 700)
[08:19:00] [info] color/alpha audit block 0: cmod_white=845 cmod_black=845 (idx=845) cmod_general=0 (idx=0) cmod_fb=0; alpha_taken=0 alpha_skipped=0 (global cmod=6186/4680/693/0 idx=4680/693 alpha=0/0)
[08:19:00] [info] phase timing block 0: drawcalls=4359 dc_total_ms=934 flip_inner_total_ms=657 inter_flip_total_ms=6205 (per-flip avg x10: dc_ms=93 fi_ms=65 if_ms=620 derived audio+engine_ms=462; per-drawcall avg us_x10=2143) [direct-vesa: presents=100 total_ms=383 avg_ms_x10=38 failed=0] [ablation: NO_DC_TIMING=0 CACHE_WINSURF=0 DIRECT_VESA=1]
[08:19:00] [info] kbd/audio block 0: kbd_irq=0 kbd_drain=0 ring_chunks=16 pump_pass=2002 pic1_mask=0xb8 first_irq_ticks=0 install_ticks=0 vector_at_install=0x0083e390 pic1_mask_live=0x38 kbd_8042_stat=0x34 bios_kbd_head=0x002e bios_kbd_tail=0x002e bios_kbd_buf0=0x3920
[08:19:00] [info] dirty-rect block @flip=700: total_calls=0 dirty_rects_avg=1 dirty_pct_x10=1000 forced_full=0 first_n_force=0 threshold_exceeded=0 dirty_path_taken=0 full_flush_taken=0
[08:19:00] [info] prev-frame-diff block @flip=700: diff_calls=0 diff_rects_avg=0 diff_dirty_pct_x10=0 bbox_pct_x10=0 bbox_thresh_exceeded=0
[08:19:01] [info] flip-probe: flip #710 ok=true present=4ms inter_flip_ms=52 drawcalls-since-flip=20 drawcalls-total=58570 fail-total=0 null-skips-total=0
[08:19:02] [info]  >> Entering stage 15: 'Reservoir'.
[08:19:02] [info] [skip-sheet-flush] cave=6
[08:19:02] [info] [load-stage] preloading entry music song=9 (cave=6)
[08:19:02] [info] gameloop: entered (curmap=15, running=1)
[08:19:02] [info] gameloop: iter 1 ticks=94373 mapno=-1
[08:19:02] [info] mds-clear-lut: rebuilt N=240 entries (k_skip=13% k_keep=87%; curmap=15 map_size=40x20; rebuild #4 since boot)
[08:19:03] [info] flip-probe: flip #720 ok=true present=5ms inter_flip_ms=804 drawcalls-since-flip=336 drawcalls-total=60564 fail-total=0 null-skips-total=0
[08:19:03] [info] gameloop: iter 2 ticks=94496 mapno=-1
[08:19:03] [info] gameloop: iter 3 ticks=94604 mapno=-1
[08:19:03] [info] run_tick_fixed #2100: heartbeat (loop alive)
[08:19:03] [info] flip-probe: flip #730 ok=true present=4ms inter_flip_ms=52 drawcalls-since-flip=31 drawcalls-total=62274 fail-total=0 null-skips-total=0
[08:19:04] [info] flip-probe: flip #740 ok=true present=4ms inter_flip_ms=52 drawcalls-since-flip=31 drawcalls-total=62584 fail-total=0 null-skips-total=0
[08:19:04] [info] backdrop cache: thrashing-detect engaged (streak=4, route=direct)
[08:19:04] [info] flip-probe: flip #750 ok=true present=4ms inter_flip_ms=54 drawcalls-since-flip=31 drawcalls-total=62894 fail-total=0 null-skips-total=0
[08:19:05] [info] flip-probe: flip #760 ok=true present=4ms inter_flip_ms=66 drawcalls-since-flip=34 drawcalls-total=63231 fail-total=0 null-skips-total=0
[08:19:06] [info] flip-probe: flip #770 ok=true present=4ms inter_flip_ms=56 drawcalls-since-flip=31 drawcalls-total=63543 fail-total=0 null-skips-total=0
[08:19:06] [info] flip-probe: flip #780 ok=true present=4ms inter_flip_ms=53 drawcalls-since-flip=31 drawcalls-total=63853 fail-total=0 null-skips-total=0
[08:19:07] [info] flip-probe: flip #790 ok=true present=4ms inter_flip_ms=53 drawcalls-since-flip=33 drawcalls-total=64172 fail-total=0 null-skips-total=0
[08:19:07] [info] flip-probe: flip #800 ok=true present=4ms inter_flip_ms=55 drawcalls-since-flip=35 drawcalls-total=64518 fail-total=0 null-skips-total=0
[08:19:07] [info] alpha audit block 0: 5304 total drawcalls, 0 with alpha<255 (block pct_x10=0; global 0/57811 pct_x10=0); alpha-mod skipped: block=0 global=0
[08:19:07] [info] fastpath audit block 0: taken=5304 (idx8=5304) skipped=0 pct_x10=1000; global taken=57811 (idx8=57811) skipped=0 pct_x10=1000
[08:19:07] [info] primitive tally block 0: clear=201(hr=201) fill=0(hr=0) rect=0(hr=0) line=0(hr=0) tint=0 spotlight=0 (over 100 flips ending at flip 800)
[08:19:07] [info] color/alpha audit block 0: cmod_white=729 cmod_black=729 (idx=729) cmod_general=0 (idx=0) cmod_fb=0; alpha_taken=0 alpha_skipped=0 (global cmod=6915/5409/693/0 idx=5409/693 alpha=0/0)
[08:19:07] [info] phase timing block 0: drawcalls=6992 dc_total_ms=1366 flip_inner_total_ms=668 inter_flip_total_ms=6863 (per-flip avg x10: dc_ms=136 fi_ms=66 if_ms=686 derived audio+engine_ms=484; per-drawcall avg us_x10=1954) [direct-vesa: presents=100 total_ms=387 avg_ms_x10=38 failed=0] [ablation: NO_DC_TIMING=0 CACHE_WINSURF=0 DIRECT_VESA=1]
[08:19:07] [info] kbd/audio block 0: kbd_irq=0 kbd_drain=0 ring_chunks=16 pump_pass=2308 pic1_mask=0xb8 first_irq_ticks=0 install_ticks=0 vector_at_install=0x0083e390 pic1_mask_live=0x38 kbd_8042_stat=0x34 bios_kbd_head=0x002e bios_kbd_tail=0x002e bios_kbd_buf0=0x3920
[08:19:07] [info] dirty-rect block @flip=800: total_calls=0 dirty_rects_avg=1 dirty_pct_x10=1000 forced_full=0 first_n_force=0 threshold_exceeded=0 dirty_path_taken=0 full_flush_taken=0
[08:19:07] [info] prev-frame-diff block @flip=800: diff_calls=0 diff_rects_avg=0 diff_dirty_pct_x10=0 bbox_pct_x10=0 bbox_thresh_exceeded=0
[08:19:08] [info] backdrop cache: thrashing-detect engaged (streak=64, route=direct)
[08:19:08] [info] flip-probe: flip #810 ok=true present=4ms inter_flip_ms=53 drawcalls-since-flip=35 drawcalls-total=64882 fail-total=0 null-skips-total=0
[08:19:08] [info] backdrop cache: thrashing-detect engaged (streak=4, route=direct)
[08:19:08] [info] flip-probe: flip #820 ok=true present=5ms inter_flip_ms=56 drawcalls-since-flip=35 drawcalls-total=65238 fail-total=0 null-skips-total=0
[08:19:09] [info] flip-probe: flip #830 ok=true present=4ms inter_flip_ms=51 drawcalls-since-flip=34 drawcalls-total=65585 fail-total=0 null-skips-total=0
[08:19:10] [info] flip-probe: flip #840 ok=true present=6ms inter_flip_ms=52 drawcalls-since-flip=16 drawcalls-total=65904 fail-total=0 null-skips-total=0
[08:19:10] [info] flip-probe: flip #850 ok=true present=4ms inter_flip_ms=50 drawcalls-since-flip=16 drawcalls-total=66058 fail-total=0 null-skips-total=0
[08:19:11] [info] flip-probe: flip #860 ok=true present=4ms inter_flip_ms=50 drawcalls-since-flip=14 drawcalls-total=66203 fail-total=0 null-skips-total=0
[08:19:11] [info] flip-probe: flip #870 ok=true present=5ms inter_flip_ms=50 drawcalls-since-flip=13 drawcalls-total=66338 fail-total=0 null-skips-total=0
[08:19:11] [info] backdrop cache: thrashing-detect engaged (streak=64, route=direct)
[08:19:12] [info] flip-probe: flip #880 ok=true present=4ms inter_flip_ms=52 drawcalls-since-flip=13 drawcalls-total=66468 fail-total=0 null-skips-total=0
[08:19:12] [info] flip-probe: flip #890 ok=true present=4ms inter_flip_ms=50 drawcalls-since-flip=13 drawcalls-total=66598 fail-total=0 null-skips-total=0
[08:19:13] [info] flip-probe: flip #900 ok=true present=4ms inter_flip_ms=59 drawcalls-since-flip=25 drawcalls-total=66749 fail-total=0 null-skips-total=0
[08:19:13] [info] alpha audit block 0: 1780 total drawcalls, 0 with alpha<255 (block pct_x10=0; global 0/59591 pct_x10=0); alpha-mod skipped: block=0 global=0
[08:19:13] [info] fastpath audit block 0: taken=1780 (idx8=1780) skipped=0 pct_x10=1000; global taken=59591 (idx8=59591) skipped=0 pct_x10=1000
[08:19:13] [info] primitive tally block 0: clear=200(hr=200) fill=0(hr=0) rect=0(hr=0) line=0(hr=0) tint=0 spotlight=0 (over 100 flips ending at flip 900)
[08:19:13] [info] color/alpha audit block 0: cmod_white=351 cmod_black=351 (idx=351) cmod_general=0 (idx=0) cmod_fb=0; alpha_taken=0 alpha_skipped=0 (global cmod=7266/5760/693/0 idx=5760/693 alpha=0/0)
[08:19:13] [info] phase timing block 0: drawcalls=2688 dc_total_ms=775 flip_inner_total_ms=648 inter_flip_total_ms=5512 (per-flip avg x10: dc_ms=77 fi_ms=64 if_ms=551 derived audio+engine_ms=410; per-drawcall avg us_x10=2885) [direct-vesa: presents=100 total_ms=383 avg_ms_x10=38 failed=0] [ablation: NO_DC_TIMING=0 CACHE_WINSURF=0 DIRECT_VESA=1]
[08:19:13] [info] kbd/audio block 0: kbd_irq=0 kbd_drain=0 ring_chunks=16 pump_pass=2583 pic1_mask=0xb8 first_irq_ticks=0 install_ticks=0 vector_at_install=0x0083e390 pic1_mask_live=0x38 kbd_8042_stat=0x34 bios_kbd_head=0x002e bios_kbd_tail=0x002e bios_kbd_buf0=0x3920
[08:19:13] [info] dirty-rect block @flip=900: total_calls=0 dirty_rects_avg=1 dirty_pct_x10=1000 forced_full=0 first_n_force=0 threshold_exceeded=0 dirty_path_taken=0 full_flush_taken=0
[08:19:13] [info] prev-frame-diff block @flip=900: diff_calls=0 diff_rects_avg=0 diff_dirty_pct_x10=0 bbox_pct_x10=0 bbox_thresh_exceeded=0
[08:19:13] [info] flip-probe: flip #910 ok=true present=3ms inter_flip_ms=55 drawcalls-since-flip=19 drawcalls-total=66976 fail-total=0 null-skips-total=0
[08:19:14] [info] flip-probe: flip #920 ok=true present=4ms inter_flip_ms=48 drawcalls-since-flip=15 drawcalls-total=67157 fail-total=0 null-skips-total=0
[08:19:14] [info] flip-probe: flip #930 ok=true present=4ms inter_flip_ms=51 drawcalls-since-flip=13 drawcalls-total=67293 fail-total=0 null-skips-total=0
[08:19:15] [info] backdrop cache: thrashing-detect engaged (streak=124, route=direct)
[08:19:15] [info] flip-probe: flip #940 ok=true present=4ms inter_flip_ms=49 drawcalls-since-flip=13 drawcalls-total=67423 fail-total=0 null-skips-total=0
[08:19:16] [info] flip-probe: flip #950 ok=true present=4ms inter_flip_ms=92 drawcalls-since-flip=318 drawcalls-total=69133 fail-total=0 null-skips-total=0
[08:19:16] [info]  >> Entering stage 11: 'Mimiga Village'.
[08:19:16] [info] [skip-sheet-flush] cave=7
[08:19:16] [info] [load-stage] preloading entry music song=9 (cave=7)
[08:19:16] [info] gameloop: entered (curmap=11, running=1)
[08:19:17] [info] gameloop: iter 1 ticks=108496 mapno=-1
[08:19:17] [info] mds-clear-lut: rebuilt N=240 entries (k_skip=0% k_keep=100%; curmap=11 map_size=60x60; rebuild #5 since boot)
[08:19:17] [info] gameloop: iter 2 ticks=108615 mapno=-1
[08:19:17] [info] gameloop: iter 3 ticks=108728 mapno=-1
[08:19:17] [info] flip-probe: flip #960 ok=true present=4ms inter_flip_ms=66 drawcalls-since-flip=32 drawcalls-total=71300 fail-total=0 null-skips-total=0
[08:19:18] [info] flip-probe: flip #970 ok=true present=4ms inter_flip_ms=58 drawcalls-since-flip=42 drawcalls-total=71720 fail-total=0 null-skips-total=0
[08:19:18] [info] flip-probe: flip #980 ok=true present=4ms inter_flip_ms=76 drawcalls-since-flip=53 drawcalls-total=72162 fail-total=0 null-skips-total=0
[08:19:19] [info] backdrop cache: thrashing-detect engaged (streak=4, route=direct)
[08:19:19] [info] flip-probe: flip #990 ok=true present=4ms inter_flip_ms=62 drawcalls-since-flip=50 drawcalls-total=72680 fail-total=0 null-skips-total=0
[08:19:20] [info] flip-probe: flip #1000 ok=true present=4ms inter_flip_ms=66 drawcalls-since-flip=43 drawcalls-total=73139 fail-total=0 null-skips-total=0
[08:19:20] [info] alpha audit block 0: 5666 total drawcalls, 0 with alpha<255 (block pct_x10=0; global 0/65257 pct_x10=0); alpha-mod skipped: block=0 global=0
[08:19:20] [info] fastpath audit block 0: taken=5666 (idx8=5666) skipped=0 pct_x10=1000; global taken=65257 (idx8=65257) skipped=0 pct_x10=1000
[08:19:20] [info] primitive tally block 0: clear=201(hr=201) fill=0(hr=0) rect=0(hr=0) line=0(hr=0) tint=0 spotlight=0 (over 100 flips ending at flip 1000)
[08:19:20] [info] color/alpha audit block 0: cmod_white=624 cmod_black=624 (idx=624) cmod_general=0 (idx=0) cmod_fb=0; alpha_taken=0 alpha_skipped=0 (global cmod=7890/6384/693/0 idx=6384/693 alpha=0/0)
[08:19:20] [info] phase timing block 0: drawcalls=7149 dc_total_ms=1413 flip_inner_total_ms=665 inter_flip_total_ms=7113 (per-flip avg x10: dc_ms=141 fi_ms=66 if_ms=711 derived audio+engine_ms=504; per-drawcall avg us_x10=1977) [direct-vesa: presents=100 total_ms=385 avg_ms_x10=38 failed=0] [ablation: NO_DC_TIMING=0 CACHE_WINSURF=0 DIRECT_VESA=1]
[08:19:20] [info] kbd/audio block 0: kbd_irq=0 kbd_drain=0 ring_chunks=16 pump_pass=2900 pic1_mask=0xb8 first_irq_ticks=0 install_ticks=0 vector_at_install=0x0083e390 pic1_mask_live=0x38 kbd_8042_stat=0x34 bios_kbd_head=0x002e bios_kbd_tail=0x002e bios_kbd_buf0=0x3920
[08:19:20] [info] dirty-rect block @flip=1000: total_calls=0 dirty_rects_avg=1 dirty_pct_x10=1000 forced_full=0 first_n_force=0 threshold_exceeded=0 dirty_path_taken=0 full_flush_taken=0
[08:19:20] [info] prev-frame-diff block @flip=1000: diff_calls=0 diff_rects_avg=0 diff_dirty_pct_x10=0 bbox_pct_x10=0 bbox_thresh_exceeded=0
[08:19:21] [info] flip-probe: flip #1010 ok=true present=4ms inter_flip_ms=61 drawcalls-since-flip=44 drawcalls-total=73576 fail-total=0 null-skips-total=0
[08:19:21] [info] flip-probe: flip #1020 ok=true present=4ms inter_flip_ms=60 drawcalls-since-flip=44 drawcalls-total=74017 fail-total=0 null-skips-total=0
[08:19:22] [info] flip-probe: flip #1030 ok=true present=4ms inter_flip_ms=60 drawcalls-since-flip=44 drawcalls-total=74457 fail-total=0 null-skips-total=0
[08:19:22] [info] run_tick_fixed #3000: heartbeat (loop alive)
[08:19:22] [info] flip-probe: flip #1040 ok=true present=4ms inter_flip_ms=61 drawcalls-since-flip=44 drawcalls-total=74897 fail-total=0 null-skips-total=0
[08:19:23] [info] backdrop cache: thrashing-detect engaged (streak=64, route=direct)
[08:19:23] [info] flip-probe: flip #1050 ok=true present=4ms inter_flip_ms=58 drawcalls-since-flip=44 drawcalls-total=75337 fail-total=0 null-skips-total=0
[08:19:24] [info] flip-probe: flip #1060 ok=true present=4ms inter_flip_ms=58 drawcalls-since-flip=43 drawcalls-total=75767 fail-total=0 null-skips-total=0
[08:19:24] [info] flip-probe: flip #1070 ok=true present=3ms inter_flip_ms=60 drawcalls-since-flip=42 drawcalls-total=76191 fail-total=0 null-skips-total=0
[08:19:25] [info] flip-probe: flip #1080 ok=true present=5ms inter_flip_ms=56 drawcalls-since-flip=17 drawcalls-total=76409 fail-total=0 null-skips-total=0
[08:19:25] [info] flip-probe: flip #1090 ok=true present=4ms inter_flip_ms=54 drawcalls-since-flip=18 drawcalls-total=76589 fail-total=0 null-skips-total=0
[08:19:26] [info] flip-probe: flip #1100 ok=true present=4ms inter_flip_ms=51 drawcalls-since-flip=18 drawcalls-total=76769 fail-total=0 null-skips-total=0
[08:19:26] [info] alpha audit block 0: 2594 total drawcalls, 0 with alpha<255 (block pct_x10=0; global 0/67851 pct_x10=0); alpha-mod skipped: block=0 global=0
[08:19:26] [info] fastpath audit block 0: taken=2594 (idx8=2594) skipped=0 pct_x10=1000; global taken=67851 (idx8=67851) skipped=0 pct_x10=1000
[08:19:26] [info] primitive tally block 0: clear=200(hr=200) fill=0(hr=0) rect=0(hr=0) line=0(hr=0) tint=0 spotlight=0 (over 100 flips ending at flip 1100)
[08:19:26] [info] color/alpha audit block 0: cmod_white=936 cmod_black=936 (idx=936) cmod_general=0 (idx=0) cmod_fb=0; alpha_taken=0 alpha_skipped=0 (global cmod=8826/7320/693/0 idx=7320/693 alpha=0/0)
[08:19:26] [info] phase timing block 0: drawcalls=4666 dc_total_ms=950 flip_inner_total_ms=647 inter_flip_total_ms=6056 (per-flip avg x10: dc_ms=95 fi_ms=64 if_ms=605 derived audio+engine_ms=446; per-drawcall avg us_x10=2038) [direct-vesa: presents=100 total_ms=383 avg_ms_x10=38 failed=0] [ablation: NO_DC_TIMING=0 CACHE_WINSURF=0 DIRECT_VESA=1]
[08:19:26] [info] kbd/audio block 0: kbd_irq=0 kbd_drain=0 ring_chunks=16 pump_pass=3203 pic1_mask=0xb8 first_irq_ticks=0 install_ticks=0 vector_at_install=0x0083e390 pic1_mask_live=0x38 kbd_8042_stat=0x34 bios_kbd_head=0x002e bios_kbd_tail=0x002e bios_kbd_buf0=0x3920
[08:19:26] [info] dirty-rect block @flip=1100: total_calls=0 dirty_rects_avg=1 dirty_pct_x10=1000 forced_full=0 first_n_force=0 threshold_exceeded=0 dirty_path_taken=0 full_flush_taken=0
[08:19:26] [info] prev-frame-diff block @flip=1100: diff_calls=0 diff_rects_avg=0 diff_dirty_pct_x10=0 bbox_pct_x10=0 bbox_thresh_exceeded=0
[08:19:26] [info] backdrop cache: thrashing-detect engaged (streak=124, route=direct)
[08:19:27] [info] flip-probe: flip #1110 ok=true present=4ms inter_flip_ms=57 drawcalls-since-flip=16 drawcalls-total=76935 fail-total=0 null-skips-total=0
[08:19:27] [info] flip-probe: flip #1120 ok=true present=4ms inter_flip_ms=57 drawcalls-since-flip=17 drawcalls-total=77103 fail-total=0 null-skips-total=0
[08:19:28] [info] flip-probe: flip #1130 ok=true present=4ms inter_flip_ms=54 drawcalls-since-flip=18 drawcalls-total=77281 fail-total=0 null-skips-total=0
[08:19:28] [info] flip-probe: flip #1140 ok=true present=4ms inter_flip_ms=57 drawcalls-since-flip=18 drawcalls-total=77461 fail-total=0 null-skips-total=0
[08:19:29] [info] flip-probe: flip #1150 ok=true present=5ms inter_flip_ms=51 drawcalls-since-flip=20 drawcalls-total=77650 fail-total=0 null-skips-total=0
[08:19:29] [info] flip-probe: flip #1160 ok=true present=4ms inter_flip_ms=64 drawcalls-since-flip=20 drawcalls-total=77850 fail-total=0 null-skips-total=0
[08:19:30] [info] backdrop cache: thrashing-detect engaged (streak=184, route=direct)
[08:19:30] [info] flip-probe: flip #1170 ok=true present=4ms inter_flip_ms=53 drawcalls-since-flip=16 drawcalls-total=78035 fail-total=0 null-skips-total=0
[08:19:31] [info] flip-probe: flip #1180 ok=true present=4ms inter_flip_ms=59 drawcalls-since-flip=16 drawcalls-total=78195 fail-total=0 null-skips-total=0
[08:19:31] [info] flip-probe: flip #1190 ok=true present=4ms inter_flip_ms=57 drawcalls-since-flip=18 drawcalls-total=78362 fail-total=0 null-skips-total=0
[08:19:32] [info] flip-probe: flip #1200 ok=true present=4ms inter_flip_ms=54 drawcalls-since-flip=16 drawcalls-total=78528 fail-total=0 null-skips-total=0
[08:19:32] [info] alpha audit block 0: 1659 total drawcalls, 0 with alpha<255 (block pct_x10=0; global 0/69510 pct_x10=0); alpha-mod skipped: block=0 global=0
[08:19:32] [info] fastpath audit block 0: taken=1659 (idx8=1659) skipped=0 pct_x10=1000; global taken=69510 (idx8=69510) skipped=0 pct_x10=1000
[08:19:32] [info] primitive tally block 0: clear=200(hr=200) fill=0(hr=0) rect=0(hr=0) line=0(hr=0) tint=0 spotlight=0 (over 100 flips ending at flip 1200)
[08:19:32] [info] phase timing block 0: drawcalls=1859 dc_total_ms=725 flip_inner_total_ms=655 inter_flip_total_ms=5783 (per-flip avg x10: dc_ms=72 fi_ms=65 if_ms=578 derived audio+engine_ms=441; per-drawcall avg us_x10=3901) [direct-vesa: presents=100 total_ms=384 avg_ms_x10=38 failed=0] [ablation: NO_DC_TIMING=0 CACHE_WINSURF=0 DIRECT_VESA=1]
[08:19:32] [info] kbd/audio block 0: kbd_irq=0 kbd_drain=0 ring_chunks=16 pump_pass=3492 pic1_mask=0xb8 first_irq_ticks=0 install_ticks=0 vector_at_install=0x0083e390 pic1_mask_live=0x38 kbd_8042_stat=0x34 bios_kbd_head=0x002e bios_kbd_tail=0x002e bios_kbd_buf0=0x3920
[08:19:32] [info] dirty-rect block @flip=1200: total_calls=0 dirty_rects_avg=1 dirty_pct_x10=1000 forced_full=0 first_n_force=0 threshold_exceeded=0 dirty_path_taken=0 full_flush_taken=0
[08:19:32] [info] prev-frame-diff block @flip=1200: diff_calls=0 diff_rects_avg=0 diff_dirty_pct_x10=0 bbox_pct_x10=0 bbox_thresh_exceeded=0
[08:19:32] [info] tas: stall frame 333 ms -> contributing 1 tick (patch 0286)
[08:19:33] [info] flip-probe: flip #1210 ok=true present=4ms inter_flip_ms=56 drawcalls-since-flip=15 drawcalls-total=78681 fail-total=0 null-skips-total=0
[08:19:33] [info] flip-probe: flip #1220 ok=true present=4ms inter_flip_ms=59 drawcalls-since-flip=18 drawcalls-total=78849 fail-total=0 null-skips-total=0
[08:19:33] [info] backdrop cache: thrashing-detect engaged (streak=244, route=direct)
[08:19:34] [info] flip-probe: flip #1230 ok=true present=4ms inter_flip_ms=59 drawcalls-since-flip=17 drawcalls-total=79041 fail-total=0 null-skips-total=0
[08:19:34] [info] flip-probe: flip #1240 ok=true present=4ms inter_flip_ms=108 drawcalls-since-flip=355 drawcalls-total=79993 fail-total=0 null-skips-total=0
[08:19:35] [info]  >> Entering stage 19: 'Assembly Hall'.
[08:19:35] [info] [skip-sheet-flush] cave=8
[08:19:36] [info] [load-stage] preloading entry music song=9 (cave=8)
[08:19:36] [info] gameloop: entered (curmap=19, running=1)
[08:19:36] [info] gameloop: iter 1 ticks=127768 mapno=-1
[08:19:36] [info] mds-clear-lut: rebuilt N=240 entries (k_skip=100% k_keep=0%; curmap=19 map_size=21x16; rebuild #6 since boot)
[08:19:36] [info] gameloop: iter 2 ticks=127897 mapno=-1
[08:19:36] [info] gameloop: iter 3 ticks=128011 mapno=-1
[08:19:36] [info] flip-probe: flip #1250 ok=true present=4ms inter_flip_ms=65 drawcalls-since-flip=171 drawcalls-total=83395 fail-total=0 null-skips-total=0
[08:19:37] [info] flip-probe: flip #1260 ok=true present=4ms inter_flip_ms=55 drawcalls-since-flip=121 drawcalls-total=84585 fail-total=0 null-skips-total=0
[08:19:38] [info] flip-probe: flip #1270 ok=true present=5ms inter_flip_ms=54 drawcalls-since-flip=121 drawcalls-total=85795 fail-total=0 null-skips-total=0
[08:19:38] [info] flip-probe: flip #1280 ok=true present=4ms inter_flip_ms=55 drawcalls-since-flip=122 drawcalls-total=87026 fail-total=0 null-skips-total=0
[08:19:39] [info] flip-probe: flip #1290 ok=true present=4ms inter_flip_ms=54 drawcalls-since-flip=122 drawcalls-total=88246 fail-total=0 null-skips-total=0
[08:19:39] [info] flip-probe: flip #1300 ok=true present=4ms inter_flip_ms=52 drawcalls-since-flip=121 drawcalls-total=89457 fail-total=0 null-skips-total=0
[08:19:39] [info] alpha audit block 0: 10157 total drawcalls, 0 with alpha<255 (block pct_x10=0; global 0/79667 pct_x10=0); alpha-mod skipped: block=0 global=0
[08:19:39] [info] fastpath audit block 0: taken=10157 (idx8=10157) skipped=0 pct_x10=1000; global taken=79667 (idx8=79667) skipped=0 pct_x10=1000
[08:19:39] [info] primitive tally block 0: clear=201(hr=201) fill=0(hr=0) rect=0(hr=0) line=0(hr=0) tint=0 spotlight=0 (over 100 flips ending at flip 1300)
[08:19:39] [info] color/alpha audit block 0: cmod_white=672 cmod_black=672 (idx=672) cmod_general=0 (idx=0) cmod_fb=0; alpha_taken=0 alpha_skipped=0 (global cmod=9498/7992/693/0 idx=7992/693 alpha=0/0)
[08:19:39] [info] phase timing block 0: drawcalls=11758 dc_total_ms=1628 flip_inner_total_ms=654 inter_flip_total_ms=7555 (per-flip avg x10: dc_ms=162 fi_ms=65 if_ms=755 derived audio+engine_ms=528; per-drawcall avg us_x10=1385) [direct-vesa: presents=100 total_ms=384 avg_ms_x10=38 failed=0] [ablation: NO_DC_TIMING=0 CACHE_WINSURF=0 DIRECT_VESA=1]
[08:19:39] [info] kbd/audio block 0: kbd_irq=0 kbd_drain=0 ring_chunks=16 pump_pass=3801 pic1_mask=0xb8 first_irq_ticks=0 install_ticks=0 vector_at_install=0x0083e390 pic1_mask_live=0x38 kbd_8042_stat=0x34 bios_kbd_head=0x002e bios_kbd_tail=0x002e bios_kbd_buf0=0x3920
[08:19:39] [info] dirty-rect block @flip=1300: total_calls=0 dirty_rects_avg=1 dirty_pct_x10=1000 forced_full=0 first_n_force=0 threshold_exceeded=0 dirty_path_taken=0 full_flush_taken=0
[08:19:39] [info] prev-frame-diff block @flip=1300: diff_calls=0 diff_rects_avg=0 diff_dirty_pct_x10=0 bbox_pct_x10=0 bbox_thresh_exceeded=0
[08:19:40] [info] flip-probe: flip #1310 ok=true present=4ms inter_flip_ms=56 drawcalls-since-flip=121 drawcalls-total=90667 fail-total=0 null-skips-total=0
[08:19:40] [info] flip-probe: flip #1320 ok=true present=4ms inter_flip_ms=63 drawcalls-since-flip=170 drawcalls-total=91926 fail-total=0 null-skips-total=0
[08:19:41] [info]  >> Entering stage 11: 'Mimiga Village'.
[08:19:41] [info] [skip-sheet-flush] cave=9
[08:19:42] [info] [load-stage] preloading entry music song=9 (cave=9)
[08:19:42] [info] gameloop: entered (curmap=11, running=1)
[08:19:42] [info] gameloop: iter 1 ticks=134053 mapno=-1
[08:19:42] [info] mds-clear-lut: rebuilt N=240 entries (k_skip=0% k_keep=100%; curmap=11 map_size=60x60; rebuild #7 since boot)
[08:19:42] [info] gameloop: iter 2 ticks=134179 mapno=-1
[08:19:42] [info] gameloop: iter 3 ticks=134297 mapno=-1
[08:19:42] [info] flip-probe: flip #1330 ok=true present=4ms inter_flip_ms=130 drawcalls-since-flip=384 drawcalls-total=95664 fail-total=0 null-skips-total=0
[08:19:43] [info] backdrop cache: thrashing-detect engaged (streak=4, route=direct)
[08:19:43] [info] flip-probe: flip #1340 ok=true present=4ms inter_flip_ms=64 drawcalls-since-flip=44 drawcalls-total=96792 fail-total=0 null-skips-total=0
[08:19:44] [info] flip-probe: flip #1350 ok=true present=4ms inter_flip_ms=60 drawcalls-since-flip=41 drawcalls-total=97230 fail-total=0 null-skips-total=0
[08:19:44] [info] flip-probe: flip #1360 ok=true present=4ms inter_flip_ms=64 drawcalls-since-flip=43 drawcalls-total=97648 fail-total=0 null-skips-total=0
[08:19:45] [info] flip-probe: flip #1370 ok=true present=4ms inter_flip_ms=60 drawcalls-since-flip=42 drawcalls-total=98079 fail-total=0 null-skips-total=0
[08:19:46] [info] flip-probe: flip #1380 ok=true present=4ms inter_flip_ms=59 drawcalls-since-flip=45 drawcalls-total=98508 fail-total=0 null-skips-total=0
[08:19:46] [info] flip-probe: flip #1390 ok=true present=4ms inter_flip_ms=62 drawcalls-since-flip=44 drawcalls-total=98949 fail-total=0 null-skips-total=0
[08:19:46] [info] backdrop cache: thrashing-detect engaged (streak=64, route=direct)
[08:19:47] [info] flip-probe: flip #1400 ok=true present=4ms inter_flip_ms=60 drawcalls-since-flip=43 drawcalls-total=99380 fail-total=0 null-skips-total=0
[08:19:47] [info] alpha audit block 0: 8550 total drawcalls, 0 with alpha<255 (block pct_x10=0; global 0/88217 pct_x10=0); alpha-mod skipped: block=0 global=0
[08:19:47] [info] fastpath audit block 0: taken=8550 (idx8=8550) skipped=0 pct_x10=1000; global taken=88217 (idx8=88217) skipped=0 pct_x10=1000
[08:19:47] [info] primitive tally block 0: clear=201(hr=201) fill=0(hr=0) rect=0(hr=0) line=0(hr=0) tint=0 spotlight=0 (over 100 flips ending at flip 1400)
[08:19:47] [info] color/alpha audit block 0: cmod_white=1273 cmod_black=1273 (idx=1273) cmod_general=0 (idx=0) cmod_fb=0; alpha_taken=0 alpha_skipped=0 (global cmod=10771/9265/693/0 idx=9265/693 alpha=0/0)
[08:19:47] [info] phase timing block 0: drawcalls=11329 dc_total_ms=1621 flip_inner_total_ms=664 inter_flip_total_ms=7639 (per-flip avg x10: dc_ms=162 fi_ms=66 if_ms=763 derived audio+engine_ms=535; per-drawcall avg us_x10=1430) [direct-vesa: presents=100 total_ms=385 avg_ms_x10=38 failed=0] [ablation: NO_DC_TIMING=0 CACHE_WINSURF=0 DIRECT_VESA=1]
[08:19:47] [info] kbd/audio block 0: kbd_irq=0 kbd_drain=0 ring_chunks=16 pump_pass=4125 pic1_mask=0xb8 first_irq_ticks=0 install_ticks=0 vector_at_install=0x0083e390 pic1_mask_live=0x38 kbd_8042_stat=0x34 bios_kbd_head=0x002e bios_kbd_tail=0x002e bios_kbd_buf0=0x3920
[08:19:47] [info] dirty-rect block @flip=1400: total_calls=0 dirty_rects_avg=1 dirty_pct_x10=1000 forced_full=0 first_n_force=0 threshold_exceeded=0 dirty_path_taken=0 full_flush_taken=0
[08:19:47] [info] prev-frame-diff block @flip=1400: diff_calls=0 diff_rects_avg=0 diff_dirty_pct_x10=0 bbox_pct_x10=0 bbox_thresh_exceeded=0
[08:19:48] [info] flip-probe: flip #1410 ok=true present=4ms inter_flip_ms=59 drawcalls-since-flip=42 drawcalls-total=99803 fail-total=0 null-skips-total=0
[08:19:48] [info] flip-probe: flip #1420 ok=true present=4ms inter_flip_ms=60 drawcalls-since-flip=42 drawcalls-total=100223 fail-total=0 null-skips-total=0
[08:19:49] [info] flip-probe: flip #1430 ok=true present=4ms inter_flip_ms=59 drawcalls-since-flip=43 drawcalls-total=100653 fail-total=0 null-skips-total=0
[08:19:49] [info] flip-probe: flip #1440 ok=true present=4ms inter_flip_ms=63 drawcalls-since-flip=43 drawcalls-total=101090 fail-total=0 null-skips-total=0
[08:19:50] [info] flip-probe: flip #1450 ok=true present=4ms inter_flip_ms=51 drawcalls-since-flip=14 drawcalls-total=101421 fail-total=0 null-skips-total=0
[08:19:50] [info] backdrop cache: thrashing-detect engaged (streak=124, route=direct)
[08:19:51] [info] flip-probe: flip #1460 ok=true present=4ms inter_flip_ms=109 drawcalls-since-flip=356 drawcalls-total=102683 fail-total=0 null-skips-total=0
[08:19:51] [info]  >> Entering stage 14: 'Shack'.
[08:19:51] [info] [skip-sheet-flush] cave=10
[08:19:52] [info] [load-stage] preloading entry music song=8 (cave=10)
[08:19:52] [info] [music-dispatch] tick=4328 song=8 (prev 9)
[08:19:52] [info] opl3 backend: on_song_stop
[08:19:52] [info] MidiScheduler::load: parsed 'data/orgmid2/vivi.mid' = 4558 events at 48 PPQ
[08:19:52] [info] opl3 backend: on_song_start
[08:19:52] [info] gameloop: entered (curmap=14, running=1)
[08:19:52] [info] gameloop: iter 1 ticks=143967 mapno=-1
[08:19:52] [info] gameloop: iter 2 ticks=144065 mapno=-1
[08:19:52] [info] gameloop: iter 3 ticks=144166 mapno=-1
[08:19:53] [info] flip-probe: flip #1470 ok=true present=4ms inter_flip_ms=48 drawcalls-since-flip=53 drawcalls-total=105278 fail-total=0 null-skips-total=0
[08:19:53] [info] flip-probe: flip #1480 ok=true present=4ms inter_flip_ms=41 drawcalls-since-flip=23 drawcalls-total=105482 fail-total=0 null-skips-total=0
[08:19:53] [info] flip-probe: flip #1490 ok=true present=4ms inter_flip_ms=42 drawcalls-since-flip=23 drawcalls-total=105712 fail-total=0 null-skips-total=0
[08:19:54] [info] flip-probe: flip #1500 ok=true present=4ms inter_flip_ms=45 drawcalls-since-flip=27 drawcalls-total=105954 fail-total=0 null-skips-total=0
[08:19:54] [info] alpha audit block 0: 5715 total drawcalls, 0 with alpha<255 (block pct_x10=0; global 0/93932 pct_x10=0); alpha-mod skipped: block=0 global=0
[08:19:54] [info] fastpath audit block 0: taken=5715 (idx8=5715) skipped=0 pct_x10=1000; global taken=93932 (idx8=93932) skipped=0 pct_x10=1000
[08:19:54] [info] primitive tally block 0: clear=201(hr=201) fill=0(hr=0) rect=0(hr=0) line=0(hr=0) tint=0 spotlight=0 (over 100 flips ending at flip 1500)
[08:19:54] [info] color/alpha audit block 0: cmod_white=796 cmod_black=796 (idx=796) cmod_general=0 (idx=0) cmod_fb=0; alpha_taken=0 alpha_skipped=0 (global cmod=11567/10061/693/0 idx=10061/693 alpha=0/0)
[08:19:54] [info] phase timing block 0: drawcalls=7508 dc_total_ms=1254 flip_inner_total_ms=648 inter_flip_total_ms=7012 (per-flip avg x10: dc_ms=125 fi_ms=64 if_ms=701 derived audio+engine_ms=512; per-drawcall avg us_x10=1670) [direct-vesa: presents=100 total_ms=380 avg_ms_x10=38 failed=0] [ablation: NO_DC_TIMING=0 CACHE_WINSURF=0 DIRECT_VESA=1]
[08:19:54] [info] kbd/audio block 0: kbd_irq=0 kbd_drain=0 ring_chunks=16 pump_pass=4422 pic1_mask=0xb8 first_irq_ticks=0 install_ticks=0 vector_at_install=0x0083e390 pic1_mask_live=0x38 kbd_8042_stat=0x34 bios_kbd_head=0x002e bios_kbd_tail=0x002e bios_kbd_buf0=0x3920
[08:19:54] [info] dirty-rect block @flip=1500: total_calls=0 dirty_rects_avg=1 dirty_pct_x10=1000 forced_full=0 first_n_force=0 threshold_exceeded=0 dirty_path_taken=0 full_flush_taken=0
[08:19:54] [info] prev-frame-diff block @flip=1500: diff_calls=0 diff_rects_avg=0 diff_dirty_pct_x10=0 bbox_pct_x10=0 bbox_thresh_exceeded=0
[08:19:54] [info] flip-probe: flip #1510 ok=true present=4ms inter_flip_ms=45 drawcalls-since-flip=23 drawcalls-total=106206 fail-total=0 null-skips-total=0
[08:19:55] [info] flip-probe: flip #1520 ok=true present=4ms inter_flip_ms=42 drawcalls-since-flip=23 drawcalls-total=106436 fail-total=0 null-skips-total=0
[08:19:55] [info] flip-probe: flip #1530 ok=true present=4ms inter_flip_ms=43 drawcalls-since-flip=23 drawcalls-total=106666 fail-total=0 null-skips-total=0
[08:19:56] [info] flip-probe: flip #1540 ok=true present=4ms inter_flip_ms=43 drawcalls-since-flip=23 drawcalls-total=106896 fail-total=0 null-skips-total=0
[08:19:56] [info] flip-probe: flip #1550 ok=true present=5ms inter_flip_ms=41 drawcalls-since-flip=23 drawcalls-total=107126 fail-total=0 null-skips-total=0
[08:19:57] [info] flip-probe: flip #1560 ok=true present=4ms inter_flip_ms=47 drawcalls-since-flip=23 drawcalls-total=107356 fail-total=0 null-skips-total=0
[08:19:57] [info] flip-probe: flip #1570 ok=true present=4ms inter_flip_ms=51 drawcalls-since-flip=73 drawcalls-total=107636 fail-total=0 null-skips-total=0
[08:19:58] [info]  >> Entering stage 11: 'Mimiga Village'.
[08:19:58] [info] [skip-sheet-flush] cave=11
[08:19:58] [info] [load-stage] preloading entry music song=9 (cave=11)
[08:19:58] [info] [music-dispatch] tick=4610 song=9 (prev 8)
[08:19:58] [info] opl3 backend: on_song_stop
[08:19:58] [info] MidiScheduler::load: parsed 'data/orgmid2/mura.mid' = 2863 events at 48 PPQ
[08:19:58] [info] opl3 backend: on_song_start
[08:19:58] [info] gameloop: entered (curmap=11, running=1)
[08:19:58] [info] gameloop: iter 1 ticks=150470 mapno=-1
[08:19:59] [info] gameloop: iter 2 ticks=150588 mapno=-1
[08:19:59] [info] flip-probe: flip #1580 ok=true present=3ms inter_flip_ms=117 drawcalls-since-flip=382 drawcalls-total=110272 fail-total=0 null-skips-total=0
[08:19:59] [info] gameloop: iter 3 ticks=150711 mapno=-1
[08:19:59] [info] backdrop cache: thrashing-detect engaged (streak=4, route=direct)
[08:20:00] [info] flip-probe: flip #1590 ok=true present=4ms inter_flip_ms=56 drawcalls-since-flip=40 drawcalls-total=111706 fail-total=0 null-skips-total=0
[08:20:00] [info] flip-probe: flip #1600 ok=true present=4ms inter_flip_ms=57 drawcalls-since-flip=43 drawcalls-total=112121 fail-total=0 null-skips-total=0
[08:20:00] [info] alpha audit block 0: 5469 total drawcalls, 0 with alpha<255 (block pct_x10=0; global 0/99401 pct_x10=0); alpha-mod skipped: block=0 global=0
[08:20:00] [info] fastpath audit block 0: taken=5469 (idx8=5469) skipped=0 pct_x10=1000; global taken=99401 (idx8=99401) skipped=0 pct_x10=1000
[08:20:00] [info] primitive tally block 0: clear=202(hr=202) fill=0(hr=0) rect=0(hr=0) line=0(hr=0) tint=0 spotlight=0 (over 100 flips ending at flip 1600)
[08:20:00] [info] color/alpha audit block 0: cmod_white=676 cmod_black=676 (idx=676) cmod_general=0 (idx=0) cmod_fb=0; alpha_taken=0 alpha_skipped=0 (global cmod=12243/10737/693/0 idx=10737/693 alpha=0/0)
[08:20:00] [info] phase timing block 0: drawcalls=7028 dc_total_ms=1233 flip_inner_total_ms=656 inter_flip_total_ms=6249 (per-flip avg x10: dc_ms=123 fi_ms=65 if_ms=624 derived audio+engine_ms=436; per-drawcall avg us_x10=1754) [direct-vesa: presents=100 total_ms=383 avg_ms_x10=38 failed=0] [ablation: NO_DC_TIMING=0 CACHE_WINSURF=0 DIRECT_VESA=1]
[08:20:00] [info] kbd/audio block 0: kbd_irq=0 kbd_drain=0 ring_chunks=16 pump_pass=4684 pic1_mask=0xb8 first_irq_ticks=0 install_ticks=0 vector_at_install=0x0083e390 pic1_mask_live=0x38 kbd_8042_stat=0x34 bios_kbd_head=0x002e bios_kbd_tail=0x002e bios_kbd_buf0=0x3920
[08:20:00] [info] dirty-rect block @flip=1600: total_calls=0 dirty_rects_avg=1 dirty_pct_x10=1000 forced_full=0 first_n_force=0 threshold_exceeded=0 dirty_path_taken=0 full_flush_taken=0
[08:20:00] [info] prev-frame-diff block @flip=1600: diff_calls=0 diff_rects_avg=0 diff_dirty_pct_x10=0 bbox_pct_x10=0 bbox_thresh_exceeded=0
[08:20:01] [info] flip-probe: flip #1610 ok=true present=3ms inter_flip_ms=59 drawcalls-since-flip=46 drawcalls-total=112560 fail-total=0 null-skips-total=0
[08:20:01] [info] flip-probe: flip #1620 ok=true present=3ms inter_flip_ms=60 drawcalls-since-flip=42 drawcalls-total=113005 fail-total=0 null-skips-total=0
[08:20:02] [info] flip-probe: flip #1630 ok=true present=4ms inter_flip_ms=53 drawcalls-since-flip=42 drawcalls-total=113425 fail-total=0 null-skips-total=0
[08:20:02] [info] tas: stall frame 275 ms -> contributing 1 tick (patch 0286)
[08:20:03] [info] flip-probe: flip #1640 ok=true present=4ms inter_flip_ms=62 drawcalls-since-flip=44 drawcalls-total=113872 fail-total=0 null-skips-total=0
[08:20:03] [info] backdrop cache: thrashing-detect engaged (streak=64, route=direct)
[08:20:03] [info] flip-probe: flip #1650 ok=true present=4ms inter_flip_ms=60 drawcalls-since-flip=44 drawcalls-total=114312 fail-total=0 null-skips-total=0
[08:20:04] [info] flip-probe: flip #1660 ok=true present=5ms inter_flip_ms=58 drawcalls-since-flip=46 drawcalls-total=114760 fail-total=0 null-skips-total=0
[08:20:05] [info] backdrop cache: thrashing-detect engaged (streak=4, route=direct)
[08:20:05] [info] flip-probe: flip #1670 ok=true present=4ms inter_flip_ms=66 drawcalls-since-flip=43 drawcalls-total=115206 fail-total=0 null-skips-total=0
[08:20:05] [info] flip-probe: flip #1680 ok=true present=4ms inter_flip_ms=56 drawcalls-since-flip=44 drawcalls-total=115637 fail-total=0 null-skips-total=0
[08:20:05] [info] backdrop cache: thrashing-detect engaged (streak=4, route=direct)
[08:20:06] [info] flip-probe: flip #1690 ok=true present=4ms inter_flip_ms=59 drawcalls-since-flip=45 drawcalls-total=116082 fail-total=0 null-skips-total=0
[08:20:06] [info] flip-probe: flip #1700 ok=true present=3ms inter_flip_ms=57 drawcalls-since-flip=19 drawcalls-total=116486 fail-total=0 null-skips-total=0
[08:20:06] [info] alpha audit block 0: 2991 total drawcalls, 0 with alpha<255 (block pct_x10=0; global 0/102392 pct_x10=0); alpha-mod skipped: block=0 global=0
[08:20:07] [info] fastpath audit block 0: taken=2991 (idx8=2991) skipped=0 pct_x10=1000; global taken=102392 (idx8=102392) skipped=0 pct_x10=1000
[08:20:07] [info] primitive tally block 0: clear=200(hr=200) fill=0(hr=0) rect=0(hr=0) line=0(hr=0) tint=0 spotlight=0 (over 100 flips ending at flip 1700)
[08:20:07] [info] color/alpha audit block 0: cmod_white=1274 cmod_black=1274 (idx=1274) cmod_general=0 (idx=0) cmod_fb=0; alpha_taken=0 alpha_skipped=0 (global cmod=13517/12011/693/0 idx=12011/693 alpha=0/0)
[08:20:07] [info] phase timing block 0: drawcalls=5747 dc_total_ms=1096 flip_inner_total_ms=862 inter_flip_total_ms=6356 (per-flip avg x10: dc_ms=109 fi_ms=86 if_ms=635 derived audio+engine_ms=440; per-drawcall avg us_x10=1908) [direct-vesa: presents=100 total_ms=383 avg_ms_x10=38 failed=0] [ablation: NO_DC_TIMING=0 CACHE_WINSURF=0 DIRECT_VESA=1]
[08:20:07] [info] kbd/audio block 0: kbd_irq=0 kbd_drain=0 ring_chunks=16 pump_pass=4989 pic1_mask=0xb8 first_irq_ticks=0 install_ticks=0 vector_at_install=0x0083e390 pic1_mask_live=0x38 kbd_8042_stat=0x34 bios_kbd_head=0x002e bios_kbd_tail=0x002e bios_kbd_buf0=0x3920
[08:20:07] [info] dirty-rect block @flip=1700: total_calls=0 dirty_rects_avg=1 dirty_pct_x10=1000 forced_full=0 first_n_force=0 threshold_exceeded=0 dirty_path_taken=0 full_flush_taken=0
[08:20:07] [info] prev-frame-diff block @flip=1700: diff_calls=0 diff_rects_avg=0 diff_dirty_pct_x10=0 bbox_pct_x10=0 bbox_thresh_exceeded=0
[08:20:07] [info] flip-probe: flip #1710 ok=true present=4ms inter_flip_ms=53 drawcalls-since-flip=18 drawcalls-total=116667 fail-total=0 null-skips-total=0
[08:20:08] [info] flip-probe: flip #1720 ok=true present=4ms inter_flip_ms=52 drawcalls-since-flip=18 drawcalls-total=116847 fail-total=0 null-skips-total=0
[08:20:08] [info] flip-probe: flip #1730 ok=true present=4ms inter_flip_ms=55 drawcalls-since-flip=18 drawcalls-total=117027 fail-total=0 null-skips-total=0
[08:20:09] [info] run_tick_fixed #5100: heartbeat (loop alive)
[08:20:09] [info] flip-probe: flip #1740 ok=true present=4ms inter_flip_ms=62 drawcalls-since-flip=18 drawcalls-total=117207 fail-total=0 null-skips-total=0
[08:20:09] [info] backdrop cache: thrashing-detect engaged (streak=64, route=direct)
[08:20:09] [info] flip-probe: flip #1750 ok=true present=4ms inter_flip_ms=55 drawcalls-since-flip=59 drawcalls-total=117756 fail-total=0 null-skips-total=0
[08:20:10] [info] flip-probe: flip #1760 ok=true present=4ms inter_flip_ms=62 drawcalls-since-flip=59 drawcalls-total=118346 fail-total=0 null-skips-total=0
[08:20:10] [info] flip-probe: flip #1770 ok=true present=4ms inter_flip_ms=55 drawcalls-since-flip=59 drawcalls-total=118936 fail-total=0 null-skips-total=0
[08:20:11] [info] tas: end-of-replay auto-exit at tick 5140 (recording exhausted; set DOSKUTSU_TAS_REPLAY_HOLD=1 to disable + observe steady-state past recording end)
[08:20:11] [info] Script engine shutdown.
[08:20:11] [info] opl3 backend: on_song_stop
[08:20:11] [info] opl3 backend: cleared reg 0xBD chip-wide latch (wub-wub mitigation per flush-instr WAVE-46 H6)
[08:20:11] [info] opl3 backend shutdown (all 18 voices KEY-OFF unconditionally; OPL2 mode restored; chip state safe for next process)
[08:20:11] [info] Sound system shutdown
[08:20:11] [info] Renderer::Close()
[08:20:11] [info] tas: replay file closed
[08:20:11] [info] [fps-true] flips=1775 render_s=157 fps_mean=11.3 (clock-independent: flips / seconds since the FIRST flip; use THIS for the fps matrix, not inter_flip medians, which are invalid in any cell running the PIT/IRQ-0 music pump)
[RUNMANIFEST-BEGIN]
schema_version=2
environment=realhw
binary_sha12=UNKNOWN
binary_sha12_src=unknown
build_sha12=1f79ce20e4ee
organya_cache_key=1f79ce20e4ee
wave_tag=5E4
scene=
env_block_sha=d6df1b8cf5f7
started_rtc_local=2026-08-13T08:17:17
duration_s=174
exit_code=0
fps_true_flips=1775
fps_true_render_s=157
reel_ticks=5140
reel_game_seconds=102.8
per_loop_fps=17.2
overhead_s=55
music_pump_active=0
cpu_vendor=GenuineIntel
cpu_have_cpuid=1
cpu_family=4
cpu_model=3
cpu_stepping=5
cpu_mhz_est=49
cpu_has_fpu=1
cpu_class=486_slow
audio_backend=opl3
video_logical_wxh=320x240
video_logical_bpp=8
video_vram_kb=4096
video_lfb_or_banked=lfb
audio_is_sb16=0
audio_dsp_ver=2.01
audio_dma_path=8bit-low
audio_force_8bit=0
audio_dma_channel=3
fps_p50=17.2
fps_p95=10.1
fps_sample_n=177
fps_sample_interval=10
pump_clock_state=no-pump
audio_vital_status=NA
regime=NA
banner_required_hit=0
banner_required_total=0
banner_forbidden_hit=0
banner_optional_hit=0
critical_count=0
warn_count=0
perstage_count=12
perstage_00=stage:72 ticks:95 flips:95 fps:50.0
perstage_01=stage:1005 ticks:80 flips:80 fps:50.0
perstage_02=stage:20 ticks:123 flips:51 fps:20.7
perstage_03=stage:11 ticks:455 flips:143 fps:15.7
perstage_04=stage:17 ticks:770 flips:175 fps:11.3
perstage_05=stage:11 ticks:547 flips:174 fps:15.9
perstage_06=stage:15 ticks:667 flips:233 fps:17.4
perstage_07=stage:11 ticks:893 flips:292 fps:16.3
perstage_08=stage:19 ticks:263 flips:83 fps:15.7
perstage_09=stage:11 ticks:435 flips:136 fps:15.6
perstage_10=stage:14 ticks:282 flips:115 fps:20.3
perstage_11=stage:11 ticks:530 flips:197 fps:18.5
[RUNMANIFEST-END]
[08:20:11] [info] [runmanifest-emit] schema=v2 env=realhw binary_sha12=UNKNOWN(unknown) build_sha12=1f79ce20e4ee per_loop_fps=17.2 overhead_s=55 pump=0 dur=174s tag='5E4' scene='' (signals=0x4)
