Logger::init: wave-53 log level=INFO path='LOGS/5EA.LOG'
[08:23:38] [info] config: loaded DOSKUTSU.CFG (2 keys)
[08:23:39] [info] [cpu-witness] vendor=GenuineIntel cpuid=1 family=4 model=3 stepping=5 mhz_est=49 fpu=1 class=486_slow (boot-time attestation of the running CPU; MHZ_486_LOOP_DIV=16400 mirrors SETUP)
[08:23:39] [info] tas: PRNG seed forced to 12345 via DOSKUTSU_TAS_PRNG_SEED
[08:23:39] [info] tas: auto-exit armed at tick 30000 via DOSKUTSU_TAS_AUTO_EXIT_TICK
[08:23:39] [info] tas: replay opened path='QA.TAS' header_seed=12345
[08:23:39] [info] AUDIO_BACKEND=adlib -- omitting SDL_INIT_AUDIO (no Sound Blaster on a native-AdLib config; the OPL chip is driven by direct port I/O + the PIT/IRQ-0 music pump). SoundManager::init() STILL RUNS (unlike AUDIO_OFF) to bring up the OPL2 backend. MUSIC ONLY -- no PCM SFX on a DAC-less AdLib card.
[08:23:39] [info] data cache: DISABLED (default)
[08:23:39] [info] Joystick: skipped (default; set DOSKUTSU_USE_JOYSTICK=1 to enable -- skips SDL3-DOS gameport BIOS INT 15h polling, ~82 ms / flip on real HW)
[08:23:39] [info] Loading settings...
[08:23:39] [info] [input-bind] applied=0 invert_y=0 dos_axes=1
[08:23:39] [info] Renderer::initVideo: 8bpp mode requested via SDL_HINT_DOS_MAX_BPP=8 (wave 16); SDL3-DOS will pick the highest-bpp <= 8 mode at requested resolution
[08:23:39] [info] Renderer::initVideo: DOS resolution-label lock ENABLED (default)
[08:23:40] [info] center-oversized: not needed (surface matches the logical screen) surface=320x240 logical=320x240 offset=0,0
[08:23:40] [info] Renderer::initVideo: using: software renderer
[08:23:43] [info] Renderer::initVideo: dirty-rect tracking ENABLED (wave 15, default ON; set SDL_HINT_DOSKUTSU_DIRTY_RECTS=0 to disable)
[08:23:43] [info] Renderer::initVideo: ablation flags: NO_DC_TIMING=0 CACHE_WINSURF=0 NO_INPUT_POLL=0 DIRECT_VESA=1
[08:23:43] [info] Renderer::initVideo: direct-VESA hot path ENABLED (default since wave 20 patch 0088; bypasses SDL_RenderPresent / SDL_UpdateWindowSurface and writes via SDL/0034's PresentFull helper; R2 mitigation handled by SDL/0034 generation counter -- no per-N-flip heartbeat needed; set SDL_HINT_DOSKUTSU_DIRECT_VESA=0 to revert)
[08:23:43] [info] Renderer::initVideo: flip-phase instrumentation DISABLED (default; set SDL_HINT_DOSKUTSU_FLIP_INSTR=1 to opt in for wave-20 Lever A diagnostic)
[08:23:43] [info] Renderer::initVideo: asm opaque-span blit lever DISABLED (default; set SDL_HINT_DOSKUTSU_ASM_BLIT=1 to opt in -- wave-51 _blit_indexed colorkey-blit lever)
[08:23:43] [info] Renderer::initVideo: blit-decomp instrumentation DISABLED (default; set SDL_HINT_DOSKUTSU_BLIT_DECOMP=1 to opt in -- wave-51 _blit_indexed sub-decomp sizing)
[08:23:43] [info] Renderer::initVideo: mds-scroll-decomp instrumentation DISABLED (default; set SDL_HINT_DOSKUTSU_MDS_DECOMP=1 to opt in -- wave-52 mode_draw_scene scrolling-block decomp)
[08:23:43] [info] Renderer::initVideo: DOSVESA pump yield: skipped (default) (per-flip explicit SDL_Delay(0) yield is always on; set SDL_HINT_DOSKUTSU_FORCE_PUMP_YIELD=1 to restore old per-pump yield)
[08:23:43] [info] Renderer::initVideo: indexed-mode (8bpp) ENABLED -- master palette + 107 per-asset remap LUTs loaded (wave 16, default ON; set SDL_HINT_DOSKUTSU_PIXEL_FORMAT_8=0 to disable)
[08:23:43] [info] Renderer::initVideo: master palette attached to window surface (format=SDL_PIXELFORMAT_INDEX8, ncolors=256)
[08:23:43] [info] Renderer::initVideo: indexed-mode smoke: idx0=(0,0,0) OK idx255=(255,0,255) OK
[08:23:43] [info] Renderer::initVideo: indexed-mode smoke: paletteRemapFor('MyChar.pbm') = present
[08:23:44] [info] Surface::loadImage palmap-diag #1: 'data/Loading.pbm' fmt=SDL_PIXELFORMAT_ABGR8888 remap=HIT -> path=truecolor
[08:23:44] [info] Renderer: prev-frame diff DISABLED (default since wave 17.6; set SDL_HINT_DOSKUTSU_PREVFRAME_DIFF=1 to opt in)
[08:23:44] [info] flip-probe: renderer=software window_ptr=8825496 colorspace=301991328 window_size=320x240 framebuffer_pixels=320x240 logical_present=320x240 mode=2
[08:23:44] [info] flip-probe: first flip ok=true present=55ms inter_flip_ms=0 drawcalls-since-flip=1 drawcalls-total=1
[08:23:44] [info] Sound system init
[08:23:44] [info] Sound system: AdLib (OPL2) path -- AUDIO_BACKEND=adlib. Skipping SB16 + SDL_mixer bring-up (no SDL_INIT_AUDIO); music via native OPL2 FM on the PIT/IRQ-0 pump. MUSIC ONLY: a DAC-less AdLib card has no PCM SFX. See docs/internal/ADLIB-NATIVE-DESIGN.md.
[08:23:44] [info] Sound system: AdLib PC-speaker SFX beeps -- engine SFX->beep mapping WIRED (patch 0264; SDL owns default-ON killswitch SDL_HINT_DOSKUTSU_PCSPK_SFX=0 to disable). See docs/internal/ADLIB-PCSPK-SFX-DESIGN.md.
[08:23:44] [info] Sound system: 4-state audio enable (#31) -- music=on sfx=on (MUSIC_OFF/AUDIO_BACKEND=none -> music-off; SFX_OFF/SFX_DEVICE=none -> sfx-off; both gates are dispatch-level, the device still opens; AUDIO_OFF=1 is the device-level both-off).
[08:23:44] [info] Sound system: Tier-2 audio config (default since wave 21 patch 0093; 11025 Hz, 1 channel, buffer pinned to 256 frames). Measured savings on g2k Pentium OverDrive 83 MHz (W21A): heavy-music scenes ~+11 fps vs Tier-1 baseline (measured -10 to -15 ms/flip post-0094 audio fix; W21A's pre-fix -26.6 ms figure was inflated by stereo-vs-mono playback bug, see patch 0094). Audio quality is reduced vs Tier-1 (mono, 11025 Hz, simple-average L+R downmix) but recognizable; user accepted the trade per direction 2026-05-05. Set SDL_HINT_DOSKUTSU_AUDIO_TIER2=0 to revert to Tier-1 22050 stereo (full Cave Story 2004 audio quality; trades fps for fidelity).
[08:23:44] [info] Sound system: SDL_HINT_AUDIO_DEVICE_SAMPLE_FRAMES=256
[08:23:44] [info] Pixtone IRQ rate-divider: handed master_rate=11025 int16/s (SAMPLE_RATE=11025 x AUDIO_CHANNELS=1) to SDL for auto-RATEDIV (SDL/0074 computes shift_div from the resolved device freq).
[08:23:44] [info] Sound system: device frame-rate: requesting 11025 Hz match to master (SDL_DOSAudioSetDeviceFrameRate; SB16 opens at the engine frame rate instead of SDL's 44100 floor -- 4x less PCM/s + no resampler on the Organya/Pixtone path; killswitch SDL_HINT_DOSKUTSU_DOS_AUDIO_DEVICE_RATE_DEFAULT=0).
[08:23:44] [info] audio backend: adlib (Campaign 2 -- native OPL2 FM synthesis on a no-Sound-Blaster card; 9-voice single-bank allocator; music clock = PIT/IRQ-0 OPL pump, NOT SB IRQ-5). MUSIC ONLY -- no PCM SFX on a DAC-less AdLib card. SoundManager::init probes OPL2 at 0x388 via the Adlib timer-1 sequence; if absent, music is silent (the game still runs). Reuses data/opl3bank.dat (DMXOPL GM bank).
[08:23:44] [info] Sound system: AdLib path -- no SB16 mixer (music via the PIT pump; SFX disabled on this no-SB out-of-band path).
[08:23:44] [info] wave-13.6.1: ring_chunks=16 FORCE_PUMP_YIELD=off (set SDL_HINT_DOSKUTSU_AUDIO_RING_CHUNKS=4|8|16 to override; default 16 matches wave 13.6 behaviour)
[08:23:45] [info] MidiScheduler: MIDI source = 'orgmid2' (native-GM org2mid set; resolves to data/orgmid2/<name>.mid).
[08:23:45] [info] opl2 backend probing for OPL chip (Adlib timer-1 sequence on 0x388)...
[08:23:45] [info] opl2 backend: opl3bank.dat loaded 128 programs from 'data/opl3bank.dat' (1536 bytes). OPL2 ignores the SBI panning nibble; programs >= 128 fall back to the 8-patch family bucket; drum channel uses PATCH_DRUM.
[08:23:45] [info] opl2 backend ready (OPL2 detected; 9-voice single-bank allocator armed; bank=runtime opl3bank.dat ACTIVE; clock = PIT/IRQ-0 OPL music pump, NOT SB IRQ-5; MUSIC ONLY -- no PCM SFX on a DAC-less AdLib card).
[08:23:45] [info] Sound system: MidiScheduler armed with MidiBackendOpl2 (Campaign 2 AdLib -- native OPL2 FM, 9-voice single bank). Music dispatch routes via SMF parser + OPL2 voice allocator; the clock is the PIT/IRQ-0 OPL pump (SDL/0110), NOT the SB IRQ-5. MUSIC ONLY -- no Pixtone PCM SFX on a DAC-less card.
[08:23:45] [info] Sound system: idle-pause skipped (backend=adlib does not qualify; only opl3 supports idle-pause per patch 0115; default OFF since patch 0119 regardless of backend).
[08:23:45] [warn] Music dir Ogg/ doesn't exist
[08:23:45] [warn] Music dir Ogg11/ doesn't exist
[08:23:45] [warn] Music dir Ogg17/ doesn't exist
[08:23:45] [warn] Music dir Ogg_ridic/ doesn't exist
[08:23:45] [info] Sound system: AdLib path -- skipping Pixtone/SFX/Organya/mixer init (no SDL audio device; MUSIC ONLY -- a DAC-less AdLib card has no PCM SFX). No MIX_CreateTrack / SFX-render attempts; runtime SFX calls no-op.
[08:23:45] [info] adlib: music pump STARTED at 120 Hz (PIT ch0 / IRQ-0 drives MidiScheduler::tick_isr; BIOS 18.2 Hz tick chained; restored on exit). This is the music clock on a no-SB card.
[08:23:45] [info] menu slide-in fixed-timestep: ENABLED (default; slide advances at 50 Hz logic rate)
[08:23:45] [info] Reading npc.tbl...
[08:23:45] [info] Loading tilekey.dat.
[08:23:45] [info] Script engine init.
[08:23:46] [info] Entering main loop...
[08:23:46] [info] audio mid-gap pump: DISABLED (default)
[08:23:46] [info] TAS fixed-timestep guard: ENABLED (default) (patch 0280; load_stage wall-clock kept out of the FT accumulator so TAS replay advances at a true 50 Hz; set SDL_HINT_DOSKUTSU_TAS_FT_GUARD=0 to disable)
[08:23:46] [info] load_stage ring+DMA silence flush: ENABLED (default) (set SDL_HINT_DOSKUTSU_LOADSTAGE_SILENCE=0 to disable)
[08:23:46] [info] load-band audio-underrun probe: DISABLED (default) (opt-in SDL_HINT_DOSKUTSU_LOADBAND_STAT=1)
[08:23:46] [info]  >> Entering stage 72: 'u'.
[08:23:46] [info] skip sheet flush: ENABLED (default) (SFXPAUSE-012 SHIPPED FIX; sprite sheets stay resident across caves so no per-cave re-decode -> no fire-frame pause; map_flush_graphics tilemap cache still flushes; set SDL_HINT_DOSKUTSU_SKIP_SHEET_FLUSH=0 to restore the old per-cave flush)
[08:23:46] [info] [skip-sheet-flush] cave=1
[08:23:46] [info] eager action sheets: ENABLED (default) (first-fire hitch fix: pre-loads the weapon bullet + hit/muzzle/trail caret sheets at stage load so the first fire/impact does not lazy-decode mid-gameplay; set SDL_HINT_DOSKUTSU_EAGER_ACTION_SHEETS=0 to restore lazy load)
[08:23:46] [info] Surface::loadImage palmap-diag #2: 'data/Bullet.pbm' fmt=SDL_PIXELFORMAT_ABGR8888 remap=HIT -> path=truecolor
[08:23:46] [info] Surface::loadImage palmap-diag #3: 'data/Arms.pbm' fmt=SDL_PIXELFORMAT_ABGR8888 remap=HIT -> path=truecolor
[08:23:47] [info] Surface::loadImage palmap-diag #4: 'data/Caret.pbm' fmt=SDL_PIXELFORMAT_ABGR8888 remap=HIT -> path=truecolor
[08:23:47] [info] Surface::loadImage palmap-diag #5: 'data/Npc/NpcSym.pbm' fmt=SDL_PIXELFORMAT_ABGR8888 remap=HIT -> path=truecolor
[08:23:47] [info] [eager-action-sheets] cave=1 sheets=4 wall_ms=1399
[08:23:47] [info] Surface::loadImage palmap-diag #6: 'data/Stage/PrtWhite.pbm' fmt=SDL_PIXELFORMAT_ABGR8888 remap=HIT -> path=truecolor
[08:23:48] [info] load_stage: entry-music preload ENABLED (default) (set SDL_HINT_DOSKUTSU_PRELOAD_STAGE_MUSIC=0 to disable)
[08:23:48] [info] Surface::loadImage palmap-diag #7: 'data/bk0.pbm' fmt=SDL_PIXELFORMAT_ABGR8888 remap=HIT -> path=truecolor
[08:23:48] [info] gameloop: entered (curmap=72, running=1)
[08:23:48] [info] gameloop: iter 1 ticks=9778 mapno=-1
[08:23:48] [info] fixed-timestep: ENABLED (default; logic 50 Hz, decoupled from render)
[08:23:48] [info] map: BG skip-when-unchanged DISABLED (default) (set SDL_HINT_DOSKUTSU_BG_SKIP_WHEN_UNCHANGED=1 to enable; default OFF since wave-61 -- abandoned, it shipped a backdrop-black flicker and its +0.87 fps was below the noise floor)
[08:23:48] [info] map: skip-redundant-clear lever ENABLED (default since wave-53 promotion)
[08:23:48] [info] perf-mode: level=0 (faithful (default))
[08:23:48] [info] Surface::loadImage palmap-diag #8: 'data/Npc/NpcKings.pbm' fmt=SDL_PIXELFORMAT_ABGR8888 remap=HIT -> path=truecolor
[08:23:49] [info] audio tick-boundary pump: DISABLED (default)
[08:23:49] [info] gameloop: iter 2 ticks=10265 mapno=-1
[08:23:49] [info] gameloop: iter 3 ticks=10329 mapno=-1
[08:23:49] [info] direct-vesa: snapshot @gen=2 use_dosmemput=0 banked_multibank=0 pitches_match=1 vram_w=320 vram_h=240 vram_pitch=320 bpp=1 fb_size=76800 vram_phys=0x78000000 vram_ptr=0x77c00000
[08:23:49] [info] flip-probe: flip #10 ok=true present=3ms inter_flip_ms=39 drawcalls-since-flip=6 drawcalls-total=43 fail-total=0 null-skips-total=0
[08:23:50] [info] flip-probe: flip #20 ok=true present=4ms inter_flip_ms=38 drawcalls-since-flip=4 drawcalls-total=92 fail-total=0 null-skips-total=0
[08:23:50] [info] flip-probe: flip #30 ok=true present=4ms inter_flip_ms=81 drawcalls-since-flip=326 drawcalls-total=2707 fail-total=0 null-skips-total=0
[08:23:51] [info] flip-probe: flip #40 ok=true present=4ms inter_flip_ms=72 drawcalls-since-flip=264 drawcalls-total=5837 fail-total=0 null-skips-total=0
[08:23:52] [info] flip-probe: flip #50 ok=true present=4ms inter_flip_ms=45 drawcalls-since-flip=67 drawcalls-total=7392 fail-total=0 null-skips-total=0
[08:23:52] [info] flip-probe: flip #60 ok=true present=4ms inter_flip_ms=36 drawcalls-since-flip=4 drawcalls-total=7502 fail-total=0 null-skips-total=0
[08:23:52] [info] flip-probe: flip #70 ok=true present=3ms inter_flip_ms=36 drawcalls-since-flip=6 drawcalls-total=7557 fail-total=0 null-skips-total=0
[08:23:53] [info] flip-probe: flip #80 ok=true present=4ms inter_flip_ms=21 drawcalls-since-flip=0 drawcalls-total=7586 fail-total=0 null-skips-total=0
[08:23:53] [info] flip-probe: flip #90 ok=true present=3ms inter_flip_ms=21 drawcalls-since-flip=0 drawcalls-total=7586 fail-total=0 null-skips-total=0
[08:23:53] [info] gameloop: iter 600 ticks=14592 mapno=-1
[08:23:53] [info] title: eager-title-IO phase tag ENABLED (default) (set SDL_HINT_DOSKUTSU_EAGER_TITLE_IO=0 to disable)
[08:23:53] [info] [music-dispatch] tick=95 song=24 (prev 0)
[08:23:53] [info] MidiScheduler::load: parsed 'data/orgmid2/curly.mid' = 11294 events at 48 PPQ
[08:23:53] [info] opl2 backend: on_song_start
[08:23:54] [info] gameloop: entered (curmap=1005, running=1)
[08:23:54] [info] gameloop: iter 1 ticks=15400 mapno=-1
[08:23:54] [info] map: backdrop cache ENABLED (default) (set SDL_HINT_DOSKUTSU_BACKDROP_CACHE=0 to disable)
[08:23:55] [info] gameloop: iter 2 ticks=16402 mapno=-1
[08:23:55] [info] gameloop: iter 3 ticks=16449 mapno=-1
[08:23:55] [info] backdrop cache: thrashing-detect engaged (streak=4, route=direct)
[08:23:55] [info] flip-probe: flip #100 ok=true present=4ms inter_flip_ms=41 drawcalls-since-flip=75 drawcalls-total=7886 fail-total=0 null-skips-total=0
[08:23:55] [info] alpha audit block 0: 7798 total drawcalls, 0 with alpha<255 (block pct_x10=0; global 0/7798 pct_x10=0); alpha-mod skipped: block=0 global=0
[08:23:55] [info] fastpath audit block 0: taken=7798 (idx8=7798) skipped=0 pct_x10=1000; global taken=7798 (idx8=7798) skipped=0 pct_x10=1000
[08:23:55] [info] primitive tally block 0: clear=220(hr=220) fill=0(hr=0) rect=0(hr=0) line=0(hr=0) tint=0 spotlight=0 (over 100 flips ending at flip 100)
[08:23:55] [info] color/alpha audit block 0: cmod_white=104 cmod_black=0 (idx=0) cmod_general=84 (idx=84) cmod_fb=0; alpha_taken=0 alpha_skipped=0 (global cmod=104/0/84/0 idx=0/84 alpha=0/0)
[08:23:55] [info] phase timing block 0: drawcalls=8209 dc_total_ms=1735 flip_inner_total_ms=627 inter_flip_total_ms=10993 (per-flip avg x10: dc_ms=173 fi_ms=62 if_ms=1099 derived audio+engine_ms=864; per-drawcall avg us_x10=2113) [direct-vesa: presents=97 total_ms=369 avg_ms_x10=38 failed=0] [ablation: NO_DC_TIMING=0 CACHE_WINSURF=0 DIRECT_VESA=1]
[08:23:55] [info] kbd/audio block 0: kbd_irq=0 kbd_drain=0 ring_chunks=16 pump_pass=99 pic1_mask=0xb8 first_irq_ticks=0 install_ticks=0 vector_at_install=0x0084e398 pic1_mask_live=0xb8 kbd_8042_stat=0x34 bios_kbd_head=0x002e bios_kbd_tail=0x002e bios_kbd_buf0=0x3920
[08:23:55] [info] audio/engine split block 0: audio_mixer_calls=0 audio_mixer_ms_x10=0 engine_tick_calls=99 engine_tick_ms_x10=589 audio_service_calls=0 audio_service_ms_x10=0 (per-flip avg; per-call us_x10: audio_mix=0 engine_tick=595595 audio_service=0; global ns: audio_mix=0 engine_tick=5896398694 audio_service=0)
[08:23:55] [info] pixtone multi-source probe: DISABLED (default)
[08:23:55] [info] dirty-rect block @flip=100: total_calls=0 dirty_rects_avg=0 dirty_pct_x10=990 forced_full=0 first_n_force=3 threshold_exceeded=2 dirty_path_taken=0 full_flush_taken=3
[08:23:55] [info] prev-frame-diff block @flip=100: diff_calls=0 diff_rects_avg=0 diff_dirty_pct_x10=0 bbox_pct_x10=0 bbox_thresh_exceeded=0
[08:23:55] [info] flip-probe: flip #110 ok=true present=4ms inter_flip_ms=34 drawcalls-since-flip=75 drawcalls-total=8636 fail-total=0 null-skips-total=0
[08:23:56] [info] flip-probe: flip #120 ok=true present=4ms inter_flip_ms=33 drawcalls-since-flip=75 drawcalls-total=9386 fail-total=0 null-skips-total=0
[08:23:56] [info] flip-probe: flip #130 ok=true present=4ms inter_flip_ms=19 drawcalls-since-flip=0 drawcalls-total=9986 fail-total=0 null-skips-total=0
[08:23:56] [info] Loading profile from profile.dat
[08:23:56] [error] profile_load: unable to open 'profile.dat'
[08:23:56] [info] Loading profile from profile2.dat
[08:23:56] [error] profile_load: unable to open 'profile2.dat'
[08:23:56] [info] Loading profile from profile3.dat
[08:23:56] [info] Loading profile from profile4.dat
[08:23:56] [error] profile_load: unable to open 'profile4.dat'
[08:23:56] [info] Loading profile from profile5.dat
[08:23:57] [info] flip-probe: flip #140 ok=true present=4ms inter_flip_ms=57 drawcalls-since-flip=210 drawcalls-total=10826 fail-total=0 null-skips-total=0
[08:23:57] [info] flip-probe: flip #150 ok=true present=6ms inter_flip_ms=56 drawcalls-since-flip=210 drawcalls-total=12926 fail-total=0 null-skips-total=0
[08:23:58] [info] Writing settings...
[08:23:58] [info] flip-probe: flip #160 ok=true present=3ms inter_flip_ms=20 drawcalls-since-flip=0 drawcalls-total=13774 fail-total=0 null-skips-total=0
[08:23:58] [info] flip-probe: flip #170 ok=true present=3ms inter_flip_ms=18 drawcalls-since-flip=0 drawcalls-total=13774 fail-total=0 null-skips-total=0
[08:23:58] [info] [music-dispatch] tick=175 song=0 (prev 24)
[08:23:58] [info] opl2 backend: on_song_stop
[08:23:58] [info] Loading profile from profile5.dat
[08:23:58] [info]  >> Entering stage 20: 'Save Point'.
[08:23:58] [info] [skip-sheet-flush] cave=2
[08:23:59] [info] [music-dispatch] tick=175 song=8 (prev 0)
[08:23:59] [info] MidiScheduler::load: parsed 'data/orgmid2/vivi.mid' = 4558 events at 48 PPQ
[08:23:59] [info] opl2 backend: on_song_start
[08:23:59] [info] gameloop: entered (curmap=20, running=1)
[08:23:59] [info] gameloop: iter 1 ticks=20767 mapno=-1
[08:23:59] [info] TAS stall discount: ENABLED (default) (patch 0286; a replay frame over 150 ms is a load, not slow rendering, so it contributes 1 tick instead of its wall-clock; set SDL_HINT_DOSKUTSU_TAS_STALL_DISCOUNT=0 to disable)
[08:23:59] [info] TAS accumulator clamp: DISABLED (default) (patch 0281; caps the FT accumulator delta at one tick during TAS so a stalled frame cannot race the replay index; set SDL_HINT_DOSKUTSU_TAS_FT_GUARD=0 to disable)
[08:23:59] [info] gameloop: iter 2 ticks=20818 mapno=-1
[08:23:59] [info] gameloop: iter 3 ticks=20863 mapno=-1
[08:23:59] [info] flip-probe: flip #180 ok=true present=3ms inter_flip_ms=38 drawcalls-since-flip=16 drawcalls-total=13896 fail-total=0 null-skips-total=0
[08:24:00] [info] flip-probe: flip #190 ok=true present=4ms inter_flip_ms=38 drawcalls-since-flip=16 drawcalls-total=14056 fail-total=0 null-skips-total=0
[08:24:00] [info] flip-probe: flip #200 ok=true present=3ms inter_flip_ms=38 drawcalls-since-flip=16 drawcalls-total=14216 fail-total=0 null-skips-total=0
[08:24:00] [info] alpha audit block 0: 5693 total drawcalls, 0 with alpha<255 (block pct_x10=0; global 0/13491 pct_x10=0); alpha-mod skipped: block=0 global=0
[08:24:00] [info] fastpath audit block 0: taken=5693 (idx8=5693) skipped=0 pct_x10=1000; global taken=13491 (idx8=13491) skipped=0 pct_x10=1000
[08:24:00] [info] primitive tally block 0: clear=201(hr=201) fill=0(hr=0) rect=0(hr=0) line=0(hr=0) tint=0 spotlight=0 (over 100 flips ending at flip 200)
[08:24:00] [info] color/alpha audit block 0: cmod_white=1402 cmod_black=0 (idx=0) cmod_general=609 (idx=609) cmod_fb=0; alpha_taken=0 alpha_skipped=0 (global cmod=1506/0/693/0 idx=0/693 alpha=0/0)
[08:24:00] [info] phase timing block 0: drawcalls=7905 dc_total_ms=1559 flip_inner_total_ms=515 inter_flip_total_ms=5184 (per-flip avg x10: dc_ms=155 fi_ms=51 if_ms=518 derived audio+engine_ms=312; per-drawcall avg us_x10=1972) [direct-vesa: presents=100 total_ms=375 avg_ms_x10=37 failed=0] [ablation: NO_DC_TIMING=0 CACHE_WINSURF=0 DIRECT_VESA=1]
[08:24:00] [info] kbd/audio block 0: kbd_irq=0 kbd_drain=0 ring_chunks=16 pump_pass=220 pic1_mask=0xb8 first_irq_ticks=0 install_ticks=0 vector_at_install=0x0084e398 pic1_mask_live=0xb8 kbd_8042_stat=0x34 bios_kbd_head=0x002e bios_kbd_tail=0x002e bios_kbd_buf0=0x3920
[08:24:00] [info] audio/engine split block 0: audio_mixer_calls=0 audio_mixer_ms_x10=0 engine_tick_calls=76 engine_tick_ms_x10=224 audio_service_calls=0 audio_service_ms_x10=0 (per-flip avg; per-call us_x10: audio_mix=0 engine_tick=295005 audio_service=0; global ns: audio_mix=0 engine_tick=8138442644 audio_service=0)
[08:24:00] [info] dirty-rect block @flip=200: total_calls=0 dirty_rects_avg=1 dirty_pct_x10=1000 forced_full=0 first_n_force=0 threshold_exceeded=0 dirty_path_taken=0 full_flush_taken=0
[08:24:00] [info] prev-frame-diff block @flip=200: diff_calls=0 diff_rects_avg=0 diff_dirty_pct_x10=0 bbox_pct_x10=0 bbox_thresh_exceeded=0
[08:24:01] [info] flip-probe: flip #210 ok=true present=4ms inter_flip_ms=38 drawcalls-since-flip=16 drawcalls-total=14376 fail-total=0 null-skips-total=0
[08:24:01] [info] flip-probe: flip #220 ok=true present=4ms inter_flip_ms=38 drawcalls-since-flip=16 drawcalls-total=14536 fail-total=0 null-skips-total=0
[08:24:02] [info] flip-probe: flip #230 ok=true present=4ms inter_flip_ms=41 drawcalls-since-flip=6 drawcalls-total=16900 fail-total=0 null-skips-total=0
[08:24:02] [info]  >> Entering stage 11: 'Mimiga Village'.
[08:24:02] [info] [skip-sheet-flush] cave=3
[08:24:02] [info] [load-stage] preloading entry music song=9 (cave=3)
[08:24:02] [info] [music-dispatch] tick=297 song=9 (prev 8)
[08:24:02] [info] opl2 backend: on_song_stop
[08:24:02] [info] MidiScheduler::load: parsed 'data/orgmid2/mura.mid' = 2863 events at 48 PPQ
[08:24:02] [info] opl2 backend: on_song_start
[08:24:03] [info] gameloop: entered (curmap=11, running=1)
[08:24:03] [info] gameloop: iter 1 ticks=24180 mapno=-1
[08:24:03] [info] map: mds_clear LUT ENABLED (default) (set SDL_HINT_DOSKUTSU_MDS_CLEAR_LUT=0 to disable; default ON; patch 0144 wave-49 bandwidth lever)
[08:24:03] [info] mds-clear-lut: rebuilt N=240 entries (k_skip=0% k_keep=100%; curmap=11 map_size=60x60; rebuild #1 since boot)
[08:24:03] [info] backdrop thrash full-cover ENABLED (default) (set SDL_HINT_DOSKUTSU_THRASH_FULLCOVER=0 to disable)
[08:24:03] [info] [bd-diag] backdrop render-path diag disabled (default) (set SDL_HINT_DOSKUTSU_BACKDROP_DIAG=1 to enable)
[08:24:03] [info] gameloop: iter 2 ticks=24545 mapno=-1
[08:24:03] [info] tas: stall frame 364 ms -> contributing 1 tick (patch 0286)
[08:24:03] [info] gameloop: iter 3 ticks=24655 mapno=-1
[08:24:04] [info] backdrop cache: thrashing-detect engaged (streak=4, route=direct)
[08:24:04] [info] flip-probe: flip #240 ok=true present=4ms inter_flip_ms=57 drawcalls-since-flip=44 drawcalls-total=19317 fail-total=0 null-skips-total=0
[08:24:04] [info] flip-probe: flip #250 ok=true present=4ms inter_flip_ms=57 drawcalls-since-flip=46 drawcalls-total=19761 fail-total=0 null-skips-total=0
[08:24:05] [info] flip-probe: flip #260 ok=true present=4ms inter_flip_ms=54 drawcalls-since-flip=42 drawcalls-total=20200 fail-total=0 null-skips-total=0
[08:24:06] [info] flip-probe: flip #270 ok=true present=4ms inter_flip_ms=57 drawcalls-since-flip=42 drawcalls-total=20620 fail-total=0 null-skips-total=0
[08:24:06] [info] flip-probe: flip #280 ok=true present=4ms inter_flip_ms=52 drawcalls-since-flip=42 drawcalls-total=21040 fail-total=0 null-skips-total=0
[08:24:07] [info] flip-probe: flip #290 ok=true present=4ms inter_flip_ms=53 drawcalls-since-flip=42 drawcalls-total=21460 fail-total=0 null-skips-total=0
[08:24:07] [info] backdrop cache: thrashing-detect engaged (streak=64, route=direct)
[08:24:07] [info] flip-probe: flip #300 ok=true present=4ms inter_flip_ms=54 drawcalls-since-flip=43 drawcalls-total=21885 fail-total=0 null-skips-total=0
[08:24:07] [info] alpha audit block 0: 6689 total drawcalls, 0 with alpha<255 (block pct_x10=0; global 0/20180 pct_x10=0); alpha-mod skipped: block=0 global=0
[08:24:07] [info] fastpath audit block 0: taken=6689 (idx8=6689) skipped=0 pct_x10=1000; global taken=20180 (idx8=20180) skipped=0 pct_x10=1000
[08:24:07] [info] primitive tally block 0: clear=201(hr=201) fill=0(hr=0) rect=0(hr=0) line=0(hr=0) tint=0 spotlight=0 (over 100 flips ending at flip 300)
[08:24:07] [info] color/alpha audit block 0: cmod_white=910 cmod_black=910 (idx=910) cmod_general=0 (idx=0) cmod_fb=0; alpha_taken=0 alpha_skipped=0 (global cmod=2416/910/693/0 idx=910/693 alpha=0/0)
[08:24:07] [info] phase timing block 0: drawcalls=8716 dc_total_ms=1598 flip_inner_total_ms=510 inter_flip_total_ms=7045 (per-flip avg x10: dc_ms=159 fi_ms=51 if_ms=704 derived audio+engine_ms=494; per-drawcall avg us_x10=1833) [direct-vesa: presents=100 total_ms=374 avg_ms_x10=37 failed=0] [ablation: NO_DC_TIMING=0 CACHE_WINSURF=0 DIRECT_VESA=1]
[08:24:07] [info] kbd/audio block 0: kbd_irq=0 kbd_drain=0 ring_chunks=16 pump_pass=507 pic1_mask=0xb8 first_irq_ticks=0 install_ticks=0 vector_at_install=0x0084e398 pic1_mask_live=0xb8 kbd_8042_stat=0x34 bios_kbd_head=0x002e bios_kbd_tail=0x002e bios_kbd_buf0=0x3920
[08:24:07] [info] [tile-speedup-stat n=100 drawtile_us=118.67 raw_blit_us=93.40 ratio=1.27]
[08:24:07] [info] dirty-rect block @flip=300: total_calls=100 dirty_rects_avg=1 dirty_pct_x10=1000 forced_full=0 first_n_force=0 threshold_exceeded=0 dirty_path_taken=0 full_flush_taken=0
[08:24:07] [info] prev-frame-diff block @flip=300: diff_calls=0 diff_rects_avg=0 diff_dirty_pct_x10=0 bbox_pct_x10=0 bbox_thresh_exceeded=0
[08:24:07] [info] tas: stall frame 161 ms -> contributing 1 tick (patch 0286)
[08:24:08] [info] flip-probe: flip #310 ok=true present=4ms inter_flip_ms=57 drawcalls-since-flip=43 drawcalls-total=22415 fail-total=0 null-skips-total=0
[08:24:09] [info] flip-probe: flip #320 ok=true present=3ms inter_flip_ms=53 drawcalls-since-flip=45 drawcalls-total=22853 fail-total=0 null-skips-total=0
[08:24:09] [info] flip-probe: flip #330 ok=true present=3ms inter_flip_ms=55 drawcalls-since-flip=43 drawcalls-total=23278 fail-total=0 null-skips-total=0
[08:24:10] [info] flip-probe: flip #340 ok=true present=4ms inter_flip_ms=55 drawcalls-since-flip=42 drawcalls-total=23703 fail-total=0 null-skips-total=0
[08:24:10] [info] flip-probe: flip #350 ok=true present=4ms inter_flip_ms=55 drawcalls-since-flip=42 drawcalls-total=24110 fail-total=0 null-skips-total=0
[08:24:11] [info] backdrop cache: thrashing-detect engaged (streak=124, route=direct)
[08:24:11] [info] flip-probe: flip #360 ok=true present=4ms inter_flip_ms=48 drawcalls-since-flip=15 drawcalls-total=24278 fail-total=0 null-skips-total=0
[08:24:11] [info] flip-probe: flip #370 ok=true present=4ms inter_flip_ms=50 drawcalls-since-flip=14 drawcalls-total=24420 fail-total=0 null-skips-total=0
[08:24:12] [info] flip-probe: flip #380 ok=true present=3ms inter_flip_ms=79 drawcalls-since-flip=214 drawcalls-total=24995 fail-total=0 null-skips-total=0
[08:24:12] [info]  >> Entering stage 17: 'Yamashita Farm'.
[08:24:12] [info] [skip-sheet-flush] cave=4
[08:24:13] [info] [load-stage] preloading entry music song=13 (cave=4)
[08:24:13] [info] [music-dispatch] tick=752 song=13 (prev 9)
[08:24:13] [info] opl2 backend: on_song_stop
[08:24:13] [info] MidiScheduler::load: parsed 'data/orgmid2/plant.mid' = 3000 events at 48 PPQ
[08:24:13] [info] opl2 backend: on_song_start
[08:24:13] [info] gameloop: entered (curmap=17, running=1)
[08:24:13] [info] gameloop: iter 1 ticks=34643 mapno=-1
[08:24:13] [info] mds-clear-lut: rebuilt N=240 entries (k_skip=33% k_keep=67%; curmap=17 map_size=40x16; rebuild #2 since boot)
[08:24:13] [info] gameloop: iter 2 ticks=34932 mapno=-1
[08:24:13] [info] tas: stall frame 289 ms -> contributing 1 tick (patch 0286)
[08:24:14] [info] gameloop: iter 3 ticks=35040 mapno=-1
[08:24:14] [info] flip-probe: flip #390 ok=true present=4ms inter_flip_ms=108 drawcalls-since-flip=410 drawcalls-total=27851 fail-total=0 null-skips-total=0
[08:24:15] [info] flip-probe: flip #400 ok=true present=4ms inter_flip_ms=77 drawcalls-since-flip=136 drawcalls-total=29748 fail-total=0 null-skips-total=0
[08:24:15] [info] alpha audit block 0: 6931 total drawcalls, 0 with alpha<255 (block pct_x10=0; global 0/27111 pct_x10=0); alpha-mod skipped: block=0 global=0
[08:24:15] [info] fastpath audit block 0: taken=6931 (idx8=6931) skipped=0 pct_x10=1000; global taken=27111 (idx8=27111) skipped=0 pct_x10=1000
[08:24:15] [info] primitive tally block 0: clear=202(hr=202) fill=0(hr=0) rect=0(hr=0) line=0(hr=0) tint=0 spotlight=0 (over 100 flips ending at flip 400)
[08:24:15] [info] color/alpha audit block 0: cmod_white=832 cmod_black=832 (idx=832) cmod_general=0 (idx=0) cmod_fb=0; alpha_taken=0 alpha_skipped=0 (global cmod=3248/1742/693/0 idx=1742/693 alpha=0/0)
[08:24:15] [info] phase timing block 0: drawcalls=8811 dc_total_ms=1377 flip_inner_total_ms=509 inter_flip_total_ms=7324 (per-flip avg x10: dc_ms=137 fi_ms=50 if_ms=732 derived audio+engine_ms=545; per-drawcall avg us_x10=1563) [direct-vesa: presents=100 total_ms=374 avg_ms_x10=37 failed=0] [ablation: NO_DC_TIMING=0 CACHE_WINSURF=0 DIRECT_VESA=1]
[08:24:15] [info] kbd/audio block 0: kbd_irq=0 kbd_drain=0 ring_chunks=16 pump_pass=808 pic1_mask=0xb8 first_irq_ticks=0 install_ticks=0 vector_at_install=0x0084e398 pic1_mask_live=0xb8 kbd_8042_stat=0x34 bios_kbd_head=0x002e bios_kbd_tail=0x002e bios_kbd_buf0=0x3920
[08:24:15] [info] dirty-rect block @flip=400: total_calls=0 dirty_rects_avg=1 dirty_pct_x10=1000 forced_full=0 first_n_force=0 threshold_exceeded=0 dirty_path_taken=0 full_flush_taken=0
[08:24:15] [info] prev-frame-diff block @flip=400: diff_calls=0 diff_rects_avg=0 diff_dirty_pct_x10=0 bbox_pct_x10=0 bbox_thresh_exceeded=0
[08:24:15] [info] flip-probe: flip #410 ok=true present=4ms inter_flip_ms=98 drawcalls-since-flip=141 drawcalls-total=31124 fail-total=0 null-skips-total=0
[08:24:16] [info] backdrop cache: thrashing-detect engaged (streak=4, route=direct)
[08:24:16] [info] flip-probe: flip #420 ok=true present=4ms inter_flip_ms=79 drawcalls-since-flip=131 drawcalls-total=32415 fail-total=0 null-skips-total=0
[08:24:17] [info] flip-probe: flip #430 ok=true present=3ms inter_flip_ms=87 drawcalls-since-flip=145 drawcalls-total=33796 fail-total=0 null-skips-total=0
[08:24:18] [info] flip-probe: flip #440 ok=true present=4ms inter_flip_ms=94 drawcalls-since-flip=140 drawcalls-total=35250 fail-total=0 null-skips-total=0
[08:24:19] [info] flip-probe: flip #450 ok=true present=4ms inter_flip_ms=89 drawcalls-since-flip=131 drawcalls-total=36582 fail-total=0 null-skips-total=0
[08:24:19] [info] backdrop cache: thrashing-detect engaged (streak=4, route=direct)
[08:24:20] [info] flip-probe: flip #460 ok=true present=4ms inter_flip_ms=78 drawcalls-since-flip=130 drawcalls-total=37865 fail-total=0 null-skips-total=0
[08:24:21] [info] flip-probe: flip #470 ok=true present=4ms inter_flip_ms=78 drawcalls-since-flip=129 drawcalls-total=39177 fail-total=0 null-skips-total=0
[08:24:21] [info] backdrop cache: thrashing-detect engaged (streak=4, route=direct)
[08:24:21] [info] flip-probe: flip #480 ok=true present=4ms inter_flip_ms=81 drawcalls-since-flip=132 drawcalls-total=40433 fail-total=0 null-skips-total=0
[08:24:22] [info] flip-probe: flip #490 ok=true present=4ms inter_flip_ms=81 drawcalls-since-flip=137 drawcalls-total=41767 fail-total=0 null-skips-total=0
[08:24:23] [info] backdrop cache: thrashing-detect engaged (streak=4, route=direct)
[08:24:23] [info] flip-probe: flip #500 ok=true present=4ms inter_flip_ms=82 drawcalls-since-flip=131 drawcalls-total=43128 fail-total=0 null-skips-total=0
[08:24:23] [info] alpha audit block 0: 11980 total drawcalls, 0 with alpha<255 (block pct_x10=0; global 0/39091 pct_x10=0); alpha-mod skipped: block=0 global=0
[08:24:23] [info] fastpath audit block 0: taken=11980 (idx8=11980) skipped=0 pct_x10=1000; global taken=39091 (idx8=39091) skipped=0 pct_x10=1000
[08:24:23] [info] primitive tally block 0: clear=200(hr=200) fill=0(hr=0) rect=0(hr=0) line=0(hr=0) tint=0 spotlight=0 (over 100 flips ending at flip 500)
[08:24:23] [info] color/alpha audit block 0: cmod_white=1300 cmod_black=1300 (idx=1300) cmod_general=0 (idx=0) cmod_fb=0; alpha_taken=0 alpha_skipped=0 (global cmod=4548/3042/693/0 idx=3042/693 alpha=0/0)
[08:24:23] [info] phase timing block 0: drawcalls=14803 dc_total_ms=1512 flip_inner_total_ms=518 inter_flip_total_ms=8524 (per-flip avg x10: dc_ms=151 fi_ms=51 if_ms=852 derived audio+engine_ms=650; per-drawcall avg us_x10=1021) [direct-vesa: presents=100 total_ms=374 avg_ms_x10=37 failed=0] [ablation: NO_DC_TIMING=0 CACHE_WINSURF=0 DIRECT_VESA=1]
[08:24:23] [info] kbd/audio block 0: kbd_irq=0 kbd_drain=0 ring_chunks=16 pump_pass=1234 pic1_mask=0xb8 first_irq_ticks=0 install_ticks=0 vector_at_install=0x0084e398 pic1_mask_live=0xb8 kbd_8042_stat=0x34 bios_kbd_head=0x002e bios_kbd_tail=0x002e bios_kbd_buf0=0x3920
[08:24:23] [info] dirty-rect block @flip=500: total_calls=0 dirty_rects_avg=1 dirty_pct_x10=1000 forced_full=0 first_n_force=0 threshold_exceeded=0 dirty_path_taken=0 full_flush_taken=0
[08:24:23] [info] prev-frame-diff block @flip=500: diff_calls=0 diff_rects_avg=0 diff_dirty_pct_x10=0 bbox_pct_x10=0 bbox_thresh_exceeded=0
[08:24:23] [info] tas: stall frame 164 ms -> contributing 1 tick (patch 0286)
[08:24:24] [info] flip-probe: flip #510 ok=true present=4ms inter_flip_ms=78 drawcalls-since-flip=106 drawcalls-total=44319 fail-total=0 null-skips-total=0
[08:24:25] [info] flip-probe: flip #520 ok=true present=6ms inter_flip_ms=82 drawcalls-since-flip=115 drawcalls-total=45449 fail-total=0 null-skips-total=0
[08:24:26] [info] flip-probe: flip #530 ok=true present=4ms inter_flip_ms=77 drawcalls-since-flip=108 drawcalls-total=46534 fail-total=0 null-skips-total=0
[08:24:26] [info] flip-probe: flip #540 ok=true present=4ms inter_flip_ms=74 drawcalls-since-flip=111 drawcalls-total=47587 fail-total=0 null-skips-total=0
[08:24:27] [info] flip-probe: flip #550 ok=true present=4ms inter_flip_ms=68 drawcalls-since-flip=112 drawcalls-total=48704 fail-total=0 null-skips-total=0
[08:24:27] [info] backdrop cache: thrashing-detect engaged (streak=64, route=direct)
[08:24:28] [info] flip-probe: flip #560 ok=true present=4ms inter_flip_ms=70 drawcalls-since-flip=120 drawcalls-total=49864 fail-total=0 null-skips-total=0
[08:24:29] [info] flip-probe: flip #570 ok=true present=4ms inter_flip_ms=96 drawcalls-since-flip=350 drawcalls-total=51578 fail-total=0 null-skips-total=0
[08:24:29] [info]  >> Entering stage 11: 'Mimiga Village'.
[08:24:29] [info] [skip-sheet-flush] cave=5
[08:24:30] [info] [load-stage] preloading entry music song=9 (cave=5)
[08:24:30] [info] [music-dispatch] tick=1526 song=9 (prev 13)
[08:24:30] [info] opl2 backend: on_song_stop
[08:24:30] [info] MidiScheduler::load: parsed 'data/orgmid2/mura.mid' = 2863 events at 48 PPQ
[08:24:30] [info] opl2 backend: on_song_start
[08:24:30] [info] gameloop: entered (curmap=11, running=1)
[08:24:30] [info] gameloop: iter 1 ticks=51504 mapno=-1
[08:24:30] [info] mds-clear-lut: rebuilt N=240 entries (k_skip=0% k_keep=100%; curmap=11 map_size=60x60; rebuild #3 since boot)
[08:24:30] [info] gameloop: iter 2 ticks=51626 mapno=-1
[08:24:30] [info] gameloop: iter 3 ticks=51732 mapno=-1
[08:24:31] [info] flip-probe: flip #580 ok=true present=4ms inter_flip_ms=95 drawcalls-since-flip=240 drawcalls-total=54616 fail-total=0 null-skips-total=0
[08:24:31] [info] backdrop cache: thrashing-detect engaged (streak=4, route=direct)
[08:24:31] [info] flip-probe: flip #590 ok=true present=4ms inter_flip_ms=56 drawcalls-since-flip=40 drawcalls-total=55191 fail-total=0 null-skips-total=0
[08:24:32] [info] flip-probe: flip #600 ok=true present=4ms inter_flip_ms=54 drawcalls-since-flip=40 drawcalls-total=55591 fail-total=0 null-skips-total=0
[08:24:32] [info] alpha audit block 0: 11960 total drawcalls, 0 with alpha<255 (block pct_x10=0; global 0/51051 pct_x10=0); alpha-mod skipped: block=0 global=0
[08:24:32] [info] fastpath audit block 0: taken=11960 (idx8=11960) skipped=0 pct_x10=1000; global taken=51051 (idx8=51051) skipped=0 pct_x10=1000
[08:24:32] [info] primitive tally block 0: clear=202(hr=202) fill=0(hr=0) rect=0(hr=0) line=0(hr=0) tint=0 spotlight=0 (over 100 flips ending at flip 600)
[08:24:32] [info] color/alpha audit block 0: cmod_white=403 cmod_black=403 (idx=403) cmod_general=0 (idx=0) cmod_fb=0; alpha_taken=0 alpha_skipped=0 (global cmod=4951/3445/693/0 idx=3445/693 alpha=0/0)
[08:24:32] [info] phase timing block 0: drawcalls=12973 dc_total_ms=1409 flip_inner_total_ms=510 inter_flip_total_ms=8595 (per-flip avg x10: dc_ms=140 fi_ms=51 if_ms=859 derived audio+engine_ms=668; per-drawcall avg us_x10=1086) [direct-vesa: presents=100 total_ms=375 avg_ms_x10=37 failed=0] [ablation: NO_DC_TIMING=0 CACHE_WINSURF=0 DIRECT_VESA=1]
[08:24:32] [info] kbd/audio block 0: kbd_irq=0 kbd_drain=0 ring_chunks=16 pump_pass=1610 pic1_mask=0xb8 first_irq_ticks=0 install_ticks=0 vector_at_install=0x0084e398 pic1_mask_live=0xb8 kbd_8042_stat=0x34 bios_kbd_head=0x002e bios_kbd_tail=0x002e bios_kbd_buf0=0x3920
[08:24:32] [info] dirty-rect block @flip=600: total_calls=0 dirty_rects_avg=1 dirty_pct_x10=1000 forced_full=0 first_n_force=0 threshold_exceeded=0 dirty_path_taken=0 full_flush_taken=0
[08:24:32] [info] prev-frame-diff block @flip=600: diff_calls=0 diff_rects_avg=0 diff_dirty_pct_x10=0 bbox_pct_x10=0 bbox_thresh_exceeded=0
[08:24:32] [info] flip-probe: flip #610 ok=true present=4ms inter_flip_ms=56 drawcalls-since-flip=42 drawcalls-total=55993 fail-total=0 null-skips-total=0
[08:24:33] [info] flip-probe: flip #620 ok=true present=4ms inter_flip_ms=57 drawcalls-since-flip=40 drawcalls-total=56397 fail-total=0 null-skips-total=0
[08:24:33] [info] flip-probe: flip #630 ok=true present=4ms inter_flip_ms=55 drawcalls-since-flip=41 drawcalls-total=56802 fail-total=0 null-skips-total=0
[08:24:34] [info] flip-probe: flip #640 ok=true present=3ms inter_flip_ms=58 drawcalls-since-flip=42 drawcalls-total=57214 fail-total=0 null-skips-total=0
[08:24:34] [info] backdrop cache: thrashing-detect engaged (streak=64, route=direct)
[08:24:35] [info] flip-probe: flip #650 ok=true present=4ms inter_flip_ms=55 drawcalls-since-flip=41 drawcalls-total=57624 fail-total=0 null-skips-total=0
[08:24:35] [info] flip-probe: flip #660 ok=true present=4ms inter_flip_ms=57 drawcalls-since-flip=44 drawcalls-total=58040 fail-total=0 null-skips-total=0
[08:24:36] [info] run_tick_fixed #1800: heartbeat (loop alive)
[08:24:36] [info] flip-probe: flip #670 ok=true present=4ms inter_flip_ms=58 drawcalls-since-flip=44 drawcalls-total=58480 fail-total=0 null-skips-total=0
[08:24:36] [info] flip-probe: flip #680 ok=true present=4ms inter_flip_ms=58 drawcalls-since-flip=44 drawcalls-total=58920 fail-total=0 null-skips-total=0
[08:24:37] [info] flip-probe: flip #690 ok=true present=4ms inter_flip_ms=54 drawcalls-since-flip=43 drawcalls-total=59353 fail-total=0 null-skips-total=0
[08:24:37] [info] tas: stall frame 278 ms -> contributing 1 tick (patch 0286)
[08:24:38] [info] flip-probe: flip #700 ok=true present=4ms inter_flip_ms=50 drawcalls-since-flip=17 drawcalls-total=59650 fail-total=0 null-skips-total=0
[08:24:38] [info] alpha audit block 0: 2724 total drawcalls, 0 with alpha<255 (block pct_x10=0; global 0/53775 pct_x10=0); alpha-mod skipped: block=0 global=0
[08:24:38] [info] fastpath audit block 0: taken=2724 (idx8=2724) skipped=0 pct_x10=1000; global taken=53775 (idx8=53775) skipped=0 pct_x10=1000
[08:24:38] [info] primitive tally block 0: clear=200(hr=200) fill=0(hr=0) rect=0(hr=0) line=0(hr=0) tint=0 spotlight=0 (over 100 flips ending at flip 700)
[08:24:38] [info] color/alpha audit block 0: cmod_white=1235 cmod_black=1235 (idx=1235) cmod_general=0 (idx=0) cmod_fb=0; alpha_taken=0 alpha_skipped=0 (global cmod=6186/4680/693/0 idx=4680/693 alpha=0/0)
[08:24:38] [info] phase timing block 0: drawcalls=5394 dc_total_ms=988 flip_inner_total_ms=720 inter_flip_total_ms=5939 (per-flip avg x10: dc_ms=98 fi_ms=72 if_ms=593 derived audio+engine_ms=423; per-drawcall avg us_x10=1832) [direct-vesa: presents=100 total_ms=373 avg_ms_x10=37 failed=0] [ablation: NO_DC_TIMING=0 CACHE_WINSURF=0 DIRECT_VESA=1]
[08:24:38] [info] kbd/audio block 0: kbd_irq=0 kbd_drain=0 ring_chunks=16 pump_pass=1894 pic1_mask=0xb8 first_irq_ticks=0 install_ticks=0 vector_at_install=0x0084e398 pic1_mask_live=0xb8 kbd_8042_stat=0x34 bios_kbd_head=0x002e bios_kbd_tail=0x002e bios_kbd_buf0=0x3920
[08:24:38] [info] dirty-rect block @flip=700: total_calls=0 dirty_rects_avg=1 dirty_pct_x10=1000 forced_full=0 first_n_force=0 threshold_exceeded=0 dirty_path_taken=0 full_flush_taken=0
[08:24:38] [info] prev-frame-diff block @flip=700: diff_calls=0 diff_rects_avg=0 diff_dirty_pct_x10=0 bbox_pct_x10=0 bbox_thresh_exceeded=0
[08:24:38] [info] backdrop cache: thrashing-detect engaged (streak=124, route=direct)
[08:24:38] [info] flip-probe: flip #710 ok=true present=4ms inter_flip_ms=49 drawcalls-since-flip=16 drawcalls-total=59810 fail-total=0 null-skips-total=0
[08:24:39] [info] flip-probe: flip #720 ok=true present=4ms inter_flip_ms=48 drawcalls-since-flip=16 drawcalls-total=59970 fail-total=0 null-skips-total=0
[08:24:39] [info] flip-probe: flip #730 ok=true present=4ms inter_flip_ms=54 drawcalls-since-flip=27 drawcalls-total=60152 fail-total=0 null-skips-total=0
[08:24:40] [info] flip-probe: flip #740 ok=true present=4ms inter_flip_ms=53 drawcalls-since-flip=20 drawcalls-total=60380 fail-total=0 null-skips-total=0
[08:24:40] [info] flip-probe: flip #750 ok=true present=4ms inter_flip_ms=48 drawcalls-since-flip=17 drawcalls-total=60568 fail-total=0 null-skips-total=0
[08:24:41] [info] flip-probe: flip #760 ok=true present=3ms inter_flip_ms=90 drawcalls-since-flip=306 drawcalls-total=62016 fail-total=0 null-skips-total=0
[08:24:41] [info] backdrop cache: thrashing-detect engaged (streak=184, route=direct)
[08:24:41] [info]  >> Entering stage 15: 'Reservoir'.
[08:24:41] [info] [skip-sheet-flush] cave=6
[08:24:42] [info] [load-stage] preloading entry music song=9 (cave=6)
[08:24:42] [info] gameloop: entered (curmap=15, running=1)
[08:24:42] [info] gameloop: iter 1 ticks=63417 mapno=-1
[08:24:42] [info] mds-clear-lut: rebuilt N=240 entries (k_skip=13% k_keep=87%; curmap=15 map_size=40x20; rebuild #4 since boot)
[08:24:42] [info] gameloop: iter 2 ticks=63530 mapno=-1
[08:24:42] [info] gameloop: iter 3 ticks=63630 mapno=-1
[08:24:43] [info] flip-probe: flip #770 ok=true present=4ms inter_flip_ms=63 drawcalls-since-flip=141 drawcalls-total=64236 fail-total=0 null-skips-total=0
[08:24:43] [info] run_tick_fixed #2100: heartbeat (loop alive)
[08:24:43] [info] flip-probe: flip #780 ok=true present=4ms inter_flip_ms=47 drawcalls-since-flip=31 drawcalls-total=64601 fail-total=0 null-skips-total=0
[08:24:43] [info] flip-probe: flip #790 ok=true present=4ms inter_flip_ms=46 drawcalls-since-flip=31 drawcalls-total=64911 fail-total=0 null-skips-total=0
[08:24:44] [info] backdrop cache: thrashing-detect engaged (streak=4, route=direct)
[08:24:44] [info] flip-probe: flip #800 ok=true present=4ms inter_flip_ms=48 drawcalls-since-flip=34 drawcalls-total=65232 fail-total=0 null-skips-total=0
[08:24:44] [info] alpha audit block 0: 5149 total drawcalls, 0 with alpha<255 (block pct_x10=0; global 0/58924 pct_x10=0); alpha-mod skipped: block=0 global=0
[08:24:44] [info] fastpath audit block 0: taken=5149 (idx8=5149) skipped=0 pct_x10=1000; global taken=58924 (idx8=58924) skipped=0 pct_x10=1000
[08:24:44] [info] primitive tally block 0: clear=202(hr=202) fill=0(hr=0) rect=0(hr=0) line=0(hr=0) tint=0 spotlight=0 (over 100 flips ending at flip 800)
[08:24:44] [info] color/alpha audit block 0: cmod_white=333 cmod_black=333 (idx=333) cmod_general=0 (idx=0) cmod_fb=0; alpha_taken=0 alpha_skipped=0 (global cmod=6519/5013/693/0 idx=5013/693 alpha=0/0)
[08:24:44] [info] phase timing block 0: drawcalls=6051 dc_total_ms=1299 flip_inner_total_ms=516 inter_flip_total_ms=6435 (per-flip avg x10: dc_ms=129 fi_ms=51 if_ms=643 derived audio+engine_ms=463; per-drawcall avg us_x10=2147) [direct-vesa: presents=100 total_ms=376 avg_ms_x10=37 failed=0] [ablation: NO_DC_TIMING=0 CACHE_WINSURF=0 DIRECT_VESA=1]
[08:24:44] [info] kbd/audio block 0: kbd_irq=0 kbd_drain=0 ring_chunks=16 pump_pass=2178 pic1_mask=0xb8 first_irq_ticks=0 install_ticks=0 vector_at_install=0x0084e398 pic1_mask_live=0xb8 kbd_8042_stat=0x34 bios_kbd_head=0x002e bios_kbd_tail=0x002e bios_kbd_buf0=0x3920
[08:24:44] [info] dirty-rect block @flip=800: total_calls=0 dirty_rects_avg=1 dirty_pct_x10=1000 forced_full=0 first_n_force=0 threshold_exceeded=0 dirty_path_taken=0 full_flush_taken=0
[08:24:44] [info] prev-frame-diff block @flip=800: diff_calls=0 diff_rects_avg=0 diff_dirty_pct_x10=0 bbox_pct_x10=0 bbox_thresh_exceeded=0
[08:24:45] [info] flip-probe: flip #810 ok=true present=4ms inter_flip_ms=51 drawcalls-since-flip=31 drawcalls-total=65560 fail-total=0 null-skips-total=0
[08:24:45] [info] flip-probe: flip #820 ok=true present=4ms inter_flip_ms=50 drawcalls-since-flip=32 drawcalls-total=65878 fail-total=0 null-skips-total=0
[08:24:46] [info] flip-probe: flip #830 ok=true present=4ms inter_flip_ms=52 drawcalls-since-flip=32 drawcalls-total=66214 fail-total=0 null-skips-total=0
[08:24:46] [info] tas: stall frame 265 ms -> contributing 1 tick (patch 0286)
[08:24:46] [info] flip-probe: flip #840 ok=true present=4ms inter_flip_ms=51 drawcalls-since-flip=33 drawcalls-total=66551 fail-total=0 null-skips-total=0
[08:24:47] [info] flip-probe: flip #850 ok=true present=3ms inter_flip_ms=53 drawcalls-since-flip=35 drawcalls-total=66894 fail-total=0 null-skips-total=0
[08:24:47] [info] backdrop cache: thrashing-detect engaged (streak=64, route=direct)
[08:24:48] [info] flip-probe: flip #860 ok=true present=4ms inter_flip_ms=54 drawcalls-since-flip=36 drawcalls-total=67245 fail-total=0 null-skips-total=0
[08:24:48] [info] flip-probe: flip #870 ok=true present=4ms inter_flip_ms=49 drawcalls-since-flip=35 drawcalls-total=67599 fail-total=0 null-skips-total=0
[08:24:49] [info] flip-probe: flip #880 ok=true present=3ms inter_flip_ms=51 drawcalls-since-flip=34 drawcalls-total=67949 fail-total=0 null-skips-total=0
[08:24:49] [info] flip-probe: flip #890 ok=true present=4ms inter_flip_ms=50 drawcalls-since-flip=14 drawcalls-total=68156 fail-total=0 null-skips-total=0
[08:24:50] [info] flip-probe: flip #900 ok=true present=4ms inter_flip_ms=46 drawcalls-since-flip=14 drawcalls-total=68296 fail-total=0 null-skips-total=0
[08:24:50] [info] alpha audit block 0: 2217 total drawcalls, 0 with alpha<255 (block pct_x10=0; global 0/61141 pct_x10=0); alpha-mod skipped: block=0 global=0
[08:24:50] [info] fastpath audit block 0: taken=2217 (idx8=2217) skipped=0 pct_x10=1000; global taken=61141 (idx8=61141) skipped=0 pct_x10=1000
[08:24:50] [info] primitive tally block 0: clear=200(hr=200) fill=0(hr=0) rect=0(hr=0) line=0(hr=0) tint=0 spotlight=0 (over 100 flips ending at flip 900)
[08:24:50] [info] color/alpha audit block 0: cmod_white=747 cmod_black=747 (idx=747) cmod_general=0 (idx=0) cmod_fb=0; alpha_taken=0 alpha_skipped=0 (global cmod=7266/5760/693/0 idx=5760/693 alpha=0/0)
[08:24:50] [info] phase timing block 0: drawcalls=3911 dc_total_ms=827 flip_inner_total_ms=510 inter_flip_total_ms=5465 (per-flip avg x10: dc_ms=82 fi_ms=51 if_ms=546 derived audio+engine_ms=413; per-drawcall avg us_x10=2115) [direct-vesa: presents=100 total_ms=375 avg_ms_x10=37 failed=0] [ablation: NO_DC_TIMING=0 CACHE_WINSURF=0 DIRECT_VESA=1]
[08:24:50] [info] kbd/audio block 0: kbd_irq=0 kbd_drain=0 ring_chunks=16 pump_pass=2439 pic1_mask=0xb8 first_irq_ticks=0 install_ticks=0 vector_at_install=0x0084e398 pic1_mask_live=0xb8 kbd_8042_stat=0x34 bios_kbd_head=0x002e bios_kbd_tail=0x002e bios_kbd_buf0=0x3920
[08:24:50] [info] dirty-rect block @flip=900: total_calls=0 dirty_rects_avg=1 dirty_pct_x10=1000 forced_full=0 first_n_force=0 threshold_exceeded=0 dirty_path_taken=0 full_flush_taken=0
[08:24:50] [info] prev-frame-diff block @flip=900: diff_calls=0 diff_rects_avg=0 diff_dirty_pct_x10=0 bbox_pct_x10=0 bbox_thresh_exceeded=0
[08:24:50] [info] flip-probe: flip #910 ok=true present=4ms inter_flip_ms=44 drawcalls-since-flip=13 drawcalls-total=68428 fail-total=0 null-skips-total=0
[08:24:50] [info] backdrop cache: thrashing-detect engaged (streak=124, route=direct)
[08:24:51] [info] flip-probe: flip #920 ok=true present=4ms inter_flip_ms=45 drawcalls-since-flip=13 drawcalls-total=68558 fail-total=0 null-skips-total=0
[08:24:51] [info] flip-probe: flip #930 ok=true present=4ms inter_flip_ms=44 drawcalls-since-flip=13 drawcalls-total=68688 fail-total=0 null-skips-total=0
[08:24:52] [info] flip-probe: flip #940 ok=true present=4ms inter_flip_ms=47 drawcalls-since-flip=13 drawcalls-total=68818 fail-total=0 null-skips-total=0
[08:24:52] [info] flip-probe: flip #950 ok=true present=4ms inter_flip_ms=44 drawcalls-since-flip=13 drawcalls-total=68948 fail-total=0 null-skips-total=0
[08:24:53] [info] flip-probe: flip #960 ok=true present=4ms inter_flip_ms=47 drawcalls-since-flip=13 drawcalls-total=69078 fail-total=0 null-skips-total=0
[08:24:53] [info] backdrop cache: thrashing-detect engaged (streak=4, route=direct)
[08:24:53] [info] flip-probe: flip #970 ok=true present=4ms inter_flip_ms=45 drawcalls-since-flip=13 drawcalls-total=69208 fail-total=0 null-skips-total=0
[08:24:53] [info] flip-probe: flip #980 ok=true present=4ms inter_flip_ms=45 drawcalls-since-flip=13 drawcalls-total=69338 fail-total=0 null-skips-total=0
[08:24:54] [info] flip-probe: flip #990 ok=true present=4ms inter_flip_ms=45 drawcalls-since-flip=13 drawcalls-total=69468 fail-total=0 null-skips-total=0
[08:24:54] [info] flip-probe: flip #1000 ok=true present=4ms inter_flip_ms=53 drawcalls-since-flip=13 drawcalls-total=69598 fail-total=0 null-skips-total=0
[08:24:54] [info] alpha audit block 0: 1202 total drawcalls, 0 with alpha<255 (block pct_x10=0; global 0/62343 pct_x10=0); alpha-mod skipped: block=0 global=0
[08:24:54] [info] fastpath audit block 0: taken=1202 (idx8=1202) skipped=0 pct_x10=1000; global taken=62343 (idx8=62343) skipped=0 pct_x10=1000
[08:24:54] [info] primitive tally block 0: clear=200(hr=200) fill=0(hr=0) rect=0(hr=0) line=0(hr=0) tint=0 spotlight=0 (over 100 flips ending at flip 1000)
[08:24:54] [info] phase timing block 0: drawcalls=1406 dc_total_ms=635 flip_inner_total_ms=503 inter_flip_total_ms=4863 (per-flip avg x10: dc_ms=63 fi_ms=50 if_ms=486 derived audio+engine_ms=373; per-drawcall avg us_x10=4522) [direct-vesa: presents=100 total_ms=374 avg_ms_x10=37 failed=0] [ablation: NO_DC_TIMING=0 CACHE_WINSURF=0 DIRECT_VESA=1]
[08:24:54] [info] kbd/audio block 0: kbd_irq=0 kbd_drain=0 ring_chunks=16 pump_pass=2683 pic1_mask=0xb8 first_irq_ticks=0 install_ticks=0 vector_at_install=0x0084e398 pic1_mask_live=0xb8 kbd_8042_stat=0x34 bios_kbd_head=0x002e bios_kbd_tail=0x002e bios_kbd_buf0=0x3920
[08:24:54] [info] dirty-rect block @flip=1000: total_calls=0 dirty_rects_avg=1 dirty_pct_x10=1000 forced_full=0 first_n_force=0 threshold_exceeded=0 dirty_path_taken=0 full_flush_taken=0
[08:24:54] [info] prev-frame-diff block @flip=1000: diff_calls=0 diff_rects_avg=0 diff_dirty_pct_x10=0 bbox_pct_x10=0 bbox_thresh_exceeded=0
[08:24:55] [info] run_tick_fixed #2700: heartbeat (loop alive)
[08:24:55] [info] flip-probe: flip #1010 ok=true present=4ms inter_flip_ms=69 drawcalls-since-flip=198 drawcalls-total=70148 fail-total=0 null-skips-total=0
[08:24:55] [info]  >> Entering stage 11: 'Mimiga Village'.
[08:24:55] [info] [skip-sheet-flush] cave=7
[08:24:56] [info] [load-stage] preloading entry music song=9 (cave=7)
[08:24:56] [info] gameloop: entered (curmap=11, running=1)
[08:24:56] [info] gameloop: iter 1 ticks=77708 mapno=-1
[08:24:56] [info] mds-clear-lut: rebuilt N=240 entries (k_skip=0% k_keep=100%; curmap=11 map_size=60x60; rebuild #5 since boot)
[08:24:56] [info] gameloop: iter 2 ticks=77827 mapno=-1
[08:24:56] [info] gameloop: iter 3 ticks=77935 mapno=-1
[08:24:57] [info] flip-probe: flip #1020 ok=true present=4ms inter_flip_ms=97 drawcalls-since-flip=317 drawcalls-total=72994 fail-total=0 null-skips-total=0
[08:24:57] [info] flip-probe: flip #1030 ok=true present=4ms inter_flip_ms=55 drawcalls-since-flip=42 drawcalls-total=73794 fail-total=0 null-skips-total=0
[08:24:58] [info] flip-probe: flip #1040 ok=true present=3ms inter_flip_ms=55 drawcalls-since-flip=42 drawcalls-total=74214 fail-total=0 null-skips-total=0
[08:24:58] [info] flip-probe: flip #1050 ok=true present=4ms inter_flip_ms=60 drawcalls-since-flip=54 drawcalls-total=74690 fail-total=0 null-skips-total=0
[08:24:59] [info] backdrop cache: thrashing-detect engaged (streak=4, route=direct)
[08:24:59] [info] flip-probe: flip #1060 ok=true present=4ms inter_flip_ms=56 drawcalls-since-flip=46 drawcalls-total=75184 fail-total=0 null-skips-total=0
[08:25:00] [info] flip-probe: flip #1070 ok=true present=4ms inter_flip_ms=57 drawcalls-since-flip=42 drawcalls-total=75620 fail-total=0 null-skips-total=0
[08:25:00] [info] flip-probe: flip #1080 ok=true present=4ms inter_flip_ms=57 drawcalls-since-flip=43 drawcalls-total=76049 fail-total=0 null-skips-total=0
[08:25:01] [info] flip-probe: flip #1090 ok=true present=4ms inter_flip_ms=57 drawcalls-since-flip=45 drawcalls-total=76490 fail-total=0 null-skips-total=0
[08:25:01] [info] flip-probe: flip #1100 ok=true present=4ms inter_flip_ms=57 drawcalls-since-flip=44 drawcalls-total=76931 fail-total=0 null-skips-total=0
[08:25:01] [info] alpha audit block 0: 6141 total drawcalls, 0 with alpha<255 (block pct_x10=0; global 0/68484 pct_x10=0); alpha-mod skipped: block=0 global=0
[08:25:01] [info] fastpath audit block 0: taken=6141 (idx8=6141) skipped=0 pct_x10=1000; global taken=68484 (idx8=68484) skipped=0 pct_x10=1000
[08:25:01] [info] primitive tally block 0: clear=201(hr=201) fill=0(hr=0) rect=0(hr=0) line=0(hr=0) tint=0 spotlight=0 (over 100 flips ending at flip 1100)
[08:25:01] [info] color/alpha audit block 0: cmod_white=1092 cmod_black=1092 (idx=1092) cmod_general=0 (idx=0) cmod_fb=0; alpha_taken=0 alpha_skipped=0 (global cmod=8358/6852/693/0 idx=6852/693 alpha=0/0)
[08:25:01] [info] phase timing block 0: drawcalls=8563 dc_total_ms=1530 flip_inner_total_ms=505 inter_flip_total_ms=6931 (per-flip avg x10: dc_ms=153 fi_ms=50 if_ms=693 derived audio+engine_ms=490; per-drawcall avg us_x10=1787) [direct-vesa: presents=100 total_ms=375 avg_ms_x10=37 failed=0] [ablation: NO_DC_TIMING=0 CACHE_WINSURF=0 DIRECT_VESA=1]
[08:25:01] [info] kbd/audio block 0: kbd_irq=0 kbd_drain=0 ring_chunks=16 pump_pass=2990 pic1_mask=0xb8 first_irq_ticks=0 install_ticks=0 vector_at_install=0x0084e398 pic1_mask_live=0xb8 kbd_8042_stat=0x34 bios_kbd_head=0x002e bios_kbd_tail=0x002e bios_kbd_buf0=0x3920
[08:25:01] [info] dirty-rect block @flip=1100: total_calls=0 dirty_rects_avg=1 dirty_pct_x10=1000 forced_full=0 first_n_force=0 threshold_exceeded=0 dirty_path_taken=0 full_flush_taken=0
[08:25:01] [info] prev-frame-diff block @flip=1100: diff_calls=0 diff_rects_avg=0 diff_dirty_pct_x10=0 bbox_pct_x10=0 bbox_thresh_exceeded=0
[08:25:02] [info] flip-probe: flip #1110 ok=true present=4ms inter_flip_ms=57 drawcalls-since-flip=44 drawcalls-total=77371 fail-total=0 null-skips-total=0
[08:25:02] [info] backdrop cache: thrashing-detect engaged (streak=64, route=direct)
[08:25:03] [info] flip-probe: flip #1120 ok=true present=4ms inter_flip_ms=53 drawcalls-since-flip=44 drawcalls-total=77811 fail-total=0 null-skips-total=0
[08:25:03] [info] flip-probe: flip #1130 ok=true present=4ms inter_flip_ms=56 drawcalls-since-flip=43 drawcalls-total=78244 fail-total=0 null-skips-total=0
[08:25:04] [info] flip-probe: flip #1140 ok=true present=4ms inter_flip_ms=53 drawcalls-since-flip=16 drawcalls-total=78568 fail-total=0 null-skips-total=0
[08:25:04] [info] flip-probe: flip #1150 ok=true present=3ms inter_flip_ms=50 drawcalls-since-flip=16 drawcalls-total=78728 fail-total=0 null-skips-total=0
[08:25:05] [info] flip-probe: flip #1160 ok=true present=3ms inter_flip_ms=51 drawcalls-since-flip=18 drawcalls-total=78902 fail-total=0 null-skips-total=0
[08:25:05] [info] flip-probe: flip #1170 ok=true present=4ms inter_flip_ms=54 drawcalls-since-flip=18 drawcalls-total=79082 fail-total=0 null-skips-total=0
[08:25:05] [info] backdrop cache: thrashing-detect engaged (streak=124, route=direct)
[08:25:06] [info] flip-probe: flip #1180 ok=true present=4ms inter_flip_ms=53 drawcalls-since-flip=17 drawcalls-total=79258 fail-total=0 null-skips-total=0
[08:25:06] [info] flip-probe: flip #1190 ok=true present=4ms inter_flip_ms=50 drawcalls-since-flip=16 drawcalls-total=79423 fail-total=0 null-skips-total=0
[08:25:07] [info] flip-probe: flip #1200 ok=true present=4ms inter_flip_ms=51 drawcalls-since-flip=17 drawcalls-total=79592 fail-total=0 null-skips-total=0
[08:25:07] [info] alpha audit block 0: 2093 total drawcalls, 0 with alpha<255 (block pct_x10=0; global 0/70577 pct_x10=0); alpha-mod skipped: block=0 global=0
[08:25:07] [info] fastpath audit block 0: taken=2093 (idx8=2093) skipped=0 pct_x10=1000; global taken=70577 (idx8=70577) skipped=0 pct_x10=1000
[08:25:07] [info] primitive tally block 0: clear=200(hr=200) fill=0(hr=0) rect=0(hr=0) line=0(hr=0) tint=0 spotlight=0 (over 100 flips ending at flip 1200)
[08:25:07] [info] color/alpha audit block 0: cmod_white=468 cmod_black=468 (idx=468) cmod_general=0 (idx=0) cmod_fb=0; alpha_taken=0 alpha_skipped=0 (global cmod=8826/7320/693/0 idx=7320/693 alpha=0/0)
[08:25:07] [info] phase timing block 0: drawcalls=3229 dc_total_ms=809 flip_inner_total_ms=506 inter_flip_total_ms=5488 (per-flip avg x10: dc_ms=80 fi_ms=50 if_ms=548 derived audio+engine_ms=418; per-drawcall avg us_x10=2507) [direct-vesa: presents=100 total_ms=371 avg_ms_x10=37 failed=0] [ablation: NO_DC_TIMING=0 CACHE_WINSURF=0 DIRECT_VESA=1]
[08:25:07] [info] kbd/audio block 0: kbd_irq=0 kbd_drain=0 ring_chunks=16 pump_pass=3264 pic1_mask=0xb8 first_irq_ticks=0 install_ticks=0 vector_at_install=0x0084e398 pic1_mask_live=0xb8 kbd_8042_stat=0x34 bios_kbd_head=0x002e bios_kbd_tail=0x002e bios_kbd_buf0=0x3920
[08:25:07] [info] dirty-rect block @flip=1200: total_calls=0 dirty_rects_avg=1 dirty_pct_x10=1000 forced_full=0 first_n_force=0 threshold_exceeded=0 dirty_path_taken=0 full_flush_taken=0
[08:25:07] [info] prev-frame-diff block @flip=1200: diff_calls=0 diff_rects_avg=0 diff_dirty_pct_x10=0 bbox_pct_x10=0 bbox_thresh_exceeded=0
[08:25:07] [info] flip-probe: flip #1210 ok=true present=4ms inter_flip_ms=51 drawcalls-since-flip=18 drawcalls-total=79769 fail-total=0 null-skips-total=0
[08:25:08] [info] run_tick_fixed #3300: heartbeat (loop alive)
[08:25:08] [info] flip-probe: flip #1220 ok=true present=4ms inter_flip_ms=53 drawcalls-since-flip=18 drawcalls-total=79949 fail-total=0 null-skips-total=0
[08:25:08] [info] tas: stall frame 275 ms -> contributing 1 tick (patch 0286)
[08:25:09] [info] flip-probe: flip #1230 ok=true present=4ms inter_flip_ms=51 drawcalls-since-flip=20 drawcalls-total=80136 fail-total=0 null-skips-total=0
[08:25:09] [info] backdrop cache: thrashing-detect engaged (streak=184, route=direct)
[08:25:09] [info] flip-probe: flip #1240 ok=true present=4ms inter_flip_ms=48 drawcalls-since-flip=20 drawcalls-total=80336 fail-total=0 null-skips-total=0
[08:25:10] [info] flip-probe: flip #1250 ok=true present=4ms inter_flip_ms=53 drawcalls-since-flip=16 drawcalls-total=80529 fail-total=0 null-skips-total=0
[08:25:10] [info] flip-probe: flip #1260 ok=true present=4ms inter_flip_ms=50 drawcalls-since-flip=16 drawcalls-total=80689 fail-total=0 null-skips-total=0
[08:25:11] [info] flip-probe: flip #1270 ok=true present=4ms inter_flip_ms=54 drawcalls-since-flip=17 drawcalls-total=80850 fail-total=0 null-skips-total=0
[08:25:11] [info] flip-probe: flip #1280 ok=true present=4ms inter_flip_ms=50 drawcalls-since-flip=17 drawcalls-total=81022 fail-total=0 null-skips-total=0
[08:25:12] [info] flip-probe: flip #1290 ok=true present=4ms inter_flip_ms=51 drawcalls-since-flip=15 drawcalls-total=81180 fail-total=0 null-skips-total=0
[08:25:12] [info] backdrop cache: thrashing-detect engaged (streak=244, route=direct)
[08:25:12] [info] flip-probe: flip #1300 ok=true present=4ms inter_flip_ms=52 drawcalls-since-flip=16 drawcalls-total=81335 fail-total=0 null-skips-total=0
[08:25:12] [info] alpha audit block 0: 1643 total drawcalls, 0 with alpha<255 (block pct_x10=0; global 0/72220 pct_x10=0); alpha-mod skipped: block=0 global=0
[08:25:12] [info] fastpath audit block 0: taken=1643 (idx8=1643) skipped=0 pct_x10=1000; global taken=72220 (idx8=72220) skipped=0 pct_x10=1000
[08:25:12] [info] primitive tally block 0: clear=200(hr=200) fill=0(hr=0) rect=0(hr=0) line=0(hr=0) tint=0 spotlight=0 (over 100 flips ending at flip 1300)
[08:25:12] [info] phase timing block 0: drawcalls=1843 dc_total_ms=698 flip_inner_total_ms=708 inter_flip_total_ms=5606 (per-flip avg x10: dc_ms=69 fi_ms=70 if_ms=560 derived audio+engine_ms=421; per-drawcall avg us_x10=3788) [direct-vesa: presents=100 total_ms=374 avg_ms_x10=37 failed=0] [ablation: NO_DC_TIMING=0 CACHE_WINSURF=0 DIRECT_VESA=1]
[08:25:12] [info] kbd/audio block 0: kbd_irq=0 kbd_drain=0 ring_chunks=16 pump_pass=3532 pic1_mask=0xb8 first_irq_ticks=0 install_ticks=0 vector_at_install=0x0084e398 pic1_mask_live=0xb8 kbd_8042_stat=0x34 bios_kbd_head=0x002e bios_kbd_tail=0x002e bios_kbd_buf0=0x3920
[08:25:12] [info] dirty-rect block @flip=1300: total_calls=0 dirty_rects_avg=1 dirty_pct_x10=1000 forced_full=0 first_n_force=0 threshold_exceeded=0 dirty_path_taken=0 full_flush_taken=0
[08:25:12] [info] prev-frame-diff block @flip=1300: diff_calls=0 diff_rects_avg=0 diff_dirty_pct_x10=0 bbox_pct_x10=0 bbox_thresh_exceeded=0
[08:25:13] [info] flip-probe: flip #1310 ok=true present=3ms inter_flip_ms=55 drawcalls-since-flip=19 drawcalls-total=81517 fail-total=0 null-skips-total=0
[08:25:14] [info] flip-probe: flip #1320 ok=true present=4ms inter_flip_ms=53 drawcalls-since-flip=17 drawcalls-total=81700 fail-total=0 null-skips-total=0
[08:25:14] [info] run_tick_fixed #3600: heartbeat (loop alive)
[08:25:14] [info] flip-probe: flip #1330 ok=true present=4ms inter_flip_ms=58 drawcalls-since-flip=7 drawcalls-total=83567 fail-total=0 null-skips-total=0
[08:25:14] [info]  >> Entering stage 19: 'Assembly Hall'.
[08:25:14] [info] [skip-sheet-flush] cave=8
[08:25:15] [info] [load-stage] preloading entry music song=9 (cave=8)
[08:25:15] [info] gameloop: entered (curmap=19, running=1)
[08:25:15] [info] gameloop: iter 1 ticks=96953 mapno=-1
[08:25:15] [info] mds-clear-lut: rebuilt N=240 entries (k_skip=100% k_keep=0%; curmap=19 map_size=21x16; rebuild #6 since boot)
[08:25:16] [info] gameloop: iter 2 ticks=97076 mapno=-1
[08:25:16] [info] gameloop: iter 3 ticks=97185 mapno=-1
[08:25:16] [info] flip-probe: flip #1340 ok=true present=3ms inter_flip_ms=49 drawcalls-since-flip=111 drawcalls-total=86381 fail-total=0 null-skips-total=0
[08:25:17] [info] flip-probe: flip #1350 ok=true present=4ms inter_flip_ms=52 drawcalls-since-flip=121 drawcalls-total=87591 fail-total=0 null-skips-total=0
[08:25:17] [info] flip-probe: flip #1360 ok=true present=4ms inter_flip_ms=53 drawcalls-since-flip=123 drawcalls-total=88803 fail-total=0 null-skips-total=0
[08:25:18] [info] flip-probe: flip #1370 ok=true present=4ms inter_flip_ms=53 drawcalls-since-flip=122 drawcalls-total=90033 fail-total=0 null-skips-total=0
[08:25:18] [info] flip-probe: flip #1380 ok=true present=4ms inter_flip_ms=52 drawcalls-since-flip=122 drawcalls-total=91253 fail-total=0 null-skips-total=0
[08:25:19] [info] flip-probe: flip #1390 ok=true present=4ms inter_flip_ms=54 drawcalls-since-flip=121 drawcalls-total=92464 fail-total=0 null-skips-total=0
[08:25:19] [info] flip-probe: flip #1400 ok=true present=3ms inter_flip_ms=51 drawcalls-since-flip=121 drawcalls-total=93674 fail-total=0 null-skips-total=0
[08:25:19] [info] alpha audit block 0: 11411 total drawcalls, 0 with alpha<255 (block pct_x10=0; global 0/83631 pct_x10=0); alpha-mod skipped: block=0 global=0
[08:25:19] [info] fastpath audit block 0: taken=11411 (idx8=11411) skipped=0 pct_x10=1000; global taken=83631 (idx8=83631) skipped=0 pct_x10=1000
[08:25:19] [info] primitive tally block 0: clear=202(hr=202) fill=0(hr=0) rect=0(hr=0) line=0(hr=0) tint=0 spotlight=0 (over 100 flips ending at flip 1400)
[08:25:19] [info] color/alpha audit block 0: cmod_white=828 cmod_black=828 (idx=828) cmod_general=0 (idx=0) cmod_fb=0; alpha_taken=0 alpha_skipped=0 (global cmod=9654/8148/693/0 idx=8148/693 alpha=0/0)
[08:25:19] [info] phase timing block 0: drawcalls=13338 dc_total_ms=1716 flip_inner_total_ms=519 inter_flip_total_ms=6949 (per-flip avg x10: dc_ms=171 fi_ms=51 if_ms=694 derived audio+engine_ms=472; per-drawcall avg us_x10=1287) [direct-vesa: presents=100 total_ms=374 avg_ms_x10=37 failed=0] [ablation: NO_DC_TIMING=0 CACHE_WINSURF=0 DIRECT_VESA=1]
[08:25:19] [info] kbd/audio block 0: kbd_irq=0 kbd_drain=0 ring_chunks=16 pump_pass=3825 pic1_mask=0xb8 first_irq_ticks=0 install_ticks=0 vector_at_install=0x0084e398 pic1_mask_live=0xb8 kbd_8042_stat=0x34 bios_kbd_head=0x002e bios_kbd_tail=0x002e bios_kbd_buf0=0x3920
[08:25:19] [info] dirty-rect block @flip=1400: total_calls=0 dirty_rects_avg=1 dirty_pct_x10=1000 forced_full=0 first_n_force=0 threshold_exceeded=0 dirty_path_taken=0 full_flush_taken=0
[08:25:19] [info] prev-frame-diff block @flip=1400: diff_calls=0 diff_rects_avg=0 diff_dirty_pct_x10=0 bbox_pct_x10=0 bbox_thresh_exceeded=0
[08:25:20] [info] flip-probe: flip #1410 ok=true present=4ms inter_flip_ms=50 drawcalls-since-flip=121 drawcalls-total=94884 fail-total=0 null-skips-total=0
[08:25:21] [info]  >> Entering stage 11: 'Mimiga Village'.
[08:25:21] [info] [skip-sheet-flush] cave=9
[08:25:22] [info] [load-stage] preloading entry music song=9 (cave=9)
[08:25:22] [info] gameloop: entered (curmap=11, running=1)
[08:25:22] [info] gameloop: iter 1 ticks=103257 mapno=-1
[08:25:22] [info] mds-clear-lut: rebuilt N=240 entries (k_skip=0% k_keep=100%; curmap=11 map_size=60x60; rebuild #7 since boot)
[08:25:22] [info] flip-probe: flip #1420 ok=true present=4ms inter_flip_ms=1157 drawcalls-since-flip=384 drawcalls-total=98201 fail-total=0 null-skips-total=0
[08:25:22] [info] gameloop: iter 2 ticks=103394 mapno=-1
[08:25:22] [info] gameloop: iter 3 ticks=103510 mapno=-1
[08:25:22] [info] backdrop cache: thrashing-detect engaged (streak=4, route=direct)
[08:25:23] [info] flip-probe: flip #1430 ok=true present=4ms inter_flip_ms=58 drawcalls-since-flip=42 drawcalls-total=99997 fail-total=0 null-skips-total=0
[08:25:23] [info] flip-probe: flip #1440 ok=true present=4ms inter_flip_ms=60 drawcalls-since-flip=44 drawcalls-total=100444 fail-total=0 null-skips-total=0
[08:25:24] [info] flip-probe: flip #1450 ok=true present=4ms inter_flip_ms=59 drawcalls-since-flip=42 drawcalls-total=100860 fail-total=0 null-skips-total=0
[08:25:25] [info] flip-probe: flip #1460 ok=true present=4ms inter_flip_ms=56 drawcalls-since-flip=44 drawcalls-total=101290 fail-total=0 null-skips-total=0
[08:25:25] [info] flip-probe: flip #1470 ok=true present=3ms inter_flip_ms=59 drawcalls-since-flip=42 drawcalls-total=101713 fail-total=0 null-skips-total=0
[08:25:26] [info] flip-probe: flip #1480 ok=true present=4ms inter_flip_ms=59 drawcalls-since-flip=44 drawcalls-total=102157 fail-total=0 null-skips-total=0
[08:25:26] [info] backdrop cache: thrashing-detect engaged (streak=64, route=direct)
[08:25:26] [info] flip-probe: flip #1490 ok=true present=4ms inter_flip_ms=58 drawcalls-since-flip=43 drawcalls-total=102593 fail-total=0 null-skips-total=0
[08:25:27] [info] flip-probe: flip #1500 ok=true present=4ms inter_flip_ms=58 drawcalls-since-flip=42 drawcalls-total=103022 fail-total=0 null-skips-total=0
[08:25:27] [info] alpha audit block 0: 7967 total drawcalls, 0 with alpha<255 (block pct_x10=0; global 0/91598 pct_x10=0); alpha-mod skipped: block=0 global=0
[08:25:27] [info] fastpath audit block 0: taken=7967 (idx8=7967) skipped=0 pct_x10=1000; global taken=91598 (idx8=91598) skipped=0 pct_x10=1000
[08:25:27] [info] primitive tally block 0: clear=201(hr=201) fill=0(hr=0) rect=0(hr=0) line=0(hr=0) tint=0 spotlight=0 (over 100 flips ending at flip 1500)
[08:25:27] [info] color/alpha audit block 0: cmod_white=1281 cmod_black=1281 (idx=1281) cmod_general=0 (idx=0) cmod_fb=0; alpha_taken=0 alpha_skipped=0 (global cmod=10935/9429/693/0 idx=9429/693 alpha=0/0)
[08:25:27] [info] phase timing block 0: drawcalls=10754 dc_total_ms=1535 flip_inner_total_ms=508 inter_flip_total_ms=7479 (per-flip avg x10: dc_ms=153 fi_ms=50 if_ms=747 derived audio+engine_ms=544; per-drawcall avg us_x10=1427) [direct-vesa: presents=100 total_ms=374 avg_ms_x10=37 failed=0] [ablation: NO_DC_TIMING=0 CACHE_WINSURF=0 DIRECT_VESA=1]
[08:25:27] [info] kbd/audio block 0: kbd_irq=0 kbd_drain=0 ring_chunks=16 pump_pass=4140 pic1_mask=0xb8 first_irq_ticks=0 install_ticks=0 vector_at_install=0x0084e398 pic1_mask_live=0xb8 kbd_8042_stat=0x34 bios_kbd_head=0x002e bios_kbd_tail=0x002e bios_kbd_buf0=0x3920
[08:25:27] [info] dirty-rect block @flip=1500: total_calls=0 dirty_rects_avg=1 dirty_pct_x10=1000 forced_full=0 first_n_force=0 threshold_exceeded=0 dirty_path_taken=0 full_flush_taken=0
[08:25:27] [info] prev-frame-diff block @flip=1500: diff_calls=0 diff_rects_avg=0 diff_dirty_pct_x10=0 bbox_pct_x10=0 bbox_thresh_exceeded=0
[08:25:27] [info] flip-probe: flip #1510 ok=true present=3ms inter_flip_ms=59 drawcalls-since-flip=42 drawcalls-total=103442 fail-total=0 null-skips-total=0
[08:25:28] [info] flip-probe: flip #1520 ok=true present=3ms inter_flip_ms=57 drawcalls-since-flip=43 drawcalls-total=103867 fail-total=0 null-skips-total=0
[08:25:29] [info] flip-probe: flip #1530 ok=true present=4ms inter_flip_ms=59 drawcalls-since-flip=45 drawcalls-total=104301 fail-total=0 null-skips-total=0
[08:25:29] [info] flip-probe: flip #1540 ok=true present=4ms inter_flip_ms=55 drawcalls-since-flip=15 drawcalls-total=104709 fail-total=0 null-skips-total=0
[08:25:29] [info] backdrop cache: thrashing-detect engaged (streak=124, route=direct)
[08:25:30] [info] flip-probe: flip #1550 ok=true present=4ms inter_flip_ms=55 drawcalls-since-flip=14 drawcalls-total=104851 fail-total=0 null-skips-total=0
[08:25:31] [info] flip-probe: flip #1560 ok=true present=4ms inter_flip_ms=106 drawcalls-since-flip=356 drawcalls-total=106877 fail-total=0 null-skips-total=0
[08:25:31] [info]  >> Entering stage 14: 'Shack'.
[08:25:31] [info] [skip-sheet-flush] cave=10
[08:25:31] [info] [load-stage] preloading entry music song=8 (cave=10)
[08:25:31] [info] [music-dispatch] tick=4328 song=8 (prev 9)
[08:25:31] [info] opl2 backend: on_song_stop
[08:25:31] [info] MidiScheduler::load: parsed 'data/orgmid2/vivi.mid' = 4558 events at 48 PPQ
[08:25:31] [info] opl2 backend: on_song_start
[08:25:32] [info] gameloop: entered (curmap=14, running=1)
[08:25:32] [info] gameloop: iter 1 ticks=113198 mapno=-1
[08:25:32] [info] gameloop: iter 2 ticks=113292 mapno=-1
[08:25:32] [info] gameloop: iter 3 ticks=113393 mapno=-1
[08:25:32] [info] flip-probe: flip #1570 ok=true present=4ms inter_flip_ms=39 drawcalls-since-flip=17 drawcalls-total=108902 fail-total=0 null-skips-total=0
[08:25:33] [info] flip-probe: flip #1580 ok=true present=4ms inter_flip_ms=40 drawcalls-since-flip=23 drawcalls-total=109122 fail-total=0 null-skips-total=0
[08:25:33] [info] flip-probe: flip #1590 ok=true present=4ms inter_flip_ms=41 drawcalls-since-flip=23 drawcalls-total=109352 fail-total=0 null-skips-total=0
[08:25:34] [info] flip-probe: flip #1600 ok=true present=3ms inter_flip_ms=43 drawcalls-since-flip=26 drawcalls-total=109595 fail-total=0 null-skips-total=0
[08:25:34] [info] alpha audit block 0: 5810 total drawcalls, 0 with alpha<255 (block pct_x10=0; global 0/97408 pct_x10=0); alpha-mod skipped: block=0 global=0
[08:25:34] [info] fastpath audit block 0: taken=5810 (idx8=5810) skipped=0 pct_x10=1000; global taken=97408 (idx8=97408) skipped=0 pct_x10=1000
[08:25:34] [info] primitive tally block 0: clear=201(hr=201) fill=0(hr=0) rect=0(hr=0) line=0(hr=0) tint=0 spotlight=0 (over 100 flips ending at flip 1600)
[08:25:34] [info] color/alpha audit block 0: cmod_white=702 cmod_black=702 (idx=702) cmod_general=0 (idx=0) cmod_fb=0; alpha_taken=0 alpha_skipped=0 (global cmod=11637/10131/693/0 idx=10131/693 alpha=0/0)
[08:25:34] [info] phase timing block 0: drawcalls=7415 dc_total_ms=1208 flip_inner_total_ms=505 inter_flip_total_ms=6742 (per-flip avg x10: dc_ms=120 fi_ms=50 if_ms=674 derived audio+engine_ms=504; per-drawcall avg us_x10=1629) [direct-vesa: presents=100 total_ms=372 avg_ms_x10=37 failed=0] [ablation: NO_DC_TIMING=0 CACHE_WINSURF=0 DIRECT_VESA=1]
[08:25:34] [info] kbd/audio block 0: kbd_irq=0 kbd_drain=0 ring_chunks=16 pump_pass=4423 pic1_mask=0xb8 first_irq_ticks=0 install_ticks=0 vector_at_install=0x0084e398 pic1_mask_live=0xb8 kbd_8042_stat=0x34 bios_kbd_head=0x002e bios_kbd_tail=0x002e bios_kbd_buf0=0x3920
[08:25:34] [info] dirty-rect block @flip=1600: total_calls=0 dirty_rects_avg=1 dirty_pct_x10=1000 forced_full=0 first_n_force=0 threshold_exceeded=0 dirty_path_taken=0 full_flush_taken=0
[08:25:34] [info] prev-frame-diff block @flip=1600: diff_calls=0 diff_rects_avg=0 diff_dirty_pct_x10=0 bbox_pct_x10=0 bbox_thresh_exceeded=0
[08:25:34] [info] flip-probe: flip #1610 ok=true present=4ms inter_flip_ms=43 drawcalls-since-flip=23 drawcalls-total=109847 fail-total=0 null-skips-total=0
[08:25:35] [info] flip-probe: flip #1620 ok=true present=4ms inter_flip_ms=40 drawcalls-since-flip=23 drawcalls-total=110077 fail-total=0 null-skips-total=0
[08:25:35] [info] flip-probe: flip #1630 ok=true present=4ms inter_flip_ms=40 drawcalls-since-flip=23 drawcalls-total=110307 fail-total=0 null-skips-total=0
[08:25:35] [info] flip-probe: flip #1640 ok=true present=4ms inter_flip_ms=41 drawcalls-since-flip=23 drawcalls-total=110537 fail-total=0 null-skips-total=0
[08:25:36] [info] flip-probe: flip #1650 ok=true present=4ms inter_flip_ms=40 drawcalls-since-flip=23 drawcalls-total=110767 fail-total=0 null-skips-total=0
[08:25:36] [info] flip-probe: flip #1660 ok=true present=4ms inter_flip_ms=40 drawcalls-since-flip=23 drawcalls-total=110997 fail-total=0 null-skips-total=0
[08:25:37] [info] flip-probe: flip #1670 ok=true present=4ms inter_flip_ms=41 drawcalls-since-flip=23 drawcalls-total=111227 fail-total=0 null-skips-total=0
[08:25:37] [info] flip-probe: flip #1680 ok=true present=4ms inter_flip_ms=48 drawcalls-since-flip=13 drawcalls-total=113391 fail-total=0 null-skips-total=0
[08:25:37] [info]  >> Entering stage 11: 'Mimiga Village'.
[08:25:37] [info] [skip-sheet-flush] cave=11
[08:25:38] [info] [load-stage] preloading entry music song=9 (cave=11)
[08:25:38] [info] [music-dispatch] tick=4609 song=9 (prev 8)
[08:25:38] [info] opl2 backend: on_song_stop
[08:25:38] [info] MidiScheduler::load: parsed 'data/orgmid2/mura.mid' = 2863 events at 48 PPQ
[08:25:38] [info] opl2 backend: on_song_start
[08:25:38] [info] gameloop: entered (curmap=11, running=1)
[08:25:38] [info] gameloop: iter 1 ticks=119714 mapno=-1
[08:25:38] [info] gameloop: iter 2 ticks=119826 mapno=-1
[08:25:39] [info] tas: stall frame 330 ms -> contributing 1 tick (patch 0286)
[08:25:39] [info] gameloop: iter 3 ticks=120168 mapno=-1
[08:25:39] [info] backdrop cache: thrashing-detect engaged (streak=4, route=direct)
[08:25:39] [info] flip-probe: flip #1690 ok=true present=4ms inter_flip_ms=60 drawcalls-since-flip=40 drawcalls-total=115849 fail-total=0 null-skips-total=0
[08:25:40] [info] flip-probe: flip #1700 ok=true present=3ms inter_flip_ms=58 drawcalls-since-flip=42 drawcalls-total=116259 fail-total=0 null-skips-total=0
[08:25:40] [info] alpha audit block 0: 5984 total drawcalls, 0 with alpha<255 (block pct_x10=0; global 0/103392 pct_x10=0); alpha-mod skipped: block=0 global=0
[08:25:40] [info] fastpath audit block 0: taken=5984 (idx8=5984) skipped=0 pct_x10=1000; global taken=103392 (idx8=103392) skipped=0 pct_x10=1000
[08:25:40] [info] primitive tally block 0: clear=201(hr=201) fill=0(hr=0) rect=0(hr=0) line=0(hr=0) tint=0 spotlight=0 (over 100 flips ending at flip 1700)
[08:25:40] [info] color/alpha audit block 0: cmod_white=660 cmod_black=660 (idx=660) cmod_general=0 (idx=0) cmod_fb=0; alpha_taken=0 alpha_skipped=0 (global cmod=12297/10791/693/0 idx=10791/693 alpha=0/0)
[08:25:40] [info] phase timing block 0: drawcalls=7511 dc_total_ms=1243 flip_inner_total_ms=510 inter_flip_total_ms=6351 (per-flip avg x10: dc_ms=124 fi_ms=51 if_ms=635 derived audio+engine_ms=460; per-drawcall avg us_x10=1655) [direct-vesa: presents=100 total_ms=374 avg_ms_x10=37 failed=0] [ablation: NO_DC_TIMING=0 CACHE_WINSURF=0 DIRECT_VESA=1]
[08:25:40] [info] kbd/audio block 0: kbd_irq=0 kbd_drain=0 ring_chunks=16 pump_pass=4678 pic1_mask=0xb8 first_irq_ticks=0 install_ticks=0 vector_at_install=0x0084e398 pic1_mask_live=0xb8 kbd_8042_stat=0x34 bios_kbd_head=0x002e bios_kbd_tail=0x002e bios_kbd_buf0=0x3920
[08:25:40] [info] dirty-rect block @flip=1700: total_calls=0 dirty_rects_avg=1 dirty_pct_x10=1000 forced_full=0 first_n_force=0 threshold_exceeded=0 dirty_path_taken=0 full_flush_taken=0
[08:25:40] [info] prev-frame-diff block @flip=1700: diff_calls=0 diff_rects_avg=0 diff_dirty_pct_x10=0 bbox_pct_x10=0 bbox_thresh_exceeded=0
[08:25:41] [info] flip-probe: flip #1710 ok=true present=4ms inter_flip_ms=59 drawcalls-since-flip=45 drawcalls-total=116693 fail-total=0 null-skips-total=0
[08:25:41] [info] flip-probe: flip #1720 ok=true present=4ms inter_flip_ms=54 drawcalls-since-flip=43 drawcalls-total=117147 fail-total=0 null-skips-total=0
[08:25:42] [info] flip-probe: flip #1730 ok=true present=4ms inter_flip_ms=57 drawcalls-since-flip=42 drawcalls-total=117567 fail-total=0 null-skips-total=0
[08:25:42] [info] flip-probe: flip #1740 ok=true present=4ms inter_flip_ms=55 drawcalls-since-flip=45 drawcalls-total=118009 fail-total=0 null-skips-total=0
[08:25:43] [info] backdrop cache: thrashing-detect engaged (streak=64, route=direct)
[08:25:43] [info] flip-probe: flip #1750 ok=true present=4ms inter_flip_ms=57 drawcalls-since-flip=44 drawcalls-total=118449 fail-total=0 null-skips-total=0
[08:25:44] [info] flip-probe: flip #1760 ok=true present=4ms inter_flip_ms=55 drawcalls-since-flip=45 drawcalls-total=118891 fail-total=0 null-skips-total=0
[08:25:44] [info] flip-probe: flip #1770 ok=true present=4ms inter_flip_ms=58 drawcalls-since-flip=44 drawcalls-total=119344 fail-total=0 null-skips-total=0
[08:25:45] [info] flip-probe: flip #1780 ok=true present=3ms inter_flip_ms=58 drawcalls-since-flip=43 drawcalls-total=119777 fail-total=0 null-skips-total=0
[08:25:45] [info] flip-probe: flip #1790 ok=true present=4ms inter_flip_ms=57 drawcalls-since-flip=44 drawcalls-total=120212 fail-total=0 null-skips-total=0
[08:25:46] [info] flip-probe: flip #1800 ok=true present=4ms inter_flip_ms=57 drawcalls-since-flip=46 drawcalls-total=120664 fail-total=0 null-skips-total=0
[08:25:46] [info] alpha audit block 0: 3005 total drawcalls, 0 with alpha<255 (block pct_x10=0; global 0/106397 pct_x10=0); alpha-mod skipped: block=0 global=0
[08:25:46] [info] fastpath audit block 0: taken=3005 (idx8=3005) skipped=0 pct_x10=1000; global taken=106397 (idx8=106397) skipped=0 pct_x10=1000
[08:25:46] [info] primitive tally block 0: clear=200(hr=200) fill=0(hr=0) rect=0(hr=0) line=0(hr=0) tint=0 spotlight=0 (over 100 flips ending at flip 1800)
[08:25:46] [info] color/alpha audit block 0: cmod_white=1300 cmod_black=1300 (idx=1300) cmod_general=0 (idx=0) cmod_fb=0; alpha_taken=0 alpha_skipped=0 (global cmod=13597/12091/693/0 idx=12091/693 alpha=0/0)
[08:25:46] [info] phase timing block 0: drawcalls=5805 dc_total_ms=1020 flip_inner_total_ms=503 inter_flip_total_ms=5857 (per-flip avg x10: dc_ms=102 fi_ms=50 if_ms=585 derived audio+engine_ms=433; per-drawcall avg us_x10=1758) [direct-vesa: presents=100 total_ms=374 avg_ms_x10=37 failed=0] [ablation: NO_DC_TIMING=0 CACHE_WINSURF=0 DIRECT_VESA=1]
[08:25:46] [info] kbd/audio block 0: kbd_irq=0 kbd_drain=0 ring_chunks=16 pump_pass=4971 pic1_mask=0xb8 first_irq_ticks=0 install_ticks=0 vector_at_install=0x0084e398 pic1_mask_live=0xb8 kbd_8042_stat=0x34 bios_kbd_head=0x002e bios_kbd_tail=0x002e bios_kbd_buf0=0x3920
[08:25:46] [info] dirty-rect block @flip=1800: total_calls=0 dirty_rects_avg=1 dirty_pct_x10=1000 forced_full=0 first_n_force=0 threshold_exceeded=0 dirty_path_taken=0 full_flush_taken=0
[08:25:46] [info] prev-frame-diff block @flip=1800: diff_calls=0 diff_rects_avg=0 diff_dirty_pct_x10=0 bbox_pct_x10=0 bbox_thresh_exceeded=0
[08:25:46] [info] backdrop cache: thrashing-detect engaged (streak=124, route=direct)
[08:25:46] [info] flip-probe: flip #1810 ok=true present=4ms inter_flip_ms=53 drawcalls-since-flip=18 drawcalls-total=120854 fail-total=0 null-skips-total=0
[08:25:47] [info] flip-probe: flip #1820 ok=true present=4ms inter_flip_ms=54 drawcalls-since-flip=18 drawcalls-total=121034 fail-total=0 null-skips-total=0
[08:25:47] [info] flip-probe: flip #1830 ok=true present=4ms inter_flip_ms=51 drawcalls-since-flip=18 drawcalls-total=121214 fail-total=0 null-skips-total=0
[08:25:48] [info] flip-probe: flip #1840 ok=true present=4ms inter_flip_ms=54 drawcalls-since-flip=18 drawcalls-total=121394 fail-total=0 null-skips-total=0
[08:25:49] [info] flip-probe: flip #1850 ok=true present=4ms inter_flip_ms=53 drawcalls-since-flip=59 drawcalls-total=121615 fail-total=0 null-skips-total=0
[08:25:49] [info] flip-probe: flip #1860 ok=true present=4ms inter_flip_ms=53 drawcalls-since-flip=59 drawcalls-total=122205 fail-total=0 null-skips-total=0
[08:25:49] [info] backdrop cache: thrashing-detect engaged (streak=184, route=direct)
[08:25:50] [info] flip-probe: flip #1870 ok=true present=4ms inter_flip_ms=53 drawcalls-since-flip=59 drawcalls-total=122795 fail-total=0 null-skips-total=0
[08:25:50] [info] flip-probe: flip #1880 ok=true present=4ms inter_flip_ms=53 drawcalls-since-flip=59 drawcalls-total=123385 fail-total=0 null-skips-total=0
[08:25:50] [info] tas: end-of-replay auto-exit at tick 5140 (recording exhausted; set DOSKUTSU_TAS_REPLAY_HOLD=1 to disable + observe steady-state past recording end)
[08:25:50] [info] Script engine shutdown.
[08:25:50] [info] opl2 backend: on_song_stop
[08:25:50] [info] opl2 backend shutdown (all 9 voices KEY-OFF; 0xBD cleared; chip state safe for next process)
[08:25:50] [info] Organya init...
[08:25:52] [info] Organya init done
[08:25:52] [info] Sound system shutdown
[08:25:52] [info] Renderer::Close()
[08:25:52] [info] tas: replay file closed
[08:25:52] [info] [fps-true] flips=1883 render_s=128 fps_mean=14.7 (clock-independent: flips / seconds since the FIRST flip; use THIS for the fps matrix, not inter_flip medians, which are invalid in any cell running the PIT/IRQ-0 music pump)
[RUNMANIFEST-BEGIN]
schema_version=2
environment=realhw
binary_sha12=UNKNOWN
binary_sha12_src=unknown
build_sha12=1f79ce20e4ee
organya_cache_key=1f79ce20e4ee
wave_tag=5EA
scene=
env_block_sha=ed629f83cce4
started_rtc_local=2026-11-21T06:15:04
duration_s=144
exit_code=0
fps_true_flips=1883
fps_true_render_s=128
reel_ticks=5140
reel_game_seconds=102.8
per_loop_fps=18.3
overhead_s=26
music_pump_active=1
cpu_vendor=GenuineIntel
cpu_have_cpuid=1
cpu_family=4
cpu_model=3
cpu_stepping=5
cpu_mhz_est=49
cpu_has_fpu=1
cpu_class=486_slow
audio_backend=adlib
video_logical_wxh=320x240
video_logical_bpp=8
video_vram_kb=4096
video_lfb_or_banked=lfb
audio_is_sb16=0
audio_dsp_ver=NA
audio_dma_path=8bit-low
audio_force_8bit=0
audio_dma_channel=-1
fps_p50=18.5
fps_p95=11.4
fps_sample_n=188
fps_sample_interval=10
pump_clock_state=pump-timebase-ok
audio_vital_status=NA
regime=NA
banner_required_hit=0
banner_required_total=0
banner_forbidden_hit=0
banner_optional_hit=0
critical_count=0
warn_count=0
perstage_count=12
perstage_00=stage:72 ticks:95 flips:95 fps:50.0
perstage_01=stage:1005 ticks:80 flips:80 fps:50.0
perstage_02=stage:20 ticks:122 flips:54 fps:22.1
perstage_03=stage:11 ticks:455 flips:156 fps:17.1
perstage_04=stage:17 ticks:774 flips:189 fps:12.2
perstage_05=stage:11 ticks:546 flips:188 fps:17.2
perstage_06=stage:15 ticks:663 flips:253 fps:19.0
perstage_07=stage:11 ticks:896 flips:315 fps:17.5
perstage_08=stage:19 ticks:261 flips:88 fps:16.8
perstage_09=stage:11 ticks:436 flips:142 fps:16.2
perstage_10=stage:14 ticks:281 flips:119 fps:21.1
perstage_11=stage:11 ticks:531 flips:203 fps:19.1
[RUNMANIFEST-END]
[08:25:52] [info] [runmanifest-emit] schema=v2 env=realhw binary_sha12=UNKNOWN(unknown) build_sha12=1f79ce20e4ee per_loop_fps=18.3 overhead_s=26 pump=1 dur=144s tag='5EA' scene='' (signals=0x4)
