Logger::init: wave-53 log level=INFO path='LOGS/5P3.LOG'
[08:36:32] [info] config: loaded DOSKUTSU.CFG (4 keys)
[08:36:32] [info] [cpu-witness] vendor=GenuineIntel cpuid=1 family=4 model=3 stepping=5 mhz_est=49 fpu=1 class=486_slow (boot-time attestation of the running CPU; MHZ_486_LOOP_DIV=16400 mirrors SETUP)
[08:36:32] [info] tas: PRNG seed forced to 12345 via DOSKUTSU_TAS_PRNG_SEED
[08:36:32] [info] tas: auto-exit armed at tick 30000 via DOSKUTSU_TAS_AUTO_EXIT_TICK
[08:36:32] [info] tas: replay opened path='QA.TAS' header_seed=12345
[08:36:33] [info] data cache: DISABLED (default)
[08:36:33] [info] Joystick: skipped (default; set DOSKUTSU_USE_JOYSTICK=1 to enable -- skips SDL3-DOS gameport BIOS INT 15h polling, ~82 ms / flip on real HW)
[08:36:33] [info] Loading settings...
[08:36:33] [info] [input-bind] applied=0 invert_y=0 dos_axes=1
[08:36:33] [info] Renderer::initVideo: 8bpp mode requested via SDL_HINT_DOS_MAX_BPP=8 (wave 16); SDL3-DOS will pick the highest-bpp <= 8 mode at requested resolution
[08:36:33] [info] Renderer::initVideo: DOS resolution-label lock ENABLED (default)
[08:36:34] [info] center-oversized: not needed (surface matches the logical screen) surface=320x240 logical=320x240 offset=0,0
[08:36:34] [info] Renderer::initVideo: using: software renderer
[08:36:37] [info] Renderer::initVideo: dirty-rect tracking ENABLED (wave 15, default ON; set SDL_HINT_DOSKUTSU_DIRTY_RECTS=0 to disable)
[08:36:37] [info] Renderer::initVideo: ablation flags: NO_DC_TIMING=0 CACHE_WINSURF=0 NO_INPUT_POLL=0 DIRECT_VESA=1
[08:36:37] [info] Renderer::initVideo: direct-VESA hot path ENABLED (default since wave 20 patch 0088; bypasses SDL_RenderPresent / SDL_UpdateWindowSurface and writes via SDL/0034's PresentFull helper; R2 mitigation handled by SDL/0034 generation counter -- no per-N-flip heartbeat needed; set SDL_HINT_DOSKUTSU_DIRECT_VESA=0 to revert)
[08:36:37] [info] Renderer::initVideo: flip-phase instrumentation DISABLED (default; set SDL_HINT_DOSKUTSU_FLIP_INSTR=1 to opt in for wave-20 Lever A diagnostic)
[08:36:37] [info] Renderer::initVideo: asm opaque-span blit lever DISABLED (default; set SDL_HINT_DOSKUTSU_ASM_BLIT=1 to opt in -- wave-51 _blit_indexed colorkey-blit lever)
[08:36:37] [info] Renderer::initVideo: blit-decomp instrumentation DISABLED (default; set SDL_HINT_DOSKUTSU_BLIT_DECOMP=1 to opt in -- wave-51 _blit_indexed sub-decomp sizing)
[08:36:37] [info] Renderer::initVideo: mds-scroll-decomp instrumentation DISABLED (default; set SDL_HINT_DOSKUTSU_MDS_DECOMP=1 to opt in -- wave-52 mode_draw_scene scrolling-block decomp)
[08:36:37] [info] Renderer::initVideo: DOSVESA pump yield: skipped (default) (per-flip explicit SDL_Delay(0) yield is always on; set SDL_HINT_DOSKUTSU_FORCE_PUMP_YIELD=1 to restore old per-pump yield)
[08:36:37] [info] Renderer::initVideo: indexed-mode (8bpp) ENABLED -- master palette + 107 per-asset remap LUTs loaded (wave 16, default ON; set SDL_HINT_DOSKUTSU_PIXEL_FORMAT_8=0 to disable)
[08:36:37] [info] Renderer::initVideo: master palette attached to window surface (format=SDL_PIXELFORMAT_INDEX8, ncolors=256)
[08:36:37] [info] Renderer::initVideo: indexed-mode smoke: idx0=(0,0,0) OK idx255=(255,0,255) OK
[08:36:37] [info] Renderer::initVideo: indexed-mode smoke: paletteRemapFor('MyChar.pbm') = present
[08:36:38] [info] Surface::loadImage palmap-diag #1: 'data/Loading.pbm' fmt=SDL_PIXELFORMAT_ABGR8888 remap=HIT -> path=truecolor
[08:36:38] [info] Renderer: prev-frame diff DISABLED (default since wave 17.6; set SDL_HINT_DOSKUTSU_PREVFRAME_DIFF=1 to opt in)
[08:36:38] [info] flip-probe: renderer=software window_ptr=8826656 colorspace=301991328 window_size=320x240 framebuffer_pixels=320x240 logical_present=320x240 mode=2
[08:36:38] [info] flip-probe: first flip ok=true present=54ms inter_flip_ms=0 drawcalls-since-flip=1 drawcalls-total=1
[08:36:38] [info] Sound system init
[08:36:38] [info] Sound system: 4-state audio enable (#31) -- music=on sfx=on (MUSIC_OFF/AUDIO_BACKEND=none -> music-off; SFX_OFF/SFX_DEVICE=none -> sfx-off; both gates are dispatch-level, the device still opens; AUDIO_OFF=1 is the device-level both-off).
[08:36:38] [info] Sound system: Tier-2 audio config (default since wave 21 patch 0093; 11025 Hz, 1 channel, buffer pinned to 256 frames). Measured savings on g2k Pentium OverDrive 83 MHz (W21A): heavy-music scenes ~+11 fps vs Tier-1 baseline (measured -10 to -15 ms/flip post-0094 audio fix; W21A's pre-fix -26.6 ms figure was inflated by stereo-vs-mono playback bug, see patch 0094). Audio quality is reduced vs Tier-1 (mono, 11025 Hz, simple-average L+R downmix) but recognizable; user accepted the trade per direction 2026-05-05. Set SDL_HINT_DOSKUTSU_AUDIO_TIER2=0 to revert to Tier-1 22050 stereo (full Cave Story 2004 audio quality; trades fps for fidelity).
[08:36:38] [info] Sound system: SDL_HINT_AUDIO_DEVICE_SAMPLE_FRAMES=256
[08:36:38] [info] Pixtone IRQ rate-divider: handed master_rate=11025 int16/s (SAMPLE_RATE=11025 x AUDIO_CHANNELS=1) to SDL for auto-RATEDIV (SDL/0074 computes shift_div from the resolved device freq).
[08:36:38] [info] Sound system: device frame-rate: requesting 11025 Hz match to master (SDL_DOSAudioSetDeviceFrameRate; SB16 opens at the engine frame rate instead of SDL's 44100 floor -- 4x less PCM/s + no resampler on the Organya/Pixtone path; killswitch SDL_HINT_DOSKUTSU_DOS_AUDIO_DEVICE_RATE_DEFAULT=0).
[08:36:38] [info] audio backend: organya (forced; Phase 10 baseline)
[08:36:38] [info] wave-13.6.1: ring_chunks=16 FORCE_PUMP_YIELD=off (set SDL_HINT_DOSKUTSU_AUDIO_RING_CHUNKS=4|8|16 to override; default 16 matches wave 13.6 behaviour)
[08:36:38] [info] MidiScheduler: MIDI source = 'orgmid2' (native-GM org2mid set; resolves to data/orgmid2/<name>.mid).
[08:36:38] [info] Sound system: idle-pause skipped (backend=organya does not qualify; only opl3 supports idle-pause per patch 0115; default OFF since patch 0119 regardless of backend).
[08:36:38] [warn] Music dir Ogg/ doesn't exist
[08:36:38] [warn] Music dir Ogg11/ doesn't exist
[08:36:39] [warn] Music dir Ogg17/ doesn't exist
[08:36:39] [warn] Music dir Ogg_ridic/ doesn't exist
[08:36:39] [info] Loading Sound FX...
[08:36:39] [info] [pxt-cache] init(): HIT (loaded cache; render skipped)
[08:36:51] [error] Lever 3 (Pixtone IRQ-mix; default ON since v1.0.1, or SDL_HINT_DOSKUTSU_PIXTONE_IRQ_MIX=1) is incompatible with SDL_HINT_DOSKUTSU_AUDIO_BACKEND=organya. L3 + ORGANYA IS KNOWN-INCOMPATIBLE (PLAY2 hang root-cause owned by v1.0.2 deep-campaign; v1.0.1 ships defensive interlock per flush-instr #135 three-front response). L3 forced OFF (hang prevention); SFX continue through SDL3_mixer path; music continues through Organya. To engage L3 cleanly set SDL_HINT_DOSKUTSU_AUDIO_BACKEND to opl3 / wb / midi-stub, or set SDL_HINT_DOSKUTSU_PIXTONE_IRQ_MIX=0 to silence this and keep Organya.
[08:36:51] [info] Organya init...
[08:36:52] [info] Organya init done
[08:37:08] [info] gus SFX gain [nx0259]: 70% (SDL_HINT_DOSKUTSU_GUS_SFX_GAIN; scales the GF1 SFX voice volume to balance against velocity/CC-scaled GUS music; default 70, clamp 0..150).
[08:37:08] [info] midi ISR tick: engine registered tick_isr callback (L2b active; default ON; set SDL_HINT_DOSKUTSU_MIDI_ISR_TICK=0 to disable)
[08:37:08] [info] organya auto-precache: ENABLED (default) (first-launch precache + in-game cold-render progress overlay; set SDL_HINT_DOSKUTSU_ORG_AUTOCACHE=0 to disable -> v1.1.0 black-screen cold-render)
[08:37:08] [info] organya auto-precache: cache complete (sentinel present) -- skipping batch; in-game overlay armed for any stray cache miss.
[08:37:08] [info] menu slide-in fixed-timestep: ENABLED (default; slide advances at 50 Hz logic rate)
[08:37:09] [info] Reading npc.tbl...
[08:37:09] [info] Loading tilekey.dat.
[08:37:09] [info] Script engine init.
[08:37:09] [info] Entering main loop...
[08:37:09] [info] audio mid-gap pump: DISABLED (default)
[08:37:09] [info] TAS fixed-timestep guard: ENABLED (default) (patch 0280; load_stage wall-clock kept out of the FT accumulator so TAS replay advances at a true 50 Hz; set SDL_HINT_DOSKUTSU_TAS_FT_GUARD=0 to disable)
[08:37:09] [info] load_stage ring+DMA silence flush: ENABLED (default) (set SDL_HINT_DOSKUTSU_LOADSTAGE_SILENCE=0 to disable)
[08:37:09] [info] load-band audio-underrun probe: DISABLED (default) (opt-in SDL_HINT_DOSKUTSU_LOADBAND_STAT=1)
[08:37:09] [info]  >> Entering stage 72: 'u'.
[08:37:09] [info] skip sheet flush: ENABLED (default) (SFXPAUSE-012 SHIPPED FIX; sprite sheets stay resident across caves so no per-cave re-decode -> no fire-frame pause; map_flush_graphics tilemap cache still flushes; set SDL_HINT_DOSKUTSU_SKIP_SHEET_FLUSH=0 to restore the old per-cave flush)
[08:37:09] [info] [skip-sheet-flush] cave=1
[08:37:09] [info] eager action sheets: ENABLED (default) (first-fire hitch fix: pre-loads the weapon bullet + hit/muzzle/trail caret sheets at stage load so the first fire/impact does not lazy-decode mid-gameplay; set SDL_HINT_DOSKUTSU_EAGER_ACTION_SHEETS=0 to restore lazy load)
[08:37:09] [info] Surface::loadImage palmap-diag #2: 'data/Bullet.pbm' fmt=SDL_PIXELFORMAT_ABGR8888 remap=HIT -> path=truecolor
[08:37:10] [info] Surface::loadImage palmap-diag #3: 'data/Arms.pbm' fmt=SDL_PIXELFORMAT_ABGR8888 remap=HIT -> path=truecolor
[08:37:10] [info] Surface::loadImage palmap-diag #4: 'data/Caret.pbm' fmt=SDL_PIXELFORMAT_ABGR8888 remap=HIT -> path=truecolor
[08:37:11] [info] Surface::loadImage palmap-diag #5: 'data/Npc/NpcSym.pbm' fmt=SDL_PIXELFORMAT_ABGR8888 remap=HIT -> path=truecolor
[08:37:11] [info] [eager-action-sheets] cave=1 sheets=4 wall_ms=1692
[08:37:11] [info] Surface::loadImage palmap-diag #6: 'data/Stage/PrtWhite.pbm' fmt=SDL_PIXELFORMAT_ABGR8888 remap=HIT -> path=truecolor
[08:37:12] [info] load_stage: entry-music preload ENABLED (default) (set SDL_HINT_DOSKUTSU_PRELOAD_STAGE_MUSIC=0 to disable)
[08:37:12] [info] Surface::loadImage palmap-diag #7: 'data/bk0.pbm' fmt=SDL_PIXELFORMAT_ABGR8888 remap=HIT -> path=truecolor
[08:37:12] [info] gameloop: entered (curmap=72, running=1)
[08:37:12] [info] gameloop: iter 1 ticks=40150 mapno=-1
[08:37:12] [info] fixed-timestep: ENABLED (default; logic 50 Hz, decoupled from render)
[08:37:12] [info] map: BG skip-when-unchanged DISABLED (default) (set SDL_HINT_DOSKUTSU_BG_SKIP_WHEN_UNCHANGED=1 to enable; default OFF since wave-61 -- abandoned, it shipped a backdrop-black flicker and its +0.87 fps was below the noise floor)
[08:37:12] [info] map: skip-redundant-clear lever ENABLED (default since wave-53 promotion)
[08:37:12] [info] perf-mode: level=0 (faithful (default))
[08:37:12] [info] Surface::loadImage palmap-diag #8: 'data/Npc/NpcKings.pbm' fmt=SDL_PIXELFORMAT_ABGR8888 remap=HIT -> path=truecolor
[08:37:13] [info] audio tick-boundary pump: DISABLED (default)
[08:37:13] [info] gameloop: iter 2 ticks=40648 mapno=-1
[08:37:13] [info] gameloop: iter 3 ticks=40716 mapno=-1
[08:37:13] [info] direct-vesa: snapshot @gen=2 use_dosmemput=0 banked_multibank=0 pitches_match=1 vram_w=320 vram_h=240 vram_pitch=320 bpp=1 fb_size=76800 vram_phys=0x78000000 vram_ptr=0x77c00000
[08:37:13] [info] flip-probe: flip #10 ok=true present=3ms inter_flip_ms=41 drawcalls-since-flip=6 drawcalls-total=43 fail-total=0 null-skips-total=0
[08:37:13] [info] flip-probe: flip #20 ok=true present=4ms inter_flip_ms=40 drawcalls-since-flip=4 drawcalls-total=92 fail-total=0 null-skips-total=0
[08:37:14] [info] flip-probe: flip #30 ok=true present=4ms inter_flip_ms=83 drawcalls-since-flip=326 drawcalls-total=2707 fail-total=0 null-skips-total=0
[08:37:15] [info] flip-probe: flip #40 ok=true present=4ms inter_flip_ms=77 drawcalls-since-flip=264 drawcalls-total=5837 fail-total=0 null-skips-total=0
[08:37:16] [info] flip-probe: flip #50 ok=true present=4ms inter_flip_ms=47 drawcalls-since-flip=67 drawcalls-total=7392 fail-total=0 null-skips-total=0
[08:37:16] [info] flip-probe: flip #60 ok=true present=4ms inter_flip_ms=37 drawcalls-since-flip=4 drawcalls-total=7502 fail-total=0 null-skips-total=0
[08:37:17] [info] flip-probe: flip #70 ok=true present=4ms inter_flip_ms=38 drawcalls-since-flip=6 drawcalls-total=7557 fail-total=0 null-skips-total=0
[08:37:17] [info] flip-probe: flip #80 ok=true present=4ms inter_flip_ms=22 drawcalls-since-flip=0 drawcalls-total=7586 fail-total=0 null-skips-total=0
[08:37:17] [info] flip-probe: flip #90 ok=true present=4ms inter_flip_ms=20 drawcalls-since-flip=0 drawcalls-total=7586 fail-total=0 null-skips-total=0
[08:37:17] [info] title: eager-title-IO phase tag ENABLED (default) (set SDL_HINT_DOSKUTSU_EAGER_TITLE_IO=0 to disable)
[08:37:17] [info] [music-dispatch] tick=95 song=24 (prev 0)
[08:37:20] [info] Organya pre-render: cache HIT CURLY (2968992 bytes from CACHE; 1 ch; synth skipped).
[08:37:20] [info] audio pump-to-target: ENABLED (186 ms depth setpoint; amount-bounded depth-regulated ring refill per displayed frame; killswitch SDL_HINT_DOSKUTSU_ORG_PUMP_TARGET_MS=0).
[08:37:20] [info] pixtone multi-source probe: DISABLED (default)
[08:37:20] [info] gameloop: entered (curmap=1005, running=1)
[08:37:20] [info] gameloop: iter 1 ticks=48570 mapno=-1
[08:37:20] [info] map: backdrop cache ENABLED (default) (set SDL_HINT_DOSKUTSU_BACKDROP_CACHE=0 to disable)
[08:37:21] [info] gameloop: iter 2 ticks=49588 mapno=-1
[08:37:22] [info] gameloop: iter 3 ticks=49653 mapno=-1
[08:37:22] [info] backdrop cache: thrashing-detect engaged (streak=4, route=direct)
[08:37:22] [info] flip-probe: flip #100 ok=true present=4ms inter_flip_ms=52 drawcalls-since-flip=75 drawcalls-total=7886 fail-total=0 null-skips-total=0
[08:37:22] [info] alpha audit block 0: 7798 total drawcalls, 0 with alpha<255 (block pct_x10=0; global 0/7798 pct_x10=0); alpha-mod skipped: block=0 global=0
[08:37:22] [info] fastpath audit block 0: taken=7798 (idx8=7798) skipped=0 pct_x10=1000; global taken=7798 (idx8=7798) skipped=0 pct_x10=1000
[08:37:22] [info] primitive tally block 0: clear=220(hr=220) fill=0(hr=0) rect=0(hr=0) line=0(hr=0) tint=0 spotlight=0 (over 100 flips ending at flip 100)
[08:37:22] [info] color/alpha audit block 0: cmod_white=104 cmod_black=0 (idx=0) cmod_general=84 (idx=84) cmod_fb=0; alpha_taken=0 alpha_skipped=0 (global cmod=104/0/84/0 idx=0/84 alpha=0/0)
[08:37:22] [info] phase timing block 0: drawcalls=8209 dc_total_ms=1751 flip_inner_total_ms=1006 inter_flip_total_ms=44006 (per-flip avg x10: dc_ms=175 fi_ms=100 if_ms=4400 derived audio+engine_ms=4125; per-drawcall avg us_x10=2133) [direct-vesa: presents=97 total_ms=380 avg_ms_x10=39 failed=0] [ablation: NO_DC_TIMING=0 CACHE_WINSURF=0 DIRECT_VESA=1]
[08:37:22] [info] kbd/audio block 0: kbd_irq=0 kbd_drain=0 ring_chunks=16 pump_pass=99 pic1_mask=0xb8 first_irq_ticks=0 install_ticks=0 vector_at_install=0x0083e3b8 pic1_mask_live=0x38 kbd_8042_stat=0x34 bios_kbd_head=0x003c bios_kbd_tail=0x003c bios_kbd_buf0=0x3920
[08:37:22] [info] audio/engine split block 0: audio_mixer_calls=23 audio_mixer_ms_x10=3 engine_tick_calls=99 engine_tick_ms_x10=832 audio_service_calls=0 audio_service_ms_x10=0 (per-flip avg; per-call us_x10: audio_mix=15294 engine_tick=840689 audio_service=0; global ns: audio_mix=35177424 engine_tick=8322830584 audio_service=0)
[08:37:22] [info] dirty-rect block @flip=100: total_calls=0 dirty_rects_avg=0 dirty_pct_x10=990 forced_full=0 first_n_force=3 threshold_exceeded=2 dirty_path_taken=0 full_flush_taken=3
[08:37:22] [info] prev-frame-diff block @flip=100: diff_calls=0 diff_rects_avg=0 diff_dirty_pct_x10=0 bbox_pct_x10=0 bbox_thresh_exceeded=0
[08:37:22] [info] flip-probe: flip #110 ok=true present=3ms inter_flip_ms=42 drawcalls-since-flip=75 drawcalls-total=8636 fail-total=0 null-skips-total=0
[08:37:23] [info] flip-probe: flip #120 ok=true present=4ms inter_flip_ms=41 drawcalls-since-flip=75 drawcalls-total=9386 fail-total=0 null-skips-total=0
[08:37:23] [info] flip-probe: flip #130 ok=true present=4ms inter_flip_ms=21 drawcalls-since-flip=0 drawcalls-total=9986 fail-total=0 null-skips-total=0
[08:37:23] [info] Loading profile from profile.dat
[08:37:23] [error] profile_load: unable to open 'profile.dat'
[08:37:23] [info] Loading profile from profile2.dat
[08:37:23] [error] profile_load: unable to open 'profile2.dat'
[08:37:23] [info] Loading profile from profile3.dat
[08:37:23] [info] Loading profile from profile4.dat
[08:37:23] [error] profile_load: unable to open 'profile4.dat'
[08:37:23] [info] Loading profile from profile5.dat
[08:37:24] [info] flip-probe: flip #140 ok=true present=4ms inter_flip_ms=76 drawcalls-since-flip=210 drawcalls-total=10826 fail-total=0 null-skips-total=0
[08:37:24] [info] flip-probe: flip #150 ok=true present=4ms inter_flip_ms=69 drawcalls-since-flip=210 drawcalls-total=12926 fail-total=0 null-skips-total=0
[08:37:25] [info] Writing settings...
[08:37:25] [info] flip-probe: flip #160 ok=true present=4ms inter_flip_ms=21 drawcalls-since-flip=0 drawcalls-total=13774 fail-total=0 null-skips-total=0
[08:37:25] [info] flip-probe: flip #170 ok=true present=4ms inter_flip_ms=24 drawcalls-since-flip=0 drawcalls-total=13774 fail-total=0 null-skips-total=0
[08:37:25] [info] [music-dispatch] tick=175 song=0 (prev 24)
[08:37:25] [info] Loading profile from profile5.dat
[08:37:25] [info]  >> Entering stage 20: 'Save Point'.
[08:37:25] [info] [skip-sheet-flush] cave=2
[08:37:26] [info] [music-dispatch] tick=175 song=8 (prev 0)
[08:37:28] [info] Organya pre-render: cache HIT VIVI (1580544 bytes from CACHE; 1 ch; synth skipped).
[08:37:28] [info] gameloop: entered (curmap=20, running=1)
[08:37:28] [info] gameloop: iter 1 ticks=55827 mapno=-1
[08:37:28] [info] TAS stall discount: ENABLED (default) (patch 0286; a replay frame over 150 ms is a load, not slow rendering, so it contributes 1 tick instead of its wall-clock; set SDL_HINT_DOSKUTSU_TAS_STALL_DISCOUNT=0 to disable)
[08:37:28] [info] TAS accumulator clamp: DISABLED (default) (patch 0281; caps the FT accumulator delta at one tick during TAS so a stalled frame cannot race the replay index; set SDL_HINT_DOSKUTSU_TAS_FT_GUARD=0 to disable)
[08:37:28] [info] gameloop: iter 2 ticks=55900 mapno=-1
[08:37:28] [info] gameloop: iter 3 ticks=55967 mapno=-1
[08:37:28] [info] flip-probe: flip #180 ok=true present=4ms inter_flip_ms=54 drawcalls-since-flip=16 drawcalls-total=13896 fail-total=0 null-skips-total=0
[08:37:28] [info] flip-probe: flip #190 ok=true present=4ms inter_flip_ms=48 drawcalls-since-flip=16 drawcalls-total=14056 fail-total=0 null-skips-total=0
[08:37:29] [info] flip-probe: flip #200 ok=true present=4ms inter_flip_ms=47 drawcalls-since-flip=16 drawcalls-total=14216 fail-total=0 null-skips-total=0
[08:37:29] [info] alpha audit block 0: 5693 total drawcalls, 0 with alpha<255 (block pct_x10=0; global 0/13491 pct_x10=0); alpha-mod skipped: block=0 global=0
[08:37:29] [info] fastpath audit block 0: taken=5693 (idx8=5693) skipped=0 pct_x10=1000; global taken=13491 (idx8=13491) skipped=0 pct_x10=1000
[08:37:29] [info] primitive tally block 0: clear=201(hr=201) fill=0(hr=0) rect=0(hr=0) line=0(hr=0) tint=0 spotlight=0 (over 100 flips ending at flip 200)
[08:37:29] [info] color/alpha audit block 0: cmod_white=1402 cmod_black=0 (idx=0) cmod_general=609 (idx=609) cmod_fb=0; alpha_taken=0 alpha_skipped=0 (global cmod=1506/0/693/0 idx=0/693 alpha=0/0)
[08:37:29] [info] phase timing block 0: drawcalls=7905 dc_total_ms=1601 flip_inner_total_ms=855 inter_flip_total_ms=7284 (per-flip avg x10: dc_ms=160 fi_ms=85 if_ms=728 derived audio+engine_ms=483; per-drawcall avg us_x10=2026) [direct-vesa: presents=100 total_ms=380 avg_ms_x10=38 failed=0] [ablation: NO_DC_TIMING=0 CACHE_WINSURF=0 DIRECT_VESA=1]
[08:37:29] [info] kbd/audio block 0: kbd_irq=0 kbd_drain=0 ring_chunks=16 pump_pass=233 pic1_mask=0xb8 first_irq_ticks=0 install_ticks=0 vector_at_install=0x0083e3b8 pic1_mask_live=0x38 kbd_8042_stat=0x34 bios_kbd_head=0x003c bios_kbd_tail=0x003c bios_kbd_buf0=0x3920
[08:37:29] [info] audio/engine split block 0: audio_mixer_calls=220 audio_mixer_ms_x10=24 engine_tick_calls=76 engine_tick_ms_x10=228 audio_service_calls=0 audio_service_ms_x10=0 (per-flip avg; per-call us_x10: audio_mix=10998 engine_tick=300493 audio_service=0; global ns: audio_mix=277149294 engine_tick=10606578217 audio_service=0)
[08:37:29] [info] dirty-rect block @flip=200: total_calls=0 dirty_rects_avg=1 dirty_pct_x10=1000 forced_full=0 first_n_force=0 threshold_exceeded=0 dirty_path_taken=0 full_flush_taken=0
[08:37:29] [info] prev-frame-diff block @flip=200: diff_calls=0 diff_rects_avg=0 diff_dirty_pct_x10=0 bbox_pct_x10=0 bbox_thresh_exceeded=0
[08:37:30] [info] flip-probe: flip #210 ok=true present=4ms inter_flip_ms=46 drawcalls-since-flip=16 drawcalls-total=14376 fail-total=0 null-skips-total=0
[08:37:30] [info]  >> Entering stage 11: 'Mimiga Village'.
[08:37:30] [info] [skip-sheet-flush] cave=3
[08:37:31] [info] [load-stage] preloading entry music song=9 (cave=3)
[08:37:31] [info] [music-dispatch] tick=299 song=9 (prev 8)
[08:37:32] [info] Organya pre-render: cache HIT MURA (1481280 bytes from CACHE; 1 ch; synth skipped).
[08:37:32] [info] gameloop: entered (curmap=11, running=1)
[08:37:32] [info] gameloop: iter 1 ticks=60485 mapno=-1
[08:37:32] [info] map: mds_clear LUT ENABLED (default) (set SDL_HINT_DOSKUTSU_MDS_CLEAR_LUT=0 to disable; default ON; patch 0144 wave-49 bandwidth lever)
[08:37:32] [info] mds-clear-lut: rebuilt N=240 entries (k_skip=0% k_keep=100%; curmap=11 map_size=60x60; rebuild #1 since boot)
[08:37:32] [info] backdrop thrash full-cover ENABLED (default) (set SDL_HINT_DOSKUTSU_THRASH_FULLCOVER=0 to disable)
[08:37:32] [info] [bd-diag] backdrop render-path diag disabled (default) (set SDL_HINT_DOSKUTSU_BACKDROP_DIAG=1 to enable)
[08:37:33] [info] flip-probe: flip #220 ok=true present=5ms inter_flip_ms=2489 drawcalls-since-flip=386 drawcalls-total=16596 fail-total=0 null-skips-total=0
[08:37:33] [info] gameloop: iter 2 ticks=60870 mapno=-1
[08:37:33] [info] tas: stall frame 602 ms -> contributing 1 tick (patch 0286)
[08:37:33] [info] run_tick_fixed #300: heartbeat (loop alive)
[08:37:33] [info] gameloop: iter 3 ticks=61232 mapno=-1
[08:37:34] [info] backdrop cache: thrashing-detect engaged (streak=4, route=direct)
[08:37:34] [info] flip-probe: flip #230 ok=true present=4ms inter_flip_ms=85 drawcalls-since-flip=44 drawcalls-total=18744 fail-total=0 null-skips-total=0
[08:37:35] [info] flip-probe: flip #240 ok=true present=4ms inter_flip_ms=73 drawcalls-since-flip=43 drawcalls-total=19191 fail-total=0 null-skips-total=0
[08:37:36] [info] flip-probe: flip #250 ok=true present=4ms inter_flip_ms=72 drawcalls-since-flip=42 drawcalls-total=19612 fail-total=0 null-skips-total=0
[08:37:36] [info] flip-probe: flip #260 ok=true present=4ms inter_flip_ms=75 drawcalls-since-flip=42 drawcalls-total=20032 fail-total=0 null-skips-total=0
[08:37:37] [info] flip-probe: flip #270 ok=true present=4ms inter_flip_ms=69 drawcalls-since-flip=43 drawcalls-total=20453 fail-total=0 null-skips-total=0
[08:37:38] [info] flip-probe: flip #280 ok=true present=4ms inter_flip_ms=77 drawcalls-since-flip=43 drawcalls-total=20883 fail-total=0 null-skips-total=0
[08:37:38] [info] backdrop cache: thrashing-detect engaged (streak=64, route=direct)
[08:37:39] [info] flip-probe: flip #290 ok=true present=3ms inter_flip_ms=77 drawcalls-since-flip=43 drawcalls-total=21321 fail-total=0 null-skips-total=0
[08:37:39] [info] flip-probe: flip #300 ok=true present=4ms inter_flip_ms=87 drawcalls-since-flip=45 drawcalls-total=21746 fail-total=0 null-skips-total=0
[08:37:39] [info] alpha audit block 0: 6396 total drawcalls, 0 with alpha<255 (block pct_x10=0; global 0/19887 pct_x10=0); alpha-mod skipped: block=0 global=0
[08:37:39] [info] fastpath audit block 0: taken=6396 (idx8=6396) skipped=0 pct_x10=1000; global taken=19887 (idx8=19887) skipped=0 pct_x10=1000
[08:37:39] [info] primitive tally block 0: clear=202(hr=202) fill=0(hr=0) rect=0(hr=0) line=0(hr=0) tint=0 spotlight=0 (over 100 flips ending at flip 300)
[08:37:39] [info] color/alpha audit block 0: cmod_white=1053 cmod_black=1053 (idx=1053) cmod_general=0 (idx=0) cmod_fb=0; alpha_taken=0 alpha_skipped=0 (global cmod=2559/1053/693/0 idx=1053/693 alpha=0/0)
[08:37:39] [info] phase timing block 0: drawcalls=8710 dc_total_ms=1398 flip_inner_total_ms=896 inter_flip_total_ms=10418 (per-flip avg x10: dc_ms=139 fi_ms=89 if_ms=1041 derived audio+engine_ms=813; per-drawcall avg us_x10=1605) [direct-vesa: presents=100 total_ms=379 avg_ms_x10=37 failed=0] [ablation: NO_DC_TIMING=0 CACHE_WINSURF=0 DIRECT_VESA=1]
[08:37:39] [info] kbd/audio block 0: kbd_irq=0 kbd_drain=0 ring_chunks=16 pump_pass=609 pic1_mask=0xb8 first_irq_ticks=0 install_ticks=0 vector_at_install=0x0083e3b8 pic1_mask_live=0x38 kbd_8042_stat=0x34 bios_kbd_head=0x003c bios_kbd_tail=0x003c bios_kbd_buf0=0x3920
[08:37:39] [info] [tile-speedup-stat n=100 drawtile_us=121.24 raw_blit_us=91.45 ratio=1.33]
[08:37:39] [info] audio/engine split block 0: audio_mixer_calls=340 audio_mixer_ms_x10=37 engine_tick_calls=0 engine_tick_ms_x10=0 audio_service_calls=0 audio_service_ms_x10=0 (per-flip avg; per-call us_x10: audio_mix=11151 engine_tick=0 audio_service=0; global ns: audio_mix=656304995 engine_tick=10606578217 audio_service=0)
[08:37:39] [info] dirty-rect block @flip=300: total_calls=100 dirty_rects_avg=1 dirty_pct_x10=1000 forced_full=0 first_n_force=0 threshold_exceeded=0 dirty_path_taken=0 full_flush_taken=0
[08:37:39] [info] prev-frame-diff block @flip=300: diff_calls=0 diff_rects_avg=0 diff_dirty_pct_x10=0 bbox_pct_x10=0 bbox_thresh_exceeded=0
[08:37:39] [info] tas: stall frame 207 ms -> contributing 1 tick (patch 0286)
[08:37:40] [info] flip-probe: flip #310 ok=true present=4ms inter_flip_ms=73 drawcalls-since-flip=42 drawcalls-total=22259 fail-total=0 null-skips-total=0
[08:37:41] [info] flip-probe: flip #320 ok=true present=4ms inter_flip_ms=68 drawcalls-since-flip=40 drawcalls-total=22681 fail-total=0 null-skips-total=0
[08:37:42] [info] flip-probe: flip #330 ok=true present=4ms inter_flip_ms=93 drawcalls-since-flip=150 drawcalls-total=23191 fail-total=0 null-skips-total=0
[08:37:42] [info]  >> Entering stage 17: 'Yamashita Farm'.
[08:37:42] [info] [skip-sheet-flush] cave=4
[08:37:43] [info] [load-stage] preloading entry music song=13 (cave=4)
[08:37:43] [info] [music-dispatch] tick=751 song=13 (prev 9)
[08:37:44] [info] Organya pre-render: cache HIT PLANT (1185024 bytes from CACHE; 1 ch; synth skipped).
[08:37:44] [info] gameloop: entered (curmap=17, running=1)
[08:37:44] [info] gameloop: iter 1 ticks=72351 mapno=-1
[08:37:44] [info] mds-clear-lut: rebuilt N=240 entries (k_skip=33% k_keep=67%; curmap=17 map_size=40x16; rebuild #2 since boot)
[08:37:45] [info] gameloop: iter 2 ticks=72666 mapno=-1
[08:37:45] [info] tas: stall frame 313 ms -> contributing 1 tick (patch 0286)
[08:37:45] [info] gameloop: iter 3 ticks=72793 mapno=-1
[08:37:45] [info] flip-probe: flip #340 ok=true present=4ms inter_flip_ms=129 drawcalls-since-flip=412 drawcalls-total=26409 fail-total=0 null-skips-total=0
[08:37:46] [info] flip-probe: flip #350 ok=true present=4ms inter_flip_ms=94 drawcalls-since-flip=139 drawcalls-total=28145 fail-total=0 null-skips-total=0
[08:37:47] [info] backdrop cache: thrashing-detect engaged (streak=4, route=direct)
[08:37:47] [info] flip-probe: flip #360 ok=true present=4ms inter_flip_ms=122 drawcalls-since-flip=139 drawcalls-total=29561 fail-total=0 null-skips-total=0
[08:37:48] [info] flip-probe: flip #370 ok=true present=4ms inter_flip_ms=106 drawcalls-since-flip=131 drawcalls-total=30913 fail-total=0 null-skips-total=0
[08:37:49] [info] flip-probe: flip #380 ok=true present=4ms inter_flip_ms=120 drawcalls-since-flip=139 drawcalls-total=32248 fail-total=0 null-skips-total=0
[08:37:50] [info] flip-probe: flip #390 ok=true present=4ms inter_flip_ms=110 drawcalls-since-flip=130 drawcalls-total=33623 fail-total=0 null-skips-total=0
[08:37:52] [info] flip-probe: flip #400 ok=true present=4ms inter_flip_ms=109 drawcalls-since-flip=131 drawcalls-total=34920 fail-total=0 null-skips-total=0
[08:37:52] [info] alpha audit block 0: 11774 total drawcalls, 0 with alpha<255 (block pct_x10=0; global 0/31661 pct_x10=0); alpha-mod skipped: block=0 global=0
[08:37:52] [info] fastpath audit block 0: taken=11774 (idx8=11774) skipped=0 pct_x10=1000; global taken=31661 (idx8=31661) skipped=0 pct_x10=1000
[08:37:52] [info] primitive tally block 0: clear=201(hr=201) fill=0(hr=0) rect=0(hr=0) line=0(hr=0) tint=0 spotlight=0 (over 100 flips ending at flip 400)
[08:37:52] [info] color/alpha audit block 0: cmod_white=1300 cmod_black=1300 (idx=1300) cmod_general=0 (idx=0) cmod_fb=0; alpha_taken=0 alpha_skipped=0 (global cmod=3859/2353/693/0 idx=2353/693 alpha=0/0)
[08:37:52] [info] phase timing block 0: drawcalls=14597 dc_total_ms=1717 flip_inner_total_ms=1128 inter_flip_total_ms=12237 (per-flip avg x10: dc_ms=171 fi_ms=112 if_ms=1223 derived audio+engine_ms=940; per-drawcall avg us_x10=1176) [direct-vesa: presents=100 total_ms=380 avg_ms_x10=38 failed=0] [ablation: NO_DC_TIMING=0 CACHE_WINSURF=0 DIRECT_VESA=1]
[08:37:52] [info] kbd/audio block 0: kbd_irq=0 kbd_drain=0 ring_chunks=16 pump_pass=1066 pic1_mask=0xb8 first_irq_ticks=0 install_ticks=0 vector_at_install=0x0083e3b8 pic1_mask_live=0x38 kbd_8042_stat=0x34 bios_kbd_head=0x003c bios_kbd_tail=0x003c bios_kbd_buf0=0x3920
[08:37:52] [info] audio/engine split block 0: audio_mixer_calls=424 audio_mixer_ms_x10=46 engine_tick_calls=0 engine_tick_ms_x10=0 audio_service_calls=0 audio_service_ms_x10=0 (per-flip avg; per-call us_x10: audio_mix=11044 engine_tick=0 audio_service=0; global ns: audio_mix=1124581372 engine_tick=10606578217 audio_service=0)
[08:37:52] [info] dirty-rect block @flip=400: total_calls=0 dirty_rects_avg=1 dirty_pct_x10=1000 forced_full=0 first_n_force=0 threshold_exceeded=0 dirty_path_taken=0 full_flush_taken=0
[08:37:52] [info] prev-frame-diff block @flip=400: diff_calls=0 diff_rects_avg=0 diff_dirty_pct_x10=0 bbox_pct_x10=0 bbox_thresh_exceeded=0
[08:37:52] [info] tas: stall frame 407 ms -> contributing 1 tick (patch 0286)
[08:37:53] [info] flip-probe: flip #410 ok=true present=4ms inter_flip_ms=113 drawcalls-since-flip=127 drawcalls-total=36184 fail-total=0 null-skips-total=0
[08:37:54] [info] backdrop cache: thrashing-detect engaged (streak=4, route=direct)
[08:37:54] [info] flip-probe: flip #420 ok=true present=4ms inter_flip_ms=109 drawcalls-since-flip=134 drawcalls-total=37492 fail-total=0 null-skips-total=0
[08:37:55] [info] flip-probe: flip #430 ok=true present=4ms inter_flip_ms=103 drawcalls-since-flip=133 drawcalls-total=38858 fail-total=0 null-skips-total=0
[08:37:56] [info] flip-probe: flip #440 ok=true present=4ms inter_flip_ms=100 drawcalls-since-flip=138 drawcalls-total=40230 fail-total=0 null-skips-total=0
[08:37:57] [info] flip-probe: flip #450 ok=true present=3ms inter_flip_ms=108 drawcalls-since-flip=131 drawcalls-total=41565 fail-total=0 null-skips-total=0
[08:37:58] [info] flip-probe: flip #460 ok=true present=4ms inter_flip_ms=101 drawcalls-since-flip=101 drawcalls-total=42746 fail-total=0 null-skips-total=0
[08:37:59] [info] flip-probe: flip #470 ok=true present=3ms inter_flip_ms=100 drawcalls-since-flip=107 drawcalls-total=43813 fail-total=0 null-skips-total=0
[08:38:00] [info] backdrop cache: thrashing-detect engaged (streak=64, route=direct)
[08:38:00] [info] flip-probe: flip #480 ok=true present=5ms inter_flip_ms=104 drawcalls-since-flip=116 drawcalls-total=44955 fail-total=0 null-skips-total=0
[08:38:02] [info] flip-probe: flip #490 ok=true present=4ms inter_flip_ms=128 drawcalls-since-flip=404 drawcalls-total=47288 fail-total=0 null-skips-total=0
[08:38:02] [info]  >> Entering stage 11: 'Mimiga Village'.
[08:38:02] [info] [skip-sheet-flush] cave=5
[08:38:02] [info] [load-stage] preloading entry music song=9 (cave=5)
[08:38:02] [info] [music-dispatch] tick=1524 song=9 (prev 13)
[08:38:03] [info] Organya pre-render: cache HIT MURA (1481280 bytes from CACHE; 1 ch; synth skipped).
[08:38:03] [info] gameloop: entered (curmap=11, running=1)
[08:38:03] [info] gameloop: iter 1 ticks=91291 mapno=-1
[08:38:03] [info] mds-clear-lut: rebuilt N=240 entries (k_skip=0% k_keep=100%; curmap=11 map_size=60x60; rebuild #3 since boot)
[08:38:03] [info] gameloop: iter 2 ticks=91426 mapno=-1
[08:38:03] [info] gameloop: iter 3 ticks=91555 mapno=-1
[08:38:04] [info] backdrop cache: thrashing-detect engaged (streak=4, route=direct)
[08:38:04] [info] flip-probe: flip #500 ok=true present=4ms inter_flip_ms=81 drawcalls-since-flip=45 drawcalls-total=49808 fail-total=0 null-skips-total=0
[08:38:04] [info] alpha audit block 0: 13956 total drawcalls, 0 with alpha<255 (block pct_x10=0; global 0/45617 pct_x10=0); alpha-mod skipped: block=0 global=0
[08:38:04] [info] fastpath audit block 0: taken=13956 (idx8=13956) skipped=0 pct_x10=1000; global taken=45617 (idx8=45617) skipped=0 pct_x10=1000
[08:38:04] [info] primitive tally block 0: clear=201(hr=201) fill=0(hr=0) rect=0(hr=0) line=0(hr=0) tint=0 spotlight=0 (over 100 flips ending at flip 500)
[08:38:04] [info] color/alpha audit block 0: cmod_white=832 cmod_black=832 (idx=832) cmod_general=0 (idx=0) cmod_fb=0; alpha_taken=0 alpha_skipped=0 (global cmod=4691/3185/693/0 idx=3185/693 alpha=0/0)
[08:38:04] [info] phase timing block 0: drawcalls=15828 dc_total_ms=1620 flip_inner_total_ms=901 inter_flip_total_ms=12507 (per-flip avg x10: dc_ms=162 fi_ms=90 if_ms=1250 derived audio+engine_ms=998; per-drawcall avg us_x10=1024) [direct-vesa: presents=100 total_ms=381 avg_ms_x10=38 failed=0] [ablation: NO_DC_TIMING=0 CACHE_WINSURF=0 DIRECT_VESA=1]
[08:38:04] [info] kbd/audio block 0: kbd_irq=0 kbd_drain=0 ring_chunks=16 pump_pass=1559 pic1_mask=0xb8 first_irq_ticks=0 install_ticks=0 vector_at_install=0x0083e3b8 pic1_mask_live=0x38 kbd_8042_stat=0x34 bios_kbd_head=0x003c bios_kbd_tail=0x003c bios_kbd_buf0=0x3920
[08:38:04] [info] audio/engine split block 0: audio_mixer_calls=456 audio_mixer_ms_x10=50 engine_tick_calls=0 engine_tick_ms_x10=0 audio_service_calls=0 audio_service_ms_x10=0 (per-flip avg; per-call us_x10: audio_mix=11014 engine_tick=0 audio_service=0; global ns: audio_mix=1626834177 engine_tick=10606578217 audio_service=0)
[08:38:04] [info] dirty-rect block @flip=500: total_calls=0 dirty_rects_avg=1 dirty_pct_x10=1000 forced_full=0 first_n_force=0 threshold_exceeded=0 dirty_path_taken=0 full_flush_taken=0
[08:38:04] [info] prev-frame-diff block @flip=500: diff_calls=0 diff_rects_avg=0 diff_dirty_pct_x10=0 bbox_pct_x10=0 bbox_thresh_exceeded=0
[08:38:04] [info] tas: stall frame 172 ms -> contributing 1 tick (patch 0286)
[08:38:05] [info] flip-probe: flip #510 ok=true present=4ms inter_flip_ms=71 drawcalls-since-flip=40 drawcalls-total=50208 fail-total=0 null-skips-total=0
[08:38:06] [info] flip-probe: flip #520 ok=true present=4ms inter_flip_ms=71 drawcalls-since-flip=40 drawcalls-total=50608 fail-total=0 null-skips-total=0
[08:38:06] [info] flip-probe: flip #530 ok=true present=3ms inter_flip_ms=73 drawcalls-since-flip=40 drawcalls-total=51008 fail-total=0 null-skips-total=0
[08:38:07] [info] flip-probe: flip #540 ok=true present=4ms inter_flip_ms=82 drawcalls-since-flip=41 drawcalls-total=51414 fail-total=0 null-skips-total=0
[08:38:08] [info] flip-probe: flip #550 ok=true present=4ms inter_flip_ms=66 drawcalls-since-flip=41 drawcalls-total=51827 fail-total=0 null-skips-total=0
[08:38:08] [info] backdrop cache: thrashing-detect engaged (streak=64, route=direct)
[08:38:09] [info] flip-probe: flip #560 ok=true present=4ms inter_flip_ms=72 drawcalls-since-flip=44 drawcalls-total=52240 fail-total=0 null-skips-total=0
[08:38:09] [info] flip-probe: flip #570 ok=true present=4ms inter_flip_ms=69 drawcalls-since-flip=44 drawcalls-total=52680 fail-total=0 null-skips-total=0
[08:38:10] [info] tas: stall frame 280 ms -> contributing 1 tick (patch 0286)
[08:38:10] [info] flip-probe: flip #580 ok=true present=4ms inter_flip_ms=72 drawcalls-since-flip=43 drawcalls-total=53119 fail-total=0 null-skips-total=0
[08:38:11] [info] flip-probe: flip #590 ok=true present=3ms inter_flip_ms=73 drawcalls-since-flip=43 drawcalls-total=53547 fail-total=0 null-skips-total=0
[08:38:12] [info] flip-probe: flip #600 ok=true present=4ms inter_flip_ms=66 drawcalls-since-flip=42 drawcalls-total=53968 fail-total=0 null-skips-total=0
[08:38:12] [info] alpha audit block 0: 2760 total drawcalls, 0 with alpha<255 (block pct_x10=0; global 0/48377 pct_x10=0); alpha-mod skipped: block=0 global=0
[08:38:12] [info] fastpath audit block 0: taken=2760 (idx8=2760) skipped=0 pct_x10=1000; global taken=48377 (idx8=48377) skipped=0 pct_x10=1000
[08:38:12] [info] primitive tally block 0: clear=200(hr=200) fill=0(hr=0) rect=0(hr=0) line=0(hr=0) tint=0 spotlight=0 (over 100 flips ending at flip 600)
[08:38:12] [info] color/alpha audit block 0: cmod_white=1300 cmod_black=1300 (idx=1300) cmod_general=0 (idx=0) cmod_fb=0; alpha_taken=0 alpha_skipped=0 (global cmod=5991/4485/693/0 idx=4485/693 alpha=0/0)
[08:38:12] [info] phase timing block 0: drawcalls=5560 dc_total_ms=1025 flip_inner_total_ms=888 inter_flip_total_ms=7654 (per-flip avg x10: dc_ms=102 fi_ms=88 if_ms=765 derived audio+engine_ms=575; per-drawcall avg us_x10=1844) [direct-vesa: presents=100 total_ms=379 avg_ms_x10=37 failed=0] [ablation: NO_DC_TIMING=0 CACHE_WINSURF=0 DIRECT_VESA=1]
[08:38:12] [info] kbd/audio block 0: kbd_irq=0 kbd_drain=0 ring_chunks=16 pump_pass=1923 pic1_mask=0xb8 first_irq_ticks=0 install_ticks=0 vector_at_install=0x0083e3b8 pic1_mask_live=0x38 kbd_8042_stat=0x34 bios_kbd_head=0x003c bios_kbd_tail=0x003c bios_kbd_buf0=0x3920
[08:38:12] [info] audio/engine split block 0: audio_mixer_calls=331 audio_mixer_ms_x10=36 engine_tick_calls=0 engine_tick_ms_x10=0 audio_service_calls=0 audio_service_ms_x10=0 (per-flip avg; per-call us_x10: audio_mix=11103 engine_tick=0 audio_service=0; global ns: audio_mix=1994358769 engine_tick=10606578217 audio_service=0)
[08:38:12] [info] dirty-rect block @flip=600: total_calls=0 dirty_rects_avg=1 dirty_pct_x10=1000 forced_full=0 first_n_force=0 threshold_exceeded=0 dirty_path_taken=0 full_flush_taken=0
[08:38:12] [info] prev-frame-diff block @flip=600: diff_calls=0 diff_rects_avg=0 diff_dirty_pct_x10=0 bbox_pct_x10=0 bbox_thresh_exceeded=0
[08:38:13] [info] flip-probe: flip #610 ok=true present=4ms inter_flip_ms=67 drawcalls-since-flip=42 drawcalls-total=54388 fail-total=0 null-skips-total=0
[08:38:13] [info] backdrop cache: thrashing-detect engaged (streak=124, route=direct)
[08:38:13] [info] flip-probe: flip #620 ok=true present=4ms inter_flip_ms=67 drawcalls-since-flip=19 drawcalls-total=54660 fail-total=0 null-skips-total=0
[08:38:14] [info] flip-probe: flip #630 ok=true present=4ms inter_flip_ms=79 drawcalls-since-flip=20 drawcalls-total=54851 fail-total=0 null-skips-total=0
[08:38:15] [info]  >> Entering stage 15: 'Reservoir'.
[08:38:15] [info] [skip-sheet-flush] cave=6
[08:38:15] [info] [load-stage] preloading entry music song=9 (cave=6)
[08:38:16] [info] gameloop: entered (curmap=15, running=1)
[08:38:16] [info] gameloop: iter 1 ticks=103611 mapno=-1
[08:38:16] [info] mds-clear-lut: rebuilt N=240 entries (k_skip=13% k_keep=87%; curmap=15 map_size=40x20; rebuild #4 since boot)
[08:38:16] [info] gameloop: iter 2 ticks=103743 mapno=-1
[08:38:16] [info] flip-probe: flip #640 ok=true present=4ms inter_flip_ms=109 drawcalls-since-flip=336 drawcalls-total=57011 fail-total=0 null-skips-total=0
[08:38:16] [info] gameloop: iter 3 ticks=103860 mapno=-1
[08:38:16] [info] run_tick_fixed #2100: heartbeat (loop alive)
[08:38:17] [info] flip-probe: flip #650 ok=true present=5ms inter_flip_ms=60 drawcalls-since-flip=31 drawcalls-total=58326 fail-total=0 null-skips-total=0
[08:38:17] [info] flip-probe: flip #660 ok=true present=4ms inter_flip_ms=75 drawcalls-since-flip=31 drawcalls-total=58636 fail-total=0 null-skips-total=0
[08:38:17] [info] backdrop cache: thrashing-detect engaged (streak=4, route=direct)
[08:38:18] [info] flip-probe: flip #670 ok=true present=4ms inter_flip_ms=70 drawcalls-since-flip=34 drawcalls-total=58967 fail-total=0 null-skips-total=0
[08:38:19] [info] flip-probe: flip #680 ok=true present=4ms inter_flip_ms=63 drawcalls-since-flip=31 drawcalls-total=59279 fail-total=0 null-skips-total=0
[08:38:19] [info] flip-probe: flip #690 ok=true present=3ms inter_flip_ms=65 drawcalls-since-flip=32 drawcalls-total=59598 fail-total=0 null-skips-total=0
[08:38:20] [info] flip-probe: flip #700 ok=true present=4ms inter_flip_ms=61 drawcalls-since-flip=32 drawcalls-total=59924 fail-total=0 null-skips-total=0
[08:38:20] [info] alpha audit block 0: 5142 total drawcalls, 0 with alpha<255 (block pct_x10=0; global 0/53519 pct_x10=0); alpha-mod skipped: block=0 global=0
[08:38:20] [info] fastpath audit block 0: taken=5142 (idx8=5142) skipped=0 pct_x10=1000; global taken=53519 (idx8=53519) skipped=0 pct_x10=1000
[08:38:20] [info] primitive tally block 0: clear=202(hr=202) fill=0(hr=0) rect=0(hr=0) line=0(hr=0) tint=0 spotlight=0 (over 100 flips ending at flip 700)
[08:38:20] [info] color/alpha audit block 0: cmod_white=714 cmod_black=714 (idx=714) cmod_general=0 (idx=0) cmod_fb=0; alpha_taken=0 alpha_skipped=0 (global cmod=6705/5199/693/0 idx=5199/693 alpha=0/0)
[08:38:20] [info] phase timing block 0: drawcalls=6796 dc_total_ms=1299 flip_inner_total_ms=911 inter_flip_total_ms=8171 (per-flip avg x10: dc_ms=129 fi_ms=91 if_ms=817 derived audio+engine_ms=597; per-drawcall avg us_x10=1911) [direct-vesa: presents=100 total_ms=380 avg_ms_x10=38 failed=0] [ablation: NO_DC_TIMING=0 CACHE_WINSURF=0 DIRECT_VESA=1]
[08:38:20] [info] kbd/audio block 0: kbd_irq=0 kbd_drain=0 ring_chunks=16 pump_pass=2293 pic1_mask=0xb8 first_irq_ticks=0 install_ticks=0 vector_at_install=0x0083e3b8 pic1_mask_live=0x38 kbd_8042_stat=0x34 bios_kbd_head=0x003c bios_kbd_tail=0x003c bios_kbd_buf0=0x3920
[08:38:20] [info] audio/engine split block 0: audio_mixer_calls=325 audio_mixer_ms_x10=36 engine_tick_calls=0 engine_tick_ms_x10=0 audio_service_calls=0 audio_service_ms_x10=0 (per-flip avg; per-call us_x10: audio_mix=11097 engine_tick=0 audio_service=0; global ns: audio_mix=2355041995 engine_tick=10606578217 audio_service=0)
[08:38:20] [info] dirty-rect block @flip=700: total_calls=0 dirty_rects_avg=1 dirty_pct_x10=1000 forced_full=0 first_n_force=0 threshold_exceeded=0 dirty_path_taken=0 full_flush_taken=0
[08:38:20] [info] prev-frame-diff block @flip=700: diff_calls=0 diff_rects_avg=0 diff_dirty_pct_x10=0 bbox_pct_x10=0 bbox_thresh_exceeded=0
[08:38:21] [info] flip-probe: flip #710 ok=true present=4ms inter_flip_ms=65 drawcalls-since-flip=35 drawcalls-total=60268 fail-total=0 null-skips-total=0
[08:38:21] [info] flip-probe: flip #720 ok=true present=4ms inter_flip_ms=64 drawcalls-since-flip=35 drawcalls-total=60621 fail-total=0 null-skips-total=0
[08:38:22] [info] backdrop cache: thrashing-detect engaged (streak=64, route=direct)
[08:38:22] [info] flip-probe: flip #730 ok=true present=4ms inter_flip_ms=63 drawcalls-since-flip=33 drawcalls-total=60965 fail-total=0 null-skips-total=0
[08:38:22] [info] run_tick_fixed #2400: heartbeat (loop alive)
[08:38:22] [info] tas: stall frame 279 ms -> contributing 1 tick (patch 0286)
[08:38:23] [info] flip-probe: flip #740 ok=true present=4ms inter_flip_ms=65 drawcalls-since-flip=32 drawcalls-total=61292 fail-total=0 null-skips-total=0
[08:38:24] [info] flip-probe: flip #750 ok=true present=4ms inter_flip_ms=61 drawcalls-since-flip=31 drawcalls-total=61606 fail-total=0 null-skips-total=0
[08:38:24] [info] flip-probe: flip #760 ok=true present=3ms inter_flip_ms=66 drawcalls-since-flip=13 drawcalls-total=61880 fail-total=0 null-skips-total=0
[08:38:25] [info] backdrop cache: thrashing-detect engaged (streak=4, route=direct)
[08:38:25] [info] flip-probe: flip #770 ok=true present=4ms inter_flip_ms=55 drawcalls-since-flip=13 drawcalls-total=62010 fail-total=0 null-skips-total=0
[08:38:26] [info] flip-probe: flip #780 ok=true present=4ms inter_flip_ms=62 drawcalls-since-flip=13 drawcalls-total=62140 fail-total=0 null-skips-total=0
[08:38:26] [info] flip-probe: flip #790 ok=true present=4ms inter_flip_ms=65 drawcalls-since-flip=13 drawcalls-total=62270 fail-total=0 null-skips-total=0
[08:38:27] [info] flip-probe: flip #800 ok=true present=4ms inter_flip_ms=60 drawcalls-since-flip=13 drawcalls-total=62400 fail-total=0 null-skips-total=0
[08:38:27] [info] alpha audit block 0: 1854 total drawcalls, 0 with alpha<255 (block pct_x10=0; global 0/55373 pct_x10=0); alpha-mod skipped: block=0 global=0
[08:38:27] [info] fastpath audit block 0: taken=1854 (idx8=1854) skipped=0 pct_x10=1000; global taken=55373 (idx8=55373) skipped=0 pct_x10=1000
[08:38:27] [info] primitive tally block 0: clear=200(hr=200) fill=0(hr=0) rect=0(hr=0) line=0(hr=0) tint=0 spotlight=0 (over 100 flips ending at flip 800)
[08:38:27] [info] color/alpha audit block 0: cmod_white=522 cmod_black=522 (idx=522) cmod_general=0 (idx=0) cmod_fb=0; alpha_taken=0 alpha_skipped=0 (global cmod=7227/5721/693/0 idx=5721/693 alpha=0/0)
[08:38:27] [info] phase timing block 0: drawcalls=3115 dc_total_ms=876 flip_inner_total_ms=885 inter_flip_total_ms=6813 (per-flip avg x10: dc_ms=87 fi_ms=88 if_ms=681 derived audio+engine_ms=506; per-drawcall avg us_x10=2813) [direct-vesa: presents=100 total_ms=379 avg_ms_x10=37 failed=0] [ablation: NO_DC_TIMING=0 CACHE_WINSURF=0 DIRECT_VESA=1]
[08:38:27] [info] kbd/audio block 0: kbd_irq=0 kbd_drain=0 ring_chunks=16 pump_pass=2621 pic1_mask=0xb8 first_irq_ticks=0 install_ticks=0 vector_at_install=0x0083e3b8 pic1_mask_live=0x38 kbd_8042_stat=0x34 bios_kbd_head=0x003c bios_kbd_tail=0x003c bios_kbd_buf0=0x3920
[08:38:27] [info] audio/engine split block 0: audio_mixer_calls=292 audio_mixer_ms_x10=32 engine_tick_calls=0 engine_tick_ms_x10=0 audio_service_calls=0 audio_service_ms_x10=0 (per-flip avg; per-call us_x10: audio_mix=11082 engine_tick=0 audio_service=0; global ns: audio_mix=2678657893 engine_tick=10606578217 audio_service=0)
[08:38:27] [info] dirty-rect block @flip=800: total_calls=0 dirty_rects_avg=1 dirty_pct_x10=1000 forced_full=0 first_n_force=0 threshold_exceeded=0 dirty_path_taken=0 full_flush_taken=0
[08:38:27] [info] prev-frame-diff block @flip=800: diff_calls=0 diff_rects_avg=0 diff_dirty_pct_x10=0 bbox_pct_x10=0 bbox_thresh_exceeded=0
[08:38:27] [info] flip-probe: flip #810 ok=true present=4ms inter_flip_ms=54 drawcalls-since-flip=13 drawcalls-total=62530 fail-total=0 null-skips-total=0
[08:38:28] [info] flip-probe: flip #820 ok=true present=4ms inter_flip_ms=62 drawcalls-since-flip=13 drawcalls-total=62660 fail-total=0 null-skips-total=0
[08:38:28] [info] run_tick_fixed #2700: heartbeat (loop alive)
[08:38:28] [info] backdrop cache: thrashing-detect engaged (streak=64, route=direct)
[08:38:29] [info] flip-probe: flip #830 ok=true present=4ms inter_flip_ms=103 drawcalls-since-flip=318 drawcalls-total=63635 fail-total=0 null-skips-total=0
[08:38:29] [info]  >> Entering stage 11: 'Mimiga Village'.
[08:38:29] [info] [skip-sheet-flush] cave=7
[08:38:30] [info] [load-stage] preloading entry music song=9 (cave=7)
[08:38:30] [info] gameloop: entered (curmap=11, running=1)
[08:38:30] [info] gameloop: iter 1 ticks=117969 mapno=-1
[08:38:30] [info] mds-clear-lut: rebuilt N=240 entries (k_skip=0% k_keep=100%; curmap=11 map_size=60x60; rebuild #5 since boot)
[08:38:30] [info] gameloop: iter 2 ticks=118101 mapno=-1
[08:38:30] [info] gameloop: iter 3 ticks=118228 mapno=-1
[08:38:31] [info] flip-probe: flip #840 ok=true present=4ms inter_flip_ms=96 drawcalls-since-flip=167 drawcalls-total=65999 fail-total=0 null-skips-total=0
[08:38:31] [info] flip-probe: flip #850 ok=true present=4ms inter_flip_ms=66 drawcalls-since-flip=42 drawcalls-total=66459 fail-total=0 null-skips-total=0
[08:38:32] [info] flip-probe: flip #860 ok=true present=4ms inter_flip_ms=87 drawcalls-since-flip=51 drawcalls-total=66921 fail-total=0 null-skips-total=0
[08:38:32] [info] backdrop cache: thrashing-detect engaged (streak=4, route=direct)
[08:38:33] [info] flip-probe: flip #870 ok=true present=4ms inter_flip_ms=75 drawcalls-since-flip=48 drawcalls-total=67413 fail-total=0 null-skips-total=0
[08:38:34] [info] flip-probe: flip #880 ok=true present=4ms inter_flip_ms=81 drawcalls-since-flip=45 drawcalls-total=67869 fail-total=0 null-skips-total=0
[08:38:35] [info] flip-probe: flip #890 ok=true present=4ms inter_flip_ms=72 drawcalls-since-flip=45 drawcalls-total=68313 fail-total=0 null-skips-total=0
[08:38:35] [info] flip-probe: flip #900 ok=true present=4ms inter_flip_ms=73 drawcalls-since-flip=44 drawcalls-total=68753 fail-total=0 null-skips-total=0
[08:38:35] [info] alpha audit block 0: 5395 total drawcalls, 0 with alpha<255 (block pct_x10=0; global 0/60768 pct_x10=0); alpha-mod skipped: block=0 global=0
[08:38:35] [info] fastpath audit block 0: taken=5395 (idx8=5395) skipped=0 pct_x10=1000; global taken=60768 (idx8=60768) skipped=0 pct_x10=1000
[08:38:35] [info] primitive tally block 0: clear=202(hr=202) fill=0(hr=0) rect=0(hr=0) line=0(hr=0) tint=0 spotlight=0 (over 100 flips ending at flip 900)
[08:38:35] [info] color/alpha audit block 0: cmod_white=858 cmod_black=858 (idx=858) cmod_general=0 (idx=0) cmod_fb=0; alpha_taken=0 alpha_skipped=0 (global cmod=8085/6579/693/0 idx=6579/693 alpha=0/0)
[08:38:35] [info] phase timing block 0: drawcalls=7342 dc_total_ms=1380 flip_inner_total_ms=904 inter_flip_total_ms=8517 (per-flip avg x10: dc_ms=138 fi_ms=90 if_ms=851 derived audio+engine_ms=623; per-drawcall avg us_x10=1880) [direct-vesa: presents=100 total_ms=380 avg_ms_x10=38 failed=0] [ablation: NO_DC_TIMING=0 CACHE_WINSURF=0 DIRECT_VESA=1]
[08:38:35] [info] kbd/audio block 0: kbd_irq=0 kbd_drain=0 ring_chunks=16 pump_pass=3000 pic1_mask=0xb8 first_irq_ticks=0 install_ticks=0 vector_at_install=0x0083e3b8 pic1_mask_live=0x38 kbd_8042_stat=0x34 bios_kbd_head=0x003c bios_kbd_tail=0x003c bios_kbd_buf0=0x3920
[08:38:35] [info] audio/engine split block 0: audio_mixer_calls=341 audio_mixer_ms_x10=37 engine_tick_calls=0 engine_tick_ms_x10=0 audio_service_calls=0 audio_service_ms_x10=0 (per-flip avg; per-call us_x10: audio_mix=11108 engine_tick=0 audio_service=0; global ns: audio_mix=3057450694 engine_tick=10606578217 audio_service=0)
[08:38:35] [info] dirty-rect block @flip=900: total_calls=0 dirty_rects_avg=1 dirty_pct_x10=1000 forced_full=0 first_n_force=0 threshold_exceeded=0 dirty_path_taken=0 full_flush_taken=0
[08:38:35] [info] prev-frame-diff block @flip=900: diff_calls=0 diff_rects_avg=0 diff_dirty_pct_x10=0 bbox_pct_x10=0 bbox_thresh_exceeded=0
[08:38:36] [info] run_tick_fixed #3000: heartbeat (loop alive)
[08:38:36] [info] tas: stall frame 381 ms -> contributing 1 tick (patch 0286)
[08:38:36] [info] flip-probe: flip #910 ok=true present=4ms inter_flip_ms=76 drawcalls-since-flip=44 drawcalls-total=69193 fail-total=0 null-skips-total=0
[08:38:37] [info] flip-probe: flip #920 ok=true present=4ms inter_flip_ms=75 drawcalls-since-flip=43 drawcalls-total=69629 fail-total=0 null-skips-total=0
[08:38:37] [info] backdrop cache: thrashing-detect engaged (streak=64, route=direct)
[08:38:38] [info] flip-probe: flip #930 ok=true present=4ms inter_flip_ms=71 drawcalls-since-flip=42 drawcalls-total=70057 fail-total=0 null-skips-total=0
[08:38:38] [info] flip-probe: flip #940 ok=true present=3ms inter_flip_ms=72 drawcalls-since-flip=43 drawcalls-total=70480 fail-total=0 null-skips-total=0
[08:38:39] [info] flip-probe: flip #950 ok=true present=4ms inter_flip_ms=77 drawcalls-since-flip=44 drawcalls-total=70919 fail-total=0 null-skips-total=0
[08:38:40] [info] flip-probe: flip #960 ok=true present=3ms inter_flip_ms=77 drawcalls-since-flip=17 drawcalls-total=71199 fail-total=0 null-skips-total=0
[08:38:41] [info] flip-probe: flip #970 ok=true present=4ms inter_flip_ms=65 drawcalls-since-flip=17 drawcalls-total=71364 fail-total=0 null-skips-total=0
[08:38:41] [info] flip-probe: flip #980 ok=true present=4ms inter_flip_ms=62 drawcalls-since-flip=18 drawcalls-total=71537 fail-total=0 null-skips-total=0
[08:38:41] [info] backdrop cache: thrashing-detect engaged (streak=124, route=direct)
[08:38:42] [info] flip-probe: flip #990 ok=true present=4ms inter_flip_ms=70 drawcalls-since-flip=18 drawcalls-total=71717 fail-total=0 null-skips-total=0
[08:38:43] [info] flip-probe: flip #1000 ok=true present=4ms inter_flip_ms=73 drawcalls-since-flip=20 drawcalls-total=71905 fail-total=0 null-skips-total=0
[08:38:43] [info] alpha audit block 0: 2350 total drawcalls, 0 with alpha<255 (block pct_x10=0; global 0/63118 pct_x10=0); alpha-mod skipped: block=0 global=0
[08:38:43] [info] fastpath audit block 0: taken=2350 (idx8=2350) skipped=0 pct_x10=1000; global taken=63118 (idx8=63118) skipped=0 pct_x10=1000
[08:38:43] [info] primitive tally block 0: clear=200(hr=200) fill=0(hr=0) rect=0(hr=0) line=0(hr=0) tint=0 spotlight=0 (over 100 flips ending at flip 1000)
[08:38:43] [info] color/alpha audit block 0: cmod_white=702 cmod_black=702 (idx=702) cmod_general=0 (idx=0) cmod_fb=0; alpha_taken=0 alpha_skipped=0 (global cmod=8787/7281/693/0 idx=7281/693 alpha=0/0)
[08:38:43] [info] phase timing block 0: drawcalls=3954 dc_total_ms=891 flip_inner_total_ms=882 inter_flip_total_ms=7351 (per-flip avg x10: dc_ms=89 fi_ms=88 if_ms=735 derived audio+engine_ms=558; per-drawcall avg us_x10=2254) [direct-vesa: presents=100 total_ms=379 avg_ms_x10=37 failed=0] [ablation: NO_DC_TIMING=0 CACHE_WINSURF=0 DIRECT_VESA=1]
[08:38:43] [info] kbd/audio block 0: kbd_irq=0 kbd_drain=0 ring_chunks=16 pump_pass=3350 pic1_mask=0xb8 first_irq_ticks=0 install_ticks=0 vector_at_install=0x0083e3b8 pic1_mask_live=0x38 kbd_8042_stat=0x34 bios_kbd_head=0x003c bios_kbd_tail=0x003c bios_kbd_buf0=0x3920
[08:38:43] [info] audio/engine split block 0: audio_mixer_calls=313 audio_mixer_ms_x10=34 engine_tick_calls=0 engine_tick_ms_x10=0 audio_service_calls=0 audio_service_ms_x10=0 (per-flip avg; per-call us_x10: audio_mix=11072 engine_tick=0 audio_service=0; global ns: audio_mix=3404025400 engine_tick=10606578217 audio_service=0)
[08:38:43] [info] dirty-rect block @flip=1000: total_calls=0 dirty_rects_avg=1 dirty_pct_x10=1000 forced_full=0 first_n_force=0 threshold_exceeded=0 dirty_path_taken=0 full_flush_taken=0
[08:38:43] [info] prev-frame-diff block @flip=1000: diff_calls=0 diff_rects_avg=0 diff_dirty_pct_x10=0 bbox_pct_x10=0 bbox_thresh_exceeded=0
[08:38:43] [info] flip-probe: flip #1010 ok=true present=4ms inter_flip_ms=66 drawcalls-since-flip=20 drawcalls-total=72105 fail-total=0 null-skips-total=0
[08:38:44] [info] flip-probe: flip #1020 ok=true present=4ms inter_flip_ms=65 drawcalls-since-flip=16 drawcalls-total=72274 fail-total=0 null-skips-total=0
[08:38:45] [info] flip-probe: flip #1030 ok=true present=4ms inter_flip_ms=72 drawcalls-since-flip=17 drawcalls-total=72436 fail-total=0 null-skips-total=0
[08:38:45] [info] flip-probe: flip #1040 ok=true present=4ms inter_flip_ms=66 drawcalls-since-flip=16 drawcalls-total=72605 fail-total=0 null-skips-total=0
[08:38:46] [info] backdrop cache: thrashing-detect engaged (streak=184, route=direct)
[08:38:46] [info] flip-probe: flip #1050 ok=true present=4ms inter_flip_ms=62 drawcalls-since-flip=16 drawcalls-total=72760 fail-total=0 null-skips-total=0
[08:38:47] [info] flip-probe: flip #1060 ok=true present=4ms inter_flip_ms=81 drawcalls-since-flip=20 drawcalls-total=72936 fail-total=0 null-skips-total=0
[08:38:48] [info] flip-probe: flip #1070 ok=true present=4ms inter_flip_ms=79 drawcalls-since-flip=67 drawcalls-total=73165 fail-total=0 null-skips-total=0
[08:38:48] [info]  >> Entering stage 19: 'Assembly Hall'.
[08:38:48] [info] [skip-sheet-flush] cave=8
[08:38:49] [info] [load-stage] preloading entry music song=9 (cave=8)
[08:38:49] [info] gameloop: entered (curmap=19, running=1)
[08:38:49] [info] gameloop: iter 1 ticks=137502 mapno=-1
[08:38:49] [info] mds-clear-lut: rebuilt N=240 entries (k_skip=100% k_keep=0%; curmap=19 map_size=21x16; rebuild #6 since boot)
[08:38:50] [info] gameloop: iter 2 ticks=137644 mapno=-1
[08:38:50] [info] gameloop: iter 3 ticks=137771 mapno=-1
[08:38:50] [info] tas: stall frame 341 ms -> contributing 1 tick (patch 0286)
[08:38:50] [info] flip-probe: flip #1080 ok=true present=3ms inter_flip_ms=348 drawcalls-since-flip=463 drawcalls-total=76147 fail-total=0 null-skips-total=0
[08:38:51] [info] flip-probe: flip #1090 ok=true present=4ms inter_flip_ms=64 drawcalls-since-flip=121 drawcalls-total=77985 fail-total=0 null-skips-total=0
[08:38:51] [info] flip-probe: flip #1100 ok=true present=4ms inter_flip_ms=68 drawcalls-since-flip=123 drawcalls-total=79197 fail-total=0 null-skips-total=0
[08:38:51] [info] alpha audit block 0: 6916 total drawcalls, 0 with alpha<255 (block pct_x10=0; global 0/70034 pct_x10=0); alpha-mod skipped: block=0 global=0
[08:38:51] [info] fastpath audit block 0: taken=6916 (idx8=6916) skipped=0 pct_x10=1000; global taken=70034 (idx8=70034) skipped=0 pct_x10=1000
[08:38:51] [info] primitive tally block 0: clear=202(hr=202) fill=0(hr=0) rect=0(hr=0) line=0(hr=0) tint=0 spotlight=0 (over 100 flips ending at flip 1100)
[08:38:51] [info] color/alpha audit block 0: cmod_white=276 cmod_black=276 (idx=276) cmod_general=0 (idx=0) cmod_fb=0; alpha_taken=0 alpha_skipped=0 (global cmod=9063/7557/693/0 idx=7557/693 alpha=0/0)
[08:38:51] [info] phase timing block 0: drawcalls=7693 dc_total_ms=1261 flip_inner_total_ms=892 inter_flip_total_ms=8853 (per-flip avg x10: dc_ms=126 fi_ms=89 if_ms=885 derived audio+engine_ms=670; per-drawcall avg us_x10=1639) [direct-vesa: presents=100 total_ms=378 avg_ms_x10=37 failed=0] [ablation: NO_DC_TIMING=0 CACHE_WINSURF=0 DIRECT_VESA=1]
[08:38:51] [info] kbd/audio block 0: kbd_irq=0 kbd_drain=0 ring_chunks=16 pump_pass=3719 pic1_mask=0xb8 first_irq_ticks=0 install_ticks=0 vector_at_install=0x0083e3b8 pic1_mask_live=0x38 kbd_8042_stat=0x34 bios_kbd_head=0x003c bios_kbd_tail=0x003c bios_kbd_buf0=0x3920
[08:38:52] [info] audio/engine split block 0: audio_mixer_calls=328 audio_mixer_ms_x10=36 engine_tick_calls=0 engine_tick_ms_x10=0 audio_service_calls=0 audio_service_ms_x10=0 (per-flip avg; per-call us_x10: audio_mix=11106 engine_tick=0 audio_service=0; global ns: audio_mix=3768330870 engine_tick=10606578217 audio_service=0)
[08:38:52] [info] dirty-rect block @flip=1100: total_calls=0 dirty_rects_avg=1 dirty_pct_x10=1000 forced_full=0 first_n_force=0 threshold_exceeded=0 dirty_path_taken=0 full_flush_taken=0
[08:38:52] [info] prev-frame-diff block @flip=1100: diff_calls=0 diff_rects_avg=0 diff_dirty_pct_x10=0 bbox_pct_x10=0 bbox_thresh_exceeded=0
[08:38:52] [info] tas: stall frame 156 ms -> contributing 1 tick (patch 0286)
[08:38:52] [info] flip-probe: flip #1110 ok=true present=4ms inter_flip_ms=62 drawcalls-since-flip=121 drawcalls-total=80423 fail-total=0 null-skips-total=0
[08:38:53] [info] flip-probe: flip #1120 ok=true present=4ms inter_flip_ms=60 drawcalls-since-flip=121 drawcalls-total=81642 fail-total=0 null-skips-total=0
[08:38:54] [info] flip-probe: flip #1130 ok=true present=4ms inter_flip_ms=64 drawcalls-since-flip=121 drawcalls-total=82852 fail-total=0 null-skips-total=0
[08:38:54] [info] flip-probe: flip #1140 ok=true present=4ms inter_flip_ms=65 drawcalls-since-flip=121 drawcalls-total=84062 fail-total=0 null-skips-total=0
[08:38:55] [info]  >> Entering stage 11: 'Mimiga Village'.
[08:38:55] [info] [skip-sheet-flush] cave=9
[08:38:56] [info] [load-stage] preloading entry music song=9 (cave=9)
[08:38:56] [info] gameloop: entered (curmap=11, running=1)
[08:38:56] [info] gameloop: iter 1 ticks=144339 mapno=-1
[08:38:56] [info] mds-clear-lut: rebuilt N=240 entries (k_skip=0% k_keep=100%; curmap=11 map_size=60x60; rebuild #7 since boot)
[08:38:56] [info] flip-probe: flip #1150 ok=true present=4ms inter_flip_ms=1218 drawcalls-since-flip=384 drawcalls-total=87303 fail-total=0 null-skips-total=0
[08:38:56] [info] gameloop: iter 2 ticks=144504 mapno=-1
[08:38:56] [info] tas: stall frame 165 ms -> contributing 1 tick (patch 0286)
[08:38:57] [info] gameloop: iter 3 ticks=144632 mapno=-1
[08:38:57] [info] backdrop cache: thrashing-detect engaged (streak=4, route=direct)
[08:38:57] [info] flip-probe: flip #1160 ok=true present=4ms inter_flip_ms=85 drawcalls-since-flip=44 drawcalls-total=89101 fail-total=0 null-skips-total=0
[08:38:58] [info] flip-probe: flip #1170 ok=true present=4ms inter_flip_ms=80 drawcalls-since-flip=41 drawcalls-total=89534 fail-total=0 null-skips-total=0
[08:38:59] [info] flip-probe: flip #1180 ok=true present=4ms inter_flip_ms=73 drawcalls-since-flip=44 drawcalls-total=89960 fail-total=0 null-skips-total=0
[08:39:00] [info] flip-probe: flip #1190 ok=true present=4ms inter_flip_ms=67 drawcalls-since-flip=42 drawcalls-total=90385 fail-total=0 null-skips-total=0
[08:39:00] [info] flip-probe: flip #1200 ok=true present=4ms inter_flip_ms=69 drawcalls-since-flip=43 drawcalls-total=90828 fail-total=0 null-skips-total=0
[08:39:00] [info] alpha audit block 0: 10280 total drawcalls, 0 with alpha<255 (block pct_x10=0; global 0/80314 pct_x10=0); alpha-mod skipped: block=0 global=0
[08:39:00] [info] fastpath audit block 0: taken=10280 (idx8=10280) skipped=0 pct_x10=1000; global taken=80314 (idx8=80314) skipped=0 pct_x10=1000
[08:39:00] [info] primitive tally block 0: clear=201(hr=201) fill=0(hr=0) rect=0(hr=0) line=0(hr=0) tint=0 spotlight=0 (over 100 flips ending at flip 1200)
[08:39:00] [info] color/alpha audit block 0: cmod_white=1251 cmod_black=1251 (idx=1251) cmod_general=0 (idx=0) cmod_fb=0; alpha_taken=0 alpha_skipped=0 (global cmod=10314/8808/693/0 idx=8808/693 alpha=0/0)
[08:39:00] [info] phase timing block 0: drawcalls=13037 dc_total_ms=1735 flip_inner_total_ms=896 inter_flip_total_ms=8931 (per-flip avg x10: dc_ms=173 fi_ms=89 if_ms=893 derived audio+engine_ms=631; per-drawcall avg us_x10=1331) [direct-vesa: presents=100 total_ms=378 avg_ms_x10=37 failed=0] [ablation: NO_DC_TIMING=0 CACHE_WINSURF=0 DIRECT_VESA=1]
[08:39:00] [info] kbd/audio block 0: kbd_irq=0 kbd_drain=0 ring_chunks=16 pump_pass=4090 pic1_mask=0xb8 first_irq_ticks=0 install_ticks=0 vector_at_install=0x0083e3b8 pic1_mask_live=0x38 kbd_8042_stat=0x34 bios_kbd_head=0x003c bios_kbd_tail=0x003c bios_kbd_buf0=0x3920
[08:39:00] [info] audio/engine split block 0: audio_mixer_calls=338 audio_mixer_ms_x10=37 engine_tick_calls=0 engine_tick_ms_x10=0 audio_service_calls=0 audio_service_ms_x10=0 (per-flip avg; per-call us_x10: audio_mix=11079 engine_tick=0 audio_service=0; global ns: audio_mix=4142822562 engine_tick=10606578217 audio_service=0)
[08:39:00] [info] dirty-rect block @flip=1200: total_calls=0 dirty_rects_avg=1 dirty_pct_x10=1000 forced_full=0 first_n_force=0 threshold_exceeded=0 dirty_path_taken=0 full_flush_taken=0
[08:39:00] [info] prev-frame-diff block @flip=1200: diff_calls=0 diff_rects_avg=0 diff_dirty_pct_x10=0 bbox_pct_x10=0 bbox_thresh_exceeded=0
[08:39:00] [info] tas: stall frame 151 ms -> contributing 1 tick (patch 0286)
[08:39:01] [info] flip-probe: flip #1210 ok=true present=4ms inter_flip_ms=72 drawcalls-since-flip=43 drawcalls-total=91261 fail-total=0 null-skips-total=0
[08:39:02] [info] backdrop cache: thrashing-detect engaged (streak=64, route=direct)
[08:39:02] [info] flip-probe: flip #1220 ok=true present=4ms inter_flip_ms=69 drawcalls-since-flip=42 drawcalls-total=91684 fail-total=0 null-skips-total=0
[08:39:03] [info] flip-probe: flip #1230 ok=true present=4ms inter_flip_ms=79 drawcalls-since-flip=43 drawcalls-total=92107 fail-total=0 null-skips-total=0
[08:39:03] [info] tas: stall frame 301 ms -> contributing 1 tick (patch 0286)
[08:39:03] [info] run_tick_fixed #4200: heartbeat (loop alive)
[08:39:04] [info] flip-probe: flip #1240 ok=true present=4ms inter_flip_ms=73 drawcalls-since-flip=44 drawcalls-total=92542 fail-total=0 null-skips-total=0
[08:39:04] [info] flip-probe: flip #1250 ok=true present=4ms inter_flip_ms=71 drawcalls-since-flip=40 drawcalls-total=92962 fail-total=0 null-skips-total=0
[08:39:05] [info] flip-probe: flip #1260 ok=true present=4ms inter_flip_ms=126 drawcalls-since-flip=382 drawcalls-total=94492 fail-total=0 null-skips-total=0
[08:39:06] [info]  >> Entering stage 14: 'Shack'.
[08:39:06] [info] [skip-sheet-flush] cave=10
[08:39:06] [info] [load-stage] preloading entry music song=8 (cave=10)
[08:39:06] [info] [music-dispatch] tick=4329 song=8 (prev 9)
[08:39:08] [info] Organya pre-render: cache HIT VIVI (1580544 bytes from CACHE; 1 ch; synth skipped).
[08:39:08] [info] gameloop: entered (curmap=14, running=1)
[08:39:08] [info] gameloop: iter 1 ticks=156154 mapno=-1
[08:39:08] [info] gameloop: iter 2 ticks=156266 mapno=-1
[08:39:08] [info] gameloop: iter 3 ticks=156381 mapno=-1
[08:39:09] [info] flip-probe: flip #1270 ok=true present=4ms inter_flip_ms=64 drawcalls-since-flip=17 drawcalls-total=97101 fail-total=0 null-skips-total=0
[08:39:09] [info] flip-probe: flip #1280 ok=true present=4ms inter_flip_ms=55 drawcalls-since-flip=23 drawcalls-total=97321 fail-total=0 null-skips-total=0
[08:39:10] [info] flip-probe: flip #1290 ok=true present=4ms inter_flip_ms=54 drawcalls-since-flip=25 drawcalls-total=97553 fail-total=0 null-skips-total=0
[08:39:10] [info] flip-probe: flip #1300 ok=true present=4ms inter_flip_ms=51 drawcalls-since-flip=24 drawcalls-total=97810 fail-total=0 null-skips-total=0
[08:39:10] [info] alpha audit block 0: 5915 total drawcalls, 0 with alpha<255 (block pct_x10=0; global 0/86229 pct_x10=0); alpha-mod skipped: block=0 global=0
[08:39:10] [info] fastpath audit block 0: taken=5915 (idx8=5915) skipped=0 pct_x10=1000; global taken=86229 (idx8=86229) skipped=0 pct_x10=1000
[08:39:10] [info] primitive tally block 0: clear=201(hr=201) fill=0(hr=0) rect=0(hr=0) line=0(hr=0) tint=0 spotlight=0 (over 100 flips ending at flip 1300)
[08:39:10] [info] color/alpha audit block 0: cmod_white=1004 cmod_black=1004 (idx=1004) cmod_general=0 (idx=0) cmod_fb=0; alpha_taken=0 alpha_skipped=0 (global cmod=11318/9812/693/0 idx=9812/693 alpha=0/0)
[08:39:10] [info] phase timing block 0: drawcalls=8124 dc_total_ms=1279 flip_inner_total_ms=1132 inter_flip_total_ms=9950 (per-flip avg x10: dc_ms=127 fi_ms=113 if_ms=995 derived audio+engine_ms=755; per-drawcall avg us_x10=1574) [direct-vesa: presents=100 total_ms=382 avg_ms_x10=38 failed=0] [ablation: NO_DC_TIMING=0 CACHE_WINSURF=0 DIRECT_VESA=1]
[08:39:10] [info] kbd/audio block 0: kbd_irq=0 kbd_drain=0 ring_chunks=16 pump_pass=4443 pic1_mask=0xb8 first_irq_ticks=0 install_ticks=0 vector_at_install=0x0083e3b8 pic1_mask_live=0x38 kbd_8042_stat=0x34 bios_kbd_head=0x003c bios_kbd_tail=0x003c bios_kbd_buf0=0x3920
[08:39:10] [info] audio/engine split block 0: audio_mixer_calls=330 audio_mixer_ms_x10=36 engine_tick_calls=0 engine_tick_ms_x10=0 audio_service_calls=0 audio_service_ms_x10=0 (per-flip avg; per-call us_x10: audio_mix=11157 engine_tick=0 audio_service=0; global ns: audio_mix=4511032730 engine_tick=10606578217 audio_service=0)
[08:39:10] [info] dirty-rect block @flip=1300: total_calls=0 dirty_rects_avg=1 dirty_pct_x10=1000 forced_full=0 first_n_force=0 threshold_exceeded=0 dirty_path_taken=0 full_flush_taken=0
[08:39:10] [info] prev-frame-diff block @flip=1300: diff_calls=0 diff_rects_avg=0 diff_dirty_pct_x10=0 bbox_pct_x10=0 bbox_thresh_exceeded=0
[08:39:11] [info] flip-probe: flip #1310 ok=true present=4ms inter_flip_ms=50 drawcalls-since-flip=23 drawcalls-total=98041 fail-total=0 null-skips-total=0
[08:39:11] [info] flip-probe: flip #1320 ok=true present=4ms inter_flip_ms=58 drawcalls-since-flip=23 drawcalls-total=98271 fail-total=0 null-skips-total=0
[08:39:12] [info] flip-probe: flip #1330 ok=true present=4ms inter_flip_ms=47 drawcalls-since-flip=23 drawcalls-total=98501 fail-total=0 null-skips-total=0
[08:39:13] [info] flip-probe: flip #1340 ok=true present=4ms inter_flip_ms=48 drawcalls-since-flip=23 drawcalls-total=98731 fail-total=0 null-skips-total=0
[08:39:13] [info] flip-probe: flip #1350 ok=true present=4ms inter_flip_ms=67 drawcalls-since-flip=73 drawcalls-total=99011 fail-total=0 null-skips-total=0
[08:39:14] [info]  >> Entering stage 11: 'Mimiga Village'.
[08:39:14] [info] [skip-sheet-flush] cave=11
[08:39:14] [info] [load-stage] preloading entry music song=9 (cave=11)
[08:39:14] [info] [music-dispatch] tick=4612 song=9 (prev 8)
[08:39:15] [info] Organya pre-render: cache HIT MURA (1481280 bytes from CACHE; 1 ch; synth skipped).
[08:39:15] [info] gameloop: entered (curmap=11, running=1)
[08:39:15] [info] gameloop: iter 1 ticks=163286 mapno=-1
[08:39:15] [info] gameloop: iter 2 ticks=163425 mapno=-1
[08:39:15] [info] gameloop: iter 3 ticks=163558 mapno=-1
[08:39:16] [info] flip-probe: flip #1360 ok=true present=4ms inter_flip_ms=142 drawcalls-since-flip=382 drawcalls-total=102124 fail-total=0 null-skips-total=0
[08:39:16] [info] backdrop cache: thrashing-detect engaged (streak=4, route=direct)
[08:39:16] [info] flip-probe: flip #1370 ok=true present=4ms inter_flip_ms=82 drawcalls-since-flip=41 drawcalls-total=103082 fail-total=0 null-skips-total=0
[08:39:17] [info] flip-probe: flip #1380 ok=true present=4ms inter_flip_ms=76 drawcalls-since-flip=43 drawcalls-total=103509 fail-total=0 null-skips-total=0
[08:39:18] [info] flip-probe: flip #1390 ok=true present=4ms inter_flip_ms=75 drawcalls-since-flip=42 drawcalls-total=103959 fail-total=0 null-skips-total=0
[08:39:19] [info] flip-probe: flip #1400 ok=true present=3ms inter_flip_ms=73 drawcalls-since-flip=45 drawcalls-total=104382 fail-total=0 null-skips-total=0
[08:39:19] [info] alpha audit block 0: 5685 total drawcalls, 0 with alpha<255 (block pct_x10=0; global 0/91914 pct_x10=0); alpha-mod skipped: block=0 global=0
[08:39:19] [info] fastpath audit block 0: taken=5685 (idx8=5685) skipped=0 pct_x10=1000; global taken=91914 (idx8=91914) skipped=0 pct_x10=1000
[08:39:19] [info] primitive tally block 0: clear=201(hr=201) fill=0(hr=0) rect=0(hr=0) line=0(hr=0) tint=0 spotlight=0 (over 100 flips ending at flip 1400)
[08:39:19] [info] color/alpha audit block 0: cmod_white=844 cmod_black=844 (idx=844) cmod_general=0 (idx=0) cmod_fb=0; alpha_taken=0 alpha_skipped=0 (global cmod=12162/10656/693/0 idx=10656/693 alpha=0/0)
[08:39:19] [info] phase timing block 0: drawcalls=7579 dc_total_ms=1257 flip_inner_total_ms=1122 inter_flip_total_ms=8381 (per-flip avg x10: dc_ms=125 fi_ms=112 if_ms=838 derived audio+engine_ms=601; per-drawcall avg us_x10=1659) [direct-vesa: presents=100 total_ms=381 avg_ms_x10=38 failed=0] [ablation: NO_DC_TIMING=0 CACHE_WINSURF=0 DIRECT_VESA=1]
[08:39:19] [info] kbd/audio block 0: kbd_irq=0 kbd_drain=0 ring_chunks=16 pump_pass=4782 pic1_mask=0xb8 first_irq_ticks=0 install_ticks=0 vector_at_install=0x0083e3b8 pic1_mask_live=0x38 kbd_8042_stat=0x34 bios_kbd_head=0x003c bios_kbd_tail=0x003c bios_kbd_buf0=0x3920
[08:39:19] [info] audio/engine split block 0: audio_mixer_calls=304 audio_mixer_ms_x10=33 engine_tick_calls=0 engine_tick_ms_x10=0 audio_service_calls=0 audio_service_ms_x10=0 (per-flip avg; per-call us_x10: audio_mix=11089 engine_tick=0 audio_service=0; global ns: audio_mix=4848161244 engine_tick=10606578217 audio_service=0)
[08:39:19] [info] dirty-rect block @flip=1400: total_calls=0 dirty_rects_avg=1 dirty_pct_x10=1000 forced_full=0 first_n_force=0 threshold_exceeded=0 dirty_path_taken=0 full_flush_taken=0
[08:39:19] [info] prev-frame-diff block @flip=1400: diff_calls=0 diff_rects_avg=0 diff_dirty_pct_x10=0 bbox_pct_x10=0 bbox_thresh_exceeded=0
[08:39:19] [info] tas: stall frame 371 ms -> contributing 1 tick (patch 0286)
[08:39:19] [info] run_tick_fixed #4800: heartbeat (loop alive)
[08:39:20] [info] flip-probe: flip #1410 ok=true present=4ms inter_flip_ms=72 drawcalls-since-flip=44 drawcalls-total=104827 fail-total=0 null-skips-total=0
[08:39:21] [info] flip-probe: flip #1420 ok=true present=4ms inter_flip_ms=79 drawcalls-since-flip=45 drawcalls-total=105268 fail-total=0 null-skips-total=0
[08:39:21] [info] backdrop cache: thrashing-detect engaged (streak=64, route=direct)
[08:39:21] [info] flip-probe: flip #1430 ok=true present=4ms inter_flip_ms=72 drawcalls-since-flip=44 drawcalls-total=105717 fail-total=0 null-skips-total=0
[08:39:22] [info] flip-probe: flip #1440 ok=true present=4ms inter_flip_ms=75 drawcalls-since-flip=44 drawcalls-total=106151 fail-total=0 null-skips-total=0
[08:39:22] [info] backdrop cache: thrashing-detect engaged (streak=4, route=direct)
[08:39:23] [info] flip-probe: flip #1450 ok=true present=4ms inter_flip_ms=67 drawcalls-since-flip=46 drawcalls-total=106601 fail-total=0 null-skips-total=0
[08:39:24] [info] flip-probe: flip #1460 ok=true present=4ms inter_flip_ms=64 drawcalls-since-flip=44 drawcalls-total=107049 fail-total=0 null-skips-total=0
[08:39:24] [info] flip-probe: flip #1470 ok=true present=4ms inter_flip_ms=72 drawcalls-since-flip=44 drawcalls-total=107489 fail-total=0 null-skips-total=0
[08:39:25] [info] flip-probe: flip #1480 ok=true present=4ms inter_flip_ms=63 drawcalls-since-flip=18 drawcalls-total=107851 fail-total=0 null-skips-total=0
[08:39:25] [info] run_tick_fixed #5100: heartbeat (loop alive)
[08:39:26] [info] flip-probe: flip #1490 ok=true present=4ms inter_flip_ms=56 drawcalls-since-flip=18 drawcalls-total=108031 fail-total=0 null-skips-total=0
[08:39:26] [info] flip-probe: flip #1500 ok=true present=4ms inter_flip_ms=65 drawcalls-since-flip=59 drawcalls-total=108621 fail-total=0 null-skips-total=0
[08:39:26] [info] alpha audit block 0: 3138 total drawcalls, 0 with alpha<255 (block pct_x10=0; global 0/95052 pct_x10=0); alpha-mod skipped: block=0 global=0
[08:39:26] [info] fastpath audit block 0: taken=3138 (idx8=3138) skipped=0 pct_x10=1000; global taken=95052 (idx8=95052) skipped=0 pct_x10=1000
[08:39:26] [info] primitive tally block 0: clear=200(hr=200) fill=0(hr=0) rect=0(hr=0) line=0(hr=0) tint=10 spotlight=0 (over 100 flips ending at flip 1500)
[08:39:26] [info] color/alpha audit block 0: cmod_white=1221 cmod_black=1001 (idx=1001) cmod_general=0 (idx=0) cmod_fb=0; alpha_taken=0 alpha_skipped=0 (global cmod=13383/11657/693/0 idx=11657/693 alpha=0/0)
[08:39:26] [info] phase timing block 0: drawcalls=5574 dc_total_ms=1065 flip_inner_total_ms=899 inter_flip_total_ms=7451 (per-flip avg x10: dc_ms=106 fi_ms=89 if_ms=745 derived audio+engine_ms=550; per-drawcall avg us_x10=1911) [direct-vesa: presents=100 total_ms=379 avg_ms_x10=37 failed=0] [ablation: NO_DC_TIMING=0 CACHE_WINSURF=0 DIRECT_VESA=1]
[08:39:26] [info] kbd/audio block 0: kbd_irq=0 kbd_drain=0 ring_chunks=16 pump_pass=5116 pic1_mask=0xb8 first_irq_ticks=0 install_ticks=0 vector_at_install=0x0083e3b8 pic1_mask_live=0x38 kbd_8042_stat=0x34 bios_kbd_head=0x003c bios_kbd_tail=0x003c bios_kbd_buf0=0x3920
[08:39:26] [info] audio/engine split block 0: audio_mixer_calls=317 audio_mixer_ms_x10=35 engine_tick_calls=0 engine_tick_ms_x10=0 audio_service_calls=0 audio_service_ms_x10=0 (per-flip avg; per-call us_x10: audio_mix=11106 engine_tick=0 audio_service=0; global ns: audio_mix=5200237211 engine_tick=10606578217 audio_service=0)
[08:39:26] [info] dirty-rect block @flip=1500: total_calls=0 dirty_rects_avg=1 dirty_pct_x10=1000 forced_full=0 first_n_force=0 threshold_exceeded=0 dirty_path_taken=0 full_flush_taken=0
[08:39:26] [info] prev-frame-diff block @flip=1500: diff_calls=0 diff_rects_avg=0 diff_dirty_pct_x10=0 bbox_pct_x10=0 bbox_thresh_exceeded=0
[08:39:27] [info] backdrop cache: thrashing-detect engaged (streak=64, route=direct)
[08:39:27] [info] flip-probe: flip #1510 ok=true present=5ms inter_flip_ms=62 drawcalls-since-flip=59 drawcalls-total=109211 fail-total=0 null-skips-total=0
[08:39:28] [info] flip-probe: flip #1520 ok=true present=4ms inter_flip_ms=62 drawcalls-since-flip=59 drawcalls-total=109801 fail-total=0 null-skips-total=0
[08:39:28] [info] tas: end-of-replay auto-exit at tick 5140 (recording exhausted; set DOSKUTSU_TAS_REPLAY_HOLD=1 to disable + observe steady-state past recording end)
[08:39:28] [info] Script engine shutdown.
[08:39:28] [info] Sound system shutdown
[08:39:28] [info] Renderer::Close()
[08:39:28] [info] tas: replay file closed
[08:39:29] [info] [fps-true] flips=1524 render_s=171 fps_mean=8.9 (clock-independent: flips / seconds since the FIRST flip; use THIS for the fps matrix, not inter_flip medians, which are invalid in any cell running the PIT/IRQ-0 music pump)
[RUNMANIFEST-BEGIN]
schema_version=2
environment=realhw
binary_sha12=UNKNOWN
binary_sha12_src=unknown
build_sha12=1f79ce20e4ee
organya_cache_key=1f79ce20e4ee
wave_tag=5P3
scene=
env_block_sha=9ae05484842e
started_rtc_local=2026-11-21T06:27:17
duration_s=187
exit_code=0
fps_true_flips=1524
fps_true_render_s=171
reel_ticks=5140
reel_game_seconds=102.8
per_loop_fps=14.8
overhead_s=69
music_pump_active=0
cpu_vendor=GenuineIntel
cpu_have_cpuid=1
cpu_family=4
cpu_model=3
cpu_stepping=5
cpu_mhz_est=49
cpu_has_fpu=1
cpu_class=486_slow
audio_backend=organya
video_logical_wxh=320x240
video_logical_bpp=8
video_vram_kb=4096
video_lfb_or_banked=lfb
audio_is_sb16=0
audio_dsp_ver=2.01
audio_dma_path=8bit-low
audio_force_8bit=0
audio_dma_channel=3
fps_p50=14.0
fps_p95=8.3
fps_sample_n=152
fps_sample_interval=10
pump_clock_state=no-pump
audio_vital_status=NA
regime=NA
banner_required_hit=0
banner_required_total=0
banner_forbidden_hit=0
banner_optional_hit=0
critical_count=0
warn_count=0
perstage_count=12
perstage_00=stage:72 ticks:95 flips:95 fps:50.0
perstage_01=stage:1005 ticks:80 flips:80 fps:50.0
perstage_02=stage:20 ticks:124 flips:43 fps:17.3
perstage_03=stage:11 ticks:452 flips:117 fps:12.9
perstage_04=stage:17 ticks:773 flips:156 fps:10.0
perstage_05=stage:11 ticks:550 flips:146 fps:13.2
perstage_06=stage:15 ticks:664 flips:196 fps:14.7
perstage_07=stage:11 ticks:894 flips:243 fps:13.5
perstage_08=stage:19 ticks:261 flips:72 fps:13.7
perstage_09=stage:11 ticks:436 flips:114 fps:13.0
perstage_10=stage:14 ticks:283 flips:94 fps:16.6
perstage_11=stage:11 ticks:528 flips:167 fps:15.8
[RUNMANIFEST-END]
[08:39:29] [info] [runmanifest-emit] schema=v2 env=realhw binary_sha12=UNKNOWN(unknown) build_sha12=1f79ce20e4ee per_loop_fps=14.8 overhead_s=69 pump=0 dur=187s tag='5P3' scene='' (signals=0x4)
