Logger::init: wave-53 log level=INFO path='LOGS/5P4.LOG'
[08:30:30] [info] config: loaded DOSKUTSU.CFG (3 keys)
[08:30:31] [info] [cpu-witness] vendor=GenuineIntel cpuid=1 family=4 model=3 stepping=5 mhz_est=49 fpu=1 class=486_slow (boot-time attestation of the running CPU; MHZ_486_LOOP_DIV=16400 mirrors SETUP)
[08:30:31] [info] tas: PRNG seed forced to 12345 via DOSKUTSU_TAS_PRNG_SEED
[08:30:31] [info] tas: auto-exit armed at tick 30000 via DOSKUTSU_TAS_AUTO_EXIT_TICK
[08:30:31] [info] tas: replay opened path='QA.TAS' header_seed=12345
[08:30:32] [info] data cache: DISABLED (default)
[08:30:32] [info] Joystick: skipped (default; set DOSKUTSU_USE_JOYSTICK=1 to enable -- skips SDL3-DOS gameport BIOS INT 15h polling, ~82 ms / flip on real HW)
[08:30:32] [info] Loading settings...
[08:30:32] [info] [input-bind] applied=0 invert_y=0 dos_axes=1
[08:30:32] [info] Renderer::initVideo: 8bpp mode requested via SDL_HINT_DOS_MAX_BPP=8 (wave 16); SDL3-DOS will pick the highest-bpp <= 8 mode at requested resolution
[08:30:32] [info] Renderer::initVideo: DOS resolution-label lock ENABLED (default)
[08:30:32] [info] center-oversized: not needed (surface matches the logical screen) surface=320x240 logical=320x240 offset=0,0
[08:30:32] [info] Renderer::initVideo: using: software renderer
[08:30:35] [info] Renderer::initVideo: dirty-rect tracking ENABLED (wave 15, default ON; set SDL_HINT_DOSKUTSU_DIRTY_RECTS=0 to disable)
[08:30:35] [info] Renderer::initVideo: ablation flags: NO_DC_TIMING=0 CACHE_WINSURF=0 NO_INPUT_POLL=0 DIRECT_VESA=1
[08:30:35] [info] Renderer::initVideo: direct-VESA hot path ENABLED (default since wave 20 patch 0088; bypasses SDL_RenderPresent / SDL_UpdateWindowSurface and writes via SDL/0034's PresentFull helper; R2 mitigation handled by SDL/0034 generation counter -- no per-N-flip heartbeat needed; set SDL_HINT_DOSKUTSU_DIRECT_VESA=0 to revert)
[08:30:35] [info] Renderer::initVideo: flip-phase instrumentation DISABLED (default; set SDL_HINT_DOSKUTSU_FLIP_INSTR=1 to opt in for wave-20 Lever A diagnostic)
[08:30:36] [info] Renderer::initVideo: asm opaque-span blit lever DISABLED (default; set SDL_HINT_DOSKUTSU_ASM_BLIT=1 to opt in -- wave-51 _blit_indexed colorkey-blit lever)
[08:30:36] [info] Renderer::initVideo: blit-decomp instrumentation DISABLED (default; set SDL_HINT_DOSKUTSU_BLIT_DECOMP=1 to opt in -- wave-51 _blit_indexed sub-decomp sizing)
[08:30:36] [info] Renderer::initVideo: mds-scroll-decomp instrumentation DISABLED (default; set SDL_HINT_DOSKUTSU_MDS_DECOMP=1 to opt in -- wave-52 mode_draw_scene scrolling-block decomp)
[08:30:36] [info] Renderer::initVideo: DOSVESA pump yield: skipped (default) (per-flip explicit SDL_Delay(0) yield is always on; set SDL_HINT_DOSKUTSU_FORCE_PUMP_YIELD=1 to restore old per-pump yield)
[08:30:36] [info] Renderer::initVideo: indexed-mode (8bpp) ENABLED -- master palette + 107 per-asset remap LUTs loaded (wave 16, default ON; set SDL_HINT_DOSKUTSU_PIXEL_FORMAT_8=0 to disable)
[08:30:36] [info] Renderer::initVideo: master palette attached to window surface (format=SDL_PIXELFORMAT_INDEX8, ncolors=256)
[08:30:36] [info] Renderer::initVideo: indexed-mode smoke: idx0=(0,0,0) OK idx255=(255,0,255) OK
[08:30:36] [info] Renderer::initVideo: indexed-mode smoke: paletteRemapFor('MyChar.pbm') = present
[08:30:36] [info] Surface::loadImage palmap-diag #1: 'data/Loading.pbm' fmt=SDL_PIXELFORMAT_ABGR8888 remap=HIT -> path=truecolor
[08:30:36] [info] Renderer: prev-frame diff DISABLED (default since wave 17.6; set SDL_HINT_DOSKUTSU_PREVFRAME_DIFF=1 to opt in)
[08:30:36] [info] flip-probe: renderer=software window_ptr=8826560 colorspace=301991328 window_size=320x240 framebuffer_pixels=320x240 logical_present=320x240 mode=2
[08:30:36] [info] flip-probe: first flip ok=true present=53ms inter_flip_ms=0 drawcalls-since-flip=1 drawcalls-total=1
[08:30:36] [info] Sound system init
[08:30:36] [info] Sound system: 4-state audio enable (#31) -- music=on sfx=on (MUSIC_OFF/AUDIO_BACKEND=none -> music-off; SFX_OFF/SFX_DEVICE=none -> sfx-off; both gates are dispatch-level, the device still opens; AUDIO_OFF=1 is the device-level both-off).
[08:30:36] [info] Sound system: Tier-2 audio config (default since wave 21 patch 0093; 11025 Hz, 1 channel, buffer pinned to 256 frames). Measured savings on g2k Pentium OverDrive 83 MHz (W21A): heavy-music scenes ~+11 fps vs Tier-1 baseline (measured -10 to -15 ms/flip post-0094 audio fix; W21A's pre-fix -26.6 ms figure was inflated by stereo-vs-mono playback bug, see patch 0094). Audio quality is reduced vs Tier-1 (mono, 11025 Hz, simple-average L+R downmix) but recognizable; user accepted the trade per direction 2026-05-05. Set SDL_HINT_DOSKUTSU_AUDIO_TIER2=0 to revert to Tier-1 22050 stereo (full Cave Story 2004 audio quality; trades fps for fidelity).
[08:30:36] [info] Sound system: SDL_HINT_AUDIO_DEVICE_SAMPLE_FRAMES=256
[08:30:36] [info] Pixtone IRQ rate-divider: handed master_rate=11025 int16/s (SAMPLE_RATE=11025 x AUDIO_CHANNELS=1) to SDL for auto-RATEDIV (SDL/0074 computes shift_div from the resolved device freq).
[08:30:36] [info] Sound system: device frame-rate: requesting 11025 Hz match to master (SDL_DOSAudioSetDeviceFrameRate; SB16 opens at the engine frame rate instead of SDL's 44100 floor -- 4x less PCM/s + no resampler on the Organya/Pixtone path; killswitch SDL_HINT_DOSKUTSU_DOS_AUDIO_DEVICE_RATE_DEFAULT=0).
[08:30:37] [info] audio backend: opl3 (Phase 10 Stage 4 -- concrete OPL3 FM synthesis backend via SDL/0037+ OPL3 helpers; MidiScheduler routes music dispatch through 18 x 2-op voice allocator + small inline patch bank). SoundManager::init will probe OPL3 via Adlib timer-1 sequence + fall back to organya gracefully if the chip is absent. Pixtone SFX still active on SB16 DAC.
[08:30:37] [info] wave-13.6.1: ring_chunks=16 FORCE_PUMP_YIELD=off (set SDL_HINT_DOSKUTSU_AUDIO_RING_CHUNKS=4|8|16 to override; default 16 matches wave 13.6 behaviour)
[08:30:37] [info] MidiScheduler: MIDI source = 'orgmid2' (native-GM org2mid set; resolves to data/orgmid2/<name>.mid).
[08:30:37] [info] opl3 backend probing for OPL3 chip (Adlib timer-1 sequence)...
[08:30:37] [info] opl3 backend: opl3bank.dat loaded 128 programs from 'data/opl3bank.dat' (v1; 1536 bytes payload). Per-program GM patches now use the runtime bank; programs >= 128 fall back to 8-patch family bucket. Drum channel (MIDI ch 9) unchanged (uses PATCH_DRUM regardless of bank loading).
[08:30:37] [info] opl3 backend ready (OPL3 detected via Adlib timer-1; InitChip applied 18 x 2-op layout; voice allocator armed). Patch bank state: runtime opl3bank.dat ACTIVE (loaded_count=128; programs >= loaded_count fall back to 8-patch placeholder covering GM family categories piano/mallet/organ/guitar/strings/brass/reed/pad). Phase 10.5 path: ship a fuller community bank as data/opl3bank.dat (DOPL3v1 format; 12-byte SBI records per GM program; loader at MidiBackendOpl3 ctor).
[08:30:37] [info] opl3 backend: PATCH_ORGAN + PATCH_MALLET RR=8 (medium release; wub-wub fix per patch 0171; was RR=0 in slot 0103 placeholder -- KEY-OFF couldn't silence; H6 reg 0xBD wave-47 falsified; H1+H5/RR=0 byte-level bug root per WAVE-46/47 analysis)
[08:30:37] [info] Sound system: MidiScheduler armed with MidiBackendOpl3 (patch 0103 Phase 10 Stage 4). Music dispatch routes via SMF parser + 18 x 2-op OPL3 voice allocator + small inline patch bank (community-sourced from Apogee Sound System / AdLib SBI public-domain refs). Pixtone SFX still active on SB16 DAC.
[08:30:37] [info] Sound system: idle-pause skipped (default OFF since patch 0119; backend=opl3 would qualify but operator did not opt-in via SDL_HINT_DOSKUTSU_IDLE_PAUSE=1). DSP stays in continuous-stream mode. Re-enable for an A/B iter once SDL/0037 ForcePause non-engagement is rooted out (task #17).
[08:30:37] [warn] Music dir Ogg/ doesn't exist
[08:30:37] [warn] Music dir Ogg11/ doesn't exist
[08:30:37] [warn] Music dir Ogg17/ doesn't exist
[08:30:37] [warn] Music dir Ogg_ridic/ doesn't exist
[08:30:37] [info] Loading Sound FX...
[08:30:38] [info] [pxt-cache] init(): HIT (loaded cache; render skipped)
[08:30:49] [info] Organya init...
[08:30:51] [info] Organya init done
[08:31:07] [info] gus SFX gain [nx0259]: 70% (SDL_HINT_DOSKUTSU_GUS_SFX_GAIN; scales the GF1 SFX voice volume to balance against velocity/CC-scaled GUS music; default 70, clamp 0..150).
[08:31:07] [info] pixtone IRQ-mix: ENABLED (default; SDL backend engaged; set SDL_HINT_DOSKUTSU_PIXTONE_IRQ_MIX=0 to disable)
[08:31:07] [info] Pixtone::setVolume: L3 active -- mid-play SFX volume updates are no-op in v1 (v2 candidate: SDL_DOSPixtoneSetGain API). gain_x256=256 stored for subsequent SDL_DOSPixtoneStart calls; currently-playing L3 channels unaffected.
[08:31:07] [info] midi ISR tick: engine registered tick_isr callback (L2b active; default ON; set SDL_HINT_DOSKUTSU_MIDI_ISR_TICK=0 to disable)
[08:31:07] [info] menu slide-in fixed-timestep: ENABLED (default; slide advances at 50 Hz logic rate)
[08:31:07] [info] Reading npc.tbl...
[08:31:07] [info] Loading tilekey.dat.
[08:31:08] [info] Script engine init.
[08:31:08] [info] Entering main loop...
[08:31:08] [info] audio mid-gap pump: DISABLED (default)
[08:31:08] [info] TAS fixed-timestep guard: ENABLED (default) (patch 0280; load_stage wall-clock kept out of the FT accumulator so TAS replay advances at a true 50 Hz; set SDL_HINT_DOSKUTSU_TAS_FT_GUARD=0 to disable)
[08:31:08] [info] load_stage ring+DMA silence flush: ENABLED (default) (set SDL_HINT_DOSKUTSU_LOADSTAGE_SILENCE=0 to disable)
[08:31:08] [info] load-band audio-underrun probe: DISABLED (default) (opt-in SDL_HINT_DOSKUTSU_LOADBAND_STAT=1)
[08:31:08] [info]  >> Entering stage 72: 'u'.
[08:31:08] [info] skip sheet flush: ENABLED (default) (SFXPAUSE-012 SHIPPED FIX; sprite sheets stay resident across caves so no per-cave re-decode -> no fire-frame pause; map_flush_graphics tilemap cache still flushes; set SDL_HINT_DOSKUTSU_SKIP_SHEET_FLUSH=0 to restore the old per-cave flush)
[08:31:08] [info] [skip-sheet-flush] cave=1
[08:31:08] [info] eager action sheets: ENABLED (default) (first-fire hitch fix: pre-loads the weapon bullet + hit/muzzle/trail caret sheets at stage load so the first fire/impact does not lazy-decode mid-gameplay; set SDL_HINT_DOSKUTSU_EAGER_ACTION_SHEETS=0 to restore lazy load)
[08:31:08] [info] Surface::loadImage palmap-diag #2: 'data/Bullet.pbm' fmt=SDL_PIXELFORMAT_ABGR8888 remap=HIT -> path=truecolor
[08:31:09] [info] Surface::loadImage palmap-diag #3: 'data/Arms.pbm' fmt=SDL_PIXELFORMAT_ABGR8888 remap=HIT -> path=truecolor
[08:31:09] [info] Surface::loadImage palmap-diag #4: 'data/Caret.pbm' fmt=SDL_PIXELFORMAT_ABGR8888 remap=HIT -> path=truecolor
[08:31:10] [info] Surface::loadImage palmap-diag #5: 'data/Npc/NpcSym.pbm' fmt=SDL_PIXELFORMAT_ABGR8888 remap=HIT -> path=truecolor
[08:31:10] [info] [eager-action-sheets] cave=1 sheets=4 wall_ms=1675
[08:31:10] [info] Surface::loadImage palmap-diag #6: 'data/Stage/PrtWhite.pbm' fmt=SDL_PIXELFORMAT_ABGR8888 remap=HIT -> path=truecolor
[08:31:11] [info] load_stage: entry-music preload ENABLED (default) (set SDL_HINT_DOSKUTSU_PRELOAD_STAGE_MUSIC=0 to disable)
[08:31:11] [info] Surface::loadImage palmap-diag #7: 'data/bk0.pbm' fmt=SDL_PIXELFORMAT_ABGR8888 remap=HIT -> path=truecolor
[08:31:11] [info] gameloop: entered (curmap=72, running=1)
[08:31:11] [info] gameloop: iter 1 ticks=40073 mapno=-1
[08:31:11] [info] fixed-timestep: ENABLED (default; logic 50 Hz, decoupled from render)
[08:31:11] [info] map: BG skip-when-unchanged DISABLED (default) (set SDL_HINT_DOSKUTSU_BG_SKIP_WHEN_UNCHANGED=1 to enable; default OFF since wave-61 -- abandoned, it shipped a backdrop-black flicker and its +0.87 fps was below the noise floor)
[08:31:11] [info] map: skip-redundant-clear lever ENABLED (default since wave-53 promotion)
[08:31:11] [info] perf-mode: level=0 (faithful (default))
[08:31:11] [info] Surface::loadImage palmap-diag #8: 'data/Npc/NpcKings.pbm' fmt=SDL_PIXELFORMAT_ABGR8888 remap=HIT -> path=truecolor
[08:31:11] [info] audio tick-boundary pump: DISABLED (default)
[08:31:11] [info] gameloop: iter 2 ticks=40556 mapno=-1
[08:31:11] [info] gameloop: iter 3 ticks=40625 mapno=-1
[08:31:11] [info] direct-vesa: snapshot @gen=2 use_dosmemput=0 banked_multibank=0 pitches_match=1 vram_w=320 vram_h=240 vram_pitch=320 bpp=1 fb_size=76800 vram_phys=0x78000000 vram_ptr=0x77c00000
[08:31:12] [info] flip-probe: flip #10 ok=true present=4ms inter_flip_ms=40 drawcalls-since-flip=6 drawcalls-total=43 fail-total=0 null-skips-total=0
[08:31:12] [info] flip-probe: flip #20 ok=true present=4ms inter_flip_ms=40 drawcalls-since-flip=4 drawcalls-total=92 fail-total=0 null-skips-total=0
[08:31:13] [info] flip-probe: flip #30 ok=true present=4ms inter_flip_ms=86 drawcalls-since-flip=326 drawcalls-total=2707 fail-total=0 null-skips-total=0
[08:31:14] [info] flip-probe: flip #40 ok=true present=4ms inter_flip_ms=78 drawcalls-since-flip=264 drawcalls-total=5837 fail-total=0 null-skips-total=0
[08:31:14] [info] flip-probe: flip #50 ok=true present=4ms inter_flip_ms=47 drawcalls-since-flip=67 drawcalls-total=7392 fail-total=0 null-skips-total=0
[08:31:15] [info] flip-probe: flip #60 ok=true present=4ms inter_flip_ms=37 drawcalls-since-flip=4 drawcalls-total=7502 fail-total=0 null-skips-total=0
[08:31:15] [info] flip-probe: flip #70 ok=true present=4ms inter_flip_ms=37 drawcalls-since-flip=6 drawcalls-total=7557 fail-total=0 null-skips-total=0
[08:31:16] [info] flip-probe: flip #80 ok=true present=4ms inter_flip_ms=19 drawcalls-since-flip=0 drawcalls-total=7586 fail-total=0 null-skips-total=0
[08:31:16] [info] flip-probe: flip #90 ok=true present=3ms inter_flip_ms=20 drawcalls-since-flip=0 drawcalls-total=7586 fail-total=0 null-skips-total=0
[08:31:16] [info] title: eager-title-IO phase tag ENABLED (default) (set SDL_HINT_DOSKUTSU_EAGER_TITLE_IO=0 to disable)
[08:31:16] [info] [music-dispatch] tick=95 song=24 (prev 0)
[08:31:16] [info] MidiScheduler::load: parsed 'data/orgmid2/curly.mid' = 11294 events at 48 PPQ
[08:31:16] [info] opl3 backend: on_song_start
[08:31:17] [info] gameloop: entered (curmap=1005, running=1)
[08:31:17] [info] gameloop: iter 1 ticks=46170 mapno=-1
[08:31:17] [info] map: backdrop cache ENABLED (default) (set SDL_HINT_DOSKUTSU_BACKDROP_CACHE=0 to disable)
[08:31:18] [info] gameloop: iter 2 ticks=47165 mapno=-1
[08:31:18] [info] gameloop: iter 3 ticks=47215 mapno=-1
[08:31:18] [info] backdrop cache: thrashing-detect engaged (streak=4, route=direct)
[08:31:18] [info] flip-probe: flip #100 ok=true present=4ms inter_flip_ms=42 drawcalls-since-flip=75 drawcalls-total=7886 fail-total=0 null-skips-total=0
[08:31:18] [info] alpha audit block 0: 7798 total drawcalls, 0 with alpha<255 (block pct_x10=0; global 0/7798 pct_x10=0); alpha-mod skipped: block=0 global=0
[08:31:18] [info] fastpath audit block 0: taken=7798 (idx8=7798) skipped=0 pct_x10=1000; global taken=7798 (idx8=7798) skipped=0 pct_x10=1000
[08:31:18] [info] primitive tally block 0: clear=220(hr=220) fill=0(hr=0) rect=0(hr=0) line=0(hr=0) tint=0 spotlight=0 (over 100 flips ending at flip 100)
[08:31:18] [info] color/alpha audit block 0: cmod_white=104 cmod_black=0 (idx=0) cmod_general=84 (idx=84) cmod_fb=0; alpha_taken=0 alpha_skipped=0 (global cmod=104/0/84/0 idx=0/84 alpha=0/0)
[08:31:18] [info] phase timing block 0: drawcalls=8209 dc_total_ms=1795 flip_inner_total_ms=995 inter_flip_total_ms=41691 (per-flip avg x10: dc_ms=179 fi_ms=99 if_ms=4169 derived audio+engine_ms=3891; per-drawcall avg us_x10=2186) [direct-vesa: presents=97 total_ms=381 avg_ms_x10=39 failed=0] [ablation: NO_DC_TIMING=0 CACHE_WINSURF=0 DIRECT_VESA=1]
[08:31:18] [info] kbd/audio block 0: kbd_irq=0 kbd_drain=0 ring_chunks=16 pump_pass=99 pic1_mask=0xb8 first_irq_ticks=0 install_ticks=0 vector_at_install=0x0083e390 pic1_mask_live=0x38 kbd_8042_stat=0x34 bios_kbd_head=0x003c bios_kbd_tail=0x003c bios_kbd_buf0=0x3920
[08:31:18] [info] audio/engine split block 0: audio_mixer_calls=0 audio_mixer_ms_x10=0 engine_tick_calls=99 engine_tick_ms_x10=603 audio_service_calls=0 audio_service_ms_x10=0 (per-flip avg; per-call us_x10: audio_mix=0 engine_tick=609284 audio_service=0; global ns: audio_mix=0 engine_tick=6031920573 audio_service=0)
[08:31:18] [info] pixtone multi-source probe: DISABLED (default)
[08:31:18] [info] dirty-rect block @flip=100: total_calls=0 dirty_rects_avg=0 dirty_pct_x10=990 forced_full=0 first_n_force=3 threshold_exceeded=2 dirty_path_taken=0 full_flush_taken=3
[08:31:18] [info] prev-frame-diff block @flip=100: diff_calls=0 diff_rects_avg=0 diff_dirty_pct_x10=0 bbox_pct_x10=0 bbox_thresh_exceeded=0
[08:31:19] [info] flip-probe: flip #110 ok=true present=4ms inter_flip_ms=36 drawcalls-since-flip=75 drawcalls-total=8636 fail-total=0 null-skips-total=0
[08:31:19] [info] flip-probe: flip #120 ok=true present=4ms inter_flip_ms=36 drawcalls-since-flip=75 drawcalls-total=9386 fail-total=0 null-skips-total=0
[08:31:19] [info] flip-probe: flip #130 ok=true present=4ms inter_flip_ms=21 drawcalls-since-flip=0 drawcalls-total=9986 fail-total=0 null-skips-total=0
[08:31:19] [info] Loading profile from profile.dat
[08:31:19] [error] profile_load: unable to open 'profile.dat'
[08:31:19] [info] Loading profile from profile2.dat
[08:31:19] [error] profile_load: unable to open 'profile2.dat'
[08:31:19] [info] Loading profile from profile3.dat
[08:31:19] [info] Loading profile from profile4.dat
[08:31:19] [error] profile_load: unable to open 'profile4.dat'
[08:31:19] [info] Loading profile from profile5.dat
[08:31:20] [info] flip-probe: flip #140 ok=true present=4ms inter_flip_ms=62 drawcalls-since-flip=210 drawcalls-total=10826 fail-total=0 null-skips-total=0
[08:31:20] [info] flip-probe: flip #150 ok=true present=4ms inter_flip_ms=60 drawcalls-since-flip=210 drawcalls-total=12926 fail-total=0 null-skips-total=0
[08:31:21] [info] Writing settings...
[08:31:21] [info] flip-probe: flip #160 ok=true present=4ms inter_flip_ms=19 drawcalls-since-flip=0 drawcalls-total=13774 fail-total=0 null-skips-total=0
[08:31:21] [info] flip-probe: flip #170 ok=true present=4ms inter_flip_ms=21 drawcalls-since-flip=0 drawcalls-total=13774 fail-total=0 null-skips-total=0
[08:31:21] [info] [music-dispatch] tick=175 song=0 (prev 24)
[08:31:21] [info] opl3 backend: on_song_stop
[08:31:21] [info] Loading profile from profile5.dat
[08:31:21] [info]  >> Entering stage 20: 'Save Point'.
[08:31:21] [info] [skip-sheet-flush] cave=2
[08:31:22] [info] [music-dispatch] tick=175 song=8 (prev 0)
[08:31:22] [info] MidiScheduler::load: parsed 'data/orgmid2/vivi.mid' = 4558 events at 48 PPQ
[08:31:22] [info] opl3 backend: on_song_start
[08:31:22] [info] gameloop: entered (curmap=20, running=1)
[08:31:22] [info] gameloop: iter 1 ticks=51692 mapno=-1
[08:31:22] [info] TAS stall discount: ENABLED (default) (patch 0286; a replay frame over 150 ms is a load, not slow rendering, so it contributes 1 tick instead of its wall-clock; set SDL_HINT_DOSKUTSU_TAS_STALL_DISCOUNT=0 to disable)
[08:31:22] [info] TAS accumulator clamp: DISABLED (default) (patch 0281; caps the FT accumulator delta at one tick during TAS so a stalled frame cannot race the replay index; set SDL_HINT_DOSKUTSU_TAS_FT_GUARD=0 to disable)
[08:31:22] [info] gameloop: iter 2 ticks=51744 mapno=-1
[08:31:23] [info] gameloop: iter 3 ticks=51793 mapno=-1
[08:31:23] [info] flip-probe: flip #180 ok=true present=3ms inter_flip_ms=41 drawcalls-since-flip=16 drawcalls-total=13896 fail-total=0 null-skips-total=0
[08:31:23] [info] flip-probe: flip #190 ok=true present=4ms inter_flip_ms=40 drawcalls-since-flip=16 drawcalls-total=14056 fail-total=0 null-skips-total=0
[08:31:23] [info] flip-probe: flip #200 ok=true present=4ms inter_flip_ms=40 drawcalls-since-flip=16 drawcalls-total=14216 fail-total=0 null-skips-total=0
[08:31:23] [info] alpha audit block 0: 5693 total drawcalls, 0 with alpha<255 (block pct_x10=0; global 0/13491 pct_x10=0); alpha-mod skipped: block=0 global=0
[08:31:23] [info] fastpath audit block 0: taken=5693 (idx8=5693) skipped=0 pct_x10=1000; global taken=13491 (idx8=13491) skipped=0 pct_x10=1000
[08:31:23] [info] primitive tally block 0: clear=201(hr=201) fill=0(hr=0) rect=0(hr=0) line=0(hr=0) tint=0 spotlight=0 (over 100 flips ending at flip 200)
[08:31:23] [info] color/alpha audit block 0: cmod_white=1402 cmod_black=0 (idx=0) cmod_general=609 (idx=609) cmod_fb=0; alpha_taken=0 alpha_skipped=0 (global cmod=1506/0/693/0 idx=0/693 alpha=0/0)
[08:31:24] [info] phase timing block 0: drawcalls=7905 dc_total_ms=1623 flip_inner_total_ms=665 inter_flip_total_ms=5404 (per-flip avg x10: dc_ms=162 fi_ms=66 if_ms=540 derived audio+engine_ms=312; per-drawcall avg us_x10=2053) [direct-vesa: presents=100 total_ms=386 avg_ms_x10=38 failed=0] [ablation: NO_DC_TIMING=0 CACHE_WINSURF=0 DIRECT_VESA=1]
[08:31:24] [info] kbd/audio block 0: kbd_irq=0 kbd_drain=0 ring_chunks=16 pump_pass=223 pic1_mask=0xb8 first_irq_ticks=0 install_ticks=0 vector_at_install=0x0083e390 pic1_mask_live=0x38 kbd_8042_stat=0x34 bios_kbd_head=0x003c bios_kbd_tail=0x003c bios_kbd_buf0=0x3920
[08:31:24] [info] audio/engine split block 0: audio_mixer_calls=0 audio_mixer_ms_x10=0 engine_tick_calls=76 engine_tick_ms_x10=231 audio_service_calls=0 audio_service_ms_x10=0 (per-flip avg; per-call us_x10: audio_mix=0 engine_tick=304441 audio_service=0; global ns: audio_mix=0 engine_tick=8345673735 audio_service=0)
[08:31:24] [info] dirty-rect block @flip=200: total_calls=0 dirty_rects_avg=1 dirty_pct_x10=1000 forced_full=0 first_n_force=0 threshold_exceeded=0 dirty_path_taken=0 full_flush_taken=0
[08:31:24] [info] prev-frame-diff block @flip=200: diff_calls=0 diff_rects_avg=0 diff_dirty_pct_x10=0 bbox_pct_x10=0 bbox_thresh_exceeded=0
[08:31:24] [info] flip-probe: flip #210 ok=true present=4ms inter_flip_ms=41 drawcalls-since-flip=16 drawcalls-total=14376 fail-total=0 null-skips-total=0
[08:31:24] [info] flip-probe: flip #220 ok=true present=4ms inter_flip_ms=58 drawcalls-since-flip=150 drawcalls-total=14774 fail-total=0 null-skips-total=0
[08:31:25] [info]  >> Entering stage 11: 'Mimiga Village'.
[08:31:25] [info] [skip-sheet-flush] cave=3
[08:31:25] [info] [load-stage] preloading entry music song=9 (cave=3)
[08:31:25] [info] [music-dispatch] tick=297 song=9 (prev 8)
[08:31:25] [info] opl3 backend: on_song_stop
[08:31:26] [info] MidiScheduler::load: parsed 'data/orgmid2/mura.mid' = 2863 events at 48 PPQ
[08:31:26] [info] opl3 backend: on_song_start
[08:31:26] [info] gameloop: entered (curmap=11, running=1)
[08:31:26] [info] gameloop: iter 1 ticks=55298 mapno=-1
[08:31:26] [info] tas: stall frame 229 ms -> contributing 1 tick (patch 0286)
[08:31:26] [info] map: mds_clear LUT ENABLED (default) (set SDL_HINT_DOSKUTSU_MDS_CLEAR_LUT=0 to disable; default ON; patch 0144 wave-49 bandwidth lever)
[08:31:26] [info] mds-clear-lut: rebuilt N=240 entries (k_skip=0% k_keep=100%; curmap=11 map_size=60x60; rebuild #1 since boot)
[08:31:26] [info] backdrop thrash full-cover ENABLED (default) (set SDL_HINT_DOSKUTSU_THRASH_FULLCOVER=0 to disable)
[08:31:26] [info] [bd-diag] backdrop render-path diag disabled (default) (set SDL_HINT_DOSKUTSU_BACKDROP_DIAG=1 to enable)
[08:31:26] [info] gameloop: iter 2 ticks=55460 mapno=-1
[08:31:26] [info] tas: stall frame 161 ms -> contributing 1 tick (patch 0286)
[08:31:26] [info] gameloop: iter 3 ticks=55573 mapno=-1
[08:31:26] [info] flip-probe: flip #230 ok=true present=3ms inter_flip_ms=119 drawcalls-since-flip=385 drawcalls-total=17635 fail-total=0 null-skips-total=0
[08:31:27] [info] backdrop cache: thrashing-detect engaged (streak=4, route=direct)
[08:31:27] [info] flip-probe: flip #240 ok=true present=4ms inter_flip_ms=57 drawcalls-since-flip=43 drawcalls-total=19038 fail-total=0 null-skips-total=0
[08:31:28] [info] backdrop cache: thrashing-detect engaged (streak=4, route=direct)
[08:31:28] [info] flip-probe: flip #250 ok=true present=4ms inter_flip_ms=63 drawcalls-since-flip=44 drawcalls-total=19490 fail-total=0 null-skips-total=0
[08:31:29] [info] flip-probe: flip #260 ok=true present=4ms inter_flip_ms=60 drawcalls-since-flip=42 drawcalls-total=19912 fail-total=0 null-skips-total=0
[08:31:29] [info] flip-probe: flip #270 ok=true present=4ms inter_flip_ms=61 drawcalls-since-flip=42 drawcalls-total=20332 fail-total=0 null-skips-total=0
[08:31:30] [info] flip-probe: flip #280 ok=true present=4ms inter_flip_ms=60 drawcalls-since-flip=42 drawcalls-total=20752 fail-total=0 null-skips-total=0
[08:31:30] [info] flip-probe: flip #290 ok=true present=4ms inter_flip_ms=60 drawcalls-since-flip=43 drawcalls-total=21176 fail-total=0 null-skips-total=0
[08:31:31] [info] flip-probe: flip #300 ok=true present=4ms inter_flip_ms=62 drawcalls-since-flip=43 drawcalls-total=21606 fail-total=0 null-skips-total=0
[08:31:31] [info] alpha audit block 0: 6368 total drawcalls, 0 with alpha<255 (block pct_x10=0; global 0/19859 pct_x10=0); alpha-mod skipped: block=0 global=0
[08:31:31] [info] fastpath audit block 0: taken=6368 (idx8=6368) skipped=0 pct_x10=1000; global taken=19859 (idx8=19859) skipped=0 pct_x10=1000
[08:31:31] [info] primitive tally block 0: clear=202(hr=202) fill=0(hr=0) rect=0(hr=0) line=0(hr=0) tint=0 spotlight=0 (over 100 flips ending at flip 300)
[08:31:31] [info] color/alpha audit block 0: cmod_white=949 cmod_black=949 (idx=949) cmod_general=0 (idx=0) cmod_fb=0; alpha_taken=0 alpha_skipped=0 (global cmod=2455/949/693/0 idx=949/693 alpha=0/0)
[08:31:31] [info] phase timing block 0: drawcalls=8478 dc_total_ms=1440 flip_inner_total_ms=660 inter_flip_total_ms=7557 (per-flip avg x10: dc_ms=144 fi_ms=66 if_ms=755 derived audio+engine_ms=545; per-drawcall avg us_x10=1699) [direct-vesa: presents=100 total_ms=384 avg_ms_x10=38 failed=0] [ablation: NO_DC_TIMING=0 CACHE_WINSURF=0 DIRECT_VESA=1]
[08:31:31] [info] kbd/audio block 0: kbd_irq=0 kbd_drain=0 ring_chunks=16 pump_pass=536 pic1_mask=0xb8 first_irq_ticks=0 install_ticks=0 vector_at_install=0x0083e390 pic1_mask_live=0x38 kbd_8042_stat=0x34 bios_kbd_head=0x003c bios_kbd_tail=0x003c bios_kbd_buf0=0x3920
[08:31:31] [info] [tile-speedup-stat n=100 drawtile_us=124.00 raw_blit_us=97.07 ratio=1.28]
[08:31:31] [info] dirty-rect block @flip=300: total_calls=100 dirty_rects_avg=1 dirty_pct_x10=1000 forced_full=0 first_n_force=0 threshold_exceeded=0 dirty_path_taken=0 full_flush_taken=0
[08:31:31] [info] prev-frame-diff block @flip=300: diff_calls=0 diff_rects_avg=0 diff_dirty_pct_x10=0 bbox_pct_x10=0 bbox_thresh_exceeded=0
[08:31:31] [info] tas: stall frame 171 ms -> contributing 1 tick (patch 0286)
[08:31:31] [info] backdrop cache: thrashing-detect engaged (streak=64, route=direct)
[08:31:32] [info] flip-probe: flip #310 ok=true present=4ms inter_flip_ms=61 drawcalls-since-flip=44 drawcalls-total=22145 fail-total=0 null-skips-total=0
[08:31:32] [info] flip-probe: flip #320 ok=true present=4ms inter_flip_ms=60 drawcalls-since-flip=41 drawcalls-total=22565 fail-total=0 null-skips-total=0
[08:31:33] [info] flip-probe: flip #330 ok=true present=4ms inter_flip_ms=66 drawcalls-since-flip=40 drawcalls-total=22986 fail-total=0 null-skips-total=0
[08:31:34] [info] flip-probe: flip #340 ok=true present=4ms inter_flip_ms=62 drawcalls-since-flip=43 drawcalls-total=23400 fail-total=0 null-skips-total=0
[08:31:34] [info] flip-probe: flip #350 ok=true present=4ms inter_flip_ms=56 drawcalls-since-flip=14 drawcalls-total=23736 fail-total=0 null-skips-total=0
[08:31:35] [info] flip-probe: flip #360 ok=true present=4ms inter_flip_ms=53 drawcalls-since-flip=14 drawcalls-total=23876 fail-total=0 null-skips-total=0
[08:31:35] [info] backdrop cache: thrashing-detect engaged (streak=124, route=direct)
[08:31:36] [info]  >> Entering stage 17: 'Yamashita Farm'.
[08:31:36] [info] [skip-sheet-flush] cave=4
[08:31:36] [info] [load-stage] preloading entry music song=13 (cave=4)
[08:31:36] [info] [music-dispatch] tick=754 song=13 (prev 9)
[08:31:36] [info] opl3 backend: on_song_stop
[08:31:36] [info] MidiScheduler::load: parsed 'data/orgmid2/plant.mid' = 3000 events at 48 PPQ
[08:31:36] [info] opl3 backend: on_song_start
[08:31:36] [info] gameloop: entered (curmap=17, running=1)
[08:31:36] [info] gameloop: iter 1 ticks=65617 mapno=-1
[08:31:36] [info] mds-clear-lut: rebuilt N=240 entries (k_skip=33% k_keep=67%; curmap=17 map_size=40x16; rebuild #2 since boot)
[08:31:37] [info] gameloop: iter 2 ticks=65906 mapno=-1
[08:31:37] [info] tas: stall frame 289 ms -> contributing 1 tick (patch 0286)
[08:31:37] [info] flip-probe: flip #370 ok=true present=4ms inter_flip_ms=111 drawcalls-since-flip=401 drawcalls-total=26509 fail-total=0 null-skips-total=0
[08:31:37] [info] gameloop: iter 3 ticks=66026 mapno=-1
[08:31:38] [info] flip-probe: flip #380 ok=true present=4ms inter_flip_ms=83 drawcalls-since-flip=138 drawcalls-total=28963 fail-total=0 null-skips-total=0
[08:31:39] [info] flip-probe: flip #390 ok=true present=5ms inter_flip_ms=84 drawcalls-since-flip=141 drawcalls-total=30364 fail-total=0 null-skips-total=0
[08:31:39] [info] backdrop cache: thrashing-detect engaged (streak=4, route=direct)
[08:31:40] [info] flip-probe: flip #400 ok=true present=4ms inter_flip_ms=98 drawcalls-since-flip=137 drawcalls-total=31740 fail-total=0 null-skips-total=0
[08:31:40] [info] alpha audit block 0: 9007 total drawcalls, 0 with alpha<255 (block pct_x10=0; global 0/28866 pct_x10=0); alpha-mod skipped: block=0 global=0
[08:31:40] [info] fastpath audit block 0: taken=9007 (idx8=9007) skipped=0 pct_x10=1000; global taken=28866 (idx8=28866) skipped=0 pct_x10=1000
[08:31:40] [info] primitive tally block 0: clear=201(hr=201) fill=0(hr=0) rect=0(hr=0) line=0(hr=0) tint=0 spotlight=0 (over 100 flips ending at flip 400)
[08:31:40] [info] color/alpha audit block 0: cmod_white=1027 cmod_black=1027 (idx=1027) cmod_general=0 (idx=0) cmod_fb=0; alpha_taken=0 alpha_skipped=0 (global cmod=3482/1976/693/0 idx=1976/693 alpha=0/0)
[08:31:40] [info] phase timing block 0: drawcalls=11287 dc_total_ms=1621 flip_inner_total_ms=664 inter_flip_total_ms=8561 (per-flip avg x10: dc_ms=162 fi_ms=66 if_ms=856 derived audio+engine_ms=628; per-drawcall avg us_x10=1436) [direct-vesa: presents=100 total_ms=389 avg_ms_x10=38 failed=0] [ablation: NO_DC_TIMING=0 CACHE_WINSURF=0 DIRECT_VESA=1]
[08:31:40] [info] kbd/audio block 0: kbd_irq=0 kbd_drain=0 ring_chunks=16 pump_pass=897 pic1_mask=0xb8 first_irq_ticks=0 install_ticks=0 vector_at_install=0x0083e390 pic1_mask_live=0x38 kbd_8042_stat=0x34 bios_kbd_head=0x003c bios_kbd_tail=0x003c bios_kbd_buf0=0x3920
[08:31:40] [info] dirty-rect block @flip=400: total_calls=0 dirty_rects_avg=1 dirty_pct_x10=1000 forced_full=0 first_n_force=0 threshold_exceeded=0 dirty_path_taken=0 full_flush_taken=0
[08:31:40] [info] prev-frame-diff block @flip=400: diff_calls=0 diff_rects_avg=0 diff_dirty_pct_x10=0 bbox_pct_x10=0 bbox_thresh_exceeded=0
[08:31:40] [info] tas: stall frame 170 ms -> contributing 1 tick (patch 0286)
[08:31:41] [info] flip-probe: flip #410 ok=true present=4ms inter_flip_ms=97 drawcalls-since-flip=137 drawcalls-total=33134 fail-total=0 null-skips-total=0
[08:31:41] [info] tas: stall frame 321 ms -> contributing 1 tick (patch 0286)
[08:31:42] [info] flip-probe: flip #420 ok=true present=4ms inter_flip_ms=93 drawcalls-since-flip=135 drawcalls-total=34507 fail-total=0 null-skips-total=0
[08:31:43] [info] flip-probe: flip #430 ok=true present=5ms inter_flip_ms=85 drawcalls-since-flip=127 drawcalls-total=35822 fail-total=0 null-skips-total=0
[08:31:43] [info] backdrop cache: thrashing-detect engaged (streak=4, route=direct)
[08:31:44] [info] flip-probe: flip #440 ok=true present=4ms inter_flip_ms=83 drawcalls-since-flip=128 drawcalls-total=37087 fail-total=0 null-skips-total=0
[08:31:44] [info] flip-probe: flip #450 ok=true present=4ms inter_flip_ms=96 drawcalls-since-flip=129 drawcalls-total=38364 fail-total=0 null-skips-total=0
[08:31:45] [info] flip-probe: flip #460 ok=true present=4ms inter_flip_ms=90 drawcalls-since-flip=130 drawcalls-total=39616 fail-total=0 null-skips-total=0
[08:31:46] [info] run_tick_fixed #1200: heartbeat (loop alive)
[08:31:46] [info] flip-probe: flip #470 ok=true present=4ms inter_flip_ms=111 drawcalls-since-flip=147 drawcalls-total=41009 fail-total=0 null-skips-total=0
[08:31:47] [info] flip-probe: flip #480 ok=true present=4ms inter_flip_ms=96 drawcalls-since-flip=139 drawcalls-total=42400 fail-total=0 null-skips-total=0
[08:31:48] [info] flip-probe: flip #490 ok=true present=4ms inter_flip_ms=80 drawcalls-since-flip=108 drawcalls-total=43696 fail-total=0 null-skips-total=0
[08:31:48] [info] backdrop cache: thrashing-detect engaged (streak=64, route=direct)
[08:31:49] [info] flip-probe: flip #500 ok=true present=4ms inter_flip_ms=86 drawcalls-since-flip=111 drawcalls-total=44791 fail-total=0 null-skips-total=0
[08:31:49] [info] alpha audit block 0: 11807 total drawcalls, 0 with alpha<255 (block pct_x10=0; global 0/40673 pct_x10=0); alpha-mod skipped: block=0 global=0
[08:31:49] [info] fastpath audit block 0: taken=11807 (idx8=11807) skipped=0 pct_x10=1000; global taken=40673 (idx8=40673) skipped=0 pct_x10=1000
[08:31:49] [info] primitive tally block 0: clear=200(hr=200) fill=0(hr=0) rect=0(hr=0) line=0(hr=0) tint=0 spotlight=0 (over 100 flips ending at flip 500)
[08:31:49] [info] color/alpha audit block 0: cmod_white=1144 cmod_black=1144 (idx=1144) cmod_general=0 (idx=0) cmod_fb=0; alpha_taken=0 alpha_skipped=0 (global cmod=4626/3120/693/0 idx=3120/693 alpha=0/0)
[08:31:49] [info] phase timing block 0: drawcalls=14299 dc_total_ms=1420 flip_inner_total_ms=872 inter_flip_total_ms=9321 (per-flip avg x10: dc_ms=142 fi_ms=87 if_ms=932 derived audio+engine_ms=703; per-drawcall avg us_x10=993) [direct-vesa: presents=100 total_ms=382 avg_ms_x10=38 failed=0] [ablation: NO_DC_TIMING=0 CACHE_WINSURF=0 DIRECT_VESA=1]
[08:31:49] [info] kbd/audio block 0: kbd_irq=0 kbd_drain=0 ring_chunks=16 pump_pass=1341 pic1_mask=0xb8 first_irq_ticks=0 install_ticks=0 vector_at_install=0x0083e390 pic1_mask_live=0x38 kbd_8042_stat=0x34 bios_kbd_head=0x003c bios_kbd_tail=0x003c bios_kbd_buf0=0x3920
[08:31:49] [info] dirty-rect block @flip=500: total_calls=0 dirty_rects_avg=1 dirty_pct_x10=1000 forced_full=0 first_n_force=0 threshold_exceeded=0 dirty_path_taken=0 full_flush_taken=0
[08:31:49] [info] prev-frame-diff block @flip=500: diff_calls=0 diff_rects_avg=0 diff_dirty_pct_x10=0 bbox_pct_x10=0 bbox_thresh_exceeded=0
[08:31:49] [info] tas: stall frame 162 ms -> contributing 1 tick (patch 0286)
[08:31:50] [info] flip-probe: flip #510 ok=true present=4ms inter_flip_ms=80 drawcalls-since-flip=116 drawcalls-total=45884 fail-total=0 null-skips-total=0
[08:31:51] [info] flip-probe: flip #520 ok=true present=4ms inter_flip_ms=82 drawcalls-since-flip=113 drawcalls-total=47035 fail-total=0 null-skips-total=0
[08:31:51] [info] flip-probe: flip #530 ok=true present=4ms inter_flip_ms=78 drawcalls-since-flip=114 drawcalls-total=48140 fail-total=0 null-skips-total=0
[08:31:52] [info] flip-probe: flip #540 ok=true present=4ms inter_flip_ms=111 drawcalls-since-flip=372 drawcalls-total=49842 fail-total=0 null-skips-total=0
[08:31:53] [info]  >> Entering stage 11: 'Mimiga Village'.
[08:31:53] [info] [skip-sheet-flush] cave=5
[08:31:53] [info] [load-stage] preloading entry music song=9 (cave=5)
[08:31:53] [info] [music-dispatch] tick=1523 song=9 (prev 13)
[08:31:53] [info] opl3 backend: on_song_stop
[08:31:53] [info] MidiScheduler::load: parsed 'data/orgmid2/mura.mid' = 2863 events at 48 PPQ
[08:31:53] [info] opl3 backend: on_song_start
[08:31:54] [info] gameloop: entered (curmap=11, running=1)
[08:31:54] [info] gameloop: iter 1 ticks=82870 mapno=-1
[08:31:54] [info] mds-clear-lut: rebuilt N=240 entries (k_skip=0% k_keep=100%; curmap=11 map_size=60x60; rebuild #3 since boot)
[08:31:54] [info] gameloop: iter 2 ticks=83004 mapno=-1
[08:31:54] [info] gameloop: iter 3 ticks=83118 mapno=-1
[08:31:54] [info] backdrop cache: thrashing-detect engaged (streak=4, route=direct)
[08:31:54] [info] flip-probe: flip #550 ok=true present=4ms inter_flip_ms=84 drawcalls-since-flip=135 drawcalls-total=52816 fail-total=0 null-skips-total=0
[08:31:55] [info] flip-probe: flip #560 ok=true present=4ms inter_flip_ms=60 drawcalls-since-flip=40 drawcalls-total=53236 fail-total=0 null-skips-total=0
[08:31:56] [info] flip-probe: flip #570 ok=true present=3ms inter_flip_ms=61 drawcalls-since-flip=40 drawcalls-total=53636 fail-total=0 null-skips-total=0
[08:31:56] [info] flip-probe: flip #580 ok=true present=4ms inter_flip_ms=60 drawcalls-since-flip=42 drawcalls-total=54038 fail-total=0 null-skips-total=0
[08:31:57] [info] flip-probe: flip #590 ok=true present=4ms inter_flip_ms=60 drawcalls-since-flip=40 drawcalls-total=54442 fail-total=0 null-skips-total=0
[08:31:57] [info] flip-probe: flip #600 ok=true present=4ms inter_flip_ms=60 drawcalls-since-flip=41 drawcalls-total=54849 fail-total=0 null-skips-total=0
[08:31:57] [info] alpha audit block 0: 9230 total drawcalls, 0 with alpha<255 (block pct_x10=0; global 0/49903 pct_x10=0); alpha-mod skipped: block=0 global=0
[08:31:57] [info] fastpath audit block 0: taken=9230 (idx8=9230) skipped=0 pct_x10=1000; global taken=49903 (idx8=49903) skipped=0 pct_x10=1000
[08:31:57] [info] primitive tally block 0: clear=201(hr=201) fill=0(hr=0) rect=0(hr=0) line=0(hr=0) tint=0 spotlight=0 (over 100 flips ending at flip 600)
[08:31:57] [info] color/alpha audit block 0: cmod_white=728 cmod_black=728 (idx=728) cmod_general=0 (idx=0) cmod_fb=0; alpha_taken=0 alpha_skipped=0 (global cmod=5354/3848/693/0 idx=3848/693 alpha=0/0)
[08:31:57] [info] phase timing block 0: drawcalls=10892 dc_total_ms=1397 flip_inner_total_ms=661 inter_flip_total_ms=8460 (per-flip avg x10: dc_ms=139 fi_ms=66 if_ms=846 derived audio+engine_ms=641; per-drawcall avg us_x10=1283) [direct-vesa: presents=100 total_ms=383 avg_ms_x10=38 failed=0] [ablation: NO_DC_TIMING=0 CACHE_WINSURF=0 DIRECT_VESA=1]
[08:31:57] [info] kbd/audio block 0: kbd_irq=0 kbd_drain=0 ring_chunks=16 pump_pass=1711 pic1_mask=0xb8 first_irq_ticks=0 install_ticks=0 vector_at_install=0x0083e390 pic1_mask_live=0x38 kbd_8042_stat=0x34 bios_kbd_head=0x003c bios_kbd_tail=0x003c bios_kbd_buf0=0x3920
[08:31:57] [info] dirty-rect block @flip=600: total_calls=0 dirty_rects_avg=1 dirty_pct_x10=1000 forced_full=0 first_n_force=0 threshold_exceeded=0 dirty_path_taken=0 full_flush_taken=0
[08:31:57] [info] prev-frame-diff block @flip=600: diff_calls=0 diff_rects_avg=0 diff_dirty_pct_x10=0 bbox_pct_x10=0 bbox_thresh_exceeded=0
[08:31:58] [info] backdrop cache: thrashing-detect engaged (streak=64, route=direct)
[08:31:58] [info] flip-probe: flip #610 ok=true present=4ms inter_flip_ms=66 drawcalls-since-flip=41 drawcalls-total=55264 fail-total=0 null-skips-total=0
[08:31:59] [info] flip-probe: flip #620 ok=true present=5ms inter_flip_ms=59 drawcalls-since-flip=41 drawcalls-total=55674 fail-total=0 null-skips-total=0
[08:31:59] [info] run_tick_fixed #1800: heartbeat (loop alive)
[08:31:59] [info] flip-probe: flip #630 ok=true present=4ms inter_flip_ms=60 drawcalls-since-flip=44 drawcalls-total=56114 fail-total=0 null-skips-total=0
[08:32:00] [info] flip-probe: flip #640 ok=true present=4ms inter_flip_ms=61 drawcalls-since-flip=44 drawcalls-total=56554 fail-total=0 null-skips-total=0
[08:32:00] [info] flip-probe: flip #650 ok=true present=4ms inter_flip_ms=61 drawcalls-since-flip=43 drawcalls-total=56988 fail-total=0 null-skips-total=0
[08:32:01] [info] tas: stall frame 283 ms -> contributing 1 tick (patch 0286)
[08:32:01] [info] flip-probe: flip #660 ok=true present=5ms inter_flip_ms=60 drawcalls-since-flip=42 drawcalls-total=57414 fail-total=0 null-skips-total=0
[08:32:02] [info] backdrop cache: thrashing-detect engaged (streak=124, route=direct)
[08:32:02] [info] flip-probe: flip #670 ok=true present=5ms inter_flip_ms=63 drawcalls-since-flip=16 drawcalls-total=57678 fail-total=0 null-skips-total=0
[08:32:02] [info] flip-probe: flip #680 ok=true present=4ms inter_flip_ms=51 drawcalls-since-flip=16 drawcalls-total=57838 fail-total=0 null-skips-total=0
[08:32:03] [info] flip-probe: flip #690 ok=true present=4ms inter_flip_ms=60 drawcalls-since-flip=24 drawcalls-total=58039 fail-total=0 null-skips-total=0
[08:32:04] [info] flip-probe: flip #700 ok=true present=4ms inter_flip_ms=57 drawcalls-since-flip=20 drawcalls-total=58241 fail-total=0 null-skips-total=0
[08:32:04] [info] alpha audit block 0: 2460 total drawcalls, 0 with alpha<255 (block pct_x10=0; global 0/52363 pct_x10=0); alpha-mod skipped: block=0 global=0
[08:32:04] [info] fastpath audit block 0: taken=2460 (idx8=2460) skipped=0 pct_x10=1000; global taken=52363 (idx8=52363) skipped=0 pct_x10=1000
[08:32:04] [info] primitive tally block 0: clear=200(hr=200) fill=0(hr=0) rect=0(hr=0) line=0(hr=0) tint=0 spotlight=0 (over 100 flips ending at flip 700)
[08:32:04] [info] color/alpha audit block 0: cmod_white=832 cmod_black=832 (idx=832) cmod_general=0 (idx=0) cmod_fb=0; alpha_taken=0 alpha_skipped=0 (global cmod=6186/4680/693/0 idx=4680/693 alpha=0/0)
[08:32:04] [info] phase timing block 0: drawcalls=4324 dc_total_ms=931 flip_inner_total_ms=879 inter_flip_total_ms=6216 (per-flip avg x10: dc_ms=93 fi_ms=87 if_ms=621 derived audio+engine_ms=441; per-drawcall avg us_x10=2154) [direct-vesa: presents=100 total_ms=390 avg_ms_x10=39 failed=0] [ablation: NO_DC_TIMING=0 CACHE_WINSURF=0 DIRECT_VESA=1]
[08:32:04] [info] kbd/audio block 0: kbd_irq=0 kbd_drain=0 ring_chunks=16 pump_pass=2009 pic1_mask=0xb8 first_irq_ticks=0 install_ticks=0 vector_at_install=0x0083e390 pic1_mask_live=0x38 kbd_8042_stat=0x34 bios_kbd_head=0x003c bios_kbd_tail=0x003c bios_kbd_buf0=0x3920
[08:32:04] [info] dirty-rect block @flip=700: total_calls=0 dirty_rects_avg=1 dirty_pct_x10=1000 forced_full=0 first_n_force=0 threshold_exceeded=0 dirty_path_taken=0 full_flush_taken=0
[08:32:04] [info] prev-frame-diff block @flip=700: diff_calls=0 diff_rects_avg=0 diff_dirty_pct_x10=0 bbox_pct_x10=0 bbox_thresh_exceeded=0
[08:32:04] [info] flip-probe: flip #710 ok=true present=4ms inter_flip_ms=69 drawcalls-since-flip=126 drawcalls-total=58538 fail-total=0 null-skips-total=0
[08:32:05] [info]  >> Entering stage 15: 'Reservoir'.
[08:32:05] [info] [skip-sheet-flush] cave=6
[08:32:05] [info] [load-stage] preloading entry music song=9 (cave=6)
[08:32:06] [info] gameloop: entered (curmap=15, running=1)
[08:32:06] [info] gameloop: iter 1 ticks=94799 mapno=-1
[08:32:06] [info] mds-clear-lut: rebuilt N=240 entries (k_skip=13% k_keep=87%; curmap=15 map_size=40x20; rebuild #4 since boot)
[08:32:06] [info] gameloop: iter 2 ticks=94917 mapno=-1
[08:32:06] [info] gameloop: iter 3 ticks=95023 mapno=-1
[08:32:06] [info] flip-probe: flip #720 ok=true present=4ms inter_flip_ms=107 drawcalls-since-flip=336 drawcalls-total=61208 fail-total=0 null-skips-total=0
[08:32:07] [info] flip-probe: flip #730 ok=true present=4ms inter_flip_ms=50 drawcalls-since-flip=31 drawcalls-total=62248 fail-total=0 null-skips-total=0
[08:32:07] [info] flip-probe: flip #740 ok=true present=4ms inter_flip_ms=49 drawcalls-since-flip=31 drawcalls-total=62558 fail-total=0 null-skips-total=0
[08:32:07] [info] backdrop cache: thrashing-detect engaged (streak=4, route=direct)
[08:32:08] [info] flip-probe: flip #750 ok=true present=4ms inter_flip_ms=57 drawcalls-since-flip=33 drawcalls-total=62874 fail-total=0 null-skips-total=0
[08:32:08] [info] flip-probe: flip #760 ok=true present=4ms inter_flip_ms=57 drawcalls-since-flip=32 drawcalls-total=63207 fail-total=0 null-skips-total=0
[08:32:09] [info] flip-probe: flip #770 ok=true present=3ms inter_flip_ms=53 drawcalls-since-flip=31 drawcalls-total=63517 fail-total=0 null-skips-total=0
[08:32:09] [info] flip-probe: flip #780 ok=true present=4ms inter_flip_ms=53 drawcalls-since-flip=32 drawcalls-total=63835 fail-total=0 null-skips-total=0
[08:32:10] [info] tas: stall frame 268 ms -> contributing 1 tick (patch 0286)
[08:32:10] [info] flip-probe: flip #790 ok=true present=4ms inter_flip_ms=56 drawcalls-since-flip=33 drawcalls-total=64164 fail-total=0 null-skips-total=0
[08:32:11] [info] flip-probe: flip #800 ok=true present=4ms inter_flip_ms=56 drawcalls-since-flip=34 drawcalls-total=64496 fail-total=0 null-skips-total=0
[08:32:11] [info] alpha audit block 0: 5408 total drawcalls, 0 with alpha<255 (block pct_x10=0; global 0/57771 pct_x10=0); alpha-mod skipped: block=0 global=0
[08:32:11] [info] fastpath audit block 0: taken=5408 (idx8=5408) skipped=0 pct_x10=1000; global taken=57771 (idx8=57771) skipped=0 pct_x10=1000
[08:32:11] [info] primitive tally block 0: clear=201(hr=201) fill=0(hr=0) rect=0(hr=0) line=0(hr=0) tint=0 spotlight=0 (over 100 flips ending at flip 800)
[08:32:11] [info] color/alpha audit block 0: cmod_white=747 cmod_black=747 (idx=747) cmod_general=0 (idx=0) cmod_fb=0; alpha_taken=0 alpha_skipped=0 (global cmod=6933/5427/693/0 idx=5427/693 alpha=0/0)
[08:32:11] [info] phase timing block 0: drawcalls=7132 dc_total_ms=1379 flip_inner_total_ms=666 inter_flip_total_ms=7079 (per-flip avg x10: dc_ms=137 fi_ms=66 if_ms=707 derived audio+engine_ms=504; per-drawcall avg us_x10=1933) [direct-vesa: presents=100 total_ms=382 avg_ms_x10=38 failed=0] [ablation: NO_DC_TIMING=0 CACHE_WINSURF=0 DIRECT_VESA=1]
[08:32:11] [info] kbd/audio block 0: kbd_irq=0 kbd_drain=0 ring_chunks=16 pump_pass=2313 pic1_mask=0xb8 first_irq_ticks=0 install_ticks=0 vector_at_install=0x0083e390 pic1_mask_live=0x38 kbd_8042_stat=0x34 bios_kbd_head=0x003c bios_kbd_tail=0x003c bios_kbd_buf0=0x3920
[08:32:11] [info] dirty-rect block @flip=800: total_calls=0 dirty_rects_avg=1 dirty_pct_x10=1000 forced_full=0 first_n_force=0 threshold_exceeded=0 dirty_path_taken=0 full_flush_taken=0
[08:32:11] [info] prev-frame-diff block @flip=800: diff_calls=0 diff_rects_avg=0 diff_dirty_pct_x10=0 bbox_pct_x10=0 bbox_thresh_exceeded=0
[08:32:11] [info] backdrop cache: thrashing-detect engaged (streak=64, route=direct)
[08:32:11] [info] flip-probe: flip #810 ok=true present=4ms inter_flip_ms=54 drawcalls-since-flip=35 drawcalls-total=64846 fail-total=0 null-skips-total=0
[08:32:12] [info] flip-probe: flip #820 ok=true present=3ms inter_flip_ms=56 drawcalls-since-flip=34 drawcalls-total=65197 fail-total=0 null-skips-total=0
[08:32:12] [info] flip-probe: flip #830 ok=true present=4ms inter_flip_ms=53 drawcalls-since-flip=33 drawcalls-total=65543 fail-total=0 null-skips-total=0
[08:32:13] [info] flip-probe: flip #840 ok=true present=4ms inter_flip_ms=52 drawcalls-since-flip=14 drawcalls-total=65818 fail-total=0 null-skips-total=0
[08:32:13] [info] flip-probe: flip #850 ok=true present=3ms inter_flip_ms=50 drawcalls-since-flip=13 drawcalls-total=65956 fail-total=0 null-skips-total=0
[08:32:14] [info] flip-probe: flip #860 ok=true present=4ms inter_flip_ms=58 drawcalls-since-flip=13 drawcalls-total=66086 fail-total=0 null-skips-total=0
[08:32:15] [info] flip-probe: flip #870 ok=true present=4ms inter_flip_ms=51 drawcalls-since-flip=13 drawcalls-total=66216 fail-total=0 null-skips-total=0
[08:32:15] [info] backdrop cache: thrashing-detect engaged (streak=4, route=direct)
[08:32:15] [info] flip-probe: flip #880 ok=true present=4ms inter_flip_ms=52 drawcalls-since-flip=13 drawcalls-total=66346 fail-total=0 null-skips-total=0
[08:32:16] [info] flip-probe: flip #890 ok=true present=4ms inter_flip_ms=51 drawcalls-since-flip=13 drawcalls-total=66476 fail-total=0 null-skips-total=0
[08:32:16] [info] flip-probe: flip #900 ok=true present=4ms inter_flip_ms=53 drawcalls-since-flip=13 drawcalls-total=66606 fail-total=0 null-skips-total=0
[08:32:16] [info] alpha audit block 0: 1677 total drawcalls, 0 with alpha<255 (block pct_x10=0; global 0/59448 pct_x10=0); alpha-mod skipped: block=0 global=0
[08:32:16] [info] fastpath audit block 0: taken=1677 (idx8=1677) skipped=0 pct_x10=1000; global taken=59448 (idx8=59448) skipped=0 pct_x10=1000
[08:32:16] [info] primitive tally block 0: clear=200(hr=200) fill=0(hr=0) rect=0(hr=0) line=0(hr=0) tint=0 spotlight=0 (over 100 flips ending at flip 900)
[08:32:16] [info] color/alpha audit block 0: cmod_white=333 cmod_black=333 (idx=333) cmod_general=0 (idx=0) cmod_fb=0; alpha_taken=0 alpha_skipped=0 (global cmod=7266/5760/693/0 idx=5760/693 alpha=0/0)
[08:32:16] [info] phase timing block 0: drawcalls=2561 dc_total_ms=835 flip_inner_total_ms=869 inter_flip_total_ms=5472 (per-flip avg x10: dc_ms=83 fi_ms=86 if_ms=547 derived audio+engine_ms=378; per-drawcall avg us_x10=3260) [direct-vesa: presents=100 total_ms=381 avg_ms_x10=38 failed=0] [ablation: NO_DC_TIMING=0 CACHE_WINSURF=0 DIRECT_VESA=1]
[08:32:16] [info] kbd/audio block 0: kbd_irq=0 kbd_drain=0 ring_chunks=16 pump_pass=2587 pic1_mask=0xb8 first_irq_ticks=0 install_ticks=0 vector_at_install=0x0083e390 pic1_mask_live=0x38 kbd_8042_stat=0x34 bios_kbd_head=0x003c bios_kbd_tail=0x003c bios_kbd_buf0=0x3920
[08:32:16] [info] dirty-rect block @flip=900: total_calls=0 dirty_rects_avg=1 dirty_pct_x10=1000 forced_full=0 first_n_force=0 threshold_exceeded=0 dirty_path_taken=0 full_flush_taken=0
[08:32:16] [info] prev-frame-diff block @flip=900: diff_calls=0 diff_rects_avg=0 diff_dirty_pct_x10=0 bbox_pct_x10=0 bbox_thresh_exceeded=0
[08:32:16] [info] tas: stall frame 342 ms -> contributing 1 tick (patch 0286)
[08:32:17] [info] flip-probe: flip #910 ok=true present=4ms inter_flip_ms=49 drawcalls-since-flip=13 drawcalls-total=66736 fail-total=0 null-skips-total=0
[08:32:17] [info] flip-probe: flip #920 ok=true present=4ms inter_flip_ms=49 drawcalls-since-flip=13 drawcalls-total=66866 fail-total=0 null-skips-total=0
[08:32:18] [info] flip-probe: flip #930 ok=true present=4ms inter_flip_ms=51 drawcalls-since-flip=13 drawcalls-total=66996 fail-total=0 null-skips-total=0
[08:32:18] [info] backdrop cache: thrashing-detect engaged (streak=64, route=direct)
[08:32:18] [info] flip-probe: flip #940 ok=true present=4ms inter_flip_ms=49 drawcalls-since-flip=13 drawcalls-total=67126 fail-total=0 null-skips-total=0
[08:32:19] [info] run_tick_fixed #2700: heartbeat (loop alive)
[08:32:19] [info] flip-probe: flip #950 ok=true present=4ms inter_flip_ms=89 drawcalls-since-flip=288 drawcalls-total=68011 fail-total=0 null-skips-total=0
[08:32:19] [info]  >> Entering stage 11: 'Mimiga Village'.
[08:32:19] [info] [skip-sheet-flush] cave=7
[08:32:20] [info] [load-stage] preloading entry music song=9 (cave=7)
[08:32:20] [info] gameloop: entered (curmap=11, running=1)
[08:32:20] [info] gameloop: iter 1 ticks=109389 mapno=-1
[08:32:20] [info] mds-clear-lut: rebuilt N=240 entries (k_skip=0% k_keep=100%; curmap=11 map_size=60x60; rebuild #5 since boot)
[08:32:20] [info] gameloop: iter 2 ticks=109508 mapno=-1
[08:32:20] [info] gameloop: iter 3 ticks=109622 mapno=-1
[08:32:21] [info] flip-probe: flip #960 ok=true present=4ms inter_flip_ms=84 drawcalls-since-flip=182 drawcalls-total=70735 fail-total=0 null-skips-total=0
[08:32:21] [info] flip-probe: flip #970 ok=true present=4ms inter_flip_ms=54 drawcalls-since-flip=42 drawcalls-total=71210 fail-total=0 null-skips-total=0
[08:32:22] [info] flip-probe: flip #980 ok=true present=4ms inter_flip_ms=58 drawcalls-since-flip=42 drawcalls-total=71630 fail-total=0 null-skips-total=0
[08:32:23] [info] backdrop cache: thrashing-detect engaged (streak=4, route=direct)
[08:32:23] [info] flip-probe: flip #990 ok=true present=4ms inter_flip_ms=77 drawcalls-since-flip=49 drawcalls-total=72138 fail-total=0 null-skips-total=0
[08:32:23] [info] flip-probe: flip #1000 ok=true present=4ms inter_flip_ms=64 drawcalls-since-flip=47 drawcalls-total=72608 fail-total=0 null-skips-total=0
[08:32:23] [info] alpha audit block 0: 5304 total drawcalls, 0 with alpha<255 (block pct_x10=0; global 0/64752 pct_x10=0); alpha-mod skipped: block=0 global=0
[08:32:23] [info] fastpath audit block 0: taken=5304 (idx8=5304) skipped=0 pct_x10=1000; global taken=64752 (idx8=64752) skipped=0 pct_x10=1000
[08:32:23] [info] primitive tally block 0: clear=201(hr=201) fill=0(hr=0) rect=0(hr=0) line=0(hr=0) tint=0 spotlight=0 (over 100 flips ending at flip 1000)
[08:32:23] [info] color/alpha audit block 0: cmod_white=598 cmod_black=598 (idx=598) cmod_general=0 (idx=0) cmod_fb=0; alpha_taken=0 alpha_skipped=0 (global cmod=7864/6358/693/0 idx=6358/693 alpha=0/0)
[08:32:23] [info] phase timing block 0: drawcalls=6736 dc_total_ms=1391 flip_inner_total_ms=669 inter_flip_total_ms=7214 (per-flip avg x10: dc_ms=139 fi_ms=66 if_ms=721 derived audio+engine_ms=516; per-drawcall avg us_x10=2065) [direct-vesa: presents=100 total_ms=383 avg_ms_x10=38 failed=0] [ablation: NO_DC_TIMING=0 CACHE_WINSURF=0 DIRECT_VESA=1]
[08:32:23] [info] kbd/audio block 0: kbd_irq=0 kbd_drain=0 ring_chunks=16 pump_pass=2892 pic1_mask=0xb8 first_irq_ticks=0 install_ticks=0 vector_at_install=0x0083e390 pic1_mask_live=0x38 kbd_8042_stat=0x34 bios_kbd_head=0x003c bios_kbd_tail=0x003c bios_kbd_buf0=0x3920
[08:32:23] [info] dirty-rect block @flip=1000: total_calls=0 dirty_rects_avg=1 dirty_pct_x10=1000 forced_full=0 first_n_force=0 threshold_exceeded=0 dirty_path_taken=0 full_flush_taken=0
[08:32:23] [info] prev-frame-diff block @flip=1000: diff_calls=0 diff_rects_avg=0 diff_dirty_pct_x10=0 bbox_pct_x10=0 bbox_thresh_exceeded=0
[08:32:24] [info] flip-probe: flip #1010 ok=true present=4ms inter_flip_ms=62 drawcalls-since-flip=44 drawcalls-total=73048 fail-total=0 null-skips-total=0
[08:32:25] [info] flip-probe: flip #1020 ok=true present=4ms inter_flip_ms=60 drawcalls-since-flip=45 drawcalls-total=73486 fail-total=0 null-skips-total=0
[08:32:25] [info] flip-probe: flip #1030 ok=true present=4ms inter_flip_ms=60 drawcalls-since-flip=44 drawcalls-total=73928 fail-total=0 null-skips-total=0
[08:32:26] [info] flip-probe: flip #1040 ok=true present=4ms inter_flip_ms=57 drawcalls-since-flip=44 drawcalls-total=74368 fail-total=0 null-skips-total=0
[08:32:26] [info] backdrop cache: thrashing-detect engaged (streak=64, route=direct)
[08:32:27] [info] flip-probe: flip #1050 ok=true present=4ms inter_flip_ms=67 drawcalls-since-flip=44 drawcalls-total=74808 fail-total=0 null-skips-total=0
[08:32:27] [info] flip-probe: flip #1060 ok=true present=4ms inter_flip_ms=61 drawcalls-since-flip=43 drawcalls-total=75240 fail-total=0 null-skips-total=0
[08:32:28] [info] flip-probe: flip #1070 ok=true present=4ms inter_flip_ms=61 drawcalls-since-flip=42 drawcalls-total=75666 fail-total=0 null-skips-total=0
[08:32:28] [info] flip-probe: flip #1080 ok=true present=4ms inter_flip_ms=56 drawcalls-since-flip=17 drawcalls-total=75933 fail-total=0 null-skips-total=0
[08:32:29] [info] flip-probe: flip #1090 ok=true present=4ms inter_flip_ms=51 drawcalls-since-flip=18 drawcalls-total=76111 fail-total=0 null-skips-total=0
[08:32:29] [info] flip-probe: flip #1100 ok=true present=4ms inter_flip_ms=57 drawcalls-since-flip=18 drawcalls-total=76291 fail-total=0 null-skips-total=0
[08:32:29] [info] alpha audit block 0: 2621 total drawcalls, 0 with alpha<255 (block pct_x10=0; global 0/67373 pct_x10=0); alpha-mod skipped: block=0 global=0
[08:32:29] [info] fastpath audit block 0: taken=2621 (idx8=2621) skipped=0 pct_x10=1000; global taken=67373 (idx8=67373) skipped=0 pct_x10=1000
[08:32:29] [info] primitive tally block 0: clear=200(hr=200) fill=0(hr=0) rect=0(hr=0) line=0(hr=0) tint=0 spotlight=0 (over 100 flips ending at flip 1100)
[08:32:29] [info] color/alpha audit block 0: cmod_white=962 cmod_black=962 (idx=962) cmod_general=0 (idx=0) cmod_fb=0; alpha_taken=0 alpha_skipped=0 (global cmod=8826/7320/693/0 idx=7320/693 alpha=0/0)
[08:32:29] [info] phase timing block 0: drawcalls=4745 dc_total_ms=964 flip_inner_total_ms=654 inter_flip_total_ms=6089 (per-flip avg x10: dc_ms=96 fi_ms=65 if_ms=608 derived audio+engine_ms=447; per-drawcall avg us_x10=2032) [direct-vesa: presents=100 total_ms=383 avg_ms_x10=38 failed=0] [ablation: NO_DC_TIMING=0 CACHE_WINSURF=0 DIRECT_VESA=1]
[08:32:29] [info] kbd/audio block 0: kbd_irq=0 kbd_drain=0 ring_chunks=16 pump_pass=3197 pic1_mask=0xb8 first_irq_ticks=0 install_ticks=0 vector_at_install=0x0083e390 pic1_mask_live=0x38 kbd_8042_stat=0x34 bios_kbd_head=0x003c bios_kbd_tail=0x003c bios_kbd_buf0=0x3920
[08:32:29] [info] dirty-rect block @flip=1100: total_calls=0 dirty_rects_avg=1 dirty_pct_x10=1000 forced_full=0 first_n_force=0 threshold_exceeded=0 dirty_path_taken=0 full_flush_taken=0
[08:32:29] [info] prev-frame-diff block @flip=1100: diff_calls=0 diff_rects_avg=0 diff_dirty_pct_x10=0 bbox_pct_x10=0 bbox_thresh_exceeded=0
[08:32:30] [info] backdrop cache: thrashing-detect engaged (streak=124, route=direct)
[08:32:30] [info] flip-probe: flip #1110 ok=true present=4ms inter_flip_ms=63 drawcalls-since-flip=16 drawcalls-total=76461 fail-total=0 null-skips-total=0
[08:32:31] [info] flip-probe: flip #1120 ok=true present=4ms inter_flip_ms=57 drawcalls-since-flip=17 drawcalls-total=76627 fail-total=0 null-skips-total=0
[08:32:31] [info] flip-probe: flip #1130 ok=true present=4ms inter_flip_ms=57 drawcalls-since-flip=18 drawcalls-total=76803 fail-total=0 null-skips-total=0
[08:32:32] [info] flip-probe: flip #1140 ok=true present=4ms inter_flip_ms=58 drawcalls-since-flip=18 drawcalls-total=76983 fail-total=0 null-skips-total=0
[08:32:32] [info] flip-probe: flip #1150 ok=true present=4ms inter_flip_ms=55 drawcalls-since-flip=19 drawcalls-total=77168 fail-total=0 null-skips-total=0
[08:32:33] [info] flip-probe: flip #1160 ok=true present=4ms inter_flip_ms=52 drawcalls-since-flip=20 drawcalls-total=77368 fail-total=0 null-skips-total=0
[08:32:33] [info] backdrop cache: thrashing-detect engaged (streak=184, route=direct)
[08:32:34] [info] flip-probe: flip #1170 ok=true present=4ms inter_flip_ms=62 drawcalls-since-flip=16 drawcalls-total=77561 fail-total=0 null-skips-total=0
[08:32:34] [info] flip-probe: flip #1180 ok=true present=4ms inter_flip_ms=57 drawcalls-since-flip=16 drawcalls-total=77721 fail-total=0 null-skips-total=0
[08:32:35] [info] flip-probe: flip #1190 ok=true present=4ms inter_flip_ms=58 drawcalls-since-flip=17 drawcalls-total=77885 fail-total=0 null-skips-total=0
[08:32:35] [info] flip-probe: flip #1200 ok=true present=4ms inter_flip_ms=57 drawcalls-since-flip=16 drawcalls-total=78054 fail-total=0 null-skips-total=0
[08:32:35] [info] alpha audit block 0: 1663 total drawcalls, 0 with alpha<255 (block pct_x10=0; global 0/69036 pct_x10=0); alpha-mod skipped: block=0 global=0
[08:32:35] [info] fastpath audit block 0: taken=1663 (idx8=1663) skipped=0 pct_x10=1000; global taken=69036 (idx8=69036) skipped=0 pct_x10=1000
[08:32:35] [info] primitive tally block 0: clear=200(hr=200) fill=0(hr=0) rect=0(hr=0) line=0(hr=0) tint=0 spotlight=0 (over 100 flips ending at flip 1200)
[08:32:35] [info] phase timing block 0: drawcalls=1863 dc_total_ms=730 flip_inner_total_ms=660 inter_flip_total_ms=5822 (per-flip avg x10: dc_ms=73 fi_ms=66 if_ms=582 derived audio+engine_ms=443; per-drawcall avg us_x10=3919) [direct-vesa: presents=100 total_ms=384 avg_ms_x10=38 failed=0] [ablation: NO_DC_TIMING=0 CACHE_WINSURF=0 DIRECT_VESA=1]
[08:32:35] [info] kbd/audio block 0: kbd_irq=0 kbd_drain=0 ring_chunks=16 pump_pass=3488 pic1_mask=0xb8 first_irq_ticks=0 install_ticks=0 vector_at_install=0x0083e390 pic1_mask_live=0x38 kbd_8042_stat=0x34 bios_kbd_head=0x003c bios_kbd_tail=0x003c bios_kbd_buf0=0x3920
[08:32:35] [info] dirty-rect block @flip=1200: total_calls=0 dirty_rects_avg=1 dirty_pct_x10=1000 forced_full=0 first_n_force=0 threshold_exceeded=0 dirty_path_taken=0 full_flush_taken=0
[08:32:36] [info] prev-frame-diff block @flip=1200: diff_calls=0 diff_rects_avg=0 diff_dirty_pct_x10=0 bbox_pct_x10=0 bbox_thresh_exceeded=0
[08:32:36] [info] tas: stall frame 339 ms -> contributing 1 tick (patch 0286)
[08:32:36] [info] flip-probe: flip #1210 ok=true present=3ms inter_flip_ms=59 drawcalls-since-flip=15 drawcalls-total=78209 fail-total=0 null-skips-total=0
[08:32:37] [info] flip-probe: flip #1220 ok=true present=4ms inter_flip_ms=60 drawcalls-since-flip=18 drawcalls-total=78371 fail-total=0 null-skips-total=0
[08:32:37] [info] backdrop cache: thrashing-detect engaged (streak=244, route=direct)
[08:32:37] [info] flip-probe: flip #1230 ok=true present=4ms inter_flip_ms=67 drawcalls-since-flip=19 drawcalls-total=78562 fail-total=0 null-skips-total=0
[08:32:38] [info] flip-probe: flip #1240 ok=true present=4ms inter_flip_ms=87 drawcalls-since-flip=215 drawcalls-total=79007 fail-total=0 null-skips-total=0
[08:32:38] [info]  >> Entering stage 19: 'Assembly Hall'.
[08:32:38] [info] [skip-sheet-flush] cave=8
[08:32:39] [info] [load-stage] preloading entry music song=9 (cave=8)
[08:32:39] [info] gameloop: entered (curmap=19, running=1)
[08:32:39] [info] gameloop: iter 1 ticks=128744 mapno=-1
[08:32:39] [info] mds-clear-lut: rebuilt N=240 entries (k_skip=100% k_keep=0%; curmap=19 map_size=21x16; rebuild #6 since boot)
[08:32:40] [info] gameloop: iter 2 ticks=128871 mapno=-1
[08:32:40] [info] gameloop: iter 3 ticks=128985 mapno=-1
[08:32:40] [info] flip-probe: flip #1250 ok=true present=6ms inter_flip_ms=107 drawcalls-since-flip=459 drawcalls-total=82265 fail-total=0 null-skips-total=0
[08:32:41] [info] flip-probe: flip #1260 ok=true present=5ms inter_flip_ms=55 drawcalls-since-flip=121 drawcalls-total=83827 fail-total=0 null-skips-total=0
[08:32:41] [info] flip-probe: flip #1270 ok=true present=3ms inter_flip_ms=56 drawcalls-since-flip=121 drawcalls-total=85037 fail-total=0 null-skips-total=0
[08:32:42] [info] flip-probe: flip #1280 ok=true present=4ms inter_flip_ms=56 drawcalls-since-flip=122 drawcalls-total=86266 fail-total=0 null-skips-total=0
[08:32:42] [info] flip-probe: flip #1290 ok=true present=5ms inter_flip_ms=56 drawcalls-since-flip=123 drawcalls-total=87486 fail-total=0 null-skips-total=0
[08:32:43] [info] flip-probe: flip #1300 ok=true present=4ms inter_flip_ms=54 drawcalls-since-flip=121 drawcalls-total=88698 fail-total=0 null-skips-total=0
[08:32:43] [info] alpha audit block 0: 9896 total drawcalls, 0 with alpha<255 (block pct_x10=0; global 0/78932 pct_x10=0); alpha-mod skipped: block=0 global=0
[08:32:43] [info] fastpath audit block 0: taken=9896 (idx8=9896) skipped=0 pct_x10=1000; global taken=78932 (idx8=78932) skipped=0 pct_x10=1000
[08:32:43] [info] primitive tally block 0: clear=202(hr=202) fill=0(hr=0) rect=0(hr=0) line=0(hr=0) tint=0 spotlight=0 (over 100 flips ending at flip 1300)
[08:32:43] [info] color/alpha audit block 0: cmod_white=648 cmod_black=648 (idx=648) cmod_general=0 (idx=0) cmod_fb=0; alpha_taken=0 alpha_skipped=0 (global cmod=9474/7968/693/0 idx=7968/693 alpha=0/0)
[08:32:43] [info] phase timing block 0: drawcalls=11448 dc_total_ms=1598 flip_inner_total_ms=661 inter_flip_total_ms=7598 (per-flip avg x10: dc_ms=159 fi_ms=66 if_ms=759 derived audio+engine_ms=534; per-drawcall avg us_x10=1396) [direct-vesa: presents=100 total_ms=391 avg_ms_x10=39 failed=0] [ablation: NO_DC_TIMING=0 CACHE_WINSURF=0 DIRECT_VESA=1]
[08:32:43] [info] kbd/audio block 0: kbd_irq=0 kbd_drain=0 ring_chunks=16 pump_pass=3797 pic1_mask=0xb8 first_irq_ticks=0 install_ticks=0 vector_at_install=0x0083e390 pic1_mask_live=0x38 kbd_8042_stat=0x34 bios_kbd_head=0x003c bios_kbd_tail=0x003c bios_kbd_buf0=0x3920
[08:32:43] [info] dirty-rect block @flip=1300: total_calls=0 dirty_rects_avg=1 dirty_pct_x10=1000 forced_full=0 first_n_force=0 threshold_exceeded=0 dirty_path_taken=0 full_flush_taken=0
[08:32:43] [info] prev-frame-diff block @flip=1300: diff_calls=0 diff_rects_avg=0 diff_dirty_pct_x10=0 bbox_pct_x10=0 bbox_thresh_exceeded=0
[08:32:43] [info] flip-probe: flip #1310 ok=true present=5ms inter_flip_ms=54 drawcalls-since-flip=121 drawcalls-total=89908 fail-total=0 null-skips-total=0
[08:32:44] [info] flip-probe: flip #1320 ok=true present=4ms inter_flip_ms=55 drawcalls-since-flip=121 drawcalls-total=91118 fail-total=0 null-skips-total=0
[08:32:45] [info]  >> Entering stage 11: 'Mimiga Village'.
[08:32:45] [info] [skip-sheet-flush] cave=9
[08:32:46] [info] [load-stage] preloading entry music song=9 (cave=9)
[08:32:46] [info] gameloop: entered (curmap=11, running=1)
[08:32:46] [info] gameloop: iter 1 ticks=134999 mapno=-1
[08:32:46] [info] mds-clear-lut: rebuilt N=240 entries (k_skip=0% k_keep=100%; curmap=11 map_size=60x60; rebuild #7 since boot)
[08:32:46] [info] gameloop: iter 2 ticks=135130 mapno=-1
[08:32:46] [info] flip-probe: flip #1330 ok=true present=4ms inter_flip_ms=120 drawcalls-since-flip=384 drawcalls-total=94510 fail-total=0 null-skips-total=0
[08:32:46] [info] gameloop: iter 3 ticks=135258 mapno=-1
[08:32:46] [info] backdrop cache: thrashing-detect engaged (streak=4, route=direct)
[08:32:47] [info] flip-probe: flip #1340 ok=true present=4ms inter_flip_ms=65 drawcalls-since-flip=44 drawcalls-total=95966 fail-total=0 null-skips-total=0
[08:32:47] [info] flip-probe: flip #1350 ok=true present=3ms inter_flip_ms=60 drawcalls-since-flip=42 drawcalls-total=96406 fail-total=0 null-skips-total=0
[08:32:48] [info] flip-probe: flip #1360 ok=true present=4ms inter_flip_ms=63 drawcalls-since-flip=43 drawcalls-total=96824 fail-total=0 null-skips-total=0
[08:32:49] [info] flip-probe: flip #1370 ok=true present=3ms inter_flip_ms=63 drawcalls-since-flip=42 drawcalls-total=97255 fail-total=0 null-skips-total=0
[08:32:49] [info] flip-probe: flip #1380 ok=true present=4ms inter_flip_ms=62 drawcalls-since-flip=45 drawcalls-total=97684 fail-total=0 null-skips-total=0
[08:32:50] [info] tas: stall frame 288 ms -> contributing 1 tick (patch 0286)
[08:32:50] [info] flip-probe: flip #1390 ok=true present=4ms inter_flip_ms=63 drawcalls-since-flip=44 drawcalls-total=98125 fail-total=0 null-skips-total=0
[08:32:50] [info] backdrop cache: thrashing-detect engaged (streak=64, route=direct)
[08:32:51] [info] flip-probe: flip #1400 ok=true present=4ms inter_flip_ms=64 drawcalls-since-flip=43 drawcalls-total=98556 fail-total=0 null-skips-total=0
[08:32:51] [info] alpha audit block 0: 8486 total drawcalls, 0 with alpha<255 (block pct_x10=0; global 0/87418 pct_x10=0); alpha-mod skipped: block=0 global=0
[08:32:51] [info] fastpath audit block 0: taken=8486 (idx8=8486) skipped=0 pct_x10=1000; global taken=87418 (idx8=87418) skipped=0 pct_x10=1000
[08:32:51] [info] primitive tally block 0: clear=201(hr=201) fill=0(hr=0) rect=0(hr=0) line=0(hr=0) tint=0 spotlight=0 (over 100 flips ending at flip 1400)
[08:32:51] [info] color/alpha audit block 0: cmod_white=1272 cmod_black=1272 (idx=1272) cmod_general=0 (idx=0) cmod_fb=0; alpha_taken=0 alpha_skipped=0 (global cmod=10746/9240/693/0 idx=9240/693 alpha=0/0)
[08:32:51] [info] phase timing block 0: drawcalls=11264 dc_total_ms=1609 flip_inner_total_ms=890 inter_flip_total_ms=8048 (per-flip avg x10: dc_ms=160 fi_ms=89 if_ms=804 derived audio+engine_ms=555; per-drawcall avg us_x10=1428) [direct-vesa: presents=100 total_ms=387 avg_ms_x10=38 failed=0] [ablation: NO_DC_TIMING=0 CACHE_WINSURF=0 DIRECT_VESA=1]
[08:32:51] [info] kbd/audio block 0: kbd_irq=0 kbd_drain=0 ring_chunks=16 pump_pass=4126 pic1_mask=0xb8 first_irq_ticks=0 install_ticks=0 vector_at_install=0x0083e390 pic1_mask_live=0x38 kbd_8042_stat=0x34 bios_kbd_head=0x003c bios_kbd_tail=0x003c bios_kbd_buf0=0x3920
[08:32:51] [info] dirty-rect block @flip=1400: total_calls=0 dirty_rects_avg=1 dirty_pct_x10=1000 forced_full=0 first_n_force=0 threshold_exceeded=0 dirty_path_taken=0 full_flush_taken=0
[08:32:51] [info] prev-frame-diff block @flip=1400: diff_calls=0 diff_rects_avg=0 diff_dirty_pct_x10=0 bbox_pct_x10=0 bbox_thresh_exceeded=0
[08:32:52] [info] flip-probe: flip #1410 ok=true present=4ms inter_flip_ms=59 drawcalls-since-flip=42 drawcalls-total=98978 fail-total=0 null-skips-total=0
[08:32:52] [info] flip-probe: flip #1420 ok=true present=4ms inter_flip_ms=62 drawcalls-since-flip=43 drawcalls-total=99399 fail-total=0 null-skips-total=0
[08:32:52] [info] tas: stall frame 282 ms -> contributing 1 tick (patch 0286)
[08:32:53] [info] flip-probe: flip #1430 ok=true present=4ms inter_flip_ms=61 drawcalls-since-flip=43 drawcalls-total=99829 fail-total=0 null-skips-total=0
[08:32:54] [info] flip-probe: flip #1440 ok=true present=4ms inter_flip_ms=65 drawcalls-since-flip=43 drawcalls-total=100269 fail-total=0 null-skips-total=0
[08:32:54] [info] flip-probe: flip #1450 ok=true present=4ms inter_flip_ms=57 drawcalls-since-flip=14 drawcalls-total=100620 fail-total=0 null-skips-total=0
[08:32:55] [info] backdrop cache: thrashing-detect engaged (streak=124, route=direct)
[08:32:55] [info] flip-probe: flip #1460 ok=true present=4ms inter_flip_ms=109 drawcalls-since-flip=356 drawcalls-total=102650 fail-total=0 null-skips-total=0
[08:32:55] [info]  >> Entering stage 14: 'Shack'.
[08:32:55] [info] [skip-sheet-flush] cave=10
[08:32:56] [info] [load-stage] preloading entry music song=8 (cave=10)
[08:32:56] [info] [music-dispatch] tick=4329 song=8 (prev 9)
[08:32:56] [info] opl3 backend: on_song_stop
[08:32:56] [info] MidiScheduler::load: parsed 'data/orgmid2/vivi.mid' = 4558 events at 48 PPQ
[08:32:56] [info] opl3 backend: on_song_start
[08:32:56] [info] gameloop: entered (curmap=14, running=1)
[08:32:56] [info] gameloop: iter 1 ticks=145573 mapno=-1
[08:32:56] [info] gameloop: iter 2 ticks=145676 mapno=-1
[08:32:57] [info] gameloop: iter 3 ticks=145781 mapno=-1
[08:32:57] [info] flip-probe: flip #1470 ok=true present=4ms inter_flip_ms=42 drawcalls-since-flip=13 drawcalls-total=104427 fail-total=0 null-skips-total=0
[08:32:57] [info] flip-probe: flip #1480 ok=true present=4ms inter_flip_ms=44 drawcalls-since-flip=23 drawcalls-total=104657 fail-total=0 null-skips-total=0
[08:32:58] [info] flip-probe: flip #1490 ok=true present=4ms inter_flip_ms=46 drawcalls-since-flip=23 drawcalls-total=104887 fail-total=0 null-skips-total=0
[08:32:58] [info] flip-probe: flip #1500 ok=true present=4ms inter_flip_ms=46 drawcalls-since-flip=27 drawcalls-total=105143 fail-total=0 null-skips-total=0
[08:32:58] [info] alpha audit block 0: 5707 total drawcalls, 0 with alpha<255 (block pct_x10=0; global 0/93125 pct_x10=0); alpha-mod skipped: block=0 global=0
[08:32:58] [info] fastpath audit block 0: taken=5707 (idx8=5707) skipped=0 pct_x10=1000; global taken=93125 (idx8=93125) skipped=0 pct_x10=1000
[08:32:58] [info] primitive tally block 0: clear=201(hr=201) fill=0(hr=0) rect=0(hr=0) line=0(hr=0) tint=0 spotlight=0 (over 100 flips ending at flip 1500)
[08:32:58] [info] color/alpha audit block 0: cmod_white=819 cmod_black=819 (idx=819) cmod_general=0 (idx=0) cmod_fb=0; alpha_taken=0 alpha_skipped=0 (global cmod=11565/10059/693/0 idx=10059/693 alpha=0/0)
[08:32:58] [info] phase timing block 0: drawcalls=7546 dc_total_ms=1252 flip_inner_total_ms=868 inter_flip_total_ms=7476 (per-flip avg x10: dc_ms=125 fi_ms=86 if_ms=747 derived audio+engine_ms=536; per-drawcall avg us_x10=1659) [direct-vesa: presents=100 total_ms=382 avg_ms_x10=38 failed=0] [ablation: NO_DC_TIMING=0 CACHE_WINSURF=0 DIRECT_VESA=1]
[08:32:58] [info] kbd/audio block 0: kbd_irq=0 kbd_drain=0 ring_chunks=16 pump_pass=4432 pic1_mask=0xb8 first_irq_ticks=0 install_ticks=0 vector_at_install=0x0083e390 pic1_mask_live=0x38 kbd_8042_stat=0x34 bios_kbd_head=0x003c bios_kbd_tail=0x003c bios_kbd_buf0=0x3920
[08:32:58] [info] dirty-rect block @flip=1500: total_calls=0 dirty_rects_avg=1 dirty_pct_x10=1000 forced_full=0 first_n_force=0 threshold_exceeded=0 dirty_path_taken=0 full_flush_taken=0
[08:32:58] [info] prev-frame-diff block @flip=1500: diff_calls=0 diff_rects_avg=0 diff_dirty_pct_x10=0 bbox_pct_x10=0 bbox_thresh_exceeded=0
[08:32:59] [info] flip-probe: flip #1510 ok=true present=4ms inter_flip_ms=45 drawcalls-since-flip=23 drawcalls-total=105380 fail-total=0 null-skips-total=0
[08:32:59] [info] flip-probe: flip #1520 ok=true present=4ms inter_flip_ms=45 drawcalls-since-flip=23 drawcalls-total=105610 fail-total=0 null-skips-total=0
[08:33:00] [info] run_tick_fixed #4500: heartbeat (loop alive)
[08:33:00] [info] flip-probe: flip #1530 ok=true present=4ms inter_flip_ms=44 drawcalls-since-flip=23 drawcalls-total=105840 fail-total=0 null-skips-total=0
[08:33:00] [info] flip-probe: flip #1540 ok=true present=4ms inter_flip_ms=44 drawcalls-since-flip=23 drawcalls-total=106070 fail-total=0 null-skips-total=0
[08:33:01] [info] flip-probe: flip #1550 ok=true present=5ms inter_flip_ms=44 drawcalls-since-flip=23 drawcalls-total=106300 fail-total=0 null-skips-total=0
[08:33:01] [info] flip-probe: flip #1560 ok=true present=4ms inter_flip_ms=44 drawcalls-since-flip=23 drawcalls-total=106530 fail-total=0 null-skips-total=0
[08:33:02] [info] flip-probe: flip #1570 ok=true present=3ms inter_flip_ms=51 drawcalls-since-flip=13 drawcalls-total=108730 fail-total=0 null-skips-total=0
[08:33:02] [info]  >> Entering stage 11: 'Mimiga Village'.
[08:33:02] [info] [skip-sheet-flush] cave=11
[08:33:02] [info] [load-stage] preloading entry music song=9 (cave=11)
[08:33:02] [info] [music-dispatch] tick=4612 song=9 (prev 8)
[08:33:03] [info] opl3 backend: on_song_stop
[08:33:03] [info] MidiScheduler::load: parsed 'data/orgmid2/mura.mid' = 2863 events at 48 PPQ
[08:33:03] [info] opl3 backend: on_song_start
[08:33:03] [info] gameloop: entered (curmap=11, running=1)
[08:33:03] [info] gameloop: iter 1 ticks=152094 mapno=-1
[08:33:03] [info] gameloop: iter 2 ticks=152208 mapno=-1
[08:33:03] [info] gameloop: iter 3 ticks=152338 mapno=-1
[08:33:03] [info] backdrop cache: thrashing-detect engaged (streak=4, route=direct)
[08:33:04] [info] flip-probe: flip #1580 ok=true present=4ms inter_flip_ms=57 drawcalls-since-flip=40 drawcalls-total=110928 fail-total=0 null-skips-total=0
[08:33:04] [info] flip-probe: flip #1590 ok=true present=4ms inter_flip_ms=61 drawcalls-since-flip=42 drawcalls-total=111337 fail-total=0 null-skips-total=0
[08:33:05] [info] flip-probe: flip #1600 ok=true present=3ms inter_flip_ms=65 drawcalls-since-flip=45 drawcalls-total=111771 fail-total=0 null-skips-total=0
[08:33:05] [info] alpha audit block 0: 5858 total drawcalls, 0 with alpha<255 (block pct_x10=0; global 0/98983 pct_x10=0); alpha-mod skipped: block=0 global=0
[08:33:05] [info] fastpath audit block 0: taken=5858 (idx8=5858) skipped=0 pct_x10=1000; global taken=98983 (idx8=98983) skipped=0 pct_x10=1000
[08:33:05] [info] primitive tally block 0: clear=201(hr=201) fill=0(hr=0) rect=0(hr=0) line=0(hr=0) tint=0 spotlight=0 (over 100 flips ending at flip 1600)
[08:33:05] [info] color/alpha audit block 0: cmod_white=740 cmod_black=740 (idx=740) cmod_general=0 (idx=0) cmod_fb=0; alpha_taken=0 alpha_skipped=0 (global cmod=12305/10799/693/0 idx=10799/693 alpha=0/0)
[08:33:05] [info] phase timing block 0: drawcalls=7542 dc_total_ms=1269 flip_inner_total_ms=667 inter_flip_total_ms=6646 (per-flip avg x10: dc_ms=126 fi_ms=66 if_ms=664 derived audio+engine_ms=472; per-drawcall avg us_x10=1682) [direct-vesa: presents=100 total_ms=388 avg_ms_x10=38 failed=0] [ablation: NO_DC_TIMING=0 CACHE_WINSURF=0 DIRECT_VESA=1]
[08:33:05] [info] kbd/audio block 0: kbd_irq=0 kbd_drain=0 ring_chunks=16 pump_pass=4712 pic1_mask=0xb8 first_irq_ticks=0 install_ticks=0 vector_at_install=0x0083e390 pic1_mask_live=0x38 kbd_8042_stat=0x34 bios_kbd_head=0x003c bios_kbd_tail=0x003c bios_kbd_buf0=0x3920
[08:33:05] [info] dirty-rect block @flip=1600: total_calls=0 dirty_rects_avg=1 dirty_pct_x10=1000 forced_full=0 first_n_force=0 threshold_exceeded=0 dirty_path_taken=0 full_flush_taken=0
[08:33:05] [info] prev-frame-diff block @flip=1600: diff_calls=0 diff_rects_avg=0 diff_dirty_pct_x10=0 bbox_pct_x10=0 bbox_thresh_exceeded=0
[08:33:05] [info] tas: stall frame 356 ms -> contributing 1 tick (patch 0286)
[08:33:06] [info] flip-probe: flip #1610 ok=true present=4ms inter_flip_ms=63 drawcalls-since-flip=43 drawcalls-total=112223 fail-total=0 null-skips-total=0
[08:33:07] [info] flip-probe: flip #1620 ok=true present=4ms inter_flip_ms=62 drawcalls-since-flip=42 drawcalls-total=112643 fail-total=0 null-skips-total=0
[08:33:07] [info] flip-probe: flip #1630 ok=true present=4ms inter_flip_ms=76 drawcalls-since-flip=44 drawcalls-total=113086 fail-total=0 null-skips-total=0
[08:33:07] [info] backdrop cache: thrashing-detect engaged (streak=4, route=direct)
[08:33:08] [info] flip-probe: flip #1640 ok=true present=3ms inter_flip_ms=63 drawcalls-since-flip=44 drawcalls-total=113526 fail-total=0 null-skips-total=0
[08:33:08] [info] flip-probe: flip #1650 ok=true present=4ms inter_flip_ms=62 drawcalls-since-flip=46 drawcalls-total=113973 fail-total=0 null-skips-total=0
[08:33:09] [info] flip-probe: flip #1660 ok=true present=4ms inter_flip_ms=62 drawcalls-since-flip=43 drawcalls-total=114419 fail-total=0 null-skips-total=0
[08:33:10] [info] flip-probe: flip #1670 ok=true present=4ms inter_flip_ms=57 drawcalls-since-flip=44 drawcalls-total=114852 fail-total=0 null-skips-total=0
[08:33:10] [info] backdrop cache: thrashing-detect engaged (streak=4, route=direct)
[08:33:10] [info] flip-probe: flip #1680 ok=true present=4ms inter_flip_ms=60 drawcalls-since-flip=46 drawcalls-total=115301 fail-total=0 null-skips-total=0
[08:33:11] [info] flip-probe: flip #1690 ok=true present=4ms inter_flip_ms=58 drawcalls-since-flip=44 drawcalls-total=115754 fail-total=0 null-skips-total=0
[08:33:12] [info] flip-probe: flip #1700 ok=true present=3ms inter_flip_ms=57 drawcalls-since-flip=18 drawcalls-total=115934 fail-total=0 null-skips-total=0
[08:33:12] [info] alpha audit block 0: 2893 total drawcalls, 0 with alpha<255 (block pct_x10=0; global 0/101876 pct_x10=0); alpha-mod skipped: block=0 global=0
[08:33:12] [info] fastpath audit block 0: taken=2893 (idx8=2893) skipped=0 pct_x10=1000; global taken=101876 (idx8=101876) skipped=0 pct_x10=1000
[08:33:12] [info] primitive tally block 0: clear=200(hr=200) fill=0(hr=0) rect=0(hr=0) line=0(hr=0) tint=0 spotlight=0 (over 100 flips ending at flip 1700)
[08:33:12] [info] color/alpha audit block 0: cmod_white=1170 cmod_black=1170 (idx=1170) cmod_general=0 (idx=0) cmod_fb=0; alpha_taken=0 alpha_skipped=0 (global cmod=13475/11969/693/0 idx=11969/693 alpha=0/0)
[08:33:12] [info] phase timing block 0: drawcalls=5441 dc_total_ms=1071 flip_inner_total_ms=656 inter_flip_total_ms=6522 (per-flip avg x10: dc_ms=107 fi_ms=65 if_ms=652 derived audio+engine_ms=480; per-drawcall avg us_x10=1969) [direct-vesa: presents=100 total_ms=384 avg_ms_x10=38 failed=0] [ablation: NO_DC_TIMING=0 CACHE_WINSURF=0 DIRECT_VESA=1]
[08:33:12] [info] kbd/audio block 0: kbd_irq=0 kbd_drain=0 ring_chunks=16 pump_pass=5022 pic1_mask=0xb8 first_irq_ticks=0 install_ticks=0 vector_at_install=0x0083e390 pic1_mask_live=0x38 kbd_8042_stat=0x34 bios_kbd_head=0x003c bios_kbd_tail=0x003c bios_kbd_buf0=0x3920
[08:33:12] [info] dirty-rect block @flip=1700: total_calls=0 dirty_rects_avg=1 dirty_pct_x10=1000 forced_full=0 first_n_force=0 threshold_exceeded=0 dirty_path_taken=0 full_flush_taken=0
[08:33:12] [info] prev-frame-diff block @flip=1700: diff_calls=0 diff_rects_avg=0 diff_dirty_pct_x10=0 bbox_pct_x10=0 bbox_thresh_exceeded=0
[08:33:12] [info] flip-probe: flip #1710 ok=true present=4ms inter_flip_ms=58 drawcalls-since-flip=18 drawcalls-total=116114 fail-total=0 null-skips-total=0
[08:33:13] [info] flip-probe: flip #1720 ok=true present=4ms inter_flip_ms=56 drawcalls-since-flip=18 drawcalls-total=116294 fail-total=0 null-skips-total=0
[08:33:13] [info] flip-probe: flip #1730 ok=true present=4ms inter_flip_ms=55 drawcalls-since-flip=59 drawcalls-total=116515 fail-total=0 null-skips-total=0
[08:33:13] [info] backdrop cache: thrashing-detect engaged (streak=64, route=direct)
[08:33:14] [info] flip-probe: flip #1740 ok=true present=4ms inter_flip_ms=55 drawcalls-since-flip=59 drawcalls-total=117105 fail-total=0 null-skips-total=0
[08:33:14] [info] flip-probe: flip #1750 ok=true present=4ms inter_flip_ms=54 drawcalls-since-flip=59 drawcalls-total=117695 fail-total=0 null-skips-total=0
[08:33:15] [info] flip-probe: flip #1760 ok=true present=4ms inter_flip_ms=54 drawcalls-since-flip=59 drawcalls-total=118285 fail-total=0 null-skips-total=0
[08:33:15] [info] tas: end-of-replay auto-exit at tick 5140 (recording exhausted; set DOSKUTSU_TAS_REPLAY_HOLD=1 to disable + observe steady-state past recording end)
[08:33:15] [info] Script engine shutdown.
[08:33:15] [info] opl3 backend: on_song_stop
[08:33:15] [info] opl3 backend: cleared reg 0xBD chip-wide latch (wub-wub mitigation per flush-instr WAVE-46 H6)
[08:33:15] [info] opl3 backend shutdown (all 18 voices KEY-OFF unconditionally; OPL2 mode restored; chip state safe for next process)
[08:33:16] [info] Sound system shutdown
[08:33:16] [info] Renderer::Close()
[08:33:16] [info] tas: replay file closed
[08:33:16] [info] [fps-true] flips=1763 render_s=160 fps_mean=11.0 (clock-independent: flips / seconds since the FIRST flip; use THIS for the fps matrix, not inter_flip medians, which are invalid in any cell running the PIT/IRQ-0 music pump)
[RUNMANIFEST-BEGIN]
schema_version=2
environment=realhw
binary_sha12=UNKNOWN
binary_sha12_src=unknown
build_sha12=1f79ce20e4ee
organya_cache_key=1f79ce20e4ee
wave_tag=5P4
scene=
env_block_sha=b0358402415e
started_rtc_local=2026-11-21T20:00:20
duration_s=176
exit_code=0
fps_true_flips=1763
fps_true_render_s=160
reel_ticks=5140
reel_game_seconds=102.8
per_loop_fps=17.1
overhead_s=58
music_pump_active=0
cpu_vendor=GenuineIntel
cpu_have_cpuid=1
cpu_family=4
cpu_model=3
cpu_stepping=5
cpu_mhz_est=49
cpu_has_fpu=1
cpu_class=486_slow
audio_backend=opl3
video_logical_wxh=320x240
video_logical_bpp=8
video_vram_kb=4096
video_lfb_or_banked=lfb
audio_is_sb16=0
audio_dsp_ver=2.01
audio_dma_path=8bit-low
audio_force_8bit=0
audio_dma_channel=3
fps_p50=17.2
fps_p95=10.3
fps_sample_n=176
fps_sample_interval=10
pump_clock_state=no-pump
audio_vital_status=NA
regime=NA
banner_required_hit=0
banner_required_total=0
banner_forbidden_hit=0
banner_optional_hit=0
critical_count=0
warn_count=0
perstage_count=12
perstage_00=stage:72 ticks:95 flips:95 fps:50.0
perstage_01=stage:1005 ticks:80 flips:80 fps:50.0
perstage_02=stage:20 ticks:122 flips:51 fps:20.9
perstage_03=stage:11 ticks:457 flips:141 fps:15.4
perstage_04=stage:17 ticks:769 flips:176 fps:11.4
perstage_05=stage:11 ticks:549 flips:173 fps:15.7
perstage_06=stage:15 ticks:663 flips:237 fps:17.8
perstage_07=stage:11 ticks:897 flips:292 fps:16.2
perstage_08=stage:19 ticks:259 flips:82 fps:15.8
perstage_09=stage:11 ticks:438 flips:133 fps:15.1
perstage_10=stage:14 ticks:283 flips:109 fps:19.2
perstage_11=stage:11 ticks:528 flips:193 fps:18.2
[RUNMANIFEST-END]
[08:33:16] [info] [runmanifest-emit] schema=v2 env=realhw binary_sha12=UNKNOWN(unknown) build_sha12=1f79ce20e4ee per_loop_fps=17.1 overhead_s=58 pump=0 dur=176s tag='5P4' scene='' (signals=0x4)
