Logger::init: wave-53 log level=INFO path='LOGS/5P4B.LOG'
[08:33:31] [info] config: loaded DOSKUTSU.CFG (3 keys)
[08:33:31] [info] [cpu-witness] vendor=GenuineIntel cpuid=1 family=4 model=3 stepping=5 mhz_est=49 fpu=1 class=486_slow (boot-time attestation of the running CPU; MHZ_486_LOOP_DIV=16400 mirrors SETUP)
[08:33:31] [info] tas: PRNG seed forced to 12345 via DOSKUTSU_TAS_PRNG_SEED
[08:33:31] [info] tas: auto-exit armed at tick 30000 via DOSKUTSU_TAS_AUTO_EXIT_TICK
[08:33:31] [info] tas: replay opened path='QA.TAS' header_seed=12345
[08:33:32] [info] data cache: DISABLED (default)
[08:33:32] [info] Joystick: skipped (default; set DOSKUTSU_USE_JOYSTICK=1 to enable -- skips SDL3-DOS gameport BIOS INT 15h polling, ~82 ms / flip on real HW)
[08:33:32] [info] Loading settings...
[08:33:32] [info] [input-bind] applied=0 invert_y=0 dos_axes=1
[08:33:32] [info] Renderer::initVideo: 8bpp mode requested via SDL_HINT_DOS_MAX_BPP=8 (wave 16); SDL3-DOS will pick the highest-bpp <= 8 mode at requested resolution
[08:33:32] [info] Renderer::initVideo: DOS resolution-label lock ENABLED (default)
[08:33:33] [info] center-oversized: not needed (surface matches the logical screen) surface=320x240 logical=320x240 offset=0,0
[08:33:33] [info] Renderer::initVideo: using: software renderer
[08:33:36] [info] Renderer::initVideo: dirty-rect tracking ENABLED (wave 15, default ON; set SDL_HINT_DOSKUTSU_DIRTY_RECTS=0 to disable)
[08:33:36] [info] Renderer::initVideo: ablation flags: NO_DC_TIMING=0 CACHE_WINSURF=0 NO_INPUT_POLL=0 DIRECT_VESA=1
[08:33:36] [info] Renderer::initVideo: direct-VESA hot path ENABLED (default since wave 20 patch 0088; bypasses SDL_RenderPresent / SDL_UpdateWindowSurface and writes via SDL/0034's PresentFull helper; R2 mitigation handled by SDL/0034 generation counter -- no per-N-flip heartbeat needed; set SDL_HINT_DOSKUTSU_DIRECT_VESA=0 to revert)
[08:33:36] [info] Renderer::initVideo: flip-phase instrumentation DISABLED (default; set SDL_HINT_DOSKUTSU_FLIP_INSTR=1 to opt in for wave-20 Lever A diagnostic)
[08:33:36] [info] Renderer::initVideo: asm opaque-span blit lever DISABLED (default; set SDL_HINT_DOSKUTSU_ASM_BLIT=1 to opt in -- wave-51 _blit_indexed colorkey-blit lever)
[08:33:36] [info] Renderer::initVideo: blit-decomp instrumentation DISABLED (default; set SDL_HINT_DOSKUTSU_BLIT_DECOMP=1 to opt in -- wave-51 _blit_indexed sub-decomp sizing)
[08:33:36] [info] Renderer::initVideo: mds-scroll-decomp instrumentation DISABLED (default; set SDL_HINT_DOSKUTSU_MDS_DECOMP=1 to opt in -- wave-52 mode_draw_scene scrolling-block decomp)
[08:33:36] [info] Renderer::initVideo: DOSVESA pump yield: skipped (default) (per-flip explicit SDL_Delay(0) yield is always on; set SDL_HINT_DOSKUTSU_FORCE_PUMP_YIELD=1 to restore old per-pump yield)
[08:33:36] [info] Renderer::initVideo: indexed-mode (8bpp) ENABLED -- master palette + 107 per-asset remap LUTs loaded (wave 16, default ON; set SDL_HINT_DOSKUTSU_PIXEL_FORMAT_8=0 to disable)
[08:33:36] [info] Renderer::initVideo: master palette attached to window surface (format=SDL_PIXELFORMAT_INDEX8, ncolors=256)
[08:33:36] [info] Renderer::initVideo: indexed-mode smoke: idx0=(0,0,0) OK idx255=(255,0,255) OK
[08:33:36] [info] Renderer::initVideo: indexed-mode smoke: paletteRemapFor('MyChar.pbm') = present
[08:33:37] [info] Surface::loadImage palmap-diag #1: 'data/Loading.pbm' fmt=SDL_PIXELFORMAT_ABGR8888 remap=HIT -> path=truecolor
[08:33:37] [info] Renderer: prev-frame diff DISABLED (default since wave 17.6; set SDL_HINT_DOSKUTSU_PREVFRAME_DIFF=1 to opt in)
[08:33:37] [info] flip-probe: renderer=software window_ptr=8826560 colorspace=301991328 window_size=320x240 framebuffer_pixels=320x240 logical_present=320x240 mode=2
[08:33:37] [info] flip-probe: first flip ok=true present=55ms inter_flip_ms=0 drawcalls-since-flip=1 drawcalls-total=1
[08:33:37] [info] Sound system init
[08:33:37] [info] Sound system: 4-state audio enable (#31) -- music=on sfx=on (MUSIC_OFF/AUDIO_BACKEND=none -> music-off; SFX_OFF/SFX_DEVICE=none -> sfx-off; both gates are dispatch-level, the device still opens; AUDIO_OFF=1 is the device-level both-off).
[08:33:37] [info] Sound system: Tier-2 audio config (default since wave 21 patch 0093; 11025 Hz, 1 channel, buffer pinned to 256 frames). Measured savings on g2k Pentium OverDrive 83 MHz (W21A): heavy-music scenes ~+11 fps vs Tier-1 baseline (measured -10 to -15 ms/flip post-0094 audio fix; W21A's pre-fix -26.6 ms figure was inflated by stereo-vs-mono playback bug, see patch 0094). Audio quality is reduced vs Tier-1 (mono, 11025 Hz, simple-average L+R downmix) but recognizable; user accepted the trade per direction 2026-05-05. Set SDL_HINT_DOSKUTSU_AUDIO_TIER2=0 to revert to Tier-1 22050 stereo (full Cave Story 2004 audio quality; trades fps for fidelity).
[08:33:37] [info] Sound system: SDL_HINT_AUDIO_DEVICE_SAMPLE_FRAMES=256
[08:33:37] [info] Pixtone IRQ rate-divider: handed master_rate=11025 int16/s (SAMPLE_RATE=11025 x AUDIO_CHANNELS=1) to SDL for auto-RATEDIV (SDL/0074 computes shift_div from the resolved device freq).
[08:33:37] [info] Sound system: device frame-rate: requesting 11025 Hz match to master (SDL_DOSAudioSetDeviceFrameRate; SB16 opens at the engine frame rate instead of SDL's 44100 floor -- 4x less PCM/s + no resampler on the Organya/Pixtone path; killswitch SDL_HINT_DOSKUTSU_DOS_AUDIO_DEVICE_RATE_DEFAULT=0).
[08:33:37] [info] audio backend: opl3 (Phase 10 Stage 4 -- concrete OPL3 FM synthesis backend via SDL/0037+ OPL3 helpers; MidiScheduler routes music dispatch through 18 x 2-op voice allocator + small inline patch bank). SoundManager::init will probe OPL3 via Adlib timer-1 sequence + fall back to organya gracefully if the chip is absent. Pixtone SFX still active on SB16 DAC.
[08:33:38] [info] wave-13.6.1: ring_chunks=16 FORCE_PUMP_YIELD=off (set SDL_HINT_DOSKUTSU_AUDIO_RING_CHUNKS=4|8|16 to override; default 16 matches wave 13.6 behaviour)
[08:33:38] [info] MidiScheduler: MIDI source = 'orgmid2' (native-GM org2mid set; resolves to data/orgmid2/<name>.mid).
[08:33:38] [info] opl3 backend probing for OPL3 chip (Adlib timer-1 sequence)...
[08:33:38] [info] opl3 backend: opl3bank.dat loaded 128 programs from 'data/opl3bank.dat' (v1; 1536 bytes payload). Per-program GM patches now use the runtime bank; programs >= 128 fall back to 8-patch family bucket. Drum channel (MIDI ch 9) unchanged (uses PATCH_DRUM regardless of bank loading).
[08:33:38] [info] opl3 backend ready (OPL3 detected via Adlib timer-1; InitChip applied 18 x 2-op layout; voice allocator armed). Patch bank state: runtime opl3bank.dat ACTIVE (loaded_count=128; programs >= loaded_count fall back to 8-patch placeholder covering GM family categories piano/mallet/organ/guitar/strings/brass/reed/pad). Phase 10.5 path: ship a fuller community bank as data/opl3bank.dat (DOPL3v1 format; 12-byte SBI records per GM program; loader at MidiBackendOpl3 ctor).
[08:33:38] [info] opl3 backend: PATCH_ORGAN + PATCH_MALLET RR=8 (medium release; wub-wub fix per patch 0171; was RR=0 in slot 0103 placeholder -- KEY-OFF couldn't silence; H6 reg 0xBD wave-47 falsified; H1+H5/RR=0 byte-level bug root per WAVE-46/47 analysis)
[08:33:38] [info] Sound system: MidiScheduler armed with MidiBackendOpl3 (patch 0103 Phase 10 Stage 4). Music dispatch routes via SMF parser + 18 x 2-op OPL3 voice allocator + small inline patch bank (community-sourced from Apogee Sound System / AdLib SBI public-domain refs). Pixtone SFX still active on SB16 DAC.
[08:33:38] [info] Sound system: idle-pause skipped (default OFF since patch 0119; backend=opl3 would qualify but operator did not opt-in via SDL_HINT_DOSKUTSU_IDLE_PAUSE=1). DSP stays in continuous-stream mode. Re-enable for an A/B iter once SDL/0037 ForcePause non-engagement is rooted out (task #17).
[08:33:38] [warn] Music dir Ogg/ doesn't exist
[08:33:38] [warn] Music dir Ogg11/ doesn't exist
[08:33:38] [warn] Music dir Ogg17/ doesn't exist
[08:33:38] [warn] Music dir Ogg_ridic/ doesn't exist
[08:33:38] [info] Loading Sound FX...
[08:33:39] [info] [pxt-cache] init(): HIT (loaded cache; render skipped)
[08:33:50] [info] Organya init...
[08:33:52] [info] Organya init done
[08:34:08] [info] gus SFX gain [nx0259]: 70% (SDL_HINT_DOSKUTSU_GUS_SFX_GAIN; scales the GF1 SFX voice volume to balance against velocity/CC-scaled GUS music; default 70, clamp 0..150).
[08:34:08] [info] pixtone IRQ-mix: ENABLED (default; SDL backend engaged; set SDL_HINT_DOSKUTSU_PIXTONE_IRQ_MIX=0 to disable)
[08:34:08] [info] Pixtone::setVolume: L3 active -- mid-play SFX volume updates are no-op in v1 (v2 candidate: SDL_DOSPixtoneSetGain API). gain_x256=256 stored for subsequent SDL_DOSPixtoneStart calls; currently-playing L3 channels unaffected.
[08:34:08] [info] midi ISR tick: engine registered tick_isr callback (L2b active; default ON; set SDL_HINT_DOSKUTSU_MIDI_ISR_TICK=0 to disable)
[08:34:08] [info] menu slide-in fixed-timestep: ENABLED (default; slide advances at 50 Hz logic rate)
[08:34:08] [info] Reading npc.tbl...
[08:34:08] [info] Loading tilekey.dat.
[08:34:08] [info] Script engine init.
[08:34:09] [info] Entering main loop...
[08:34:09] [info] audio mid-gap pump: DISABLED (default)
[08:34:09] [info] TAS fixed-timestep guard: ENABLED (default) (patch 0280; load_stage wall-clock kept out of the FT accumulator so TAS replay advances at a true 50 Hz; set SDL_HINT_DOSKUTSU_TAS_FT_GUARD=0 to disable)
[08:34:09] [info] load_stage ring+DMA silence flush: ENABLED (default) (set SDL_HINT_DOSKUTSU_LOADSTAGE_SILENCE=0 to disable)
[08:34:09] [info] load-band audio-underrun probe: DISABLED (default) (opt-in SDL_HINT_DOSKUTSU_LOADBAND_STAT=1)
[08:34:09] [info]  >> Entering stage 72: 'u'.
[08:34:09] [info] skip sheet flush: ENABLED (default) (SFXPAUSE-012 SHIPPED FIX; sprite sheets stay resident across caves so no per-cave re-decode -> no fire-frame pause; map_flush_graphics tilemap cache still flushes; set SDL_HINT_DOSKUTSU_SKIP_SHEET_FLUSH=0 to restore the old per-cave flush)
[08:34:09] [info] [skip-sheet-flush] cave=1
[08:34:09] [info] eager action sheets: ENABLED (default) (first-fire hitch fix: pre-loads the weapon bullet + hit/muzzle/trail caret sheets at stage load so the first fire/impact does not lazy-decode mid-gameplay; set SDL_HINT_DOSKUTSU_EAGER_ACTION_SHEETS=0 to restore lazy load)
[08:34:09] [info] Surface::loadImage palmap-diag #2: 'data/Bullet.pbm' fmt=SDL_PIXELFORMAT_ABGR8888 remap=HIT -> path=truecolor
[08:34:09] [info] Surface::loadImage palmap-diag #3: 'data/Arms.pbm' fmt=SDL_PIXELFORMAT_ABGR8888 remap=HIT -> path=truecolor
[08:34:10] [info] Surface::loadImage palmap-diag #4: 'data/Caret.pbm' fmt=SDL_PIXELFORMAT_ABGR8888 remap=HIT -> path=truecolor
[08:34:10] [info] Surface::loadImage palmap-diag #5: 'data/Npc/NpcSym.pbm' fmt=SDL_PIXELFORMAT_ABGR8888 remap=HIT -> path=truecolor
[08:34:10] [info] [eager-action-sheets] cave=1 sheets=4 wall_ms=1616
[08:34:11] [info] Surface::loadImage palmap-diag #6: 'data/Stage/PrtWhite.pbm' fmt=SDL_PIXELFORMAT_ABGR8888 remap=HIT -> path=truecolor
[08:34:11] [info] load_stage: entry-music preload ENABLED (default) (set SDL_HINT_DOSKUTSU_PRELOAD_STAGE_MUSIC=0 to disable)
[08:34:11] [info] Surface::loadImage palmap-diag #7: 'data/bk0.pbm' fmt=SDL_PIXELFORMAT_ABGR8888 remap=HIT -> path=truecolor
[08:34:12] [info] gameloop: entered (curmap=72, running=1)
[08:34:12] [info] gameloop: iter 1 ticks=40239 mapno=-1
[08:34:12] [info] fixed-timestep: ENABLED (default; logic 50 Hz, decoupled from render)
[08:34:12] [info] map: BG skip-when-unchanged DISABLED (default) (set SDL_HINT_DOSKUTSU_BG_SKIP_WHEN_UNCHANGED=1 to enable; default OFF since wave-61 -- abandoned, it shipped a backdrop-black flicker and its +0.87 fps was below the noise floor)
[08:34:12] [info] map: skip-redundant-clear lever ENABLED (default since wave-53 promotion)
[08:34:12] [info] perf-mode: level=0 (faithful (default))
[08:34:12] [info] Surface::loadImage palmap-diag #8: 'data/Npc/NpcKings.pbm' fmt=SDL_PIXELFORMAT_ABGR8888 remap=HIT -> path=truecolor
[08:34:12] [info] audio tick-boundary pump: DISABLED (default)
[08:34:12] [info] gameloop: iter 2 ticks=40727 mapno=-1
[08:34:12] [info] gameloop: iter 3 ticks=40797 mapno=-1
[08:34:12] [info] direct-vesa: snapshot @gen=2 use_dosmemput=0 banked_multibank=0 pitches_match=1 vram_w=320 vram_h=240 vram_pitch=320 bpp=1 fb_size=76800 vram_phys=0x78000000 vram_ptr=0x77c00000
[08:34:13] [info] flip-probe: flip #10 ok=true present=4ms inter_flip_ms=41 drawcalls-since-flip=6 drawcalls-total=43 fail-total=0 null-skips-total=0
[08:34:13] [info] flip-probe: flip #20 ok=true present=4ms inter_flip_ms=40 drawcalls-since-flip=4 drawcalls-total=92 fail-total=0 null-skips-total=0
[08:34:14] [info] flip-probe: flip #30 ok=true present=4ms inter_flip_ms=85 drawcalls-since-flip=326 drawcalls-total=2707 fail-total=0 null-skips-total=0
[08:34:15] [info] flip-probe: flip #40 ok=true present=4ms inter_flip_ms=78 drawcalls-since-flip=264 drawcalls-total=5837 fail-total=0 null-skips-total=0
[08:34:15] [info] flip-probe: flip #50 ok=true present=3ms inter_flip_ms=48 drawcalls-since-flip=67 drawcalls-total=7392 fail-total=0 null-skips-total=0
[08:34:16] [info] flip-probe: flip #60 ok=true present=4ms inter_flip_ms=37 drawcalls-since-flip=4 drawcalls-total=7502 fail-total=0 null-skips-total=0
[08:34:16] [info] flip-probe: flip #70 ok=true present=4ms inter_flip_ms=37 drawcalls-since-flip=6 drawcalls-total=7557 fail-total=0 null-skips-total=0
[08:34:16] [info] flip-probe: flip #80 ok=true present=4ms inter_flip_ms=19 drawcalls-since-flip=0 drawcalls-total=7586 fail-total=0 null-skips-total=0
[08:34:17] [info] flip-probe: flip #90 ok=true present=4ms inter_flip_ms=20 drawcalls-since-flip=0 drawcalls-total=7586 fail-total=0 null-skips-total=0
[08:34:17] [info] title: eager-title-IO phase tag ENABLED (default) (set SDL_HINT_DOSKUTSU_EAGER_TITLE_IO=0 to disable)
[08:34:17] [info] [music-dispatch] tick=95 song=24 (prev 0)
[08:34:17] [info] MidiScheduler::load: parsed 'data/orgmid2/curly.mid' = 11294 events at 48 PPQ
[08:34:17] [info] opl3 backend: on_song_start
[08:34:18] [info] gameloop: entered (curmap=1005, running=1)
[08:34:18] [info] gameloop: iter 1 ticks=46128 mapno=-1
[08:34:18] [info] map: backdrop cache ENABLED (default) (set SDL_HINT_DOSKUTSU_BACKDROP_CACHE=0 to disable)
[08:34:19] [info] gameloop: iter 2 ticks=47123 mapno=-1
[08:34:19] [info] gameloop: iter 3 ticks=47173 mapno=-1
[08:34:19] [info] backdrop cache: thrashing-detect engaged (streak=4, route=direct)
[08:34:19] [info] flip-probe: flip #100 ok=true present=5ms inter_flip_ms=43 drawcalls-since-flip=75 drawcalls-total=7886 fail-total=0 null-skips-total=0
[08:34:19] [info] alpha audit block 0: 7798 total drawcalls, 0 with alpha<255 (block pct_x10=0; global 0/7798 pct_x10=0); alpha-mod skipped: block=0 global=0
[08:34:19] [info] fastpath audit block 0: taken=7798 (idx8=7798) skipped=0 pct_x10=1000; global taken=7798 (idx8=7798) skipped=0 pct_x10=1000
[08:34:19] [info] primitive tally block 0: clear=220(hr=220) fill=0(hr=0) rect=0(hr=0) line=0(hr=0) tint=0 spotlight=0 (over 100 flips ending at flip 100)
[08:34:19] [info] color/alpha audit block 0: cmod_white=104 cmod_black=0 (idx=0) cmod_general=84 (idx=84) cmod_fb=0; alpha_taken=0 alpha_skipped=0 (global cmod=104/0/84/0 idx=0/84 alpha=0/0)
[08:34:19] [info] phase timing block 0: drawcalls=8209 dc_total_ms=1795 flip_inner_total_ms=1003 inter_flip_total_ms=41644 (per-flip avg x10: dc_ms=179 fi_ms=100 if_ms=4164 derived audio+engine_ms=3885; per-drawcall avg us_x10=2187) [direct-vesa: presents=97 total_ms=381 avg_ms_x10=39 failed=0] [ablation: NO_DC_TIMING=0 CACHE_WINSURF=0 DIRECT_VESA=1]
[08:34:19] [info] kbd/audio block 0: kbd_irq=0 kbd_drain=0 ring_chunks=16 pump_pass=99 pic1_mask=0xb8 first_irq_ticks=0 install_ticks=0 vector_at_install=0x0083e390 pic1_mask_live=0x38 kbd_8042_stat=0x34 bios_kbd_head=0x003c bios_kbd_tail=0x003c bios_kbd_buf0=0x3920
[08:34:19] [info] audio/engine split block 0: audio_mixer_calls=0 audio_mixer_ms_x10=0 engine_tick_calls=99 engine_tick_ms_x10=603 audio_service_calls=0 audio_service_ms_x10=0 (per-flip avg; per-call us_x10: audio_mix=0 engine_tick=609645 audio_service=0; global ns: audio_mix=0 engine_tick=6035494225 audio_service=0)
[08:34:19] [info] pixtone multi-source probe: DISABLED (default)
[08:34:19] [info] dirty-rect block @flip=100: total_calls=0 dirty_rects_avg=0 dirty_pct_x10=990 forced_full=0 first_n_force=3 threshold_exceeded=2 dirty_path_taken=0 full_flush_taken=3
[08:34:19] [info] prev-frame-diff block @flip=100: diff_calls=0 diff_rects_avg=0 diff_dirty_pct_x10=0 bbox_pct_x10=0 bbox_thresh_exceeded=0
[08:34:19] [info] flip-probe: flip #110 ok=true present=4ms inter_flip_ms=36 drawcalls-since-flip=75 drawcalls-total=8636 fail-total=0 null-skips-total=0
[08:34:20] [info] flip-probe: flip #120 ok=true present=4ms inter_flip_ms=36 drawcalls-since-flip=75 drawcalls-total=9386 fail-total=0 null-skips-total=0
[08:34:20] [info] flip-probe: flip #130 ok=true present=4ms inter_flip_ms=23 drawcalls-since-flip=0 drawcalls-total=9986 fail-total=0 null-skips-total=0
[08:34:20] [info] Loading profile from profile.dat
[08:34:20] [error] profile_load: unable to open 'profile.dat'
[08:34:20] [info] Loading profile from profile2.dat
[08:34:20] [error] profile_load: unable to open 'profile2.dat'
[08:34:20] [info] Loading profile from profile3.dat
[08:34:20] [info] Loading profile from profile4.dat
[08:34:20] [error] profile_load: unable to open 'profile4.dat'
[08:34:20] [info] Loading profile from profile5.dat
[08:34:21] [info] flip-probe: flip #140 ok=true present=4ms inter_flip_ms=60 drawcalls-since-flip=210 drawcalls-total=10826 fail-total=0 null-skips-total=0
[08:34:21] [info] flip-probe: flip #150 ok=true present=4ms inter_flip_ms=61 drawcalls-since-flip=210 drawcalls-total=12926 fail-total=0 null-skips-total=0
[08:34:21] [info] Writing settings...
[08:34:22] [info] flip-probe: flip #160 ok=true present=3ms inter_flip_ms=26 drawcalls-since-flip=0 drawcalls-total=13774 fail-total=0 null-skips-total=0
[08:34:22] [info] flip-probe: flip #170 ok=true present=4ms inter_flip_ms=22 drawcalls-since-flip=0 drawcalls-total=13774 fail-total=0 null-skips-total=0
[08:34:22] [info] [music-dispatch] tick=175 song=0 (prev 24)
[08:34:22] [info] opl3 backend: on_song_stop
[08:34:22] [info] Loading profile from profile5.dat
[08:34:22] [info]  >> Entering stage 20: 'Save Point'.
[08:34:22] [info] [skip-sheet-flush] cave=2
[08:34:23] [info] [music-dispatch] tick=175 song=8 (prev 0)
[08:34:23] [info] MidiScheduler::load: parsed 'data/orgmid2/vivi.mid' = 4558 events at 48 PPQ
[08:34:23] [info] opl3 backend: on_song_start
[08:34:23] [info] gameloop: entered (curmap=20, running=1)
[08:34:23] [info] gameloop: iter 1 ticks=51872 mapno=-1
[08:34:23] [info] TAS stall discount: ENABLED (default) (patch 0286; a replay frame over 150 ms is a load, not slow rendering, so it contributes 1 tick instead of its wall-clock; set SDL_HINT_DOSKUTSU_TAS_STALL_DISCOUNT=0 to disable)
[08:34:23] [info] TAS accumulator clamp: DISABLED (default) (patch 0281; caps the FT accumulator delta at one tick during TAS so a stalled frame cannot race the replay index; set SDL_HINT_DOSKUTSU_TAS_FT_GUARD=0 to disable)
[08:34:23] [info] gameloop: iter 2 ticks=51925 mapno=-1
[08:34:23] [info] gameloop: iter 3 ticks=51973 mapno=-1
[08:34:24] [info] flip-probe: flip #180 ok=true present=4ms inter_flip_ms=40 drawcalls-since-flip=16 drawcalls-total=13896 fail-total=0 null-skips-total=0
[08:34:24] [info] flip-probe: flip #190 ok=true present=3ms inter_flip_ms=40 drawcalls-since-flip=16 drawcalls-total=14056 fail-total=0 null-skips-total=0
[08:34:24] [info] flip-probe: flip #200 ok=true present=4ms inter_flip_ms=40 drawcalls-since-flip=16 drawcalls-total=14216 fail-total=0 null-skips-total=0
[08:34:24] [info] alpha audit block 0: 5693 total drawcalls, 0 with alpha<255 (block pct_x10=0; global 0/13491 pct_x10=0); alpha-mod skipped: block=0 global=0
[08:34:24] [info] fastpath audit block 0: taken=5693 (idx8=5693) skipped=0 pct_x10=1000; global taken=13491 (idx8=13491) skipped=0 pct_x10=1000
[08:34:24] [info] primitive tally block 0: clear=201(hr=201) fill=0(hr=0) rect=0(hr=0) line=0(hr=0) tint=0 spotlight=0 (over 100 flips ending at flip 200)
[08:34:24] [info] color/alpha audit block 0: cmod_white=1402 cmod_black=0 (idx=0) cmod_general=609 (idx=609) cmod_fb=0; alpha_taken=0 alpha_skipped=0 (global cmod=1506/0/693/0 idx=0/693 alpha=0/0)
[08:34:24] [info] phase timing block 0: drawcalls=7905 dc_total_ms=1625 flip_inner_total_ms=667 inter_flip_total_ms=5624 (per-flip avg x10: dc_ms=162 fi_ms=66 if_ms=562 derived audio+engine_ms=334; per-drawcall avg us_x10=2055) [direct-vesa: presents=100 total_ms=388 avg_ms_x10=38 failed=0] [ablation: NO_DC_TIMING=0 CACHE_WINSURF=0 DIRECT_VESA=1]
[08:34:24] [info] kbd/audio block 0: kbd_irq=0 kbd_drain=0 ring_chunks=16 pump_pass=223 pic1_mask=0xb8 first_irq_ticks=0 install_ticks=0 vector_at_install=0x0083e390 pic1_mask_live=0x38 kbd_8042_stat=0x34 bios_kbd_head=0x003c bios_kbd_tail=0x003c bios_kbd_buf0=0x3920
[08:34:24] [info] audio/engine split block 0: audio_mixer_calls=0 audio_mixer_ms_x10=0 engine_tick_calls=76 engine_tick_ms_x10=231 audio_service_calls=0 audio_service_ms_x10=0 (per-flip avg; per-call us_x10: audio_mix=0 engine_tick=304409 audio_service=0; global ns: audio_mix=0 engine_tick=8349010209 audio_service=0)
[08:34:24] [info] dirty-rect block @flip=200: total_calls=0 dirty_rects_avg=1 dirty_pct_x10=1000 forced_full=0 first_n_force=0 threshold_exceeded=0 dirty_path_taken=0 full_flush_taken=0
[08:34:24] [info] prev-frame-diff block @flip=200: diff_calls=0 diff_rects_avg=0 diff_dirty_pct_x10=0 bbox_pct_x10=0 bbox_thresh_exceeded=0
[08:34:25] [info] flip-probe: flip #210 ok=true present=4ms inter_flip_ms=41 drawcalls-since-flip=16 drawcalls-total=14376 fail-total=0 null-skips-total=0
[08:34:25] [info] flip-probe: flip #220 ok=true present=4ms inter_flip_ms=57 drawcalls-since-flip=150 drawcalls-total=14774 fail-total=0 null-skips-total=0
[08:34:26] [info]  >> Entering stage 11: 'Mimiga Village'.
[08:34:26] [info] [skip-sheet-flush] cave=3
[08:34:26] [info] [load-stage] preloading entry music song=9 (cave=3)
[08:34:26] [info] [music-dispatch] tick=297 song=9 (prev 8)
[08:34:26] [info] opl3 backend: on_song_stop
[08:34:27] [info] MidiScheduler::load: parsed 'data/orgmid2/mura.mid' = 2863 events at 48 PPQ
[08:34:27] [info] opl3 backend: on_song_start
[08:34:27] [info] gameloop: entered (curmap=11, running=1)
[08:34:27] [info] gameloop: iter 1 ticks=55269 mapno=-1
[08:34:27] [info] map: mds_clear LUT ENABLED (default) (set SDL_HINT_DOSKUTSU_MDS_CLEAR_LUT=0 to disable; default ON; patch 0144 wave-49 bandwidth lever)
[08:34:27] [info] mds-clear-lut: rebuilt N=240 entries (k_skip=0% k_keep=100%; curmap=11 map_size=60x60; rebuild #1 since boot)
[08:34:27] [info] backdrop thrash full-cover ENABLED (default) (set SDL_HINT_DOSKUTSU_THRASH_FULLCOVER=0 to disable)
[08:34:27] [info] [bd-diag] backdrop render-path diag disabled (default) (set SDL_HINT_DOSKUTSU_BACKDROP_DIAG=1 to enable)
[08:34:27] [info] gameloop: iter 2 ticks=55422 mapno=-1
[08:34:27] [info] tas: stall frame 153 ms -> contributing 1 tick (patch 0286)
[08:34:27] [info] gameloop: iter 3 ticks=55535 mapno=-1
[08:34:27] [info] flip-probe: flip #230 ok=true present=4ms inter_flip_ms=118 drawcalls-since-flip=385 drawcalls-total=17635 fail-total=0 null-skips-total=0
[08:34:28] [info] backdrop cache: thrashing-detect engaged (streak=4, route=direct)
[08:34:28] [info] flip-probe: flip #240 ok=true present=4ms inter_flip_ms=58 drawcalls-since-flip=43 drawcalls-total=19038 fail-total=0 null-skips-total=0
[08:34:28] [info] backdrop cache: thrashing-detect engaged (streak=4, route=direct)
[08:34:29] [info] flip-probe: flip #250 ok=true present=4ms inter_flip_ms=61 drawcalls-since-flip=44 drawcalls-total=19490 fail-total=0 null-skips-total=0
[08:34:29] [info] flip-probe: flip #260 ok=true present=4ms inter_flip_ms=60 drawcalls-since-flip=42 drawcalls-total=19912 fail-total=0 null-skips-total=0
[08:34:30] [info] flip-probe: flip #270 ok=true present=4ms inter_flip_ms=60 drawcalls-since-flip=42 drawcalls-total=20332 fail-total=0 null-skips-total=0
[08:34:30] [info] flip-probe: flip #280 ok=true present=4ms inter_flip_ms=60 drawcalls-since-flip=42 drawcalls-total=20752 fail-total=0 null-skips-total=0
[08:34:31] [info] flip-probe: flip #290 ok=true present=3ms inter_flip_ms=62 drawcalls-since-flip=43 drawcalls-total=21176 fail-total=0 null-skips-total=0
[08:34:32] [info] flip-probe: flip #300 ok=true present=4ms inter_flip_ms=60 drawcalls-since-flip=43 drawcalls-total=21606 fail-total=0 null-skips-total=0
[08:34:32] [info] alpha audit block 0: 6368 total drawcalls, 0 with alpha<255 (block pct_x10=0; global 0/19859 pct_x10=0); alpha-mod skipped: block=0 global=0
[08:34:32] [info] fastpath audit block 0: taken=6368 (idx8=6368) skipped=0 pct_x10=1000; global taken=19859 (idx8=19859) skipped=0 pct_x10=1000
[08:34:32] [info] primitive tally block 0: clear=202(hr=202) fill=0(hr=0) rect=0(hr=0) line=0(hr=0) tint=0 spotlight=0 (over 100 flips ending at flip 300)
[08:34:32] [info] color/alpha audit block 0: cmod_white=949 cmod_black=949 (idx=949) cmod_general=0 (idx=0) cmod_fb=0; alpha_taken=0 alpha_skipped=0 (global cmod=2455/949/693/0 idx=949/693 alpha=0/0)
[08:34:32] [info] phase timing block 0: drawcalls=8478 dc_total_ms=1435 flip_inner_total_ms=657 inter_flip_total_ms=7342 (per-flip avg x10: dc_ms=143 fi_ms=65 if_ms=734 derived audio+engine_ms=526; per-drawcall avg us_x10=1693) [direct-vesa: presents=100 total_ms=379 avg_ms_x10=37 failed=0] [ablation: NO_DC_TIMING=0 CACHE_WINSURF=0 DIRECT_VESA=1]
[08:34:32] [info] kbd/audio block 0: kbd_irq=0 kbd_drain=0 ring_chunks=16 pump_pass=536 pic1_mask=0xb8 first_irq_ticks=0 install_ticks=0 vector_at_install=0x0083e390 pic1_mask_live=0x38 kbd_8042_stat=0x34 bios_kbd_head=0x003c bios_kbd_tail=0x003c bios_kbd_buf0=0x3920
[08:34:32] [info] [tile-speedup-stat n=100 drawtile_us=124.06 raw_blit_us=93.70 ratio=1.32]
[08:34:32] [info] dirty-rect block @flip=300: total_calls=100 dirty_rects_avg=1 dirty_pct_x10=1000 forced_full=0 first_n_force=0 threshold_exceeded=0 dirty_path_taken=0 full_flush_taken=0
[08:34:32] [info] prev-frame-diff block @flip=300: diff_calls=0 diff_rects_avg=0 diff_dirty_pct_x10=0 bbox_pct_x10=0 bbox_thresh_exceeded=0
[08:34:32] [info] tas: stall frame 166 ms -> contributing 1 tick (patch 0286)
[08:34:32] [info] backdrop cache: thrashing-detect engaged (streak=64, route=direct)
[08:34:32] [info] flip-probe: flip #310 ok=true present=3ms inter_flip_ms=61 drawcalls-since-flip=44 drawcalls-total=22145 fail-total=0 null-skips-total=0
[08:34:33] [info] flip-probe: flip #320 ok=true present=4ms inter_flip_ms=61 drawcalls-since-flip=41 drawcalls-total=22567 fail-total=0 null-skips-total=0
[08:34:34] [info] flip-probe: flip #330 ok=true present=4ms inter_flip_ms=64 drawcalls-since-flip=40 drawcalls-total=22988 fail-total=0 null-skips-total=0
[08:34:34] [info] flip-probe: flip #340 ok=true present=4ms inter_flip_ms=62 drawcalls-since-flip=43 drawcalls-total=23400 fail-total=0 null-skips-total=0
[08:34:35] [info] flip-probe: flip #350 ok=true present=4ms inter_flip_ms=55 drawcalls-since-flip=14 drawcalls-total=23736 fail-total=0 null-skips-total=0
[08:34:35] [info] tas: stall frame 276 ms -> contributing 1 tick (patch 0286)
[08:34:36] [info] flip-probe: flip #360 ok=true present=4ms inter_flip_ms=54 drawcalls-since-flip=14 drawcalls-total=23876 fail-total=0 null-skips-total=0
[08:34:36] [info] backdrop cache: thrashing-detect engaged (streak=124, route=direct)
[08:34:36] [info]  >> Entering stage 17: 'Yamashita Farm'.
[08:34:36] [info] [skip-sheet-flush] cave=4
[08:34:37] [info] [load-stage] preloading entry music song=13 (cave=4)
[08:34:37] [info] [music-dispatch] tick=754 song=13 (prev 9)
[08:34:37] [info] opl3 backend: on_song_stop
[08:34:37] [info] MidiScheduler::load: parsed 'data/orgmid2/plant.mid' = 3000 events at 48 PPQ
[08:34:37] [info] opl3 backend: on_song_start
[08:34:37] [info] gameloop: entered (curmap=17, running=1)
[08:34:37] [info] gameloop: iter 1 ticks=65846 mapno=-1
[08:34:37] [info] mds-clear-lut: rebuilt N=240 entries (k_skip=33% k_keep=67%; curmap=17 map_size=40x16; rebuild #2 since boot)
[08:34:38] [info] flip-probe: flip #370 ok=true present=4ms inter_flip_ms=1119 drawcalls-since-flip=401 drawcalls-total=26168 fail-total=0 null-skips-total=0
[08:34:38] [info] gameloop: iter 2 ticks=66148 mapno=-1
[08:34:38] [info] tas: stall frame 303 ms -> contributing 1 tick (patch 0286)
[08:34:38] [info] gameloop: iter 3 ticks=66260 mapno=-1
[08:34:39] [info] flip-probe: flip #380 ok=true present=4ms inter_flip_ms=79 drawcalls-since-flip=136 drawcalls-total=28831 fail-total=0 null-skips-total=0
[08:34:39] [info] flip-probe: flip #390 ok=true present=4ms inter_flip_ms=89 drawcalls-since-flip=140 drawcalls-total=30228 fail-total=0 null-skips-total=0
[08:34:40] [info] backdrop cache: thrashing-detect engaged (streak=4, route=direct)
[08:34:40] [info] flip-probe: flip #400 ok=true present=4ms inter_flip_ms=98 drawcalls-since-flip=139 drawcalls-total=31608 fail-total=0 null-skips-total=0
[08:34:40] [info] alpha audit block 0: 8888 total drawcalls, 0 with alpha<255 (block pct_x10=0; global 0/28747 pct_x10=0); alpha-mod skipped: block=0 global=0
[08:34:40] [info] fastpath audit block 0: taken=8888 (idx8=8888) skipped=0 pct_x10=1000; global taken=28747 (idx8=28747) skipped=0 pct_x10=1000
[08:34:40] [info] primitive tally block 0: clear=201(hr=201) fill=0(hr=0) rect=0(hr=0) line=0(hr=0) tint=0 spotlight=0 (over 100 flips ending at flip 400)
[08:34:40] [info] color/alpha audit block 0: cmod_white=1014 cmod_black=1014 (idx=1014) cmod_general=0 (idx=0) cmod_fb=0; alpha_taken=0 alpha_skipped=0 (global cmod=3469/1963/693/0 idx=1963/693 alpha=0/0)
[08:34:40] [info] phase timing block 0: drawcalls=11142 dc_total_ms=1627 flip_inner_total_ms=870 inter_flip_total_ms=8726 (per-flip avg x10: dc_ms=162 fi_ms=87 if_ms=872 derived audio+engine_ms=623; per-drawcall avg us_x10=1460) [direct-vesa: presents=100 total_ms=382 avg_ms_x10=38 failed=0] [ablation: NO_DC_TIMING=0 CACHE_WINSURF=0 DIRECT_VESA=1]
[08:34:40] [info] kbd/audio block 0: kbd_irq=0 kbd_drain=0 ring_chunks=16 pump_pass=892 pic1_mask=0xb8 first_irq_ticks=0 install_ticks=0 vector_at_install=0x0083e390 pic1_mask_live=0x38 kbd_8042_stat=0x34 bios_kbd_head=0x003c bios_kbd_tail=0x003c bios_kbd_buf0=0x3920
[08:34:40] [info] dirty-rect block @flip=400: total_calls=0 dirty_rects_avg=1 dirty_pct_x10=1000 forced_full=0 first_n_force=0 threshold_exceeded=0 dirty_path_taken=0 full_flush_taken=0
[08:34:40] [info] prev-frame-diff block @flip=400: diff_calls=0 diff_rects_avg=0 diff_dirty_pct_x10=0 bbox_pct_x10=0 bbox_thresh_exceeded=0
[08:34:40] [info] tas: stall frame 169 ms -> contributing 1 tick (patch 0286)
[08:34:41] [info] flip-probe: flip #410 ok=true present=5ms inter_flip_ms=96 drawcalls-since-flip=140 drawcalls-total=33005 fail-total=0 null-skips-total=0
[08:34:42] [info] backdrop cache: thrashing-detect engaged (streak=4, route=direct)
[08:34:42] [info] flip-probe: flip #420 ok=true present=4ms inter_flip_ms=94 drawcalls-since-flip=134 drawcalls-total=34375 fail-total=0 null-skips-total=0
[08:34:43] [info] flip-probe: flip #430 ok=true present=4ms inter_flip_ms=87 drawcalls-since-flip=129 drawcalls-total=35689 fail-total=0 null-skips-total=0
[08:34:44] [info] flip-probe: flip #440 ok=true present=4ms inter_flip_ms=85 drawcalls-since-flip=129 drawcalls-total=36959 fail-total=0 null-skips-total=0
[08:34:45] [info] flip-probe: flip #450 ok=true present=4ms inter_flip_ms=89 drawcalls-since-flip=129 drawcalls-total=38239 fail-total=0 null-skips-total=0
[08:34:46] [info] flip-probe: flip #460 ok=true present=4ms inter_flip_ms=81 drawcalls-since-flip=130 drawcalls-total=39496 fail-total=0 null-skips-total=0
[08:34:47] [info] flip-probe: flip #470 ok=true present=4ms inter_flip_ms=101 drawcalls-since-flip=149 drawcalls-total=40897 fail-total=0 null-skips-total=0
[08:34:48] [info] backdrop cache: thrashing-detect engaged (streak=64, route=direct)
[08:34:48] [info] flip-probe: flip #480 ok=true present=3ms inter_flip_ms=98 drawcalls-since-flip=140 drawcalls-total=42286 fail-total=0 null-skips-total=0
[08:34:49] [info] flip-probe: flip #490 ok=true present=4ms inter_flip_ms=81 drawcalls-since-flip=108 drawcalls-total=43604 fail-total=0 null-skips-total=0
[08:34:50] [info] flip-probe: flip #500 ok=true present=4ms inter_flip_ms=85 drawcalls-since-flip=111 drawcalls-total=44698 fail-total=0 null-skips-total=0
[08:34:50] [info] alpha audit block 0: 11833 total drawcalls, 0 with alpha<255 (block pct_x10=0; global 0/40580 pct_x10=0); alpha-mod skipped: block=0 global=0
[08:34:50] [info] fastpath audit block 0: taken=11833 (idx8=11833) skipped=0 pct_x10=1000; global taken=40580 (idx8=40580) skipped=0 pct_x10=1000
[08:34:50] [info] primitive tally block 0: clear=200(hr=200) fill=0(hr=0) rect=0(hr=0) line=0(hr=0) tint=0 spotlight=0 (over 100 flips ending at flip 500)
[08:34:50] [info] color/alpha audit block 0: cmod_white=1157 cmod_black=1157 (idx=1157) cmod_general=0 (idx=0) cmod_fb=0; alpha_taken=0 alpha_skipped=0 (global cmod=4626/3120/693/0 idx=3120/693 alpha=0/0)
[08:34:50] [info] phase timing block 0: drawcalls=14351 dc_total_ms=1410 flip_inner_total_ms=668 inter_flip_total_ms=9142 (per-flip avg x10: dc_ms=141 fi_ms=66 if_ms=914 derived audio+engine_ms=707; per-drawcall avg us_x10=982) [direct-vesa: presents=100 total_ms=386 avg_ms_x10=38 failed=0] [ablation: NO_DC_TIMING=0 CACHE_WINSURF=0 DIRECT_VESA=1]
[08:34:50] [info] kbd/audio block 0: kbd_irq=0 kbd_drain=0 ring_chunks=16 pump_pass=1342 pic1_mask=0xb8 first_irq_ticks=0 install_ticks=0 vector_at_install=0x0083e390 pic1_mask_live=0x38 kbd_8042_stat=0x34 bios_kbd_head=0x003c bios_kbd_tail=0x003c bios_kbd_buf0=0x3920
[08:34:50] [info] dirty-rect block @flip=500: total_calls=0 dirty_rects_avg=1 dirty_pct_x10=1000 forced_full=0 first_n_force=0 threshold_exceeded=0 dirty_path_taken=0 full_flush_taken=0
[08:34:50] [info] prev-frame-diff block @flip=500: diff_calls=0 diff_rects_avg=0 diff_dirty_pct_x10=0 bbox_pct_x10=0 bbox_thresh_exceeded=0
[08:34:50] [info] tas: stall frame 167 ms -> contributing 1 tick (patch 0286)
[08:34:50] [info] flip-probe: flip #510 ok=true present=5ms inter_flip_ms=80 drawcalls-since-flip=116 drawcalls-total=45804 fail-total=0 null-skips-total=0
[08:34:51] [info] flip-probe: flip #520 ok=true present=4ms inter_flip_ms=81 drawcalls-since-flip=114 drawcalls-total=46952 fail-total=0 null-skips-total=0
[08:34:52] [info] flip-probe: flip #530 ok=true present=4ms inter_flip_ms=78 drawcalls-since-flip=115 drawcalls-total=48058 fail-total=0 null-skips-total=0
[08:34:53] [info] backdrop cache: thrashing-detect engaged (streak=124, route=direct)
[08:34:53] [info] flip-probe: flip #540 ok=true present=4ms inter_flip_ms=115 drawcalls-since-flip=402 drawcalls-total=49945 fail-total=0 null-skips-total=0
[08:34:53] [info]  >> Entering stage 11: 'Mimiga Village'.
[08:34:53] [info] [skip-sheet-flush] cave=5
[08:34:54] [info] [load-stage] preloading entry music song=9 (cave=5)
[08:34:54] [info] [music-dispatch] tick=1526 song=9 (prev 13)
[08:34:54] [info] opl3 backend: on_song_stop
[08:34:54] [info] MidiScheduler::load: parsed 'data/orgmid2/mura.mid' = 2863 events at 48 PPQ
[08:34:54] [info] opl3 backend: on_song_start
[08:34:54] [info] gameloop: entered (curmap=11, running=1)
[08:34:54] [info] gameloop: iter 1 ticks=83045 mapno=-1
[08:34:55] [info] mds-clear-lut: rebuilt N=240 entries (k_skip=0% k_keep=100%; curmap=11 map_size=60x60; rebuild #3 since boot)
[08:34:55] [info] gameloop: iter 2 ticks=83175 mapno=-1
[08:34:55] [info] gameloop: iter 3 ticks=83288 mapno=-1
[08:34:55] [info] backdrop cache: thrashing-detect engaged (streak=4, route=direct)
[08:34:55] [info] flip-probe: flip #550 ok=true present=4ms inter_flip_ms=89 drawcalls-since-flip=165 drawcalls-total=52711 fail-total=0 null-skips-total=0
[08:34:56] [info] flip-probe: flip #560 ok=true present=5ms inter_flip_ms=59 drawcalls-since-flip=40 drawcalls-total=53161 fail-total=0 null-skips-total=0
[08:34:56] [info] flip-probe: flip #570 ok=true present=4ms inter_flip_ms=57 drawcalls-since-flip=40 drawcalls-total=53561 fail-total=0 null-skips-total=0
[08:34:57] [info] flip-probe: flip #580 ok=true present=3ms inter_flip_ms=58 drawcalls-since-flip=40 drawcalls-total=53965 fail-total=0 null-skips-total=0
[08:34:58] [info] flip-probe: flip #590 ok=true present=4ms inter_flip_ms=58 drawcalls-since-flip=40 drawcalls-total=54371 fail-total=0 null-skips-total=0
[08:34:58] [info] flip-probe: flip #600 ok=true present=4ms inter_flip_ms=59 drawcalls-since-flip=41 drawcalls-total=54779 fail-total=0 null-skips-total=0
[08:34:58] [info] alpha audit block 0: 9253 total drawcalls, 0 with alpha<255 (block pct_x10=0; global 0/49833 pct_x10=0); alpha-mod skipped: block=0 global=0
[08:34:58] [info] fastpath audit block 0: taken=9253 (idx8=9253) skipped=0 pct_x10=1000; global taken=49833 (idx8=49833) skipped=0 pct_x10=1000
[08:34:58] [info] primitive tally block 0: clear=202(hr=202) fill=0(hr=0) rect=0(hr=0) line=0(hr=0) tint=0 spotlight=0 (over 100 flips ending at flip 600)
[08:34:58] [info] color/alpha audit block 0: cmod_white=728 cmod_black=728 (idx=728) cmod_general=0 (idx=0) cmod_fb=0; alpha_taken=0 alpha_skipped=0 (global cmod=5354/3848/693/0 idx=3848/693 alpha=0/0)
[08:34:58] [info] phase timing block 0: drawcalls=10916 dc_total_ms=1411 flip_inner_total_ms=662 inter_flip_total_ms=8703 (per-flip avg x10: dc_ms=141 fi_ms=66 if_ms=870 derived audio+engine_ms=663; per-drawcall avg us_x10=1293) [direct-vesa: presents=100 total_ms=383 avg_ms_x10=38 failed=0] [ablation: NO_DC_TIMING=0 CACHE_WINSURF=0 DIRECT_VESA=1]
[08:34:58] [info] kbd/audio block 0: kbd_irq=0 kbd_drain=0 ring_chunks=16 pump_pass=1713 pic1_mask=0xb8 first_irq_ticks=0 install_ticks=0 vector_at_install=0x0083e390 pic1_mask_live=0x38 kbd_8042_stat=0x34 bios_kbd_head=0x003c bios_kbd_tail=0x003c bios_kbd_buf0=0x3920
[08:34:58] [info] dirty-rect block @flip=600: total_calls=0 dirty_rects_avg=1 dirty_pct_x10=1000 forced_full=0 first_n_force=0 threshold_exceeded=0 dirty_path_taken=0 full_flush_taken=0
[08:34:58] [info] prev-frame-diff block @flip=600: diff_calls=0 diff_rects_avg=0 diff_dirty_pct_x10=0 bbox_pct_x10=0 bbox_thresh_exceeded=0
[08:34:59] [info] backdrop cache: thrashing-detect engaged (streak=64, route=direct)
[08:34:59] [info] flip-probe: flip #610 ok=true present=4ms inter_flip_ms=67 drawcalls-since-flip=41 drawcalls-total=55191 fail-total=0 null-skips-total=0
[08:35:00] [info] flip-probe: flip #620 ok=true present=4ms inter_flip_ms=60 drawcalls-since-flip=41 drawcalls-total=55601 fail-total=0 null-skips-total=0
[08:35:00] [info] flip-probe: flip #630 ok=true present=4ms inter_flip_ms=60 drawcalls-since-flip=44 drawcalls-total=56041 fail-total=0 null-skips-total=0
[08:35:01] [info] flip-probe: flip #640 ok=true present=4ms inter_flip_ms=61 drawcalls-since-flip=44 drawcalls-total=56481 fail-total=0 null-skips-total=0
[08:35:01] [info] flip-probe: flip #650 ok=true present=4ms inter_flip_ms=61 drawcalls-since-flip=43 drawcalls-total=56915 fail-total=0 null-skips-total=0
[08:35:02] [info] flip-probe: flip #660 ok=true present=4ms inter_flip_ms=59 drawcalls-since-flip=42 drawcalls-total=57341 fail-total=0 null-skips-total=0
[08:35:03] [info] backdrop cache: thrashing-detect engaged (streak=124, route=direct)
[08:35:03] [info] flip-probe: flip #670 ok=true present=4ms inter_flip_ms=61 drawcalls-since-flip=16 drawcalls-total=57605 fail-total=0 null-skips-total=0
[08:35:03] [info] flip-probe: flip #680 ok=true present=4ms inter_flip_ms=51 drawcalls-since-flip=16 drawcalls-total=57765 fail-total=0 null-skips-total=0
[08:35:04] [info] flip-probe: flip #690 ok=true present=4ms inter_flip_ms=59 drawcalls-since-flip=26 drawcalls-total=57979 fail-total=0 null-skips-total=0
[08:35:04] [info] flip-probe: flip #700 ok=true present=4ms inter_flip_ms=55 drawcalls-since-flip=20 drawcalls-total=58186 fail-total=0 null-skips-total=0
[08:35:04] [info] alpha audit block 0: 2475 total drawcalls, 0 with alpha<255 (block pct_x10=0; global 0/52308 pct_x10=0); alpha-mod skipped: block=0 global=0
[08:35:04] [info] fastpath audit block 0: taken=2475 (idx8=2475) skipped=0 pct_x10=1000; global taken=52308 (idx8=52308) skipped=0 pct_x10=1000
[08:35:04] [info] primitive tally block 0: clear=200(hr=200) fill=0(hr=0) rect=0(hr=0) line=0(hr=0) tint=0 spotlight=0 (over 100 flips ending at flip 700)
[08:35:04] [info] color/alpha audit block 0: cmod_white=832 cmod_black=832 (idx=832) cmod_general=0 (idx=0) cmod_fb=0; alpha_taken=0 alpha_skipped=0 (global cmod=6186/4680/693/0 idx=4680/693 alpha=0/0)
[08:35:04] [info] phase timing block 0: drawcalls=4339 dc_total_ms=930 flip_inner_total_ms=658 inter_flip_total_ms=5998 (per-flip avg x10: dc_ms=93 fi_ms=65 if_ms=599 derived audio+engine_ms=441; per-drawcall avg us_x10=2143) [direct-vesa: presents=100 total_ms=383 avg_ms_x10=38 failed=0] [ablation: NO_DC_TIMING=0 CACHE_WINSURF=0 DIRECT_VESA=1]
[08:35:04] [info] kbd/audio block 0: kbd_irq=0 kbd_drain=0 ring_chunks=16 pump_pass=2013 pic1_mask=0xb8 first_irq_ticks=0 install_ticks=0 vector_at_install=0x0083e390 pic1_mask_live=0x38 kbd_8042_stat=0x34 bios_kbd_head=0x003c bios_kbd_tail=0x003c bios_kbd_buf0=0x3920
[08:35:04] [info] dirty-rect block @flip=700: total_calls=0 dirty_rects_avg=1 dirty_pct_x10=1000 forced_full=0 first_n_force=0 threshold_exceeded=0 dirty_path_taken=0 full_flush_taken=0
[08:35:04] [info] prev-frame-diff block @flip=700: diff_calls=0 diff_rects_avg=0 diff_dirty_pct_x10=0 bbox_pct_x10=0 bbox_thresh_exceeded=0
[08:35:05] [info] flip-probe: flip #710 ok=true present=4ms inter_flip_ms=84 drawcalls-since-flip=216 drawcalls-total=58806 fail-total=0 null-skips-total=0
[08:35:05] [info]  >> Entering stage 15: 'Reservoir'.
[08:35:05] [info] [skip-sheet-flush] cave=6
[08:35:06] [info] [load-stage] preloading entry music song=9 (cave=6)
[08:35:06] [info] gameloop: entered (curmap=15, running=1)
[08:35:06] [info] gameloop: iter 1 ticks=94652 mapno=-1
[08:35:06] [info] mds-clear-lut: rebuilt N=240 entries (k_skip=13% k_keep=87%; curmap=15 map_size=40x20; rebuild #4 since boot)
[08:35:06] [info] gameloop: iter 2 ticks=94770 mapno=-1
[08:35:06] [info] gameloop: iter 3 ticks=94875 mapno=-1
[08:35:07] [info] flip-probe: flip #720 ok=true present=4ms inter_flip_ms=90 drawcalls-since-flip=261 drawcalls-total=61611 fail-total=0 null-skips-total=0
[08:35:07] [info] flip-probe: flip #730 ok=true present=4ms inter_flip_ms=52 drawcalls-since-flip=31 drawcalls-total=62166 fail-total=0 null-skips-total=0
[08:35:08] [info] flip-probe: flip #740 ok=true present=3ms inter_flip_ms=53 drawcalls-since-flip=31 drawcalls-total=62476 fail-total=0 null-skips-total=0
[08:35:08] [info] backdrop cache: thrashing-detect engaged (streak=4, route=direct)
[08:35:08] [info] flip-probe: flip #750 ok=true present=4ms inter_flip_ms=58 drawcalls-since-flip=34 drawcalls-total=62795 fail-total=0 null-skips-total=0
[08:35:09] [info] flip-probe: flip #760 ok=true present=4ms inter_flip_ms=54 drawcalls-since-flip=31 drawcalls-total=63125 fail-total=0 null-skips-total=0
[08:35:09] [info] flip-probe: flip #770 ok=true present=4ms inter_flip_ms=57 drawcalls-since-flip=31 drawcalls-total=63436 fail-total=0 null-skips-total=0
[08:35:10] [info] tas: stall frame 277 ms -> contributing 1 tick (patch 0286)
[08:35:10] [info] flip-probe: flip #780 ok=true present=4ms inter_flip_ms=56 drawcalls-since-flip=32 drawcalls-total=63752 fail-total=0 null-skips-total=0
[08:35:11] [info] tas: stall frame 267 ms -> contributing 1 tick (patch 0286)
[08:35:11] [info] flip-probe: flip #790 ok=true present=4ms inter_flip_ms=54 drawcalls-since-flip=34 drawcalls-total=64087 fail-total=0 null-skips-total=0
[08:35:12] [info] flip-probe: flip #800 ok=true present=4ms inter_flip_ms=56 drawcalls-since-flip=35 drawcalls-total=64429 fail-total=0 null-skips-total=0
[08:35:12] [info] alpha audit block 0: 5378 total drawcalls, 0 with alpha<255 (block pct_x10=0; global 0/57686 pct_x10=0); alpha-mod skipped: block=0 global=0
[08:35:12] [info] fastpath audit block 0: taken=5378 (idx8=5378) skipped=0 pct_x10=1000; global taken=57686 (idx8=57686) skipped=0 pct_x10=1000
[08:35:12] [info] primitive tally block 0: clear=201(hr=201) fill=0(hr=0) rect=0(hr=0) line=0(hr=0) tint=0 spotlight=0 (over 100 flips ending at flip 800)
[08:35:12] [info] color/alpha audit block 0: cmod_white=765 cmod_black=765 (idx=765) cmod_general=0 (idx=0) cmod_fb=0; alpha_taken=0 alpha_skipped=0 (global cmod=6951/5445/693/0 idx=5445/693 alpha=0/0)
[08:35:12] [info] phase timing block 0: drawcalls=7140 dc_total_ms=1397 flip_inner_total_ms=873 inter_flip_total_ms=7323 (per-flip avg x10: dc_ms=139 fi_ms=87 if_ms=732 derived audio+engine_ms=506; per-drawcall avg us_x10=1957) [direct-vesa: presents=100 total_ms=382 avg_ms_x10=38 failed=0] [ablation: NO_DC_TIMING=0 CACHE_WINSURF=0 DIRECT_VESA=1]
[08:35:12] [info] kbd/audio block 0: kbd_irq=0 kbd_drain=0 ring_chunks=16 pump_pass=2317 pic1_mask=0xb8 first_irq_ticks=0 install_ticks=0 vector_at_install=0x0083e390 pic1_mask_live=0x38 kbd_8042_stat=0x34 bios_kbd_head=0x003c bios_kbd_tail=0x003c bios_kbd_buf0=0x3920
[08:35:12] [info] dirty-rect block @flip=800: total_calls=0 dirty_rects_avg=1 dirty_pct_x10=1000 forced_full=0 first_n_force=0 threshold_exceeded=0 dirty_path_taken=0 full_flush_taken=0
[08:35:12] [info] prev-frame-diff block @flip=800: diff_calls=0 diff_rects_avg=0 diff_dirty_pct_x10=0 bbox_pct_x10=0 bbox_thresh_exceeded=0
[08:35:12] [info] backdrop cache: thrashing-detect engaged (streak=64, route=direct)
[08:35:12] [info] flip-probe: flip #810 ok=true present=4ms inter_flip_ms=53 drawcalls-since-flip=35 drawcalls-total=64784 fail-total=0 null-skips-total=0
[08:35:13] [info] flip-probe: flip #820 ok=true present=4ms inter_flip_ms=55 drawcalls-since-flip=33 drawcalls-total=65129 fail-total=0 null-skips-total=0
[08:35:13] [info] flip-probe: flip #830 ok=true present=5ms inter_flip_ms=49 drawcalls-since-flip=32 drawcalls-total=65458 fail-total=0 null-skips-total=0
[08:35:14] [info] flip-probe: flip #840 ok=true present=4ms inter_flip_ms=52 drawcalls-since-flip=14 drawcalls-total=65688 fail-total=0 null-skips-total=0
[08:35:14] [info] flip-probe: flip #850 ok=true present=4ms inter_flip_ms=51 drawcalls-since-flip=13 drawcalls-total=65826 fail-total=0 null-skips-total=0
[08:35:15] [info] flip-probe: flip #860 ok=true present=4ms inter_flip_ms=47 drawcalls-since-flip=13 drawcalls-total=65956 fail-total=0 null-skips-total=0
[08:35:15] [info] flip-probe: flip #870 ok=true present=4ms inter_flip_ms=50 drawcalls-since-flip=13 drawcalls-total=66086 fail-total=0 null-skips-total=0
[08:35:16] [info] backdrop cache: thrashing-detect engaged (streak=4, route=direct)
[08:35:16] [info] flip-probe: flip #880 ok=true present=4ms inter_flip_ms=49 drawcalls-since-flip=14 drawcalls-total=66223 fail-total=0 null-skips-total=0
[08:35:17] [info] flip-probe: flip #890 ok=true present=5ms inter_flip_ms=51 drawcalls-since-flip=13 drawcalls-total=66358 fail-total=0 null-skips-total=0
[08:35:17] [info] flip-probe: flip #900 ok=true present=4ms inter_flip_ms=53 drawcalls-since-flip=13 drawcalls-total=66488 fail-total=0 null-skips-total=0
[08:35:17] [info] alpha audit block 0: 1644 total drawcalls, 0 with alpha<255 (block pct_x10=0; global 0/59330 pct_x10=0); alpha-mod skipped: block=0 global=0
[08:35:17] [info] fastpath audit block 0: taken=1644 (idx8=1644) skipped=0 pct_x10=1000; global taken=59330 (idx8=59330) skipped=0 pct_x10=1000
[08:35:17] [info] primitive tally block 0: clear=200(hr=200) fill=0(hr=0) rect=0(hr=0) line=0(hr=0) tint=0 spotlight=0 (over 100 flips ending at flip 900)
[08:35:17] [info] color/alpha audit block 0: cmod_white=315 cmod_black=315 (idx=315) cmod_general=0 (idx=0) cmod_fb=0; alpha_taken=0 alpha_skipped=0 (global cmod=7266/5760/693/0 idx=5760/693 alpha=0/0)
[08:35:17] [info] phase timing block 0: drawcalls=2494 dc_total_ms=840 flip_inner_total_ms=653 inter_flip_total_ms=5500 (per-flip avg x10: dc_ms=84 fi_ms=65 if_ms=550 derived audio+engine_ms=401; per-drawcall avg us_x10=3369) [direct-vesa: presents=100 total_ms=383 avg_ms_x10=38 failed=0] [ablation: NO_DC_TIMING=0 CACHE_WINSURF=0 DIRECT_VESA=1]
[08:35:17] [info] kbd/audio block 0: kbd_irq=0 kbd_drain=0 ring_chunks=16 pump_pass=2592 pic1_mask=0xb8 first_irq_ticks=0 install_ticks=0 vector_at_install=0x0083e390 pic1_mask_live=0x38 kbd_8042_stat=0x34 bios_kbd_head=0x003c bios_kbd_tail=0x003c bios_kbd_buf0=0x3920
[08:35:17] [info] dirty-rect block @flip=900: total_calls=0 dirty_rects_avg=1 dirty_pct_x10=1000 forced_full=0 first_n_force=0 threshold_exceeded=0 dirty_path_taken=0 full_flush_taken=0
[08:35:17] [info] prev-frame-diff block @flip=900: diff_calls=0 diff_rects_avg=0 diff_dirty_pct_x10=0 bbox_pct_x10=0 bbox_thresh_exceeded=0
[08:35:18] [info] flip-probe: flip #910 ok=true present=4ms inter_flip_ms=48 drawcalls-since-flip=13 drawcalls-total=66618 fail-total=0 null-skips-total=0
[08:35:18] [info] flip-probe: flip #920 ok=true present=4ms inter_flip_ms=48 drawcalls-since-flip=13 drawcalls-total=66748 fail-total=0 null-skips-total=0
[08:35:19] [info] flip-probe: flip #930 ok=true present=4ms inter_flip_ms=50 drawcalls-since-flip=13 drawcalls-total=66878 fail-total=0 null-skips-total=0
[08:35:19] [info] backdrop cache: thrashing-detect engaged (streak=64, route=direct)
[08:35:19] [info] flip-probe: flip #940 ok=true present=4ms inter_flip_ms=52 drawcalls-since-flip=13 drawcalls-total=67008 fail-total=0 null-skips-total=0
[08:35:19] [info] run_tick_fixed #2700: heartbeat (loop alive)
[08:35:20] [info] flip-probe: flip #950 ok=true present=4ms inter_flip_ms=51 drawcalls-since-flip=3 drawcalls-total=68858 fail-total=0 null-skips-total=0
[08:35:20] [info]  >> Entering stage 11: 'Mimiga Village'.
[08:35:20] [info] [skip-sheet-flush] cave=7
[08:35:21] [info] [load-stage] preloading entry music song=9 (cave=7)
[08:35:21] [info] gameloop: entered (curmap=11, running=1)
[08:35:21] [info] gameloop: iter 1 ticks=109243 mapno=-1
[08:35:21] [info] mds-clear-lut: rebuilt N=240 entries (k_skip=0% k_keep=100%; curmap=11 map_size=60x60; rebuild #5 since boot)
[08:35:21] [info] gameloop: iter 2 ticks=109364 mapno=-1
[08:35:21] [info] gameloop: iter 3 ticks=109480 mapno=-1
[08:35:22] [info] flip-probe: flip #960 ok=true present=4ms inter_flip_ms=58 drawcalls-since-flip=42 drawcalls-total=70788 fail-total=0 null-skips-total=0
[08:35:22] [info] flip-probe: flip #970 ok=true present=4ms inter_flip_ms=58 drawcalls-since-flip=42 drawcalls-total=71208 fail-total=0 null-skips-total=0
[08:35:23] [info] flip-probe: flip #980 ok=true present=4ms inter_flip_ms=68 drawcalls-since-flip=53 drawcalls-total=71661 fail-total=0 null-skips-total=0
[08:35:23] [info] backdrop cache: thrashing-detect engaged (streak=4, route=direct)
[08:35:23] [info] flip-probe: flip #990 ok=true present=4ms inter_flip_ms=65 drawcalls-since-flip=47 drawcalls-total=72157 fail-total=0 null-skips-total=0
[08:35:24] [info] flip-probe: flip #1000 ok=true present=4ms inter_flip_ms=71 drawcalls-since-flip=43 drawcalls-total=72604 fail-total=0 null-skips-total=0
[08:35:24] [info] alpha audit block 0: 5366 total drawcalls, 0 with alpha<255 (block pct_x10=0; global 0/64696 pct_x10=0); alpha-mod skipped: block=0 global=0
[08:35:24] [info] fastpath audit block 0: taken=5366 (idx8=5366) skipped=0 pct_x10=1000; global taken=64696 (idx8=64696) skipped=0 pct_x10=1000
[08:35:24] [info] primitive tally block 0: clear=201(hr=201) fill=0(hr=0) rect=0(hr=0) line=0(hr=0) tint=0 spotlight=0 (over 100 flips ending at flip 1000)
[08:35:24] [info] color/alpha audit block 0: cmod_white=650 cmod_black=650 (idx=650) cmod_general=0 (idx=0) cmod_fb=0; alpha_taken=0 alpha_skipped=0 (global cmod=7916/6410/693/0 idx=6410/693 alpha=0/0)
[08:35:24] [info] phase timing block 0: drawcalls=6902 dc_total_ms=1403 flip_inner_total_ms=889 inter_flip_total_ms=7062 (per-flip avg x10: dc_ms=140 fi_ms=88 if_ms=706 derived audio+engine_ms=478; per-drawcall avg us_x10=2032) [direct-vesa: presents=100 total_ms=383 avg_ms_x10=38 failed=0] [ablation: NO_DC_TIMING=0 CACHE_WINSURF=0 DIRECT_VESA=1]
[08:35:24] [info] kbd/audio block 0: kbd_irq=0 kbd_drain=0 ring_chunks=16 pump_pass=2905 pic1_mask=0xb8 first_irq_ticks=0 install_ticks=0 vector_at_install=0x0083e390 pic1_mask_live=0x38 kbd_8042_stat=0x34 bios_kbd_head=0x003c bios_kbd_tail=0x003c bios_kbd_buf0=0x3920
[08:35:24] [info] dirty-rect block @flip=1000: total_calls=0 dirty_rects_avg=1 dirty_pct_x10=1000 forced_full=0 first_n_force=0 threshold_exceeded=0 dirty_path_taken=0 full_flush_taken=0
[08:35:24] [info] prev-frame-diff block @flip=1000: diff_calls=0 diff_rects_avg=0 diff_dirty_pct_x10=0 bbox_pct_x10=0 bbox_thresh_exceeded=0
[08:35:24] [info] tas: stall frame 357 ms -> contributing 1 tick (patch 0286)
[08:35:25] [info] flip-probe: flip #1010 ok=true present=4ms inter_flip_ms=61 drawcalls-since-flip=43 drawcalls-total=73040 fail-total=0 null-skips-total=0
[08:35:26] [info] flip-probe: flip #1020 ok=true present=4ms inter_flip_ms=61 drawcalls-since-flip=45 drawcalls-total=73481 fail-total=0 null-skips-total=0
[08:35:26] [info] flip-probe: flip #1030 ok=true present=4ms inter_flip_ms=61 drawcalls-since-flip=44 drawcalls-total=73921 fail-total=0 null-skips-total=0
[08:35:27] [info] flip-probe: flip #1040 ok=true present=4ms inter_flip_ms=61 drawcalls-since-flip=44 drawcalls-total=74361 fail-total=0 null-skips-total=0
[08:35:27] [info] backdrop cache: thrashing-detect engaged (streak=64, route=direct)
[08:35:27] [info] flip-probe: flip #1050 ok=true present=4ms inter_flip_ms=60 drawcalls-since-flip=44 drawcalls-total=74801 fail-total=0 null-skips-total=0
[08:35:28] [info] flip-probe: flip #1060 ok=true present=4ms inter_flip_ms=58 drawcalls-since-flip=43 drawcalls-total=75231 fail-total=0 null-skips-total=0
[08:35:29] [info] flip-probe: flip #1070 ok=true present=4ms inter_flip_ms=60 drawcalls-since-flip=42 drawcalls-total=75655 fail-total=0 null-skips-total=0
[08:35:29] [info] flip-probe: flip #1080 ok=true present=4ms inter_flip_ms=53 drawcalls-since-flip=17 drawcalls-total=75820 fail-total=0 null-skips-total=0
[08:35:30] [info] flip-probe: flip #1090 ok=true present=4ms inter_flip_ms=58 drawcalls-since-flip=18 drawcalls-total=76000 fail-total=0 null-skips-total=0
[08:35:30] [info] flip-probe: flip #1100 ok=true present=5ms inter_flip_ms=53 drawcalls-since-flip=18 drawcalls-total=76180 fail-total=0 null-skips-total=0
[08:35:30] [info] alpha audit block 0: 2566 total drawcalls, 0 with alpha<255 (block pct_x10=0; global 0/67262 pct_x10=0); alpha-mod skipped: block=0 global=0
[08:35:30] [info] fastpath audit block 0: taken=2566 (idx8=2566) skipped=0 pct_x10=1000; global taken=67262 (idx8=67262) skipped=0 pct_x10=1000
[08:35:30] [info] primitive tally block 0: clear=200(hr=200) fill=0(hr=0) rect=0(hr=0) line=0(hr=0) tint=0 spotlight=0 (over 100 flips ending at flip 1100)
[08:35:30] [info] color/alpha audit block 0: cmod_white=910 cmod_black=910 (idx=910) cmod_general=0 (idx=0) cmod_fb=0; alpha_taken=0 alpha_skipped=0 (global cmod=8826/7320/693/0 idx=7320/693 alpha=0/0)
[08:35:30] [info] phase timing block 0: drawcalls=4586 dc_total_ms=947 flip_inner_total_ms=657 inter_flip_total_ms=6278 (per-flip avg x10: dc_ms=94 fi_ms=65 if_ms=627 derived audio+engine_ms=468; per-drawcall avg us_x10=2066) [direct-vesa: presents=100 total_ms=384 avg_ms_x10=38 failed=0] [ablation: NO_DC_TIMING=0 CACHE_WINSURF=0 DIRECT_VESA=1]
[08:35:30] [info] kbd/audio block 0: kbd_irq=0 kbd_drain=0 ring_chunks=16 pump_pass=3202 pic1_mask=0xb8 first_irq_ticks=0 install_ticks=0 vector_at_install=0x0083e390 pic1_mask_live=0x38 kbd_8042_stat=0x34 bios_kbd_head=0x003c bios_kbd_tail=0x003c bios_kbd_buf0=0x3920
[08:35:30] [info] dirty-rect block @flip=1100: total_calls=0 dirty_rects_avg=1 dirty_pct_x10=1000 forced_full=0 first_n_force=0 threshold_exceeded=0 dirty_path_taken=0 full_flush_taken=0
[08:35:30] [info] prev-frame-diff block @flip=1100: diff_calls=0 diff_rects_avg=0 diff_dirty_pct_x10=0 bbox_pct_x10=0 bbox_thresh_exceeded=0
[08:35:31] [info] backdrop cache: thrashing-detect engaged (streak=124, route=direct)
[08:35:31] [info] flip-probe: flip #1110 ok=true present=4ms inter_flip_ms=58 drawcalls-since-flip=16 drawcalls-total=76346 fail-total=0 null-skips-total=0
[08:35:32] [info] flip-probe: flip #1120 ok=true present=4ms inter_flip_ms=57 drawcalls-since-flip=17 drawcalls-total=76514 fail-total=0 null-skips-total=0
[08:35:32] [info] flip-probe: flip #1130 ok=true present=4ms inter_flip_ms=57 drawcalls-since-flip=18 drawcalls-total=76692 fail-total=0 null-skips-total=0
[08:35:33] [info] flip-probe: flip #1140 ok=true present=4ms inter_flip_ms=57 drawcalls-since-flip=18 drawcalls-total=76872 fail-total=0 null-skips-total=0
[08:35:33] [info] flip-probe: flip #1150 ok=true present=4ms inter_flip_ms=55 drawcalls-since-flip=20 drawcalls-total=77060 fail-total=0 null-skips-total=0
[08:35:34] [info] flip-probe: flip #1160 ok=true present=4ms inter_flip_ms=54 drawcalls-since-flip=20 drawcalls-total=77260 fail-total=0 null-skips-total=0
[08:35:34] [info] backdrop cache: thrashing-detect engaged (streak=184, route=direct)
[08:35:35] [info] flip-probe: flip #1170 ok=true present=4ms inter_flip_ms=54 drawcalls-since-flip=16 drawcalls-total=77445 fail-total=0 null-skips-total=0
[08:35:35] [info] flip-probe: flip #1180 ok=true present=4ms inter_flip_ms=59 drawcalls-since-flip=16 drawcalls-total=77605 fail-total=0 null-skips-total=0
[08:35:36] [info] flip-probe: flip #1190 ok=true present=4ms inter_flip_ms=56 drawcalls-since-flip=18 drawcalls-total=77772 fail-total=0 null-skips-total=0
[08:35:36] [info] flip-probe: flip #1200 ok=true present=3ms inter_flip_ms=58 drawcalls-since-flip=16 drawcalls-total=77937 fail-total=0 null-skips-total=0
[08:35:36] [info] alpha audit block 0: 1657 total drawcalls, 0 with alpha<255 (block pct_x10=0; global 0/68919 pct_x10=0); alpha-mod skipped: block=0 global=0
[08:35:36] [info] fastpath audit block 0: taken=1657 (idx8=1657) skipped=0 pct_x10=1000; global taken=68919 (idx8=68919) skipped=0 pct_x10=1000
[08:35:36] [info] primitive tally block 0: clear=200(hr=200) fill=0(hr=0) rect=0(hr=0) line=0(hr=0) tint=0 spotlight=0 (over 100 flips ending at flip 1200)
[08:35:36] [info] phase timing block 0: drawcalls=1857 dc_total_ms=723 flip_inner_total_ms=660 inter_flip_total_ms=5818 (per-flip avg x10: dc_ms=72 fi_ms=66 if_ms=581 derived audio+engine_ms=443; per-drawcall avg us_x10=3895) [direct-vesa: presents=100 total_ms=387 avg_ms_x10=38 failed=0] [ablation: NO_DC_TIMING=0 CACHE_WINSURF=0 DIRECT_VESA=1]
[08:35:36] [info] kbd/audio block 0: kbd_irq=0 kbd_drain=0 ring_chunks=16 pump_pass=3493 pic1_mask=0xb8 first_irq_ticks=0 install_ticks=0 vector_at_install=0x0083e390 pic1_mask_live=0x38 kbd_8042_stat=0x34 bios_kbd_head=0x003c bios_kbd_tail=0x003c bios_kbd_buf0=0x3920
[08:35:36] [info] dirty-rect block @flip=1200: total_calls=0 dirty_rects_avg=1 dirty_pct_x10=1000 forced_full=0 first_n_force=0 threshold_exceeded=0 dirty_path_taken=0 full_flush_taken=0
[08:35:36] [info] prev-frame-diff block @flip=1200: diff_calls=0 diff_rects_avg=0 diff_dirty_pct_x10=0 bbox_pct_x10=0 bbox_thresh_exceeded=0
[08:35:37] [info] flip-probe: flip #1210 ok=true present=4ms inter_flip_ms=57 drawcalls-since-flip=16 drawcalls-total=78090 fail-total=0 null-skips-total=0
[08:35:37] [info] flip-probe: flip #1220 ok=true present=4ms inter_flip_ms=57 drawcalls-since-flip=19 drawcalls-total=78263 fail-total=0 null-skips-total=0
[08:35:38] [info] backdrop cache: thrashing-detect engaged (streak=244, route=direct)
[08:35:38] [info] flip-probe: flip #1230 ok=true present=4ms inter_flip_ms=55 drawcalls-since-flip=17 drawcalls-total=78449 fail-total=0 null-skips-total=0
[08:35:38] [info] run_tick_fixed #3600: heartbeat (loop alive)
[08:35:39] [info] flip-probe: flip #1240 ok=true present=4ms inter_flip_ms=107 drawcalls-since-flip=359 drawcalls-total=80325 fail-total=0 null-skips-total=0
[08:35:39] [info]  >> Entering stage 19: 'Assembly Hall'.
[08:35:39] [info] [skip-sheet-flush] cave=8
[08:35:40] [info] [load-stage] preloading entry music song=9 (cave=8)
[08:35:40] [info] gameloop: entered (curmap=19, running=1)
[08:35:40] [info] gameloop: iter 1 ticks=128563 mapno=-1
[08:35:40] [info] mds-clear-lut: rebuilt N=240 entries (k_skip=100% k_keep=0%; curmap=19 map_size=21x16; rebuild #6 since boot)
[08:35:40] [info] gameloop: iter 2 ticks=128694 mapno=-1
[08:35:40] [info] gameloop: iter 3 ticks=128809 mapno=-1
[08:35:41] [info] flip-probe: flip #1250 ok=true present=4ms inter_flip_ms=56 drawcalls-since-flip=121 drawcalls-total=82993 fail-total=0 null-skips-total=0
[08:35:41] [info] flip-probe: flip #1260 ok=true present=4ms inter_flip_ms=56 drawcalls-since-flip=121 drawcalls-total=84203 fail-total=0 null-skips-total=0
[08:35:42] [info] flip-probe: flip #1270 ok=true present=6ms inter_flip_ms=57 drawcalls-since-flip=123 drawcalls-total=85417 fail-total=0 null-skips-total=0
[08:35:42] [info] flip-probe: flip #1280 ok=true present=6ms inter_flip_ms=55 drawcalls-since-flip=121 drawcalls-total=86643 fail-total=0 null-skips-total=0
[08:35:43] [info] flip-probe: flip #1290 ok=true present=3ms inter_flip_ms=57 drawcalls-since-flip=121 drawcalls-total=87862 fail-total=0 null-skips-total=0
[08:35:44] [info] flip-probe: flip #1300 ok=true present=3ms inter_flip_ms=57 drawcalls-since-flip=121 drawcalls-total=89072 fail-total=0 null-skips-total=0
[08:35:44] [info] alpha audit block 0: 10327 total drawcalls, 0 with alpha<255 (block pct_x10=0; global 0/79246 pct_x10=0); alpha-mod skipped: block=0 global=0
[08:35:44] [info] fastpath audit block 0: taken=10327 (idx8=10327) skipped=0 pct_x10=1000; global taken=79246 (idx8=79246) skipped=0 pct_x10=1000
[08:35:44] [info] primitive tally block 0: clear=201(hr=201) fill=0(hr=0) rect=0(hr=0) line=0(hr=0) tint=0 spotlight=0 (over 100 flips ending at flip 1300)
[08:35:44] [info] color/alpha audit block 0: cmod_white=708 cmod_black=708 (idx=708) cmod_general=0 (idx=0) cmod_fb=0; alpha_taken=0 alpha_skipped=0 (global cmod=9534/8028/693/0 idx=8028/693 alpha=0/0)
[08:35:44] [info] phase timing block 0: drawcalls=12003 dc_total_ms=1642 flip_inner_total_ms=664 inter_flip_total_ms=7402 (per-flip avg x10: dc_ms=164 fi_ms=66 if_ms=740 derived audio+engine_ms=510; per-drawcall avg us_x10=1368) [direct-vesa: presents=100 total_ms=389 avg_ms_x10=38 failed=0] [ablation: NO_DC_TIMING=0 CACHE_WINSURF=0 DIRECT_VESA=1]
[08:35:44] [info] kbd/audio block 0: kbd_irq=0 kbd_drain=0 ring_chunks=16 pump_pass=3809 pic1_mask=0xb8 first_irq_ticks=0 install_ticks=0 vector_at_install=0x0083e390 pic1_mask_live=0x38 kbd_8042_stat=0x34 bios_kbd_head=0x003c bios_kbd_tail=0x003c bios_kbd_buf0=0x3920
[08:35:44] [info] dirty-rect block @flip=1300: total_calls=0 dirty_rects_avg=1 dirty_pct_x10=1000 forced_full=0 first_n_force=0 threshold_exceeded=0 dirty_path_taken=0 full_flush_taken=0
[08:35:44] [info] prev-frame-diff block @flip=1300: diff_calls=0 diff_rects_avg=0 diff_dirty_pct_x10=0 bbox_pct_x10=0 bbox_thresh_exceeded=0
[08:35:44] [info] flip-probe: flip #1310 ok=true present=4ms inter_flip_ms=55 drawcalls-since-flip=121 drawcalls-total=90282 fail-total=0 null-skips-total=0
[08:35:45] [info] flip-probe: flip #1320 ok=true present=4ms inter_flip_ms=101 drawcalls-since-flip=438 drawcalls-total=92168 fail-total=0 null-skips-total=0
[08:35:45] [info]  >> Entering stage 11: 'Mimiga Village'.
[08:35:45] [info] [skip-sheet-flush] cave=9
[08:35:46] [info] [load-stage] preloading entry music song=9 (cave=9)
[08:35:46] [info] gameloop: entered (curmap=11, running=1)
[08:35:46] [info] gameloop: iter 1 ticks=134871 mapno=-1
[08:35:46] [info] mds-clear-lut: rebuilt N=240 entries (k_skip=0% k_keep=100%; curmap=11 map_size=60x60; rebuild #7 since boot)
[08:35:47] [info] gameloop: iter 2 ticks=135215 mapno=-1
[08:35:47] [info] tas: stall frame 345 ms -> contributing 1 tick (patch 0286)
[08:35:47] [info] gameloop: iter 3 ticks=135333 mapno=-1
[08:35:47] [info] flip-probe: flip #1330 ok=true present=4ms inter_flip_ms=106 drawcalls-since-flip=240 drawcalls-total=95800 fail-total=0 null-skips-total=0
[08:35:47] [info] backdrop cache: thrashing-detect engaged (streak=4, route=direct)
[08:35:48] [info] flip-probe: flip #1340 ok=true present=5ms inter_flip_ms=64 drawcalls-since-flip=46 drawcalls-total=96278 fail-total=0 null-skips-total=0
[08:35:49] [info] flip-probe: flip #1350 ok=true present=5ms inter_flip_ms=61 drawcalls-since-flip=42 drawcalls-total=96701 fail-total=0 null-skips-total=0
[08:35:49] [info] flip-probe: flip #1360 ok=true present=4ms inter_flip_ms=63 drawcalls-since-flip=44 drawcalls-total=97128 fail-total=0 null-skips-total=0
[08:35:50] [info] flip-probe: flip #1370 ok=true present=4ms inter_flip_ms=62 drawcalls-since-flip=42 drawcalls-total=97552 fail-total=0 null-skips-total=0
[08:35:51] [info] flip-probe: flip #1380 ok=true present=4ms inter_flip_ms=62 drawcalls-since-flip=44 drawcalls-total=97996 fail-total=0 null-skips-total=0
[08:35:51] [info] flip-probe: flip #1390 ok=true present=4ms inter_flip_ms=59 drawcalls-since-flip=43 drawcalls-total=98429 fail-total=0 null-skips-total=0
[08:35:51] [info] backdrop cache: thrashing-detect engaged (streak=64, route=direct)
[08:35:52] [info] flip-probe: flip #1400 ok=true present=4ms inter_flip_ms=63 drawcalls-since-flip=42 drawcalls-total=98856 fail-total=0 null-skips-total=0
[08:35:52] [info] alpha audit block 0: 8408 total drawcalls, 0 with alpha<255 (block pct_x10=0; global 0/87654 pct_x10=0); alpha-mod skipped: block=0 global=0
[08:35:52] [info] fastpath audit block 0: taken=8408 (idx8=8408) skipped=0 pct_x10=1000; global taken=87654 (idx8=87654) skipped=0 pct_x10=1000
[08:35:52] [info] primitive tally block 0: clear=201(hr=201) fill=0(hr=0) rect=0(hr=0) line=0(hr=0) tint=0 spotlight=0 (over 100 flips ending at flip 1400)
[08:35:52] [info] color/alpha audit block 0: cmod_white=1276 cmod_black=1276 (idx=1276) cmod_general=0 (idx=0) cmod_fb=0; alpha_taken=0 alpha_skipped=0 (global cmod=10810/9304/693/0 idx=9304/693 alpha=0/0)
[08:35:52] [info] phase timing block 0: drawcalls=11191 dc_total_ms=1829 flip_inner_total_ms=675 inter_flip_total_ms=8142 (per-flip avg x10: dc_ms=182 fi_ms=67 if_ms=814 derived audio+engine_ms=565; per-drawcall avg us_x10=1634) [direct-vesa: presents=100 total_ms=387 avg_ms_x10=38 failed=0] [ablation: NO_DC_TIMING=0 CACHE_WINSURF=0 DIRECT_VESA=1]
[08:35:52] [info] kbd/audio block 0: kbd_irq=0 kbd_drain=0 ring_chunks=16 pump_pass=4146 pic1_mask=0xb8 first_irq_ticks=0 install_ticks=0 vector_at_install=0x0083e390 pic1_mask_live=0x38 kbd_8042_stat=0x34 bios_kbd_head=0x003c bios_kbd_tail=0x003c bios_kbd_buf0=0x3920
[08:35:52] [info] dirty-rect block @flip=1400: total_calls=0 dirty_rects_avg=1 dirty_pct_x10=1000 forced_full=0 first_n_force=0 threshold_exceeded=0 dirty_path_taken=0 full_flush_taken=0
[08:35:52] [info] prev-frame-diff block @flip=1400: diff_calls=0 diff_rects_avg=0 diff_dirty_pct_x10=0 bbox_pct_x10=0 bbox_thresh_exceeded=0
[08:35:52] [info] flip-probe: flip #1410 ok=true present=4ms inter_flip_ms=61 drawcalls-since-flip=42 drawcalls-total=99276 fail-total=0 null-skips-total=0
[08:35:53] [info] run_tick_fixed #4200: heartbeat (loop alive)
[08:35:53] [info] flip-probe: flip #1420 ok=true present=4ms inter_flip_ms=61 drawcalls-since-flip=43 drawcalls-total=99704 fail-total=0 null-skips-total=0
[08:35:54] [info] flip-probe: flip #1430 ok=true present=4ms inter_flip_ms=66 drawcalls-since-flip=44 drawcalls-total=100143 fail-total=0 null-skips-total=0
[08:35:54] [info] flip-probe: flip #1440 ok=true present=4ms inter_flip_ms=62 drawcalls-since-flip=40 drawcalls-total=100555 fail-total=0 null-skips-total=0
[08:35:55] [info] flip-probe: flip #1450 ok=true present=4ms inter_flip_ms=110 drawcalls-since-flip=356 drawcalls-total=101789 fail-total=0 null-skips-total=0
[08:35:55] [info] backdrop cache: thrashing-detect engaged (streak=124, route=direct)
[08:35:55] [info]  >> Entering stage 14: 'Shack'.
[08:35:55] [info] [skip-sheet-flush] cave=10
[08:35:56] [info] [load-stage] preloading entry music song=8 (cave=10)
[08:35:56] [info] [music-dispatch] tick=4326 song=8 (prev 9)
[08:35:56] [info] opl3 backend: on_song_stop
[08:35:56] [info] MidiScheduler::load: parsed 'data/orgmid2/vivi.mid' = 4558 events at 48 PPQ
[08:35:56] [info] opl3 backend: on_song_start
[08:35:56] [info] gameloop: entered (curmap=14, running=1)
[08:35:56] [info] gameloop: iter 1 ticks=145025 mapno=-1
[08:35:57] [info] gameloop: iter 2 ticks=145125 mapno=-1
[08:35:57] [info] gameloop: iter 3 ticks=145233 mapno=-1
[08:35:57] [info] flip-probe: flip #1460 ok=true present=4ms inter_flip_ms=47 drawcalls-since-flip=37 drawcalls-total=104296 fail-total=0 null-skips-total=0
[08:35:58] [info] flip-probe: flip #1470 ok=true present=4ms inter_flip_ms=45 drawcalls-since-flip=23 drawcalls-total=104506 fail-total=0 null-skips-total=0
[08:35:58] [info] flip-probe: flip #1480 ok=true present=4ms inter_flip_ms=44 drawcalls-since-flip=23 drawcalls-total=104736 fail-total=0 null-skips-total=0
[08:35:58] [info] flip-probe: flip #1490 ok=true present=4ms inter_flip_ms=49 drawcalls-since-flip=26 drawcalls-total=104981 fail-total=0 null-skips-total=0
[08:35:59] [info] flip-probe: flip #1500 ok=true present=4ms inter_flip_ms=47 drawcalls-since-flip=23 drawcalls-total=105235 fail-total=0 null-skips-total=0
[08:35:59] [info] alpha audit block 0: 5519 total drawcalls, 0 with alpha<255 (block pct_x10=0; global 0/93173 pct_x10=0); alpha-mod skipped: block=0 global=0
[08:35:59] [info] fastpath audit block 0: taken=5519 (idx8=5519) skipped=0 pct_x10=1000; global taken=93173 (idx8=93173) skipped=0 pct_x10=1000
[08:35:59] [info] primitive tally block 0: clear=201(hr=201) fill=0(hr=0) rect=0(hr=0) line=0(hr=0) tint=0 spotlight=0 (over 100 flips ending at flip 1500)
[08:35:59] [info] color/alpha audit block 0: cmod_white=807 cmod_black=807 (idx=807) cmod_general=0 (idx=0) cmod_fb=0; alpha_taken=0 alpha_skipped=0 (global cmod=11617/10111/693/0 idx=10111/693 alpha=0/0)
[08:35:59] [info] phase timing block 0: drawcalls=7334 dc_total_ms=1249 flip_inner_total_ms=653 inter_flip_total_ms=7145 (per-flip avg x10: dc_ms=124 fi_ms=65 if_ms=714 derived audio+engine_ms=525; per-drawcall avg us_x10=1703) [direct-vesa: presents=100 total_ms=384 avg_ms_x10=38 failed=0] [ablation: NO_DC_TIMING=0 CACHE_WINSURF=0 DIRECT_VESA=1]
[08:35:59] [info] kbd/audio block 0: kbd_irq=0 kbd_drain=0 ring_chunks=16 pump_pass=4449 pic1_mask=0xb8 first_irq_ticks=0 install_ticks=0 vector_at_install=0x0083e390 pic1_mask_live=0x38 kbd_8042_stat=0x34 bios_kbd_head=0x003c bios_kbd_tail=0x003c bios_kbd_buf0=0x3920
[08:35:59] [info] dirty-rect block @flip=1500: total_calls=0 dirty_rects_avg=1 dirty_pct_x10=1000 forced_full=0 first_n_force=0 threshold_exceeded=0 dirty_path_taken=0 full_flush_taken=0
[08:35:59] [info] prev-frame-diff block @flip=1500: diff_calls=0 diff_rects_avg=0 diff_dirty_pct_x10=0 bbox_pct_x10=0 bbox_thresh_exceeded=0
[08:35:59] [info] flip-probe: flip #1510 ok=true present=4ms inter_flip_ms=44 drawcalls-since-flip=23 drawcalls-total=105465 fail-total=0 null-skips-total=0
[08:36:00] [info] flip-probe: flip #1520 ok=true present=5ms inter_flip_ms=44 drawcalls-since-flip=23 drawcalls-total=105695 fail-total=0 null-skips-total=0
[08:36:00] [info] flip-probe: flip #1530 ok=true present=4ms inter_flip_ms=44 drawcalls-since-flip=23 drawcalls-total=105925 fail-total=0 null-skips-total=0
[08:36:01] [info] flip-probe: flip #1540 ok=true present=4ms inter_flip_ms=44 drawcalls-since-flip=23 drawcalls-total=106155 fail-total=0 null-skips-total=0
[08:36:01] [info] flip-probe: flip #1550 ok=true present=4ms inter_flip_ms=44 drawcalls-since-flip=23 drawcalls-total=106385 fail-total=0 null-skips-total=0
[08:36:02] [info] flip-probe: flip #1560 ok=true present=4ms inter_flip_ms=98 drawcalls-since-flip=365 drawcalls-total=107951 fail-total=0 null-skips-total=0
[08:36:02] [info]  >> Entering stage 11: 'Mimiga Village'.
[08:36:02] [info] [skip-sheet-flush] cave=11
[08:36:03] [info] [load-stage] preloading entry music song=9 (cave=11)
[08:36:03] [info] [music-dispatch] tick=4610 song=9 (prev 8)
[08:36:03] [info] opl3 backend: on_song_stop
[08:36:03] [info] MidiScheduler::load: parsed 'data/orgmid2/mura.mid' = 2863 events at 48 PPQ
[08:36:03] [info] opl3 backend: on_song_start
[08:36:03] [info] gameloop: entered (curmap=11, running=1)
[08:36:03] [info] gameloop: iter 1 ticks=151793 mapno=-1
[08:36:03] [info] gameloop: iter 2 ticks=151914 mapno=-1
[08:36:03] [info] gameloop: iter 3 ticks=152036 mapno=-1
[08:36:04] [info] backdrop cache: thrashing-detect engaged (streak=4, route=direct)
[08:36:04] [info] flip-probe: flip #1570 ok=true present=3ms inter_flip_ms=66 drawcalls-since-flip=42 drawcalls-total=110348 fail-total=0 null-skips-total=0
[08:36:05] [info] flip-probe: flip #1580 ok=true present=3ms inter_flip_ms=60 drawcalls-since-flip=41 drawcalls-total=110742 fail-total=0 null-skips-total=0
[08:36:05] [info] flip-probe: flip #1590 ok=true present=4ms inter_flip_ms=62 drawcalls-since-flip=43 drawcalls-total=111170 fail-total=0 null-skips-total=0
[08:36:06] [info] flip-probe: flip #1600 ok=true present=4ms inter_flip_ms=64 drawcalls-since-flip=45 drawcalls-total=111624 fail-total=0 null-skips-total=0
[08:36:06] [info] alpha audit block 0: 5556 total drawcalls, 0 with alpha<255 (block pct_x10=0; global 0/98729 pct_x10=0); alpha-mod skipped: block=0 global=0
[08:36:06] [info] fastpath audit block 0: taken=5556 (idx8=5556) skipped=0 pct_x10=1000; global taken=98729 (idx8=98729) skipped=0 pct_x10=1000
[08:36:06] [info] primitive tally block 0: clear=202(hr=202) fill=0(hr=0) rect=0(hr=0) line=0(hr=0) tint=0 spotlight=0 (over 100 flips ending at flip 1600)
[08:36:06] [info] color/alpha audit block 0: cmod_white=796 cmod_black=796 (idx=796) cmod_general=0 (idx=0) cmod_fb=0; alpha_taken=0 alpha_skipped=0 (global cmod=12413/10907/693/0 idx=10907/693 alpha=0/0)
[08:36:06] [info] phase timing block 0: drawcalls=7355 dc_total_ms=1270 flip_inner_total_ms=665 inter_flip_total_ms=6984 (per-flip avg x10: dc_ms=127 fi_ms=66 if_ms=698 derived audio+engine_ms=505; per-drawcall avg us_x10=1728) [direct-vesa: presents=100 total_ms=383 avg_ms_x10=38 failed=0] [ablation: NO_DC_TIMING=0 CACHE_WINSURF=0 DIRECT_VESA=1]
[08:36:06] [info] kbd/audio block 0: kbd_irq=0 kbd_drain=0 ring_chunks=16 pump_pass=4735 pic1_mask=0xb8 first_irq_ticks=0 install_ticks=0 vector_at_install=0x0083e390 pic1_mask_live=0x38 kbd_8042_stat=0x34 bios_kbd_head=0x003c bios_kbd_tail=0x003c bios_kbd_buf0=0x3920
[08:36:06] [info] dirty-rect block @flip=1600: total_calls=0 dirty_rects_avg=1 dirty_pct_x10=1000 forced_full=0 first_n_force=0 threshold_exceeded=0 dirty_path_taken=0 full_flush_taken=0
[08:36:06] [info] prev-frame-diff block @flip=1600: diff_calls=0 diff_rects_avg=0 diff_dirty_pct_x10=0 bbox_pct_x10=0 bbox_thresh_exceeded=0
[08:36:07] [info] flip-probe: flip #1610 ok=true present=4ms inter_flip_ms=61 drawcalls-since-flip=42 drawcalls-total=112045 fail-total=0 null-skips-total=0
[08:36:07] [info] flip-probe: flip #1620 ok=true present=4ms inter_flip_ms=62 drawcalls-since-flip=44 drawcalls-total=112487 fail-total=0 null-skips-total=0
[08:36:08] [info] backdrop cache: thrashing-detect engaged (streak=64, route=direct)
[08:36:08] [info] flip-probe: flip #1630 ok=true present=4ms inter_flip_ms=65 drawcalls-since-flip=44 drawcalls-total=112927 fail-total=0 null-skips-total=0
[08:36:09] [info] flip-probe: flip #1640 ok=true present=5ms inter_flip_ms=62 drawcalls-since-flip=46 drawcalls-total=113373 fail-total=0 null-skips-total=0
[08:36:09] [info] flip-probe: flip #1650 ok=true present=4ms inter_flip_ms=60 drawcalls-since-flip=43 drawcalls-total=113820 fail-total=0 null-skips-total=0
[08:36:10] [info] flip-probe: flip #1660 ok=true present=4ms inter_flip_ms=58 drawcalls-since-flip=44 drawcalls-total=114251 fail-total=0 null-skips-total=0
[08:36:10] [info] backdrop cache: thrashing-detect engaged (streak=4, route=direct)
[08:36:10] [info] flip-probe: flip #1670 ok=true present=4ms inter_flip_ms=68 drawcalls-since-flip=45 drawcalls-total=114695 fail-total=0 null-skips-total=0
[08:36:11] [info] flip-probe: flip #1680 ok=true present=4ms inter_flip_ms=61 drawcalls-since-flip=45 drawcalls-total=115150 fail-total=0 null-skips-total=0
[08:36:12] [info] flip-probe: flip #1690 ok=true present=4ms inter_flip_ms=57 drawcalls-since-flip=18 drawcalls-total=115409 fail-total=0 null-skips-total=0
[08:36:12] [info] flip-probe: flip #1700 ok=true present=4ms inter_flip_ms=58 drawcalls-since-flip=18 drawcalls-total=115589 fail-total=0 null-skips-total=0
[08:36:12] [info] alpha audit block 0: 2786 total drawcalls, 0 with alpha<255 (block pct_x10=0; global 0/101515 pct_x10=0); alpha-mod skipped: block=0 global=0
[08:36:12] [info] fastpath audit block 0: taken=2786 (idx8=2786) skipped=0 pct_x10=1000; global taken=101515 (idx8=101515) skipped=0 pct_x10=1000
[08:36:12] [info] primitive tally block 0: clear=200(hr=200) fill=0(hr=0) rect=0(hr=0) line=0(hr=0) tint=0 spotlight=0 (over 100 flips ending at flip 1700)
[08:36:12] [info] color/alpha audit block 0: cmod_white=1079 cmod_black=1079 (idx=1079) cmod_general=0 (idx=0) cmod_fb=0; alpha_taken=0 alpha_skipped=0 (global cmod=13492/11986/693/0 idx=11986/693 alpha=0/0)
[08:36:12] [info] phase timing block 0: drawcalls=5148 dc_total_ms=1024 flip_inner_total_ms=655 inter_flip_total_ms=6239 (per-flip avg x10: dc_ms=102 fi_ms=65 if_ms=623 derived audio+engine_ms=456; per-drawcall avg us_x10=1990) [direct-vesa: presents=100 total_ms=382 avg_ms_x10=38 failed=0] [ablation: NO_DC_TIMING=0 CACHE_WINSURF=0 DIRECT_VESA=1]
[08:36:12] [info] kbd/audio block 0: kbd_irq=0 kbd_drain=0 ring_chunks=16 pump_pass=5048 pic1_mask=0xb8 first_irq_ticks=0 install_ticks=0 vector_at_install=0x0083e390 pic1_mask_live=0x38 kbd_8042_stat=0x34 bios_kbd_head=0x003c bios_kbd_tail=0x003c bios_kbd_buf0=0x3920
[08:36:12] [info] dirty-rect block @flip=1700: total_calls=0 dirty_rects_avg=1 dirty_pct_x10=1000 forced_full=0 first_n_force=0 threshold_exceeded=0 dirty_path_taken=0 full_flush_taken=0
[08:36:12] [info] prev-frame-diff block @flip=1700: diff_calls=0 diff_rects_avg=0 diff_dirty_pct_x10=0 bbox_pct_x10=0 bbox_thresh_exceeded=0
[08:36:13] [info] flip-probe: flip #1710 ok=true present=4ms inter_flip_ms=54 drawcalls-since-flip=18 drawcalls-total=115769 fail-total=0 null-skips-total=0
[08:36:13] [info] flip-probe: flip #1720 ok=true present=4ms inter_flip_ms=57 drawcalls-since-flip=59 drawcalls-total=115990 fail-total=0 null-skips-total=0
[08:36:14] [info] backdrop cache: thrashing-detect engaged (streak=64, route=direct)
[08:36:14] [info] flip-probe: flip #1730 ok=true present=4ms inter_flip_ms=64 drawcalls-since-flip=59 drawcalls-total=116580 fail-total=0 null-skips-total=0
[08:36:15] [info] flip-probe: flip #1740 ok=true present=4ms inter_flip_ms=56 drawcalls-since-flip=59 drawcalls-total=117170 fail-total=0 null-skips-total=0
[08:36:15] [info] flip-probe: flip #1750 ok=true present=4ms inter_flip_ms=56 drawcalls-since-flip=59 drawcalls-total=117760 fail-total=0 null-skips-total=0
[08:36:15] [info] tas: end-of-replay auto-exit at tick 5140 (recording exhausted; set DOSKUTSU_TAS_REPLAY_HOLD=1 to disable + observe steady-state past recording end)
[08:36:15] [info] Script engine shutdown.
[08:36:16] [info] opl3 backend: on_song_stop
[08:36:16] [info] opl3 backend: cleared reg 0xBD chip-wide latch (wub-wub mitigation per flush-instr WAVE-46 H6)
[08:36:16] [info] opl3 backend shutdown (all 18 voices KEY-OFF unconditionally; OPL2 mode restored; chip state safe for next process)
[08:36:16] [info] Sound system shutdown
[08:36:16] [info] Renderer::Close()
[08:36:16] [info] tas: replay file closed
[08:36:16] [info] [fps-true] flips=1753 render_s=159 fps_mean=11.0 (clock-independent: flips / seconds since the FIRST flip; use THIS for the fps matrix, not inter_flip medians, which are invalid in any cell running the PIT/IRQ-0 music pump)
[RUNMANIFEST-BEGIN]
schema_version=2
environment=realhw
binary_sha12=UNKNOWN
binary_sha12_src=unknown
build_sha12=1f79ce20e4ee
organya_cache_key=1f79ce20e4ee
wave_tag=5P4B
scene=
env_block_sha=50b25d3c6c0c
started_rtc_local=2026-11-21T06:24:17
duration_s=175
exit_code=0
fps_true_flips=1753
fps_true_render_s=159
reel_ticks=5140
reel_game_seconds=102.8
per_loop_fps=17.0
overhead_s=57
music_pump_active=0
cpu_vendor=GenuineIntel
cpu_have_cpuid=1
cpu_family=4
cpu_model=3
cpu_stepping=5
cpu_mhz_est=49
cpu_has_fpu=1
cpu_class=486_slow
audio_backend=opl3
video_logical_wxh=320x240
video_logical_bpp=8
video_vram_kb=4096
video_lfb_or_banked=lfb
audio_is_sb16=0
audio_dsp_ver=2.01
audio_dma_path=8bit-low
audio_force_8bit=0
audio_dma_channel=3
fps_p50=17.2
fps_p95=10.2
fps_sample_n=175
fps_sample_interval=10
pump_clock_state=no-pump
audio_vital_status=NA
regime=NA
banner_required_hit=0
banner_required_total=0
banner_forbidden_hit=0
banner_optional_hit=0
critical_count=0
warn_count=0
perstage_count=12
perstage_00=stage:72 ticks:95 flips:95 fps:50.0
perstage_01=stage:1005 ticks:80 flips:80 fps:50.0
perstage_02=stage:20 ticks:122 flips:51 fps:20.9
perstage_03=stage:11 ticks:457 flips:142 fps:15.5
perstage_04=stage:17 ticks:772 flips:175 fps:11.3
perstage_05=stage:11 ticks:545 flips:171 fps:15.6
perstage_06=stage:15 ticks:664 flips:235 fps:17.6
perstage_07=stage:11 ticks:893 flips:291 fps:16.2
perstage_08=stage:19 ticks:263 flips:83 fps:15.7
perstage_09=stage:11 ticks:435 flips:129 fps:14.8
perstage_10=stage:14 ticks:284 flips:110 fps:19.3
perstage_11=stage:11 ticks:530 flips:190 fps:17.9
[RUNMANIFEST-END]
[08:36:16] [info] [runmanifest-emit] schema=v2 env=realhw binary_sha12=UNKNOWN(unknown) build_sha12=1f79ce20e4ee per_loop_fps=17.0 overhead_s=57 pump=0 dur=175s tag='5P4B' scene='' (signals=0x4)
