Logger::init: wave-53 log level=INFO path='LOGS/5P5K.LOG'
[08:44:44] [info] config: loaded DOSKUTSU.CFG (2 keys)
[08:44:44] [info] [cpu-witness] vendor=GenuineIntel cpuid=1 family=4 model=3 stepping=5 mhz_est=49 fpu=1 class=486_slow (boot-time attestation of the running CPU; MHZ_486_LOOP_DIV=16400 mirrors SETUP)
[08:44:44] [info] tas: PRNG seed forced to 12345 via DOSKUTSU_TAS_PRNG_SEED
[08:44:44] [info] tas: auto-exit armed at tick 30000 via DOSKUTSU_TAS_AUTO_EXIT_TICK
[08:44:44] [info] tas: replay opened path='QA.TAS' header_seed=12345
[08:44:44] [info] AUDIO_BACKEND=adlib -- omitting SDL_INIT_AUDIO (no Sound Blaster on a native-AdLib config; the OPL chip is driven by direct port I/O + the PIT/IRQ-0 music pump). SoundManager::init() STILL RUNS (unlike AUDIO_OFF) to bring up the OPL2 backend. MUSIC ONLY -- no PCM SFX on a DAC-less AdLib card.
[08:44:45] [info] data cache: DISABLED (default)
[08:44:45] [info] Joystick: skipped (default; set DOSKUTSU_USE_JOYSTICK=1 to enable -- skips SDL3-DOS gameport BIOS INT 15h polling, ~82 ms / flip on real HW)
[08:44:45] [info] Loading settings...
[08:44:45] [info] [input-bind] applied=0 invert_y=0 dos_axes=1
[08:44:45] [info] Renderer::initVideo: 8bpp mode requested via SDL_HINT_DOS_MAX_BPP=8 (wave 16); SDL3-DOS will pick the highest-bpp <= 8 mode at requested resolution
[08:44:45] [info] Renderer::initVideo: DOS resolution-label lock ENABLED (default)
[08:44:46] [info] center-oversized: not needed (surface matches the logical screen) surface=320x240 logical=320x240 offset=0,0
[08:44:46] [info] Renderer::initVideo: using: software renderer
[08:44:49] [info] Renderer::initVideo: dirty-rect tracking ENABLED (wave 15, default ON; set SDL_HINT_DOSKUTSU_DIRTY_RECTS=0 to disable)
[08:44:49] [info] Renderer::initVideo: ablation flags: NO_DC_TIMING=0 CACHE_WINSURF=0 NO_INPUT_POLL=0 DIRECT_VESA=1
[08:44:49] [info] Renderer::initVideo: direct-VESA hot path ENABLED (default since wave 20 patch 0088; bypasses SDL_RenderPresent / SDL_UpdateWindowSurface and writes via SDL/0034's PresentFull helper; R2 mitigation handled by SDL/0034 generation counter -- no per-N-flip heartbeat needed; set SDL_HINT_DOSKUTSU_DIRECT_VESA=0 to revert)
[08:44:49] [info] Renderer::initVideo: flip-phase instrumentation DISABLED (default; set SDL_HINT_DOSKUTSU_FLIP_INSTR=1 to opt in for wave-20 Lever A diagnostic)
[08:44:49] [info] Renderer::initVideo: asm opaque-span blit lever DISABLED (default; set SDL_HINT_DOSKUTSU_ASM_BLIT=1 to opt in -- wave-51 _blit_indexed colorkey-blit lever)
[08:44:49] [info] Renderer::initVideo: blit-decomp instrumentation DISABLED (default; set SDL_HINT_DOSKUTSU_BLIT_DECOMP=1 to opt in -- wave-51 _blit_indexed sub-decomp sizing)
[08:44:49] [info] Renderer::initVideo: mds-scroll-decomp instrumentation DISABLED (default; set SDL_HINT_DOSKUTSU_MDS_DECOMP=1 to opt in -- wave-52 mode_draw_scene scrolling-block decomp)
[08:44:49] [info] Renderer::initVideo: DOSVESA pump yield: skipped (default) (per-flip explicit SDL_Delay(0) yield is always on; set SDL_HINT_DOSKUTSU_FORCE_PUMP_YIELD=1 to restore old per-pump yield)
[08:44:49] [info] Renderer::initVideo: indexed-mode (8bpp) ENABLED -- master palette + 107 per-asset remap LUTs loaded (wave 16, default ON; set SDL_HINT_DOSKUTSU_PIXEL_FORMAT_8=0 to disable)
[08:44:49] [info] Renderer::initVideo: master palette attached to window surface (format=SDL_PIXELFORMAT_INDEX8, ncolors=256)
[08:44:49] [info] Renderer::initVideo: indexed-mode smoke: idx0=(0,0,0) OK idx255=(255,0,255) OK
[08:44:49] [info] Renderer::initVideo: indexed-mode smoke: paletteRemapFor('MyChar.pbm') = present
[08:44:50] [info] Surface::loadImage palmap-diag #1: 'data/Loading.pbm' fmt=SDL_PIXELFORMAT_ABGR8888 remap=HIT -> path=truecolor
[08:44:50] [info] Renderer: prev-frame diff DISABLED (default since wave 17.6; set SDL_HINT_DOSKUTSU_PREVFRAME_DIFF=1 to opt in)
[08:44:50] [info] flip-probe: renderer=software window_ptr=8825608 colorspace=301991328 window_size=320x240 framebuffer_pixels=320x240 logical_present=320x240 mode=2
[08:44:50] [info] flip-probe: first flip ok=true present=55ms inter_flip_ms=0 drawcalls-since-flip=1 drawcalls-total=1
[08:44:50] [info] Sound system init
[08:44:50] [info] Sound system: AdLib (OPL2) path -- AUDIO_BACKEND=adlib. Skipping SB16 + SDL_mixer bring-up (no SDL_INIT_AUDIO); music via native OPL2 FM on the PIT/IRQ-0 pump. MUSIC ONLY: a DAC-less AdLib card has no PCM SFX. See docs/internal/ADLIB-NATIVE-DESIGN.md.
[08:44:50] [info] Sound system: AdLib PC-speaker SFX beeps -- engine SFX->beep mapping WIRED (patch 0264; SDL owns default-ON killswitch SDL_HINT_DOSKUTSU_PCSPK_SFX=0 to disable). See docs/internal/ADLIB-PCSPK-SFX-DESIGN.md.
[08:44:50] [info] Sound system: 4-state audio enable (#31) -- music=on sfx=on (MUSIC_OFF/AUDIO_BACKEND=none -> music-off; SFX_OFF/SFX_DEVICE=none -> sfx-off; both gates are dispatch-level, the device still opens; AUDIO_OFF=1 is the device-level both-off).
[08:44:50] [info] Sound system: Tier-2 audio config (default since wave 21 patch 0093; 11025 Hz, 1 channel, buffer pinned to 256 frames). Measured savings on g2k Pentium OverDrive 83 MHz (W21A): heavy-music scenes ~+11 fps vs Tier-1 baseline (measured -10 to -15 ms/flip post-0094 audio fix; W21A's pre-fix -26.6 ms figure was inflated by stereo-vs-mono playback bug, see patch 0094). Audio quality is reduced vs Tier-1 (mono, 11025 Hz, simple-average L+R downmix) but recognizable; user accepted the trade per direction 2026-05-05. Set SDL_HINT_DOSKUTSU_AUDIO_TIER2=0 to revert to Tier-1 22050 stereo (full Cave Story 2004 audio quality; trades fps for fidelity).
[08:44:50] [info] Sound system: SDL_HINT_AUDIO_DEVICE_SAMPLE_FRAMES=256
[08:44:50] [info] Pixtone IRQ rate-divider: handed master_rate=11025 int16/s (SAMPLE_RATE=11025 x AUDIO_CHANNELS=1) to SDL for auto-RATEDIV (SDL/0074 computes shift_div from the resolved device freq).
[08:44:50] [info] Sound system: device frame-rate: requesting 11025 Hz match to master (SDL_DOSAudioSetDeviceFrameRate; SB16 opens at the engine frame rate instead of SDL's 44100 floor -- 4x less PCM/s + no resampler on the Organya/Pixtone path; killswitch SDL_HINT_DOSKUTSU_DOS_AUDIO_DEVICE_RATE_DEFAULT=0).
[08:44:50] [info] audio backend: adlib (Campaign 2 -- native OPL2 FM synthesis on a no-Sound-Blaster card; 9-voice single-bank allocator; music clock = PIT/IRQ-0 OPL pump, NOT SB IRQ-5). MUSIC ONLY -- no PCM SFX on a DAC-less AdLib card. SoundManager::init probes OPL2 at 0x388 via the Adlib timer-1 sequence; if absent, music is silent (the game still runs). Reuses data/opl3bank.dat (DMXOPL GM bank).
[08:44:50] [info] Sound system: AdLib path -- no SB16 mixer (music via the PIT pump; SFX disabled on this no-SB out-of-band path).
[08:44:50] [info] wave-13.6.1: ring_chunks=16 FORCE_PUMP_YIELD=off (set SDL_HINT_DOSKUTSU_AUDIO_RING_CHUNKS=4|8|16 to override; default 16 matches wave 13.6 behaviour)
[08:44:50] [info] MidiScheduler: MIDI source = 'orgmid2' (native-GM org2mid set; resolves to data/orgmid2/<name>.mid).
[08:44:50] [info] opl2 backend probing for OPL chip (Adlib timer-1 sequence on 0x388)...
[08:44:50] [info] opl2 backend: opl3bank.dat loaded 128 programs from 'data/opl3bank.dat' (1536 bytes). OPL2 ignores the SBI panning nibble; programs >= 128 fall back to the 8-patch family bucket; drum channel uses PATCH_DRUM.
[08:44:50] [info] opl2 backend ready (OPL2 detected; 9-voice single-bank allocator armed; bank=runtime opl3bank.dat ACTIVE; clock = PIT/IRQ-0 OPL music pump, NOT SB IRQ-5; MUSIC ONLY -- no PCM SFX on a DAC-less AdLib card).
[08:44:50] [info] Sound system: MidiScheduler armed with MidiBackendOpl2 (Campaign 2 AdLib -- native OPL2 FM, 9-voice single bank). Music dispatch routes via SMF parser + OPL2 voice allocator; the clock is the PIT/IRQ-0 OPL pump (SDL/0110), NOT the SB IRQ-5. MUSIC ONLY -- no Pixtone PCM SFX on a DAC-less card.
[08:44:50] [info] Sound system: idle-pause skipped (backend=adlib does not qualify; only opl3 supports idle-pause per patch 0115; default OFF since patch 0119 regardless of backend).
[08:44:50] [warn] Music dir Ogg/ doesn't exist
[08:44:50] [warn] Music dir Ogg11/ doesn't exist
[08:44:51] [warn] Music dir Ogg17/ doesn't exist
[08:44:51] [warn] Music dir Ogg_ridic/ doesn't exist
[08:44:51] [info] Sound system: AdLib path -- skipping Pixtone/SFX/Organya/mixer init (no SDL audio device; MUSIC ONLY -- a DAC-less AdLib card has no PCM SFX). No MIX_CreateTrack / SFX-render attempts; runtime SFX calls no-op.
[08:44:51] [info] adlib: music pump STARTED at 120 Hz (PIT ch0 / IRQ-0 drives MidiScheduler::tick_isr; BIOS 18.2 Hz tick chained; restored on exit). This is the music clock on a no-SB card.
[08:44:51] [info] menu slide-in fixed-timestep: ENABLED (default; slide advances at 50 Hz logic rate)
[08:44:51] [info] Reading npc.tbl...
[08:44:51] [info] Loading tilekey.dat.
[08:44:51] [info] Script engine init.
[08:44:52] [info] Entering main loop...
[08:44:52] [info] audio mid-gap pump: DISABLED (default)
[08:44:52] [info] TAS fixed-timestep guard: ENABLED (default) (patch 0280; load_stage wall-clock kept out of the FT accumulator so TAS replay advances at a true 50 Hz; set SDL_HINT_DOSKUTSU_TAS_FT_GUARD=0 to disable)
[08:44:52] [info] load_stage ring+DMA silence flush: ENABLED (default) (set SDL_HINT_DOSKUTSU_LOADSTAGE_SILENCE=0 to disable)
[08:44:52] [info] load-band audio-underrun probe: DISABLED (default) (opt-in SDL_HINT_DOSKUTSU_LOADBAND_STAT=1)
[08:44:52] [info]  >> Entering stage 72: 'u'.
[08:44:52] [info] skip sheet flush: ENABLED (default) (SFXPAUSE-012 SHIPPED FIX; sprite sheets stay resident across caves so no per-cave re-decode -> no fire-frame pause; map_flush_graphics tilemap cache still flushes; set SDL_HINT_DOSKUTSU_SKIP_SHEET_FLUSH=0 to restore the old per-cave flush)
[08:44:52] [info] [skip-sheet-flush] cave=1
[08:44:52] [info] eager action sheets: ENABLED (default) (first-fire hitch fix: pre-loads the weapon bullet + hit/muzzle/trail caret sheets at stage load so the first fire/impact does not lazy-decode mid-gameplay; set SDL_HINT_DOSKUTSU_EAGER_ACTION_SHEETS=0 to restore lazy load)
[08:44:52] [info] Surface::loadImage palmap-diag #2: 'data/Bullet.pbm' fmt=SDL_PIXELFORMAT_ABGR8888 remap=HIT -> path=truecolor
[08:44:52] [info] Surface::loadImage palmap-diag #3: 'data/Arms.pbm' fmt=SDL_PIXELFORMAT_ABGR8888 remap=HIT -> path=truecolor
[08:44:52] [info] Surface::loadImage palmap-diag #4: 'data/Caret.pbm' fmt=SDL_PIXELFORMAT_ABGR8888 remap=HIT -> path=truecolor
[08:44:53] [info] Surface::loadImage palmap-diag #5: 'data/Npc/NpcSym.pbm' fmt=SDL_PIXELFORMAT_ABGR8888 remap=HIT -> path=truecolor
[08:44:53] [info] [eager-action-sheets] cave=1 sheets=4 wall_ms=1366
[08:44:53] [info] Surface::loadImage palmap-diag #6: 'data/Stage/PrtWhite.pbm' fmt=SDL_PIXELFORMAT_ABGR8888 remap=HIT -> path=truecolor
[08:44:54] [info] load_stage: entry-music preload ENABLED (default) (set SDL_HINT_DOSKUTSU_PRELOAD_STAGE_MUSIC=0 to disable)
[08:44:54] [info] Surface::loadImage palmap-diag #7: 'data/bk0.pbm' fmt=SDL_PIXELFORMAT_ABGR8888 remap=HIT -> path=truecolor
[08:44:54] [info] gameloop: entered (curmap=72, running=1)
[08:44:54] [info] gameloop: iter 1 ticks=9774 mapno=-1
[08:44:54] [info] fixed-timestep: ENABLED (default; logic 50 Hz, decoupled from render)
[08:44:54] [info] map: BG skip-when-unchanged DISABLED (default) (set SDL_HINT_DOSKUTSU_BG_SKIP_WHEN_UNCHANGED=1 to enable; default OFF since wave-61 -- abandoned, it shipped a backdrop-black flicker and its +0.87 fps was below the noise floor)
[08:44:54] [info] map: skip-redundant-clear lever ENABLED (default since wave-53 promotion)
[08:44:54] [info] perf-mode: level=0 (faithful (default))
[08:44:54] [info] Surface::loadImage palmap-diag #8: 'data/Npc/NpcKings.pbm' fmt=SDL_PIXELFORMAT_ABGR8888 remap=HIT -> path=truecolor
[08:44:54] [info] audio tick-boundary pump: DISABLED (default)
[08:44:54] [info] gameloop: iter 2 ticks=10214 mapno=-1
[08:44:55] [info] gameloop: iter 3 ticks=10326 mapno=-1
[08:44:55] [info] direct-vesa: snapshot @gen=2 use_dosmemput=0 banked_multibank=0 pitches_match=1 vram_w=320 vram_h=240 vram_pitch=320 bpp=1 fb_size=76800 vram_phys=0x78000000 vram_ptr=0x77c00000
[08:44:55] [info] flip-probe: flip #10 ok=true present=-1ms inter_flip_ms=57 drawcalls-since-flip=6 drawcalls-total=43 fail-total=0 null-skips-total=0
[08:44:55] [info] flip-probe: flip #20 ok=true present=-1ms inter_flip_ms=58 drawcalls-since-flip=4 drawcalls-total=92 fail-total=0 null-skips-total=0
[08:44:56] [info] flip-probe: flip #30 ok=true present=55ms inter_flip_ms=58 drawcalls-since-flip=326 drawcalls-total=2707 fail-total=0 null-skips-total=0
[08:44:57] [info] flip-probe: flip #40 ok=true present=0ms inter_flip_ms=59 drawcalls-since-flip=264 drawcalls-total=5837 fail-total=0 null-skips-total=0
[08:44:58] [info] flip-probe: flip #50 ok=true present=0ms inter_flip_ms=62 drawcalls-since-flip=67 drawcalls-total=7392 fail-total=0 null-skips-total=0
[08:44:58] [info] flip-probe: flip #60 ok=true present=-1ms inter_flip_ms=54 drawcalls-since-flip=4 drawcalls-total=7502 fail-total=0 null-skips-total=0
[08:44:59] [info] flip-probe: flip #70 ok=true present=-1ms inter_flip_ms=60 drawcalls-since-flip=6 drawcalls-total=7557 fail-total=0 null-skips-total=0
[08:44:59] [info] flip-probe: flip #80 ok=true present=-1ms inter_flip_ms=58 drawcalls-since-flip=0 drawcalls-total=7586 fail-total=0 null-skips-total=0
[08:45:00] [info] flip-probe: flip #90 ok=true present=-1ms inter_flip_ms=56 drawcalls-since-flip=0 drawcalls-total=7586 fail-total=0 null-skips-total=0
[08:45:00] [info] title: eager-title-IO phase tag ENABLED (default) (set SDL_HINT_DOSKUTSU_EAGER_TITLE_IO=0 to disable)
[08:45:00] [info] [music-dispatch] tick=95 song=24 (prev 0)
[08:45:01] [info] MidiScheduler::load: parsed 'data/orgmid2/curly.mid' = 11294 events at 48 PPQ
[08:45:01] [info] opl2 backend: on_song_start
[08:45:01] [info] gameloop: entered (curmap=1005, running=1)
[08:45:01] [info] gameloop: iter 1 ticks=16756 mapno=-1
[08:45:01] [info] map: backdrop cache ENABLED (default) (set SDL_HINT_DOSKUTSU_BACKDROP_CACHE=0 to disable)
[08:45:02] [info] gameloop: iter 2 ticks=17738 mapno=-1
[08:45:02] [info] gameloop: iter 3 ticks=17795 mapno=-1
[08:45:02] [info] backdrop cache: thrashing-detect engaged (streak=4, route=direct)
[08:45:02] [info] flip-probe: flip #100 ok=true present=0ms inter_flip_ms=49 drawcalls-since-flip=75 drawcalls-total=7886 fail-total=0 null-skips-total=0
[08:45:02] [info] alpha audit block 0: 7798 total drawcalls, 0 with alpha<255 (block pct_x10=0; global 0/7798 pct_x10=0); alpha-mod skipped: block=0 global=0
[08:45:02] [info] fastpath audit block 0: taken=7798 (idx8=7798) skipped=0 pct_x10=1000; global taken=7798 (idx8=7798) skipped=0 pct_x10=1000
[08:45:02] [info] primitive tally block 0: clear=220(hr=220) fill=0(hr=0) rect=0(hr=0) line=0(hr=0) tint=0 spotlight=0 (over 100 flips ending at flip 100)
[08:45:02] [info] color/alpha audit block 0: cmod_white=104 cmod_black=0 (idx=0) cmod_general=84 (idx=84) cmod_fb=0; alpha_taken=0 alpha_skipped=0 (global cmod=104/0/84/0 idx=0/84 alpha=0/0)
[08:45:02] [info] phase timing block 0: drawcalls=8209 dc_total_ms=1254 flip_inner_total_ms=320 inter_flip_total_ms=12198 (per-flip avg x10: dc_ms=125 fi_ms=32 if_ms=1219 derived audio+engine_ms=1062; per-drawcall avg us_x10=1527) [direct-vesa: presents=97 total_ms=183 avg_ms_x10=18 failed=0] [ablation: NO_DC_TIMING=0 CACHE_WINSURF=0 DIRECT_VESA=1]
[08:45:02] [info] kbd/audio block 0: kbd_irq=0 kbd_drain=0 ring_chunks=16 pump_pass=99 pic1_mask=0xb8 first_irq_ticks=0 install_ticks=0 vector_at_install=0x0084e408 pic1_mask_live=0xb8 kbd_8042_stat=0x34 bios_kbd_head=0x003c bios_kbd_tail=0x003c bios_kbd_buf0=0x3920
[08:45:02] [info] audio/engine split block 0: audio_mixer_calls=0 audio_mixer_ms_x10=0 engine_tick_calls=99 engine_tick_ms_x10=441 audio_service_calls=0 audio_service_ms_x10=0 (per-flip avg; per-call us_x10: audio_mix=0 engine_tick=445599 audio_service=0; global ns: audio_mix=0 engine_tick=4411436660 audio_service=0)
[08:45:02] [info] pixtone multi-source probe: DISABLED (default)
[08:45:02] [info] dirty-rect block @flip=100: total_calls=0 dirty_rects_avg=0 dirty_pct_x10=990 forced_full=0 first_n_force=3 threshold_exceeded=2 dirty_path_taken=0 full_flush_taken=3
[08:45:02] [info] prev-frame-diff block @flip=100: diff_calls=0 diff_rects_avg=0 diff_dirty_pct_x10=0 bbox_pct_x10=0 bbox_thresh_exceeded=0
[08:45:03] [info] flip-probe: flip #110 ok=true present=-1ms inter_flip_ms=56 drawcalls-since-flip=75 drawcalls-total=8636 fail-total=0 null-skips-total=0
[08:45:03] [info] flip-probe: flip #120 ok=true present=0ms inter_flip_ms=54 drawcalls-since-flip=75 drawcalls-total=9386 fail-total=0 null-skips-total=0
[08:45:04] [info] flip-probe: flip #130 ok=true present=-1ms inter_flip_ms=56 drawcalls-since-flip=0 drawcalls-total=9986 fail-total=0 null-skips-total=0
[08:45:04] [info] Loading profile from profile.dat
[08:45:04] [error] profile_load: unable to open 'profile.dat'
[08:45:04] [info] Loading profile from profile2.dat
[08:45:04] [error] profile_load: unable to open 'profile2.dat'
[08:45:04] [info] Loading profile from profile3.dat
[08:45:04] [info] Loading profile from profile4.dat
[08:45:04] [error] profile_load: unable to open 'profile4.dat'
[08:45:04] [info] Loading profile from profile5.dat
[08:45:05] [info] flip-probe: flip #140 ok=true present=-1ms inter_flip_ms=54 drawcalls-since-flip=210 drawcalls-total=10826 fail-total=0 null-skips-total=0
[08:45:05] [info] flip-probe: flip #150 ok=true present=-1ms inter_flip_ms=54 drawcalls-since-flip=210 drawcalls-total=12926 fail-total=0 null-skips-total=0
[08:45:06] [info] Writing settings...
[08:45:06] [info] flip-probe: flip #160 ok=true present=0ms inter_flip_ms=57 drawcalls-since-flip=0 drawcalls-total=13774 fail-total=0 null-skips-total=0
[08:45:07] [info] flip-probe: flip #170 ok=true present=-1ms inter_flip_ms=55 drawcalls-since-flip=0 drawcalls-total=13774 fail-total=0 null-skips-total=0
[08:45:07] [info] [music-dispatch] tick=175 song=0 (prev 24)
[08:45:07] [info] opl2 backend: on_song_stop
[08:45:07] [info] Loading profile from profile5.dat
[08:45:07] [info]  >> Entering stage 20: 'Save Point'.
[08:45:07] [info] [skip-sheet-flush] cave=2
[08:45:08] [info] [music-dispatch] tick=175 song=8 (prev 0)
[08:45:08] [info] MidiScheduler::load: parsed 'data/orgmid2/vivi.mid' = 4558 events at 48 PPQ
[08:45:08] [info] opl2 backend: on_song_start
[08:45:08] [info] gameloop: entered (curmap=20, running=1)
[08:45:08] [info] gameloop: iter 1 ticks=23730 mapno=-1
[08:45:08] [info] TAS stall discount: ENABLED (default) (patch 0286; a replay frame over 150 ms is a load, not slow rendering, so it contributes 1 tick instead of its wall-clock; set SDL_HINT_DOSKUTSU_TAS_STALL_DISCOUNT=0 to disable)
[08:45:08] [info] TAS accumulator clamp: DISABLED (default) (patch 0281; caps the FT accumulator delta at one tick during TAS so a stalled frame cannot race the replay index; set SDL_HINT_DOSKUTSU_TAS_FT_GUARD=0 to disable)
[08:45:08] [info] gameloop: iter 2 ticks=23783 mapno=-1
[08:45:08] [info] gameloop: iter 3 ticks=23836 mapno=-1
[08:45:08] [info] flip-probe: flip #180 ok=true present=-1ms inter_flip_ms=-4 drawcalls-since-flip=16 drawcalls-total=13896 fail-total=0 null-skips-total=0
[08:45:09] [info] flip-probe: flip #190 ok=true present=-1ms inter_flip_ms=4 drawcalls-since-flip=16 drawcalls-total=14056 fail-total=0 null-skips-total=0
[08:45:09] [info] flip-probe: flip #200 ok=true present=55ms inter_flip_ms=0 drawcalls-since-flip=16 drawcalls-total=14216 fail-total=0 null-skips-total=0
[08:45:09] [info] alpha audit block 0: 5693 total drawcalls, 0 with alpha<255 (block pct_x10=0; global 0/13491 pct_x10=0); alpha-mod skipped: block=0 global=0
[08:45:09] [info] fastpath audit block 0: taken=5693 (idx8=5693) skipped=0 pct_x10=1000; global taken=13491 (idx8=13491) skipped=0 pct_x10=1000
[08:45:09] [info] primitive tally block 0: clear=201(hr=201) fill=0(hr=0) rect=0(hr=0) line=0(hr=0) tint=0 spotlight=0 (over 100 flips ending at flip 200)
[08:45:09] [info] color/alpha audit block 0: cmod_white=1402 cmod_black=0 (idx=0) cmod_general=609 (idx=609) cmod_fb=0; alpha_taken=0 alpha_skipped=0 (global cmod=1506/0/693/0 idx=0/693 alpha=0/0)
[08:45:09] [info] phase timing block 0: drawcalls=7905 dc_total_ms=1135 flip_inner_total_ms=115 inter_flip_total_ms=6815 (per-flip avg x10: dc_ms=113 fi_ms=11 if_ms=681 derived audio+engine_ms=557; per-drawcall avg us_x10=1436) [direct-vesa: presents=100 total_ms=18446744073697 avg_ms_x10=184467440735 failed=0] [ablation: NO_DC_TIMING=0 CACHE_WINSURF=0 DIRECT_VESA=1]
[08:45:09] [info] kbd/audio block 0: kbd_irq=0 kbd_drain=0 ring_chunks=16 pump_pass=221 pic1_mask=0xb8 first_irq_ticks=0 install_ticks=0 vector_at_install=0x0084e408 pic1_mask_live=0xb8 kbd_8042_stat=0x34 bios_kbd_head=0x003c bios_kbd_tail=0x003c bios_kbd_buf0=0x3920
[08:45:09] [info] audio/engine split block 0: audio_mixer_calls=0 audio_mixer_ms_x10=0 engine_tick_calls=76 engine_tick_ms_x10=167 audio_service_calls=0 audio_service_ms_x10=0 (per-flip avg; per-call us_x10: audio_mix=0 engine_tick=220874 audio_service=0; global ns: audio_mix=0 engine_tick=6090085309 audio_service=0)
[08:45:09] [info] dirty-rect block @flip=200: total_calls=0 dirty_rects_avg=1 dirty_pct_x10=1000 forced_full=0 first_n_force=0 threshold_exceeded=0 dirty_path_taken=0 full_flush_taken=0
[08:45:09] [info] prev-frame-diff block @flip=200: diff_calls=0 diff_rects_avg=0 diff_dirty_pct_x10=0 bbox_pct_x10=0 bbox_thresh_exceeded=0
[08:45:09] [info] flip-probe: flip #210 ok=true present=0ms inter_flip_ms=57 drawcalls-since-flip=16 drawcalls-total=14376 fail-total=0 null-skips-total=0
[08:45:10] [info] flip-probe: flip #220 ok=true present=8ms inter_flip_ms=49 drawcalls-since-flip=16 drawcalls-total=14536 fail-total=0 null-skips-total=0
[08:45:11] [info] flip-probe: flip #230 ok=true present=0ms inter_flip_ms=49 drawcalls-since-flip=6 drawcalls-total=17048 fail-total=0 null-skips-total=0
[08:45:11] [info]  >> Entering stage 11: 'Mimiga Village'.
[08:45:11] [info] [skip-sheet-flush] cave=3
[08:45:11] [info] [load-stage] preloading entry music song=9 (cave=3)
[08:45:11] [info] [music-dispatch] tick=298 song=9 (prev 8)
[08:45:11] [info] opl2 backend: on_song_stop
[08:45:11] [info] MidiScheduler::load: parsed 'data/orgmid2/mura.mid' = 2863 events at 48 PPQ
[08:45:11] [info] opl2 backend: on_song_start
[08:45:11] [info] gameloop: entered (curmap=11, running=1)
[08:45:11] [info] gameloop: iter 1 ticks=27134 mapno=-1
[08:45:11] [info] map: mds_clear LUT ENABLED (default) (set SDL_HINT_DOSKUTSU_MDS_CLEAR_LUT=0 to disable; default ON; patch 0144 wave-49 bandwidth lever)
[08:45:11] [info] mds-clear-lut: rebuilt N=240 entries (k_skip=0% k_keep=100%; curmap=11 map_size=60x60; rebuild #1 since boot)
[08:45:11] [info] backdrop thrash full-cover ENABLED (default) (set SDL_HINT_DOSKUTSU_THRASH_FULLCOVER=0 to disable)
[08:45:11] [info] [bd-diag] backdrop render-path diag disabled (default) (set SDL_HINT_DOSKUTSU_BACKDROP_DIAG=1 to enable)
[08:45:12] [info] gameloop: iter 2 ticks=27245 mapno=-1
[08:45:12] [info] gameloop: iter 3 ticks=27352 mapno=-1
[08:45:12] [info] tas: stall frame 163 ms -> contributing 1 tick (patch 0286)
[08:45:12] [info] backdrop cache: thrashing-detect engaged (streak=4, route=direct)
[08:45:12] [info] flip-probe: flip #240 ok=true present=0ms inter_flip_ms=58 drawcalls-since-flip=44 drawcalls-total=19609 fail-total=0 null-skips-total=0
[08:45:13] [info] flip-probe: flip #250 ok=true present=-1ms inter_flip_ms=53 drawcalls-since-flip=46 drawcalls-total=20055 fail-total=0 null-skips-total=0
[08:45:13] [info] flip-probe: flip #260 ok=true present=-1ms inter_flip_ms=57 drawcalls-since-flip=42 drawcalls-total=20495 fail-total=0 null-skips-total=0
[08:45:14] [info] flip-probe: flip #270 ok=true present=-1ms inter_flip_ms=58 drawcalls-since-flip=42 drawcalls-total=20915 fail-total=0 null-skips-total=0
[08:45:15] [info] flip-probe: flip #280 ok=true present=-1ms inter_flip_ms=52 drawcalls-since-flip=42 drawcalls-total=21335 fail-total=0 null-skips-total=0
[08:45:15] [info] flip-probe: flip #290 ok=true present=0ms inter_flip_ms=54 drawcalls-since-flip=42 drawcalls-total=21755 fail-total=0 null-skips-total=0
[08:45:16] [info] backdrop cache: thrashing-detect engaged (streak=64, route=direct)
[08:45:16] [info] flip-probe: flip #300 ok=true present=-1ms inter_flip_ms=60 drawcalls-since-flip=43 drawcalls-total=22181 fail-total=0 null-skips-total=0
[08:45:16] [info] alpha audit block 0: 6985 total drawcalls, 0 with alpha<255 (block pct_x10=0; global 0/20476 pct_x10=0); alpha-mod skipped: block=0 global=0
[08:45:16] [info] fastpath audit block 0: taken=6985 (idx8=6985) skipped=0 pct_x10=1000; global taken=20476 (idx8=20476) skipped=0 pct_x10=1000
[08:45:16] [info] primitive tally block 0: clear=201(hr=201) fill=0(hr=0) rect=0(hr=0) line=0(hr=0) tint=0 spotlight=0 (over 100 flips ending at flip 300)
[08:45:16] [info] color/alpha audit block 0: cmod_white=910 cmod_black=910 (idx=910) cmod_general=0 (idx=0) cmod_fb=0; alpha_taken=0 alpha_skipped=0 (global cmod=2416/910/693/0 idx=910/693 alpha=0/0)
[08:45:16] [info] phase timing block 0: drawcalls=9012 dc_total_ms=1202 flip_inner_total_ms=359 inter_flip_total_ms=6868 (per-flip avg x10: dc_ms=120 fi_ms=35 if_ms=686 derived audio+engine_ms=531; per-drawcall avg us_x10=1333) [direct-vesa: presents=100 total_ms=245 avg_ms_x10=24 failed=0] [ablation: NO_DC_TIMING=0 CACHE_WINSURF=0 DIRECT_VESA=1]
[08:45:16] [info] kbd/audio block 0: kbd_irq=0 kbd_drain=0 ring_chunks=16 pump_pass=509 pic1_mask=0xb8 first_irq_ticks=0 install_ticks=0 vector_at_install=0x0084e408 pic1_mask_live=0xb8 kbd_8042_stat=0x34 bios_kbd_head=0x003c bios_kbd_tail=0x003c bios_kbd_buf0=0x3920
[08:45:16] [info] [tile-speedup-stat n=100 drawtile_us=184467440737075.19 raw_blit_us=20.55 ratio=8976461012026.45]
[08:45:16] [info] dirty-rect block @flip=300: total_calls=100 dirty_rects_avg=1 dirty_pct_x10=1000 forced_full=0 first_n_force=0 threshold_exceeded=0 dirty_path_taken=0 full_flush_taken=0
[08:45:16] [info] prev-frame-diff block @flip=300: diff_calls=0 diff_rects_avg=0 diff_dirty_pct_x10=0 bbox_pct_x10=0 bbox_thresh_exceeded=0
[08:45:16] [info] tas: stall frame 390 ms -> contributing 1 tick (patch 0286)
[08:45:17] [info] flip-probe: flip #310 ok=true present=-1ms inter_flip_ms=61 drawcalls-since-flip=43 drawcalls-total=22711 fail-total=0 null-skips-total=0
[08:45:17] [info] flip-probe: flip #320 ok=true present=0ms inter_flip_ms=51 drawcalls-since-flip=45 drawcalls-total=23148 fail-total=0 null-skips-total=0
[08:45:18] [info] flip-probe: flip #330 ok=true present=0ms inter_flip_ms=53 drawcalls-since-flip=43 drawcalls-total=23572 fail-total=0 null-skips-total=0
[08:45:18] [info] run_tick_fixed #600: heartbeat (loop alive)
[08:45:18] [info] flip-probe: flip #340 ok=true present=-1ms inter_flip_ms=57 drawcalls-since-flip=42 drawcalls-total=23998 fail-total=0 null-skips-total=0
[08:45:19] [info] flip-probe: flip #350 ok=true present=-1ms inter_flip_ms=56 drawcalls-since-flip=42 drawcalls-total=24406 fail-total=0 null-skips-total=0
[08:45:19] [info] backdrop cache: thrashing-detect engaged (streak=124, route=direct)
[08:45:20] [info] flip-probe: flip #360 ok=true present=0ms inter_flip_ms=53 drawcalls-since-flip=15 drawcalls-total=24572 fail-total=0 null-skips-total=0
[08:45:20] [info] flip-probe: flip #370 ok=true present=0ms inter_flip_ms=52 drawcalls-since-flip=14 drawcalls-total=24713 fail-total=0 null-skips-total=0
[08:45:21] [info] flip-probe: flip #380 ok=true present=-1ms inter_flip_ms=109 drawcalls-since-flip=289 drawcalls-total=25593 fail-total=0 null-skips-total=0
[08:45:21] [info]  >> Entering stage 17: 'Yamashita Farm'.
[08:45:21] [info] [skip-sheet-flush] cave=4
[08:45:22] [info] [load-stage] preloading entry music song=13 (cave=4)
[08:45:22] [info] [music-dispatch] tick=751 song=13 (prev 9)
[08:45:22] [info] opl2 backend: on_song_stop
[08:45:22] [info] MidiScheduler::load: parsed 'data/orgmid2/plant.mid' = 3000 events at 48 PPQ
[08:45:22] [info] opl2 backend: on_song_start
[08:45:22] [info] gameloop: entered (curmap=17, running=1)
[08:45:22] [info] gameloop: iter 1 ticks=37516 mapno=-1
[08:45:22] [info] mds-clear-lut: rebuilt N=240 entries (k_skip=33% k_keep=67%; curmap=17 map_size=40x16; rebuild #2 since boot)
[08:45:22] [info] gameloop: iter 2 ticks=37786 mapno=-1
[08:45:22] [info] tas: stall frame 327 ms -> contributing 1 tick (patch 0286)
[08:45:22] [info] gameloop: iter 3 ticks=37901 mapno=-1
[08:45:23] [info] flip-probe: flip #390 ok=true present=0ms inter_flip_ms=111 drawcalls-since-flip=357 drawcalls-total=28934 fail-total=0 null-skips-total=0
[08:45:23] [info] flip-probe: flip #400 ok=true present=0ms inter_flip_ms=54 drawcalls-since-flip=144 drawcalls-total=30545 fail-total=0 null-skips-total=0
[08:45:23] [info] alpha audit block 0: 7406 total drawcalls, 0 with alpha<255 (block pct_x10=0; global 0/27882 pct_x10=0); alpha-mod skipped: block=0 global=0
[08:45:23] [info] fastpath audit block 0: taken=7406 (idx8=7406) skipped=0 pct_x10=1000; global taken=27882 (idx8=27882) skipped=0 pct_x10=1000
[08:45:23] [info] primitive tally block 0: clear=201(hr=201) fill=0(hr=0) rect=0(hr=0) line=0(hr=0) tint=0 spotlight=0 (over 100 flips ending at flip 400)
[08:45:23] [info] color/alpha audit block 0: cmod_white=858 cmod_black=858 (idx=858) cmod_general=0 (idx=0) cmod_fb=0; alpha_taken=0 alpha_skipped=0 (global cmod=3274/1768/693/0 idx=1768/693 alpha=0/0)
[08:45:23] [info] phase timing block 0: drawcalls=9339 dc_total_ms=1236 flip_inner_total_ms=509 inter_flip_total_ms=7632 (per-flip avg x10: dc_ms=123 fi_ms=50 if_ms=763 derived audio+engine_ms=590; per-drawcall avg us_x10=1323) [direct-vesa: presents=100 total_ms=386 avg_ms_x10=38 failed=0] [ablation: NO_DC_TIMING=0 CACHE_WINSURF=0 DIRECT_VESA=1]
[08:45:23] [info] kbd/audio block 0: kbd_irq=0 kbd_drain=0 ring_chunks=16 pump_pass=815 pic1_mask=0xb8 first_irq_ticks=0 install_ticks=0 vector_at_install=0x0084e408 pic1_mask_live=0xb8 kbd_8042_stat=0x34 bios_kbd_head=0x003c bios_kbd_tail=0x003c bios_kbd_buf0=0x3920
[08:45:23] [info] dirty-rect block @flip=400: total_calls=0 dirty_rects_avg=1 dirty_pct_x10=1000 forced_full=0 first_n_force=0 threshold_exceeded=0 dirty_path_taken=0 full_flush_taken=0
[08:45:23] [info] prev-frame-diff block @flip=400: diff_calls=0 diff_rects_avg=0 diff_dirty_pct_x10=0 bbox_pct_x10=0 bbox_thresh_exceeded=0
[08:45:24] [info] tas: stall frame 163 ms -> contributing 1 tick (patch 0286)
[08:45:24] [info] flip-probe: flip #410 ok=true present=-1ms inter_flip_ms=108 drawcalls-since-flip=152 drawcalls-total=32015 fail-total=0 null-skips-total=0
[08:45:25] [info] backdrop cache: thrashing-detect engaged (streak=4, route=direct)
[08:45:25] [info] flip-probe: flip #420 ok=true present=55ms inter_flip_ms=56 drawcalls-since-flip=131 drawcalls-total=33346 fail-total=0 null-skips-total=0
[08:45:26] [info] flip-probe: flip #430 ok=true present=-1ms inter_flip_ms=104 drawcalls-since-flip=139 drawcalls-total=34702 fail-total=0 null-skips-total=0
[08:45:27] [info] flip-probe: flip #440 ok=true present=0ms inter_flip_ms=110 drawcalls-since-flip=129 drawcalls-total=36094 fail-total=0 null-skips-total=0
[08:45:28] [info] flip-probe: flip #450 ok=true present=0ms inter_flip_ms=107 drawcalls-since-flip=127 drawcalls-total=37400 fail-total=0 null-skips-total=0
[08:45:28] [info] backdrop cache: thrashing-detect engaged (streak=4, route=direct)
[08:45:29] [info] flip-probe: flip #460 ok=true present=-1ms inter_flip_ms=107 drawcalls-since-flip=130 drawcalls-total=38698 fail-total=0 null-skips-total=0
[08:45:29] [info] flip-probe: flip #470 ok=true present=-1ms inter_flip_ms=57 drawcalls-since-flip=132 drawcalls-total=39991 fail-total=0 null-skips-total=0
[08:45:30] [info] flip-probe: flip #480 ok=true present=0ms inter_flip_ms=112 drawcalls-since-flip=134 drawcalls-total=41285 fail-total=0 null-skips-total=0
[08:45:31] [info] flip-probe: flip #490 ok=true present=0ms inter_flip_ms=55 drawcalls-since-flip=140 drawcalls-total=42659 fail-total=0 null-skips-total=0
[08:45:31] [info] run_tick_fixed #1200: heartbeat (loop alive)
[08:45:32] [info] flip-probe: flip #500 ok=true present=-1ms inter_flip_ms=58 drawcalls-since-flip=132 drawcalls-total=44016 fail-total=0 null-skips-total=0
[08:45:32] [info] alpha audit block 0: 12071 total drawcalls, 0 with alpha<255 (block pct_x10=0; global 0/39953 pct_x10=0); alpha-mod skipped: block=0 global=0
[08:45:32] [info] fastpath audit block 0: taken=12071 (idx8=12071) skipped=0 pct_x10=1000; global taken=39953 (idx8=39953) skipped=0 pct_x10=1000
[08:45:32] [info] primitive tally block 0: clear=200(hr=200) fill=0(hr=0) rect=0(hr=0) line=0(hr=0) tint=0 spotlight=0 (over 100 flips ending at flip 500)
[08:45:32] [info] color/alpha audit block 0: cmod_white=1300 cmod_black=1300 (idx=1300) cmod_general=0 (idx=0) cmod_fb=0; alpha_taken=0 alpha_skipped=0 (global cmod=4574/3068/693/0 idx=3068/693 alpha=0/0)
[08:45:32] [info] phase timing block 0: drawcalls=14886 dc_total_ms=1430 flip_inner_total_ms=704 inter_flip_total_ms=8623 (per-flip avg x10: dc_ms=143 fi_ms=70 if_ms=862 derived audio+engine_ms=649; per-drawcall avg us_x10=960) [direct-vesa: presents=100 total_ms=495 avg_ms_x10=49 failed=0] [ablation: NO_DC_TIMING=0 CACHE_WINSURF=0 DIRECT_VESA=1]
[08:45:32] [info] kbd/audio block 0: kbd_irq=0 kbd_drain=0 ring_chunks=16 pump_pass=1239 pic1_mask=0xb8 first_irq_ticks=0 install_ticks=0 vector_at_install=0x0084e408 pic1_mask_live=0xb8 kbd_8042_stat=0x34 bios_kbd_head=0x003c bios_kbd_tail=0x003c bios_kbd_buf0=0x3920
[08:45:32] [info] dirty-rect block @flip=500: total_calls=0 dirty_rects_avg=1 dirty_pct_x10=1000 forced_full=0 first_n_force=0 threshold_exceeded=0 dirty_path_taken=0 full_flush_taken=0
[08:45:32] [info] prev-frame-diff block @flip=500: diff_calls=0 diff_rects_avg=0 diff_dirty_pct_x10=0 bbox_pct_x10=0 bbox_thresh_exceeded=0
[08:45:32] [info] tas: stall frame 166 ms -> contributing 1 tick (patch 0286)
[08:45:33] [info] flip-probe: flip #510 ok=true present=0ms inter_flip_ms=53 drawcalls-since-flip=114 drawcalls-total=45229 fail-total=0 null-skips-total=0
[08:45:33] [info] backdrop cache: thrashing-detect engaged (streak=64, route=direct)
[08:45:34] [info] flip-probe: flip #520 ok=true present=-1ms inter_flip_ms=117 drawcalls-since-flip=114 drawcalls-total=46343 fail-total=0 null-skips-total=0
[08:45:35] [info] flip-probe: flip #530 ok=true present=-1ms inter_flip_ms=111 drawcalls-since-flip=105 drawcalls-total=47479 fail-total=0 null-skips-total=0
[08:45:35] [info] backdrop cache: thrashing-detect engaged (streak=4, route=direct)
[08:45:36] [info] flip-probe: flip #540 ok=true present=-1ms inter_flip_ms=112 drawcalls-since-flip=117 drawcalls-total=48631 fail-total=0 null-skips-total=0
[08:45:36] [info] flip-probe: flip #550 ok=true present=-1ms inter_flip_ms=108 drawcalls-since-flip=120 drawcalls-total=49810 fail-total=0 null-skips-total=0
[08:45:37] [info] flip-probe: flip #560 ok=true present=8ms inter_flip_ms=47 drawcalls-since-flip=117 drawcalls-total=50995 fail-total=0 null-skips-total=0
[08:45:37] [info] tas: stall frame 326 ms -> contributing 1 tick (patch 0286)
[08:45:38] [info] flip-probe: flip #570 ok=true present=3ms inter_flip_ms=108 drawcalls-since-flip=406 drawcalls-total=53739 fail-total=0 null-skips-total=0
[08:45:38] [info]  >> Entering stage 11: 'Mimiga Village'.
[08:45:38] [info] [skip-sheet-flush] cave=5
[08:45:39] [info] [load-stage] preloading entry music song=9 (cave=5)
[08:45:39] [info] [music-dispatch] tick=1524 song=9 (prev 13)
[08:45:39] [info] opl2 backend: on_song_stop
[08:45:39] [info] MidiScheduler::load: parsed 'data/orgmid2/mura.mid' = 2863 events at 48 PPQ
[08:45:39] [info] opl2 backend: on_song_start
[08:45:39] [info] gameloop: entered (curmap=11, running=1)
[08:45:39] [info] gameloop: iter 1 ticks=54869 mapno=-1
[08:45:39] [info] mds-clear-lut: rebuilt N=240 entries (k_skip=0% k_keep=100%; curmap=11 map_size=60x60; rebuild #3 since boot)
[08:45:39] [info] gameloop: iter 2 ticks=54979 mapno=-1
[08:45:39] [info] gameloop: iter 3 ticks=55094 mapno=-1
[08:45:40] [info] backdrop cache: thrashing-detect engaged (streak=4, route=direct)
[08:45:40] [info] flip-probe: flip #580 ok=true present=8ms inter_flip_ms=53 drawcalls-since-flip=40 drawcalls-total=55589 fail-total=0 null-skips-total=0
[08:45:40] [info] flip-probe: flip #590 ok=true present=-1ms inter_flip_ms=60 drawcalls-since-flip=40 drawcalls-total=55989 fail-total=0 null-skips-total=0
[08:45:41] [info] flip-probe: flip #600 ok=true present=-1ms inter_flip_ms=51 drawcalls-since-flip=40 drawcalls-total=56389 fail-total=0 null-skips-total=0
[08:45:41] [info] alpha audit block 0: 11844 total drawcalls, 0 with alpha<255 (block pct_x10=0; global 0/51797 pct_x10=0); alpha-mod skipped: block=0 global=0
[08:45:41] [info] fastpath audit block 0: taken=11844 (idx8=11844) skipped=0 pct_x10=1000; global taken=51797 (idx8=51797) skipped=0 pct_x10=1000
[08:45:41] [info] primitive tally block 0: clear=201(hr=201) fill=0(hr=0) rect=0(hr=0) line=0(hr=0) tint=0 spotlight=0 (over 100 flips ending at flip 600)
[08:45:41] [info] color/alpha audit block 0: cmod_white=429 cmod_black=429 (idx=429) cmod_general=0 (idx=0) cmod_fb=0; alpha_taken=0 alpha_skipped=0 (global cmod=5003/3497/693/0 idx=3497/693 alpha=0/0)
[08:45:41] [info] phase timing block 0: drawcalls=12910 dc_total_ms=1691 flip_inner_total_ms=831 inter_flip_total_ms=9008 (per-flip avg x10: dc_ms=169 fi_ms=83 if_ms=900 derived audio+engine_ms=648; per-drawcall avg us_x10=1310) [direct-vesa: presents=100 total_ms=430 avg_ms_x10=43 failed=0] [ablation: NO_DC_TIMING=0 CACHE_WINSURF=0 DIRECT_VESA=1]
[08:45:41] [info] kbd/audio block 0: kbd_irq=0 kbd_drain=0 ring_chunks=16 pump_pass=1623 pic1_mask=0xb8 first_irq_ticks=0 install_ticks=0 vector_at_install=0x0084e408 pic1_mask_live=0xb8 kbd_8042_stat=0x34 bios_kbd_head=0x003c bios_kbd_tail=0x003c bios_kbd_buf0=0x3920
[08:45:41] [info] dirty-rect block @flip=600: total_calls=0 dirty_rects_avg=1 dirty_pct_x10=1000 forced_full=0 first_n_force=0 threshold_exceeded=0 dirty_path_taken=0 full_flush_taken=0
[08:45:41] [info] prev-frame-diff block @flip=600: diff_calls=0 diff_rects_avg=0 diff_dirty_pct_x10=0 bbox_pct_x10=0 bbox_thresh_exceeded=0
[08:45:42] [info] flip-probe: flip #610 ok=true present=-1ms inter_flip_ms=112 drawcalls-since-flip=40 drawcalls-total=56793 fail-total=0 null-skips-total=0
[08:45:42] [info] flip-probe: flip #620 ok=true present=0ms inter_flip_ms=52 drawcalls-since-flip=40 drawcalls-total=57196 fail-total=0 null-skips-total=0
[08:45:43] [info] flip-probe: flip #630 ok=true present=-1ms inter_flip_ms=55 drawcalls-since-flip=41 drawcalls-total=57604 fail-total=0 null-skips-total=0
[08:45:43] [info] backdrop cache: thrashing-detect engaged (streak=64, route=direct)
[08:45:43] [info] flip-probe: flip #640 ok=true present=-1ms inter_flip_ms=60 drawcalls-since-flip=41 drawcalls-total=58018 fail-total=0 null-skips-total=0
[08:45:44] [info] flip-probe: flip #650 ok=true present=7ms inter_flip_ms=52 drawcalls-since-flip=41 drawcalls-total=58428 fail-total=0 null-skips-total=0
[08:45:45] [info] flip-probe: flip #660 ok=true present=0ms inter_flip_ms=54 drawcalls-since-flip=44 drawcalls-total=58859 fail-total=0 null-skips-total=0
[08:45:45] [info] flip-probe: flip #670 ok=true present=2ms inter_flip_ms=54 drawcalls-since-flip=44 drawcalls-total=59299 fail-total=0 null-skips-total=0
[08:45:46] [info] flip-probe: flip #680 ok=true present=-1ms inter_flip_ms=50 drawcalls-since-flip=43 drawcalls-total=59737 fail-total=0 null-skips-total=0
[08:45:46] [info] flip-probe: flip #690 ok=true present=-1ms inter_flip_ms=114 drawcalls-since-flip=43 drawcalls-total=60164 fail-total=0 null-skips-total=0
[08:45:47] [info] backdrop cache: thrashing-detect engaged (streak=124, route=direct)
[08:45:47] [info] flip-probe: flip #700 ok=true present=0ms inter_flip_ms=52 drawcalls-since-flip=16 drawcalls-total=60354 fail-total=0 null-skips-total=0
[08:45:47] [info] alpha audit block 0: 2682 total drawcalls, 0 with alpha<255 (block pct_x10=0; global 0/54479 pct_x10=0); alpha-mod skipped: block=0 global=0
[08:45:47] [info] fastpath audit block 0: taken=2682 (idx8=2682) skipped=0 pct_x10=1000; global taken=54479 (idx8=54479) skipped=0 pct_x10=1000
[08:45:47] [info] primitive tally block 0: clear=200(hr=200) fill=0(hr=0) rect=0(hr=0) line=0(hr=0) tint=0 spotlight=0 (over 100 flips ending at flip 700)
[08:45:47] [info] color/alpha audit block 0: cmod_white=1183 cmod_black=1183 (idx=1183) cmod_general=0 (idx=0) cmod_fb=0; alpha_taken=0 alpha_skipped=0 (global cmod=6186/4680/693/0 idx=4680/693 alpha=0/0)
[08:45:47] [info] phase timing block 0: drawcalls=5248 dc_total_ms=668 flip_inner_total_ms=452 inter_flip_total_ms=5713 (per-flip avg x10: dc_ms=66 fi_ms=45 if_ms=571 derived audio+engine_ms=460; per-drawcall avg us_x10=1274) [direct-vesa: presents=100 total_ms=220 avg_ms_x10=22 failed=0] [ablation: NO_DC_TIMING=0 CACHE_WINSURF=0 DIRECT_VESA=1]
[08:45:47] [info] kbd/audio block 0: kbd_irq=0 kbd_drain=0 ring_chunks=16 pump_pass=1911 pic1_mask=0xb8 first_irq_ticks=0 install_ticks=0 vector_at_install=0x0084e408 pic1_mask_live=0xb8 kbd_8042_stat=0x34 bios_kbd_head=0x003c bios_kbd_tail=0x003c bios_kbd_buf0=0x3920
[08:45:47] [info] dirty-rect block @flip=700: total_calls=0 dirty_rects_avg=1 dirty_pct_x10=1000 forced_full=0 first_n_force=0 threshold_exceeded=0 dirty_path_taken=0 full_flush_taken=0
[08:45:47] [info] prev-frame-diff block @flip=700: diff_calls=0 diff_rects_avg=0 diff_dirty_pct_x10=0 bbox_pct_x10=0 bbox_thresh_exceeded=0
[08:45:47] [info] flip-probe: flip #710 ok=true present=0ms inter_flip_ms=51 drawcalls-since-flip=16 drawcalls-total=60514 fail-total=0 null-skips-total=0
[08:45:48] [info] flip-probe: flip #720 ok=true present=0ms inter_flip_ms=59 drawcalls-since-flip=16 drawcalls-total=60674 fail-total=0 null-skips-total=0
[08:45:48] [info] flip-probe: flip #730 ok=true present=8ms inter_flip_ms=51 drawcalls-since-flip=20 drawcalls-total=60908 fail-total=0 null-skips-total=0
[08:45:49] [info] flip-probe: flip #740 ok=true present=0ms inter_flip_ms=4 drawcalls-since-flip=20 drawcalls-total=61101 fail-total=0 null-skips-total=0
[08:45:49] [info] flip-probe: flip #750 ok=true present=-1ms inter_flip_ms=59 drawcalls-since-flip=156 drawcalls-total=61534 fail-total=0 null-skips-total=0
[08:45:50] [info] backdrop cache: thrashing-detect engaged (streak=184, route=direct)
[08:45:50] [info]  >> Entering stage 15: 'Reservoir'.
[08:45:50] [info] [skip-sheet-flush] cave=6
[08:45:51] [info] [load-stage] preloading entry music song=9 (cave=6)
[08:45:51] [info] gameloop: entered (curmap=15, running=1)
[08:45:51] [info] gameloop: iter 1 ticks=66460 mapno=-1
[08:45:51] [info] mds-clear-lut: rebuilt N=240 entries (k_skip=13% k_keep=87%; curmap=15 map_size=40x20; rebuild #4 since boot)
[08:45:51] [info] gameloop: iter 2 ticks=66569 mapno=-1
[08:45:51] [info] gameloop: iter 3 ticks=66684 mapno=-1
[08:45:51] [info] flip-probe: flip #760 ok=true present=-1ms inter_flip_ms=110 drawcalls-since-flip=336 drawcalls-total=64249 fail-total=0 null-skips-total=0
[08:45:52] [info] flip-probe: flip #770 ok=true present=0ms inter_flip_ms=56 drawcalls-since-flip=31 drawcalls-total=65344 fail-total=0 null-skips-total=0
[08:45:52] [info] tas: stall frame 274 ms -> contributing 1 tick (patch 0286)
[08:45:52] [info] flip-probe: flip #780 ok=true present=-1ms inter_flip_ms=57 drawcalls-since-flip=31 drawcalls-total=65654 fail-total=0 null-skips-total=0
[08:45:53] [info] flip-probe: flip #790 ok=true present=0ms inter_flip_ms=54 drawcalls-since-flip=31 drawcalls-total=65964 fail-total=0 null-skips-total=0
[08:45:53] [info] backdrop cache: thrashing-detect engaged (streak=4, route=direct)
[08:45:53] [info] flip-probe: flip #800 ok=true present=-1ms inter_flip_ms=55 drawcalls-since-flip=34 drawcalls-total=66301 fail-total=0 null-skips-total=0
[08:45:53] [info] alpha audit block 0: 5460 total drawcalls, 0 with alpha<255 (block pct_x10=0; global 0/59939 pct_x10=0); alpha-mod skipped: block=0 global=0
[08:45:53] [info] fastpath audit block 0: taken=5460 (idx8=5460) skipped=0 pct_x10=1000; global taken=59939 (idx8=59939) skipped=0 pct_x10=1000
[08:45:53] [info] primitive tally block 0: clear=201(hr=201) fill=0(hr=0) rect=0(hr=0) line=0(hr=0) tint=0 spotlight=0 (over 100 flips ending at flip 800)
[08:45:53] [info] color/alpha audit block 0: cmod_white=387 cmod_black=387 (idx=387) cmod_general=0 (idx=0) cmod_fb=0; alpha_taken=0 alpha_skipped=0 (global cmod=6573/5067/693/0 idx=5067/693 alpha=0/0)
[08:45:53] [info] phase timing block 0: drawcalls=6470 dc_total_ms=1191 flip_inner_total_ms=850 inter_flip_total_ms=6644 (per-flip avg x10: dc_ms=119 fi_ms=85 if_ms=664 derived audio+engine_ms=460; per-drawcall avg us_x10=1840) [direct-vesa: presents=100 total_ms=469 avg_ms_x10=46 failed=0] [ablation: NO_DC_TIMING=0 CACHE_WINSURF=0 DIRECT_VESA=1]
[08:45:53] [info] kbd/audio block 0: kbd_irq=0 kbd_drain=0 ring_chunks=16 pump_pass=2193 pic1_mask=0xb8 first_irq_ticks=0 install_ticks=0 vector_at_install=0x0084e408 pic1_mask_live=0xb8 kbd_8042_stat=0x34 bios_kbd_head=0x003c bios_kbd_tail=0x003c bios_kbd_buf0=0x3920
[08:45:53] [info] dirty-rect block @flip=800: total_calls=0 dirty_rects_avg=1 dirty_pct_x10=1000 forced_full=0 first_n_force=0 threshold_exceeded=0 dirty_path_taken=0 full_flush_taken=0
[08:45:53] [info] prev-frame-diff block @flip=800: diff_calls=0 diff_rects_avg=0 diff_dirty_pct_x10=0 bbox_pct_x10=0 bbox_thresh_exceeded=0
[08:45:54] [info] tas: stall frame 166 ms -> contributing 1 tick (patch 0286)
[08:45:54] [info] flip-probe: flip #810 ok=true present=0ms inter_flip_ms=50 drawcalls-since-flip=31 drawcalls-total=66620 fail-total=0 null-skips-total=0
[08:45:55] [info] flip-probe: flip #820 ok=true present=-1ms inter_flip_ms=0 drawcalls-since-flip=31 drawcalls-total=66930 fail-total=0 null-skips-total=0
[08:45:55] [info] flip-probe: flip #830 ok=true present=54ms inter_flip_ms=219 drawcalls-since-flip=32 drawcalls-total=67241 fail-total=0 null-skips-total=0
[08:45:55] [info] tas: stall frame 273 ms -> contributing 1 tick (patch 0286)
[08:45:56] [info] flip-probe: flip #840 ok=true present=-1ms inter_flip_ms=56 drawcalls-since-flip=34 drawcalls-total=67571 fail-total=0 null-skips-total=0
[08:45:56] [info] flip-probe: flip #850 ok=true present=-1ms inter_flip_ms=59 drawcalls-since-flip=37 drawcalls-total=67932 fail-total=0 null-skips-total=0
[08:45:56] [info] backdrop cache: thrashing-detect engaged (streak=64, route=direct)
[08:45:57] [info] flip-probe: flip #860 ok=true present=-1ms inter_flip_ms=5 drawcalls-since-flip=34 drawcalls-total=68292 fail-total=0 null-skips-total=0
[08:45:57] [info] flip-probe: flip #870 ok=true present=0ms inter_flip_ms=52 drawcalls-since-flip=33 drawcalls-total=68631 fail-total=0 null-skips-total=0
[08:45:58] [info] flip-probe: flip #880 ok=true present=0ms inter_flip_ms=104 drawcalls-since-flip=16 drawcalls-total=68917 fail-total=0 null-skips-total=0
[08:45:58] [info] flip-probe: flip #890 ok=true present=0ms inter_flip_ms=55 drawcalls-since-flip=16 drawcalls-total=69084 fail-total=0 null-skips-total=0
[08:45:59] [info] flip-probe: flip #900 ok=true present=8ms inter_flip_ms=47 drawcalls-since-flip=16 drawcalls-total=69248 fail-total=0 null-skips-total=0
[08:45:59] [info] alpha audit block 0: 2154 total drawcalls, 0 with alpha<255 (block pct_x10=0; global 0/62093 pct_x10=0); alpha-mod skipped: block=0 global=0
[08:45:59] [info] fastpath audit block 0: taken=2154 (idx8=2154) skipped=0 pct_x10=1000; global taken=62093 (idx8=62093) skipped=0 pct_x10=1000
[08:45:59] [info] primitive tally block 0: clear=200(hr=200) fill=0(hr=0) rect=0(hr=0) line=0(hr=0) tint=0 spotlight=0 (over 100 flips ending at flip 900)
[08:45:59] [info] color/alpha audit block 0: cmod_white=693 cmod_black=693 (idx=693) cmod_general=0 (idx=0) cmod_fb=0; alpha_taken=0 alpha_skipped=0 (global cmod=7266/5760/693/0 idx=5760/693 alpha=0/0)
[08:45:59] [info] phase timing block 0: drawcalls=3740 dc_total_ms=662 flip_inner_total_ms=548 inter_flip_total_ms=5489 (per-flip avg x10: dc_ms=66 fi_ms=54 if_ms=548 derived audio+engine_ms=428; per-drawcall avg us_x10=1770) [direct-vesa: presents=100 total_ms=421 avg_ms_x10=42 failed=0] [ablation: NO_DC_TIMING=0 CACHE_WINSURF=0 DIRECT_VESA=1]
[08:45:59] [info] kbd/audio block 0: kbd_irq=0 kbd_drain=0 ring_chunks=16 pump_pass=2448 pic1_mask=0xb8 first_irq_ticks=0 install_ticks=0 vector_at_install=0x0084e408 pic1_mask_live=0xb8 kbd_8042_stat=0x34 bios_kbd_head=0x003c bios_kbd_tail=0x003c bios_kbd_buf0=0x3920
[08:45:59] [info] dirty-rect block @flip=900: total_calls=0 dirty_rects_avg=1 dirty_pct_x10=1000 forced_full=0 first_n_force=0 threshold_exceeded=0 dirty_path_taken=0 full_flush_taken=0
[08:45:59] [info] prev-frame-diff block @flip=900: diff_calls=0 diff_rects_avg=0 diff_dirty_pct_x10=0 bbox_pct_x10=0 bbox_thresh_exceeded=0
[08:45:59] [info] flip-probe: flip #910 ok=true present=-1ms inter_flip_ms=62 drawcalls-since-flip=14 drawcalls-total=69389 fail-total=0 null-skips-total=0
[08:46:00] [info] backdrop cache: thrashing-detect engaged (streak=124, route=direct)
[08:46:00] [info] flip-probe: flip #920 ok=true present=-1ms inter_flip_ms=53 drawcalls-since-flip=13 drawcalls-total=69522 fail-total=0 null-skips-total=0
[08:46:00] [info] flip-probe: flip #930 ok=true present=-1ms inter_flip_ms=53 drawcalls-since-flip=13 drawcalls-total=69652 fail-total=0 null-skips-total=0
[08:46:01] [info] flip-probe: flip #940 ok=true present=-1ms inter_flip_ms=53 drawcalls-since-flip=13 drawcalls-total=69782 fail-total=0 null-skips-total=0
[08:46:01] [info] flip-probe: flip #950 ok=true present=-1ms inter_flip_ms=57 drawcalls-since-flip=13 drawcalls-total=69912 fail-total=0 null-skips-total=0
[08:46:02] [info] backdrop cache: thrashing-detect engaged (streak=4, route=direct)
[08:46:02] [info] flip-probe: flip #960 ok=true present=-1ms inter_flip_ms=61 drawcalls-since-flip=13 drawcalls-total=70042 fail-total=0 null-skips-total=0
[08:46:02] [info] flip-probe: flip #970 ok=true present=-1ms inter_flip_ms=51 drawcalls-since-flip=13 drawcalls-total=70172 fail-total=0 null-skips-total=0
[08:46:03] [info] flip-probe: flip #980 ok=true present=8ms inter_flip_ms=54 drawcalls-since-flip=13 drawcalls-total=70302 fail-total=0 null-skips-total=0
[08:46:03] [info] flip-probe: flip #990 ok=true present=55ms inter_flip_ms=0 drawcalls-since-flip=13 drawcalls-total=70432 fail-total=0 null-skips-total=0
[08:46:04] [info] flip-probe: flip #1000 ok=true present=-1ms inter_flip_ms=55 drawcalls-since-flip=13 drawcalls-total=70562 fail-total=0 null-skips-total=0
[08:46:04] [info] alpha audit block 0: 1214 total drawcalls, 0 with alpha<255 (block pct_x10=0; global 0/63307 pct_x10=0); alpha-mod skipped: block=0 global=0
[08:46:04] [info] fastpath audit block 0: taken=1214 (idx8=1214) skipped=0 pct_x10=1000; global taken=63307 (idx8=63307) skipped=0 pct_x10=1000
[08:46:04] [info] primitive tally block 0: clear=200(hr=200) fill=0(hr=0) rect=0(hr=0) line=0(hr=0) tint=0 spotlight=0 (over 100 flips ending at flip 1000)
[08:46:04] [info] phase timing block 0: drawcalls=1418 dc_total_ms=658 flip_inner_total_ms=692 inter_flip_total_ms=4891 (per-flip avg x10: dc_ms=65 fi_ms=69 if_ms=489 derived audio+engine_ms=355; per-drawcall avg us_x10=4645) [direct-vesa: presents=100 total_ms=577 avg_ms_x10=57 failed=0] [ablation: NO_DC_TIMING=0 CACHE_WINSURF=0 DIRECT_VESA=1]
[08:46:04] [info] kbd/audio block 0: kbd_irq=0 kbd_drain=0 ring_chunks=16 pump_pass=2693 pic1_mask=0xb8 first_irq_ticks=0 install_ticks=0 vector_at_install=0x0084e408 pic1_mask_live=0xb8 kbd_8042_stat=0x34 bios_kbd_head=0x003c bios_kbd_tail=0x003c bios_kbd_buf0=0x3920
[08:46:04] [info] dirty-rect block @flip=1000: total_calls=0 dirty_rects_avg=1 dirty_pct_x10=1000 forced_full=0 first_n_force=0 threshold_exceeded=0 dirty_path_taken=0 full_flush_taken=0
[08:46:04] [info] prev-frame-diff block @flip=1000: diff_calls=0 diff_rects_avg=0 diff_dirty_pct_x10=0 bbox_pct_x10=0 bbox_thresh_exceeded=0
[08:46:05] [info] flip-probe: flip #1010 ok=true present=-1ms inter_flip_ms=112 drawcalls-since-flip=318 drawcalls-total=72407 fail-total=0 null-skips-total=0
[08:46:05] [info]  >> Entering stage 11: 'Mimiga Village'.
[08:46:05] [info] [skip-sheet-flush] cave=7
[08:46:05] [info] [load-stage] preloading entry music song=9 (cave=7)
[08:46:06] [info] gameloop: entered (curmap=11, running=1)
[08:46:06] [info] gameloop: iter 1 ticks=81342 mapno=-1
[08:46:06] [info] mds-clear-lut: rebuilt N=240 entries (k_skip=0% k_keep=100%; curmap=11 map_size=60x60; rebuild #5 since boot)
[08:46:06] [info] gameloop: iter 2 ticks=81453 mapno=-1
[08:46:06] [info] gameloop: iter 3 ticks=81568 mapno=-1
[08:46:06] [info] flip-probe: flip #1020 ok=true present=8ms inter_flip_ms=47 drawcalls-since-flip=47 drawcalls-total=74589 fail-total=0 null-skips-total=0
[08:46:07] [info] flip-probe: flip #1030 ok=true present=0ms inter_flip_ms=55 drawcalls-since-flip=42 drawcalls-total=75009 fail-total=0 null-skips-total=0
[08:46:07] [info] flip-probe: flip #1040 ok=true present=-1ms inter_flip_ms=57 drawcalls-since-flip=42 drawcalls-total=75429 fail-total=0 null-skips-total=0
[08:46:08] [info] backdrop cache: thrashing-detect engaged (streak=4, route=direct)
[08:46:08] [info] flip-probe: flip #1050 ok=true present=-1ms inter_flip_ms=53 drawcalls-since-flip=49 drawcalls-total=75951 fail-total=0 null-skips-total=0
[08:46:09] [info] flip-probe: flip #1060 ok=true present=-1ms inter_flip_ms=63 drawcalls-since-flip=43 drawcalls-total=76411 fail-total=0 null-skips-total=0
[08:46:09] [info] flip-probe: flip #1070 ok=true present=0ms inter_flip_ms=57 drawcalls-since-flip=44 drawcalls-total=76853 fail-total=0 null-skips-total=0
[08:46:10] [info] flip-probe: flip #1080 ok=true present=0ms inter_flip_ms=52 drawcalls-since-flip=43 drawcalls-total=77285 fail-total=0 null-skips-total=0
[08:46:10] [info] flip-probe: flip #1090 ok=true present=0ms inter_flip_ms=53 drawcalls-since-flip=44 drawcalls-total=77731 fail-total=0 null-skips-total=0
[08:46:11] [info] run_tick_fixed #3000: heartbeat (loop alive)
[08:46:11] [info] flip-probe: flip #1100 ok=true present=-1ms inter_flip_ms=56 drawcalls-since-flip=44 drawcalls-total=78171 fail-total=0 null-skips-total=0
[08:46:11] [info] alpha audit block 0: 6365 total drawcalls, 0 with alpha<255 (block pct_x10=0; global 0/69672 pct_x10=0); alpha-mod skipped: block=0 global=0
[08:46:11] [info] fastpath audit block 0: taken=6365 (idx8=6365) skipped=0 pct_x10=1000; global taken=69672 (idx8=69672) skipped=0 pct_x10=1000
[08:46:11] [info] primitive tally block 0: clear=201(hr=201) fill=0(hr=0) rect=0(hr=0) line=0(hr=0) tint=0 spotlight=0 (over 100 flips ending at flip 1100)
[08:46:11] [info] color/alpha audit block 0: cmod_white=1144 cmod_black=1144 (idx=1144) cmod_general=0 (idx=0) cmod_fb=0; alpha_taken=0 alpha_skipped=0 (global cmod=8410/6904/693/0 idx=6904/693 alpha=0/0)
[08:46:11] [info] phase timing block 0: drawcalls=8890 dc_total_ms=2036 flip_inner_total_ms=161 inter_flip_total_ms=7253 (per-flip avg x10: dc_ms=203 fi_ms=16 if_ms=725 derived audio+engine_ms=506; per-drawcall avg us_x10=2290) [direct-vesa: presents=100 total_ms=12 avg_ms_x10=1 failed=0] [ablation: NO_DC_TIMING=0 CACHE_WINSURF=0 DIRECT_VESA=1]
[08:46:11] [info] kbd/audio block 0: kbd_irq=0 kbd_drain=0 ring_chunks=16 pump_pass=3008 pic1_mask=0xb8 first_irq_ticks=0 install_ticks=0 vector_at_install=0x0084e408 pic1_mask_live=0xb8 kbd_8042_stat=0x34 bios_kbd_head=0x003c bios_kbd_tail=0x003c bios_kbd_buf0=0x3920
[08:46:11] [info] dirty-rect block @flip=1100: total_calls=0 dirty_rects_avg=1 dirty_pct_x10=1000 forced_full=0 first_n_force=0 threshold_exceeded=0 dirty_path_taken=0 full_flush_taken=0
[08:46:11] [info] prev-frame-diff block @flip=1100: diff_calls=0 diff_rects_avg=0 diff_dirty_pct_x10=0 bbox_pct_x10=0 bbox_thresh_exceeded=0
[08:46:12] [info] backdrop cache: thrashing-detect engaged (streak=64, route=direct)
[08:46:12] [info] flip-probe: flip #1110 ok=true present=-1ms inter_flip_ms=56 drawcalls-since-flip=44 drawcalls-total=78611 fail-total=0 null-skips-total=0
[08:46:12] [info] flip-probe: flip #1120 ok=true present=0ms inter_flip_ms=51 drawcalls-since-flip=43 drawcalls-total=79047 fail-total=0 null-skips-total=0
[08:46:13] [info] flip-probe: flip #1130 ok=true present=0ms inter_flip_ms=53 drawcalls-since-flip=43 drawcalls-total=79477 fail-total=0 null-skips-total=0
[08:46:13] [info] flip-probe: flip #1140 ok=true present=-1ms inter_flip_ms=56 drawcalls-since-flip=16 drawcalls-total=79690 fail-total=0 null-skips-total=0
[08:46:14] [info] flip-probe: flip #1150 ok=true present=-1ms inter_flip_ms=56 drawcalls-since-flip=17 drawcalls-total=79857 fail-total=0 null-skips-total=0
[08:46:14] [info] flip-probe: flip #1160 ok=true present=-1ms inter_flip_ms=55 drawcalls-since-flip=18 drawcalls-total=80037 fail-total=0 null-skips-total=0
[08:46:15] [info] backdrop cache: thrashing-detect engaged (streak=124, route=direct)
[08:46:15] [info] flip-probe: flip #1170 ok=true present=-1ms inter_flip_ms=57 drawcalls-since-flip=18 drawcalls-total=80217 fail-total=0 null-skips-total=0
[08:46:16] [info] flip-probe: flip #1180 ok=true present=55ms inter_flip_ms=4 drawcalls-since-flip=16 drawcalls-total=80385 fail-total=0 null-skips-total=0
[08:46:16] [info] flip-probe: flip #1190 ok=true present=-1ms inter_flip_ms=56 drawcalls-since-flip=17 drawcalls-total=80550 fail-total=0 null-skips-total=0
[08:46:17] [info] flip-probe: flip #1200 ok=true present=0ms inter_flip_ms=54 drawcalls-since-flip=18 drawcalls-total=80723 fail-total=0 null-skips-total=0
[08:46:17] [info] alpha audit block 0: 2036 total drawcalls, 0 with alpha<255 (block pct_x10=0; global 0/71708 pct_x10=0); alpha-mod skipped: block=0 global=0
[08:46:17] [info] fastpath audit block 0: taken=2036 (idx8=2036) skipped=0 pct_x10=1000; global taken=71708 (idx8=71708) skipped=0 pct_x10=1000
[08:46:17] [info] primitive tally block 0: clear=200(hr=200) fill=0(hr=0) rect=0(hr=0) line=0(hr=0) tint=0 spotlight=0 (over 100 flips ending at flip 1200)
[08:46:17] [info] color/alpha audit block 0: cmod_white=416 cmod_black=416 (idx=416) cmod_general=0 (idx=0) cmod_fb=0; alpha_taken=0 alpha_skipped=0 (global cmod=8826/7320/693/0 idx=7320/693 alpha=0/0)
[08:46:17] [info] phase timing block 0: drawcalls=3068 dc_total_ms=1097 flip_inner_total_ms=167 inter_flip_total_ms=5489 (per-flip avg x10: dc_ms=109 fi_ms=16 if_ms=548 derived audio+engine_ms=423; per-drawcall avg us_x10=3576) [direct-vesa: presents=100 total_ms=60 avg_ms_x10=6 failed=0] [ablation: NO_DC_TIMING=0 CACHE_WINSURF=0 DIRECT_VESA=1]
[08:46:17] [info] kbd/audio block 0: kbd_irq=0 kbd_drain=0 ring_chunks=16 pump_pass=3283 pic1_mask=0xb8 first_irq_ticks=0 install_ticks=0 vector_at_install=0x0084e408 pic1_mask_live=0xb8 kbd_8042_stat=0x34 bios_kbd_head=0x003c bios_kbd_tail=0x003c bios_kbd_buf0=0x3920
[08:46:17] [info] dirty-rect block @flip=1200: total_calls=0 dirty_rects_avg=1 dirty_pct_x10=1000 forced_full=0 first_n_force=0 threshold_exceeded=0 dirty_path_taken=0 full_flush_taken=0
[08:46:17] [info] prev-frame-diff block @flip=1200: diff_calls=0 diff_rects_avg=0 diff_dirty_pct_x10=0 bbox_pct_x10=0 bbox_thresh_exceeded=0
[08:46:17] [info] flip-probe: flip #1210 ok=true present=0ms inter_flip_ms=54 drawcalls-since-flip=18 drawcalls-total=80903 fail-total=0 null-skips-total=0
[08:46:18] [info] flip-probe: flip #1220 ok=true present=-1ms inter_flip_ms=63 drawcalls-since-flip=19 drawcalls-total=81086 fail-total=0 null-skips-total=0
[08:46:18] [info] backdrop cache: thrashing-detect engaged (streak=184, route=direct)
[08:46:18] [info] flip-probe: flip #1230 ok=true present=-1ms inter_flip_ms=55 drawcalls-since-flip=20 drawcalls-total=81285 fail-total=0 null-skips-total=0
[08:46:19] [info] flip-probe: flip #1240 ok=true present=0ms inter_flip_ms=51 drawcalls-since-flip=20 drawcalls-total=81485 fail-total=0 null-skips-total=0
[08:46:19] [info] flip-probe: flip #1250 ok=true present=-1ms inter_flip_ms=53 drawcalls-since-flip=16 drawcalls-total=81650 fail-total=0 null-skips-total=0
[08:46:20] [info] flip-probe: flip #1260 ok=true present=0ms inter_flip_ms=54 drawcalls-since-flip=16 drawcalls-total=81810 fail-total=0 null-skips-total=0
[08:46:20] [info] flip-probe: flip #1270 ok=true present=0ms inter_flip_ms=62 drawcalls-since-flip=17 drawcalls-total=81981 fail-total=0 null-skips-total=0
[08:46:21] [info] flip-probe: flip #1280 ok=true present=0ms inter_flip_ms=53 drawcalls-since-flip=16 drawcalls-total=82144 fail-total=0 null-skips-total=0
[08:46:21] [info] backdrop cache: thrashing-detect engaged (streak=244, route=direct)
[08:46:21] [info] flip-probe: flip #1290 ok=true present=0ms inter_flip_ms=52 drawcalls-since-flip=16 drawcalls-total=82297 fail-total=0 null-skips-total=0
[08:46:22] [info] flip-probe: flip #1300 ok=true present=0ms inter_flip_ms=57 drawcalls-since-flip=19 drawcalls-total=82472 fail-total=0 null-skips-total=0
[08:46:22] [info] alpha audit block 0: 1649 total drawcalls, 0 with alpha<255 (block pct_x10=0; global 0/73357 pct_x10=0); alpha-mod skipped: block=0 global=0
[08:46:22] [info] fastpath audit block 0: taken=1649 (idx8=1649) skipped=0 pct_x10=1000; global taken=73357 (idx8=73357) skipped=0 pct_x10=1000
[08:46:22] [info] primitive tally block 0: clear=200(hr=200) fill=0(hr=0) rect=0(hr=0) line=0(hr=0) tint=0 spotlight=0 (over 100 flips ending at flip 1300)
[08:46:22] [info] phase timing block 0: drawcalls=1849 dc_total_ms=736 flip_inner_total_ms=330 inter_flip_total_ms=5440 (per-flip avg x10: dc_ms=73 fi_ms=33 if_ms=544 derived audio+engine_ms=438; per-drawcall avg us_x10=3981) [direct-vesa: presents=100 total_ms=313 avg_ms_x10=31 failed=0] [ablation: NO_DC_TIMING=0 CACHE_WINSURF=0 DIRECT_VESA=1]
[08:46:22] [info] kbd/audio block 0: kbd_irq=0 kbd_drain=0 ring_chunks=16 pump_pass=3555 pic1_mask=0xb8 first_irq_ticks=0 install_ticks=0 vector_at_install=0x0084e408 pic1_mask_live=0xb8 kbd_8042_stat=0x34 bios_kbd_head=0x003c bios_kbd_tail=0x003c bios_kbd_buf0=0x3920
[08:46:22] [info] dirty-rect block @flip=1300: total_calls=0 dirty_rects_avg=1 dirty_pct_x10=1000 forced_full=0 first_n_force=0 threshold_exceeded=0 dirty_path_taken=0 full_flush_taken=0
[08:46:22] [info] prev-frame-diff block @flip=1300: diff_calls=0 diff_rects_avg=0 diff_dirty_pct_x10=0 bbox_pct_x10=0 bbox_thresh_exceeded=0
[08:46:23] [info] flip-probe: flip #1310 ok=true present=55ms inter_flip_ms=3 drawcalls-since-flip=17 drawcalls-total=82658 fail-total=0 null-skips-total=0
[08:46:23] [info] flip-probe: flip #1320 ok=true present=0ms inter_flip_ms=106 drawcalls-since-flip=359 drawcalls-total=84253 fail-total=0 null-skips-total=0
[08:46:24] [info]  >> Entering stage 19: 'Assembly Hall'.
[08:46:24] [info] [skip-sheet-flush] cave=8
[08:46:24] [info] [load-stage] preloading entry music song=9 (cave=8)
[08:46:25] [info] gameloop: entered (curmap=19, running=1)
[08:46:25] [info] gameloop: iter 1 ticks=100241 mapno=-1
[08:46:25] [info] mds-clear-lut: rebuilt N=240 entries (k_skip=100% k_keep=0%; curmap=19 map_size=21x16; rebuild #6 since boot)
[08:46:25] [info] gameloop: iter 2 ticks=100350 mapno=-1
[08:46:25] [info] gameloop: iter 3 ticks=100457 mapno=-1
[08:46:25] [info] flip-probe: flip #1330 ok=true present=-1ms inter_flip_ms=60 drawcalls-since-flip=151 drawcalls-total=87319 fail-total=0 null-skips-total=0
[08:46:26] [info] flip-probe: flip #1340 ok=true present=-1ms inter_flip_ms=108 drawcalls-since-flip=121 drawcalls-total=88513 fail-total=0 null-skips-total=0
[08:46:26] [info] flip-probe: flip #1350 ok=true present=8ms inter_flip_ms=53 drawcalls-since-flip=121 drawcalls-total=89723 fail-total=0 null-skips-total=0
[08:46:27] [info] flip-probe: flip #1360 ok=true present=0ms inter_flip_ms=58 drawcalls-since-flip=122 drawcalls-total=90953 fail-total=0 null-skips-total=0
[08:46:27] [info] flip-probe: flip #1370 ok=true present=-1ms inter_flip_ms=54 drawcalls-since-flip=123 drawcalls-total=92173 fail-total=0 null-skips-total=0
[08:46:28] [info] flip-probe: flip #1380 ok=true present=-1ms inter_flip_ms=57 drawcalls-since-flip=121 drawcalls-total=93386 fail-total=0 null-skips-total=0
[08:46:28] [info] flip-probe: flip #1390 ok=true present=0ms inter_flip_ms=58 drawcalls-since-flip=121 drawcalls-total=94596 fail-total=0 null-skips-total=0
[08:46:29] [info] flip-probe: flip #1400 ok=true present=0ms inter_flip_ms=60 drawcalls-since-flip=121 drawcalls-total=95806 fail-total=0 null-skips-total=0
[08:46:29] [info] alpha audit block 0: 12310 total drawcalls, 0 with alpha<255 (block pct_x10=0; global 0/85667 pct_x10=0); alpha-mod skipped: block=0 global=0
[08:46:29] [info] fastpath audit block 0: taken=12310 (idx8=12310) skipped=0 pct_x10=1000; global taken=85667 (idx8=85667) skipped=0 pct_x10=1000
[08:46:29] [info] primitive tally block 0: clear=202(hr=202) fill=0(hr=0) rect=0(hr=0) line=0(hr=0) tint=0 spotlight=0 (over 100 flips ending at flip 1400)
[08:46:29] [info] color/alpha audit block 0: cmod_white=924 cmod_black=924 (idx=924) cmod_general=0 (idx=0) cmod_fb=0; alpha_taken=0 alpha_skipped=0 (global cmod=9750/8244/693/0 idx=8244/693 alpha=0/0)
[08:46:29] [info] phase timing block 0: drawcalls=14437 dc_total_ms=1865 flip_inner_total_ms=699 inter_flip_total_ms=6924 (per-flip avg x10: dc_ms=186 fi_ms=69 if_ms=692 derived audio+engine_ms=437; per-drawcall avg us_x10=1292) [direct-vesa: presents=100 total_ms=352 avg_ms_x10=35 failed=0] [ablation: NO_DC_TIMING=0 CACHE_WINSURF=0 DIRECT_VESA=1]
[08:46:29] [info] kbd/audio block 0: kbd_irq=0 kbd_drain=0 ring_chunks=16 pump_pass=3849 pic1_mask=0xb8 first_irq_ticks=0 install_ticks=0 vector_at_install=0x0084e408 pic1_mask_live=0xb8 kbd_8042_stat=0x34 bios_kbd_head=0x003c bios_kbd_tail=0x003c bios_kbd_buf0=0x3920
[08:46:29] [info] dirty-rect block @flip=1400: total_calls=0 dirty_rects_avg=1 dirty_pct_x10=1000 forced_full=0 first_n_force=0 threshold_exceeded=0 dirty_path_taken=0 full_flush_taken=0
[08:46:29] [info] prev-frame-diff block @flip=1400: diff_calls=0 diff_rects_avg=0 diff_dirty_pct_x10=0 bbox_pct_x10=0 bbox_thresh_exceeded=0
[08:46:29] [info] tas: stall frame 333 ms -> contributing 1 tick (patch 0286)
[08:46:30] [info] flip-probe: flip #1410 ok=true present=0ms inter_flip_ms=104 drawcalls-since-flip=462 drawcalls-total=98362 fail-total=0 null-skips-total=0
[08:46:30] [info]  >> Entering stage 11: 'Mimiga Village'.
[08:46:30] [info] [skip-sheet-flush] cave=9
[08:46:31] [info] [load-stage] preloading entry music song=9 (cave=9)
[08:46:31] [info] gameloop: entered (curmap=11, running=1)
[08:46:31] [info] gameloop: iter 1 ticks=106832 mapno=-1
[08:46:31] [info] mds-clear-lut: rebuilt N=240 entries (k_skip=0% k_keep=100%; curmap=11 map_size=60x60; rebuild #7 since boot)
[08:46:31] [info] gameloop: iter 2 ticks=106944 mapno=-1
[08:46:31] [info] gameloop: iter 3 ticks=107046 mapno=-1
[08:46:31] [info] tas: stall frame 171 ms -> contributing 1 tick (patch 0286)
[08:46:32] [info] flip-probe: flip #1420 ok=true present=-1ms inter_flip_ms=112 drawcalls-since-flip=176 drawcalls-total=101464 fail-total=0 null-skips-total=0
[08:46:32] [info] backdrop cache: thrashing-detect engaged (streak=4, route=direct)
[08:46:32] [info] flip-probe: flip #1430 ok=true present=-1ms inter_flip_ms=59 drawcalls-since-flip=45 drawcalls-total=101903 fail-total=0 null-skips-total=0
[08:46:33] [info] flip-probe: flip #1440 ok=true present=-1ms inter_flip_ms=63 drawcalls-since-flip=41 drawcalls-total=102333 fail-total=0 null-skips-total=0
[08:46:34] [info] flip-probe: flip #1450 ok=true present=-1ms inter_flip_ms=107 drawcalls-since-flip=43 drawcalls-total=102754 fail-total=0 null-skips-total=0
[08:46:34] [info] flip-probe: flip #1460 ok=true present=-1ms inter_flip_ms=57 drawcalls-since-flip=42 drawcalls-total=103185 fail-total=0 null-skips-total=0
[08:46:35] [info] flip-probe: flip #1470 ok=true present=0ms inter_flip_ms=61 drawcalls-since-flip=45 drawcalls-total=103614 fail-total=0 null-skips-total=0
[08:46:35] [info] flip-probe: flip #1480 ok=true present=0ms inter_flip_ms=54 drawcalls-since-flip=44 drawcalls-total=104054 fail-total=0 null-skips-total=0
[08:46:35] [info] backdrop cache: thrashing-detect engaged (streak=64, route=direct)
[08:46:36] [info] flip-probe: flip #1490 ok=true present=-1ms inter_flip_ms=56 drawcalls-since-flip=43 drawcalls-total=104485 fail-total=0 null-skips-total=0
[08:46:36] [info] flip-probe: flip #1500 ok=true present=-1ms inter_flip_ms=60 drawcalls-since-flip=42 drawcalls-total=104910 fail-total=0 null-skips-total=0
[08:46:36] [info] alpha audit block 0: 7717 total drawcalls, 0 with alpha<255 (block pct_x10=0; global 0/93384 pct_x10=0); alpha-mod skipped: block=0 global=0
[08:46:36] [info] fastpath audit block 0: taken=7717 (idx8=7717) skipped=0 pct_x10=1000; global taken=93384 (idx8=93384) skipped=0 pct_x10=1000
[08:46:36] [info] primitive tally block 0: clear=202(hr=202) fill=0(hr=0) rect=0(hr=0) line=0(hr=0) tint=0 spotlight=0 (over 100 flips ending at flip 1500)
[08:46:36] [info] color/alpha audit block 0: cmod_white=1287 cmod_black=1287 (idx=1287) cmod_general=0 (idx=0) cmod_fb=0; alpha_taken=0 alpha_skipped=0 (global cmod=11037/9531/693/0 idx=9531/693 alpha=0/0)
[08:46:37] [info] phase timing block 0: drawcalls=10513 dc_total_ms=1292 flip_inner_total_ms=266 inter_flip_total_ms=7578 (per-flip avg x10: dc_ms=129 fi_ms=26 if_ms=757 derived audio+engine_ms=602; per-drawcall avg us_x10=1229) [direct-vesa: presents=100 total_ms=97 avg_ms_x10=9 failed=0] [ablation: NO_DC_TIMING=0 CACHE_WINSURF=0 DIRECT_VESA=1]
[08:46:37] [info] kbd/audio block 0: kbd_irq=0 kbd_drain=0 ring_chunks=16 pump_pass=4152 pic1_mask=0xb8 first_irq_ticks=0 install_ticks=0 vector_at_install=0x0084e408 pic1_mask_live=0xb8 kbd_8042_stat=0x34 bios_kbd_head=0x003c bios_kbd_tail=0x003c bios_kbd_buf0=0x3920
[08:46:37] [info] dirty-rect block @flip=1500: total_calls=0 dirty_rects_avg=1 dirty_pct_x10=1000 forced_full=0 first_n_force=0 threshold_exceeded=0 dirty_path_taken=0 full_flush_taken=0
[08:46:37] [info] prev-frame-diff block @flip=1500: diff_calls=0 diff_rects_avg=0 diff_dirty_pct_x10=0 bbox_pct_x10=0 bbox_thresh_exceeded=0
[08:46:37] [info] flip-probe: flip #1510 ok=true present=-1ms inter_flip_ms=57 drawcalls-since-flip=42 drawcalls-total=105330 fail-total=0 null-skips-total=0
[08:46:38] [info] flip-probe: flip #1520 ok=true present=-1ms inter_flip_ms=56 drawcalls-since-flip=43 drawcalls-total=105759 fail-total=0 null-skips-total=0
[08:46:38] [info] flip-probe: flip #1530 ok=true present=-1ms inter_flip_ms=55 drawcalls-since-flip=44 drawcalls-total=106197 fail-total=0 null-skips-total=0
[08:46:39] [info] flip-probe: flip #1540 ok=true present=-1ms inter_flip_ms=62 drawcalls-since-flip=14 drawcalls-total=106434 fail-total=0 null-skips-total=0
[08:46:39] [info] backdrop cache: thrashing-detect engaged (streak=124, route=direct)
[08:46:39] [info] flip-probe: flip #1550 ok=true present=-1ms inter_flip_ms=56 drawcalls-since-flip=44 drawcalls-total=106604 fail-total=0 null-skips-total=0
[08:46:40] [info]  >> Entering stage 14: 'Shack'.
[08:46:40] [info] [skip-sheet-flush] cave=10
[08:46:41] [info] [load-stage] preloading entry music song=8 (cave=10)
[08:46:41] [info] [music-dispatch] tick=4329 song=8 (prev 9)
[08:46:41] [info] opl2 backend: on_song_stop
[08:46:41] [info] MidiScheduler::load: parsed 'data/orgmid2/vivi.mid' = 4558 events at 48 PPQ
[08:46:41] [info] opl2 backend: on_song_start
[08:46:41] [info] gameloop: entered (curmap=14, running=1)
[08:46:41] [info] gameloop: iter 1 ticks=116774 mapno=-1
[08:46:41] [info] gameloop: iter 2 ticks=116883 mapno=-1
[08:46:41] [info] flip-probe: flip #1560 ok=true present=-1ms inter_flip_ms=59 drawcalls-since-flip=365 drawcalls-total=109422 fail-total=0 null-skips-total=0
[08:46:41] [info] gameloop: iter 3 ticks=116989 mapno=-1
[08:46:42] [info] flip-probe: flip #1570 ok=true present=-1ms inter_flip_ms=60 drawcalls-since-flip=23 drawcalls-total=110784 fail-total=0 null-skips-total=0
[08:46:42] [info] flip-probe: flip #1580 ok=true present=55ms inter_flip_ms=0 drawcalls-since-flip=23 drawcalls-total=111014 fail-total=0 null-skips-total=0
[08:46:43] [info] flip-probe: flip #1590 ok=true present=-1ms inter_flip_ms=52 drawcalls-since-flip=23 drawcalls-total=111244 fail-total=0 null-skips-total=0
[08:46:43] [info] flip-probe: flip #1600 ok=true present=-1ms inter_flip_ms=60 drawcalls-since-flip=28 drawcalls-total=111500 fail-total=0 null-skips-total=0
[08:46:43] [info] alpha audit block 0: 5893 total drawcalls, 0 with alpha<255 (block pct_x10=0; global 0/99277 pct_x10=0); alpha-mod skipped: block=0 global=0
[08:46:43] [info] fastpath audit block 0: taken=5893 (idx8=5893) skipped=0 pct_x10=1000; global taken=99277 (idx8=99277) skipped=0 pct_x10=1000
[08:46:43] [info] primitive tally block 0: clear=201(hr=201) fill=0(hr=0) rect=0(hr=0) line=0(hr=0) tint=0 spotlight=0 (over 100 flips ending at flip 1600)
[08:46:43] [info] color/alpha audit block 0: cmod_white=639 cmod_black=639 (idx=639) cmod_general=0 (idx=0) cmod_fb=0; alpha_taken=0 alpha_skipped=0 (global cmod=11676/10170/693/0 idx=10170/693 alpha=0/0)
[08:46:43] [info] phase timing block 0: drawcalls=7372 dc_total_ms=1462 flip_inner_total_ms=421 inter_flip_total_ms=6592 (per-flip avg x10: dc_ms=146 fi_ms=42 if_ms=659 derived audio+engine_ms=471; per-drawcall avg us_x10=1983) [direct-vesa: presents=100 total_ms=374 avg_ms_x10=37 failed=0] [ablation: NO_DC_TIMING=0 CACHE_WINSURF=0 DIRECT_VESA=1]
[08:46:43] [info] kbd/audio block 0: kbd_irq=0 kbd_drain=0 ring_chunks=16 pump_pass=4430 pic1_mask=0xb8 first_irq_ticks=0 install_ticks=0 vector_at_install=0x0084e408 pic1_mask_live=0xb8 kbd_8042_stat=0x34 bios_kbd_head=0x003c bios_kbd_tail=0x003c bios_kbd_buf0=0x3920
[08:46:43] [info] dirty-rect block @flip=1600: total_calls=0 dirty_rects_avg=1 dirty_pct_x10=1000 forced_full=0 first_n_force=0 threshold_exceeded=0 dirty_path_taken=0 full_flush_taken=0
[08:46:43] [info] prev-frame-diff block @flip=1600: diff_calls=0 diff_rects_avg=0 diff_dirty_pct_x10=0 bbox_pct_x10=0 bbox_thresh_exceeded=0
[08:46:44] [info] flip-probe: flip #1610 ok=true present=-1ms inter_flip_ms=56 drawcalls-since-flip=23 drawcalls-total=111740 fail-total=0 null-skips-total=0
[08:46:44] [info] flip-probe: flip #1620 ok=true present=-1ms inter_flip_ms=51 drawcalls-since-flip=23 drawcalls-total=111970 fail-total=0 null-skips-total=0
[08:46:44] [info] flip-probe: flip #1630 ok=true present=0ms inter_flip_ms=0 drawcalls-since-flip=23 drawcalls-total=112200 fail-total=0 null-skips-total=0
[08:46:45] [info] flip-probe: flip #1640 ok=true present=0ms inter_flip_ms=56 drawcalls-since-flip=23 drawcalls-total=112430 fail-total=0 null-skips-total=0
[08:46:45] [info] flip-probe: flip #1650 ok=true present=0ms inter_flip_ms=-4 drawcalls-since-flip=23 drawcalls-total=112660 fail-total=0 null-skips-total=0
[08:46:46] [info] flip-probe: flip #1660 ok=true present=-1ms inter_flip_ms=56 drawcalls-since-flip=23 drawcalls-total=112890 fail-total=0 null-skips-total=0
[08:46:46] [info] flip-probe: flip #1670 ok=true present=0ms inter_flip_ms=-1 drawcalls-since-flip=73 drawcalls-total=113170 fail-total=0 null-skips-total=0
[08:46:47] [info]  >> Entering stage 11: 'Mimiga Village'.
[08:46:47] [info] [skip-sheet-flush] cave=11
[08:46:47] [info] [load-stage] preloading entry music song=9 (cave=11)
[08:46:47] [info] [music-dispatch] tick=4611 song=9 (prev 8)
[08:46:47] [info] opl2 backend: on_song_stop
[08:46:47] [info] MidiScheduler::load: parsed 'data/orgmid2/mura.mid' = 2863 events at 48 PPQ
[08:46:47] [info] opl2 backend: on_song_start
[08:46:48] [info] gameloop: entered (curmap=11, running=1)
[08:46:48] [info] gameloop: iter 1 ticks=123255 mapno=-1
[08:46:48] [info] tas: stall frame 221 ms -> contributing 1 tick (patch 0286)
[08:46:48] [info] flip-probe: flip #1680 ok=true present=0ms inter_flip_ms=1150 drawcalls-since-flip=382 drawcalls-total=115955 fail-total=0 null-skips-total=0
[08:46:48] [info] gameloop: iter 2 ticks=123639 mapno=-1
[08:46:48] [info] tas: stall frame 168 ms -> contributing 1 tick (patch 0286)
[08:46:48] [info] gameloop: iter 3 ticks=123748 mapno=-1
[08:46:48] [info] backdrop cache: thrashing-detect engaged (streak=4, route=direct)
[08:46:49] [info] flip-probe: flip #1690 ok=true present=-1ms inter_flip_ms=59 drawcalls-since-flip=40 drawcalls-total=117955 fail-total=0 null-skips-total=0
[08:46:49] [info] flip-probe: flip #1700 ok=true present=-1ms inter_flip_ms=52 drawcalls-since-flip=42 drawcalls-total=118365 fail-total=0 null-skips-total=0
[08:46:49] [info] alpha audit block 0: 6181 total drawcalls, 0 with alpha<255 (block pct_x10=0; global 0/105458 pct_x10=0); alpha-mod skipped: block=0 global=0
[08:46:49] [info] fastpath audit block 0: taken=6181 (idx8=6181) skipped=0 pct_x10=1000; global taken=105458 (idx8=105458) skipped=0 pct_x10=1000
[08:46:49] [info] primitive tally block 0: clear=201(hr=201) fill=0(hr=0) rect=0(hr=0) line=0(hr=0) tint=0 spotlight=0 (over 100 flips ending at flip 1700)
[08:46:49] [info] color/alpha audit block 0: cmod_white=663 cmod_black=663 (idx=663) cmod_general=0 (idx=0) cmod_fb=0; alpha_taken=0 alpha_skipped=0 (global cmod=12339/10833/693/0 idx=10833/693 alpha=0/0)
[08:46:49] [info] phase timing block 0: drawcalls=7714 dc_total_ms=1271 flip_inner_total_ms=772 inter_flip_total_ms=6204 (per-flip avg x10: dc_ms=127 fi_ms=77 if_ms=620 derived audio+engine_ms=416; per-drawcall avg us_x10=1648) [direct-vesa: presents=100 total_ms=581 avg_ms_x10=58 failed=0] [ablation: NO_DC_TIMING=0 CACHE_WINSURF=0 DIRECT_VESA=1]
[08:46:49] [info] kbd/audio block 0: kbd_irq=0 kbd_drain=0 ring_chunks=16 pump_pass=4680 pic1_mask=0xb8 first_irq_ticks=0 install_ticks=0 vector_at_install=0x0084e408 pic1_mask_live=0xb8 kbd_8042_stat=0x34 bios_kbd_head=0x003c bios_kbd_tail=0x003c bios_kbd_buf0=0x3920
[08:46:49] [info] dirty-rect block @flip=1700: total_calls=0 dirty_rects_avg=1 dirty_pct_x10=1000 forced_full=0 first_n_force=0 threshold_exceeded=0 dirty_path_taken=0 full_flush_taken=0
[08:46:49] [info] prev-frame-diff block @flip=1700: diff_calls=0 diff_rects_avg=0 diff_dirty_pct_x10=0 bbox_pct_x10=0 bbox_thresh_exceeded=0
[08:46:50] [info] flip-probe: flip #1710 ok=true present=-1ms inter_flip_ms=58 drawcalls-since-flip=45 drawcalls-total=118801 fail-total=0 null-skips-total=0
[08:46:51] [info] flip-probe: flip #1720 ok=true present=55ms inter_flip_ms=52 drawcalls-since-flip=43 drawcalls-total=119257 fail-total=0 null-skips-total=0
[08:46:51] [info] flip-probe: flip #1730 ok=true present=0ms inter_flip_ms=53 drawcalls-since-flip=42 drawcalls-total=119677 fail-total=0 null-skips-total=0
[08:46:52] [info] flip-probe: flip #1740 ok=true present=-1ms inter_flip_ms=61 drawcalls-since-flip=45 drawcalls-total=120117 fail-total=0 null-skips-total=0
[08:46:52] [info] backdrop cache: thrashing-detect engaged (streak=64, route=direct)
[08:46:52] [info] flip-probe: flip #1750 ok=true present=-1ms inter_flip_ms=53 drawcalls-since-flip=44 drawcalls-total=120557 fail-total=0 null-skips-total=0
[08:46:53] [info] flip-probe: flip #1760 ok=true present=-1ms inter_flip_ms=54 drawcalls-since-flip=45 drawcalls-total=120999 fail-total=0 null-skips-total=0
[08:46:53] [info] flip-probe: flip #1770 ok=true present=0ms inter_flip_ms=51 drawcalls-since-flip=45 drawcalls-total=121453 fail-total=0 null-skips-total=0
[08:46:54] [info] backdrop cache: thrashing-detect engaged (streak=4, route=direct)
[08:46:54] [info] flip-probe: flip #1780 ok=true present=0ms inter_flip_ms=52 drawcalls-since-flip=43 drawcalls-total=121887 fail-total=0 null-skips-total=0
[08:46:55] [info] backdrop cache: thrashing-detect engaged (streak=4, route=direct)
[08:46:55] [info] flip-probe: flip #1790 ok=true present=0ms inter_flip_ms=59 drawcalls-since-flip=44 drawcalls-total=122324 fail-total=0 null-skips-total=0
[08:46:55] [info] flip-probe: flip #1800 ok=true present=-1ms inter_flip_ms=54 drawcalls-since-flip=20 drawcalls-total=122753 fail-total=0 null-skips-total=0
[08:46:55] [info] alpha audit block 0: 3001 total drawcalls, 0 with alpha<255 (block pct_x10=0; global 0/108459 pct_x10=0); alpha-mod skipped: block=0 global=0
[08:46:55] [info] fastpath audit block 0: taken=3001 (idx8=3001) skipped=0 pct_x10=1000; global taken=108459 (idx8=108459) skipped=0 pct_x10=1000
[08:46:55] [info] primitive tally block 0: clear=200(hr=200) fill=0(hr=0) rect=0(hr=0) line=0(hr=0) tint=0 spotlight=0 (over 100 flips ending at flip 1800)
[08:46:55] [info] color/alpha audit block 0: cmod_white=1287 cmod_black=1287 (idx=1287) cmod_general=0 (idx=0) cmod_fb=0; alpha_taken=0 alpha_skipped=0 (global cmod=13626/12120/693/0 idx=12120/693 alpha=0/0)
[08:46:55] [info] phase timing block 0: drawcalls=5785 dc_total_ms=880 flip_inner_total_ms=393 inter_flip_total_ms=5879 (per-flip avg x10: dc_ms=88 fi_ms=39 if_ms=587 derived audio+engine_ms=460; per-drawcall avg us_x10=1521) [direct-vesa: presents=100 total_ms=207 avg_ms_x10=20 failed=0] [ablation: NO_DC_TIMING=0 CACHE_WINSURF=0 DIRECT_VESA=1]
[08:46:55] [info] kbd/audio block 0: kbd_irq=0 kbd_drain=0 ring_chunks=16 pump_pass=4974 pic1_mask=0xb8 first_irq_ticks=0 install_ticks=0 vector_at_install=0x0084e408 pic1_mask_live=0xb8 kbd_8042_stat=0x34 bios_kbd_head=0x003c bios_kbd_tail=0x003c bios_kbd_buf0=0x3920
[08:46:55] [info] dirty-rect block @flip=1800: total_calls=0 dirty_rects_avg=1 dirty_pct_x10=1000 forced_full=0 first_n_force=0 threshold_exceeded=0 dirty_path_taken=0 full_flush_taken=0
[08:46:55] [info] prev-frame-diff block @flip=1800: diff_calls=0 diff_rects_avg=0 diff_dirty_pct_x10=0 bbox_pct_x10=0 bbox_thresh_exceeded=0
[08:46:56] [info] flip-probe: flip #1810 ok=true present=-1ms inter_flip_ms=61 drawcalls-since-flip=18 drawcalls-total=122939 fail-total=0 null-skips-total=0
[08:46:56] [info] flip-probe: flip #1820 ok=true present=-1ms inter_flip_ms=0 drawcalls-since-flip=18 drawcalls-total=123119 fail-total=0 null-skips-total=0
[08:46:57] [info] flip-probe: flip #1830 ok=true present=-1ms inter_flip_ms=53 drawcalls-since-flip=18 drawcalls-total=123299 fail-total=0 null-skips-total=0
[08:46:57] [info] flip-probe: flip #1840 ok=true present=-1ms inter_flip_ms=56 drawcalls-since-flip=18 drawcalls-total=123479 fail-total=0 null-skips-total=0
[08:46:58] [info] run_tick_fixed #5100: heartbeat (loop alive)
[08:46:58] [info] backdrop cache: thrashing-detect engaged (streak=64, route=direct)
[08:46:58] [info] flip-probe: flip #1850 ok=true present=-1ms inter_flip_ms=52 drawcalls-since-flip=59 drawcalls-total=123741 fail-total=0 null-skips-total=0
[08:46:58] [info] flip-probe: flip #1860 ok=true present=54ms inter_flip_ms=5 drawcalls-since-flip=59 drawcalls-total=124331 fail-total=0 null-skips-total=0
[08:46:59] [info] flip-probe: flip #1870 ok=true present=-1ms inter_flip_ms=52 drawcalls-since-flip=59 drawcalls-total=124921 fail-total=0 null-skips-total=0
[08:47:00] [info] flip-probe: flip #1880 ok=true present=0ms inter_flip_ms=59 drawcalls-since-flip=59 drawcalls-total=125511 fail-total=0 null-skips-total=0
[08:47:00] [info] tas: end-of-replay auto-exit at tick 5140 (recording exhausted; set DOSKUTSU_TAS_REPLAY_HOLD=1 to disable + observe steady-state past recording end)
[08:47:00] [info] Script engine shutdown.
[08:47:00] [info] opl2 backend: on_song_stop
[08:47:00] [info] opl2 backend shutdown (all 9 voices KEY-OFF; 0xBD cleared; chip state safe for next process)
[08:47:00] [info] Organya init...
[08:47:01] [info] Organya init done
[08:47:02] [info] Sound system shutdown
[08:47:02] [info] Renderer::Close()
[08:47:02] [info] tas: replay file closed
[08:47:02] [info] [fps-true] flips=1882 render_s=132 fps_mean=14.2 (clock-independent: flips / seconds since the FIRST flip; use THIS for the fps matrix, not inter_flip medians, which are invalid in any cell running the PIT/IRQ-0 music pump)
[RUNMANIFEST-BEGIN]
schema_version=2
environment=realhw
binary_sha12=UNKNOWN
binary_sha12_src=unknown
build_sha12=1f79ce20e4ee
organya_cache_key=1f79ce20e4ee
wave_tag=5P5K
scene=
env_block_sha=ab728ba1635a
started_rtc_local=2026-11-21T20:14:33
duration_s=149
exit_code=0
fps_true_flips=1882
fps_true_render_s=132
reel_ticks=5140
reel_game_seconds=102.8
per_loop_fps=18.3
overhead_s=30
music_pump_active=1
cpu_vendor=GenuineIntel
cpu_have_cpuid=1
cpu_family=4
cpu_model=3
cpu_stepping=5
cpu_mhz_est=49
cpu_has_fpu=1
cpu_class=486_slow
audio_backend=adlib
video_logical_wxh=320x240
video_logical_bpp=8
video_vram_kb=4096
video_lfb_or_banked=lfb
audio_is_sb16=0
audio_dsp_ver=NA
audio_dma_path=8bit-low
audio_force_8bit=0
audio_dma_channel=-1
fps_p50=INVALID_PUMP
fps_p95=INVALID_PUMP
fps_sample_n=182
fps_sample_interval=10
pump_clock_state=pump-uncorrected
audio_vital_status=NA
regime=NA
banner_required_hit=0
banner_required_total=0
banner_forbidden_hit=0
banner_optional_hit=0
critical_count=0
warn_count=0
perstage_count=12
perstage_00=stage:72 ticks:95 flips:95 fps:50.0
perstage_01=stage:1005 ticks:80 flips:80 fps:50.0
perstage_02=stage:20 ticks:123 flips:54 fps:21.9
perstage_03=stage:11 ticks:453 flips:154 fps:16.9
perstage_04=stage:17 ticks:773 flips:187 fps:12.0
perstage_05=stage:11 ticks:549 flips:186 fps:16.9
perstage_06=stage:15 ticks:665 flips:255 fps:19.1
perstage_07=stage:11 ticks:894 flips:311 fps:17.3
perstage_08=stage:19 ticks:261 flips:90 fps:17.2
perstage_09=stage:11 ticks:436 flips:145 fps:16.6
perstage_10=stage:14 ticks:282 flips:121 fps:21.4
perstage_11=stage:11 ticks:529 flips:203 fps:19.1
[RUNMANIFEST-END]
[08:47:02] [info] [runmanifest-emit] schema=v2 env=realhw binary_sha12=UNKNOWN(unknown) build_sha12=1f79ce20e4ee per_loop_fps=18.3 overhead_s=30 pump=1 dur=149s tag='5P5K' scene='' (signals=0x4)
