Logger::init: wave-53 log level=INFO path='LOGS/5R4.LOG'
[07:57:58] [info] config: loaded DOSKUTSU.CFG (3 keys)
[07:57:58] [info] [cpu-witness] vendor=GenuineIntel cpuid=1 family=4 model=3 stepping=5 mhz_est=49 fpu=1 class=486_slow (boot-time attestation of the running CPU; MHZ_486_LOOP_DIV=16400 mirrors SETUP)
[07:57:58] [info] tas: PRNG seed forced to 12345 via DOSKUTSU_TAS_PRNG_SEED
[07:57:58] [info] tas: auto-exit armed at tick 30000 via DOSKUTSU_TAS_AUTO_EXIT_TICK
[07:57:58] [info] tas: replay opened path='QA.TAS' header_seed=12345
[07:57:59] [info] data cache: DISABLED (default)
[07:57:59] [info] Joystick: skipped (default; set DOSKUTSU_USE_JOYSTICK=1 to enable -- skips SDL3-DOS gameport BIOS INT 15h polling, ~82 ms / flip on real HW)
[07:57:59] [info] Loading settings...
[07:57:59] [info] [input-bind] applied=0 invert_y=0 dos_axes=1
[07:57:59] [info] Renderer::initVideo: 8bpp mode requested via SDL_HINT_DOS_MAX_BPP=8 (wave 16); SDL3-DOS will pick the highest-bpp <= 8 mode at requested resolution
[07:57:59] [info] Renderer::initVideo: DOS resolution-label lock ENABLED (default)
[07:58:00] [info] center-oversized: not needed (surface matches the logical screen) surface=320x240 logical=320x240 offset=0,0
[07:58:00] [info] Renderer::initVideo: using: software renderer
[07:58:03] [info] Renderer::initVideo: dirty-rect tracking ENABLED (wave 15, default ON; set SDL_HINT_DOSKUTSU_DIRTY_RECTS=0 to disable)
[07:58:03] [info] Renderer::initVideo: ablation flags: NO_DC_TIMING=0 CACHE_WINSURF=0 NO_INPUT_POLL=0 DIRECT_VESA=1
[07:58:03] [info] Renderer::initVideo: direct-VESA hot path ENABLED (default since wave 20 patch 0088; bypasses SDL_RenderPresent / SDL_UpdateWindowSurface and writes via SDL/0034's PresentFull helper; R2 mitigation handled by SDL/0034 generation counter -- no per-N-flip heartbeat needed; set SDL_HINT_DOSKUTSU_DIRECT_VESA=0 to revert)
[07:58:03] [info] Renderer::initVideo: flip-phase instrumentation DISABLED (default; set SDL_HINT_DOSKUTSU_FLIP_INSTR=1 to opt in for wave-20 Lever A diagnostic)
[07:58:03] [info] Renderer::initVideo: asm opaque-span blit lever DISABLED (default; set SDL_HINT_DOSKUTSU_ASM_BLIT=1 to opt in -- wave-51 _blit_indexed colorkey-blit lever)
[07:58:03] [info] Renderer::initVideo: blit-decomp instrumentation DISABLED (default; set SDL_HINT_DOSKUTSU_BLIT_DECOMP=1 to opt in -- wave-51 _blit_indexed sub-decomp sizing)
[07:58:03] [info] Renderer::initVideo: mds-scroll-decomp instrumentation DISABLED (default; set SDL_HINT_DOSKUTSU_MDS_DECOMP=1 to opt in -- wave-52 mode_draw_scene scrolling-block decomp)
[07:58:03] [info] Renderer::initVideo: DOSVESA pump yield: skipped (default) (per-flip explicit SDL_Delay(0) yield is always on; set SDL_HINT_DOSKUTSU_FORCE_PUMP_YIELD=1 to restore old per-pump yield)
[07:58:03] [info] Renderer::initVideo: indexed-mode (8bpp) ENABLED -- master palette + 107 per-asset remap LUTs loaded (wave 16, default ON; set SDL_HINT_DOSKUTSU_PIXEL_FORMAT_8=0 to disable)
[07:58:03] [info] Renderer::initVideo: master palette attached to window surface (format=SDL_PIXELFORMAT_INDEX8, ncolors=256)
[07:58:03] [info] Renderer::initVideo: indexed-mode smoke: idx0=(0,0,0) OK idx255=(255,0,255) OK
[07:58:03] [info] Renderer::initVideo: indexed-mode smoke: paletteRemapFor('MyChar.pbm') = present
[07:58:04] [info] Surface::loadImage palmap-diag #1: 'data/Loading.pbm' fmt=SDL_PIXELFORMAT_ABGR8888 remap=HIT -> path=truecolor
[07:58:04] [info] Renderer: prev-frame diff DISABLED (default since wave 17.6; set SDL_HINT_DOSKUTSU_PREVFRAME_DIFF=1 to opt in)
[07:58:04] [info] flip-probe: renderer=software window_ptr=8826560 colorspace=301991328 window_size=320x240 framebuffer_pixels=320x240 logical_present=320x240 mode=2
[07:58:04] [info] flip-probe: first flip ok=true present=54ms inter_flip_ms=0 drawcalls-since-flip=1 drawcalls-total=1
[07:58:04] [info] Sound system init
[07:58:04] [info] Sound system: 4-state audio enable (#31) -- music=on sfx=on (MUSIC_OFF/AUDIO_BACKEND=none -> music-off; SFX_OFF/SFX_DEVICE=none -> sfx-off; both gates are dispatch-level, the device still opens; AUDIO_OFF=1 is the device-level both-off).
[07:58:04] [info] Sound system: Tier-2 audio config (default since wave 21 patch 0093; 11025 Hz, 1 channel, buffer pinned to 256 frames). Measured savings on g2k Pentium OverDrive 83 MHz (W21A): heavy-music scenes ~+11 fps vs Tier-1 baseline (measured -10 to -15 ms/flip post-0094 audio fix; W21A's pre-fix -26.6 ms figure was inflated by stereo-vs-mono playback bug, see patch 0094). Audio quality is reduced vs Tier-1 (mono, 11025 Hz, simple-average L+R downmix) but recognizable; user accepted the trade per direction 2026-05-05. Set SDL_HINT_DOSKUTSU_AUDIO_TIER2=0 to revert to Tier-1 22050 stereo (full Cave Story 2004 audio quality; trades fps for fidelity).
[07:58:04] [info] Sound system: SDL_HINT_AUDIO_DEVICE_SAMPLE_FRAMES=256
[07:58:04] [info] Pixtone IRQ rate-divider: handed master_rate=11025 int16/s (SAMPLE_RATE=11025 x AUDIO_CHANNELS=1) to SDL for auto-RATEDIV (SDL/0074 computes shift_div from the resolved device freq).
[07:58:04] [info] Sound system: device frame-rate: requesting 11025 Hz match to master (SDL_DOSAudioSetDeviceFrameRate; SB16 opens at the engine frame rate instead of SDL's 44100 floor -- 4x less PCM/s + no resampler on the Organya/Pixtone path; killswitch SDL_HINT_DOSKUTSU_DOS_AUDIO_DEVICE_RATE_DEFAULT=0).
[07:58:04] [info] audio backend: opl3 (Phase 10 Stage 4 -- concrete OPL3 FM synthesis backend via SDL/0037+ OPL3 helpers; MidiScheduler routes music dispatch through 18 x 2-op voice allocator + small inline patch bank). SoundManager::init will probe OPL3 via Adlib timer-1 sequence + fall back to organya gracefully if the chip is absent. Pixtone SFX still active on SB16 DAC.
[07:58:04] [info] wave-13.6.1: ring_chunks=16 FORCE_PUMP_YIELD=off (set SDL_HINT_DOSKUTSU_AUDIO_RING_CHUNKS=4|8|16 to override; default 16 matches wave 13.6 behaviour)
[07:58:04] [info] MidiScheduler: MIDI source = 'orgmid2' (native-GM org2mid set; resolves to data/orgmid2/<name>.mid).
[07:58:04] [info] opl3 backend probing for OPL3 chip (Adlib timer-1 sequence)...
[07:58:04] [info] opl3 backend: opl3bank.dat loaded 128 programs from 'data/opl3bank.dat' (v1; 1536 bytes payload). Per-program GM patches now use the runtime bank; programs >= 128 fall back to 8-patch family bucket. Drum channel (MIDI ch 9) unchanged (uses PATCH_DRUM regardless of bank loading).
[07:58:04] [info] opl3 backend ready (OPL3 detected via Adlib timer-1; InitChip applied 18 x 2-op layout; voice allocator armed). Patch bank state: runtime opl3bank.dat ACTIVE (loaded_count=128; programs >= loaded_count fall back to 8-patch placeholder covering GM family categories piano/mallet/organ/guitar/strings/brass/reed/pad). Phase 10.5 path: ship a fuller community bank as data/opl3bank.dat (DOPL3v1 format; 12-byte SBI records per GM program; loader at MidiBackendOpl3 ctor).
[07:58:04] [info] opl3 backend: PATCH_ORGAN + PATCH_MALLET RR=8 (medium release; wub-wub fix per patch 0171; was RR=0 in slot 0103 placeholder -- KEY-OFF couldn't silence; H6 reg 0xBD wave-47 falsified; H1+H5/RR=0 byte-level bug root per WAVE-46/47 analysis)
[07:58:04] [info] Sound system: MidiScheduler armed with MidiBackendOpl3 (patch 0103 Phase 10 Stage 4). Music dispatch routes via SMF parser + 18 x 2-op OPL3 voice allocator + small inline patch bank (community-sourced from Apogee Sound System / AdLib SBI public-domain refs). Pixtone SFX still active on SB16 DAC.
[07:58:04] [info] Sound system: idle-pause skipped (default OFF since patch 0119; backend=opl3 would qualify but operator did not opt-in via SDL_HINT_DOSKUTSU_IDLE_PAUSE=1). DSP stays in continuous-stream mode. Re-enable for an A/B iter once SDL/0037 ForcePause non-engagement is rooted out (task #17).
[07:58:04] [warn] Music dir Ogg/ doesn't exist
[07:58:04] [warn] Music dir Ogg11/ doesn't exist
[07:58:05] [warn] Music dir Ogg17/ doesn't exist
[07:58:05] [warn] Music dir Ogg_ridic/ doesn't exist
[07:58:05] [info] Loading Sound FX...
[07:58:05] [info] [pxt-cache] init(): HIT (loaded cache; render skipped)
[07:58:17] [info] Organya init...
[07:58:18] [info] Organya init done
[07:58:34] [info] gus SFX gain [nx0259]: 70% (SDL_HINT_DOSKUTSU_GUS_SFX_GAIN; scales the GF1 SFX voice volume to balance against velocity/CC-scaled GUS music; default 70, clamp 0..150).
[07:58:34] [info] pixtone IRQ-mix: ENABLED (default; SDL backend engaged; set SDL_HINT_DOSKUTSU_PIXTONE_IRQ_MIX=0 to disable)
[07:58:34] [info] Pixtone::setVolume: L3 active -- mid-play SFX volume updates are no-op in v1 (v2 candidate: SDL_DOSPixtoneSetGain API). gain_x256=256 stored for subsequent SDL_DOSPixtoneStart calls; currently-playing L3 channels unaffected.
[07:58:34] [info] midi ISR tick: engine registered tick_isr callback (L2b active; default ON; set SDL_HINT_DOSKUTSU_MIDI_ISR_TICK=0 to disable)
[07:58:34] [info] menu slide-in fixed-timestep: ENABLED (default; slide advances at 50 Hz logic rate)
[07:58:35] [info] Reading npc.tbl...
[07:58:35] [info] Loading tilekey.dat.
[07:58:35] [info] Script engine init.
[07:58:35] [info] Entering main loop...
[07:58:35] [info] audio mid-gap pump: DISABLED (default)
[07:58:35] [info] TAS fixed-timestep guard: ENABLED (default) (patch 0280; load_stage wall-clock kept out of the FT accumulator so TAS replay advances at a true 50 Hz; set SDL_HINT_DOSKUTSU_TAS_FT_GUARD=0 to disable)
[07:58:35] [info] load_stage ring+DMA silence flush: ENABLED (default) (set SDL_HINT_DOSKUTSU_LOADSTAGE_SILENCE=0 to disable)
[07:58:35] [info] load-band audio-underrun probe: DISABLED (default) (opt-in SDL_HINT_DOSKUTSU_LOADBAND_STAT=1)
[07:58:35] [info]  >> Entering stage 72: 'u'.
[07:58:35] [info] skip sheet flush: ENABLED (default) (SFXPAUSE-012 SHIPPED FIX; sprite sheets stay resident across caves so no per-cave re-decode -> no fire-frame pause; map_flush_graphics tilemap cache still flushes; set SDL_HINT_DOSKUTSU_SKIP_SHEET_FLUSH=0 to restore the old per-cave flush)
[07:58:35] [info] [skip-sheet-flush] cave=1
[07:58:35] [info] eager action sheets: ENABLED (default) (first-fire hitch fix: pre-loads the weapon bullet + hit/muzzle/trail caret sheets at stage load so the first fire/impact does not lazy-decode mid-gameplay; set SDL_HINT_DOSKUTSU_EAGER_ACTION_SHEETS=0 to restore lazy load)
[07:58:35] [info] Surface::loadImage palmap-diag #2: 'data/Bullet.pbm' fmt=SDL_PIXELFORMAT_ABGR8888 remap=HIT -> path=truecolor
[07:58:36] [info] Surface::loadImage palmap-diag #3: 'data/Arms.pbm' fmt=SDL_PIXELFORMAT_ABGR8888 remap=HIT -> path=truecolor
[07:58:36] [info] Surface::loadImage palmap-diag #4: 'data/Caret.pbm' fmt=SDL_PIXELFORMAT_ABGR8888 remap=HIT -> path=truecolor
[07:58:37] [info] Surface::loadImage palmap-diag #5: 'data/Npc/NpcSym.pbm' fmt=SDL_PIXELFORMAT_ABGR8888 remap=HIT -> path=truecolor
[07:58:37] [info] [eager-action-sheets] cave=1 sheets=4 wall_ms=1631
[07:58:37] [info] Surface::loadImage palmap-diag #6: 'data/Stage/PrtWhite.pbm' fmt=SDL_PIXELFORMAT_ABGR8888 remap=HIT -> path=truecolor
[07:58:38] [info] load_stage: entry-music preload ENABLED (default) (set SDL_HINT_DOSKUTSU_PRELOAD_STAGE_MUSIC=0 to disable)
[07:58:38] [info] Surface::loadImage palmap-diag #7: 'data/bk0.pbm' fmt=SDL_PIXELFORMAT_ABGR8888 remap=HIT -> path=truecolor
[07:58:38] [info] gameloop: entered (curmap=72, running=1)
[07:58:38] [info] gameloop: iter 1 ticks=39775 mapno=-1
[07:58:38] [info] fixed-timestep: ENABLED (default; logic 50 Hz, decoupled from render)
[07:58:38] [info] map: BG skip-when-unchanged DISABLED (default) (set SDL_HINT_DOSKUTSU_BG_SKIP_WHEN_UNCHANGED=1 to enable; default OFF since wave-61 -- abandoned, it shipped a backdrop-black flicker and its +0.87 fps was below the noise floor)
[07:58:38] [info] map: skip-redundant-clear lever ENABLED (default since wave-53 promotion)
[07:58:38] [info] perf-mode: level=0 (faithful (default))
[07:58:38] [info] Surface::loadImage palmap-diag #8: 'data/Npc/NpcKings.pbm' fmt=SDL_PIXELFORMAT_ABGR8888 remap=HIT -> path=truecolor
[07:58:38] [info] audio tick-boundary pump: DISABLED (default)
[07:58:38] [info] gameloop: iter 2 ticks=40265 mapno=-1
[07:58:39] [info] gameloop: iter 3 ticks=40335 mapno=-1
[07:58:39] [info] direct-vesa: snapshot @gen=2 use_dosmemput=0 banked_multibank=0 pitches_match=1 vram_w=320 vram_h=240 vram_pitch=320 bpp=1 fb_size=76800 vram_phys=0x78000000 vram_ptr=0x77c00000
[07:58:39] [info] flip-probe: flip #10 ok=true present=4ms inter_flip_ms=40 drawcalls-since-flip=6 drawcalls-total=43 fail-total=0 null-skips-total=0
[07:58:39] [info] flip-probe: flip #20 ok=true present=4ms inter_flip_ms=40 drawcalls-since-flip=4 drawcalls-total=92 fail-total=0 null-skips-total=0
[07:58:40] [info] flip-probe: flip #30 ok=true present=4ms inter_flip_ms=85 drawcalls-since-flip=326 drawcalls-total=2707 fail-total=0 null-skips-total=0
[07:58:41] [info] flip-probe: flip #40 ok=true present=4ms inter_flip_ms=78 drawcalls-since-flip=264 drawcalls-total=5837 fail-total=0 null-skips-total=0
[07:58:42] [info] flip-probe: flip #50 ok=true present=3ms inter_flip_ms=48 drawcalls-since-flip=67 drawcalls-total=7392 fail-total=0 null-skips-total=0
[07:58:42] [info] flip-probe: flip #60 ok=true present=4ms inter_flip_ms=38 drawcalls-since-flip=4 drawcalls-total=7502 fail-total=0 null-skips-total=0
[07:58:42] [info] flip-probe: flip #70 ok=true present=4ms inter_flip_ms=38 drawcalls-since-flip=6 drawcalls-total=7557 fail-total=0 null-skips-total=0
[07:58:43] [info] flip-probe: flip #80 ok=true present=4ms inter_flip_ms=20 drawcalls-since-flip=0 drawcalls-total=7586 fail-total=0 null-skips-total=0
[07:58:43] [info] flip-probe: flip #90 ok=true present=4ms inter_flip_ms=20 drawcalls-since-flip=0 drawcalls-total=7586 fail-total=0 null-skips-total=0
[07:58:43] [info] title: eager-title-IO phase tag ENABLED (default) (set SDL_HINT_DOSKUTSU_EAGER_TITLE_IO=0 to disable)
[07:58:43] [info] [music-dispatch] tick=95 song=24 (prev 0)
[07:58:43] [info] MidiScheduler::load: parsed 'data/orgmid2/curly.mid' = 11294 events at 48 PPQ
[07:58:43] [info] opl3 backend: on_song_start
[07:58:44] [info] gameloop: entered (curmap=1005, running=1)
[07:58:44] [info] gameloop: iter 1 ticks=45680 mapno=-1
[07:58:44] [info] map: backdrop cache ENABLED (default) (set SDL_HINT_DOSKUTSU_BACKDROP_CACHE=0 to disable)
[07:58:45] [info] gameloop: iter 2 ticks=46687 mapno=-1
[07:58:45] [info] gameloop: iter 3 ticks=46737 mapno=-1
[07:58:45] [info] backdrop cache: thrashing-detect engaged (streak=4, route=direct)
[07:58:45] [info] flip-probe: flip #100 ok=true present=5ms inter_flip_ms=42 drawcalls-since-flip=75 drawcalls-total=7886 fail-total=0 null-skips-total=0
[07:58:45] [info] alpha audit block 0: 7798 total drawcalls, 0 with alpha<255 (block pct_x10=0; global 0/7798 pct_x10=0); alpha-mod skipped: block=0 global=0
[07:58:45] [info] fastpath audit block 0: taken=7798 (idx8=7798) skipped=0 pct_x10=1000; global taken=7798 (idx8=7798) skipped=0 pct_x10=1000
[07:58:45] [info] primitive tally block 0: clear=220(hr=220) fill=0(hr=0) rect=0(hr=0) line=0(hr=0) tint=0 spotlight=0 (over 100 flips ending at flip 100)
[07:58:45] [info] color/alpha audit block 0: cmod_white=104 cmod_black=0 (idx=0) cmod_general=84 (idx=84) cmod_fb=0; alpha_taken=0 alpha_skipped=0 (global cmod=104/0/84/0 idx=0/84 alpha=0/0)
[07:58:45] [info] phase timing block 0: drawcalls=8209 dc_total_ms=1796 flip_inner_total_ms=782 inter_flip_total_ms=41287 (per-flip avg x10: dc_ms=179 fi_ms=78 if_ms=4128 derived audio+engine_ms=3871; per-drawcall avg us_x10=2188) [direct-vesa: presents=97 total_ms=380 avg_ms_x10=39 failed=0] [ablation: NO_DC_TIMING=0 CACHE_WINSURF=0 DIRECT_VESA=1]
[07:58:45] [info] kbd/audio block 0: kbd_irq=0 kbd_drain=0 ring_chunks=16 pump_pass=99 pic1_mask=0xb8 first_irq_ticks=0 install_ticks=0 vector_at_install=0x0083e390 pic1_mask_live=0x38 kbd_8042_stat=0x34 bios_kbd_head=0x002e bios_kbd_tail=0x002e bios_kbd_buf0=0x3920
[07:58:45] [info] audio/engine split block 0: audio_mixer_calls=0 audio_mixer_ms_x10=0 engine_tick_calls=99 engine_tick_ms_x10=605 audio_service_calls=0 audio_service_ms_x10=0 (per-flip avg; per-call us_x10: audio_mix=0 engine_tick=611496 audio_service=0; global ns: audio_mix=0 engine_tick=6053818369 audio_service=0)
[07:58:45] [info] pixtone multi-source probe: DISABLED (default)
[07:58:45] [info] dirty-rect block @flip=100: total_calls=0 dirty_rects_avg=0 dirty_pct_x10=990 forced_full=0 first_n_force=3 threshold_exceeded=2 dirty_path_taken=0 full_flush_taken=3
[07:58:45] [info] prev-frame-diff block @flip=100: diff_calls=0 diff_rects_avg=0 diff_dirty_pct_x10=0 bbox_pct_x10=0 bbox_thresh_exceeded=0
[07:58:45] [info] flip-probe: flip #110 ok=true present=4ms inter_flip_ms=36 drawcalls-since-flip=75 drawcalls-total=8636 fail-total=0 null-skips-total=0
[07:58:46] [info] flip-probe: flip #120 ok=true present=4ms inter_flip_ms=36 drawcalls-since-flip=75 drawcalls-total=9386 fail-total=0 null-skips-total=0
[07:58:46] [info] flip-probe: flip #130 ok=true present=4ms inter_flip_ms=20 drawcalls-since-flip=0 drawcalls-total=9986 fail-total=0 null-skips-total=0
[07:58:46] [info] Loading profile from profile.dat
[07:58:46] [error] profile_load: unable to open 'profile.dat'
[07:58:46] [info] Loading profile from profile2.dat
[07:58:46] [error] profile_load: unable to open 'profile2.dat'
[07:58:46] [info] Loading profile from profile3.dat
[07:58:46] [info] Loading profile from profile4.dat
[07:58:46] [error] profile_load: unable to open 'profile4.dat'
[07:58:46] [info] Loading profile from profile5.dat
[07:58:47] [info] flip-probe: flip #140 ok=true present=4ms inter_flip_ms=62 drawcalls-since-flip=210 drawcalls-total=10826 fail-total=0 null-skips-total=0
[07:58:47] [info] flip-probe: flip #150 ok=true present=4ms inter_flip_ms=61 drawcalls-since-flip=210 drawcalls-total=12926 fail-total=0 null-skips-total=0
[07:58:48] [info] Writing settings...
[07:58:48] [info] flip-probe: flip #160 ok=true present=4ms inter_flip_ms=20 drawcalls-since-flip=0 drawcalls-total=13774 fail-total=0 null-skips-total=0
[07:58:48] [info] flip-probe: flip #170 ok=true present=4ms inter_flip_ms=21 drawcalls-since-flip=0 drawcalls-total=13774 fail-total=0 null-skips-total=0
[07:58:48] [info] [music-dispatch] tick=175 song=0 (prev 24)
[07:58:48] [info] opl3 backend: on_song_stop
[07:58:48] [info] Loading profile from profile5.dat
[07:58:48] [info]  >> Entering stage 20: 'Save Point'.
[07:58:48] [info] [skip-sheet-flush] cave=2
[07:58:49] [info] [music-dispatch] tick=175 song=8 (prev 0)
[07:58:49] [info] MidiScheduler::load: parsed 'data/orgmid2/vivi.mid' = 4558 events at 48 PPQ
[07:58:49] [info] opl3 backend: on_song_start
[07:58:49] [info] gameloop: entered (curmap=20, running=1)
[07:58:49] [info] gameloop: iter 1 ticks=51207 mapno=-1
[07:58:49] [info] TAS stall discount: ENABLED (default) (patch 0286; a replay frame over 150 ms is a load, not slow rendering, so it contributes 1 tick instead of its wall-clock; set SDL_HINT_DOSKUTSU_TAS_STALL_DISCOUNT=0 to disable)
[07:58:49] [info] TAS accumulator clamp: DISABLED (default) (patch 0281; caps the FT accumulator delta at one tick during TAS so a stalled frame cannot race the replay index; set SDL_HINT_DOSKUTSU_TAS_FT_GUARD=0 to disable)
[07:58:49] [info] gameloop: iter 2 ticks=51308 mapno=-1
[07:58:50] [info] gameloop: iter 3 ticks=51360 mapno=-1
[07:58:50] [info] flip-probe: flip #180 ok=true present=4ms inter_flip_ms=40 drawcalls-since-flip=16 drawcalls-total=13896 fail-total=0 null-skips-total=0
[07:58:50] [info] flip-probe: flip #190 ok=true present=4ms inter_flip_ms=40 drawcalls-since-flip=16 drawcalls-total=14056 fail-total=0 null-skips-total=0
[07:58:50] [info] flip-probe: flip #200 ok=true present=4ms inter_flip_ms=41 drawcalls-since-flip=16 drawcalls-total=14216 fail-total=0 null-skips-total=0
[07:58:50] [info] alpha audit block 0: 5693 total drawcalls, 0 with alpha<255 (block pct_x10=0; global 0/13491 pct_x10=0); alpha-mod skipped: block=0 global=0
[07:58:50] [info] fastpath audit block 0: taken=5693 (idx8=5693) skipped=0 pct_x10=1000; global taken=13491 (idx8=13491) skipped=0 pct_x10=1000
[07:58:50] [info] primitive tally block 0: clear=201(hr=201) fill=0(hr=0) rect=0(hr=0) line=0(hr=0) tint=0 spotlight=0 (over 100 flips ending at flip 200)
[07:58:51] [info] color/alpha audit block 0: cmod_white=1402 cmod_black=0 (idx=0) cmod_general=609 (idx=609) cmod_fb=0; alpha_taken=0 alpha_skipped=0 (global cmod=1506/0/693/0 idx=0/693 alpha=0/0)
[07:58:51] [info] phase timing block 0: drawcalls=7905 dc_total_ms=1621 flip_inner_total_ms=665 inter_flip_total_ms=5450 (per-flip avg x10: dc_ms=162 fi_ms=66 if_ms=545 derived audio+engine_ms=317; per-drawcall avg us_x10=2050) [direct-vesa: presents=100 total_ms=387 avg_ms_x10=38 failed=0] [ablation: NO_DC_TIMING=0 CACHE_WINSURF=0 DIRECT_VESA=1]
[07:58:51] [info] kbd/audio block 0: kbd_irq=0 kbd_drain=0 ring_chunks=16 pump_pass=226 pic1_mask=0xb8 first_irq_ticks=0 install_ticks=0 vector_at_install=0x0083e390 pic1_mask_live=0x38 kbd_8042_stat=0x34 bios_kbd_head=0x002e bios_kbd_tail=0x002e bios_kbd_buf0=0x3920
[07:58:51] [info] audio/engine split block 0: audio_mixer_calls=0 audio_mixer_ms_x10=0 engine_tick_calls=76 engine_tick_ms_x10=231 audio_service_calls=0 audio_service_ms_x10=0 (per-flip avg; per-call us_x10: audio_mix=0 engine_tick=304339 audio_service=0; global ns: audio_mix=0 engine_tick=8366797131 audio_service=0)
[07:58:51] [info] dirty-rect block @flip=200: total_calls=0 dirty_rects_avg=1 dirty_pct_x10=1000 forced_full=0 first_n_force=0 threshold_exceeded=0 dirty_path_taken=0 full_flush_taken=0
[07:58:51] [info] prev-frame-diff block @flip=200: diff_calls=0 diff_rects_avg=0 diff_dirty_pct_x10=0 bbox_pct_x10=0 bbox_thresh_exceeded=0
[07:58:51] [info] flip-probe: flip #210 ok=true present=4ms inter_flip_ms=41 drawcalls-since-flip=16 drawcalls-total=14376 fail-total=0 null-skips-total=0
[07:58:51] [info] flip-probe: flip #220 ok=true present=4ms inter_flip_ms=74 drawcalls-since-flip=246 drawcalls-total=15004 fail-total=0 null-skips-total=0
[07:58:52] [info]  >> Entering stage 11: 'Mimiga Village'.
[07:58:52] [info] [skip-sheet-flush] cave=3
[07:58:52] [info] [load-stage] preloading entry music song=9 (cave=3)
[07:58:52] [info] [music-dispatch] tick=297 song=9 (prev 8)
[07:58:52] [info] opl3 backend: on_song_stop
[07:58:53] [info] MidiScheduler::load: parsed 'data/orgmid2/mura.mid' = 2863 events at 48 PPQ
[07:58:53] [info] opl3 backend: on_song_start
[07:58:53] [info] gameloop: entered (curmap=11, running=1)
[07:58:53] [info] gameloop: iter 1 ticks=54588 mapno=-1
[07:58:53] [info] map: mds_clear LUT ENABLED (default) (set SDL_HINT_DOSKUTSU_MDS_CLEAR_LUT=0 to disable; default ON; patch 0144 wave-49 bandwidth lever)
[07:58:53] [info] mds-clear-lut: rebuilt N=240 entries (k_skip=0% k_keep=100%; curmap=11 map_size=60x60; rebuild #1 since boot)
[07:58:53] [info] backdrop thrash full-cover ENABLED (default) (set SDL_HINT_DOSKUTSU_THRASH_FULLCOVER=0 to disable)
[07:58:53] [info] [bd-diag] backdrop render-path diag disabled (default) (set SDL_HINT_DOSKUTSU_BACKDROP_DIAG=1 to enable)
[07:58:53] [info] gameloop: iter 2 ticks=54738 mapno=-1
[07:58:53] [info] gameloop: iter 3 ticks=54855 mapno=-1
[07:58:53] [info] flip-probe: flip #230 ok=true present=4ms inter_flip_ms=125 drawcalls-since-flip=381 drawcalls-total=17960 fail-total=0 null-skips-total=0
[07:58:53] [info] backdrop cache: thrashing-detect engaged (streak=4, route=direct)
[07:58:54] [info] flip-probe: flip #240 ok=true present=4ms inter_flip_ms=61 drawcalls-since-flip=43 drawcalls-total=18746 fail-total=0 null-skips-total=0
[07:58:55] [info] flip-probe: flip #250 ok=true present=4ms inter_flip_ms=62 drawcalls-since-flip=45 drawcalls-total=19196 fail-total=0 null-skips-total=0
[07:58:55] [info] flip-probe: flip #260 ok=true present=4ms inter_flip_ms=60 drawcalls-since-flip=42 drawcalls-total=19619 fail-total=0 null-skips-total=0
[07:58:56] [info] flip-probe: flip #270 ok=true present=4ms inter_flip_ms=61 drawcalls-since-flip=42 drawcalls-total=20039 fail-total=0 null-skips-total=0
[07:58:56] [info] flip-probe: flip #280 ok=true present=4ms inter_flip_ms=60 drawcalls-since-flip=42 drawcalls-total=20459 fail-total=0 null-skips-total=0
[07:58:57] [info] flip-probe: flip #290 ok=true present=5ms inter_flip_ms=60 drawcalls-since-flip=43 drawcalls-total=20882 fail-total=0 null-skips-total=0
[07:58:57] [info] backdrop cache: thrashing-detect engaged (streak=64, route=direct)
[07:58:58] [info] flip-probe: flip #300 ok=true present=4ms inter_flip_ms=62 drawcalls-since-flip=43 drawcalls-total=21312 fail-total=0 null-skips-total=0
[07:58:58] [info] alpha audit block 0: 6060 total drawcalls, 0 with alpha<255 (block pct_x10=0; global 0/19551 pct_x10=0); alpha-mod skipped: block=0 global=0
[07:58:58] [info] fastpath audit block 0: taken=6060 (idx8=6060) skipped=0 pct_x10=1000; global taken=19551 (idx8=19551) skipped=0 pct_x10=1000
[07:58:58] [info] primitive tally block 0: clear=202(hr=202) fill=0(hr=0) rect=0(hr=0) line=0(hr=0) tint=0 spotlight=0 (over 100 flips ending at flip 300)
[07:58:58] [info] color/alpha audit block 0: cmod_white=962 cmod_black=962 (idx=962) cmod_general=0 (idx=0) cmod_fb=0; alpha_taken=0 alpha_skipped=0 (global cmod=2468/962/693/0 idx=962/693 alpha=0/0)
[07:58:58] [info] phase timing block 0: drawcalls=8191 dc_total_ms=1374 flip_inner_total_ms=644 inter_flip_total_ms=7233 (per-flip avg x10: dc_ms=137 fi_ms=64 if_ms=723 derived audio+engine_ms=522; per-drawcall avg us_x10=1678) [direct-vesa: presents=100 total_ms=383 avg_ms_x10=38 failed=0] [ablation: NO_DC_TIMING=0 CACHE_WINSURF=0 DIRECT_VESA=1]
[07:58:58] [info] kbd/audio block 0: kbd_irq=0 kbd_drain=0 ring_chunks=16 pump_pass=534 pic1_mask=0xb8 first_irq_ticks=0 install_ticks=0 vector_at_install=0x0083e390 pic1_mask_live=0x38 kbd_8042_stat=0x34 bios_kbd_head=0x002e bios_kbd_tail=0x002e bios_kbd_buf0=0x3920
[07:58:58] [info] [tile-speedup-stat n=100 drawtile_us=127.94 raw_blit_us=93.61 ratio=1.37]
[07:58:58] [info] dirty-rect block @flip=300: total_calls=100 dirty_rects_avg=1 dirty_pct_x10=1000 forced_full=0 first_n_force=0 threshold_exceeded=0 dirty_path_taken=0 full_flush_taken=0
[07:58:58] [info] prev-frame-diff block @flip=300: diff_calls=0 diff_rects_avg=0 diff_dirty_pct_x10=0 bbox_pct_x10=0 bbox_thresh_exceeded=0
[07:58:58] [info] tas: stall frame 162 ms -> contributing 1 tick (patch 0286)
[07:58:58] [info] flip-probe: flip #310 ok=true present=4ms inter_flip_ms=67 drawcalls-since-flip=45 drawcalls-total=21850 fail-total=0 null-skips-total=0
[07:58:59] [info] flip-probe: flip #320 ok=true present=4ms inter_flip_ms=57 drawcalls-since-flip=41 drawcalls-total=22273 fail-total=0 null-skips-total=0
[07:58:59] [info] run_tick_fixed #600: heartbeat (loop alive)
[07:59:00] [info] flip-probe: flip #330 ok=true present=4ms inter_flip_ms=61 drawcalls-since-flip=41 drawcalls-total=22698 fail-total=0 null-skips-total=0
[07:59:00] [info] flip-probe: flip #340 ok=true present=4ms inter_flip_ms=60 drawcalls-since-flip=43 drawcalls-total=23111 fail-total=0 null-skips-total=0
[07:59:01] [info] flip-probe: flip #350 ok=true present=4ms inter_flip_ms=57 drawcalls-since-flip=14 drawcalls-total=23425 fail-total=0 null-skips-total=0
[07:59:01] [info] backdrop cache: thrashing-detect engaged (streak=124, route=direct)
[07:59:01] [info] flip-probe: flip #360 ok=true present=4ms inter_flip_ms=54 drawcalls-since-flip=14 drawcalls-total=23565 fail-total=0 null-skips-total=0
[07:59:02] [info]  >> Entering stage 17: 'Yamashita Farm'.
[07:59:02] [info] [skip-sheet-flush] cave=4
[07:59:03] [info] [load-stage] preloading entry music song=13 (cave=4)
[07:59:03] [info] [music-dispatch] tick=754 song=13 (prev 9)
[07:59:03] [info] opl3 backend: on_song_stop
[07:59:03] [info] MidiScheduler::load: parsed 'data/orgmid2/plant.mid' = 3000 events at 48 PPQ
[07:59:03] [info] opl3 backend: on_song_start
[07:59:03] [info] gameloop: entered (curmap=17, running=1)
[07:59:03] [info] gameloop: iter 1 ticks=64876 mapno=-1
[07:59:03] [info] mds-clear-lut: rebuilt N=240 entries (k_skip=33% k_keep=67%; curmap=17 map_size=40x16; rebuild #2 since boot)
[07:59:03] [info] flip-probe: flip #370 ok=true present=4ms inter_flip_ms=1112 drawcalls-since-flip=400 drawcalls-total=25826 fail-total=0 null-skips-total=0
[07:59:03] [info] gameloop: iter 2 ticks=65177 mapno=-1
[07:59:03] [info] tas: stall frame 298 ms -> contributing 1 tick (patch 0286)
[07:59:03] [info] gameloop: iter 3 ticks=65286 mapno=-1
[07:59:04] [info] flip-probe: flip #380 ok=true present=4ms inter_flip_ms=84 drawcalls-since-flip=136 drawcalls-total=28543 fail-total=0 null-skips-total=0
[07:59:05] [info] flip-probe: flip #390 ok=true present=4ms inter_flip_ms=82 drawcalls-since-flip=140 drawcalls-total=29941 fail-total=0 null-skips-total=0
[07:59:06] [info] backdrop cache: thrashing-detect engaged (streak=4, route=direct)
[07:59:06] [info] flip-probe: flip #400 ok=true present=4ms inter_flip_ms=98 drawcalls-since-flip=141 drawcalls-total=31337 fail-total=0 null-skips-total=0
[07:59:06] [info] alpha audit block 0: 8924 total drawcalls, 0 with alpha<255 (block pct_x10=0; global 0/28475 pct_x10=0); alpha-mod skipped: block=0 global=0
[07:59:06] [info] fastpath audit block 0: taken=8924 (idx8=8924) skipped=0 pct_x10=1000; global taken=28475 (idx8=28475) skipped=0 pct_x10=1000
[07:59:06] [info] primitive tally block 0: clear=201(hr=201) fill=0(hr=0) rect=0(hr=0) line=0(hr=0) tint=0 spotlight=0 (over 100 flips ending at flip 400)
[07:59:06] [info] color/alpha audit block 0: cmod_white=1001 cmod_black=1001 (idx=1001) cmod_general=0 (idx=0) cmod_fb=0; alpha_taken=0 alpha_skipped=0 (global cmod=3469/1963/693/0 idx=1963/693 alpha=0/0)
[07:59:06] [info] phase timing block 0: drawcalls=11152 dc_total_ms=1631 flip_inner_total_ms=659 inter_flip_total_ms=8475 (per-flip avg x10: dc_ms=163 fi_ms=65 if_ms=847 derived audio+engine_ms=619; per-drawcall avg us_x10=1463) [direct-vesa: presents=100 total_ms=388 avg_ms_x10=38 failed=0] [ablation: NO_DC_TIMING=0 CACHE_WINSURF=0 DIRECT_VESA=1]
[07:59:06] [info] kbd/audio block 0: kbd_irq=0 kbd_drain=0 ring_chunks=16 pump_pass=891 pic1_mask=0xb8 first_irq_ticks=0 install_ticks=0 vector_at_install=0x0083e390 pic1_mask_live=0x38 kbd_8042_stat=0x34 bios_kbd_head=0x002e bios_kbd_tail=0x002e bios_kbd_buf0=0x3920
[07:59:06] [info] dirty-rect block @flip=400: total_calls=0 dirty_rects_avg=1 dirty_pct_x10=1000 forced_full=0 first_n_force=0 threshold_exceeded=0 dirty_path_taken=0 full_flush_taken=0
[07:59:06] [info] prev-frame-diff block @flip=400: diff_calls=0 diff_rects_avg=0 diff_dirty_pct_x10=0 bbox_pct_x10=0 bbox_thresh_exceeded=0
[07:59:06] [info] tas: stall frame 167 ms -> contributing 1 tick (patch 0286)
[07:59:07] [info] flip-probe: flip #410 ok=true present=4ms inter_flip_ms=97 drawcalls-since-flip=140 drawcalls-total=32732 fail-total=0 null-skips-total=0
[07:59:08] [info] backdrop cache: thrashing-detect engaged (streak=4, route=direct)
[07:59:08] [info] flip-probe: flip #420 ok=true present=4ms inter_flip_ms=94 drawcalls-since-flip=135 drawcalls-total=34109 fail-total=0 null-skips-total=0
[07:59:09] [info] flip-probe: flip #430 ok=true present=3ms inter_flip_ms=88 drawcalls-since-flip=128 drawcalls-total=35423 fail-total=0 null-skips-total=0
[07:59:10] [info] flip-probe: flip #440 ok=true present=4ms inter_flip_ms=91 drawcalls-since-flip=128 drawcalls-total=36698 fail-total=0 null-skips-total=0
[07:59:11] [info] flip-probe: flip #450 ok=true present=4ms inter_flip_ms=89 drawcalls-since-flip=129 drawcalls-total=37975 fail-total=0 null-skips-total=0
[07:59:12] [info] flip-probe: flip #460 ok=true present=4ms inter_flip_ms=91 drawcalls-since-flip=130 drawcalls-total=39227 fail-total=0 null-skips-total=0
[07:59:13] [info] flip-probe: flip #470 ok=true present=4ms inter_flip_ms=102 drawcalls-since-flip=148 drawcalls-total=40623 fail-total=0 null-skips-total=0
[07:59:13] [info] backdrop cache: thrashing-detect engaged (streak=64, route=direct)
[07:59:14] [info] flip-probe: flip #480 ok=true present=5ms inter_flip_ms=96 drawcalls-since-flip=140 drawcalls-total=42013 fail-total=0 null-skips-total=0
[07:59:14] [info] flip-probe: flip #490 ok=true present=4ms inter_flip_ms=88 drawcalls-since-flip=108 drawcalls-total=43334 fail-total=0 null-skips-total=0
[07:59:15] [info] flip-probe: flip #500 ok=true present=4ms inter_flip_ms=87 drawcalls-since-flip=111 drawcalls-total=44428 fail-total=0 null-skips-total=0
[07:59:15] [info] alpha audit block 0: 11834 total drawcalls, 0 with alpha<255 (block pct_x10=0; global 0/40309 pct_x10=0); alpha-mod skipped: block=0 global=0
[07:59:15] [info] fastpath audit block 0: taken=11834 (idx8=11834) skipped=0 pct_x10=1000; global taken=40309 (idx8=40309) skipped=0 pct_x10=1000
[07:59:15] [info] primitive tally block 0: clear=200(hr=200) fill=0(hr=0) rect=0(hr=0) line=0(hr=0) tint=0 spotlight=0 (over 100 flips ending at flip 500)
[07:59:15] [info] color/alpha audit block 0: cmod_white=1157 cmod_black=1157 (idx=1157) cmod_general=0 (idx=0) cmod_fb=0; alpha_taken=0 alpha_skipped=0 (global cmod=4626/3120/693/0 idx=3120/693 alpha=0/0)
[07:59:15] [info] phase timing block 0: drawcalls=14352 dc_total_ms=1424 flip_inner_total_ms=663 inter_flip_total_ms=9139 (per-flip avg x10: dc_ms=142 fi_ms=66 if_ms=913 derived audio+engine_ms=705; per-drawcall avg us_x10=992) [direct-vesa: presents=100 total_ms=383 avg_ms_x10=38 failed=0] [ablation: NO_DC_TIMING=0 CACHE_WINSURF=0 DIRECT_VESA=1]
[07:59:15] [info] kbd/audio block 0: kbd_irq=0 kbd_drain=0 ring_chunks=16 pump_pass=1341 pic1_mask=0xb8 first_irq_ticks=0 install_ticks=0 vector_at_install=0x0083e390 pic1_mask_live=0x38 kbd_8042_stat=0x34 bios_kbd_head=0x002e bios_kbd_tail=0x002e bios_kbd_buf0=0x3920
[07:59:15] [info] dirty-rect block @flip=500: total_calls=0 dirty_rects_avg=1 dirty_pct_x10=1000 forced_full=0 first_n_force=0 threshold_exceeded=0 dirty_path_taken=0 full_flush_taken=0
[07:59:15] [info] prev-frame-diff block @flip=500: diff_calls=0 diff_rects_avg=0 diff_dirty_pct_x10=0 bbox_pct_x10=0 bbox_thresh_exceeded=0
[07:59:15] [info] tas: stall frame 163 ms -> contributing 1 tick (patch 0286)
[07:59:16] [info] flip-probe: flip #510 ok=true present=4ms inter_flip_ms=80 drawcalls-since-flip=116 drawcalls-total=45535 fail-total=0 null-skips-total=0
[07:59:17] [info] flip-probe: flip #520 ok=true present=3ms inter_flip_ms=82 drawcalls-since-flip=113 drawcalls-total=46685 fail-total=0 null-skips-total=0
[07:59:18] [info] flip-probe: flip #530 ok=true present=3ms inter_flip_ms=72 drawcalls-since-flip=114 drawcalls-total=47789 fail-total=0 null-skips-total=0
[07:59:18] [info] backdrop cache: thrashing-detect engaged (streak=124, route=direct)
[07:59:19] [info] flip-probe: flip #540 ok=true present=4ms inter_flip_ms=113 drawcalls-since-flip=387 drawcalls-total=49536 fail-total=0 null-skips-total=0
[07:59:19] [info]  >> Entering stage 11: 'Mimiga Village'.
[07:59:19] [info] [skip-sheet-flush] cave=5
[07:59:20] [info] [load-stage] preloading entry music song=9 (cave=5)
[07:59:20] [info] [music-dispatch] tick=1524 song=9 (prev 13)
[07:59:20] [info] opl3 backend: on_song_stop
[07:59:20] [info] MidiScheduler::load: parsed 'data/orgmid2/mura.mid' = 2863 events at 48 PPQ
[07:59:20] [info] opl3 backend: on_song_start
[07:59:20] [info] gameloop: entered (curmap=11, running=1)
[07:59:20] [info] gameloop: iter 1 ticks=81905 mapno=-1
[07:59:20] [info] mds-clear-lut: rebuilt N=240 entries (k_skip=0% k_keep=100%; curmap=11 map_size=60x60; rebuild #3 since boot)
[07:59:20] [info] gameloop: iter 2 ticks=82038 mapno=-1
[07:59:20] [info] gameloop: iter 3 ticks=82152 mapno=-1
[07:59:21] [info] backdrop cache: thrashing-detect engaged (streak=4, route=direct)
[07:59:21] [info] flip-probe: flip #550 ok=true present=5ms inter_flip_ms=83 drawcalls-since-flip=135 drawcalls-total=52511 fail-total=0 null-skips-total=0
[07:59:21] [info] flip-probe: flip #560 ok=true present=4ms inter_flip_ms=60 drawcalls-since-flip=40 drawcalls-total=52931 fail-total=0 null-skips-total=0
[07:59:22] [info] flip-probe: flip #570 ok=true present=4ms inter_flip_ms=61 drawcalls-since-flip=40 drawcalls-total=53331 fail-total=0 null-skips-total=0
[07:59:23] [info] flip-probe: flip #580 ok=true present=4ms inter_flip_ms=60 drawcalls-since-flip=40 drawcalls-total=53735 fail-total=0 null-skips-total=0
[07:59:23] [info] flip-probe: flip #590 ok=true present=4ms inter_flip_ms=61 drawcalls-since-flip=40 drawcalls-total=54141 fail-total=0 null-skips-total=0
[07:59:24] [info] flip-probe: flip #600 ok=true present=3ms inter_flip_ms=60 drawcalls-since-flip=41 drawcalls-total=54549 fail-total=0 null-skips-total=0
[07:59:24] [info] alpha audit block 0: 9293 total drawcalls, 0 with alpha<255 (block pct_x10=0; global 0/49602 pct_x10=0); alpha-mod skipped: block=0 global=0
[07:59:24] [info] fastpath audit block 0: taken=9293 (idx8=9293) skipped=0 pct_x10=1000; global taken=49602 (idx8=49602) skipped=0 pct_x10=1000
[07:59:24] [info] primitive tally block 0: clear=201(hr=201) fill=0(hr=0) rect=0(hr=0) line=0(hr=0) tint=0 spotlight=0 (over 100 flips ending at flip 600)
[07:59:24] [info] color/alpha audit block 0: cmod_white=728 cmod_black=728 (idx=728) cmod_general=0 (idx=0) cmod_fb=0; alpha_taken=0 alpha_skipped=0 (global cmod=5354/3848/693/0 idx=3848/693 alpha=0/0)
[07:59:24] [info] phase timing block 0: drawcalls=10955 dc_total_ms=1401 flip_inner_total_ms=657 inter_flip_total_ms=8522 (per-flip avg x10: dc_ms=140 fi_ms=65 if_ms=852 derived audio+engine_ms=647; per-drawcall avg us_x10=1279) [direct-vesa: presents=100 total_ms=386 avg_ms_x10=38 failed=0] [ablation: NO_DC_TIMING=0 CACHE_WINSURF=0 DIRECT_VESA=1]
[07:59:24] [info] kbd/audio block 0: kbd_irq=0 kbd_drain=0 ring_chunks=16 pump_pass=1712 pic1_mask=0xb8 first_irq_ticks=0 install_ticks=0 vector_at_install=0x0083e390 pic1_mask_live=0x38 kbd_8042_stat=0x34 bios_kbd_head=0x002e bios_kbd_tail=0x002e bios_kbd_buf0=0x3920
[07:59:24] [info] dirty-rect block @flip=600: total_calls=0 dirty_rects_avg=1 dirty_pct_x10=1000 forced_full=0 first_n_force=0 threshold_exceeded=0 dirty_path_taken=0 full_flush_taken=0
[07:59:24] [info] prev-frame-diff block @flip=600: diff_calls=0 diff_rects_avg=0 diff_dirty_pct_x10=0 bbox_pct_x10=0 bbox_thresh_exceeded=0
[07:59:24] [info] backdrop cache: thrashing-detect engaged (streak=64, route=direct)
[07:59:25] [info] flip-probe: flip #610 ok=true present=4ms inter_flip_ms=66 drawcalls-since-flip=41 drawcalls-total=54963 fail-total=0 null-skips-total=0
[07:59:25] [info] flip-probe: flip #620 ok=true present=4ms inter_flip_ms=60 drawcalls-since-flip=41 drawcalls-total=55373 fail-total=0 null-skips-total=0
[07:59:26] [info] flip-probe: flip #630 ok=true present=4ms inter_flip_ms=60 drawcalls-since-flip=44 drawcalls-total=55813 fail-total=0 null-skips-total=0
[07:59:26] [info] flip-probe: flip #640 ok=true present=4ms inter_flip_ms=60 drawcalls-since-flip=44 drawcalls-total=56253 fail-total=0 null-skips-total=0
[07:59:27] [info] flip-probe: flip #650 ok=true present=4ms inter_flip_ms=58 drawcalls-since-flip=43 drawcalls-total=56687 fail-total=0 null-skips-total=0
[07:59:28] [info] flip-probe: flip #660 ok=true present=4ms inter_flip_ms=61 drawcalls-since-flip=42 drawcalls-total=57113 fail-total=0 null-skips-total=0
[07:59:28] [info] backdrop cache: thrashing-detect engaged (streak=124, route=direct)
[07:59:28] [info] flip-probe: flip #670 ok=true present=4ms inter_flip_ms=59 drawcalls-since-flip=16 drawcalls-total=57377 fail-total=0 null-skips-total=0
[07:59:29] [info] flip-probe: flip #680 ok=true present=4ms inter_flip_ms=55 drawcalls-since-flip=16 drawcalls-total=57537 fail-total=0 null-skips-total=0
[07:59:29] [info] flip-probe: flip #690 ok=true present=5ms inter_flip_ms=58 drawcalls-since-flip=23 drawcalls-total=57746 fail-total=0 null-skips-total=0
[07:59:30] [info] flip-probe: flip #700 ok=true present=4ms inter_flip_ms=56 drawcalls-since-flip=20 drawcalls-total=57942 fail-total=0 null-skips-total=0
[07:59:30] [info] alpha audit block 0: 2461 total drawcalls, 0 with alpha<255 (block pct_x10=0; global 0/52063 pct_x10=0); alpha-mod skipped: block=0 global=0
[07:59:30] [info] fastpath audit block 0: taken=2461 (idx8=2461) skipped=0 pct_x10=1000; global taken=52063 (idx8=52063) skipped=0 pct_x10=1000
[07:59:30] [info] primitive tally block 0: clear=200(hr=200) fill=0(hr=0) rect=0(hr=0) line=0(hr=0) tint=0 spotlight=0 (over 100 flips ending at flip 700)
[07:59:30] [info] color/alpha audit block 0: cmod_white=832 cmod_black=832 (idx=832) cmod_general=0 (idx=0) cmod_fb=0; alpha_taken=0 alpha_skipped=0 (global cmod=6186/4680/693/0 idx=4680/693 alpha=0/0)
[07:59:30] [info] phase timing block 0: drawcalls=4325 dc_total_ms=937 flip_inner_total_ms=652 inter_flip_total_ms=5979 (per-flip avg x10: dc_ms=93 fi_ms=65 if_ms=597 derived audio+engine_ms=439; per-drawcall avg us_x10=2167) [direct-vesa: presents=100 total_ms=383 avg_ms_x10=38 failed=0] [ablation: NO_DC_TIMING=0 CACHE_WINSURF=0 DIRECT_VESA=1]
[07:59:30] [info] kbd/audio block 0: kbd_irq=0 kbd_drain=0 ring_chunks=16 pump_pass=2011 pic1_mask=0xb8 first_irq_ticks=0 install_ticks=0 vector_at_install=0x0083e390 pic1_mask_live=0x38 kbd_8042_stat=0x34 bios_kbd_head=0x002e bios_kbd_tail=0x002e bios_kbd_buf0=0x3920
[07:59:30] [info] dirty-rect block @flip=700: total_calls=0 dirty_rects_avg=1 dirty_pct_x10=1000 forced_full=0 first_n_force=0 threshold_exceeded=0 dirty_path_taken=0 full_flush_taken=0
[07:59:30] [info] prev-frame-diff block @flip=700: diff_calls=0 diff_rects_avg=0 diff_dirty_pct_x10=0 bbox_pct_x10=0 bbox_thresh_exceeded=0
[07:59:31] [info] flip-probe: flip #710 ok=true present=4ms inter_flip_ms=76 drawcalls-since-flip=171 drawcalls-total=58375 fail-total=0 null-skips-total=0
[07:59:31] [info]  >> Entering stage 15: 'Reservoir'.
[07:59:31] [info] [skip-sheet-flush] cave=6
[07:59:32] [info] [load-stage] preloading entry music song=9 (cave=6)
[07:59:32] [info] gameloop: entered (curmap=15, running=1)
[07:59:32] [info] gameloop: iter 1 ticks=93532 mapno=-1
[07:59:32] [info] mds-clear-lut: rebuilt N=240 entries (k_skip=13% k_keep=87%; curmap=15 map_size=40x20; rebuild #4 since boot)
[07:59:32] [info] gameloop: iter 2 ticks=93649 mapno=-1
[07:59:32] [info] gameloop: iter 3 ticks=93754 mapno=-1
[07:59:32] [info] flip-probe: flip #720 ok=true present=4ms inter_flip_ms=98 drawcalls-since-flip=321 drawcalls-total=61150 fail-total=0 null-skips-total=0
[07:59:33] [info] flip-probe: flip #730 ok=true present=4ms inter_flip_ms=51 drawcalls-since-flip=31 drawcalls-total=61920 fail-total=0 null-skips-total=0
[07:59:33] [info] flip-probe: flip #740 ok=true present=4ms inter_flip_ms=52 drawcalls-since-flip=31 drawcalls-total=62230 fail-total=0 null-skips-total=0
[07:59:34] [info] backdrop cache: thrashing-detect engaged (streak=4, route=direct)
[07:59:34] [info] flip-probe: flip #750 ok=true present=4ms inter_flip_ms=57 drawcalls-since-flip=33 drawcalls-total=62548 fail-total=0 null-skips-total=0
[07:59:34] [info] flip-probe: flip #760 ok=true present=4ms inter_flip_ms=57 drawcalls-since-flip=31 drawcalls-total=62878 fail-total=0 null-skips-total=0
[07:59:35] [info] flip-probe: flip #770 ok=true present=4ms inter_flip_ms=50 drawcalls-since-flip=31 drawcalls-total=63188 fail-total=0 null-skips-total=0
[07:59:36] [info] flip-probe: flip #780 ok=true present=4ms inter_flip_ms=56 drawcalls-since-flip=32 drawcalls-total=63508 fail-total=0 null-skips-total=0
[07:59:36] [info] tas: stall frame 270 ms -> contributing 1 tick (patch 0286)
[07:59:36] [info] flip-probe: flip #790 ok=true present=4ms inter_flip_ms=54 drawcalls-since-flip=33 drawcalls-total=63837 fail-total=0 null-skips-total=0
[07:59:37] [info] flip-probe: flip #800 ok=true present=4ms inter_flip_ms=57 drawcalls-since-flip=35 drawcalls-total=64172 fail-total=0 null-skips-total=0
[07:59:37] [info] alpha audit block 0: 5374 total drawcalls, 0 with alpha<255 (block pct_x10=0; global 0/57437 pct_x10=0); alpha-mod skipped: block=0 global=0
[07:59:37] [info] fastpath audit block 0: taken=5374 (idx8=5374) skipped=0 pct_x10=1000; global taken=57437 (idx8=57437) skipped=0 pct_x10=1000
[07:59:37] [info] primitive tally block 0: clear=201(hr=201) fill=0(hr=0) rect=0(hr=0) line=0(hr=0) tint=0 spotlight=0 (over 100 flips ending at flip 800)
[07:59:37] [info] color/alpha audit block 0: cmod_white=756 cmod_black=756 (idx=756) cmod_general=0 (idx=0) cmod_fb=0; alpha_taken=0 alpha_skipped=0 (global cmod=6942/5436/693/0 idx=5436/693 alpha=0/0)
[07:59:37] [info] phase timing block 0: drawcalls=7118 dc_total_ms=1388 flip_inner_total_ms=664 inter_flip_total_ms=7082 (per-flip avg x10: dc_ms=138 fi_ms=66 if_ms=708 derived audio+engine_ms=504; per-drawcall avg us_x10=1951) [direct-vesa: presents=100 total_ms=385 avg_ms_x10=38 failed=0] [ablation: NO_DC_TIMING=0 CACHE_WINSURF=0 DIRECT_VESA=1]
[07:59:37] [info] kbd/audio block 0: kbd_irq=0 kbd_drain=0 ring_chunks=16 pump_pass=2316 pic1_mask=0xb8 first_irq_ticks=0 install_ticks=0 vector_at_install=0x0083e390 pic1_mask_live=0x38 kbd_8042_stat=0x34 bios_kbd_head=0x002e bios_kbd_tail=0x002e bios_kbd_buf0=0x3920
[07:59:37] [info] dirty-rect block @flip=800: total_calls=0 dirty_rects_avg=1 dirty_pct_x10=1000 forced_full=0 first_n_force=0 threshold_exceeded=0 dirty_path_taken=0 full_flush_taken=0
[07:59:37] [info] prev-frame-diff block @flip=800: diff_calls=0 diff_rects_avg=0 diff_dirty_pct_x10=0 bbox_pct_x10=0 bbox_thresh_exceeded=0
[07:59:37] [info] backdrop cache: thrashing-detect engaged (streak=64, route=direct)
[07:59:38] [info] flip-probe: flip #810 ok=true present=4ms inter_flip_ms=54 drawcalls-since-flip=36 drawcalls-total=64524 fail-total=0 null-skips-total=0
[07:59:38] [info] flip-probe: flip #820 ok=true present=4ms inter_flip_ms=56 drawcalls-since-flip=35 drawcalls-total=64874 fail-total=0 null-skips-total=0
[07:59:39] [info] flip-probe: flip #830 ok=true present=4ms inter_flip_ms=55 drawcalls-since-flip=33 drawcalls-total=65218 fail-total=0 null-skips-total=0
[07:59:39] [info] flip-probe: flip #840 ok=true present=4ms inter_flip_ms=52 drawcalls-since-flip=14 drawcalls-total=65473 fail-total=0 null-skips-total=0
[07:59:40] [info] flip-probe: flip #850 ok=true present=4ms inter_flip_ms=52 drawcalls-since-flip=13 drawcalls-total=65610 fail-total=0 null-skips-total=0
[07:59:40] [info] flip-probe: flip #860 ok=true present=4ms inter_flip_ms=49 drawcalls-since-flip=13 drawcalls-total=65740 fail-total=0 null-skips-total=0
[07:59:41] [info] flip-probe: flip #870 ok=true present=4ms inter_flip_ms=60 drawcalls-since-flip=13 drawcalls-total=65870 fail-total=0 null-skips-total=0
[07:59:41] [info] backdrop cache: thrashing-detect engaged (streak=4, route=direct)
[07:59:41] [info] flip-probe: flip #880 ok=true present=4ms inter_flip_ms=53 drawcalls-since-flip=13 drawcalls-total=66000 fail-total=0 null-skips-total=0
[07:59:42] [info] flip-probe: flip #890 ok=true present=4ms inter_flip_ms=53 drawcalls-since-flip=13 drawcalls-total=66130 fail-total=0 null-skips-total=0
[07:59:42] [info] flip-probe: flip #900 ok=true present=4ms inter_flip_ms=52 drawcalls-since-flip=13 drawcalls-total=66260 fail-total=0 null-skips-total=0
[07:59:42] [info] alpha audit block 0: 1664 total drawcalls, 0 with alpha<255 (block pct_x10=0; global 0/59101 pct_x10=0); alpha-mod skipped: block=0 global=0
[07:59:42] [info] fastpath audit block 0: taken=1664 (idx8=1664) skipped=0 pct_x10=1000; global taken=59101 (idx8=59101) skipped=0 pct_x10=1000
[07:59:42] [info] primitive tally block 0: clear=200(hr=200) fill=0(hr=0) rect=0(hr=0) line=0(hr=0) tint=0 spotlight=0 (over 100 flips ending at flip 900)
[07:59:42] [info] color/alpha audit block 0: cmod_white=324 cmod_black=324 (idx=324) cmod_general=0 (idx=0) cmod_fb=0; alpha_taken=0 alpha_skipped=0 (global cmod=7266/5760/693/0 idx=5760/693 alpha=0/0)
[07:59:42] [info] phase timing block 0: drawcalls=2532 dc_total_ms=842 flip_inner_total_ms=645 inter_flip_total_ms=5511 (per-flip avg x10: dc_ms=84 fi_ms=64 if_ms=551 derived audio+engine_ms=403; per-drawcall avg us_x10=3328) [direct-vesa: presents=100 total_ms=381 avg_ms_x10=38 failed=0] [ablation: NO_DC_TIMING=0 CACHE_WINSURF=0 DIRECT_VESA=1]
[07:59:42] [info] kbd/audio block 0: kbd_irq=0 kbd_drain=0 ring_chunks=16 pump_pass=2591 pic1_mask=0xb8 first_irq_ticks=0 install_ticks=0 vector_at_install=0x0083e390 pic1_mask_live=0x38 kbd_8042_stat=0x34 bios_kbd_head=0x002e bios_kbd_tail=0x002e bios_kbd_buf0=0x3920
[07:59:42] [info] dirty-rect block @flip=900: total_calls=0 dirty_rects_avg=1 dirty_pct_x10=1000 forced_full=0 first_n_force=0 threshold_exceeded=0 dirty_path_taken=0 full_flush_taken=0
[07:59:42] [info] prev-frame-diff block @flip=900: diff_calls=0 diff_rects_avg=0 diff_dirty_pct_x10=0 bbox_pct_x10=0 bbox_thresh_exceeded=0
[07:59:43] [info] flip-probe: flip #910 ok=true present=4ms inter_flip_ms=51 drawcalls-since-flip=13 drawcalls-total=66390 fail-total=0 null-skips-total=0
[07:59:44] [info] flip-probe: flip #920 ok=true present=4ms inter_flip_ms=48 drawcalls-since-flip=13 drawcalls-total=66520 fail-total=0 null-skips-total=0
[07:59:44] [info] flip-probe: flip #930 ok=true present=5ms inter_flip_ms=48 drawcalls-since-flip=13 drawcalls-total=66650 fail-total=0 null-skips-total=0
[07:59:44] [info] backdrop cache: thrashing-detect engaged (streak=64, route=direct)
[07:59:45] [info] flip-probe: flip #940 ok=true present=4ms inter_flip_ms=50 drawcalls-since-flip=13 drawcalls-total=66780 fail-total=0 null-skips-total=0
[07:59:45] [info] run_tick_fixed #2700: heartbeat (loop alive)
[07:59:45] [info] flip-probe: flip #950 ok=true present=4ms inter_flip_ms=50 drawcalls-since-flip=3 drawcalls-total=68570 fail-total=0 null-skips-total=0
[07:59:45] [info]  >> Entering stage 11: 'Mimiga Village'.
[07:59:45] [info] [skip-sheet-flush] cave=7
[07:59:46] [info] [load-stage] preloading entry music song=9 (cave=7)
[07:59:46] [info] gameloop: entered (curmap=11, running=1)
[07:59:46] [info] gameloop: iter 1 ticks=107866 mapno=-1
[07:59:46] [info] mds-clear-lut: rebuilt N=240 entries (k_skip=0% k_keep=100%; curmap=11 map_size=60x60; rebuild #5 since boot)
[07:59:46] [info] gameloop: iter 2 ticks=107986 mapno=-1
[07:59:46] [info] gameloop: iter 3 ticks=108098 mapno=-1
[07:59:47] [info] flip-probe: flip #960 ok=true present=3ms inter_flip_ms=58 drawcalls-since-flip=42 drawcalls-total=70461 fail-total=0 null-skips-total=0
[07:59:47] [info] flip-probe: flip #970 ok=true present=4ms inter_flip_ms=59 drawcalls-since-flip=42 drawcalls-total=70881 fail-total=0 null-skips-total=0
[07:59:48] [info] flip-probe: flip #980 ok=true present=3ms inter_flip_ms=72 drawcalls-since-flip=53 drawcalls-total=71334 fail-total=0 null-skips-total=0
[07:59:48] [info] backdrop cache: thrashing-detect engaged (streak=4, route=direct)
[07:59:49] [info] flip-probe: flip #990 ok=true present=4ms inter_flip_ms=64 drawcalls-since-flip=46 drawcalls-total=71837 fail-total=0 null-skips-total=0
[07:59:49] [info] flip-probe: flip #1000 ok=true present=4ms inter_flip_ms=64 drawcalls-since-flip=42 drawcalls-total=72286 fail-total=0 null-skips-total=0
[07:59:49] [info] alpha audit block 0: 5289 total drawcalls, 0 with alpha<255 (block pct_x10=0; global 0/64390 pct_x10=0); alpha-mod skipped: block=0 global=0
[07:59:49] [info] fastpath audit block 0: taken=5289 (idx8=5289) skipped=0 pct_x10=1000; global taken=64390 (idx8=64390) skipped=0 pct_x10=1000
[07:59:49] [info] primitive tally block 0: clear=202(hr=202) fill=0(hr=0) rect=0(hr=0) line=0(hr=0) tint=0 spotlight=0 (over 100 flips ending at flip 1000)
[07:59:49] [info] color/alpha audit block 0: cmod_white=637 cmod_black=637 (idx=637) cmod_general=0 (idx=0) cmod_fb=0; alpha_taken=0 alpha_skipped=0 (global cmod=7903/6397/693/0 idx=6397/693 alpha=0/0)
[07:59:50] [info] phase timing block 0: drawcalls=6799 dc_total_ms=1396 flip_inner_total_ms=727 inter_flip_total_ms=7016 (per-flip avg x10: dc_ms=139 fi_ms=72 if_ms=701 derived audio+engine_ms=490; per-drawcall avg us_x10=2054) [direct-vesa: presents=100 total_ms=383 avg_ms_x10=38 failed=0] [ablation: NO_DC_TIMING=0 CACHE_WINSURF=0 DIRECT_VESA=1]
[07:59:50] [info] kbd/audio block 0: kbd_irq=0 kbd_drain=0 ring_chunks=16 pump_pass=2903 pic1_mask=0xb8 first_irq_ticks=0 install_ticks=0 vector_at_install=0x0083e390 pic1_mask_live=0x38 kbd_8042_stat=0x34 bios_kbd_head=0x002e bios_kbd_tail=0x002e bios_kbd_buf0=0x3920
[07:59:50] [info] dirty-rect block @flip=1000: total_calls=0 dirty_rects_avg=1 dirty_pct_x10=1000 forced_full=0 first_n_force=0 threshold_exceeded=0 dirty_path_taken=0 full_flush_taken=0
[07:59:50] [info] prev-frame-diff block @flip=1000: diff_calls=0 diff_rects_avg=0 diff_dirty_pct_x10=0 bbox_pct_x10=0 bbox_thresh_exceeded=0
[07:59:50] [info] tas: stall frame 189 ms -> contributing 1 tick (patch 0286)
[07:59:50] [info] flip-probe: flip #1010 ok=true present=3ms inter_flip_ms=62 drawcalls-since-flip=43 drawcalls-total=72714 fail-total=0 null-skips-total=0
[07:59:51] [info] flip-probe: flip #1020 ok=true present=4ms inter_flip_ms=61 drawcalls-since-flip=45 drawcalls-total=73155 fail-total=0 null-skips-total=0
[07:59:51] [info] flip-probe: flip #1030 ok=true present=4ms inter_flip_ms=61 drawcalls-since-flip=44 drawcalls-total=73595 fail-total=0 null-skips-total=0
[07:59:52] [info] run_tick_fixed #3000: heartbeat (loop alive)
[07:59:52] [info] flip-probe: flip #1040 ok=true present=4ms inter_flip_ms=57 drawcalls-since-flip=44 drawcalls-total=74035 fail-total=0 null-skips-total=0
[07:59:52] [info] backdrop cache: thrashing-detect engaged (streak=64, route=direct)
[07:59:53] [info] flip-probe: flip #1050 ok=true present=4ms inter_flip_ms=60 drawcalls-since-flip=44 drawcalls-total=74475 fail-total=0 null-skips-total=0
[07:59:53] [info] flip-probe: flip #1060 ok=true present=4ms inter_flip_ms=58 drawcalls-since-flip=43 drawcalls-total=74906 fail-total=0 null-skips-total=0
[07:59:54] [info] flip-probe: flip #1070 ok=true present=4ms inter_flip_ms=60 drawcalls-since-flip=42 drawcalls-total=75331 fail-total=0 null-skips-total=0
[07:59:54] [info] flip-probe: flip #1080 ok=true present=4ms inter_flip_ms=56 drawcalls-since-flip=17 drawcalls-total=75521 fail-total=0 null-skips-total=0
[07:59:55] [info] flip-probe: flip #1090 ok=true present=4ms inter_flip_ms=57 drawcalls-since-flip=18 drawcalls-total=75700 fail-total=0 null-skips-total=0
[07:59:56] [info] flip-probe: flip #1100 ok=true present=4ms inter_flip_ms=53 drawcalls-since-flip=18 drawcalls-total=75880 fail-total=0 null-skips-total=0
[07:59:56] [info] alpha audit block 0: 2571 total drawcalls, 0 with alpha<255 (block pct_x10=0; global 0/66961 pct_x10=0); alpha-mod skipped: block=0 global=0
[07:59:56] [info] fastpath audit block 0: taken=2571 (idx8=2571) skipped=0 pct_x10=1000; global taken=66961 (idx8=66961) skipped=0 pct_x10=1000
[07:59:56] [info] primitive tally block 0: clear=200(hr=200) fill=0(hr=0) rect=0(hr=0) line=0(hr=0) tint=0 spotlight=0 (over 100 flips ending at flip 1100)
[07:59:56] [info] color/alpha audit block 0: cmod_white=923 cmod_black=923 (idx=923) cmod_general=0 (idx=0) cmod_fb=0; alpha_taken=0 alpha_skipped=0 (global cmod=8826/7320/693/0 idx=7320/693 alpha=0/0)
[07:59:56] [info] phase timing block 0: drawcalls=4617 dc_total_ms=954 flip_inner_total_ms=650 inter_flip_total_ms=6105 (per-flip avg x10: dc_ms=95 fi_ms=65 if_ms=610 derived audio+engine_ms=450; per-drawcall avg us_x10=2067) [direct-vesa: presents=100 total_ms=384 avg_ms_x10=38 failed=0] [ablation: NO_DC_TIMING=0 CACHE_WINSURF=0 DIRECT_VESA=1]
[07:59:56] [info] kbd/audio block 0: kbd_irq=0 kbd_drain=0 ring_chunks=16 pump_pass=3200 pic1_mask=0xb8 first_irq_ticks=0 install_ticks=0 vector_at_install=0x0083e390 pic1_mask_live=0x38 kbd_8042_stat=0x34 bios_kbd_head=0x002e bios_kbd_tail=0x002e bios_kbd_buf0=0x3920
[07:59:56] [info] dirty-rect block @flip=1100: total_calls=0 dirty_rects_avg=1 dirty_pct_x10=1000 forced_full=0 first_n_force=0 threshold_exceeded=0 dirty_path_taken=0 full_flush_taken=0
[07:59:56] [info] prev-frame-diff block @flip=1100: diff_calls=0 diff_rects_avg=0 diff_dirty_pct_x10=0 bbox_pct_x10=0 bbox_thresh_exceeded=0
[07:59:56] [info] backdrop cache: thrashing-detect engaged (streak=124, route=direct)
[07:59:56] [info] flip-probe: flip #1110 ok=true present=4ms inter_flip_ms=57 drawcalls-since-flip=16 drawcalls-total=76047 fail-total=0 null-skips-total=0
[07:59:57] [info] flip-probe: flip #1120 ok=true present=4ms inter_flip_ms=54 drawcalls-since-flip=17 drawcalls-total=76214 fail-total=0 null-skips-total=0
[07:59:57] [info] flip-probe: flip #1130 ok=true present=4ms inter_flip_ms=57 drawcalls-since-flip=18 drawcalls-total=76391 fail-total=0 null-skips-total=0
[07:59:58] [info] flip-probe: flip #1140 ok=true present=4ms inter_flip_ms=57 drawcalls-since-flip=18 drawcalls-total=76571 fail-total=0 null-skips-total=0
[07:59:58] [info] flip-probe: flip #1150 ok=true present=4ms inter_flip_ms=56 drawcalls-since-flip=20 drawcalls-total=76758 fail-total=0 null-skips-total=0
[07:59:59] [info] flip-probe: flip #1160 ok=true present=4ms inter_flip_ms=55 drawcalls-since-flip=20 drawcalls-total=76958 fail-total=0 null-skips-total=0
[07:59:59] [info] backdrop cache: thrashing-detect engaged (streak=184, route=direct)
[08:00:00] [info] flip-probe: flip #1170 ok=true present=4ms inter_flip_ms=56 drawcalls-since-flip=16 drawcalls-total=77147 fail-total=0 null-skips-total=0
[08:00:00] [info] flip-probe: flip #1180 ok=true present=3ms inter_flip_ms=57 drawcalls-since-flip=16 drawcalls-total=77307 fail-total=0 null-skips-total=0
[08:00:01] [info] flip-probe: flip #1190 ok=true present=3ms inter_flip_ms=58 drawcalls-since-flip=18 drawcalls-total=77473 fail-total=0 null-skips-total=0
[08:00:01] [info] flip-probe: flip #1200 ok=true present=4ms inter_flip_ms=55 drawcalls-since-flip=16 drawcalls-total=77640 fail-total=0 null-skips-total=0
[08:00:01] [info] alpha audit block 0: 1660 total drawcalls, 0 with alpha<255 (block pct_x10=0; global 0/68621 pct_x10=0); alpha-mod skipped: block=0 global=0
[08:00:01] [info] fastpath audit block 0: taken=1660 (idx8=1660) skipped=0 pct_x10=1000; global taken=68621 (idx8=68621) skipped=0 pct_x10=1000
[08:00:01] [info] primitive tally block 0: clear=200(hr=200) fill=0(hr=0) rect=0(hr=0) line=0(hr=0) tint=0 spotlight=0 (over 100 flips ending at flip 1200)
[08:00:01] [info] phase timing block 0: drawcalls=1860 dc_total_ms=727 flip_inner_total_ms=654 inter_flip_total_ms=5802 (per-flip avg x10: dc_ms=72 fi_ms=65 if_ms=580 derived audio+engine_ms=443; per-drawcall avg us_x10=3912) [direct-vesa: presents=100 total_ms=382 avg_ms_x10=38 failed=0] [ablation: NO_DC_TIMING=0 CACHE_WINSURF=0 DIRECT_VESA=1]
[08:00:01] [info] kbd/audio block 0: kbd_irq=0 kbd_drain=0 ring_chunks=16 pump_pass=3490 pic1_mask=0xb8 first_irq_ticks=0 install_ticks=0 vector_at_install=0x0083e390 pic1_mask_live=0x38 kbd_8042_stat=0x34 bios_kbd_head=0x002e bios_kbd_tail=0x002e bios_kbd_buf0=0x3920
[08:00:01] [info] dirty-rect block @flip=1200: total_calls=0 dirty_rects_avg=1 dirty_pct_x10=1000 forced_full=0 first_n_force=0 threshold_exceeded=0 dirty_path_taken=0 full_flush_taken=0
[08:00:01] [info] prev-frame-diff block @flip=1200: diff_calls=0 diff_rects_avg=0 diff_dirty_pct_x10=0 bbox_pct_x10=0 bbox_thresh_exceeded=0
[08:00:02] [info] flip-probe: flip #1210 ok=true present=4ms inter_flip_ms=54 drawcalls-since-flip=16 drawcalls-total=77793 fail-total=0 null-skips-total=0
[08:00:03] [info] flip-probe: flip #1220 ok=true present=4ms inter_flip_ms=59 drawcalls-since-flip=19 drawcalls-total=77964 fail-total=0 null-skips-total=0
[08:00:03] [info] backdrop cache: thrashing-detect engaged (streak=244, route=direct)
[08:00:03] [info] flip-probe: flip #1230 ok=true present=4ms inter_flip_ms=57 drawcalls-since-flip=17 drawcalls-total=78152 fail-total=0 null-skips-total=0
[08:00:04] [info] run_tick_fixed #3600: heartbeat (loop alive)
[08:00:04] [info] flip-probe: flip #1240 ok=true present=4ms inter_flip_ms=107 drawcalls-since-flip=359 drawcalls-total=79686 fail-total=0 null-skips-total=0
[08:00:04] [info]  >> Entering stage 19: 'Assembly Hall'.
[08:00:04] [info] [skip-sheet-flush] cave=8
[08:00:05] [info] [load-stage] preloading entry music song=9 (cave=8)
[08:00:05] [info] gameloop: entered (curmap=19, running=1)
[08:00:05] [info] gameloop: iter 1 ticks=126953 mapno=-1
[08:00:05] [info] mds-clear-lut: rebuilt N=240 entries (k_skip=100% k_keep=0%; curmap=19 map_size=21x16; rebuild #6 since boot)
[08:00:05] [info] gameloop: iter 2 ticks=127083 mapno=-1
[08:00:05] [info] gameloop: iter 3 ticks=127196 mapno=-1
[08:00:06] [info] flip-probe: flip #1250 ok=true present=4ms inter_flip_ms=53 drawcalls-since-flip=111 drawcalls-total=82592 fail-total=0 null-skips-total=0
[08:00:06] [info] flip-probe: flip #1260 ok=true present=4ms inter_flip_ms=56 drawcalls-since-flip=121 drawcalls-total=83802 fail-total=0 null-skips-total=0
[08:00:07] [info] flip-probe: flip #1270 ok=true present=4ms inter_flip_ms=59 drawcalls-since-flip=123 drawcalls-total=85014 fail-total=0 null-skips-total=0
[08:00:08] [info] flip-probe: flip #1280 ok=true present=4ms inter_flip_ms=54 drawcalls-since-flip=121 drawcalls-total=86244 fail-total=0 null-skips-total=0
[08:00:08] [info] flip-probe: flip #1290 ok=true present=4ms inter_flip_ms=55 drawcalls-since-flip=122 drawcalls-total=87465 fail-total=0 null-skips-total=0
[08:00:09] [info] flip-probe: flip #1300 ok=true present=4ms inter_flip_ms=55 drawcalls-since-flip=121 drawcalls-total=88675 fail-total=0 null-skips-total=0
[08:00:09] [info] alpha audit block 0: 10239 total drawcalls, 0 with alpha<255 (block pct_x10=0; global 0/78860 pct_x10=0); alpha-mod skipped: block=0 global=0
[08:00:09] [info] fastpath audit block 0: taken=10239 (idx8=10239) skipped=0 pct_x10=1000; global taken=78860 (idx8=78860) skipped=0 pct_x10=1000
[08:00:09] [info] primitive tally block 0: clear=201(hr=201) fill=0(hr=0) rect=0(hr=0) line=0(hr=0) tint=0 spotlight=0 (over 100 flips ending at flip 1300)
[08:00:09] [info] color/alpha audit block 0: cmod_white=696 cmod_black=696 (idx=696) cmod_general=0 (idx=0) cmod_fb=0; alpha_taken=0 alpha_skipped=0 (global cmod=9522/8016/693/0 idx=8016/693 alpha=0/0)
[08:00:09] [info] phase timing block 0: drawcalls=11890 dc_total_ms=1639 flip_inner_total_ms=654 inter_flip_total_ms=7363 (per-flip avg x10: dc_ms=163 fi_ms=65 if_ms=736 derived audio+engine_ms=508; per-drawcall avg us_x10=1378) [direct-vesa: presents=100 total_ms=390 avg_ms_x10=39 failed=0] [ablation: NO_DC_TIMING=0 CACHE_WINSURF=0 DIRECT_VESA=1]
[08:00:09] [info] kbd/audio block 0: kbd_irq=0 kbd_drain=0 ring_chunks=16 pump_pass=3805 pic1_mask=0xb8 first_irq_ticks=0 install_ticks=0 vector_at_install=0x0083e390 pic1_mask_live=0x38 kbd_8042_stat=0x34 bios_kbd_head=0x002e bios_kbd_tail=0x002e bios_kbd_buf0=0x3920
[08:00:09] [info] dirty-rect block @flip=1300: total_calls=0 dirty_rects_avg=1 dirty_pct_x10=1000 forced_full=0 first_n_force=0 threshold_exceeded=0 dirty_path_taken=0 full_flush_taken=0
[08:00:09] [info] prev-frame-diff block @flip=1300: diff_calls=0 diff_rects_avg=0 diff_dirty_pct_x10=0 bbox_pct_x10=0 bbox_thresh_exceeded=0
[08:00:09] [info] flip-probe: flip #1310 ok=true present=4ms inter_flip_ms=54 drawcalls-since-flip=121 drawcalls-total=89885 fail-total=0 null-skips-total=0
[08:00:10] [info] flip-probe: flip #1320 ok=true present=4ms inter_flip_ms=78 drawcalls-since-flip=286 drawcalls-total=91333 fail-total=0 null-skips-total=0
[08:00:11] [info]  >> Entering stage 11: 'Mimiga Village'.
[08:00:11] [info] [skip-sheet-flush] cave=9
[08:00:11] [info] [load-stage] preloading entry music song=9 (cave=9)
[08:00:11] [info] gameloop: entered (curmap=11, running=1)
[08:00:11] [info] gameloop: iter 1 ticks=133312 mapno=-1
[08:00:12] [info] mds-clear-lut: rebuilt N=240 entries (k_skip=0% k_keep=100%; curmap=11 map_size=60x60; rebuild #7 since boot)
[08:00:12] [info] gameloop: iter 2 ticks=133443 mapno=-1
[08:00:12] [info] gameloop: iter 3 ticks=133564 mapno=-1
[08:00:12] [info] flip-probe: flip #1330 ok=true present=4ms inter_flip_ms=122 drawcalls-since-flip=372 drawcalls-total=95217 fail-total=0 null-skips-total=0
[08:00:12] [info] backdrop cache: thrashing-detect engaged (streak=4, route=direct)
[08:00:13] [info] flip-probe: flip #1340 ok=true present=4ms inter_flip_ms=64 drawcalls-since-flip=45 drawcalls-total=95944 fail-total=0 null-skips-total=0
[08:00:13] [info] flip-probe: flip #1350 ok=true present=4ms inter_flip_ms=61 drawcalls-since-flip=41 drawcalls-total=96375 fail-total=0 null-skips-total=0
[08:00:14] [info] flip-probe: flip #1360 ok=true present=4ms inter_flip_ms=61 drawcalls-since-flip=43 drawcalls-total=96797 fail-total=0 null-skips-total=0
[08:00:15] [info] flip-probe: flip #1370 ok=true present=4ms inter_flip_ms=62 drawcalls-since-flip=42 drawcalls-total=97225 fail-total=0 null-skips-total=0
[08:00:15] [info] flip-probe: flip #1380 ok=true present=4ms inter_flip_ms=62 drawcalls-since-flip=44 drawcalls-total=97662 fail-total=0 null-skips-total=0
[08:00:16] [info] flip-probe: flip #1390 ok=true present=4ms inter_flip_ms=63 drawcalls-since-flip=43 drawcalls-total=98098 fail-total=0 null-skips-total=0
[08:00:16] [info] backdrop cache: thrashing-detect engaged (streak=64, route=direct)
[08:00:17] [info] flip-probe: flip #1400 ok=true present=4ms inter_flip_ms=62 drawcalls-since-flip=43 drawcalls-total=98528 fail-total=0 null-skips-total=0
[08:00:17] [info] alpha audit block 0: 8479 total drawcalls, 0 with alpha<255 (block pct_x10=0; global 0/87339 pct_x10=0); alpha-mod skipped: block=0 global=0
[08:00:17] [info] fastpath audit block 0: taken=8479 (idx8=8479) skipped=0 pct_x10=1000; global taken=87339 (idx8=87339) skipped=0 pct_x10=1000
[08:00:17] [info] primitive tally block 0: clear=201(hr=201) fill=0(hr=0) rect=0(hr=0) line=0(hr=0) tint=0 spotlight=0 (over 100 flips ending at flip 1400)
[08:00:17] [info] color/alpha audit block 0: cmod_white=1274 cmod_black=1274 (idx=1274) cmod_general=0 (idx=0) cmod_fb=0; alpha_taken=0 alpha_skipped=0 (global cmod=10796/9290/693/0 idx=9290/693 alpha=0/0)
[08:00:17] [info] phase timing block 0: drawcalls=11259 dc_total_ms=1614 flip_inner_total_ms=661 inter_flip_total_ms=7841 (per-flip avg x10: dc_ms=161 fi_ms=66 if_ms=784 derived audio+engine_ms=557; per-drawcall avg us_x10=1434) [direct-vesa: presents=100 total_ms=382 avg_ms_x10=38 failed=0] [ablation: NO_DC_TIMING=0 CACHE_WINSURF=0 DIRECT_VESA=1]
[08:00:17] [info] kbd/audio block 0: kbd_irq=0 kbd_drain=0 ring_chunks=16 pump_pass=4138 pic1_mask=0xb8 first_irq_ticks=0 install_ticks=0 vector_at_install=0x0083e390 pic1_mask_live=0x38 kbd_8042_stat=0x34 bios_kbd_head=0x002e bios_kbd_tail=0x002e bios_kbd_buf0=0x3920
[08:00:17] [info] dirty-rect block @flip=1400: total_calls=0 dirty_rects_avg=1 dirty_pct_x10=1000 forced_full=0 first_n_force=0 threshold_exceeded=0 dirty_path_taken=0 full_flush_taken=0
[08:00:17] [info] prev-frame-diff block @flip=1400: diff_calls=0 diff_rects_avg=0 diff_dirty_pct_x10=0 bbox_pct_x10=0 bbox_thresh_exceeded=0
[08:00:17] [info] flip-probe: flip #1410 ok=true present=4ms inter_flip_ms=63 drawcalls-since-flip=42 drawcalls-total=98948 fail-total=0 null-skips-total=0
[08:00:18] [info] flip-probe: flip #1420 ok=true present=4ms inter_flip_ms=62 drawcalls-since-flip=43 drawcalls-total=99374 fail-total=0 null-skips-total=0
[08:00:19] [info] flip-probe: flip #1430 ok=true present=4ms inter_flip_ms=63 drawcalls-since-flip=44 drawcalls-total=99810 fail-total=0 null-skips-total=0
[08:00:19] [info] flip-probe: flip #1440 ok=true present=4ms inter_flip_ms=60 drawcalls-since-flip=40 drawcalls-total=100232 fail-total=0 null-skips-total=0
[08:00:20] [info] flip-probe: flip #1450 ok=true present=4ms inter_flip_ms=76 drawcalls-since-flip=148 drawcalls-total=100712 fail-total=0 null-skips-total=0
[08:00:20] [info] backdrop cache: thrashing-detect engaged (streak=124, route=direct)
[08:00:20] [info] tas: stall frame 180 ms -> contributing 1 tick (patch 0286)
[08:00:21] [info]  >> Entering stage 14: 'Shack'.
[08:00:21] [info] [skip-sheet-flush] cave=10
[08:00:21] [info] [load-stage] preloading entry music song=8 (cave=10)
[08:00:21] [info] [music-dispatch] tick=4329 song=8 (prev 9)
[08:00:21] [info] opl3 backend: on_song_stop
[08:00:21] [info] MidiScheduler::load: parsed 'data/orgmid2/vivi.mid' = 4558 events at 48 PPQ
[08:00:21] [info] opl3 backend: on_song_start
[08:00:22] [info] gameloop: entered (curmap=14, running=1)
[08:00:22] [info] gameloop: iter 1 ticks=143378 mapno=-1
[08:00:22] [info] gameloop: iter 2 ticks=143476 mapno=-1
[08:00:22] [info] gameloop: iter 3 ticks=143580 mapno=-1
[08:00:22] [info] flip-probe: flip #1460 ok=true present=4ms inter_flip_ms=105 drawcalls-since-flip=365 drawcalls-total=103859 fail-total=0 null-skips-total=0
[08:00:22] [info] flip-probe: flip #1470 ok=true present=4ms inter_flip_ms=43 drawcalls-since-flip=23 drawcalls-total=104711 fail-total=0 null-skips-total=0
[08:00:23] [info] flip-probe: flip #1480 ok=true present=4ms inter_flip_ms=44 drawcalls-since-flip=23 drawcalls-total=104941 fail-total=0 null-skips-total=0
[08:00:23] [info] flip-probe: flip #1490 ok=true present=4ms inter_flip_ms=46 drawcalls-since-flip=25 drawcalls-total=105177 fail-total=0 null-skips-total=0
[08:00:24] [info] flip-probe: flip #1500 ok=true present=4ms inter_flip_ms=45 drawcalls-since-flip=24 drawcalls-total=105436 fail-total=0 null-skips-total=0
[08:00:24] [info] alpha audit block 0: 6038 total drawcalls, 0 with alpha<255 (block pct_x10=0; global 0/93377 pct_x10=0); alpha-mod skipped: block=0 global=0
[08:00:24] [info] fastpath audit block 0: taken=6038 (idx8=6038) skipped=0 pct_x10=1000; global taken=93377 (idx8=93377) skipped=0 pct_x10=1000
[08:00:24] [info] primitive tally block 0: clear=201(hr=201) fill=0(hr=0) rect=0(hr=0) line=0(hr=0) tint=0 spotlight=0 (over 100 flips ending at flip 1500)
[08:00:24] [info] color/alpha audit block 0: cmod_white=813 cmod_black=813 (idx=813) cmod_general=0 (idx=0) cmod_fb=0; alpha_taken=0 alpha_skipped=0 (global cmod=11609/10103/693/0 idx=10103/693 alpha=0/0)
[08:00:24] [info] phase timing block 0: drawcalls=7865 dc_total_ms=1294 flip_inner_total_ms=655 inter_flip_total_ms=7279 (per-flip avg x10: dc_ms=129 fi_ms=65 if_ms=727 derived audio+engine_ms=533; per-drawcall avg us_x10=1646) [direct-vesa: presents=100 total_ms=386 avg_ms_x10=38 failed=0] [ablation: NO_DC_TIMING=0 CACHE_WINSURF=0 DIRECT_VESA=1]
[08:00:24] [info] kbd/audio block 0: kbd_irq=0 kbd_drain=0 ring_chunks=16 pump_pass=4441 pic1_mask=0xb8 first_irq_ticks=0 install_ticks=0 vector_at_install=0x0083e390 pic1_mask_live=0x38 kbd_8042_stat=0x34 bios_kbd_head=0x002e bios_kbd_tail=0x002e bios_kbd_buf0=0x3920
[08:00:24] [info] dirty-rect block @flip=1500: total_calls=0 dirty_rects_avg=1 dirty_pct_x10=1000 forced_full=0 first_n_force=0 threshold_exceeded=0 dirty_path_taken=0 full_flush_taken=0
[08:00:24] [info] prev-frame-diff block @flip=1500: diff_calls=0 diff_rects_avg=0 diff_dirty_pct_x10=0 bbox_pct_x10=0 bbox_thresh_exceeded=0
[08:00:24] [info] flip-probe: flip #1510 ok=true present=5ms inter_flip_ms=46 drawcalls-since-flip=23 drawcalls-total=105667 fail-total=0 null-skips-total=0
[08:00:25] [info] flip-probe: flip #1520 ok=true present=4ms inter_flip_ms=43 drawcalls-since-flip=23 drawcalls-total=105897 fail-total=0 null-skips-total=0
[08:00:25] [info] run_tick_fixed #4500: heartbeat (loop alive)
[08:00:25] [info] flip-probe: flip #1530 ok=true present=5ms inter_flip_ms=46 drawcalls-since-flip=23 drawcalls-total=106127 fail-total=0 null-skips-total=0
[08:00:26] [info] flip-probe: flip #1540 ok=true present=4ms inter_flip_ms=44 drawcalls-since-flip=23 drawcalls-total=106357 fail-total=0 null-skips-total=0
[08:00:26] [info] flip-probe: flip #1550 ok=true present=4ms inter_flip_ms=44 drawcalls-since-flip=23 drawcalls-total=106587 fail-total=0 null-skips-total=0
[08:00:27] [info] flip-probe: flip #1560 ok=true present=4ms inter_flip_ms=65 drawcalls-since-flip=157 drawcalls-total=107001 fail-total=0 null-skips-total=0
[08:00:27] [info]  >> Entering stage 11: 'Mimiga Village'.
[08:00:27] [info] [skip-sheet-flush] cave=11
[08:00:28] [info] [load-stage] preloading entry music song=9 (cave=11)
[08:00:28] [info] [music-dispatch] tick=4609 song=9 (prev 8)
[08:00:28] [info] opl3 backend: on_song_stop
[08:00:28] [info] MidiScheduler::load: parsed 'data/orgmid2/mura.mid' = 2863 events at 48 PPQ
[08:00:28] [info] opl3 backend: on_song_start
[08:00:28] [info] gameloop: entered (curmap=11, running=1)
[08:00:28] [info] gameloop: iter 1 ticks=149849 mapno=-1
[08:00:28] [info] gameloop: iter 2 ticks=149968 mapno=-1
[08:00:28] [info] gameloop: iter 3 ticks=150087 mapno=-1
[08:00:29] [info] flip-probe: flip #1570 ok=true present=4ms inter_flip_ms=124 drawcalls-since-flip=378 drawcalls-total=110239 fail-total=0 null-skips-total=0
[08:00:29] [info] backdrop cache: thrashing-detect engaged (streak=4, route=direct)
[08:00:29] [info] flip-probe: flip #1580 ok=true present=4ms inter_flip_ms=58 drawcalls-since-flip=40 drawcalls-total=110993 fail-total=0 null-skips-total=0
[08:00:30] [info] flip-probe: flip #1590 ok=true present=4ms inter_flip_ms=63 drawcalls-since-flip=43 drawcalls-total=111414 fail-total=0 null-skips-total=0
[08:00:30] [info] flip-probe: flip #1600 ok=true present=4ms inter_flip_ms=68 drawcalls-since-flip=46 drawcalls-total=111856 fail-total=0 null-skips-total=0
[08:00:30] [info] alpha audit block 0: 5614 total drawcalls, 0 with alpha<255 (block pct_x10=0; global 0/98991 pct_x10=0); alpha-mod skipped: block=0 global=0
[08:00:30] [info] fastpath audit block 0: taken=5614 (idx8=5614) skipped=0 pct_x10=1000; global taken=98991 (idx8=98991) skipped=0 pct_x10=1000
[08:00:30] [info] primitive tally block 0: clear=201(hr=201) fill=0(hr=0) rect=0(hr=0) line=0(hr=0) tint=0 spotlight=0 (over 100 flips ending at flip 1600)
[08:00:30] [info] color/alpha audit block 0: cmod_white=772 cmod_black=772 (idx=772) cmod_general=0 (idx=0) cmod_fb=0; alpha_taken=0 alpha_skipped=0 (global cmod=12381/10875/693/0 idx=10875/693 alpha=0/0)
[08:00:31] [info] phase timing block 0: drawcalls=7364 dc_total_ms=1267 flip_inner_total_ms=658 inter_flip_total_ms=6667 (per-flip avg x10: dc_ms=126 fi_ms=65 if_ms=666 derived audio+engine_ms=475; per-drawcall avg us_x10=1721) [direct-vesa: presents=100 total_ms=385 avg_ms_x10=38 failed=0] [ablation: NO_DC_TIMING=0 CACHE_WINSURF=0 DIRECT_VESA=1]
[08:00:31] [info] kbd/audio block 0: kbd_irq=0 kbd_drain=0 ring_chunks=16 pump_pass=4723 pic1_mask=0xb8 first_irq_ticks=0 install_ticks=0 vector_at_install=0x0083e390 pic1_mask_live=0x38 kbd_8042_stat=0x34 bios_kbd_head=0x002e bios_kbd_tail=0x002e bios_kbd_buf0=0x3920
[08:00:31] [info] dirty-rect block @flip=1600: total_calls=0 dirty_rects_avg=1 dirty_pct_x10=1000 forced_full=0 first_n_force=0 threshold_exceeded=0 dirty_path_taken=0 full_flush_taken=0
[08:00:31] [info] prev-frame-diff block @flip=1600: diff_calls=0 diff_rects_avg=0 diff_dirty_pct_x10=0 bbox_pct_x10=0 bbox_thresh_exceeded=0
[08:00:31] [info] flip-probe: flip #1610 ok=true present=4ms inter_flip_ms=60 drawcalls-since-flip=42 drawcalls-total=112287 fail-total=0 null-skips-total=0
[08:00:32] [info] flip-probe: flip #1620 ok=true present=4ms inter_flip_ms=65 drawcalls-since-flip=46 drawcalls-total=112718 fail-total=0 null-skips-total=0
[08:00:32] [info] backdrop cache: thrashing-detect engaged (streak=4, route=direct)
[08:00:32] [info] flip-probe: flip #1630 ok=true present=4ms inter_flip_ms=58 drawcalls-since-flip=44 drawcalls-total=113161 fail-total=0 null-skips-total=0
[08:00:33] [info] flip-probe: flip #1640 ok=true present=4ms inter_flip_ms=61 drawcalls-since-flip=45 drawcalls-total=113602 fail-total=0 null-skips-total=0
[08:00:34] [info] flip-probe: flip #1650 ok=true present=5ms inter_flip_ms=61 drawcalls-since-flip=44 drawcalls-total=114055 fail-total=0 null-skips-total=0
[08:00:34] [info] flip-probe: flip #1660 ok=true present=4ms inter_flip_ms=59 drawcalls-since-flip=43 drawcalls-total=114488 fail-total=0 null-skips-total=0
[08:00:35] [info] backdrop cache: thrashing-detect engaged (streak=4, route=direct)
[08:00:35] [info] flip-probe: flip #1670 ok=true present=4ms inter_flip_ms=60 drawcalls-since-flip=44 drawcalls-total=114924 fail-total=0 null-skips-total=0
[08:00:36] [info] flip-probe: flip #1680 ok=true present=4ms inter_flip_ms=60 drawcalls-since-flip=46 drawcalls-total=115379 fail-total=0 null-skips-total=0
[08:00:36] [info] flip-probe: flip #1690 ok=true present=4ms inter_flip_ms=53 drawcalls-since-flip=18 drawcalls-total=115722 fail-total=0 null-skips-total=0
[08:00:37] [info] flip-probe: flip #1700 ok=true present=4ms inter_flip_ms=57 drawcalls-since-flip=18 drawcalls-total=115902 fail-total=0 null-skips-total=0
[08:00:37] [info] alpha audit block 0: 2828 total drawcalls, 0 with alpha<255 (block pct_x10=0; global 0/101819 pct_x10=0); alpha-mod skipped: block=0 global=0
[08:00:37] [info] fastpath audit block 0: taken=2828 (idx8=2828) skipped=0 pct_x10=1000; global taken=101819 (idx8=101819) skipped=0 pct_x10=1000
[08:00:37] [info] primitive tally block 0: clear=200(hr=200) fill=0(hr=0) rect=0(hr=0) line=0(hr=0) tint=0 spotlight=0 (over 100 flips ending at flip 1700)
[08:00:37] [info] color/alpha audit block 0: cmod_white=1118 cmod_black=1118 (idx=1118) cmod_general=0 (idx=0) cmod_fb=0; alpha_taken=0 alpha_skipped=0 (global cmod=13499/11993/693/0 idx=11993/693 alpha=0/0)
[08:00:37] [info] phase timing block 0: drawcalls=5272 dc_total_ms=1054 flip_inner_total_ms=645 inter_flip_total_ms=6245 (per-flip avg x10: dc_ms=105 fi_ms=64 if_ms=624 derived audio+engine_ms=455; per-drawcall avg us_x10=2000) [direct-vesa: presents=100 total_ms=385 avg_ms_x10=38 failed=0] [ablation: NO_DC_TIMING=0 CACHE_WINSURF=0 DIRECT_VESA=1]
[08:00:37] [info] kbd/audio block 0: kbd_irq=0 kbd_drain=0 ring_chunks=16 pump_pass=5036 pic1_mask=0xb8 first_irq_ticks=0 install_ticks=0 vector_at_install=0x0083e390 pic1_mask_live=0x38 kbd_8042_stat=0x34 bios_kbd_head=0x002e bios_kbd_tail=0x002e bios_kbd_buf0=0x3920
[08:00:37] [info] dirty-rect block @flip=1700: total_calls=0 dirty_rects_avg=1 dirty_pct_x10=1000 forced_full=0 first_n_force=0 threshold_exceeded=0 dirty_path_taken=0 full_flush_taken=0
[08:00:37] [info] prev-frame-diff block @flip=1700: diff_calls=0 diff_rects_avg=0 diff_dirty_pct_x10=0 bbox_pct_x10=0 bbox_thresh_exceeded=0
[08:00:37] [info] flip-probe: flip #1710 ok=true present=4ms inter_flip_ms=58 drawcalls-since-flip=18 drawcalls-total=116082 fail-total=0 null-skips-total=0
[08:00:38] [info] flip-probe: flip #1720 ok=true present=4ms inter_flip_ms=58 drawcalls-since-flip=18 drawcalls-total=116262 fail-total=0 null-skips-total=0
[08:00:38] [info] run_tick_fixed #5100: heartbeat (loop alive)
[08:00:38] [info] backdrop cache: thrashing-detect engaged (streak=64, route=direct)
[08:00:39] [info] flip-probe: flip #1730 ok=true present=4ms inter_flip_ms=56 drawcalls-since-flip=59 drawcalls-total=116729 fail-total=0 null-skips-total=0
[08:00:39] [info] flip-probe: flip #1740 ok=true present=4ms inter_flip_ms=57 drawcalls-since-flip=59 drawcalls-total=117319 fail-total=0 null-skips-total=0
[08:00:40] [info] flip-probe: flip #1750 ok=true present=3ms inter_flip_ms=57 drawcalls-since-flip=59 drawcalls-total=117909 fail-total=0 null-skips-total=0
[08:00:40] [info] tas: end-of-replay auto-exit at tick 5140 (recording exhausted; set DOSKUTSU_TAS_REPLAY_HOLD=1 to disable + observe steady-state past recording end)
[08:00:40] [info] Script engine shutdown.
[08:00:40] [info] opl3 backend: on_song_stop
[08:00:40] [info] opl3 backend: cleared reg 0xBD chip-wide latch (wub-wub mitigation per flush-instr WAVE-46 H6)
[08:00:40] [info] opl3 backend shutdown (all 18 voices KEY-OFF unconditionally; OPL2 mode restored; chip state safe for next process)
[08:00:40] [info] Sound system shutdown
[08:00:41] [info] Renderer::Close()
[08:00:41] [info] tas: replay file closed
[08:00:41] [info] [fps-true] flips=1757 render_s=157 fps_mean=11.1 (clock-independent: flips / seconds since the FIRST flip; use THIS for the fps matrix, not inter_flip medians, which are invalid in any cell running the PIT/IRQ-0 music pump)
[RUNMANIFEST-BEGIN]
schema_version=2
environment=realhw
binary_sha12=UNKNOWN
binary_sha12_src=unknown
build_sha12=1f79ce20e4ee
organya_cache_key=1f79ce20e4ee
wave_tag=5R4
scene=
env_block_sha=5ccb6c0e27c4
started_rtc_local=2026-08-13T07:57:48
duration_s=173
exit_code=0
fps_true_flips=1757
fps_true_render_s=157
reel_ticks=5140
reel_game_seconds=102.8
per_loop_fps=17.0
overhead_s=55
music_pump_active=0
cpu_vendor=GenuineIntel
cpu_have_cpuid=1
cpu_family=4
cpu_model=3
cpu_stepping=5
cpu_mhz_est=49
cpu_has_fpu=1
cpu_class=486_slow
audio_backend=opl3
video_logical_wxh=320x240
video_logical_bpp=8
video_vram_kb=4096
video_lfb_or_banked=lfb
audio_is_sb16=0
audio_dsp_ver=2.01
audio_dma_path=8bit-low
audio_force_8bit=0
audio_dma_channel=3
fps_p50=17.2
fps_p95=10.2
fps_sample_n=175
fps_sample_interval=10
pump_clock_state=no-pump
audio_vital_status=NA
regime=NA
banner_required_hit=0
banner_required_total=0
banner_forbidden_hit=0
banner_optional_hit=0
critical_count=0
warn_count=0
perstage_count=12
perstage_00=stage:72 ticks:95 flips:95 fps:50.0
perstage_01=stage:1005 ticks:80 flips:80 fps:50.0
perstage_02=stage:20 ticks:122 flips:50 fps:20.4
perstage_03=stage:11 ticks:457 flips:143 fps:15.6
perstage_04=stage:17 ticks:770 flips:175 fps:11.3
perstage_05=stage:11 ticks:548 flips:172 fps:15.6
perstage_06=stage:15 ticks:665 flips:235 fps:17.6
perstage_07=stage:11 ticks:891 flips:291 fps:16.3
perstage_08=stage:19 ticks:266 flips:84 fps:15.7
perstage_09=stage:11 ticks:435 flips:131 fps:15.0
perstage_10=stage:14 ticks:280 flips:109 fps:19.4
perstage_11=stage:11 ticks:531 flips:191 fps:17.9
[RUNMANIFEST-END]
[08:00:41] [info] [runmanifest-emit] schema=v2 env=realhw binary_sha12=UNKNOWN(unknown) build_sha12=1f79ce20e4ee per_loop_fps=17.0 overhead_s=55 pump=0 dur=173s tag='5R4' scene='' (signals=0x4)
