Logger::init: wave-53 log level=INFO path='LOGS/5R4B.LOG'
[08:00:56] [info] config: loaded DOSKUTSU.CFG (3 keys)
[08:00:56] [info] [cpu-witness] vendor=GenuineIntel cpuid=1 family=4 model=3 stepping=5 mhz_est=49 fpu=1 class=486_slow (boot-time attestation of the running CPU; MHZ_486_LOOP_DIV=16400 mirrors SETUP)
[08:00:56] [info] tas: PRNG seed forced to 12345 via DOSKUTSU_TAS_PRNG_SEED
[08:00:56] [info] tas: auto-exit armed at tick 30000 via DOSKUTSU_TAS_AUTO_EXIT_TICK
[08:00:56] [info] tas: replay opened path='QA.TAS' header_seed=12345
[08:00:57] [info] data cache: DISABLED (default)
[08:00:57] [info] Joystick: skipped (default; set DOSKUTSU_USE_JOYSTICK=1 to enable -- skips SDL3-DOS gameport BIOS INT 15h polling, ~82 ms / flip on real HW)
[08:00:57] [info] Loading settings...
[08:00:57] [info] [input-bind] applied=0 invert_y=0 dos_axes=1
[08:00:57] [info] Renderer::initVideo: 8bpp mode requested via SDL_HINT_DOS_MAX_BPP=8 (wave 16); SDL3-DOS will pick the highest-bpp <= 8 mode at requested resolution
[08:00:57] [info] Renderer::initVideo: DOS resolution-label lock ENABLED (default)
[08:00:58] [info] center-oversized: not needed (surface matches the logical screen) surface=320x240 logical=320x240 offset=0,0
[08:00:58] [info] Renderer::initVideo: using: software renderer
[08:01:01] [info] Renderer::initVideo: dirty-rect tracking ENABLED (wave 15, default ON; set SDL_HINT_DOSKUTSU_DIRTY_RECTS=0 to disable)
[08:01:01] [info] Renderer::initVideo: ablation flags: NO_DC_TIMING=0 CACHE_WINSURF=0 NO_INPUT_POLL=0 DIRECT_VESA=1
[08:01:01] [info] Renderer::initVideo: direct-VESA hot path ENABLED (default since wave 20 patch 0088; bypasses SDL_RenderPresent / SDL_UpdateWindowSurface and writes via SDL/0034's PresentFull helper; R2 mitigation handled by SDL/0034 generation counter -- no per-N-flip heartbeat needed; set SDL_HINT_DOSKUTSU_DIRECT_VESA=0 to revert)
[08:01:01] [info] Renderer::initVideo: flip-phase instrumentation DISABLED (default; set SDL_HINT_DOSKUTSU_FLIP_INSTR=1 to opt in for wave-20 Lever A diagnostic)
[08:01:01] [info] Renderer::initVideo: asm opaque-span blit lever DISABLED (default; set SDL_HINT_DOSKUTSU_ASM_BLIT=1 to opt in -- wave-51 _blit_indexed colorkey-blit lever)
[08:01:01] [info] Renderer::initVideo: blit-decomp instrumentation DISABLED (default; set SDL_HINT_DOSKUTSU_BLIT_DECOMP=1 to opt in -- wave-51 _blit_indexed sub-decomp sizing)
[08:01:01] [info] Renderer::initVideo: mds-scroll-decomp instrumentation DISABLED (default; set SDL_HINT_DOSKUTSU_MDS_DECOMP=1 to opt in -- wave-52 mode_draw_scene scrolling-block decomp)
[08:01:01] [info] Renderer::initVideo: DOSVESA pump yield: skipped (default) (per-flip explicit SDL_Delay(0) yield is always on; set SDL_HINT_DOSKUTSU_FORCE_PUMP_YIELD=1 to restore old per-pump yield)
[08:01:01] [info] Renderer::initVideo: indexed-mode (8bpp) ENABLED -- master palette + 107 per-asset remap LUTs loaded (wave 16, default ON; set SDL_HINT_DOSKUTSU_PIXEL_FORMAT_8=0 to disable)
[08:01:01] [info] Renderer::initVideo: master palette attached to window surface (format=SDL_PIXELFORMAT_INDEX8, ncolors=256)
[08:01:01] [info] Renderer::initVideo: indexed-mode smoke: idx0=(0,0,0) OK idx255=(255,0,255) OK
[08:01:01] [info] Renderer::initVideo: indexed-mode smoke: paletteRemapFor('MyChar.pbm') = present
[08:01:02] [info] Surface::loadImage palmap-diag #1: 'data/Loading.pbm' fmt=SDL_PIXELFORMAT_ABGR8888 remap=HIT -> path=truecolor
[08:01:02] [info] Renderer: prev-frame diff DISABLED (default since wave 17.6; set SDL_HINT_DOSKUTSU_PREVFRAME_DIFF=1 to opt in)
[08:01:02] [info] flip-probe: renderer=software window_ptr=8826560 colorspace=301991328 window_size=320x240 framebuffer_pixels=320x240 logical_present=320x240 mode=2
[08:01:02] [info] flip-probe: first flip ok=true present=55ms inter_flip_ms=0 drawcalls-since-flip=1 drawcalls-total=1
[08:01:02] [info] Sound system init
[08:01:02] [info] Sound system: 4-state audio enable (#31) -- music=on sfx=on (MUSIC_OFF/AUDIO_BACKEND=none -> music-off; SFX_OFF/SFX_DEVICE=none -> sfx-off; both gates are dispatch-level, the device still opens; AUDIO_OFF=1 is the device-level both-off).
[08:01:02] [info] Sound system: Tier-2 audio config (default since wave 21 patch 0093; 11025 Hz, 1 channel, buffer pinned to 256 frames). Measured savings on g2k Pentium OverDrive 83 MHz (W21A): heavy-music scenes ~+11 fps vs Tier-1 baseline (measured -10 to -15 ms/flip post-0094 audio fix; W21A's pre-fix -26.6 ms figure was inflated by stereo-vs-mono playback bug, see patch 0094). Audio quality is reduced vs Tier-1 (mono, 11025 Hz, simple-average L+R downmix) but recognizable; user accepted the trade per direction 2026-05-05. Set SDL_HINT_DOSKUTSU_AUDIO_TIER2=0 to revert to Tier-1 22050 stereo (full Cave Story 2004 audio quality; trades fps for fidelity).
[08:01:02] [info] Sound system: SDL_HINT_AUDIO_DEVICE_SAMPLE_FRAMES=256
[08:01:02] [info] Pixtone IRQ rate-divider: handed master_rate=11025 int16/s (SAMPLE_RATE=11025 x AUDIO_CHANNELS=1) to SDL for auto-RATEDIV (SDL/0074 computes shift_div from the resolved device freq).
[08:01:02] [info] Sound system: device frame-rate: requesting 11025 Hz match to master (SDL_DOSAudioSetDeviceFrameRate; SB16 opens at the engine frame rate instead of SDL's 44100 floor -- 4x less PCM/s + no resampler on the Organya/Pixtone path; killswitch SDL_HINT_DOSKUTSU_DOS_AUDIO_DEVICE_RATE_DEFAULT=0).
[08:01:02] [info] audio backend: opl3 (Phase 10 Stage 4 -- concrete OPL3 FM synthesis backend via SDL/0037+ OPL3 helpers; MidiScheduler routes music dispatch through 18 x 2-op voice allocator + small inline patch bank). SoundManager::init will probe OPL3 via Adlib timer-1 sequence + fall back to organya gracefully if the chip is absent. Pixtone SFX still active on SB16 DAC.
[08:01:02] [info] wave-13.6.1: ring_chunks=16 FORCE_PUMP_YIELD=off (set SDL_HINT_DOSKUTSU_AUDIO_RING_CHUNKS=4|8|16 to override; default 16 matches wave 13.6 behaviour)
[08:01:02] [info] MidiScheduler: MIDI source = 'orgmid2' (native-GM org2mid set; resolves to data/orgmid2/<name>.mid).
[08:01:02] [info] opl3 backend probing for OPL3 chip (Adlib timer-1 sequence)...
[08:01:03] [info] opl3 backend: opl3bank.dat loaded 128 programs from 'data/opl3bank.dat' (v1; 1536 bytes payload). Per-program GM patches now use the runtime bank; programs >= 128 fall back to 8-patch family bucket. Drum channel (MIDI ch 9) unchanged (uses PATCH_DRUM regardless of bank loading).
[08:01:03] [info] opl3 backend ready (OPL3 detected via Adlib timer-1; InitChip applied 18 x 2-op layout; voice allocator armed). Patch bank state: runtime opl3bank.dat ACTIVE (loaded_count=128; programs >= loaded_count fall back to 8-patch placeholder covering GM family categories piano/mallet/organ/guitar/strings/brass/reed/pad). Phase 10.5 path: ship a fuller community bank as data/opl3bank.dat (DOPL3v1 format; 12-byte SBI records per GM program; loader at MidiBackendOpl3 ctor).
[08:01:03] [info] opl3 backend: PATCH_ORGAN + PATCH_MALLET RR=8 (medium release; wub-wub fix per patch 0171; was RR=0 in slot 0103 placeholder -- KEY-OFF couldn't silence; H6 reg 0xBD wave-47 falsified; H1+H5/RR=0 byte-level bug root per WAVE-46/47 analysis)
[08:01:03] [info] Sound system: MidiScheduler armed with MidiBackendOpl3 (patch 0103 Phase 10 Stage 4). Music dispatch routes via SMF parser + 18 x 2-op OPL3 voice allocator + small inline patch bank (community-sourced from Apogee Sound System / AdLib SBI public-domain refs). Pixtone SFX still active on SB16 DAC.
[08:01:03] [info] Sound system: idle-pause skipped (default OFF since patch 0119; backend=opl3 would qualify but operator did not opt-in via SDL_HINT_DOSKUTSU_IDLE_PAUSE=1). DSP stays in continuous-stream mode. Re-enable for an A/B iter once SDL/0037 ForcePause non-engagement is rooted out (task #17).
[08:01:03] [warn] Music dir Ogg/ doesn't exist
[08:01:03] [warn] Music dir Ogg11/ doesn't exist
[08:01:03] [warn] Music dir Ogg17/ doesn't exist
[08:01:03] [warn] Music dir Ogg_ridic/ doesn't exist
[08:01:03] [info] Loading Sound FX...
[08:01:04] [info] [pxt-cache] init(): HIT (loaded cache; render skipped)
[08:01:15] [info] Organya init...
[08:01:17] [info] Organya init done
[08:01:33] [info] gus SFX gain [nx0259]: 70% (SDL_HINT_DOSKUTSU_GUS_SFX_GAIN; scales the GF1 SFX voice volume to balance against velocity/CC-scaled GUS music; default 70, clamp 0..150).
[08:01:33] [info] pixtone IRQ-mix: ENABLED (default; SDL backend engaged; set SDL_HINT_DOSKUTSU_PIXTONE_IRQ_MIX=0 to disable)
[08:01:33] [info] Pixtone::setVolume: L3 active -- mid-play SFX volume updates are no-op in v1 (v2 candidate: SDL_DOSPixtoneSetGain API). gain_x256=256 stored for subsequent SDL_DOSPixtoneStart calls; currently-playing L3 channels unaffected.
[08:01:33] [info] midi ISR tick: engine registered tick_isr callback (L2b active; default ON; set SDL_HINT_DOSKUTSU_MIDI_ISR_TICK=0 to disable)
[08:01:33] [info] menu slide-in fixed-timestep: ENABLED (default; slide advances at 50 Hz logic rate)
[08:01:33] [info] Reading npc.tbl...
[08:01:33] [info] Loading tilekey.dat.
[08:01:33] [info] Script engine init.
[08:01:34] [info] Entering main loop...
[08:01:34] [info] audio mid-gap pump: DISABLED (default)
[08:01:34] [info] TAS fixed-timestep guard: ENABLED (default) (patch 0280; load_stage wall-clock kept out of the FT accumulator so TAS replay advances at a true 50 Hz; set SDL_HINT_DOSKUTSU_TAS_FT_GUARD=0 to disable)
[08:01:34] [info] load_stage ring+DMA silence flush: ENABLED (default) (set SDL_HINT_DOSKUTSU_LOADSTAGE_SILENCE=0 to disable)
[08:01:34] [info] load-band audio-underrun probe: DISABLED (default) (opt-in SDL_HINT_DOSKUTSU_LOADBAND_STAT=1)
[08:01:34] [info]  >> Entering stage 72: 'u'.
[08:01:34] [info] skip sheet flush: ENABLED (default) (SFXPAUSE-012 SHIPPED FIX; sprite sheets stay resident across caves so no per-cave re-decode -> no fire-frame pause; map_flush_graphics tilemap cache still flushes; set SDL_HINT_DOSKUTSU_SKIP_SHEET_FLUSH=0 to restore the old per-cave flush)
[08:01:34] [info] [skip-sheet-flush] cave=1
[08:01:34] [info] eager action sheets: ENABLED (default) (first-fire hitch fix: pre-loads the weapon bullet + hit/muzzle/trail caret sheets at stage load so the first fire/impact does not lazy-decode mid-gameplay; set SDL_HINT_DOSKUTSU_EAGER_ACTION_SHEETS=0 to restore lazy load)
[08:01:34] [info] Surface::loadImage palmap-diag #2: 'data/Bullet.pbm' fmt=SDL_PIXELFORMAT_ABGR8888 remap=HIT -> path=truecolor
[08:01:34] [info] Surface::loadImage palmap-diag #3: 'data/Arms.pbm' fmt=SDL_PIXELFORMAT_ABGR8888 remap=HIT -> path=truecolor
[08:01:35] [info] Surface::loadImage palmap-diag #4: 'data/Caret.pbm' fmt=SDL_PIXELFORMAT_ABGR8888 remap=HIT -> path=truecolor
[08:01:35] [info] Surface::loadImage palmap-diag #5: 'data/Npc/NpcSym.pbm' fmt=SDL_PIXELFORMAT_ABGR8888 remap=HIT -> path=truecolor
[08:01:35] [info] [eager-action-sheets] cave=1 sheets=4 wall_ms=1633
[08:01:36] [info] Surface::loadImage palmap-diag #6: 'data/Stage/PrtWhite.pbm' fmt=SDL_PIXELFORMAT_ABGR8888 remap=HIT -> path=truecolor
[08:01:36] [info] load_stage: entry-music preload ENABLED (default) (set SDL_HINT_DOSKUTSU_PRELOAD_STAGE_MUSIC=0 to disable)
[08:01:36] [info] Surface::loadImage palmap-diag #7: 'data/bk0.pbm' fmt=SDL_PIXELFORMAT_ABGR8888 remap=HIT -> path=truecolor
[08:01:36] [info] gameloop: entered (curmap=72, running=1)
[08:01:36] [info] gameloop: iter 1 ticks=40093 mapno=-1
[08:01:36] [info] fixed-timestep: ENABLED (default; logic 50 Hz, decoupled from render)
[08:01:36] [info] map: BG skip-when-unchanged DISABLED (default) (set SDL_HINT_DOSKUTSU_BG_SKIP_WHEN_UNCHANGED=1 to enable; default OFF since wave-61 -- abandoned, it shipped a backdrop-black flicker and its +0.87 fps was below the noise floor)
[08:01:36] [info] map: skip-redundant-clear lever ENABLED (default since wave-53 promotion)
[08:01:36] [info] perf-mode: level=0 (faithful (default))
[08:01:37] [info] Surface::loadImage palmap-diag #8: 'data/Npc/NpcKings.pbm' fmt=SDL_PIXELFORMAT_ABGR8888 remap=HIT -> path=truecolor
[08:01:37] [info] audio tick-boundary pump: DISABLED (default)
[08:01:37] [info] gameloop: iter 2 ticks=40585 mapno=-1
[08:01:37] [info] gameloop: iter 3 ticks=40656 mapno=-1
[08:01:37] [info] direct-vesa: snapshot @gen=2 use_dosmemput=0 banked_multibank=0 pitches_match=1 vram_w=320 vram_h=240 vram_pitch=320 bpp=1 fb_size=76800 vram_phys=0x78000000 vram_ptr=0x77c00000
[08:01:37] [info] flip-probe: flip #10 ok=true present=4ms inter_flip_ms=40 drawcalls-since-flip=6 drawcalls-total=43 fail-total=0 null-skips-total=0
[08:01:38] [info] flip-probe: flip #20 ok=true present=3ms inter_flip_ms=40 drawcalls-since-flip=4 drawcalls-total=92 fail-total=0 null-skips-total=0
[08:01:39] [info] flip-probe: flip #30 ok=true present=4ms inter_flip_ms=86 drawcalls-since-flip=326 drawcalls-total=2707 fail-total=0 null-skips-total=0
[08:01:39] [info] flip-probe: flip #40 ok=true present=4ms inter_flip_ms=78 drawcalls-since-flip=264 drawcalls-total=5837 fail-total=0 null-skips-total=0
[08:01:40] [info] flip-probe: flip #50 ok=true present=4ms inter_flip_ms=47 drawcalls-since-flip=67 drawcalls-total=7392 fail-total=0 null-skips-total=0
[08:01:40] [info] flip-probe: flip #60 ok=true present=4ms inter_flip_ms=38 drawcalls-since-flip=4 drawcalls-total=7502 fail-total=0 null-skips-total=0
[08:01:41] [info] flip-probe: flip #70 ok=true present=4ms inter_flip_ms=38 drawcalls-since-flip=6 drawcalls-total=7557 fail-total=0 null-skips-total=0
[08:01:41] [info] flip-probe: flip #80 ok=true present=4ms inter_flip_ms=20 drawcalls-since-flip=0 drawcalls-total=7586 fail-total=0 null-skips-total=0
[08:01:41] [info] flip-probe: flip #90 ok=true present=4ms inter_flip_ms=19 drawcalls-since-flip=0 drawcalls-total=7586 fail-total=0 null-skips-total=0
[08:01:42] [info] title: eager-title-IO phase tag ENABLED (default) (set SDL_HINT_DOSKUTSU_EAGER_TITLE_IO=0 to disable)
[08:01:42] [info] [music-dispatch] tick=95 song=24 (prev 0)
[08:01:42] [info] MidiScheduler::load: parsed 'data/orgmid2/curly.mid' = 11294 events at 48 PPQ
[08:01:42] [info] opl3 backend: on_song_start
[08:01:42] [info] gameloop: entered (curmap=1005, running=1)
[08:01:42] [info] gameloop: iter 1 ticks=46051 mapno=-1
[08:01:42] [info] map: backdrop cache ENABLED (default) (set SDL_HINT_DOSKUTSU_BACKDROP_CACHE=0 to disable)
[08:01:43] [info] gameloop: iter 2 ticks=47062 mapno=-1
[08:01:43] [info] gameloop: iter 3 ticks=47112 mapno=-1
[08:01:43] [info] backdrop cache: thrashing-detect engaged (streak=4, route=direct)
[08:01:44] [info] flip-probe: flip #100 ok=true present=4ms inter_flip_ms=43 drawcalls-since-flip=75 drawcalls-total=7886 fail-total=0 null-skips-total=0
[08:01:44] [info] alpha audit block 0: 7798 total drawcalls, 0 with alpha<255 (block pct_x10=0; global 0/7798 pct_x10=0); alpha-mod skipped: block=0 global=0
[08:01:44] [info] fastpath audit block 0: taken=7798 (idx8=7798) skipped=0 pct_x10=1000; global taken=7798 (idx8=7798) skipped=0 pct_x10=1000
[08:01:44] [info] primitive tally block 0: clear=220(hr=220) fill=0(hr=0) rect=0(hr=0) line=0(hr=0) tint=0 spotlight=0 (over 100 flips ending at flip 100)
[08:01:44] [info] color/alpha audit block 0: cmod_white=104 cmod_black=0 (idx=0) cmod_general=84 (idx=84) cmod_fb=0; alpha_taken=0 alpha_skipped=0 (global cmod=104/0/84/0 idx=0/84 alpha=0/0)
[08:01:44] [info] phase timing block 0: drawcalls=8209 dc_total_ms=1797 flip_inner_total_ms=787 inter_flip_total_ms=41658 (per-flip avg x10: dc_ms=179 fi_ms=78 if_ms=4165 derived audio+engine_ms=3908; per-drawcall avg us_x10=2190) [direct-vesa: presents=97 total_ms=381 avg_ms_x10=39 failed=0] [ablation: NO_DC_TIMING=0 CACHE_WINSURF=0 DIRECT_VESA=1]
[08:01:44] [info] kbd/audio block 0: kbd_irq=0 kbd_drain=0 ring_chunks=16 pump_pass=99 pic1_mask=0xb8 first_irq_ticks=0 install_ticks=0 vector_at_install=0x0083e390 pic1_mask_live=0x38 kbd_8042_stat=0x34 bios_kbd_head=0x002e bios_kbd_tail=0x002e bios_kbd_buf0=0x3920
[08:01:44] [info] audio/engine split block 0: audio_mixer_calls=0 audio_mixer_ms_x10=0 engine_tick_calls=99 engine_tick_ms_x10=611 audio_service_calls=0 audio_service_ms_x10=0 (per-flip avg; per-call us_x10: audio_mix=0 engine_tick=618141 audio_service=0; global ns: audio_mix=0 engine_tick=6119598888 audio_service=0)
[08:01:44] [info] pixtone multi-source probe: DISABLED (default)
[08:01:44] [info] dirty-rect block @flip=100: total_calls=0 dirty_rects_avg=0 dirty_pct_x10=990 forced_full=0 first_n_force=3 threshold_exceeded=2 dirty_path_taken=0 full_flush_taken=3
[08:01:44] [info] prev-frame-diff block @flip=100: diff_calls=0 diff_rects_avg=0 diff_dirty_pct_x10=0 bbox_pct_x10=0 bbox_thresh_exceeded=0
[08:01:44] [info] flip-probe: flip #110 ok=true present=4ms inter_flip_ms=36 drawcalls-since-flip=75 drawcalls-total=8636 fail-total=0 null-skips-total=0
[08:01:44] [info] flip-probe: flip #120 ok=true present=4ms inter_flip_ms=36 drawcalls-since-flip=75 drawcalls-total=9386 fail-total=0 null-skips-total=0
[08:01:45] [info] flip-probe: flip #130 ok=true present=4ms inter_flip_ms=20 drawcalls-since-flip=0 drawcalls-total=9986 fail-total=0 null-skips-total=0
[08:01:45] [info] Loading profile from profile.dat
[08:01:45] [error] profile_load: unable to open 'profile.dat'
[08:01:45] [info] Loading profile from profile2.dat
[08:01:45] [error] profile_load: unable to open 'profile2.dat'
[08:01:45] [info] Loading profile from profile3.dat
[08:01:45] [info] Loading profile from profile4.dat
[08:01:45] [error] profile_load: unable to open 'profile4.dat'
[08:01:45] [info] Loading profile from profile5.dat
[08:01:45] [info] flip-probe: flip #140 ok=true present=4ms inter_flip_ms=62 drawcalls-since-flip=210 drawcalls-total=10826 fail-total=0 null-skips-total=0
[08:01:46] [info] flip-probe: flip #150 ok=true present=4ms inter_flip_ms=60 drawcalls-since-flip=210 drawcalls-total=12926 fail-total=0 null-skips-total=0
[08:01:46] [info] Writing settings...
[08:01:46] [info] flip-probe: flip #160 ok=true present=4ms inter_flip_ms=22 drawcalls-since-flip=0 drawcalls-total=13774 fail-total=0 null-skips-total=0
[08:01:47] [info] flip-probe: flip #170 ok=true present=4ms inter_flip_ms=22 drawcalls-since-flip=0 drawcalls-total=13774 fail-total=0 null-skips-total=0
[08:01:47] [info] [music-dispatch] tick=175 song=0 (prev 24)
[08:01:47] [info] opl3 backend: on_song_stop
[08:01:47] [info] Loading profile from profile5.dat
[08:01:47] [info]  >> Entering stage 20: 'Save Point'.
[08:01:47] [info] [skip-sheet-flush] cave=2
[08:01:48] [info] [music-dispatch] tick=175 song=8 (prev 0)
[08:01:48] [info] MidiScheduler::load: parsed 'data/orgmid2/vivi.mid' = 4558 events at 48 PPQ
[08:01:48] [info] opl3 backend: on_song_start
[08:01:48] [info] gameloop: entered (curmap=20, running=1)
[08:01:48] [info] gameloop: iter 1 ticks=51597 mapno=-1
[08:01:48] [info] TAS stall discount: ENABLED (default) (patch 0286; a replay frame over 150 ms is a load, not slow rendering, so it contributes 1 tick instead of its wall-clock; set SDL_HINT_DOSKUTSU_TAS_STALL_DISCOUNT=0 to disable)
[08:01:48] [info] TAS accumulator clamp: DISABLED (default) (patch 0281; caps the FT accumulator delta at one tick during TAS so a stalled frame cannot race the replay index; set SDL_HINT_DOSKUTSU_TAS_FT_GUARD=0 to disable)
[08:01:48] [info] gameloop: iter 2 ticks=51653 mapno=-1
[08:01:48] [info] gameloop: iter 3 ticks=51701 mapno=-1
[08:01:48] [info] flip-probe: flip #180 ok=true present=3ms inter_flip_ms=41 drawcalls-since-flip=16 drawcalls-total=13896 fail-total=0 null-skips-total=0
[08:01:49] [info] flip-probe: flip #190 ok=true present=4ms inter_flip_ms=40 drawcalls-since-flip=16 drawcalls-total=14056 fail-total=0 null-skips-total=0
[08:01:49] [info] flip-probe: flip #200 ok=true present=4ms inter_flip_ms=40 drawcalls-since-flip=16 drawcalls-total=14216 fail-total=0 null-skips-total=0
[08:01:49] [info] alpha audit block 0: 5693 total drawcalls, 0 with alpha<255 (block pct_x10=0; global 0/13491 pct_x10=0); alpha-mod skipped: block=0 global=0
[08:01:49] [info] fastpath audit block 0: taken=5693 (idx8=5693) skipped=0 pct_x10=1000; global taken=13491 (idx8=13491) skipped=0 pct_x10=1000
[08:01:49] [info] primitive tally block 0: clear=201(hr=201) fill=0(hr=0) rect=0(hr=0) line=0(hr=0) tint=0 spotlight=0 (over 100 flips ending at flip 200)
[08:01:49] [info] color/alpha audit block 0: cmod_white=1402 cmod_black=0 (idx=0) cmod_general=609 (idx=609) cmod_fb=0; alpha_taken=0 alpha_skipped=0 (global cmod=1506/0/693/0 idx=0/693 alpha=0/0)
[08:01:49] [info] phase timing block 0: drawcalls=7905 dc_total_ms=1630 flip_inner_total_ms=669 inter_flip_total_ms=5416 (per-flip avg x10: dc_ms=163 fi_ms=66 if_ms=541 derived audio+engine_ms=312; per-drawcall avg us_x10=2062) [direct-vesa: presents=100 total_ms=384 avg_ms_x10=38 failed=0] [ablation: NO_DC_TIMING=0 CACHE_WINSURF=0 DIRECT_VESA=1]
[08:01:49] [info] kbd/audio block 0: kbd_irq=0 kbd_drain=0 ring_chunks=16 pump_pass=223 pic1_mask=0xb8 first_irq_ticks=0 install_ticks=0 vector_at_install=0x0083e390 pic1_mask_live=0x38 kbd_8042_stat=0x34 bios_kbd_head=0x002e bios_kbd_tail=0x002e bios_kbd_buf0=0x3920
[08:01:49] [info] audio/engine split block 0: audio_mixer_calls=0 audio_mixer_ms_x10=0 engine_tick_calls=76 engine_tick_ms_x10=232 audio_service_calls=0 audio_service_ms_x10=0 (per-flip avg; per-call us_x10: audio_mix=0 engine_tick=305284 audio_service=0; global ns: audio_mix=0 engine_tick=8439758462 audio_service=0)
[08:01:49] [info] dirty-rect block @flip=200: total_calls=0 dirty_rects_avg=1 dirty_pct_x10=1000 forced_full=0 first_n_force=0 threshold_exceeded=0 dirty_path_taken=0 full_flush_taken=0
[08:01:49] [info] prev-frame-diff block @flip=200: diff_calls=0 diff_rects_avg=0 diff_dirty_pct_x10=0 bbox_pct_x10=0 bbox_thresh_exceeded=0
[08:01:49] [info] flip-probe: flip #210 ok=true present=4ms inter_flip_ms=40 drawcalls-since-flip=16 drawcalls-total=14376 fail-total=0 null-skips-total=0
[08:01:50] [info] flip-probe: flip #220 ok=true present=4ms inter_flip_ms=64 drawcalls-since-flip=182 drawcalls-total=14806 fail-total=0 null-skips-total=0
[08:01:50] [info]  >> Entering stage 11: 'Mimiga Village'.
[08:01:50] [info] [skip-sheet-flush] cave=3
[08:01:51] [info] [load-stage] preloading entry music song=9 (cave=3)
[08:01:51] [info] [music-dispatch] tick=298 song=9 (prev 8)
[08:01:51] [info] opl3 backend: on_song_stop
[08:01:51] [info] MidiScheduler::load: parsed 'data/orgmid2/mura.mid' = 2863 events at 48 PPQ
[08:01:51] [info] opl3 backend: on_song_start
[08:01:51] [info] gameloop: entered (curmap=11, running=1)
[08:01:51] [info] gameloop: iter 1 ticks=55016 mapno=-1
[08:01:51] [info] map: mds_clear LUT ENABLED (default) (set SDL_HINT_DOSKUTSU_MDS_CLEAR_LUT=0 to disable; default ON; patch 0144 wave-49 bandwidth lever)
[08:01:51] [info] mds-clear-lut: rebuilt N=240 entries (k_skip=0% k_keep=100%; curmap=11 map_size=60x60; rebuild #1 since boot)
[08:01:51] [info] backdrop thrash full-cover ENABLED (default) (set SDL_HINT_DOSKUTSU_THRASH_FULLCOVER=0 to disable)
[08:01:51] [info] [bd-diag] backdrop render-path diag disabled (default) (set SDL_HINT_DOSKUTSU_BACKDROP_DIAG=1 to enable)
[08:01:52] [info] gameloop: iter 2 ticks=55378 mapno=-1
[08:01:52] [info] tas: stall frame 363 ms -> contributing 1 tick (patch 0286)
[08:01:52] [info] gameloop: iter 3 ticks=55504 mapno=-1
[08:01:52] [info] flip-probe: flip #230 ok=true present=4ms inter_flip_ms=117 drawcalls-since-flip=385 drawcalls-total=17668 fail-total=0 null-skips-total=0
[08:01:52] [info] backdrop cache: thrashing-detect engaged (streak=4, route=direct)
[08:01:53] [info] flip-probe: flip #240 ok=true present=4ms inter_flip_ms=62 drawcalls-since-flip=44 drawcalls-total=19133 fail-total=0 null-skips-total=0
[08:01:53] [info] flip-probe: flip #250 ok=true present=4ms inter_flip_ms=65 drawcalls-since-flip=45 drawcalls-total=19582 fail-total=0 null-skips-total=0
[08:01:54] [info] flip-probe: flip #260 ok=true present=4ms inter_flip_ms=59 drawcalls-since-flip=42 drawcalls-total=20009 fail-total=0 null-skips-total=0
[08:01:55] [info] flip-probe: flip #270 ok=true present=3ms inter_flip_ms=58 drawcalls-since-flip=42 drawcalls-total=20429 fail-total=0 null-skips-total=0
[08:01:55] [info] flip-probe: flip #280 ok=true present=4ms inter_flip_ms=60 drawcalls-since-flip=42 drawcalls-total=20849 fail-total=0 null-skips-total=0
[08:01:56] [info] flip-probe: flip #290 ok=true present=4ms inter_flip_ms=57 drawcalls-since-flip=43 drawcalls-total=21271 fail-total=0 null-skips-total=0
[08:01:56] [info] backdrop cache: thrashing-detect engaged (streak=64, route=direct)
[08:01:56] [info] flip-probe: flip #300 ok=true present=4ms inter_flip_ms=58 drawcalls-since-flip=43 drawcalls-total=21701 fail-total=0 null-skips-total=0
[08:01:57] [info] alpha audit block 0: 6463 total drawcalls, 0 with alpha<255 (block pct_x10=0; global 0/19954 pct_x10=0); alpha-mod skipped: block=0 global=0
[08:01:57] [info] fastpath audit block 0: taken=6463 (idx8=6463) skipped=0 pct_x10=1000; global taken=19954 (idx8=19954) skipped=0 pct_x10=1000
[08:01:57] [info] primitive tally block 0: clear=202(hr=202) fill=0(hr=0) rect=0(hr=0) line=0(hr=0) tint=0 spotlight=0 (over 100 flips ending at flip 300)
[08:01:57] [info] color/alpha audit block 0: cmod_white=949 cmod_black=949 (idx=949) cmod_general=0 (idx=0) cmod_fb=0; alpha_taken=0 alpha_skipped=0 (global cmod=2455/949/693/0 idx=949/693 alpha=0/0)
[08:01:57] [info] phase timing block 0: drawcalls=8569 dc_total_ms=1416 flip_inner_total_ms=658 inter_flip_total_ms=7534 (per-flip avg x10: dc_ms=141 fi_ms=65 if_ms=753 derived audio+engine_ms=547; per-drawcall avg us_x10=1652) [direct-vesa: presents=100 total_ms=381 avg_ms_x10=38 failed=0] [ablation: NO_DC_TIMING=0 CACHE_WINSURF=0 DIRECT_VESA=1]
[08:01:57] [info] kbd/audio block 0: kbd_irq=0 kbd_drain=0 ring_chunks=16 pump_pass=529 pic1_mask=0xb8 first_irq_ticks=0 install_ticks=0 vector_at_install=0x0083e390 pic1_mask_live=0x38 kbd_8042_stat=0x34 bios_kbd_head=0x002e bios_kbd_tail=0x002e bios_kbd_buf0=0x3920
[08:01:57] [info] [tile-speedup-stat n=100 drawtile_us=127.94 raw_blit_us=93.71 ratio=1.37]
[08:01:57] [info] dirty-rect block @flip=300: total_calls=100 dirty_rects_avg=1 dirty_pct_x10=1000 forced_full=0 first_n_force=0 threshold_exceeded=0 dirty_path_taken=0 full_flush_taken=0
[08:01:57] [info] prev-frame-diff block @flip=300: diff_calls=0 diff_rects_avg=0 diff_dirty_pct_x10=0 bbox_pct_x10=0 bbox_thresh_exceeded=0
[08:01:57] [info] tas: stall frame 165 ms -> contributing 1 tick (patch 0286)
[08:01:57] [info] flip-probe: flip #310 ok=true present=4ms inter_flip_ms=64 drawcalls-since-flip=45 drawcalls-total=22237 fail-total=0 null-skips-total=0
[08:01:58] [info] flip-probe: flip #320 ok=true present=4ms inter_flip_ms=60 drawcalls-since-flip=42 drawcalls-total=22664 fail-total=0 null-skips-total=0
[08:01:58] [info] flip-probe: flip #330 ok=true present=5ms inter_flip_ms=63 drawcalls-since-flip=41 drawcalls-total=23086 fail-total=0 null-skips-total=0
[08:01:59] [info] flip-probe: flip #340 ok=true present=5ms inter_flip_ms=62 drawcalls-since-flip=42 drawcalls-total=23493 fail-total=0 null-skips-total=0
[08:02:00] [info] flip-probe: flip #350 ok=true present=4ms inter_flip_ms=53 drawcalls-since-flip=14 drawcalls-total=23836 fail-total=0 null-skips-total=0
[08:02:00] [info] backdrop cache: thrashing-detect engaged (streak=124, route=direct)
[08:02:00] [info] flip-probe: flip #360 ok=true present=4ms inter_flip_ms=53 drawcalls-since-flip=14 drawcalls-total=23976 fail-total=0 null-skips-total=0
[08:02:01] [info] flip-probe: flip #370 ok=true present=4ms inter_flip_ms=62 drawcalls-since-flip=4 drawcalls-total=25836 fail-total=0 null-skips-total=0
[08:02:01] [info]  >> Entering stage 17: 'Yamashita Farm'.
[08:02:01] [info] [skip-sheet-flush] cave=4
[08:02:02] [info] [load-stage] preloading entry music song=13 (cave=4)
[08:02:02] [info] [music-dispatch] tick=754 song=13 (prev 9)
[08:02:02] [info] opl3 backend: on_song_stop
[08:02:02] [info] MidiScheduler::load: parsed 'data/orgmid2/plant.mid' = 3000 events at 48 PPQ
[08:02:02] [info] opl3 backend: on_song_start
[08:02:02] [info] gameloop: entered (curmap=17, running=1)
[08:02:02] [info] gameloop: iter 1 ticks=65627 mapno=-1
[08:02:02] [info] mds-clear-lut: rebuilt N=240 entries (k_skip=33% k_keep=67%; curmap=17 map_size=40x16; rebuild #2 since boot)
[08:02:02] [info] gameloop: iter 2 ticks=65919 mapno=-1
[08:02:02] [info] tas: stall frame 292 ms -> contributing 1 tick (patch 0286)
[08:02:02] [info] gameloop: iter 3 ticks=66029 mapno=-1
[08:02:03] [info] flip-probe: flip #380 ok=true present=4ms inter_flip_ms=83 drawcalls-since-flip=133 drawcalls-total=28818 fail-total=0 null-skips-total=0
[08:02:04] [info] flip-probe: flip #390 ok=true present=4ms inter_flip_ms=80 drawcalls-since-flip=134 drawcalls-total=30182 fail-total=0 null-skips-total=0
[08:02:05] [info] backdrop cache: thrashing-detect engaged (streak=4, route=direct)
[08:02:05] [info] flip-probe: flip #400 ok=true present=4ms inter_flip_ms=98 drawcalls-since-flip=134 drawcalls-total=31539 fail-total=0 null-skips-total=0
[08:02:05] [info] alpha audit block 0: 8737 total drawcalls, 0 with alpha<255 (block pct_x10=0; global 0/28691 pct_x10=0); alpha-mod skipped: block=0 global=0
[08:02:05] [info] fastpath audit block 0: taken=8737 (idx8=8737) skipped=0 pct_x10=1000; global taken=28691 (idx8=28691) skipped=0 pct_x10=1000
[08:02:05] [info] primitive tally block 0: clear=201(hr=201) fill=0(hr=0) rect=0(hr=0) line=0(hr=0) tint=0 spotlight=0 (over 100 flips ending at flip 400)
[08:02:05] [info] color/alpha audit block 0: cmod_white=1001 cmod_black=1001 (idx=1001) cmod_general=0 (idx=0) cmod_fb=0; alpha_taken=0 alpha_skipped=0 (global cmod=3456/1950/693/0 idx=1950/693 alpha=0/0)
[08:02:05] [info] phase timing block 0: drawcalls=10965 dc_total_ms=1614 flip_inner_total_ms=666 inter_flip_total_ms=8467 (per-flip avg x10: dc_ms=161 fi_ms=66 if_ms=846 derived audio+engine_ms=619; per-drawcall avg us_x10=1472) [direct-vesa: presents=100 total_ms=386 avg_ms_x10=38 failed=0] [ablation: NO_DC_TIMING=0 CACHE_WINSURF=0 DIRECT_VESA=1]
[08:02:05] [info] kbd/audio block 0: kbd_irq=0 kbd_drain=0 ring_chunks=16 pump_pass=886 pic1_mask=0xb8 first_irq_ticks=0 install_ticks=0 vector_at_install=0x0083e390 pic1_mask_live=0x38 kbd_8042_stat=0x34 bios_kbd_head=0x002e bios_kbd_tail=0x002e bios_kbd_buf0=0x3920
[08:02:05] [info] dirty-rect block @flip=400: total_calls=0 dirty_rects_avg=1 dirty_pct_x10=1000 forced_full=0 first_n_force=0 threshold_exceeded=0 dirty_path_taken=0 full_flush_taken=0
[08:02:05] [info] prev-frame-diff block @flip=400: diff_calls=0 diff_rects_avg=0 diff_dirty_pct_x10=0 bbox_pct_x10=0 bbox_thresh_exceeded=0
[08:02:05] [info] tas: stall frame 172 ms -> contributing 1 tick (patch 0286)
[08:02:06] [info] flip-probe: flip #410 ok=true present=4ms inter_flip_ms=87 drawcalls-since-flip=138 drawcalls-total=32901 fail-total=0 null-skips-total=0
[08:02:07] [info] flip-probe: flip #420 ok=true present=4ms inter_flip_ms=102 drawcalls-since-flip=145 drawcalls-total=34325 fail-total=0 null-skips-total=0
[08:02:08] [info] flip-probe: flip #430 ok=true present=4ms inter_flip_ms=85 drawcalls-since-flip=131 drawcalls-total=35689 fail-total=0 null-skips-total=0
[08:02:09] [info] flip-probe: flip #440 ok=true present=4ms inter_flip_ms=84 drawcalls-since-flip=131 drawcalls-total=36970 fail-total=0 null-skips-total=0
[08:02:10] [info] flip-probe: flip #450 ok=true present=4ms inter_flip_ms=81 drawcalls-since-flip=125 drawcalls-total=38229 fail-total=0 null-skips-total=0
[08:02:10] [info] backdrop cache: thrashing-detect engaged (streak=64, route=direct)
[08:02:11] [info] flip-probe: flip #460 ok=true present=5ms inter_flip_ms=102 drawcalls-since-flip=143 drawcalls-total=39511 fail-total=0 null-skips-total=0
[08:02:11] [info] run_tick_fixed #1200: heartbeat (loop alive)
[08:02:12] [info] flip-probe: flip #470 ok=true present=4ms inter_flip_ms=105 drawcalls-since-flip=141 drawcalls-total=40936 fail-total=0 null-skips-total=0
[08:02:12] [info] flip-probe: flip #480 ok=true present=3ms inter_flip_ms=88 drawcalls-since-flip=137 drawcalls-total=42309 fail-total=0 null-skips-total=0
[08:02:13] [info] flip-probe: flip #490 ok=true present=4ms inter_flip_ms=83 drawcalls-since-flip=130 drawcalls-total=43618 fail-total=0 null-skips-total=0
[08:02:14] [info] flip-probe: flip #500 ok=true present=3ms inter_flip_ms=90 drawcalls-since-flip=112 drawcalls-total=44706 fail-total=0 null-skips-total=0
[08:02:14] [info] alpha audit block 0: 11897 total drawcalls, 0 with alpha<255 (block pct_x10=0; global 0/40588 pct_x10=0); alpha-mod skipped: block=0 global=0
[08:02:14] [info] fastpath audit block 0: taken=11897 (idx8=11897) skipped=0 pct_x10=1000; global taken=40588 (idx8=40588) skipped=0 pct_x10=1000
[08:02:14] [info] primitive tally block 0: clear=200(hr=200) fill=0(hr=0) rect=0(hr=0) line=0(hr=0) tint=0 spotlight=0 (over 100 flips ending at flip 500)
[08:02:14] [info] color/alpha audit block 0: cmod_white=1170 cmod_black=1170 (idx=1170) cmod_general=0 (idx=0) cmod_fb=0; alpha_taken=0 alpha_skipped=0 (global cmod=4626/3120/693/0 idx=3120/693 alpha=0/0)
[08:02:14] [info] phase timing block 0: drawcalls=14437 dc_total_ms=1394 flip_inner_total_ms=670 inter_flip_total_ms=9184 (per-flip avg x10: dc_ms=139 fi_ms=67 if_ms=918 derived audio+engine_ms=712; per-drawcall avg us_x10=966) [direct-vesa: presents=100 total_ms=386 avg_ms_x10=38 failed=0] [ablation: NO_DC_TIMING=0 CACHE_WINSURF=0 DIRECT_VESA=1]
[08:02:14] [info] kbd/audio block 0: kbd_irq=0 kbd_drain=0 ring_chunks=16 pump_pass=1338 pic1_mask=0xb8 first_irq_ticks=0 install_ticks=0 vector_at_install=0x0083e390 pic1_mask_live=0x38 kbd_8042_stat=0x34 bios_kbd_head=0x002e bios_kbd_tail=0x002e bios_kbd_buf0=0x3920
[08:02:14] [info] dirty-rect block @flip=500: total_calls=0 dirty_rects_avg=1 dirty_pct_x10=1000 forced_full=0 first_n_force=0 threshold_exceeded=0 dirty_path_taken=0 full_flush_taken=0
[08:02:14] [info] prev-frame-diff block @flip=500: diff_calls=0 diff_rects_avg=0 diff_dirty_pct_x10=0 bbox_pct_x10=0 bbox_thresh_exceeded=0
[08:02:14] [info] tas: stall frame 171 ms -> contributing 1 tick (patch 0286)
[08:02:15] [info] flip-probe: flip #510 ok=true present=4ms inter_flip_ms=101 drawcalls-since-flip=118 drawcalls-total=45810 fail-total=0 null-skips-total=0
[08:02:16] [info] flip-probe: flip #520 ok=true present=4ms inter_flip_ms=83 drawcalls-since-flip=121 drawcalls-total=46980 fail-total=0 null-skips-total=0
[08:02:17] [info] flip-probe: flip #530 ok=true present=3ms inter_flip_ms=79 drawcalls-since-flip=114 drawcalls-total=48125 fail-total=0 null-skips-total=0
[08:02:18] [info] flip-probe: flip #540 ok=true present=4ms inter_flip_ms=115 drawcalls-since-flip=391 drawcalls-total=49875 fail-total=0 null-skips-total=0
[08:02:18] [info]  >> Entering stage 11: 'Mimiga Village'.
[08:02:18] [info] [skip-sheet-flush] cave=5
[08:02:19] [info] [load-stage] preloading entry music song=9 (cave=5)
[08:02:19] [info] [music-dispatch] tick=1524 song=9 (prev 13)
[08:02:19] [info] opl3 backend: on_song_stop
[08:02:19] [info] MidiScheduler::load: parsed 'data/orgmid2/mura.mid' = 2863 events at 48 PPQ
[08:02:19] [info] opl3 backend: on_song_start
[08:02:19] [info] gameloop: entered (curmap=11, running=1)
[08:02:19] [info] gameloop: iter 1 ticks=82638 mapno=-1
[08:02:19] [info] mds-clear-lut: rebuilt N=240 entries (k_skip=0% k_keep=100%; curmap=11 map_size=60x60; rebuild #3 since boot)
[08:02:19] [info] gameloop: iter 2 ticks=82776 mapno=-1
[08:02:19] [info] gameloop: iter 3 ticks=82900 mapno=-1
[08:02:19] [info] backdrop cache: thrashing-detect engaged (streak=4, route=direct)
[08:02:20] [info] flip-probe: flip #550 ok=true present=4ms inter_flip_ms=77 drawcalls-since-flip=120 drawcalls-total=52820 fail-total=0 null-skips-total=0
[08:02:20] [info] flip-probe: flip #560 ok=true present=4ms inter_flip_ms=59 drawcalls-since-flip=40 drawcalls-total=53225 fail-total=0 null-skips-total=0
[08:02:21] [info] flip-probe: flip #570 ok=true present=4ms inter_flip_ms=60 drawcalls-since-flip=40 drawcalls-total=53625 fail-total=0 null-skips-total=0
[08:02:21] [info] flip-probe: flip #580 ok=true present=4ms inter_flip_ms=60 drawcalls-since-flip=40 drawcalls-total=54029 fail-total=0 null-skips-total=0
[08:02:22] [info] flip-probe: flip #590 ok=true present=4ms inter_flip_ms=60 drawcalls-since-flip=40 drawcalls-total=54435 fail-total=0 null-skips-total=0
[08:02:23] [info] flip-probe: flip #600 ok=true present=4ms inter_flip_ms=59 drawcalls-since-flip=41 drawcalls-total=54843 fail-total=0 null-skips-total=0
[08:02:23] [info] alpha audit block 0: 9309 total drawcalls, 0 with alpha<255 (block pct_x10=0; global 0/49897 pct_x10=0); alpha-mod skipped: block=0 global=0
[08:02:23] [info] fastpath audit block 0: taken=9309 (idx8=9309) skipped=0 pct_x10=1000; global taken=49897 (idx8=49897) skipped=0 pct_x10=1000
[08:02:23] [info] primitive tally block 0: clear=201(hr=201) fill=0(hr=0) rect=0(hr=0) line=0(hr=0) tint=0 spotlight=0 (over 100 flips ending at flip 600)
[08:02:23] [info] color/alpha audit block 0: cmod_white=728 cmod_black=728 (idx=728) cmod_general=0 (idx=0) cmod_fb=0; alpha_taken=0 alpha_skipped=0 (global cmod=5354/3848/693/0 idx=3848/693 alpha=0/0)
[08:02:23] [info] phase timing block 0: drawcalls=11006 dc_total_ms=1603 flip_inner_total_ms=668 inter_flip_total_ms=8562 (per-flip avg x10: dc_ms=160 fi_ms=66 if_ms=856 derived audio+engine_ms=630; per-drawcall avg us_x10=1456) [direct-vesa: presents=100 total_ms=387 avg_ms_x10=38 failed=0] [ablation: NO_DC_TIMING=0 CACHE_WINSURF=0 DIRECT_VESA=1]
[08:02:23] [info] kbd/audio block 0: kbd_irq=0 kbd_drain=0 ring_chunks=16 pump_pass=1712 pic1_mask=0xb8 first_irq_ticks=0 install_ticks=0 vector_at_install=0x0083e390 pic1_mask_live=0x38 kbd_8042_stat=0x34 bios_kbd_head=0x002e bios_kbd_tail=0x002e bios_kbd_buf0=0x3920
[08:02:23] [info] dirty-rect block @flip=600: total_calls=0 dirty_rects_avg=1 dirty_pct_x10=1000 forced_full=0 first_n_force=0 threshold_exceeded=0 dirty_path_taken=0 full_flush_taken=0
[08:02:23] [info] prev-frame-diff block @flip=600: diff_calls=0 diff_rects_avg=0 diff_dirty_pct_x10=0 bbox_pct_x10=0 bbox_thresh_exceeded=0
[08:02:23] [info] backdrop cache: thrashing-detect engaged (streak=64, route=direct)
[08:02:23] [info] flip-probe: flip #610 ok=true present=3ms inter_flip_ms=57 drawcalls-since-flip=41 drawcalls-total=55257 fail-total=0 null-skips-total=0
[08:02:24] [info] flip-probe: flip #620 ok=true present=4ms inter_flip_ms=60 drawcalls-since-flip=41 drawcalls-total=55667 fail-total=0 null-skips-total=0
[08:02:25] [info] flip-probe: flip #630 ok=true present=4ms inter_flip_ms=60 drawcalls-since-flip=44 drawcalls-total=56107 fail-total=0 null-skips-total=0
[08:02:25] [info] flip-probe: flip #640 ok=true present=4ms inter_flip_ms=61 drawcalls-since-flip=44 drawcalls-total=56547 fail-total=0 null-skips-total=0
[08:02:26] [info] flip-probe: flip #650 ok=true present=4ms inter_flip_ms=60 drawcalls-since-flip=43 drawcalls-total=56981 fail-total=0 null-skips-total=0
[08:02:26] [info] flip-probe: flip #660 ok=true present=4ms inter_flip_ms=60 drawcalls-since-flip=42 drawcalls-total=57407 fail-total=0 null-skips-total=0
[08:02:27] [info] backdrop cache: thrashing-detect engaged (streak=124, route=direct)
[08:02:27] [info] flip-probe: flip #670 ok=true present=4ms inter_flip_ms=54 drawcalls-since-flip=16 drawcalls-total=57671 fail-total=0 null-skips-total=0
[08:02:28] [info] flip-probe: flip #680 ok=true present=4ms inter_flip_ms=51 drawcalls-since-flip=16 drawcalls-total=57831 fail-total=0 null-skips-total=0
[08:02:28] [info] flip-probe: flip #690 ok=true present=4ms inter_flip_ms=60 drawcalls-since-flip=26 drawcalls-total=58044 fail-total=0 null-skips-total=0
[08:02:29] [info] flip-probe: flip #700 ok=true present=4ms inter_flip_ms=56 drawcalls-since-flip=20 drawcalls-total=58240 fail-total=0 null-skips-total=0
[08:02:29] [info] alpha audit block 0: 2465 total drawcalls, 0 with alpha<255 (block pct_x10=0; global 0/52362 pct_x10=0); alpha-mod skipped: block=0 global=0
[08:02:29] [info] fastpath audit block 0: taken=2465 (idx8=2465) skipped=0 pct_x10=1000; global taken=52362 (idx8=52362) skipped=0 pct_x10=1000
[08:02:29] [info] primitive tally block 0: clear=200(hr=200) fill=0(hr=0) rect=0(hr=0) line=0(hr=0) tint=0 spotlight=0 (over 100 flips ending at flip 700)
[08:02:29] [info] color/alpha audit block 0: cmod_white=832 cmod_black=832 (idx=832) cmod_general=0 (idx=0) cmod_fb=0; alpha_taken=0 alpha_skipped=0 (global cmod=6186/4680/693/0 idx=4680/693 alpha=0/0)
[08:02:29] [info] phase timing block 0: drawcalls=4329 dc_total_ms=929 flip_inner_total_ms=658 inter_flip_total_ms=5992 (per-flip avg x10: dc_ms=92 fi_ms=65 if_ms=599 derived audio+engine_ms=442; per-drawcall avg us_x10=2146) [direct-vesa: presents=100 total_ms=384 avg_ms_x10=38 failed=0] [ablation: NO_DC_TIMING=0 CACHE_WINSURF=0 DIRECT_VESA=1]
[08:02:29] [info] kbd/audio block 0: kbd_irq=0 kbd_drain=0 ring_chunks=16 pump_pass=2012 pic1_mask=0xb8 first_irq_ticks=0 install_ticks=0 vector_at_install=0x0083e390 pic1_mask_live=0x38 kbd_8042_stat=0x34 bios_kbd_head=0x002e bios_kbd_tail=0x002e bios_kbd_buf0=0x3920
[08:02:29] [info] dirty-rect block @flip=700: total_calls=0 dirty_rects_avg=1 dirty_pct_x10=1000 forced_full=0 first_n_force=0 threshold_exceeded=0 dirty_path_taken=0 full_flush_taken=0
[08:02:29] [info] prev-frame-diff block @flip=700: diff_calls=0 diff_rects_avg=0 diff_dirty_pct_x10=0 bbox_pct_x10=0 bbox_thresh_exceeded=0
[08:02:29] [info] flip-probe: flip #710 ok=true present=4ms inter_flip_ms=74 drawcalls-since-flip=171 drawcalls-total=58691 fail-total=0 null-skips-total=0
[08:02:30] [info]  >> Entering stage 15: 'Reservoir'.
[08:02:30] [info] [skip-sheet-flush] cave=6
[08:02:30] [info] [load-stage] preloading entry music song=9 (cave=6)
[08:02:31] [info] gameloop: entered (curmap=15, running=1)
[08:02:31] [info] gameloop: iter 1 ticks=94290 mapno=-1
[08:02:31] [info] mds-clear-lut: rebuilt N=240 entries (k_skip=13% k_keep=87%; curmap=15 map_size=40x20; rebuild #4 since boot)
[08:02:31] [info] gameloop: iter 2 ticks=94408 mapno=-1
[08:02:31] [info] gameloop: iter 3 ticks=94515 mapno=-1
[08:02:31] [info] flip-probe: flip #720 ok=true present=4ms inter_flip_ms=97 drawcalls-since-flip=321 drawcalls-total=61481 fail-total=0 null-skips-total=0
[08:02:32] [info] flip-probe: flip #730 ok=true present=3ms inter_flip_ms=50 drawcalls-since-flip=31 drawcalls-total=62231 fail-total=0 null-skips-total=0
[08:02:32] [info] flip-probe: flip #740 ok=true present=4ms inter_flip_ms=50 drawcalls-since-flip=31 drawcalls-total=62541 fail-total=0 null-skips-total=0
[08:02:32] [info] backdrop cache: thrashing-detect engaged (streak=4, route=direct)
[08:02:33] [info] flip-probe: flip #750 ok=true present=4ms inter_flip_ms=56 drawcalls-since-flip=33 drawcalls-total=62859 fail-total=0 null-skips-total=0
[08:02:33] [info] flip-probe: flip #760 ok=true present=4ms inter_flip_ms=55 drawcalls-since-flip=31 drawcalls-total=63190 fail-total=0 null-skips-total=0
[08:02:34] [info] flip-probe: flip #770 ok=true present=4ms inter_flip_ms=49 drawcalls-since-flip=31 drawcalls-total=63500 fail-total=0 null-skips-total=0
[08:02:34] [info] flip-probe: flip #780 ok=true present=4ms inter_flip_ms=55 drawcalls-since-flip=31 drawcalls-total=63810 fail-total=0 null-skips-total=0
[08:02:35] [info] flip-probe: flip #790 ok=true present=4ms inter_flip_ms=53 drawcalls-since-flip=32 drawcalls-total=64129 fail-total=0 null-skips-total=0
[08:02:36] [info] flip-probe: flip #800 ok=true present=4ms inter_flip_ms=55 drawcalls-since-flip=34 drawcalls-total=64459 fail-total=0 null-skips-total=0
[08:02:36] [info] alpha audit block 0: 5363 total drawcalls, 0 with alpha<255 (block pct_x10=0; global 0/57725 pct_x10=0); alpha-mod skipped: block=0 global=0
[08:02:36] [info] fastpath audit block 0: taken=5363 (idx8=5363) skipped=0 pct_x10=1000; global taken=57725 (idx8=57725) skipped=0 pct_x10=1000
[08:02:36] [info] primitive tally block 0: clear=201(hr=201) fill=0(hr=0) rect=0(hr=0) line=0(hr=0) tint=0 spotlight=0 (over 100 flips ending at flip 800)
[08:02:36] [info] color/alpha audit block 0: cmod_white=756 cmod_black=756 (idx=756) cmod_general=0 (idx=0) cmod_fb=0; alpha_taken=0 alpha_skipped=0 (global cmod=6942/5436/693/0 idx=5436/693 alpha=0/0)
[08:02:36] [info] phase timing block 0: drawcalls=7105 dc_total_ms=1376 flip_inner_total_ms=668 inter_flip_total_ms=6871 (per-flip avg x10: dc_ms=137 fi_ms=66 if_ms=687 derived audio+engine_ms=484; per-drawcall avg us_x10=1937) [direct-vesa: presents=100 total_ms=382 avg_ms_x10=38 failed=0] [ablation: NO_DC_TIMING=0 CACHE_WINSURF=0 DIRECT_VESA=1]
[08:02:36] [info] kbd/audio block 0: kbd_irq=0 kbd_drain=0 ring_chunks=16 pump_pass=2317 pic1_mask=0xb8 first_irq_ticks=0 install_ticks=0 vector_at_install=0x0083e390 pic1_mask_live=0x38 kbd_8042_stat=0x34 bios_kbd_head=0x002e bios_kbd_tail=0x002e bios_kbd_buf0=0x3920
[08:02:36] [info] dirty-rect block @flip=800: total_calls=0 dirty_rects_avg=1 dirty_pct_x10=1000 forced_full=0 first_n_force=0 threshold_exceeded=0 dirty_path_taken=0 full_flush_taken=0
[08:02:36] [info] prev-frame-diff block @flip=800: diff_calls=0 diff_rects_avg=0 diff_dirty_pct_x10=0 bbox_pct_x10=0 bbox_thresh_exceeded=0
[08:02:36] [info] backdrop cache: thrashing-detect engaged (streak=64, route=direct)
[08:02:36] [info] flip-probe: flip #810 ok=true present=4ms inter_flip_ms=56 drawcalls-since-flip=35 drawcalls-total=64806 fail-total=0 null-skips-total=0
[08:02:37] [info] flip-probe: flip #820 ok=true present=4ms inter_flip_ms=57 drawcalls-since-flip=34 drawcalls-total=65153 fail-total=0 null-skips-total=0
[08:02:37] [info] flip-probe: flip #830 ok=true present=4ms inter_flip_ms=55 drawcalls-since-flip=33 drawcalls-total=65490 fail-total=0 null-skips-total=0
[08:02:38] [info] flip-probe: flip #840 ok=true present=4ms inter_flip_ms=51 drawcalls-since-flip=15 drawcalls-total=65748 fail-total=0 null-skips-total=0
[08:02:38] [info] flip-probe: flip #850 ok=true present=4ms inter_flip_ms=50 drawcalls-since-flip=14 drawcalls-total=65896 fail-total=0 null-skips-total=0
[08:02:39] [info] flip-probe: flip #860 ok=true present=3ms inter_flip_ms=51 drawcalls-since-flip=13 drawcalls-total=66035 fail-total=0 null-skips-total=0
[08:02:39] [info] flip-probe: flip #870 ok=true present=4ms inter_flip_ms=52 drawcalls-since-flip=15 drawcalls-total=66168 fail-total=0 null-skips-total=0
[08:02:40] [info] backdrop cache: thrashing-detect engaged (streak=4, route=direct)
[08:02:40] [info] flip-probe: flip #880 ok=true present=4ms inter_flip_ms=54 drawcalls-since-flip=14 drawcalls-total=66314 fail-total=0 null-skips-total=0
[08:02:41] [info] flip-probe: flip #890 ok=true present=4ms inter_flip_ms=50 drawcalls-since-flip=13 drawcalls-total=66448 fail-total=0 null-skips-total=0
[08:02:41] [info] flip-probe: flip #900 ok=true present=4ms inter_flip_ms=54 drawcalls-since-flip=13 drawcalls-total=66578 fail-total=0 null-skips-total=0
[08:02:41] [info] alpha audit block 0: 1695 total drawcalls, 0 with alpha<255 (block pct_x10=0; global 0/59420 pct_x10=0); alpha-mod skipped: block=0 global=0
[08:02:41] [info] fastpath audit block 0: taken=1695 (idx8=1695) skipped=0 pct_x10=1000; global taken=59420 (idx8=59420) skipped=0 pct_x10=1000
[08:02:41] [info] primitive tally block 0: clear=200(hr=200) fill=0(hr=0) rect=0(hr=0) line=0(hr=0) tint=0 spotlight=0 (over 100 flips ending at flip 900)
[08:02:41] [info] color/alpha audit block 0: cmod_white=324 cmod_black=324 (idx=324) cmod_general=0 (idx=0) cmod_fb=0; alpha_taken=0 alpha_skipped=0 (global cmod=7266/5760/693/0 idx=5760/693 alpha=0/0)
[08:02:41] [info] phase timing block 0: drawcalls=2562 dc_total_ms=843 flip_inner_total_ms=655 inter_flip_total_ms=5516 (per-flip avg x10: dc_ms=84 fi_ms=65 if_ms=551 derived audio+engine_ms=402; per-drawcall avg us_x10=3290) [direct-vesa: presents=100 total_ms=387 avg_ms_x10=38 failed=0] [ablation: NO_DC_TIMING=0 CACHE_WINSURF=0 DIRECT_VESA=1]
[08:02:41] [info] kbd/audio block 0: kbd_irq=0 kbd_drain=0 ring_chunks=16 pump_pass=2593 pic1_mask=0xb8 first_irq_ticks=0 install_ticks=0 vector_at_install=0x0083e390 pic1_mask_live=0x38 kbd_8042_stat=0x34 bios_kbd_head=0x002e bios_kbd_tail=0x002e bios_kbd_buf0=0x3920
[08:02:41] [info] dirty-rect block @flip=900: total_calls=0 dirty_rects_avg=1 dirty_pct_x10=1000 forced_full=0 first_n_force=0 threshold_exceeded=0 dirty_path_taken=0 full_flush_taken=0
[08:02:41] [info] prev-frame-diff block @flip=900: diff_calls=0 diff_rects_avg=0 diff_dirty_pct_x10=0 bbox_pct_x10=0 bbox_thresh_exceeded=0
[08:02:42] [info] flip-probe: flip #910 ok=true present=4ms inter_flip_ms=48 drawcalls-since-flip=13 drawcalls-total=66708 fail-total=0 null-skips-total=0
[08:02:42] [info] flip-probe: flip #920 ok=true present=4ms inter_flip_ms=51 drawcalls-since-flip=13 drawcalls-total=66838 fail-total=0 null-skips-total=0
[08:02:43] [info] flip-probe: flip #930 ok=true present=4ms inter_flip_ms=48 drawcalls-since-flip=13 drawcalls-total=66968 fail-total=0 null-skips-total=0
[08:02:43] [info] backdrop cache: thrashing-detect engaged (streak=64, route=direct)
[08:02:43] [info] flip-probe: flip #940 ok=true present=4ms inter_flip_ms=52 drawcalls-since-flip=13 drawcalls-total=67098 fail-total=0 null-skips-total=0
[08:02:44] [info] flip-probe: flip #950 ok=true present=4ms inter_flip_ms=51 drawcalls-since-flip=3 drawcalls-total=69133 fail-total=0 null-skips-total=0
[08:02:44] [info]  >> Entering stage 11: 'Mimiga Village'.
[08:02:44] [info] [skip-sheet-flush] cave=7
[08:02:45] [info] [load-stage] preloading entry music song=9 (cave=7)
[08:02:45] [info] gameloop: entered (curmap=11, running=1)
[08:02:45] [info] gameloop: iter 1 ticks=108385 mapno=-1
[08:02:45] [info] mds-clear-lut: rebuilt N=240 entries (k_skip=0% k_keep=100%; curmap=11 map_size=60x60; rebuild #5 since boot)
[08:02:45] [info] gameloop: iter 2 ticks=108505 mapno=-1
[08:02:45] [info] gameloop: iter 3 ticks=108620 mapno=-1
[08:02:46] [info] flip-probe: flip #960 ok=true present=4ms inter_flip_ms=57 drawcalls-since-flip=42 drawcalls-total=71063 fail-total=0 null-skips-total=0
[08:02:46] [info] flip-probe: flip #970 ok=true present=4ms inter_flip_ms=57 drawcalls-since-flip=42 drawcalls-total=71483 fail-total=0 null-skips-total=0
[08:02:47] [info] flip-probe: flip #980 ok=true present=4ms inter_flip_ms=69 drawcalls-since-flip=53 drawcalls-total=71947 fail-total=0 null-skips-total=0
[08:02:47] [info] backdrop cache: thrashing-detect engaged (streak=4, route=direct)
[08:02:48] [info] flip-probe: flip #990 ok=true present=3ms inter_flip_ms=69 drawcalls-since-flip=48 drawcalls-total=72449 fail-total=0 null-skips-total=0
[08:02:48] [info] flip-probe: flip #1000 ok=true present=4ms inter_flip_ms=67 drawcalls-since-flip=44 drawcalls-total=72905 fail-total=0 null-skips-total=0
[08:02:48] [info] alpha audit block 0: 5577 total drawcalls, 0 with alpha<255 (block pct_x10=0; global 0/64997 pct_x10=0); alpha-mod skipped: block=0 global=0
[08:02:48] [info] fastpath audit block 0: taken=5577 (idx8=5577) skipped=0 pct_x10=1000; global taken=64997 (idx8=64997) skipped=0 pct_x10=1000
[08:02:48] [info] primitive tally block 0: clear=201(hr=201) fill=0(hr=0) rect=0(hr=0) line=0(hr=0) tint=0 spotlight=0 (over 100 flips ending at flip 1000)
[08:02:48] [info] color/alpha audit block 0: cmod_white=650 cmod_black=650 (idx=650) cmod_general=0 (idx=0) cmod_fb=0; alpha_taken=0 alpha_skipped=0 (global cmod=7916/6410/693/0 idx=6410/693 alpha=0/0)
[08:02:48] [info] phase timing block 0: drawcalls=7112 dc_total_ms=1420 flip_inner_total_ms=672 inter_flip_total_ms=7095 (per-flip avg x10: dc_ms=142 fi_ms=67 if_ms=709 derived audio+engine_ms=500; per-drawcall avg us_x10=1997) [direct-vesa: presents=100 total_ms=382 avg_ms_x10=38 failed=0] [ablation: NO_DC_TIMING=0 CACHE_WINSURF=0 DIRECT_VESA=1]
[08:02:48] [info] kbd/audio block 0: kbd_irq=0 kbd_drain=0 ring_chunks=16 pump_pass=2908 pic1_mask=0xb8 first_irq_ticks=0 install_ticks=0 vector_at_install=0x0083e390 pic1_mask_live=0x38 kbd_8042_stat=0x34 bios_kbd_head=0x002e bios_kbd_tail=0x002e bios_kbd_buf0=0x3920
[08:02:48] [info] dirty-rect block @flip=1000: total_calls=0 dirty_rects_avg=1 dirty_pct_x10=1000 forced_full=0 first_n_force=0 threshold_exceeded=0 dirty_path_taken=0 full_flush_taken=0
[08:02:48] [info] prev-frame-diff block @flip=1000: diff_calls=0 diff_rects_avg=0 diff_dirty_pct_x10=0 bbox_pct_x10=0 bbox_thresh_exceeded=0
[08:02:49] [info] flip-probe: flip #1010 ok=true present=4ms inter_flip_ms=61 drawcalls-since-flip=42 drawcalls-total=73355 fail-total=0 null-skips-total=0
[08:02:50] [info] flip-probe: flip #1020 ok=true present=4ms inter_flip_ms=60 drawcalls-since-flip=44 drawcalls-total=73806 fail-total=0 null-skips-total=0
[08:02:50] [info] flip-probe: flip #1030 ok=true present=4ms inter_flip_ms=61 drawcalls-since-flip=44 drawcalls-total=74246 fail-total=0 null-skips-total=0
[08:02:51] [info] flip-probe: flip #1040 ok=true present=4ms inter_flip_ms=61 drawcalls-since-flip=44 drawcalls-total=74686 fail-total=0 null-skips-total=0
[08:02:51] [info] backdrop cache: thrashing-detect engaged (streak=64, route=direct)
[08:02:51] [info] flip-probe: flip #1050 ok=true present=4ms inter_flip_ms=60 drawcalls-since-flip=43 drawcalls-total=75123 fail-total=0 null-skips-total=0
[08:02:52] [info] flip-probe: flip #1060 ok=true present=4ms inter_flip_ms=60 drawcalls-since-flip=43 drawcalls-total=75553 fail-total=0 null-skips-total=0
[08:02:53] [info] flip-probe: flip #1070 ok=true present=4ms inter_flip_ms=59 drawcalls-since-flip=42 drawcalls-total=75974 fail-total=0 null-skips-total=0
[08:02:53] [info] flip-probe: flip #1080 ok=true present=4ms inter_flip_ms=56 drawcalls-since-flip=18 drawcalls-total=76145 fail-total=0 null-skips-total=0
[08:02:54] [info] flip-probe: flip #1090 ok=true present=4ms inter_flip_ms=54 drawcalls-since-flip=18 drawcalls-total=76325 fail-total=0 null-skips-total=0
[08:02:54] [info] flip-probe: flip #1100 ok=true present=4ms inter_flip_ms=53 drawcalls-since-flip=17 drawcalls-total=76502 fail-total=0 null-skips-total=0
[08:02:54] [info] alpha audit block 0: 2587 total drawcalls, 0 with alpha<255 (block pct_x10=0; global 0/67584 pct_x10=0); alpha-mod skipped: block=0 global=0
[08:02:54] [info] fastpath audit block 0: taken=2587 (idx8=2587) skipped=0 pct_x10=1000; global taken=67584 (idx8=67584) skipped=0 pct_x10=1000
[08:02:54] [info] primitive tally block 0: clear=200(hr=200) fill=0(hr=0) rect=0(hr=0) line=0(hr=0) tint=0 spotlight=0 (over 100 flips ending at flip 1100)
[08:02:54] [info] color/alpha audit block 0: cmod_white=910 cmod_black=910 (idx=910) cmod_general=0 (idx=0) cmod_fb=0; alpha_taken=0 alpha_skipped=0 (global cmod=8826/7320/693/0 idx=7320/693 alpha=0/0)
[08:02:54] [info] phase timing block 0: drawcalls=4607 dc_total_ms=952 flip_inner_total_ms=654 inter_flip_total_ms=6064 (per-flip avg x10: dc_ms=95 fi_ms=65 if_ms=606 derived audio+engine_ms=446; per-drawcall avg us_x10=2067) [direct-vesa: presents=100 total_ms=383 avg_ms_x10=38 failed=0] [ablation: NO_DC_TIMING=0 CACHE_WINSURF=0 DIRECT_VESA=1]
[08:02:54] [info] kbd/audio block 0: kbd_irq=0 kbd_drain=0 ring_chunks=16 pump_pass=3211 pic1_mask=0xb8 first_irq_ticks=0 install_ticks=0 vector_at_install=0x0083e390 pic1_mask_live=0x38 kbd_8042_stat=0x34 bios_kbd_head=0x002e bios_kbd_tail=0x002e bios_kbd_buf0=0x3920
[08:02:54] [info] dirty-rect block @flip=1100: total_calls=0 dirty_rects_avg=1 dirty_pct_x10=1000 forced_full=0 first_n_force=0 threshold_exceeded=0 dirty_path_taken=0 full_flush_taken=0
[08:02:54] [info] prev-frame-diff block @flip=1100: diff_calls=0 diff_rects_avg=0 diff_dirty_pct_x10=0 bbox_pct_x10=0 bbox_thresh_exceeded=0
[08:02:55] [info] backdrop cache: thrashing-detect engaged (streak=124, route=direct)
[08:02:55] [info] flip-probe: flip #1110 ok=true present=4ms inter_flip_ms=57 drawcalls-since-flip=17 drawcalls-total=76666 fail-total=0 null-skips-total=0
[08:02:55] [info] flip-probe: flip #1120 ok=true present=4ms inter_flip_ms=51 drawcalls-since-flip=18 drawcalls-total=76838 fail-total=0 null-skips-total=0
[08:02:56] [info] flip-probe: flip #1130 ok=true present=3ms inter_flip_ms=54 drawcalls-since-flip=18 drawcalls-total=77017 fail-total=0 null-skips-total=0
[08:02:57] [info] flip-probe: flip #1140 ok=true present=4ms inter_flip_ms=58 drawcalls-since-flip=18 drawcalls-total=77197 fail-total=0 null-skips-total=0
[08:02:57] [info] flip-probe: flip #1150 ok=true present=5ms inter_flip_ms=56 drawcalls-since-flip=20 drawcalls-total=77391 fail-total=0 null-skips-total=0
[08:02:58] [info] flip-probe: flip #1160 ok=true present=4ms inter_flip_ms=58 drawcalls-since-flip=20 drawcalls-total=77591 fail-total=0 null-skips-total=0
[08:02:58] [info] backdrop cache: thrashing-detect engaged (streak=184, route=direct)
[08:02:58] [info] flip-probe: flip #1170 ok=true present=4ms inter_flip_ms=59 drawcalls-since-flip=16 drawcalls-total=77764 fail-total=0 null-skips-total=0
[08:02:59] [info] flip-probe: flip #1180 ok=true present=4ms inter_flip_ms=55 drawcalls-since-flip=16 drawcalls-total=77924 fail-total=0 null-skips-total=0
[08:02:59] [info] flip-probe: flip #1190 ok=true present=4ms inter_flip_ms=54 drawcalls-since-flip=17 drawcalls-total=78094 fail-total=0 null-skips-total=0
[08:03:00] [info] flip-probe: flip #1200 ok=true present=4ms inter_flip_ms=54 drawcalls-since-flip=16 drawcalls-total=78257 fail-total=0 null-skips-total=0
[08:03:00] [info] alpha audit block 0: 1655 total drawcalls, 0 with alpha<255 (block pct_x10=0; global 0/69239 pct_x10=0); alpha-mod skipped: block=0 global=0
[08:03:00] [info] fastpath audit block 0: taken=1655 (idx8=1655) skipped=0 pct_x10=1000; global taken=69239 (idx8=69239) skipped=0 pct_x10=1000
[08:03:00] [info] primitive tally block 0: clear=200(hr=200) fill=0(hr=0) rect=0(hr=0) line=0(hr=0) tint=0 spotlight=0 (over 100 flips ending at flip 1200)
[08:03:00] [info] phase timing block 0: drawcalls=1855 dc_total_ms=731 flip_inner_total_ms=656 inter_flip_total_ms=5791 (per-flip avg x10: dc_ms=73 fi_ms=65 if_ms=579 derived audio+engine_ms=441; per-drawcall avg us_x10=3944) [direct-vesa: presents=100 total_ms=383 avg_ms_x10=38 failed=0] [ablation: NO_DC_TIMING=0 CACHE_WINSURF=0 DIRECT_VESA=1]
[08:03:00] [info] kbd/audio block 0: kbd_irq=0 kbd_drain=0 ring_chunks=16 pump_pass=3501 pic1_mask=0xb8 first_irq_ticks=0 install_ticks=0 vector_at_install=0x0083e390 pic1_mask_live=0x38 kbd_8042_stat=0x34 bios_kbd_head=0x002e bios_kbd_tail=0x002e bios_kbd_buf0=0x3920
[08:03:00] [info] dirty-rect block @flip=1200: total_calls=0 dirty_rects_avg=1 dirty_pct_x10=1000 forced_full=0 first_n_force=0 threshold_exceeded=0 dirty_path_taken=0 full_flush_taken=0
[08:03:00] [info] prev-frame-diff block @flip=1200: diff_calls=0 diff_rects_avg=0 diff_dirty_pct_x10=0 bbox_pct_x10=0 bbox_thresh_exceeded=0
[08:03:01] [info] flip-probe: flip #1210 ok=true present=4ms inter_flip_ms=51 drawcalls-since-flip=16 drawcalls-total=78412 fail-total=0 null-skips-total=0
[08:03:01] [info] flip-probe: flip #1220 ok=true present=4ms inter_flip_ms=60 drawcalls-since-flip=19 drawcalls-total=78594 fail-total=0 null-skips-total=0
[08:03:02] [info] backdrop cache: thrashing-detect engaged (streak=244, route=direct)
[08:03:02] [info] flip-probe: flip #1230 ok=true present=3ms inter_flip_ms=59 drawcalls-since-flip=17 drawcalls-total=78777 fail-total=0 null-skips-total=0
[08:03:03] [info]  >> Entering stage 19: 'Assembly Hall'.
[08:03:03] [info] [skip-sheet-flush] cave=8
[08:03:04] [info] [load-stage] preloading entry music song=9 (cave=8)
[08:03:04] [info] gameloop: entered (curmap=19, running=1)
[08:03:04] [info] gameloop: iter 1 ticks=127363 mapno=-1
[08:03:04] [info] mds-clear-lut: rebuilt N=240 entries (k_skip=100% k_keep=0%; curmap=19 map_size=21x16; rebuild #6 since boot)
[08:03:04] [info] flip-probe: flip #1240 ok=true present=4ms inter_flip_ms=1176 drawcalls-since-flip=463 drawcalls-total=81190 fail-total=0 null-skips-total=0
[08:03:04] [info] gameloop: iter 2 ticks=127499 mapno=-1
[08:03:04] [info] gameloop: iter 3 ticks=127613 mapno=-1
[08:03:05] [info] flip-probe: flip #1250 ok=true present=4ms inter_flip_ms=55 drawcalls-since-flip=121 drawcalls-total=83702 fail-total=0 null-skips-total=0
[08:03:05] [info] flip-probe: flip #1260 ok=true present=3ms inter_flip_ms=56 drawcalls-since-flip=121 drawcalls-total=84912 fail-total=0 null-skips-total=0
[08:03:06] [info] flip-probe: flip #1270 ok=true present=5ms inter_flip_ms=58 drawcalls-since-flip=124 drawcalls-total=86133 fail-total=0 null-skips-total=0
[08:03:06] [info] flip-probe: flip #1280 ok=true present=4ms inter_flip_ms=58 drawcalls-since-flip=123 drawcalls-total=87354 fail-total=0 null-skips-total=0
[08:03:07] [info] flip-probe: flip #1290 ok=true present=4ms inter_flip_ms=55 drawcalls-since-flip=121 drawcalls-total=88573 fail-total=0 null-skips-total=0
[08:03:07] [info] flip-probe: flip #1300 ok=true present=4ms inter_flip_ms=55 drawcalls-since-flip=121 drawcalls-total=89783 fail-total=0 null-skips-total=0
[08:03:07] [info] alpha audit block 0: 10694 total drawcalls, 0 with alpha<255 (block pct_x10=0; global 0/79933 pct_x10=0); alpha-mod skipped: block=0 global=0
[08:03:07] [info] fastpath audit block 0: taken=10694 (idx8=10694) skipped=0 pct_x10=1000; global taken=79933 (idx8=79933) skipped=0 pct_x10=1000
[08:03:07] [info] primitive tally block 0: clear=201(hr=201) fill=0(hr=0) rect=0(hr=0) line=0(hr=0) tint=0 spotlight=0 (over 100 flips ending at flip 1300)
[08:03:07] [info] color/alpha audit block 0: cmod_white=732 cmod_black=732 (idx=732) cmod_general=0 (idx=0) cmod_fb=0; alpha_taken=0 alpha_skipped=0 (global cmod=9558/8052/693/0 idx=8052/693 alpha=0/0)
[08:03:07] [info] phase timing block 0: drawcalls=12420 dc_total_ms=1688 flip_inner_total_ms=656 inter_flip_total_ms=7417 (per-flip avg x10: dc_ms=168 fi_ms=65 if_ms=741 derived audio+engine_ms=508; per-drawcall avg us_x10=1359) [direct-vesa: presents=100 total_ms=384 avg_ms_x10=38 failed=0] [ablation: NO_DC_TIMING=0 CACHE_WINSURF=0 DIRECT_VESA=1]
[08:03:07] [info] kbd/audio block 0: kbd_irq=0 kbd_drain=0 ring_chunks=16 pump_pass=3817 pic1_mask=0xb8 first_irq_ticks=0 install_ticks=0 vector_at_install=0x0083e390 pic1_mask_live=0x38 kbd_8042_stat=0x34 bios_kbd_head=0x002e bios_kbd_tail=0x002e bios_kbd_buf0=0x3920
[08:03:07] [info] dirty-rect block @flip=1300: total_calls=0 dirty_rects_avg=1 dirty_pct_x10=1000 forced_full=0 first_n_force=0 threshold_exceeded=0 dirty_path_taken=0 full_flush_taken=0
[08:03:08] [info] prev-frame-diff block @flip=1300: diff_calls=0 diff_rects_avg=0 diff_dirty_pct_x10=0 bbox_pct_x10=0 bbox_thresh_exceeded=0
[08:03:08] [info] flip-probe: flip #1310 ok=true present=4ms inter_flip_ms=57 drawcalls-since-flip=121 drawcalls-total=90993 fail-total=0 null-skips-total=0
[08:03:09] [info] flip-probe: flip #1320 ok=true present=4ms inter_flip_ms=103 drawcalls-since-flip=462 drawcalls-total=93870 fail-total=0 null-skips-total=0
[08:03:09] [info]  >> Entering stage 11: 'Mimiga Village'.
[08:03:09] [info] [skip-sheet-flush] cave=9
[08:03:10] [info] [load-stage] preloading entry music song=9 (cave=9)
[08:03:10] [info] gameloop: entered (curmap=11, running=1)
[08:03:10] [info] gameloop: iter 1 ticks=133628 mapno=-1
[08:03:10] [info] mds-clear-lut: rebuilt N=240 entries (k_skip=0% k_keep=100%; curmap=11 map_size=60x60; rebuild #7 since boot)
[08:03:10] [info] gameloop: iter 2 ticks=133759 mapno=-1
[08:03:10] [info] gameloop: iter 3 ticks=133876 mapno=-1
[08:03:11] [info] backdrop cache: thrashing-detect engaged (streak=4, route=direct)
[08:03:11] [info] flip-probe: flip #1330 ok=true present=5ms inter_flip_ms=65 drawcalls-since-flip=42 drawcalls-total=96012 fail-total=0 null-skips-total=0
[08:03:11] [info] flip-probe: flip #1340 ok=true present=4ms inter_flip_ms=62 drawcalls-since-flip=42 drawcalls-total=96457 fail-total=0 null-skips-total=0
[08:03:12] [info] flip-probe: flip #1350 ok=true present=4ms inter_flip_ms=57 drawcalls-since-flip=42 drawcalls-total=96874 fail-total=0 null-skips-total=0
[08:03:13] [info] flip-probe: flip #1360 ok=true present=4ms inter_flip_ms=58 drawcalls-since-flip=43 drawcalls-total=97305 fail-total=0 null-skips-total=0
[08:03:13] [info] tas: stall frame 281 ms -> contributing 1 tick (patch 0286)
[08:03:14] [info] flip-probe: flip #1370 ok=true present=4ms inter_flip_ms=59 drawcalls-since-flip=42 drawcalls-total=97727 fail-total=0 null-skips-total=0
[08:03:14] [info] flip-probe: flip #1380 ok=true present=4ms inter_flip_ms=58 drawcalls-since-flip=44 drawcalls-total=98170 fail-total=0 null-skips-total=0
[08:03:14] [info] backdrop cache: thrashing-detect engaged (streak=64, route=direct)
[08:03:15] [info] flip-probe: flip #1390 ok=true present=4ms inter_flip_ms=57 drawcalls-since-flip=43 drawcalls-total=98603 fail-total=0 null-skips-total=0
[08:03:15] [info] flip-probe: flip #1400 ok=true present=4ms inter_flip_ms=59 drawcalls-since-flip=42 drawcalls-total=99031 fail-total=0 null-skips-total=0
[08:03:15] [info] alpha audit block 0: 7869 total drawcalls, 0 with alpha<255 (block pct_x10=0; global 0/87802 pct_x10=0); alpha-mod skipped: block=0 global=0
[08:03:15] [info] fastpath audit block 0: taken=7869 (idx8=7869) skipped=0 pct_x10=1000; global taken=87802 (idx8=87802) skipped=0 pct_x10=1000
[08:03:15] [info] primitive tally block 0: clear=201(hr=201) fill=0(hr=0) rect=0(hr=0) line=0(hr=0) tint=0 spotlight=0 (over 100 flips ending at flip 1400)
[08:03:15] [info] color/alpha audit block 0: cmod_white=1279 cmod_black=1279 (idx=1279) cmod_general=0 (idx=0) cmod_fb=0; alpha_taken=0 alpha_skipped=0 (global cmod=10837/9331/693/0 idx=9331/693 alpha=0/0)
[08:03:15] [info] phase timing block 0: drawcalls=10654 dc_total_ms=1564 flip_inner_total_ms=878 inter_flip_total_ms=7865 (per-flip avg x10: dc_ms=156 fi_ms=87 if_ms=786 derived audio+engine_ms=543; per-drawcall avg us_x10=1468) [direct-vesa: presents=100 total_ms=383 avg_ms_x10=38 failed=0] [ablation: NO_DC_TIMING=0 CACHE_WINSURF=0 DIRECT_VESA=1]
[08:03:15] [info] kbd/audio block 0: kbd_irq=0 kbd_drain=0 ring_chunks=16 pump_pass=4144 pic1_mask=0xb8 first_irq_ticks=0 install_ticks=0 vector_at_install=0x0083e390 pic1_mask_live=0x38 kbd_8042_stat=0x34 bios_kbd_head=0x002e bios_kbd_tail=0x002e bios_kbd_buf0=0x3920
[08:03:15] [info] dirty-rect block @flip=1400: total_calls=0 dirty_rects_avg=1 dirty_pct_x10=1000 forced_full=0 first_n_force=0 threshold_exceeded=0 dirty_path_taken=0 full_flush_taken=0
[08:03:15] [info] prev-frame-diff block @flip=1400: diff_calls=0 diff_rects_avg=0 diff_dirty_pct_x10=0 bbox_pct_x10=0 bbox_thresh_exceeded=0
[08:03:16] [info] flip-probe: flip #1410 ok=true present=4ms inter_flip_ms=58 drawcalls-since-flip=42 drawcalls-total=99451 fail-total=0 null-skips-total=0
[08:03:17] [info] flip-probe: flip #1420 ok=true present=4ms inter_flip_ms=55 drawcalls-since-flip=43 drawcalls-total=99877 fail-total=0 null-skips-total=0
[08:03:17] [info] flip-probe: flip #1430 ok=true present=4ms inter_flip_ms=61 drawcalls-since-flip=44 drawcalls-total=100313 fail-total=0 null-skips-total=0
[08:03:18] [info] flip-probe: flip #1440 ok=true present=4ms inter_flip_ms=58 drawcalls-since-flip=40 drawcalls-total=100737 fail-total=0 null-skips-total=0
[08:03:18] [info] backdrop cache: thrashing-detect engaged (streak=124, route=direct)
[08:03:18] [info] flip-probe: flip #1450 ok=true present=4ms inter_flip_ms=64 drawcalls-since-flip=88 drawcalls-total=100977 fail-total=0 null-skips-total=0
[08:03:19] [info]  >> Entering stage 14: 'Shack'.
[08:03:19] [info] [skip-sheet-flush] cave=10
[08:03:20] [info] [load-stage] preloading entry music song=8 (cave=10)
[08:03:20] [info] [music-dispatch] tick=4329 song=8 (prev 9)
[08:03:20] [info] opl3 backend: on_song_stop
[08:03:20] [info] MidiScheduler::load: parsed 'data/orgmid2/vivi.mid' = 4558 events at 48 PPQ
[08:03:20] [info] opl3 backend: on_song_start
[08:03:20] [info] gameloop: entered (curmap=14, running=1)
[08:03:20] [info] gameloop: iter 1 ticks=143758 mapno=-1
[08:03:20] [info] gameloop: iter 2 ticks=143856 mapno=-1
[08:03:20] [info] gameloop: iter 3 ticks=143960 mapno=-1
[08:03:20] [info] flip-probe: flip #1460 ok=true present=4ms inter_flip_ms=105 drawcalls-since-flip=365 drawcalls-total=103976 fail-total=0 null-skips-total=0
[08:03:21] [info] flip-probe: flip #1470 ok=true present=4ms inter_flip_ms=42 drawcalls-since-flip=23 drawcalls-total=104800 fail-total=0 null-skips-total=0
[08:03:21] [info] flip-probe: flip #1480 ok=true present=4ms inter_flip_ms=45 drawcalls-since-flip=23 drawcalls-total=105030 fail-total=0 null-skips-total=0
[08:03:22] [info] flip-probe: flip #1490 ok=true present=5ms inter_flip_ms=42 drawcalls-since-flip=25 drawcalls-total=105264 fail-total=0 null-skips-total=0
[08:03:22] [info] flip-probe: flip #1500 ok=true present=5ms inter_flip_ms=44 drawcalls-since-flip=26 drawcalls-total=105522 fail-total=0 null-skips-total=0
[08:03:22] [info] alpha audit block 0: 5686 total drawcalls, 0 with alpha<255 (block pct_x10=0; global 0/93488 pct_x10=0); alpha-mod skipped: block=0 global=0
[08:03:22] [info] fastpath audit block 0: taken=5686 (idx8=5686) skipped=0 pct_x10=1000; global taken=93488 (idx8=93488) skipped=0 pct_x10=1000
[08:03:22] [info] primitive tally block 0: clear=201(hr=201) fill=0(hr=0) rect=0(hr=0) line=0(hr=0) tint=0 spotlight=0 (over 100 flips ending at flip 1500)
[08:03:22] [info] color/alpha audit block 0: cmod_white=748 cmod_black=748 (idx=748) cmod_general=0 (idx=0) cmod_fb=0; alpha_taken=0 alpha_skipped=0 (global cmod=11585/10079/693/0 idx=10079/693 alpha=0/0)
[08:03:22] [info] phase timing block 0: drawcalls=7383 dc_total_ms=1244 flip_inner_total_ms=662 inter_flip_total_ms=6941 (per-flip avg x10: dc_ms=124 fi_ms=66 if_ms=694 derived audio+engine_ms=504; per-drawcall avg us_x10=1685) [direct-vesa: presents=100 total_ms=392 avg_ms_x10=39 failed=0] [ablation: NO_DC_TIMING=0 CACHE_WINSURF=0 DIRECT_VESA=1]
[08:03:22] [info] kbd/audio block 0: kbd_irq=0 kbd_drain=0 ring_chunks=16 pump_pass=4437 pic1_mask=0xb8 first_irq_ticks=0 install_ticks=0 vector_at_install=0x0083e390 pic1_mask_live=0x38 kbd_8042_stat=0x34 bios_kbd_head=0x002e bios_kbd_tail=0x002e bios_kbd_buf0=0x3920
[08:03:22] [info] dirty-rect block @flip=1500: total_calls=0 dirty_rects_avg=1 dirty_pct_x10=1000 forced_full=0 first_n_force=0 threshold_exceeded=0 dirty_path_taken=0 full_flush_taken=0
[08:03:22] [info] prev-frame-diff block @flip=1500: diff_calls=0 diff_rects_avg=0 diff_dirty_pct_x10=0 bbox_pct_x10=0 bbox_thresh_exceeded=0
[08:03:23] [info] flip-probe: flip #1510 ok=true present=4ms inter_flip_ms=42 drawcalls-since-flip=23 drawcalls-total=105755 fail-total=0 null-skips-total=0
[08:03:23] [info] flip-probe: flip #1520 ok=true present=4ms inter_flip_ms=42 drawcalls-since-flip=23 drawcalls-total=105985 fail-total=0 null-skips-total=0
[08:03:24] [info] run_tick_fixed #4500: heartbeat (loop alive)
[08:03:24] [info] flip-probe: flip #1530 ok=true present=4ms inter_flip_ms=42 drawcalls-since-flip=23 drawcalls-total=106215 fail-total=0 null-skips-total=0
[08:03:24] [info] flip-probe: flip #1540 ok=true present=4ms inter_flip_ms=42 drawcalls-since-flip=23 drawcalls-total=106445 fail-total=0 null-skips-total=0
[08:03:24] [info] flip-probe: flip #1550 ok=true present=4ms inter_flip_ms=43 drawcalls-since-flip=23 drawcalls-total=106675 fail-total=0 null-skips-total=0
[08:03:25] [info] flip-probe: flip #1560 ok=true present=4ms inter_flip_ms=43 drawcalls-since-flip=23 drawcalls-total=106905 fail-total=0 null-skips-total=0
[08:03:26] [info] flip-probe: flip #1570 ok=true present=4ms inter_flip_ms=95 drawcalls-since-flip=365 drawcalls-total=109155 fail-total=0 null-skips-total=0
[08:03:26] [info]  >> Entering stage 11: 'Mimiga Village'.
[08:03:26] [info] [skip-sheet-flush] cave=11
[08:03:26] [info] [load-stage] preloading entry music song=9 (cave=11)
[08:03:26] [info] [music-dispatch] tick=4612 song=9 (prev 8)
[08:03:26] [info] opl3 backend: on_song_stop
[08:03:26] [info] MidiScheduler::load: parsed 'data/orgmid2/mura.mid' = 2863 events at 48 PPQ
[08:03:26] [info] opl3 backend: on_song_start
[08:03:27] [info] gameloop: entered (curmap=11, running=1)
[08:03:27] [info] gameloop: iter 1 ticks=150289 mapno=-1
[08:03:27] [info] gameloop: iter 2 ticks=150407 mapno=-1
[08:03:27] [info] gameloop: iter 3 ticks=150524 mapno=-1
[08:03:27] [info] backdrop cache: thrashing-detect engaged (streak=4, route=direct)
[08:03:27] [info] flip-probe: flip #1580 ok=true present=4ms inter_flip_ms=65 drawcalls-since-flip=40 drawcalls-total=111244 fail-total=0 null-skips-total=0
[08:03:28] [info] flip-probe: flip #1590 ok=true present=5ms inter_flip_ms=58 drawcalls-since-flip=43 drawcalls-total=111656 fail-total=0 null-skips-total=0
[08:03:29] [info] flip-probe: flip #1600 ok=true present=4ms inter_flip_ms=62 drawcalls-since-flip=45 drawcalls-total=112092 fail-total=0 null-skips-total=0
[08:03:29] [info] alpha audit block 0: 5809 total drawcalls, 0 with alpha<255 (block pct_x10=0; global 0/99297 pct_x10=0); alpha-mod skipped: block=0 global=0
[08:03:29] [info] fastpath audit block 0: taken=5809 (idx8=5809) skipped=0 pct_x10=1000; global taken=99297 (idx8=99297) skipped=0 pct_x10=1000
[08:03:29] [info] primitive tally block 0: clear=201(hr=201) fill=0(hr=0) rect=0(hr=0) line=0(hr=0) tint=0 spotlight=0 (over 100 flips ending at flip 1600)
[08:03:29] [info] color/alpha audit block 0: cmod_white=732 cmod_black=732 (idx=732) cmod_general=0 (idx=0) cmod_fb=0; alpha_taken=0 alpha_skipped=0 (global cmod=12317/10811/693/0 idx=10811/693 alpha=0/0)
[08:03:29] [info] phase timing block 0: drawcalls=7479 dc_total_ms=1278 flip_inner_total_ms=664 inter_flip_total_ms=6440 (per-flip avg x10: dc_ms=127 fi_ms=66 if_ms=644 derived audio+engine_ms=451; per-drawcall avg us_x10=1709) [direct-vesa: presents=100 total_ms=382 avg_ms_x10=38 failed=0] [ablation: NO_DC_TIMING=0 CACHE_WINSURF=0 DIRECT_VESA=1]
[08:03:29] [info] kbd/audio block 0: kbd_irq=0 kbd_drain=0 ring_chunks=16 pump_pass=4713 pic1_mask=0xb8 first_irq_ticks=0 install_ticks=0 vector_at_install=0x0083e390 pic1_mask_live=0x38 kbd_8042_stat=0x34 bios_kbd_head=0x002e bios_kbd_tail=0x002e bios_kbd_buf0=0x3920
[08:03:29] [info] dirty-rect block @flip=1600: total_calls=0 dirty_rects_avg=1 dirty_pct_x10=1000 forced_full=0 first_n_force=0 threshold_exceeded=0 dirty_path_taken=0 full_flush_taken=0
[08:03:29] [info] prev-frame-diff block @flip=1600: diff_calls=0 diff_rects_avg=0 diff_dirty_pct_x10=0 bbox_pct_x10=0 bbox_thresh_exceeded=0
[08:03:29] [info] flip-probe: flip #1610 ok=true present=4ms inter_flip_ms=58 drawcalls-since-flip=42 drawcalls-total=112537 fail-total=0 null-skips-total=0
[08:03:30] [info] flip-probe: flip #1620 ok=true present=4ms inter_flip_ms=56 drawcalls-since-flip=42 drawcalls-total=112957 fail-total=0 null-skips-total=0
[08:03:30] [info] run_tick_fixed #4800: heartbeat (loop alive)
[08:03:31] [info] flip-probe: flip #1630 ok=true present=4ms inter_flip_ms=60 drawcalls-since-flip=44 drawcalls-total=113404 fail-total=0 null-skips-total=0
[08:03:31] [info] backdrop cache: thrashing-detect engaged (streak=64, route=direct)
[08:03:31] [info] flip-probe: flip #1640 ok=true present=4ms inter_flip_ms=59 drawcalls-since-flip=44 drawcalls-total=113844 fail-total=0 null-skips-total=0
[08:03:32] [info] flip-probe: flip #1650 ok=true present=4ms inter_flip_ms=58 drawcalls-since-flip=46 drawcalls-total=114292 fail-total=0 null-skips-total=0
[08:03:32] [info] backdrop cache: thrashing-detect engaged (streak=4, route=direct)
[08:03:32] [info] flip-probe: flip #1660 ok=true present=3ms inter_flip_ms=68 drawcalls-since-flip=43 drawcalls-total=114737 fail-total=0 null-skips-total=0
[08:03:33] [info] flip-probe: flip #1670 ok=true present=4ms inter_flip_ms=68 drawcalls-since-flip=44 drawcalls-total=115171 fail-total=0 null-skips-total=0
[08:03:33] [info] backdrop cache: thrashing-detect engaged (streak=4, route=direct)
[08:03:34] [info] flip-probe: flip #1680 ok=true present=4ms inter_flip_ms=59 drawcalls-since-flip=46 drawcalls-total=115621 fail-total=0 null-skips-total=0
[08:03:34] [info] flip-probe: flip #1690 ok=true present=4ms inter_flip_ms=56 drawcalls-since-flip=44 drawcalls-total=116074 fail-total=0 null-skips-total=0
[08:03:35] [info] flip-probe: flip #1700 ok=true present=4ms inter_flip_ms=55 drawcalls-since-flip=18 drawcalls-total=116280 fail-total=0 null-skips-total=0
[08:03:35] [info] alpha audit block 0: 2905 total drawcalls, 0 with alpha<255 (block pct_x10=0; global 0/102202 pct_x10=0); alpha-mod skipped: block=0 global=0
[08:03:35] [info] fastpath audit block 0: taken=2905 (idx8=2905) skipped=0 pct_x10=1000; global taken=102202 (idx8=102202) skipped=0 pct_x10=1000
[08:03:35] [info] primitive tally block 0: clear=200(hr=200) fill=0(hr=0) rect=0(hr=0) line=0(hr=0) tint=0 spotlight=0 (over 100 flips ending at flip 1700)
[08:03:35] [info] color/alpha audit block 0: cmod_white=1183 cmod_black=1183 (idx=1183) cmod_general=0 (idx=0) cmod_fb=0; alpha_taken=0 alpha_skipped=0 (global cmod=13500/11994/693/0 idx=11994/693 alpha=0/0)
[08:03:35] [info] phase timing block 0: drawcalls=5479 dc_total_ms=1075 flip_inner_total_ms=655 inter_flip_total_ms=6148 (per-flip avg x10: dc_ms=107 fi_ms=65 if_ms=614 derived audio+engine_ms=442; per-drawcall avg us_x10=1962) [direct-vesa: presents=100 total_ms=382 avg_ms_x10=38 failed=0] [ablation: NO_DC_TIMING=0 CACHE_WINSURF=0 DIRECT_VESA=1]
[08:03:35] [info] kbd/audio block 0: kbd_irq=0 kbd_drain=0 ring_chunks=16 pump_pass=5021 pic1_mask=0xb8 first_irq_ticks=0 install_ticks=0 vector_at_install=0x0083e390 pic1_mask_live=0x38 kbd_8042_stat=0x34 bios_kbd_head=0x002e bios_kbd_tail=0x002e bios_kbd_buf0=0x3920
[08:03:35] [info] dirty-rect block @flip=1700: total_calls=0 dirty_rects_avg=1 dirty_pct_x10=1000 forced_full=0 first_n_force=0 threshold_exceeded=0 dirty_path_taken=0 full_flush_taken=0
[08:03:35] [info] prev-frame-diff block @flip=1700: diff_calls=0 diff_rects_avg=0 diff_dirty_pct_x10=0 bbox_pct_x10=0 bbox_thresh_exceeded=0
[08:03:35] [info] flip-probe: flip #1710 ok=true present=4ms inter_flip_ms=53 drawcalls-since-flip=18 drawcalls-total=116460 fail-total=0 null-skips-total=0
[08:03:36] [info] flip-probe: flip #1720 ok=true present=4ms inter_flip_ms=51 drawcalls-since-flip=18 drawcalls-total=116640 fail-total=0 null-skips-total=0
[08:03:36] [info] run_tick_fixed #5100: heartbeat (loop alive)
[08:03:37] [info] flip-probe: flip #1730 ok=true present=4ms inter_flip_ms=54 drawcalls-since-flip=18 drawcalls-total=116820 fail-total=0 null-skips-total=0
[08:03:37] [info] backdrop cache: thrashing-detect engaged (streak=64, route=direct)
[08:03:37] [info] flip-probe: flip #1740 ok=true present=5ms inter_flip_ms=52 drawcalls-since-flip=59 drawcalls-total=117410 fail-total=0 null-skips-total=0
[08:03:38] [info] flip-probe: flip #1750 ok=true present=4ms inter_flip_ms=53 drawcalls-since-flip=59 drawcalls-total=118000 fail-total=0 null-skips-total=0
[08:03:38] [info] flip-probe: flip #1760 ok=true present=4ms inter_flip_ms=52 drawcalls-since-flip=59 drawcalls-total=118590 fail-total=0 null-skips-total=0
[08:03:38] [info] tas: end-of-replay auto-exit at tick 5140 (recording exhausted; set DOSKUTSU_TAS_REPLAY_HOLD=1 to disable + observe steady-state past recording end)
[08:03:38] [info] Script engine shutdown.
[08:03:38] [info] opl3 backend: on_song_stop
[08:03:38] [info] opl3 backend: cleared reg 0xBD chip-wide latch (wub-wub mitigation per flush-instr WAVE-46 H6)
[08:03:38] [info] opl3 backend shutdown (all 18 voices KEY-OFF unconditionally; OPL2 mode restored; chip state safe for next process)
[08:03:39] [info] Sound system shutdown
[08:03:39] [info] Renderer::Close()
[08:03:39] [info] tas: replay file closed
[08:03:39] [info] [fps-true] flips=1764 render_s=157 fps_mean=11.2 (clock-independent: flips / seconds since the FIRST flip; use THIS for the fps matrix, not inter_flip medians, which are invalid in any cell running the PIT/IRQ-0 music pump)
[RUNMANIFEST-BEGIN]
schema_version=2
environment=realhw
binary_sha12=UNKNOWN
binary_sha12_src=unknown
build_sha12=1f79ce20e4ee
organya_cache_key=1f79ce20e4ee
wave_tag=5R4B
scene=
env_block_sha=5c9a0670e00a
started_rtc_local=2026-11-21T05:51:42
duration_s=173
exit_code=0
fps_true_flips=1764
fps_true_render_s=157
reel_ticks=5140
reel_game_seconds=102.8
per_loop_fps=17.1
overhead_s=55
music_pump_active=0
cpu_vendor=GenuineIntel
cpu_have_cpuid=1
cpu_family=4
cpu_model=3
cpu_stepping=5
cpu_mhz_est=49
cpu_has_fpu=1
cpu_class=486_slow
audio_backend=opl3
video_logical_wxh=320x240
video_logical_bpp=8
video_vram_kb=4096
video_lfb_or_banked=lfb
audio_is_sb16=0
audio_dsp_ver=2.01
audio_dma_path=8bit-low
audio_force_8bit=0
audio_dma_channel=3
fps_p50=17.2
fps_p95=10.2
fps_sample_n=176
fps_sample_interval=10
pump_clock_state=no-pump
audio_vital_status=NA
regime=NA
banner_required_hit=0
banner_required_total=0
banner_forbidden_hit=0
banner_optional_hit=0
critical_count=0
warn_count=0
perstage_count=12
perstage_00=stage:72 ticks:95 flips:95 fps:50.0
perstage_01=stage:1005 ticks:80 flips:80 fps:50.0
perstage_02=stage:20 ticks:123 flips:51 fps:20.7
perstage_03=stage:11 ticks:456 flips:143 fps:15.6
perstage_04=stage:17 ticks:770 flips:174 fps:11.2
perstage_05=stage:11 ticks:548 flips:172 fps:15.6
perstage_06=stage:15 ticks:665 flips:234 fps:17.5
perstage_07=stage:11 ticks:893 flips:289 fps:16.1
perstage_08=stage:19 ticks:261 flips:82 fps:15.7
perstage_09=stage:11 ticks:438 flips:136 fps:15.5
perstage_10=stage:14 ticks:283 flips:114 fps:20.1
perstage_11=stage:11 ticks:528 flips:193 fps:18.2
[RUNMANIFEST-END]
[08:03:39] [info] [runmanifest-emit] schema=v2 env=realhw binary_sha12=UNKNOWN(unknown) build_sha12=1f79ce20e4ee per_loop_fps=17.1 overhead_s=55 pump=0 dur=173s tag='5R4B' scene='' (signals=0x4)
