Logger::init: wave-53 log level=INFO path='LOGS/5R5.LOG'
[08:07:06] [info] config: loaded DOSKUTSU.CFG (2 keys)
[08:07:06] [info] [cpu-witness] vendor=GenuineIntel cpuid=1 family=4 model=3 stepping=5 mhz_est=49 fpu=1 class=486_slow (boot-time attestation of the running CPU; MHZ_486_LOOP_DIV=16400 mirrors SETUP)
[08:07:06] [info] tas: PRNG seed forced to 12345 via DOSKUTSU_TAS_PRNG_SEED
[08:07:06] [info] tas: auto-exit armed at tick 30000 via DOSKUTSU_TAS_AUTO_EXIT_TICK
[08:07:06] [info] tas: replay opened path='QA.TAS' header_seed=12345
[08:07:06] [info] AUDIO_BACKEND=adlib -- omitting SDL_INIT_AUDIO (no Sound Blaster on a native-AdLib config; the OPL chip is driven by direct port I/O + the PIT/IRQ-0 music pump). SoundManager::init() STILL RUNS (unlike AUDIO_OFF) to bring up the OPL2 backend. MUSIC ONLY -- no PCM SFX on a DAC-less AdLib card.
[08:07:07] [info] data cache: DISABLED (default)
[08:07:07] [info] Joystick: skipped (default; set DOSKUTSU_USE_JOYSTICK=1 to enable -- skips SDL3-DOS gameport BIOS INT 15h polling, ~82 ms / flip on real HW)
[08:07:07] [info] Loading settings...
[08:07:07] [info] [input-bind] applied=0 invert_y=0 dos_axes=1
[08:07:07] [info] Renderer::initVideo: 8bpp mode requested via SDL_HINT_DOS_MAX_BPP=8 (wave 16); SDL3-DOS will pick the highest-bpp <= 8 mode at requested resolution
[08:07:07] [info] Renderer::initVideo: DOS resolution-label lock ENABLED (default)
[08:07:07] [info] center-oversized: not needed (surface matches the logical screen) surface=320x240 logical=320x240 offset=0,0
[08:07:08] [info] Renderer::initVideo: using: software renderer
[08:07:11] [info] Renderer::initVideo: dirty-rect tracking ENABLED (wave 15, default ON; set SDL_HINT_DOSKUTSU_DIRTY_RECTS=0 to disable)
[08:07:11] [info] Renderer::initVideo: ablation flags: NO_DC_TIMING=0 CACHE_WINSURF=0 NO_INPUT_POLL=0 DIRECT_VESA=1
[08:07:11] [info] Renderer::initVideo: direct-VESA hot path ENABLED (default since wave 20 patch 0088; bypasses SDL_RenderPresent / SDL_UpdateWindowSurface and writes via SDL/0034's PresentFull helper; R2 mitigation handled by SDL/0034 generation counter -- no per-N-flip heartbeat needed; set SDL_HINT_DOSKUTSU_DIRECT_VESA=0 to revert)
[08:07:11] [info] Renderer::initVideo: flip-phase instrumentation DISABLED (default; set SDL_HINT_DOSKUTSU_FLIP_INSTR=1 to opt in for wave-20 Lever A diagnostic)
[08:07:11] [info] Renderer::initVideo: asm opaque-span blit lever DISABLED (default; set SDL_HINT_DOSKUTSU_ASM_BLIT=1 to opt in -- wave-51 _blit_indexed colorkey-blit lever)
[08:07:11] [info] Renderer::initVideo: blit-decomp instrumentation DISABLED (default; set SDL_HINT_DOSKUTSU_BLIT_DECOMP=1 to opt in -- wave-51 _blit_indexed sub-decomp sizing)
[08:07:11] [info] Renderer::initVideo: mds-scroll-decomp instrumentation DISABLED (default; set SDL_HINT_DOSKUTSU_MDS_DECOMP=1 to opt in -- wave-52 mode_draw_scene scrolling-block decomp)
[08:07:11] [info] Renderer::initVideo: DOSVESA pump yield: skipped (default) (per-flip explicit SDL_Delay(0) yield is always on; set SDL_HINT_DOSKUTSU_FORCE_PUMP_YIELD=1 to restore old per-pump yield)
[08:07:11] [info] Renderer::initVideo: indexed-mode (8bpp) ENABLED -- master palette + 107 per-asset remap LUTs loaded (wave 16, default ON; set SDL_HINT_DOSKUTSU_PIXEL_FORMAT_8=0 to disable)
[08:07:11] [info] Renderer::initVideo: master palette attached to window surface (format=SDL_PIXELFORMAT_INDEX8, ncolors=256)
[08:07:11] [info] Renderer::initVideo: indexed-mode smoke: idx0=(0,0,0) OK idx255=(255,0,255) OK
[08:07:11] [info] Renderer::initVideo: indexed-mode smoke: paletteRemapFor('MyChar.pbm') = present
[08:07:12] [info] Surface::loadImage palmap-diag #1: 'data/Loading.pbm' fmt=SDL_PIXELFORMAT_ABGR8888 remap=HIT -> path=truecolor
[08:07:12] [info] Renderer: prev-frame diff DISABLED (default since wave 17.6; set SDL_HINT_DOSKUTSU_PREVFRAME_DIFF=1 to opt in)
[08:07:12] [info] flip-probe: renderer=software window_ptr=8825496 colorspace=301991328 window_size=320x240 framebuffer_pixels=320x240 logical_present=320x240 mode=2
[08:07:12] [info] flip-probe: first flip ok=true present=53ms inter_flip_ms=0 drawcalls-since-flip=1 drawcalls-total=1
[08:07:12] [info] Sound system init
[08:07:12] [info] Sound system: AdLib (OPL2) path -- AUDIO_BACKEND=adlib. Skipping SB16 + SDL_mixer bring-up (no SDL_INIT_AUDIO); music via native OPL2 FM on the PIT/IRQ-0 pump. MUSIC ONLY: a DAC-less AdLib card has no PCM SFX. See docs/internal/ADLIB-NATIVE-DESIGN.md.
[08:07:12] [info] Sound system: AdLib PC-speaker SFX beeps -- engine SFX->beep mapping WIRED (patch 0264; SDL owns default-ON killswitch SDL_HINT_DOSKUTSU_PCSPK_SFX=0 to disable). See docs/internal/ADLIB-PCSPK-SFX-DESIGN.md.
[08:07:12] [info] Sound system: 4-state audio enable (#31) -- music=on sfx=on (MUSIC_OFF/AUDIO_BACKEND=none -> music-off; SFX_OFF/SFX_DEVICE=none -> sfx-off; both gates are dispatch-level, the device still opens; AUDIO_OFF=1 is the device-level both-off).
[08:07:12] [info] Sound system: Tier-2 audio config (default since wave 21 patch 0093; 11025 Hz, 1 channel, buffer pinned to 256 frames). Measured savings on g2k Pentium OverDrive 83 MHz (W21A): heavy-music scenes ~+11 fps vs Tier-1 baseline (measured -10 to -15 ms/flip post-0094 audio fix; W21A's pre-fix -26.6 ms figure was inflated by stereo-vs-mono playback bug, see patch 0094). Audio quality is reduced vs Tier-1 (mono, 11025 Hz, simple-average L+R downmix) but recognizable; user accepted the trade per direction 2026-05-05. Set SDL_HINT_DOSKUTSU_AUDIO_TIER2=0 to revert to Tier-1 22050 stereo (full Cave Story 2004 audio quality; trades fps for fidelity).
[08:07:12] [info] Sound system: SDL_HINT_AUDIO_DEVICE_SAMPLE_FRAMES=256
[08:07:12] [info] Pixtone IRQ rate-divider: handed master_rate=11025 int16/s (SAMPLE_RATE=11025 x AUDIO_CHANNELS=1) to SDL for auto-RATEDIV (SDL/0074 computes shift_div from the resolved device freq).
[08:07:12] [info] Sound system: device frame-rate: requesting 11025 Hz match to master (SDL_DOSAudioSetDeviceFrameRate; SB16 opens at the engine frame rate instead of SDL's 44100 floor -- 4x less PCM/s + no resampler on the Organya/Pixtone path; killswitch SDL_HINT_DOSKUTSU_DOS_AUDIO_DEVICE_RATE_DEFAULT=0).
[08:07:12] [info] audio backend: adlib (Campaign 2 -- native OPL2 FM synthesis on a no-Sound-Blaster card; 9-voice single-bank allocator; music clock = PIT/IRQ-0 OPL pump, NOT SB IRQ-5). MUSIC ONLY -- no PCM SFX on a DAC-less AdLib card. SoundManager::init probes OPL2 at 0x388 via the Adlib timer-1 sequence; if absent, music is silent (the game still runs). Reuses data/opl3bank.dat (DMXOPL GM bank).
[08:07:12] [info] Sound system: AdLib path -- no SB16 mixer (music via the PIT pump; SFX disabled on this no-SB out-of-band path).
[08:07:12] [info] wave-13.6.1: ring_chunks=16 FORCE_PUMP_YIELD=off (set SDL_HINT_DOSKUTSU_AUDIO_RING_CHUNKS=4|8|16 to override; default 16 matches wave 13.6 behaviour)
[08:07:12] [info] MidiScheduler: MIDI source = 'orgmid2' (native-GM org2mid set; resolves to data/orgmid2/<name>.mid).
[08:07:12] [info] opl2 backend probing for OPL chip (Adlib timer-1 sequence on 0x388)...
[08:07:12] [info] opl2 backend: opl3bank.dat loaded 128 programs from 'data/opl3bank.dat' (1536 bytes). OPL2 ignores the SBI panning nibble; programs >= 128 fall back to the 8-patch family bucket; drum channel uses PATCH_DRUM.
[08:07:12] [info] opl2 backend ready (OPL2 detected; 9-voice single-bank allocator armed; bank=runtime opl3bank.dat ACTIVE; clock = PIT/IRQ-0 OPL music pump, NOT SB IRQ-5; MUSIC ONLY -- no PCM SFX on a DAC-less AdLib card).
[08:07:12] [info] Sound system: MidiScheduler armed with MidiBackendOpl2 (Campaign 2 AdLib -- native OPL2 FM, 9-voice single bank). Music dispatch routes via SMF parser + OPL2 voice allocator; the clock is the PIT/IRQ-0 OPL pump (SDL/0110), NOT the SB IRQ-5. MUSIC ONLY -- no Pixtone PCM SFX on a DAC-less card.
[08:07:12] [info] Sound system: idle-pause skipped (backend=adlib does not qualify; only opl3 supports idle-pause per patch 0115; default OFF since patch 0119 regardless of backend).
[08:07:12] [warn] Music dir Ogg/ doesn't exist
[08:07:12] [warn] Music dir Ogg11/ doesn't exist
[08:07:12] [warn] Music dir Ogg17/ doesn't exist
[08:07:13] [warn] Music dir Ogg_ridic/ doesn't exist
[08:07:13] [info] Sound system: AdLib path -- skipping Pixtone/SFX/Organya/mixer init (no SDL audio device; MUSIC ONLY -- a DAC-less AdLib card has no PCM SFX). No MIX_CreateTrack / SFX-render attempts; runtime SFX calls no-op.
[08:07:13] [info] adlib: music pump STARTED at 120 Hz (PIT ch0 / IRQ-0 drives MidiScheduler::tick_isr; BIOS 18.2 Hz tick chained; restored on exit). This is the music clock on a no-SB card.
[08:07:13] [info] menu slide-in fixed-timestep: ENABLED (default; slide advances at 50 Hz logic rate)
[08:07:13] [info] Reading npc.tbl...
[08:07:13] [info] Loading tilekey.dat.
[08:07:13] [info] Script engine init.
[08:07:13] [info] Entering main loop...
[08:07:13] [info] audio mid-gap pump: DISABLED (default)
[08:07:13] [info] TAS fixed-timestep guard: ENABLED (default) (patch 0280; load_stage wall-clock kept out of the FT accumulator so TAS replay advances at a true 50 Hz; set SDL_HINT_DOSKUTSU_TAS_FT_GUARD=0 to disable)
[08:07:13] [info] load_stage ring+DMA silence flush: ENABLED (default) (set SDL_HINT_DOSKUTSU_LOADSTAGE_SILENCE=0 to disable)
[08:07:13] [info] load-band audio-underrun probe: DISABLED (default) (opt-in SDL_HINT_DOSKUTSU_LOADBAND_STAT=1)
[08:07:13] [info]  >> Entering stage 72: 'u'.
[08:07:13] [info] skip sheet flush: ENABLED (default) (SFXPAUSE-012 SHIPPED FIX; sprite sheets stay resident across caves so no per-cave re-decode -> no fire-frame pause; map_flush_graphics tilemap cache still flushes; set SDL_HINT_DOSKUTSU_SKIP_SHEET_FLUSH=0 to restore the old per-cave flush)
[08:07:13] [info] [skip-sheet-flush] cave=1
[08:07:13] [info] eager action sheets: ENABLED (default) (first-fire hitch fix: pre-loads the weapon bullet + hit/muzzle/trail caret sheets at stage load so the first fire/impact does not lazy-decode mid-gameplay; set SDL_HINT_DOSKUTSU_EAGER_ACTION_SHEETS=0 to restore lazy load)
[08:07:14] [info] Surface::loadImage palmap-diag #2: 'data/Bullet.pbm' fmt=SDL_PIXELFORMAT_ABGR8888 remap=HIT -> path=truecolor
[08:07:14] [info] Surface::loadImage palmap-diag #3: 'data/Arms.pbm' fmt=SDL_PIXELFORMAT_ABGR8888 remap=HIT -> path=truecolor
[08:07:14] [info] Surface::loadImage palmap-diag #4: 'data/Caret.pbm' fmt=SDL_PIXELFORMAT_ABGR8888 remap=HIT -> path=truecolor
[08:07:15] [info] Surface::loadImage palmap-diag #5: 'data/Npc/NpcSym.pbm' fmt=SDL_PIXELFORMAT_ABGR8888 remap=HIT -> path=truecolor
[08:07:15] [info] [eager-action-sheets] cave=1 sheets=4 wall_ms=1401
[08:07:15] [info] Surface::loadImage palmap-diag #6: 'data/Stage/PrtWhite.pbm' fmt=SDL_PIXELFORMAT_ABGR8888 remap=HIT -> path=truecolor
[08:07:16] [info] load_stage: entry-music preload ENABLED (default) (set SDL_HINT_DOSKUTSU_PRELOAD_STAGE_MUSIC=0 to disable)
[08:07:16] [info] Surface::loadImage palmap-diag #7: 'data/bk0.pbm' fmt=SDL_PIXELFORMAT_ABGR8888 remap=HIT -> path=truecolor
[08:07:16] [info] gameloop: entered (curmap=72, running=1)
[08:07:16] [info] gameloop: iter 1 ticks=9779 mapno=-1
[08:07:16] [info] fixed-timestep: ENABLED (default; logic 50 Hz, decoupled from render)
[08:07:16] [info] map: BG skip-when-unchanged DISABLED (default) (set SDL_HINT_DOSKUTSU_BG_SKIP_WHEN_UNCHANGED=1 to enable; default OFF since wave-61 -- abandoned, it shipped a backdrop-black flicker and its +0.87 fps was below the noise floor)
[08:07:16] [info] map: skip-redundant-clear lever ENABLED (default since wave-53 promotion)
[08:07:16] [info] perf-mode: level=0 (faithful (default))
[08:07:16] [info] Surface::loadImage palmap-diag #8: 'data/Npc/NpcKings.pbm' fmt=SDL_PIXELFORMAT_ABGR8888 remap=HIT -> path=truecolor
[08:07:16] [info] audio tick-boundary pump: DISABLED (default)
[08:07:16] [info] gameloop: iter 2 ticks=10264 mapno=-1
[08:07:16] [info] gameloop: iter 3 ticks=10329 mapno=-1
[08:07:16] [info] direct-vesa: snapshot @gen=2 use_dosmemput=0 banked_multibank=0 pitches_match=1 vram_w=320 vram_h=240 vram_pitch=320 bpp=1 fb_size=76800 vram_phys=0x78000000 vram_ptr=0x77c00000
[08:07:17] [info] flip-probe: flip #10 ok=true present=4ms inter_flip_ms=39 drawcalls-since-flip=6 drawcalls-total=43 fail-total=0 null-skips-total=0
[08:07:17] [info] flip-probe: flip #20 ok=true present=4ms inter_flip_ms=38 drawcalls-since-flip=4 drawcalls-total=92 fail-total=0 null-skips-total=0
[08:07:18] [info] flip-probe: flip #30 ok=true present=4ms inter_flip_ms=80 drawcalls-since-flip=326 drawcalls-total=2707 fail-total=0 null-skips-total=0
[08:07:19] [info] flip-probe: flip #40 ok=true present=4ms inter_flip_ms=72 drawcalls-since-flip=264 drawcalls-total=5837 fail-total=0 null-skips-total=0
[08:07:19] [info] flip-probe: flip #50 ok=true present=4ms inter_flip_ms=45 drawcalls-since-flip=67 drawcalls-total=7392 fail-total=0 null-skips-total=0
[08:07:20] [info] flip-probe: flip #60 ok=true present=4ms inter_flip_ms=36 drawcalls-since-flip=4 drawcalls-total=7502 fail-total=0 null-skips-total=0
[08:07:20] [info] flip-probe: flip #70 ok=true present=4ms inter_flip_ms=36 drawcalls-since-flip=6 drawcalls-total=7557 fail-total=0 null-skips-total=0
[08:07:20] [info] flip-probe: flip #80 ok=true present=4ms inter_flip_ms=19 drawcalls-since-flip=0 drawcalls-total=7586 fail-total=0 null-skips-total=0
[08:07:21] [info] flip-probe: flip #90 ok=true present=3ms inter_flip_ms=20 drawcalls-since-flip=0 drawcalls-total=7586 fail-total=0 null-skips-total=0
[08:07:21] [info] title: eager-title-IO phase tag ENABLED (default) (set SDL_HINT_DOSKUTSU_EAGER_TITLE_IO=0 to disable)
[08:07:21] [info] [music-dispatch] tick=95 song=24 (prev 0)
[08:07:21] [info] MidiScheduler::load: parsed 'data/orgmid2/curly.mid' = 11294 events at 48 PPQ
[08:07:21] [info] opl2 backend: on_song_start
[08:07:21] [info] gameloop: entered (curmap=1005, running=1)
[08:07:21] [info] gameloop: iter 1 ticks=15403 mapno=-1
[08:07:21] [info] map: backdrop cache ENABLED (default) (set SDL_HINT_DOSKUTSU_BACKDROP_CACHE=0 to disable)
[08:07:22] [info] gameloop: iter 2 ticks=16404 mapno=-1
[08:07:22] [info] gameloop: iter 3 ticks=16451 mapno=-1
[08:07:23] [info] backdrop cache: thrashing-detect engaged (streak=4, route=direct)
[08:07:23] [info] flip-probe: flip #100 ok=true present=4ms inter_flip_ms=43 drawcalls-since-flip=75 drawcalls-total=7886 fail-total=0 null-skips-total=0
[08:07:23] [info] alpha audit block 0: 7798 total drawcalls, 0 with alpha<255 (block pct_x10=0; global 0/7798 pct_x10=0); alpha-mod skipped: block=0 global=0
[08:07:23] [info] fastpath audit block 0: taken=7798 (idx8=7798) skipped=0 pct_x10=1000; global taken=7798 (idx8=7798) skipped=0 pct_x10=1000
[08:07:23] [info] primitive tally block 0: clear=220(hr=220) fill=0(hr=0) rect=0(hr=0) line=0(hr=0) tint=0 spotlight=0 (over 100 flips ending at flip 100)
[08:07:23] [info] color/alpha audit block 0: cmod_white=104 cmod_black=0 (idx=0) cmod_general=84 (idx=84) cmod_fb=0; alpha_taken=0 alpha_skipped=0 (global cmod=104/0/84/0 idx=0/84 alpha=0/0)
[08:07:23] [info] phase timing block 0: drawcalls=8209 dc_total_ms=1737 flip_inner_total_ms=627 inter_flip_total_ms=10995 (per-flip avg x10: dc_ms=173 fi_ms=62 if_ms=1099 derived audio+engine_ms=864; per-drawcall avg us_x10=2116) [direct-vesa: presents=97 total_ms=369 avg_ms_x10=38 failed=0] [ablation: NO_DC_TIMING=0 CACHE_WINSURF=0 DIRECT_VESA=1]
[08:07:23] [info] kbd/audio block 0: kbd_irq=0 kbd_drain=0 ring_chunks=16 pump_pass=99 pic1_mask=0xb8 first_irq_ticks=0 install_ticks=0 vector_at_install=0x0084e398 pic1_mask_live=0xb8 kbd_8042_stat=0x34 bios_kbd_head=0x002e bios_kbd_tail=0x002e bios_kbd_buf0=0x3920
[08:07:23] [info] audio/engine split block 0: audio_mixer_calls=0 audio_mixer_ms_x10=0 engine_tick_calls=99 engine_tick_ms_x10=590 audio_service_calls=0 audio_service_ms_x10=0 (per-flip avg; per-call us_x10: audio_mix=0 engine_tick=596719 audio_service=0; global ns: audio_mix=0 engine_tick=5907524431 audio_service=0)
[08:07:23] [info] pixtone multi-source probe: DISABLED (default)
[08:07:23] [info] dirty-rect block @flip=100: total_calls=0 dirty_rects_avg=0 dirty_pct_x10=990 forced_full=0 first_n_force=3 threshold_exceeded=2 dirty_path_taken=0 full_flush_taken=3
[08:07:23] [info] prev-frame-diff block @flip=100: diff_calls=0 diff_rects_avg=0 diff_dirty_pct_x10=0 bbox_pct_x10=0 bbox_thresh_exceeded=0
[08:07:23] [info] flip-probe: flip #110 ok=true present=4ms inter_flip_ms=34 drawcalls-since-flip=75 drawcalls-total=8636 fail-total=0 null-skips-total=0
[08:07:23] [info] flip-probe: flip #120 ok=true present=3ms inter_flip_ms=34 drawcalls-since-flip=75 drawcalls-total=9386 fail-total=0 null-skips-total=0
[08:07:24] [info] flip-probe: flip #130 ok=true present=4ms inter_flip_ms=20 drawcalls-since-flip=0 drawcalls-total=9986 fail-total=0 null-skips-total=0
[08:07:24] [info] Loading profile from profile.dat
[08:07:24] [error] profile_load: unable to open 'profile.dat'
[08:07:24] [info] Loading profile from profile2.dat
[08:07:24] [error] profile_load: unable to open 'profile2.dat'
[08:07:24] [info] Loading profile from profile3.dat
[08:07:24] [info] Loading profile from profile4.dat
[08:07:24] [error] profile_load: unable to open 'profile4.dat'
[08:07:24] [info] Loading profile from profile5.dat
[08:07:24] [info] flip-probe: flip #140 ok=true present=4ms inter_flip_ms=57 drawcalls-since-flip=210 drawcalls-total=10826 fail-total=0 null-skips-total=0
[08:07:25] [info] flip-probe: flip #150 ok=true present=3ms inter_flip_ms=57 drawcalls-since-flip=210 drawcalls-total=12926 fail-total=0 null-skips-total=0
[08:07:25] [info] Writing settings...
[08:07:25] [info] flip-probe: flip #160 ok=true present=4ms inter_flip_ms=21 drawcalls-since-flip=0 drawcalls-total=13774 fail-total=0 null-skips-total=0
[08:07:25] [info] flip-probe: flip #170 ok=true present=4ms inter_flip_ms=21 drawcalls-since-flip=0 drawcalls-total=13774 fail-total=0 null-skips-total=0
[08:07:26] [info] [music-dispatch] tick=175 song=0 (prev 24)
[08:07:26] [info] opl2 backend: on_song_stop
[08:07:26] [info] Loading profile from profile5.dat
[08:07:26] [info]  >> Entering stage 20: 'Save Point'.
[08:07:26] [info] [skip-sheet-flush] cave=2
[08:07:27] [info] [music-dispatch] tick=175 song=8 (prev 0)
[08:07:27] [info] MidiScheduler::load: parsed 'data/orgmid2/vivi.mid' = 4558 events at 48 PPQ
[08:07:27] [info] opl2 backend: on_song_start
[08:07:27] [info] gameloop: entered (curmap=20, running=1)
[08:07:27] [info] gameloop: iter 1 ticks=20767 mapno=-1
[08:07:27] [info] TAS stall discount: ENABLED (default) (patch 0286; a replay frame over 150 ms is a load, not slow rendering, so it contributes 1 tick instead of its wall-clock; set SDL_HINT_DOSKUTSU_TAS_STALL_DISCOUNT=0 to disable)
[08:07:27] [info] TAS accumulator clamp: DISABLED (default) (patch 0281; caps the FT accumulator delta at one tick during TAS so a stalled frame cannot race the replay index; set SDL_HINT_DOSKUTSU_TAS_FT_GUARD=0 to disable)
[08:07:27] [info] gameloop: iter 2 ticks=20819 mapno=-1
[08:07:27] [info] gameloop: iter 3 ticks=20866 mapno=-1
[08:07:27] [info] flip-probe: flip #180 ok=true present=4ms inter_flip_ms=38 drawcalls-since-flip=16 drawcalls-total=13896 fail-total=0 null-skips-total=0
[08:07:27] [info] flip-probe: flip #190 ok=true present=3ms inter_flip_ms=38 drawcalls-since-flip=16 drawcalls-total=14056 fail-total=0 null-skips-total=0
[08:07:28] [info] flip-probe: flip #200 ok=true present=4ms inter_flip_ms=38 drawcalls-since-flip=16 drawcalls-total=14216 fail-total=0 null-skips-total=0
[08:07:28] [info] alpha audit block 0: 5693 total drawcalls, 0 with alpha<255 (block pct_x10=0; global 0/13491 pct_x10=0); alpha-mod skipped: block=0 global=0
[08:07:28] [info] fastpath audit block 0: taken=5693 (idx8=5693) skipped=0 pct_x10=1000; global taken=13491 (idx8=13491) skipped=0 pct_x10=1000
[08:07:28] [info] primitive tally block 0: clear=201(hr=201) fill=0(hr=0) rect=0(hr=0) line=0(hr=0) tint=0 spotlight=0 (over 100 flips ending at flip 200)
[08:07:28] [info] color/alpha audit block 0: cmod_white=1402 cmod_black=0 (idx=0) cmod_general=609 (idx=609) cmod_fb=0; alpha_taken=0 alpha_skipped=0 (global cmod=1506/0/693/0 idx=0/693 alpha=0/0)
[08:07:28] [info] phase timing block 0: drawcalls=7905 dc_total_ms=1562 flip_inner_total_ms=516 inter_flip_total_ms=5184 (per-flip avg x10: dc_ms=156 fi_ms=51 if_ms=518 derived audio+engine_ms=311; per-drawcall avg us_x10=1976) [direct-vesa: presents=100 total_ms=374 avg_ms_x10=37 failed=0] [ablation: NO_DC_TIMING=0 CACHE_WINSURF=0 DIRECT_VESA=1]
[08:07:28] [info] kbd/audio block 0: kbd_irq=0 kbd_drain=0 ring_chunks=16 pump_pass=220 pic1_mask=0xb8 first_irq_ticks=0 install_ticks=0 vector_at_install=0x0084e398 pic1_mask_live=0xb8 kbd_8042_stat=0x34 bios_kbd_head=0x002e bios_kbd_tail=0x002e bios_kbd_buf0=0x3920
[08:07:28] [info] audio/engine split block 0: audio_mixer_calls=0 audio_mixer_ms_x10=0 engine_tick_calls=76 engine_tick_ms_x10=224 audio_service_calls=0 audio_service_ms_x10=0 (per-flip avg; per-call us_x10: audio_mix=0 engine_tick=295173 audio_service=0; global ns: audio_mix=0 engine_tick=8150844808 audio_service=0)
[08:07:28] [info] dirty-rect block @flip=200: total_calls=0 dirty_rects_avg=1 dirty_pct_x10=1000 forced_full=0 first_n_force=0 threshold_exceeded=0 dirty_path_taken=0 full_flush_taken=0
[08:07:28] [info] prev-frame-diff block @flip=200: diff_calls=0 diff_rects_avg=0 diff_dirty_pct_x10=0 bbox_pct_x10=0 bbox_thresh_exceeded=0
[08:07:28] [info] flip-probe: flip #210 ok=true present=4ms inter_flip_ms=38 drawcalls-since-flip=16 drawcalls-total=14376 fail-total=0 null-skips-total=0
[08:07:29] [info] flip-probe: flip #220 ok=true present=4ms inter_flip_ms=38 drawcalls-since-flip=16 drawcalls-total=14536 fail-total=0 null-skips-total=0
[08:07:29] [info] flip-probe: flip #230 ok=true present=4ms inter_flip_ms=43 drawcalls-since-flip=6 drawcalls-total=16840 fail-total=0 null-skips-total=0
[08:07:29] [info]  >> Entering stage 11: 'Mimiga Village'.
[08:07:29] [info] [skip-sheet-flush] cave=3
[08:07:30] [info] [load-stage] preloading entry music song=9 (cave=3)
[08:07:30] [info] [music-dispatch] tick=297 song=9 (prev 8)
[08:07:30] [info] opl2 backend: on_song_stop
[08:07:30] [info] MidiScheduler::load: parsed 'data/orgmid2/mura.mid' = 2863 events at 48 PPQ
[08:07:30] [info] opl2 backend: on_song_start
[08:07:30] [info] gameloop: entered (curmap=11, running=1)
[08:07:30] [info] gameloop: iter 1 ticks=24171 mapno=-1
[08:07:30] [info] map: mds_clear LUT ENABLED (default) (set SDL_HINT_DOSKUTSU_MDS_CLEAR_LUT=0 to disable; default ON; patch 0144 wave-49 bandwidth lever)
[08:07:30] [info] mds-clear-lut: rebuilt N=240 entries (k_skip=0% k_keep=100%; curmap=11 map_size=60x60; rebuild #1 since boot)
[08:07:30] [info] backdrop thrash full-cover ENABLED (default) (set SDL_HINT_DOSKUTSU_THRASH_FULLCOVER=0 to disable)
[08:07:31] [info] [bd-diag] backdrop render-path diag disabled (default) (set SDL_HINT_DOSKUTSU_BACKDROP_DIAG=1 to enable)
[08:07:31] [info] gameloop: iter 2 ticks=24746 mapno=-1
[08:07:31] [info] tas: stall frame 575 ms -> contributing 1 tick (patch 0286)
[08:07:31] [info] gameloop: iter 3 ticks=24868 mapno=-1
[08:07:31] [info] backdrop cache: thrashing-detect engaged (streak=4, route=direct)
[08:07:32] [info] flip-probe: flip #240 ok=true present=4ms inter_flip_ms=60 drawcalls-since-flip=44 drawcalls-total=19330 fail-total=0 null-skips-total=0
[08:07:32] [info] flip-probe: flip #250 ok=true present=4ms inter_flip_ms=58 drawcalls-since-flip=46 drawcalls-total=19776 fail-total=0 null-skips-total=0
[08:07:33] [info] flip-probe: flip #260 ok=true present=4ms inter_flip_ms=56 drawcalls-since-flip=42 drawcalls-total=20217 fail-total=0 null-skips-total=0
[08:07:33] [info] flip-probe: flip #270 ok=true present=4ms inter_flip_ms=57 drawcalls-since-flip=42 drawcalls-total=20637 fail-total=0 null-skips-total=0
[08:07:34] [info] flip-probe: flip #280 ok=true present=3ms inter_flip_ms=54 drawcalls-since-flip=42 drawcalls-total=21057 fail-total=0 null-skips-total=0
[08:07:34] [info] flip-probe: flip #290 ok=true present=4ms inter_flip_ms=57 drawcalls-since-flip=42 drawcalls-total=21477 fail-total=0 null-skips-total=0
[08:07:35] [info] backdrop cache: thrashing-detect engaged (streak=64, route=direct)
[08:07:35] [info] flip-probe: flip #300 ok=true present=4ms inter_flip_ms=56 drawcalls-since-flip=43 drawcalls-total=21902 fail-total=0 null-skips-total=0
[08:07:35] [info] alpha audit block 0: 6706 total drawcalls, 0 with alpha<255 (block pct_x10=0; global 0/20197 pct_x10=0); alpha-mod skipped: block=0 global=0
[08:07:35] [info] fastpath audit block 0: taken=6706 (idx8=6706) skipped=0 pct_x10=1000; global taken=20197 (idx8=20197) skipped=0 pct_x10=1000
[08:07:35] [info] primitive tally block 0: clear=201(hr=201) fill=0(hr=0) rect=0(hr=0) line=0(hr=0) tint=0 spotlight=0 (over 100 flips ending at flip 300)
[08:07:35] [info] color/alpha audit block 0: cmod_white=910 cmod_black=910 (idx=910) cmod_general=0 (idx=0) cmod_fb=0; alpha_taken=0 alpha_skipped=0 (global cmod=2416/910/693/0 idx=910/693 alpha=0/0)
[08:07:35] [info] phase timing block 0: drawcalls=8733 dc_total_ms=1601 flip_inner_total_ms=510 inter_flip_total_ms=7290 (per-flip avg x10: dc_ms=160 fi_ms=51 if_ms=729 derived audio+engine_ms=518; per-drawcall avg us_x10=1833) [direct-vesa: presents=100 total_ms=373 avg_ms_x10=37 failed=0] [ablation: NO_DC_TIMING=0 CACHE_WINSURF=0 DIRECT_VESA=1]
[08:07:35] [info] kbd/audio block 0: kbd_irq=0 kbd_drain=0 ring_chunks=16 pump_pass=509 pic1_mask=0xb8 first_irq_ticks=0 install_ticks=0 vector_at_install=0x0084e398 pic1_mask_live=0xb8 kbd_8042_stat=0x34 bios_kbd_head=0x002e bios_kbd_tail=0x002e bios_kbd_buf0=0x3920
[08:07:35] [info] [tile-speedup-stat n=100 drawtile_us=116.71 raw_blit_us=92.87 ratio=1.26]
[08:07:35] [info] dirty-rect block @flip=300: total_calls=100 dirty_rects_avg=1 dirty_pct_x10=1000 forced_full=0 first_n_force=0 threshold_exceeded=0 dirty_path_taken=0 full_flush_taken=0
[08:07:35] [info] prev-frame-diff block @flip=300: diff_calls=0 diff_rects_avg=0 diff_dirty_pct_x10=0 bbox_pct_x10=0 bbox_thresh_exceeded=0
[08:07:35] [info] tas: stall frame 164 ms -> contributing 1 tick (patch 0286)
[08:07:36] [info] flip-probe: flip #310 ok=true present=4ms inter_flip_ms=54 drawcalls-since-flip=43 drawcalls-total=22432 fail-total=0 null-skips-total=0
[08:07:36] [info] flip-probe: flip #320 ok=true present=4ms inter_flip_ms=58 drawcalls-since-flip=44 drawcalls-total=22871 fail-total=0 null-skips-total=0
[08:07:37] [info] flip-probe: flip #330 ok=true present=4ms inter_flip_ms=54 drawcalls-since-flip=43 drawcalls-total=23295 fail-total=0 null-skips-total=0
[08:07:37] [info] flip-probe: flip #340 ok=true present=4ms inter_flip_ms=56 drawcalls-since-flip=41 drawcalls-total=23722 fail-total=0 null-skips-total=0
[08:07:38] [info] flip-probe: flip #350 ok=true present=4ms inter_flip_ms=57 drawcalls-since-flip=42 drawcalls-total=24130 fail-total=0 null-skips-total=0
[08:07:38] [info] backdrop cache: thrashing-detect engaged (streak=124, route=direct)
[08:07:39] [info] flip-probe: flip #360 ok=true present=4ms inter_flip_ms=53 drawcalls-since-flip=15 drawcalls-total=24298 fail-total=0 null-skips-total=0
[08:07:39] [info] flip-probe: flip #370 ok=true present=4ms inter_flip_ms=49 drawcalls-since-flip=14 drawcalls-total=24439 fail-total=0 null-skips-total=0
[08:07:40] [info] flip-probe: flip #380 ok=true present=4ms inter_flip_ms=87 drawcalls-since-flip=274 drawcalls-total=25274 fail-total=0 null-skips-total=0
[08:07:40] [info]  >> Entering stage 17: 'Yamashita Farm'.
[08:07:40] [info] [skip-sheet-flush] cave=4
[08:07:41] [info] [load-stage] preloading entry music song=13 (cave=4)
[08:07:41] [info] [music-dispatch] tick=752 song=13 (prev 9)
[08:07:41] [info] opl2 backend: on_song_stop
[08:07:41] [info] MidiScheduler::load: parsed 'data/orgmid2/plant.mid' = 3000 events at 48 PPQ
[08:07:41] [info] opl2 backend: on_song_start
[08:07:41] [info] gameloop: entered (curmap=17, running=1)
[08:07:41] [info] gameloop: iter 1 ticks=34855 mapno=-1
[08:07:41] [info] mds-clear-lut: rebuilt N=240 entries (k_skip=33% k_keep=67%; curmap=17 map_size=40x16; rebuild #2 since boot)
[08:07:41] [info] gameloop: iter 2 ticks=35144 mapno=-1
[08:07:41] [info] tas: stall frame 289 ms -> contributing 1 tick (patch 0286)
[08:07:41] [info] gameloop: iter 3 ticks=35252 mapno=-1
[08:07:42] [info] flip-probe: flip #390 ok=true present=4ms inter_flip_ms=106 drawcalls-since-flip=383 drawcalls-total=28239 fail-total=0 null-skips-total=0
[08:07:42] [info] flip-probe: flip #400 ok=true present=3ms inter_flip_ms=71 drawcalls-since-flip=134 drawcalls-total=29886 fail-total=0 null-skips-total=0
[08:07:42] [info] alpha audit block 0: 7039 total drawcalls, 0 with alpha<255 (block pct_x10=0; global 0/27236 pct_x10=0); alpha-mod skipped: block=0 global=0
[08:07:42] [info] fastpath audit block 0: taken=7039 (idx8=7039) skipped=0 pct_x10=1000; global taken=27236 (idx8=27236) skipped=0 pct_x10=1000
[08:07:42] [info] primitive tally block 0: clear=202(hr=202) fill=0(hr=0) rect=0(hr=0) line=0(hr=0) tint=0 spotlight=0 (over 100 flips ending at flip 400)
[08:07:42] [info] color/alpha audit block 0: cmod_white=845 cmod_black=845 (idx=845) cmod_general=0 (idx=0) cmod_fb=0; alpha_taken=0 alpha_skipped=0 (global cmod=3261/1755/693/0 idx=1755/693 alpha=0/0)
[08:07:42] [info] phase timing block 0: drawcalls=8946 dc_total_ms=1387 flip_inner_total_ms=509 inter_flip_total_ms=7352 (per-flip avg x10: dc_ms=138 fi_ms=50 if_ms=735 derived audio+engine_ms=547; per-drawcall avg us_x10=1551) [direct-vesa: presents=100 total_ms=373 avg_ms_x10=37 failed=0] [ablation: NO_DC_TIMING=0 CACHE_WINSURF=0 DIRECT_VESA=1]
[08:07:42] [info] kbd/audio block 0: kbd_irq=0 kbd_drain=0 ring_chunks=16 pump_pass=811 pic1_mask=0xb8 first_irq_ticks=0 install_ticks=0 vector_at_install=0x0084e398 pic1_mask_live=0xb8 kbd_8042_stat=0x34 bios_kbd_head=0x002e bios_kbd_tail=0x002e bios_kbd_buf0=0x3920
[08:07:42] [info] dirty-rect block @flip=400: total_calls=0 dirty_rects_avg=1 dirty_pct_x10=1000 forced_full=0 first_n_force=0 threshold_exceeded=0 dirty_path_taken=0 full_flush_taken=0
[08:07:42] [info] prev-frame-diff block @flip=400: diff_calls=0 diff_rects_avg=0 diff_dirty_pct_x10=0 bbox_pct_x10=0 bbox_thresh_exceeded=0
[08:07:43] [info] flip-probe: flip #410 ok=true present=4ms inter_flip_ms=95 drawcalls-since-flip=126 drawcalls-total=31255 fail-total=0 null-skips-total=0
[08:07:43] [info] backdrop cache: thrashing-detect engaged (streak=4, route=direct)
[08:07:44] [info] flip-probe: flip #420 ok=true present=4ms inter_flip_ms=82 drawcalls-since-flip=133 drawcalls-total=32546 fail-total=0 null-skips-total=0
[08:07:45] [info] flip-probe: flip #430 ok=true present=4ms inter_flip_ms=87 drawcalls-since-flip=146 drawcalls-total=33946 fail-total=0 null-skips-total=0
[08:07:46] [info] flip-probe: flip #440 ok=true present=4ms inter_flip_ms=83 drawcalls-since-flip=137 drawcalls-total=35395 fail-total=0 null-skips-total=0
[08:07:47] [info] flip-probe: flip #450 ok=true present=4ms inter_flip_ms=82 drawcalls-since-flip=131 drawcalls-total=36725 fail-total=0 null-skips-total=0
[08:07:48] [info] flip-probe: flip #460 ok=true present=4ms inter_flip_ms=79 drawcalls-since-flip=130 drawcalls-total=38020 fail-total=0 null-skips-total=0
[08:07:48] [info] flip-probe: flip #470 ok=true present=3ms inter_flip_ms=79 drawcalls-since-flip=129 drawcalls-total=39332 fail-total=0 null-skips-total=0
[08:07:48] [info] backdrop cache: thrashing-detect engaged (streak=64, route=direct)
[08:07:49] [info] flip-probe: flip #480 ok=true present=4ms inter_flip_ms=76 drawcalls-since-flip=130 drawcalls-total=40585 fail-total=0 null-skips-total=0
[08:07:50] [info] flip-probe: flip #490 ok=true present=3ms inter_flip_ms=78 drawcalls-since-flip=138 drawcalls-total=41915 fail-total=0 null-skips-total=0
[08:07:50] [info] run_tick_fixed #1200: heartbeat (loop alive)
[08:07:51] [info] flip-probe: flip #500 ok=true present=3ms inter_flip_ms=80 drawcalls-since-flip=132 drawcalls-total=43280 fail-total=0 null-skips-total=0
[08:07:51] [info] alpha audit block 0: 11994 total drawcalls, 0 with alpha<255 (block pct_x10=0; global 0/39230 pct_x10=0); alpha-mod skipped: block=0 global=0
[08:07:51] [info] fastpath audit block 0: taken=11994 (idx8=11994) skipped=0 pct_x10=1000; global taken=39230 (idx8=39230) skipped=0 pct_x10=1000
[08:07:51] [info] primitive tally block 0: clear=200(hr=200) fill=0(hr=0) rect=0(hr=0) line=0(hr=0) tint=0 spotlight=0 (over 100 flips ending at flip 500)
[08:07:51] [info] color/alpha audit block 0: cmod_white=1300 cmod_black=1300 (idx=1300) cmod_general=0 (idx=0) cmod_fb=0; alpha_taken=0 alpha_skipped=0 (global cmod=4561/3055/693/0 idx=3055/693 alpha=0/0)
[08:07:51] [info] phase timing block 0: drawcalls=14804 dc_total_ms=1424 flip_inner_total_ms=517 inter_flip_total_ms=8381 (per-flip avg x10: dc_ms=142 fi_ms=51 if_ms=838 derived audio+engine_ms=645; per-drawcall avg us_x10=962) [direct-vesa: presents=100 total_ms=375 avg_ms_x10=37 failed=0] [ablation: NO_DC_TIMING=0 CACHE_WINSURF=0 DIRECT_VESA=1]
[08:07:51] [info] kbd/audio block 0: kbd_irq=0 kbd_drain=0 ring_chunks=16 pump_pass=1230 pic1_mask=0xb8 first_irq_ticks=0 install_ticks=0 vector_at_install=0x0084e398 pic1_mask_live=0xb8 kbd_8042_stat=0x34 bios_kbd_head=0x002e bios_kbd_tail=0x002e bios_kbd_buf0=0x3920
[08:07:51] [info] dirty-rect block @flip=500: total_calls=0 dirty_rects_avg=1 dirty_pct_x10=1000 forced_full=0 first_n_force=0 threshold_exceeded=0 dirty_path_taken=0 full_flush_taken=0
[08:07:51] [info] prev-frame-diff block @flip=500: diff_calls=0 diff_rects_avg=0 diff_dirty_pct_x10=0 bbox_pct_x10=0 bbox_thresh_exceeded=0
[08:07:51] [info] tas: stall frame 169 ms -> contributing 1 tick (patch 0286)
[08:07:52] [info] flip-probe: flip #510 ok=true present=4ms inter_flip_ms=70 drawcalls-since-flip=106 drawcalls-total=44446 fail-total=0 null-skips-total=0
[08:07:52] [info] flip-probe: flip #520 ok=true present=4ms inter_flip_ms=80 drawcalls-since-flip=114 drawcalls-total=45563 fail-total=0 null-skips-total=0
[08:07:53] [info] flip-probe: flip #530 ok=true present=4ms inter_flip_ms=73 drawcalls-since-flip=109 drawcalls-total=46654 fail-total=0 null-skips-total=0
[08:07:53] [info] backdrop cache: thrashing-detect engaged (streak=124, route=direct)
[08:07:54] [info] flip-probe: flip #540 ok=true present=4ms inter_flip_ms=73 drawcalls-since-flip=110 drawcalls-total=47702 fail-total=0 null-skips-total=0
[08:07:55] [info] flip-probe: flip #550 ok=true present=4ms inter_flip_ms=74 drawcalls-since-flip=110 drawcalls-total=48815 fail-total=0 null-skips-total=0
[08:07:56] [info] flip-probe: flip #560 ok=true present=4ms inter_flip_ms=77 drawcalls-since-flip=119 drawcalls-total=49965 fail-total=0 null-skips-total=0
[08:07:56] [info] flip-probe: flip #570 ok=true present=5ms inter_flip_ms=87 drawcalls-since-flip=290 drawcalls-total=51449 fail-total=0 null-skips-total=0
[08:07:57] [info]  >> Entering stage 11: 'Mimiga Village'.
[08:07:57] [info] [skip-sheet-flush] cave=5
[08:07:57] [info] [load-stage] preloading entry music song=9 (cave=5)
[08:07:57] [info] [music-dispatch] tick=1522 song=9 (prev 13)
[08:07:57] [info] opl2 backend: on_song_stop
[08:07:57] [info] MidiScheduler::load: parsed 'data/orgmid2/mura.mid' = 2863 events at 48 PPQ
[08:07:58] [info] opl2 backend: on_song_start
[08:07:58] [info] gameloop: entered (curmap=11, running=1)
[08:07:58] [info] gameloop: iter 1 ticks=51647 mapno=-1
[08:07:58] [info] mds-clear-lut: rebuilt N=240 entries (k_skip=0% k_keep=100%; curmap=11 map_size=60x60; rebuild #3 since boot)
[08:07:58] [info] gameloop: iter 2 ticks=51772 mapno=-1
[08:07:58] [info] gameloop: iter 3 ticks=51879 mapno=-1
[08:07:58] [info] flip-probe: flip #580 ok=true present=4ms inter_flip_ms=96 drawcalls-since-flip=240 drawcalls-total=54743 fail-total=0 null-skips-total=0
[08:07:58] [info] backdrop cache: thrashing-detect engaged (streak=4, route=direct)
[08:07:59] [info] flip-probe: flip #590 ok=true present=4ms inter_flip_ms=54 drawcalls-since-flip=40 drawcalls-total=55318 fail-total=0 null-skips-total=0
[08:07:59] [info] flip-probe: flip #600 ok=true present=4ms inter_flip_ms=56 drawcalls-since-flip=40 drawcalls-total=55718 fail-total=0 null-skips-total=0
[08:07:59] [info] alpha audit block 0: 11948 total drawcalls, 0 with alpha<255 (block pct_x10=0; global 0/51178 pct_x10=0); alpha-mod skipped: block=0 global=0
[08:07:59] [info] fastpath audit block 0: taken=11948 (idx8=11948) skipped=0 pct_x10=1000; global taken=51178 (idx8=51178) skipped=0 pct_x10=1000
[08:07:59] [info] primitive tally block 0: clear=201(hr=201) fill=0(hr=0) rect=0(hr=0) line=0(hr=0) tint=0 spotlight=0 (over 100 flips ending at flip 600)
[08:07:59] [info] color/alpha audit block 0: cmod_white=390 cmod_black=390 (idx=390) cmod_general=0 (idx=0) cmod_fb=0; alpha_taken=0 alpha_skipped=0 (global cmod=4951/3445/693/0 idx=3445/693 alpha=0/0)
[08:07:59] [info] phase timing block 0: drawcalls=12973 dc_total_ms=1631 flip_inner_total_ms=504 inter_flip_total_ms=8612 (per-flip avg x10: dc_ms=163 fi_ms=50 if_ms=861 derived audio+engine_ms=648; per-drawcall avg us_x10=1257) [direct-vesa: presents=100 total_ms=372 avg_ms_x10=37 failed=0] [ablation: NO_DC_TIMING=0 CACHE_WINSURF=0 DIRECT_VESA=1]
[08:07:59] [info] kbd/audio block 0: kbd_irq=0 kbd_drain=0 ring_chunks=16 pump_pass=1607 pic1_mask=0xb8 first_irq_ticks=0 install_ticks=0 vector_at_install=0x0084e398 pic1_mask_live=0xb8 kbd_8042_stat=0x34 bios_kbd_head=0x002e bios_kbd_tail=0x002e bios_kbd_buf0=0x3920
[08:07:59] [info] dirty-rect block @flip=600: total_calls=0 dirty_rects_avg=1 dirty_pct_x10=1000 forced_full=0 first_n_force=0 threshold_exceeded=0 dirty_path_taken=0 full_flush_taken=0
[08:07:59] [info] prev-frame-diff block @flip=600: diff_calls=0 diff_rects_avg=0 diff_dirty_pct_x10=0 bbox_pct_x10=0 bbox_thresh_exceeded=0
[08:08:00] [info] flip-probe: flip #610 ok=true present=4ms inter_flip_ms=56 drawcalls-since-flip=40 drawcalls-total=56118 fail-total=0 null-skips-total=0
[08:08:01] [info] flip-probe: flip #620 ok=true present=4ms inter_flip_ms=54 drawcalls-since-flip=40 drawcalls-total=56530 fail-total=0 null-skips-total=0
[08:08:01] [info] flip-probe: flip #630 ok=true present=5ms inter_flip_ms=57 drawcalls-since-flip=41 drawcalls-total=56934 fail-total=0 null-skips-total=0
[08:08:02] [info] flip-probe: flip #640 ok=true present=4ms inter_flip_ms=53 drawcalls-since-flip=42 drawcalls-total=57346 fail-total=0 null-skips-total=0
[08:08:02] [info] backdrop cache: thrashing-detect engaged (streak=64, route=direct)
[08:08:02] [info] flip-probe: flip #650 ok=true present=4ms inter_flip_ms=54 drawcalls-since-flip=41 drawcalls-total=57759 fail-total=0 null-skips-total=0
[08:08:03] [info] flip-probe: flip #660 ok=true present=5ms inter_flip_ms=57 drawcalls-since-flip=44 drawcalls-total=58172 fail-total=0 null-skips-total=0
[08:08:03] [info] flip-probe: flip #670 ok=true present=4ms inter_flip_ms=55 drawcalls-since-flip=44 drawcalls-total=58612 fail-total=0 null-skips-total=0
[08:08:04] [info] flip-probe: flip #680 ok=true present=4ms inter_flip_ms=55 drawcalls-since-flip=44 drawcalls-total=59052 fail-total=0 null-skips-total=0
[08:08:05] [info] flip-probe: flip #690 ok=true present=4ms inter_flip_ms=58 drawcalls-since-flip=43 drawcalls-total=59486 fail-total=0 null-skips-total=0
[08:08:05] [info] flip-probe: flip #700 ok=true present=4ms inter_flip_ms=53 drawcalls-since-flip=17 drawcalls-total=59783 fail-total=0 null-skips-total=0
[08:08:05] [info] alpha audit block 0: 2730 total drawcalls, 0 with alpha<255 (block pct_x10=0; global 0/53908 pct_x10=0); alpha-mod skipped: block=0 global=0
[08:08:05] [info] fastpath audit block 0: taken=2730 (idx8=2730) skipped=0 pct_x10=1000; global taken=53908 (idx8=53908) skipped=0 pct_x10=1000
[08:08:05] [info] primitive tally block 0: clear=200(hr=200) fill=0(hr=0) rect=0(hr=0) line=0(hr=0) tint=0 spotlight=0 (over 100 flips ending at flip 700)
[08:08:05] [info] color/alpha audit block 0: cmod_white=1235 cmod_black=1235 (idx=1235) cmod_general=0 (idx=0) cmod_fb=0; alpha_taken=0 alpha_skipped=0 (global cmod=6186/4680/693/0 idx=4680/693 alpha=0/0)
[08:08:05] [info] phase timing block 0: drawcalls=5400 dc_total_ms=989 flip_inner_total_ms=724 inter_flip_total_ms=5679 (per-flip avg x10: dc_ms=98 fi_ms=72 if_ms=567 derived audio+engine_ms=397; per-drawcall avg us_x10=1832) [direct-vesa: presents=100 total_ms=374 avg_ms_x10=37 failed=0] [ablation: NO_DC_TIMING=0 CACHE_WINSURF=0 DIRECT_VESA=1]
[08:08:05] [info] kbd/audio block 0: kbd_irq=0 kbd_drain=0 ring_chunks=16 pump_pass=1891 pic1_mask=0xb8 first_irq_ticks=0 install_ticks=0 vector_at_install=0x0084e398 pic1_mask_live=0xb8 kbd_8042_stat=0x34 bios_kbd_head=0x002e bios_kbd_tail=0x002e bios_kbd_buf0=0x3920
[08:08:05] [info] dirty-rect block @flip=700: total_calls=0 dirty_rects_avg=1 dirty_pct_x10=1000 forced_full=0 first_n_force=0 threshold_exceeded=0 dirty_path_taken=0 full_flush_taken=0
[08:08:05] [info] prev-frame-diff block @flip=700: diff_calls=0 diff_rects_avg=0 diff_dirty_pct_x10=0 bbox_pct_x10=0 bbox_thresh_exceeded=0
[08:08:05] [info] tas: stall frame 342 ms -> contributing 1 tick (patch 0286)
[08:08:05] [info] backdrop cache: thrashing-detect engaged (streak=124, route=direct)
[08:08:06] [info] flip-probe: flip #710 ok=true present=4ms inter_flip_ms=48 drawcalls-since-flip=16 drawcalls-total=59944 fail-total=0 null-skips-total=0
[08:08:06] [info] flip-probe: flip #720 ok=true present=4ms inter_flip_ms=48 drawcalls-since-flip=16 drawcalls-total=60104 fail-total=0 null-skips-total=0
[08:08:07] [info] flip-probe: flip #730 ok=true present=4ms inter_flip_ms=52 drawcalls-since-flip=16 drawcalls-total=60264 fail-total=0 null-skips-total=0
[08:08:07] [info] flip-probe: flip #740 ok=true present=4ms inter_flip_ms=55 drawcalls-since-flip=27 drawcalls-total=60523 fail-total=0 null-skips-total=0
[08:08:08] [info] flip-probe: flip #750 ok=true present=4ms inter_flip_ms=48 drawcalls-since-flip=18 drawcalls-total=60749 fail-total=0 null-skips-total=0
[08:08:09] [info] flip-probe: flip #760 ok=true present=4ms inter_flip_ms=73 drawcalls-since-flip=201 drawcalls-total=61348 fail-total=0 null-skips-total=0
[08:08:09] [info] backdrop cache: thrashing-detect engaged (streak=184, route=direct)
[08:08:09] [info]  >> Entering stage 15: 'Reservoir'.
[08:08:09] [info] [skip-sheet-flush] cave=6
[08:08:10] [info] [load-stage] preloading entry music song=9 (cave=6)
[08:08:10] [info] gameloop: entered (curmap=15, running=1)
[08:08:10] [info] gameloop: iter 1 ticks=63678 mapno=-1
[08:08:10] [info] mds-clear-lut: rebuilt N=240 entries (k_skip=13% k_keep=87%; curmap=15 map_size=40x20; rebuild #4 since boot)
[08:08:10] [info] gameloop: iter 2 ticks=63792 mapno=-1
[08:08:10] [info] gameloop: iter 3 ticks=63893 mapno=-1
[08:08:10] [info] flip-probe: flip #770 ok=true present=5ms inter_flip_ms=90 drawcalls-since-flip=321 drawcalls-total=63883 fail-total=0 null-skips-total=0
[08:08:10] [info] run_tick_fixed #2100: heartbeat (loop alive)
[08:08:11] [info] flip-probe: flip #780 ok=true present=4ms inter_flip_ms=49 drawcalls-since-flip=31 drawcalls-total=64728 fail-total=0 null-skips-total=0
[08:08:11] [info] flip-probe: flip #790 ok=true present=4ms inter_flip_ms=48 drawcalls-since-flip=31 drawcalls-total=65038 fail-total=0 null-skips-total=0
[08:08:12] [info] backdrop cache: thrashing-detect engaged (streak=4, route=direct)
[08:08:12] [info] flip-probe: flip #800 ok=true present=4ms inter_flip_ms=60 drawcalls-since-flip=33 drawcalls-total=65350 fail-total=0 null-skips-total=0
[08:08:12] [info] alpha audit block 0: 5161 total drawcalls, 0 with alpha<255 (block pct_x10=0; global 0/59069 pct_x10=0); alpha-mod skipped: block=0 global=0
[08:08:12] [info] fastpath audit block 0: taken=5161 (idx8=5161) skipped=0 pct_x10=1000; global taken=59069 (idx8=59069) skipped=0 pct_x10=1000
[08:08:12] [info] primitive tally block 0: clear=202(hr=202) fill=0(hr=0) rect=0(hr=0) line=0(hr=0) tint=0 spotlight=0 (over 100 flips ending at flip 800)
[08:08:12] [info] color/alpha audit block 0: cmod_white=306 cmod_black=306 (idx=306) cmod_general=0 (idx=0) cmod_fb=0; alpha_taken=0 alpha_skipped=0 (global cmod=6492/4986/693/0 idx=4986/693 alpha=0/0)
[08:08:12] [info] phase timing block 0: drawcalls=6008 dc_total_ms=1298 flip_inner_total_ms=507 inter_flip_total_ms=6645 (per-flip avg x10: dc_ms=129 fi_ms=50 if_ms=664 derived audio+engine_ms=485; per-drawcall avg us_x10=2161) [direct-vesa: presents=100 total_ms=373 avg_ms_x10=37 failed=0] [ablation: NO_DC_TIMING=0 CACHE_WINSURF=0 DIRECT_VESA=1]
[08:08:12] [info] kbd/audio block 0: kbd_irq=0 kbd_drain=0 ring_chunks=16 pump_pass=2169 pic1_mask=0xb8 first_irq_ticks=0 install_ticks=0 vector_at_install=0x0084e398 pic1_mask_live=0xb8 kbd_8042_stat=0x34 bios_kbd_head=0x002e bios_kbd_tail=0x002e bios_kbd_buf0=0x3920
[08:08:12] [info] dirty-rect block @flip=800: total_calls=0 dirty_rects_avg=1 dirty_pct_x10=1000 forced_full=0 first_n_force=0 threshold_exceeded=0 dirty_path_taken=0 full_flush_taken=0
[08:08:12] [info] prev-frame-diff block @flip=800: diff_calls=0 diff_rects_avg=0 diff_dirty_pct_x10=0 bbox_pct_x10=0 bbox_thresh_exceeded=0
[08:08:12] [info] flip-probe: flip #810 ok=true present=4ms inter_flip_ms=51 drawcalls-since-flip=32 drawcalls-total=65685 fail-total=0 null-skips-total=0
[08:08:13] [info] flip-probe: flip #820 ok=true present=4ms inter_flip_ms=53 drawcalls-since-flip=32 drawcalls-total=66001 fail-total=0 null-skips-total=0
[08:08:13] [info] flip-probe: flip #830 ok=true present=4ms inter_flip_ms=50 drawcalls-since-flip=34 drawcalls-total=66334 fail-total=0 null-skips-total=0
[08:08:14] [info] flip-probe: flip #840 ok=true present=3ms inter_flip_ms=51 drawcalls-since-flip=34 drawcalls-total=66669 fail-total=0 null-skips-total=0
[08:08:14] [info] flip-probe: flip #850 ok=true present=4ms inter_flip_ms=50 drawcalls-since-flip=35 drawcalls-total=67007 fail-total=0 null-skips-total=0
[08:08:15] [info] backdrop cache: thrashing-detect engaged (streak=64, route=direct)
[08:08:15] [info] flip-probe: flip #860 ok=true present=4ms inter_flip_ms=57 drawcalls-since-flip=35 drawcalls-total=67357 fail-total=0 null-skips-total=0
[08:08:15] [info] flip-probe: flip #870 ok=true present=4ms inter_flip_ms=54 drawcalls-since-flip=35 drawcalls-total=67712 fail-total=0 null-skips-total=0
[08:08:16] [info] flip-probe: flip #880 ok=true present=4ms inter_flip_ms=50 drawcalls-since-flip=35 drawcalls-total=68064 fail-total=0 null-skips-total=0
[08:08:16] [info] flip-probe: flip #890 ok=true present=4ms inter_flip_ms=49 drawcalls-since-flip=15 drawcalls-total=68331 fail-total=0 null-skips-total=0
[08:08:17] [info] flip-probe: flip #900 ok=true present=4ms inter_flip_ms=49 drawcalls-since-flip=14 drawcalls-total=68473 fail-total=0 null-skips-total=0
[08:08:17] [info] alpha audit block 0: 2249 total drawcalls, 0 with alpha<255 (block pct_x10=0; global 0/61318 pct_x10=0); alpha-mod skipped: block=0 global=0
[08:08:17] [info] fastpath audit block 0: taken=2249 (idx8=2249) skipped=0 pct_x10=1000; global taken=61318 (idx8=61318) skipped=0 pct_x10=1000
[08:08:17] [info] primitive tally block 0: clear=200(hr=200) fill=0(hr=0) rect=0(hr=0) line=0(hr=0) tint=0 spotlight=0 (over 100 flips ending at flip 900)
[08:08:17] [info] color/alpha audit block 0: cmod_white=774 cmod_black=774 (idx=774) cmod_general=0 (idx=0) cmod_fb=0; alpha_taken=0 alpha_skipped=0 (global cmod=7266/5760/693/0 idx=5760/693 alpha=0/0)
[08:08:17] [info] phase timing block 0: drawcalls=3997 dc_total_ms=835 flip_inner_total_ms=504 inter_flip_total_ms=5251 (per-flip avg x10: dc_ms=83 fi_ms=50 if_ms=525 derived audio+engine_ms=392; per-drawcall avg us_x10=2090) [direct-vesa: presents=100 total_ms=373 avg_ms_x10=37 failed=0] [ablation: NO_DC_TIMING=0 CACHE_WINSURF=0 DIRECT_VESA=1]
[08:08:17] [info] kbd/audio block 0: kbd_irq=0 kbd_drain=0 ring_chunks=16 pump_pass=2433 pic1_mask=0xb8 first_irq_ticks=0 install_ticks=0 vector_at_install=0x0084e398 pic1_mask_live=0xb8 kbd_8042_stat=0x34 bios_kbd_head=0x002e bios_kbd_tail=0x002e bios_kbd_buf0=0x3920
[08:08:17] [info] dirty-rect block @flip=900: total_calls=0 dirty_rects_avg=1 dirty_pct_x10=1000 forced_full=0 first_n_force=0 threshold_exceeded=0 dirty_path_taken=0 full_flush_taken=0
[08:08:17] [info] prev-frame-diff block @flip=900: diff_calls=0 diff_rects_avg=0 diff_dirty_pct_x10=0 bbox_pct_x10=0 bbox_thresh_exceeded=0
[08:08:18] [info] flip-probe: flip #910 ok=true present=4ms inter_flip_ms=47 drawcalls-since-flip=13 drawcalls-total=68608 fail-total=0 null-skips-total=0
[08:08:18] [info] flip-probe: flip #920 ok=true present=4ms inter_flip_ms=46 drawcalls-since-flip=13 drawcalls-total=68738 fail-total=0 null-skips-total=0
[08:08:19] [info] flip-probe: flip #930 ok=true present=4ms inter_flip_ms=58 drawcalls-since-flip=13 drawcalls-total=68868 fail-total=0 null-skips-total=0
[08:08:19] [info] backdrop cache: thrashing-detect engaged (streak=4, route=direct)
[08:08:19] [info] flip-probe: flip #940 ok=true present=4ms inter_flip_ms=46 drawcalls-since-flip=13 drawcalls-total=68998 fail-total=0 null-skips-total=0
[08:08:20] [info] flip-probe: flip #950 ok=true present=3ms inter_flip_ms=50 drawcalls-since-flip=13 drawcalls-total=69128 fail-total=0 null-skips-total=0
[08:08:20] [info] flip-probe: flip #960 ok=true present=4ms inter_flip_ms=46 drawcalls-since-flip=13 drawcalls-total=69258 fail-total=0 null-skips-total=0
[08:08:20] [info] flip-probe: flip #970 ok=true present=4ms inter_flip_ms=45 drawcalls-since-flip=13 drawcalls-total=69388 fail-total=0 null-skips-total=0
[08:08:21] [info] flip-probe: flip #980 ok=true present=4ms inter_flip_ms=45 drawcalls-since-flip=13 drawcalls-total=69518 fail-total=0 null-skips-total=0
[08:08:21] [info] flip-probe: flip #990 ok=true present=4ms inter_flip_ms=44 drawcalls-since-flip=13 drawcalls-total=69648 fail-total=0 null-skips-total=0
[08:08:22] [info] backdrop cache: thrashing-detect engaged (streak=64, route=direct)
[08:08:22] [info] flip-probe: flip #1000 ok=true present=4ms inter_flip_ms=50 drawcalls-since-flip=13 drawcalls-total=69778 fail-total=0 null-skips-total=0
[08:08:22] [info] alpha audit block 0: 1205 total drawcalls, 0 with alpha<255 (block pct_x10=0; global 0/62523 pct_x10=0); alpha-mod skipped: block=0 global=0
[08:08:22] [info] fastpath audit block 0: taken=1205 (idx8=1205) skipped=0 pct_x10=1000; global taken=62523 (idx8=62523) skipped=0 pct_x10=1000
[08:08:22] [info] primitive tally block 0: clear=200(hr=200) fill=0(hr=0) rect=0(hr=0) line=0(hr=0) tint=0 spotlight=0 (over 100 flips ending at flip 1000)
[08:08:22] [info] phase timing block 0: drawcalls=1426 dc_total_ms=740 flip_inner_total_ms=510 inter_flip_total_ms=4901 (per-flip avg x10: dc_ms=74 fi_ms=51 if_ms=490 derived audio+engine_ms=365; per-drawcall avg us_x10=5192) [direct-vesa: presents=100 total_ms=376 avg_ms_x10=37 failed=0] [ablation: NO_DC_TIMING=0 CACHE_WINSURF=0 DIRECT_VESA=1]
[08:08:22] [info] kbd/audio block 0: kbd_irq=0 kbd_drain=0 ring_chunks=16 pump_pass=2678 pic1_mask=0xb8 first_irq_ticks=0 install_ticks=0 vector_at_install=0x0084e398 pic1_mask_live=0xb8 kbd_8042_stat=0x34 bios_kbd_head=0x002e bios_kbd_tail=0x002e bios_kbd_buf0=0x3920
[08:08:22] [info] dirty-rect block @flip=1000: total_calls=0 dirty_rects_avg=1 dirty_pct_x10=1000 forced_full=0 first_n_force=0 threshold_exceeded=0 dirty_path_taken=0 full_flush_taken=0
[08:08:22] [info] prev-frame-diff block @flip=1000: diff_calls=0 diff_rects_avg=0 diff_dirty_pct_x10=0 bbox_pct_x10=0 bbox_thresh_exceeded=0
[08:08:22] [info] flip-probe: flip #1010 ok=true present=3ms inter_flip_ms=57 drawcalls-since-flip=108 drawcalls-total=70003 fail-total=0 null-skips-total=0
[08:08:23] [info]  >> Entering stage 11: 'Mimiga Village'.
[08:08:23] [info] [skip-sheet-flush] cave=7
[08:08:24] [info] [load-stage] preloading entry music song=9 (cave=7)
[08:08:24] [info] gameloop: entered (curmap=11, running=1)
[08:08:24] [info] gameloop: iter 1 ticks=77725 mapno=-1
[08:08:24] [info] mds-clear-lut: rebuilt N=240 entries (k_skip=0% k_keep=100%; curmap=11 map_size=60x60; rebuild #5 since boot)
[08:08:24] [info] gameloop: iter 2 ticks=77843 mapno=-1
[08:08:24] [info] flip-probe: flip #1020 ok=true present=4ms inter_flip_ms=108 drawcalls-since-flip=332 drawcalls-total=72551 fail-total=0 null-skips-total=0
[08:08:24] [info] gameloop: iter 3 ticks=77961 mapno=-1
[08:08:25] [info] flip-probe: flip #1030 ok=true present=4ms inter_flip_ms=55 drawcalls-since-flip=42 drawcalls-total=73931 fail-total=0 null-skips-total=0
[08:08:25] [info] flip-probe: flip #1040 ok=true present=4ms inter_flip_ms=55 drawcalls-since-flip=42 drawcalls-total=74351 fail-total=0 null-skips-total=0
[08:08:26] [info] flip-probe: flip #1050 ok=true present=4ms inter_flip_ms=72 drawcalls-since-flip=53 drawcalls-total=74804 fail-total=0 null-skips-total=0
[08:08:26] [info] backdrop cache: thrashing-detect engaged (streak=4, route=direct)
[08:08:26] [info] flip-probe: flip #1060 ok=true present=4ms inter_flip_ms=57 drawcalls-since-flip=47 drawcalls-total=75315 fail-total=0 null-skips-total=0
[08:08:27] [info] flip-probe: flip #1070 ok=true present=4ms inter_flip_ms=55 drawcalls-since-flip=46 drawcalls-total=75760 fail-total=0 null-skips-total=0
[08:08:28] [info] flip-probe: flip #1080 ok=true present=4ms inter_flip_ms=57 drawcalls-since-flip=43 drawcalls-total=76185 fail-total=0 null-skips-total=0
[08:08:28] [info] flip-probe: flip #1090 ok=true present=4ms inter_flip_ms=54 drawcalls-since-flip=45 drawcalls-total=76618 fail-total=0 null-skips-total=0
[08:08:29] [info] flip-probe: flip #1100 ok=true present=4ms inter_flip_ms=55 drawcalls-since-flip=44 drawcalls-total=77061 fail-total=0 null-skips-total=0
[08:08:29] [info] alpha audit block 0: 6117 total drawcalls, 0 with alpha<255 (block pct_x10=0; global 0/68640 pct_x10=0); alpha-mod skipped: block=0 global=0
[08:08:29] [info] fastpath audit block 0: taken=6117 (idx8=6117) skipped=0 pct_x10=1000; global taken=68640 (idx8=68640) skipped=0 pct_x10=1000
[08:08:29] [info] primitive tally block 0: clear=201(hr=201) fill=0(hr=0) rect=0(hr=0) line=0(hr=0) tint=0 spotlight=0 (over 100 flips ending at flip 1100)
[08:08:29] [info] color/alpha audit block 0: cmod_white=1066 cmod_black=1066 (idx=1066) cmod_general=0 (idx=0) cmod_fb=0; alpha_taken=0 alpha_skipped=0 (global cmod=8332/6826/693/0 idx=6826/693 alpha=0/0)
[08:08:29] [info] phase timing block 0: drawcalls=8487 dc_total_ms=1520 flip_inner_total_ms=508 inter_flip_total_ms=6898 (per-flip avg x10: dc_ms=152 fi_ms=50 if_ms=689 derived audio+engine_ms=487; per-drawcall avg us_x10=1791) [direct-vesa: presents=100 total_ms=374 avg_ms_x10=37 failed=0] [ablation: NO_DC_TIMING=0 CACHE_WINSURF=0 DIRECT_VESA=1]
[08:08:29] [info] kbd/audio block 0: kbd_irq=0 kbd_drain=0 ring_chunks=16 pump_pass=2983 pic1_mask=0xb8 first_irq_ticks=0 install_ticks=0 vector_at_install=0x0084e398 pic1_mask_live=0xb8 kbd_8042_stat=0x34 bios_kbd_head=0x002e bios_kbd_tail=0x002e bios_kbd_buf0=0x3920
[08:08:29] [info] dirty-rect block @flip=1100: total_calls=0 dirty_rects_avg=1 dirty_pct_x10=1000 forced_full=0 first_n_force=0 threshold_exceeded=0 dirty_path_taken=0 full_flush_taken=0
[08:08:29] [info] prev-frame-diff block @flip=1100: diff_calls=0 diff_rects_avg=0 diff_dirty_pct_x10=0 bbox_pct_x10=0 bbox_thresh_exceeded=0
[08:08:29] [info] flip-probe: flip #1110 ok=true present=3ms inter_flip_ms=51 drawcalls-since-flip=44 drawcalls-total=77501 fail-total=0 null-skips-total=0
[08:08:30] [info] backdrop cache: thrashing-detect engaged (streak=64, route=direct)
[08:08:30] [info] flip-probe: flip #1120 ok=true present=4ms inter_flip_ms=56 drawcalls-since-flip=44 drawcalls-total=77941 fail-total=0 null-skips-total=0
[08:08:31] [info] flip-probe: flip #1130 ok=true present=3ms inter_flip_ms=57 drawcalls-since-flip=43 drawcalls-total=78376 fail-total=0 null-skips-total=0
[08:08:31] [info] flip-probe: flip #1140 ok=true present=4ms inter_flip_ms=53 drawcalls-since-flip=17 drawcalls-total=78754 fail-total=0 null-skips-total=0
[08:08:32] [info] flip-probe: flip #1150 ok=true present=4ms inter_flip_ms=50 drawcalls-since-flip=16 drawcalls-total=78914 fail-total=0 null-skips-total=0
[08:08:32] [info] flip-probe: flip #1160 ok=true present=4ms inter_flip_ms=50 drawcalls-since-flip=18 drawcalls-total=79084 fail-total=0 null-skips-total=0
[08:08:33] [info] flip-probe: flip #1170 ok=true present=4ms inter_flip_ms=52 drawcalls-since-flip=18 drawcalls-total=79264 fail-total=0 null-skips-total=0
[08:08:33] [info] backdrop cache: thrashing-detect engaged (streak=124, route=direct)
[08:08:33] [info] flip-probe: flip #1180 ok=true present=3ms inter_flip_ms=50 drawcalls-since-flip=17 drawcalls-total=79443 fail-total=0 null-skips-total=0
[08:08:34] [info] flip-probe: flip #1190 ok=true present=4ms inter_flip_ms=51 drawcalls-since-flip=16 drawcalls-total=79610 fail-total=0 null-skips-total=0
[08:08:34] [info] flip-probe: flip #1200 ok=true present=4ms inter_flip_ms=50 drawcalls-since-flip=17 drawcalls-total=79776 fail-total=0 null-skips-total=0
[08:08:34] [info] alpha audit block 0: 2121 total drawcalls, 0 with alpha<255 (block pct_x10=0; global 0/70761 pct_x10=0); alpha-mod skipped: block=0 global=0
[08:08:34] [info] fastpath audit block 0: taken=2121 (idx8=2121) skipped=0 pct_x10=1000; global taken=70761 (idx8=70761) skipped=0 pct_x10=1000
[08:08:34] [info] primitive tally block 0: clear=200(hr=200) fill=0(hr=0) rect=0(hr=0) line=0(hr=0) tint=0 spotlight=0 (over 100 flips ending at flip 1200)
[08:08:34] [info] color/alpha audit block 0: cmod_white=494 cmod_black=494 (idx=494) cmod_general=0 (idx=0) cmod_fb=0; alpha_taken=0 alpha_skipped=0 (global cmod=8826/7320/693/0 idx=7320/693 alpha=0/0)
[08:08:34] [info] phase timing block 0: drawcalls=3309 dc_total_ms=818 flip_inner_total_ms=510 inter_flip_total_ms=5506 (per-flip avg x10: dc_ms=81 fi_ms=51 if_ms=550 derived audio+engine_ms=418; per-drawcall avg us_x10=2472) [direct-vesa: presents=100 total_ms=373 avg_ms_x10=37 failed=0] [ablation: NO_DC_TIMING=0 CACHE_WINSURF=0 DIRECT_VESA=1]
[08:08:34] [info] kbd/audio block 0: kbd_irq=0 kbd_drain=0 ring_chunks=16 pump_pass=3258 pic1_mask=0xb8 first_irq_ticks=0 install_ticks=0 vector_at_install=0x0084e398 pic1_mask_live=0xb8 kbd_8042_stat=0x34 bios_kbd_head=0x002e bios_kbd_tail=0x002e bios_kbd_buf0=0x3920
[08:08:34] [info] dirty-rect block @flip=1200: total_calls=0 dirty_rects_avg=1 dirty_pct_x10=1000 forced_full=0 first_n_force=0 threshold_exceeded=0 dirty_path_taken=0 full_flush_taken=0
[08:08:34] [info] prev-frame-diff block @flip=1200: diff_calls=0 diff_rects_avg=0 diff_dirty_pct_x10=0 bbox_pct_x10=0 bbox_thresh_exceeded=0
[08:08:35] [info] flip-probe: flip #1210 ok=true present=4ms inter_flip_ms=51 drawcalls-since-flip=18 drawcalls-total=79953 fail-total=0 null-skips-total=0
[08:08:35] [info] flip-probe: flip #1220 ok=true present=3ms inter_flip_ms=54 drawcalls-since-flip=18 drawcalls-total=80133 fail-total=0 null-skips-total=0
[08:08:36] [info] flip-probe: flip #1230 ok=true present=3ms inter_flip_ms=51 drawcalls-since-flip=19 drawcalls-total=80317 fail-total=0 null-skips-total=0
[08:08:36] [info] backdrop cache: thrashing-detect engaged (streak=184, route=direct)
[08:08:36] [info] flip-probe: flip #1240 ok=true present=4ms inter_flip_ms=54 drawcalls-since-flip=20 drawcalls-total=80516 fail-total=0 null-skips-total=0
[08:08:37] [info] flip-probe: flip #1250 ok=true present=4ms inter_flip_ms=52 drawcalls-since-flip=20 drawcalls-total=80716 fail-total=0 null-skips-total=0
[08:08:38] [info] flip-probe: flip #1260 ok=true present=3ms inter_flip_ms=50 drawcalls-since-flip=16 drawcalls-total=80877 fail-total=0 null-skips-total=0
[08:08:38] [info] flip-probe: flip #1270 ok=true present=4ms inter_flip_ms=50 drawcalls-since-flip=16 drawcalls-total=81037 fail-total=0 null-skips-total=0
[08:08:39] [info] flip-probe: flip #1280 ok=true present=4ms inter_flip_ms=54 drawcalls-since-flip=17 drawcalls-total=81208 fail-total=0 null-skips-total=0
[08:08:39] [info] flip-probe: flip #1290 ok=true present=4ms inter_flip_ms=50 drawcalls-since-flip=16 drawcalls-total=81370 fail-total=0 null-skips-total=0
[08:08:39] [info] backdrop cache: thrashing-detect engaged (streak=244, route=direct)
[08:08:40] [info] flip-probe: flip #1300 ok=true present=4ms inter_flip_ms=51 drawcalls-since-flip=16 drawcalls-total=81523 fail-total=0 null-skips-total=0
[08:08:40] [info] alpha audit block 0: 1647 total drawcalls, 0 with alpha<255 (block pct_x10=0; global 0/72408 pct_x10=0); alpha-mod skipped: block=0 global=0
[08:08:40] [info] fastpath audit block 0: taken=1647 (idx8=1647) skipped=0 pct_x10=1000; global taken=72408 (idx8=72408) skipped=0 pct_x10=1000
[08:08:40] [info] primitive tally block 0: clear=200(hr=200) fill=0(hr=0) rect=0(hr=0) line=0(hr=0) tint=0 spotlight=0 (over 100 flips ending at flip 1300)
[08:08:40] [info] phase timing block 0: drawcalls=1847 dc_total_ms=698 flip_inner_total_ms=499 inter_flip_total_ms=5365 (per-flip avg x10: dc_ms=69 fi_ms=49 if_ms=536 derived audio+engine_ms=418; per-drawcall avg us_x10=3779) [direct-vesa: presents=100 total_ms=373 avg_ms_x10=37 failed=0] [ablation: NO_DC_TIMING=0 CACHE_WINSURF=0 DIRECT_VESA=1]
[08:08:40] [info] kbd/audio block 0: kbd_irq=0 kbd_drain=0 ring_chunks=16 pump_pass=3527 pic1_mask=0xb8 first_irq_ticks=0 install_ticks=0 vector_at_install=0x0084e398 pic1_mask_live=0xb8 kbd_8042_stat=0x34 bios_kbd_head=0x002e bios_kbd_tail=0x002e bios_kbd_buf0=0x3920
[08:08:40] [info] dirty-rect block @flip=1300: total_calls=0 dirty_rects_avg=1 dirty_pct_x10=1000 forced_full=0 first_n_force=0 threshold_exceeded=0 dirty_path_taken=0 full_flush_taken=0
[08:08:40] [info] prev-frame-diff block @flip=1300: diff_calls=0 diff_rects_avg=0 diff_dirty_pct_x10=0 bbox_pct_x10=0 bbox_thresh_exceeded=0
[08:08:40] [info] flip-probe: flip #1310 ok=true present=4ms inter_flip_ms=54 drawcalls-since-flip=18 drawcalls-total=81700 fail-total=0 null-skips-total=0
[08:08:41] [info] flip-probe: flip #1320 ok=true present=4ms inter_flip_ms=51 drawcalls-since-flip=18 drawcalls-total=81888 fail-total=0 null-skips-total=0
[08:08:41] [info] run_tick_fixed #3600: heartbeat (loop alive)
[08:08:42] [info] flip-probe: flip #1330 ok=true present=4ms inter_flip_ms=101 drawcalls-since-flip=359 drawcalls-total=83375 fail-total=0 null-skips-total=0
[08:08:42] [info]  >> Entering stage 19: 'Assembly Hall'.
[08:08:42] [info] [skip-sheet-flush] cave=8
[08:08:43] [info] [load-stage] preloading entry music song=9 (cave=8)
[08:08:43] [info] gameloop: entered (curmap=19, running=1)
[08:08:43] [info] gameloop: iter 1 ticks=96713 mapno=-1
[08:08:43] [info] mds-clear-lut: rebuilt N=240 entries (k_skip=100% k_keep=0%; curmap=19 map_size=21x16; rebuild #6 since boot)
[08:08:43] [info] gameloop: iter 2 ticks=96834 mapno=-1
[08:08:43] [info] gameloop: iter 3 ticks=96944 mapno=-1
[08:08:43] [info] flip-probe: flip #1340 ok=true present=4ms inter_flip_ms=55 drawcalls-since-flip=135 drawcalls-total=86333 fail-total=0 null-skips-total=0
[08:08:44] [info] flip-probe: flip #1350 ok=true present=4ms inter_flip_ms=53 drawcalls-since-flip=121 drawcalls-total=87523 fail-total=0 null-skips-total=0
[08:08:44] [info] flip-probe: flip #1360 ok=true present=3ms inter_flip_ms=51 drawcalls-since-flip=121 drawcalls-total=88733 fail-total=0 null-skips-total=0
[08:08:45] [info] flip-probe: flip #1370 ok=true present=4ms inter_flip_ms=53 drawcalls-since-flip=122 drawcalls-total=89965 fail-total=0 null-skips-total=0
[08:08:46] [info] flip-probe: flip #1380 ok=true present=4ms inter_flip_ms=51 drawcalls-since-flip=123 drawcalls-total=91185 fail-total=0 null-skips-total=0
[08:08:46] [info] flip-probe: flip #1390 ok=true present=3ms inter_flip_ms=53 drawcalls-since-flip=121 drawcalls-total=92400 fail-total=0 null-skips-total=0
[08:08:47] [info] flip-probe: flip #1400 ok=true present=4ms inter_flip_ms=51 drawcalls-since-flip=121 drawcalls-total=93610 fail-total=0 null-skips-total=0
[08:08:47] [info] alpha audit block 0: 11183 total drawcalls, 0 with alpha<255 (block pct_x10=0; global 0/83591 pct_x10=0); alpha-mod skipped: block=0 global=0
[08:08:47] [info] fastpath audit block 0: taken=11183 (idx8=11183) skipped=0 pct_x10=1000; global taken=83591 (idx8=83591) skipped=0 pct_x10=1000
[08:08:47] [info] primitive tally block 0: clear=202(hr=202) fill=0(hr=0) rect=0(hr=0) line=0(hr=0) tint=0 spotlight=0 (over 100 flips ending at flip 1400)
[08:08:47] [info] color/alpha audit block 0: cmod_white=804 cmod_black=804 (idx=804) cmod_general=0 (idx=0) cmod_fb=0; alpha_taken=0 alpha_skipped=0 (global cmod=9630/8124/693/0 idx=8124/693 alpha=0/0)
[08:08:47] [info] phase timing block 0: drawcalls=13060 dc_total_ms=1696 flip_inner_total_ms=723 inter_flip_total_ms=6934 (per-flip avg x10: dc_ms=169 fi_ms=72 if_ms=693 derived audio+engine_ms=452; per-drawcall avg us_x10=1299) [direct-vesa: presents=100 total_ms=374 avg_ms_x10=37 failed=0] [ablation: NO_DC_TIMING=0 CACHE_WINSURF=0 DIRECT_VESA=1]
[08:08:47] [info] kbd/audio block 0: kbd_irq=0 kbd_drain=0 ring_chunks=16 pump_pass=3819 pic1_mask=0xb8 first_irq_ticks=0 install_ticks=0 vector_at_install=0x0084e398 pic1_mask_live=0xb8 kbd_8042_stat=0x34 bios_kbd_head=0x002e bios_kbd_tail=0x002e bios_kbd_buf0=0x3920
[08:08:47] [info] dirty-rect block @flip=1400: total_calls=0 dirty_rects_avg=1 dirty_pct_x10=1000 forced_full=0 first_n_force=0 threshold_exceeded=0 dirty_path_taken=0 full_flush_taken=0
[08:08:47] [info] prev-frame-diff block @flip=1400: diff_calls=0 diff_rects_avg=0 diff_dirty_pct_x10=0 bbox_pct_x10=0 bbox_thresh_exceeded=0
[08:08:47] [info] tas: stall frame 349 ms -> contributing 1 tick (patch 0286)
[08:08:47] [info] flip-probe: flip #1410 ok=true present=4ms inter_flip_ms=53 drawcalls-since-flip=121 drawcalls-total=94820 fail-total=0 null-skips-total=0
[08:08:48] [info] flip-probe: flip #1420 ok=true present=4ms inter_flip_ms=95 drawcalls-since-flip=462 drawcalls-total=96999 fail-total=0 null-skips-total=0
[08:08:48] [info]  >> Entering stage 11: 'Mimiga Village'.
[08:08:48] [info] [skip-sheet-flush] cave=9
[08:08:49] [info] [load-stage] preloading entry music song=9 (cave=9)
[08:08:49] [info] gameloop: entered (curmap=11, running=1)
[08:08:49] [info] gameloop: iter 1 ticks=103395 mapno=-1
[08:08:49] [info] mds-clear-lut: rebuilt N=240 entries (k_skip=0% k_keep=100%; curmap=11 map_size=60x60; rebuild #7 since boot)
[08:08:50] [info] gameloop: iter 2 ticks=103520 mapno=-1
[08:08:50] [info] run_tick_fixed #3900: heartbeat (loop alive)
[08:08:50] [info] gameloop: iter 3 ticks=103641 mapno=-1
[08:08:50] [info] backdrop cache: thrashing-detect engaged (streak=4, route=direct)
[08:08:50] [info] flip-probe: flip #1430 ok=true present=4ms inter_flip_ms=82 drawcalls-since-flip=144 drawcalls-total=100471 fail-total=0 null-skips-total=0
[08:08:51] [info] flip-probe: flip #1440 ok=true present=4ms inter_flip_ms=53 drawcalls-since-flip=46 drawcalls-total=100905 fail-total=0 null-skips-total=0
[08:08:51] [info] flip-probe: flip #1450 ok=true present=4ms inter_flip_ms=57 drawcalls-since-flip=42 drawcalls-total=101328 fail-total=0 null-skips-total=0
[08:08:52] [info] flip-probe: flip #1460 ok=true present=4ms inter_flip_ms=55 drawcalls-since-flip=43 drawcalls-total=101752 fail-total=0 null-skips-total=0
[08:08:52] [info] flip-probe: flip #1470 ok=true present=3ms inter_flip_ms=58 drawcalls-since-flip=42 drawcalls-total=102181 fail-total=0 null-skips-total=0
[08:08:53] [info] flip-probe: flip #1480 ok=true present=4ms inter_flip_ms=56 drawcalls-since-flip=45 drawcalls-total=102616 fail-total=0 null-skips-total=0
[08:08:54] [info] backdrop cache: thrashing-detect engaged (streak=64, route=direct)
[08:08:54] [info] flip-probe: flip #1490 ok=true present=3ms inter_flip_ms=67 drawcalls-since-flip=44 drawcalls-total=103056 fail-total=0 null-skips-total=0
[08:08:54] [info] flip-probe: flip #1500 ok=true present=4ms inter_flip_ms=57 drawcalls-since-flip=43 drawcalls-total=103486 fail-total=0 null-skips-total=0
[08:08:54] [info] alpha audit block 0: 8500 total drawcalls, 0 with alpha<255 (block pct_x10=0; global 0/92091 pct_x10=0); alpha-mod skipped: block=0 global=0
[08:08:54] [info] fastpath audit block 0: taken=8500 (idx8=8500) skipped=0 pct_x10=1000; global taken=92091 (idx8=92091) skipped=0 pct_x10=1000
[08:08:54] [info] primitive tally block 0: clear=201(hr=201) fill=0(hr=0) rect=0(hr=0) line=0(hr=0) tint=0 spotlight=0 (over 100 flips ending at flip 1500)
[08:08:54] [info] color/alpha audit block 0: cmod_white=1276 cmod_black=1276 (idx=1276) cmod_general=0 (idx=0) cmod_fb=0; alpha_taken=0 alpha_skipped=0 (global cmod=10906/9400/693/0 idx=9400/693 alpha=0/0)
[08:08:54] [info] phase timing block 0: drawcalls=11282 dc_total_ms=1579 flip_inner_total_ms=504 inter_flip_total_ms=7563 (per-flip avg x10: dc_ms=157 fi_ms=50 if_ms=756 derived audio+engine_ms=549; per-drawcall avg us_x10=1399) [direct-vesa: presents=100 total_ms=374 avg_ms_x10=37 failed=0] [ablation: NO_DC_TIMING=0 CACHE_WINSURF=0 DIRECT_VESA=1]
[08:08:54] [info] kbd/audio block 0: kbd_irq=0 kbd_drain=0 ring_chunks=16 pump_pass=4127 pic1_mask=0xb8 first_irq_ticks=0 install_ticks=0 vector_at_install=0x0084e398 pic1_mask_live=0xb8 kbd_8042_stat=0x34 bios_kbd_head=0x002e bios_kbd_tail=0x002e bios_kbd_buf0=0x3920
[08:08:54] [info] dirty-rect block @flip=1500: total_calls=0 dirty_rects_avg=1 dirty_pct_x10=1000 forced_full=0 first_n_force=0 threshold_exceeded=0 dirty_path_taken=0 full_flush_taken=0
[08:08:54] [info] prev-frame-diff block @flip=1500: diff_calls=0 diff_rects_avg=0 diff_dirty_pct_x10=0 bbox_pct_x10=0 bbox_thresh_exceeded=0
[08:08:55] [info] flip-probe: flip #1510 ok=true present=4ms inter_flip_ms=57 drawcalls-since-flip=42 drawcalls-total=103909 fail-total=0 null-skips-total=0
[08:08:55] [info] flip-probe: flip #1520 ok=true present=4ms inter_flip_ms=56 drawcalls-since-flip=42 drawcalls-total=104329 fail-total=0 null-skips-total=0
[08:08:56] [info] flip-probe: flip #1530 ok=true present=4ms inter_flip_ms=54 drawcalls-since-flip=43 drawcalls-total=104759 fail-total=0 null-skips-total=0
[08:08:56] [info] flip-probe: flip #1540 ok=true present=4ms inter_flip_ms=54 drawcalls-since-flip=44 drawcalls-total=105198 fail-total=0 null-skips-total=0
[08:08:57] [info] backdrop cache: thrashing-detect engaged (streak=124, route=direct)
[08:08:57] [info] flip-probe: flip #1550 ok=true present=4ms inter_flip_ms=57 drawcalls-since-flip=14 drawcalls-total=105458 fail-total=0 null-skips-total=0
[08:08:58] [info] flip-probe: flip #1560 ok=true present=4ms inter_flip_ms=65 drawcalls-since-flip=116 drawcalls-total=105730 fail-total=0 null-skips-total=0
[08:08:58] [info]  >> Entering stage 14: 'Shack'.
[08:08:58] [info] [skip-sheet-flush] cave=10
[08:08:59] [info] [load-stage] preloading entry music song=8 (cave=10)
[08:08:59] [info] [music-dispatch] tick=4328 song=8 (prev 9)
[08:08:59] [info] opl2 backend: on_song_stop
[08:08:59] [info] MidiScheduler::load: parsed 'data/orgmid2/vivi.mid' = 4558 events at 48 PPQ
[08:08:59] [info] opl2 backend: on_song_start
[08:08:59] [info] gameloop: entered (curmap=14, running=1)
[08:08:59] [info] gameloop: iter 1 ticks=113156 mapno=-1
[08:08:59] [info] gameloop: iter 2 ticks=113250 mapno=-1
[08:08:59] [info] gameloop: iter 3 ticks=113349 mapno=-1
[08:08:59] [info] flip-probe: flip #1570 ok=true present=3ms inter_flip_ms=98 drawcalls-since-flip=365 drawcalls-total=108429 fail-total=0 null-skips-total=0
[08:09:00] [info] flip-probe: flip #1580 ok=true present=4ms inter_flip_ms=40 drawcalls-since-flip=23 drawcalls-total=109507 fail-total=0 null-skips-total=0
[08:09:00] [info] flip-probe: flip #1590 ok=true present=3ms inter_flip_ms=40 drawcalls-since-flip=23 drawcalls-total=109737 fail-total=0 null-skips-total=0
[08:09:01] [info] flip-probe: flip #1600 ok=true present=3ms inter_flip_ms=40 drawcalls-since-flip=23 drawcalls-total=109967 fail-total=0 null-skips-total=0
[08:09:01] [info] alpha audit block 0: 5677 total drawcalls, 0 with alpha<255 (block pct_x10=0; global 0/97768 pct_x10=0); alpha-mod skipped: block=0 global=0
[08:09:01] [info] fastpath audit block 0: taken=5677 (idx8=5677) skipped=0 pct_x10=1000; global taken=97768 (idx8=97768) skipped=0 pct_x10=1000
[08:09:01] [info] primitive tally block 0: clear=202(hr=202) fill=0(hr=0) rect=0(hr=0) line=0(hr=0) tint=0 spotlight=0 (over 100 flips ending at flip 1600)
[08:09:01] [info] color/alpha audit block 0: cmod_white=737 cmod_black=737 (idx=737) cmod_general=0 (idx=0) cmod_fb=0; alpha_taken=0 alpha_skipped=0 (global cmod=11643/10137/693/0 idx=10137/693 alpha=0/0)
[08:09:01] [info] phase timing block 0: drawcalls=7353 dc_total_ms=1202 flip_inner_total_ms=508 inter_flip_total_ms=6685 (per-flip avg x10: dc_ms=120 fi_ms=50 if_ms=668 derived audio+engine_ms=498; per-drawcall avg us_x10=1635) [direct-vesa: presents=100 total_ms=375 avg_ms_x10=37 failed=0] [ablation: NO_DC_TIMING=0 CACHE_WINSURF=0 DIRECT_VESA=1]
[08:09:01] [info] kbd/audio block 0: kbd_irq=0 kbd_drain=0 ring_chunks=16 pump_pass=4408 pic1_mask=0xb8 first_irq_ticks=0 install_ticks=0 vector_at_install=0x0084e398 pic1_mask_live=0xb8 kbd_8042_stat=0x34 bios_kbd_head=0x002e bios_kbd_tail=0x002e bios_kbd_buf0=0x3920
[08:09:01] [info] dirty-rect block @flip=1600: total_calls=0 dirty_rects_avg=1 dirty_pct_x10=1000 forced_full=0 first_n_force=0 threshold_exceeded=0 dirty_path_taken=0 full_flush_taken=0
[08:09:01] [info] prev-frame-diff block @flip=1600: diff_calls=0 diff_rects_avg=0 diff_dirty_pct_x10=0 bbox_pct_x10=0 bbox_thresh_exceeded=0
[08:09:01] [info] flip-probe: flip #1610 ok=true present=4ms inter_flip_ms=41 drawcalls-since-flip=26 drawcalls-total=110224 fail-total=0 null-skips-total=0
[08:09:02] [info] flip-probe: flip #1620 ok=true present=4ms inter_flip_ms=40 drawcalls-since-flip=23 drawcalls-total=110467 fail-total=0 null-skips-total=0
[08:09:02] [info] flip-probe: flip #1630 ok=true present=4ms inter_flip_ms=39 drawcalls-since-flip=23 drawcalls-total=110697 fail-total=0 null-skips-total=0
[08:09:03] [info] flip-probe: flip #1640 ok=true present=5ms inter_flip_ms=40 drawcalls-since-flip=23 drawcalls-total=110927 fail-total=0 null-skips-total=0
[08:09:03] [info] flip-probe: flip #1650 ok=true present=4ms inter_flip_ms=40 drawcalls-since-flip=23 drawcalls-total=111157 fail-total=0 null-skips-total=0
[08:09:03] [info] flip-probe: flip #1660 ok=true present=4ms inter_flip_ms=40 drawcalls-since-flip=23 drawcalls-total=111387 fail-total=0 null-skips-total=0
[08:09:04] [info] flip-probe: flip #1670 ok=true present=4ms inter_flip_ms=39 drawcalls-since-flip=23 drawcalls-total=111617 fail-total=0 null-skips-total=0
[08:09:04] [info] flip-probe: flip #1680 ok=true present=4ms inter_flip_ms=40 drawcalls-since-flip=23 drawcalls-total=111847 fail-total=0 null-skips-total=0
[08:09:05] [info] flip-probe: flip #1690 ok=true present=4ms inter_flip_ms=45 drawcalls-since-flip=3 drawcalls-total=114263 fail-total=0 null-skips-total=0
[08:09:05] [info]  >> Entering stage 11: 'Mimiga Village'.
[08:09:05] [info] [skip-sheet-flush] cave=11
[08:09:05] [info] [load-stage] preloading entry music song=9 (cave=11)
[08:09:05] [info] [music-dispatch] tick=4612 song=9 (prev 8)
[08:09:05] [info] opl2 backend: on_song_stop
[08:09:06] [info] MidiScheduler::load: parsed 'data/orgmid2/mura.mid' = 2863 events at 48 PPQ
[08:09:06] [info] opl2 backend: on_song_start
[08:09:06] [info] gameloop: entered (curmap=11, running=1)
[08:09:06] [info] gameloop: iter 1 ticks=119753 mapno=-1
[08:09:06] [info] gameloop: iter 2 ticks=119863 mapno=-1
[08:09:06] [info] gameloop: iter 3 ticks=119987 mapno=-1
[08:09:06] [info] backdrop cache: thrashing-detect engaged (streak=4, route=direct)
[08:09:07] [info] flip-probe: flip #1700 ok=true present=4ms inter_flip_ms=56 drawcalls-since-flip=40 drawcalls-total=116451 fail-total=0 null-skips-total=0
[08:09:07] [info] alpha audit block 0: 5909 total drawcalls, 0 with alpha<255 (block pct_x10=0; global 0/103677 pct_x10=0); alpha-mod skipped: block=0 global=0
[08:09:07] [info] fastpath audit block 0: taken=5909 (idx8=5909) skipped=0 pct_x10=1000; global taken=103677 (idx8=103677) skipped=0 pct_x10=1000
[08:09:07] [info] primitive tally block 0: clear=201(hr=201) fill=0(hr=0) rect=0(hr=0) line=0(hr=0) tint=0 spotlight=0 (over 100 flips ending at flip 1700)
[08:09:07] [info] color/alpha audit block 0: cmod_white=565 cmod_black=565 (idx=565) cmod_general=0 (idx=0) cmod_fb=0; alpha_taken=0 alpha_skipped=0 (global cmod=12208/10702/693/0 idx=10702/693 alpha=0/0)
[08:09:07] [info] phase timing block 0: drawcalls=7243 dc_total_ms=1199 flip_inner_total_ms=509 inter_flip_total_ms=5851 (per-flip avg x10: dc_ms=119 fi_ms=50 if_ms=585 derived audio+engine_ms=416; per-drawcall avg us_x10=1656) [direct-vesa: presents=100 total_ms=372 avg_ms_x10=37 failed=0] [ablation: NO_DC_TIMING=0 CACHE_WINSURF=0 DIRECT_VESA=1]
[08:09:07] [info] kbd/audio block 0: kbd_irq=0 kbd_drain=0 ring_chunks=16 pump_pass=4654 pic1_mask=0xb8 first_irq_ticks=0 install_ticks=0 vector_at_install=0x0084e398 pic1_mask_live=0xb8 kbd_8042_stat=0x34 bios_kbd_head=0x002e bios_kbd_tail=0x002e bios_kbd_buf0=0x3920
[08:09:07] [info] dirty-rect block @flip=1700: total_calls=0 dirty_rects_avg=1 dirty_pct_x10=1000 forced_full=0 first_n_force=0 threshold_exceeded=0 dirty_path_taken=0 full_flush_taken=0
[08:09:07] [info] prev-frame-diff block @flip=1700: diff_calls=0 diff_rects_avg=0 diff_dirty_pct_x10=0 bbox_pct_x10=0 bbox_thresh_exceeded=0
[08:09:07] [info] flip-probe: flip #1710 ok=true present=4ms inter_flip_ms=54 drawcalls-since-flip=43 drawcalls-total=116866 fail-total=0 null-skips-total=0
[08:09:08] [info] flip-probe: flip #1720 ok=true present=4ms inter_flip_ms=59 drawcalls-since-flip=45 drawcalls-total=117302 fail-total=0 null-skips-total=0
[08:09:08] [info] flip-probe: flip #1730 ok=true present=3ms inter_flip_ms=55 drawcalls-since-flip=43 drawcalls-total=117757 fail-total=0 null-skips-total=0
[08:09:09] [info] flip-probe: flip #1740 ok=true present=4ms inter_flip_ms=56 drawcalls-since-flip=42 drawcalls-total=118177 fail-total=0 null-skips-total=0
[08:09:10] [info] flip-probe: flip #1750 ok=true present=3ms inter_flip_ms=58 drawcalls-since-flip=45 drawcalls-total=118619 fail-total=0 null-skips-total=0
[08:09:10] [info] backdrop cache: thrashing-detect engaged (streak=64, route=direct)
[08:09:10] [info] flip-probe: flip #1760 ok=true present=4ms inter_flip_ms=57 drawcalls-since-flip=44 drawcalls-total=119059 fail-total=0 null-skips-total=0
[08:09:11] [info] flip-probe: flip #1770 ok=true present=4ms inter_flip_ms=57 drawcalls-since-flip=45 drawcalls-total=119500 fail-total=0 null-skips-total=0
[08:09:11] [info] flip-probe: flip #1780 ok=true present=4ms inter_flip_ms=57 drawcalls-since-flip=45 drawcalls-total=119954 fail-total=0 null-skips-total=0
[08:09:12] [info] flip-probe: flip #1790 ok=true present=4ms inter_flip_ms=57 drawcalls-since-flip=43 drawcalls-total=120389 fail-total=0 null-skips-total=0
[08:09:12] [info] flip-probe: flip #1800 ok=true present=4ms inter_flip_ms=53 drawcalls-since-flip=44 drawcalls-total=120826 fail-total=0 null-skips-total=0
[08:09:12] [info] alpha audit block 0: 2975 total drawcalls, 0 with alpha<255 (block pct_x10=0; global 0/106652 pct_x10=0); alpha-mod skipped: block=0 global=0
[08:09:12] [info] fastpath audit block 0: taken=2975 (idx8=2975) skipped=0 pct_x10=1000; global taken=106652 (idx8=106652) skipped=0 pct_x10=1000
[08:09:12] [info] primitive tally block 0: clear=200(hr=200) fill=0(hr=0) rect=0(hr=0) line=0(hr=0) tint=0 spotlight=0 (over 100 flips ending at flip 1800)
[08:09:12] [info] color/alpha audit block 0: cmod_white=1300 cmod_black=1300 (idx=1300) cmod_general=0 (idx=0) cmod_fb=0; alpha_taken=0 alpha_skipped=0 (global cmod=13508/12002/693/0 idx=12002/693 alpha=0/0)
[08:09:12] [info] phase timing block 0: drawcalls=5775 dc_total_ms=1017 flip_inner_total_ms=501 inter_flip_total_ms=5736 (per-flip avg x10: dc_ms=101 fi_ms=50 if_ms=573 derived audio+engine_ms=422; per-drawcall avg us_x10=1762) [direct-vesa: presents=100 total_ms=372 avg_ms_x10=37 failed=0] [ablation: NO_DC_TIMING=0 CACHE_WINSURF=0 DIRECT_VESA=1]
[08:09:12] [info] kbd/audio block 0: kbd_irq=0 kbd_drain=0 ring_chunks=16 pump_pass=4940 pic1_mask=0xb8 first_irq_ticks=0 install_ticks=0 vector_at_install=0x0084e398 pic1_mask_live=0xb8 kbd_8042_stat=0x34 bios_kbd_head=0x002e bios_kbd_tail=0x002e bios_kbd_buf0=0x3920
[08:09:13] [info] dirty-rect block @flip=1800: total_calls=0 dirty_rects_avg=1 dirty_pct_x10=1000 forced_full=0 first_n_force=0 threshold_exceeded=0 dirty_path_taken=0 full_flush_taken=0
[08:09:13] [info] prev-frame-diff block @flip=1800: diff_calls=0 diff_rects_avg=0 diff_dirty_pct_x10=0 bbox_pct_x10=0 bbox_thresh_exceeded=0
[08:09:13] [info] flip-probe: flip #1810 ok=true present=4ms inter_flip_ms=53 drawcalls-since-flip=46 drawcalls-total=121281 fail-total=0 null-skips-total=0
[08:09:13] [info] backdrop cache: thrashing-detect engaged (streak=124, route=direct)
[08:09:14] [info] flip-probe: flip #1820 ok=true present=4ms inter_flip_ms=49 drawcalls-since-flip=18 drawcalls-total=121469 fail-total=0 null-skips-total=0
[08:09:14] [info] flip-probe: flip #1830 ok=true present=4ms inter_flip_ms=47 drawcalls-since-flip=18 drawcalls-total=121649 fail-total=0 null-skips-total=0
[08:09:15] [info] flip-probe: flip #1840 ok=true present=4ms inter_flip_ms=51 drawcalls-since-flip=18 drawcalls-total=121829 fail-total=0 null-skips-total=0
[08:09:15] [info] flip-probe: flip #1850 ok=true present=4ms inter_flip_ms=50 drawcalls-since-flip=18 drawcalls-total=122009 fail-total=0 null-skips-total=0
[08:09:16] [info] flip-probe: flip #1860 ok=true present=4ms inter_flip_ms=50 drawcalls-since-flip=18 drawcalls-total=122189 fail-total=0 null-skips-total=0
[08:09:16] [info] flip-probe: flip #1870 ok=true present=3ms inter_flip_ms=50 drawcalls-since-flip=59 drawcalls-total=122697 fail-total=0 null-skips-total=0
[08:09:16] [info] backdrop cache: thrashing-detect engaged (streak=184, route=direct)
[08:09:17] [info] flip-probe: flip #1880 ok=true present=4ms inter_flip_ms=49 drawcalls-since-flip=59 drawcalls-total=123287 fail-total=0 null-skips-total=0
[08:09:17] [info] flip-probe: flip #1890 ok=true present=3ms inter_flip_ms=50 drawcalls-since-flip=59 drawcalls-total=123877 fail-total=0 null-skips-total=0
[08:09:17] [info] tas: end-of-replay auto-exit at tick 5140 (recording exhausted; set DOSKUTSU_TAS_REPLAY_HOLD=1 to disable + observe steady-state past recording end)
[08:09:18] [info] Script engine shutdown.
[08:09:18] [info] opl2 backend: on_song_stop
[08:09:18] [info] opl2 backend shutdown (all 9 voices KEY-OFF; 0xBD cleared; chip state safe for next process)
[08:09:18] [info] Organya init...
[08:09:19] [info] Organya init done
[08:09:19] [info] Sound system shutdown
[08:09:19] [info] Renderer::Close()
[08:09:19] [info] tas: replay file closed
[08:09:20] [info] [fps-true] flips=1896 render_s=128 fps_mean=14.8 (clock-independent: flips / seconds since the FIRST flip; use THIS for the fps matrix, not inter_flip medians, which are invalid in any cell running the PIT/IRQ-0 music pump)
[RUNMANIFEST-BEGIN]
schema_version=2
environment=realhw
binary_sha12=UNKNOWN
binary_sha12_src=unknown
build_sha12=1f79ce20e4ee
organya_cache_key=1f79ce20e4ee
wave_tag=5R5
scene=
env_block_sha=be3b2a1fc909
started_rtc_local=2026-11-21T05:58:32
duration_s=143
exit_code=0
fps_true_flips=1896
fps_true_render_s=128
reel_ticks=5140
reel_game_seconds=102.8
per_loop_fps=18.4
overhead_s=26
music_pump_active=1
cpu_vendor=GenuineIntel
cpu_have_cpuid=1
cpu_family=4
cpu_model=3
cpu_stepping=5
cpu_mhz_est=49
cpu_has_fpu=1
cpu_class=486_slow
audio_backend=adlib
video_logical_wxh=320x240
video_logical_bpp=8
video_vram_kb=4096
video_lfb_or_banked=lfb
audio_is_sb16=0
audio_dsp_ver=NA
audio_dma_path=8bit-low
audio_force_8bit=0
audio_dma_channel=-1
fps_p50=18.5
fps_p95=11.4
fps_sample_n=189
fps_sample_interval=10
pump_clock_state=pump-timebase-ok
audio_vital_status=NA
regime=NA
banner_required_hit=0
banner_required_total=0
banner_forbidden_hit=0
banner_optional_hit=0
critical_count=0
warn_count=0
perstage_count=12
perstage_00=stage:72 ticks:95 flips:95 fps:50.0
perstage_01=stage:1005 ticks:80 flips:80 fps:50.0
perstage_02=stage:20 ticks:122 flips:54 fps:22.1
perstage_03=stage:11 ticks:455 flips:155 fps:17.0
perstage_04=stage:17 ticks:770 flips:190 fps:12.3
perstage_05=stage:11 ticks:550 flips:191 fps:17.3
perstage_06=stage:15 ticks:663 flips:252 fps:19.0
perstage_07=stage:11 ticks:895 flips:315 fps:17.5
perstage_08=stage:19 ticks:264 flips:91 fps:17.2
perstage_09=stage:11 ticks:434 flips:143 fps:16.4
perstage_10=stage:14 ticks:284 flips:123 fps:21.6
perstage_11=stage:11 ticks:528 flips:206 fps:19.5
[RUNMANIFEST-END]
[08:09:20] [info] [runmanifest-emit] schema=v2 env=realhw binary_sha12=UNKNOWN(unknown) build_sha12=1f79ce20e4ee per_loop_fps=18.4 overhead_s=26 pump=1 dur=143s tag='5R5' scene='' (signals=0x4)
