Logger::init: wave-53 log level=INFO path='LOGS/5X0.LOG'
[09:10:02] [info] config: loaded DOSKUTSU.CFG (3 keys)
[09:10:03] [info] [cpu-witness] vendor=GenuineIntel cpuid=1 family=4 model=3 stepping=5 mhz_est=49 fpu=1 class=486_slow (boot-time attestation of the running CPU; MHZ_486_LOOP_DIV=16400 mirrors SETUP)
[09:10:03] [info] tas: PRNG seed forced to 12345 via DOSKUTSU_TAS_PRNG_SEED
[09:10:03] [info] tas: auto-exit armed at tick 30000 via DOSKUTSU_TAS_AUTO_EXIT_TICK
[09:10:03] [info] tas: replay opened path='QA.TAS' header_seed=12345
[09:10:03] [info] SDL_HINT_DOSKUTSU_AUDIO_OFF=1 -- skipping SDL_INIT_AUDIO (W20A2 audio-off ablation; SB16 IRQ never hooked, audio subsystem not initialized; SoundManager::init() will also be skipped below)
[09:10:03] [info] data cache: DISABLED (default)
[09:10:03] [info] Joystick: skipped (default; set DOSKUTSU_USE_JOYSTICK=1 to enable -- skips SDL3-DOS gameport BIOS INT 15h polling, ~82 ms / flip on real HW)
[09:10:04] [info] Loading settings...
[09:10:04] [info] [input-bind] applied=0 invert_y=0 dos_axes=1
[09:10:04] [info] Renderer::initVideo: 8bpp mode requested via SDL_HINT_DOS_MAX_BPP=8 (wave 16); SDL3-DOS will pick the highest-bpp <= 8 mode at requested resolution
[09:10:04] [info] Renderer::initVideo: DOS resolution-label lock ENABLED (default)
[09:10:04] [info] center-oversized: not needed (surface matches the logical screen) surface=320x240 logical=320x240 offset=0,0
[09:10:04] [info] Renderer::initVideo: using: software renderer
[09:10:07] [info] Renderer::initVideo: dirty-rect tracking ENABLED (wave 15, default ON; set SDL_HINT_DOSKUTSU_DIRTY_RECTS=0 to disable)
[09:10:07] [info] Renderer::initVideo: ablation flags: NO_DC_TIMING=0 CACHE_WINSURF=0 NO_INPUT_POLL=0 DIRECT_VESA=1
[09:10:07] [info] Renderer::initVideo: direct-VESA hot path ENABLED (default since wave 20 patch 0088; bypasses SDL_RenderPresent / SDL_UpdateWindowSurface and writes via SDL/0034's PresentFull helper; R2 mitigation handled by SDL/0034 generation counter -- no per-N-flip heartbeat needed; set SDL_HINT_DOSKUTSU_DIRECT_VESA=0 to revert)
[09:10:07] [info] Renderer::initVideo: flip-phase instrumentation DISABLED (default; set SDL_HINT_DOSKUTSU_FLIP_INSTR=1 to opt in for wave-20 Lever A diagnostic)
[09:10:07] [info] Renderer::initVideo: asm opaque-span blit lever DISABLED (default; set SDL_HINT_DOSKUTSU_ASM_BLIT=1 to opt in -- wave-51 _blit_indexed colorkey-blit lever)
[09:10:07] [info] Renderer::initVideo: blit-decomp instrumentation DISABLED (default; set SDL_HINT_DOSKUTSU_BLIT_DECOMP=1 to opt in -- wave-51 _blit_indexed sub-decomp sizing)
[09:10:07] [info] Renderer::initVideo: mds-scroll-decomp instrumentation DISABLED (default; set SDL_HINT_DOSKUTSU_MDS_DECOMP=1 to opt in -- wave-52 mode_draw_scene scrolling-block decomp)
[09:10:07] [info] Renderer::initVideo: DOSVESA pump yield: skipped (default) (per-flip explicit SDL_Delay(0) yield is always on; set SDL_HINT_DOSKUTSU_FORCE_PUMP_YIELD=1 to restore old per-pump yield)
[09:10:07] [info] Renderer::initVideo: indexed-mode (8bpp) ENABLED -- master palette + 107 per-asset remap LUTs loaded (wave 16, default ON; set SDL_HINT_DOSKUTSU_PIXEL_FORMAT_8=0 to disable)
[09:10:07] [info] Renderer::initVideo: master palette attached to window surface (format=SDL_PIXELFORMAT_INDEX8, ncolors=256)
[09:10:07] [info] Renderer::initVideo: indexed-mode smoke: idx0=(0,0,0) OK idx255=(255,0,255) OK
[09:10:07] [info] Renderer::initVideo: indexed-mode smoke: paletteRemapFor('MyChar.pbm') = present
[09:10:08] [info] Surface::loadImage palmap-diag #1: 'data/Loading.pbm' fmt=SDL_PIXELFORMAT_ABGR8888 remap=HIT -> path=truecolor
[09:10:08] [info] Renderer: prev-frame diff DISABLED (default since wave 17.6; set SDL_HINT_DOSKUTSU_PREVFRAME_DIFF=1 to opt in)
[09:10:08] [info] flip-probe: renderer=software window_ptr=8644704 colorspace=301991328 window_size=320x240 framebuffer_pixels=320x240 logical_present=320x240 mode=2
[09:10:08] [info] flip-probe: first flip ok=true present=55ms inter_flip_ms=0 drawcalls-since-flip=1 drawcalls-total=1
[09:10:08] [info] SDL_HINT_DOSKUTSU_AUDIO_OFF=1 -- bypassing SoundManager::init() (deeper than DOSKUTSU_NO_AUDIO; SDL_INIT_AUDIO already omitted)
[09:10:08] [info] menu slide-in fixed-timestep: ENABLED (default; slide advances at 50 Hz logic rate)
[09:10:08] [info] Reading npc.tbl...
[09:10:08] [info] Loading tilekey.dat.
[09:10:09] [info] Script engine init.
[09:10:09] [info] Entering main loop...
[09:10:09] [info] audio mid-gap pump: DISABLED (default)
[09:10:09] [info] TAS fixed-timestep guard: ENABLED (default) (patch 0280; load_stage wall-clock kept out of the FT accumulator so TAS replay advances at a true 50 Hz; set SDL_HINT_DOSKUTSU_TAS_FT_GUARD=0 to disable)
[09:10:09] [info] load_stage ring+DMA silence flush: ENABLED (default) (set SDL_HINT_DOSKUTSU_LOADSTAGE_SILENCE=0 to disable)
[09:10:09] [info] load-band audio-underrun probe: DISABLED (default) (opt-in SDL_HINT_DOSKUTSU_LOADBAND_STAT=1)
[09:10:09] [info]  >> Entering stage 72: 'u'.
[09:10:09] [info] skip sheet flush: ENABLED (default) (SFXPAUSE-012 SHIPPED FIX; sprite sheets stay resident across caves so no per-cave re-decode -> no fire-frame pause; map_flush_graphics tilemap cache still flushes; set SDL_HINT_DOSKUTSU_SKIP_SHEET_FLUSH=0 to restore the old per-cave flush)
[09:10:09] [info] [skip-sheet-flush] cave=1
[09:10:09] [info] eager action sheets: ENABLED (default) (first-fire hitch fix: pre-loads the weapon bullet + hit/muzzle/trail caret sheets at stage load so the first fire/impact does not lazy-decode mid-gameplay; set SDL_HINT_DOSKUTSU_EAGER_ACTION_SHEETS=0 to restore lazy load)
[09:10:09] [info] Surface::loadImage palmap-diag #2: 'data/Bullet.pbm' fmt=SDL_PIXELFORMAT_ABGR8888 remap=HIT -> path=truecolor
[09:10:10] [info] Surface::loadImage palmap-diag #3: 'data/Arms.pbm' fmt=SDL_PIXELFORMAT_ABGR8888 remap=HIT -> path=truecolor
[09:10:10] [info] Surface::loadImage palmap-diag #4: 'data/Caret.pbm' fmt=SDL_PIXELFORMAT_ABGR8888 remap=HIT -> path=truecolor
[09:10:10] [info] Surface::loadImage palmap-diag #5: 'data/Npc/NpcSym.pbm' fmt=SDL_PIXELFORMAT_ABGR8888 remap=HIT -> path=truecolor
[09:10:10] [info] [eager-action-sheets] cave=1 sheets=4 wall_ms=1367
[09:10:11] [info] Surface::loadImage palmap-diag #6: 'data/Stage/PrtWhite.pbm' fmt=SDL_PIXELFORMAT_ABGR8888 remap=HIT -> path=truecolor
[09:10:11] [info] load_stage: entry-music preload ENABLED (default) (set SDL_HINT_DOSKUTSU_PRELOAD_STAGE_MUSIC=0 to disable)
[09:10:11] [info] Surface::loadImage palmap-diag #7: 'data/bk0.pbm' fmt=SDL_PIXELFORMAT_ABGR8888 remap=HIT -> path=truecolor
[09:10:11] [info] gameloop: entered (curmap=72, running=1)
[09:10:11] [info] gameloop: iter 1 ticks=8664 mapno=-1
[09:10:11] [info] fixed-timestep: ENABLED (default; logic 50 Hz, decoupled from render)
[09:10:11] [info] map: BG skip-when-unchanged DISABLED (default) (set SDL_HINT_DOSKUTSU_BG_SKIP_WHEN_UNCHANGED=1 to enable; default OFF since wave-61 -- abandoned, it shipped a backdrop-black flicker and its +0.87 fps was below the noise floor)
[09:10:11] [info] map: skip-redundant-clear lever ENABLED (default since wave-53 promotion)
[09:10:11] [info] perf-mode: level=0 (faithful (default))
[09:10:12] [info] Surface::loadImage palmap-diag #8: 'data/Npc/NpcKings.pbm' fmt=SDL_PIXELFORMAT_ABGR8888 remap=HIT -> path=truecolor
[09:10:12] [info] audio tick-boundary pump: DISABLED (default)
[09:10:12] [info] Organya init...
[09:10:13] [info] Organya init done
[09:10:13] [info] gameloop: iter 2 ticks=10732 mapno=-1
[09:10:14] [info] gameloop: iter 3 ticks=10797 mapno=-1
[09:10:14] [info] direct-vesa: snapshot @gen=2 use_dosmemput=0 banked_multibank=0 pitches_match=1 vram_w=320 vram_h=240 vram_pitch=320 bpp=1 fb_size=76800 vram_phys=0x78000000 vram_ptr=0x77c00000
[09:10:14] [info] flip-probe: flip #10 ok=true present=4ms inter_flip_ms=38 drawcalls-since-flip=6 drawcalls-total=43 fail-total=0 null-skips-total=0
[09:10:14] [info] flip-probe: flip #20 ok=true present=4ms inter_flip_ms=37 drawcalls-since-flip=4 drawcalls-total=92 fail-total=0 null-skips-total=0
[09:10:15] [info] flip-probe: flip #30 ok=true present=4ms inter_flip_ms=81 drawcalls-since-flip=326 drawcalls-total=2707 fail-total=0 null-skips-total=0
[09:10:16] [info] flip-probe: flip #40 ok=true present=4ms inter_flip_ms=74 drawcalls-since-flip=264 drawcalls-total=5837 fail-total=0 null-skips-total=0
[09:10:16] [info] flip-probe: flip #50 ok=true present=4ms inter_flip_ms=45 drawcalls-since-flip=67 drawcalls-total=7392 fail-total=0 null-skips-total=0
[09:10:17] [info] flip-probe: flip #60 ok=true present=4ms inter_flip_ms=35 drawcalls-since-flip=4 drawcalls-total=7502 fail-total=0 null-skips-total=0
[09:10:17] [info] flip-probe: flip #70 ok=true present=4ms inter_flip_ms=35 drawcalls-since-flip=6 drawcalls-total=7557 fail-total=0 null-skips-total=0
[09:10:17] [info] flip-probe: flip #80 ok=true present=3ms inter_flip_ms=21 drawcalls-since-flip=0 drawcalls-total=7586 fail-total=0 null-skips-total=0
[09:10:18] [info] gameloop: iter 600 ticks=14898 mapno=-1
[09:10:18] [info] flip-probe: flip #90 ok=true present=4ms inter_flip_ms=19 drawcalls-since-flip=0 drawcalls-total=7586 fail-total=0 null-skips-total=0
[09:10:18] [info] title: eager-title-IO phase tag ENABLED (default) (set SDL_HINT_DOSKUTSU_EAGER_TITLE_IO=0 to disable)
[09:10:18] [info] [music-dispatch] tick=95 song=24 (prev 0)
[09:10:18] [info] gameloop: entered (curmap=1005, running=1)
[09:10:18] [info] gameloop: iter 1 ticks=15518 mapno=-1
[09:10:18] [info] map: backdrop cache ENABLED (default) (set SDL_HINT_DOSKUTSU_BACKDROP_CACHE=0 to disable)
[09:10:19] [info] gameloop: iter 2 ticks=16493 mapno=-1
[09:10:19] [info] gameloop: iter 3 ticks=16544 mapno=-1
[09:10:19] [info] backdrop cache: thrashing-detect engaged (streak=4, route=direct)
[09:10:19] [info] flip-probe: flip #100 ok=true present=4ms inter_flip_ms=40 drawcalls-since-flip=75 drawcalls-total=7886 fail-total=0 null-skips-total=0
[09:10:19] [info] alpha audit block 0: 7798 total drawcalls, 0 with alpha<255 (block pct_x10=0; global 0/7798 pct_x10=0); alpha-mod skipped: block=0 global=0
[09:10:19] [info] fastpath audit block 0: taken=7798 (idx8=7798) skipped=0 pct_x10=1000; global taken=7798 (idx8=7798) skipped=0 pct_x10=1000
[09:10:19] [info] primitive tally block 0: clear=220(hr=220) fill=0(hr=0) rect=0(hr=0) line=0(hr=0) tint=0 spotlight=0 (over 100 flips ending at flip 100)
[09:10:19] [info] color/alpha audit block 0: cmod_white=104 cmod_black=0 (idx=0) cmod_general=84 (idx=84) cmod_fb=0; alpha_taken=0 alpha_skipped=0 (global cmod=104/0/84/0 idx=0/84 alpha=0/0)
[09:10:19] [info] phase timing block 0: drawcalls=8209 dc_total_ms=1738 flip_inner_total_ms=624 inter_flip_total_ms=11158 (per-flip avg x10: dc_ms=173 fi_ms=62 if_ms=1115 derived audio+engine_ms=880; per-drawcall avg us_x10=2118) [direct-vesa: presents=97 total_ms=369 avg_ms_x10=38 failed=0] [ablation: NO_DC_TIMING=0 CACHE_WINSURF=0 DIRECT_VESA=1]
[09:10:19] [info] kbd/audio block 0: kbd_irq=0 kbd_drain=0 ring_chunks=16 pump_pass=99 pic1_mask=0xb8 first_irq_ticks=0 install_ticks=0 vector_at_install=0x0083e450 pic1_mask_live=0xb8 kbd_8042_stat=0x34 bios_kbd_head=0x0038 bios_kbd_tail=0x0038 bios_kbd_buf0=0x0e08
[09:10:19] [info] audio/engine split block 0: audio_mixer_calls=0 audio_mixer_ms_x10=0 engine_tick_calls=99 engine_tick_ms_x10=550 audio_service_calls=0 audio_service_ms_x10=0 (per-flip avg; per-call us_x10: audio_mix=0 engine_tick=555915 audio_service=0; global ns: audio_mix=0 engine_tick=5503566938 audio_service=0)
[09:10:19] [info] pixtone multi-source probe: DISABLED (default)
[09:10:19] [info] dirty-rect block @flip=100: total_calls=0 dirty_rects_avg=0 dirty_pct_x10=990 forced_full=0 first_n_force=3 threshold_exceeded=2 dirty_path_taken=0 full_flush_taken=3
[09:10:19] [info] prev-frame-diff block @flip=100: diff_calls=0 diff_rects_avg=0 diff_dirty_pct_x10=0 bbox_pct_x10=0 bbox_thresh_exceeded=0
[09:10:20] [info] flip-probe: flip #110 ok=true present=4ms inter_flip_ms=34 drawcalls-since-flip=75 drawcalls-total=8636 fail-total=0 null-skips-total=0
[09:10:20] [info] flip-probe: flip #120 ok=true present=4ms inter_flip_ms=33 drawcalls-since-flip=75 drawcalls-total=9386 fail-total=0 null-skips-total=0
[09:10:20] [info] pixtone IRQ-mix: DISABLED (L3 requested but SDL backend refused; likely Organya audio backend selected -- falling back to SDL3_mixer for SFX. To engage L3 set SDL_HINT_DOSKUTSU_AUDIO_BACKEND to opl3 / wb / midi-stub.)
[09:10:20] [error] Pixtone::play: sound slot 18 not rendered
[09:10:20] [info] flip-probe: flip #130 ok=true present=4ms inter_flip_ms=19 drawcalls-since-flip=0 drawcalls-total=9986 fail-total=0 null-skips-total=0
[09:10:21] [info] Loading profile from profile.dat
[09:10:21] [error] profile_load: unable to open 'profile.dat'
[09:10:21] [info] Loading profile from profile2.dat
[09:10:21] [error] profile_load: unable to open 'profile2.dat'
[09:10:21] [info] Loading profile from profile3.dat
[09:10:21] [info] Loading profile from profile4.dat
[09:10:21] [error] profile_load: unable to open 'profile4.dat'
[09:10:21] [info] Loading profile from profile5.dat
[09:10:21] [info] flip-probe: flip #140 ok=true present=3ms inter_flip_ms=58 drawcalls-since-flip=210 drawcalls-total=10826 fail-total=0 null-skips-total=0
[09:10:22] [info] flip-probe: flip #150 ok=true present=4ms inter_flip_ms=58 drawcalls-since-flip=210 drawcalls-total=12926 fail-total=0 null-skips-total=0
[09:10:22] [info] Writing settings...
[09:10:22] [error] Pixtone::play: sound slot 18 not rendered
[09:10:22] [info] gameloop: iter 600 ticks=19316 mapno=-1
[09:10:22] [info] flip-probe: flip #160 ok=true present=4ms inter_flip_ms=27 drawcalls-since-flip=0 drawcalls-total=13774 fail-total=0 null-skips-total=0
[09:10:22] [info] flip-probe: flip #170 ok=true present=4ms inter_flip_ms=19 drawcalls-since-flip=0 drawcalls-total=13774 fail-total=0 null-skips-total=0
[09:10:22] [info] [music-dispatch] tick=175 song=0 (prev 24)
[09:10:22] [info] Loading profile from profile5.dat
[09:10:22] [info]  >> Entering stage 20: 'Save Point'.
[09:10:22] [info] [skip-sheet-flush] cave=2
[09:10:23] [info] [music-dispatch] tick=175 song=8 (prev 0)
[09:10:23] [info] gameloop: entered (curmap=20, running=1)
[09:10:23] [info] gameloop: iter 1 ticks=20634 mapno=-1
[09:10:23] [info] TAS stall discount: ENABLED (default) (patch 0286; a replay frame over 150 ms is a load, not slow rendering, so it contributes 1 tick instead of its wall-clock; set SDL_HINT_DOSKUTSU_TAS_STALL_DISCOUNT=0 to disable)
[09:10:23] [info] TAS accumulator clamp: DISABLED (default) (patch 0281; caps the FT accumulator delta at one tick during TAS so a stalled frame cannot race the replay index; set SDL_HINT_DOSKUTSU_TAS_FT_GUARD=0 to disable)
[09:10:23] [info] gameloop: iter 2 ticks=20682 mapno=-1
[09:10:23] [info] gameloop: iter 3 ticks=20728 mapno=-1
[09:10:24] [info] flip-probe: flip #180 ok=true present=3ms inter_flip_ms=39 drawcalls-since-flip=16 drawcalls-total=13896 fail-total=0 null-skips-total=0
[09:10:24] [info] flip-probe: flip #190 ok=true present=3ms inter_flip_ms=39 drawcalls-since-flip=16 drawcalls-total=14056 fail-total=0 null-skips-total=0
[09:10:24] [error] Pixtone::play: sound slot 24 not rendered
[09:10:24] [info] flip-probe: flip #200 ok=true present=3ms inter_flip_ms=39 drawcalls-since-flip=16 drawcalls-total=14216 fail-total=0 null-skips-total=0
[09:10:24] [info] alpha audit block 0: 5693 total drawcalls, 0 with alpha<255 (block pct_x10=0; global 0/13491 pct_x10=0); alpha-mod skipped: block=0 global=0
[09:10:24] [info] fastpath audit block 0: taken=5693 (idx8=5693) skipped=0 pct_x10=1000; global taken=13491 (idx8=13491) skipped=0 pct_x10=1000
[09:10:24] [info] primitive tally block 0: clear=201(hr=201) fill=0(hr=0) rect=0(hr=0) line=0(hr=0) tint=0 spotlight=0 (over 100 flips ending at flip 200)
[09:10:24] [info] color/alpha audit block 0: cmod_white=1402 cmod_black=0 (idx=0) cmod_general=609 (idx=609) cmod_fb=0; alpha_taken=0 alpha_skipped=0 (global cmod=1506/0/693/0 idx=0/693 alpha=0/0)
[09:10:24] [info] phase timing block 0: drawcalls=7905 dc_total_ms=1573 flip_inner_total_ms=500 inter_flip_total_ms=4967 (per-flip avg x10: dc_ms=157 fi_ms=50 if_ms=496 derived audio+engine_ms=289; per-drawcall avg us_x10=1990) [direct-vesa: presents=100 total_ms=369 avg_ms_x10=36 failed=0] [ablation: NO_DC_TIMING=0 CACHE_WINSURF=0 DIRECT_VESA=1]
[09:10:24] [info] kbd/audio block 0: kbd_irq=0 kbd_drain=0 ring_chunks=16 pump_pass=220 pic1_mask=0xb8 first_irq_ticks=0 install_ticks=0 vector_at_install=0x0083e450 pic1_mask_live=0xb8 kbd_8042_stat=0x34 bios_kbd_head=0x0038 bios_kbd_tail=0x0038 bios_kbd_buf0=0x0e08
[09:10:24] [info] audio/engine split block 0: audio_mixer_calls=0 audio_mixer_ms_x10=0 engine_tick_calls=76 engine_tick_ms_x10=226 audio_service_calls=0 audio_service_ms_x10=0 (per-flip avg; per-call us_x10: audio_mix=0 engine_tick=298149 audio_service=0; global ns: audio_mix=0 engine_tick=7769503343 audio_service=0)
[09:10:24] [info] dirty-rect block @flip=200: total_calls=0 dirty_rects_avg=1 dirty_pct_x10=1000 forced_full=0 first_n_force=0 threshold_exceeded=0 dirty_path_taken=0 full_flush_taken=0
[09:10:24] [info] prev-frame-diff block @flip=200: diff_calls=0 diff_rects_avg=0 diff_dirty_pct_x10=0 bbox_pct_x10=0 bbox_thresh_exceeded=0
[09:10:24] [error] Pixtone::play: sound slot 24 not rendered
[09:10:25] [error] Pixtone::play: sound slot 24 not rendered
[09:10:25] [info] flip-probe: flip #210 ok=true present=4ms inter_flip_ms=38 drawcalls-since-flip=16 drawcalls-total=14376 fail-total=0 null-skips-total=0
[09:10:25] [error] Pixtone::play: sound slot 24 not rendered
[09:10:25] [info] flip-probe: flip #220 ok=true present=4ms inter_flip_ms=42 drawcalls-since-flip=46 drawcalls-total=14566 fail-total=0 null-skips-total=0
[09:10:26] [info]  >> Entering stage 11: 'Mimiga Village'.
[09:10:26] [info] [skip-sheet-flush] cave=3
[09:10:26] [info] [load-stage] preloading entry music song=9 (cave=3)
[09:10:26] [info] [music-dispatch] tick=299 song=9 (prev 8)
[09:10:27] [info] gameloop: entered (curmap=11, running=1)
[09:10:27] [info] gameloop: iter 1 ticks=23889 mapno=-1
[09:10:27] [info] map: mds_clear LUT ENABLED (default) (set SDL_HINT_DOSKUTSU_MDS_CLEAR_LUT=0 to disable; default ON; patch 0144 wave-49 bandwidth lever)
[09:10:27] [info] mds-clear-lut: rebuilt N=240 entries (k_skip=0% k_keep=100%; curmap=11 map_size=60x60; rebuild #1 since boot)
[09:10:27] [info] backdrop thrash full-cover ENABLED (default) (set SDL_HINT_DOSKUTSU_THRASH_FULLCOVER=0 to disable)
[09:10:27] [info] [bd-diag] backdrop render-path diag disabled (default) (set SDL_HINT_DOSKUTSU_BACKDROP_DIAG=1 to enable)
[09:10:27] [info] flip-probe: flip #230 ok=true present=4ms inter_flip_ms=870 drawcalls-since-flip=385 drawcalls-total=17309 fail-total=0 null-skips-total=0
[09:10:27] [info] run_tick_fixed #300: heartbeat (loop alive)
[09:10:27] [info] gameloop: iter 2 ticks=24057 mapno=-1
[09:10:27] [info] tas: stall frame 167 ms -> contributing 1 tick (patch 0286)
[09:10:27] [info] gameloop: iter 3 ticks=24167 mapno=-1
[09:10:27] [info] backdrop cache: thrashing-detect engaged (streak=4, route=direct)
[09:10:28] [info] flip-probe: flip #240 ok=true present=3ms inter_flip_ms=58 drawcalls-since-flip=44 drawcalls-total=19385 fail-total=0 null-skips-total=0
[09:10:28] [error] Pixtone::play: sound slot 24 not rendered
[09:10:28] [error] Pixtone::play: sound slot 32 not rendered
[09:10:28] [error] Pixtone::play: sound slot 24 not rendered
[09:10:28] [error] Pixtone::play: sound slot 32 not rendered
[09:10:28] [error] Pixtone::play: sound slot 24 not rendered
[09:10:28] [error] Pixtone::play: sound slot 32 not rendered
[09:10:28] [info] backdrop cache: thrashing-detect engaged (streak=4, route=direct)
[09:10:28] [info] flip-probe: flip #250 ok=true present=4ms inter_flip_ms=79 drawcalls-since-flip=45 drawcalls-total=19833 fail-total=0 null-skips-total=0
[09:10:28] [error] Pixtone::play: sound slot 24 not rendered
[09:10:29] [error] Pixtone::play: sound slot 24 not rendered
[09:10:29] [error] Pixtone::play: sound slot 24 not rendered
[09:10:29] [error] Pixtone::play: sound slot 24 not rendered
[09:10:29] [error] Pixtone::play: sound slot 15 not rendered
[09:10:29] [info] flip-probe: flip #260 ok=true present=4ms inter_flip_ms=66 drawcalls-since-flip=42 drawcalls-total=20262 fail-total=0 null-skips-total=0
[09:10:29] [info] flip-probe: flip #270 ok=true present=4ms inter_flip_ms=55 drawcalls-since-flip=42 drawcalls-total=20682 fail-total=0 null-skips-total=0
[09:10:30] [error] Pixtone::play: sound slot 24 not rendered
[09:10:30] [error] Pixtone::play: sound slot 15 not rendered
[09:10:30] [info] flip-probe: flip #280 ok=true present=4ms inter_flip_ms=57 drawcalls-since-flip=42 drawcalls-total=21102 fail-total=0 null-skips-total=0
[09:10:31] [info] flip-probe: flip #290 ok=true present=4ms inter_flip_ms=57 drawcalls-since-flip=42 drawcalls-total=21522 fail-total=0 null-skips-total=0
[09:10:31] [error] Pixtone::play: sound slot 15 not rendered
[09:10:31] [info] flip-probe: flip #300 ok=true present=3ms inter_flip_ms=58 drawcalls-since-flip=43 drawcalls-total=21952 fail-total=0 null-skips-total=0
[09:10:31] [info] alpha audit block 0: 6742 total drawcalls, 0 with alpha<255 (block pct_x10=0; global 0/20233 pct_x10=0); alpha-mod skipped: block=0 global=0
[09:10:31] [info] fastpath audit block 0: taken=6742 (idx8=6742) skipped=0 pct_x10=1000; global taken=20233 (idx8=20233) skipped=0 pct_x10=1000
[09:10:31] [info] primitive tally block 0: clear=201(hr=201) fill=0(hr=0) rect=0(hr=0) line=0(hr=0) tint=0 spotlight=0 (over 100 flips ending at flip 300)
[09:10:31] [info] color/alpha audit block 0: cmod_white=923 cmod_black=923 (idx=923) cmod_general=0 (idx=0) cmod_fb=0; alpha_taken=0 alpha_skipped=0 (global cmod=2429/923/693/0 idx=923/693 alpha=0/0)
[09:10:31] [info] phase timing block 0: drawcalls=8799 dc_total_ms=1417 flip_inner_total_ms=505 inter_flip_total_ms=6934 (per-flip avg x10: dc_ms=141 fi_ms=50 if_ms=693 derived audio+engine_ms=502; per-drawcall avg us_x10=1611) [direct-vesa: presents=100 total_ms=369 avg_ms_x10=36 failed=0] [ablation: NO_DC_TIMING=0 CACHE_WINSURF=0 DIRECT_VESA=1]
[09:10:31] [info] kbd/audio block 0: kbd_irq=0 kbd_drain=0 ring_chunks=16 pump_pass=521 pic1_mask=0xb8 first_irq_ticks=0 install_ticks=0 vector_at_install=0x0083e450 pic1_mask_live=0xb8 kbd_8042_stat=0x34 bios_kbd_head=0x0038 bios_kbd_tail=0x0038 bios_kbd_buf0=0x0e08
[09:10:31] [info] [tile-speedup-stat n=100 drawtile_us=119.86 raw_blit_us=90.75 ratio=1.32]
[09:10:31] [info] dirty-rect block @flip=300: total_calls=100 dirty_rects_avg=1 dirty_pct_x10=1000 forced_full=0 first_n_force=0 threshold_exceeded=0 dirty_path_taken=0 full_flush_taken=0
[09:10:31] [info] prev-frame-diff block @flip=300: diff_calls=0 diff_rects_avg=0 diff_dirty_pct_x10=0 bbox_pct_x10=0 bbox_thresh_exceeded=0
[09:10:31] [info] tas: stall frame 158 ms -> contributing 1 tick (patch 0286)
[09:10:32] [error] Pixtone::play: sound slot 32 not rendered
[09:10:32] [info] backdrop cache: thrashing-detect engaged (streak=64, route=direct)
[09:10:32] [info] flip-probe: flip #310 ok=true present=4ms inter_flip_ms=65 drawcalls-since-flip=44 drawcalls-total=22484 fail-total=0 null-skips-total=0
[09:10:32] [error] Pixtone::play: sound slot 28 not rendered
[09:10:32] [error] Pixtone::play: sound slot 32 not rendered
[09:10:32] [error] Pixtone::play: sound slot 28 not rendered
[09:10:32] [error] Pixtone::play: sound slot 24 not rendered
[09:10:32] [error] Pixtone::play: sound slot 15 not rendered
[09:10:33] [info] flip-probe: flip #320 ok=true present=4ms inter_flip_ms=57 drawcalls-since-flip=42 drawcalls-total=22918 fail-total=0 null-skips-total=0
[09:10:33] [error] Pixtone::play: sound slot 32 not rendered
[09:10:33] [error] Pixtone::play: sound slot 28 not rendered
[09:10:33] [error] Pixtone::play: sound slot 32 not rendered
[09:10:33] [info] flip-probe: flip #330 ok=true present=4ms inter_flip_ms=69 drawcalls-since-flip=44 drawcalls-total=23344 fail-total=0 null-skips-total=0
[09:10:33] [error] Pixtone::play: sound slot 28 not rendered
[09:10:33] [error] Pixtone::play: sound slot 24 not rendered
[09:10:33] [error] Pixtone::play: sound slot 15 not rendered
[09:10:34] [info] flip-probe: flip #340 ok=true present=4ms inter_flip_ms=56 drawcalls-since-flip=40 drawcalls-total=23754 fail-total=0 null-skips-total=0
[09:10:34] [error] Pixtone::play: sound slot 32 not rendered
[09:10:34] [error] Pixtone::play: sound slot 32 not rendered
[09:10:34] [error] Pixtone::play: sound slot 32 not rendered
[09:10:34] [info] flip-probe: flip #350 ok=true present=3ms inter_flip_ms=52 drawcalls-since-flip=17 drawcalls-total=24152 fail-total=0 null-skips-total=0
[09:10:35] [error] Pixtone::play: sound slot 23 not rendered
[09:10:35] [error] Pixtone::play: sound slot 24 not rendered
[09:10:35] [info] flip-probe: flip #360 ok=true present=4ms inter_flip_ms=49 drawcalls-since-flip=14 drawcalls-total=24297 fail-total=0 null-skips-total=0
[09:10:35] [error] Pixtone::play: sound slot 24 not rendered
[09:10:35] [error] Pixtone::play: sound slot 24 not rendered
[09:10:35] [error] Pixtone::play: sound slot 24 not rendered
[09:10:35] [info] backdrop cache: thrashing-detect engaged (streak=124, route=direct)
[09:10:35] [info] flip-probe: flip #370 ok=true present=4ms inter_flip_ms=83 drawcalls-since-flip=169 drawcalls-total=24687 fail-total=0 null-skips-total=0
[09:10:36] [info]  >> Entering stage 17: 'Yamashita Farm'.
[09:10:36] [info] [skip-sheet-flush] cave=4
[09:10:36] [info] [load-stage] preloading entry music song=13 (cave=4)
[09:10:36] [info] [music-dispatch] tick=752 song=13 (prev 9)
[09:10:37] [info] gameloop: entered (curmap=17, running=1)
[09:10:37] [info] gameloop: iter 1 ticks=33926 mapno=-1
[09:10:37] [info] mds-clear-lut: rebuilt N=240 entries (k_skip=33% k_keep=67%; curmap=17 map_size=40x16; rebuild #2 since boot)
[09:10:37] [info] gameloop: iter 2 ticks=34210 mapno=-1
[09:10:37] [info] tas: stall frame 287 ms -> contributing 1 tick (patch 0286)
[09:10:37] [info] gameloop: iter 3 ticks=34322 mapno=-1
[09:10:37] [info] flip-probe: flip #380 ok=true present=4ms inter_flip_ms=109 drawcalls-since-flip=411 drawcalls-total=27814 fail-total=0 null-skips-total=0
[09:10:38] [error] Pixtone::play: sound slot 24 not rendered
[09:10:38] [error] Pixtone::play: sound slot 24 not rendered
[09:10:38] [info] flip-probe: flip #390 ok=true present=4ms inter_flip_ms=86 drawcalls-since-flip=139 drawcalls-total=29751 fail-total=0 null-skips-total=0
[09:10:38] [error] Pixtone::play: sound slot 24 not rendered
[09:10:39] [error] Pixtone::play: sound slot 15 not rendered
[09:10:39] [error] Pixtone::play: sound slot 32 not rendered
[09:10:39] [info] flip-probe: flip #400 ok=true present=4ms inter_flip_ms=103 drawcalls-since-flip=152 drawcalls-total=31220 fail-total=0 null-skips-total=0
[09:10:39] [info] alpha audit block 0: 8219 total drawcalls, 0 with alpha<255 (block pct_x10=0; global 0/28452 pct_x10=0); alpha-mod skipped: block=0 global=0
[09:10:39] [info] fastpath audit block 0: taken=8219 (idx8=8219) skipped=0 pct_x10=1000; global taken=28452 (idx8=28452) skipped=0 pct_x10=1000
[09:10:39] [info] primitive tally block 0: clear=201(hr=201) fill=0(hr=0) rect=0(hr=0) line=0(hr=0) tint=0 spotlight=0 (over 100 flips ending at flip 400)
[09:10:39] [info] color/alpha audit block 0: cmod_white=949 cmod_black=949 (idx=949) cmod_general=0 (idx=0) cmod_fb=0; alpha_taken=0 alpha_skipped=0 (global cmod=3378/1872/693/0 idx=1872/693 alpha=0/0)
[09:10:39] [info] phase timing block 0: drawcalls=10342 dc_total_ms=1515 flip_inner_total_ms=503 inter_flip_total_ms=7789 (per-flip avg x10: dc_ms=151 fi_ms=50 if_ms=778 derived audio+engine_ms=577; per-drawcall avg us_x10=1465) [direct-vesa: presents=100 total_ms=368 avg_ms_x10=36 failed=0] [ablation: NO_DC_TIMING=0 CACHE_WINSURF=0 DIRECT_VESA=1]
[09:10:39] [info] kbd/audio block 0: kbd_irq=0 kbd_drain=0 ring_chunks=16 pump_pass=853 pic1_mask=0xb8 first_irq_ticks=0 install_ticks=0 vector_at_install=0x0083e450 pic1_mask_live=0xb8 kbd_8042_stat=0x34 bios_kbd_head=0x0038 bios_kbd_tail=0x0038 bios_kbd_buf0=0x0e08
[09:10:39] [info] dirty-rect block @flip=400: total_calls=0 dirty_rects_avg=1 dirty_pct_x10=1000 forced_full=0 first_n_force=0 threshold_exceeded=0 dirty_path_taken=0 full_flush_taken=0
[09:10:39] [info] prev-frame-diff block @flip=400: diff_calls=0 diff_rects_avg=0 diff_dirty_pct_x10=0 bbox_pct_x10=0 bbox_thresh_exceeded=0
[09:10:39] [info] tas: stall frame 177 ms -> contributing 1 tick (patch 0286)
[09:10:39] [error] Pixtone::play: sound slot 32 not rendered
[09:10:39] [error] Pixtone::play: sound slot 32 not rendered
[09:10:40] [info] backdrop cache: thrashing-detect engaged (streak=4, route=direct)
[09:10:40] [error] Pixtone::play: sound slot 23 not rendered
[09:10:40] [error] Pixtone::play: sound slot 24 not rendered
[09:10:40] [error] Pixtone::play: sound slot 24 not rendered
[09:10:40] [info] flip-probe: flip #410 ok=true present=4ms inter_flip_ms=90 drawcalls-since-flip=132 drawcalls-total=32573 fail-total=0 null-skips-total=0
[09:10:40] [error] Pixtone::play: sound slot 24 not rendered
[09:10:40] [error] Pixtone::play: sound slot 15 not rendered
[09:10:41] [error] Pixtone::play: sound slot 32 not rendered
[09:10:41] [info] flip-probe: flip #420 ok=true present=3ms inter_flip_ms=91 drawcalls-since-flip=139 drawcalls-total=33919 fail-total=0 null-skips-total=0
[09:10:41] [error] Pixtone::play: sound slot 32 not rendered
[09:10:41] [error] Pixtone::play: sound slot 32 not rendered
[09:10:41] [error] Pixtone::play: sound slot 23 not rendered
[09:10:41] [error] Pixtone::play: sound slot 24 not rendered
[09:10:42] [error] Pixtone::play: sound slot 15 not rendered
[09:10:42] [info] flip-probe: flip #430 ok=true present=4ms inter_flip_ms=80 drawcalls-since-flip=129 drawcalls-total=35302 fail-total=0 null-skips-total=0
[09:10:42] [error] Pixtone::play: sound slot 32 not rendered
[09:10:43] [error] Pixtone::play: sound slot 23 not rendered
[09:10:43] [info] flip-probe: flip #440 ok=true present=4ms inter_flip_ms=89 drawcalls-since-flip=127 drawcalls-total=36606 fail-total=0 null-skips-total=0
[09:10:43] [error] Pixtone::play: sound slot 24 not rendered
[09:10:43] [error] Pixtone::play: sound slot 24 not rendered
[09:10:43] [error] Pixtone::play: sound slot 24 not rendered
[09:10:43] [error] Pixtone::play: sound slot 24 not rendered
[09:10:43] [error] Pixtone::play: sound slot 24 not rendered
[09:10:44] [info] flip-probe: flip #450 ok=true present=4ms inter_flip_ms=79 drawcalls-since-flip=130 drawcalls-total=37901 fail-total=0 null-skips-total=0
[09:10:44] [error] Pixtone::play: sound slot 24 not rendered
[09:10:44] [error] Pixtone::play: sound slot 24 not rendered
[09:10:44] [info] flip-probe: flip #460 ok=true present=3ms inter_flip_ms=86 drawcalls-since-flip=131 drawcalls-total=39198 fail-total=0 null-skips-total=0
[09:10:44] [error] Pixtone::play: sound slot 24 not rendered
[09:10:45] [error] Pixtone::play: sound slot 24 not rendered
[09:10:45] [error] Pixtone::play: sound slot 24 not rendered
[09:10:45] [info] backdrop cache: thrashing-detect engaged (streak=64, route=direct)
[09:10:45] [error] Pixtone::play: sound slot 24 not rendered
[09:10:45] [error] Pixtone::play: sound slot 24 not rendered
[09:10:45] [info] flip-probe: flip #470 ok=true present=4ms inter_flip_ms=91 drawcalls-since-flip=137 drawcalls-total=40493 fail-total=0 null-skips-total=0
[09:10:45] [error] Pixtone::play: sound slot 24 not rendered
[09:10:46] [error] Pixtone::play: sound slot 24 not rendered
[09:10:46] [error] Pixtone::play: sound slot 24 not rendered
[09:10:46] [error] Pixtone::play: sound slot 24 not rendered
[09:10:46] [info] flip-probe: flip #480 ok=true present=4ms inter_flip_ms=99 drawcalls-since-flip=136 drawcalls-total=41868 fail-total=0 null-skips-total=0
[09:10:46] [error] Pixtone::play: sound slot 24 not rendered
[09:10:46] [info] backdrop cache: thrashing-detect engaged (streak=4, route=direct)
[09:10:47] [info] flip-probe: flip #490 ok=true present=4ms inter_flip_ms=82 drawcalls-since-flip=132 drawcalls-total=43219 fail-total=0 null-skips-total=0
[09:10:48] [info] flip-probe: flip #500 ok=true present=4ms inter_flip_ms=80 drawcalls-since-flip=111 drawcalls-total=44501 fail-total=0 null-skips-total=0
[09:10:48] [info] alpha audit block 0: 11933 total drawcalls, 0 with alpha<255 (block pct_x10=0; global 0/40385 pct_x10=0); alpha-mod skipped: block=0 global=0
[09:10:48] [info] fastpath audit block 0: taken=11933 (idx8=11933) skipped=0 pct_x10=1000; global taken=40385 (idx8=40385) skipped=0 pct_x10=1000
[09:10:48] [info] primitive tally block 0: clear=200(hr=200) fill=0(hr=0) rect=0(hr=0) line=0(hr=0) tint=0 spotlight=0 (over 100 flips ending at flip 500)
[09:10:48] [info] color/alpha audit block 0: cmod_white=1248 cmod_black=1248 (idx=1248) cmod_general=0 (idx=0) cmod_fb=0; alpha_taken=0 alpha_skipped=0 (global cmod=4626/3120/693/0 idx=3120/693 alpha=0/0)
[09:10:48] [info] phase timing block 0: drawcalls=14637 dc_total_ms=1406 flip_inner_total_ms=507 inter_flip_total_ms=8871 (per-flip avg x10: dc_ms=140 fi_ms=50 if_ms=887 derived audio+engine_ms=697; per-drawcall avg us_x10=960) [direct-vesa: presents=100 total_ms=368 avg_ms_x10=36 failed=0] [ablation: NO_DC_TIMING=0 CACHE_WINSURF=0 DIRECT_VESA=1]
[09:10:48] [info] kbd/audio block 0: kbd_irq=0 kbd_drain=0 ring_chunks=16 pump_pass=1290 pic1_mask=0xb8 first_irq_ticks=0 install_ticks=0 vector_at_install=0x0083e450 pic1_mask_live=0xb8 kbd_8042_stat=0x34 bios_kbd_head=0x0038 bios_kbd_tail=0x0038 bios_kbd_buf0=0x0e08
[09:10:48] [info] dirty-rect block @flip=500: total_calls=0 dirty_rects_avg=1 dirty_pct_x10=1000 forced_full=0 first_n_force=0 threshold_exceeded=0 dirty_path_taken=0 full_flush_taken=0
[09:10:48] [info] prev-frame-diff block @flip=500: diff_calls=0 diff_rects_avg=0 diff_dirty_pct_x10=0 bbox_pct_x10=0 bbox_thresh_exceeded=0
[09:10:48] [info] tas: stall frame 164 ms -> contributing 1 tick (patch 0286)
[09:10:49] [error] Pixtone::play: sound slot 24 not rendered
[09:10:49] [info] flip-probe: flip #510 ok=true present=3ms inter_flip_ms=88 drawcalls-since-flip=116 drawcalls-total=45620 fail-total=0 null-skips-total=0
[09:10:49] [error] Pixtone::play: sound slot 24 not rendered
[09:10:49] [error] Pixtone::play: sound slot 24 not rendered
[09:10:49] [error] Pixtone::play: sound slot 24 not rendered
[09:10:50] [error] Pixtone::play: sound slot 24 not rendered
[09:10:50] [info] flip-probe: flip #520 ok=true present=4ms inter_flip_ms=79 drawcalls-since-flip=105 drawcalls-total=46730 fail-total=0 null-skips-total=0
[09:10:50] [error] Pixtone::play: sound slot 24 not rendered
[09:10:50] [error] Pixtone::play: sound slot 24 not rendered
[09:10:50] [error] Pixtone::play: sound slot 24 not rendered
[09:10:50] [error] Pixtone::play: sound slot 15 not rendered
[09:10:50] [info] flip-probe: flip #530 ok=true present=4ms inter_flip_ms=76 drawcalls-since-flip=116 drawcalls-total=47907 fail-total=0 null-skips-total=0
[09:10:51] [error] Pixtone::play: sound slot 23 not rendered
[09:10:51] [error] Pixtone::play: sound slot 24 not rendered
[09:10:51] [error] Pixtone::play: sound slot 24 not rendered
[09:10:51] [info] flip-probe: flip #540 ok=true present=4ms inter_flip_ms=87 drawcalls-since-flip=121 drawcalls-total=49095 fail-total=0 null-skips-total=0
[09:10:51] [info] backdrop cache: thrashing-detect engaged (streak=64, route=direct)
[09:10:51] [error] Pixtone::play: sound slot 24 not rendered
[09:10:52] [error] Pixtone::play: sound slot 24 not rendered
[09:10:52] [error] Pixtone::play: sound slot 24 not rendered
[09:10:52] [error] Pixtone::play: sound slot 24 not rendered
[09:10:52] [info] flip-probe: flip #550 ok=true present=4ms inter_flip_ms=85 drawcalls-since-flip=240 drawcalls-total=50398 fail-total=0 null-skips-total=0
[09:10:53] [info]  >> Entering stage 11: 'Mimiga Village'.
[09:10:53] [info] [skip-sheet-flush] cave=5
[09:10:53] [info] [load-stage] preloading entry music song=9 (cave=5)
[09:10:53] [info] [music-dispatch] tick=1524 song=9 (prev 13)
[09:10:53] [info] gameloop: entered (curmap=11, running=1)
[09:10:53] [info] gameloop: iter 1 ticks=50735 mapno=-1
[09:10:53] [info] mds-clear-lut: rebuilt N=240 entries (k_skip=0% k_keep=100%; curmap=11 map_size=60x60; rebuild #3 since boot)
[09:10:54] [info] gameloop: iter 2 ticks=50855 mapno=-1
[09:10:54] [info] gameloop: iter 3 ticks=50963 mapno=-1
[09:10:54] [info] flip-probe: flip #560 ok=true present=4ms inter_flip_ms=107 drawcalls-since-flip=315 drawcalls-total=53773 fail-total=0 null-skips-total=0
[09:10:54] [info] backdrop cache: thrashing-detect engaged (streak=4, route=direct)
[09:10:54] [error] Pixtone::play: sound slot 24 not rendered
[09:10:55] [info] flip-probe: flip #570 ok=true present=4ms inter_flip_ms=56 drawcalls-since-flip=40 drawcalls-total=54548 fail-total=0 null-skips-total=0
[09:10:55] [error] Pixtone::play: sound slot 24 not rendered
[09:10:55] [error] Pixtone::play: sound slot 24 not rendered
[09:10:55] [error] Pixtone::play: sound slot 24 not rendered
[09:10:55] [info] flip-probe: flip #580 ok=true present=3ms inter_flip_ms=54 drawcalls-since-flip=40 drawcalls-total=54948 fail-total=0 null-skips-total=0
[09:10:55] [error] Pixtone::play: sound slot 24 not rendered
[09:10:55] [error] Pixtone::play: sound slot 24 not rendered
[09:10:55] [error] Pixtone::play: sound slot 15 not rendered
[09:10:56] [info] flip-probe: flip #590 ok=true present=4ms inter_flip_ms=57 drawcalls-since-flip=40 drawcalls-total=55348 fail-total=0 null-skips-total=0
[09:10:56] [error] Pixtone::play: sound slot 3 not rendered
[09:10:56] [info] flip-probe: flip #600 ok=true present=4ms inter_flip_ms=57 drawcalls-since-flip=40 drawcalls-total=55754 fail-total=0 null-skips-total=0
[09:10:56] [info] alpha audit block 0: 10581 total drawcalls, 0 with alpha<255 (block pct_x10=0; global 0/50966 pct_x10=0); alpha-mod skipped: block=0 global=0
[09:10:56] [info] fastpath audit block 0: taken=10581 (idx8=10581) skipped=0 pct_x10=1000; global taken=50966 (idx8=50966) skipped=0 pct_x10=1000
[09:10:56] [info] primitive tally block 0: clear=201(hr=201) fill=0(hr=0) rect=0(hr=0) line=0(hr=0) tint=0 spotlight=0 (over 100 flips ending at flip 600)
[09:10:56] [info] color/alpha audit block 0: cmod_white=572 cmod_black=572 (idx=572) cmod_general=0 (idx=0) cmod_fb=0; alpha_taken=0 alpha_skipped=0 (global cmod=5198/3692/693/0 idx=3692/693 alpha=0/0)
[09:10:56] [info] phase timing block 0: drawcalls=11931 dc_total_ms=1380 flip_inner_total_ms=500 inter_flip_total_ms=8396 (per-flip avg x10: dc_ms=138 fi_ms=50 if_ms=839 derived audio+engine_ms=651; per-drawcall avg us_x10=1156) [direct-vesa: presents=100 total_ms=368 avg_ms_x10=36 failed=0] [ablation: NO_DC_TIMING=0 CACHE_WINSURF=0 DIRECT_VESA=1]
[09:10:56] [info] kbd/audio block 0: kbd_irq=0 kbd_drain=0 ring_chunks=16 pump_pass=1666 pic1_mask=0xb8 first_irq_ticks=0 install_ticks=0 vector_at_install=0x0083e450 pic1_mask_live=0xb8 kbd_8042_stat=0x34 bios_kbd_head=0x0038 bios_kbd_tail=0x0038 bios_kbd_buf0=0x0e08
[09:10:56] [info] dirty-rect block @flip=600: total_calls=0 dirty_rects_avg=1 dirty_pct_x10=1000 forced_full=0 first_n_force=0 threshold_exceeded=0 dirty_path_taken=0 full_flush_taken=0
[09:10:56] [info] prev-frame-diff block @flip=600: diff_calls=0 diff_rects_avg=0 diff_dirty_pct_x10=0 bbox_pct_x10=0 bbox_thresh_exceeded=0
[09:10:56] [info] tas: stall frame 151 ms -> contributing 1 tick (patch 0286)
[09:10:56] [error] Pixtone::play: sound slot 23 not rendered
[09:10:57] [error] Pixtone::play: sound slot 24 not rendered
[09:10:57] [error] Pixtone::play: sound slot 24 not rendered
[09:10:57] [info] flip-probe: flip #610 ok=true present=4ms inter_flip_ms=57 drawcalls-since-flip=41 drawcalls-total=56158 fail-total=0 null-skips-total=0
[09:10:57] [error] Pixtone::play: sound slot 23 not rendered
[09:10:57] [error] Pixtone::play: sound slot 24 not rendered
[09:10:57] [error] Pixtone::play: sound slot 24 not rendered
[09:10:58] [error] Pixtone::play: sound slot 15 not rendered
[09:10:58] [info] flip-probe: flip #620 ok=true present=4ms inter_flip_ms=62 drawcalls-since-flip=42 drawcalls-total=56569 fail-total=0 null-skips-total=0
[09:10:58] [info] backdrop cache: thrashing-detect engaged (streak=64, route=direct)
[09:10:58] [info] flip-probe: flip #630 ok=true present=4ms inter_flip_ms=54 drawcalls-since-flip=41 drawcalls-total=56981 fail-total=0 null-skips-total=0
[09:10:59] [info] flip-probe: flip #640 ok=true present=4ms inter_flip_ms=57 drawcalls-since-flip=44 drawcalls-total=57394 fail-total=0 null-skips-total=0
[09:10:59] [error] Pixtone::play: sound slot 23 not rendered
[09:10:59] [error] Pixtone::play: sound slot 24 not rendered
[09:10:59] [info] run_tick_fixed #1800: heartbeat (loop alive)
[09:10:59] [error] Pixtone::play: sound slot 24 not rendered
[09:10:59] [info] flip-probe: flip #650 ok=true present=4ms inter_flip_ms=64 drawcalls-since-flip=44 drawcalls-total=57834 fail-total=0 null-skips-total=0
[09:10:59] [error] Pixtone::play: sound slot 15 not rendered
[09:11:00] [info] flip-probe: flip #660 ok=true present=4ms inter_flip_ms=55 drawcalls-since-flip=44 drawcalls-total=58274 fail-total=0 null-skips-total=0
[09:11:00] [info] flip-probe: flip #670 ok=true present=4ms inter_flip_ms=54 drawcalls-since-flip=43 drawcalls-total=58707 fail-total=0 null-skips-total=0
[09:11:01] [info] flip-probe: flip #680 ok=true present=3ms inter_flip_ms=49 drawcalls-since-flip=17 drawcalls-total=59030 fail-total=0 null-skips-total=0
[09:11:01] [error] Pixtone::play: sound slot 15 not rendered
[09:11:01] [info] backdrop cache: thrashing-detect engaged (streak=124, route=direct)
[09:11:02] [info] flip-probe: flip #690 ok=true present=4ms inter_flip_ms=51 drawcalls-since-flip=16 drawcalls-total=59190 fail-total=0 null-skips-total=0
[09:11:02] [info] flip-probe: flip #700 ok=true present=4ms inter_flip_ms=51 drawcalls-since-flip=16 drawcalls-total=59350 fail-total=0 null-skips-total=0
[09:11:02] [info] alpha audit block 0: 2508 total drawcalls, 0 with alpha<255 (block pct_x10=0; global 0/53474 pct_x10=0); alpha-mod skipped: block=0 global=0
[09:11:02] [info] fastpath audit block 0: taken=2508 (idx8=2508) skipped=0 pct_x10=1000; global taken=53474 (idx8=53474) skipped=0 pct_x10=1000
[09:11:02] [info] primitive tally block 0: clear=200(hr=200) fill=0(hr=0) rect=0(hr=0) line=0(hr=0) tint=0 spotlight=0 (over 100 flips ending at flip 700)
[09:11:02] [info] color/alpha audit block 0: cmod_white=988 cmod_black=988 (idx=988) cmod_general=0 (idx=0) cmod_fb=0; alpha_taken=0 alpha_skipped=0 (global cmod=6186/4680/693/0 idx=4680/693 alpha=0/0)
[09:11:02] [info] phase timing block 0: drawcalls=4684 dc_total_ms=927 flip_inner_total_ms=504 inter_flip_total_ms=5750 (per-flip avg x10: dc_ms=92 fi_ms=50 if_ms=575 derived audio+engine_ms=433; per-drawcall avg us_x10=1979) [direct-vesa: presents=100 total_ms=368 avg_ms_x10=36 failed=0] [ablation: NO_DC_TIMING=0 CACHE_WINSURF=0 DIRECT_VESA=1]
[09:11:02] [info] kbd/audio block 0: kbd_irq=0 kbd_drain=0 ring_chunks=16 pump_pass=1947 pic1_mask=0xb8 first_irq_ticks=0 install_ticks=0 vector_at_install=0x0083e450 pic1_mask_live=0xb8 kbd_8042_stat=0x34 bios_kbd_head=0x0038 bios_kbd_tail=0x0038 bios_kbd_buf0=0x0e08
[09:11:02] [info] dirty-rect block @flip=700: total_calls=0 dirty_rects_avg=1 dirty_pct_x10=1000 forced_full=0 first_n_force=0 threshold_exceeded=0 dirty_path_taken=0 full_flush_taken=0
[09:11:02] [info] prev-frame-diff block @flip=700: diff_calls=0 diff_rects_avg=0 diff_dirty_pct_x10=0 bbox_pct_x10=0 bbox_thresh_exceeded=0
[09:11:03] [error] Pixtone::play: sound slot 56 not rendered
[09:11:03] [error] Pixtone::play: sound slot 24 not rendered
[09:11:03] [info] flip-probe: flip #710 ok=true present=4ms inter_flip_ms=55 drawcalls-since-flip=27 drawcalls-total=59543 fail-total=0 null-skips-total=0
[09:11:03] [error] Pixtone::play: sound slot 24 not rendered
[09:11:03] [error] Pixtone::play: sound slot 24 not rendered
[09:11:03] [error] Pixtone::play: sound slot 15 not rendered
[09:11:03] [info] flip-probe: flip #720 ok=true present=4ms inter_flip_ms=51 drawcalls-since-flip=20 drawcalls-total=59752 fail-total=0 null-skips-total=0
[09:11:04] [error] Pixtone::play: sound slot 24 not rendered
[09:11:04] [info] flip-probe: flip #730 ok=true present=4ms inter_flip_ms=51 drawcalls-since-flip=20 drawcalls-total=59943 fail-total=0 null-skips-total=0
[09:11:04] [error] Pixtone::play: sound slot 24 not rendered
[09:11:04] [error] Pixtone::play: sound slot 24 not rendered
[09:11:05] [info] flip-probe: flip #740 ok=true present=4ms inter_flip_ms=94 drawcalls-since-flip=306 drawcalls-total=61933 fail-total=0 null-skips-total=0
[09:11:05] [info]  >> Entering stage 15: 'Reservoir'.
[09:11:05] [info] [skip-sheet-flush] cave=6
[09:11:05] [info] [load-stage] preloading entry music song=9 (cave=6)
[09:11:05] [info] gameloop: entered (curmap=15, running=1)
[09:11:05] [info] gameloop: iter 1 ticks=62525 mapno=-1
[09:11:05] [info] mds-clear-lut: rebuilt N=240 entries (k_skip=13% k_keep=87%; curmap=15 map_size=40x20; rebuild #4 since boot)
[09:11:05] [info] gameloop: iter 2 ticks=62637 mapno=-1
[09:11:05] [info] gameloop: iter 3 ticks=62739 mapno=-1
[09:11:06] [info] flip-probe: flip #750 ok=true present=4ms inter_flip_ms=49 drawcalls-since-flip=36 drawcalls-total=63943 fail-total=0 null-skips-total=0
[09:11:06] [error] Pixtone::play: sound slot 24 not rendered
[09:11:06] [error] Pixtone::play: sound slot 24 not rendered
[09:11:06] [info] flip-probe: flip #760 ok=true present=4ms inter_flip_ms=47 drawcalls-since-flip=31 drawcalls-total=64253 fail-total=0 null-skips-total=0
[09:11:07] [error] Pixtone::play: sound slot 24 not rendered
[09:11:07] [error] Pixtone::play: sound slot 24 not rendered
[09:11:07] [error] Pixtone::play: sound slot 15 not rendered
[09:11:07] [info] flip-probe: flip #770 ok=true present=4ms inter_flip_ms=51 drawcalls-since-flip=31 drawcalls-total=64563 fail-total=0 null-skips-total=0
[09:11:07] [error] Pixtone::play: sound slot 32 not rendered
[09:11:07] [info] backdrop cache: thrashing-detect engaged (streak=4, route=direct)
[09:11:07] [error] Pixtone::play: sound slot 28 not rendered
[09:11:07] [error] Pixtone::play: sound slot 32 not rendered
[09:11:08] [error] Pixtone::play: sound slot 32 not rendered
[09:11:08] [info] flip-probe: flip #780 ok=true present=4ms inter_flip_ms=57 drawcalls-since-flip=35 drawcalls-total=64893 fail-total=0 null-skips-total=0
[09:11:08] [error] Pixtone::play: sound slot 24 not rendered
[09:11:08] [info] flip-probe: flip #790 ok=true present=4ms inter_flip_ms=52 drawcalls-since-flip=31 drawcalls-total=65215 fail-total=0 null-skips-total=0
[09:11:08] [error] Pixtone::play: sound slot 24 not rendered
[09:11:08] [error] Pixtone::play: sound slot 24 not rendered
[09:11:09] [error] Pixtone::play: sound slot 24 not rendered
[09:11:09] [error] Pixtone::play: sound slot 15 not rendered
[09:11:09] [info] flip-probe: flip #800 ok=true present=4ms inter_flip_ms=58 drawcalls-since-flip=31 drawcalls-total=65525 fail-total=0 null-skips-total=0
[09:11:09] [info] alpha audit block 0: 5544 total drawcalls, 0 with alpha<255 (block pct_x10=0; global 0/59018 pct_x10=0); alpha-mod skipped: block=0 global=0
[09:11:09] [info] fastpath audit block 0: taken=5544 (idx8=5544) skipped=0 pct_x10=1000; global taken=59018 (idx8=59018) skipped=0 pct_x10=1000
[09:11:09] [info] primitive tally block 0: clear=201(hr=201) fill=0(hr=0) rect=0(hr=0) line=0(hr=0) tint=0 spotlight=0 (over 100 flips ending at flip 800)
[09:11:09] [info] color/alpha audit block 0: cmod_white=531 cmod_black=531 (idx=531) cmod_general=0 (idx=0) cmod_fb=0; alpha_taken=0 alpha_skipped=0 (global cmod=6717/5211/693/0 idx=5211/693 alpha=0/0)
[09:11:09] [info] phase timing block 0: drawcalls=6839 dc_total_ms=1346 flip_inner_total_ms=496 inter_flip_total_ms=6587 (per-flip avg x10: dc_ms=134 fi_ms=49 if_ms=658 derived audio+engine_ms=475; per-drawcall avg us_x10=1968) [direct-vesa: presents=100 total_ms=369 avg_ms_x10=36 failed=0] [ablation: NO_DC_TIMING=0 CACHE_WINSURF=0 DIRECT_VESA=1]
[09:11:09] [info] kbd/audio block 0: kbd_irq=0 kbd_drain=0 ring_chunks=16 pump_pass=2241 pic1_mask=0xb8 first_irq_ticks=0 install_ticks=0 vector_at_install=0x0083e450 pic1_mask_live=0xb8 kbd_8042_stat=0x34 bios_kbd_head=0x0038 bios_kbd_tail=0x0038 bios_kbd_buf0=0x0e08
[09:11:09] [info] dirty-rect block @flip=800: total_calls=0 dirty_rects_avg=1 dirty_pct_x10=1000 forced_full=0 first_n_force=0 threshold_exceeded=0 dirty_path_taken=0 full_flush_taken=0
[09:11:09] [info] prev-frame-diff block @flip=800: diff_calls=0 diff_rects_avg=0 diff_dirty_pct_x10=0 bbox_pct_x10=0 bbox_thresh_exceeded=0
[09:11:09] [info] tas: stall frame 258 ms -> contributing 1 tick (patch 0286)
[09:11:09] [info] flip-probe: flip #810 ok=true present=4ms inter_flip_ms=58 drawcalls-since-flip=32 drawcalls-total=65837 fail-total=0 null-skips-total=0
[09:11:10] [info] flip-probe: flip #820 ok=true present=4ms inter_flip_ms=51 drawcalls-since-flip=34 drawcalls-total=66167 fail-total=0 null-skips-total=0
[09:11:10] [error] Pixtone::play: sound slot 24 not rendered
[09:11:10] [error] Pixtone::play: sound slot 24 not rendered
[09:11:10] [info] flip-probe: flip #830 ok=true present=4ms inter_flip_ms=51 drawcalls-since-flip=37 drawcalls-total=66530 fail-total=0 null-skips-total=0
[09:11:11] [info] backdrop cache: thrashing-detect engaged (streak=64, route=direct)
[09:11:11] [error] Pixtone::play: sound slot 24 not rendered
[09:11:11] [info] flip-probe: flip #840 ok=true present=4ms inter_flip_ms=50 drawcalls-since-flip=34 drawcalls-total=66891 fail-total=0 null-skips-total=0
[09:11:11] [error] Pixtone::play: sound slot 24 not rendered
[09:11:12] [info] flip-probe: flip #850 ok=true present=4ms inter_flip_ms=50 drawcalls-since-flip=33 drawcalls-total=67229 fail-total=0 null-skips-total=0
[09:11:12] [info] flip-probe: flip #860 ok=true present=4ms inter_flip_ms=50 drawcalls-since-flip=34 drawcalls-total=67569 fail-total=0 null-skips-total=0
[09:11:12] [info] run_tick_fixed #2400: heartbeat (loop alive)
[09:11:13] [info] flip-probe: flip #870 ok=true present=4ms inter_flip_ms=46 drawcalls-since-flip=16 drawcalls-total=67753 fail-total=0 null-skips-total=0
[09:11:13] [info] flip-probe: flip #880 ok=true present=4ms inter_flip_ms=50 drawcalls-since-flip=16 drawcalls-total=67917 fail-total=0 null-skips-total=0
[09:11:13] [info] backdrop cache: thrashing-detect engaged (streak=4, route=direct)
[09:11:14] [info] flip-probe: flip #890 ok=true present=4ms inter_flip_ms=47 drawcalls-since-flip=14 drawcalls-total=68059 fail-total=0 null-skips-total=0
[09:11:14] [info] flip-probe: flip #900 ok=true present=4ms inter_flip_ms=49 drawcalls-since-flip=13 drawcalls-total=68194 fail-total=0 null-skips-total=0
[09:11:14] [info] alpha audit block 0: 2020 total drawcalls, 0 with alpha<255 (block pct_x10=0; global 0/61038 pct_x10=0); alpha-mod skipped: block=0 global=0
[09:11:14] [info] fastpath audit block 0: taken=2020 (idx8=2020) skipped=0 pct_x10=1000; global taken=61038 (idx8=61038) skipped=0 pct_x10=1000
[09:11:14] [info] primitive tally block 0: clear=200(hr=200) fill=0(hr=0) rect=0(hr=0) line=0(hr=0) tint=0 spotlight=0 (over 100 flips ending at flip 900)
[09:11:14] [info] color/alpha audit block 0: cmod_white=549 cmod_black=549 (idx=549) cmod_general=0 (idx=0) cmod_fb=0; alpha_taken=0 alpha_skipped=0 (global cmod=7266/5760/693/0 idx=5760/693 alpha=0/0)
[09:11:14] [info] phase timing block 0: drawcalls=3322 dc_total_ms=794 flip_inner_total_ms=501 inter_flip_total_ms=5412 (per-flip avg x10: dc_ms=79 fi_ms=50 if_ms=541 derived audio+engine_ms=412; per-drawcall avg us_x10=2391) [direct-vesa: presents=100 total_ms=368 avg_ms_x10=36 failed=0] [ablation: NO_DC_TIMING=0 CACHE_WINSURF=0 DIRECT_VESA=1]
[09:11:14] [info] kbd/audio block 0: kbd_irq=0 kbd_drain=0 ring_chunks=16 pump_pass=2500 pic1_mask=0xb8 first_irq_ticks=0 install_ticks=0 vector_at_install=0x0083e450 pic1_mask_live=0xb8 kbd_8042_stat=0x34 bios_kbd_head=0x0038 bios_kbd_tail=0x0038 bios_kbd_buf0=0x0e08
[09:11:14] [info] dirty-rect block @flip=900: total_calls=0 dirty_rects_avg=1 dirty_pct_x10=1000 forced_full=0 first_n_force=0 threshold_exceeded=0 dirty_path_taken=0 full_flush_taken=0
[09:11:14] [info] prev-frame-diff block @flip=900: diff_calls=0 diff_rects_avg=0 diff_dirty_pct_x10=0 bbox_pct_x10=0 bbox_thresh_exceeded=0
[09:11:14] [error] Pixtone::play: sound slot 24 not rendered
[09:11:14] [error] Pixtone::play: sound slot 15 not rendered
[09:11:15] [info] flip-probe: flip #910 ok=true present=4ms inter_flip_ms=47 drawcalls-since-flip=13 drawcalls-total=68324 fail-total=0 null-skips-total=0
[09:11:15] [info] flip-probe: flip #920 ok=true present=4ms inter_flip_ms=45 drawcalls-since-flip=13 drawcalls-total=68454 fail-total=0 null-skips-total=0
[09:11:16] [info] flip-probe: flip #930 ok=true present=4ms inter_flip_ms=47 drawcalls-since-flip=13 drawcalls-total=68584 fail-total=0 null-skips-total=0
[09:11:16] [error] Pixtone::play: sound slot 23 not rendered
[09:11:16] [error] Pixtone::play: sound slot 24 not rendered
[09:11:16] [error] Pixtone::play: sound slot 24 not rendered
[09:11:16] [error] Pixtone::play: sound slot 15 not rendered
[09:11:16] [info] flip-probe: flip #940 ok=true present=4ms inter_flip_ms=47 drawcalls-since-flip=13 drawcalls-total=68714 fail-total=0 null-skips-total=0
[09:11:16] [info] backdrop cache: thrashing-detect engaged (streak=64, route=direct)
[09:11:17] [info] flip-probe: flip #950 ok=true present=4ms inter_flip_ms=45 drawcalls-since-flip=13 drawcalls-total=68844 fail-total=0 null-skips-total=0
[09:11:17] [error] Pixtone::play: sound slot 23 not rendered
[09:11:17] [error] Pixtone::play: sound slot 24 not rendered
[09:11:17] [info] flip-probe: flip #960 ok=true present=4ms inter_flip_ms=47 drawcalls-since-flip=13 drawcalls-total=68974 fail-total=0 null-skips-total=0
[09:11:17] [error] Pixtone::play: sound slot 23 not rendered
[09:11:17] [error] Pixtone::play: sound slot 24 not rendered
[09:11:17] [error] Pixtone::play: sound slot 24 not rendered
[09:11:18] [info] flip-probe: flip #970 ok=true present=4ms inter_flip_ms=47 drawcalls-since-flip=13 drawcalls-total=69104 fail-total=0 null-skips-total=0
[09:11:18] [error] Pixtone::play: sound slot 24 not rendered
[09:11:18] [error] Pixtone::play: sound slot 24 not rendered
[09:11:18] [error] Pixtone::play: sound slot 24 not rendered
[09:11:18] [info] flip-probe: flip #980 ok=true present=4ms inter_flip_ms=53 drawcalls-since-flip=13 drawcalls-total=69234 fail-total=0 null-skips-total=0
[09:11:19] [info] flip-probe: flip #990 ok=true present=4ms inter_flip_ms=90 drawcalls-since-flip=318 drawcalls-total=71324 fail-total=0 null-skips-total=0
[09:11:19] [info]  >> Entering stage 11: 'Mimiga Village'.
[09:11:19] [info] [skip-sheet-flush] cave=7
[09:11:19] [info] [load-stage] preloading entry music song=9 (cave=7)
[09:11:19] [info] gameloop: entered (curmap=11, running=1)
[09:11:19] [info] gameloop: iter 1 ticks=76784 mapno=-1
[09:11:20] [info] mds-clear-lut: rebuilt N=240 entries (k_skip=0% k_keep=100%; curmap=11 map_size=60x60; rebuild #5 since boot)
[09:11:20] [info] gameloop: iter 2 ticks=76900 mapno=-1
[09:11:20] [info] gameloop: iter 3 ticks=77008 mapno=-1
[09:11:20] [info] flip-probe: flip #1000 ok=true present=4ms inter_flip_ms=88 drawcalls-since-flip=42 drawcalls-total=73230 fail-total=0 null-skips-total=0
[09:11:20] [info] alpha audit block 0: 4819 total drawcalls, 0 with alpha<255 (block pct_x10=0; global 0/65857 pct_x10=0); alpha-mod skipped: block=0 global=0
[09:11:20] [info] fastpath audit block 0: taken=4819 (idx8=4819) skipped=0 pct_x10=1000; global taken=65857 (idx8=65857) skipped=0 pct_x10=1000
[09:11:20] [info] primitive tally block 0: clear=201(hr=201) fill=0(hr=0) rect=0(hr=0) line=0(hr=0) tint=0 spotlight=0 (over 100 flips ending at flip 1000)
[09:11:20] [info] color/alpha audit block 0: cmod_white=117 cmod_black=117 (idx=117) cmod_general=0 (idx=0) cmod_fb=0; alpha_taken=0 alpha_skipped=0 (global cmod=7383/5877/693/0 idx=5877/693 alpha=0/0)
[09:11:20] [info] phase timing block 0: drawcalls=5263 dc_total_ms=1062 flip_inner_total_ms=526 inter_flip_total_ms=6255 (per-flip avg x10: dc_ms=106 fi_ms=52 if_ms=625 derived audio+engine_ms=467; per-drawcall avg us_x10=2018) [direct-vesa: presents=100 total_ms=369 avg_ms_x10=36 failed=0] [ablation: NO_DC_TIMING=0 CACHE_WINSURF=0 DIRECT_VESA=1]
[09:11:20] [info] kbd/audio block 0: kbd_irq=0 kbd_drain=0 ring_chunks=16 pump_pass=2775 pic1_mask=0xb8 first_irq_ticks=0 install_ticks=0 vector_at_install=0x0083e450 pic1_mask_live=0xb8 kbd_8042_stat=0x34 bios_kbd_head=0x0038 bios_kbd_tail=0x0038 bios_kbd_buf0=0x0e08
[09:11:20] [info] dirty-rect block @flip=1000: total_calls=0 dirty_rects_avg=1 dirty_pct_x10=1000 forced_full=0 first_n_force=0 threshold_exceeded=0 dirty_path_taken=0 full_flush_taken=0
[09:11:20] [info] prev-frame-diff block @flip=1000: diff_calls=0 diff_rects_avg=0 diff_dirty_pct_x10=0 bbox_pct_x10=0 bbox_thresh_exceeded=0
[09:11:20] [error] Pixtone::play: sound slot 24 not rendered
[09:11:21] [error] Pixtone::play: sound slot 24 not rendered
[09:11:21] [error] Pixtone::play: sound slot 24 not rendered
[09:11:21] [info] flip-probe: flip #1010 ok=true present=4ms inter_flip_ms=55 drawcalls-since-flip=42 drawcalls-total=73650 fail-total=0 null-skips-total=0
[09:11:21] [error] Pixtone::play: sound slot 24 not rendered
[09:11:21] [error] Pixtone::play: sound slot 56 not rendered
[09:11:22] [error] Pixtone::play: sound slot 15 not rendered
[09:11:22] [info] flip-probe: flip #1020 ok=true present=3ms inter_flip_ms=70 drawcalls-since-flip=53 drawcalls-total=74114 fail-total=0 null-skips-total=0
[09:11:22] [info] backdrop cache: thrashing-detect engaged (streak=4, route=direct)
[09:11:22] [error] Pixtone::play: sound slot 24 not rendered
[09:11:22] [info] flip-probe: flip #1030 ok=true present=4ms inter_flip_ms=59 drawcalls-since-flip=45 drawcalls-total=74606 fail-total=0 null-skips-total=0
[09:11:22] [error] Pixtone::play: sound slot 24 not rendered
[09:11:22] [error] Pixtone::play: sound slot 24 not rendered
[09:11:23] [error] Pixtone::play: sound slot 24 not rendered
[09:11:23] [info] flip-probe: flip #1040 ok=true present=4ms inter_flip_ms=58 drawcalls-since-flip=43 drawcalls-total=75067 fail-total=0 null-skips-total=0
[09:11:23] [info] flip-probe: flip #1050 ok=true present=3ms inter_flip_ms=59 drawcalls-since-flip=44 drawcalls-total=75504 fail-total=0 null-skips-total=0
[09:11:24] [error] Pixtone::play: sound slot 24 not rendered
[09:11:24] [info] flip-probe: flip #1060 ok=true present=4ms inter_flip_ms=58 drawcalls-since-flip=45 drawcalls-total=75945 fail-total=0 null-skips-total=0
[09:11:25] [info] flip-probe: flip #1070 ok=true present=4ms inter_flip_ms=57 drawcalls-since-flip=44 drawcalls-total=76386 fail-total=0 null-skips-total=0
[09:11:25] [error] Pixtone::play: sound slot 24 not rendered
[09:11:25] [info] flip-probe: flip #1080 ok=true present=4ms inter_flip_ms=57 drawcalls-since-flip=44 drawcalls-total=76826 fail-total=0 null-skips-total=0
[09:11:25] [error] Pixtone::play: sound slot 24 not rendered
[09:11:25] [error] Pixtone::play: sound slot 24 not rendered
[09:11:25] [info] backdrop cache: thrashing-detect engaged (streak=64, route=direct)
[09:11:26] [info] flip-probe: flip #1090 ok=true present=4ms inter_flip_ms=53 drawcalls-since-flip=44 drawcalls-total=77266 fail-total=0 null-skips-total=0
[09:11:26] [error] Pixtone::play: sound slot 15 not rendered
[09:11:26] [info] flip-probe: flip #1100 ok=true present=4ms inter_flip_ms=56 drawcalls-since-flip=43 drawcalls-total=77700 fail-total=0 null-skips-total=0
[09:11:26] [info] alpha audit block 0: 3070 total drawcalls, 0 with alpha<255 (block pct_x10=0; global 0/68927 pct_x10=0); alpha-mod skipped: block=0 global=0
[09:11:26] [info] fastpath audit block 0: taken=3070 (idx8=3070) skipped=0 pct_x10=1000; global taken=68927 (idx8=68927) skipped=0 pct_x10=1000
[09:11:26] [info] primitive tally block 0: clear=200(hr=200) fill=0(hr=0) rect=0(hr=0) line=0(hr=0) tint=0 spotlight=0 (over 100 flips ending at flip 1100)
[09:11:26] [info] color/alpha audit block 0: cmod_white=1300 cmod_black=1300 (idx=1300) cmod_general=0 (idx=0) cmod_fb=0; alpha_taken=0 alpha_skipped=0 (global cmod=8683/7177/693/0 idx=7177/693 alpha=0/0)
[09:11:26] [info] phase timing block 0: drawcalls=5894 dc_total_ms=1163 flip_inner_total_ms=503 inter_flip_total_ms=6006 (per-flip avg x10: dc_ms=116 fi_ms=50 if_ms=600 derived audio+engine_ms=434; per-drawcall avg us_x10=1973) [direct-vesa: presents=100 total_ms=368 avg_ms_x10=36 failed=0] [ablation: NO_DC_TIMING=0 CACHE_WINSURF=0 DIRECT_VESA=1]
[09:11:26] [info] kbd/audio block 0: kbd_irq=0 kbd_drain=0 ring_chunks=16 pump_pass=3076 pic1_mask=0xb8 first_irq_ticks=0 install_ticks=0 vector_at_install=0x0083e450 pic1_mask_live=0xb8 kbd_8042_stat=0x34 bios_kbd_head=0x0038 bios_kbd_tail=0x0038 bios_kbd_buf0=0x0e08
[09:11:26] [info] dirty-rect block @flip=1100: total_calls=0 dirty_rects_avg=1 dirty_pct_x10=1000 forced_full=0 first_n_force=0 threshold_exceeded=0 dirty_path_taken=0 full_flush_taken=0
[09:11:26] [info] prev-frame-diff block @flip=1100: diff_calls=0 diff_rects_avg=0 diff_dirty_pct_x10=0 bbox_pct_x10=0 bbox_thresh_exceeded=0
[09:11:27] [error] Pixtone::play: sound slot 24 not rendered
[09:11:27] [info] flip-probe: flip #1110 ok=true present=4ms inter_flip_ms=57 drawcalls-since-flip=42 drawcalls-total=78127 fail-total=0 null-skips-total=0
[09:11:27] [error] Pixtone::play: sound slot 15 not rendered
[09:11:27] [info] flip-probe: flip #1120 ok=true present=4ms inter_flip_ms=50 drawcalls-since-flip=17 drawcalls-total=78314 fail-total=0 null-skips-total=0
[09:11:28] [error] Pixtone::play: sound slot 15 not rendered
[09:11:28] [info] flip-probe: flip #1130 ok=true present=4ms inter_flip_ms=60 drawcalls-since-flip=18 drawcalls-total=78489 fail-total=0 null-skips-total=0
[09:11:29] [info] flip-probe: flip #1140 ok=true present=4ms inter_flip_ms=54 drawcalls-since-flip=18 drawcalls-total=78669 fail-total=0 null-skips-total=0
[09:11:29] [info] backdrop cache: thrashing-detect engaged (streak=124, route=direct)
[09:11:29] [error] Pixtone::play: sound slot 15 not rendered
[09:11:29] [info] flip-probe: flip #1150 ok=true present=4ms inter_flip_ms=57 drawcalls-since-flip=17 drawcalls-total=78844 fail-total=0 null-skips-total=0
[09:11:30] [info] flip-probe: flip #1160 ok=true present=4ms inter_flip_ms=51 drawcalls-since-flip=16 drawcalls-total=79008 fail-total=0 null-skips-total=0
[09:11:30] [error] Pixtone::play: sound slot 15 not rendered
[09:11:30] [info] flip-probe: flip #1170 ok=true present=3ms inter_flip_ms=51 drawcalls-since-flip=17 drawcalls-total=79178 fail-total=0 null-skips-total=0
[09:11:31] [info] flip-probe: flip #1180 ok=true present=4ms inter_flip_ms=54 drawcalls-since-flip=18 drawcalls-total=79357 fail-total=0 null-skips-total=0
[09:11:31] [error] Pixtone::play: sound slot 15 not rendered
[09:11:31] [info] flip-probe: flip #1190 ok=true present=4ms inter_flip_ms=51 drawcalls-since-flip=18 drawcalls-total=79537 fail-total=0 null-skips-total=0
[09:11:32] [info] flip-probe: flip #1200 ok=true present=4ms inter_flip_ms=54 drawcalls-since-flip=20 drawcalls-total=79724 fail-total=0 null-skips-total=0
[09:11:32] [info] alpha audit block 0: 1781 total drawcalls, 0 with alpha<255 (block pct_x10=0; global 0/70708 pct_x10=0); alpha-mod skipped: block=0 global=0
[09:11:32] [info] fastpath audit block 0: taken=1781 (idx8=1781) skipped=0 pct_x10=1000; global taken=70708 (idx8=70708) skipped=0 pct_x10=1000
[09:11:32] [info] primitive tally block 0: clear=200(hr=200) fill=0(hr=0) rect=0(hr=0) line=0(hr=0) tint=0 spotlight=0 (over 100 flips ending at flip 1200)
[09:11:32] [info] color/alpha audit block 0: cmod_white=143 cmod_black=143 (idx=143) cmod_general=0 (idx=0) cmod_fb=0; alpha_taken=0 alpha_skipped=0 (global cmod=8826/7320/693/0 idx=7320/693 alpha=0/0)
[09:11:32] [info] phase timing block 0: drawcalls=2267 dc_total_ms=724 flip_inner_total_ms=500 inter_flip_total_ms=5418 (per-flip avg x10: dc_ms=72 fi_ms=50 if_ms=541 derived audio+engine_ms=419; per-drawcall avg us_x10=3195) [direct-vesa: presents=100 total_ms=369 avg_ms_x10=36 failed=0] [ablation: NO_DC_TIMING=0 CACHE_WINSURF=0 DIRECT_VESA=1]
[09:11:32] [info] kbd/audio block 0: kbd_irq=0 kbd_drain=0 ring_chunks=16 pump_pass=3347 pic1_mask=0xb8 first_irq_ticks=0 install_ticks=0 vector_at_install=0x0083e450 pic1_mask_live=0xb8 kbd_8042_stat=0x34 bios_kbd_head=0x0038 bios_kbd_tail=0x0038 bios_kbd_buf0=0x0e08
[09:11:32] [info] dirty-rect block @flip=1200: total_calls=0 dirty_rects_avg=1 dirty_pct_x10=1000 forced_full=0 first_n_force=0 threshold_exceeded=0 dirty_path_taken=0 full_flush_taken=0
[09:11:32] [info] prev-frame-diff block @flip=1200: diff_calls=0 diff_rects_avg=0 diff_dirty_pct_x10=0 bbox_pct_x10=0 bbox_thresh_exceeded=0
[09:11:32] [info] backdrop cache: thrashing-detect engaged (streak=184, route=direct)
[09:11:32] [error] Pixtone::play: sound slot 15 not rendered
[09:11:32] [info] flip-probe: flip #1210 ok=true present=4ms inter_flip_ms=51 drawcalls-since-flip=20 drawcalls-total=79924 fail-total=0 null-skips-total=0
[09:11:33] [info] flip-probe: flip #1220 ok=true present=4ms inter_flip_ms=50 drawcalls-since-flip=16 drawcalls-total=80109 fail-total=0 null-skips-total=0
[09:11:33] [error] Pixtone::play: sound slot 24 not rendered
[09:11:33] [error] Pixtone::play: sound slot 24 not rendered
[09:11:33] [info] flip-probe: flip #1230 ok=true present=4ms inter_flip_ms=51 drawcalls-since-flip=16 drawcalls-total=80269 fail-total=0 null-skips-total=0
[09:11:33] [error] Pixtone::play: sound slot 24 not rendered
[09:11:34] [error] Pixtone::play: sound slot 24 not rendered
[09:11:34] [error] Pixtone::play: sound slot 24 not rendered
[09:11:34] [info] flip-probe: flip #1240 ok=true present=4ms inter_flip_ms=54 drawcalls-since-flip=17 drawcalls-total=80433 fail-total=0 null-skips-total=0
[09:11:34] [error] Pixtone::play: sound slot 24 not rendered
[09:11:34] [error] Pixtone::play: sound slot 15 not rendered
[09:11:35] [info] flip-probe: flip #1250 ok=true present=4ms inter_flip_ms=51 drawcalls-since-flip=16 drawcalls-total=80601 fail-total=0 null-skips-total=0
[09:11:35] [info] flip-probe: flip #1260 ok=true present=3ms inter_flip_ms=51 drawcalls-since-flip=15 drawcalls-total=80756 fail-total=0 null-skips-total=0
[09:11:35] [info] backdrop cache: thrashing-detect engaged (streak=244, route=direct)
[09:11:35] [error] Pixtone::play: sound slot 23 not rendered
[09:11:36] [error] Pixtone::play: sound slot 24 not rendered
[09:11:36] [error] Pixtone::play: sound slot 32 not rendered
[09:11:36] [info] flip-probe: flip #1270 ok=true present=4ms inter_flip_ms=62 drawcalls-since-flip=18 drawcalls-total=80916 fail-total=0 null-skips-total=0
[09:11:36] [error] Pixtone::play: sound slot 24 not rendered
[09:11:36] [error] Pixtone::play: sound slot 32 not rendered
[09:11:36] [error] Pixtone::play: sound slot 24 not rendered
[09:11:36] [error] Pixtone::play: sound slot 32 not rendered
[09:11:36] [error] Pixtone::play: sound slot 32 not rendered
[09:11:36] [error] Pixtone::play: sound slot 24 not rendered
[09:11:36] [info] flip-probe: flip #1280 ok=true present=4ms inter_flip_ms=55 drawcalls-since-flip=19 drawcalls-total=81104 fail-total=0 null-skips-total=0
[09:11:36] [error] Pixtone::play: sound slot 24 not rendered
[09:11:37] [error] Pixtone::play: sound slot 24 not rendered
[09:11:37] [error] Pixtone::play: sound slot 24 not rendered
[09:11:37] [error] Pixtone::play: sound slot 11 not rendered
[09:11:37] [info] flip-probe: flip #1290 ok=true present=4ms inter_flip_ms=64 drawcalls-since-flip=67 drawcalls-total=81329 fail-total=0 null-skips-total=0
[09:11:37] [info]  >> Entering stage 19: 'Assembly Hall'.
[09:11:37] [info] [skip-sheet-flush] cave=8
[09:11:38] [info] [load-stage] preloading entry music song=9 (cave=8)
[09:11:38] [info] gameloop: entered (curmap=19, running=1)
[09:11:38] [info] gameloop: iter 1 ticks=95669 mapno=-1
[09:11:38] [info] mds-clear-lut: rebuilt N=240 entries (k_skip=100% k_keep=0%; curmap=19 map_size=21x16; rebuild #6 since boot)
[09:11:39] [info] gameloop: iter 2 ticks=95795 mapno=-1
[09:11:39] [info] gameloop: iter 3 ticks=95905 mapno=-1
[09:11:39] [info] flip-probe: flip #1300 ok=true present=4ms inter_flip_ms=109 drawcalls-since-flip=463 drawcalls-total=84639 fail-total=0 null-skips-total=0
[09:11:39] [info] alpha audit block 0: 4779 total drawcalls, 0 with alpha<255 (block pct_x10=0; global 0/75487 pct_x10=0); alpha-mod skipped: block=0 global=0
[09:11:39] [info] fastpath audit block 0: taken=4779 (idx8=4779) skipped=0 pct_x10=1000; global taken=75487 (idx8=75487) skipped=0 pct_x10=1000
[09:11:39] [info] primitive tally block 0: clear=201(hr=201) fill=0(hr=0) rect=0(hr=0) line=0(hr=0) tint=0 spotlight=0 (over 100 flips ending at flip 1300)
[09:11:39] [info] color/alpha audit block 0: cmod_white=36 cmod_black=36 (idx=36) cmod_general=0 (idx=0) cmod_fb=0; alpha_taken=0 alpha_skipped=0 (global cmod=8862/7356/693/0 idx=7356/693 alpha=0/0)
[09:11:39] [info] phase timing block 0: drawcalls=5055 dc_total_ms=1018 flip_inner_total_ms=496 inter_flip_total_ms=6998 (per-flip avg x10: dc_ms=101 fi_ms=49 if_ms=699 derived audio+engine_ms=549; per-drawcall avg us_x10=2014) [direct-vesa: presents=100 total_ms=370 avg_ms_x10=37 failed=0] [ablation: NO_DC_TIMING=0 CACHE_WINSURF=0 DIRECT_VESA=1]
[09:11:39] [info] kbd/audio block 0: kbd_irq=0 kbd_drain=0 ring_chunks=16 pump_pass=3642 pic1_mask=0xb8 first_irq_ticks=0 install_ticks=0 vector_at_install=0x0083e450 pic1_mask_live=0xb8 kbd_8042_stat=0x34 bios_kbd_head=0x0038 bios_kbd_tail=0x0038 bios_kbd_buf0=0x0e08
[09:11:39] [info] dirty-rect block @flip=1300: total_calls=0 dirty_rects_avg=1 dirty_pct_x10=1000 forced_full=0 first_n_force=0 threshold_exceeded=0 dirty_path_taken=0 full_flush_taken=0
[09:11:39] [info] prev-frame-diff block @flip=1300: diff_calls=0 diff_rects_avg=0 diff_dirty_pct_x10=0 bbox_pct_x10=0 bbox_thresh_exceeded=0
[09:11:39] [info] tas: stall frame 174 ms -> contributing 1 tick (patch 0286)
[09:11:39] [info] flip-probe: flip #1310 ok=true present=4ms inter_flip_ms=51 drawcalls-since-flip=121 drawcalls-total=86701 fail-total=0 null-skips-total=0
[09:11:40] [error] Pixtone::play: sound slot 24 not rendered
[09:11:40] [error] Pixtone::play: sound slot 15 not rendered
[09:11:40] [info] flip-probe: flip #1320 ok=true present=4ms inter_flip_ms=53 drawcalls-since-flip=121 drawcalls-total=87911 fail-total=0 null-skips-total=0
[09:11:40] [error] Pixtone::play: sound slot 32 not rendered
[09:11:41] [error] Pixtone::play: sound slot 32 not rendered
[09:11:41] [info] flip-probe: flip #1330 ok=true present=4ms inter_flip_ms=62 drawcalls-since-flip=125 drawcalls-total=89131 fail-total=0 null-skips-total=0
[09:11:41] [info] flip-probe: flip #1340 ok=true present=4ms inter_flip_ms=51 drawcalls-since-flip=121 drawcalls-total=90352 fail-total=0 null-skips-total=0
[09:11:41] [error] Pixtone::play: sound slot 23 not rendered
[09:11:41] [error] Pixtone::play: sound slot 32 not rendered
[09:11:41] [error] Pixtone::play: sound slot 24 not rendered
[09:11:41] [error] Pixtone::play: sound slot 24 not rendered
[09:11:42] [error] Pixtone::play: sound slot 24 not rendered
[09:11:42] [info] flip-probe: flip #1350 ok=true present=4ms inter_flip_ms=53 drawcalls-since-flip=121 drawcalls-total=91573 fail-total=0 null-skips-total=0
[09:11:42] [error] Pixtone::play: sound slot 24 not rendered
[09:11:42] [error] Pixtone::play: sound slot 24 not rendered
[09:11:42] [error] Pixtone::play: sound slot 24 not rendered
[09:11:42] [info] flip-probe: flip #1360 ok=true present=4ms inter_flip_ms=91 drawcalls-since-flip=121 drawcalls-total=92783 fail-total=0 null-skips-total=0
[09:11:42] [error] Pixtone::play: sound slot 24 not rendered
[09:11:43] [info] flip-probe: flip #1370 ok=true present=4ms inter_flip_ms=51 drawcalls-since-flip=121 drawcalls-total=93993 fail-total=0 null-skips-total=0
[09:11:43] [error] Pixtone::play: sound slot 24 not rendered
[09:11:43] [error] Pixtone::play: sound slot 24 not rendered
[09:11:43] [error] Pixtone::play: sound slot 11 not rendered
[09:11:43] [info] flip-probe: flip #1380 ok=true present=4ms inter_flip_ms=98 drawcalls-since-flip=450 drawcalls-total=95971 fail-total=0 null-skips-total=0
[09:11:44] [info]  >> Entering stage 11: 'Mimiga Village'.
[09:11:44] [info] [skip-sheet-flush] cave=9
[09:11:45] [info] [load-stage] preloading entry music song=9 (cave=9)
[09:11:45] [info] gameloop: entered (curmap=11, running=1)
[09:11:45] [info] gameloop: iter 1 ticks=102069 mapno=-1
[09:11:45] [info] mds-clear-lut: rebuilt N=240 entries (k_skip=0% k_keep=100%; curmap=11 map_size=60x60; rebuild #7 since boot)
[09:11:45] [info] gameloop: iter 2 ticks=102193 mapno=-1
[09:11:45] [info] gameloop: iter 3 ticks=102307 mapno=-1
[09:11:45] [info] backdrop cache: thrashing-detect engaged (streak=4, route=direct)
[09:11:45] [info] flip-probe: flip #1390 ok=true present=4ms inter_flip_ms=83 drawcalls-since-flip=144 drawcalls-total=99443 fail-total=0 null-skips-total=0
[09:11:46] [error] Pixtone::play: sound slot 32 not rendered
[09:11:46] [error] Pixtone::play: sound slot 24 not rendered
[09:11:46] [error] Pixtone::play: sound slot 32 not rendered
[09:11:46] [error] Pixtone::play: sound slot 24 not rendered
[09:11:46] [error] Pixtone::play: sound slot 32 not rendered
[09:11:46] [info] flip-probe: flip #1400 ok=true present=4ms inter_flip_ms=67 drawcalls-since-flip=46 drawcalls-total=99874 fail-total=0 null-skips-total=0
[09:11:46] [info] alpha audit block 0: 13919 total drawcalls, 0 with alpha<255 (block pct_x10=0; global 0/89406 pct_x10=0); alpha-mod skipped: block=0 global=0
[09:11:46] [info] fastpath audit block 0: taken=13919 (idx8=13919) skipped=0 pct_x10=1000; global taken=89406 (idx8=89406) skipped=0 pct_x10=1000
[09:11:46] [info] primitive tally block 0: clear=201(hr=201) fill=0(hr=0) rect=0(hr=0) line=0(hr=0) tint=0 spotlight=0 (over 100 flips ending at flip 1400)
[09:11:46] [info] color/alpha audit block 0: cmod_white=1216 cmod_black=1216 (idx=1216) cmod_general=0 (idx=0) cmod_fb=0; alpha_taken=0 alpha_skipped=0 (global cmod=10078/8572/693/0 idx=8572/693 alpha=0/0)
[09:11:46] [info] phase timing block 0: drawcalls=16641 dc_total_ms=2022 flip_inner_total_ms=497 inter_flip_total_ms=7362 (per-flip avg x10: dc_ms=202 fi_ms=49 if_ms=736 derived audio+engine_ms=485; per-drawcall avg us_x10=1215) [direct-vesa: presents=100 total_ms=368 avg_ms_x10=36 failed=0] [ablation: NO_DC_TIMING=0 CACHE_WINSURF=0 DIRECT_VESA=1]
[09:11:46] [info] kbd/audio block 0: kbd_irq=0 kbd_drain=0 ring_chunks=16 pump_pass=3955 pic1_mask=0xb8 first_irq_ticks=0 install_ticks=0 vector_at_install=0x0083e450 pic1_mask_live=0xb8 kbd_8042_stat=0x34 bios_kbd_head=0x0038 bios_kbd_tail=0x0038 bios_kbd_buf0=0x0e08
[09:11:46] [info] dirty-rect block @flip=1400: total_calls=0 dirty_rects_avg=1 dirty_pct_x10=1000 forced_full=0 first_n_force=0 threshold_exceeded=0 dirty_path_taken=0 full_flush_taken=0
[09:11:46] [info] prev-frame-diff block @flip=1400: diff_calls=0 diff_rects_avg=0 diff_dirty_pct_x10=0 bbox_pct_x10=0 bbox_thresh_exceeded=0
[09:11:46] [error] Pixtone::play: sound slot 24 not rendered
[09:11:46] [error] Pixtone::play: sound slot 28 not rendered
[09:11:46] [error] Pixtone::play: sound slot 24 not rendered
[09:11:47] [error] Pixtone::play: sound slot 24 not rendered
[09:11:47] [error] Pixtone::play: sound slot 15 not rendered
[09:11:47] [info] flip-probe: flip #1410 ok=true present=4ms inter_flip_ms=54 drawcalls-since-flip=42 drawcalls-total=100294 fail-total=0 null-skips-total=0
[09:11:47] [info] flip-probe: flip #1420 ok=true present=4ms inter_flip_ms=57 drawcalls-since-flip=44 drawcalls-total=100722 fail-total=0 null-skips-total=0
[09:11:48] [info] flip-probe: flip #1430 ok=true present=4ms inter_flip_ms=57 drawcalls-since-flip=42 drawcalls-total=101147 fail-total=0 null-skips-total=0
[09:11:48] [info] flip-probe: flip #1440 ok=true present=4ms inter_flip_ms=57 drawcalls-since-flip=44 drawcalls-total=101586 fail-total=0 null-skips-total=0
[09:11:49] [error] Pixtone::play: sound slot 23 not rendered
[09:11:49] [info] backdrop cache: thrashing-detect engaged (streak=64, route=direct)
[09:11:49] [info] flip-probe: flip #1450 ok=true present=4ms inter_flip_ms=64 drawcalls-since-flip=43 drawcalls-total=102024 fail-total=0 null-skips-total=0
[09:11:49] [error] Pixtone::play: sound slot 24 not rendered
[09:11:49] [error] Pixtone::play: sound slot 24 not rendered
[09:11:50] [info] flip-probe: flip #1460 ok=true present=3ms inter_flip_ms=55 drawcalls-since-flip=43 drawcalls-total=102454 fail-total=0 null-skips-total=0
[09:11:50] [info] flip-probe: flip #1470 ok=true present=3ms inter_flip_ms=52 drawcalls-since-flip=42 drawcalls-total=102875 fail-total=0 null-skips-total=0
[09:11:51] [error] Pixtone::play: sound slot 24 not rendered
[09:11:51] [error] Pixtone::play: sound slot 24 not rendered
[09:11:51] [info] flip-probe: flip #1480 ok=true present=4ms inter_flip_ms=61 drawcalls-since-flip=43 drawcalls-total=103296 fail-total=0 null-skips-total=0
[09:11:51] [error] Pixtone::play: sound slot 15 not rendered
[09:11:51] [info] run_tick_fixed #4200: heartbeat (loop alive)
[09:11:51] [info] flip-probe: flip #1490 ok=true present=4ms inter_flip_ms=54 drawcalls-since-flip=43 drawcalls-total=103726 fail-total=0 null-skips-total=0
[09:11:51] [error] Pixtone::play: sound slot 32 not rendered
[09:11:52] [error] Pixtone::play: sound slot 32 not rendered
[09:11:52] [error] Pixtone::play: sound slot 32 not rendered
[09:11:52] [info] flip-probe: flip #1500 ok=true present=4ms inter_flip_ms=65 drawcalls-since-flip=43 drawcalls-total=104163 fail-total=0 null-skips-total=0
[09:11:52] [info] alpha audit block 0: 2889 total drawcalls, 0 with alpha<255 (block pct_x10=0; global 0/92295 pct_x10=0); alpha-mod skipped: block=0 global=0
[09:11:52] [info] fastpath audit block 0: taken=2889 (idx8=2889) skipped=0 pct_x10=1000; global taken=92295 (idx8=92295) skipped=0 pct_x10=1000
[09:11:52] [info] primitive tally block 0: clear=200(hr=200) fill=0(hr=0) rect=0(hr=0) line=0(hr=0) tint=0 spotlight=0 (over 100 flips ending at flip 1500)
[09:11:52] [info] color/alpha audit block 0: cmod_white=1300 cmod_black=1300 (idx=1300) cmod_general=0 (idx=0) cmod_fb=0; alpha_taken=0 alpha_skipped=0 (global cmod=11378/9872/693/0 idx=9872/693 alpha=0/0)
[09:11:52] [info] phase timing block 0: drawcalls=5689 dc_total_ms=1007 flip_inner_total_ms=499 inter_flip_total_ms=5874 (per-flip avg x10: dc_ms=100 fi_ms=49 if_ms=587 derived audio+engine_ms=438; per-drawcall avg us_x10=1770) [direct-vesa: presents=100 total_ms=369 avg_ms_x10=36 failed=0] [ablation: NO_DC_TIMING=0 CACHE_WINSURF=0 DIRECT_VESA=1]
[09:11:52] [info] kbd/audio block 0: kbd_irq=0 kbd_drain=0 ring_chunks=16 pump_pass=4249 pic1_mask=0xb8 first_irq_ticks=0 install_ticks=0 vector_at_install=0x0083e450 pic1_mask_live=0xb8 kbd_8042_stat=0x34 bios_kbd_head=0x0038 bios_kbd_tail=0x0038 bios_kbd_buf0=0x0e08
[09:11:52] [info] dirty-rect block @flip=1500: total_calls=0 dirty_rects_avg=1 dirty_pct_x10=1000 forced_full=0 first_n_force=0 threshold_exceeded=0 dirty_path_taken=0 full_flush_taken=0
[09:11:52] [info] prev-frame-diff block @flip=1500: diff_calls=0 diff_rects_avg=0 diff_dirty_pct_x10=0 bbox_pct_x10=0 bbox_thresh_exceeded=0
[09:11:52] [error] Pixtone::play: sound slot 23 not rendered
[09:11:52] [error] Pixtone::play: sound slot 24 not rendered
[09:11:52] [error] Pixtone::play: sound slot 24 not rendered
[09:11:52] [error] Pixtone::play: sound slot 24 not rendered
[09:11:52] [error] Pixtone::play: sound slot 24 not rendered
[09:11:53] [info] backdrop cache: thrashing-detect engaged (streak=124, route=direct)
[09:11:53] [info] flip-probe: flip #1510 ok=true present=4ms inter_flip_ms=57 drawcalls-since-flip=14 drawcalls-total=104412 fail-total=0 null-skips-total=0
[09:11:53] [error] Pixtone::play: sound slot 24 not rendered
[09:11:53] [error] Pixtone::play: sound slot 11 not rendered
[09:11:53] [info] flip-probe: flip #1520 ok=true present=4ms inter_flip_ms=104 drawcalls-since-flip=356 drawcalls-total=106008 fail-total=0 null-skips-total=0
[09:11:54] [info]  >> Entering stage 14: 'Shack'.
[09:11:54] [info] [skip-sheet-flush] cave=10
[09:11:54] [info] [load-stage] preloading entry music song=8 (cave=10)
[09:11:54] [info] [music-dispatch] tick=4327 song=8 (prev 9)
[09:11:54] [info] gameloop: entered (curmap=14, running=1)
[09:11:54] [info] gameloop: iter 1 ticks=111652 mapno=-1
[09:11:54] [info] gameloop: iter 2 ticks=111746 mapno=-1
[09:11:55] [info] gameloop: iter 3 ticks=111845 mapno=-1
[09:11:55] [info] flip-probe: flip #1530 ok=true present=4ms inter_flip_ms=41 drawcalls-since-flip=25 drawcalls-total=108352 fail-total=0 null-skips-total=0
[09:11:55] [info] flip-probe: flip #1540 ok=true present=4ms inter_flip_ms=40 drawcalls-since-flip=23 drawcalls-total=108562 fail-total=0 null-skips-total=0
[09:11:55] [error] Pixtone::play: sound slot 24 not rendered
[09:11:56] [error] Pixtone::play: sound slot 15 not rendered
[09:11:56] [info] flip-probe: flip #1550 ok=true present=4ms inter_flip_ms=40 drawcalls-since-flip=23 drawcalls-total=108792 fail-total=0 null-skips-total=0
[09:11:56] [error] Pixtone::play: sound slot 32 not rendered
[09:11:56] [info] flip-probe: flip #1560 ok=true present=4ms inter_flip_ms=42 drawcalls-since-flip=25 drawcalls-total=109032 fail-total=0 null-skips-total=0
[09:11:56] [error] Pixtone::play: sound slot 32 not rendered
[09:11:56] [error] Pixtone::play: sound slot 32 not rendered
[09:11:57] [info] flip-probe: flip #1570 ok=true present=4ms inter_flip_ms=41 drawcalls-since-flip=24 drawcalls-total=109291 fail-total=0 null-skips-total=0
[09:11:57] [error] Pixtone::play: sound slot 23 not rendered
[09:11:57] [error] Pixtone::play: sound slot 24 not rendered
[09:11:57] [info] flip-probe: flip #1580 ok=true present=4ms inter_flip_ms=42 drawcalls-since-flip=23 drawcalls-total=109523 fail-total=0 null-skips-total=0
[09:11:57] [error] Pixtone::play: sound slot 24 not rendered
[09:11:57] [error] Pixtone::play: sound slot 24 not rendered
[09:11:58] [info] flip-probe: flip #1590 ok=true present=4ms inter_flip_ms=42 drawcalls-since-flip=23 drawcalls-total=109753 fail-total=0 null-skips-total=0
[09:11:58] [error] Pixtone::play: sound slot 24 not rendered
[09:11:58] [info] run_tick_fixed #4500: heartbeat (loop alive)
[09:11:58] [error] Pixtone::play: sound slot 24 not rendered
[09:11:58] [info] flip-probe: flip #1600 ok=true present=4ms inter_flip_ms=41 drawcalls-since-flip=23 drawcalls-total=109983 fail-total=0 null-skips-total=0
[09:11:58] [info] alpha audit block 0: 5356 total drawcalls, 0 with alpha<255 (block pct_x10=0; global 0/97651 pct_x10=0); alpha-mod skipped: block=0 global=0
[09:11:58] [info] fastpath audit block 0: taken=5356 (idx8=5356) skipped=0 pct_x10=1000; global taken=97651 (idx8=97651) skipped=0 pct_x10=1000
[09:11:58] [info] primitive tally block 0: clear=201(hr=201) fill=0(hr=0) rect=0(hr=0) line=0(hr=0) tint=0 spotlight=0 (over 100 flips ending at flip 1600)
[09:11:58] [info] color/alpha audit block 0: cmod_white=442 cmod_black=442 (idx=442) cmod_general=0 (idx=0) cmod_fb=0; alpha_taken=0 alpha_skipped=0 (global cmod=11820/10314/693/0 idx=10314/693 alpha=0/0)
[09:11:58] [info] phase timing block 0: drawcalls=6441 dc_total_ms=1115 flip_inner_total_ms=509 inter_flip_total_ms=6002 (per-flip avg x10: dc_ms=111 fi_ms=50 if_ms=600 derived audio+engine_ms=439; per-drawcall avg us_x10=1731) [direct-vesa: presents=100 total_ms=369 avg_ms_x10=36 failed=0] [ablation: NO_DC_TIMING=0 CACHE_WINSURF=0 DIRECT_VESA=1]
[09:11:58] [info] kbd/audio block 0: kbd_irq=0 kbd_drain=0 ring_chunks=16 pump_pass=4507 pic1_mask=0xb8 first_irq_ticks=0 install_ticks=0 vector_at_install=0x0083e450 pic1_mask_live=0xb8 kbd_8042_stat=0x34 bios_kbd_head=0x0038 bios_kbd_tail=0x0038 bios_kbd_buf0=0x0e08
[09:11:58] [info] dirty-rect block @flip=1600: total_calls=0 dirty_rects_avg=1 dirty_pct_x10=1000 forced_full=0 first_n_force=0 threshold_exceeded=0 dirty_path_taken=0 full_flush_taken=0
[09:11:58] [info] prev-frame-diff block @flip=1600: diff_calls=0 diff_rects_avg=0 diff_dirty_pct_x10=0 bbox_pct_x10=0 bbox_thresh_exceeded=0
[09:11:58] [error] Pixtone::play: sound slot 24 not rendered
[09:11:58] [error] Pixtone::play: sound slot 24 not rendered
[09:11:58] [info] flip-probe: flip #1610 ok=true present=4ms inter_flip_ms=39 drawcalls-since-flip=23 drawcalls-total=110213 fail-total=0 null-skips-total=0
[09:11:59] [error] Pixtone::play: sound slot 24 not rendered
[09:11:59] [info] flip-probe: flip #1620 ok=true present=4ms inter_flip_ms=40 drawcalls-since-flip=23 drawcalls-total=110443 fail-total=0 null-skips-total=0
[09:11:59] [error] Pixtone::play: sound slot 24 not rendered
[09:11:59] [error] Pixtone::play: sound slot 24 not rendered
[09:11:59] [info] flip-probe: flip #1630 ok=true present=4ms inter_flip_ms=40 drawcalls-since-flip=23 drawcalls-total=110673 fail-total=0 null-skips-total=0
[09:11:59] [error] Pixtone::play: sound slot 11 not rendered
[09:12:00] [info] flip-probe: flip #1640 ok=true present=4ms inter_flip_ms=44 drawcalls-since-flip=13 drawcalls-total=112777 fail-total=0 null-skips-total=0
[09:12:00] [info]  >> Entering stage 11: 'Mimiga Village'.
[09:12:00] [info] [skip-sheet-flush] cave=11
[09:12:01] [info] [load-stage] preloading entry music song=9 (cave=11)
[09:12:01] [info] [music-dispatch] tick=4611 song=9 (prev 8)
[09:12:01] [info] gameloop: entered (curmap=11, running=1)
[09:12:01] [info] gameloop: iter 1 ticks=118036 mapno=-1
[09:12:01] [info] gameloop: iter 2 ticks=118151 mapno=-1
[09:12:01] [info] gameloop: iter 3 ticks=118264 mapno=-1
[09:12:01] [info] backdrop cache: thrashing-detect engaged (streak=4, route=direct)
[09:12:02] [info] flip-probe: flip #1650 ok=true present=4ms inter_flip_ms=56 drawcalls-since-flip=40 drawcalls-total=114866 fail-total=0 null-skips-total=0
[09:12:02] [error] Pixtone::play: sound slot 24 not rendered
[09:12:02] [error] Pixtone::play: sound slot 24 not rendered
[09:12:02] [error] Pixtone::play: sound slot 15 not rendered
[09:12:02] [info] flip-probe: flip #1660 ok=true present=4ms inter_flip_ms=53 drawcalls-since-flip=42 drawcalls-total=115275 fail-total=0 null-skips-total=0
[09:12:03] [error] Pixtone::play: sound slot 32 not rendered
[09:12:03] [info] flip-probe: flip #1670 ok=true present=4ms inter_flip_ms=66 drawcalls-since-flip=45 drawcalls-total=115707 fail-total=0 null-skips-total=0
[09:12:03] [error] Pixtone::play: sound slot 32 not rendered
[09:12:03] [error] Pixtone::play: sound slot 32 not rendered
[09:12:03] [error] Pixtone::play: sound slot 23 not rendered
[09:12:03] [info] flip-probe: flip #1680 ok=true present=3ms inter_flip_ms=61 drawcalls-since-flip=44 drawcalls-total=116164 fail-total=0 null-skips-total=0
[09:12:03] [error] Pixtone::play: sound slot 24 not rendered
[09:12:03] [error] Pixtone::play: sound slot 15 not rendered
[09:12:04] [info] flip-probe: flip #1690 ok=true present=4ms inter_flip_ms=56 drawcalls-since-flip=42 drawcalls-total=116585 fail-total=0 null-skips-total=0
[09:12:04] [error] Pixtone::play: sound slot 32 not rendered
[09:12:04] [error] Pixtone::play: sound slot 28 not rendered
[09:12:05] [info] flip-probe: flip #1700 ok=true present=4ms inter_flip_ms=56 drawcalls-since-flip=45 drawcalls-total=117022 fail-total=0 null-skips-total=0
[09:12:05] [info] alpha audit block 0: 6008 total drawcalls, 0 with alpha<255 (block pct_x10=0; global 0/103659 pct_x10=0); alpha-mod skipped: block=0 global=0
[09:12:05] [info] fastpath audit block 0: taken=6008 (idx8=6008) skipped=0 pct_x10=1000; global taken=103659 (idx8=103659) skipped=0 pct_x10=1000
[09:12:05] [info] primitive tally block 0: clear=202(hr=202) fill=0(hr=0) rect=0(hr=0) line=0(hr=0) tint=0 spotlight=0 (over 100 flips ending at flip 1700)
[09:12:05] [info] color/alpha audit block 0: cmod_white=972 cmod_black=972 (idx=972) cmod_general=0 (idx=0) cmod_fb=0; alpha_taken=0 alpha_skipped=0 (global cmod=12792/11286/693/0 idx=11286/693 alpha=0/0)
[09:12:05] [info] phase timing block 0: drawcalls=8159 dc_total_ms=1298 flip_inner_total_ms=533 inter_flip_total_ms=6525 (per-flip avg x10: dc_ms=129 fi_ms=53 if_ms=652 derived audio+engine_ms=470; per-drawcall avg us_x10=1591) [direct-vesa: presents=100 total_ms=369 avg_ms_x10=36 failed=0] [ablation: NO_DC_TIMING=0 CACHE_WINSURF=0 DIRECT_VESA=1]
[09:12:05] [info] kbd/audio block 0: kbd_irq=0 kbd_drain=0 ring_chunks=16 pump_pass=4796 pic1_mask=0xb8 first_irq_ticks=0 install_ticks=0 vector_at_install=0x0083e450 pic1_mask_live=0xb8 kbd_8042_stat=0x34 bios_kbd_head=0x0038 bios_kbd_tail=0x0038 bios_kbd_buf0=0x0e08
[09:12:05] [info] dirty-rect block @flip=1700: total_calls=0 dirty_rects_avg=1 dirty_pct_x10=1000 forced_full=0 first_n_force=0 threshold_exceeded=0 dirty_path_taken=0 full_flush_taken=0
[09:12:05] [info] prev-frame-diff block @flip=1700: diff_calls=0 diff_rects_avg=0 diff_dirty_pct_x10=0 bbox_pct_x10=0 bbox_thresh_exceeded=0
[09:12:05] [info] tas: stall frame 167 ms -> contributing 1 tick (patch 0286)
[09:12:05] [info] run_tick_fixed #4800: heartbeat (loop alive)
[09:12:05] [error] Pixtone::play: sound slot 23 not rendered
[09:12:05] [error] Pixtone::play: sound slot 24 not rendered
[09:12:05] [error] Pixtone::play: sound slot 24 not rendered
[09:12:05] [info] backdrop cache: thrashing-detect engaged (streak=64, route=direct)
[09:12:05] [info] flip-probe: flip #1710 ok=true present=4ms inter_flip_ms=57 drawcalls-since-flip=44 drawcalls-total=117463 fail-total=0 null-skips-total=0
[09:12:05] [error] Pixtone::play: sound slot 24 not rendered
[09:12:05] [error] Pixtone::play: sound slot 24 not rendered
[09:12:06] [error] Pixtone::play: sound slot 24 not rendered
[09:12:06] [info] flip-probe: flip #1720 ok=true present=4ms inter_flip_ms=54 drawcalls-since-flip=45 drawcalls-total=117904 fail-total=0 null-skips-total=0
[09:12:06] [error] Pixtone::play: sound slot 24 not rendered
[09:12:06] [error] Pixtone::play: sound slot 24 not rendered
[09:12:06] [error] Pixtone::play: sound slot 24 not rendered
[09:12:06] [info] flip-probe: flip #1730 ok=true present=4ms inter_flip_ms=53 drawcalls-since-flip=45 drawcalls-total=118358 fail-total=0 null-skips-total=0
[09:12:06] [error] Pixtone::play: sound slot 24 not rendered
[09:12:06] [error] Pixtone::play: sound slot 24 not rendered
[09:12:07] [error] Pixtone::play: sound slot 24 not rendered
[09:12:07] [info] flip-probe: flip #1740 ok=true present=4ms inter_flip_ms=53 drawcalls-since-flip=43 drawcalls-total=118793 fail-total=0 null-skips-total=0
[09:12:08] [info] flip-probe: flip #1750 ok=true present=3ms inter_flip_ms=57 drawcalls-since-flip=44 drawcalls-total=119229 fail-total=0 null-skips-total=0
[09:12:08] [info] backdrop cache: thrashing-detect engaged (streak=4, route=direct)
[09:12:08] [info] flip-probe: flip #1760 ok=true present=4ms inter_flip_ms=54 drawcalls-since-flip=46 drawcalls-total=119681 fail-total=0 null-skips-total=0
[09:12:09] [info] flip-probe: flip #1770 ok=true present=4ms inter_flip_ms=52 drawcalls-since-flip=18 drawcalls-total=119899 fail-total=0 null-skips-total=0
[09:12:09] [info] flip-probe: flip #1780 ok=true present=4ms inter_flip_ms=50 drawcalls-since-flip=18 drawcalls-total=120079 fail-total=0 null-skips-total=0
[09:12:10] [info] flip-probe: flip #1790 ok=true present=4ms inter_flip_ms=50 drawcalls-since-flip=18 drawcalls-total=120259 fail-total=0 null-skips-total=0
[09:12:10] [info] flip-probe: flip #1800 ok=true present=3ms inter_flip_ms=50 drawcalls-since-flip=18 drawcalls-total=120439 fail-total=0 null-skips-total=0
[09:12:10] [info] alpha audit block 0: 2524 total drawcalls, 0 with alpha<255 (block pct_x10=0; global 0/106183 pct_x10=0); alpha-mod skipped: block=0 global=0
[09:12:10] [info] fastpath audit block 0: taken=2524 (idx8=2524) skipped=0 pct_x10=1000; global taken=106183 (idx8=106183) skipped=0 pct_x10=1000
[09:12:10] [info] primitive tally block 0: clear=200(hr=200) fill=0(hr=0) rect=0(hr=0) line=0(hr=0) tint=0 spotlight=0 (over 100 flips ending at flip 1800)
[09:12:10] [info] color/alpha audit block 0: cmod_white=793 cmod_black=793 (idx=793) cmod_general=0 (idx=0) cmod_fb=0; alpha_taken=0 alpha_skipped=0 (global cmod=13585/12079/693/0 idx=12079/693 alpha=0/0)
[09:12:10] [info] phase timing block 0: drawcalls=4314 dc_total_ms=921 flip_inner_total_ms=499 inter_flip_total_ms=5696 (per-flip avg x10: dc_ms=92 fi_ms=49 if_ms=569 derived audio+engine_ms=428; per-drawcall avg us_x10=2135) [direct-vesa: presents=100 total_ms=369 avg_ms_x10=36 failed=0] [ablation: NO_DC_TIMING=0 CACHE_WINSURF=0 DIRECT_VESA=1]
[09:12:10] [info] kbd/audio block 0: kbd_irq=0 kbd_drain=0 ring_chunks=16 pump_pass=5073 pic1_mask=0xb8 first_irq_ticks=0 install_ticks=0 vector_at_install=0x0083e450 pic1_mask_live=0xb8 kbd_8042_stat=0x34 bios_kbd_head=0x0038 bios_kbd_tail=0x0038 bios_kbd_buf0=0x0e08
[09:12:10] [info] dirty-rect block @flip=1800: total_calls=0 dirty_rects_avg=1 dirty_pct_x10=1000 forced_full=0 first_n_force=0 threshold_exceeded=0 dirty_path_taken=0 full_flush_taken=0
[09:12:10] [info] prev-frame-diff block @flip=1800: diff_calls=0 diff_rects_avg=0 diff_dirty_pct_x10=0 bbox_pct_x10=0 bbox_thresh_exceeded=0
[09:12:11] [info] flip-probe: flip #1810 ok=true present=4ms inter_flip_ms=50 drawcalls-since-flip=18 drawcalls-total=120619 fail-total=0 null-skips-total=0
[09:12:11] [info] backdrop cache: thrashing-detect engaged (streak=64, route=direct)
[09:12:11] [info] flip-probe: flip #1820 ok=true present=4ms inter_flip_ms=52 drawcalls-since-flip=59 drawcalls-total=121168 fail-total=0 null-skips-total=0
[09:12:12] [error] Pixtone::play: sound slot 1 not rendered
[09:12:12] [info] flip-probe: flip #1830 ok=true present=3ms inter_flip_ms=52 drawcalls-since-flip=59 drawcalls-total=121758 fail-total=0 null-skips-total=0
[09:12:12] [info] flip-probe: flip #1840 ok=true present=4ms inter_flip_ms=52 drawcalls-since-flip=59 drawcalls-total=122348 fail-total=0 null-skips-total=0
[09:12:13] [info] tas: end-of-replay auto-exit at tick 5140 (recording exhausted; set DOSKUTSU_TAS_REPLAY_HOLD=1 to disable + observe steady-state past recording end)
[09:12:13] [info] Script engine shutdown.
[09:12:13] [info] Sound system shutdown
[09:12:13] [info] Renderer::Close()
[09:12:13] [info] tas: replay file closed
[09:12:13] [info] [fps-true] flips=1845 render_s=125 fps_mean=14.7 (clock-independent: flips / seconds since the FIRST flip; use THIS for the fps matrix, not inter_flip medians, which are invalid in any cell running the PIT/IRQ-0 music pump)
[RUNMANIFEST-BEGIN]
schema_version=2
environment=realhw
binary_sha12=UNKNOWN
binary_sha12_src=unknown
build_sha12=1f79ce20e4ee
organya_cache_key=1f79ce20e4ee
wave_tag=5X0
scene=
env_block_sha=fed239ace277
started_rtc_local=2026-11-21T07:02:56
duration_s=141
exit_code=0
fps_true_flips=1845
fps_true_render_s=125
reel_ticks=5140
reel_game_seconds=102.8
per_loop_fps=17.9
overhead_s=23
music_pump_active=0
cpu_vendor=GenuineIntel
cpu_have_cpuid=1
cpu_family=4
cpu_model=3
cpu_stepping=5
cpu_mhz_est=49
cpu_has_fpu=1
cpu_class=486_slow
audio_backend=none
video_logical_wxh=320x240
video_logical_bpp=8
video_vram_kb=4096
video_lfb_or_banked=lfb
audio_is_sb16=0
audio_dsp_ver=NA
audio_dma_path=8bit-low
audio_force_8bit=0
audio_dma_channel=-1
fps_p50=18.5
fps_p95=10.9
fps_sample_n=184
fps_sample_interval=10
pump_clock_state=no-pump
audio_vital_status=NA
regime=NA
banner_required_hit=0
banner_required_total=0
banner_forbidden_hit=0
banner_optional_hit=0
critical_count=0
warn_count=0
perstage_count=12
perstage_00=stage:72 ticks:95 flips:95 fps:50.0
perstage_01=stage:1005 ticks:80 flips:80 fps:50.0
perstage_02=stage:20 ticks:124 flips:53 fps:21.3
perstage_03=stage:11 ticks:453 flips:147 fps:16.2
perstage_04=stage:17 ticks:772 flips:180 fps:11.6
perstage_05=stage:11 ticks:549 flips:185 fps:16.8
perstage_06=stage:15 ticks:664 flips:250 fps:18.8
perstage_07=stage:11 ticks:893 flips:306 fps:17.1
perstage_08=stage:19 ticks:262 flips:87 fps:16.6
perstage_09=stage:11 ticks:435 flips:138 fps:15.8
perstage_10=stage:14 ticks:284 flips:119 fps:20.9
perstage_11=stage:11 ticks:529 flips:204 fps:19.2
[RUNMANIFEST-END]
[09:12:13] [info] [runmanifest-emit] schema=v2 env=realhw binary_sha12=UNKNOWN(unknown) build_sha12=1f79ce20e4ee per_loop_fps=17.9 overhead_s=23 pump=0 dur=141s tag='5X0' scene='' (signals=0x4)
