Logger::init: wave-53 log level=INFO path='LOGS/5X8.LOG'
[08:56:42] [info] config: loaded DOSKUTSU.CFG (3 keys)
[08:56:43] [info] [cpu-witness] vendor=GenuineIntel cpuid=1 family=4 model=3 stepping=5 mhz_est=49 fpu=1 class=486_slow (boot-time attestation of the running CPU; MHZ_486_LOOP_DIV=16400 mirrors SETUP)
[08:56:43] [info] tas: PRNG seed forced to 12345 via DOSKUTSU_TAS_PRNG_SEED
[08:56:43] [info] tas: auto-exit armed at tick 30000 via DOSKUTSU_TAS_AUTO_EXIT_TICK
[08:56:43] [info] tas: replay opened path='QA.TAS' header_seed=12345
[08:56:44] [info] data cache: DISABLED (default)
[08:56:44] [info] Joystick: skipped (default; set DOSKUTSU_USE_JOYSTICK=1 to enable -- skips SDL3-DOS gameport BIOS INT 15h polling, ~82 ms / flip on real HW)
[08:56:44] [info] Loading settings...
[08:56:44] [info] [input-bind] applied=0 invert_y=0 dos_axes=1
[08:56:44] [info] Renderer::initVideo: 8bpp mode requested via SDL_HINT_DOS_MAX_BPP=8 (wave 16); SDL3-DOS will pick the highest-bpp <= 8 mode at requested resolution
[08:56:44] [info] Renderer::initVideo: DOS resolution-label lock ENABLED (default)
[08:56:44] [info] center-oversized: not needed (surface matches the logical screen) surface=320x240 logical=320x240 offset=0,0
[08:56:44] [info] Renderer::initVideo: using: software renderer
[08:56:47] [info] Renderer::initVideo: dirty-rect tracking ENABLED (wave 15, default ON; set SDL_HINT_DOSKUTSU_DIRTY_RECTS=0 to disable)
[08:56:47] [info] Renderer::initVideo: ablation flags: NO_DC_TIMING=0 CACHE_WINSURF=0 NO_INPUT_POLL=0 DIRECT_VESA=1
[08:56:47] [info] Renderer::initVideo: direct-VESA hot path ENABLED (default since wave 20 patch 0088; bypasses SDL_RenderPresent / SDL_UpdateWindowSurface and writes via SDL/0034's PresentFull helper; R2 mitigation handled by SDL/0034 generation counter -- no per-N-flip heartbeat needed; set SDL_HINT_DOSKUTSU_DIRECT_VESA=0 to revert)
[08:56:47] [info] Renderer::initVideo: flip-phase instrumentation DISABLED (default; set SDL_HINT_DOSKUTSU_FLIP_INSTR=1 to opt in for wave-20 Lever A diagnostic)
[08:56:47] [info] Renderer::initVideo: asm opaque-span blit lever DISABLED (default; set SDL_HINT_DOSKUTSU_ASM_BLIT=1 to opt in -- wave-51 _blit_indexed colorkey-blit lever)
[08:56:47] [info] Renderer::initVideo: blit-decomp instrumentation DISABLED (default; set SDL_HINT_DOSKUTSU_BLIT_DECOMP=1 to opt in -- wave-51 _blit_indexed sub-decomp sizing)
[08:56:47] [info] Renderer::initVideo: mds-scroll-decomp instrumentation DISABLED (default; set SDL_HINT_DOSKUTSU_MDS_DECOMP=1 to opt in -- wave-52 mode_draw_scene scrolling-block decomp)
[08:56:47] [info] Renderer::initVideo: DOSVESA pump yield: skipped (default) (per-flip explicit SDL_Delay(0) yield is always on; set SDL_HINT_DOSKUTSU_FORCE_PUMP_YIELD=1 to restore old per-pump yield)
[08:56:47] [info] Renderer::initVideo: indexed-mode (8bpp) ENABLED -- master palette + 107 per-asset remap LUTs loaded (wave 16, default ON; set SDL_HINT_DOSKUTSU_PIXEL_FORMAT_8=0 to disable)
[08:56:47] [info] Renderer::initVideo: master palette attached to window surface (format=SDL_PIXELFORMAT_INDEX8, ncolors=256)
[08:56:47] [info] Renderer::initVideo: indexed-mode smoke: idx0=(0,0,0) OK idx255=(255,0,255) OK
[08:56:47] [info] Renderer::initVideo: indexed-mode smoke: paletteRemapFor('MyChar.pbm') = present
[08:56:48] [info] Surface::loadImage palmap-diag #1: 'data/Loading.pbm' fmt=SDL_PIXELFORMAT_ABGR8888 remap=HIT -> path=truecolor
[08:56:48] [info] Renderer: prev-frame diff DISABLED (default since wave 17.6; set SDL_HINT_DOSKUTSU_PREVFRAME_DIFF=1 to opt in)
[08:56:48] [info] flip-probe: renderer=software window_ptr=8826832 colorspace=301991328 window_size=320x240 framebuffer_pixels=320x240 logical_present=320x240 mode=2
[08:56:48] [info] flip-probe: first flip ok=true present=53ms inter_flip_ms=0 drawcalls-since-flip=1 drawcalls-total=1
[08:56:48] [info] Sound system init
[08:56:48] [info] Sound system: 4-state audio enable (#31) -- music=on sfx=on (MUSIC_OFF/AUDIO_BACKEND=none -> music-off; SFX_OFF/SFX_DEVICE=none -> sfx-off; both gates are dispatch-level, the device still opens; AUDIO_OFF=1 is the device-level both-off).
[08:56:48] [info] Sound system: Tier-2 audio config (default since wave 21 patch 0093; 11025 Hz, 1 channel, buffer pinned to 256 frames). Measured savings on g2k Pentium OverDrive 83 MHz (W21A): heavy-music scenes ~+11 fps vs Tier-1 baseline (measured -10 to -15 ms/flip post-0094 audio fix; W21A's pre-fix -26.6 ms figure was inflated by stereo-vs-mono playback bug, see patch 0094). Audio quality is reduced vs Tier-1 (mono, 11025 Hz, simple-average L+R downmix) but recognizable; user accepted the trade per direction 2026-05-05. Set SDL_HINT_DOSKUTSU_AUDIO_TIER2=0 to revert to Tier-1 22050 stereo (full Cave Story 2004 audio quality; trades fps for fidelity).
[08:56:48] [info] Sound system: SDL_HINT_AUDIO_DEVICE_SAMPLE_FRAMES=256
[08:56:48] [info] Pixtone IRQ rate-divider: handed master_rate=11025 int16/s (SAMPLE_RATE=11025 x AUDIO_CHANNELS=1) to SDL for auto-RATEDIV (SDL/0074 computes shift_div from the resolved device freq).
[08:56:48] [info] Sound system: device frame-rate: requesting 11025 Hz match to master (SDL_DOSAudioSetDeviceFrameRate; SB16 opens at the engine frame rate instead of SDL's 44100 floor -- 4x less PCM/s + no resampler on the Organya/Pixtone path; killswitch SDL_HINT_DOSKUTSU_DOS_AUDIO_DEVICE_RATE_DEFAULT=0).
[08:56:48] [info] audio backend: opl3 (Phase 10 Stage 4 -- concrete OPL3 FM synthesis backend via SDL/0037+ OPL3 helpers; MidiScheduler routes music dispatch through 18 x 2-op voice allocator + small inline patch bank). SoundManager::init will probe OPL3 via Adlib timer-1 sequence + fall back to organya gracefully if the chip is absent. Pixtone SFX still active on SB16 DAC.
[08:56:49] [info] wave-13.6.1: ring_chunks=16 FORCE_PUMP_YIELD=off (set SDL_HINT_DOSKUTSU_AUDIO_RING_CHUNKS=4|8|16 to override; default 16 matches wave 13.6 behaviour)
[08:56:49] [info] MidiScheduler: MIDI source = 'orgmid2' (native-GM org2mid set; resolves to data/orgmid2/<name>.mid).
[08:56:49] [info] opl3 backend probing for OPL3 chip (Adlib timer-1 sequence)...
[08:56:49] [info] opl3 backend: opl3bank.dat loaded 128 programs from 'data/opl3bank.dat' (v1; 1536 bytes payload). Per-program GM patches now use the runtime bank; programs >= 128 fall back to 8-patch family bucket. Drum channel (MIDI ch 9) unchanged (uses PATCH_DRUM regardless of bank loading).
[08:56:49] [info] opl3 backend ready (OPL3 detected via Adlib timer-1; InitChip applied 18 x 2-op layout; voice allocator armed). Patch bank state: runtime opl3bank.dat ACTIVE (loaded_count=128; programs >= loaded_count fall back to 8-patch placeholder covering GM family categories piano/mallet/organ/guitar/strings/brass/reed/pad). Phase 10.5 path: ship a fuller community bank as data/opl3bank.dat (DOPL3v1 format; 12-byte SBI records per GM program; loader at MidiBackendOpl3 ctor).
[08:56:49] [info] opl3 backend: PATCH_ORGAN + PATCH_MALLET RR=8 (medium release; wub-wub fix per patch 0171; was RR=0 in slot 0103 placeholder -- KEY-OFF couldn't silence; H6 reg 0xBD wave-47 falsified; H1+H5/RR=0 byte-level bug root per WAVE-46/47 analysis)
[08:56:49] [info] Sound system: MidiScheduler armed with MidiBackendOpl3 (patch 0103 Phase 10 Stage 4). Music dispatch routes via SMF parser + 18 x 2-op OPL3 voice allocator + small inline patch bank (community-sourced from Apogee Sound System / AdLib SBI public-domain refs). Pixtone SFX still active on SB16 DAC.
[08:56:49] [info] Sound system: idle-pause skipped (default OFF since patch 0119; backend=opl3 would qualify but operator did not opt-in via SDL_HINT_DOSKUTSU_IDLE_PAUSE=1). DSP stays in continuous-stream mode. Re-enable for an A/B iter once SDL/0037 ForcePause non-engagement is rooted out (task #17).
[08:56:49] [warn] Music dir Ogg/ doesn't exist
[08:56:49] [warn] Music dir Ogg11/ doesn't exist
[08:56:49] [warn] Music dir Ogg17/ doesn't exist
[08:56:49] [warn] Music dir Ogg_ridic/ doesn't exist
[08:56:49] [info] Loading Sound FX...
[08:56:50] [info] [pxt-cache] init(): HIT (loaded cache; render skipped)
[08:57:01] [info] Organya init...
[08:57:03] [info] Organya init done
[08:57:19] [info] gus SFX gain [nx0259]: 70% (SDL_HINT_DOSKUTSU_GUS_SFX_GAIN; scales the GF1 SFX voice volume to balance against velocity/CC-scaled GUS music; default 70, clamp 0..150).
[08:57:19] [info] pixtone IRQ-mix: ENABLED (default; SDL backend engaged; set SDL_HINT_DOSKUTSU_PIXTONE_IRQ_MIX=0 to disable)
[08:57:19] [info] Pixtone::setVolume: L3 active -- mid-play SFX volume updates are no-op in v1 (v2 candidate: SDL_DOSPixtoneSetGain API). gain_x256=256 stored for subsequent SDL_DOSPixtoneStart calls; currently-playing L3 channels unaffected.
[08:57:19] [info] midi ISR tick: engine registered tick_isr callback (L2b active; default ON; set SDL_HINT_DOSKUTSU_MIDI_ISR_TICK=0 to disable)
[08:57:19] [info] menu slide-in fixed-timestep: ENABLED (default; slide advances at 50 Hz logic rate)
[08:57:19] [info] Reading npc.tbl...
[08:57:19] [info] Loading tilekey.dat.
[08:57:19] [info] Script engine init.
[08:57:20] [info] Entering main loop...
[08:57:20] [info] audio mid-gap pump: DISABLED (default)
[08:57:20] [info] TAS fixed-timestep guard: ENABLED (default) (patch 0280; load_stage wall-clock kept out of the FT accumulator so TAS replay advances at a true 50 Hz; set SDL_HINT_DOSKUTSU_TAS_FT_GUARD=0 to disable)
[08:57:20] [info] load_stage ring+DMA silence flush: ENABLED (default) (set SDL_HINT_DOSKUTSU_LOADSTAGE_SILENCE=0 to disable)
[08:57:20] [info] load-band audio-underrun probe: DISABLED (default) (opt-in SDL_HINT_DOSKUTSU_LOADBAND_STAT=1)
[08:57:20] [info]  >> Entering stage 72: 'u'.
[08:57:20] [info] skip sheet flush: ENABLED (default) (SFXPAUSE-012 SHIPPED FIX; sprite sheets stay resident across caves so no per-cave re-decode -> no fire-frame pause; map_flush_graphics tilemap cache still flushes; set SDL_HINT_DOSKUTSU_SKIP_SHEET_FLUSH=0 to restore the old per-cave flush)
[08:57:20] [info] [skip-sheet-flush] cave=1
[08:57:20] [info] eager action sheets: ENABLED (default) (first-fire hitch fix: pre-loads the weapon bullet + hit/muzzle/trail caret sheets at stage load so the first fire/impact does not lazy-decode mid-gameplay; set SDL_HINT_DOSKUTSU_EAGER_ACTION_SHEETS=0 to restore lazy load)
[08:57:20] [info] Surface::loadImage palmap-diag #2: 'data/Bullet.pbm' fmt=SDL_PIXELFORMAT_ABGR8888 remap=HIT -> path=truecolor
[08:57:20] [info] Surface::loadImage palmap-diag #3: 'data/Arms.pbm' fmt=SDL_PIXELFORMAT_ABGR8888 remap=HIT -> path=truecolor
[08:57:21] [info] Surface::loadImage palmap-diag #4: 'data/Caret.pbm' fmt=SDL_PIXELFORMAT_ABGR8888 remap=HIT -> path=truecolor
[08:57:21] [info] Surface::loadImage palmap-diag #5: 'data/Npc/NpcSym.pbm' fmt=SDL_PIXELFORMAT_ABGR8888 remap=HIT -> path=truecolor
[08:57:21] [info] [eager-action-sheets] cave=1 sheets=4 wall_ms=1738
[08:57:22] [info] Surface::loadImage palmap-diag #6: 'data/Stage/PrtWhite.pbm' fmt=SDL_PIXELFORMAT_ABGR8888 remap=HIT -> path=truecolor
[08:57:22] [info] load_stage: entry-music preload ENABLED (default) (set SDL_HINT_DOSKUTSU_PRELOAD_STAGE_MUSIC=0 to disable)
[08:57:22] [info] Surface::loadImage palmap-diag #7: 'data/bk0.pbm' fmt=SDL_PIXELFORMAT_ABGR8888 remap=HIT -> path=truecolor
[08:57:23] [info] gameloop: entered (curmap=72, running=1)
[08:57:23] [info] gameloop: iter 1 ticks=39761 mapno=-1
[08:57:23] [info] fixed-timestep: ENABLED (default; logic 50 Hz, decoupled from render)
[08:57:23] [info] map: BG skip-when-unchanged DISABLED (default) (set SDL_HINT_DOSKUTSU_BG_SKIP_WHEN_UNCHANGED=1 to enable; default OFF since wave-61 -- abandoned, it shipped a backdrop-black flicker and its +0.87 fps was below the noise floor)
[08:57:23] [info] map: skip-redundant-clear lever ENABLED (default since wave-53 promotion)
[08:57:23] [info] perf-mode: level=0 (faithful (default))
[08:57:23] [info] Surface::loadImage palmap-diag #8: 'data/Npc/NpcKings.pbm' fmt=SDL_PIXELFORMAT_ABGR8888 remap=HIT -> path=truecolor
[08:57:23] [info] audio tick-boundary pump: DISABLED (default)
[08:57:23] [info] gameloop: iter 2 ticks=40249 mapno=-1
[08:57:23] [info] gameloop: iter 3 ticks=40318 mapno=-1
[08:57:23] [info] direct-vesa: snapshot @gen=2 use_dosmemput=0 banked_multibank=0 pitches_match=1 vram_w=320 vram_h=240 vram_pitch=320 bpp=1 fb_size=76800 vram_phys=0x78000000 vram_ptr=0x77c00000
[08:57:23] [info] flip-probe: flip #10 ok=true present=4ms inter_flip_ms=40 drawcalls-since-flip=6 drawcalls-total=43 fail-total=0 null-skips-total=0
[08:57:24] [info] flip-probe: flip #20 ok=true present=4ms inter_flip_ms=40 drawcalls-since-flip=4 drawcalls-total=92 fail-total=0 null-skips-total=0
[08:57:25] [info] flip-probe: flip #30 ok=true present=4ms inter_flip_ms=87 drawcalls-since-flip=326 drawcalls-total=2707 fail-total=0 null-skips-total=0
[08:57:26] [info] flip-probe: flip #40 ok=true present=5ms inter_flip_ms=78 drawcalls-since-flip=264 drawcalls-total=5837 fail-total=0 null-skips-total=0
[08:57:26] [info] flip-probe: flip #50 ok=true present=4ms inter_flip_ms=48 drawcalls-since-flip=67 drawcalls-total=7392 fail-total=0 null-skips-total=0
[08:57:27] [info] flip-probe: flip #60 ok=true present=4ms inter_flip_ms=38 drawcalls-since-flip=4 drawcalls-total=7502 fail-total=0 null-skips-total=0
[08:57:27] [info] flip-probe: flip #70 ok=true present=4ms inter_flip_ms=38 drawcalls-since-flip=6 drawcalls-total=7557 fail-total=0 null-skips-total=0
[08:57:27] [info] flip-probe: flip #80 ok=true present=4ms inter_flip_ms=20 drawcalls-since-flip=0 drawcalls-total=7586 fail-total=0 null-skips-total=0
[08:57:28] [info] flip-probe: flip #90 ok=true present=4ms inter_flip_ms=20 drawcalls-since-flip=0 drawcalls-total=7586 fail-total=0 null-skips-total=0
[08:57:28] [info] title: eager-title-IO phase tag ENABLED (default) (set SDL_HINT_DOSKUTSU_EAGER_TITLE_IO=0 to disable)
[08:57:28] [info] [music-dispatch] tick=95 song=24 (prev 0)
[08:57:28] [info] MidiScheduler::load: parsed 'data/orgmid2/curly.mid' = 11294 events at 48 PPQ
[08:57:28] [info] opl3 backend: on_song_start
[08:57:29] [info] gameloop: entered (curmap=1005, running=1)
[08:57:29] [info] gameloop: iter 1 ticks=45804 mapno=-1
[08:57:29] [info] map: backdrop cache ENABLED (default) (set SDL_HINT_DOSKUTSU_BACKDROP_CACHE=0 to disable)
[08:57:30] [info] gameloop: iter 2 ticks=46812 mapno=-1
[08:57:30] [info] gameloop: iter 3 ticks=46861 mapno=-1
[08:57:30] [info] backdrop cache: thrashing-detect engaged (streak=4, route=direct)
[08:57:30] [info] flip-probe: flip #100 ok=true present=4ms inter_flip_ms=42 drawcalls-since-flip=75 drawcalls-total=7886 fail-total=0 null-skips-total=0
[08:57:30] [info] alpha audit block 0: 7798 total drawcalls, 0 with alpha<255 (block pct_x10=0; global 0/7798 pct_x10=0); alpha-mod skipped: block=0 global=0
[08:57:30] [info] fastpath audit block 0: taken=7798 (idx8=7798) skipped=0 pct_x10=1000; global taken=7798 (idx8=7798) skipped=0 pct_x10=1000
[08:57:30] [info] primitive tally block 0: clear=220(hr=220) fill=0(hr=0) rect=0(hr=0) line=0(hr=0) tint=0 spotlight=0 (over 100 flips ending at flip 100)
[08:57:30] [info] color/alpha audit block 0: cmod_white=104 cmod_black=0 (idx=0) cmod_general=84 (idx=84) cmod_fb=0; alpha_taken=0 alpha_skipped=0 (global cmod=104/0/84/0 idx=0/84 alpha=0/0)
[08:57:30] [info] phase timing block 0: drawcalls=8209 dc_total_ms=1816 flip_inner_total_ms=779 inter_flip_total_ms=41479 (per-flip avg x10: dc_ms=181 fi_ms=77 if_ms=4147 derived audio+engine_ms=3889; per-drawcall avg us_x10=2212) [direct-vesa: presents=97 total_ms=379 avg_ms_x10=39 failed=0] [ablation: NO_DC_TIMING=0 CACHE_WINSURF=0 DIRECT_VESA=1]
[08:57:30] [info] kbd/audio block 0: kbd_irq=0 kbd_drain=0 ring_chunks=16 pump_pass=99 pic1_mask=0xb8 first_irq_ticks=0 install_ticks=0 vector_at_install=0x0083e460 pic1_mask_live=0x98 kbd_8042_stat=0x34 bios_kbd_head=0x0038 bios_kbd_tail=0x0038 bios_kbd_buf0=0x0e08
[08:57:30] [info] audio/engine split block 0: audio_mixer_calls=0 audio_mixer_ms_x10=0 engine_tick_calls=99 engine_tick_ms_x10=619 audio_service_calls=0 audio_service_ms_x10=0 (per-flip avg; per-call us_x10: audio_mix=0 engine_tick=625840 audio_service=0; global ns: audio_mix=0 engine_tick=6195822093 audio_service=0)
[08:57:30] [info] pixtone multi-source probe: DISABLED (default)
[08:57:30] [info] dirty-rect block @flip=100: total_calls=0 dirty_rects_avg=0 dirty_pct_x10=990 forced_full=0 first_n_force=3 threshold_exceeded=2 dirty_path_taken=0 full_flush_taken=3
[08:57:30] [info] prev-frame-diff block @flip=100: diff_calls=0 diff_rects_avg=0 diff_dirty_pct_x10=0 bbox_pct_x10=0 bbox_thresh_exceeded=0
[08:57:30] [info] flip-probe: flip #110 ok=true present=4ms inter_flip_ms=37 drawcalls-since-flip=75 drawcalls-total=8636 fail-total=0 null-skips-total=0
[08:57:31] [info] flip-probe: flip #120 ok=true present=4ms inter_flip_ms=36 drawcalls-since-flip=75 drawcalls-total=9386 fail-total=0 null-skips-total=0
[08:57:31] [info] flip-probe: flip #130 ok=true present=3ms inter_flip_ms=21 drawcalls-since-flip=0 drawcalls-total=9986 fail-total=0 null-skips-total=0
[08:57:31] [info] Loading profile from profile.dat
[08:57:31] [error] profile_load: unable to open 'profile.dat'
[08:57:31] [info] Loading profile from profile2.dat
[08:57:31] [error] profile_load: unable to open 'profile2.dat'
[08:57:31] [info] Loading profile from profile3.dat
[08:57:31] [info] Loading profile from profile4.dat
[08:57:31] [error] profile_load: unable to open 'profile4.dat'
[08:57:31] [info] Loading profile from profile5.dat
[08:57:32] [info] flip-probe: flip #140 ok=true present=4ms inter_flip_ms=63 drawcalls-since-flip=210 drawcalls-total=10826 fail-total=0 null-skips-total=0
[08:57:32] [info] flip-probe: flip #150 ok=true present=3ms inter_flip_ms=63 drawcalls-since-flip=210 drawcalls-total=12926 fail-total=0 null-skips-total=0
[08:57:32] [info] Writing settings...
[08:57:33] [info] flip-probe: flip #160 ok=true present=5ms inter_flip_ms=23 drawcalls-since-flip=0 drawcalls-total=13774 fail-total=0 null-skips-total=0
[08:57:33] [info] flip-probe: flip #170 ok=true present=4ms inter_flip_ms=19 drawcalls-since-flip=0 drawcalls-total=13774 fail-total=0 null-skips-total=0
[08:57:33] [info] [music-dispatch] tick=175 song=0 (prev 24)
[08:57:33] [info] opl3 backend: on_song_stop
[08:57:33] [info] Loading profile from profile5.dat
[08:57:33] [info]  >> Entering stage 20: 'Save Point'.
[08:57:33] [info] [skip-sheet-flush] cave=2
[08:57:34] [info] [music-dispatch] tick=175 song=8 (prev 0)
[08:57:34] [info] MidiScheduler::load: parsed 'data/orgmid2/vivi.mid' = 4558 events at 48 PPQ
[08:57:34] [info] opl3 backend: on_song_start
[08:57:34] [info] gameloop: entered (curmap=20, running=1)
[08:57:34] [info] gameloop: iter 1 ticks=51365 mapno=-1
[08:57:34] [info] TAS stall discount: ENABLED (default) (patch 0286; a replay frame over 150 ms is a load, not slow rendering, so it contributes 1 tick instead of its wall-clock; set SDL_HINT_DOSKUTSU_TAS_STALL_DISCOUNT=0 to disable)
[08:57:34] [info] TAS accumulator clamp: DISABLED (default) (patch 0281; caps the FT accumulator delta at one tick during TAS so a stalled frame cannot race the replay index; set SDL_HINT_DOSKUTSU_TAS_FT_GUARD=0 to disable)
[08:57:34] [info] gameloop: iter 2 ticks=51416 mapno=-1
[08:57:34] [info] gameloop: iter 3 ticks=51464 mapno=-1
[08:57:34] [info] flip-probe: flip #180 ok=true present=4ms inter_flip_ms=41 drawcalls-since-flip=16 drawcalls-total=13896 fail-total=0 null-skips-total=0
[08:57:35] [info] flip-probe: flip #190 ok=true present=4ms inter_flip_ms=42 drawcalls-since-flip=16 drawcalls-total=14056 fail-total=0 null-skips-total=0
[08:57:35] [info] flip-probe: flip #200 ok=true present=4ms inter_flip_ms=43 drawcalls-since-flip=16 drawcalls-total=14216 fail-total=0 null-skips-total=0
[08:57:35] [info] alpha audit block 0: 5693 total drawcalls, 0 with alpha<255 (block pct_x10=0; global 0/13491 pct_x10=0); alpha-mod skipped: block=0 global=0
[08:57:35] [info] fastpath audit block 0: taken=5693 (idx8=5693) skipped=0 pct_x10=1000; global taken=13491 (idx8=13491) skipped=0 pct_x10=1000
[08:57:35] [info] primitive tally block 0: clear=201(hr=201) fill=0(hr=0) rect=0(hr=0) line=0(hr=0) tint=0 spotlight=0 (over 100 flips ending at flip 200)
[08:57:35] [info] color/alpha audit block 0: cmod_white=1402 cmod_black=0 (idx=0) cmod_general=609 (idx=609) cmod_fb=0; alpha_taken=0 alpha_skipped=0 (global cmod=1506/0/693/0 idx=0/693 alpha=0/0)
[08:57:35] [info] phase timing block 0: drawcalls=7905 dc_total_ms=1661 flip_inner_total_ms=663 inter_flip_total_ms=5463 (per-flip avg x10: dc_ms=166 fi_ms=66 if_ms=546 derived audio+engine_ms=314; per-drawcall avg us_x10=2101) [direct-vesa: presents=100 total_ms=385 avg_ms_x10=38 failed=0] [ablation: NO_DC_TIMING=0 CACHE_WINSURF=0 DIRECT_VESA=1]
[08:57:35] [info] kbd/audio block 0: kbd_irq=0 kbd_drain=0 ring_chunks=16 pump_pass=225 pic1_mask=0xb8 first_irq_ticks=0 install_ticks=0 vector_at_install=0x0083e460 pic1_mask_live=0x98 kbd_8042_stat=0x34 bios_kbd_head=0x0038 bios_kbd_tail=0x0038 bios_kbd_buf0=0x0e08
[08:57:35] [info] audio/engine split block 0: audio_mixer_calls=0 audio_mixer_ms_x10=0 engine_tick_calls=76 engine_tick_ms_x10=235 audio_service_calls=0 audio_service_ms_x10=0 (per-flip avg; per-call us_x10: audio_mix=0 engine_tick=309401 audio_service=0; global ns: audio_mix=0 engine_tick=8547275348 audio_service=0)
[08:57:35] [info] dirty-rect block @flip=200: total_calls=0 dirty_rects_avg=1 dirty_pct_x10=1000 forced_full=0 first_n_force=0 threshold_exceeded=0 dirty_path_taken=0 full_flush_taken=0
[08:57:35] [info] prev-frame-diff block @flip=200: diff_calls=0 diff_rects_avg=0 diff_dirty_pct_x10=0 bbox_pct_x10=0 bbox_thresh_exceeded=0
[08:57:36] [info] flip-probe: flip #210 ok=true present=4ms inter_flip_ms=42 drawcalls-since-flip=16 drawcalls-total=14376 fail-total=0 null-skips-total=0
[08:57:36] [info] flip-probe: flip #220 ok=true present=4ms inter_flip_ms=79 drawcalls-since-flip=274 drawcalls-total=15064 fail-total=0 null-skips-total=0
[08:57:37] [info]  >> Entering stage 11: 'Mimiga Village'.
[08:57:37] [info] [skip-sheet-flush] cave=3
[08:57:37] [info] [load-stage] preloading entry music song=9 (cave=3)
[08:57:37] [info] [music-dispatch] tick=296 song=9 (prev 8)
[08:57:37] [info] opl3 backend: on_song_stop
[08:57:37] [info] MidiScheduler::load: parsed 'data/orgmid2/mura.mid' = 2863 events at 48 PPQ
[08:57:37] [info] opl3 backend: on_song_start
[08:57:38] [info] gameloop: entered (curmap=11, running=1)
[08:57:38] [info] gameloop: iter 1 ticks=54757 mapno=-1
[08:57:38] [info] map: mds_clear LUT ENABLED (default) (set SDL_HINT_DOSKUTSU_MDS_CLEAR_LUT=0 to disable; default ON; patch 0144 wave-49 bandwidth lever)
[08:57:38] [info] mds-clear-lut: rebuilt N=240 entries (k_skip=0% k_keep=100%; curmap=11 map_size=60x60; rebuild #1 since boot)
[08:57:38] [info] backdrop thrash full-cover ENABLED (default) (set SDL_HINT_DOSKUTSU_THRASH_FULLCOVER=0 to disable)
[08:57:38] [info] [bd-diag] backdrop render-path diag disabled (default) (set SDL_HINT_DOSKUTSU_BACKDROP_DIAG=1 to enable)
[08:57:38] [info] gameloop: iter 2 ticks=54911 mapno=-1
[08:57:38] [info] tas: stall frame 153 ms -> contributing 1 tick (patch 0286)
[08:57:38] [info] gameloop: iter 3 ticks=55026 mapno=-1
[08:57:38] [info] flip-probe: flip #230 ok=true present=4ms inter_flip_ms=121 drawcalls-since-flip=373 drawcalls-total=18411 fail-total=0 null-skips-total=0
[08:57:38] [info] backdrop cache: thrashing-detect engaged (streak=4, route=direct)
[08:57:39] [info] flip-probe: flip #240 ok=true present=4ms inter_flip_ms=61 drawcalls-since-flip=43 drawcalls-total=19141 fail-total=0 null-skips-total=0
[08:57:39] [info] flip-probe: flip #250 ok=true present=3ms inter_flip_ms=67 drawcalls-since-flip=45 drawcalls-total=19592 fail-total=0 null-skips-total=0
[08:57:40] [info] flip-probe: flip #260 ok=true present=4ms inter_flip_ms=61 drawcalls-since-flip=42 drawcalls-total=20014 fail-total=0 null-skips-total=0
[08:57:41] [info] flip-probe: flip #270 ok=true present=4ms inter_flip_ms=62 drawcalls-since-flip=42 drawcalls-total=20434 fail-total=0 null-skips-total=0
[08:57:41] [info] flip-probe: flip #280 ok=true present=4ms inter_flip_ms=61 drawcalls-since-flip=42 drawcalls-total=20854 fail-total=0 null-skips-total=0
[08:57:42] [info] flip-probe: flip #290 ok=true present=4ms inter_flip_ms=61 drawcalls-since-flip=43 drawcalls-total=21278 fail-total=0 null-skips-total=0
[08:57:42] [info] backdrop cache: thrashing-detect engaged (streak=64, route=direct)
[08:57:43] [info] flip-probe: flip #300 ok=true present=4ms inter_flip_ms=65 drawcalls-since-flip=43 drawcalls-total=21708 fail-total=0 null-skips-total=0
[08:57:43] [info] alpha audit block 0: 6442 total drawcalls, 0 with alpha<255 (block pct_x10=0; global 0/19933 pct_x10=0); alpha-mod skipped: block=0 global=0
[08:57:43] [info] fastpath audit block 0: taken=6442 (idx8=6442) skipped=0 pct_x10=1000; global taken=19933 (idx8=19933) skipped=0 pct_x10=1000
[08:57:43] [info] primitive tally block 0: clear=201(hr=201) fill=0(hr=0) rect=0(hr=0) line=0(hr=0) tint=0 spotlight=0 (over 100 flips ending at flip 300)
[08:57:43] [info] color/alpha audit block 0: cmod_white=975 cmod_black=975 (idx=975) cmod_general=0 (idx=0) cmod_fb=0; alpha_taken=0 alpha_skipped=0 (global cmod=2481/975/693/0 idx=975/693 alpha=0/0)
[08:57:43] [info] phase timing block 0: drawcalls=8599 dc_total_ms=1443 flip_inner_total_ms=653 inter_flip_total_ms=7462 (per-flip avg x10: dc_ms=144 fi_ms=65 if_ms=746 derived audio+engine_ms=537; per-drawcall avg us_x10=1678) [direct-vesa: presents=100 total_ms=381 avg_ms_x10=38 failed=0] [ablation: NO_DC_TIMING=0 CACHE_WINSURF=0 DIRECT_VESA=1]
[08:57:43] [info] kbd/audio block 0: kbd_irq=0 kbd_drain=0 ring_chunks=16 pump_pass=538 pic1_mask=0xb8 first_irq_ticks=0 install_ticks=0 vector_at_install=0x0083e460 pic1_mask_live=0x98 kbd_8042_stat=0x34 bios_kbd_head=0x0038 bios_kbd_tail=0x0038 bios_kbd_buf0=0x0e08
[08:57:43] [info] [tile-speedup-stat n=100 drawtile_us=130.45 raw_blit_us=91.40 ratio=1.43]
[08:57:43] [info] dirty-rect block @flip=300: total_calls=100 dirty_rects_avg=1 dirty_pct_x10=1000 forced_full=0 first_n_force=0 threshold_exceeded=0 dirty_path_taken=0 full_flush_taken=0
[08:57:43] [info] prev-frame-diff block @flip=300: diff_calls=0 diff_rects_avg=0 diff_dirty_pct_x10=0 bbox_pct_x10=0 bbox_thresh_exceeded=0
[08:57:43] [info] tas: stall frame 169 ms -> contributing 1 tick (patch 0286)
[08:57:43] [info] flip-probe: flip #310 ok=true present=4ms inter_flip_ms=63 drawcalls-since-flip=44 drawcalls-total=22246 fail-total=0 null-skips-total=0
[08:57:44] [info] flip-probe: flip #320 ok=true present=4ms inter_flip_ms=61 drawcalls-since-flip=42 drawcalls-total=22665 fail-total=0 null-skips-total=0
[08:57:45] [info] flip-probe: flip #330 ok=true present=4ms inter_flip_ms=61 drawcalls-since-flip=40 drawcalls-total=23086 fail-total=0 null-skips-total=0
[08:57:45] [info] flip-probe: flip #340 ok=true present=4ms inter_flip_ms=62 drawcalls-since-flip=43 drawcalls-total=23505 fail-total=0 null-skips-total=0
[08:57:46] [info] flip-probe: flip #350 ok=true present=4ms inter_flip_ms=56 drawcalls-since-flip=14 drawcalls-total=23785 fail-total=0 null-skips-total=0
[08:57:46] [info] backdrop cache: thrashing-detect engaged (streak=124, route=direct)
[08:57:46] [info] flip-probe: flip #360 ok=true present=4ms inter_flip_ms=68 drawcalls-since-flip=124 drawcalls-total=24035 fail-total=0 null-skips-total=0
[08:57:47] [info]  >> Entering stage 17: 'Yamashita Farm'.
[08:57:47] [info] [skip-sheet-flush] cave=4
[08:57:48] [info] [load-stage] preloading entry music song=13 (cave=4)
[08:57:48] [info] [music-dispatch] tick=754 song=13 (prev 9)
[08:57:48] [info] opl3 backend: on_song_stop
[08:57:48] [info] MidiScheduler::load: parsed 'data/orgmid2/plant.mid' = 3000 events at 48 PPQ
[08:57:48] [info] opl3 backend: on_song_start
[08:57:48] [info] gameloop: entered (curmap=17, running=1)
[08:57:48] [info] gameloop: iter 1 ticks=65186 mapno=-1
[08:57:48] [info] mds-clear-lut: rebuilt N=240 entries (k_skip=33% k_keep=67%; curmap=17 map_size=40x16; rebuild #2 since boot)
[08:57:48] [info] gameloop: iter 2 ticks=65484 mapno=-1
[08:57:48] [info] tas: stall frame 297 ms -> contributing 1 tick (patch 0286)
[08:57:48] [info] gameloop: iter 3 ticks=65597 mapno=-1
[08:57:49] [info] flip-probe: flip #370 ok=true present=4ms inter_flip_ms=121 drawcalls-since-flip=407 drawcalls-total=26953 fail-total=0 null-skips-total=0
[08:57:49] [info] flip-probe: flip #380 ok=true present=5ms inter_flip_ms=83 drawcalls-since-flip=137 drawcalls-total=29092 fail-total=0 null-skips-total=0
[08:57:50] [info] flip-probe: flip #390 ok=true present=4ms inter_flip_ms=104 drawcalls-since-flip=133 drawcalls-total=30476 fail-total=0 null-skips-total=0
[08:57:51] [info] backdrop cache: thrashing-detect engaged (streak=4, route=direct)
[08:57:51] [info] flip-probe: flip #400 ok=true present=5ms inter_flip_ms=86 drawcalls-since-flip=132 drawcalls-total=31781 fail-total=0 null-skips-total=0
[08:57:51] [info] alpha audit block 0: 8959 total drawcalls, 0 with alpha<255 (block pct_x10=0; global 0/28892 pct_x10=0); alpha-mod skipped: block=0 global=0
[08:57:51] [info] fastpath audit block 0: taken=8959 (idx8=8959) skipped=0 pct_x10=1000; global taken=28892 (idx8=28892) skipped=0 pct_x10=1000
[08:57:51] [info] primitive tally block 0: clear=201(hr=201) fill=0(hr=0) rect=0(hr=0) line=0(hr=0) tint=0 spotlight=0 (over 100 flips ending at flip 400)
[08:57:51] [info] color/alpha audit block 0: cmod_white=1014 cmod_black=1014 (idx=1014) cmod_general=0 (idx=0) cmod_fb=0; alpha_taken=0 alpha_skipped=0 (global cmod=3495/1989/693/0 idx=1989/693 alpha=0/0)
[08:57:51] [info] phase timing block 0: drawcalls=11212 dc_total_ms=1647 flip_inner_total_ms=659 inter_flip_total_ms=8675 (per-flip avg x10: dc_ms=164 fi_ms=65 if_ms=867 derived audio+engine_ms=638; per-drawcall avg us_x10=1469) [direct-vesa: presents=100 total_ms=386 avg_ms_x10=38 failed=0] [ablation: NO_DC_TIMING=0 CACHE_WINSURF=0 DIRECT_VESA=1]
[08:57:51] [info] kbd/audio block 0: kbd_irq=0 kbd_drain=0 ring_chunks=16 pump_pass=905 pic1_mask=0xb8 first_irq_ticks=0 install_ticks=0 vector_at_install=0x0083e460 pic1_mask_live=0x98 kbd_8042_stat=0x34 bios_kbd_head=0x0038 bios_kbd_tail=0x0038 bios_kbd_buf0=0x0e08
[08:57:51] [info] dirty-rect block @flip=400: total_calls=0 dirty_rects_avg=1 dirty_pct_x10=1000 forced_full=0 first_n_force=0 threshold_exceeded=0 dirty_path_taken=0 full_flush_taken=0
[08:57:51] [info] prev-frame-diff block @flip=400: diff_calls=0 diff_rects_avg=0 diff_dirty_pct_x10=0 bbox_pct_x10=0 bbox_thresh_exceeded=0
[08:57:51] [info] tas: stall frame 160 ms -> contributing 1 tick (patch 0286)
[08:57:52] [info] flip-probe: flip #410 ok=true present=4ms inter_flip_ms=97 drawcalls-since-flip=137 drawcalls-total=33127 fail-total=0 null-skips-total=0
[08:57:53] [info] flip-probe: flip #420 ok=true present=4ms inter_flip_ms=93 drawcalls-since-flip=135 drawcalls-total=34488 fail-total=0 null-skips-total=0
[08:57:54] [info] flip-probe: flip #430 ok=true present=4ms inter_flip_ms=102 drawcalls-since-flip=122 drawcalls-total=35801 fail-total=0 null-skips-total=0
[08:57:54] [info] backdrop cache: thrashing-detect engaged (streak=4, route=direct)
[08:57:55] [info] flip-probe: flip #440 ok=true present=4ms inter_flip_ms=83 drawcalls-since-flip=129 drawcalls-total=37084 fail-total=0 null-skips-total=0
[08:57:56] [info] flip-probe: flip #450 ok=true present=4ms inter_flip_ms=93 drawcalls-since-flip=124 drawcalls-total=38346 fail-total=0 null-skips-total=0
[08:57:57] [info] flip-probe: flip #460 ok=true present=4ms inter_flip_ms=87 drawcalls-since-flip=138 drawcalls-total=39673 fail-total=0 null-skips-total=0
[08:57:57] [info] backdrop cache: thrashing-detect engaged (streak=4, route=direct)
[08:57:58] [info] flip-probe: flip #470 ok=true present=4ms inter_flip_ms=82 drawcalls-since-flip=127 drawcalls-total=41021 fail-total=0 null-skips-total=0
[08:57:59] [info] flip-probe: flip #480 ok=true present=4ms inter_flip_ms=92 drawcalls-since-flip=135 drawcalls-total=42357 fail-total=0 null-skips-total=0
[08:58:00] [info] flip-probe: flip #490 ok=true present=4ms inter_flip_ms=81 drawcalls-since-flip=106 drawcalls-total=43601 fail-total=0 null-skips-total=0
[08:58:00] [info] flip-probe: flip #500 ok=true present=4ms inter_flip_ms=84 drawcalls-since-flip=105 drawcalls-total=44662 fail-total=0 null-skips-total=0
[08:58:00] [info] alpha audit block 0: 11650 total drawcalls, 0 with alpha<255 (block pct_x10=0; global 0/40542 pct_x10=0); alpha-mod skipped: block=0 global=0
[08:58:01] [info] fastpath audit block 0: taken=11650 (idx8=11650) skipped=0 pct_x10=1000; global taken=40542 (idx8=40542) skipped=0 pct_x10=1000
[08:58:01] [info] primitive tally block 0: clear=200(hr=200) fill=0(hr=0) rect=0(hr=0) line=0(hr=0) tint=0 spotlight=0 (over 100 flips ending at flip 500)
[08:58:01] [info] color/alpha audit block 0: cmod_white=1131 cmod_black=1131 (idx=1131) cmod_general=0 (idx=0) cmod_fb=0; alpha_taken=0 alpha_skipped=0 (global cmod=4626/3120/693/0 idx=3120/693 alpha=0/0)
[08:58:01] [info] phase timing block 0: drawcalls=14120 dc_total_ms=1457 flip_inner_total_ms=874 inter_flip_total_ms=9173 (per-flip avg x10: dc_ms=145 fi_ms=87 if_ms=917 derived audio+engine_ms=685; per-drawcall avg us_x10=1032) [direct-vesa: presents=100 total_ms=388 avg_ms_x10=38 failed=0] [ablation: NO_DC_TIMING=0 CACHE_WINSURF=0 DIRECT_VESA=1]
[08:58:01] [info] kbd/audio block 0: kbd_irq=0 kbd_drain=0 ring_chunks=16 pump_pass=1357 pic1_mask=0xb8 first_irq_ticks=0 install_ticks=0 vector_at_install=0x0083e460 pic1_mask_live=0x98 kbd_8042_stat=0x34 bios_kbd_head=0x0038 bios_kbd_tail=0x0038 bios_kbd_buf0=0x0e08
[08:58:01] [info] dirty-rect block @flip=500: total_calls=0 dirty_rects_avg=1 dirty_pct_x10=1000 forced_full=0 first_n_force=0 threshold_exceeded=0 dirty_path_taken=0 full_flush_taken=0
[08:58:01] [info] prev-frame-diff block @flip=500: diff_calls=0 diff_rects_avg=0 diff_dirty_pct_x10=0 bbox_pct_x10=0 bbox_thresh_exceeded=0
[08:58:01] [info] tas: stall frame 368 ms -> contributing 1 tick (patch 0286)
[08:58:02] [info] flip-probe: flip #510 ok=true present=4ms inter_flip_ms=83 drawcalls-since-flip=119 drawcalls-total=45804 fail-total=0 null-skips-total=0
[08:58:02] [info] flip-probe: flip #520 ok=true present=4ms inter_flip_ms=81 drawcalls-since-flip=114 drawcalls-total=46952 fail-total=0 null-skips-total=0
[08:58:03] [info] backdrop cache: thrashing-detect engaged (streak=64, route=direct)
[08:58:03] [info] flip-probe: flip #530 ok=true present=4ms inter_flip_ms=92 drawcalls-since-flip=122 drawcalls-total=48158 fail-total=0 null-skips-total=0
[08:58:04] [info]  >> Entering stage 11: 'Mimiga Village'.
[08:58:04] [info] [skip-sheet-flush] cave=5
[08:58:05] [info] [load-stage] preloading entry music song=9 (cave=5)
[08:58:05] [info] [music-dispatch] tick=1523 song=9 (prev 13)
[08:58:05] [info] opl3 backend: on_song_stop
[08:58:05] [info] MidiScheduler::load: parsed 'data/orgmid2/mura.mid' = 2863 events at 48 PPQ
[08:58:05] [info] opl3 backend: on_song_start
[08:58:05] [info] gameloop: entered (curmap=11, running=1)
[08:58:05] [info] gameloop: iter 1 ticks=82337 mapno=-1
[08:58:05] [info] mds-clear-lut: rebuilt N=240 entries (k_skip=0% k_keep=100%; curmap=11 map_size=60x60; rebuild #3 since boot)
[08:58:05] [info] flip-probe: flip #540 ok=true present=4ms inter_flip_ms=1008 drawcalls-since-flip=345 drawcalls-total=50989 fail-total=0 null-skips-total=0
[08:58:05] [info] gameloop: iter 2 ticks=82482 mapno=-1
[08:58:05] [info] gameloop: iter 3 ticks=82607 mapno=-1
[08:58:06] [info] backdrop cache: thrashing-detect engaged (streak=4, route=direct)
[08:58:06] [info] flip-probe: flip #550 ok=true present=4ms inter_flip_ms=61 drawcalls-since-flip=40 drawcalls-total=52469 fail-total=0 null-skips-total=0
[08:58:07] [info] flip-probe: flip #560 ok=true present=4ms inter_flip_ms=61 drawcalls-since-flip=40 drawcalls-total=52869 fail-total=0 null-skips-total=0
[08:58:07] [info] flip-probe: flip #570 ok=true present=4ms inter_flip_ms=60 drawcalls-since-flip=40 drawcalls-total=53269 fail-total=0 null-skips-total=0
[08:58:08] [info] flip-probe: flip #580 ok=true present=4ms inter_flip_ms=61 drawcalls-since-flip=40 drawcalls-total=53673 fail-total=0 null-skips-total=0
[08:58:09] [info] flip-probe: flip #590 ok=true present=4ms inter_flip_ms=60 drawcalls-since-flip=41 drawcalls-total=54077 fail-total=0 null-skips-total=0
[08:58:09] [info] flip-probe: flip #600 ok=true present=4ms inter_flip_ms=61 drawcalls-since-flip=42 drawcalls-total=54490 fail-total=0 null-skips-total=0
[08:58:09] [info] alpha audit block 0: 8935 total drawcalls, 0 with alpha<255 (block pct_x10=0; global 0/49477 pct_x10=0); alpha-mod skipped: block=0 global=0
[08:58:09] [info] fastpath audit block 0: taken=8935 (idx8=8935) skipped=0 pct_x10=1000; global taken=49477 (idx8=49477) skipped=0 pct_x10=1000
[08:58:09] [info] primitive tally block 0: clear=201(hr=201) fill=0(hr=0) rect=0(hr=0) line=0(hr=0) tint=0 spotlight=0 (over 100 flips ending at flip 600)
[08:58:09] [info] color/alpha audit block 0: cmod_white=793 cmod_black=793 (idx=793) cmod_general=0 (idx=0) cmod_fb=0; alpha_taken=0 alpha_skipped=0 (global cmod=5419/3913/693/0 idx=3913/693 alpha=0/0)
[08:58:09] [info] phase timing block 0: drawcalls=10725 dc_total_ms=1416 flip_inner_total_ms=653 inter_flip_total_ms=8677 (per-flip avg x10: dc_ms=141 fi_ms=65 if_ms=867 derived audio+engine_ms=661; per-drawcall avg us_x10=1320) [direct-vesa: presents=100 total_ms=382 avg_ms_x10=38 failed=0] [ablation: NO_DC_TIMING=0 CACHE_WINSURF=0 DIRECT_VESA=1]
[08:58:09] [info] kbd/audio block 0: kbd_irq=0 kbd_drain=0 ring_chunks=16 pump_pass=1727 pic1_mask=0xb8 first_irq_ticks=0 install_ticks=0 vector_at_install=0x0083e460 pic1_mask_live=0x98 kbd_8042_stat=0x34 bios_kbd_head=0x0038 bios_kbd_tail=0x0038 bios_kbd_buf0=0x0e08
[08:58:09] [info] dirty-rect block @flip=600: total_calls=0 dirty_rects_avg=1 dirty_pct_x10=1000 forced_full=0 first_n_force=0 threshold_exceeded=0 dirty_path_taken=0 full_flush_taken=0
[08:58:09] [info] prev-frame-diff block @flip=600: diff_calls=0 diff_rects_avg=0 diff_dirty_pct_x10=0 bbox_pct_x10=0 bbox_thresh_exceeded=0
[08:58:09] [info] backdrop cache: thrashing-detect engaged (streak=64, route=direct)
[08:58:10] [info] flip-probe: flip #610 ok=true present=4ms inter_flip_ms=59 drawcalls-since-flip=41 drawcalls-total=54901 fail-total=0 null-skips-total=0
[08:58:10] [info] flip-probe: flip #620 ok=true present=3ms inter_flip_ms=62 drawcalls-since-flip=44 drawcalls-total=55329 fail-total=0 null-skips-total=0
[08:58:11] [info] run_tick_fixed #1800: heartbeat (loop alive)
[08:58:11] [info] flip-probe: flip #630 ok=true present=4ms inter_flip_ms=66 drawcalls-since-flip=44 drawcalls-total=55769 fail-total=0 null-skips-total=0
[08:58:12] [info] flip-probe: flip #640 ok=true present=4ms inter_flip_ms=65 drawcalls-since-flip=43 drawcalls-total=56207 fail-total=0 null-skips-total=0
[08:58:12] [info] flip-probe: flip #650 ok=true present=4ms inter_flip_ms=61 drawcalls-since-flip=43 drawcalls-total=56634 fail-total=0 null-skips-total=0
[08:58:13] [info] flip-probe: flip #660 ok=true present=4ms inter_flip_ms=55 drawcalls-since-flip=16 drawcalls-total=57030 fail-total=0 null-skips-total=0
[08:58:13] [info] backdrop cache: thrashing-detect engaged (streak=124, route=direct)
[08:58:14] [info] flip-probe: flip #670 ok=true present=4ms inter_flip_ms=55 drawcalls-since-flip=16 drawcalls-total=57190 fail-total=0 null-skips-total=0
[08:58:14] [info] flip-probe: flip #680 ok=true present=3ms inter_flip_ms=62 drawcalls-since-flip=27 drawcalls-total=57372 fail-total=0 null-skips-total=0
[08:58:15] [info] flip-probe: flip #690 ok=true present=4ms inter_flip_ms=56 drawcalls-since-flip=20 drawcalls-total=57582 fail-total=0 null-skips-total=0
[08:58:15] [info] flip-probe: flip #700 ok=true present=3ms inter_flip_ms=56 drawcalls-since-flip=17 drawcalls-total=57773 fail-total=0 null-skips-total=0
[08:58:15] [info] alpha audit block 0: 2416 total drawcalls, 0 with alpha<255 (block pct_x10=0; global 0/51893 pct_x10=0); alpha-mod skipped: block=0 global=0
[08:58:15] [info] fastpath audit block 0: taken=2416 (idx8=2416) skipped=0 pct_x10=1000; global taken=51893 (idx8=51893) skipped=0 pct_x10=1000
[08:58:15] [info] primitive tally block 0: clear=200(hr=200) fill=0(hr=0) rect=0(hr=0) line=0(hr=0) tint=0 spotlight=0 (over 100 flips ending at flip 700)
[08:58:15] [info] color/alpha audit block 0: cmod_white=767 cmod_black=767 (idx=767) cmod_general=0 (idx=0) cmod_fb=0; alpha_taken=0 alpha_skipped=0 (global cmod=6186/4680/693/0 idx=4680/693 alpha=0/0)
[08:58:15] [info] phase timing block 0: drawcalls=4150 dc_total_ms=934 flip_inner_total_ms=654 inter_flip_total_ms=6083 (per-flip avg x10: dc_ms=93 fi_ms=65 if_ms=608 derived audio+engine_ms=450; per-drawcall avg us_x10=2251) [direct-vesa: presents=100 total_ms=385 avg_ms_x10=38 failed=0] [ablation: NO_DC_TIMING=0 CACHE_WINSURF=0 DIRECT_VESA=1]
[08:58:15] [info] kbd/audio block 0: kbd_irq=0 kbd_drain=0 ring_chunks=16 pump_pass=2032 pic1_mask=0xb8 first_irq_ticks=0 install_ticks=0 vector_at_install=0x0083e460 pic1_mask_live=0x98 kbd_8042_stat=0x34 bios_kbd_head=0x0038 bios_kbd_tail=0x0038 bios_kbd_buf0=0x0e08
[08:58:15] [info] dirty-rect block @flip=700: total_calls=0 dirty_rects_avg=1 dirty_pct_x10=1000 forced_full=0 first_n_force=0 threshold_exceeded=0 dirty_path_taken=0 full_flush_taken=0
[08:58:15] [info] prev-frame-diff block @flip=700: diff_calls=0 diff_rects_avg=0 diff_dirty_pct_x10=0 bbox_pct_x10=0 bbox_thresh_exceeded=0
[08:58:16] [info]  >> Entering stage 15: 'Reservoir'.
[08:58:16] [info] [skip-sheet-flush] cave=6
[08:58:17] [info] [load-stage] preloading entry music song=9 (cave=6)
[08:58:17] [info] gameloop: entered (curmap=15, running=1)
[08:58:17] [info] gameloop: iter 1 ticks=93973 mapno=-1
[08:58:17] [info] mds-clear-lut: rebuilt N=240 entries (k_skip=13% k_keep=87%; curmap=15 map_size=40x20; rebuild #4 since boot)
[08:58:17] [info] flip-probe: flip #710 ok=true present=4ms inter_flip_ms=810 drawcalls-since-flip=336 drawcalls-total=59629 fail-total=0 null-skips-total=0
[08:58:17] [info] gameloop: iter 2 ticks=94100 mapno=-1
[08:58:17] [info] gameloop: iter 3 ticks=94211 mapno=-1
[08:58:18] [info] flip-probe: flip #720 ok=true present=4ms inter_flip_ms=52 drawcalls-since-flip=31 drawcalls-total=61279 fail-total=0 null-skips-total=0
[08:58:18] [info] flip-probe: flip #730 ok=true present=4ms inter_flip_ms=55 drawcalls-since-flip=31 drawcalls-total=61589 fail-total=0 null-skips-total=0
[08:58:19] [info] backdrop cache: thrashing-detect engaged (streak=4, route=direct)
[08:58:19] [info] flip-probe: flip #740 ok=true present=4ms inter_flip_ms=58 drawcalls-since-flip=33 drawcalls-total=61901 fail-total=0 null-skips-total=0
[08:58:19] [info] flip-probe: flip #750 ok=true present=4ms inter_flip_ms=56 drawcalls-since-flip=32 drawcalls-total=62237 fail-total=0 null-skips-total=0
[08:58:20] [info] flip-probe: flip #760 ok=true present=4ms inter_flip_ms=57 drawcalls-since-flip=31 drawcalls-total=62549 fail-total=0 null-skips-total=0
[08:58:20] [info] flip-probe: flip #770 ok=true present=4ms inter_flip_ms=51 drawcalls-since-flip=32 drawcalls-total=62867 fail-total=0 null-skips-total=0
[08:58:21] [info] tas: stall frame 272 ms -> contributing 1 tick (patch 0286)
[08:58:21] [info] flip-probe: flip #780 ok=true present=4ms inter_flip_ms=55 drawcalls-since-flip=33 drawcalls-total=63194 fail-total=0 null-skips-total=0
[08:58:22] [info] flip-probe: flip #790 ok=true present=4ms inter_flip_ms=54 drawcalls-since-flip=34 drawcalls-total=63526 fail-total=0 null-skips-total=0
[08:58:22] [info] backdrop cache: thrashing-detect engaged (streak=64, route=direct)
[08:58:22] [info] flip-probe: flip #800 ok=true present=4ms inter_flip_ms=57 drawcalls-since-flip=36 drawcalls-total=63876 fail-total=0 null-skips-total=0
[08:58:22] [info] alpha audit block 0: 5184 total drawcalls, 0 with alpha<255 (block pct_x10=0; global 0/57077 pct_x10=0); alpha-mod skipped: block=0 global=0
[08:58:22] [info] fastpath audit block 0: taken=5184 (idx8=5184) skipped=0 pct_x10=1000; global taken=57077 (idx8=57077) skipped=0 pct_x10=1000
[08:58:22] [info] primitive tally block 0: clear=202(hr=202) fill=0(hr=0) rect=0(hr=0) line=0(hr=0) tint=0 spotlight=0 (over 100 flips ending at flip 800)
[08:58:22] [info] color/alpha audit block 0: cmod_white=819 cmod_black=819 (idx=819) cmod_general=0 (idx=0) cmod_fb=0; alpha_taken=0 alpha_skipped=0 (global cmod=7005/5499/693/0 idx=5499/693 alpha=0/0)
[08:58:22] [info] phase timing block 0: drawcalls=7053 dc_total_ms=1392 flip_inner_total_ms=659 inter_flip_total_ms=7139 (per-flip avg x10: dc_ms=139 fi_ms=65 if_ms=713 derived audio+engine_ms=509; per-drawcall avg us_x10=1973) [direct-vesa: presents=100 total_ms=384 avg_ms_x10=38 failed=0] [ablation: NO_DC_TIMING=0 CACHE_WINSURF=0 DIRECT_VESA=1]
[08:58:22] [info] kbd/audio block 0: kbd_irq=0 kbd_drain=0 ring_chunks=16 pump_pass=2339 pic1_mask=0xb8 first_irq_ticks=0 install_ticks=0 vector_at_install=0x0083e460 pic1_mask_live=0x98 kbd_8042_stat=0x34 bios_kbd_head=0x0038 bios_kbd_tail=0x0038 bios_kbd_buf0=0x0e08
[08:58:22] [info] dirty-rect block @flip=800: total_calls=0 dirty_rects_avg=1 dirty_pct_x10=1000 forced_full=0 first_n_force=0 threshold_exceeded=0 dirty_path_taken=0 full_flush_taken=0
[08:58:22] [info] prev-frame-diff block @flip=800: diff_calls=0 diff_rects_avg=0 diff_dirty_pct_x10=0 bbox_pct_x10=0 bbox_thresh_exceeded=0
[08:58:23] [info] flip-probe: flip #810 ok=true present=4ms inter_flip_ms=52 drawcalls-since-flip=35 drawcalls-total=64228 fail-total=0 null-skips-total=0
[08:58:24] [info] flip-probe: flip #820 ok=true present=4ms inter_flip_ms=56 drawcalls-since-flip=34 drawcalls-total=64573 fail-total=0 null-skips-total=0
[08:58:24] [info] run_tick_fixed #2400: heartbeat (loop alive)
[08:58:24] [info] flip-probe: flip #830 ok=true present=4ms inter_flip_ms=51 drawcalls-since-flip=14 drawcalls-total=64882 fail-total=0 null-skips-total=0
[08:58:25] [info] flip-probe: flip #840 ok=true present=4ms inter_flip_ms=50 drawcalls-since-flip=13 drawcalls-total=65020 fail-total=0 null-skips-total=0
[08:58:25] [info] flip-probe: flip #850 ok=true present=5ms inter_flip_ms=60 drawcalls-since-flip=13 drawcalls-total=65150 fail-total=0 null-skips-total=0
[08:58:26] [info] flip-probe: flip #860 ok=true present=4ms inter_flip_ms=48 drawcalls-since-flip=13 drawcalls-total=65280 fail-total=0 null-skips-total=0
[08:58:26] [info] backdrop cache: thrashing-detect engaged (streak=4, route=direct)
[08:58:26] [info] flip-probe: flip #870 ok=true present=4ms inter_flip_ms=51 drawcalls-since-flip=13 drawcalls-total=65410 fail-total=0 null-skips-total=0
[08:58:27] [info] flip-probe: flip #880 ok=true present=4ms inter_flip_ms=51 drawcalls-since-flip=13 drawcalls-total=65540 fail-total=0 null-skips-total=0
[08:58:27] [info] flip-probe: flip #890 ok=true present=4ms inter_flip_ms=51 drawcalls-since-flip=13 drawcalls-total=65670 fail-total=0 null-skips-total=0
[08:58:28] [info] flip-probe: flip #900 ok=true present=4ms inter_flip_ms=50 drawcalls-since-flip=13 drawcalls-total=65800 fail-total=0 null-skips-total=0
[08:58:28] [info] alpha audit block 0: 1563 total drawcalls, 0 with alpha<255 (block pct_x10=0; global 0/58640 pct_x10=0); alpha-mod skipped: block=0 global=0
[08:58:28] [info] fastpath audit block 0: taken=1563 (idx8=1563) skipped=0 pct_x10=1000; global taken=58640 (idx8=58640) skipped=0 pct_x10=1000
[08:58:28] [info] primitive tally block 0: clear=200(hr=200) fill=0(hr=0) rect=0(hr=0) line=0(hr=0) tint=0 spotlight=0 (over 100 flips ending at flip 900)
[08:58:28] [info] color/alpha audit block 0: cmod_white=261 cmod_black=261 (idx=261) cmod_general=0 (idx=0) cmod_fb=0; alpha_taken=0 alpha_skipped=0 (global cmod=7266/5760/693/0 idx=5760/693 alpha=0/0)
[08:58:28] [info] phase timing block 0: drawcalls=2303 dc_total_ms=824 flip_inner_total_ms=648 inter_flip_total_ms=5512 (per-flip avg x10: dc_ms=82 fi_ms=64 if_ms=551 derived audio+engine_ms=405; per-drawcall avg us_x10=3578) [direct-vesa: presents=100 total_ms=381 avg_ms_x10=38 failed=0] [ablation: NO_DC_TIMING=0 CACHE_WINSURF=0 DIRECT_VESA=1]
[08:58:28] [info] kbd/audio block 0: kbd_irq=0 kbd_drain=0 ring_chunks=16 pump_pass=2615 pic1_mask=0xb8 first_irq_ticks=0 install_ticks=0 vector_at_install=0x0083e460 pic1_mask_live=0x98 kbd_8042_stat=0x34 bios_kbd_head=0x0038 bios_kbd_tail=0x0038 bios_kbd_buf0=0x0e08
[08:58:28] [info] dirty-rect block @flip=900: total_calls=0 dirty_rects_avg=1 dirty_pct_x10=1000 forced_full=0 first_n_force=0 threshold_exceeded=0 dirty_path_taken=0 full_flush_taken=0
[08:58:28] [info] prev-frame-diff block @flip=900: diff_calls=0 diff_rects_avg=0 diff_dirty_pct_x10=0 bbox_pct_x10=0 bbox_thresh_exceeded=0
[08:58:28] [info] flip-probe: flip #910 ok=true present=4ms inter_flip_ms=50 drawcalls-since-flip=13 drawcalls-total=65930 fail-total=0 null-skips-total=0
[08:58:29] [info] flip-probe: flip #920 ok=true present=4ms inter_flip_ms=52 drawcalls-since-flip=13 drawcalls-total=66060 fail-total=0 null-skips-total=0
[08:58:29] [info] backdrop cache: thrashing-detect engaged (streak=64, route=direct)
[08:58:30] [info] flip-probe: flip #930 ok=true present=4ms inter_flip_ms=48 drawcalls-since-flip=13 drawcalls-total=66190 fail-total=0 null-skips-total=0
[08:58:30] [info] flip-probe: flip #940 ok=true present=4ms inter_flip_ms=95 drawcalls-since-flip=318 drawcalls-total=68050 fail-total=0 null-skips-total=0
[08:58:30] [info]  >> Entering stage 11: 'Mimiga Village'.
[08:58:30] [info] [skip-sheet-flush] cave=7
[08:58:31] [info] [load-stage] preloading entry music song=9 (cave=7)
[08:58:31] [info] gameloop: entered (curmap=11, running=1)
[08:58:31] [info] gameloop: iter 1 ticks=108291 mapno=-1
[08:58:31] [info] mds-clear-lut: rebuilt N=240 entries (k_skip=0% k_keep=100%; curmap=11 map_size=60x60; rebuild #5 since boot)
[08:58:31] [info] gameloop: iter 2 ticks=108416 mapno=-1
[08:58:31] [info] gameloop: iter 3 ticks=108533 mapno=-1
[08:58:32] [info] flip-probe: flip #950 ok=true present=4ms inter_flip_ms=59 drawcalls-since-flip=42 drawcalls-total=69941 fail-total=0 null-skips-total=0
[08:58:32] [info] flip-probe: flip #960 ok=true present=3ms inter_flip_ms=60 drawcalls-since-flip=42 drawcalls-total=70361 fail-total=0 null-skips-total=0
[08:58:33] [info] flip-probe: flip #970 ok=true present=4ms inter_flip_ms=65 drawcalls-since-flip=53 drawcalls-total=70814 fail-total=0 null-skips-total=0
[08:58:34] [info] backdrop cache: thrashing-detect engaged (streak=4, route=direct)
[08:58:34] [info] flip-probe: flip #980 ok=true present=4ms inter_flip_ms=65 drawcalls-since-flip=49 drawcalls-total=71316 fail-total=0 null-skips-total=0
[08:58:35] [info] flip-probe: flip #990 ok=true present=4ms inter_flip_ms=63 drawcalls-since-flip=44 drawcalls-total=71769 fail-total=0 null-skips-total=0
[08:58:35] [info] flip-probe: flip #1000 ok=true present=3ms inter_flip_ms=69 drawcalls-since-flip=45 drawcalls-total=72213 fail-total=0 null-skips-total=0
[08:58:35] [info] alpha audit block 0: 5546 total drawcalls, 0 with alpha<255 (block pct_x10=0; global 0/64186 pct_x10=0); alpha-mod skipped: block=0 global=0
[08:58:35] [info] fastpath audit block 0: taken=5546 (idx8=5546) skipped=0 pct_x10=1000; global taken=64186 (idx8=64186) skipped=0 pct_x10=1000
[08:58:35] [info] primitive tally block 0: clear=201(hr=201) fill=0(hr=0) rect=0(hr=0) line=0(hr=0) tint=0 spotlight=0 (over 100 flips ending at flip 1000)
[08:58:35] [info] color/alpha audit block 0: cmod_white=767 cmod_black=767 (idx=767) cmod_general=0 (idx=0) cmod_fb=0; alpha_taken=0 alpha_skipped=0 (global cmod=8033/6527/693/0 idx=6527/693 alpha=0/0)
[08:58:35] [info] phase timing block 0: drawcalls=7315 dc_total_ms=1467 flip_inner_total_ms=678 inter_flip_total_ms=7250 (per-flip avg x10: dc_ms=146 fi_ms=67 if_ms=725 derived audio+engine_ms=512; per-drawcall avg us_x10=2005) [direct-vesa: presents=100 total_ms=384 avg_ms_x10=38 failed=0] [ablation: NO_DC_TIMING=0 CACHE_WINSURF=0 DIRECT_VESA=1]
[08:58:35] [info] kbd/audio block 0: kbd_irq=0 kbd_drain=0 ring_chunks=16 pump_pass=2938 pic1_mask=0xb8 first_irq_ticks=0 install_ticks=0 vector_at_install=0x0083e460 pic1_mask_live=0x98 kbd_8042_stat=0x34 bios_kbd_head=0x0038 bios_kbd_tail=0x0038 bios_kbd_buf0=0x0e08
[08:58:35] [info] dirty-rect block @flip=1000: total_calls=0 dirty_rects_avg=1 dirty_pct_x10=1000 forced_full=0 first_n_force=0 threshold_exceeded=0 dirty_path_taken=0 full_flush_taken=0
[08:58:35] [info] prev-frame-diff block @flip=1000: diff_calls=0 diff_rects_avg=0 diff_dirty_pct_x10=0 bbox_pct_x10=0 bbox_thresh_exceeded=0
[08:58:36] [info] flip-probe: flip #1010 ok=true present=4ms inter_flip_ms=62 drawcalls-since-flip=44 drawcalls-total=72656 fail-total=0 null-skips-total=0
[08:58:37] [info] flip-probe: flip #1020 ok=true present=4ms inter_flip_ms=62 drawcalls-since-flip=44 drawcalls-total=73096 fail-total=0 null-skips-total=0
[08:58:37] [info] flip-probe: flip #1030 ok=true present=5ms inter_flip_ms=61 drawcalls-since-flip=44 drawcalls-total=73536 fail-total=0 null-skips-total=0
[08:58:37] [info] backdrop cache: thrashing-detect engaged (streak=64, route=direct)
[08:58:38] [info] flip-probe: flip #1040 ok=true present=4ms inter_flip_ms=60 drawcalls-since-flip=43 drawcalls-total=73973 fail-total=0 null-skips-total=0
[08:58:38] [info] flip-probe: flip #1050 ok=true present=4ms inter_flip_ms=61 drawcalls-since-flip=43 drawcalls-total=74403 fail-total=0 null-skips-total=0
[08:58:39] [info] flip-probe: flip #1060 ok=true present=4ms inter_flip_ms=61 drawcalls-since-flip=42 drawcalls-total=74824 fail-total=0 null-skips-total=0
[08:58:40] [info] flip-probe: flip #1070 ok=true present=3ms inter_flip_ms=54 drawcalls-since-flip=18 drawcalls-total=75023 fail-total=0 null-skips-total=0
[08:58:40] [info] flip-probe: flip #1080 ok=true present=4ms inter_flip_ms=54 drawcalls-since-flip=18 drawcalls-total=75203 fail-total=0 null-skips-total=0
[08:58:41] [info] flip-probe: flip #1090 ok=true present=6ms inter_flip_ms=57 drawcalls-since-flip=17 drawcalls-total=75378 fail-total=0 null-skips-total=0
[08:58:41] [info] backdrop cache: thrashing-detect engaged (streak=124, route=direct)
[08:58:41] [info] flip-probe: flip #1100 ok=true present=4ms inter_flip_ms=59 drawcalls-since-flip=17 drawcalls-total=75542 fail-total=0 null-skips-total=0
[08:58:41] [info] alpha audit block 0: 2436 total drawcalls, 0 with alpha<255 (block pct_x10=0; global 0/66622 pct_x10=0); alpha-mod skipped: block=0 global=0
[08:58:41] [info] fastpath audit block 0: taken=2436 (idx8=2436) skipped=0 pct_x10=1000; global taken=66622 (idx8=66622) skipped=0 pct_x10=1000
[08:58:41] [info] primitive tally block 0: clear=200(hr=200) fill=0(hr=0) rect=0(hr=0) line=0(hr=0) tint=0 spotlight=0 (over 100 flips ending at flip 1100)
[08:58:41] [info] color/alpha audit block 0: cmod_white=793 cmod_black=793 (idx=793) cmod_general=0 (idx=0) cmod_fb=0; alpha_taken=0 alpha_skipped=0 (global cmod=8826/7320/693/0 idx=7320/693 alpha=0/0)
[08:58:41] [info] phase timing block 0: drawcalls=4222 dc_total_ms=933 flip_inner_total_ms=651 inter_flip_total_ms=6144 (per-flip avg x10: dc_ms=93 fi_ms=65 if_ms=614 derived audio+engine_ms=456; per-drawcall avg us_x10=2209) [direct-vesa: presents=100 total_ms=384 avg_ms_x10=38 failed=0] [ablation: NO_DC_TIMING=0 CACHE_WINSURF=0 DIRECT_VESA=1]
[08:58:41] [info] kbd/audio block 0: kbd_irq=0 kbd_drain=0 ring_chunks=16 pump_pass=3246 pic1_mask=0xb8 first_irq_ticks=0 install_ticks=0 vector_at_install=0x0083e460 pic1_mask_live=0x98 kbd_8042_stat=0x34 bios_kbd_head=0x0038 bios_kbd_tail=0x0038 bios_kbd_buf0=0x0e08
[08:58:41] [info] dirty-rect block @flip=1100: total_calls=0 dirty_rects_avg=1 dirty_pct_x10=1000 forced_full=0 first_n_force=0 threshold_exceeded=0 dirty_path_taken=0 full_flush_taken=0
[08:58:41] [info] prev-frame-diff block @flip=1100: diff_calls=0 diff_rects_avg=0 diff_dirty_pct_x10=0 bbox_pct_x10=0 bbox_thresh_exceeded=0
[08:58:42] [info] flip-probe: flip #1110 ok=true present=3ms inter_flip_ms=59 drawcalls-since-flip=18 drawcalls-total=75715 fail-total=0 null-skips-total=0
[08:58:43] [info] flip-probe: flip #1120 ok=true present=4ms inter_flip_ms=58 drawcalls-since-flip=18 drawcalls-total=75895 fail-total=0 null-skips-total=0
[08:58:43] [info] flip-probe: flip #1130 ok=true present=4ms inter_flip_ms=58 drawcalls-since-flip=19 drawcalls-total=76077 fail-total=0 null-skips-total=0
[08:58:44] [info] flip-probe: flip #1140 ok=true present=4ms inter_flip_ms=58 drawcalls-since-flip=20 drawcalls-total=76275 fail-total=0 null-skips-total=0
[08:58:44] [info] flip-probe: flip #1150 ok=true present=4ms inter_flip_ms=56 drawcalls-since-flip=20 drawcalls-total=76475 fail-total=0 null-skips-total=0
[08:58:45] [info] backdrop cache: thrashing-detect engaged (streak=184, route=direct)
[08:58:45] [info] flip-probe: flip #1160 ok=true present=4ms inter_flip_ms=59 drawcalls-since-flip=16 drawcalls-total=76636 fail-total=0 null-skips-total=0
[08:58:45] [info] tas: stall frame 283 ms -> contributing 1 tick (patch 0286)
[08:58:46] [info] flip-probe: flip #1170 ok=true present=4ms inter_flip_ms=58 drawcalls-since-flip=17 drawcalls-total=76797 fail-total=0 null-skips-total=0
[08:58:46] [info] flip-probe: flip #1180 ok=true present=4ms inter_flip_ms=56 drawcalls-since-flip=17 drawcalls-total=76969 fail-total=0 null-skips-total=0
[08:58:47] [info] flip-probe: flip #1190 ok=true present=4ms inter_flip_ms=57 drawcalls-since-flip=15 drawcalls-total=77126 fail-total=0 null-skips-total=0
[08:58:47] [info] flip-probe: flip #1200 ok=true present=4ms inter_flip_ms=60 drawcalls-since-flip=18 drawcalls-total=77285 fail-total=0 null-skips-total=0
[08:58:47] [info] alpha audit block 0: 1643 total drawcalls, 0 with alpha<255 (block pct_x10=0; global 0/68265 pct_x10=0); alpha-mod skipped: block=0 global=0
[08:58:47] [info] fastpath audit block 0: taken=1643 (idx8=1643) skipped=0 pct_x10=1000; global taken=68265 (idx8=68265) skipped=0 pct_x10=1000
[08:58:47] [info] primitive tally block 0: clear=200(hr=200) fill=0(hr=0) rect=0(hr=0) line=0(hr=0) tint=0 spotlight=0 (over 100 flips ending at flip 1200)
[08:58:47] [info] phase timing block 0: drawcalls=1843 dc_total_ms=733 flip_inner_total_ms=865 inter_flip_total_ms=6123 (per-flip avg x10: dc_ms=73 fi_ms=86 if_ms=612 derived audio+engine_ms=453; per-drawcall avg us_x10=3980) [direct-vesa: presents=100 total_ms=380 avg_ms_x10=38 failed=0] [ablation: NO_DC_TIMING=0 CACHE_WINSURF=0 DIRECT_VESA=1]
[08:58:47] [info] kbd/audio block 0: kbd_irq=0 kbd_drain=0 ring_chunks=16 pump_pass=3539 pic1_mask=0xb8 first_irq_ticks=0 install_ticks=0 vector_at_install=0x0083e460 pic1_mask_live=0x98 kbd_8042_stat=0x34 bios_kbd_head=0x0038 bios_kbd_tail=0x0038 bios_kbd_buf0=0x0e08
[08:58:47] [info] dirty-rect block @flip=1200: total_calls=0 dirty_rects_avg=1 dirty_pct_x10=1000 forced_full=0 first_n_force=0 threshold_exceeded=0 dirty_path_taken=0 full_flush_taken=0
[08:58:47] [info] prev-frame-diff block @flip=1200: diff_calls=0 diff_rects_avg=0 diff_dirty_pct_x10=0 bbox_pct_x10=0 bbox_thresh_exceeded=0
[08:58:48] [info] flip-probe: flip #1210 ok=true present=4ms inter_flip_ms=60 drawcalls-since-flip=19 drawcalls-total=77475 fail-total=0 null-skips-total=0
[08:58:48] [info] backdrop cache: thrashing-detect engaged (streak=244, route=direct)
[08:58:49] [info] run_tick_fixed #3600: heartbeat (loop alive)
[08:58:49] [info] flip-probe: flip #1220 ok=true present=4ms inter_flip_ms=98 drawcalls-since-flip=247 drawcalls-total=78009 fail-total=0 null-skips-total=0
[08:58:49] [info]  >> Entering stage 19: 'Assembly Hall'.
[08:58:49] [info] [skip-sheet-flush] cave=8
[08:58:50] [info] [load-stage] preloading entry music song=9 (cave=8)
[08:58:50] [info] gameloop: entered (curmap=19, running=1)
[08:58:50] [info] gameloop: iter 1 ticks=127508 mapno=-1
[08:58:50] [info] mds-clear-lut: rebuilt N=240 entries (k_skip=100% k_keep=0%; curmap=19 map_size=21x16; rebuild #6 since boot)
[08:58:50] [info] gameloop: iter 2 ticks=127641 mapno=-1
[08:58:51] [info] gameloop: iter 3 ticks=127756 mapno=-1
[08:58:51] [info] flip-probe: flip #1230 ok=true present=4ms inter_flip_ms=87 drawcalls-since-flip=319 drawcalls-total=81587 fail-total=0 null-skips-total=0
[08:58:51] [info] flip-probe: flip #1240 ok=true present=4ms inter_flip_ms=58 drawcalls-since-flip=121 drawcalls-total=82837 fail-total=0 null-skips-total=0
[08:58:52] [info] flip-probe: flip #1250 ok=true present=4ms inter_flip_ms=57 drawcalls-since-flip=121 drawcalls-total=84047 fail-total=0 null-skips-total=0
[08:58:53] [info] flip-probe: flip #1260 ok=true present=4ms inter_flip_ms=57 drawcalls-since-flip=122 drawcalls-total=85276 fail-total=0 null-skips-total=0
[08:58:53] [info] flip-probe: flip #1270 ok=true present=4ms inter_flip_ms=57 drawcalls-since-flip=122 drawcalls-total=86496 fail-total=0 null-skips-total=0
[08:58:54] [info] flip-probe: flip #1280 ok=true present=3ms inter_flip_ms=56 drawcalls-since-flip=121 drawcalls-total=87707 fail-total=0 null-skips-total=0
[08:58:54] [info] flip-probe: flip #1290 ok=true present=4ms inter_flip_ms=56 drawcalls-since-flip=121 drawcalls-total=88917 fail-total=0 null-skips-total=0
[08:58:55] [info] flip-probe: flip #1300 ok=true present=4ms inter_flip_ms=55 drawcalls-since-flip=121 drawcalls-total=90127 fail-total=0 null-skips-total=0
[08:58:55] [info] alpha audit block 0: 11842 total drawcalls, 0 with alpha<255 (block pct_x10=0; global 0/80107 pct_x10=0); alpha-mod skipped: block=0 global=0
[08:58:55] [info] fastpath audit block 0: taken=11842 (idx8=11842) skipped=0 pct_x10=1000; global taken=80107 (idx8=80107) skipped=0 pct_x10=1000
[08:58:55] [info] primitive tally block 0: clear=201(hr=201) fill=0(hr=0) rect=0(hr=0) line=0(hr=0) tint=0 spotlight=0 (over 100 flips ending at flip 1300)
[08:58:55] [info] color/alpha audit block 0: cmod_white=900 cmod_black=900 (idx=900) cmod_general=0 (idx=0) cmod_fb=0; alpha_taken=0 alpha_skipped=0 (global cmod=9726/8220/693/0 idx=8220/693 alpha=0/0)
[08:58:55] [info] phase timing block 0: drawcalls=13918 dc_total_ms=1829 flip_inner_total_ms=654 inter_flip_total_ms=7421 (per-flip avg x10: dc_ms=182 fi_ms=65 if_ms=742 derived audio+engine_ms=495; per-drawcall avg us_x10=1314) [direct-vesa: presents=100 total_ms=389 avg_ms_x10=38 failed=0] [ablation: NO_DC_TIMING=0 CACHE_WINSURF=0 DIRECT_VESA=1]
[08:58:55] [info] kbd/audio block 0: kbd_irq=0 kbd_drain=0 ring_chunks=16 pump_pass=3857 pic1_mask=0xb8 first_irq_ticks=0 install_ticks=0 vector_at_install=0x0083e460 pic1_mask_live=0x98 kbd_8042_stat=0x34 bios_kbd_head=0x0038 bios_kbd_tail=0x0038 bios_kbd_buf0=0x0e08
[08:58:55] [info] dirty-rect block @flip=1300: total_calls=0 dirty_rects_avg=1 dirty_pct_x10=1000 forced_full=0 first_n_force=0 threshold_exceeded=0 dirty_path_taken=0 full_flush_taken=0
[08:58:55] [info] prev-frame-diff block @flip=1300: diff_calls=0 diff_rects_avg=0 diff_dirty_pct_x10=0 bbox_pct_x10=0 bbox_thresh_exceeded=0
[08:58:56] [info]  >> Entering stage 11: 'Mimiga Village'.
[08:58:56] [info] [skip-sheet-flush] cave=9
[08:58:56] [info] [load-stage] preloading entry music song=9 (cave=9)
[08:58:57] [info] gameloop: entered (curmap=11, running=1)
[08:58:57] [info] gameloop: iter 1 ticks=133794 mapno=-1
[08:58:57] [info] mds-clear-lut: rebuilt N=240 entries (k_skip=0% k_keep=100%; curmap=11 map_size=60x60; rebuild #7 since boot)
[08:58:57] [info] gameloop: iter 2 ticks=133928 mapno=-1
[08:58:57] [info] gameloop: iter 3 ticks=134049 mapno=-1
[08:58:57] [info] flip-probe: flip #1310 ok=true present=4ms inter_flip_ms=133 drawcalls-since-flip=384 drawcalls-total=93757 fail-total=0 null-skips-total=0
[08:58:57] [info] backdrop cache: thrashing-detect engaged (streak=4, route=direct)
[08:58:58] [info] flip-probe: flip #1320 ok=true present=4ms inter_flip_ms=64 drawcalls-since-flip=44 drawcalls-total=94809 fail-total=0 null-skips-total=0
[08:58:58] [info] flip-probe: flip #1330 ok=true present=4ms inter_flip_ms=61 drawcalls-since-flip=41 drawcalls-total=95246 fail-total=0 null-skips-total=0
[08:58:59] [info] flip-probe: flip #1340 ok=true present=4ms inter_flip_ms=62 drawcalls-since-flip=43 drawcalls-total=95666 fail-total=0 null-skips-total=0
[08:59:00] [info] flip-probe: flip #1350 ok=true present=4ms inter_flip_ms=61 drawcalls-since-flip=42 drawcalls-total=96096 fail-total=0 null-skips-total=0
[08:59:00] [info] flip-probe: flip #1360 ok=true present=4ms inter_flip_ms=62 drawcalls-since-flip=45 drawcalls-total=96528 fail-total=0 null-skips-total=0
[08:59:01] [info] flip-probe: flip #1370 ok=true present=4ms inter_flip_ms=61 drawcalls-since-flip=45 drawcalls-total=96969 fail-total=0 null-skips-total=0
[08:59:01] [info] backdrop cache: thrashing-detect engaged (streak=64, route=direct)
[08:59:01] [info] flip-probe: flip #1380 ok=true present=4ms inter_flip_ms=63 drawcalls-since-flip=43 drawcalls-total=97399 fail-total=0 null-skips-total=0
[08:59:02] [info] flip-probe: flip #1390 ok=true present=4ms inter_flip_ms=59 drawcalls-since-flip=42 drawcalls-total=97821 fail-total=0 null-skips-total=0
[08:59:03] [info] flip-probe: flip #1400 ok=true present=4ms inter_flip_ms=62 drawcalls-since-flip=43 drawcalls-total=98242 fail-total=0 null-skips-total=0
[08:59:03] [info] alpha audit block 0: 6722 total drawcalls, 0 with alpha<255 (block pct_x10=0; global 0/86829 pct_x10=0); alpha-mod skipped: block=0 global=0
[08:59:03] [info] fastpath audit block 0: taken=6722 (idx8=6722) skipped=0 pct_x10=1000; global taken=86829 (idx8=86829) skipped=0 pct_x10=1000
[08:59:03] [info] primitive tally block 0: clear=201(hr=201) fill=0(hr=0) rect=0(hr=0) line=0(hr=0) tint=0 spotlight=0 (over 100 flips ending at flip 1400)
[08:59:03] [info] color/alpha audit block 0: cmod_white=1293 cmod_black=1293 (idx=1293) cmod_general=0 (idx=0) cmod_fb=0; alpha_taken=0 alpha_skipped=0 (global cmod=11019/9513/693/0 idx=9513/693 alpha=0/0)
[08:59:03] [info] phase timing block 0: drawcalls=9521 dc_total_ms=1495 flip_inner_total_ms=673 inter_flip_total_ms=7894 (per-flip avg x10: dc_ms=149 fi_ms=67 if_ms=789 derived audio+engine_ms=573; per-drawcall avg us_x10=1571) [direct-vesa: presents=100 total_ms=383 avg_ms_x10=38 failed=0] [ablation: NO_DC_TIMING=0 CACHE_WINSURF=0 DIRECT_VESA=1]
[08:59:03] [info] kbd/audio block 0: kbd_irq=0 kbd_drain=0 ring_chunks=16 pump_pass=4192 pic1_mask=0xb8 first_irq_ticks=0 install_ticks=0 vector_at_install=0x0083e460 pic1_mask_live=0x98 kbd_8042_stat=0x34 bios_kbd_head=0x0038 bios_kbd_tail=0x0038 bios_kbd_buf0=0x0e08
[08:59:03] [info] dirty-rect block @flip=1400: total_calls=0 dirty_rects_avg=1 dirty_pct_x10=1000 forced_full=0 first_n_force=0 threshold_exceeded=0 dirty_path_taken=0 full_flush_taken=0
[08:59:03] [info] prev-frame-diff block @flip=1400: diff_calls=0 diff_rects_avg=0 diff_dirty_pct_x10=0 bbox_pct_x10=0 bbox_thresh_exceeded=0
[08:59:03] [info] flip-probe: flip #1410 ok=true present=4ms inter_flip_ms=61 drawcalls-since-flip=45 drawcalls-total=98674 fail-total=0 null-skips-total=0
[08:59:04] [info] flip-probe: flip #1420 ok=true present=4ms inter_flip_ms=61 drawcalls-since-flip=41 drawcalls-total=99109 fail-total=0 null-skips-total=0
[08:59:05] [info] flip-probe: flip #1430 ok=true present=4ms inter_flip_ms=53 drawcalls-since-flip=14 drawcalls-total=99432 fail-total=0 null-skips-total=0
[08:59:05] [info] backdrop cache: thrashing-detect engaged (streak=124, route=direct)
[08:59:05] [info]  >> Entering stage 14: 'Shack'.
[08:59:06] [info] [skip-sheet-flush] cave=10
[08:59:06] [info] [load-stage] preloading entry music song=8 (cave=10)
[08:59:06] [info] [music-dispatch] tick=4327 song=8 (prev 9)
[08:59:06] [info] opl3 backend: on_song_stop
[08:59:06] [info] MidiScheduler::load: parsed 'data/orgmid2/vivi.mid' = 4558 events at 48 PPQ
[08:59:06] [info] opl3 backend: on_song_start
[08:59:06] [info] gameloop: entered (curmap=14, running=1)
[08:59:06] [info] gameloop: iter 1 ticks=143728 mapno=-1
[08:59:07] [info] flip-probe: flip #1440 ok=true present=4ms inter_flip_ms=1128 drawcalls-since-flip=365 drawcalls-total=101631 fail-total=0 null-skips-total=0
[08:59:07] [info] gameloop: iter 2 ticks=143840 mapno=-1
[08:59:07] [info] gameloop: iter 3 ticks=143947 mapno=-1
[08:59:07] [info] flip-probe: flip #1450 ok=true present=4ms inter_flip_ms=42 drawcalls-since-flip=23 drawcalls-total=103133 fail-total=0 null-skips-total=0
[08:59:08] [info] flip-probe: flip #1460 ok=true present=4ms inter_flip_ms=43 drawcalls-since-flip=23 drawcalls-total=103363 fail-total=0 null-skips-total=0
[08:59:08] [info] flip-probe: flip #1470 ok=true present=4ms inter_flip_ms=43 drawcalls-since-flip=23 drawcalls-total=103593 fail-total=0 null-skips-total=0
[08:59:09] [info] flip-probe: flip #1480 ok=true present=4ms inter_flip_ms=46 drawcalls-since-flip=26 drawcalls-total=103851 fail-total=0 null-skips-total=0
[08:59:09] [info] flip-probe: flip #1490 ok=true present=3ms inter_flip_ms=47 drawcalls-since-flip=23 drawcalls-total=104091 fail-total=0 null-skips-total=0
[08:59:10] [info] flip-probe: flip #1500 ok=true present=3ms inter_flip_ms=44 drawcalls-since-flip=23 drawcalls-total=104321 fail-total=0 null-skips-total=0
[08:59:10] [info] alpha audit block 0: 5384 total drawcalls, 0 with alpha<255 (block pct_x10=0; global 0/92213 pct_x10=0); alpha-mod skipped: block=0 global=0
[08:59:10] [info] fastpath audit block 0: taken=5384 (idx8=5384) skipped=0 pct_x10=1000; global taken=92213 (idx8=92213) skipped=0 pct_x10=1000
[08:59:10] [info] primitive tally block 0: clear=201(hr=201) fill=0(hr=0) rect=0(hr=0) line=0(hr=0) tint=0 spotlight=0 (over 100 flips ending at flip 1500)
[08:59:10] [info] color/alpha audit block 0: cmod_white=656 cmod_black=656 (idx=656) cmod_general=0 (idx=0) cmod_fb=0; alpha_taken=0 alpha_skipped=0 (global cmod=11675/10169/693/0 idx=10169/693 alpha=0/0)
[08:59:10] [info] phase timing block 0: drawcalls=6897 dc_total_ms=1227 flip_inner_total_ms=655 inter_flip_total_ms=6799 (per-flip avg x10: dc_ms=122 fi_ms=65 if_ms=679 derived audio+engine_ms=492; per-drawcall avg us_x10=1780) [direct-vesa: presents=100 total_ms=384 avg_ms_x10=38 failed=0] [ablation: NO_DC_TIMING=0 CACHE_WINSURF=0 DIRECT_VESA=1]
[08:59:10] [info] kbd/audio block 0: kbd_irq=0 kbd_drain=0 ring_chunks=16 pump_pass=4479 pic1_mask=0xb8 first_irq_ticks=0 install_ticks=0 vector_at_install=0x0083e460 pic1_mask_live=0x98 kbd_8042_stat=0x34 bios_kbd_head=0x0038 bios_kbd_tail=0x0038 bios_kbd_buf0=0x0e08
[08:59:10] [info] dirty-rect block @flip=1500: total_calls=0 dirty_rects_avg=1 dirty_pct_x10=1000 forced_full=0 first_n_force=0 threshold_exceeded=0 dirty_path_taken=0 full_flush_taken=0
[08:59:10] [info] prev-frame-diff block @flip=1500: diff_calls=0 diff_rects_avg=0 diff_dirty_pct_x10=0 bbox_pct_x10=0 bbox_thresh_exceeded=0
[08:59:10] [info] flip-probe: flip #1510 ok=true present=4ms inter_flip_ms=44 drawcalls-since-flip=23 drawcalls-total=104551 fail-total=0 null-skips-total=0
[08:59:11] [info] flip-probe: flip #1520 ok=true present=4ms inter_flip_ms=45 drawcalls-since-flip=23 drawcalls-total=104781 fail-total=0 null-skips-total=0
[08:59:11] [info] flip-probe: flip #1530 ok=true present=3ms inter_flip_ms=44 drawcalls-since-flip=23 drawcalls-total=105011 fail-total=0 null-skips-total=0
[08:59:11] [info] flip-probe: flip #1540 ok=true present=4ms inter_flip_ms=44 drawcalls-since-flip=23 drawcalls-total=105241 fail-total=0 null-skips-total=0
[08:59:12] [info] flip-probe: flip #1550 ok=true present=4ms inter_flip_ms=51 drawcalls-since-flip=13 drawcalls-total=107219 fail-total=0 null-skips-total=0
[08:59:12] [info]  >> Entering stage 11: 'Mimiga Village'.
[08:59:12] [info] [skip-sheet-flush] cave=11
[08:59:13] [info] [load-stage] preloading entry music song=9 (cave=11)
[08:59:13] [info] [music-dispatch] tick=4609 song=9 (prev 8)
[08:59:13] [info] opl3 backend: on_song_stop
[08:59:13] [info] MidiScheduler::load: parsed 'data/orgmid2/mura.mid' = 2863 events at 48 PPQ
[08:59:13] [info] opl3 backend: on_song_start
[08:59:13] [info] gameloop: entered (curmap=11, running=1)
[08:59:13] [info] gameloop: iter 1 ticks=150234 mapno=-1
[08:59:13] [info] gameloop: iter 2 ticks=150350 mapno=-1
[08:59:13] [info] gameloop: iter 3 ticks=150481 mapno=-1
[08:59:13] [info] backdrop cache: thrashing-detect engaged (streak=4, route=direct)
[08:59:14] [info] flip-probe: flip #1560 ok=true present=4ms inter_flip_ms=57 drawcalls-since-flip=40 drawcalls-total=109417 fail-total=0 null-skips-total=0
[08:59:15] [info] flip-probe: flip #1570 ok=true present=4ms inter_flip_ms=61 drawcalls-since-flip=42 drawcalls-total=109826 fail-total=0 null-skips-total=0
[08:59:15] [info] flip-probe: flip #1580 ok=true present=4ms inter_flip_ms=64 drawcalls-since-flip=45 drawcalls-total=110258 fail-total=0 null-skips-total=0
[08:59:16] [info] flip-probe: flip #1590 ok=true present=4ms inter_flip_ms=61 drawcalls-since-flip=43 drawcalls-total=110712 fail-total=0 null-skips-total=0
[08:59:16] [info] flip-probe: flip #1600 ok=true present=4ms inter_flip_ms=60 drawcalls-since-flip=42 drawcalls-total=111132 fail-total=0 null-skips-total=0
[08:59:16] [info] alpha audit block 0: 5861 total drawcalls, 0 with alpha<255 (block pct_x10=0; global 0/98074 pct_x10=0); alpha-mod skipped: block=0 global=0
[08:59:16] [info] fastpath audit block 0: taken=5861 (idx8=5861) skipped=0 pct_x10=1000; global taken=98074 (idx8=98074) skipped=0 pct_x10=1000
[08:59:16] [info] primitive tally block 0: clear=201(hr=201) fill=0(hr=0) rect=0(hr=0) line=0(hr=0) tint=0 spotlight=0 (over 100 flips ending at flip 1600)
[08:59:16] [info] color/alpha audit block 0: cmod_white=900 cmod_black=900 (idx=900) cmod_general=0 (idx=0) cmod_fb=0; alpha_taken=0 alpha_skipped=0 (global cmod=12575/11069/693/0 idx=11069/693 alpha=0/0)
[08:59:16] [info] phase timing block 0: drawcalls=7865 dc_total_ms=1324 flip_inner_total_ms=661 inter_flip_total_ms=6877 (per-flip avg x10: dc_ms=132 fi_ms=66 if_ms=687 derived audio+engine_ms=489; per-drawcall avg us_x10=1684) [direct-vesa: presents=100 total_ms=385 avg_ms_x10=38 failed=0] [ablation: NO_DC_TIMING=0 CACHE_WINSURF=0 DIRECT_VESA=1]
[08:59:16] [info] kbd/audio block 0: kbd_irq=0 kbd_drain=0 ring_chunks=16 pump_pass=4771 pic1_mask=0xb8 first_irq_ticks=0 install_ticks=0 vector_at_install=0x0083e460 pic1_mask_live=0x98 kbd_8042_stat=0x34 bios_kbd_head=0x0038 bios_kbd_tail=0x0038 bios_kbd_buf0=0x0e08
[08:59:16] [info] dirty-rect block @flip=1600: total_calls=0 dirty_rects_avg=1 dirty_pct_x10=1000 forced_full=0 first_n_force=0 threshold_exceeded=0 dirty_path_taken=0 full_flush_taken=0
[08:59:16] [info] prev-frame-diff block @flip=1600: diff_calls=0 diff_rects_avg=0 diff_dirty_pct_x10=0 bbox_pct_x10=0 bbox_thresh_exceeded=0
[08:59:17] [info] run_tick_fixed #4800: heartbeat (loop alive)
[08:59:17] [info] flip-probe: flip #1610 ok=true present=4ms inter_flip_ms=62 drawcalls-since-flip=44 drawcalls-total=111576 fail-total=0 null-skips-total=0
[08:59:17] [info] backdrop cache: thrashing-detect engaged (streak=64, route=direct)
[08:59:18] [info] flip-probe: flip #1620 ok=true present=4ms inter_flip_ms=60 drawcalls-since-flip=44 drawcalls-total=112016 fail-total=0 null-skips-total=0
[08:59:18] [info] flip-probe: flip #1630 ok=true present=4ms inter_flip_ms=61 drawcalls-since-flip=46 drawcalls-total=112466 fail-total=0 null-skips-total=0
[08:59:19] [info] flip-probe: flip #1640 ok=true present=4ms inter_flip_ms=61 drawcalls-since-flip=43 drawcalls-total=112909 fail-total=0 null-skips-total=0
[08:59:20] [info] flip-probe: flip #1650 ok=true present=4ms inter_flip_ms=60 drawcalls-since-flip=44 drawcalls-total=113340 fail-total=0 null-skips-total=0
[08:59:20] [info] flip-probe: flip #1660 ok=true present=4ms inter_flip_ms=71 drawcalls-since-flip=45 drawcalls-total=113785 fail-total=0 null-skips-total=0
[08:59:20] [info] backdrop cache: thrashing-detect engaged (streak=4, route=direct)
[08:59:21] [info] tas: stall frame 282 ms -> contributing 1 tick (patch 0286)
[08:59:21] [info] flip-probe: flip #1670 ok=true present=4ms inter_flip_ms=61 drawcalls-since-flip=45 drawcalls-total=114241 fail-total=0 null-skips-total=0
[08:59:22] [info] flip-probe: flip #1680 ok=true present=4ms inter_flip_ms=56 drawcalls-since-flip=18 drawcalls-total=114423 fail-total=0 null-skips-total=0
[08:59:22] [info] flip-probe: flip #1690 ok=true present=4ms inter_flip_ms=51 drawcalls-since-flip=18 drawcalls-total=114603 fail-total=0 null-skips-total=0
[08:59:23] [info] flip-probe: flip #1700 ok=true present=4ms inter_flip_ms=57 drawcalls-since-flip=18 drawcalls-total=114783 fail-total=0 null-skips-total=0
[08:59:23] [info] alpha audit block 0: 2641 total drawcalls, 0 with alpha<255 (block pct_x10=0; global 0/100715 pct_x10=0); alpha-mod skipped: block=0 global=0
[08:59:23] [info] fastpath audit block 0: taken=2641 (idx8=2641) skipped=0 pct_x10=1000; global taken=100715 (idx8=100715) skipped=0 pct_x10=1000
[08:59:23] [info] primitive tally block 0: clear=200(hr=200) fill=0(hr=0) rect=0(hr=0) line=0(hr=0) tint=0 spotlight=0 (over 100 flips ending at flip 1700)
[08:59:23] [info] color/alpha audit block 0: cmod_white=910 cmod_black=910 (idx=910) cmod_general=0 (idx=0) cmod_fb=0; alpha_taken=0 alpha_skipped=0 (global cmod=13485/11979/693/0 idx=11979/693 alpha=0/0)
[08:59:23] [info] phase timing block 0: drawcalls=4665 dc_total_ms=1002 flip_inner_total_ms=651 inter_flip_total_ms=6354 (per-flip avg x10: dc_ms=100 fi_ms=65 if_ms=635 derived audio+engine_ms=470; per-drawcall avg us_x10=2148) [direct-vesa: presents=100 total_ms=385 avg_ms_x10=38 failed=0] [ablation: NO_DC_TIMING=0 CACHE_WINSURF=0 DIRECT_VESA=1]
[08:59:23] [info] kbd/audio block 0: kbd_irq=0 kbd_drain=0 ring_chunks=16 pump_pass=5076 pic1_mask=0xb8 first_irq_ticks=0 install_ticks=0 vector_at_install=0x0083e460 pic1_mask_live=0x98 kbd_8042_stat=0x34 bios_kbd_head=0x0038 bios_kbd_tail=0x0038 bios_kbd_buf0=0x0e08
[08:59:23] [info] dirty-rect block @flip=1700: total_calls=0 dirty_rects_avg=1 dirty_pct_x10=1000 forced_full=0 first_n_force=0 threshold_exceeded=0 dirty_path_taken=0 full_flush_taken=0
[08:59:23] [info] prev-frame-diff block @flip=1700: diff_calls=0 diff_rects_avg=0 diff_dirty_pct_x10=0 bbox_pct_x10=0 bbox_thresh_exceeded=0
[08:59:23] [info] flip-probe: flip #1710 ok=true present=4ms inter_flip_ms=51 drawcalls-since-flip=18 drawcalls-total=114963 fail-total=0 null-skips-total=0
[08:59:24] [info] flip-probe: flip #1720 ok=true present=4ms inter_flip_ms=56 drawcalls-since-flip=59 drawcalls-total=115553 fail-total=0 null-skips-total=0
[08:59:24] [info] backdrop cache: thrashing-detect engaged (streak=64, route=direct)
[08:59:25] [info] flip-probe: flip #1730 ok=true present=4ms inter_flip_ms=57 drawcalls-since-flip=59 drawcalls-total=116143 fail-total=0 null-skips-total=0
[08:59:25] [info] flip-probe: flip #1740 ok=true present=4ms inter_flip_ms=56 drawcalls-since-flip=59 drawcalls-total=116733 fail-total=0 null-skips-total=0
[08:59:25] [info] tas: end-of-replay auto-exit at tick 5140 (recording exhausted; set DOSKUTSU_TAS_REPLAY_HOLD=1 to disable + observe steady-state past recording end)
[08:59:25] [info] Script engine shutdown.
[08:59:25] [info] opl3 backend: on_song_stop
[08:59:25] [info] opl3 backend: cleared reg 0xBD chip-wide latch (wub-wub mitigation per flush-instr WAVE-46 H6)
[08:59:25] [info] opl3 backend shutdown (all 18 voices KEY-OFF unconditionally; OPL2 mode restored; chip state safe for next process)
[08:59:26] [info] Sound system shutdown
[08:59:26] [info] Renderer::Close()
[08:59:26] [info] tas: replay file closed
[08:59:26] [info] [fps-true] flips=1744 render_s=158 fps_mean=11.0 (clock-independent: flips / seconds since the FIRST flip; use THIS for the fps matrix, not inter_flip medians, which are invalid in any cell running the PIT/IRQ-0 music pump)
[RUNMANIFEST-BEGIN]
schema_version=2
environment=realhw
binary_sha12=UNKNOWN
binary_sha12_src=unknown
build_sha12=1f79ce20e4ee
organya_cache_key=1f79ce20e4ee
wave_tag=5X8
scene=
env_block_sha=19d2f3d157cc
started_rtc_local=2026-08-13T08:56:32
duration_s=174
exit_code=0
fps_true_flips=1744
fps_true_render_s=158
reel_ticks=5140
reel_game_seconds=102.8
per_loop_fps=16.9
overhead_s=56
music_pump_active=0
cpu_vendor=GenuineIntel
cpu_have_cpuid=1
cpu_family=4
cpu_model=3
cpu_stepping=5
cpu_mhz_est=49
cpu_has_fpu=1
cpu_class=486_slow
audio_backend=opl3
video_logical_wxh=320x240
video_logical_bpp=8
video_vram_kb=4096
video_lfb_or_banked=lfb
audio_is_sb16=1
audio_dsp_ver=4.13
audio_dma_path=8bit-low
audio_force_8bit=1
audio_dma_channel=1
fps_p50=16.6
fps_p95=10.3
fps_sample_n=174
fps_sample_interval=10
pump_clock_state=no-pump
audio_vital_status=NA
regime=NA
banner_required_hit=0
banner_required_total=0
banner_forbidden_hit=0
banner_optional_hit=0
critical_count=0
warn_count=0
perstage_count=12
perstage_00=stage:72 ticks:95 flips:95 fps:50.0
perstage_01=stage:1005 ticks:80 flips:80 fps:50.0
perstage_02=stage:20 ticks:121 flips:49 fps:20.2
perstage_03=stage:11 ticks:458 flips:142 fps:15.5
perstage_04=stage:17 ticks:769 flips:172 fps:11.1
perstage_05=stage:11 ticks:549 flips:170 fps:15.4
perstage_06=stage:15 ticks:664 flips:232 fps:17.4
perstage_07=stage:11 ticks:893 flips:284 fps:15.9
perstage_08=stage:19 ticks:262 flips:82 fps:15.6
perstage_09=stage:11 ticks:436 flips:132 fps:15.1
perstage_10=stage:14 ticks:282 flips:111 fps:19.6
perstage_11=stage:11 ticks:531 flips:194 fps:18.2
[RUNMANIFEST-END]
[08:59:26] [info] [runmanifest-emit] schema=v2 env=realhw binary_sha12=UNKNOWN(unknown) build_sha12=1f79ce20e4ee per_loop_fps=16.9 overhead_s=56 pump=0 dur=174s tag='5X8' scene='' (signals=0x4)
