Logger::init: wave-53 log level=INFO path='LOGS/602.LOG'
[11:39:10] [info] config: loaded DOSKUTSU.CFG (1 keys)
[11:39:10] [info] tas: PRNG seed forced to 12345 via DOSKUTSU_TAS_PRNG_SEED
[11:39:10] [info] tas: auto-exit armed at tick 30000 via DOSKUTSU_TAS_AUTO_EXIT_TICK
[11:39:10] [info] tas: replay opened path='QA.TAS' header_seed=12345
[11:39:10] [info] data cache: DISABLED (default)
[11:39:10] [info] Joystick: skipped (default; set DOSKUTSU_USE_JOYSTICK=1 to enable -- skips SDL3-DOS gameport BIOS INT 15h polling, ~82 ms / flip on real HW)
[11:39:10] [info] Loading settings...
[11:39:10] [info] [input-bind] applied=0 invert_y=0 dos_axes=1
[11:39:10] [info] Renderer::initVideo: 8bpp mode requested via SDL_HINT_DOS_MAX_BPP=8 (wave 16); SDL3-DOS will pick the highest-bpp <= 8 mode at requested resolution
[11:39:10] [info] Renderer::initVideo: DOS resolution-label lock ENABLED (default)
[11:39:11] [info] Renderer::initVideo: using: software renderer
[11:39:13] [info] Renderer::initVideo: dirty-rect tracking ENABLED (wave 15, default ON; set SDL_HINT_DOSKUTSU_DIRTY_RECTS=0 to disable)
[11:39:13] [info] Renderer::initVideo: ablation flags: NO_DC_TIMING=0 CACHE_WINSURF=0 NO_INPUT_POLL=0 DIRECT_VESA=1
[11:39:13] [info] Renderer::initVideo: direct-VESA hot path ENABLED (default since wave 20 patch 0088; bypasses SDL_RenderPresent / SDL_UpdateWindowSurface and writes via SDL/0034's PresentFull helper; R2 mitigation handled by SDL/0034 generation counter -- no per-N-flip heartbeat needed; set SDL_HINT_DOSKUTSU_DIRECT_VESA=0 to revert)
[11:39:13] [info] Renderer::initVideo: flip-phase instrumentation DISABLED (default; set SDL_HINT_DOSKUTSU_FLIP_INSTR=1 to opt in for wave-20 Lever A diagnostic)
[11:39:13] [info] Renderer::initVideo: asm opaque-span blit lever DISABLED (default; set SDL_HINT_DOSKUTSU_ASM_BLIT=1 to opt in -- wave-51 _blit_indexed colorkey-blit lever)
[11:39:13] [info] Renderer::initVideo: blit-decomp instrumentation DISABLED (default; set SDL_HINT_DOSKUTSU_BLIT_DECOMP=1 to opt in -- wave-51 _blit_indexed sub-decomp sizing)
[11:39:13] [info] Renderer::initVideo: mds-scroll-decomp instrumentation DISABLED (default; set SDL_HINT_DOSKUTSU_MDS_DECOMP=1 to opt in -- wave-52 mode_draw_scene scrolling-block decomp)
[11:39:13] [info] Renderer::initVideo: DOSVESA pump yield: skipped (default) (per-flip explicit SDL_Delay(0) yield is always on; set SDL_HINT_DOSKUTSU_FORCE_PUMP_YIELD=1 to restore old per-pump yield)
[11:39:13] [info] Renderer::initVideo: indexed-mode (8bpp) ENABLED -- master palette + 107 per-asset remap LUTs loaded (wave 16, default ON; set SDL_HINT_DOSKUTSU_PIXEL_FORMAT_8=0 to disable)
[11:39:13] [info] Renderer::initVideo: master palette attached to window surface (format=SDL_PIXELFORMAT_INDEX8, ncolors=256)
[11:39:13] [info] Renderer::initVideo: indexed-mode smoke: idx0=(0,0,0) OK idx255=(255,0,255) OK
[11:39:13] [info] Renderer::initVideo: indexed-mode smoke: paletteRemapFor('MyChar.pbm') = present
[11:39:14] [info] Surface::loadImage palmap-diag #1: 'data/Loading.pbm' fmt=SDL_PIXELFORMAT_ABGR8888 remap=HIT -> path=truecolor
[11:39:14] [info] Renderer: prev-frame diff DISABLED (default since wave 17.6; set SDL_HINT_DOSKUTSU_PREVFRAME_DIFF=1 to opt in)
[11:39:14] [info] flip-probe: renderer=software window_ptr=8809144 colorspace=301991328 window_size=320x240 framebuffer_pixels=320x240 logical_present=320x240 mode=2
[11:39:14] [info] flip-probe: first flip ok=true present=48ms inter_flip_ms=0 drawcalls-since-flip=1 drawcalls-total=1
[11:39:14] [info] Sound system init
[11:39:14] [info] Sound system: 4-state audio enable (#31) -- music=on sfx=on (MUSIC_OFF/AUDIO_BACKEND=none -> music-off; SFX_OFF/SFX_DEVICE=none -> sfx-off; both gates are dispatch-level, the device still opens; AUDIO_OFF=1 is the device-level both-off).
[11:39:14] [info] Sound system: Tier-2 audio config (default since wave 21 patch 0093; 11025 Hz, 1 channel, buffer pinned to 256 frames). Measured savings on g2k Pentium OverDrive 83 MHz (W21A): heavy-music scenes ~+11 fps vs Tier-1 baseline (measured -10 to -15 ms/flip post-0094 audio fix; W21A's pre-fix -26.6 ms figure was inflated by stereo-vs-mono playback bug, see patch 0094). Audio quality is reduced vs Tier-1 (mono, 11025 Hz, simple-average L+R downmix) but recognizable; user accepted the trade per direction 2026-05-05. Set SDL_HINT_DOSKUTSU_AUDIO_TIER2=0 to revert to Tier-1 22050 stereo (full Cave Story 2004 audio quality; trades fps for fidelity).
[11:39:14] [info] Sound system: SDL_HINT_AUDIO_DEVICE_SAMPLE_FRAMES=256
[11:39:14] [info] Pixtone IRQ rate-divider: handed master_rate=11025 int16/s (SAMPLE_RATE=11025 x AUDIO_CHANNELS=1) to SDL for auto-RATEDIV (SDL/0074 computes shift_div from the resolved device freq).
[11:39:14] [info] Sound system: device frame-rate: requesting 11025 Hz match to master (SDL_DOSAudioSetDeviceFrameRate; SB16 opens at the engine frame rate instead of SDL's 44100 floor -- 4x less PCM/s + no resampler on the Organya/Pixtone path; killswitch SDL_HINT_DOSKUTSU_DOS_AUDIO_DEVICE_RATE_DEFAULT=0).
[11:39:14] [info] audio backend: opl3 (default since wave 46 patch 0139; +8.77 fps vs organya at Mimiga BK_PARALLAX per WAVE-44-OPL3-LOG-ANALYSIS; operator perceptual preference). Probes OPL3 via Adlib timer-1 sequence at SoundManager::init; on probe failure falls back gracefully to organya. Override via SDL_HINT_DOSKUTSU_AUDIO_BACKEND=organya for Cave Story 2004 original synth. Pixtone SFX continues on SB16 DAC unchanged.
[11:39:14] [info] wave-13.6.1: ring_chunks=16 FORCE_PUMP_YIELD=off (set SDL_HINT_DOSKUTSU_AUDIO_RING_CHUNKS=4|8|16 to override; default 16 matches wave 13.6 behaviour)
[11:39:14] [info] MidiScheduler: MIDI source = 'orgmid2' (native-GM org2mid set; resolves to data/orgmid2/<name>.mid).
[11:39:14] [info] opl3 backend probing for OPL3 chip (Adlib timer-1 sequence)...
[11:39:15] [info] opl3 backend: opl3bank.dat loaded 128 programs from 'data/opl3bank.dat' (v1; 1536 bytes payload). Per-program GM patches now use the runtime bank; programs >= 128 fall back to 8-patch family bucket. Drum channel (MIDI ch 9) unchanged (uses PATCH_DRUM regardless of bank loading).
[11:39:15] [info] opl3 backend ready (OPL3 detected via Adlib timer-1; InitChip applied 18 x 2-op layout; voice allocator armed). Patch bank state: runtime opl3bank.dat ACTIVE (loaded_count=128; programs >= loaded_count fall back to 8-patch placeholder covering GM family categories piano/mallet/organ/guitar/strings/brass/reed/pad). Phase 10.5 path: ship a fuller community bank as data/opl3bank.dat (DOPL3v1 format; 12-byte SBI records per GM program; loader at MidiBackendOpl3 ctor).
[11:39:15] [info] opl3 backend: PATCH_ORGAN + PATCH_MALLET RR=8 (medium release; wub-wub fix per patch 0171; was RR=0 in slot 0103 placeholder -- KEY-OFF couldn't silence; H6 reg 0xBD wave-47 falsified; H1+H5/RR=0 byte-level bug root per WAVE-46/47 analysis)
[11:39:15] [info] Sound system: MidiScheduler armed with MidiBackendOpl3 (patch 0103 Phase 10 Stage 4). Music dispatch routes via SMF parser + 18 x 2-op OPL3 voice allocator + small inline patch bank (community-sourced from Apogee Sound System / AdLib SBI public-domain refs). Pixtone SFX still active on SB16 DAC.
[11:39:15] [info] Sound system: idle-pause skipped (default OFF since patch 0119; backend=opl3 would qualify but operator did not opt-in via SDL_HINT_DOSKUTSU_IDLE_PAUSE=1). DSP stays in continuous-stream mode. Re-enable for an A/B iter once SDL/0037 ForcePause non-engagement is rooted out (task #17).
[11:39:15] [warn] Music dir Ogg/ doesn't exist
[11:39:15] [warn] Music dir Ogg11/ doesn't exist
[11:39:15] [warn] Music dir Ogg17/ doesn't exist
[11:39:15] [warn] Music dir Ogg_ridic/ doesn't exist
[11:39:15] [info] Loading Sound FX...
[11:39:15] [info] [pxt-cache] init(): HIT (loaded cache; render skipped)
[11:39:24] [info] Organya init...
[11:39:25] [info] Organya init done
[11:39:37] [info] gus SFX gain [nx0259]: 70% (SDL_HINT_DOSKUTSU_GUS_SFX_GAIN; scales the GF1 SFX voice volume to balance against velocity/CC-scaled GUS music; default 70, clamp 0..150).
[11:39:37] [info] pixtone IRQ-mix: ENABLED (default; SDL backend engaged; set SDL_HINT_DOSKUTSU_PIXTONE_IRQ_MIX=0 to disable)
[11:39:38] [info] Pixtone::setVolume: L3 active -- mid-play SFX volume updates are no-op in v1 (v2 candidate: SDL_DOSPixtoneSetGain API). gain_x256=256 stored for subsequent SDL_DOSPixtoneStart calls; currently-playing L3 channels unaffected.
[11:39:38] [info] midi ISR tick: engine registered tick_isr callback (L2b active; default ON; set SDL_HINT_DOSKUTSU_MIDI_ISR_TICK=0 to disable)
[11:39:38] [info] menu slide-in fixed-timestep: ENABLED (default; slide advances at 50 Hz logic rate)
[11:39:38] [info] Reading npc.tbl...
[11:39:38] [info] Loading tilekey.dat.
[11:39:38] [info] Script engine init.
[11:39:38] [info] Entering main loop...
[11:39:38] [info] audio mid-gap pump: DISABLED (default)
[11:39:38] [info] TAS fixed-timestep guard: ENABLED (default) (patch 0280; load_stage wall-clock kept out of the FT accumulator so TAS replay advances at a true 50 Hz; set SDL_HINT_DOSKUTSU_TAS_FT_GUARD=0 to disable)
[11:39:38] [info] load_stage ring+DMA silence flush: ENABLED (default) (set SDL_HINT_DOSKUTSU_LOADSTAGE_SILENCE=0 to disable)
[11:39:38] [info] load-band audio-underrun probe: DISABLED (default) (opt-in SDL_HINT_DOSKUTSU_LOADBAND_STAT=1)
[11:39:38] [info]  >> Entering stage 72: 'u'.
[11:39:38] [info] skip sheet flush: ENABLED (default) (SFXPAUSE-012 SHIPPED FIX; sprite sheets stay resident across caves so no per-cave re-decode -> no fire-frame pause; map_flush_graphics tilemap cache still flushes; set SDL_HINT_DOSKUTSU_SKIP_SHEET_FLUSH=0 to restore the old per-cave flush)
[11:39:38] [info] [skip-sheet-flush] cave=1
[11:39:38] [info] eager action sheets: ENABLED (default) (first-fire hitch fix: pre-loads the weapon bullet + hit/muzzle/trail caret sheets at stage load so the first fire/impact does not lazy-decode mid-gameplay; set SDL_HINT_DOSKUTSU_EAGER_ACTION_SHEETS=0 to restore lazy load)
[11:39:38] [info] Surface::loadImage palmap-diag #2: 'data/Bullet.pbm' fmt=SDL_PIXELFORMAT_ABGR8888 remap=HIT -> path=truecolor
[11:39:39] [info] Surface::loadImage palmap-diag #3: 'data/Arms.pbm' fmt=SDL_PIXELFORMAT_ABGR8888 remap=HIT -> path=truecolor
[11:39:39] [info] Surface::loadImage palmap-diag #4: 'data/Caret.pbm' fmt=SDL_PIXELFORMAT_ABGR8888 remap=HIT -> path=truecolor
[11:39:39] [info] Surface::loadImage palmap-diag #5: 'data/Npc/NpcSym.pbm' fmt=SDL_PIXELFORMAT_ABGR8888 remap=HIT -> path=truecolor
[11:39:40] [info] [eager-action-sheets] cave=1 sheets=4 wall_ms=1407
[11:39:40] [info] Surface::loadImage palmap-diag #6: 'data/Stage/PrtWhite.pbm' fmt=SDL_PIXELFORMAT_ABGR8888 remap=HIT -> path=truecolor
[11:39:40] [info] load_stage: entry-music preload ENABLED (default) (set SDL_HINT_DOSKUTSU_PRELOAD_STAGE_MUSIC=0 to disable)
[11:39:40] [info] Surface::loadImage palmap-diag #7: 'data/bk0.pbm' fmt=SDL_PIXELFORMAT_ABGR8888 remap=HIT -> path=truecolor
[11:39:40] [info] gameloop: entered (curmap=72, running=1)
[11:39:40] [info] gameloop: iter 1 ticks=30712 mapno=-1
[11:39:40] [info] fixed-timestep: ENABLED (default; logic 50 Hz, decoupled from render)
[11:39:40] [info] map: BG skip-when-unchanged DISABLED (default) (set SDL_HINT_DOSKUTSU_BG_SKIP_WHEN_UNCHANGED=1 to enable; default OFF since wave-61 -- abandoned, it shipped a backdrop-black flicker and its +0.87 fps was below the noise floor)
[11:39:40] [info] map: skip-redundant-clear lever ENABLED (default since wave-53 promotion)
[11:39:40] [info] perf-mode: level=0 (faithful (default))
[11:39:41] [info] Surface::loadImage palmap-diag #8: 'data/Npc/NpcKings.pbm' fmt=SDL_PIXELFORMAT_ABGR8888 remap=HIT -> path=truecolor
[11:39:41] [info] audio tick-boundary pump: DISABLED (default)
[11:39:41] [info] gameloop: iter 2 ticks=31107 mapno=-1
[11:39:41] [info] gameloop: iter 3 ticks=31167 mapno=-1
[11:39:41] [info] direct-vesa: snapshot @gen=2 use_dosmemput=0 banked_multibank=0 pitches_match=1 vram_w=320 vram_h=240 vram_pitch=320 bpp=1 fb_size=76800 vram_phys=0x78000000 vram_ptr=0x77c00000
[11:39:41] [info] flip-probe: flip #10 ok=true present=3ms inter_flip_ms=34 drawcalls-since-flip=6 drawcalls-total=43 fail-total=0 null-skips-total=0
[11:39:41] [info] flip-probe: flip #20 ok=true present=3ms inter_flip_ms=34 drawcalls-since-flip=4 drawcalls-total=92 fail-total=0 null-skips-total=0
[11:39:42] [info] flip-probe: flip #30 ok=true present=3ms inter_flip_ms=68 drawcalls-since-flip=326 drawcalls-total=2707 fail-total=0 null-skips-total=0
[11:39:43] [info] flip-probe: flip #40 ok=true present=2ms inter_flip_ms=62 drawcalls-since-flip=264 drawcalls-total=5837 fail-total=0 null-skips-total=0
[11:39:43] [info] flip-probe: flip #50 ok=true present=4ms inter_flip_ms=38 drawcalls-since-flip=67 drawcalls-total=7392 fail-total=0 null-skips-total=0
[11:39:44] [info] flip-probe: flip #60 ok=true present=3ms inter_flip_ms=31 drawcalls-since-flip=4 drawcalls-total=7502 fail-total=0 null-skips-total=0
[11:39:44] [info] flip-probe: flip #70 ok=true present=3ms inter_flip_ms=32 drawcalls-since-flip=6 drawcalls-total=7557 fail-total=0 null-skips-total=0
[11:39:44] [info] flip-probe: flip #80 ok=true present=3ms inter_flip_ms=20 drawcalls-since-flip=0 drawcalls-total=7586 fail-total=0 null-skips-total=0
[11:39:44] [info] gameloop: iter 600 ticks=34683 mapno=-1
[11:39:44] [info] flip-probe: flip #90 ok=true present=3ms inter_flip_ms=19 drawcalls-since-flip=0 drawcalls-total=7586 fail-total=0 null-skips-total=0
[11:39:44] [info] title: eager-title-IO phase tag ENABLED (default) (set SDL_HINT_DOSKUTSU_EAGER_TITLE_IO=0 to disable)
[11:39:45] [warn] MidiScheduler::_refresh_isr_buffer: track has 27749 events; ISR buffer is 16384 (truncated; events after 16384 will not dispatch under L2b ON -- the engine-thread tick() path still uses _events directly under L2b OFF)
[11:39:45] [info] MidiScheduler::load: parsed 'data/orgmid2/curly.mid' = 27749 events at 48 PPQ
[11:39:45] [info] opl3 backend: on_song_start
[11:39:46] [info] gameloop: entered (curmap=1005, running=1)
[11:39:46] [info] gameloop: iter 1 ticks=35932 mapno=-1
[11:39:46] [info] map: backdrop cache ENABLED (default) (set SDL_HINT_DOSKUTSU_BACKDROP_CACHE=0 to disable)
[11:39:46] [info] gameloop: iter 2 ticks=36720 mapno=-1
[11:39:46] [info] gameloop: iter 3 ticks=36760 mapno=-1
[11:39:46] [info] backdrop cache: thrashing-detect engaged (streak=4, route=direct)
[11:39:46] [info] flip-probe: flip #100 ok=true present=3ms inter_flip_ms=33 drawcalls-since-flip=75 drawcalls-total=7886 fail-total=0 null-skips-total=0
[11:39:47] [info] alpha audit block 0: 7798 total drawcalls, 0 with alpha<255 (block pct_x10=0; global 0/7798 pct_x10=0); alpha-mod skipped: block=0 global=0
[11:39:47] [info] fastpath audit block 0: taken=7798 (idx8=7798) skipped=0 pct_x10=1000; global taken=7798 (idx8=7798) skipped=0 pct_x10=1000
[11:39:47] [info] primitive tally block 0: clear=220(hr=220) fill=0(hr=0) rect=0(hr=0) line=0(hr=0) tint=0 spotlight=0 (over 100 flips ending at flip 100)
[11:39:47] [info] color/alpha audit block 0: cmod_white=104 cmod_black=0 (idx=0) cmod_general=84 (idx=84) cmod_fb=0; alpha_taken=0 alpha_skipped=0 (global cmod=104/0/84/0 idx=0/84 alpha=0/0)
[11:39:47] [info] phase timing block 0: drawcalls=8209 dc_total_ms=1442 flip_inner_total_ms=582 inter_flip_total_ms=32382 (per-flip avg x10: dc_ms=144 fi_ms=58 if_ms=3238 derived audio+engine_ms=3036; per-drawcall avg us_x10=1757) [direct-vesa: presents=97 total_ms=286 avg_ms_x10=29 failed=0] [ablation: NO_DC_TIMING=0 CACHE_WINSURF=0 DIRECT_VESA=1]
[11:39:47] [info] kbd/audio block 0: kbd_irq=0 kbd_drain=0 ring_chunks=16 pump_pass=99 pic1_mask=0xb8 first_irq_ticks=0 install_ticks=0 vector_at_install=0x0084a008 pic1_mask_live=0x98 kbd_8042_stat=0x34 bios_kbd_head=0x0026 bios_kbd_tail=0x0026 bios_kbd_buf0=0x3920
[11:39:47] [info] audio/engine split block 0: audio_mixer_calls=0 audio_mixer_ms_x10=0 engine_tick_calls=99 engine_tick_ms_x10=527 audio_service_calls=0 audio_service_ms_x10=0 (per-flip avg; per-call us_x10: audio_mix=0 engine_tick=532846 audio_service=0; global ns: audio_mix=0 engine_tick=5275183961 audio_service=0)
[11:39:47] [info] pixtone multi-source probe: DISABLED (default)
[11:39:47] [info] dirty-rect block @flip=100: total_calls=0 dirty_rects_avg=0 dirty_pct_x10=990 forced_full=0 first_n_force=3 threshold_exceeded=2 dirty_path_taken=0 full_flush_taken=3
[11:39:47] [info] prev-frame-diff block @flip=100: diff_calls=0 diff_rects_avg=0 diff_dirty_pct_x10=0 bbox_pct_x10=0 bbox_thresh_exceeded=0
[11:39:47] [info] flip-probe: flip #110 ok=true present=3ms inter_flip_ms=27 drawcalls-since-flip=75 drawcalls-total=8636 fail-total=0 null-skips-total=0
[11:39:47] [info] flip-probe: flip #120 ok=true present=3ms inter_flip_ms=27 drawcalls-since-flip=75 drawcalls-total=9386 fail-total=0 null-skips-total=0
[11:39:47] [info] flip-probe: flip #130 ok=true present=3ms inter_flip_ms=19 drawcalls-since-flip=0 drawcalls-total=9986 fail-total=0 null-skips-total=0
[11:39:48] [info] Loading profile from profile.dat
[11:39:48] [error] profile_load: unable to open 'profile.dat'
[11:39:48] [info] Loading profile from profile2.dat
[11:39:48] [error] profile_load: unable to open 'profile2.dat'
[11:39:48] [info] Loading profile from profile3.dat
[11:39:48] [info] Loading profile from profile4.dat
[11:39:48] [error] profile_load: unable to open 'profile4.dat'
[11:39:48] [info] Loading profile from profile5.dat
[11:39:48] [info] flip-probe: flip #140 ok=true present=3ms inter_flip_ms=48 drawcalls-since-flip=214 drawcalls-total=10842 fail-total=0 null-skips-total=0
[11:39:48] [info] flip-probe: flip #150 ok=true present=3ms inter_flip_ms=47 drawcalls-since-flip=214 drawcalls-total=12982 fail-total=0 null-skips-total=0
[11:39:49] [info] Writing settings...
[11:39:49] [info] flip-probe: flip #160 ok=true present=3ms inter_flip_ms=20 drawcalls-since-flip=0 drawcalls-total=13846 fail-total=0 null-skips-total=0
[11:39:49] [info] flip-probe: flip #170 ok=true present=3ms inter_flip_ms=20 drawcalls-since-flip=0 drawcalls-total=13846 fail-total=0 null-skips-total=0
[11:39:49] [info] opl3 backend: on_song_stop
[11:39:50] [info] Loading profile from profile5.dat
[11:39:50] [info]  >> Entering stage 20: 'Save Point'.
[11:39:50] [info] [skip-sheet-flush] cave=2
[11:39:51] [info] MidiScheduler::load: parsed 'data/orgmid2/mura.mid' = 7123 events at 48 PPQ
[11:39:51] [info] opl3 backend: on_song_start
[11:39:51] [info] gameloop: entered (curmap=20, running=1)
[11:39:51] [info] gameloop: iter 1 ticks=40885 mapno=-1
[11:39:51] [info] TAS stall discount: ENABLED (default) (patch 0286; a replay frame over 150 ms is a load, not slow rendering, so it contributes 1 tick instead of its wall-clock; set SDL_HINT_DOSKUTSU_TAS_STALL_DISCOUNT=0 to disable)
[11:39:51] [info] TAS accumulator clamp: DISABLED (default) (patch 0281; caps the FT accumulator delta at one tick during TAS so a stalled frame cannot race the replay index; set SDL_HINT_DOSKUTSU_TAS_FT_GUARD=0 to disable)
[11:39:51] [info] gameloop: iter 2 ticks=40929 mapno=-1
[11:39:51] [info] gameloop: iter 3 ticks=40966 mapno=-1
[11:39:51] [info] flip-probe: flip #180 ok=true present=3ms inter_flip_ms=31 drawcalls-since-flip=17 drawcalls-total=13971 fail-total=0 null-skips-total=0
[11:39:51] [info] flip-probe: flip #190 ok=true present=3ms inter_flip_ms=32 drawcalls-since-flip=17 drawcalls-total=14141 fail-total=0 null-skips-total=0
[11:39:51] [info] flip-probe: flip #200 ok=true present=3ms inter_flip_ms=31 drawcalls-since-flip=17 drawcalls-total=14311 fail-total=0 null-skips-total=0
[11:39:51] [info] alpha audit block 0: 5788 total drawcalls, 0 with alpha<255 (block pct_x10=0; global 0/13586 pct_x10=0); alpha-mod skipped: block=0 global=0
[11:39:51] [info] fastpath audit block 0: taken=5788 (idx8=5788) skipped=0 pct_x10=1000; global taken=13586 (idx8=13586) skipped=0 pct_x10=1000
[11:39:51] [info] primitive tally block 0: clear=201(hr=201) fill=0(hr=0) rect=0(hr=0) line=0(hr=0) tint=0 spotlight=0 (over 100 flips ending at flip 200)
[11:39:51] [info] color/alpha audit block 0: cmod_white=1438 cmod_black=0 (idx=0) cmod_general=609 (idx=609) cmod_fb=0; alpha_taken=0 alpha_skipped=0 (global cmod=1542/0/693/0 idx=0/693 alpha=0/0)
[11:39:51] [info] phase timing block 0: drawcalls=8036 dc_total_ms=1311 flip_inner_total_ms=486 inter_flip_total_ms=4845 (per-flip avg x10: dc_ms=131 fi_ms=48 if_ms=484 derived audio+engine_ms=305; per-drawcall avg us_x10=1632) [direct-vesa: presents=100 total_ms=289 avg_ms_x10=28 failed=0] [ablation: NO_DC_TIMING=0 CACHE_WINSURF=0 DIRECT_VESA=1]
[11:39:51] [info] kbd/audio block 0: kbd_irq=0 kbd_drain=0 ring_chunks=16 pump_pass=212 pic1_mask=0xb8 first_irq_ticks=0 install_ticks=0 vector_at_install=0x0084a008 pic1_mask_live=0x98 kbd_8042_stat=0x34 bios_kbd_head=0x0026 bios_kbd_tail=0x0026 bios_kbd_buf0=0x3920
[11:39:51] [info] audio/engine split block 0: audio_mixer_calls=0 audio_mixer_ms_x10=0 engine_tick_calls=76 engine_tick_ms_x10=228 audio_service_calls=0 audio_service_ms_x10=0 (per-flip avg; per-call us_x10: audio_mix=0 engine_tick=300878 audio_service=0; global ns: audio_mix=0 engine_tick=7561860741 audio_service=0)
[11:39:51] [info] dirty-rect block @flip=200: total_calls=0 dirty_rects_avg=1 dirty_pct_x10=1000 forced_full=0 first_n_force=0 threshold_exceeded=0 dirty_path_taken=0 full_flush_taken=0
[11:39:51] [info] prev-frame-diff block @flip=200: diff_calls=0 diff_rects_avg=0 diff_dirty_pct_x10=0 bbox_pct_x10=0 bbox_thresh_exceeded=0
[11:39:52] [info] flip-probe: flip #210 ok=true present=3ms inter_flip_ms=33 drawcalls-since-flip=17 drawcalls-total=14481 fail-total=0 null-skips-total=0
[11:39:52] [info] flip-probe: flip #220 ok=true present=3ms inter_flip_ms=33 drawcalls-since-flip=17 drawcalls-total=14651 fail-total=0 null-skips-total=0
[11:39:52] [info] flip-probe: flip #230 ok=true present=3ms inter_flip_ms=33 drawcalls-since-flip=17 drawcalls-total=14821 fail-total=0 null-skips-total=0
[11:39:53] [info] flip-probe: flip #240 ok=true present=3ms inter_flip_ms=74 drawcalls-since-flip=358 drawcalls-total=17537 fail-total=0 null-skips-total=0
[11:39:53] [info]  >> Entering stage 11: 'Mimiga Village'.
[11:39:53] [info] [skip-sheet-flush] cave=3
[11:39:53] [info] [load-stage] preloading entry music song=9 (cave=3)
[11:39:54] [info] gameloop: entered (curmap=11, running=1)
[11:39:54] [info] gameloop: iter 1 ticks=43965 mapno=-1
[11:39:54] [info] map: mds_clear LUT ENABLED (default) (set SDL_HINT_DOSKUTSU_MDS_CLEAR_LUT=0 to disable; default ON; patch 0144 wave-49 bandwidth lever)
[11:39:54] [info] mds-clear-lut: rebuilt N=240 entries (k_skip=0% k_keep=100%; curmap=11 map_size=60x60; rebuild #1 since boot)
[11:39:54] [info] backdrop thrash full-cover ENABLED (default) (set SDL_HINT_DOSKUTSU_THRASH_FULLCOVER=0 to disable)
[11:39:54] [info] [bd-diag] backdrop render-path diag disabled (default) (set SDL_HINT_DOSKUTSU_BACKDROP_DIAG=1 to enable)
[11:39:54] [info] gameloop: iter 2 ticks=44088 mapno=-1
[11:39:54] [info] gameloop: iter 3 ticks=44184 mapno=-1
[11:39:54] [info] backdrop cache: thrashing-detect engaged (streak=4, route=direct)
[11:39:54] [info] flip-probe: flip #250 ok=true present=3ms inter_flip_ms=44 drawcalls-since-flip=32 drawcalls-total=19659 fail-total=0 null-skips-total=0
[11:39:55] [info] flip-probe: flip #260 ok=true present=3ms inter_flip_ms=48 drawcalls-since-flip=45 drawcalls-total=20080 fail-total=0 null-skips-total=0
[11:39:55] [info] backdrop cache: thrashing-detect engaged (streak=4, route=direct)
[11:39:55] [info] flip-probe: flip #270 ok=true present=3ms inter_flip_ms=51 drawcalls-since-flip=46 drawcalls-total=20539 fail-total=0 null-skips-total=0
[11:39:56] [info] flip-probe: flip #280 ok=true present=3ms inter_flip_ms=46 drawcalls-since-flip=43 drawcalls-total=20974 fail-total=0 null-skips-total=0
[11:39:56] [info] flip-probe: flip #290 ok=true present=3ms inter_flip_ms=46 drawcalls-since-flip=43 drawcalls-total=21404 fail-total=0 null-skips-total=0
[11:39:57] [info] flip-probe: flip #300 ok=true present=3ms inter_flip_ms=44 drawcalls-since-flip=43 drawcalls-total=21834 fail-total=0 null-skips-total=0
[11:39:57] [info] alpha audit block 0: 6697 total drawcalls, 0 with alpha<255 (block pct_x10=0; global 0/20283 pct_x10=0); alpha-mod skipped: block=0 global=0
[11:39:57] [info] fastpath audit block 0: taken=6697 (idx8=6697) skipped=0 pct_x10=1000; global taken=20283 (idx8=20283) skipped=0 pct_x10=1000
[11:39:57] [info] primitive tally block 0: clear=201(hr=201) fill=0(hr=0) rect=0(hr=0) line=0(hr=0) tint=0 spotlight=0 (over 100 flips ending at flip 300)
[11:39:57] [info] color/alpha audit block 0: cmod_white=767 cmod_black=767 (idx=767) cmod_general=0 (idx=0) cmod_fb=0; alpha_taken=0 alpha_skipped=0 (global cmod=2309/767/693/0 idx=767/693 alpha=0/0)
[11:39:57] [info] phase timing block 0: drawcalls=8441 dc_total_ms=1152 flip_inner_total_ms=486 inter_flip_total_ms=5370 (per-flip avg x10: dc_ms=115 fi_ms=48 if_ms=537 derived audio+engine_ms=374; per-drawcall avg us_x10=1365) [direct-vesa: presents=100 total_ms=289 avg_ms_x10=28 failed=0] [ablation: NO_DC_TIMING=0 CACHE_WINSURF=0 DIRECT_VESA=1]
[11:39:57] [info] kbd/audio block 0: kbd_irq=0 kbd_drain=0 ring_chunks=16 pump_pass=449 pic1_mask=0xb8 first_irq_ticks=0 install_ticks=0 vector_at_install=0x0084a008 pic1_mask_live=0x98 kbd_8042_stat=0x34 bios_kbd_head=0x0026 bios_kbd_tail=0x0026 bios_kbd_buf0=0x3920
[11:39:57] [info] [tile-speedup-stat n=100 drawtile_us=119.27 raw_blit_us=74.90 ratio=1.59]
[11:39:57] [info] dirty-rect block @flip=300: total_calls=100 dirty_rects_avg=1 dirty_pct_x10=1000 forced_full=0 first_n_force=0 threshold_exceeded=0 dirty_path_taken=0 full_flush_taken=0
[11:39:57] [info] prev-frame-diff block @flip=300: diff_calls=0 diff_rects_avg=0 diff_dirty_pct_x10=0 bbox_pct_x10=0 bbox_thresh_exceeded=0
[11:39:57] [info] flip-probe: flip #310 ok=true present=3ms inter_flip_ms=45 drawcalls-since-flip=43 drawcalls-total=22364 fail-total=0 null-skips-total=0
[11:39:58] [info] flip-probe: flip #320 ok=true present=3ms inter_flip_ms=46 drawcalls-since-flip=43 drawcalls-total=22794 fail-total=0 null-skips-total=0
[11:39:58] [info] backdrop cache: thrashing-detect engaged (streak=64, route=direct)
[11:39:58] [info] flip-probe: flip #330 ok=true present=3ms inter_flip_ms=48 drawcalls-since-flip=43 drawcalls-total=23224 fail-total=0 null-skips-total=0
[11:39:59] [info] flip-probe: flip #340 ok=true present=3ms inter_flip_ms=47 drawcalls-since-flip=45 drawcalls-total=23656 fail-total=0 null-skips-total=0
[11:39:59] [info] flip-probe: flip #350 ok=true present=3ms inter_flip_ms=48 drawcalls-since-flip=44 drawcalls-total=24107 fail-total=0 null-skips-total=0
[11:40:00] [info] flip-probe: flip #360 ok=true present=3ms inter_flip_ms=46 drawcalls-since-flip=42 drawcalls-total=24537 fail-total=0 null-skips-total=0
[11:40:00] [info] run_tick_fixed #600: heartbeat (loop alive)
[11:40:00] [info] flip-probe: flip #370 ok=true present=3ms inter_flip_ms=42 drawcalls-since-flip=18 drawcalls-total=24743 fail-total=0 null-skips-total=0
[11:40:00] [info] flip-probe: flip #380 ok=true present=3ms inter_flip_ms=43 drawcalls-since-flip=15 drawcalls-total=24899 fail-total=0 null-skips-total=0
[11:40:01] [info] backdrop cache: thrashing-detect engaged (streak=124, route=direct)
[11:40:01] [info] flip-probe: flip #390 ok=true present=3ms inter_flip_ms=40 drawcalls-since-flip=18 drawcalls-total=25070 fail-total=0 null-skips-total=0
[11:40:01] [info] flip-probe: flip #400 ok=true present=3ms inter_flip_ms=43 drawcalls-since-flip=16 drawcalls-total=25241 fail-total=0 null-skips-total=0
[11:40:01] [info] alpha audit block 0: 2514 total drawcalls, 0 with alpha<255 (block pct_x10=0; global 0/22797 pct_x10=0); alpha-mod skipped: block=0 global=0
[11:40:01] [info] fastpath audit block 0: taken=2514 (idx8=2514) skipped=0 pct_x10=1000; global taken=22797 (idx8=22797) skipped=0 pct_x10=1000
[11:40:01] [info] primitive tally block 0: clear=200(hr=200) fill=0(hr=0) rect=0(hr=0) line=0(hr=0) tint=0 spotlight=0 (over 100 flips ending at flip 400)
[11:40:01] [info] color/alpha audit block 0: cmod_white=793 cmod_black=793 (idx=793) cmod_general=0 (idx=0) cmod_fb=0; alpha_taken=0 alpha_skipped=0 (global cmod=3102/1560/693/0 idx=1560/693 alpha=0/0)
[11:40:01] [info] phase timing block 0: drawcalls=4300 dc_total_ms=741 flip_inner_total_ms=493 inter_flip_total_ms=4644 (per-flip avg x10: dc_ms=74 fi_ms=49 if_ms=464 derived audio+engine_ms=341; per-drawcall avg us_x10=1724) [direct-vesa: presents=100 total_ms=291 avg_ms_x10=29 failed=0] [ablation: NO_DC_TIMING=0 CACHE_WINSURF=0 DIRECT_VESA=1]
[11:40:01] [info] kbd/audio block 0: kbd_irq=0 kbd_drain=0 ring_chunks=16 pump_pass=681 pic1_mask=0xb8 first_irq_ticks=0 install_ticks=0 vector_at_install=0x0084a008 pic1_mask_live=0x98 kbd_8042_stat=0x34 bios_kbd_head=0x0026 bios_kbd_tail=0x0026 bios_kbd_buf0=0x3920
[11:40:01] [info] dirty-rect block @flip=400: total_calls=0 dirty_rects_avg=1 dirty_pct_x10=1000 forced_full=0 first_n_force=0 threshold_exceeded=0 dirty_path_taken=0 full_flush_taken=0
[11:40:01] [info] prev-frame-diff block @flip=400: diff_calls=0 diff_rects_avg=0 diff_dirty_pct_x10=0 bbox_pct_x10=0 bbox_thresh_exceeded=0
[11:40:02] [info] flip-probe: flip #410 ok=true present=3ms inter_flip_ms=44 drawcalls-since-flip=15 drawcalls-total=25391 fail-total=0 null-skips-total=0
[11:40:02] [info] flip-probe: flip #420 ok=true present=3ms inter_flip_ms=70 drawcalls-since-flip=244 drawcalls-total=26187 fail-total=0 null-skips-total=0
[11:40:03] [info]  >> Entering stage 17: 'Yamashita Farm'.
[11:40:03] [info] [skip-sheet-flush] cave=4
[11:40:03] [info] [load-stage] preloading entry music song=13 (cave=4)
[11:40:03] [info] opl3 backend: on_song_stop
[11:40:03] [info] MidiScheduler::load: parsed 'data/orgmid2/plant.mid' = 6246 events at 48 PPQ
[11:40:03] [info] opl3 backend: on_song_start
[11:40:03] [info] gameloop: entered (curmap=17, running=1)
[11:40:03] [info] gameloop: iter 1 ticks=53834 mapno=-1
[11:40:03] [info] mds-clear-lut: rebuilt N=240 entries (k_skip=33% k_keep=67%; curmap=17 map_size=40x16; rebuild #2 since boot)
[11:40:04] [info] gameloop: iter 2 ticks=54068 mapno=-1
[11:40:04] [info] tas: stall frame 233 ms -> contributing 1 tick (patch 0286)
[11:40:04] [info] gameloop: iter 3 ticks=54158 mapno=-1
[11:40:04] [info] flip-probe: flip #430 ok=true present=3ms inter_flip_ms=90 drawcalls-since-flip=409 drawcalls-total=29384 fail-total=0 null-skips-total=0
[11:40:05] [info] flip-probe: flip #440 ok=true present=3ms inter_flip_ms=59 drawcalls-since-flip=134 drawcalls-total=31481 fail-total=0 null-skips-total=0
[11:40:05] [info] flip-probe: flip #450 ok=true present=3ms inter_flip_ms=63 drawcalls-since-flip=140 drawcalls-total=32866 fail-total=0 null-skips-total=0
[11:40:06] [info] backdrop cache: thrashing-detect engaged (streak=4, route=direct)
[11:40:06] [info] flip-probe: flip #460 ok=true present=4ms inter_flip_ms=77 drawcalls-since-flip=136 drawcalls-total=34273 fail-total=0 null-skips-total=0
[11:40:07] [info] flip-probe: flip #470 ok=true present=3ms inter_flip_ms=67 drawcalls-since-flip=129 drawcalls-total=35581 fail-total=0 null-skips-total=0
[11:40:07] [info] flip-probe: flip #480 ok=true present=3ms inter_flip_ms=64 drawcalls-since-flip=137 drawcalls-total=36900 fail-total=0 null-skips-total=0
[11:40:08] [info] backdrop cache: thrashing-detect engaged (streak=4, route=direct)
[11:40:08] [info] flip-probe: flip #490 ok=true present=3ms inter_flip_ms=76 drawcalls-since-flip=140 drawcalls-total=38313 fail-total=0 null-skips-total=0
[11:40:09] [info] flip-probe: flip #500 ok=true present=3ms inter_flip_ms=64 drawcalls-since-flip=136 drawcalls-total=39707 fail-total=0 null-skips-total=0
[11:40:09] [info] alpha audit block 0: 13404 total drawcalls, 0 with alpha<255 (block pct_x10=0; global 0/36201 pct_x10=0); alpha-mod skipped: block=0 global=0
[11:40:09] [info] fastpath audit block 0: taken=13404 (idx8=13404) skipped=0 pct_x10=1000; global taken=36201 (idx8=36201) skipped=0 pct_x10=1000
[11:40:09] [info] primitive tally block 0: clear=201(hr=201) fill=0(hr=0) rect=0(hr=0) line=0(hr=0) tint=0 spotlight=0 (over 100 flips ending at flip 500)
[11:40:09] [info] color/alpha audit block 0: cmod_white=962 cmod_black=962 (idx=962) cmod_general=0 (idx=0) cmod_fb=0; alpha_taken=0 alpha_skipped=0 (global cmod=4064/2522/693/0 idx=2522/693 alpha=0/0)
[11:40:09] [info] phase timing block 0: drawcalls=15566 dc_total_ms=1605 flip_inner_total_ms=490 inter_flip_total_ms=7240 (per-flip avg x10: dc_ms=160 fi_ms=49 if_ms=724 derived audio+engine_ms=515; per-drawcall avg us_x10=1031) [direct-vesa: presents=100 total_ms=292 avg_ms_x10=29 failed=0] [ablation: NO_DC_TIMING=0 CACHE_WINSURF=0 DIRECT_VESA=1]
[11:40:09] [info] kbd/audio block 0: kbd_irq=0 kbd_drain=0 ring_chunks=16 pump_pass=994 pic1_mask=0xb8 first_irq_ticks=0 install_ticks=0 vector_at_install=0x0084a008 pic1_mask_live=0x98 kbd_8042_stat=0x34 bios_kbd_head=0x0026 bios_kbd_tail=0x0026 bios_kbd_buf0=0x3920
[11:40:09] [info] dirty-rect block @flip=500: total_calls=0 dirty_rects_avg=1 dirty_pct_x10=1000 forced_full=0 first_n_force=0 threshold_exceeded=0 dirty_path_taken=0 full_flush_taken=0
[11:40:09] [info] prev-frame-diff block @flip=500: diff_calls=0 diff_rects_avg=0 diff_dirty_pct_x10=0 bbox_pct_x10=0 bbox_thresh_exceeded=0
[11:40:09] [info] flip-probe: flip #510 ok=true present=3ms inter_flip_ms=64 drawcalls-since-flip=128 drawcalls-total=41013 fail-total=0 null-skips-total=0
[11:40:10] [info] flip-probe: flip #520 ok=true present=3ms inter_flip_ms=60 drawcalls-since-flip=129 drawcalls-total=42298 fail-total=0 null-skips-total=0
[11:40:11] [info] flip-probe: flip #530 ok=true present=3ms inter_flip_ms=61 drawcalls-since-flip=129 drawcalls-total=43592 fail-total=0 null-skips-total=0
[11:40:11] [info] flip-probe: flip #540 ok=true present=3ms inter_flip_ms=62 drawcalls-since-flip=130 drawcalls-total=44867 fail-total=0 null-skips-total=0
[11:40:12] [info] backdrop cache: thrashing-detect engaged (streak=64, route=direct)
[11:40:12] [info] flip-probe: flip #550 ok=true present=3ms inter_flip_ms=73 drawcalls-since-flip=115 drawcalls-total=46052 fail-total=0 null-skips-total=0
[11:40:13] [info] flip-probe: flip #560 ok=true present=3ms inter_flip_ms=63 drawcalls-since-flip=117 drawcalls-total=47218 fail-total=0 null-skips-total=0
[11:40:13] [info] flip-probe: flip #570 ok=true present=3ms inter_flip_ms=61 drawcalls-since-flip=108 drawcalls-total=48333 fail-total=0 null-skips-total=0
[11:40:14] [info] flip-probe: flip #580 ok=true present=3ms inter_flip_ms=60 drawcalls-since-flip=112 drawcalls-total=49452 fail-total=0 null-skips-total=0
[11:40:14] [info] flip-probe: flip #590 ok=true present=5ms inter_flip_ms=59 drawcalls-since-flip=108 drawcalls-total=50534 fail-total=0 null-skips-total=0
[11:40:15] [info] flip-probe: flip #600 ok=true present=3ms inter_flip_ms=62 drawcalls-since-flip=113 drawcalls-total=51647 fail-total=0 null-skips-total=0
[11:40:15] [info] alpha audit block 0: 11242 total drawcalls, 0 with alpha<255 (block pct_x10=0; global 0/47443 pct_x10=0); alpha-mod skipped: block=0 global=0
[11:40:15] [info] fastpath audit block 0: taken=11242 (idx8=11242) skipped=0 pct_x10=1000; global taken=47443 (idx8=47443) skipped=0 pct_x10=1000
[11:40:15] [info] primitive tally block 0: clear=200(hr=200) fill=0(hr=0) rect=0(hr=0) line=0(hr=0) tint=0 spotlight=0 (over 100 flips ending at flip 600)
[11:40:15] [info] color/alpha audit block 0: cmod_white=598 cmod_black=598 (idx=598) cmod_general=0 (idx=0) cmod_fb=0; alpha_taken=0 alpha_skipped=0 (global cmod=4662/3120/693/0 idx=3120/693 alpha=0/0)
[11:40:15] [info] phase timing block 0: drawcalls=12638 dc_total_ms=1053 flip_inner_total_ms=495 inter_flip_total_ms=6334 (per-flip avg x10: dc_ms=105 fi_ms=49 if_ms=633 derived audio+engine_ms=479; per-drawcall avg us_x10=833) [direct-vesa: presents=100 total_ms=289 avg_ms_x10=28 failed=0] [ablation: NO_DC_TIMING=0 CACHE_WINSURF=0 DIRECT_VESA=1]
[11:40:15] [info] kbd/audio block 0: kbd_irq=0 kbd_drain=0 ring_chunks=16 pump_pass=1311 pic1_mask=0xb8 first_irq_ticks=0 install_ticks=0 vector_at_install=0x0084a008 pic1_mask_live=0x98 kbd_8042_stat=0x34 bios_kbd_head=0x0026 bios_kbd_tail=0x0026 bios_kbd_buf0=0x3920
[11:40:15] [info] dirty-rect block @flip=600: total_calls=0 dirty_rects_avg=1 dirty_pct_x10=1000 forced_full=0 first_n_force=0 threshold_exceeded=0 dirty_path_taken=0 full_flush_taken=0
[11:40:15] [info] prev-frame-diff block @flip=600: diff_calls=0 diff_rects_avg=0 diff_dirty_pct_x10=0 bbox_pct_x10=0 bbox_thresh_exceeded=0
[11:40:16] [info] backdrop cache: thrashing-detect engaged (streak=124, route=direct)
[11:40:16] [info] flip-probe: flip #610 ok=true present=3ms inter_flip_ms=68 drawcalls-since-flip=113 drawcalls-total=52764 fail-total=0 null-skips-total=0
[11:40:16] [info] backdrop cache: thrashing-detect engaged (streak=4, route=direct)
[11:40:16] [info] flip-probe: flip #620 ok=true present=3ms inter_flip_ms=62 drawcalls-since-flip=117 drawcalls-total=53878 fail-total=0 null-skips-total=0
[11:40:17] [info] flip-probe: flip #630 ok=true present=3ms inter_flip_ms=60 drawcalls-since-flip=118 drawcalls-total=55051 fail-total=0 null-skips-total=0
[11:40:18] [info] flip-probe: flip #640 ok=true present=3ms inter_flip_ms=59 drawcalls-since-flip=114 drawcalls-total=56203 fail-total=0 null-skips-total=0
[11:40:18] [info] flip-probe: flip #650 ok=true present=3ms inter_flip_ms=58 drawcalls-since-flip=118 drawcalls-total=57371 fail-total=0 null-skips-total=0
[11:40:19] [info] flip-probe: flip #660 ok=true present=3ms inter_flip_ms=75 drawcalls-since-flip=301 drawcalls-total=58966 fail-total=0 null-skips-total=0
[11:40:19] [info]  >> Entering stage 11: 'Mimiga Village'.
[11:40:19] [info] [skip-sheet-flush] cave=5
[11:40:20] [info] [load-stage] preloading entry music song=9 (cave=5)
[11:40:20] [info] opl3 backend: on_song_stop
[11:40:20] [info] MidiScheduler::load: parsed 'data/orgmid2/mura.mid' = 7123 events at 48 PPQ
[11:40:20] [info] opl3 backend: on_song_start
[11:40:20] [info] gameloop: entered (curmap=11, running=1)
[11:40:20] [info] gameloop: iter 1 ticks=70323 mapno=-1
[11:40:20] [info] mds-clear-lut: rebuilt N=240 entries (k_skip=0% k_keep=100%; curmap=11 map_size=60x60; rebuild #3 since boot)
[11:40:20] [info] gameloop: iter 2 ticks=70422 mapno=-1
[11:40:20] [info] gameloop: iter 3 ticks=70512 mapno=-1
[11:40:20] [info] flip-probe: flip #670 ok=true present=3ms inter_flip_ms=93 drawcalls-since-flip=345 drawcalls-total=62436 fail-total=0 null-skips-total=0
[11:40:20] [info] backdrop cache: thrashing-detect engaged (streak=4, route=direct)
[11:40:21] [info] flip-probe: flip #680 ok=true present=3ms inter_flip_ms=45 drawcalls-since-flip=41 drawcalls-total=63440 fail-total=0 null-skips-total=0
[11:40:21] [info] flip-probe: flip #690 ok=true present=3ms inter_flip_ms=46 drawcalls-since-flip=41 drawcalls-total=63850 fail-total=0 null-skips-total=0
[11:40:22] [info] flip-probe: flip #700 ok=true present=3ms inter_flip_ms=46 drawcalls-since-flip=41 drawcalls-total=64260 fail-total=0 null-skips-total=0
[11:40:22] [info] alpha audit block 0: 12071 total drawcalls, 0 with alpha<255 (block pct_x10=0; global 0/59514 pct_x10=0); alpha-mod skipped: block=0 global=0
[11:40:22] [info] fastpath audit block 0: taken=12071 (idx8=12071) skipped=0 pct_x10=1000; global taken=59514 (idx8=59514) skipped=0 pct_x10=1000
[11:40:22] [info] primitive tally block 0: clear=201(hr=201) fill=0(hr=0) rect=0(hr=0) line=0(hr=0) tint=0 spotlight=0 (over 100 flips ending at flip 700)
[11:40:22] [info] color/alpha audit block 0: cmod_white=442 cmod_black=442 (idx=442) cmod_general=0 (idx=0) cmod_fb=0; alpha_taken=0 alpha_skipped=0 (global cmod=5104/3562/693/0 idx=3562/693 alpha=0/0)
[11:40:22] [info] phase timing block 0: drawcalls=13165 dc_total_ms=1305 flip_inner_total_ms=483 inter_flip_total_ms=6893 (per-flip avg x10: dc_ms=130 fi_ms=48 if_ms=689 derived audio+engine_ms=511; per-drawcall avg us_x10=991) [direct-vesa: presents=100 total_ms=289 avg_ms_x10=28 failed=0] [ablation: NO_DC_TIMING=0 CACHE_WINSURF=0 DIRECT_VESA=1]
[11:40:22] [info] kbd/audio block 0: kbd_irq=0 kbd_drain=0 ring_chunks=16 pump_pass=1615 pic1_mask=0xb8 first_irq_ticks=0 install_ticks=0 vector_at_install=0x0084a008 pic1_mask_live=0x98 kbd_8042_stat=0x34 bios_kbd_head=0x0026 bios_kbd_tail=0x0026 bios_kbd_buf0=0x3920
[11:40:22] [info] dirty-rect block @flip=700: total_calls=0 dirty_rects_avg=1 dirty_pct_x10=1000 forced_full=0 first_n_force=0 threshold_exceeded=0 dirty_path_taken=0 full_flush_taken=0
[11:40:22] [info] prev-frame-diff block @flip=700: diff_calls=0 diff_rects_avg=0 diff_dirty_pct_x10=0 bbox_pct_x10=0 bbox_thresh_exceeded=0
[11:40:22] [info] flip-probe: flip #710 ok=true present=3ms inter_flip_ms=48 drawcalls-since-flip=41 drawcalls-total=64670 fail-total=0 null-skips-total=0
[11:40:23] [info] flip-probe: flip #720 ok=true present=3ms inter_flip_ms=48 drawcalls-since-flip=41 drawcalls-total=65088 fail-total=0 null-skips-total=0
[11:40:23] [info] flip-probe: flip #730 ok=true present=3ms inter_flip_ms=46 drawcalls-since-flip=41 drawcalls-total=65501 fail-total=0 null-skips-total=0
[11:40:23] [info] backdrop cache: thrashing-detect engaged (streak=64, route=direct)
[11:40:24] [info] tas: stall frame 261 ms -> contributing 1 tick (patch 0286)
[11:40:24] [info] flip-probe: flip #740 ok=true present=3ms inter_flip_ms=46 drawcalls-since-flip=42 drawcalls-total=65920 fail-total=0 null-skips-total=0
[11:40:24] [info] flip-probe: flip #750 ok=true present=3ms inter_flip_ms=46 drawcalls-since-flip=42 drawcalls-total=66345 fail-total=0 null-skips-total=0
[11:40:25] [info] flip-probe: flip #760 ok=true present=3ms inter_flip_ms=46 drawcalls-since-flip=42 drawcalls-total=66765 fail-total=0 null-skips-total=0
[11:40:25] [info] flip-probe: flip #770 ok=true present=2ms inter_flip_ms=46 drawcalls-since-flip=42 drawcalls-total=67185 fail-total=0 null-skips-total=0
[11:40:26] [info] flip-probe: flip #780 ok=true present=3ms inter_flip_ms=47 drawcalls-since-flip=44 drawcalls-total=67616 fail-total=0 null-skips-total=0
[11:40:26] [info] run_tick_fixed #1800: heartbeat (loop alive)
[11:40:26] [info] flip-probe: flip #790 ok=true present=3ms inter_flip_ms=43 drawcalls-since-flip=18 drawcalls-total=67952 fail-total=0 null-skips-total=0
[11:40:26] [info] backdrop cache: thrashing-detect engaged (streak=124, route=direct)
[11:40:27] [info] flip-probe: flip #800 ok=true present=3ms inter_flip_ms=46 drawcalls-since-flip=18 drawcalls-total=68132 fail-total=0 null-skips-total=0
[11:40:27] [info] alpha audit block 0: 2654 total drawcalls, 0 with alpha<255 (block pct_x10=0; global 0/62168 pct_x10=0); alpha-mod skipped: block=0 global=0
[11:40:27] [info] fastpath audit block 0: taken=2654 (idx8=2654) skipped=0 pct_x10=1000; global taken=62168 (idx8=62168) skipped=0 pct_x10=1000
[11:40:27] [info] primitive tally block 0: clear=200(hr=200) fill=0(hr=0) rect=0(hr=0) line=0(hr=0) tint=0 spotlight=0 (over 100 flips ending at flip 800)
[11:40:27] [info] color/alpha audit block 0: cmod_white=1118 cmod_black=1118 (idx=1118) cmod_general=0 (idx=0) cmod_fb=0; alpha_taken=0 alpha_skipped=0 (global cmod=6222/4680/693/0 idx=4680/693 alpha=0/0)
[11:40:27] [info] phase timing block 0: drawcalls=5090 dc_total_ms=782 flip_inner_total_ms=490 inter_flip_total_ms=4853 (per-flip avg x10: dc_ms=78 fi_ms=49 if_ms=485 derived audio+engine_ms=358; per-drawcall avg us_x10=1537) [direct-vesa: presents=100 total_ms=292 avg_ms_x10=29 failed=0] [ablation: NO_DC_TIMING=0 CACHE_WINSURF=0 DIRECT_VESA=1]
[11:40:27] [info] kbd/audio block 0: kbd_irq=0 kbd_drain=0 ring_chunks=16 pump_pass=1846 pic1_mask=0xb8 first_irq_ticks=0 install_ticks=0 vector_at_install=0x0084a008 pic1_mask_live=0x98 kbd_8042_stat=0x34 bios_kbd_head=0x0026 bios_kbd_tail=0x0026 bios_kbd_buf0=0x3920
[11:40:27] [info] dirty-rect block @flip=800: total_calls=0 dirty_rects_avg=1 dirty_pct_x10=1000 forced_full=0 first_n_force=0 threshold_exceeded=0 dirty_path_taken=0 full_flush_taken=0
[11:40:27] [info] prev-frame-diff block @flip=800: diff_calls=0 diff_rects_avg=0 diff_dirty_pct_x10=0 bbox_pct_x10=0 bbox_thresh_exceeded=0
[11:40:27] [info] flip-probe: flip #810 ok=true present=3ms inter_flip_ms=41 drawcalls-since-flip=17 drawcalls-total=68302 fail-total=0 null-skips-total=0
[11:40:28] [info] flip-probe: flip #820 ok=true present=3ms inter_flip_ms=41 drawcalls-since-flip=17 drawcalls-total=68468 fail-total=0 null-skips-total=0
[11:40:28] [info] flip-probe: flip #830 ok=true present=3ms inter_flip_ms=42 drawcalls-since-flip=16 drawcalls-total=68630 fail-total=0 null-skips-total=0
[11:40:28] [info] flip-probe: flip #840 ok=true present=3ms inter_flip_ms=41 drawcalls-since-flip=16 drawcalls-total=68790 fail-total=0 null-skips-total=0
[11:40:29] [info] flip-probe: flip #850 ok=true present=3ms inter_flip_ms=43 drawcalls-since-flip=16 drawcalls-total=68950 fail-total=0 null-skips-total=0
[11:40:29] [info] backdrop cache: thrashing-detect engaged (streak=184, route=direct)
[11:40:29] [info] flip-probe: flip #860 ok=true present=3ms inter_flip_ms=45 drawcalls-since-flip=27 drawcalls-total=69143 fail-total=0 null-skips-total=0
[11:40:30] [info] flip-probe: flip #870 ok=true present=3ms inter_flip_ms=44 drawcalls-since-flip=22 drawcalls-total=69388 fail-total=0 null-skips-total=0
[11:40:30] [info] flip-probe: flip #880 ok=true present=3ms inter_flip_ms=43 drawcalls-since-flip=20 drawcalls-total=69579 fail-total=0 null-skips-total=0
[11:40:31] [info] flip-probe: flip #890 ok=true present=3ms inter_flip_ms=52 drawcalls-since-flip=110 drawcalls-total=69860 fail-total=0 null-skips-total=0
[11:40:31] [info]  >> Entering stage 15: 'Reservoir'.
[11:40:31] [info] [skip-sheet-flush] cave=6
[11:40:32] [info] [load-stage] preloading entry music song=9 (cave=6)
[11:40:32] [info] gameloop: entered (curmap=15, running=1)
[11:40:32] [info] gameloop: iter 1 ticks=82086 mapno=-1
[11:40:32] [info] mds-clear-lut: rebuilt N=240 entries (k_skip=13% k_keep=87%; curmap=15 map_size=40x20; rebuild #4 since boot)
[11:40:32] [info] flip-probe: flip #900 ok=true present=3ms inter_flip_ms=652 drawcalls-since-flip=336 drawcalls-total=72311 fail-total=0 null-skips-total=0
[11:40:32] [info] alpha audit block 0: 4070 total drawcalls, 0 with alpha<255 (block pct_x10=0; global 0/66238 pct_x10=0); alpha-mod skipped: block=0 global=0
[11:40:32] [info] fastpath audit block 0: taken=4070 (idx8=4070) skipped=0 pct_x10=1000; global taken=66238 (idx8=66238) skipped=0 pct_x10=1000
[11:40:32] [info] primitive tally block 0: clear=201(hr=201) fill=0(hr=0) rect=0(hr=0) line=0(hr=0) tint=0 spotlight=0 (over 100 flips ending at flip 900)
[11:40:32] [info] color/alpha audit block 0: cmod_white=9 cmod_black=9 (idx=9) cmod_general=0 (idx=0) cmod_fb=0; alpha_taken=0 alpha_skipped=0 (global cmod=6231/4689/693/0 idx=4689/693 alpha=0/0)
[11:40:32] [info] phase timing block 0: drawcalls=4290 dc_total_ms=805 flip_inner_total_ms=477 inter_flip_total_ms=5169 (per-flip avg x10: dc_ms=80 fi_ms=47 if_ms=516 derived audio+engine_ms=389; per-drawcall avg us_x10=1878) [direct-vesa: presents=100 total_ms=289 avg_ms_x10=28 failed=0] [ablation: NO_DC_TIMING=0 CACHE_WINSURF=0 DIRECT_VESA=1]
[11:40:32] [info] kbd/audio block 0: kbd_irq=0 kbd_drain=0 ring_chunks=16 pump_pass=2072 pic1_mask=0xb8 first_irq_ticks=0 install_ticks=0 vector_at_install=0x0084a008 pic1_mask_live=0x98 kbd_8042_stat=0x34 bios_kbd_head=0x0026 bios_kbd_tail=0x0026 bios_kbd_buf0=0x3920
[11:40:32] [info] dirty-rect block @flip=900: total_calls=0 dirty_rects_avg=1 dirty_pct_x10=1000 forced_full=0 first_n_force=0 threshold_exceeded=0 dirty_path_taken=0 full_flush_taken=0
[11:40:32] [info] prev-frame-diff block @flip=900: diff_calls=0 diff_rects_avg=0 diff_dirty_pct_x10=0 bbox_pct_x10=0 bbox_thresh_exceeded=0
[11:40:32] [info] gameloop: iter 2 ticks=82240 mapno=-1
[11:40:32] [info] tas: stall frame 154 ms -> contributing 1 tick (patch 0286)
[11:40:32] [info] gameloop: iter 3 ticks=82325 mapno=-1
[11:40:33] [info] flip-probe: flip #910 ok=true present=3ms inter_flip_ms=45 drawcalls-since-flip=66 drawcalls-total=74681 fail-total=0 null-skips-total=0
[11:40:33] [info] flip-probe: flip #920 ok=true present=2ms inter_flip_ms=40 drawcalls-since-flip=32 drawcalls-total=75005 fail-total=0 null-skips-total=0
[11:40:33] [info] flip-probe: flip #930 ok=true present=3ms inter_flip_ms=39 drawcalls-since-flip=32 drawcalls-total=75325 fail-total=0 null-skips-total=0
[11:40:34] [info] backdrop cache: thrashing-detect engaged (streak=4, route=direct)
[11:40:34] [info] flip-probe: flip #940 ok=true present=3ms inter_flip_ms=49 drawcalls-since-flip=32 drawcalls-total=75645 fail-total=0 null-skips-total=0
[11:40:34] [info] flip-probe: flip #950 ok=true present=3ms inter_flip_ms=44 drawcalls-since-flip=36 drawcalls-total=75989 fail-total=0 null-skips-total=0
[11:40:35] [info] flip-probe: flip #960 ok=true present=3ms inter_flip_ms=42 drawcalls-since-flip=32 drawcalls-total=76324 fail-total=0 null-skips-total=0
[11:40:35] [info] flip-probe: flip #970 ok=true present=3ms inter_flip_ms=41 drawcalls-since-flip=32 drawcalls-total=76644 fail-total=0 null-skips-total=0
[11:40:36] [info] flip-probe: flip #980 ok=true present=3ms inter_flip_ms=42 drawcalls-since-flip=32 drawcalls-total=76964 fail-total=0 null-skips-total=0
[11:40:36] [info] tas: stall frame 213 ms -> contributing 1 tick (patch 0286)
[11:40:36] [info] flip-probe: flip #990 ok=true present=4ms inter_flip_ms=42 drawcalls-since-flip=35 drawcalls-total=77292 fail-total=0 null-skips-total=0
[11:40:37] [info] backdrop cache: thrashing-detect engaged (streak=64, route=direct)
[11:40:37] [info] flip-probe: flip #1000 ok=true present=3ms inter_flip_ms=56 drawcalls-since-flip=36 drawcalls-total=77646 fail-total=0 null-skips-total=0
[11:40:37] [info] alpha audit block 0: 4335 total drawcalls, 0 with alpha<255 (block pct_x10=0; global 0/70573 pct_x10=0); alpha-mod skipped: block=0 global=0
[11:40:37] [info] fastpath audit block 0: taken=4335 (idx8=4335) skipped=0 pct_x10=1000; global taken=70573 (idx8=70573) skipped=0 pct_x10=1000
[11:40:37] [info] primitive tally block 0: clear=200(hr=200) fill=0(hr=0) rect=0(hr=0) line=0(hr=0) tint=0 spotlight=0 (over 100 flips ending at flip 1000)
[11:40:37] [info] color/alpha audit block 0: cmod_white=900 cmod_black=900 (idx=900) cmod_general=0 (idx=0) cmod_fb=0; alpha_taken=0 alpha_skipped=0 (global cmod=7131/5589/693/0 idx=5589/693 alpha=0/0)
[11:40:37] [info] phase timing block 0: drawcalls=6374 dc_total_ms=1059 flip_inner_total_ms=508 inter_flip_total_ms=4700 (per-flip avg x10: dc_ms=105 fi_ms=50 if_ms=470 derived audio+engine_ms=315; per-drawcall avg us_x10=1662) [direct-vesa: presents=100 total_ms=294 avg_ms_x10=29 failed=0] [ablation: NO_DC_TIMING=0 CACHE_WINSURF=0 DIRECT_VESA=1]
[11:40:37] [info] kbd/audio block 0: kbd_irq=0 kbd_drain=0 ring_chunks=16 pump_pass=2293 pic1_mask=0xb8 first_irq_ticks=0 install_ticks=0 vector_at_install=0x0084a008 pic1_mask_live=0x98 kbd_8042_stat=0x34 bios_kbd_head=0x0026 bios_kbd_tail=0x0026 bios_kbd_buf0=0x3920
[11:40:37] [info] dirty-rect block @flip=1000: total_calls=0 dirty_rects_avg=1 dirty_pct_x10=1000 forced_full=0 first_n_force=0 threshold_exceeded=0 dirty_path_taken=0 full_flush_taken=0
[11:40:37] [info] prev-frame-diff block @flip=1000: diff_calls=0 diff_rects_avg=0 diff_dirty_pct_x10=0 bbox_pct_x10=0 bbox_thresh_exceeded=0
[11:40:37] [info] flip-probe: flip #1010 ok=true present=3ms inter_flip_ms=43 drawcalls-since-flip=39 drawcalls-total=78025 fail-total=0 null-skips-total=0
[11:40:37] [info] flip-probe: flip #1020 ok=true present=3ms inter_flip_ms=40 drawcalls-since-flip=18 drawcalls-total=78375 fail-total=0 null-skips-total=0
[11:40:38] [info] flip-probe: flip #1030 ok=true present=3ms inter_flip_ms=40 drawcalls-since-flip=18 drawcalls-total=78557 fail-total=0 null-skips-total=0
[11:40:38] [info] flip-probe: flip #1040 ok=true present=3ms inter_flip_ms=38 drawcalls-since-flip=17 drawcalls-total=78733 fail-total=0 null-skips-total=0
[11:40:39] [info] flip-probe: flip #1050 ok=true present=2ms inter_flip_ms=41 drawcalls-since-flip=17 drawcalls-total=78903 fail-total=0 null-skips-total=0
[11:40:39] [info] run_tick_fixed #2400: heartbeat (loop alive)
[11:40:39] [info] backdrop cache: thrashing-detect engaged (streak=124, route=direct)
[11:40:39] [info] flip-probe: flip #1060 ok=true present=3ms inter_flip_ms=257 drawcalls-since-flip=16 drawcalls-total=79060 fail-total=0 null-skips-total=0
[11:40:39] [info] tas: stall frame 261 ms -> contributing 1 tick (patch 0286)
[11:40:40] [info] flip-probe: flip #1070 ok=true present=3ms inter_flip_ms=40 drawcalls-since-flip=16 drawcalls-total=79220 fail-total=0 null-skips-total=0
[11:40:40] [info] flip-probe: flip #1080 ok=true present=3ms inter_flip_ms=40 drawcalls-since-flip=16 drawcalls-total=79377 fail-total=0 null-skips-total=0
[11:40:41] [info] flip-probe: flip #1090 ok=true present=3ms inter_flip_ms=46 drawcalls-since-flip=15 drawcalls-total=79530 fail-total=0 null-skips-total=0
[11:40:41] [info] flip-probe: flip #1100 ok=true present=3ms inter_flip_ms=47 drawcalls-since-flip=16 drawcalls-total=79687 fail-total=0 null-skips-total=0
[11:40:41] [info] alpha audit block 0: 1770 total drawcalls, 0 with alpha<255 (block pct_x10=0; global 0/72343 pct_x10=0); alpha-mod skipped: block=0 global=0
[11:40:41] [info] fastpath audit block 0: taken=1770 (idx8=1770) skipped=0 pct_x10=1000; global taken=72343 (idx8=72343) skipped=0 pct_x10=1000
[11:40:41] [info] primitive tally block 0: clear=200(hr=200) fill=0(hr=0) rect=0(hr=0) line=0(hr=0) tint=0 spotlight=0 (over 100 flips ending at flip 1100)
[11:40:41] [info] color/alpha audit block 0: cmod_white=171 cmod_black=171 (idx=171) cmod_general=0 (idx=0) cmod_fb=0; alpha_taken=0 alpha_skipped=0 (global cmod=7302/5760/693/0 idx=5760/693 alpha=0/0)
[11:40:41] [info] phase timing block 0: drawcalls=2328 dc_total_ms=640 flip_inner_total_ms=483 inter_flip_total_ms=4350 (per-flip avg x10: dc_ms=64 fi_ms=48 if_ms=435 derived audio+engine_ms=323; per-drawcall avg us_x10=2751) [direct-vesa: presents=100 total_ms=288 avg_ms_x10=28 failed=0] [ablation: NO_DC_TIMING=0 CACHE_WINSURF=0 DIRECT_VESA=1]
[11:40:41] [info] kbd/audio block 0: kbd_irq=0 kbd_drain=0 ring_chunks=16 pump_pass=2498 pic1_mask=0xb8 first_irq_ticks=0 install_ticks=0 vector_at_install=0x0084a008 pic1_mask_live=0x98 kbd_8042_stat=0x34 bios_kbd_head=0x0026 bios_kbd_tail=0x0026 bios_kbd_buf0=0x3920
[11:40:41] [info] dirty-rect block @flip=1100: total_calls=0 dirty_rects_avg=1 dirty_pct_x10=1000 forced_full=0 first_n_force=0 threshold_exceeded=0 dirty_path_taken=0 full_flush_taken=0
[11:40:41] [info] prev-frame-diff block @flip=1100: diff_calls=0 diff_rects_avg=0 diff_dirty_pct_x10=0 bbox_pct_x10=0 bbox_thresh_exceeded=0
[11:40:41] [info] flip-probe: flip #1110 ok=true present=3ms inter_flip_ms=49 drawcalls-since-flip=15 drawcalls-total=79838 fail-total=0 null-skips-total=0
[11:40:41] [info] backdrop cache: thrashing-detect engaged (streak=4, route=direct)
[11:40:42] [info] flip-probe: flip #1120 ok=true present=3ms inter_flip_ms=40 drawcalls-since-flip=14 drawcalls-total=79978 fail-total=0 null-skips-total=0
[11:40:42] [info] flip-probe: flip #1130 ok=true present=3ms inter_flip_ms=40 drawcalls-since-flip=14 drawcalls-total=80118 fail-total=0 null-skips-total=0
[11:40:43] [info] flip-probe: flip #1140 ok=true present=3ms inter_flip_ms=39 drawcalls-since-flip=14 drawcalls-total=80258 fail-total=0 null-skips-total=0
[11:40:43] [info] flip-probe: flip #1150 ok=true present=3ms inter_flip_ms=38 drawcalls-since-flip=14 drawcalls-total=80398 fail-total=0 null-skips-total=0
[11:40:43] [info] flip-probe: flip #1160 ok=true present=3ms inter_flip_ms=38 drawcalls-since-flip=14 drawcalls-total=80538 fail-total=0 null-skips-total=0
[11:40:44] [info] flip-probe: flip #1170 ok=true present=3ms inter_flip_ms=37 drawcalls-since-flip=14 drawcalls-total=80678 fail-total=0 null-skips-total=0
[11:40:44] [info] backdrop cache: thrashing-detect engaged (streak=64, route=direct)
[11:40:44] [info] flip-probe: flip #1180 ok=true present=3ms inter_flip_ms=39 drawcalls-since-flip=14 drawcalls-total=80818 fail-total=0 null-skips-total=0
[11:40:44] [info] flip-probe: flip #1190 ok=true present=3ms inter_flip_ms=38 drawcalls-since-flip=14 drawcalls-total=80958 fail-total=0 null-skips-total=0
[11:40:45] [info] flip-probe: flip #1200 ok=true present=4ms inter_flip_ms=38 drawcalls-since-flip=14 drawcalls-total=81098 fail-total=0 null-skips-total=0
[11:40:45] [info] alpha audit block 0: 1311 total drawcalls, 0 with alpha<255 (block pct_x10=0; global 0/73654 pct_x10=0); alpha-mod skipped: block=0 global=0
[11:40:45] [info] fastpath audit block 0: taken=1311 (idx8=1311) skipped=0 pct_x10=1000; global taken=73654 (idx8=73654) skipped=0 pct_x10=1000
[11:40:45] [info] primitive tally block 0: clear=200(hr=200) fill=0(hr=0) rect=0(hr=0) line=0(hr=0) tint=0 spotlight=0 (over 100 flips ending at flip 1200)
[11:40:45] [info] phase timing block 0: drawcalls=1521 dc_total_ms=552 flip_inner_total_ms=486 inter_flip_total_ms=3986 (per-flip avg x10: dc_ms=55 fi_ms=48 if_ms=398 derived audio+engine_ms=295; per-drawcall avg us_x10=3633) [direct-vesa: presents=100 total_ms=290 avg_ms_x10=29 failed=0] [ablation: NO_DC_TIMING=0 CACHE_WINSURF=0 DIRECT_VESA=1]
[11:40:45] [info] kbd/audio block 0: kbd_irq=0 kbd_drain=0 ring_chunks=16 pump_pass=2698 pic1_mask=0xb8 first_irq_ticks=0 install_ticks=0 vector_at_install=0x0084a008 pic1_mask_live=0x98 kbd_8042_stat=0x34 bios_kbd_head=0x0026 bios_kbd_tail=0x0026 bios_kbd_buf0=0x3920
[11:40:45] [info] dirty-rect block @flip=1200: total_calls=0 dirty_rects_avg=1 dirty_pct_x10=1000 forced_full=0 first_n_force=0 threshold_exceeded=0 dirty_path_taken=0 full_flush_taken=0
[11:40:45] [info] prev-frame-diff block @flip=1200: diff_calls=0 diff_rects_avg=0 diff_dirty_pct_x10=0 bbox_pct_x10=0 bbox_thresh_exceeded=0
[11:40:46] [info] flip-probe: flip #1210 ok=true present=3ms inter_flip_ms=75 drawcalls-since-flip=318 drawcalls-total=83389 fail-total=0 null-skips-total=0
[11:40:46] [info]  >> Entering stage 11: 'Mimiga Village'.
[11:40:46] [info] [skip-sheet-flush] cave=7
[11:40:46] [info] [load-stage] preloading entry music song=9 (cave=7)
[11:40:46] [info] gameloop: entered (curmap=11, running=1)
[11:40:46] [info] gameloop: iter 1 ticks=96535 mapno=-1
[11:40:46] [info] mds-clear-lut: rebuilt N=240 entries (k_skip=0% k_keep=100%; curmap=11 map_size=60x60; rebuild #5 since boot)
[11:40:46] [info] gameloop: iter 2 ticks=96631 mapno=-1
[11:40:46] [info] gameloop: iter 3 ticks=96722 mapno=-1
[11:40:47] [info] flip-probe: flip #1220 ok=true present=3ms inter_flip_ms=51 drawcalls-since-flip=91 drawcalls-total=85636 fail-total=0 null-skips-total=0
[11:40:47] [info] flip-probe: flip #1230 ok=true present=3ms inter_flip_ms=46 drawcalls-since-flip=42 drawcalls-total=86049 fail-total=0 null-skips-total=0
[11:40:48] [info] flip-probe: flip #1240 ok=true present=2ms inter_flip_ms=44 drawcalls-since-flip=42 drawcalls-total=86469 fail-total=0 null-skips-total=0
[11:40:48] [info] flip-probe: flip #1250 ok=true present=3ms inter_flip_ms=53 drawcalls-since-flip=53 drawcalls-total=86922 fail-total=0 null-skips-total=0
[11:40:49] [info] backdrop cache: thrashing-detect engaged (streak=4, route=direct)
[11:40:49] [info] flip-probe: flip #1260 ok=true present=3ms inter_flip_ms=51 drawcalls-since-flip=50 drawcalls-total=87434 fail-total=0 null-skips-total=0
[11:40:49] [info] flip-probe: flip #1270 ok=true present=3ms inter_flip_ms=47 drawcalls-since-flip=47 drawcalls-total=87905 fail-total=0 null-skips-total=0
[11:40:50] [info] flip-probe: flip #1280 ok=true present=3ms inter_flip_ms=46 drawcalls-since-flip=43 drawcalls-total=88348 fail-total=0 null-skips-total=0
[11:40:50] [info] flip-probe: flip #1290 ok=true present=3ms inter_flip_ms=49 drawcalls-since-flip=44 drawcalls-total=88788 fail-total=0 null-skips-total=0
[11:40:51] [info] flip-probe: flip #1300 ok=true present=3ms inter_flip_ms=48 drawcalls-since-flip=46 drawcalls-total=89236 fail-total=0 null-skips-total=0
[11:40:51] [info] alpha audit block 0: 6881 total drawcalls, 0 with alpha<255 (block pct_x10=0; global 0/80535 pct_x10=0); alpha-mod skipped: block=0 global=0
[11:40:51] [info] fastpath audit block 0: taken=6881 (idx8=6881) skipped=0 pct_x10=1000; global taken=80535 (idx8=80535) skipped=0 pct_x10=1000
[11:40:51] [info] primitive tally block 0: clear=201(hr=201) fill=0(hr=0) rect=0(hr=0) line=0(hr=0) tint=0 spotlight=0 (over 100 flips ending at flip 1300)
[11:40:51] [info] color/alpha audit block 0: cmod_white=1157 cmod_black=1157 (idx=1157) cmod_general=0 (idx=0) cmod_fb=0; alpha_taken=0 alpha_skipped=0 (global cmod=8459/6917/693/0 idx=6917/693 alpha=0/0)
[11:40:51] [info] phase timing block 0: drawcalls=9442 dc_total_ms=1391 flip_inner_total_ms=489 inter_flip_total_ms=5782 (per-flip avg x10: dc_ms=139 fi_ms=48 if_ms=578 derived audio+engine_ms=391; per-drawcall avg us_x10=1473) [direct-vesa: presents=100 total_ms=292 avg_ms_x10=29 failed=0] [ablation: NO_DC_TIMING=0 CACHE_WINSURF=0 DIRECT_VESA=1]
[11:40:51] [info] kbd/audio block 0: kbd_irq=0 kbd_drain=0 ring_chunks=16 pump_pass=2956 pic1_mask=0xb8 first_irq_ticks=0 install_ticks=0 vector_at_install=0x0084a008 pic1_mask_live=0x98 kbd_8042_stat=0x34 bios_kbd_head=0x0026 bios_kbd_tail=0x0026 bios_kbd_buf0=0x3920
[11:40:51] [info] dirty-rect block @flip=1300: total_calls=0 dirty_rects_avg=1 dirty_pct_x10=1000 forced_full=0 first_n_force=0 threshold_exceeded=0 dirty_path_taken=0 full_flush_taken=0
[11:40:51] [info] prev-frame-diff block @flip=1300: diff_calls=0 diff_rects_avg=0 diff_dirty_pct_x10=0 bbox_pct_x10=0 bbox_thresh_exceeded=0
[11:40:51] [info] flip-probe: flip #1310 ok=true present=3ms inter_flip_ms=47 drawcalls-since-flip=45 drawcalls-total=89688 fail-total=0 null-skips-total=0
[11:40:52] [info] backdrop cache: thrashing-detect engaged (streak=64, route=direct)
[11:40:52] [info] flip-probe: flip #1320 ok=true present=3ms inter_flip_ms=45 drawcalls-since-flip=45 drawcalls-total=90138 fail-total=0 null-skips-total=0
[11:40:52] [info] flip-probe: flip #1330 ok=true present=3ms inter_flip_ms=43 drawcalls-since-flip=45 drawcalls-total=90588 fail-total=0 null-skips-total=0
[11:40:53] [info] flip-probe: flip #1340 ok=true present=3ms inter_flip_ms=42 drawcalls-since-flip=19 drawcalls-total=90804 fail-total=0 null-skips-total=0
[11:40:53] [info] flip-probe: flip #1350 ok=true present=3ms inter_flip_ms=42 drawcalls-since-flip=18 drawcalls-total=90988 fail-total=0 null-skips-total=0
[11:40:53] [info] flip-probe: flip #1360 ok=true present=4ms inter_flip_ms=42 drawcalls-since-flip=18 drawcalls-total=91168 fail-total=0 null-skips-total=0
[11:40:54] [info] flip-probe: flip #1370 ok=true present=3ms inter_flip_ms=43 drawcalls-since-flip=17 drawcalls-total=91342 fail-total=0 null-skips-total=0
[11:40:54] [info] backdrop cache: thrashing-detect engaged (streak=124, route=direct)
[11:40:54] [info] flip-probe: flip #1380 ok=true present=3ms inter_flip_ms=44 drawcalls-since-flip=18 drawcalls-total=91513 fail-total=0 null-skips-total=0
[11:40:55] [info] flip-probe: flip #1390 ok=true present=3ms inter_flip_ms=43 drawcalls-since-flip=19 drawcalls-total=91697 fail-total=0 null-skips-total=0
[11:40:55] [info] flip-probe: flip #1400 ok=true present=3ms inter_flip_ms=42 drawcalls-since-flip=19 drawcalls-total=91887 fail-total=0 null-skips-total=0
[11:40:55] [info] alpha audit block 0: 2148 total drawcalls, 0 with alpha<255 (block pct_x10=0; global 0/82683 pct_x10=0); alpha-mod skipped: block=0 global=0
[11:40:55] [info] fastpath audit block 0: taken=2148 (idx8=2148) skipped=0 pct_x10=1000; global taken=82683 (idx8=82683) skipped=0 pct_x10=1000
[11:40:55] [info] primitive tally block 0: clear=200(hr=200) fill=0(hr=0) rect=0(hr=0) line=0(hr=0) tint=0 spotlight=0 (over 100 flips ending at flip 1400)
[11:40:55] [info] color/alpha audit block 0: cmod_white=403 cmod_black=403 (idx=403) cmod_general=0 (idx=0) cmod_fb=0; alpha_taken=0 alpha_skipped=0 (global cmod=8862/7320/693/0 idx=7320/693 alpha=0/0)
[11:40:55] [info] phase timing block 0: drawcalls=3154 dc_total_ms=653 flip_inner_total_ms=488 inter_flip_total_ms=4436 (per-flip avg x10: dc_ms=65 fi_ms=48 if_ms=443 derived audio+engine_ms=330; per-drawcall avg us_x10=2071) [direct-vesa: presents=100 total_ms=289 avg_ms_x10=28 failed=0] [ablation: NO_DC_TIMING=0 CACHE_WINSURF=0 DIRECT_VESA=1]
[11:40:55] [info] kbd/audio block 0: kbd_irq=0 kbd_drain=0 ring_chunks=16 pump_pass=3178 pic1_mask=0xb8 first_irq_ticks=0 install_ticks=0 vector_at_install=0x0084a008 pic1_mask_live=0x98 kbd_8042_stat=0x34 bios_kbd_head=0x0026 bios_kbd_tail=0x0026 bios_kbd_buf0=0x3920
[11:40:55] [info] dirty-rect block @flip=1400: total_calls=0 dirty_rects_avg=1 dirty_pct_x10=1000 forced_full=0 first_n_force=0 threshold_exceeded=0 dirty_path_taken=0 full_flush_taken=0
[11:40:55] [info] prev-frame-diff block @flip=1400: diff_calls=0 diff_rects_avg=0 diff_dirty_pct_x10=0 bbox_pct_x10=0 bbox_thresh_exceeded=0
[11:40:55] [info] tas: stall frame 322 ms -> contributing 1 tick (patch 0286)
[11:40:56] [info] flip-probe: flip #1410 ok=true present=3ms inter_flip_ms=41 drawcalls-since-flip=19 drawcalls-total=92077 fail-total=0 null-skips-total=0
[11:40:56] [info] flip-probe: flip #1420 ok=true present=3ms inter_flip_ms=44 drawcalls-since-flip=18 drawcalls-total=92259 fail-total=0 null-skips-total=0
[11:40:57] [info] flip-probe: flip #1430 ok=true present=3ms inter_flip_ms=42 drawcalls-since-flip=17 drawcalls-total=92432 fail-total=0 null-skips-total=0
[11:40:57] [info] backdrop cache: thrashing-detect engaged (streak=184, route=direct)
[11:40:57] [info] flip-probe: flip #1440 ok=true present=3ms inter_flip_ms=44 drawcalls-since-flip=18 drawcalls-total=92611 fail-total=0 null-skips-total=0
[11:40:58] [info] flip-probe: flip #1450 ok=true present=3ms inter_flip_ms=43 drawcalls-since-flip=19 drawcalls-total=92795 fail-total=0 null-skips-total=0
[11:40:58] [info] flip-probe: flip #1460 ok=true present=3ms inter_flip_ms=44 drawcalls-since-flip=19 drawcalls-total=92985 fail-total=0 null-skips-total=0
[11:40:58] [info] flip-probe: flip #1470 ok=true present=4ms inter_flip_ms=42 drawcalls-since-flip=19 drawcalls-total=93175 fail-total=0 null-skips-total=0
[11:40:59] [info] flip-probe: flip #1480 ok=true present=3ms inter_flip_ms=41 drawcalls-since-flip=20 drawcalls-total=93373 fail-total=0 null-skips-total=0
[11:40:59] [info] flip-probe: flip #1490 ok=true present=3ms inter_flip_ms=42 drawcalls-since-flip=20 drawcalls-total=93573 fail-total=0 null-skips-total=0
[11:41:00] [info] backdrop cache: thrashing-detect engaged (streak=244, route=direct)
[11:41:00] [info] flip-probe: flip #1500 ok=true present=3ms inter_flip_ms=43 drawcalls-since-flip=20 drawcalls-total=93773 fail-total=0 null-skips-total=0
[11:41:00] [info] alpha audit block 0: 1786 total drawcalls, 0 with alpha<255 (block pct_x10=0; global 0/84469 pct_x10=0); alpha-mod skipped: block=0 global=0
[11:41:00] [info] fastpath audit block 0: taken=1786 (idx8=1786) skipped=0 pct_x10=1000; global taken=84469 (idx8=84469) skipped=0 pct_x10=1000
[11:41:00] [info] primitive tally block 0: clear=200(hr=200) fill=0(hr=0) rect=0(hr=0) line=0(hr=0) tint=0 spotlight=0 (over 100 flips ending at flip 1500)
[11:41:00] [info] phase timing block 0: drawcalls=1986 dc_total_ms=582 flip_inner_total_ms=478 inter_flip_total_ms=4607 (per-flip avg x10: dc_ms=58 fi_ms=47 if_ms=460 derived audio+engine_ms=355; per-drawcall avg us_x10=2930) [direct-vesa: presents=100 total_ms=291 avg_ms_x10=29 failed=0] [ablation: NO_DC_TIMING=0 CACHE_WINSURF=0 DIRECT_VESA=1]
[11:41:00] [info] kbd/audio block 0: kbd_irq=0 kbd_drain=0 ring_chunks=16 pump_pass=3393 pic1_mask=0xb8 first_irq_ticks=0 install_ticks=0 vector_at_install=0x0084a008 pic1_mask_live=0x98 kbd_8042_stat=0x34 bios_kbd_head=0x0026 bios_kbd_tail=0x0026 bios_kbd_buf0=0x3920
[11:41:00] [info] dirty-rect block @flip=1500: total_calls=0 dirty_rects_avg=1 dirty_pct_x10=1000 forced_full=0 first_n_force=0 threshold_exceeded=0 dirty_path_taken=0 full_flush_taken=0
[11:41:00] [info] prev-frame-diff block @flip=1500: diff_calls=0 diff_rects_avg=0 diff_dirty_pct_x10=0 bbox_pct_x10=0 bbox_thresh_exceeded=0
[11:41:00] [info] flip-probe: flip #1510 ok=true present=3ms inter_flip_ms=42 drawcalls-since-flip=17 drawcalls-total=93943 fail-total=0 null-skips-total=0
[11:41:01] [info] flip-probe: flip #1520 ok=true present=3ms inter_flip_ms=44 drawcalls-since-flip=17 drawcalls-total=94113 fail-total=0 null-skips-total=0
[11:41:01] [info] flip-probe: flip #1530 ok=true present=3ms inter_flip_ms=42 drawcalls-since-flip=19 drawcalls-total=94289 fail-total=0 null-skips-total=0
[11:41:01] [info] flip-probe: flip #1540 ok=true present=3ms inter_flip_ms=43 drawcalls-since-flip=17 drawcalls-total=94470 fail-total=0 null-skips-total=0
[11:41:02] [info] flip-probe: flip #1550 ok=true present=3ms inter_flip_ms=43 drawcalls-since-flip=16 drawcalls-total=94638 fail-total=0 null-skips-total=0
[11:41:02] [info] backdrop cache: thrashing-detect engaged (streak=304, route=direct)
[11:41:02] [info] flip-probe: flip #1560 ok=true present=4ms inter_flip_ms=41 drawcalls-since-flip=17 drawcalls-total=94801 fail-total=0 null-skips-total=0
[11:41:03] [info] flip-probe: flip #1570 ok=true present=4ms inter_flip_ms=44 drawcalls-since-flip=19 drawcalls-total=94981 fail-total=0 null-skips-total=0
[11:41:03] [info] flip-probe: flip #1580 ok=true present=3ms inter_flip_ms=45 drawcalls-since-flip=20 drawcalls-total=95183 fail-total=0 null-skips-total=0
[11:41:04] [info] flip-probe: flip #1590 ok=true present=3ms inter_flip_ms=44 drawcalls-since-flip=18 drawcalls-total=95369 fail-total=0 null-skips-total=0
[11:41:04] [info] flip-probe: flip #1600 ok=true present=3ms inter_flip_ms=89 drawcalls-since-flip=359 drawcalls-total=97767 fail-total=0 null-skips-total=0
[11:41:04] [info] alpha audit block 0: 3894 total drawcalls, 0 with alpha<255 (block pct_x10=0; global 0/88363 pct_x10=0); alpha-mod skipped: block=0 global=0
[11:41:04] [info] fastpath audit block 0: taken=3894 (idx8=3894) skipped=0 pct_x10=1000; global taken=88363 (idx8=88363) skipped=0 pct_x10=1000
[11:41:04] [info] primitive tally block 0: clear=200(hr=200) fill=0(hr=0) rect=0(hr=0) line=0(hr=0) tint=0 spotlight=0 (over 100 flips ending at flip 1600)
[11:41:04] [info] phase timing block 0: drawcalls=4094 dc_total_ms=776 flip_inner_total_ms=480 inter_flip_total_ms=4698 (per-flip avg x10: dc_ms=77 fi_ms=48 if_ms=469 derived audio+engine_ms=344; per-drawcall avg us_x10=1896) [direct-vesa: presents=100 total_ms=294 avg_ms_x10=29 failed=0] [ablation: NO_DC_TIMING=0 CACHE_WINSURF=0 DIRECT_VESA=1]
[11:41:04] [info] kbd/audio block 0: kbd_irq=0 kbd_drain=0 ring_chunks=16 pump_pass=3626 pic1_mask=0xb8 first_irq_ticks=0 install_ticks=0 vector_at_install=0x0084a008 pic1_mask_live=0x98 kbd_8042_stat=0x34 bios_kbd_head=0x0026 bios_kbd_tail=0x0026 bios_kbd_buf0=0x3920
[11:41:04] [info] dirty-rect block @flip=1600: total_calls=0 dirty_rects_avg=1 dirty_pct_x10=1000 forced_full=0 first_n_force=0 threshold_exceeded=0 dirty_path_taken=0 full_flush_taken=0
[11:41:04] [info] prev-frame-diff block @flip=1600: diff_calls=0 diff_rects_avg=0 diff_dirty_pct_x10=0 bbox_pct_x10=0 bbox_thresh_exceeded=0
[11:41:05] [info]  >> Entering stage 19: 'Assembly Hall'.
[11:41:05] [info] [skip-sheet-flush] cave=8
[11:41:05] [info] [load-stage] preloading entry music song=9 (cave=8)
[11:41:05] [info] gameloop: entered (curmap=19, running=1)
[11:41:05] [info] gameloop: iter 1 ticks=115651 mapno=-1
[11:41:05] [info] mds-clear-lut: rebuilt N=240 entries (k_skip=100% k_keep=0%; curmap=19 map_size=21x16; rebuild #6 since boot)
[11:41:05] [info] gameloop: iter 2 ticks=115755 mapno=-1
[11:41:06] [info] gameloop: iter 3 ticks=115848 mapno=-1
[11:41:06] [info] flip-probe: flip #1610 ok=true present=3ms inter_flip_ms=42 drawcalls-since-flip=115 drawcalls-total=100677 fail-total=0 null-skips-total=0
[11:41:06] [info] flip-probe: flip #1620 ok=true present=3ms inter_flip_ms=43 drawcalls-since-flip=122 drawcalls-total=101875 fail-total=0 null-skips-total=0
[11:41:07] [info] flip-probe: flip #1630 ok=true present=3ms inter_flip_ms=43 drawcalls-since-flip=122 drawcalls-total=103095 fail-total=0 null-skips-total=0
[11:41:07] [info] flip-probe: flip #1640 ok=true present=3ms inter_flip_ms=44 drawcalls-since-flip=124 drawcalls-total=104325 fail-total=0 null-skips-total=0
[11:41:08] [info] flip-probe: flip #1650 ok=true present=2ms inter_flip_ms=44 drawcalls-since-flip=122 drawcalls-total=105561 fail-total=0 null-skips-total=0
[11:41:08] [info] flip-probe: flip #1660 ok=true present=4ms inter_flip_ms=43 drawcalls-since-flip=123 drawcalls-total=106793 fail-total=0 null-skips-total=0
[11:41:09] [info] flip-probe: flip #1670 ok=true present=3ms inter_flip_ms=44 drawcalls-since-flip=122 drawcalls-total=108015 fail-total=0 null-skips-total=0
[11:41:09] [info] flip-probe: flip #1680 ok=true present=3ms inter_flip_ms=43 drawcalls-since-flip=122 drawcalls-total=109235 fail-total=0 null-skips-total=0
[11:41:09] [info] flip-probe: flip #1690 ok=true present=3ms inter_flip_ms=43 drawcalls-since-flip=122 drawcalls-total=110455 fail-total=0 null-skips-total=0
[11:41:10] [info] flip-probe: flip #1700 ok=true present=3ms inter_flip_ms=49 drawcalls-since-flip=150 drawcalls-total=111703 fail-total=0 null-skips-total=0
[11:41:10] [info] alpha audit block 0: 12648 total drawcalls, 0 with alpha<255 (block pct_x10=0; global 0/101011 pct_x10=0); alpha-mod skipped: block=0 global=0
[11:41:10] [info] fastpath audit block 0: taken=12648 (idx8=12648) skipped=0 pct_x10=1000; global taken=101011 (idx8=101011) skipped=0 pct_x10=1000
[11:41:10] [info] primitive tally block 0: clear=201(hr=201) fill=0(hr=0) rect=0(hr=0) line=0(hr=0) tint=0 spotlight=0 (over 100 flips ending at flip 1700)
[11:41:10] [info] color/alpha audit block 0: cmod_white=1188 cmod_black=1188 (idx=1188) cmod_general=0 (idx=0) cmod_fb=0; alpha_taken=0 alpha_skipped=0 (global cmod=10050/8508/693/0 idx=8508/693 alpha=0/0)
[11:41:10] [info] phase timing block 0: drawcalls=15324 dc_total_ms=1619 flip_inner_total_ms=702 inter_flip_total_ms=5490 (per-flip avg x10: dc_ms=161 fi_ms=70 if_ms=549 derived audio+engine_ms=318; per-drawcall avg us_x10=1057) [direct-vesa: presents=100 total_ms=291 avg_ms_x10=29 failed=0] [ablation: NO_DC_TIMING=0 CACHE_WINSURF=0 DIRECT_VESA=1]
[11:41:10] [info] kbd/audio block 0: kbd_irq=0 kbd_drain=0 ring_chunks=16 pump_pass=3860 pic1_mask=0xb8 first_irq_ticks=0 install_ticks=0 vector_at_install=0x0084a008 pic1_mask_live=0x98 kbd_8042_stat=0x34 bios_kbd_head=0x0026 bios_kbd_tail=0x0026 bios_kbd_buf0=0x3920
[11:41:10] [info] dirty-rect block @flip=1700: total_calls=0 dirty_rects_avg=1 dirty_pct_x10=1000 forced_full=0 first_n_force=0 threshold_exceeded=0 dirty_path_taken=0 full_flush_taken=0
[11:41:10] [info] prev-frame-diff block @flip=1700: diff_calls=0 diff_rects_avg=0 diff_dirty_pct_x10=0 bbox_pct_x10=0 bbox_thresh_exceeded=0
[11:41:10] [info] tas: stall frame 323 ms -> contributing 1 tick (patch 0286)
[11:41:11] [info] flip-probe: flip #1710 ok=true present=3ms inter_flip_ms=46 drawcalls-since-flip=110 drawcalls-total=115231 fail-total=0 null-skips-total=0
[11:41:11] [info]  >> Entering stage 11: 'Mimiga Village'.
[11:41:11] [info] [skip-sheet-flush] cave=9
[11:41:12] [info] [load-stage] preloading entry music song=9 (cave=9)
[11:41:12] [info] gameloop: entered (curmap=11, running=1)
[11:41:12] [info] gameloop: iter 1 ticks=122023 mapno=-1
[11:41:12] [info] mds-clear-lut: rebuilt N=240 entries (k_skip=0% k_keep=100%; curmap=11 map_size=60x60; rebuild #7 since boot)
[11:41:12] [info] gameloop: iter 2 ticks=122127 mapno=-1
[11:41:12] [info] gameloop: iter 3 ticks=122224 mapno=-1
[11:41:12] [info] backdrop cache: thrashing-detect engaged (streak=4, route=direct)
[11:41:12] [info] flip-probe: flip #1720 ok=true present=3ms inter_flip_ms=44 drawcalls-since-flip=32 drawcalls-total=117387 fail-total=0 null-skips-total=0
[11:41:13] [info] flip-probe: flip #1730 ok=true present=3ms inter_flip_ms=48 drawcalls-since-flip=46 drawcalls-total=117837 fail-total=0 null-skips-total=0
[11:41:13] [info] flip-probe: flip #1740 ok=true present=3ms inter_flip_ms=46 drawcalls-since-flip=42 drawcalls-total=118278 fail-total=0 null-skips-total=0
[11:41:14] [info] flip-probe: flip #1750 ok=true present=3ms inter_flip_ms=46 drawcalls-since-flip=43 drawcalls-total=118706 fail-total=0 null-skips-total=0
[11:41:14] [info] flip-probe: flip #1760 ok=true present=3ms inter_flip_ms=44 drawcalls-since-flip=45 drawcalls-total=119149 fail-total=0 null-skips-total=0
[11:41:15] [info] flip-probe: flip #1770 ok=true present=3ms inter_flip_ms=46 drawcalls-since-flip=43 drawcalls-total=119583 fail-total=0 null-skips-total=0
[11:41:15] [info] backdrop cache: thrashing-detect engaged (streak=64, route=direct)
[11:41:15] [info] flip-probe: flip #1780 ok=true present=3ms inter_flip_ms=48 drawcalls-since-flip=46 drawcalls-total=120031 fail-total=0 null-skips-total=0
[11:41:16] [info] flip-probe: flip #1790 ok=true present=2ms inter_flip_ms=47 drawcalls-since-flip=45 drawcalls-total=120481 fail-total=0 null-skips-total=0
[11:41:16] [info] flip-probe: flip #1800 ok=true present=4ms inter_flip_ms=46 drawcalls-since-flip=44 drawcalls-total=120923 fail-total=0 null-skips-total=0
[11:41:16] [info] alpha audit block 0: 7830 total drawcalls, 0 with alpha<255 (block pct_x10=0; global 0/108841 pct_x10=0); alpha-mod skipped: block=0 global=0
[11:41:16] [info] fastpath audit block 0: taken=7830 (idx8=7830) skipped=0 pct_x10=1000; global taken=108841 (idx8=108841) skipped=0 pct_x10=1000
[11:41:16] [info] primitive tally block 0: clear=201(hr=201) fill=0(hr=0) rect=0(hr=0) line=0(hr=0) tint=0 spotlight=0 (over 100 flips ending at flip 1800)
[11:41:16] [info] color/alpha audit block 0: cmod_white=1290 cmod_black=1290 (idx=1290) cmod_general=0 (idx=0) cmod_fb=0; alpha_taken=0 alpha_skipped=0 (global cmod=11340/9798/693/0 idx=9798/693 alpha=0/0)
[11:41:16] [info] phase timing block 0: drawcalls=10626 dc_total_ms=1286 flip_inner_total_ms=496 inter_flip_total_ms=6287 (per-flip avg x10: dc_ms=128 fi_ms=49 if_ms=628 derived audio+engine_ms=451; per-drawcall avg us_x10=1210) [direct-vesa: presents=100 total_ms=291 avg_ms_x10=29 failed=0] [ablation: NO_DC_TIMING=0 CACHE_WINSURF=0 DIRECT_VESA=1]
[11:41:16] [info] kbd/audio block 0: kbd_irq=0 kbd_drain=0 ring_chunks=16 pump_pass=4116 pic1_mask=0xb8 first_irq_ticks=0 install_ticks=0 vector_at_install=0x0084a008 pic1_mask_live=0x98 kbd_8042_stat=0x34 bios_kbd_head=0x0026 bios_kbd_tail=0x0026 bios_kbd_buf0=0x3920
[11:41:16] [info] dirty-rect block @flip=1800: total_calls=0 dirty_rects_avg=1 dirty_pct_x10=1000 forced_full=0 first_n_force=0 threshold_exceeded=0 dirty_path_taken=0 full_flush_taken=0
[11:41:16] [info] prev-frame-diff block @flip=1800: diff_calls=0 diff_rects_avg=0 diff_dirty_pct_x10=0 bbox_pct_x10=0 bbox_thresh_exceeded=0
[11:41:17] [info] flip-probe: flip #1810 ok=true present=3ms inter_flip_ms=46 drawcalls-since-flip=43 drawcalls-total=121361 fail-total=0 null-skips-total=0
[11:41:17] [info] flip-probe: flip #1820 ok=true present=3ms inter_flip_ms=47 drawcalls-since-flip=43 drawcalls-total=121791 fail-total=0 null-skips-total=0
[11:41:18] [info] flip-probe: flip #1830 ok=true present=4ms inter_flip_ms=45 drawcalls-since-flip=43 drawcalls-total=122221 fail-total=0 null-skips-total=0
[11:41:18] [info] backdrop cache: thrashing-detect engaged (streak=124, route=direct)
[11:41:18] [info] flip-probe: flip #1840 ok=true present=3ms inter_flip_ms=42 drawcalls-since-flip=18 drawcalls-total=122401 fail-total=0 null-skips-total=0
[11:41:18] [info] flip-probe: flip #1850 ok=true present=4ms inter_flip_ms=43 drawcalls-since-flip=20 drawcalls-total=122587 fail-total=0 null-skips-total=0
[11:41:19] [info] flip-probe: flip #1860 ok=true present=4ms inter_flip_ms=43 drawcalls-since-flip=18 drawcalls-total=122774 fail-total=0 null-skips-total=0
[11:41:19] [info] flip-probe: flip #1870 ok=true present=3ms inter_flip_ms=43 drawcalls-since-flip=15 drawcalls-total=122931 fail-total=0 null-skips-total=0
[11:41:20] [info] flip-probe: flip #1880 ok=true present=3ms inter_flip_ms=44 drawcalls-since-flip=44 drawcalls-total=123110 fail-total=0 null-skips-total=0
[11:41:21] [info]  >> Entering stage 14: 'Shack'.
[11:41:21] [info] [skip-sheet-flush] cave=10
[11:41:21] [info] [load-stage] preloading entry music song=8 (cave=10)
[11:41:21] [info] opl3 backend: on_song_stop
[11:41:21] [info] MidiScheduler::load: parsed 'data/orgmid2/vivi.mid' = 11188 events at 48 PPQ
[11:41:21] [info] opl3 backend: on_song_start
[11:41:22] [info] gameloop: entered (curmap=14, running=1)
[11:41:22] [info] gameloop: iter 1 ticks=131892 mapno=-1
[11:41:22] [info] flip-probe: flip #1890 ok=true present=3ms inter_flip_ms=1239 drawcalls-since-flip=365 drawcalls-total=125527 fail-total=0 null-skips-total=0
[11:41:22] [info] gameloop: iter 2 ticks=131979 mapno=-1
[11:41:22] [info] gameloop: iter 3 ticks=132063 mapno=-1
[11:41:22] [info] flip-probe: flip #1900 ok=true present=2ms inter_flip_ms=32 drawcalls-since-flip=17 drawcalls-total=127637 fail-total=0 null-skips-total=0
[11:41:22] [info] alpha audit block 0: 6180 total drawcalls, 0 with alpha<255 (block pct_x10=0; global 0/115021 pct_x10=0); alpha-mod skipped: block=0 global=0
[11:41:22] [info] fastpath audit block 0: taken=6180 (idx8=6180) skipped=0 pct_x10=1000; global taken=115021 (idx8=115021) skipped=0 pct_x10=1000
[11:41:22] [info] primitive tally block 0: clear=202(hr=202) fill=0(hr=0) rect=0(hr=0) line=0(hr=0) tint=0 spotlight=0 (over 100 flips ending at flip 1900)
[11:41:22] [info] color/alpha audit block 0: cmod_white=445 cmod_black=445 (idx=445) cmod_general=0 (idx=0) cmod_fb=0; alpha_taken=0 alpha_skipped=0 (global cmod=11785/10243/693/0 idx=10243/693 alpha=0/0)
[11:41:22] [info] phase timing block 0: drawcalls=7272 dc_total_ms=1021 flip_inner_total_ms=488 inter_flip_total_ms=6043 (per-flip avg x10: dc_ms=102 fi_ms=48 if_ms=604 derived audio+engine_ms=454; per-drawcall avg us_x10=1404) [direct-vesa: presents=100 total_ms=290 avg_ms_x10=29 failed=0] [ablation: NO_DC_TIMING=0 CACHE_WINSURF=0 DIRECT_VESA=1]
[11:41:22] [info] kbd/audio block 0: kbd_irq=0 kbd_drain=0 ring_chunks=16 pump_pass=4359 pic1_mask=0xb8 first_irq_ticks=0 install_ticks=0 vector_at_install=0x0084a008 pic1_mask_live=0x98 kbd_8042_stat=0x34 bios_kbd_head=0x0026 bios_kbd_tail=0x0026 bios_kbd_buf0=0x3920
[11:41:22] [info] dirty-rect block @flip=1900: total_calls=0 dirty_rects_avg=1 dirty_pct_x10=1000 forced_full=0 first_n_force=0 threshold_exceeded=0 dirty_path_taken=0 full_flush_taken=0
[11:41:22] [info] prev-frame-diff block @flip=1900: diff_calls=0 diff_rects_avg=0 diff_dirty_pct_x10=0 bbox_pct_x10=0 bbox_thresh_exceeded=0
[11:41:23] [info] flip-probe: flip #1910 ok=true present=3ms inter_flip_ms=32 drawcalls-since-flip=24 drawcalls-total=127877 fail-total=0 null-skips-total=0
[11:41:23] [info] flip-probe: flip #1920 ok=true present=3ms inter_flip_ms=35 drawcalls-since-flip=24 drawcalls-total=128117 fail-total=0 null-skips-total=0
[11:41:23] [info] flip-probe: flip #1930 ok=true present=3ms inter_flip_ms=36 drawcalls-since-flip=26 drawcalls-total=128359 fail-total=0 null-skips-total=0
[11:41:24] [info] flip-probe: flip #1940 ok=true present=3ms inter_flip_ms=35 drawcalls-since-flip=28 drawcalls-total=128627 fail-total=0 null-skips-total=0
[11:41:24] [info] flip-probe: flip #1950 ok=true present=3ms inter_flip_ms=33 drawcalls-since-flip=25 drawcalls-total=128887 fail-total=0 null-skips-total=0
[11:41:24] [info] flip-probe: flip #1960 ok=true present=3ms inter_flip_ms=33 drawcalls-since-flip=24 drawcalls-total=129127 fail-total=0 null-skips-total=0
[11:41:25] [info] flip-probe: flip #1970 ok=true present=4ms inter_flip_ms=35 drawcalls-since-flip=24 drawcalls-total=129367 fail-total=0 null-skips-total=0
[11:41:25] [info] flip-probe: flip #1980 ok=true present=3ms inter_flip_ms=35 drawcalls-since-flip=24 drawcalls-total=129607 fail-total=0 null-skips-total=0
[11:41:25] [info] flip-probe: flip #1990 ok=true present=3ms inter_flip_ms=33 drawcalls-since-flip=24 drawcalls-total=129847 fail-total=0 null-skips-total=0
[11:41:26] [info] flip-probe: flip #2000 ok=true present=3ms inter_flip_ms=39 drawcalls-since-flip=24 drawcalls-total=130087 fail-total=0 null-skips-total=0
[11:41:26] [info] alpha audit block 0: 1950 total drawcalls, 0 with alpha<255 (block pct_x10=0; global 0/116971 pct_x10=0); alpha-mod skipped: block=0 global=0
[11:41:26] [info] fastpath audit block 0: taken=1950 (idx8=1950) skipped=0 pct_x10=1000; global taken=116971 (idx8=116971) skipped=0 pct_x10=1000
[11:41:26] [info] primitive tally block 0: clear=200(hr=200) fill=0(hr=0) rect=0(hr=0) line=0(hr=0) tint=0 spotlight=0 (over 100 flips ending at flip 2000)
[11:41:26] [info] color/alpha audit block 0: cmod_white=500 cmod_black=500 (idx=500) cmod_general=0 (idx=0) cmod_fb=0; alpha_taken=0 alpha_skipped=0 (global cmod=12285/10743/693/0 idx=10743/693 alpha=0/0)
[11:41:26] [info] phase timing block 0: drawcalls=3150 dc_total_ms=630 flip_inner_total_ms=497 inter_flip_total_ms=3477 (per-flip avg x10: dc_ms=63 fi_ms=49 if_ms=347 derived audio+engine_ms=235; per-drawcall avg us_x10=2002) [direct-vesa: presents=100 total_ms=290 avg_ms_x10=29 failed=0] [ablation: NO_DC_TIMING=0 CACHE_WINSURF=0 DIRECT_VESA=1]
[11:41:26] [info] kbd/audio block 0: kbd_irq=0 kbd_drain=0 ring_chunks=16 pump_pass=4533 pic1_mask=0xb8 first_irq_ticks=0 install_ticks=0 vector_at_install=0x0084a008 pic1_mask_live=0x98 kbd_8042_stat=0x34 bios_kbd_head=0x0026 bios_kbd_tail=0x0026 bios_kbd_buf0=0x3920
[11:41:26] [info] dirty-rect block @flip=2000: total_calls=0 dirty_rects_avg=1 dirty_pct_x10=1000 forced_full=0 first_n_force=0 threshold_exceeded=0 dirty_path_taken=0 full_flush_taken=0
[11:41:26] [info] prev-frame-diff block @flip=2000: diff_calls=0 diff_rects_avg=0 diff_dirty_pct_x10=0 bbox_pct_x10=0 bbox_thresh_exceeded=0
[11:41:26] [info] flip-probe: flip #2010 ok=true present=3ms inter_flip_ms=33 drawcalls-since-flip=14 drawcalls-total=130317 fail-total=0 null-skips-total=0
[11:41:26] [info] flip-probe: flip #2020 ok=true present=3ms inter_flip_ms=33 drawcalls-since-flip=14 drawcalls-total=130457 fail-total=0 null-skips-total=0
[11:41:27] [info] flip-probe: flip #2030 ok=true present=3ms inter_flip_ms=71 drawcalls-since-flip=331 drawcalls-total=131486 fail-total=0 null-skips-total=0
[11:41:27] [info]  >> Entering stage 11: 'Mimiga Village'.
[11:41:27] [info] [skip-sheet-flush] cave=11
[11:41:28] [info] [load-stage] preloading entry music song=9 (cave=11)
[11:41:28] [info] opl3 backend: on_song_stop
[11:41:28] [info] MidiScheduler::load: parsed 'data/orgmid2/mura.mid' = 7123 events at 48 PPQ
[11:41:28] [info] opl3 backend: on_song_start
[11:41:28] [info] gameloop: entered (curmap=11, running=1)
[11:41:28] [info] gameloop: iter 1 ticks=138326 mapno=-1
[11:41:28] [info] gameloop: iter 2 ticks=138423 mapno=-1
[11:41:28] [info] gameloop: iter 3 ticks=138517 mapno=-1
[11:41:28] [info] flip-probe: flip #2040 ok=true present=3ms inter_flip_ms=96 drawcalls-since-flip=378 drawcalls-total=134436 fail-total=0 null-skips-total=0
[11:41:28] [info] backdrop cache: thrashing-detect engaged (streak=4, route=direct)
[11:41:29] [info] flip-probe: flip #2050 ok=true present=3ms inter_flip_ms=44 drawcalls-since-flip=41 drawcalls-total=135244 fail-total=0 null-skips-total=0
[11:41:29] [info] flip-probe: flip #2060 ok=true present=3ms inter_flip_ms=47 drawcalls-since-flip=43 drawcalls-total=135664 fail-total=0 null-skips-total=0
[11:41:30] [info] flip-probe: flip #2070 ok=true present=3ms inter_flip_ms=45 drawcalls-since-flip=44 drawcalls-total=136103 fail-total=0 null-skips-total=0
[11:41:30] [info] flip-probe: flip #2080 ok=true present=3ms inter_flip_ms=48 drawcalls-since-flip=47 drawcalls-total=136561 fail-total=0 null-skips-total=0
[11:41:31] [info] flip-probe: flip #2090 ok=true present=3ms inter_flip_ms=46 drawcalls-since-flip=43 drawcalls-total=137018 fail-total=0 null-skips-total=0
[11:41:31] [info] flip-probe: flip #2100 ok=true present=3ms inter_flip_ms=46 drawcalls-since-flip=43 drawcalls-total=137448 fail-total=0 null-skips-total=0
[11:41:31] [info] alpha audit block 0: 6420 total drawcalls, 0 with alpha<255 (block pct_x10=0; global 0/123391 pct_x10=0); alpha-mod skipped: block=0 global=0
[11:41:31] [info] fastpath audit block 0: taken=6420 (idx8=6420) skipped=0 pct_x10=1000; global taken=123391 (idx8=123391) skipped=0 pct_x10=1000
[11:41:31] [info] primitive tally block 0: clear=202(hr=202) fill=0(hr=0) rect=0(hr=0) line=0(hr=0) tint=0 spotlight=0 (over 100 flips ending at flip 2100)
[11:41:31] [info] color/alpha audit block 0: cmod_white=877 cmod_black=877 (idx=877) cmod_general=0 (idx=0) cmod_fb=0; alpha_taken=0 alpha_skipped=0 (global cmod=13162/11620/693/0 idx=11620/693 alpha=0/0)
[11:41:31] [info] phase timing block 0: drawcalls=8381 dc_total_ms=1105 flip_inner_total_ms=490 inter_flip_total_ms=5492 (per-flip avg x10: dc_ms=110 fi_ms=49 if_ms=549 derived audio+engine_ms=390; per-drawcall avg us_x10=1318) [direct-vesa: presents=100 total_ms=290 avg_ms_x10=29 failed=0] [ablation: NO_DC_TIMING=0 CACHE_WINSURF=0 DIRECT_VESA=1]
[11:41:31] [info] kbd/audio block 0: kbd_irq=0 kbd_drain=0 ring_chunks=16 pump_pass=4768 pic1_mask=0xb8 first_irq_ticks=0 install_ticks=0 vector_at_install=0x0084a008 pic1_mask_live=0x98 kbd_8042_stat=0x34 bios_kbd_head=0x0026 bios_kbd_tail=0x0026 bios_kbd_buf0=0x3920
[11:41:31] [info] dirty-rect block @flip=2100: total_calls=0 dirty_rects_avg=1 dirty_pct_x10=1000 forced_full=0 first_n_force=0 threshold_exceeded=0 dirty_path_taken=0 full_flush_taken=0
[11:41:31] [info] prev-frame-diff block @flip=2100: diff_calls=0 diff_rects_avg=0 diff_dirty_pct_x10=0 bbox_pct_x10=0 bbox_thresh_exceeded=0
[11:41:31] [info] backdrop cache: thrashing-detect engaged (streak=64, route=direct)
[11:41:32] [info] flip-probe: flip #2110 ok=true present=3ms inter_flip_ms=46 drawcalls-since-flip=46 drawcalls-total=137900 fail-total=0 null-skips-total=0
[11:41:32] [info] backdrop cache: thrashing-detect engaged (streak=4, route=direct)
[11:41:32] [info] flip-probe: flip #2120 ok=true present=3ms inter_flip_ms=46 drawcalls-since-flip=45 drawcalls-total=138352 fail-total=0 null-skips-total=0
[11:41:33] [info] flip-probe: flip #2130 ok=true present=3ms inter_flip_ms=44 drawcalls-since-flip=45 drawcalls-total=138802 fail-total=0 null-skips-total=0
[11:41:33] [info] flip-probe: flip #2140 ok=true present=3ms inter_flip_ms=46 drawcalls-since-flip=47 drawcalls-total=139261 fail-total=0 null-skips-total=0
[11:41:34] [info] flip-probe: flip #2150 ok=true present=3ms inter_flip_ms=46 drawcalls-since-flip=45 drawcalls-total=139722 fail-total=0 null-skips-total=0
[11:41:34] [info] backdrop cache: thrashing-detect engaged (streak=4, route=direct)
[11:41:34] [info] flip-probe: flip #2160 ok=true present=3ms inter_flip_ms=45 drawcalls-since-flip=18 drawcalls-total=140061 fail-total=0 null-skips-total=0
[11:41:35] [info] flip-probe: flip #2170 ok=true present=3ms inter_flip_ms=48 drawcalls-since-flip=19 drawcalls-total=140243 fail-total=0 null-skips-total=0
[11:41:35] [info] backdrop cache: thrashing-detect engaged (streak=4, route=direct)
[11:41:35] [info] flip-probe: flip #2180 ok=true present=3ms inter_flip_ms=44 drawcalls-since-flip=20 drawcalls-total=140437 fail-total=0 null-skips-total=0
[11:41:35] [info] flip-probe: flip #2190 ok=true present=3ms inter_flip_ms=43 drawcalls-since-flip=21 drawcalls-total=140643 fail-total=0 null-skips-total=0
[11:41:36] [info] flip-probe: flip #2200 ok=true present=3ms inter_flip_ms=42 drawcalls-since-flip=20 drawcalls-total=140845 fail-total=0 null-skips-total=0
[11:41:36] [info] alpha audit block 0: 2569 total drawcalls, 0 with alpha<255 (block pct_x10=0; global 0/125960 pct_x10=0); alpha-mod skipped: block=0 global=0
[11:41:36] [info] fastpath audit block 0: taken=2569 (idx8=2569) skipped=0 pct_x10=1000; global taken=125960 (idx8=125960) skipped=0 pct_x10=1000
[11:41:36] [info] primitive tally block 0: clear=200(hr=200) fill=0(hr=0) rect=0(hr=0) line=0(hr=0) tint=0 spotlight=0 (over 100 flips ending at flip 2200)
[11:41:36] [info] color/alpha audit block 0: cmod_white=728 cmod_black=728 (idx=728) cmod_general=0 (idx=0) cmod_fb=0; alpha_taken=0 alpha_skipped=0 (global cmod=13890/12348/693/0 idx=12348/693 alpha=0/0)
[11:41:36] [info] phase timing block 0: drawcalls=4240 dc_total_ms=795 flip_inner_total_ms=491 inter_flip_total_ms=4571 (per-flip avg x10: dc_ms=79 fi_ms=49 if_ms=457 derived audio+engine_ms=329; per-drawcall avg us_x10=1876) [direct-vesa: presents=100 total_ms=290 avg_ms_x10=29 failed=0] [ablation: NO_DC_TIMING=0 CACHE_WINSURF=0 DIRECT_VESA=1]
[11:41:36] [info] kbd/audio block 0: kbd_irq=0 kbd_drain=0 ring_chunks=16 pump_pass=4996 pic1_mask=0xb8 first_irq_ticks=0 install_ticks=0 vector_at_install=0x0084a008 pic1_mask_live=0x98 kbd_8042_stat=0x34 bios_kbd_head=0x0026 bios_kbd_tail=0x0026 bios_kbd_buf0=0x3920
[11:41:36] [info] dirty-rect block @flip=2200: total_calls=0 dirty_rects_avg=1 dirty_pct_x10=1000 forced_full=0 first_n_force=0 threshold_exceeded=0 dirty_path_taken=0 full_flush_taken=0
[11:41:36] [info] prev-frame-diff block @flip=2200: diff_calls=0 diff_rects_avg=0 diff_dirty_pct_x10=0 bbox_pct_x10=0 bbox_thresh_exceeded=0
[11:41:36] [info] flip-probe: flip #2210 ok=true present=3ms inter_flip_ms=43 drawcalls-since-flip=19 drawcalls-total=141035 fail-total=0 null-skips-total=0
[11:41:37] [info] flip-probe: flip #2220 ok=true present=3ms inter_flip_ms=44 drawcalls-since-flip=19 drawcalls-total=141225 fail-total=0 null-skips-total=0
[11:41:37] [info] flip-probe: flip #2230 ok=true present=3ms inter_flip_ms=43 drawcalls-since-flip=19 drawcalls-total=141415 fail-total=0 null-skips-total=0
[11:41:37] [info] backdrop cache: thrashing-detect engaged (streak=64, route=direct)
[11:41:38] [info] flip-probe: flip #2240 ok=true present=3ms inter_flip_ms=42 drawcalls-since-flip=19 drawcalls-total=141605 fail-total=0 null-skips-total=0
[11:41:38] [info] flip-probe: flip #2250 ok=true present=3ms inter_flip_ms=42 drawcalls-since-flip=19 drawcalls-total=141795 fail-total=0 null-skips-total=0
[11:41:38] [info] flip-probe: flip #2260 ok=true present=4ms inter_flip_ms=43 drawcalls-since-flip=60 drawcalls-total=142354 fail-total=0 null-skips-total=0
[11:41:39] [info] flip-probe: flip #2270 ok=true present=3ms inter_flip_ms=45 drawcalls-since-flip=60 drawcalls-total=142954 fail-total=0 null-skips-total=0
[11:41:39] [info] flip-probe: flip #2280 ok=true present=2ms inter_flip_ms=45 drawcalls-since-flip=60 drawcalls-total=143554 fail-total=0 null-skips-total=0
[11:41:40] [info] tas: end-of-replay auto-exit at tick 5140 (recording exhausted; set DOSKUTSU_TAS_REPLAY_HOLD=1 to disable + observe steady-state past recording end)
[11:41:40] [info] Script engine shutdown.
[11:41:40] [info] opl3 backend: on_song_stop
[11:41:40] [info] opl3 backend: cleared reg 0xBD chip-wide latch (wub-wub mitigation per flush-instr WAVE-46 H6)
[11:41:40] [info] opl3 backend shutdown (all 18 voices KEY-OFF unconditionally; OPL2 mode restored; chip state safe for next process)
[11:41:40] [info] Sound system shutdown
[11:41:40] [info] Renderer::Close()
[11:41:40] [info] tas: replay file closed
[11:41:40] [info] [fps-true] flips=2285 render_s=146 fps_mean=15.6 (clock-independent: flips / seconds since the FIRST flip; use THIS for the fps matrix, not inter_flip medians, which are invalid in any cell running the PIT/IRQ-0 music pump)
[RUNMANIFEST-BEGIN]
schema_version=1
environment=realhw
binary_sha12=f8d446b4b0e0
wave_tag=602
scene=
env_block_sha=fae98cb05400
started_utc=2026-08-11T11:38:59Z
duration_s=161
exit_code=0
fps_p50=NA
fps_p95=NA
audio_vital_status=NA
regime=NA
banner_required_hit=0
banner_required_total=0
banner_forbidden_hit=0
banner_optional_hit=0
critical_count=0
warn_count=0
[RUNMANIFEST-END]
[11:41:40] [info] [runmanifest-emit] schema=v1 env=realhw sha12=f8d446b4b0e0 dur=161s tag='602' scene='' env_sha=fae98cb05400 (signals=0x4)
