Logger::init: wave-53 log level=INFO path='LOGS/6111.LOG'
[11:50:13] [info] config: loaded DOSKUTSU.CFG (4 keys)
[11:50:13] [info] tas: PRNG seed forced to 12345 via DOSKUTSU_TAS_PRNG_SEED
[11:50:13] [info] tas: auto-exit armed at tick 30000 via DOSKUTSU_TAS_AUTO_EXIT_TICK
[11:50:13] [info] tas: replay opened path='QA.TAS' header_seed=12345
[11:50:14] [info] data cache: DISABLED (default)
[11:50:14] [info] Joystick: skipped (default; set DOSKUTSU_USE_JOYSTICK=1 to enable -- skips SDL3-DOS gameport BIOS INT 15h polling, ~82 ms / flip on real HW)
[11:50:14] [info] Loading settings...
[11:50:14] [info] [input-bind] applied=0 invert_y=0 dos_axes=1
[11:50:14] [info] Renderer::initVideo: 8bpp mode requested via SDL_HINT_DOS_MAX_BPP=8 (wave 16); SDL3-DOS will pick the highest-bpp <= 8 mode at requested resolution
[11:50:14] [info] Renderer::initVideo: DOS resolution-label lock ENABLED (default)
[11:50:15] [info] Renderer::initVideo: using: software renderer
[11:50:17] [info] Renderer::initVideo: dirty-rect tracking ENABLED (wave 15, default ON; set SDL_HINT_DOSKUTSU_DIRTY_RECTS=0 to disable)
[11:50:17] [info] Renderer::initVideo: ablation flags: NO_DC_TIMING=0 CACHE_WINSURF=0 NO_INPUT_POLL=0 DIRECT_VESA=1
[11:50:17] [info] Renderer::initVideo: direct-VESA hot path ENABLED (default since wave 20 patch 0088; bypasses SDL_RenderPresent / SDL_UpdateWindowSurface and writes via SDL/0034's PresentFull helper; R2 mitigation handled by SDL/0034 generation counter -- no per-N-flip heartbeat needed; set SDL_HINT_DOSKUTSU_DIRECT_VESA=0 to revert)
[11:50:17] [info] Renderer::initVideo: flip-phase instrumentation DISABLED (default; set SDL_HINT_DOSKUTSU_FLIP_INSTR=1 to opt in for wave-20 Lever A diagnostic)
[11:50:17] [info] Renderer::initVideo: asm opaque-span blit lever DISABLED (default; set SDL_HINT_DOSKUTSU_ASM_BLIT=1 to opt in -- wave-51 _blit_indexed colorkey-blit lever)
[11:50:17] [info] Renderer::initVideo: blit-decomp instrumentation DISABLED (default; set SDL_HINT_DOSKUTSU_BLIT_DECOMP=1 to opt in -- wave-51 _blit_indexed sub-decomp sizing)
[11:50:17] [info] Renderer::initVideo: mds-scroll-decomp instrumentation DISABLED (default; set SDL_HINT_DOSKUTSU_MDS_DECOMP=1 to opt in -- wave-52 mode_draw_scene scrolling-block decomp)
[11:50:17] [info] Renderer::initVideo: DOSVESA pump yield: skipped (default) (per-flip explicit SDL_Delay(0) yield is always on; set SDL_HINT_DOSKUTSU_FORCE_PUMP_YIELD=1 to restore old per-pump yield)
[11:50:17] [info] Renderer::initVideo: indexed-mode (8bpp) ENABLED -- master palette + 107 per-asset remap LUTs loaded (wave 16, default ON; set SDL_HINT_DOSKUTSU_PIXEL_FORMAT_8=0 to disable)
[11:50:17] [info] Renderer::initVideo: master palette attached to window surface (format=SDL_PIXELFORMAT_INDEX8, ncolors=256)
[11:50:17] [info] Renderer::initVideo: indexed-mode smoke: idx0=(0,0,0) OK idx255=(255,0,255) OK
[11:50:17] [info] Renderer::initVideo: indexed-mode smoke: paletteRemapFor('MyChar.pbm') = present
[11:50:18] [info] Surface::loadImage palmap-diag #1: 'data/Loading.pbm' fmt=SDL_PIXELFORMAT_ABGR8888 remap=HIT -> path=truecolor
[11:50:18] [info] Renderer: prev-frame diff DISABLED (default since wave 17.6; set SDL_HINT_DOSKUTSU_PREVFRAME_DIFF=1 to opt in)
[11:50:18] [info] flip-probe: renderer=software window_ptr=8809456 colorspace=301991328 window_size=320x240 framebuffer_pixels=320x240 logical_present=320x240 mode=2
[11:50:18] [info] flip-probe: first flip ok=true present=46ms inter_flip_ms=0 drawcalls-since-flip=1 drawcalls-total=1
[11:50:18] [info] Sound system init
[11:50:18] [info] Sound system: 4-state audio enable (#31) -- music=on sfx=on (MUSIC_OFF/AUDIO_BACKEND=none -> music-off; SFX_OFF/SFX_DEVICE=none -> sfx-off; both gates are dispatch-level, the device still opens; AUDIO_OFF=1 is the device-level both-off).
[11:50:18] [info] Sound system: Tier-2 audio config (default since wave 21 patch 0093; 11025 Hz, 1 channel, buffer pinned to 256 frames). Measured savings on g2k Pentium OverDrive 83 MHz (W21A): heavy-music scenes ~+11 fps vs Tier-1 baseline (measured -10 to -15 ms/flip post-0094 audio fix; W21A's pre-fix -26.6 ms figure was inflated by stereo-vs-mono playback bug, see patch 0094). Audio quality is reduced vs Tier-1 (mono, 11025 Hz, simple-average L+R downmix) but recognizable; user accepted the trade per direction 2026-05-05. Set SDL_HINT_DOSKUTSU_AUDIO_TIER2=0 to revert to Tier-1 22050 stereo (full Cave Story 2004 audio quality; trades fps for fidelity).
[11:50:18] [info] Sound system: SDL_HINT_AUDIO_DEVICE_SAMPLE_FRAMES=256
[11:50:18] [info] Pixtone IRQ rate-divider: handed master_rate=11025 int16/s (SAMPLE_RATE=11025 x AUDIO_CHANNELS=1) to SDL for auto-RATEDIV (SDL/0074 computes shift_div from the resolved device freq).
[11:50:18] [info] Sound system: device frame-rate: requesting 11025 Hz match to master (SDL_DOSAudioSetDeviceFrameRate; SB16 opens at the engine frame rate instead of SDL's 44100 floor -- 4x less PCM/s + no resampler on the Organya/Pixtone path; killswitch SDL_HINT_DOSKUTSU_DOS_AUDIO_DEVICE_RATE_DEFAULT=0).
[11:50:18] [info] audio backend: organya (forced; Phase 10 baseline)
[11:50:18] [info] wave-13.6.1: ring_chunks=16 FORCE_PUMP_YIELD=off (set SDL_HINT_DOSKUTSU_AUDIO_RING_CHUNKS=4|8|16 to override; default 16 matches wave 13.6 behaviour)
[11:50:18] [info] MidiScheduler: MIDI source = 'orgmid2' (native-GM org2mid set; resolves to data/orgmid2/<name>.mid).
[11:50:18] [info] Sound system: idle-pause skipped (backend=organya does not qualify; only opl3 supports idle-pause per patch 0115; default OFF since patch 0119 regardless of backend).
[11:50:18] [warn] Music dir Ogg/ doesn't exist
[11:50:18] [warn] Music dir Ogg11/ doesn't exist
[11:50:18] [warn] Music dir Ogg17/ doesn't exist
[11:50:18] [warn] Music dir Ogg_ridic/ doesn't exist
[11:50:19] [info] Loading Sound FX...
[11:50:19] [info] [pxt-cache] init(): HIT (loaded cache; render skipped)
[11:50:28] [error] Lever 3 (Pixtone IRQ-mix; default ON since v1.0.1, or SDL_HINT_DOSKUTSU_PIXTONE_IRQ_MIX=1) is incompatible with SDL_HINT_DOSKUTSU_AUDIO_BACKEND=organya. L3 + ORGANYA IS KNOWN-INCOMPATIBLE (PLAY2 hang root-cause owned by v1.0.2 deep-campaign; v1.0.1 ships defensive interlock per flush-instr #135 three-front response). L3 forced OFF (hang prevention); SFX continue through SDL3_mixer path; music continues through Organya. To engage L3 cleanly set SDL_HINT_DOSKUTSU_AUDIO_BACKEND to opl3 / wb / midi-stub, or set SDL_HINT_DOSKUTSU_PIXTONE_IRQ_MIX=0 to silence this and keep Organya.
[11:50:28] [info] Organya init...
[11:50:29] [info] Organya init done
[11:50:41] [info] gus SFX gain [nx0259]: 70% (SDL_HINT_DOSKUTSU_GUS_SFX_GAIN; scales the GF1 SFX voice volume to balance against velocity/CC-scaled GUS music; default 70, clamp 0..150).
[11:50:41] [info] midi ISR tick: engine registered tick_isr callback (L2b active; default ON; set SDL_HINT_DOSKUTSU_MIDI_ISR_TICK=0 to disable)
[11:50:41] [info] organya auto-precache: ENABLED (default) (first-launch precache + in-game cold-render progress overlay; set SDL_HINT_DOSKUTSU_ORG_AUTOCACHE=0 to disable -> v1.1.0 black-screen cold-render)
[11:50:41] [info] organya auto-precache: cache complete (sentinel present) -- skipping batch; in-game overlay armed for any stray cache miss.
[11:50:41] [info] menu slide-in fixed-timestep: ENABLED (default; slide advances at 50 Hz logic rate)
[11:50:41] [info] Reading npc.tbl...
[11:50:41] [info] Loading tilekey.dat.
[11:50:42] [info] Script engine init.
[11:50:42] [info] Entering main loop...
[11:50:42] [info] audio mid-gap pump: DISABLED (default)
[11:50:42] [info] TAS fixed-timestep guard: ENABLED (default) (patch 0280; load_stage wall-clock kept out of the FT accumulator so TAS replay advances at a true 50 Hz; set SDL_HINT_DOSKUTSU_TAS_FT_GUARD=0 to disable)
[11:50:42] [info] load_stage ring+DMA silence flush: ENABLED (default) (set SDL_HINT_DOSKUTSU_LOADSTAGE_SILENCE=0 to disable)
[11:50:42] [info] load-band audio-underrun probe: DISABLED (default) (opt-in SDL_HINT_DOSKUTSU_LOADBAND_STAT=1)
[11:50:42] [info]  >> Entering stage 72: 'u'.
[11:50:42] [info] skip sheet flush: ENABLED (default) (SFXPAUSE-012 SHIPPED FIX; sprite sheets stay resident across caves so no per-cave re-decode -> no fire-frame pause; map_flush_graphics tilemap cache still flushes; set SDL_HINT_DOSKUTSU_SKIP_SHEET_FLUSH=0 to restore the old per-cave flush)
[11:50:42] [info] [skip-sheet-flush] cave=1
[11:50:42] [info] eager action sheets: ENABLED (default) (first-fire hitch fix: pre-loads the weapon bullet + hit/muzzle/trail caret sheets at stage load so the first fire/impact does not lazy-decode mid-gameplay; set SDL_HINT_DOSKUTSU_EAGER_ACTION_SHEETS=0 to restore lazy load)
[11:50:42] [info] Surface::loadImage palmap-diag #2: 'data/Bullet.pbm' fmt=SDL_PIXELFORMAT_ABGR8888 remap=HIT -> path=truecolor
[11:50:42] [info] Surface::loadImage palmap-diag #3: 'data/Arms.pbm' fmt=SDL_PIXELFORMAT_ABGR8888 remap=HIT -> path=truecolor
[11:50:43] [info] Surface::loadImage palmap-diag #4: 'data/Caret.pbm' fmt=SDL_PIXELFORMAT_ABGR8888 remap=HIT -> path=truecolor
[11:50:43] [info] Surface::loadImage palmap-diag #5: 'data/Npc/NpcSym.pbm' fmt=SDL_PIXELFORMAT_ABGR8888 remap=HIT -> path=truecolor
[11:50:43] [info] [eager-action-sheets] cave=1 sheets=4 wall_ms=1412
[11:50:43] [info] Surface::loadImage palmap-diag #6: 'data/Stage/PrtWhite.pbm' fmt=SDL_PIXELFORMAT_ABGR8888 remap=HIT -> path=truecolor
[11:50:44] [info] load_stage: entry-music preload ENABLED (default) (set SDL_HINT_DOSKUTSU_PRELOAD_STAGE_MUSIC=0 to disable)
[11:50:44] [info] Surface::loadImage palmap-diag #7: 'data/bk0.pbm' fmt=SDL_PIXELFORMAT_ABGR8888 remap=HIT -> path=truecolor
[11:50:44] [info] gameloop: entered (curmap=72, running=1)
[11:50:44] [info] gameloop: iter 1 ticks=31049 mapno=-1
[11:50:44] [info] fixed-timestep: ENABLED (default; logic 50 Hz, decoupled from render)
[11:50:44] [info] map: BG skip-when-unchanged DISABLED (default) (set SDL_HINT_DOSKUTSU_BG_SKIP_WHEN_UNCHANGED=1 to enable; default OFF since wave-61 -- abandoned, it shipped a backdrop-black flicker and its +0.87 fps was below the noise floor)
[11:50:44] [info] map: skip-redundant-clear lever ENABLED (default since wave-53 promotion)
[11:50:44] [info] perf-mode: level=0 (faithful (default))
[11:50:44] [info] Surface::loadImage palmap-diag #8: 'data/Npc/NpcKings.pbm' fmt=SDL_PIXELFORMAT_ABGR8888 remap=HIT -> path=truecolor
[11:50:45] [info] audio tick-boundary pump: DISABLED (default)
[11:50:45] [info] gameloop: iter 2 ticks=31443 mapno=-1
[11:50:45] [info] gameloop: iter 3 ticks=31497 mapno=-1
[11:50:45] [info] direct-vesa: snapshot @gen=2 use_dosmemput=0 banked_multibank=0 pitches_match=1 vram_w=320 vram_h=240 vram_pitch=320 bpp=1 fb_size=76800 vram_phys=0x78000000 vram_ptr=0x77c00000
[11:50:45] [info] flip-probe: flip #10 ok=true present=4ms inter_flip_ms=29 drawcalls-since-flip=6 drawcalls-total=43 fail-total=0 null-skips-total=0
[11:50:45] [info] flip-probe: flip #20 ok=true present=3ms inter_flip_ms=29 drawcalls-since-flip=4 drawcalls-total=92 fail-total=0 null-skips-total=0
[11:50:46] [info] flip-probe: flip #30 ok=true present=3ms inter_flip_ms=62 drawcalls-since-flip=326 drawcalls-total=2707 fail-total=0 null-skips-total=0
[11:50:46] [info] flip-probe: flip #40 ok=true present=3ms inter_flip_ms=56 drawcalls-since-flip=264 drawcalls-total=5837 fail-total=0 null-skips-total=0
[11:50:47] [info] flip-probe: flip #50 ok=true present=3ms inter_flip_ms=34 drawcalls-since-flip=67 drawcalls-total=7392 fail-total=0 null-skips-total=0
[11:50:47] [info] flip-probe: flip #60 ok=true present=3ms inter_flip_ms=27 drawcalls-since-flip=4 drawcalls-total=7502 fail-total=0 null-skips-total=0
[11:50:48] [info] flip-probe: flip #70 ok=true present=3ms inter_flip_ms=27 drawcalls-since-flip=6 drawcalls-total=7557 fail-total=0 null-skips-total=0
[11:50:48] [info] flip-probe: flip #80 ok=true present=3ms inter_flip_ms=20 drawcalls-since-flip=0 drawcalls-total=7586 fail-total=0 null-skips-total=0
[11:50:48] [info] flip-probe: flip #90 ok=true present=3ms inter_flip_ms=19 drawcalls-since-flip=0 drawcalls-total=7586 fail-total=0 null-skips-total=0
[11:50:48] [info] gameloop: iter 600 ticks=35143 mapno=-1
[11:50:48] [info] title: eager-title-IO phase tag ENABLED (default) (set SDL_HINT_DOSKUTSU_EAGER_TITLE_IO=0 to disable)
[11:50:50] [info] Organya pre-render: cache HIT CURLY (2968992 bytes from CACHE; 1 ch; synth skipped).
[11:50:51] [info] audio pump-to-target: ENABLED (186 ms depth setpoint; amount-bounded depth-regulated ring refill per displayed frame; killswitch SDL_HINT_DOSKUTSU_ORG_PUMP_TARGET_MS=0).
[11:50:51] [info] pixtone multi-source probe: DISABLED (default)
[11:50:51] [info] gameloop: entered (curmap=1005, running=1)
[11:50:51] [info] gameloop: iter 1 ticks=37672 mapno=-1
[11:50:51] [info] map: backdrop cache ENABLED (default) (set SDL_HINT_DOSKUTSU_BACKDROP_CACHE=0 to disable)
[11:50:52] [info] gameloop: iter 2 ticks=38465 mapno=-1
[11:50:52] [info] gameloop: iter 3 ticks=38519 mapno=-1
[11:50:52] [info] backdrop cache: thrashing-detect engaged (streak=4, route=direct)
[11:50:52] [info] flip-probe: flip #100 ok=true present=3ms inter_flip_ms=40 drawcalls-since-flip=75 drawcalls-total=7886 fail-total=0 null-skips-total=0
[11:50:52] [info] alpha audit block 0: 7798 total drawcalls, 0 with alpha<255 (block pct_x10=0; global 0/7798 pct_x10=0); alpha-mod skipped: block=0 global=0
[11:50:52] [info] fastpath audit block 0: taken=7798 (idx8=7798) skipped=0 pct_x10=1000; global taken=7798 (idx8=7798) skipped=0 pct_x10=1000
[11:50:52] [info] primitive tally block 0: clear=220(hr=220) fill=0(hr=0) rect=0(hr=0) line=0(hr=0) tint=0 spotlight=0 (over 100 flips ending at flip 100)
[11:50:52] [info] color/alpha audit block 0: cmod_white=104 cmod_black=0 (idx=0) cmod_general=84 (idx=84) cmod_fb=0; alpha_taken=0 alpha_skipped=0 (global cmod=104/0/84/0 idx=0/84 alpha=0/0)
[11:50:52] [info] phase timing block 0: drawcalls=8209 dc_total_ms=1377 flip_inner_total_ms=827 inter_flip_total_ms=34013 (per-flip avg x10: dc_ms=137 fi_ms=82 if_ms=3401 derived audio+engine_ms=3182; per-drawcall avg us_x10=1677) [direct-vesa: presents=97 total_ms=290 avg_ms_x10=29 failed=0] [ablation: NO_DC_TIMING=0 CACHE_WINSURF=0 DIRECT_VESA=1]
[11:50:52] [info] kbd/audio block 0: kbd_irq=0 kbd_drain=0 ring_chunks=16 pump_pass=99 pic1_mask=0xb8 first_irq_ticks=0 install_ticks=0 vector_at_install=0x0083a0a0 pic1_mask_live=0x98 kbd_8042_stat=0x34 bios_kbd_head=0x0026 bios_kbd_tail=0x0026 bios_kbd_buf0=0x3920
[11:50:52] [info] audio/engine split block 0: audio_mixer_calls=23 audio_mixer_ms_x10=2 engine_tick_calls=99 engine_tick_ms_x10=641 audio_service_calls=0 audio_service_ms_x10=0 (per-flip avg; per-call us_x10: audio_mix=11374 engine_tick=648002 audio_service=0; global ns: audio_mix=26160343 engine_tick=6415229054 audio_service=0)
[11:50:52] [info] dirty-rect block @flip=100: total_calls=0 dirty_rects_avg=0 dirty_pct_x10=990 forced_full=0 first_n_force=3 threshold_exceeded=2 dirty_path_taken=0 full_flush_taken=3
[11:50:52] [info] prev-frame-diff block @flip=100: diff_calls=0 diff_rects_avg=0 diff_dirty_pct_x10=0 bbox_pct_x10=0 bbox_thresh_exceeded=0
[11:50:52] [info] flip-probe: flip #110 ok=true present=3ms inter_flip_ms=31 drawcalls-since-flip=75 drawcalls-total=8636 fail-total=0 null-skips-total=0
[11:50:52] [info] flip-probe: flip #120 ok=true present=3ms inter_flip_ms=30 drawcalls-since-flip=75 drawcalls-total=9386 fail-total=0 null-skips-total=0
[11:50:53] [info] flip-probe: flip #130 ok=true present=3ms inter_flip_ms=20 drawcalls-since-flip=0 drawcalls-total=9986 fail-total=0 null-skips-total=0
[11:50:53] [info] Loading profile from profile.dat
[11:50:53] [error] profile_load: unable to open 'profile.dat'
[11:50:53] [info] Loading profile from profile2.dat
[11:50:53] [error] profile_load: unable to open 'profile2.dat'
[11:50:53] [info] Loading profile from profile3.dat
[11:50:53] [info] Loading profile from profile4.dat
[11:50:53] [error] profile_load: unable to open 'profile4.dat'
[11:50:53] [info] Loading profile from profile5.dat
[11:50:53] [info] flip-probe: flip #140 ok=true present=3ms inter_flip_ms=60 drawcalls-since-flip=214 drawcalls-total=10842 fail-total=0 null-skips-total=0
[11:50:54] [info] flip-probe: flip #150 ok=true present=3ms inter_flip_ms=54 drawcalls-since-flip=214 drawcalls-total=12982 fail-total=0 null-skips-total=0
[11:50:54] [info] Writing settings...
[11:50:54] [info] flip-probe: flip #160 ok=true present=3ms inter_flip_ms=19 drawcalls-since-flip=0 drawcalls-total=13846 fail-total=0 null-skips-total=0
[11:50:54] [info] flip-probe: flip #170 ok=true present=3ms inter_flip_ms=20 drawcalls-since-flip=0 drawcalls-total=13846 fail-total=0 null-skips-total=0
[11:50:55] [info] gameloop: iter 600 ticks=41386 mapno=-1
[11:50:55] [info] Loading profile from profile5.dat
[11:50:55] [info]  >> Entering stage 20: 'Save Point'.
[11:50:55] [info] [skip-sheet-flush] cave=2
[11:50:57] [info] Organya pre-render: cache HIT MURA (1481280 bytes from CACHE; 1 ch; synth skipped).
[11:50:57] [info] gameloop: entered (curmap=20, running=1)
[11:50:57] [info] gameloop: iter 1 ticks=43451 mapno=-1
[11:50:57] [info] TAS stall discount: ENABLED (default) (patch 0286; a replay frame over 150 ms is a load, not slow rendering, so it contributes 1 tick instead of its wall-clock; set SDL_HINT_DOSKUTSU_TAS_STALL_DISCOUNT=0 to disable)
[11:50:57] [info] TAS accumulator clamp: DISABLED (default) (patch 0281; caps the FT accumulator delta at one tick during TAS so a stalled frame cannot race the replay index; set SDL_HINT_DOSKUTSU_TAS_FT_GUARD=0 to disable)
[11:50:57] [info] gameloop: iter 2 ticks=43503 mapno=-1
[11:50:57] [info] gameloop: iter 3 ticks=43556 mapno=-1
[11:50:57] [info] flip-probe: flip #180 ok=true present=3ms inter_flip_ms=46 drawcalls-since-flip=17 drawcalls-total=13971 fail-total=0 null-skips-total=0
[11:50:57] [info] tas: stall frame 268 ms -> contributing 1 tick (patch 0286)
[11:50:57] [info] flip-probe: flip #190 ok=true present=3ms inter_flip_ms=33 drawcalls-since-flip=17 drawcalls-total=14141 fail-total=0 null-skips-total=0
[11:50:58] [info] flip-probe: flip #200 ok=true present=3ms inter_flip_ms=39 drawcalls-since-flip=17 drawcalls-total=14311 fail-total=0 null-skips-total=0
[11:50:58] [info] alpha audit block 0: 5788 total drawcalls, 0 with alpha<255 (block pct_x10=0; global 0/13586 pct_x10=0); alpha-mod skipped: block=0 global=0
[11:50:58] [info] fastpath audit block 0: taken=5788 (idx8=5788) skipped=0 pct_x10=1000; global taken=13586 (idx8=13586) skipped=0 pct_x10=1000
[11:50:58] [info] primitive tally block 0: clear=201(hr=201) fill=0(hr=0) rect=0(hr=0) line=0(hr=0) tint=0 spotlight=0 (over 100 flips ending at flip 200)
[11:50:58] [info] color/alpha audit block 0: cmod_white=1438 cmod_black=0 (idx=0) cmod_general=609 (idx=609) cmod_fb=0; alpha_taken=0 alpha_skipped=0 (global cmod=1542/0/693/0 idx=0/693 alpha=0/0)
[11:50:58] [info] phase timing block 0: drawcalls=8036 dc_total_ms=1293 flip_inner_total_ms=883 inter_flip_total_ms=6023 (per-flip avg x10: dc_ms=129 fi_ms=88 if_ms=602 derived audio+engine_ms=385; per-drawcall avg us_x10=1609) [direct-vesa: presents=100 total_ms=287 avg_ms_x10=28 failed=0] [ablation: NO_DC_TIMING=0 CACHE_WINSURF=0 DIRECT_VESA=1]
[11:50:58] [info] kbd/audio block 0: kbd_irq=0 kbd_drain=0 ring_chunks=16 pump_pass=219 pic1_mask=0xb8 first_irq_ticks=0 install_ticks=0 vector_at_install=0x0083a0a0 pic1_mask_live=0x98 kbd_8042_stat=0x34 bios_kbd_head=0x0026 bios_kbd_tail=0x0026 bios_kbd_buf0=0x3920
[11:50:58] [info] audio/engine split block 0: audio_mixer_calls=186 audio_mixer_ms_x10=16 engine_tick_calls=76 engine_tick_ms_x10=183 audio_service_calls=0 audio_service_ms_x10=0 (per-flip avg; per-call us_x10: audio_mix=8667 engine_tick=241508 audio_service=0; global ns: audio_mix=187372400 engine_tick=8250691434 audio_service=0)
[11:50:58] [info] dirty-rect block @flip=200: total_calls=0 dirty_rects_avg=1 dirty_pct_x10=1000 forced_full=0 first_n_force=0 threshold_exceeded=0 dirty_path_taken=0 full_flush_taken=0
[11:50:58] [info] prev-frame-diff block @flip=200: diff_calls=0 diff_rects_avg=0 diff_dirty_pct_x10=0 bbox_pct_x10=0 bbox_thresh_exceeded=0
[11:50:58] [info] flip-probe: flip #210 ok=true present=4ms inter_flip_ms=33 drawcalls-since-flip=17 drawcalls-total=14481 fail-total=0 null-skips-total=0
[11:50:59] [info] flip-probe: flip #220 ok=true present=3ms inter_flip_ms=33 drawcalls-since-flip=17 drawcalls-total=14651 fail-total=0 null-skips-total=0
[11:50:59] [info] flip-probe: flip #230 ok=true present=3ms inter_flip_ms=83 drawcalls-since-flip=358 drawcalls-total=16733 fail-total=0 null-skips-total=0
[11:50:59] [info]  >> Entering stage 11: 'Mimiga Village'.
[11:50:59] [info] [skip-sheet-flush] cave=3
[11:51:00] [info] [load-stage] preloading entry music song=9 (cave=3)
[11:51:00] [info] gameloop: entered (curmap=11, running=1)
[11:51:00] [info] gameloop: iter 1 ticks=46793 mapno=-1
[11:51:00] [info] map: mds_clear LUT ENABLED (default) (set SDL_HINT_DOSKUTSU_MDS_CLEAR_LUT=0 to disable; default ON; patch 0144 wave-49 bandwidth lever)
[11:51:00] [info] mds-clear-lut: rebuilt N=240 entries (k_skip=0% k_keep=100%; curmap=11 map_size=60x60; rebuild #1 since boot)
[11:51:00] [info] backdrop thrash full-cover ENABLED (default) (set SDL_HINT_DOSKUTSU_THRASH_FULLCOVER=0 to disable)
[11:51:00] [info] [bd-diag] backdrop render-path diag disabled (default) (set SDL_HINT_DOSKUTSU_BACKDROP_DIAG=1 to enable)
[11:51:00] [info] gameloop: iter 2 ticks=46930 mapno=-1
[11:51:00] [info] gameloop: iter 3 ticks=47039 mapno=-1
[11:51:01] [info] backdrop cache: thrashing-detect engaged (streak=4, route=direct)
[11:51:01] [info] flip-probe: flip #240 ok=true present=3ms inter_flip_ms=271 drawcalls-since-flip=32 drawcalls-total=19149 fail-total=0 null-skips-total=0
[11:51:01] [info] tas: stall frame 278 ms -> contributing 1 tick (patch 0286)
[11:51:02] [info] flip-probe: flip #250 ok=true present=3ms inter_flip_ms=53 drawcalls-since-flip=45 drawcalls-total=19585 fail-total=0 null-skips-total=0
[11:51:02] [info] flip-probe: flip #260 ok=true present=3ms inter_flip_ms=53 drawcalls-since-flip=44 drawcalls-total=20040 fail-total=0 null-skips-total=0
[11:51:03] [info] flip-probe: flip #270 ok=true present=3ms inter_flip_ms=54 drawcalls-since-flip=43 drawcalls-total=20470 fail-total=0 null-skips-total=0
[11:51:03] [info] flip-probe: flip #280 ok=true present=3ms inter_flip_ms=50 drawcalls-since-flip=43 drawcalls-total=20900 fail-total=0 null-skips-total=0
[11:51:04] [info] flip-probe: flip #290 ok=true present=3ms inter_flip_ms=52 drawcalls-since-flip=43 drawcalls-total=21330 fail-total=0 null-skips-total=0
[11:51:04] [info] backdrop cache: thrashing-detect engaged (streak=64, route=direct)
[11:51:04] [info] flip-probe: flip #300 ok=true present=4ms inter_flip_ms=53 drawcalls-since-flip=43 drawcalls-total=21760 fail-total=0 null-skips-total=0
[11:51:04] [info] alpha audit block 0: 6497 total drawcalls, 0 with alpha<255 (block pct_x10=0; global 0/20083 pct_x10=0); alpha-mod skipped: block=0 global=0
[11:51:04] [info] fastpath audit block 0: taken=6497 (idx8=6497) skipped=0 pct_x10=1000; global taken=20083 (idx8=20083) skipped=0 pct_x10=1000
[11:51:04] [info] primitive tally block 0: clear=201(hr=201) fill=0(hr=0) rect=0(hr=0) line=0(hr=0) tint=0 spotlight=0 (over 100 flips ending at flip 300)
[11:51:04] [info] color/alpha audit block 0: cmod_white=884 cmod_black=884 (idx=884) cmod_general=0 (idx=0) cmod_fb=0; alpha_taken=0 alpha_skipped=0 (global cmod=2426/884/693/0 idx=884/693 alpha=0/0)
[11:51:04] [info] phase timing block 0: drawcalls=8471 dc_total_ms=1093 flip_inner_total_ms=737 inter_flip_total_ms=6472 (per-flip avg x10: dc_ms=109 fi_ms=73 if_ms=647 derived audio+engine_ms=465; per-drawcall avg us_x10=1291) [direct-vesa: presents=100 total_ms=290 avg_ms_x10=29 failed=0] [ablation: NO_DC_TIMING=0 CACHE_WINSURF=0 DIRECT_VESA=1]
[11:51:04] [info] kbd/audio block 0: kbd_irq=0 kbd_drain=0 ring_chunks=16 pump_pass=498 pic1_mask=0xb8 first_irq_ticks=0 install_ticks=0 vector_at_install=0x0083a0a0 pic1_mask_live=0x98 kbd_8042_stat=0x34 bios_kbd_head=0x0026 bios_kbd_tail=0x0026 bios_kbd_buf0=0x3920
[11:51:04] [info] [tile-speedup-stat n=100 drawtile_us=110.72 raw_blit_us=72.17 ratio=1.53]
[11:51:04] [info] audio/engine split block 0: audio_mixer_calls=254 audio_mixer_ms_x10=22 engine_tick_calls=0 engine_tick_ms_x10=0 audio_service_calls=0 audio_service_ms_x10=0 (per-flip avg; per-call us_x10: audio_mix=8750 engine_tick=0 audio_service=0; global ns: audio_mix=409632243 engine_tick=8250691434 audio_service=0)
[11:51:04] [info] dirty-rect block @flip=300: total_calls=100 dirty_rects_avg=1 dirty_pct_x10=1000 forced_full=0 first_n_force=0 threshold_exceeded=0 dirty_path_taken=0 full_flush_taken=0
[11:51:04] [info] prev-frame-diff block @flip=300: diff_calls=0 diff_rects_avg=0 diff_dirty_pct_x10=0 bbox_pct_x10=0 bbox_thresh_exceeded=0
[11:51:04] [info] tas: stall frame 151 ms -> contributing 1 tick (patch 0286)
[11:51:05] [info] flip-probe: flip #310 ok=true present=3ms inter_flip_ms=53 drawcalls-since-flip=43 drawcalls-total=22290 fail-total=0 null-skips-total=0
[11:51:05] [info] flip-probe: flip #320 ok=true present=3ms inter_flip_ms=56 drawcalls-since-flip=45 drawcalls-total=22724 fail-total=0 null-skips-total=0
[11:51:06] [info] flip-probe: flip #330 ok=true present=3ms inter_flip_ms=50 drawcalls-since-flip=43 drawcalls-total=23168 fail-total=0 null-skips-total=0
[11:51:07] [info] flip-probe: flip #340 ok=true present=3ms inter_flip_ms=60 drawcalls-since-flip=44 drawcalls-total=23600 fail-total=0 null-skips-total=0
[11:51:07] [info] flip-probe: flip #350 ok=true present=3ms inter_flip_ms=48 drawcalls-since-flip=41 drawcalls-total=24025 fail-total=0 null-skips-total=0
[11:51:07] [info] backdrop cache: thrashing-detect engaged (streak=124, route=direct)
[11:51:08] [info] flip-probe: flip #360 ok=true present=3ms inter_flip_ms=54 drawcalls-since-flip=19 drawcalls-total=24249 fail-total=0 null-skips-total=0
[11:51:08] [info] flip-probe: flip #370 ok=true present=3ms inter_flip_ms=49 drawcalls-since-flip=15 drawcalls-total=24412 fail-total=0 null-skips-total=0
[11:51:09] [info] flip-probe: flip #380 ok=true present=3ms inter_flip_ms=48 drawcalls-since-flip=15 drawcalls-total=24562 fail-total=0 null-skips-total=0
[11:51:09] [info] flip-probe: flip #390 ok=true present=3ms inter_flip_ms=54 drawcalls-since-flip=4 drawcalls-total=26548 fail-total=0 null-skips-total=0
[11:51:09] [info]  >> Entering stage 17: 'Yamashita Farm'.
[11:51:09] [info] [skip-sheet-flush] cave=4
[11:51:10] [info] [load-stage] preloading entry music song=13 (cave=4)
[11:51:11] [info] Organya pre-render: cache HIT PLANT (1185024 bytes from CACHE; 1 ch; synth skipped).
[11:51:11] [info] gameloop: entered (curmap=17, running=1)
[11:51:11] [info] gameloop: iter 1 ticks=57735 mapno=-1
[11:51:11] [info] mds-clear-lut: rebuilt N=240 entries (k_skip=33% k_keep=67%; curmap=17 map_size=40x16; rebuild #2 since boot)
[11:51:11] [info] gameloop: iter 2 ticks=57981 mapno=-1
[11:51:11] [info] tas: stall frame 245 ms -> contributing 1 tick (patch 0286)
[11:51:11] [info] gameloop: iter 3 ticks=58087 mapno=-1
[11:51:12] [info] flip-probe: flip #400 ok=true present=3ms inter_flip_ms=68 drawcalls-since-flip=136 drawcalls-total=29522 fail-total=0 null-skips-total=0
[11:51:12] [info] alpha audit block 0: 6856 total drawcalls, 0 with alpha<255 (block pct_x10=0; global 0/26939 pct_x10=0); alpha-mod skipped: block=0 global=0
[11:51:12] [info] fastpath audit block 0: taken=6856 (idx8=6856) skipped=0 pct_x10=1000; global taken=26939 (idx8=26939) skipped=0 pct_x10=1000
[11:51:12] [info] primitive tally block 0: clear=201(hr=201) fill=0(hr=0) rect=0(hr=0) line=0(hr=0) tint=0 spotlight=0 (over 100 flips ending at flip 400)
[11:51:12] [info] color/alpha audit block 0: cmod_white=806 cmod_black=806 (idx=806) cmod_general=0 (idx=0) cmod_fb=0; alpha_taken=0 alpha_skipped=0 (global cmod=3232/1690/693/0 idx=1690/693 alpha=0/0)
[11:51:12] [info] phase timing block 0: drawcalls=8679 dc_total_ms=1109 flip_inner_total_ms=770 inter_flip_total_ms=7706 (per-flip avg x10: dc_ms=110 fi_ms=77 if_ms=770 derived audio+engine_ms=583; per-drawcall avg us_x10=1278) [direct-vesa: presents=100 total_ms=287 avg_ms_x10=28 failed=0] [ablation: NO_DC_TIMING=0 CACHE_WINSURF=0 DIRECT_VESA=1]
[11:51:12] [info] kbd/audio block 0: kbd_irq=0 kbd_drain=0 ring_chunks=16 pump_pass=791 pic1_mask=0xb8 first_irq_ticks=0 install_ticks=0 vector_at_install=0x0083a0a0 pic1_mask_live=0x98 kbd_8042_stat=0x34 bios_kbd_head=0x0026 bios_kbd_tail=0x0026 bios_kbd_buf0=0x3920
[11:51:12] [info] audio/engine split block 0: audio_mixer_calls=266 audio_mixer_ms_x10=23 engine_tick_calls=0 engine_tick_ms_x10=0 audio_service_calls=0 audio_service_ms_x10=0 (per-flip avg; per-call us_x10: audio_mix=8788 engine_tick=0 audio_service=0; global ns: audio_mix=643399996 engine_tick=8250691434 audio_service=0)
[11:51:12] [info] dirty-rect block @flip=400: total_calls=0 dirty_rects_avg=1 dirty_pct_x10=1000 forced_full=0 first_n_force=0 threshold_exceeded=0 dirty_path_taken=0 full_flush_taken=0
[11:51:12] [info] prev-frame-diff block @flip=400: diff_calls=0 diff_rects_avg=0 diff_dirty_pct_x10=0 bbox_pct_x10=0 bbox_thresh_exceeded=0
[11:51:13] [info] flip-probe: flip #410 ok=true present=3ms inter_flip_ms=76 drawcalls-since-flip=141 drawcalls-total=30914 fail-total=0 null-skips-total=0
[11:51:13] [info] backdrop cache: thrashing-detect engaged (streak=4, route=direct)
[11:51:14] [info] flip-probe: flip #420 ok=true present=2ms inter_flip_ms=83 drawcalls-since-flip=139 drawcalls-total=32338 fail-total=0 null-skips-total=0
[11:51:14] [info] tas: stall frame 294 ms -> contributing 1 tick (patch 0286)
[11:51:14] [info] run_tick_fixed #900: heartbeat (loop alive)
[11:51:15] [info] flip-probe: flip #430 ok=true present=3ms inter_flip_ms=82 drawcalls-since-flip=141 drawcalls-total=33741 fail-total=0 null-skips-total=0
[11:51:16] [info] flip-probe: flip #440 ok=true present=3ms inter_flip_ms=86 drawcalls-since-flip=147 drawcalls-total=35190 fail-total=0 null-skips-total=0
[11:51:16] [info] flip-probe: flip #450 ok=true present=3ms inter_flip_ms=93 drawcalls-since-flip=140 drawcalls-total=36632 fail-total=0 null-skips-total=0
[11:51:17] [info] backdrop cache: thrashing-detect engaged (streak=4, route=direct)
[11:51:17] [info] flip-probe: flip #460 ok=true present=3ms inter_flip_ms=77 drawcalls-since-flip=127 drawcalls-total=37928 fail-total=0 null-skips-total=0
[11:51:18] [info] flip-probe: flip #470 ok=true present=3ms inter_flip_ms=70 drawcalls-since-flip=125 drawcalls-total=39181 fail-total=0 null-skips-total=0
[11:51:19] [info] flip-probe: flip #480 ok=true present=3ms inter_flip_ms=74 drawcalls-since-flip=129 drawcalls-total=40452 fail-total=0 null-skips-total=0
[11:51:20] [info] flip-probe: flip #490 ok=true present=3ms inter_flip_ms=80 drawcalls-since-flip=133 drawcalls-total=41738 fail-total=0 null-skips-total=0
[11:51:20] [info] flip-probe: flip #500 ok=true present=3ms inter_flip_ms=77 drawcalls-since-flip=146 drawcalls-total=43136 fail-total=0 null-skips-total=0
[11:51:20] [info] alpha audit block 0: 12214 total drawcalls, 0 with alpha<255 (block pct_x10=0; global 0/39153 pct_x10=0); alpha-mod skipped: block=0 global=0
[11:51:20] [info] fastpath audit block 0: taken=12214 (idx8=12214) skipped=0 pct_x10=1000; global taken=39153 (idx8=39153) skipped=0 pct_x10=1000
[11:51:20] [info] primitive tally block 0: clear=200(hr=200) fill=0(hr=0) rect=0(hr=0) line=0(hr=0) tint=0 spotlight=0 (over 100 flips ending at flip 500)
[11:51:20] [info] color/alpha audit block 0: cmod_white=1300 cmod_black=1300 (idx=1300) cmod_general=0 (idx=0) cmod_fb=0; alpha_taken=0 alpha_skipped=0 (global cmod=4532/2990/693/0 idx=2990/693 alpha=0/0)
[11:51:21] [info] phase timing block 0: drawcalls=15034 dc_total_ms=1268 flip_inner_total_ms=734 inter_flip_total_ms=8510 (per-flip avg x10: dc_ms=126 fi_ms=73 if_ms=851 derived audio+engine_ms=652; per-drawcall avg us_x10=843) [direct-vesa: presents=100 total_ms=288 avg_ms_x10=28 failed=0] [ablation: NO_DC_TIMING=0 CACHE_WINSURF=0 DIRECT_VESA=1]
[11:51:21] [info] kbd/audio block 0: kbd_irq=0 kbd_drain=0 ring_chunks=16 pump_pass=1202 pic1_mask=0xb8 first_irq_ticks=0 install_ticks=0 vector_at_install=0x0083a0a0 pic1_mask_live=0x98 kbd_8042_stat=0x34 bios_kbd_head=0x0026 bios_kbd_tail=0x0026 bios_kbd_buf0=0x3920
[11:51:21] [info] audio/engine split block 0: audio_mixer_calls=364 audio_mixer_ms_x10=31 engine_tick_calls=0 engine_tick_ms_x10=0 audio_service_calls=0 audio_service_ms_x10=0 (per-flip avg; per-call us_x10: audio_mix=8698 engine_tick=0 audio_service=0; global ns: audio_mix=960028671 engine_tick=8250691434 audio_service=0)
[11:51:21] [info] dirty-rect block @flip=500: total_calls=0 dirty_rects_avg=1 dirty_pct_x10=1000 forced_full=0 first_n_force=0 threshold_exceeded=0 dirty_path_taken=0 full_flush_taken=0
[11:51:21] [info] prev-frame-diff block @flip=500: diff_calls=0 diff_rects_avg=0 diff_dirty_pct_x10=0 bbox_pct_x10=0 bbox_thresh_exceeded=0
[11:51:21] [info] tas: stall frame 159 ms -> contributing 1 tick (patch 0286)
[11:51:21] [info] flip-probe: flip #510 ok=true present=2ms inter_flip_ms=83 drawcalls-since-flip=134 drawcalls-total=44525 fail-total=0 null-skips-total=0
[11:51:22] [info] backdrop cache: thrashing-detect engaged (streak=64, route=direct)
[11:51:22] [info] flip-probe: flip #520 ok=true present=3ms inter_flip_ms=74 drawcalls-since-flip=109 drawcalls-total=45629 fail-total=0 null-skips-total=0
[11:51:23] [info] flip-probe: flip #530 ok=true present=3ms inter_flip_ms=76 drawcalls-since-flip=118 drawcalls-total=46764 fail-total=0 null-skips-total=0
[11:51:24] [info] flip-probe: flip #540 ok=true present=3ms inter_flip_ms=75 drawcalls-since-flip=110 drawcalls-total=47919 fail-total=0 null-skips-total=0
[11:51:24] [info] flip-probe: flip #550 ok=true present=3ms inter_flip_ms=70 drawcalls-since-flip=111 drawcalls-total=49002 fail-total=0 null-skips-total=0
[11:51:25] [info] flip-probe: flip #560 ok=true present=4ms inter_flip_ms=72 drawcalls-since-flip=113 drawcalls-total=50129 fail-total=0 null-skips-total=0
[11:51:26] [info] flip-probe: flip #570 ok=true present=3ms inter_flip_ms=67 drawcalls-since-flip=121 drawcalls-total=51283 fail-total=0 null-skips-total=0
[11:51:26] [info] backdrop cache: thrashing-detect engaged (streak=124, route=direct)
[11:51:27] [info] flip-probe: flip #580 ok=true present=3ms inter_flip_ms=92 drawcalls-since-flip=335 drawcalls-total=52945 fail-total=0 null-skips-total=0
[11:51:27] [info] run_tick_fixed #1500: heartbeat (loop alive)
[11:51:27] [info]  >> Entering stage 11: 'Mimiga Village'.
[11:51:27] [info] [skip-sheet-flush] cave=5
[11:51:27] [info] [load-stage] preloading entry music song=9 (cave=5)
[11:51:28] [info] Organya pre-render: cache HIT MURA (1481280 bytes from CACHE; 1 ch; synth skipped).
[11:51:28] [info] gameloop: entered (curmap=11, running=1)
[11:51:28] [info] gameloop: iter 1 ticks=75046 mapno=-1
[11:51:28] [info] mds-clear-lut: rebuilt N=240 entries (k_skip=0% k_keep=100%; curmap=11 map_size=60x60; rebuild #3 since boot)
[11:51:28] [info] gameloop: iter 2 ticks=75164 mapno=-1
[11:51:28] [info] gameloop: iter 3 ticks=75268 mapno=-1
[11:51:29] [info] flip-probe: flip #590 ok=true present=3ms inter_flip_ms=87 drawcalls-since-flip=240 drawcalls-total=56284 fail-total=0 null-skips-total=0
[11:51:29] [info] backdrop cache: thrashing-detect engaged (streak=4, route=direct)
[11:51:29] [info] flip-probe: flip #600 ok=true present=3ms inter_flip_ms=54 drawcalls-since-flip=41 drawcalls-total=56856 fail-total=0 null-skips-total=0
[11:51:29] [info] alpha audit block 0: 13295 total drawcalls, 0 with alpha<255 (block pct_x10=0; global 0/52448 pct_x10=0); alpha-mod skipped: block=0 global=0
[11:51:29] [info] fastpath audit block 0: taken=13295 (idx8=13295) skipped=0 pct_x10=1000; global taken=52448 (idx8=52448) skipped=0 pct_x10=1000
[11:51:29] [info] primitive tally block 0: clear=201(hr=201) fill=0(hr=0) rect=0(hr=0) line=0(hr=0) tint=0 spotlight=0 (over 100 flips ending at flip 600)
[11:51:30] [info] color/alpha audit block 0: cmod_white=325 cmod_black=325 (idx=325) cmod_general=0 (idx=0) cmod_fb=0; alpha_taken=0 alpha_skipped=0 (global cmod=4857/3315/693/0 idx=3315/693 alpha=0/0)
[11:51:30] [info] phase timing block 0: drawcalls=14151 dc_total_ms=1257 flip_inner_total_ms=946 inter_flip_total_ms=8846 (per-flip avg x10: dc_ms=125 fi_ms=94 if_ms=884 derived audio+engine_ms=665; per-drawcall avg us_x10=888) [direct-vesa: presents=100 total_ms=288 avg_ms_x10=28 failed=0] [ablation: NO_DC_TIMING=0 CACHE_WINSURF=0 DIRECT_VESA=1]
[11:51:30] [info] kbd/audio block 0: kbd_irq=0 kbd_drain=0 ring_chunks=16 pump_pass=1581 pic1_mask=0xb8 first_irq_ticks=0 install_ticks=0 vector_at_install=0x0083a0a0 pic1_mask_live=0x98 kbd_8042_stat=0x34 bios_kbd_head=0x0026 bios_kbd_tail=0x0026 bios_kbd_buf0=0x3920
[11:51:30] [info] audio/engine split block 0: audio_mixer_calls=339 audio_mixer_ms_x10=29 engine_tick_calls=0 engine_tick_ms_x10=0 audio_service_calls=0 audio_service_ms_x10=0 (per-flip avg; per-call us_x10: audio_mix=8802 engine_tick=0 audio_service=0; global ns: audio_mix=1258442992 engine_tick=8250691434 audio_service=0)
[11:51:30] [info] dirty-rect block @flip=600: total_calls=0 dirty_rects_avg=1 dirty_pct_x10=1000 forced_full=0 first_n_force=0 threshold_exceeded=0 dirty_path_taken=0 full_flush_taken=0
[11:51:30] [info] prev-frame-diff block @flip=600: diff_calls=0 diff_rects_avg=0 diff_dirty_pct_x10=0 bbox_pct_x10=0 bbox_thresh_exceeded=0
[11:51:30] [info] tas: stall frame 340 ms -> contributing 1 tick (patch 0286)
[11:51:30] [info] flip-probe: flip #610 ok=true present=3ms inter_flip_ms=52 drawcalls-since-flip=41 drawcalls-total=57266 fail-total=0 null-skips-total=0
[11:51:31] [info] flip-probe: flip #620 ok=true present=3ms inter_flip_ms=50 drawcalls-since-flip=41 drawcalls-total=57676 fail-total=0 null-skips-total=0
[11:51:31] [info] flip-probe: flip #630 ok=true present=3ms inter_flip_ms=53 drawcalls-since-flip=43 drawcalls-total=58092 fail-total=0 null-skips-total=0
[11:51:32] [info] flip-probe: flip #640 ok=true present=3ms inter_flip_ms=53 drawcalls-since-flip=41 drawcalls-total=58504 fail-total=0 null-skips-total=0
[11:51:32] [info] flip-probe: flip #650 ok=true present=4ms inter_flip_ms=61 drawcalls-since-flip=42 drawcalls-total=58924 fail-total=0 null-skips-total=0
[11:51:32] [info] backdrop cache: thrashing-detect engaged (streak=64, route=direct)
[11:51:33] [info] flip-probe: flip #660 ok=true present=3ms inter_flip_ms=48 drawcalls-since-flip=42 drawcalls-total=59348 fail-total=0 null-skips-total=0
[11:51:33] [info] flip-probe: flip #670 ok=true present=3ms inter_flip_ms=48 drawcalls-since-flip=42 drawcalls-total=59768 fail-total=0 null-skips-total=0
[11:51:34] [info] flip-probe: flip #680 ok=true present=3ms inter_flip_ms=62 drawcalls-since-flip=43 drawcalls-total=60195 fail-total=0 null-skips-total=0
[11:51:34] [info] flip-probe: flip #690 ok=true present=2ms inter_flip_ms=51 drawcalls-since-flip=44 drawcalls-total=60634 fail-total=0 null-skips-total=0
[11:51:35] [info] flip-probe: flip #700 ok=true present=3ms inter_flip_ms=51 drawcalls-since-flip=44 drawcalls-total=61074 fail-total=0 null-skips-total=0
[11:51:35] [info] alpha audit block 0: 2818 total drawcalls, 0 with alpha<255 (block pct_x10=0; global 0/55266 pct_x10=0); alpha-mod skipped: block=0 global=0
[11:51:35] [info] fastpath audit block 0: taken=2818 (idx8=2818) skipped=0 pct_x10=1000; global taken=55266 (idx8=55266) skipped=0 pct_x10=1000
[11:51:35] [info] primitive tally block 0: clear=200(hr=200) fill=0(hr=0) rect=0(hr=0) line=0(hr=0) tint=0 spotlight=0 (over 100 flips ending at flip 700)
[11:51:35] [info] color/alpha audit block 0: cmod_white=1300 cmod_black=1300 (idx=1300) cmod_general=0 (idx=0) cmod_fb=0; alpha_taken=0 alpha_skipped=0 (global cmod=6157/4615/693/0 idx=4615/693 alpha=0/0)
[11:51:35] [info] phase timing block 0: drawcalls=5618 dc_total_ms=787 flip_inner_total_ms=737 inter_flip_total_ms=5704 (per-flip avg x10: dc_ms=78 fi_ms=73 if_ms=570 derived audio+engine_ms=419; per-drawcall avg us_x10=1402) [direct-vesa: presents=100 total_ms=289 avg_ms_x10=28 failed=0] [ablation: NO_DC_TIMING=0 CACHE_WINSURF=0 DIRECT_VESA=1]
[11:51:35] [info] kbd/audio block 0: kbd_irq=0 kbd_drain=0 ring_chunks=16 pump_pass=1850 pic1_mask=0xb8 first_irq_ticks=0 install_ticks=0 vector_at_install=0x0083a0a0 pic1_mask_live=0x98 kbd_8042_stat=0x34 bios_kbd_head=0x0026 bios_kbd_tail=0x0026 bios_kbd_buf0=0x3920
[11:51:35] [info] audio/engine split block 0: audio_mixer_calls=241 audio_mixer_ms_x10=21 engine_tick_calls=0 engine_tick_ms_x10=0 audio_service_calls=0 audio_service_ms_x10=0 (per-flip avg; per-call us_x10: audio_mix=8778 engine_tick=0 audio_service=0; global ns: audio_mix=1470012077 engine_tick=8250691434 audio_service=0)
[11:51:35] [info] dirty-rect block @flip=700: total_calls=0 dirty_rects_avg=1 dirty_pct_x10=1000 forced_full=0 first_n_force=0 threshold_exceeded=0 dirty_path_taken=0 full_flush_taken=0
[11:51:35] [info] prev-frame-diff block @flip=700: diff_calls=0 diff_rects_avg=0 diff_dirty_pct_x10=0 bbox_pct_x10=0 bbox_thresh_exceeded=0
[11:51:36] [info] flip-probe: flip #710 ok=true present=3ms inter_flip_ms=46 drawcalls-since-flip=16 drawcalls-total=61370 fail-total=0 null-skips-total=0
[11:51:36] [info] backdrop cache: thrashing-detect engaged (streak=124, route=direct)
[11:51:36] [info] flip-probe: flip #720 ok=true present=3ms inter_flip_ms=48 drawcalls-since-flip=16 drawcalls-total=61536 fail-total=0 null-skips-total=0
[11:51:37] [info] flip-probe: flip #730 ok=true present=3ms inter_flip_ms=45 drawcalls-since-flip=16 drawcalls-total=61696 fail-total=0 null-skips-total=0
[11:51:37] [info] flip-probe: flip #740 ok=true present=3ms inter_flip_ms=46 drawcalls-since-flip=16 drawcalls-total=61856 fail-total=0 null-skips-total=0
[11:51:38] [info] flip-probe: flip #750 ok=true present=3ms inter_flip_ms=53 drawcalls-since-flip=27 drawcalls-total=62049 fail-total=0 null-skips-total=0
[11:51:38] [info] flip-probe: flip #760 ok=true present=3ms inter_flip_ms=48 drawcalls-since-flip=20 drawcalls-total=62265 fail-total=0 null-skips-total=0
[11:51:39] [info] flip-probe: flip #770 ok=true present=3ms inter_flip_ms=49 drawcalls-since-flip=20 drawcalls-total=62456 fail-total=0 null-skips-total=0
[11:51:39] [info] backdrop cache: thrashing-detect engaged (streak=184, route=direct)
[11:51:39] [info] flip-probe: flip #780 ok=true present=3ms inter_flip_ms=88 drawcalls-since-flip=305 drawcalls-total=64348 fail-total=0 null-skips-total=0
[11:51:39] [info]  >> Entering stage 15: 'Reservoir'.
[11:51:39] [info] [skip-sheet-flush] cave=6
[11:51:40] [info] [load-stage] preloading entry music song=9 (cave=6)
[11:51:40] [info] gameloop: entered (curmap=15, running=1)
[11:51:40] [info] gameloop: iter 1 ticks=86825 mapno=-1
[11:51:40] [info] mds-clear-lut: rebuilt N=240 entries (k_skip=13% k_keep=87%; curmap=15 map_size=40x20; rebuild #4 since boot)
[11:51:40] [info] gameloop: iter 2 ticks=86934 mapno=-1
[11:51:40] [info] gameloop: iter 3 ticks=87034 mapno=-1
[11:51:41] [info] flip-probe: flip #790 ok=true present=3ms inter_flip_ms=46 drawcalls-since-flip=36 drawcalls-total=66402 fail-total=0 null-skips-total=0
[11:51:41] [info] flip-probe: flip #800 ok=true present=3ms inter_flip_ms=46 drawcalls-since-flip=32 drawcalls-total=66722 fail-total=0 null-skips-total=0
[11:51:41] [info] alpha audit block 0: 5312 total drawcalls, 0 with alpha<255 (block pct_x10=0; global 0/60578 pct_x10=0); alpha-mod skipped: block=0 global=0
[11:51:41] [info] fastpath audit block 0: taken=5312 (idx8=5312) skipped=0 pct_x10=1000; global taken=60578 (idx8=60578) skipped=0 pct_x10=1000
[11:51:41] [info] primitive tally block 0: clear=201(hr=201) fill=0(hr=0) rect=0(hr=0) line=0(hr=0) tint=0 spotlight=0 (over 100 flips ending at flip 800)
[11:51:41] [info] color/alpha audit block 0: cmod_white=236 cmod_black=236 (idx=236) cmod_general=0 (idx=0) cmod_fb=0; alpha_taken=0 alpha_skipped=0 (global cmod=6393/4851/693/0 idx=4851/693 alpha=0/0)
[11:51:41] [info] phase timing block 0: drawcalls=6004 dc_total_ms=996 flip_inner_total_ms=750 inter_flip_total_ms=6140 (per-flip avg x10: dc_ms=99 fi_ms=75 if_ms=614 derived audio+engine_ms=440; per-drawcall avg us_x10=1659) [direct-vesa: presents=100 total_ms=290 avg_ms_x10=29 failed=0] [ablation: NO_DC_TIMING=0 CACHE_WINSURF=0 DIRECT_VESA=1]
[11:51:41] [info] kbd/audio block 0: kbd_irq=0 kbd_drain=0 ring_chunks=16 pump_pass=2127 pic1_mask=0xb8 first_irq_ticks=0 install_ticks=0 vector_at_install=0x0083a0a0 pic1_mask_live=0x98 kbd_8042_stat=0x34 bios_kbd_head=0x0026 bios_kbd_tail=0x0026 bios_kbd_buf0=0x3920
[11:51:41] [info] audio/engine split block 0: audio_mixer_calls=249 audio_mixer_ms_x10=21 engine_tick_calls=0 engine_tick_ms_x10=0 audio_service_calls=0 audio_service_ms_x10=0 (per-flip avg; per-call us_x10: audio_mix=8775 engine_tick=0 audio_service=0; global ns: audio_mix=1688522278 engine_tick=8250691434 audio_service=0)
[11:51:41] [info] dirty-rect block @flip=800: total_calls=0 dirty_rects_avg=1 dirty_pct_x10=1000 forced_full=0 first_n_force=0 threshold_exceeded=0 dirty_path_taken=0 full_flush_taken=0
[11:51:41] [info] prev-frame-diff block @flip=800: diff_calls=0 diff_rects_avg=0 diff_dirty_pct_x10=0 bbox_pct_x10=0 bbox_thresh_exceeded=0
[11:51:41] [info] tas: stall frame 336 ms -> contributing 1 tick (patch 0286)
[11:51:42] [info] flip-probe: flip #810 ok=true present=3ms inter_flip_ms=44 drawcalls-since-flip=32 drawcalls-total=67042 fail-total=0 null-skips-total=0
[11:51:42] [info] backdrop cache: thrashing-detect engaged (streak=4, route=direct)
[11:51:42] [info] flip-probe: flip #820 ok=true present=3ms inter_flip_ms=59 drawcalls-since-flip=35 drawcalls-total=67373 fail-total=0 null-skips-total=0
[11:51:43] [info] flip-probe: flip #830 ok=true present=3ms inter_flip_ms=50 drawcalls-since-flip=33 drawcalls-total=67717 fail-total=0 null-skips-total=0
[11:51:43] [info] flip-probe: flip #840 ok=true present=3ms inter_flip_ms=48 drawcalls-since-flip=32 drawcalls-total=68037 fail-total=0 null-skips-total=0
[11:51:44] [info] flip-probe: flip #850 ok=true present=3ms inter_flip_ms=49 drawcalls-since-flip=34 drawcalls-total=68366 fail-total=0 null-skips-total=0
[11:51:44] [info] tas: stall frame 219 ms -> contributing 1 tick (patch 0286)
[11:51:45] [info] flip-probe: flip #860 ok=true present=3ms inter_flip_ms=48 drawcalls-since-flip=36 drawcalls-total=68723 fail-total=0 null-skips-total=0
[11:51:45] [info] flip-probe: flip #870 ok=true present=3ms inter_flip_ms=55 drawcalls-since-flip=35 drawcalls-total=69078 fail-total=0 null-skips-total=0
[11:51:45] [info] backdrop cache: thrashing-detect engaged (streak=64, route=direct)
[11:51:46] [info] flip-probe: flip #880 ok=true present=3ms inter_flip_ms=47 drawcalls-since-flip=35 drawcalls-total=69425 fail-total=0 null-skips-total=0
[11:51:46] [info] flip-probe: flip #890 ok=true present=3ms inter_flip_ms=60 drawcalls-since-flip=35 drawcalls-total=69775 fail-total=0 null-skips-total=0
[11:51:46] [info] backdrop cache: thrashing-detect engaged (streak=4, route=direct)
[11:51:47] [info] flip-probe: flip #900 ok=true present=3ms inter_flip_ms=48 drawcalls-since-flip=37 drawcalls-total=70139 fail-total=0 null-skips-total=0
[11:51:47] [info] alpha audit block 0: 2417 total drawcalls, 0 with alpha<255 (block pct_x10=0; global 0/62995 pct_x10=0); alpha-mod skipped: block=0 global=0
[11:51:47] [info] fastpath audit block 0: taken=2417 (idx8=2417) skipped=0 pct_x10=1000; global taken=62995 (idx8=62995) skipped=0 pct_x10=1000
[11:51:47] [info] primitive tally block 0: clear=200(hr=200) fill=0(hr=0) rect=0(hr=0) line=0(hr=0) tint=0 spotlight=0 (over 100 flips ending at flip 900)
[11:51:47] [info] color/alpha audit block 0: cmod_white=900 cmod_black=900 (idx=900) cmod_general=0 (idx=0) cmod_fb=0; alpha_taken=0 alpha_skipped=0 (global cmod=7293/5751/693/0 idx=5751/693 alpha=0/0)
[11:51:47] [info] phase timing block 0: drawcalls=4437 dc_total_ms=785 flip_inner_total_ms=757 inter_flip_total_ms=5579 (per-flip avg x10: dc_ms=78 fi_ms=75 if_ms=557 derived audio+engine_ms=404; per-drawcall avg us_x10=1769) [direct-vesa: presents=100 total_ms=290 avg_ms_x10=29 failed=0] [ablation: NO_DC_TIMING=0 CACHE_WINSURF=0 DIRECT_VESA=1]
[11:51:47] [info] kbd/audio block 0: kbd_irq=0 kbd_drain=0 ring_chunks=16 pump_pass=2381 pic1_mask=0xb8 first_irq_ticks=0 install_ticks=0 vector_at_install=0x0083a0a0 pic1_mask_live=0x98 kbd_8042_stat=0x34 bios_kbd_head=0x0026 bios_kbd_tail=0x0026 bios_kbd_buf0=0x3920
[11:51:47] [info] audio/engine split block 0: audio_mixer_calls=235 audio_mixer_ms_x10=20 engine_tick_calls=0 engine_tick_ms_x10=0 audio_service_calls=0 audio_service_ms_x10=0 (per-flip avg; per-call us_x10: audio_mix=8678 engine_tick=0 audio_service=0; global ns: audio_mix=1892461333 engine_tick=8250691434 audio_service=0)
[11:51:47] [info] dirty-rect block @flip=900: total_calls=0 dirty_rects_avg=1 dirty_pct_x10=1000 forced_full=0 first_n_force=0 threshold_exceeded=0 dirty_path_taken=0 full_flush_taken=0
[11:51:47] [info] prev-frame-diff block @flip=900: diff_calls=0 diff_rects_avg=0 diff_dirty_pct_x10=0 bbox_pct_x10=0 bbox_thresh_exceeded=0
[11:51:47] [info] flip-probe: flip #910 ok=true present=3ms inter_flip_ms=48 drawcalls-since-flip=18 drawcalls-total=70345 fail-total=0 null-skips-total=0
[11:51:48] [info] flip-probe: flip #920 ok=true present=3ms inter_flip_ms=46 drawcalls-since-flip=15 drawcalls-total=70506 fail-total=0 null-skips-total=0
[11:51:48] [info] flip-probe: flip #930 ok=true present=3ms inter_flip_ms=50 drawcalls-since-flip=15 drawcalls-total=70656 fail-total=0 null-skips-total=0
[11:51:49] [info] flip-probe: flip #940 ok=true present=3ms inter_flip_ms=45 drawcalls-since-flip=15 drawcalls-total=70806 fail-total=0 null-skips-total=0
[11:51:49] [info] flip-probe: flip #950 ok=true present=3ms inter_flip_ms=45 drawcalls-since-flip=16 drawcalls-total=70972 fail-total=0 null-skips-total=0
[11:51:49] [info] backdrop cache: thrashing-detect engaged (streak=64, route=direct)
[11:51:50] [info] flip-probe: flip #960 ok=true present=3ms inter_flip_ms=42 drawcalls-since-flip=17 drawcalls-total=71137 fail-total=0 null-skips-total=0
[11:51:50] [info] flip-probe: flip #970 ok=true present=3ms inter_flip_ms=45 drawcalls-since-flip=15 drawcalls-total=71290 fail-total=0 null-skips-total=0
[11:51:51] [info] flip-probe: flip #980 ok=true present=3ms inter_flip_ms=44 drawcalls-since-flip=14 drawcalls-total=71432 fail-total=0 null-skips-total=0
[11:51:51] [info] flip-probe: flip #990 ok=true present=3ms inter_flip_ms=59 drawcalls-since-flip=23 drawcalls-total=71658 fail-total=0 null-skips-total=0
[11:51:52] [info] flip-probe: flip #1000 ok=true present=3ms inter_flip_ms=59 drawcalls-since-flip=22 drawcalls-total=71890 fail-total=0 null-skips-total=0
[11:51:52] [info] alpha audit block 0: 1642 total drawcalls, 0 with alpha<255 (block pct_x10=0; global 0/64637 pct_x10=0); alpha-mod skipped: block=0 global=0
[11:51:52] [info] fastpath audit block 0: taken=1642 (idx8=1642) skipped=0 pct_x10=1000; global taken=64637 (idx8=64637) skipped=0 pct_x10=1000
[11:51:52] [info] primitive tally block 0: clear=200(hr=200) fill=0(hr=0) rect=0(hr=0) line=0(hr=0) tint=0 spotlight=0 (over 100 flips ending at flip 1000)
[11:51:52] [info] color/alpha audit block 0: cmod_white=9 cmod_black=9 (idx=9) cmod_general=0 (idx=0) cmod_fb=0; alpha_taken=0 alpha_skipped=0 (global cmod=7302/5760/693/0 idx=5760/693 alpha=0/0)
[11:51:52] [info] phase timing block 0: drawcalls=1860 dc_total_ms=519 flip_inner_total_ms=761 inter_flip_total_ms=4870 (per-flip avg x10: dc_ms=51 fi_ms=76 if_ms=487 derived audio+engine_ms=360; per-drawcall avg us_x10=2791) [direct-vesa: presents=100 total_ms=290 avg_ms_x10=29 failed=0] [ablation: NO_DC_TIMING=0 CACHE_WINSURF=0 DIRECT_VESA=1]
[11:51:52] [info] kbd/audio block 0: kbd_irq=0 kbd_drain=0 ring_chunks=16 pump_pass=2624 pic1_mask=0xb8 first_irq_ticks=0 install_ticks=0 vector_at_install=0x0083a0a0 pic1_mask_live=0x98 kbd_8042_stat=0x34 bios_kbd_head=0x0026 bios_kbd_tail=0x0026 bios_kbd_buf0=0x3920
[11:51:52] [info] audio/engine split block 0: audio_mixer_calls=210 audio_mixer_ms_x10=18 engine_tick_calls=0 engine_tick_ms_x10=0 audio_service_calls=0 audio_service_ms_x10=0 (per-flip avg; per-call us_x10: audio_mix=8694 engine_tick=0 audio_service=0; global ns: audio_mix=2075053230 engine_tick=8250691434 audio_service=0)
[11:51:52] [info] dirty-rect block @flip=1000: total_calls=0 dirty_rects_avg=1 dirty_pct_x10=1000 forced_full=0 first_n_force=0 threshold_exceeded=0 dirty_path_taken=0 full_flush_taken=0
[11:51:52] [info] prev-frame-diff block @flip=1000: diff_calls=0 diff_rects_avg=0 diff_dirty_pct_x10=0 bbox_pct_x10=0 bbox_thresh_exceeded=0
[11:51:52] [info] flip-probe: flip #1010 ok=true present=3ms inter_flip_ms=41 drawcalls-since-flip=15 drawcalls-total=72068 fail-total=0 null-skips-total=0
[11:51:52] [info] backdrop cache: thrashing-detect engaged (streak=124, route=direct)
[11:51:53] [info] flip-probe: flip #1020 ok=true present=3ms inter_flip_ms=45 drawcalls-since-flip=14 drawcalls-total=72209 fail-total=0 null-skips-total=0
[11:51:53] [info] flip-probe: flip #1030 ok=true present=3ms inter_flip_ms=44 drawcalls-since-flip=14 drawcalls-total=72349 fail-total=0 null-skips-total=0
[11:51:53] [info] run_tick_fixed #2700: heartbeat (loop alive)
[11:51:54] [info] tas: stall frame 299 ms -> contributing 1 tick (patch 0286)
[11:51:54] [info] flip-probe: flip #1040 ok=true present=3ms inter_flip_ms=88 drawcalls-since-flip=318 drawcalls-total=74336 fail-total=0 null-skips-total=0
[11:51:54] [info]  >> Entering stage 11: 'Mimiga Village'.
[11:51:54] [info] [skip-sheet-flush] cave=7
[11:51:55] [info] [load-stage] preloading entry music song=9 (cave=7)
[11:51:55] [info] gameloop: entered (curmap=11, running=1)
[11:51:55] [info] gameloop: iter 1 ticks=101584 mapno=-1
[11:51:55] [info] mds-clear-lut: rebuilt N=240 entries (k_skip=0% k_keep=100%; curmap=11 map_size=60x60; rebuild #5 since boot)
[11:51:55] [info] gameloop: iter 2 ticks=101695 mapno=-1
[11:51:55] [info] gameloop: iter 3 ticks=101798 mapno=-1
[11:51:55] [info] flip-probe: flip #1050 ok=true present=3ms inter_flip_ms=64 drawcalls-since-flip=61 drawcalls-total=76570 fail-total=0 null-skips-total=0
[11:51:56] [info] flip-probe: flip #1060 ok=true present=3ms inter_flip_ms=49 drawcalls-since-flip=42 drawcalls-total=76979 fail-total=0 null-skips-total=0
[11:51:56] [info] flip-probe: flip #1070 ok=true present=4ms inter_flip_ms=53 drawcalls-since-flip=42 drawcalls-total=77399 fail-total=0 null-skips-total=0
[11:51:57] [info] flip-probe: flip #1080 ok=true present=3ms inter_flip_ms=69 drawcalls-since-flip=50 drawcalls-total=77912 fail-total=0 null-skips-total=0
[11:51:57] [info] backdrop cache: thrashing-detect engaged (streak=4, route=direct)
[11:51:58] [info] flip-probe: flip #1090 ok=true present=3ms inter_flip_ms=57 drawcalls-since-flip=48 drawcalls-total=78411 fail-total=0 null-skips-total=0
[11:51:58] [info] flip-probe: flip #1100 ok=true present=3ms inter_flip_ms=52 drawcalls-since-flip=46 drawcalls-total=78881 fail-total=0 null-skips-total=0
[11:51:58] [info] alpha audit block 0: 6137 total drawcalls, 0 with alpha<255 (block pct_x10=0; global 0/70774 pct_x10=0); alpha-mod skipped: block=0 global=0
[11:51:58] [info] fastpath audit block 0: taken=6137 (idx8=6137) skipped=0 pct_x10=1000; global taken=70774 (idx8=70774) skipped=0 pct_x10=1000
[11:51:58] [info] primitive tally block 0: clear=201(hr=201) fill=0(hr=0) rect=0(hr=0) line=0(hr=0) tint=0 spotlight=0 (over 100 flips ending at flip 1100)
[11:51:58] [info] color/alpha audit block 0: cmod_white=754 cmod_black=754 (idx=754) cmod_general=0 (idx=0) cmod_fb=0; alpha_taken=0 alpha_skipped=0 (global cmod=8056/6514/693/0 idx=6514/693 alpha=0/0)
[11:51:58] [info] phase timing block 0: drawcalls=7884 dc_total_ms=1189 flip_inner_total_ms=746 inter_flip_total_ms=6679 (per-flip avg x10: dc_ms=118 fi_ms=74 if_ms=667 derived audio+engine_ms=475; per-drawcall avg us_x10=1508) [direct-vesa: presents=100 total_ms=287 avg_ms_x10=28 failed=0] [ablation: NO_DC_TIMING=0 CACHE_WINSURF=0 DIRECT_VESA=1]
[11:51:58] [info] kbd/audio block 0: kbd_irq=0 kbd_drain=0 ring_chunks=16 pump_pass=2913 pic1_mask=0xb8 first_irq_ticks=0 install_ticks=0 vector_at_install=0x0083a0a0 pic1_mask_live=0x98 kbd_8042_stat=0x34 bios_kbd_head=0x0026 bios_kbd_tail=0x0026 bios_kbd_buf0=0x3920
[11:51:58] [info] audio/engine split block 0: audio_mixer_calls=267 audio_mixer_ms_x10=23 engine_tick_calls=0 engine_tick_ms_x10=0 audio_service_calls=0 audio_service_ms_x10=0 (per-flip avg; per-call us_x10: audio_mix=8713 engine_tick=0 audio_service=0; global ns: audio_mix=2307709668 engine_tick=8250691434 audio_service=0)
[11:51:58] [info] dirty-rect block @flip=1100: total_calls=0 dirty_rects_avg=1 dirty_pct_x10=1000 forced_full=0 first_n_force=0 threshold_exceeded=0 dirty_path_taken=0 full_flush_taken=0
[11:51:58] [info] prev-frame-diff block @flip=1100: diff_calls=0 diff_rects_avg=0 diff_dirty_pct_x10=0 bbox_pct_x10=0 bbox_thresh_exceeded=0
[11:51:59] [info] flip-probe: flip #1110 ok=true present=3ms inter_flip_ms=59 drawcalls-since-flip=45 drawcalls-total=79335 fail-total=0 null-skips-total=0
[11:51:59] [info] flip-probe: flip #1120 ok=true present=3ms inter_flip_ms=53 drawcalls-since-flip=45 drawcalls-total=79799 fail-total=0 null-skips-total=0
[11:52:00] [info] flip-probe: flip #1130 ok=true present=3ms inter_flip_ms=55 drawcalls-since-flip=45 drawcalls-total=80249 fail-total=0 null-skips-total=0
[11:52:00] [info] flip-probe: flip #1140 ok=true present=3ms inter_flip_ms=51 drawcalls-since-flip=45 drawcalls-total=80699 fail-total=0 null-skips-total=0
[11:52:01] [info] backdrop cache: thrashing-detect engaged (streak=64, route=direct)
[11:52:01] [info] flip-probe: flip #1150 ok=true present=3ms inter_flip_ms=49 drawcalls-since-flip=45 drawcalls-total=81149 fail-total=0 null-skips-total=0
[11:52:02] [info] flip-probe: flip #1160 ok=true present=3ms inter_flip_ms=52 drawcalls-since-flip=44 drawcalls-total=81591 fail-total=0 null-skips-total=0
[11:52:02] [info] flip-probe: flip #1170 ok=true present=2ms inter_flip_ms=50 drawcalls-since-flip=17 drawcalls-total=81822 fail-total=0 null-skips-total=0
[11:52:03] [info] flip-probe: flip #1180 ok=true present=3ms inter_flip_ms=51 drawcalls-since-flip=17 drawcalls-total=81992 fail-total=0 null-skips-total=0
[11:52:03] [info] flip-probe: flip #1190 ok=true present=3ms inter_flip_ms=49 drawcalls-since-flip=19 drawcalls-total=82174 fail-total=0 null-skips-total=0
[11:52:04] [info] flip-probe: flip #1200 ok=true present=3ms inter_flip_ms=48 drawcalls-since-flip=19 drawcalls-total=82364 fail-total=0 null-skips-total=0
[11:52:04] [info] alpha audit block 0: 2577 total drawcalls, 0 with alpha<255 (block pct_x10=0; global 0/73351 pct_x10=0); alpha-mod skipped: block=0 global=0
[11:52:04] [info] fastpath audit block 0: taken=2577 (idx8=2577) skipped=0 pct_x10=1000; global taken=73351 (idx8=73351) skipped=0 pct_x10=1000
[11:52:04] [info] primitive tally block 0: clear=200(hr=200) fill=0(hr=0) rect=0(hr=0) line=0(hr=0) tint=0 spotlight=0 (over 100 flips ending at flip 1200)
[11:52:04] [info] color/alpha audit block 0: cmod_white=806 cmod_black=806 (idx=806) cmod_general=0 (idx=0) cmod_fb=0; alpha_taken=0 alpha_skipped=0 (global cmod=8862/7320/693/0 idx=7320/693 alpha=0/0)
[11:52:04] [info] phase timing block 0: drawcalls=4389 dc_total_ms=713 flip_inner_total_ms=733 inter_flip_total_ms=5320 (per-flip avg x10: dc_ms=71 fi_ms=73 if_ms=532 derived audio+engine_ms=388; per-drawcall avg us_x10=1624) [direct-vesa: presents=100 total_ms=289 avg_ms_x10=28 failed=0] [ablation: NO_DC_TIMING=0 CACHE_WINSURF=0 DIRECT_VESA=1]
[11:52:04] [info] kbd/audio block 0: kbd_irq=0 kbd_drain=0 ring_chunks=16 pump_pass=3179 pic1_mask=0xb8 first_irq_ticks=0 install_ticks=0 vector_at_install=0x0083a0a0 pic1_mask_live=0x98 kbd_8042_stat=0x34 bios_kbd_head=0x0026 bios_kbd_tail=0x0026 bios_kbd_buf0=0x3920
[11:52:04] [info] audio/engine split block 0: audio_mixer_calls=229 audio_mixer_ms_x10=19 engine_tick_calls=0 engine_tick_ms_x10=0 audio_service_calls=0 audio_service_ms_x10=0 (per-flip avg; per-call us_x10: audio_mix=8710 engine_tick=0 audio_service=0; global ns: audio_mix=2507187546 engine_tick=8250691434 audio_service=0)
[11:52:04] [info] dirty-rect block @flip=1200: total_calls=0 dirty_rects_avg=1 dirty_pct_x10=1000 forced_full=0 first_n_force=0 threshold_exceeded=0 dirty_path_taken=0 full_flush_taken=0
[11:52:04] [info] prev-frame-diff block @flip=1200: diff_calls=0 diff_rects_avg=0 diff_dirty_pct_x10=0 bbox_pct_x10=0 bbox_thresh_exceeded=0
[11:52:04] [info] backdrop cache: thrashing-detect engaged (streak=124, route=direct)
[11:52:04] [info] flip-probe: flip #1210 ok=true present=4ms inter_flip_ms=48 drawcalls-since-flip=18 drawcalls-total=82551 fail-total=0 null-skips-total=0
[11:52:05] [info] flip-probe: flip #1220 ok=true present=3ms inter_flip_ms=53 drawcalls-since-flip=17 drawcalls-total=82728 fail-total=0 null-skips-total=0
[11:52:05] [info] flip-probe: flip #1230 ok=true present=3ms inter_flip_ms=48 drawcalls-since-flip=18 drawcalls-total=82905 fail-total=0 null-skips-total=0
[11:52:06] [info] flip-probe: flip #1240 ok=true present=3ms inter_flip_ms=50 drawcalls-since-flip=19 drawcalls-total=83088 fail-total=0 null-skips-total=0
[11:52:06] [info] tas: stall frame 273 ms -> contributing 1 tick (patch 0286)
[11:52:06] [info] flip-probe: flip #1250 ok=true present=3ms inter_flip_ms=47 drawcalls-since-flip=19 drawcalls-total=83278 fail-total=0 null-skips-total=0
[11:52:07] [info] flip-probe: flip #1260 ok=true present=3ms inter_flip_ms=50 drawcalls-since-flip=20 drawcalls-total=83469 fail-total=0 null-skips-total=0
[11:52:07] [info] backdrop cache: thrashing-detect engaged (streak=184, route=direct)
[11:52:07] [info] flip-probe: flip #1270 ok=true present=3ms inter_flip_ms=51 drawcalls-since-flip=20 drawcalls-total=83669 fail-total=0 null-skips-total=0
[11:52:08] [info] flip-probe: flip #1280 ok=true present=4ms inter_flip_ms=50 drawcalls-since-flip=20 drawcalls-total=83869 fail-total=0 null-skips-total=0
[11:52:08] [info] flip-probe: flip #1290 ok=true present=3ms inter_flip_ms=48 drawcalls-since-flip=17 drawcalls-total=84051 fail-total=0 null-skips-total=0
[11:52:09] [info] flip-probe: flip #1300 ok=true present=3ms inter_flip_ms=48 drawcalls-since-flip=17 drawcalls-total=84221 fail-total=0 null-skips-total=0
[11:52:09] [info] alpha audit block 0: 1757 total drawcalls, 0 with alpha<255 (block pct_x10=0; global 0/75108 pct_x10=0); alpha-mod skipped: block=0 global=0
[11:52:09] [info] fastpath audit block 0: taken=1757 (idx8=1757) skipped=0 pct_x10=1000; global taken=75108 (idx8=75108) skipped=0 pct_x10=1000
[11:52:09] [info] primitive tally block 0: clear=200(hr=200) fill=0(hr=0) rect=0(hr=0) line=0(hr=0) tint=0 spotlight=0 (over 100 flips ending at flip 1300)
[11:52:09] [info] phase timing block 0: drawcalls=1957 dc_total_ms=571 flip_inner_total_ms=932 inter_flip_total_ms=5354 (per-flip avg x10: dc_ms=57 fi_ms=93 if_ms=535 derived audio+engine_ms=385; per-drawcall avg us_x10=2918) [direct-vesa: presents=100 total_ms=289 avg_ms_x10=28 failed=0] [ablation: NO_DC_TIMING=0 CACHE_WINSURF=0 DIRECT_VESA=1]
[11:52:09] [info] kbd/audio block 0: kbd_irq=0 kbd_drain=0 ring_chunks=16 pump_pass=3434 pic1_mask=0xb8 first_irq_ticks=0 install_ticks=0 vector_at_install=0x0083a0a0 pic1_mask_live=0x98 kbd_8042_stat=0x34 bios_kbd_head=0x0026 bios_kbd_tail=0x0026 bios_kbd_buf0=0x3920
[11:52:09] [info] audio/engine split block 0: audio_mixer_calls=229 audio_mixer_ms_x10=19 engine_tick_calls=0 engine_tick_ms_x10=0 audio_service_calls=0 audio_service_ms_x10=0 (per-flip avg; per-call us_x10: audio_mix=8683 engine_tick=0 audio_service=0; global ns: audio_mix=2706036825 engine_tick=8250691434 audio_service=0)
[11:52:09] [info] dirty-rect block @flip=1300: total_calls=0 dirty_rects_avg=1 dirty_pct_x10=1000 forced_full=0 first_n_force=0 threshold_exceeded=0 dirty_path_taken=0 full_flush_taken=0
[11:52:09] [info] prev-frame-diff block @flip=1300: diff_calls=0 diff_rects_avg=0 diff_dirty_pct_x10=0 bbox_pct_x10=0 bbox_thresh_exceeded=0
[11:52:10] [info] flip-probe: flip #1310 ok=true present=3ms inter_flip_ms=48 drawcalls-since-flip=19 drawcalls-total=84399 fail-total=0 null-skips-total=0
[11:52:10] [info] flip-probe: flip #1320 ok=true present=3ms inter_flip_ms=48 drawcalls-since-flip=17 drawcalls-total=84576 fail-total=0 null-skips-total=0
[11:52:10] [info] backdrop cache: thrashing-detect engaged (streak=244, route=direct)
[11:52:11] [info] flip-probe: flip #1330 ok=true present=4ms inter_flip_ms=47 drawcalls-since-flip=16 drawcalls-total=84740 fail-total=0 null-skips-total=0
[11:52:11] [info] flip-probe: flip #1340 ok=true present=3ms inter_flip_ms=61 drawcalls-since-flip=19 drawcalls-total=84910 fail-total=0 null-skips-total=0
[11:52:12] [info] flip-probe: flip #1350 ok=true present=3ms inter_flip_ms=62 drawcalls-since-flip=22 drawcalls-total=85110 fail-total=0 null-skips-total=0
[11:52:12] [info] flip-probe: flip #1360 ok=true present=3ms inter_flip_ms=49 drawcalls-since-flip=19 drawcalls-total=85298 fail-total=0 null-skips-total=0
[11:52:12] [info] run_tick_fixed #3600: heartbeat (loop alive)
[11:52:13] [info]  >> Entering stage 19: 'Assembly Hall'.
[11:52:13] [info] [skip-sheet-flush] cave=8
[11:52:14] [info] [load-stage] preloading entry music song=9 (cave=8)
[11:52:14] [info] gameloop: entered (curmap=19, running=1)
[11:52:14] [info] gameloop: iter 1 ticks=120562 mapno=-1
[11:52:14] [info] mds-clear-lut: rebuilt N=240 entries (k_skip=100% k_keep=0%; curmap=19 map_size=21x16; rebuild #6 since boot)
[11:52:14] [info] flip-probe: flip #1370 ok=true present=3ms inter_flip_ms=937 drawcalls-since-flip=463 drawcalls-total=87600 fail-total=0 null-skips-total=0
[11:52:14] [info] gameloop: iter 2 ticks=120688 mapno=-1
[11:52:14] [info] gameloop: iter 3 ticks=120792 mapno=-1
[11:52:15] [info] flip-probe: flip #1380 ok=true present=4ms inter_flip_ms=50 drawcalls-since-flip=122 drawcalls-total=90187 fail-total=0 null-skips-total=0
[11:52:15] [info] flip-probe: flip #1390 ok=true present=2ms inter_flip_ms=53 drawcalls-since-flip=122 drawcalls-total=91407 fail-total=0 null-skips-total=0
[11:52:16] [info] flip-probe: flip #1400 ok=true present=3ms inter_flip_ms=58 drawcalls-since-flip=124 drawcalls-total=92633 fail-total=0 null-skips-total=0
[11:52:16] [info] alpha audit block 0: 7940 total drawcalls, 0 with alpha<255 (block pct_x10=0; global 0/83048 pct_x10=0); alpha-mod skipped: block=0 global=0
[11:52:16] [info] fastpath audit block 0: taken=7940 (idx8=7940) skipped=0 pct_x10=1000; global taken=83048 (idx8=83048) skipped=0 pct_x10=1000
[11:52:16] [info] primitive tally block 0: clear=202(hr=202) fill=0(hr=0) rect=0(hr=0) line=0(hr=0) tint=0 spotlight=0 (over 100 flips ending at flip 1400)
[11:52:16] [info] color/alpha audit block 0: cmod_white=372 cmod_black=372 (idx=372) cmod_general=0 (idx=0) cmod_fb=0; alpha_taken=0 alpha_skipped=0 (global cmod=9234/7692/693/0 idx=7692/693 alpha=0/0)
[11:52:16] [info] phase timing block 0: drawcalls=8917 dc_total_ms=1127 flip_inner_total_ms=762 inter_flip_total_ms=6688 (per-flip avg x10: dc_ms=112 fi_ms=76 if_ms=668 derived audio+engine_ms=480; per-drawcall avg us_x10=1264) [direct-vesa: presents=100 total_ms=289 avg_ms_x10=28 failed=0] [ablation: NO_DC_TIMING=0 CACHE_WINSURF=0 DIRECT_VESA=1]
[11:52:16] [info] kbd/audio block 0: kbd_irq=0 kbd_drain=0 ring_chunks=16 pump_pass=3725 pic1_mask=0xb8 first_irq_ticks=0 install_ticks=0 vector_at_install=0x0083a0a0 pic1_mask_live=0x98 kbd_8042_stat=0x34 bios_kbd_head=0x0026 bios_kbd_tail=0x0026 bios_kbd_buf0=0x3920
[11:52:16] [info] audio/engine split block 0: audio_mixer_calls=257 audio_mixer_ms_x10=22 engine_tick_calls=0 engine_tick_ms_x10=0 audio_service_calls=0 audio_service_ms_x10=0 (per-flip avg; per-call us_x10: audio_mix=8722 engine_tick=0 audio_service=0; global ns: audio_mix=2930194956 engine_tick=8250691434 audio_service=0)
[11:52:16] [info] dirty-rect block @flip=1400: total_calls=0 dirty_rects_avg=1 dirty_pct_x10=1000 forced_full=0 first_n_force=0 threshold_exceeded=0 dirty_path_taken=0 full_flush_taken=0
[11:52:16] [info] prev-frame-diff block @flip=1400: diff_calls=0 diff_rects_avg=0 diff_dirty_pct_x10=0 bbox_pct_x10=0 bbox_thresh_exceeded=0
[11:52:16] [info] flip-probe: flip #1410 ok=true present=3ms inter_flip_ms=53 drawcalls-since-flip=122 drawcalls-total=93864 fail-total=0 null-skips-total=0
[11:52:17] [info] flip-probe: flip #1420 ok=true present=3ms inter_flip_ms=49 drawcalls-since-flip=122 drawcalls-total=95095 fail-total=0 null-skips-total=0
[11:52:17] [info] flip-probe: flip #1430 ok=true present=3ms inter_flip_ms=50 drawcalls-since-flip=122 drawcalls-total=96315 fail-total=0 null-skips-total=0
[11:52:18] [info] flip-probe: flip #1440 ok=true present=3ms inter_flip_ms=49 drawcalls-since-flip=122 drawcalls-total=97535 fail-total=0 null-skips-total=0
[11:52:18] [info] flip-probe: flip #1450 ok=true present=3ms inter_flip_ms=66 drawcalls-since-flip=254 drawcalls-total=98935 fail-total=0 null-skips-total=0
[11:52:19] [info]  >> Entering stage 11: 'Mimiga Village'.
[11:52:19] [info] [skip-sheet-flush] cave=9
[11:52:20] [info] [load-stage] preloading entry music song=9 (cave=9)
[11:52:20] [info] gameloop: entered (curmap=11, running=1)
[11:52:20] [info] gameloop: iter 1 ticks=126908 mapno=-1
[11:52:20] [info] mds-clear-lut: rebuilt N=240 entries (k_skip=0% k_keep=100%; curmap=11 map_size=60x60; rebuild #7 since boot)
[11:52:20] [info] gameloop: iter 2 ticks=127023 mapno=-1
[11:52:20] [info] gameloop: iter 3 ticks=127141 mapno=-1
[11:52:20] [info] backdrop cache: thrashing-detect engaged (streak=4, route=direct)
[11:52:20] [info] flip-probe: flip #1460 ok=true present=3ms inter_flip_ms=110 drawcalls-since-flip=384 drawcalls-total=102795 fail-total=0 null-skips-total=0
[11:52:21] [info] flip-probe: flip #1470 ok=true present=2ms inter_flip_ms=57 drawcalls-since-flip=46 drawcalls-total=103650 fail-total=0 null-skips-total=0
[11:52:22] [info] flip-probe: flip #1480 ok=true present=3ms inter_flip_ms=52 drawcalls-since-flip=42 drawcalls-total=104094 fail-total=0 null-skips-total=0
[11:52:22] [info] flip-probe: flip #1490 ok=true present=3ms inter_flip_ms=51 drawcalls-since-flip=43 drawcalls-total=104522 fail-total=0 null-skips-total=0
[11:52:23] [info] flip-probe: flip #1500 ok=true present=3ms inter_flip_ms=54 drawcalls-since-flip=44 drawcalls-total=104964 fail-total=0 null-skips-total=0
[11:52:23] [info] alpha audit block 0: 10987 total drawcalls, 0 with alpha<255 (block pct_x10=0; global 0/94035 pct_x10=0); alpha-mod skipped: block=0 global=0
[11:52:23] [info] fastpath audit block 0: taken=10987 (idx8=10987) skipped=0 pct_x10=1000; global taken=94035 (idx8=94035) skipped=0 pct_x10=1000
[11:52:23] [info] primitive tally block 0: clear=201(hr=201) fill=0(hr=0) rect=0(hr=0) line=0(hr=0) tint=0 spotlight=0 (over 100 flips ending at flip 1500)
[11:52:23] [info] color/alpha audit block 0: cmod_white=1244 cmod_black=1244 (idx=1244) cmod_general=0 (idx=0) cmod_fb=0; alpha_taken=0 alpha_skipped=0 (global cmod=10478/8936/693/0 idx=8936/693 alpha=0/0)
[11:52:23] [info] phase timing block 0: drawcalls=13735 dc_total_ms=1474 flip_inner_total_ms=749 inter_flip_total_ms=7182 (per-flip avg x10: dc_ms=147 fi_ms=74 if_ms=718 derived audio+engine_ms=497; per-drawcall avg us_x10=1073) [direct-vesa: presents=100 total_ms=288 avg_ms_x10=28 failed=0] [ablation: NO_DC_TIMING=0 CACHE_WINSURF=0 DIRECT_VESA=1]
[11:52:23] [info] kbd/audio block 0: kbd_irq=0 kbd_drain=0 ring_chunks=16 pump_pass=4028 pic1_mask=0xb8 first_irq_ticks=0 install_ticks=0 vector_at_install=0x0083a0a0 pic1_mask_live=0x98 kbd_8042_stat=0x34 bios_kbd_head=0x0026 bios_kbd_tail=0x0026 bios_kbd_buf0=0x3920
[11:52:23] [info] audio/engine split block 0: audio_mixer_calls=270 audio_mixer_ms_x10=23 engine_tick_calls=0 engine_tick_ms_x10=0 audio_service_calls=0 audio_service_ms_x10=0 (per-flip avg; per-call us_x10: audio_mix=8742 engine_tick=0 audio_service=0; global ns: audio_mix=3166246521 engine_tick=8250691434 audio_service=0)
[11:52:23] [info] dirty-rect block @flip=1500: total_calls=0 dirty_rects_avg=1 dirty_pct_x10=1000 forced_full=0 first_n_force=0 threshold_exceeded=0 dirty_path_taken=0 full_flush_taken=0
[11:52:23] [info] prev-frame-diff block @flip=1500: diff_calls=0 diff_rects_avg=0 diff_dirty_pct_x10=0 bbox_pct_x10=0 bbox_thresh_exceeded=0
[11:52:23] [info] flip-probe: flip #1510 ok=true present=3ms inter_flip_ms=54 drawcalls-since-flip=46 drawcalls-total=105400 fail-total=0 null-skips-total=0
[11:52:24] [info] backdrop cache: thrashing-detect engaged (streak=64, route=direct)
[11:52:24] [info] flip-probe: flip #1520 ok=true present=3ms inter_flip_ms=59 drawcalls-since-flip=45 drawcalls-total=105854 fail-total=0 null-skips-total=0
[11:52:25] [info] flip-probe: flip #1530 ok=true present=3ms inter_flip_ms=53 drawcalls-since-flip=44 drawcalls-total=106297 fail-total=0 null-skips-total=0
[11:52:25] [info] flip-probe: flip #1540 ok=true present=3ms inter_flip_ms=53 drawcalls-since-flip=43 drawcalls-total=106736 fail-total=0 null-skips-total=0
[11:52:26] [info] flip-probe: flip #1550 ok=true present=3ms inter_flip_ms=52 drawcalls-since-flip=43 drawcalls-total=107166 fail-total=0 null-skips-total=0
[11:52:26] [info] flip-probe: flip #1560 ok=true present=3ms inter_flip_ms=49 drawcalls-since-flip=44 drawcalls-total=107598 fail-total=0 null-skips-total=0
[11:52:26] [info] run_tick_fixed #4200: heartbeat (loop alive)
[11:52:27] [info] flip-probe: flip #1570 ok=true present=3ms inter_flip_ms=55 drawcalls-since-flip=44 drawcalls-total=108038 fail-total=0 null-skips-total=0
[11:52:27] [info] backdrop cache: thrashing-detect engaged (streak=124, route=direct)
[11:52:27] [info] flip-probe: flip #1580 ok=true present=3ms inter_flip_ms=63 drawcalls-since-flip=18 drawcalls-total=108384 fail-total=0 null-skips-total=0
[11:52:28] [info] flip-probe: flip #1590 ok=true present=3ms inter_flip_ms=50 drawcalls-since-flip=15 drawcalls-total=108543 fail-total=0 null-skips-total=0
[11:52:28] [info] flip-probe: flip #1600 ok=true present=3ms inter_flip_ms=76 drawcalls-since-flip=212 drawcalls-total=109020 fail-total=0 null-skips-total=0
[11:52:28] [info] alpha audit block 0: 2968 total drawcalls, 0 with alpha<255 (block pct_x10=0; global 0/97003 pct_x10=0); alpha-mod skipped: block=0 global=0
[11:52:28] [info] fastpath audit block 0: taken=2968 (idx8=2968) skipped=0 pct_x10=1000; global taken=97003 (idx8=97003) skipped=0 pct_x10=1000
[11:52:28] [info] primitive tally block 0: clear=200(hr=200) fill=0(hr=0) rect=0(hr=0) line=0(hr=0) tint=0 spotlight=0 (over 100 flips ending at flip 1600)
[11:52:28] [info] color/alpha audit block 0: cmod_white=988 cmod_black=988 (idx=988) cmod_general=0 (idx=0) cmod_fb=0; alpha_taken=0 alpha_skipped=0 (global cmod=11466/9924/693/0 idx=9924/693 alpha=0/0)
[11:52:28] [info] phase timing block 0: drawcalls=5144 dc_total_ms=768 flip_inner_total_ms=751 inter_flip_total_ms=5487 (per-flip avg x10: dc_ms=76 fi_ms=75 if_ms=548 derived audio+engine_ms=397; per-drawcall avg us_x10=1494) [direct-vesa: presents=100 total_ms=289 avg_ms_x10=28 failed=0] [ablation: NO_DC_TIMING=0 CACHE_WINSURF=0 DIRECT_VESA=1]
[11:52:28] [info] kbd/audio block 0: kbd_irq=0 kbd_drain=0 ring_chunks=16 pump_pass=4301 pic1_mask=0xb8 first_irq_ticks=0 install_ticks=0 vector_at_install=0x0083a0a0 pic1_mask_live=0x98 kbd_8042_stat=0x34 bios_kbd_head=0x0026 bios_kbd_tail=0x0026 bios_kbd_buf0=0x3920
[11:52:28] [info] audio/engine split block 0: audio_mixer_calls=235 audio_mixer_ms_x10=20 engine_tick_calls=0 engine_tick_ms_x10=0 audio_service_calls=0 audio_service_ms_x10=0 (per-flip avg; per-call us_x10: audio_mix=8736 engine_tick=0 audio_service=0; global ns: audio_mix=3371550853 engine_tick=8250691434 audio_service=0)
[11:52:28] [info] dirty-rect block @flip=1600: total_calls=0 dirty_rects_avg=1 dirty_pct_x10=1000 forced_full=0 first_n_force=0 threshold_exceeded=0 dirty_path_taken=0 full_flush_taken=0
[11:52:28] [info] prev-frame-diff block @flip=1600: diff_calls=0 diff_rects_avg=0 diff_dirty_pct_x10=0 bbox_pct_x10=0 bbox_thresh_exceeded=0
[11:52:28] [info] tas: stall frame 150 ms -> contributing 1 tick (patch 0286)
[11:52:29] [info]  >> Entering stage 14: 'Shack'.
[11:52:29] [info] [skip-sheet-flush] cave=10
[11:52:29] [info] [load-stage] preloading entry music song=8 (cave=10)
[11:52:31] [info] Organya pre-render: cache HIT VIVI (1580544 bytes from CACHE; 1 ch; synth skipped).
[11:52:31] [info] gameloop: entered (curmap=14, running=1)
[11:52:31] [info] gameloop: iter 1 ticks=137841 mapno=-1
[11:52:31] [info] gameloop: iter 2 ticks=137933 mapno=-1
[11:52:31] [info] gameloop: iter 3 ticks=138026 mapno=-1
[11:52:31] [info] flip-probe: flip #1610 ok=true present=4ms inter_flip_ms=88 drawcalls-since-flip=365 drawcalls-total=112140 fail-total=0 null-skips-total=0
[11:52:32] [info] flip-probe: flip #1620 ok=true present=3ms inter_flip_ms=38 drawcalls-since-flip=24 drawcalls-total=112935 fail-total=0 null-skips-total=0
[11:52:32] [info] flip-probe: flip #1630 ok=true present=3ms inter_flip_ms=35 drawcalls-since-flip=24 drawcalls-total=113175 fail-total=0 null-skips-total=0
[11:52:33] [info] flip-probe: flip #1640 ok=true present=3ms inter_flip_ms=33 drawcalls-since-flip=24 drawcalls-total=113415 fail-total=0 null-skips-total=0
[11:52:33] [info] flip-probe: flip #1650 ok=true present=3ms inter_flip_ms=38 drawcalls-since-flip=27 drawcalls-total=113675 fail-total=0 null-skips-total=0
[11:52:33] [info] flip-probe: flip #1660 ok=true present=3ms inter_flip_ms=39 drawcalls-since-flip=25 drawcalls-total=113938 fail-total=0 null-skips-total=0
[11:52:34] [info] flip-probe: flip #1670 ok=true present=3ms inter_flip_ms=38 drawcalls-since-flip=24 drawcalls-total=114178 fail-total=0 null-skips-total=0
[11:52:34] [info] flip-probe: flip #1680 ok=true present=3ms inter_flip_ms=39 drawcalls-since-flip=24 drawcalls-total=114418 fail-total=0 null-skips-total=0
[11:52:35] [info] flip-probe: flip #1690 ok=true present=3ms inter_flip_ms=43 drawcalls-since-flip=24 drawcalls-total=114658 fail-total=0 null-skips-total=0
[11:52:35] [info] flip-probe: flip #1700 ok=true present=3ms inter_flip_ms=38 drawcalls-since-flip=24 drawcalls-total=114898 fail-total=0 null-skips-total=0
[11:52:35] [info] alpha audit block 0: 5402 total drawcalls, 0 with alpha<255 (block pct_x10=0; global 0/102405 pct_x10=0); alpha-mod skipped: block=0 global=0
[11:52:35] [info] fastpath audit block 0: taken=5402 (idx8=5402) skipped=0 pct_x10=1000; global taken=102405 (idx8=102405) skipped=0 pct_x10=1000
[11:52:35] [info] primitive tally block 0: clear=201(hr=201) fill=0(hr=0) rect=0(hr=0) line=0(hr=0) tint=0 spotlight=0 (over 100 flips ending at flip 1700)
[11:52:35] [info] color/alpha audit block 0: cmod_white=470 cmod_black=470 (idx=470) cmod_general=0 (idx=0) cmod_fb=0; alpha_taken=0 alpha_skipped=0 (global cmod=11936/10394/693/0 idx=10394/693 alpha=0/0)
[11:52:35] [info] phase timing block 0: drawcalls=6543 dc_total_ms=904 flip_inner_total_ms=745 inter_flip_total_ms=6652 (per-flip avg x10: dc_ms=90 fi_ms=74 if_ms=665 derived audio+engine_ms=501; per-drawcall avg us_x10=1382) [direct-vesa: presents=100 total_ms=290 avg_ms_x10=29 failed=0] [ablation: NO_DC_TIMING=0 CACHE_WINSURF=0 DIRECT_VESA=1]
[11:52:35] [info] kbd/audio block 0: kbd_irq=0 kbd_drain=0 ring_chunks=16 pump_pass=4525 pic1_mask=0xb8 first_irq_ticks=0 install_ticks=0 vector_at_install=0x0083a0a0 pic1_mask_live=0x98 kbd_8042_stat=0x34 bios_kbd_head=0x0026 bios_kbd_tail=0x0026 bios_kbd_buf0=0x3920
[11:52:35] [info] audio/engine split block 0: audio_mixer_calls=206 audio_mixer_ms_x10=17 engine_tick_calls=0 engine_tick_ms_x10=0 audio_service_calls=0 audio_service_ms_x10=0 (per-flip avg; per-call us_x10: audio_mix=8671 engine_tick=0 audio_service=0; global ns: audio_mix=3550184424 engine_tick=8250691434 audio_service=0)
[11:52:35] [info] dirty-rect block @flip=1700: total_calls=0 dirty_rects_avg=1 dirty_pct_x10=1000 forced_full=0 first_n_force=0 threshold_exceeded=0 dirty_path_taken=0 full_flush_taken=0
[11:52:35] [info] prev-frame-diff block @flip=1700: diff_calls=0 diff_rects_avg=0 diff_dirty_pct_x10=0 bbox_pct_x10=0 bbox_thresh_exceeded=0
[11:52:35] [info] flip-probe: flip #1710 ok=true present=3ms inter_flip_ms=35 drawcalls-since-flip=24 drawcalls-total=115138 fail-total=0 null-skips-total=0
[11:52:36] [info] flip-probe: flip #1720 ok=true present=2ms inter_flip_ms=37 drawcalls-since-flip=24 drawcalls-total=115378 fail-total=0 null-skips-total=0
[11:52:36] [info] flip-probe: flip #1730 ok=true present=3ms inter_flip_ms=83 drawcalls-since-flip=343 drawcalls-total=116479 fail-total=0 null-skips-total=0
[11:52:37] [info]  >> Entering stage 11: 'Mimiga Village'.
[11:52:37] [info] [skip-sheet-flush] cave=11
[11:52:37] [info] [load-stage] preloading entry music song=9 (cave=11)
[11:52:38] [info] Organya pre-render: cache HIT MURA (1481280 bytes from CACHE; 1 ch; synth skipped).
[11:52:38] [info] gameloop: entered (curmap=11, running=1)
[11:52:38] [info] gameloop: iter 1 ticks=144645 mapno=-1
[11:52:38] [info] gameloop: iter 2 ticks=144757 mapno=-1
[11:52:38] [info] gameloop: iter 3 ticks=144871 mapno=-1
[11:52:38] [info] flip-probe: flip #1740 ok=true present=3ms inter_flip_ms=101 drawcalls-since-flip=298 drawcalls-total=119724 fail-total=0 null-skips-total=0
[11:52:38] [info] backdrop cache: thrashing-detect engaged (streak=4, route=direct)
[11:52:39] [info] flip-probe: flip #1750 ok=true present=3ms inter_flip_ms=52 drawcalls-since-flip=42 drawcalls-total=120227 fail-total=0 null-skips-total=0
[11:52:39] [info] flip-probe: flip #1760 ok=true present=3ms inter_flip_ms=53 drawcalls-since-flip=44 drawcalls-total=120660 fail-total=0 null-skips-total=0
[11:52:40] [info] flip-probe: flip #1770 ok=true present=3ms inter_flip_ms=55 drawcalls-since-flip=47 drawcalls-total=121111 fail-total=0 null-skips-total=0
[11:52:41] [info] flip-probe: flip #1780 ok=true present=3ms inter_flip_ms=51 drawcalls-since-flip=43 drawcalls-total=121566 fail-total=0 null-skips-total=0
[11:52:41] [info] flip-probe: flip #1790 ok=true present=3ms inter_flip_ms=47 drawcalls-since-flip=43 drawcalls-total=121996 fail-total=0 null-skips-total=0
[11:52:42] [info] flip-probe: flip #1800 ok=true present=3ms inter_flip_ms=54 drawcalls-since-flip=45 drawcalls-total=122451 fail-total=0 null-skips-total=0
[11:52:42] [info] alpha audit block 0: 6513 total drawcalls, 0 with alpha<255 (block pct_x10=0; global 0/108918 pct_x10=0); alpha-mod skipped: block=0 global=0
[11:52:42] [info] fastpath audit block 0: taken=6513 (idx8=6513) skipped=0 pct_x10=1000; global taken=108918 (idx8=108918) skipped=0 pct_x10=1000
[11:52:42] [info] primitive tally block 0: clear=201(hr=201) fill=0(hr=0) rect=0(hr=0) line=0(hr=0) tint=0 spotlight=0 (over 100 flips ending at flip 1800)
[11:52:42] [info] color/alpha audit block 0: cmod_white=975 cmod_black=975 (idx=975) cmod_general=0 (idx=0) cmod_fb=0; alpha_taken=0 alpha_skipped=0 (global cmod=12911/11369/693/0 idx=11369/693 alpha=0/0)
[11:52:42] [info] phase timing block 0: drawcalls=8670 dc_total_ms=1094 flip_inner_total_ms=748 inter_flip_total_ms=6667 (per-flip avg x10: dc_ms=109 fi_ms=74 if_ms=666 derived audio+engine_ms=483; per-drawcall avg us_x10=1261) [direct-vesa: presents=100 total_ms=287 avg_ms_x10=28 failed=0] [ablation: NO_DC_TIMING=0 CACHE_WINSURF=0 DIRECT_VESA=1]
[11:52:42] [info] kbd/audio block 0: kbd_irq=0 kbd_drain=0 ring_chunks=16 pump_pass=4801 pic1_mask=0xb8 first_irq_ticks=0 install_ticks=0 vector_at_install=0x0083a0a0 pic1_mask_live=0x98 kbd_8042_stat=0x34 bios_kbd_head=0x0026 bios_kbd_tail=0x0026 bios_kbd_buf0=0x3920
[11:52:42] [info] audio/engine split block 0: audio_mixer_calls=245 audio_mixer_ms_x10=21 engine_tick_calls=0 engine_tick_ms_x10=0 audio_service_calls=0 audio_service_ms_x10=0 (per-flip avg; per-call us_x10: audio_mix=8694 engine_tick=0 audio_service=0; global ns: audio_mix=3763190847 engine_tick=8250691434 audio_service=0)
[11:52:42] [info] dirty-rect block @flip=1800: total_calls=0 dirty_rects_avg=1 dirty_pct_x10=1000 forced_full=0 first_n_force=0 threshold_exceeded=0 dirty_path_taken=0 full_flush_taken=0
[11:52:42] [info] prev-frame-diff block @flip=1800: diff_calls=0 diff_rects_avg=0 diff_dirty_pct_x10=0 bbox_pct_x10=0 bbox_thresh_exceeded=0
[11:52:42] [info] backdrop cache: thrashing-detect engaged (streak=4, route=direct)
[11:52:42] [info] tas: stall frame 278 ms -> contributing 1 tick (patch 0286)
[11:52:43] [info] flip-probe: flip #1810 ok=true present=3ms inter_flip_ms=55 drawcalls-since-flip=45 drawcalls-total=122901 fail-total=0 null-skips-total=0
[11:52:43] [info] flip-probe: flip #1820 ok=true present=3ms inter_flip_ms=52 drawcalls-since-flip=46 drawcalls-total=123355 fail-total=0 null-skips-total=0
[11:52:44] [info] flip-probe: flip #1830 ok=true present=3ms inter_flip_ms=54 drawcalls-since-flip=45 drawcalls-total=123817 fail-total=0 null-skips-total=0
[11:52:44] [info] flip-probe: flip #1840 ok=true present=3ms inter_flip_ms=53 drawcalls-since-flip=44 drawcalls-total=124260 fail-total=0 null-skips-total=0
[11:52:44] [info] backdrop cache: thrashing-detect engaged (streak=4, route=direct)
[11:52:45] [info] flip-probe: flip #1850 ok=true present=3ms inter_flip_ms=52 drawcalls-since-flip=45 drawcalls-total=124708 fail-total=0 null-skips-total=0
[11:52:45] [info] flip-probe: flip #1860 ok=true present=4ms inter_flip_ms=47 drawcalls-since-flip=21 drawcalls-total=125042 fail-total=0 null-skips-total=0
[11:52:46] [info] flip-probe: flip #1870 ok=true present=3ms inter_flip_ms=45 drawcalls-since-flip=20 drawcalls-total=125245 fail-total=0 null-skips-total=0
[11:52:46] [info] flip-probe: flip #1880 ok=true present=3ms inter_flip_ms=45 drawcalls-since-flip=19 drawcalls-total=125435 fail-total=0 null-skips-total=0
[11:52:47] [info] flip-probe: flip #1890 ok=true present=3ms inter_flip_ms=47 drawcalls-since-flip=19 drawcalls-total=125625 fail-total=0 null-skips-total=0
[11:52:47] [info] flip-probe: flip #1900 ok=true present=3ms inter_flip_ms=54 drawcalls-since-flip=19 drawcalls-total=125815 fail-total=0 null-skips-total=0
[11:52:47] [info] alpha audit block 0: 2549 total drawcalls, 0 with alpha<255 (block pct_x10=0; global 0/111467 pct_x10=0); alpha-mod skipped: block=0 global=0
[11:52:47] [info] fastpath audit block 0: taken=2549 (idx8=2549) skipped=0 pct_x10=1000; global taken=111467 (idx8=111467) skipped=0 pct_x10=1000
[11:52:47] [info] primitive tally block 0: clear=200(hr=200) fill=0(hr=0) rect=0(hr=0) line=0(hr=0) tint=0 spotlight=0 (over 100 flips ending at flip 1900)
[11:52:47] [info] color/alpha audit block 0: cmod_white=715 cmod_black=715 (idx=715) cmod_general=0 (idx=0) cmod_fb=0; alpha_taken=0 alpha_skipped=0 (global cmod=13626/12084/693/0 idx=12084/693 alpha=0/0)
[11:52:47] [info] phase timing block 0: drawcalls=4189 dc_total_ms=757 flip_inner_total_ms=727 inter_flip_total_ms=5582 (per-flip avg x10: dc_ms=75 fi_ms=72 if_ms=558 derived audio+engine_ms=411; per-drawcall avg us_x10=1808) [direct-vesa: presents=100 total_ms=286 avg_ms_x10=28 failed=0] [ablation: NO_DC_TIMING=0 CACHE_WINSURF=0 DIRECT_VESA=1]
[11:52:47] [info] kbd/audio block 0: kbd_irq=0 kbd_drain=0 ring_chunks=16 pump_pass=5068 pic1_mask=0xb8 first_irq_ticks=0 install_ticks=0 vector_at_install=0x0083a0a0 pic1_mask_live=0x98 kbd_8042_stat=0x34 bios_kbd_head=0x0026 bios_kbd_tail=0x0026 bios_kbd_buf0=0x3920
[11:52:47] [info] audio/engine split block 0: audio_mixer_calls=239 audio_mixer_ms_x10=20 engine_tick_calls=0 engine_tick_ms_x10=0 audio_service_calls=0 audio_service_ms_x10=0 (per-flip avg; per-call us_x10: audio_mix=8742 engine_tick=0 audio_service=0; global ns: audio_mix=3972145908 engine_tick=8250691434 audio_service=0)
[11:52:47] [info] dirty-rect block @flip=1900: total_calls=0 dirty_rects_avg=1 dirty_pct_x10=1000 forced_full=0 first_n_force=0 threshold_exceeded=0 dirty_path_taken=0 full_flush_taken=0
[11:52:47] [info] prev-frame-diff block @flip=1900: diff_calls=0 diff_rects_avg=0 diff_dirty_pct_x10=0 bbox_pct_x10=0 bbox_thresh_exceeded=0
[11:52:47] [info] backdrop cache: thrashing-detect engaged (streak=64, route=direct)
[11:52:48] [info] flip-probe: flip #1910 ok=true present=3ms inter_flip_ms=50 drawcalls-since-flip=19 drawcalls-total=126005 fail-total=0 null-skips-total=0
[11:52:48] [info] run_tick_fixed #5100: heartbeat (loop alive)
[11:52:48] [info] flip-probe: flip #1920 ok=true present=3ms inter_flip_ms=49 drawcalls-since-flip=60 drawcalls-total=126441 fail-total=0 null-skips-total=0
[11:52:49] [info] flip-probe: flip #1930 ok=true present=3ms inter_flip_ms=49 drawcalls-since-flip=60 drawcalls-total=127041 fail-total=0 null-skips-total=0
[11:52:49] [info] flip-probe: flip #1940 ok=true present=3ms inter_flip_ms=49 drawcalls-since-flip=60 drawcalls-total=127641 fail-total=0 null-skips-total=0
[11:52:50] [info] tas: end-of-replay auto-exit at tick 5140 (recording exhausted; set DOSKUTSU_TAS_REPLAY_HOLD=1 to disable + observe steady-state past recording end)
[11:52:50] [info] Script engine shutdown.
[11:52:50] [info] Sound system shutdown
[11:52:50] [info] Renderer::Close()
[11:52:50] [info] tas: replay file closed
[11:52:50] [info] [fps-true] flips=1948 render_s=152 fps_mean=12.8 (clock-independent: flips / seconds since the FIRST flip; use THIS for the fps matrix, not inter_flip medians, which are invalid in any cell running the PIT/IRQ-0 music pump)
[RUNMANIFEST-BEGIN]
schema_version=1
environment=realhw
binary_sha12=f8d446b4b0e0
wave_tag=6111
scene=
env_block_sha=fe368603a9f9
started_utc=2026-11-19T04:54:43Z
duration_s=167
exit_code=0
fps_p50=NA
fps_p95=NA
audio_vital_status=NA
regime=NA
banner_required_hit=0
banner_required_total=0
banner_forbidden_hit=0
banner_optional_hit=0
critical_count=0
warn_count=0
[RUNMANIFEST-END]
[11:52:50] [info] [runmanifest-emit] schema=v1 env=realhw sha12=f8d446b4b0e0 dur=167s tag='6111' scene='' env_sha=fe368603a9f9 (signals=0x4)
