Logger::init: wave-53 log level=INFO path='LOGS/616.LOG'
[11:41:54] [info] config: loaded DOSKUTSU.CFG (1 keys)
[11:41:54] [info] tas: PRNG seed forced to 12345 via DOSKUTSU_TAS_PRNG_SEED
[11:41:54] [info] tas: auto-exit armed at tick 30000 via DOSKUTSU_TAS_AUTO_EXIT_TICK
[11:41:54] [info] tas: replay opened path='QA.TAS' header_seed=12345
[11:41:55] [info] data cache: DISABLED (default)
[11:41:55] [info] Joystick: skipped (default; set DOSKUTSU_USE_JOYSTICK=1 to enable -- skips SDL3-DOS gameport BIOS INT 15h polling, ~82 ms / flip on real HW)
[11:41:55] [info] Loading settings...
[11:41:55] [info] [input-bind] applied=0 invert_y=0 dos_axes=1
[11:41:55] [info] Renderer::initVideo: 8bpp mode requested via SDL_HINT_DOS_MAX_BPP=8 (wave 16); SDL3-DOS will pick the highest-bpp <= 8 mode at requested resolution
[11:41:55] [info] Renderer::initVideo: DOS resolution-label lock ENABLED (default)
[11:41:56] [info] Renderer::initVideo: using: software renderer
[11:41:58] [info] Renderer::initVideo: dirty-rect tracking ENABLED (wave 15, default ON; set SDL_HINT_DOSKUTSU_DIRTY_RECTS=0 to disable)
[11:41:58] [info] Renderer::initVideo: ablation flags: NO_DC_TIMING=0 CACHE_WINSURF=0 NO_INPUT_POLL=0 DIRECT_VESA=1
[11:41:58] [info] Renderer::initVideo: direct-VESA hot path ENABLED (default since wave 20 patch 0088; bypasses SDL_RenderPresent / SDL_UpdateWindowSurface and writes via SDL/0034's PresentFull helper; R2 mitigation handled by SDL/0034 generation counter -- no per-N-flip heartbeat needed; set SDL_HINT_DOSKUTSU_DIRECT_VESA=0 to revert)
[11:41:58] [info] Renderer::initVideo: flip-phase instrumentation DISABLED (default; set SDL_HINT_DOSKUTSU_FLIP_INSTR=1 to opt in for wave-20 Lever A diagnostic)
[11:41:58] [info] Renderer::initVideo: asm opaque-span blit lever DISABLED (default; set SDL_HINT_DOSKUTSU_ASM_BLIT=1 to opt in -- wave-51 _blit_indexed colorkey-blit lever)
[11:41:58] [info] Renderer::initVideo: blit-decomp instrumentation DISABLED (default; set SDL_HINT_DOSKUTSU_BLIT_DECOMP=1 to opt in -- wave-51 _blit_indexed sub-decomp sizing)
[11:41:58] [info] Renderer::initVideo: mds-scroll-decomp instrumentation DISABLED (default; set SDL_HINT_DOSKUTSU_MDS_DECOMP=1 to opt in -- wave-52 mode_draw_scene scrolling-block decomp)
[11:41:58] [info] Renderer::initVideo: DOSVESA pump yield: skipped (default) (per-flip explicit SDL_Delay(0) yield is always on; set SDL_HINT_DOSKUTSU_FORCE_PUMP_YIELD=1 to restore old per-pump yield)
[11:41:58] [info] Renderer::initVideo: indexed-mode (8bpp) ENABLED -- master palette + 107 per-asset remap LUTs loaded (wave 16, default ON; set SDL_HINT_DOSKUTSU_PIXEL_FORMAT_8=0 to disable)
[11:41:58] [info] Renderer::initVideo: master palette attached to window surface (format=SDL_PIXELFORMAT_INDEX8, ncolors=256)
[11:41:58] [info] Renderer::initVideo: indexed-mode smoke: idx0=(0,0,0) OK idx255=(255,0,255) OK
[11:41:58] [info] Renderer::initVideo: indexed-mode smoke: paletteRemapFor('MyChar.pbm') = present
[11:41:59] [info] Surface::loadImage palmap-diag #1: 'data/Loading.pbm' fmt=SDL_PIXELFORMAT_ABGR8888 remap=HIT -> path=truecolor
[11:41:59] [info] Renderer: prev-frame diff DISABLED (default since wave 17.6; set SDL_HINT_DOSKUTSU_PREVFRAME_DIFF=1 to opt in)
[11:41:59] [info] flip-probe: renderer=software window_ptr=8809144 colorspace=301991328 window_size=320x240 framebuffer_pixels=320x240 logical_present=320x240 mode=2
[11:41:59] [info] flip-probe: first flip ok=true present=47ms inter_flip_ms=0 drawcalls-since-flip=1 drawcalls-total=1
[11:41:59] [info] Sound system init
[11:41:59] [info] Sound system: 4-state audio enable (#31) -- music=on sfx=on (MUSIC_OFF/AUDIO_BACKEND=none -> music-off; SFX_OFF/SFX_DEVICE=none -> sfx-off; both gates are dispatch-level, the device still opens; AUDIO_OFF=1 is the device-level both-off).
[11:41:59] [info] Sound system: Tier-2 audio config (default since wave 21 patch 0093; 11025 Hz, 1 channel, buffer pinned to 256 frames). Measured savings on g2k Pentium OverDrive 83 MHz (W21A): heavy-music scenes ~+11 fps vs Tier-1 baseline (measured -10 to -15 ms/flip post-0094 audio fix; W21A's pre-fix -26.6 ms figure was inflated by stereo-vs-mono playback bug, see patch 0094). Audio quality is reduced vs Tier-1 (mono, 11025 Hz, simple-average L+R downmix) but recognizable; user accepted the trade per direction 2026-05-05. Set SDL_HINT_DOSKUTSU_AUDIO_TIER2=0 to revert to Tier-1 22050 stereo (full Cave Story 2004 audio quality; trades fps for fidelity).
[11:41:59] [info] Sound system: SDL_HINT_AUDIO_DEVICE_SAMPLE_FRAMES=256
[11:41:59] [info] Pixtone IRQ rate-divider: handed master_rate=11025 int16/s (SAMPLE_RATE=11025 x AUDIO_CHANNELS=1) to SDL for auto-RATEDIV (SDL/0074 computes shift_div from the resolved device freq).
[11:41:59] [info] Sound system: device frame-rate: requesting 11025 Hz match to master (SDL_DOSAudioSetDeviceFrameRate; SB16 opens at the engine frame rate instead of SDL's 44100 floor -- 4x less PCM/s + no resampler on the Organya/Pixtone path; killswitch SDL_HINT_DOSKUTSU_DOS_AUDIO_DEVICE_RATE_DEFAULT=0).
[11:41:59] [info] audio backend: opl3 (default since wave 46 patch 0139; +8.77 fps vs organya at Mimiga BK_PARALLAX per WAVE-44-OPL3-LOG-ANALYSIS; operator perceptual preference). Probes OPL3 via Adlib timer-1 sequence at SoundManager::init; on probe failure falls back gracefully to organya. Override via SDL_HINT_DOSKUTSU_AUDIO_BACKEND=organya for Cave Story 2004 original synth. Pixtone SFX continues on SB16 DAC unchanged.
[11:41:59] [info] wave-13.6.1: ring_chunks=16 FORCE_PUMP_YIELD=off (set SDL_HINT_DOSKUTSU_AUDIO_RING_CHUNKS=4|8|16 to override; default 16 matches wave 13.6 behaviour)
[11:41:59] [info] MidiScheduler: MIDI source = 'orgmid2' (native-GM org2mid set; resolves to data/orgmid2/<name>.mid).
[11:41:59] [info] opl3 backend probing for OPL3 chip (Adlib timer-1 sequence)...
[11:41:59] [info] opl3 backend: opl3bank.dat loaded 128 programs from 'data/opl3bank.dat' (v1; 1536 bytes payload). Per-program GM patches now use the runtime bank; programs >= 128 fall back to 8-patch family bucket. Drum channel (MIDI ch 9) unchanged (uses PATCH_DRUM regardless of bank loading).
[11:41:59] [info] opl3 backend ready (OPL3 detected via Adlib timer-1; InitChip applied 18 x 2-op layout; voice allocator armed). Patch bank state: runtime opl3bank.dat ACTIVE (loaded_count=128; programs >= loaded_count fall back to 8-patch placeholder covering GM family categories piano/mallet/organ/guitar/strings/brass/reed/pad). Phase 10.5 path: ship a fuller community bank as data/opl3bank.dat (DOPL3v1 format; 12-byte SBI records per GM program; loader at MidiBackendOpl3 ctor).
[11:42:00] [info] opl3 backend: PATCH_ORGAN + PATCH_MALLET RR=8 (medium release; wub-wub fix per patch 0171; was RR=0 in slot 0103 placeholder -- KEY-OFF couldn't silence; H6 reg 0xBD wave-47 falsified; H1+H5/RR=0 byte-level bug root per WAVE-46/47 analysis)
[11:42:00] [info] Sound system: MidiScheduler armed with MidiBackendOpl3 (patch 0103 Phase 10 Stage 4). Music dispatch routes via SMF parser + 18 x 2-op OPL3 voice allocator + small inline patch bank (community-sourced from Apogee Sound System / AdLib SBI public-domain refs). Pixtone SFX still active on SB16 DAC.
[11:42:00] [info] Sound system: idle-pause skipped (default OFF since patch 0119; backend=opl3 would qualify but operator did not opt-in via SDL_HINT_DOSKUTSU_IDLE_PAUSE=1). DSP stays in continuous-stream mode. Re-enable for an A/B iter once SDL/0037 ForcePause non-engagement is rooted out (task #17).
[11:42:00] [warn] Music dir Ogg/ doesn't exist
[11:42:00] [warn] Music dir Ogg11/ doesn't exist
[11:42:00] [warn] Music dir Ogg17/ doesn't exist
[11:42:00] [warn] Music dir Ogg_ridic/ doesn't exist
[11:42:00] [info] Loading Sound FX...
[11:42:00] [info] [pxt-cache] init(): HIT (loaded cache; render skipped)
[11:42:09] [info] Organya init...
[11:42:10] [info] Organya init done
[11:42:23] [info] gus SFX gain [nx0259]: 70% (SDL_HINT_DOSKUTSU_GUS_SFX_GAIN; scales the GF1 SFX voice volume to balance against velocity/CC-scaled GUS music; default 70, clamp 0..150).
[11:42:23] [info] pixtone IRQ-mix: ENABLED (default; SDL backend engaged; set SDL_HINT_DOSKUTSU_PIXTONE_IRQ_MIX=0 to disable)
[11:42:23] [info] Pixtone::setVolume: L3 active -- mid-play SFX volume updates are no-op in v1 (v2 candidate: SDL_DOSPixtoneSetGain API). gain_x256=256 stored for subsequent SDL_DOSPixtoneStart calls; currently-playing L3 channels unaffected.
[11:42:23] [info] midi ISR tick: engine registered tick_isr callback (L2b active; default ON; set SDL_HINT_DOSKUTSU_MIDI_ISR_TICK=0 to disable)
[11:42:23] [info] menu slide-in fixed-timestep: ENABLED (default; slide advances at 50 Hz logic rate)
[11:42:23] [info] Reading npc.tbl...
[11:42:23] [info] Loading tilekey.dat.
[11:42:23] [info] Script engine init.
[11:42:23] [info] Entering main loop...
[11:42:23] [info] audio mid-gap pump: DISABLED (default)
[11:42:23] [info] TAS fixed-timestep guard: ENABLED (default) (patch 0280; load_stage wall-clock kept out of the FT accumulator so TAS replay advances at a true 50 Hz; set SDL_HINT_DOSKUTSU_TAS_FT_GUARD=0 to disable)
[11:42:23] [info] load_stage ring+DMA silence flush: ENABLED (default) (set SDL_HINT_DOSKUTSU_LOADSTAGE_SILENCE=0 to disable)
[11:42:23] [info] load-band audio-underrun probe: DISABLED (default) (opt-in SDL_HINT_DOSKUTSU_LOADBAND_STAT=1)
[11:42:23] [info]  >> Entering stage 72: 'u'.
[11:42:23] [info] skip sheet flush: ENABLED (default) (SFXPAUSE-012 SHIPPED FIX; sprite sheets stay resident across caves so no per-cave re-decode -> no fire-frame pause; map_flush_graphics tilemap cache still flushes; set SDL_HINT_DOSKUTSU_SKIP_SHEET_FLUSH=0 to restore the old per-cave flush)
[11:42:23] [info] [skip-sheet-flush] cave=1
[11:42:23] [info] eager action sheets: ENABLED (default) (first-fire hitch fix: pre-loads the weapon bullet + hit/muzzle/trail caret sheets at stage load so the first fire/impact does not lazy-decode mid-gameplay; set SDL_HINT_DOSKUTSU_EAGER_ACTION_SHEETS=0 to restore lazy load)
[11:42:23] [info] Surface::loadImage palmap-diag #2: 'data/Bullet.pbm' fmt=SDL_PIXELFORMAT_ABGR8888 remap=HIT -> path=truecolor
[11:42:24] [info] Surface::loadImage palmap-diag #3: 'data/Arms.pbm' fmt=SDL_PIXELFORMAT_ABGR8888 remap=HIT -> path=truecolor
[11:42:24] [info] Surface::loadImage palmap-diag #4: 'data/Caret.pbm' fmt=SDL_PIXELFORMAT_ABGR8888 remap=HIT -> path=truecolor
[11:42:24] [info] Surface::loadImage palmap-diag #5: 'data/Npc/NpcSym.pbm' fmt=SDL_PIXELFORMAT_ABGR8888 remap=HIT -> path=truecolor
[11:42:25] [info] [eager-action-sheets] cave=1 sheets=4 wall_ms=1412
[11:42:25] [info] Surface::loadImage palmap-diag #6: 'data/Stage/PrtWhite.pbm' fmt=SDL_PIXELFORMAT_ABGR8888 remap=HIT -> path=truecolor
[11:42:25] [info] load_stage: entry-music preload ENABLED (default) (set SDL_HINT_DOSKUTSU_PRELOAD_STAGE_MUSIC=0 to disable)
[11:42:25] [info] Surface::loadImage palmap-diag #7: 'data/bk0.pbm' fmt=SDL_PIXELFORMAT_ABGR8888 remap=HIT -> path=truecolor
[11:42:25] [info] gameloop: entered (curmap=72, running=1)
[11:42:25] [info] gameloop: iter 1 ticks=31147 mapno=-1
[11:42:25] [info] fixed-timestep: ENABLED (default; logic 50 Hz, decoupled from render)
[11:42:25] [info] map: BG skip-when-unchanged DISABLED (default) (set SDL_HINT_DOSKUTSU_BG_SKIP_WHEN_UNCHANGED=1 to enable; default OFF since wave-61 -- abandoned, it shipped a backdrop-black flicker and its +0.87 fps was below the noise floor)
[11:42:25] [info] map: skip-redundant-clear lever ENABLED (default since wave-53 promotion)
[11:42:25] [info] perf-mode: level=0 (faithful (default))
[11:42:26] [info] Surface::loadImage palmap-diag #8: 'data/Npc/NpcKings.pbm' fmt=SDL_PIXELFORMAT_ABGR8888 remap=HIT -> path=truecolor
[11:42:26] [info] audio tick-boundary pump: DISABLED (default)
[11:42:26] [info] gameloop: iter 2 ticks=31542 mapno=-1
[11:42:26] [info] gameloop: iter 3 ticks=31601 mapno=-1
[11:42:26] [info] direct-vesa: snapshot @gen=2 use_dosmemput=0 banked_multibank=0 pitches_match=1 vram_w=320 vram_h=240 vram_pitch=320 bpp=1 fb_size=76800 vram_phys=0x78000000 vram_ptr=0x77c00000
[11:42:26] [info] flip-probe: flip #10 ok=true present=3ms inter_flip_ms=33 drawcalls-since-flip=6 drawcalls-total=43 fail-total=0 null-skips-total=0
[11:42:26] [info] flip-probe: flip #20 ok=true present=3ms inter_flip_ms=33 drawcalls-since-flip=4 drawcalls-total=92 fail-total=0 null-skips-total=0
[11:42:27] [info] flip-probe: flip #30 ok=true present=3ms inter_flip_ms=69 drawcalls-since-flip=326 drawcalls-total=2707 fail-total=0 null-skips-total=0
[11:42:28] [info] flip-probe: flip #40 ok=true present=3ms inter_flip_ms=62 drawcalls-since-flip=264 drawcalls-total=5837 fail-total=0 null-skips-total=0
[11:42:28] [info] flip-probe: flip #50 ok=true present=3ms inter_flip_ms=39 drawcalls-since-flip=67 drawcalls-total=7392 fail-total=0 null-skips-total=0
[11:42:29] [info] flip-probe: flip #60 ok=true present=4ms inter_flip_ms=31 drawcalls-since-flip=4 drawcalls-total=7502 fail-total=0 null-skips-total=0
[11:42:29] [info] flip-probe: flip #70 ok=true present=3ms inter_flip_ms=31 drawcalls-since-flip=6 drawcalls-total=7557 fail-total=0 null-skips-total=0
[11:42:29] [info] flip-probe: flip #80 ok=true present=3ms inter_flip_ms=20 drawcalls-since-flip=0 drawcalls-total=7586 fail-total=0 null-skips-total=0
[11:42:29] [info] flip-probe: flip #90 ok=true present=3ms inter_flip_ms=19 drawcalls-since-flip=0 drawcalls-total=7586 fail-total=0 null-skips-total=0
[11:42:29] [info] gameloop: iter 600 ticks=35158 mapno=-1
[11:42:30] [info] title: eager-title-IO phase tag ENABLED (default) (set SDL_HINT_DOSKUTSU_EAGER_TITLE_IO=0 to disable)
[11:42:30] [warn] MidiScheduler::_refresh_isr_buffer: track has 27749 events; ISR buffer is 16384 (truncated; events after 16384 will not dispatch under L2b ON -- the engine-thread tick() path still uses _events directly under L2b OFF)
[11:42:30] [info] MidiScheduler::load: parsed 'data/orgmid2/curly.mid' = 27749 events at 48 PPQ
[11:42:30] [info] opl3 backend: on_song_start
[11:42:31] [info] gameloop: entered (curmap=1005, running=1)
[11:42:31] [info] gameloop: iter 1 ticks=36423 mapno=-1
[11:42:31] [info] map: backdrop cache ENABLED (default) (set SDL_HINT_DOSKUTSU_BACKDROP_CACHE=0 to disable)
[11:42:32] [info] gameloop: iter 2 ticks=37214 mapno=-1
[11:42:32] [info] gameloop: iter 3 ticks=37253 mapno=-1
[11:42:32] [info] backdrop cache: thrashing-detect engaged (streak=4, route=direct)
[11:42:32] [info] flip-probe: flip #100 ok=true present=3ms inter_flip_ms=35 drawcalls-since-flip=75 drawcalls-total=7886 fail-total=0 null-skips-total=0
[11:42:32] [info] alpha audit block 0: 7798 total drawcalls, 0 with alpha<255 (block pct_x10=0; global 0/7798 pct_x10=0); alpha-mod skipped: block=0 global=0
[11:42:32] [info] fastpath audit block 0: taken=7798 (idx8=7798) skipped=0 pct_x10=1000; global taken=7798 (idx8=7798) skipped=0 pct_x10=1000
[11:42:32] [info] primitive tally block 0: clear=220(hr=220) fill=0(hr=0) rect=0(hr=0) line=0(hr=0) tint=0 spotlight=0 (over 100 flips ending at flip 100)
[11:42:32] [info] color/alpha audit block 0: cmod_white=104 cmod_black=0 (idx=0) cmod_general=84 (idx=84) cmod_fb=0; alpha_taken=0 alpha_skipped=0 (global cmod=104/0/84/0 idx=0/84 alpha=0/0)
[11:42:32] [info] phase timing block 0: drawcalls=8209 dc_total_ms=1443 flip_inner_total_ms=585 inter_flip_total_ms=32680 (per-flip avg x10: dc_ms=144 fi_ms=58 if_ms=3268 derived audio+engine_ms=3066; per-drawcall avg us_x10=1758) [direct-vesa: presents=97 total_ms=286 avg_ms_x10=29 failed=0] [ablation: NO_DC_TIMING=0 CACHE_WINSURF=0 DIRECT_VESA=1]
[11:42:32] [info] kbd/audio block 0: kbd_irq=0 kbd_drain=0 ring_chunks=16 pump_pass=99 pic1_mask=0xb8 first_irq_ticks=0 install_ticks=0 vector_at_install=0x0084a008 pic1_mask_live=0x98 kbd_8042_stat=0x34 bios_kbd_head=0x0026 bios_kbd_tail=0x0026 bios_kbd_buf0=0x3920
[11:42:32] [info] audio/engine split block 0: audio_mixer_calls=0 audio_mixer_ms_x10=0 engine_tick_calls=99 engine_tick_ms_x10=533 audio_service_calls=0 audio_service_ms_x10=0 (per-flip avg; per-call us_x10: audio_mix=0 engine_tick=539276 audio_service=0; global ns: audio_mix=0 engine_tick=5338834883 audio_service=0)
[11:42:32] [info] pixtone multi-source probe: DISABLED (default)
[11:42:32] [info] dirty-rect block @flip=100: total_calls=0 dirty_rects_avg=0 dirty_pct_x10=990 forced_full=0 first_n_force=3 threshold_exceeded=2 dirty_path_taken=0 full_flush_taken=3
[11:42:32] [info] prev-frame-diff block @flip=100: diff_calls=0 diff_rects_avg=0 diff_dirty_pct_x10=0 bbox_pct_x10=0 bbox_thresh_exceeded=0
[11:42:32] [info] flip-probe: flip #110 ok=true present=3ms inter_flip_ms=29 drawcalls-since-flip=75 drawcalls-total=8636 fail-total=0 null-skips-total=0
[11:42:32] [info] flip-probe: flip #120 ok=true present=3ms inter_flip_ms=28 drawcalls-since-flip=75 drawcalls-total=9386 fail-total=0 null-skips-total=0
[11:42:33] [info] flip-probe: flip #130 ok=true present=3ms inter_flip_ms=19 drawcalls-since-flip=0 drawcalls-total=9986 fail-total=0 null-skips-total=0
[11:42:33] [info] Loading profile from profile.dat
[11:42:33] [error] profile_load: unable to open 'profile.dat'
[11:42:33] [info] Loading profile from profile2.dat
[11:42:33] [error] profile_load: unable to open 'profile2.dat'
[11:42:33] [info] Loading profile from profile3.dat
[11:42:33] [info] Loading profile from profile4.dat
[11:42:33] [error] profile_load: unable to open 'profile4.dat'
[11:42:33] [info] Loading profile from profile5.dat
[11:42:33] [info] flip-probe: flip #140 ok=true present=3ms inter_flip_ms=50 drawcalls-since-flip=214 drawcalls-total=10842 fail-total=0 null-skips-total=0
[11:42:34] [info] flip-probe: flip #150 ok=true present=3ms inter_flip_ms=50 drawcalls-since-flip=214 drawcalls-total=12982 fail-total=0 null-skips-total=0
[11:42:34] [info] Writing settings...
[11:42:34] [info] flip-probe: flip #160 ok=true present=3ms inter_flip_ms=21 drawcalls-since-flip=0 drawcalls-total=13846 fail-total=0 null-skips-total=0
[11:42:34] [info] flip-probe: flip #170 ok=true present=3ms inter_flip_ms=20 drawcalls-since-flip=0 drawcalls-total=13846 fail-total=0 null-skips-total=0
[11:42:34] [info] gameloop: iter 600 ticks=40141 mapno=-1
[11:42:34] [info] opl3 backend: on_song_stop
[11:42:34] [info] Loading profile from profile5.dat
[11:42:34] [info]  >> Entering stage 20: 'Save Point'.
[11:42:34] [info] [skip-sheet-flush] cave=2
[11:42:35] [info] MidiScheduler::load: parsed 'data/orgmid2/mura.mid' = 7123 events at 48 PPQ
[11:42:35] [info] opl3 backend: on_song_start
[11:42:35] [info] gameloop: entered (curmap=20, running=1)
[11:42:35] [info] gameloop: iter 1 ticks=41182 mapno=-1
[11:42:35] [info] TAS stall discount: ENABLED (default) (patch 0286; a replay frame over 150 ms is a load, not slow rendering, so it contributes 1 tick instead of its wall-clock; set SDL_HINT_DOSKUTSU_TAS_STALL_DISCOUNT=0 to disable)
[11:42:35] [info] TAS accumulator clamp: DISABLED (default) (patch 0281; caps the FT accumulator delta at one tick during TAS so a stalled frame cannot race the replay index; set SDL_HINT_DOSKUTSU_TAS_FT_GUARD=0 to disable)
[11:42:36] [info] gameloop: iter 2 ticks=41227 mapno=-1
[11:42:36] [info] gameloop: iter 3 ticks=41266 mapno=-1
[11:42:36] [info] flip-probe: flip #180 ok=true present=3ms inter_flip_ms=31 drawcalls-since-flip=17 drawcalls-total=13971 fail-total=0 null-skips-total=0
[11:42:36] [info] flip-probe: flip #190 ok=true present=3ms inter_flip_ms=31 drawcalls-since-flip=17 drawcalls-total=14141 fail-total=0 null-skips-total=0
[11:42:36] [info] flip-probe: flip #200 ok=true present=3ms inter_flip_ms=31 drawcalls-since-flip=17 drawcalls-total=14311 fail-total=0 null-skips-total=0
[11:42:36] [info] alpha audit block 0: 5788 total drawcalls, 0 with alpha<255 (block pct_x10=0; global 0/13586 pct_x10=0); alpha-mod skipped: block=0 global=0
[11:42:36] [info] fastpath audit block 0: taken=5788 (idx8=5788) skipped=0 pct_x10=1000; global taken=13586 (idx8=13586) skipped=0 pct_x10=1000
[11:42:36] [info] primitive tally block 0: clear=201(hr=201) fill=0(hr=0) rect=0(hr=0) line=0(hr=0) tint=0 spotlight=0 (over 100 flips ending at flip 200)
[11:42:36] [info] color/alpha audit block 0: cmod_white=1438 cmod_black=0 (idx=0) cmod_general=609 (idx=609) cmod_fb=0; alpha_taken=0 alpha_skipped=0 (global cmod=1542/0/693/0 idx=0/693 alpha=0/0)
[11:42:36] [info] phase timing block 0: drawcalls=8036 dc_total_ms=1314 flip_inner_total_ms=484 inter_flip_total_ms=4650 (per-flip avg x10: dc_ms=131 fi_ms=48 if_ms=465 derived audio+engine_ms=286; per-drawcall avg us_x10=1635) [direct-vesa: presents=100 total_ms=289 avg_ms_x10=28 failed=0] [ablation: NO_DC_TIMING=0 CACHE_WINSURF=0 DIRECT_VESA=1]
[11:42:36] [info] kbd/audio block 0: kbd_irq=0 kbd_drain=0 ring_chunks=16 pump_pass=212 pic1_mask=0xb8 first_irq_ticks=0 install_ticks=0 vector_at_install=0x0084a008 pic1_mask_live=0x98 kbd_8042_stat=0x34 bios_kbd_head=0x0026 bios_kbd_tail=0x0026 bios_kbd_buf0=0x3920
[11:42:36] [info] audio/engine split block 0: audio_mixer_calls=0 audio_mixer_ms_x10=0 engine_tick_calls=76 engine_tick_ms_x10=207 audio_service_calls=0 audio_service_ms_x10=0 (per-flip avg; per-call us_x10: audio_mix=0 engine_tick=272463 audio_service=0; global ns: audio_mix=0 engine_tick=7409554295 audio_service=0)
[11:42:36] [info] dirty-rect block @flip=200: total_calls=0 dirty_rects_avg=1 dirty_pct_x10=1000 forced_full=0 first_n_force=0 threshold_exceeded=0 dirty_path_taken=0 full_flush_taken=0
[11:42:36] [info] prev-frame-diff block @flip=200: diff_calls=0 diff_rects_avg=0 diff_dirty_pct_x10=0 bbox_pct_x10=0 bbox_thresh_exceeded=0
[11:42:37] [info] flip-probe: flip #210 ok=true present=3ms inter_flip_ms=32 drawcalls-since-flip=17 drawcalls-total=14481 fail-total=0 null-skips-total=0
[11:42:37] [info] flip-probe: flip #220 ok=true present=3ms inter_flip_ms=32 drawcalls-since-flip=17 drawcalls-total=14651 fail-total=0 null-skips-total=0
[11:42:37] [info] flip-probe: flip #230 ok=true present=3ms inter_flip_ms=31 drawcalls-since-flip=17 drawcalls-total=14821 fail-total=0 null-skips-total=0
[11:42:38] [info] flip-probe: flip #240 ok=true present=3ms inter_flip_ms=73 drawcalls-since-flip=358 drawcalls-total=17585 fail-total=0 null-skips-total=0
[11:42:38] [info]  >> Entering stage 11: 'Mimiga Village'.
[11:42:38] [info] [skip-sheet-flush] cave=3
[11:42:38] [info] [load-stage] preloading entry music song=9 (cave=3)
[11:42:39] [info] gameloop: entered (curmap=11, running=1)
[11:42:39] [info] gameloop: iter 1 ticks=44276 mapno=-1
[11:42:39] [info] map: mds_clear LUT ENABLED (default) (set SDL_HINT_DOSKUTSU_MDS_CLEAR_LUT=0 to disable; default ON; patch 0144 wave-49 bandwidth lever)
[11:42:39] [info] mds-clear-lut: rebuilt N=240 entries (k_skip=0% k_keep=100%; curmap=11 map_size=60x60; rebuild #1 since boot)
[11:42:39] [info] backdrop thrash full-cover ENABLED (default) (set SDL_HINT_DOSKUTSU_THRASH_FULLCOVER=0 to disable)
[11:42:39] [info] [bd-diag] backdrop render-path diag disabled (default) (set SDL_HINT_DOSKUTSU_BACKDROP_DIAG=1 to enable)
[11:42:39] [info] gameloop: iter 2 ticks=44781 mapno=-1
[11:42:39] [info] tas: stall frame 506 ms -> contributing 1 tick (patch 0286)
[11:42:39] [info] gameloop: iter 3 ticks=44885 mapno=-1
[11:42:40] [info] backdrop cache: thrashing-detect engaged (streak=4, route=direct)
[11:42:40] [info] flip-probe: flip #250 ok=true present=3ms inter_flip_ms=46 drawcalls-since-flip=44 drawcalls-total=20100 fail-total=0 null-skips-total=0
[11:42:40] [info] flip-probe: flip #260 ok=true present=3ms inter_flip_ms=46 drawcalls-since-flip=43 drawcalls-total=20508 fail-total=0 null-skips-total=0
[11:42:41] [info] backdrop cache: thrashing-detect engaged (streak=4, route=direct)
[11:42:41] [info] flip-probe: flip #270 ok=true present=3ms inter_flip_ms=45 drawcalls-since-flip=46 drawcalls-total=20965 fail-total=0 null-skips-total=0
[11:42:41] [info] flip-probe: flip #280 ok=true present=3ms inter_flip_ms=46 drawcalls-since-flip=43 drawcalls-total=21402 fail-total=0 null-skips-total=0
[11:42:42] [info] flip-probe: flip #290 ok=true present=3ms inter_flip_ms=44 drawcalls-since-flip=43 drawcalls-total=21832 fail-total=0 null-skips-total=0
[11:42:42] [info] flip-probe: flip #300 ok=true present=3ms inter_flip_ms=46 drawcalls-since-flip=43 drawcalls-total=22262 fail-total=0 null-skips-total=0
[11:42:42] [info] alpha audit block 0: 7125 total drawcalls, 0 with alpha<255 (block pct_x10=0; global 0/20711 pct_x10=0); alpha-mod skipped: block=0 global=0
[11:42:42] [info] fastpath audit block 0: taken=7125 (idx8=7125) skipped=0 pct_x10=1000; global taken=20711 (idx8=20711) skipped=0 pct_x10=1000
[11:42:42] [info] primitive tally block 0: clear=201(hr=201) fill=0(hr=0) rect=0(hr=0) line=0(hr=0) tint=0 spotlight=0 (over 100 flips ending at flip 300)
[11:42:42] [info] color/alpha audit block 0: cmod_white=767 cmod_black=767 (idx=767) cmod_general=0 (idx=0) cmod_fb=0; alpha_taken=0 alpha_skipped=0 (global cmod=2309/767/693/0 idx=767/693 alpha=0/0)
[11:42:42] [info] phase timing block 0: drawcalls=8870 dc_total_ms=1195 flip_inner_total_ms=493 inter_flip_total_ms=5817 (per-flip avg x10: dc_ms=119 fi_ms=49 if_ms=581 derived audio+engine_ms=413; per-drawcall avg us_x10=1348) [direct-vesa: presents=100 total_ms=290 avg_ms_x10=29 failed=0] [ablation: NO_DC_TIMING=0 CACHE_WINSURF=0 DIRECT_VESA=1]
[11:42:42] [info] kbd/audio block 0: kbd_irq=0 kbd_drain=0 ring_chunks=16 pump_pass=447 pic1_mask=0xb8 first_irq_ticks=0 install_ticks=0 vector_at_install=0x0084a008 pic1_mask_live=0x98 kbd_8042_stat=0x34 bios_kbd_head=0x0026 bios_kbd_tail=0x0026 bios_kbd_buf0=0x3920
[11:42:42] [info] [tile-speedup-stat n=100 drawtile_us=118.21 raw_blit_us=77.98 ratio=1.52]
[11:42:42] [info] dirty-rect block @flip=300: total_calls=100 dirty_rects_avg=1 dirty_pct_x10=1000 forced_full=0 first_n_force=0 threshold_exceeded=0 dirty_path_taken=0 full_flush_taken=0
[11:42:42] [info] prev-frame-diff block @flip=300: diff_calls=0 diff_rects_avg=0 diff_dirty_pct_x10=0 bbox_pct_x10=0 bbox_thresh_exceeded=0
[11:42:43] [info] flip-probe: flip #310 ok=true present=3ms inter_flip_ms=44 drawcalls-since-flip=43 drawcalls-total=22792 fail-total=0 null-skips-total=0
[11:42:43] [info] flip-probe: flip #320 ok=true present=3ms inter_flip_ms=49 drawcalls-since-flip=43 drawcalls-total=23222 fail-total=0 null-skips-total=0
[11:42:43] [info] backdrop cache: thrashing-detect engaged (streak=64, route=direct)
[11:42:44] [info] flip-probe: flip #330 ok=true present=3ms inter_flip_ms=45 drawcalls-since-flip=43 drawcalls-total=23652 fail-total=0 null-skips-total=0
[11:42:44] [info] flip-probe: flip #340 ok=true present=3ms inter_flip_ms=46 drawcalls-since-flip=43 drawcalls-total=24082 fail-total=0 null-skips-total=0
[11:42:45] [info] flip-probe: flip #350 ok=true present=3ms inter_flip_ms=44 drawcalls-since-flip=44 drawcalls-total=24534 fail-total=0 null-skips-total=0
[11:42:45] [info] flip-probe: flip #360 ok=true present=3ms inter_flip_ms=46 drawcalls-since-flip=44 drawcalls-total=24966 fail-total=0 null-skips-total=0
[11:42:45] [info] run_tick_fixed #600: heartbeat (loop alive)
[11:42:45] [info] flip-probe: flip #370 ok=true present=4ms inter_flip_ms=43 drawcalls-since-flip=18 drawcalls-total=25173 fail-total=0 null-skips-total=0
[11:42:46] [info] flip-probe: flip #380 ok=true present=3ms inter_flip_ms=43 drawcalls-since-flip=15 drawcalls-total=25329 fail-total=0 null-skips-total=0
[11:42:46] [info] backdrop cache: thrashing-detect engaged (streak=124, route=direct)
[11:42:46] [info] flip-probe: flip #390 ok=true present=3ms inter_flip_ms=44 drawcalls-since-flip=18 drawcalls-total=25496 fail-total=0 null-skips-total=0
[11:42:47] [info] flip-probe: flip #400 ok=true present=3ms inter_flip_ms=41 drawcalls-since-flip=16 drawcalls-total=25668 fail-total=0 null-skips-total=0
[11:42:47] [info] alpha audit block 0: 2513 total drawcalls, 0 with alpha<255 (block pct_x10=0; global 0/23224 pct_x10=0); alpha-mod skipped: block=0 global=0
[11:42:47] [info] fastpath audit block 0: taken=2513 (idx8=2513) skipped=0 pct_x10=1000; global taken=23224 (idx8=23224) skipped=0 pct_x10=1000
[11:42:47] [info] primitive tally block 0: clear=200(hr=200) fill=0(hr=0) rect=0(hr=0) line=0(hr=0) tint=0 spotlight=0 (over 100 flips ending at flip 400)
[11:42:47] [info] color/alpha audit block 0: cmod_white=793 cmod_black=793 (idx=793) cmod_general=0 (idx=0) cmod_fb=0; alpha_taken=0 alpha_skipped=0 (global cmod=3102/1560/693/0 idx=1560/693 alpha=0/0)
[11:42:47] [info] phase timing block 0: drawcalls=4299 dc_total_ms=730 flip_inner_total_ms=493 inter_flip_total_ms=4656 (per-flip avg x10: dc_ms=73 fi_ms=49 if_ms=465 derived audio+engine_ms=343; per-drawcall avg us_x10=1698) [direct-vesa: presents=100 total_ms=290 avg_ms_x10=29 failed=0] [ablation: NO_DC_TIMING=0 CACHE_WINSURF=0 DIRECT_VESA=1]
[11:42:47] [info] kbd/audio block 0: kbd_irq=0 kbd_drain=0 ring_chunks=16 pump_pass=680 pic1_mask=0xb8 first_irq_ticks=0 install_ticks=0 vector_at_install=0x0084a008 pic1_mask_live=0x98 kbd_8042_stat=0x34 bios_kbd_head=0x0026 bios_kbd_tail=0x0026 bios_kbd_buf0=0x3920
[11:42:47] [info] dirty-rect block @flip=400: total_calls=0 dirty_rects_avg=1 dirty_pct_x10=1000 forced_full=0 first_n_force=0 threshold_exceeded=0 dirty_path_taken=0 full_flush_taken=0
[11:42:47] [info] prev-frame-diff block @flip=400: diff_calls=0 diff_rects_avg=0 diff_dirty_pct_x10=0 bbox_pct_x10=0 bbox_thresh_exceeded=0
[11:42:47] [info] flip-probe: flip #410 ok=true present=3ms inter_flip_ms=42 drawcalls-since-flip=15 drawcalls-total=25818 fail-total=0 null-skips-total=0
[11:42:48] [info] flip-probe: flip #420 ok=true present=3ms inter_flip_ms=65 drawcalls-since-flip=214 drawcalls-total=26430 fail-total=0 null-skips-total=0
[11:42:48] [info]  >> Entering stage 17: 'Yamashita Farm'.
[11:42:48] [info] [skip-sheet-flush] cave=4
[11:42:49] [info] [load-stage] preloading entry music song=13 (cave=4)
[11:42:49] [info] opl3 backend: on_song_stop
[11:42:49] [info] MidiScheduler::load: parsed 'data/orgmid2/plant.mid' = 6246 events at 48 PPQ
[11:42:49] [info] opl3 backend: on_song_start
[11:42:49] [info] gameloop: entered (curmap=17, running=1)
[11:42:49] [info] gameloop: iter 1 ticks=54602 mapno=-1
[11:42:49] [info] mds-clear-lut: rebuilt N=240 entries (k_skip=33% k_keep=67%; curmap=17 map_size=40x16; rebuild #2 since boot)
[11:42:49] [info] gameloop: iter 2 ticks=54837 mapno=-1
[11:42:49] [info] tas: stall frame 235 ms -> contributing 1 tick (patch 0286)
[11:42:49] [info] gameloop: iter 3 ticks=54929 mapno=-1
[11:42:49] [info] flip-probe: flip #430 ok=true present=3ms inter_flip_ms=93 drawcalls-since-flip=405 drawcalls-total=29194 fail-total=0 null-skips-total=0
[11:42:50] [info] flip-probe: flip #440 ok=true present=3ms inter_flip_ms=59 drawcalls-since-flip=135 drawcalls-total=31542 fail-total=0 null-skips-total=0
[11:42:51] [info] flip-probe: flip #450 ok=true present=3ms inter_flip_ms=62 drawcalls-since-flip=141 drawcalls-total=32921 fail-total=0 null-skips-total=0
[11:42:51] [info] backdrop cache: thrashing-detect engaged (streak=4, route=direct)
[11:42:51] [info] flip-probe: flip #460 ok=true present=4ms inter_flip_ms=83 drawcalls-since-flip=136 drawcalls-total=34368 fail-total=0 null-skips-total=0
[11:42:52] [info] flip-probe: flip #470 ok=true present=3ms inter_flip_ms=73 drawcalls-since-flip=140 drawcalls-total=35759 fail-total=0 null-skips-total=0
[11:42:53] [info] flip-probe: flip #480 ok=true present=3ms inter_flip_ms=63 drawcalls-since-flip=142 drawcalls-total=37164 fail-total=0 null-skips-total=0
[11:42:53] [info] flip-probe: flip #490 ok=true present=3ms inter_flip_ms=68 drawcalls-since-flip=147 drawcalls-total=38622 fail-total=0 null-skips-total=0
[11:42:54] [info] flip-probe: flip #500 ok=true present=3ms inter_flip_ms=73 drawcalls-since-flip=144 drawcalls-total=40070 fail-total=0 null-skips-total=0
[11:42:54] [info] alpha audit block 0: 13353 total drawcalls, 0 with alpha<255 (block pct_x10=0; global 0/36577 pct_x10=0); alpha-mod skipped: block=0 global=0
[11:42:54] [info] fastpath audit block 0: taken=13353 (idx8=13353) skipped=0 pct_x10=1000; global taken=36577 (idx8=36577) skipped=0 pct_x10=1000
[11:42:54] [info] primitive tally block 0: clear=202(hr=202) fill=0(hr=0) rect=0(hr=0) line=0(hr=0) tint=0 spotlight=0 (over 100 flips ending at flip 500)
[11:42:54] [info] color/alpha audit block 0: cmod_white=949 cmod_black=949 (idx=949) cmod_general=0 (idx=0) cmod_fb=0; alpha_taken=0 alpha_skipped=0 (global cmod=4051/2509/693/0 idx=2509/693 alpha=0/0)
[11:42:54] [info] phase timing block 0: drawcalls=15485 dc_total_ms=1570 flip_inner_total_ms=491 inter_flip_total_ms=7324 (per-flip avg x10: dc_ms=157 fi_ms=49 if_ms=732 derived audio+engine_ms=526; per-drawcall avg us_x10=1014) [direct-vesa: presents=100 total_ms=291 avg_ms_x10=29 failed=0] [ablation: NO_DC_TIMING=0 CACHE_WINSURF=0 DIRECT_VESA=1]
[11:42:54] [info] kbd/audio block 0: kbd_irq=0 kbd_drain=0 ring_chunks=16 pump_pass=997 pic1_mask=0xb8 first_irq_ticks=0 install_ticks=0 vector_at_install=0x0084a008 pic1_mask_live=0x98 kbd_8042_stat=0x34 bios_kbd_head=0x0026 bios_kbd_tail=0x0026 bios_kbd_buf0=0x3920
[11:42:54] [info] dirty-rect block @flip=500: total_calls=0 dirty_rects_avg=1 dirty_pct_x10=1000 forced_full=0 first_n_force=0 threshold_exceeded=0 dirty_path_taken=0 full_flush_taken=0
[11:42:54] [info] prev-frame-diff block @flip=500: diff_calls=0 diff_rects_avg=0 diff_dirty_pct_x10=0 bbox_pct_x10=0 bbox_thresh_exceeded=0
[11:42:55] [info] flip-probe: flip #510 ok=true present=3ms inter_flip_ms=73 drawcalls-since-flip=126 drawcalls-total=41399 fail-total=0 null-skips-total=0
[11:42:55] [info] backdrop cache: thrashing-detect engaged (streak=4, route=direct)
[11:42:55] [info] flip-probe: flip #520 ok=true present=3ms inter_flip_ms=62 drawcalls-since-flip=125 drawcalls-total=42643 fail-total=0 null-skips-total=0
[11:42:56] [info] flip-probe: flip #530 ok=true present=3ms inter_flip_ms=61 drawcalls-since-flip=123 drawcalls-total=43895 fail-total=0 null-skips-total=0
[11:42:57] [info] flip-probe: flip #540 ok=true present=3ms inter_flip_ms=60 drawcalls-since-flip=119 drawcalls-total=45162 fail-total=0 null-skips-total=0
[11:42:57] [info] backdrop cache: thrashing-detect engaged (streak=4, route=direct)
[11:42:57] [info] flip-probe: flip #550 ok=true present=3ms inter_flip_ms=59 drawcalls-since-flip=106 drawcalls-total=46398 fail-total=0 null-skips-total=0
[11:42:58] [info] flip-probe: flip #560 ok=true present=4ms inter_flip_ms=62 drawcalls-since-flip=116 drawcalls-total=47521 fail-total=0 null-skips-total=0
[11:42:58] [info] backdrop cache: thrashing-detect engaged (streak=4, route=direct)
[11:42:59] [info] flip-probe: flip #570 ok=true present=3ms inter_flip_ms=60 drawcalls-since-flip=112 drawcalls-total=48668 fail-total=0 null-skips-total=0
[11:42:59] [info] flip-probe: flip #580 ok=true present=3ms inter_flip_ms=61 drawcalls-since-flip=112 drawcalls-total=49775 fail-total=0 null-skips-total=0
[11:43:00] [info] flip-probe: flip #590 ok=true present=3ms inter_flip_ms=59 drawcalls-since-flip=110 drawcalls-total=50874 fail-total=0 null-skips-total=0
[11:43:01] [info] flip-probe: flip #600 ok=true present=3ms inter_flip_ms=63 drawcalls-since-flip=119 drawcalls-total=52023 fail-total=0 null-skips-total=0
[11:43:01] [info] alpha audit block 0: 11242 total drawcalls, 0 with alpha<255 (block pct_x10=0; global 0/47819 pct_x10=0); alpha-mod skipped: block=0 global=0
[11:43:01] [info] fastpath audit block 0: taken=11242 (idx8=11242) skipped=0 pct_x10=1000; global taken=47819 (idx8=47819) skipped=0 pct_x10=1000
[11:43:01] [info] primitive tally block 0: clear=200(hr=200) fill=0(hr=0) rect=0(hr=0) line=0(hr=0) tint=0 spotlight=0 (over 100 flips ending at flip 600)
[11:43:01] [info] color/alpha audit block 0: cmod_white=611 cmod_black=611 (idx=611) cmod_general=0 (idx=0) cmod_fb=0; alpha_taken=0 alpha_skipped=0 (global cmod=4662/3120/693/0 idx=3120/693 alpha=0/0)
[11:43:01] [info] phase timing block 0: drawcalls=12676 dc_total_ms=1117 flip_inner_total_ms=505 inter_flip_total_ms=6438 (per-flip avg x10: dc_ms=111 fi_ms=50 if_ms=643 derived audio+engine_ms=482; per-drawcall avg us_x10=881) [direct-vesa: presents=100 total_ms=290 avg_ms_x10=29 failed=0] [ablation: NO_DC_TIMING=0 CACHE_WINSURF=0 DIRECT_VESA=1]
[11:43:01] [info] kbd/audio block 0: kbd_irq=0 kbd_drain=0 ring_chunks=16 pump_pass=1319 pic1_mask=0xb8 first_irq_ticks=0 install_ticks=0 vector_at_install=0x0084a008 pic1_mask_live=0x98 kbd_8042_stat=0x34 bios_kbd_head=0x0026 bios_kbd_tail=0x0026 bios_kbd_buf0=0x3920
[11:43:01] [info] dirty-rect block @flip=600: total_calls=0 dirty_rects_avg=1 dirty_pct_x10=1000 forced_full=0 first_n_force=0 threshold_exceeded=0 dirty_path_taken=0 full_flush_taken=0
[11:43:01] [info] prev-frame-diff block @flip=600: diff_calls=0 diff_rects_avg=0 diff_dirty_pct_x10=0 bbox_pct_x10=0 bbox_thresh_exceeded=0
[11:43:01] [info] flip-probe: flip #610 ok=true present=3ms inter_flip_ms=60 drawcalls-since-flip=109 drawcalls-total=53167 fail-total=0 null-skips-total=0
[11:43:02] [info] flip-probe: flip #620 ok=true present=3ms inter_flip_ms=59 drawcalls-since-flip=112 drawcalls-total=54250 fail-total=0 null-skips-total=0
[11:43:02] [info] backdrop cache: thrashing-detect engaged (streak=64, route=direct)
[11:43:02] [info] flip-probe: flip #630 ok=true present=3ms inter_flip_ms=59 drawcalls-since-flip=112 drawcalls-total=55372 fail-total=0 null-skips-total=0
[11:43:03] [info] flip-probe: flip #640 ok=true present=4ms inter_flip_ms=59 drawcalls-since-flip=115 drawcalls-total=56506 fail-total=0 null-skips-total=0
[11:43:04] [info] flip-probe: flip #650 ok=true present=3ms inter_flip_ms=61 drawcalls-since-flip=121 drawcalls-total=57685 fail-total=0 null-skips-total=0
[11:43:04] [info] run_tick_fixed #1500: heartbeat (loop alive)
[11:43:04] [info] flip-probe: flip #660 ok=true present=3ms inter_flip_ms=91 drawcalls-since-flip=410 drawcalls-total=59959 fail-total=0 null-skips-total=0
[11:43:05] [info]  >> Entering stage 11: 'Mimiga Village'.
[11:43:05] [info] [skip-sheet-flush] cave=5
[11:43:05] [info] [load-stage] preloading entry music song=9 (cave=5)
[11:43:05] [info] opl3 backend: on_song_stop
[11:43:05] [info] MidiScheduler::load: parsed 'data/orgmid2/mura.mid' = 7123 events at 48 PPQ
[11:43:05] [info] opl3 backend: on_song_start
[11:43:05] [info] gameloop: entered (curmap=11, running=1)
[11:43:05] [info] gameloop: iter 1 ticks=71074 mapno=-1
[11:43:05] [info] mds-clear-lut: rebuilt N=240 entries (k_skip=0% k_keep=100%; curmap=11 map_size=60x60; rebuild #3 since boot)
[11:43:05] [info] gameloop: iter 2 ticks=71168 mapno=-1
[11:43:06] [info] gameloop: iter 3 ticks=71269 mapno=-1
[11:43:06] [info] backdrop cache: thrashing-detect engaged (streak=4, route=direct)
[11:43:06] [info] flip-probe: flip #670 ok=true present=3ms inter_flip_ms=62 drawcalls-since-flip=165 drawcalls-total=62944 fail-total=0 null-skips-total=0
[11:43:06] [info] flip-probe: flip #680 ok=true present=3ms inter_flip_ms=43 drawcalls-since-flip=41 drawcalls-total=63471 fail-total=0 null-skips-total=0
[11:43:07] [info] flip-probe: flip #690 ok=true present=3ms inter_flip_ms=46 drawcalls-since-flip=41 drawcalls-total=63881 fail-total=0 null-skips-total=0
[11:43:07] [info] flip-probe: flip #700 ok=true present=3ms inter_flip_ms=48 drawcalls-since-flip=41 drawcalls-total=64291 fail-total=0 null-skips-total=0
[11:43:07] [info] alpha audit block 0: 11687 total drawcalls, 0 with alpha<255 (block pct_x10=0; global 0/59506 pct_x10=0); alpha-mod skipped: block=0 global=0
[11:43:07] [info] fastpath audit block 0: taken=11687 (idx8=11687) skipped=0 pct_x10=1000; global taken=59506 (idx8=59506) skipped=0 pct_x10=1000
[11:43:07] [info] primitive tally block 0: clear=201(hr=201) fill=0(hr=0) rect=0(hr=0) line=0(hr=0) tint=0 spotlight=0 (over 100 flips ending at flip 700)
[11:43:07] [info] color/alpha audit block 0: cmod_white=481 cmod_black=481 (idx=481) cmod_general=0 (idx=0) cmod_fb=0; alpha_taken=0 alpha_skipped=0 (global cmod=5143/3601/693/0 idx=3601/693 alpha=0/0)
[11:43:07] [info] phase timing block 0: drawcalls=12853 dc_total_ms=1258 flip_inner_total_ms=488 inter_flip_total_ms=6840 (per-flip avg x10: dc_ms=125 fi_ms=48 if_ms=684 derived audio+engine_ms=511; per-drawcall avg us_x10=979) [direct-vesa: presents=100 total_ms=291 avg_ms_x10=29 failed=0] [ablation: NO_DC_TIMING=0 CACHE_WINSURF=0 DIRECT_VESA=1]
[11:43:07] [info] kbd/audio block 0: kbd_irq=0 kbd_drain=0 ring_chunks=16 pump_pass=1621 pic1_mask=0xb8 first_irq_ticks=0 install_ticks=0 vector_at_install=0x0084a008 pic1_mask_live=0x98 kbd_8042_stat=0x34 bios_kbd_head=0x0026 bios_kbd_tail=0x0026 bios_kbd_buf0=0x3920
[11:43:07] [info] dirty-rect block @flip=700: total_calls=0 dirty_rects_avg=1 dirty_pct_x10=1000 forced_full=0 first_n_force=0 threshold_exceeded=0 dirty_path_taken=0 full_flush_taken=0
[11:43:07] [info] prev-frame-diff block @flip=700: diff_calls=0 diff_rects_avg=0 diff_dirty_pct_x10=0 bbox_pct_x10=0 bbox_thresh_exceeded=0
[11:43:08] [info] flip-probe: flip #710 ok=true present=4ms inter_flip_ms=45 drawcalls-since-flip=41 drawcalls-total=64705 fail-total=0 null-skips-total=0
[11:43:08] [info] flip-probe: flip #720 ok=true present=3ms inter_flip_ms=47 drawcalls-since-flip=42 drawcalls-total=65122 fail-total=0 null-skips-total=0
[11:43:09] [info] tas: stall frame 268 ms -> contributing 1 tick (patch 0286)
[11:43:09] [info] backdrop cache: thrashing-detect engaged (streak=64, route=direct)
[11:43:09] [info] flip-probe: flip #730 ok=true present=3ms inter_flip_ms=45 drawcalls-since-flip=42 drawcalls-total=65536 fail-total=0 null-skips-total=0
[11:43:09] [info] flip-probe: flip #740 ok=true present=3ms inter_flip_ms=46 drawcalls-since-flip=42 drawcalls-total=65956 fail-total=0 null-skips-total=0
[11:43:10] [info] flip-probe: flip #750 ok=true present=3ms inter_flip_ms=47 drawcalls-since-flip=42 drawcalls-total=66381 fail-total=0 null-skips-total=0
[11:43:10] [info] flip-probe: flip #760 ok=true present=3ms inter_flip_ms=45 drawcalls-since-flip=42 drawcalls-total=66801 fail-total=0 null-skips-total=0
[11:43:11] [info] flip-probe: flip #770 ok=true present=3ms inter_flip_ms=44 drawcalls-since-flip=43 drawcalls-total=67224 fail-total=0 null-skips-total=0
[11:43:11] [info] flip-probe: flip #780 ok=true present=2ms inter_flip_ms=46 drawcalls-since-flip=44 drawcalls-total=67658 fail-total=0 null-skips-total=0
[11:43:12] [info] backdrop cache: thrashing-detect engaged (streak=124, route=direct)
[11:43:12] [info] flip-probe: flip #790 ok=true present=3ms inter_flip_ms=43 drawcalls-since-flip=18 drawcalls-total=67916 fail-total=0 null-skips-total=0
[11:43:12] [info] flip-probe: flip #800 ok=true present=3ms inter_flip_ms=41 drawcalls-since-flip=18 drawcalls-total=68096 fail-total=0 null-skips-total=0
[11:43:12] [info] alpha audit block 0: 2626 total drawcalls, 0 with alpha<255 (block pct_x10=0; global 0/62132 pct_x10=0); alpha-mod skipped: block=0 global=0
[11:43:12] [info] fastpath audit block 0: taken=2626 (idx8=2626) skipped=0 pct_x10=1000; global taken=62132 (idx8=62132) skipped=0 pct_x10=1000
[11:43:12] [info] primitive tally block 0: clear=200(hr=200) fill=0(hr=0) rect=0(hr=0) line=0(hr=0) tint=0 spotlight=0 (over 100 flips ending at flip 800)
[11:43:12] [info] color/alpha audit block 0: cmod_white=1079 cmod_black=1079 (idx=1079) cmod_general=0 (idx=0) cmod_fb=0; alpha_taken=0 alpha_skipped=0 (global cmod=6222/4680/693/0 idx=4680/693 alpha=0/0)
[11:43:12] [info] phase timing block 0: drawcalls=4984 dc_total_ms=761 flip_inner_total_ms=713 inter_flip_total_ms=4835 (per-flip avg x10: dc_ms=76 fi_ms=71 if_ms=483 derived audio+engine_ms=336; per-drawcall avg us_x10=1527) [direct-vesa: presents=100 total_ms=294 avg_ms_x10=29 failed=0] [ablation: NO_DC_TIMING=0 CACHE_WINSURF=0 DIRECT_VESA=1]
[11:43:12] [info] kbd/audio block 0: kbd_irq=0 kbd_drain=0 ring_chunks=16 pump_pass=1850 pic1_mask=0xb8 first_irq_ticks=0 install_ticks=0 vector_at_install=0x0084a008 pic1_mask_live=0x98 kbd_8042_stat=0x34 bios_kbd_head=0x0026 bios_kbd_tail=0x0026 bios_kbd_buf0=0x3920
[11:43:12] [info] dirty-rect block @flip=800: total_calls=0 dirty_rects_avg=1 dirty_pct_x10=1000 forced_full=0 first_n_force=0 threshold_exceeded=0 dirty_path_taken=0 full_flush_taken=0
[11:43:12] [info] prev-frame-diff block @flip=800: diff_calls=0 diff_rects_avg=0 diff_dirty_pct_x10=0 bbox_pct_x10=0 bbox_thresh_exceeded=0
[11:43:13] [info] flip-probe: flip #810 ok=true present=3ms inter_flip_ms=44 drawcalls-since-flip=16 drawcalls-total=68264 fail-total=0 null-skips-total=0
[11:43:13] [info] flip-probe: flip #820 ok=true present=3ms inter_flip_ms=43 drawcalls-since-flip=16 drawcalls-total=68431 fail-total=0 null-skips-total=0
[11:43:14] [info] flip-probe: flip #830 ok=true present=3ms inter_flip_ms=41 drawcalls-since-flip=16 drawcalls-total=68591 fail-total=0 null-skips-total=0
[11:43:14] [info] flip-probe: flip #840 ok=true present=3ms inter_flip_ms=41 drawcalls-since-flip=16 drawcalls-total=68751 fail-total=0 null-skips-total=0
[11:43:14] [info] backdrop cache: thrashing-detect engaged (streak=184, route=direct)
[11:43:14] [info] flip-probe: flip #850 ok=true present=3ms inter_flip_ms=42 drawcalls-since-flip=16 drawcalls-total=68911 fail-total=0 null-skips-total=0
[11:43:15] [info] flip-probe: flip #860 ok=true present=3ms inter_flip_ms=47 drawcalls-since-flip=22 drawcalls-total=69132 fail-total=0 null-skips-total=0
[11:43:15] [info] flip-probe: flip #870 ok=true present=3ms inter_flip_ms=43 drawcalls-since-flip=19 drawcalls-total=69336 fail-total=0 null-skips-total=0
[11:43:16] [info] flip-probe: flip #880 ok=true present=3ms inter_flip_ms=41 drawcalls-since-flip=20 drawcalls-total=69527 fail-total=0 null-skips-total=0
[11:43:16] [info] flip-probe: flip #890 ok=true present=3ms inter_flip_ms=64 drawcalls-since-flip=200 drawcalls-total=70126 fail-total=0 null-skips-total=0
[11:43:17] [info]  >> Entering stage 15: 'Reservoir'.
[11:43:17] [info] [skip-sheet-flush] cave=6
[11:43:17] [info] [load-stage] preloading entry music song=9 (cave=6)
[11:43:17] [info] gameloop: entered (curmap=15, running=1)
[11:43:17] [info] gameloop: iter 1 ticks=82886 mapno=-1
[11:43:17] [info] mds-clear-lut: rebuilt N=240 entries (k_skip=13% k_keep=87%; curmap=15 map_size=40x20; rebuild #4 since boot)
[11:43:17] [info] gameloop: iter 2 ticks=82981 mapno=-1
[11:43:17] [info] gameloop: iter 3 ticks=83068 mapno=-1
[11:43:17] [info] flip-probe: flip #900 ok=true present=2ms inter_flip_ms=84 drawcalls-since-flip=336 drawcalls-total=72909 fail-total=0 null-skips-total=0
[11:43:17] [info] alpha audit block 0: 4686 total drawcalls, 0 with alpha<255 (block pct_x10=0; global 0/66818 pct_x10=0); alpha-mod skipped: block=0 global=0
[11:43:17] [info] fastpath audit block 0: taken=4686 (idx8=4686) skipped=0 pct_x10=1000; global taken=66818 (idx8=66818) skipped=0 pct_x10=1000
[11:43:17] [info] primitive tally block 0: clear=201(hr=201) fill=0(hr=0) rect=0(hr=0) line=0(hr=0) tint=0 spotlight=0 (over 100 flips ending at flip 900)
[11:43:17] [info] color/alpha audit block 0: cmod_white=27 cmod_black=27 (idx=27) cmod_general=0 (idx=0) cmod_fb=0; alpha_taken=0 alpha_skipped=0 (global cmod=6249/4707/693/0 idx=4707/693 alpha=0/0)
[11:43:17] [info] phase timing block 0: drawcalls=4944 dc_total_ms=875 flip_inner_total_ms=485 inter_flip_total_ms=5265 (per-flip avg x10: dc_ms=87 fi_ms=48 if_ms=526 derived audio+engine_ms=391; per-drawcall avg us_x10=1770) [direct-vesa: presents=100 total_ms=289 avg_ms_x10=28 failed=0] [ablation: NO_DC_TIMING=0 CACHE_WINSURF=0 DIRECT_VESA=1]
[11:43:17] [info] kbd/audio block 0: kbd_irq=0 kbd_drain=0 ring_chunks=16 pump_pass=2082 pic1_mask=0xb8 first_irq_ticks=0 install_ticks=0 vector_at_install=0x0084a008 pic1_mask_live=0x98 kbd_8042_stat=0x34 bios_kbd_head=0x0026 bios_kbd_tail=0x0026 bios_kbd_buf0=0x3920
[11:43:17] [info] dirty-rect block @flip=900: total_calls=0 dirty_rects_avg=1 dirty_pct_x10=1000 forced_full=0 first_n_force=0 threshold_exceeded=0 dirty_path_taken=0 full_flush_taken=0
[11:43:17] [info] prev-frame-diff block @flip=900: diff_calls=0 diff_rects_avg=0 diff_dirty_pct_x10=0 bbox_pct_x10=0 bbox_thresh_exceeded=0
[11:43:18] [info] run_tick_fixed #2100: heartbeat (loop alive)
[11:43:18] [info] flip-probe: flip #910 ok=true present=3ms inter_flip_ms=39 drawcalls-since-flip=32 drawcalls-total=74157 fail-total=0 null-skips-total=0
[11:43:18] [info] flip-probe: flip #920 ok=true present=3ms inter_flip_ms=40 drawcalls-since-flip=32 drawcalls-total=74477 fail-total=0 null-skips-total=0
[11:43:19] [info] flip-probe: flip #930 ok=true present=3ms inter_flip_ms=39 drawcalls-since-flip=32 drawcalls-total=74797 fail-total=0 null-skips-total=0
[11:43:19] [info] backdrop cache: thrashing-detect engaged (streak=4, route=direct)
[11:43:19] [info] flip-probe: flip #940 ok=true present=3ms inter_flip_ms=43 drawcalls-since-flip=34 drawcalls-total=75127 fail-total=0 null-skips-total=0
[11:43:20] [info] flip-probe: flip #950 ok=true present=3ms inter_flip_ms=43 drawcalls-since-flip=33 drawcalls-total=75475 fail-total=0 null-skips-total=0
[11:43:20] [info] flip-probe: flip #960 ok=true present=3ms inter_flip_ms=42 drawcalls-since-flip=32 drawcalls-total=75798 fail-total=0 null-skips-total=0
[11:43:21] [info] flip-probe: flip #970 ok=true present=3ms inter_flip_ms=42 drawcalls-since-flip=32 drawcalls-total=76118 fail-total=0 null-skips-total=0
[11:43:21] [info] flip-probe: flip #980 ok=true present=3ms inter_flip_ms=42 drawcalls-since-flip=32 drawcalls-total=76438 fail-total=0 null-skips-total=0
[11:43:21] [info] flip-probe: flip #990 ok=true present=3ms inter_flip_ms=42 drawcalls-since-flip=34 drawcalls-total=76770 fail-total=0 null-skips-total=0
[11:43:22] [info] backdrop cache: thrashing-detect engaged (streak=64, route=direct)
[11:43:22] [info] flip-probe: flip #1000 ok=true present=3ms inter_flip_ms=49 drawcalls-since-flip=35 drawcalls-total=77115 fail-total=0 null-skips-total=0
[11:43:22] [info] alpha audit block 0: 3206 total drawcalls, 0 with alpha<255 (block pct_x10=0; global 0/70024 pct_x10=0); alpha-mod skipped: block=0 global=0
[11:43:22] [info] fastpath audit block 0: taken=3206 (idx8=3206) skipped=0 pct_x10=1000; global taken=70024 (idx8=70024) skipped=0 pct_x10=1000
[11:43:22] [info] primitive tally block 0: clear=200(hr=200) fill=0(hr=0) rect=0(hr=0) line=0(hr=0) tint=0 spotlight=0 (over 100 flips ending at flip 1000)
[11:43:22] [info] color/alpha audit block 0: cmod_white=900 cmod_black=900 (idx=900) cmod_general=0 (idx=0) cmod_fb=0; alpha_taken=0 alpha_skipped=0 (global cmod=7149/5607/693/0 idx=5607/693 alpha=0/0)
[11:43:22] [info] phase timing block 0: drawcalls=5241 dc_total_ms=942 flip_inner_total_ms=506 inter_flip_total_ms=4400 (per-flip avg x10: dc_ms=94 fi_ms=50 if_ms=440 derived audio+engine_ms=296; per-drawcall avg us_x10=1797) [direct-vesa: presents=100 total_ms=289 avg_ms_x10=28 failed=0] [ablation: NO_DC_TIMING=0 CACHE_WINSURF=0 DIRECT_VESA=1]
[11:43:22] [info] kbd/audio block 0: kbd_irq=0 kbd_drain=0 ring_chunks=16 pump_pass=2304 pic1_mask=0xb8 first_irq_ticks=0 install_ticks=0 vector_at_install=0x0084a008 pic1_mask_live=0x98 kbd_8042_stat=0x34 bios_kbd_head=0x0026 bios_kbd_tail=0x0026 bios_kbd_buf0=0x3920
[11:43:22] [info] dirty-rect block @flip=1000: total_calls=0 dirty_rects_avg=1 dirty_pct_x10=1000 forced_full=0 first_n_force=0 threshold_exceeded=0 dirty_path_taken=0 full_flush_taken=0
[11:43:22] [info] prev-frame-diff block @flip=1000: diff_calls=0 diff_rects_avg=0 diff_dirty_pct_x10=0 bbox_pct_x10=0 bbox_thresh_exceeded=0
[11:43:22] [info] flip-probe: flip #1010 ok=true present=4ms inter_flip_ms=42 drawcalls-since-flip=36 drawcalls-total=77472 fail-total=0 null-skips-total=0
[11:43:23] [info] flip-probe: flip #1020 ok=true present=3ms inter_flip_ms=41 drawcalls-since-flip=18 drawcalls-total=77776 fail-total=0 null-skips-total=0
[11:43:23] [info] flip-probe: flip #1030 ok=true present=3ms inter_flip_ms=39 drawcalls-since-flip=18 drawcalls-total=77956 fail-total=0 null-skips-total=0
[11:43:24] [info] flip-probe: flip #1040 ok=true present=3ms inter_flip_ms=41 drawcalls-since-flip=17 drawcalls-total=78128 fail-total=0 null-skips-total=0
[11:43:24] [info] run_tick_fixed #2400: heartbeat (loop alive)
[11:43:24] [info] flip-probe: flip #1050 ok=true present=3ms inter_flip_ms=39 drawcalls-since-flip=16 drawcalls-total=78293 fail-total=0 null-skips-total=0
[11:43:24] [info] backdrop cache: thrashing-detect engaged (streak=124, route=direct)
[11:43:24] [info] tas: stall frame 261 ms -> contributing 1 tick (patch 0286)
[11:43:25] [info] flip-probe: flip #1060 ok=true present=3ms inter_flip_ms=40 drawcalls-since-flip=15 drawcalls-total=78452 fail-total=0 null-skips-total=0
[11:43:25] [info] flip-probe: flip #1070 ok=true present=3ms inter_flip_ms=39 drawcalls-since-flip=15 drawcalls-total=78602 fail-total=0 null-skips-total=0
[11:43:25] [info] flip-probe: flip #1080 ok=true present=2ms inter_flip_ms=39 drawcalls-since-flip=16 drawcalls-total=78758 fail-total=0 null-skips-total=0
[11:43:26] [info] flip-probe: flip #1090 ok=true present=3ms inter_flip_ms=46 drawcalls-since-flip=17 drawcalls-total=78928 fail-total=0 null-skips-total=0
[11:43:26] [info] flip-probe: flip #1100 ok=true present=3ms inter_flip_ms=40 drawcalls-since-flip=15 drawcalls-total=79093 fail-total=0 null-skips-total=0
[11:43:26] [info] alpha audit block 0: 1725 total drawcalls, 0 with alpha<255 (block pct_x10=0; global 0/71749 pct_x10=0); alpha-mod skipped: block=0 global=0
[11:43:26] [info] fastpath audit block 0: taken=1725 (idx8=1725) skipped=0 pct_x10=1000; global taken=71749 (idx8=71749) skipped=0 pct_x10=1000
[11:43:26] [info] primitive tally block 0: clear=200(hr=200) fill=0(hr=0) rect=0(hr=0) line=0(hr=0) tint=0 spotlight=0 (over 100 flips ending at flip 1100)
[11:43:26] [info] color/alpha audit block 0: cmod_white=153 cmod_black=153 (idx=153) cmod_general=0 (idx=0) cmod_fb=0; alpha_taken=0 alpha_skipped=0 (global cmod=7302/5760/693/0 idx=5760/693 alpha=0/0)
[11:43:26] [info] phase timing block 0: drawcalls=2253 dc_total_ms=662 flip_inner_total_ms=488 inter_flip_total_ms=4363 (per-flip avg x10: dc_ms=66 fi_ms=48 if_ms=436 derived audio+engine_ms=322; per-drawcall avg us_x10=2939) [direct-vesa: presents=100 total_ms=290 avg_ms_x10=29 failed=0] [ablation: NO_DC_TIMING=0 CACHE_WINSURF=0 DIRECT_VESA=1]
[11:43:26] [info] kbd/audio block 0: kbd_irq=0 kbd_drain=0 ring_chunks=16 pump_pass=2510 pic1_mask=0xb8 first_irq_ticks=0 install_ticks=0 vector_at_install=0x0084a008 pic1_mask_live=0x98 kbd_8042_stat=0x34 bios_kbd_head=0x0026 bios_kbd_tail=0x0026 bios_kbd_buf0=0x3920
[11:43:26] [info] dirty-rect block @flip=1100: total_calls=0 dirty_rects_avg=1 dirty_pct_x10=1000 forced_full=0 first_n_force=0 threshold_exceeded=0 dirty_path_taken=0 full_flush_taken=0
[11:43:26] [info] prev-frame-diff block @flip=1100: diff_calls=0 diff_rects_avg=0 diff_dirty_pct_x10=0 bbox_pct_x10=0 bbox_thresh_exceeded=0
[11:43:26] [info] backdrop cache: thrashing-detect engaged (streak=4, route=direct)
[11:43:27] [info] flip-probe: flip #1110 ok=true present=3ms inter_flip_ms=40 drawcalls-since-flip=15 drawcalls-total=79237 fail-total=0 null-skips-total=0
[11:43:27] [info] flip-probe: flip #1120 ok=true present=3ms inter_flip_ms=41 drawcalls-since-flip=14 drawcalls-total=79385 fail-total=0 null-skips-total=0
[11:43:27] [info] flip-probe: flip #1130 ok=true present=3ms inter_flip_ms=39 drawcalls-since-flip=14 drawcalls-total=79525 fail-total=0 null-skips-total=0
[11:43:28] [info] flip-probe: flip #1140 ok=true present=3ms inter_flip_ms=41 drawcalls-since-flip=14 drawcalls-total=79665 fail-total=0 null-skips-total=0
[11:43:28] [info] flip-probe: flip #1150 ok=true present=3ms inter_flip_ms=39 drawcalls-since-flip=14 drawcalls-total=79805 fail-total=0 null-skips-total=0
[11:43:29] [info] flip-probe: flip #1160 ok=true present=3ms inter_flip_ms=39 drawcalls-since-flip=14 drawcalls-total=79945 fail-total=0 null-skips-total=0
[11:43:29] [info] backdrop cache: thrashing-detect engaged (streak=64, route=direct)
[11:43:29] [info] flip-probe: flip #1170 ok=true present=4ms inter_flip_ms=38 drawcalls-since-flip=14 drawcalls-total=80085 fail-total=0 null-skips-total=0
[11:43:29] [info] flip-probe: flip #1180 ok=true present=3ms inter_flip_ms=39 drawcalls-since-flip=14 drawcalls-total=80225 fail-total=0 null-skips-total=0
[11:43:30] [info] flip-probe: flip #1190 ok=true present=3ms inter_flip_ms=39 drawcalls-since-flip=14 drawcalls-total=80365 fail-total=0 null-skips-total=0
[11:43:30] [info] run_tick_fixed #2700: heartbeat (loop alive)
[11:43:30] [info] flip-probe: flip #1200 ok=true present=3ms inter_flip_ms=66 drawcalls-since-flip=258 drawcalls-total=81320 fail-total=0 null-skips-total=0
[11:43:30] [info] alpha audit block 0: 2127 total drawcalls, 0 with alpha<255 (block pct_x10=0; global 0/73876 pct_x10=0); alpha-mod skipped: block=0 global=0
[11:43:30] [info] fastpath audit block 0: taken=2127 (idx8=2127) skipped=0 pct_x10=1000; global taken=73876 (idx8=73876) skipped=0 pct_x10=1000
[11:43:30] [info] primitive tally block 0: clear=200(hr=200) fill=0(hr=0) rect=0(hr=0) line=0(hr=0) tint=0 spotlight=0 (over 100 flips ending at flip 1200)
[11:43:30] [info] phase timing block 0: drawcalls=2330 dc_total_ms=594 flip_inner_total_ms=487 inter_flip_total_ms=4111 (per-flip avg x10: dc_ms=59 fi_ms=48 if_ms=411 derived audio+engine_ms=304; per-drawcall avg us_x10=2551) [direct-vesa: presents=100 total_ms=288 avg_ms_x10=28 failed=0] [ablation: NO_DC_TIMING=0 CACHE_WINSURF=0 DIRECT_VESA=1]
[11:43:30] [info] kbd/audio block 0: kbd_irq=0 kbd_drain=0 ring_chunks=16 pump_pass=2714 pic1_mask=0xb8 first_irq_ticks=0 install_ticks=0 vector_at_install=0x0084a008 pic1_mask_live=0x98 kbd_8042_stat=0x34 bios_kbd_head=0x0026 bios_kbd_tail=0x0026 bios_kbd_buf0=0x3920
[11:43:30] [info] dirty-rect block @flip=1200: total_calls=0 dirty_rects_avg=1 dirty_pct_x10=1000 forced_full=0 first_n_force=0 threshold_exceeded=0 dirty_path_taken=0 full_flush_taken=0
[11:43:30] [info] prev-frame-diff block @flip=1200: diff_calls=0 diff_rects_avg=0 diff_dirty_pct_x10=0 bbox_pct_x10=0 bbox_thresh_exceeded=0
[11:43:31] [info]  >> Entering stage 11: 'Mimiga Village'.
[11:43:31] [info] [skip-sheet-flush] cave=7
[11:43:31] [info] [load-stage] preloading entry music song=9 (cave=7)
[11:43:31] [info] gameloop: entered (curmap=11, running=1)
[11:43:31] [info] gameloop: iter 1 ticks=97005 mapno=-1
[11:43:31] [info] mds-clear-lut: rebuilt N=240 entries (k_skip=0% k_keep=100%; curmap=11 map_size=60x60; rebuild #5 since boot)
[11:43:31] [info] gameloop: iter 2 ticks=97105 mapno=-1
[11:43:31] [info] gameloop: iter 3 ticks=97196 mapno=-1
[11:43:32] [info] flip-probe: flip #1210 ok=true present=3ms inter_flip_ms=75 drawcalls-since-flip=271 drawcalls-total=84190 fail-total=0 null-skips-total=0
[11:43:32] [info] flip-probe: flip #1220 ok=true present=3ms inter_flip_ms=44 drawcalls-since-flip=42 drawcalls-total=85005 fail-total=0 null-skips-total=0
[11:43:33] [info] flip-probe: flip #1230 ok=true present=3ms inter_flip_ms=46 drawcalls-since-flip=42 drawcalls-total=85425 fail-total=0 null-skips-total=0
[11:43:33] [info] flip-probe: flip #1240 ok=true present=3ms inter_flip_ms=43 drawcalls-since-flip=42 drawcalls-total=85845 fail-total=0 null-skips-total=0
[11:43:34] [info] flip-probe: flip #1250 ok=true present=4ms inter_flip_ms=55 drawcalls-since-flip=51 drawcalls-total=86358 fail-total=0 null-skips-total=0
[11:43:34] [info] backdrop cache: thrashing-detect engaged (streak=4, route=direct)
[11:43:34] [info] flip-probe: flip #1260 ok=true present=3ms inter_flip_ms=50 drawcalls-since-flip=47 drawcalls-total=86824 fail-total=0 null-skips-total=0
[11:43:35] [info] flip-probe: flip #1270 ok=true present=3ms inter_flip_ms=47 drawcalls-since-flip=46 drawcalls-total=87272 fail-total=0 null-skips-total=0
[11:43:35] [info] flip-probe: flip #1280 ok=true present=3ms inter_flip_ms=46 drawcalls-since-flip=43 drawcalls-total=87697 fail-total=0 null-skips-total=0
[11:43:36] [info] flip-probe: flip #1290 ok=true present=3ms inter_flip_ms=49 drawcalls-since-flip=44 drawcalls-total=88130 fail-total=0 null-skips-total=0
[11:43:36] [info] flip-probe: flip #1300 ok=true present=3ms inter_flip_ms=49 drawcalls-since-flip=45 drawcalls-total=88588 fail-total=0 null-skips-total=0
[11:43:36] [info] alpha audit block 0: 5933 total drawcalls, 0 with alpha<255 (block pct_x10=0; global 0/79809 pct_x10=0); alpha-mod skipped: block=0 global=0
[11:43:36] [info] fastpath audit block 0: taken=5933 (idx8=5933) skipped=0 pct_x10=1000; global taken=79809 (idx8=79809) skipped=0 pct_x10=1000
[11:43:36] [info] primitive tally block 0: clear=201(hr=201) fill=0(hr=0) rect=0(hr=0) line=0(hr=0) tint=0 spotlight=0 (over 100 flips ending at flip 1300)
[11:43:36] [info] color/alpha audit block 0: cmod_white=1235 cmod_black=1235 (idx=1235) cmod_general=0 (idx=0) cmod_fb=0; alpha_taken=0 alpha_skipped=0 (global cmod=8537/6995/693/0 idx=6995/693 alpha=0/0)
[11:43:36] [info] phase timing block 0: drawcalls=8650 dc_total_ms=1317 flip_inner_total_ms=497 inter_flip_total_ms=5687 (per-flip avg x10: dc_ms=131 fi_ms=49 if_ms=568 derived audio+engine_ms=388; per-drawcall avg us_x10=1523) [direct-vesa: presents=100 total_ms=293 avg_ms_x10=29 failed=0] [ablation: NO_DC_TIMING=0 CACHE_WINSURF=0 DIRECT_VESA=1]
[11:43:36] [info] kbd/audio block 0: kbd_irq=0 kbd_drain=0 ring_chunks=16 pump_pass=2969 pic1_mask=0xb8 first_irq_ticks=0 install_ticks=0 vector_at_install=0x0084a008 pic1_mask_live=0x98 kbd_8042_stat=0x34 bios_kbd_head=0x0026 bios_kbd_tail=0x0026 bios_kbd_buf0=0x3920
[11:43:36] [info] dirty-rect block @flip=1300: total_calls=0 dirty_rects_avg=1 dirty_pct_x10=1000 forced_full=0 first_n_force=0 threshold_exceeded=0 dirty_path_taken=0 full_flush_taken=0
[11:43:36] [info] prev-frame-diff block @flip=1300: diff_calls=0 diff_rects_avg=0 diff_dirty_pct_x10=0 bbox_pct_x10=0 bbox_thresh_exceeded=0
[11:43:37] [info] flip-probe: flip #1310 ok=true present=3ms inter_flip_ms=46 drawcalls-since-flip=45 drawcalls-total=89038 fail-total=0 null-skips-total=0
[11:43:37] [info] backdrop cache: thrashing-detect engaged (streak=64, route=direct)
[11:43:37] [info] run_tick_fixed #3000: heartbeat (loop alive)
[11:43:37] [info] flip-probe: flip #1320 ok=true present=3ms inter_flip_ms=46 drawcalls-since-flip=45 drawcalls-total=89488 fail-total=0 null-skips-total=0
[11:43:37] [info] flip-probe: flip #1330 ok=true present=3ms inter_flip_ms=42 drawcalls-since-flip=19 drawcalls-total=89808 fail-total=0 null-skips-total=0
[11:43:38] [info] flip-probe: flip #1340 ok=true present=3ms inter_flip_ms=41 drawcalls-since-flip=18 drawcalls-total=89996 fail-total=0 null-skips-total=0
[11:43:38] [info] flip-probe: flip #1350 ok=true present=3ms inter_flip_ms=44 drawcalls-since-flip=18 drawcalls-total=90176 fail-total=0 null-skips-total=0
[11:43:39] [info] flip-probe: flip #1360 ok=true present=3ms inter_flip_ms=42 drawcalls-since-flip=17 drawcalls-total=90354 fail-total=0 null-skips-total=0
[11:43:39] [info] flip-probe: flip #1370 ok=true present=3ms inter_flip_ms=43 drawcalls-since-flip=17 drawcalls-total=90524 fail-total=0 null-skips-total=0
[11:43:39] [info] backdrop cache: thrashing-detect engaged (streak=124, route=direct)
[11:43:40] [info] flip-probe: flip #1380 ok=true present=3ms inter_flip_ms=42 drawcalls-since-flip=18 drawcalls-total=90701 fail-total=0 null-skips-total=0
[11:43:40] [info] flip-probe: flip #1390 ok=true present=3ms inter_flip_ms=44 drawcalls-since-flip=19 drawcalls-total=90891 fail-total=0 null-skips-total=0
[11:43:40] [info] flip-probe: flip #1400 ok=true present=3ms inter_flip_ms=41 drawcalls-since-flip=19 drawcalls-total=91081 fail-total=0 null-skips-total=0
[11:43:40] [info] alpha audit block 0: 2068 total drawcalls, 0 with alpha<255 (block pct_x10=0; global 0/81877 pct_x10=0); alpha-mod skipped: block=0 global=0
[11:43:40] [info] fastpath audit block 0: taken=2068 (idx8=2068) skipped=0 pct_x10=1000; global taken=81877 (idx8=81877) skipped=0 pct_x10=1000
[11:43:40] [info] primitive tally block 0: clear=200(hr=200) fill=0(hr=0) rect=0(hr=0) line=0(hr=0) tint=0 spotlight=0 (over 100 flips ending at flip 1400)
[11:43:40] [info] color/alpha audit block 0: cmod_white=325 cmod_black=325 (idx=325) cmod_general=0 (idx=0) cmod_fb=0; alpha_taken=0 alpha_skipped=0 (global cmod=8862/7320/693/0 idx=7320/693 alpha=0/0)
[11:43:40] [info] phase timing block 0: drawcalls=2918 dc_total_ms=638 flip_inner_total_ms=496 inter_flip_total_ms=4436 (per-flip avg x10: dc_ms=63 fi_ms=49 if_ms=443 derived audio+engine_ms=331; per-drawcall avg us_x10=2186) [direct-vesa: presents=100 total_ms=289 avg_ms_x10=28 failed=0] [ablation: NO_DC_TIMING=0 CACHE_WINSURF=0 DIRECT_VESA=1]
[11:43:41] [info] kbd/audio block 0: kbd_irq=0 kbd_drain=0 ring_chunks=16 pump_pass=3191 pic1_mask=0xb8 first_irq_ticks=0 install_ticks=0 vector_at_install=0x0084a008 pic1_mask_live=0x98 kbd_8042_stat=0x34 bios_kbd_head=0x0026 bios_kbd_tail=0x0026 bios_kbd_buf0=0x3920
[11:43:41] [info] dirty-rect block @flip=1400: total_calls=0 dirty_rects_avg=1 dirty_pct_x10=1000 forced_full=0 first_n_force=0 threshold_exceeded=0 dirty_path_taken=0 full_flush_taken=0
[11:43:41] [info] prev-frame-diff block @flip=1400: diff_calls=0 diff_rects_avg=0 diff_dirty_pct_x10=0 bbox_pct_x10=0 bbox_thresh_exceeded=0
[11:43:41] [info] tas: stall frame 327 ms -> contributing 1 tick (patch 0286)
[11:43:41] [info] flip-probe: flip #1410 ok=true present=3ms inter_flip_ms=43 drawcalls-since-flip=18 drawcalls-total=91267 fail-total=0 null-skips-total=0
[11:43:42] [info] flip-probe: flip #1420 ok=true present=5ms inter_flip_ms=45 drawcalls-since-flip=17 drawcalls-total=91444 fail-total=0 null-skips-total=0
[11:43:42] [info] flip-probe: flip #1430 ok=true present=3ms inter_flip_ms=41 drawcalls-since-flip=18 drawcalls-total=91620 fail-total=0 null-skips-total=0
[11:43:42] [info] backdrop cache: thrashing-detect engaged (streak=184, route=direct)
[11:43:42] [info] flip-probe: flip #1440 ok=true present=2ms inter_flip_ms=43 drawcalls-since-flip=18 drawcalls-total=91800 fail-total=0 null-skips-total=0
[11:43:43] [info] flip-probe: flip #1450 ok=true present=3ms inter_flip_ms=46 drawcalls-since-flip=19 drawcalls-total=91990 fail-total=0 null-skips-total=0
[11:43:43] [info] run_tick_fixed #3300: heartbeat (loop alive)
[11:43:43] [info] flip-probe: flip #1460 ok=true present=3ms inter_flip_ms=44 drawcalls-since-flip=19 drawcalls-total=92180 fail-total=0 null-skips-total=0
[11:43:44] [info] flip-probe: flip #1470 ok=true present=3ms inter_flip_ms=44 drawcalls-since-flip=20 drawcalls-total=92375 fail-total=0 null-skips-total=0
[11:43:44] [info] flip-probe: flip #1480 ok=true present=3ms inter_flip_ms=43 drawcalls-since-flip=20 drawcalls-total=92575 fail-total=0 null-skips-total=0
[11:43:45] [info] flip-probe: flip #1490 ok=true present=3ms inter_flip_ms=42 drawcalls-since-flip=20 drawcalls-total=92775 fail-total=0 null-skips-total=0
[11:43:45] [info] backdrop cache: thrashing-detect engaged (streak=244, route=direct)
[11:43:45] [info] flip-probe: flip #1500 ok=true present=3ms inter_flip_ms=41 drawcalls-since-flip=17 drawcalls-total=92960 fail-total=0 null-skips-total=0
[11:43:45] [info] alpha audit block 0: 1779 total drawcalls, 0 with alpha<255 (block pct_x10=0; global 0/83656 pct_x10=0); alpha-mod skipped: block=0 global=0
[11:43:45] [info] fastpath audit block 0: taken=1779 (idx8=1779) skipped=0 pct_x10=1000; global taken=83656 (idx8=83656) skipped=0 pct_x10=1000
[11:43:45] [info] primitive tally block 0: clear=200(hr=200) fill=0(hr=0) rect=0(hr=0) line=0(hr=0) tint=0 spotlight=0 (over 100 flips ending at flip 1500)
[11:43:45] [info] phase timing block 0: drawcalls=1979 dc_total_ms=575 flip_inner_total_ms=486 inter_flip_total_ms=4631 (per-flip avg x10: dc_ms=57 fi_ms=48 if_ms=463 derived audio+engine_ms=358; per-drawcall avg us_x10=2908) [direct-vesa: presents=100 total_ms=289 avg_ms_x10=28 failed=0] [ablation: NO_DC_TIMING=0 CACHE_WINSURF=0 DIRECT_VESA=1]
[11:43:45] [info] kbd/audio block 0: kbd_irq=0 kbd_drain=0 ring_chunks=16 pump_pass=3407 pic1_mask=0xb8 first_irq_ticks=0 install_ticks=0 vector_at_install=0x0084a008 pic1_mask_live=0x98 kbd_8042_stat=0x34 bios_kbd_head=0x0026 bios_kbd_tail=0x0026 bios_kbd_buf0=0x3920
[11:43:45] [info] dirty-rect block @flip=1500: total_calls=0 dirty_rects_avg=1 dirty_pct_x10=1000 forced_full=0 first_n_force=0 threshold_exceeded=0 dirty_path_taken=0 full_flush_taken=0
[11:43:45] [info] prev-frame-diff block @flip=1500: diff_calls=0 diff_rects_avg=0 diff_dirty_pct_x10=0 bbox_pct_x10=0 bbox_thresh_exceeded=0
[11:43:46] [info] flip-probe: flip #1510 ok=true present=3ms inter_flip_ms=46 drawcalls-since-flip=17 drawcalls-total=93130 fail-total=0 null-skips-total=0
[11:43:46] [info] flip-probe: flip #1520 ok=true present=3ms inter_flip_ms=44 drawcalls-since-flip=18 drawcalls-total=93302 fail-total=0 null-skips-total=0
[11:43:46] [info] flip-probe: flip #1530 ok=true present=3ms inter_flip_ms=43 drawcalls-since-flip=18 drawcalls-total=93484 fail-total=0 null-skips-total=0
[11:43:47] [info] flip-probe: flip #1540 ok=true present=3ms inter_flip_ms=43 drawcalls-since-flip=17 drawcalls-total=93656 fail-total=0 null-skips-total=0
[11:43:47] [info] flip-probe: flip #1550 ok=true present=3ms inter_flip_ms=43 drawcalls-since-flip=16 drawcalls-total=93817 fail-total=0 null-skips-total=0
[11:43:47] [info] backdrop cache: thrashing-detect engaged (streak=304, route=direct)
[11:43:48] [info] flip-probe: flip #1560 ok=true present=3ms inter_flip_ms=49 drawcalls-since-flip=19 drawcalls-total=93991 fail-total=0 null-skips-total=0
[11:43:48] [info] flip-probe: flip #1570 ok=true present=3ms inter_flip_ms=43 drawcalls-since-flip=20 drawcalls-total=94187 fail-total=0 null-skips-total=0
[11:43:49] [info] flip-probe: flip #1580 ok=true present=3ms inter_flip_ms=46 drawcalls-since-flip=18 drawcalls-total=94382 fail-total=0 null-skips-total=0
[11:43:49] [info] flip-probe: flip #1590 ok=true present=3ms inter_flip_ms=84 drawcalls-since-flip=359 drawcalls-total=95744 fail-total=0 null-skips-total=0
[11:43:50] [info]  >> Entering stage 19: 'Assembly Hall'.
[11:43:50] [info] [skip-sheet-flush] cave=8
[11:43:50] [info] [load-stage] preloading entry music song=9 (cave=8)
[11:43:50] [info] gameloop: entered (curmap=19, running=1)
[11:43:50] [info] gameloop: iter 1 ticks=116048 mapno=-1
[11:43:50] [info] mds-clear-lut: rebuilt N=240 entries (k_skip=100% k_keep=0%; curmap=19 map_size=21x16; rebuild #6 since boot)
[11:43:50] [info] gameloop: iter 2 ticks=116151 mapno=-1
[11:43:51] [info] gameloop: iter 3 ticks=116245 mapno=-1
[11:43:51] [info] flip-probe: flip #1600 ok=true present=3ms inter_flip_ms=71 drawcalls-since-flip=319 drawcalls-total=99422 fail-total=0 null-skips-total=0
[11:43:51] [info] alpha audit block 0: 6290 total drawcalls, 0 with alpha<255 (block pct_x10=0; global 0/89946 pct_x10=0); alpha-mod skipped: block=0 global=0
[11:43:51] [info] fastpath audit block 0: taken=6290 (idx8=6290) skipped=0 pct_x10=1000; global taken=89946 (idx8=89946) skipped=0 pct_x10=1000
[11:43:51] [info] primitive tally block 0: clear=201(hr=201) fill=0(hr=0) rect=0(hr=0) line=0(hr=0) tint=0 spotlight=0 (over 100 flips ending at flip 1600)
[11:43:51] [info] color/alpha audit block 0: cmod_white=72 cmod_black=72 (idx=72) cmod_general=0 (idx=0) cmod_fb=0; alpha_taken=0 alpha_skipped=0 (global cmod=8934/7392/693/0 idx=7392/693 alpha=0/0)
[11:43:51] [info] phase timing block 0: drawcalls=6641 dc_total_ms=1007 flip_inner_total_ms=493 inter_flip_total_ms=5796 (per-flip avg x10: dc_ms=100 fi_ms=49 if_ms=579 derived audio+engine_ms=430; per-drawcall avg us_x10=1517) [direct-vesa: presents=100 total_ms=290 avg_ms_x10=29 failed=0] [ablation: NO_DC_TIMING=0 CACHE_WINSURF=0 DIRECT_VESA=1]
[11:43:51] [info] kbd/audio block 0: kbd_irq=0 kbd_drain=0 ring_chunks=16 pump_pass=3653 pic1_mask=0xb8 first_irq_ticks=0 install_ticks=0 vector_at_install=0x0084a008 pic1_mask_live=0x98 kbd_8042_stat=0x34 bios_kbd_head=0x0026 bios_kbd_tail=0x0026 bios_kbd_buf0=0x3920
[11:43:51] [info] dirty-rect block @flip=1600: total_calls=0 dirty_rects_avg=1 dirty_pct_x10=1000 forced_full=0 first_n_force=0 threshold_exceeded=0 dirty_path_taken=0 full_flush_taken=0
[11:43:51] [info] prev-frame-diff block @flip=1600: diff_calls=0 diff_rects_avg=0 diff_dirty_pct_x10=0 bbox_pct_x10=0 bbox_thresh_exceeded=0
[11:43:51] [info] flip-probe: flip #1610 ok=true present=3ms inter_flip_ms=44 drawcalls-since-flip=122 drawcalls-total=100669 fail-total=0 null-skips-total=0
[11:43:52] [info] flip-probe: flip #1620 ok=true present=3ms inter_flip_ms=44 drawcalls-since-flip=122 drawcalls-total=101889 fail-total=0 null-skips-total=0
[11:43:52] [info] flip-probe: flip #1630 ok=true present=2ms inter_flip_ms=48 drawcalls-since-flip=124 drawcalls-total=103115 fail-total=0 null-skips-total=0
[11:43:53] [info] flip-probe: flip #1640 ok=true present=3ms inter_flip_ms=44 drawcalls-since-flip=122 drawcalls-total=104354 fail-total=0 null-skips-total=0
[11:43:53] [info] flip-probe: flip #1650 ok=true present=3ms inter_flip_ms=46 drawcalls-since-flip=123 drawcalls-total=105585 fail-total=0 null-skips-total=0
[11:43:54] [info] flip-probe: flip #1660 ok=true present=3ms inter_flip_ms=46 drawcalls-since-flip=122 drawcalls-total=106808 fail-total=0 null-skips-total=0
[11:43:54] [info] flip-probe: flip #1670 ok=true present=3ms inter_flip_ms=46 drawcalls-since-flip=122 drawcalls-total=108028 fail-total=0 null-skips-total=0
[11:43:55] [info] flip-probe: flip #1680 ok=true present=3ms inter_flip_ms=43 drawcalls-since-flip=122 drawcalls-total=109248 fail-total=0 null-skips-total=0
[11:43:55] [info] flip-probe: flip #1690 ok=true present=3ms inter_flip_ms=48 drawcalls-since-flip=150 drawcalls-total=110496 fail-total=0 null-skips-total=0
[11:43:56] [info]  >> Entering stage 11: 'Mimiga Village'.
[11:43:56] [info] [skip-sheet-flush] cave=9
[11:43:56] [info] [load-stage] preloading entry music song=9 (cave=9)
[11:43:57] [info] gameloop: entered (curmap=11, running=1)
[11:43:57] [info] gameloop: iter 1 ticks=122352 mapno=-1
[11:43:57] [info] mds-clear-lut: rebuilt N=240 entries (k_skip=0% k_keep=100%; curmap=11 map_size=60x60; rebuild #7 since boot)
[11:43:57] [info] flip-probe: flip #1700 ok=true present=3ms inter_flip_ms=1129 drawcalls-since-flip=384 drawcalls-total=113886 fail-total=0 null-skips-total=0
[11:43:57] [info] alpha audit block 0: 13163 total drawcalls, 0 with alpha<255 (block pct_x10=0; global 0/103109 pct_x10=0); alpha-mod skipped: block=0 global=0
[11:43:57] [info] fastpath audit block 0: taken=13163 (idx8=13163) skipped=0 pct_x10=1000; global taken=103109 (idx8=103109) skipped=0 pct_x10=1000
[11:43:57] [info] primitive tally block 0: clear=202(hr=202) fill=0(hr=0) rect=0(hr=0) line=0(hr=0) tint=0 spotlight=0 (over 100 flips ending at flip 1700)
[11:43:57] [info] color/alpha audit block 0: cmod_white=1201 cmod_black=1201 (idx=1201) cmod_general=0 (idx=0) cmod_fb=0; alpha_taken=0 alpha_skipped=0 (global cmod=10135/8593/693/0 idx=8593/693 alpha=0/0)
[11:43:57] [info] phase timing block 0: drawcalls=15867 dc_total_ms=1686 flip_inner_total_ms=493 inter_flip_total_ms=5882 (per-flip avg x10: dc_ms=168 fi_ms=49 if_ms=588 derived audio+engine_ms=371; per-drawcall avg us_x10=1063) [direct-vesa: presents=100 total_ms=292 avg_ms_x10=29 failed=0] [ablation: NO_DC_TIMING=0 CACHE_WINSURF=0 DIRECT_VESA=1]
[11:43:57] [info] kbd/audio block 0: kbd_irq=0 kbd_drain=0 ring_chunks=16 pump_pass=3893 pic1_mask=0xb8 first_irq_ticks=0 install_ticks=0 vector_at_install=0x0084a008 pic1_mask_live=0x98 kbd_8042_stat=0x34 bios_kbd_head=0x0026 bios_kbd_tail=0x0026 bios_kbd_buf0=0x3920
[11:43:57] [info] dirty-rect block @flip=1700: total_calls=0 dirty_rects_avg=1 dirty_pct_x10=1000 forced_full=0 first_n_force=0 threshold_exceeded=0 dirty_path_taken=0 full_flush_taken=0
[11:43:57] [info] prev-frame-diff block @flip=1700: diff_calls=0 diff_rects_avg=0 diff_dirty_pct_x10=0 bbox_pct_x10=0 bbox_thresh_exceeded=0
[11:43:57] [info] gameloop: iter 2 ticks=122522 mapno=-1
[11:43:57] [info] tas: stall frame 170 ms -> contributing 1 tick (patch 0286)
[11:43:57] [info] gameloop: iter 3 ticks=122616 mapno=-1
[11:43:57] [info] backdrop cache: thrashing-detect engaged (streak=4, route=direct)
[11:43:58] [info] flip-probe: flip #1710 ok=true present=3ms inter_flip_ms=48 drawcalls-since-flip=32 drawcalls-total=116074 fail-total=0 null-skips-total=0
[11:43:58] [info] flip-probe: flip #1720 ok=true present=3ms inter_flip_ms=47 drawcalls-since-flip=46 drawcalls-total=116523 fail-total=0 null-skips-total=0
[11:43:58] [info] flip-probe: flip #1730 ok=true present=2ms inter_flip_ms=46 drawcalls-since-flip=42 drawcalls-total=116964 fail-total=0 null-skips-total=0
[11:43:59] [info] flip-probe: flip #1740 ok=true present=3ms inter_flip_ms=47 drawcalls-since-flip=43 drawcalls-total=117392 fail-total=0 null-skips-total=0
[11:43:59] [info] flip-probe: flip #1750 ok=true present=3ms inter_flip_ms=49 drawcalls-since-flip=44 drawcalls-total=117834 fail-total=0 null-skips-total=0
[11:44:00] [info] flip-probe: flip #1760 ok=true present=3ms inter_flip_ms=46 drawcalls-since-flip=43 drawcalls-total=118268 fail-total=0 null-skips-total=0
[11:44:00] [info] backdrop cache: thrashing-detect engaged (streak=64, route=direct)
[11:44:00] [info] flip-probe: flip #1770 ok=true present=4ms inter_flip_ms=46 drawcalls-since-flip=46 drawcalls-total=118716 fail-total=0 null-skips-total=0
[11:44:01] [info] flip-probe: flip #1780 ok=true present=3ms inter_flip_ms=49 drawcalls-since-flip=45 drawcalls-total=119164 fail-total=0 null-skips-total=0
[11:44:01] [info] flip-probe: flip #1790 ok=true present=3ms inter_flip_ms=47 drawcalls-since-flip=44 drawcalls-total=119607 fail-total=0 null-skips-total=0
[11:44:02] [info] flip-probe: flip #1800 ok=true present=3ms inter_flip_ms=46 drawcalls-since-flip=43 drawcalls-total=120046 fail-total=0 null-skips-total=0
[11:44:02] [info] alpha audit block 0: 4760 total drawcalls, 0 with alpha<255 (block pct_x10=0; global 0/107869 pct_x10=0); alpha-mod skipped: block=0 global=0
[11:44:02] [info] fastpath audit block 0: taken=4760 (idx8=4760) skipped=0 pct_x10=1000; global taken=107869 (idx8=107869) skipped=0 pct_x10=1000
[11:44:02] [info] primitive tally block 0: clear=200(hr=200) fill=0(hr=0) rect=0(hr=0) line=0(hr=0) tint=0 spotlight=0 (over 100 flips ending at flip 1800)
[11:44:02] [info] color/alpha audit block 0: cmod_white=1300 cmod_black=1300 (idx=1300) cmod_general=0 (idx=0) cmod_fb=0; alpha_taken=0 alpha_skipped=0 (global cmod=11435/9893/693/0 idx=9893/693 alpha=0/0)
[11:44:02] [info] phase timing block 0: drawcalls=7565 dc_total_ms=1012 flip_inner_total_ms=489 inter_flip_total_ms=5049 (per-flip avg x10: dc_ms=101 fi_ms=48 if_ms=504 derived audio+engine_ms=355; per-drawcall avg us_x10=1337) [direct-vesa: presents=100 total_ms=285 avg_ms_x10=28 failed=0] [ablation: NO_DC_TIMING=0 CACHE_WINSURF=0 DIRECT_VESA=1]
[11:44:02] [info] kbd/audio block 0: kbd_irq=0 kbd_drain=0 ring_chunks=16 pump_pass=4140 pic1_mask=0xb8 first_irq_ticks=0 install_ticks=0 vector_at_install=0x0084a008 pic1_mask_live=0x98 kbd_8042_stat=0x34 bios_kbd_head=0x0026 bios_kbd_tail=0x0026 bios_kbd_buf0=0x3920
[11:44:02] [info] dirty-rect block @flip=1800: total_calls=0 dirty_rects_avg=1 dirty_pct_x10=1000 forced_full=0 first_n_force=0 threshold_exceeded=0 dirty_path_taken=0 full_flush_taken=0
[11:44:02] [info] prev-frame-diff block @flip=1800: diff_calls=0 diff_rects_avg=0 diff_dirty_pct_x10=0 bbox_pct_x10=0 bbox_thresh_exceeded=0
[11:44:02] [info] flip-probe: flip #1810 ok=true present=3ms inter_flip_ms=49 drawcalls-since-flip=43 drawcalls-total=120476 fail-total=0 null-skips-total=0
[11:44:03] [info] flip-probe: flip #1820 ok=true present=3ms inter_flip_ms=43 drawcalls-since-flip=18 drawcalls-total=120881 fail-total=0 null-skips-total=0
[11:44:03] [info] run_tick_fixed #4200: heartbeat (loop alive)
[11:44:03] [info] backdrop cache: thrashing-detect engaged (streak=124, route=direct)
[11:44:03] [info] flip-probe: flip #1830 ok=true present=3ms inter_flip_ms=43 drawcalls-since-flip=18 drawcalls-total=121061 fail-total=0 null-skips-total=0
[11:44:04] [info] flip-probe: flip #1840 ok=true present=3ms inter_flip_ms=44 drawcalls-since-flip=19 drawcalls-total=121248 fail-total=0 null-skips-total=0
[11:44:04] [info] flip-probe: flip #1850 ok=true present=3ms inter_flip_ms=45 drawcalls-since-flip=18 drawcalls-total=121435 fail-total=0 null-skips-total=0
[11:44:05] [info] flip-probe: flip #1860 ok=true present=4ms inter_flip_ms=42 drawcalls-since-flip=15 drawcalls-total=121589 fail-total=0 null-skips-total=0
[11:44:05] [info] flip-probe: flip #1870 ok=true present=3ms inter_flip_ms=53 drawcalls-since-flip=116 drawcalls-total=121889 fail-total=0 null-skips-total=0
[11:44:05] [info]  >> Entering stage 14: 'Shack'.
[11:44:05] [info] [skip-sheet-flush] cave=10
[11:44:06] [info] [load-stage] preloading entry music song=8 (cave=10)
[11:44:06] [info] opl3 backend: on_song_stop
[11:44:06] [info] MidiScheduler::load: parsed 'data/orgmid2/vivi.mid' = 11188 events at 48 PPQ
[11:44:06] [info] opl3 backend: on_song_start
[11:44:06] [info] gameloop: entered (curmap=14, running=1)
[11:44:06] [info] gameloop: iter 1 ticks=132164 mapno=-1
[11:44:07] [info] gameloop: iter 2 ticks=132241 mapno=-1
[11:44:07] [info] gameloop: iter 3 ticks=132325 mapno=-1
[11:44:07] [info] flip-probe: flip #1880 ok=true present=3ms inter_flip_ms=84 drawcalls-since-flip=365 drawcalls-total=124940 fail-total=0 null-skips-total=0
[11:44:07] [info] flip-probe: flip #1890 ok=true present=3ms inter_flip_ms=32 drawcalls-since-flip=13 drawcalls-total=126398 fail-total=0 null-skips-total=0
[11:44:08] [info] flip-probe: flip #1900 ok=true present=3ms inter_flip_ms=33 drawcalls-since-flip=24 drawcalls-total=126638 fail-total=0 null-skips-total=0
[11:44:08] [info] alpha audit block 0: 6153 total drawcalls, 0 with alpha<255 (block pct_x10=0; global 0/114022 pct_x10=0); alpha-mod skipped: block=0 global=0
[11:44:08] [info] fastpath audit block 0: taken=6153 (idx8=6153) skipped=0 pct_x10=1000; global taken=114022 (idx8=114022) skipped=0 pct_x10=1000
[11:44:08] [info] primitive tally block 0: clear=201(hr=201) fill=0(hr=0) rect=0(hr=0) line=0(hr=0) tint=0 spotlight=0 (over 100 flips ending at flip 1900)
[11:44:08] [info] color/alpha audit block 0: cmod_white=362 cmod_black=362 (idx=362) cmod_general=0 (idx=0) cmod_fb=0; alpha_taken=0 alpha_skipped=0 (global cmod=11797/10255/693/0 idx=10255/693 alpha=0/0)
[11:44:08] [info] phase timing block 0: drawcalls=7078 dc_total_ms=1009 flip_inner_total_ms=495 inter_flip_total_ms=5733 (per-flip avg x10: dc_ms=100 fi_ms=49 if_ms=573 derived audio+engine_ms=424; per-drawcall avg us_x10=1426) [direct-vesa: presents=100 total_ms=289 avg_ms_x10=28 failed=0] [ablation: NO_DC_TIMING=0 CACHE_WINSURF=0 DIRECT_VESA=1]
[11:44:08] [info] kbd/audio block 0: kbd_irq=0 kbd_drain=0 ring_chunks=16 pump_pass=4378 pic1_mask=0xb8 first_irq_ticks=0 install_ticks=0 vector_at_install=0x0084a008 pic1_mask_live=0x98 kbd_8042_stat=0x34 bios_kbd_head=0x0026 bios_kbd_tail=0x0026 bios_kbd_buf0=0x3920
[11:44:08] [info] dirty-rect block @flip=1900: total_calls=0 dirty_rects_avg=1 dirty_pct_x10=1000 forced_full=0 first_n_force=0 threshold_exceeded=0 dirty_path_taken=0 full_flush_taken=0
[11:44:08] [info] prev-frame-diff block @flip=1900: diff_calls=0 diff_rects_avg=0 diff_dirty_pct_x10=0 bbox_pct_x10=0 bbox_thresh_exceeded=0
[11:44:08] [info] flip-probe: flip #1910 ok=true present=3ms inter_flip_ms=35 drawcalls-since-flip=24 drawcalls-total=126878 fail-total=0 null-skips-total=0
[11:44:08] [info] flip-probe: flip #1920 ok=true present=3ms inter_flip_ms=35 drawcalls-since-flip=26 drawcalls-total=127124 fail-total=0 null-skips-total=0
[11:44:09] [info] flip-probe: flip #1930 ok=true present=3ms inter_flip_ms=36 drawcalls-since-flip=27 drawcalls-total=127394 fail-total=0 null-skips-total=0
[11:44:09] [info] flip-probe: flip #1940 ok=true present=3ms inter_flip_ms=34 drawcalls-since-flip=24 drawcalls-total=127648 fail-total=0 null-skips-total=0
[11:44:09] [info] flip-probe: flip #1950 ok=true present=3ms inter_flip_ms=34 drawcalls-since-flip=24 drawcalls-total=127888 fail-total=0 null-skips-total=0
[11:44:10] [info] flip-probe: flip #1960 ok=true present=3ms inter_flip_ms=34 drawcalls-since-flip=24 drawcalls-total=128128 fail-total=0 null-skips-total=0
[11:44:10] [info] flip-probe: flip #1970 ok=true present=2ms inter_flip_ms=35 drawcalls-since-flip=24 drawcalls-total=128368 fail-total=0 null-skips-total=0
[11:44:10] [info] flip-probe: flip #1980 ok=true present=3ms inter_flip_ms=35 drawcalls-since-flip=24 drawcalls-total=128608 fail-total=0 null-skips-total=0
[11:44:11] [info] tas: stall frame 253 ms -> contributing 1 tick (patch 0286)
[11:44:11] [info] flip-probe: flip #1990 ok=true present=3ms inter_flip_ms=35 drawcalls-since-flip=24 drawcalls-total=128848 fail-total=0 null-skips-total=0
[11:44:11] [info] flip-probe: flip #2000 ok=true present=3ms inter_flip_ms=38 drawcalls-since-flip=14 drawcalls-total=129058 fail-total=0 null-skips-total=0
[11:44:11] [info] alpha audit block 0: 1935 total drawcalls, 0 with alpha<255 (block pct_x10=0; global 0/115957 pct_x10=0); alpha-mod skipped: block=0 global=0
[11:44:11] [info] fastpath audit block 0: taken=1935 (idx8=1935) skipped=0 pct_x10=1000; global taken=115957 (idx8=115957) skipped=0 pct_x10=1000
[11:44:11] [info] primitive tally block 0: clear=200(hr=200) fill=0(hr=0) rect=0(hr=0) line=0(hr=0) tint=0 spotlight=0 (over 100 flips ending at flip 2000)
[11:44:11] [info] color/alpha audit block 0: cmod_white=485 cmod_black=485 (idx=485) cmod_general=0 (idx=0) cmod_fb=0; alpha_taken=0 alpha_skipped=0 (global cmod=12282/10740/693/0 idx=10740/693 alpha=0/0)
[11:44:11] [info] phase timing block 0: drawcalls=3105 dc_total_ms=626 flip_inner_total_ms=711 inter_flip_total_ms=3729 (per-flip avg x10: dc_ms=62 fi_ms=71 if_ms=372 derived audio+engine_ms=239; per-drawcall avg us_x10=2018) [direct-vesa: presents=100 total_ms=291 avg_ms_x10=29 failed=0] [ablation: NO_DC_TIMING=0 CACHE_WINSURF=0 DIRECT_VESA=1]
[11:44:11] [info] kbd/audio block 0: kbd_irq=0 kbd_drain=0 ring_chunks=16 pump_pass=4553 pic1_mask=0xb8 first_irq_ticks=0 install_ticks=0 vector_at_install=0x0084a008 pic1_mask_live=0x98 kbd_8042_stat=0x34 bios_kbd_head=0x0026 bios_kbd_tail=0x0026 bios_kbd_buf0=0x3920
[11:44:11] [info] dirty-rect block @flip=2000: total_calls=0 dirty_rects_avg=1 dirty_pct_x10=1000 forced_full=0 first_n_force=0 threshold_exceeded=0 dirty_path_taken=0 full_flush_taken=0
[11:44:11] [info] prev-frame-diff block @flip=2000: diff_calls=0 diff_rects_avg=0 diff_dirty_pct_x10=0 bbox_pct_x10=0 bbox_thresh_exceeded=0
[11:44:12] [info] flip-probe: flip #2010 ok=true present=3ms inter_flip_ms=34 drawcalls-since-flip=14 drawcalls-total=129198 fail-total=0 null-skips-total=0
[11:44:12] [info] flip-probe: flip #2020 ok=true present=3ms inter_flip_ms=76 drawcalls-since-flip=355 drawcalls-total=131062 fail-total=0 null-skips-total=0
[11:44:12] [info]  >> Entering stage 11: 'Mimiga Village'.
[11:44:12] [info] [skip-sheet-flush] cave=11
[11:44:13] [info] [load-stage] preloading entry music song=9 (cave=11)
[11:44:13] [info] opl3 backend: on_song_stop
[11:44:13] [info] MidiScheduler::load: parsed 'data/orgmid2/mura.mid' = 7123 events at 48 PPQ
[11:44:13] [info] opl3 backend: on_song_start
[11:44:13] [info] gameloop: entered (curmap=11, running=1)
[11:44:13] [info] gameloop: iter 1 ticks=138860 mapno=-1
[11:44:13] [info] gameloop: iter 2 ticks=138957 mapno=-1
[11:44:13] [info] gameloop: iter 3 ticks=139053 mapno=-1
[11:44:14] [info] backdrop cache: thrashing-detect engaged (streak=4, route=direct)
[11:44:14] [info] flip-probe: flip #2030 ok=true present=2ms inter_flip_ms=51 drawcalls-since-flip=90 drawcalls-total=133889 fail-total=0 null-skips-total=0
[11:44:14] [info] flip-probe: flip #2040 ok=true present=3ms inter_flip_ms=43 drawcalls-since-flip=41 drawcalls-total=134278 fail-total=0 null-skips-total=0
[11:44:15] [info] flip-probe: flip #2050 ok=true present=3ms inter_flip_ms=44 drawcalls-since-flip=44 drawcalls-total=134706 fail-total=0 null-skips-total=0
[11:44:15] [info] flip-probe: flip #2060 ok=true present=3ms inter_flip_ms=46 drawcalls-since-flip=44 drawcalls-total=135146 fail-total=0 null-skips-total=0
[11:44:16] [info] flip-probe: flip #2070 ok=true present=3ms inter_flip_ms=47 drawcalls-since-flip=47 drawcalls-total=135614 fail-total=0 null-skips-total=0
[11:44:16] [info] flip-probe: flip #2080 ok=true present=3ms inter_flip_ms=45 drawcalls-since-flip=43 drawcalls-total=136054 fail-total=0 null-skips-total=0
[11:44:16] [info] backdrop cache: thrashing-detect engaged (streak=64, route=direct)
[11:44:17] [info] flip-probe: flip #2090 ok=true present=3ms inter_flip_ms=46 drawcalls-since-flip=43 drawcalls-total=136484 fail-total=0 null-skips-total=0
[11:44:17] [info] flip-probe: flip #2100 ok=true present=3ms inter_flip_ms=46 drawcalls-since-flip=45 drawcalls-total=136941 fail-total=0 null-skips-total=0
[11:44:17] [info] alpha audit block 0: 6805 total drawcalls, 0 with alpha<255 (block pct_x10=0; global 0/122762 pct_x10=0); alpha-mod skipped: block=0 global=0
[11:44:17] [info] fastpath audit block 0: taken=6805 (idx8=6805) skipped=0 pct_x10=1000; global taken=122762 (idx8=122762) skipped=0 pct_x10=1000
[11:44:17] [info] primitive tally block 0: clear=201(hr=201) fill=0(hr=0) rect=0(hr=0) line=0(hr=0) tint=0 spotlight=0 (over 100 flips ending at flip 2100)
[11:44:17] [info] color/alpha audit block 0: cmod_white=1001 cmod_black=1001 (idx=1001) cmod_general=0 (idx=0) cmod_fb=0; alpha_taken=0 alpha_skipped=0 (global cmod=13283/11741/693/0 idx=11741/693 alpha=0/0)
[11:44:17] [info] phase timing block 0: drawcalls=9013 dc_total_ms=1154 flip_inner_total_ms=492 inter_flip_total_ms=5745 (per-flip avg x10: dc_ms=115 fi_ms=49 if_ms=574 derived audio+engine_ms=410; per-drawcall avg us_x10=1280) [direct-vesa: presents=100 total_ms=287 avg_ms_x10=28 failed=0] [ablation: NO_DC_TIMING=0 CACHE_WINSURF=0 DIRECT_VESA=1]
[11:44:17] [info] kbd/audio block 0: kbd_irq=0 kbd_drain=0 ring_chunks=16 pump_pass=4800 pic1_mask=0xb8 first_irq_ticks=0 install_ticks=0 vector_at_install=0x0084a008 pic1_mask_live=0x98 kbd_8042_stat=0x34 bios_kbd_head=0x0026 bios_kbd_tail=0x0026 bios_kbd_buf0=0x3920
[11:44:17] [info] dirty-rect block @flip=2100: total_calls=0 dirty_rects_avg=1 dirty_pct_x10=1000 forced_full=0 first_n_force=0 threshold_exceeded=0 dirty_path_taken=0 full_flush_taken=0
[11:44:17] [info] prev-frame-diff block @flip=2100: diff_calls=0 diff_rects_avg=0 diff_dirty_pct_x10=0 bbox_pct_x10=0 bbox_thresh_exceeded=0
[11:44:17] [info] run_tick_fixed #4800: heartbeat (loop alive)
[11:44:18] [info] flip-probe: flip #2110 ok=true present=3ms inter_flip_ms=47 drawcalls-since-flip=45 drawcalls-total=137391 fail-total=0 null-skips-total=0
[11:44:18] [info] flip-probe: flip #2120 ok=true present=3ms inter_flip_ms=44 drawcalls-since-flip=45 drawcalls-total=137841 fail-total=0 null-skips-total=0
[11:44:18] [info] flip-probe: flip #2130 ok=true present=3ms inter_flip_ms=45 drawcalls-since-flip=46 drawcalls-total=138306 fail-total=0 null-skips-total=0
[11:44:19] [info] flip-probe: flip #2140 ok=true present=3ms inter_flip_ms=45 drawcalls-since-flip=44 drawcalls-total=138759 fail-total=0 null-skips-total=0
[11:44:19] [info] backdrop cache: thrashing-detect engaged (streak=124, route=direct)
[11:44:19] [info] flip-probe: flip #2150 ok=true present=3ms inter_flip_ms=40 drawcalls-since-flip=18 drawcalls-total=139017 fail-total=0 null-skips-total=0
[11:44:20] [info] flip-probe: flip #2160 ok=true present=2ms inter_flip_ms=42 drawcalls-since-flip=19 drawcalls-total=139203 fail-total=0 null-skips-total=0
[11:44:20] [info] backdrop cache: thrashing-detect engaged (streak=4, route=direct)
[11:44:20] [info] flip-probe: flip #2170 ok=true present=3ms inter_flip_ms=42 drawcalls-since-flip=20 drawcalls-total=139400 fail-total=0 null-skips-total=0
[11:44:21] [info] flip-probe: flip #2180 ok=true present=3ms inter_flip_ms=42 drawcalls-since-flip=20 drawcalls-total=139609 fail-total=0 null-skips-total=0
[11:44:21] [info] flip-probe: flip #2190 ok=true present=3ms inter_flip_ms=41 drawcalls-since-flip=19 drawcalls-total=139805 fail-total=0 null-skips-total=0
[11:44:22] [info] flip-probe: flip #2200 ok=true present=3ms inter_flip_ms=42 drawcalls-since-flip=19 drawcalls-total=139995 fail-total=0 null-skips-total=0
[11:44:22] [info] alpha audit block 0: 2395 total drawcalls, 0 with alpha<255 (block pct_x10=0; global 0/125157 pct_x10=0); alpha-mod skipped: block=0 global=0
[11:44:22] [info] fastpath audit block 0: taken=2395 (idx8=2395) skipped=0 pct_x10=1000; global taken=125157 (idx8=125157) skipped=0 pct_x10=1000
[11:44:22] [info] primitive tally block 0: clear=200(hr=200) fill=0(hr=0) rect=0(hr=0) line=0(hr=0) tint=0 spotlight=0 (over 100 flips ending at flip 2200)
[11:44:22] [info] color/alpha audit block 0: cmod_white=559 cmod_black=559 (idx=559) cmod_general=0 (idx=0) cmod_fb=0; alpha_taken=0 alpha_skipped=0 (global cmod=13842/12300/693/0 idx=12300/693 alpha=0/0)
[11:44:22] [info] phase timing block 0: drawcalls=3717 dc_total_ms=708 flip_inner_total_ms=494 inter_flip_total_ms=4516 (per-flip avg x10: dc_ms=70 fi_ms=49 if_ms=451 derived audio+engine_ms=332; per-drawcall avg us_x10=1906) [direct-vesa: presents=100 total_ms=289 avg_ms_x10=28 failed=0] [ablation: NO_DC_TIMING=0 CACHE_WINSURF=0 DIRECT_VESA=1]
[11:44:22] [info] kbd/audio block 0: kbd_irq=0 kbd_drain=0 ring_chunks=16 pump_pass=5026 pic1_mask=0xb8 first_irq_ticks=0 install_ticks=0 vector_at_install=0x0084a008 pic1_mask_live=0x98 kbd_8042_stat=0x34 bios_kbd_head=0x0026 bios_kbd_tail=0x0026 bios_kbd_buf0=0x3920
[11:44:22] [info] dirty-rect block @flip=2200: total_calls=0 dirty_rects_avg=1 dirty_pct_x10=1000 forced_full=0 first_n_force=0 threshold_exceeded=0 dirty_path_taken=0 full_flush_taken=0
[11:44:22] [info] prev-frame-diff block @flip=2200: diff_calls=0 diff_rects_avg=0 diff_dirty_pct_x10=0 bbox_pct_x10=0 bbox_thresh_exceeded=0
[11:44:22] [info] flip-probe: flip #2210 ok=true present=3ms inter_flip_ms=42 drawcalls-since-flip=19 drawcalls-total=140185 fail-total=0 null-skips-total=0
[11:44:22] [info] flip-probe: flip #2220 ok=true present=3ms inter_flip_ms=42 drawcalls-since-flip=19 drawcalls-total=140375 fail-total=0 null-skips-total=0
[11:44:23] [info] backdrop cache: thrashing-detect engaged (streak=64, route=direct)
[11:44:23] [info] flip-probe: flip #2230 ok=true present=3ms inter_flip_ms=43 drawcalls-since-flip=19 drawcalls-total=140565 fail-total=0 null-skips-total=0
[11:44:23] [info] run_tick_fixed #5100: heartbeat (loop alive)
[11:44:23] [info] flip-probe: flip #2240 ok=true present=3ms inter_flip_ms=44 drawcalls-since-flip=60 drawcalls-total=140919 fail-total=0 null-skips-total=0
[11:44:24] [info] flip-probe: flip #2250 ok=true present=3ms inter_flip_ms=44 drawcalls-since-flip=60 drawcalls-total=141519 fail-total=0 null-skips-total=0
[11:44:24] [info] flip-probe: flip #2260 ok=true present=3ms inter_flip_ms=44 drawcalls-since-flip=60 drawcalls-total=142119 fail-total=0 null-skips-total=0
[11:44:25] [info] flip-probe: flip #2270 ok=true present=3ms inter_flip_ms=45 drawcalls-since-flip=60 drawcalls-total=142719 fail-total=0 null-skips-total=0
[11:44:25] [info] tas: end-of-replay auto-exit at tick 5140 (recording exhausted; set DOSKUTSU_TAS_REPLAY_HOLD=1 to disable + observe steady-state past recording end)
[11:44:25] [info] Script engine shutdown.
[11:44:25] [info] opl3 backend: on_song_stop
[11:44:25] [info] opl3 backend: cleared reg 0xBD chip-wide latch (wub-wub mitigation per flush-instr WAVE-46 H6)
[11:44:25] [info] opl3 backend shutdown (all 18 voices KEY-OFF unconditionally; OPL2 mode restored; chip state safe for next process)
[11:44:25] [info] Sound system shutdown
[11:44:25] [info] Renderer::Close()
[11:44:25] [info] tas: replay file closed
[11:44:25] [info] [fps-true] flips=2270 render_s=146 fps_mean=15.5 (clock-independent: flips / seconds since the FIRST flip; use THIS for the fps matrix, not inter_flip medians, which are invalid in any cell running the PIT/IRQ-0 music pump)
[RUNMANIFEST-BEGIN]
schema_version=1
environment=realhw
binary_sha12=f8d446b4b0e0
wave_tag=616
scene=
env_block_sha=daeebbcb71eb
started_utc=2026-11-19T18:23:28Z
duration_s=161
exit_code=0
fps_p50=NA
fps_p95=NA
audio_vital_status=NA
regime=NA
banner_required_hit=0
banner_required_total=0
banner_forbidden_hit=0
banner_optional_hit=0
critical_count=0
warn_count=0
[RUNMANIFEST-END]
[11:44:25] [info] [runmanifest-emit] schema=v1 env=realhw sha12=f8d446b4b0e0 dur=161s tag='616' scene='' env_sha=daeebbcb71eb (signals=0x4)
