Logger::init: wave-53 log level=INFO path='LOGS/618.LOG'
[11:47:27] [info] config: loaded DOSKUTSU.CFG (3 keys)
[11:47:27] [info] tas: PRNG seed forced to 12345 via DOSKUTSU_TAS_PRNG_SEED
[11:47:27] [info] tas: auto-exit armed at tick 30000 via DOSKUTSU_TAS_AUTO_EXIT_TICK
[11:47:27] [info] tas: replay opened path='QA.TAS' header_seed=12345
[11:47:28] [info] data cache: DISABLED (default)
[11:47:28] [info] Joystick: skipped (default; set DOSKUTSU_USE_JOYSTICK=1 to enable -- skips SDL3-DOS gameport BIOS INT 15h polling, ~82 ms / flip on real HW)
[11:47:28] [info] Loading settings...
[11:47:28] [info] [input-bind] applied=0 invert_y=0 dos_axes=1
[11:47:28] [info] Renderer::initVideo: 8bpp mode requested via SDL_HINT_DOS_MAX_BPP=8 (wave 16); SDL3-DOS will pick the highest-bpp <= 8 mode at requested resolution
[11:47:28] [info] Renderer::initVideo: DOS resolution-label lock ENABLED (default)
[11:47:28] [info] Renderer::initVideo: using: software renderer
[11:47:31] [info] Renderer::initVideo: dirty-rect tracking ENABLED (wave 15, default ON; set SDL_HINT_DOSKUTSU_DIRTY_RECTS=0 to disable)
[11:47:31] [info] Renderer::initVideo: ablation flags: NO_DC_TIMING=0 CACHE_WINSURF=0 NO_INPUT_POLL=0 DIRECT_VESA=1
[11:47:31] [info] Renderer::initVideo: direct-VESA hot path ENABLED (default since wave 20 patch 0088; bypasses SDL_RenderPresent / SDL_UpdateWindowSurface and writes via SDL/0034's PresentFull helper; R2 mitigation handled by SDL/0034 generation counter -- no per-N-flip heartbeat needed; set SDL_HINT_DOSKUTSU_DIRECT_VESA=0 to revert)
[11:47:31] [info] Renderer::initVideo: flip-phase instrumentation DISABLED (default; set SDL_HINT_DOSKUTSU_FLIP_INSTR=1 to opt in for wave-20 Lever A diagnostic)
[11:47:31] [info] Renderer::initVideo: asm opaque-span blit lever DISABLED (default; set SDL_HINT_DOSKUTSU_ASM_BLIT=1 to opt in -- wave-51 _blit_indexed colorkey-blit lever)
[11:47:31] [info] Renderer::initVideo: blit-decomp instrumentation DISABLED (default; set SDL_HINT_DOSKUTSU_BLIT_DECOMP=1 to opt in -- wave-51 _blit_indexed sub-decomp sizing)
[11:47:31] [info] Renderer::initVideo: mds-scroll-decomp instrumentation DISABLED (default; set SDL_HINT_DOSKUTSU_MDS_DECOMP=1 to opt in -- wave-52 mode_draw_scene scrolling-block decomp)
[11:47:31] [info] Renderer::initVideo: DOSVESA pump yield: skipped (default) (per-flip explicit SDL_Delay(0) yield is always on; set SDL_HINT_DOSKUTSU_FORCE_PUMP_YIELD=1 to restore old per-pump yield)
[11:47:31] [info] Renderer::initVideo: indexed-mode (8bpp) ENABLED -- master palette + 107 per-asset remap LUTs loaded (wave 16, default ON; set SDL_HINT_DOSKUTSU_PIXEL_FORMAT_8=0 to disable)
[11:47:31] [info] Renderer::initVideo: master palette attached to window surface (format=SDL_PIXELFORMAT_INDEX8, ncolors=256)
[11:47:31] [info] Renderer::initVideo: indexed-mode smoke: idx0=(0,0,0) OK idx255=(255,0,255) OK
[11:47:31] [info] Renderer::initVideo: indexed-mode smoke: paletteRemapFor('MyChar.pbm') = present
[11:47:32] [info] Surface::loadImage palmap-diag #1: 'data/Loading.pbm' fmt=SDL_PIXELFORMAT_ABGR8888 remap=HIT -> path=truecolor
[11:47:32] [info] Renderer: prev-frame diff DISABLED (default since wave 17.6; set SDL_HINT_DOSKUTSU_PREVFRAME_DIFF=1 to opt in)
[11:47:32] [info] flip-probe: renderer=software window_ptr=8809360 colorspace=301991328 window_size=320x240 framebuffer_pixels=320x240 logical_present=320x240 mode=2
[11:47:32] [info] flip-probe: first flip ok=true present=46ms inter_flip_ms=0 drawcalls-since-flip=1 drawcalls-total=1
[11:47:32] [info] Sound system init
[11:47:32] [info] Sound system: 4-state audio enable (#31) -- music=on sfx=on (MUSIC_OFF/AUDIO_BACKEND=none -> music-off; SFX_OFF/SFX_DEVICE=none -> sfx-off; both gates are dispatch-level, the device still opens; AUDIO_OFF=1 is the device-level both-off).
[11:47:32] [info] Sound system: Tier-2 audio config (default since wave 21 patch 0093; 11025 Hz, 1 channel, buffer pinned to 256 frames). Measured savings on g2k Pentium OverDrive 83 MHz (W21A): heavy-music scenes ~+11 fps vs Tier-1 baseline (measured -10 to -15 ms/flip post-0094 audio fix; W21A's pre-fix -26.6 ms figure was inflated by stereo-vs-mono playback bug, see patch 0094). Audio quality is reduced vs Tier-1 (mono, 11025 Hz, simple-average L+R downmix) but recognizable; user accepted the trade per direction 2026-05-05. Set SDL_HINT_DOSKUTSU_AUDIO_TIER2=0 to revert to Tier-1 22050 stereo (full Cave Story 2004 audio quality; trades fps for fidelity).
[11:47:32] [info] Sound system: SDL_HINT_AUDIO_DEVICE_SAMPLE_FRAMES=256
[11:47:32] [info] Pixtone IRQ rate-divider: handed master_rate=11025 int16/s (SAMPLE_RATE=11025 x AUDIO_CHANNELS=1) to SDL for auto-RATEDIV (SDL/0074 computes shift_div from the resolved device freq).
[11:47:32] [info] Sound system: device frame-rate: requesting 11025 Hz match to master (SDL_DOSAudioSetDeviceFrameRate; SB16 opens at the engine frame rate instead of SDL's 44100 floor -- 4x less PCM/s + no resampler on the Organya/Pixtone path; killswitch SDL_HINT_DOSKUTSU_DOS_AUDIO_DEVICE_RATE_DEFAULT=0).
[11:47:32] [info] audio backend: opl3 (Phase 10 Stage 4 -- concrete OPL3 FM synthesis backend via SDL/0037+ OPL3 helpers; MidiScheduler routes music dispatch through 18 x 2-op voice allocator + small inline patch bank). SoundManager::init will probe OPL3 via Adlib timer-1 sequence + fall back to organya gracefully if the chip is absent. Pixtone SFX still active on SB16 DAC.
[11:47:32] [info] wave-13.6.1: ring_chunks=16 FORCE_PUMP_YIELD=off (set SDL_HINT_DOSKUTSU_AUDIO_RING_CHUNKS=4|8|16 to override; default 16 matches wave 13.6 behaviour)
[11:47:32] [info] MidiScheduler: MIDI source = 'orgmid2' (native-GM org2mid set; resolves to data/orgmid2/<name>.mid).
[11:47:32] [info] opl3 backend probing for OPL3 chip (Adlib timer-1 sequence)...
[11:47:32] [info] opl3 backend: opl3bank.dat loaded 128 programs from 'data/opl3bank.dat' (v1; 1536 bytes payload). Per-program GM patches now use the runtime bank; programs >= 128 fall back to 8-patch family bucket. Drum channel (MIDI ch 9) unchanged (uses PATCH_DRUM regardless of bank loading).
[11:47:32] [info] opl3 backend ready (OPL3 detected via Adlib timer-1; InitChip applied 18 x 2-op layout; voice allocator armed). Patch bank state: runtime opl3bank.dat ACTIVE (loaded_count=128; programs >= loaded_count fall back to 8-patch placeholder covering GM family categories piano/mallet/organ/guitar/strings/brass/reed/pad). Phase 10.5 path: ship a fuller community bank as data/opl3bank.dat (DOPL3v1 format; 12-byte SBI records per GM program; loader at MidiBackendOpl3 ctor).
[11:47:32] [info] opl3 backend: PATCH_ORGAN + PATCH_MALLET RR=8 (medium release; wub-wub fix per patch 0171; was RR=0 in slot 0103 placeholder -- KEY-OFF couldn't silence; H6 reg 0xBD wave-47 falsified; H1+H5/RR=0 byte-level bug root per WAVE-46/47 analysis)
[11:47:32] [info] Sound system: MidiScheduler armed with MidiBackendOpl3 (patch 0103 Phase 10 Stage 4). Music dispatch routes via SMF parser + 18 x 2-op OPL3 voice allocator + small inline patch bank (community-sourced from Apogee Sound System / AdLib SBI public-domain refs). Pixtone SFX still active on SB16 DAC.
[11:47:32] [info] Sound system: idle-pause skipped (default OFF since patch 0119; backend=opl3 would qualify but operator did not opt-in via SDL_HINT_DOSKUTSU_IDLE_PAUSE=1). DSP stays in continuous-stream mode. Re-enable for an A/B iter once SDL/0037 ForcePause non-engagement is rooted out (task #17).
[11:47:32] [warn] Music dir Ogg/ doesn't exist
[11:47:32] [warn] Music dir Ogg11/ doesn't exist
[11:47:32] [warn] Music dir Ogg17/ doesn't exist
[11:47:32] [warn] Music dir Ogg_ridic/ doesn't exist
[11:47:33] [info] Loading Sound FX...
[11:47:33] [info] [pxt-cache] init(): HIT (loaded cache; render skipped)
[11:47:42] [info] Organya init...
[11:47:43] [info] Organya init done
[11:47:55] [info] gus SFX gain [nx0259]: 70% (SDL_HINT_DOSKUTSU_GUS_SFX_GAIN; scales the GF1 SFX voice volume to balance against velocity/CC-scaled GUS music; default 70, clamp 0..150).
[11:47:55] [info] pixtone IRQ-mix: ENABLED (default; SDL backend engaged; set SDL_HINT_DOSKUTSU_PIXTONE_IRQ_MIX=0 to disable)
[11:47:55] [info] Pixtone::setVolume: L3 active -- mid-play SFX volume updates are no-op in v1 (v2 candidate: SDL_DOSPixtoneSetGain API). gain_x256=256 stored for subsequent SDL_DOSPixtoneStart calls; currently-playing L3 channels unaffected.
[11:47:55] [info] midi ISR tick: engine registered tick_isr callback (L2b active; default ON; set SDL_HINT_DOSKUTSU_MIDI_ISR_TICK=0 to disable)
[11:47:55] [info] menu slide-in fixed-timestep: ENABLED (default; slide advances at 50 Hz logic rate)
[11:47:55] [info] Reading npc.tbl...
[11:47:55] [info] Loading tilekey.dat.
[11:47:55] [info] Script engine init.
[11:47:56] [info] Entering main loop...
[11:47:56] [info] audio mid-gap pump: DISABLED (default)
[11:47:56] [info] TAS fixed-timestep guard: ENABLED (default) (patch 0280; load_stage wall-clock kept out of the FT accumulator so TAS replay advances at a true 50 Hz; set SDL_HINT_DOSKUTSU_TAS_FT_GUARD=0 to disable)
[11:47:56] [info] load_stage ring+DMA silence flush: ENABLED (default) (set SDL_HINT_DOSKUTSU_LOADSTAGE_SILENCE=0 to disable)
[11:47:56] [info] load-band audio-underrun probe: DISABLED (default) (opt-in SDL_HINT_DOSKUTSU_LOADBAND_STAT=1)
[11:47:56] [info]  >> Entering stage 72: 'u'.
[11:47:56] [info] skip sheet flush: ENABLED (default) (SFXPAUSE-012 SHIPPED FIX; sprite sheets stay resident across caves so no per-cave re-decode -> no fire-frame pause; map_flush_graphics tilemap cache still flushes; set SDL_HINT_DOSKUTSU_SKIP_SHEET_FLUSH=0 to restore the old per-cave flush)
[11:47:56] [info] [skip-sheet-flush] cave=1
[11:47:56] [info] eager action sheets: ENABLED (default) (first-fire hitch fix: pre-loads the weapon bullet + hit/muzzle/trail caret sheets at stage load so the first fire/impact does not lazy-decode mid-gameplay; set SDL_HINT_DOSKUTSU_EAGER_ACTION_SHEETS=0 to restore lazy load)
[11:47:56] [info] Surface::loadImage palmap-diag #2: 'data/Bullet.pbm' fmt=SDL_PIXELFORMAT_ABGR8888 remap=HIT -> path=truecolor
[11:47:56] [info] Surface::loadImage palmap-diag #3: 'data/Arms.pbm' fmt=SDL_PIXELFORMAT_ABGR8888 remap=HIT -> path=truecolor
[11:47:57] [info] Surface::loadImage palmap-diag #4: 'data/Caret.pbm' fmt=SDL_PIXELFORMAT_ABGR8888 remap=HIT -> path=truecolor
[11:47:57] [info] Surface::loadImage palmap-diag #5: 'data/Npc/NpcSym.pbm' fmt=SDL_PIXELFORMAT_ABGR8888 remap=HIT -> path=truecolor
[11:47:57] [info] [eager-action-sheets] cave=1 sheets=4 wall_ms=1409
[11:47:57] [info] Surface::loadImage palmap-diag #6: 'data/Stage/PrtWhite.pbm' fmt=SDL_PIXELFORMAT_ABGR8888 remap=HIT -> path=truecolor
[11:47:58] [info] load_stage: entry-music preload ENABLED (default) (set SDL_HINT_DOSKUTSU_PRELOAD_STAGE_MUSIC=0 to disable)
[11:47:58] [info] Surface::loadImage palmap-diag #7: 'data/bk0.pbm' fmt=SDL_PIXELFORMAT_ABGR8888 remap=HIT -> path=truecolor
[11:47:58] [info] gameloop: entered (curmap=72, running=1)
[11:47:58] [info] gameloop: iter 1 ticks=31325 mapno=-1
[11:47:58] [info] fixed-timestep: ENABLED (default; logic 50 Hz, decoupled from render)
[11:47:58] [info] map: BG skip-when-unchanged DISABLED (default) (set SDL_HINT_DOSKUTSU_BG_SKIP_WHEN_UNCHANGED=1 to enable; default OFF since wave-61 -- abandoned, it shipped a backdrop-black flicker and its +0.87 fps was below the noise floor)
[11:47:58] [info] map: skip-redundant-clear lever ENABLED (default since wave-53 promotion)
[11:47:58] [info] perf-mode: level=0 (faithful (default))
[11:47:58] [info] Surface::loadImage palmap-diag #8: 'data/Npc/NpcKings.pbm' fmt=SDL_PIXELFORMAT_ABGR8888 remap=HIT -> path=truecolor
[11:47:59] [info] audio tick-boundary pump: DISABLED (default)
[11:47:59] [info] gameloop: iter 2 ticks=31722 mapno=-1
[11:47:59] [info] gameloop: iter 3 ticks=31778 mapno=-1
[11:47:59] [info] direct-vesa: snapshot @gen=2 use_dosmemput=0 banked_multibank=0 pitches_match=1 vram_w=320 vram_h=240 vram_pitch=320 bpp=1 fb_size=76800 vram_phys=0x78000000 vram_ptr=0x77c00000
[11:47:59] [info] flip-probe: flip #10 ok=true present=4ms inter_flip_ms=33 drawcalls-since-flip=6 drawcalls-total=43 fail-total=0 null-skips-total=0
[11:47:59] [info] flip-probe: flip #20 ok=true present=3ms inter_flip_ms=33 drawcalls-since-flip=4 drawcalls-total=92 fail-total=0 null-skips-total=0
[11:48:00] [info] flip-probe: flip #30 ok=true present=3ms inter_flip_ms=67 drawcalls-since-flip=326 drawcalls-total=2707 fail-total=0 null-skips-total=0
[11:48:01] [info] flip-probe: flip #40 ok=true present=3ms inter_flip_ms=61 drawcalls-since-flip=264 drawcalls-total=5837 fail-total=0 null-skips-total=0
[11:48:01] [info] flip-probe: flip #50 ok=true present=3ms inter_flip_ms=38 drawcalls-since-flip=67 drawcalls-total=7392 fail-total=0 null-skips-total=0
[11:48:02] [info] flip-probe: flip #60 ok=true present=3ms inter_flip_ms=31 drawcalls-since-flip=4 drawcalls-total=7502 fail-total=0 null-skips-total=0
[11:48:02] [info] flip-probe: flip #70 ok=true present=3ms inter_flip_ms=31 drawcalls-since-flip=6 drawcalls-total=7557 fail-total=0 null-skips-total=0
[11:48:02] [info] flip-probe: flip #80 ok=true present=3ms inter_flip_ms=20 drawcalls-since-flip=0 drawcalls-total=7586 fail-total=0 null-skips-total=0
[11:48:02] [info] flip-probe: flip #90 ok=true present=3ms inter_flip_ms=21 drawcalls-since-flip=0 drawcalls-total=7586 fail-total=0 null-skips-total=0
[11:48:02] [info] gameloop: iter 600 ticks=35398 mapno=-1
[11:48:02] [info] title: eager-title-IO phase tag ENABLED (default) (set SDL_HINT_DOSKUTSU_EAGER_TITLE_IO=0 to disable)
[11:48:03] [warn] MidiScheduler::_refresh_isr_buffer: track has 27749 events; ISR buffer is 16384 (truncated; events after 16384 will not dispatch under L2b ON -- the engine-thread tick() path still uses _events directly under L2b OFF)
[11:48:03] [info] MidiScheduler::load: parsed 'data/orgmid2/curly.mid' = 27749 events at 48 PPQ
[11:48:03] [info] opl3 backend: on_song_start
[11:48:03] [info] gameloop: entered (curmap=1005, running=1)
[11:48:03] [info] gameloop: iter 1 ticks=36508 mapno=-1
[11:48:03] [info] map: backdrop cache ENABLED (default) (set SDL_HINT_DOSKUTSU_BACKDROP_CACHE=0 to disable)
[11:48:04] [info] gameloop: iter 2 ticks=37294 mapno=-1
[11:48:04] [info] gameloop: iter 3 ticks=37335 mapno=-1
[11:48:04] [info] backdrop cache: thrashing-detect engaged (streak=4, route=direct)
[11:48:04] [info] flip-probe: flip #100 ok=true present=3ms inter_flip_ms=35 drawcalls-since-flip=75 drawcalls-total=7886 fail-total=0 null-skips-total=0
[11:48:04] [info] alpha audit block 0: 7798 total drawcalls, 0 with alpha<255 (block pct_x10=0; global 0/7798 pct_x10=0); alpha-mod skipped: block=0 global=0
[11:48:04] [info] fastpath audit block 0: taken=7798 (idx8=7798) skipped=0 pct_x10=1000; global taken=7798 (idx8=7798) skipped=0 pct_x10=1000
[11:48:04] [info] primitive tally block 0: clear=220(hr=220) fill=0(hr=0) rect=0(hr=0) line=0(hr=0) tint=0 spotlight=0 (over 100 flips ending at flip 100)
[11:48:04] [info] color/alpha audit block 0: cmod_white=104 cmod_black=0 (idx=0) cmod_general=84 (idx=84) cmod_fb=0; alpha_taken=0 alpha_skipped=0 (global cmod=104/0/84/0 idx=0/84 alpha=0/0)
[11:48:04] [info] phase timing block 0: drawcalls=8209 dc_total_ms=1412 flip_inner_total_ms=592 inter_flip_total_ms=32800 (per-flip avg x10: dc_ms=141 fi_ms=59 if_ms=3280 derived audio+engine_ms=3080; per-drawcall avg us_x10=1720) [direct-vesa: presents=97 total_ms=288 avg_ms_x10=29 failed=0] [ablation: NO_DC_TIMING=0 CACHE_WINSURF=0 DIRECT_VESA=1]
[11:48:04] [info] kbd/audio block 0: kbd_irq=0 kbd_drain=0 ring_chunks=16 pump_pass=99 pic1_mask=0xb8 first_irq_ticks=0 install_ticks=0 vector_at_install=0x0083a078 pic1_mask_live=0x98 kbd_8042_stat=0x34 bios_kbd_head=0x0026 bios_kbd_tail=0x0026 bios_kbd_buf0=0x3920
[11:48:04] [info] audio/engine split block 0: audio_mixer_calls=0 audio_mixer_ms_x10=0 engine_tick_calls=99 engine_tick_ms_x10=523 audio_service_calls=0 audio_service_ms_x10=0 (per-flip avg; per-call us_x10: audio_mix=0 engine_tick=528869 audio_service=0; global ns: audio_mix=0 engine_tick=5235809349 audio_service=0)
[11:48:04] [info] pixtone multi-source probe: DISABLED (default)
[11:48:04] [info] dirty-rect block @flip=100: total_calls=0 dirty_rects_avg=0 dirty_pct_x10=990 forced_full=0 first_n_force=3 threshold_exceeded=2 dirty_path_taken=0 full_flush_taken=3
[11:48:04] [info] prev-frame-diff block @flip=100: diff_calls=0 diff_rects_avg=0 diff_dirty_pct_x10=0 bbox_pct_x10=0 bbox_thresh_exceeded=0
[11:48:05] [info] flip-probe: flip #110 ok=true present=3ms inter_flip_ms=29 drawcalls-since-flip=75 drawcalls-total=8636 fail-total=0 null-skips-total=0
[11:48:05] [info] flip-probe: flip #120 ok=true present=3ms inter_flip_ms=29 drawcalls-since-flip=75 drawcalls-total=9386 fail-total=0 null-skips-total=0
[11:48:05] [info] flip-probe: flip #130 ok=true present=3ms inter_flip_ms=19 drawcalls-since-flip=0 drawcalls-total=9986 fail-total=0 null-skips-total=0
[11:48:05] [info] Loading profile from profile.dat
[11:48:05] [error] profile_load: unable to open 'profile.dat'
[11:48:05] [info] Loading profile from profile2.dat
[11:48:05] [error] profile_load: unable to open 'profile2.dat'
[11:48:05] [info] Loading profile from profile3.dat
[11:48:05] [info] Loading profile from profile4.dat
[11:48:06] [error] profile_load: unable to open 'profile4.dat'
[11:48:06] [info] Loading profile from profile5.dat
[11:48:06] [info] flip-probe: flip #140 ok=true present=3ms inter_flip_ms=49 drawcalls-since-flip=214 drawcalls-total=10842 fail-total=0 null-skips-total=0
[11:48:07] [info] flip-probe: flip #150 ok=true present=3ms inter_flip_ms=50 drawcalls-since-flip=214 drawcalls-total=12982 fail-total=0 null-skips-total=0
[11:48:07] [info] Writing settings...
[11:48:07] [info] flip-probe: flip #160 ok=true present=2ms inter_flip_ms=22 drawcalls-since-flip=0 drawcalls-total=13846 fail-total=0 null-skips-total=0
[11:48:07] [info] flip-probe: flip #170 ok=true present=3ms inter_flip_ms=20 drawcalls-since-flip=0 drawcalls-total=13846 fail-total=0 null-skips-total=0
[11:48:07] [info] opl3 backend: on_song_stop
[11:48:07] [info] Loading profile from profile5.dat
[11:48:07] [info]  >> Entering stage 20: 'Save Point'.
[11:48:07] [info] [skip-sheet-flush] cave=2
[11:48:08] [info] MidiScheduler::load: parsed 'data/orgmid2/mura.mid' = 7123 events at 48 PPQ
[11:48:08] [info] opl3 backend: on_song_start
[11:48:08] [info] gameloop: entered (curmap=20, running=1)
[11:48:08] [info] gameloop: iter 1 ticks=41284 mapno=-1
[11:48:08] [info] TAS stall discount: ENABLED (default) (patch 0286; a replay frame over 150 ms is a load, not slow rendering, so it contributes 1 tick instead of its wall-clock; set SDL_HINT_DOSKUTSU_TAS_STALL_DISCOUNT=0 to disable)
[11:48:08] [info] TAS accumulator clamp: DISABLED (default) (patch 0281; caps the FT accumulator delta at one tick during TAS so a stalled frame cannot race the replay index; set SDL_HINT_DOSKUTSU_TAS_FT_GUARD=0 to disable)
[11:48:08] [info] gameloop: iter 2 ticks=41330 mapno=-1
[11:48:08] [info] gameloop: iter 3 ticks=41367 mapno=-1
[11:48:08] [info] flip-probe: flip #180 ok=true present=4ms inter_flip_ms=30 drawcalls-since-flip=17 drawcalls-total=13971 fail-total=0 null-skips-total=0
[11:48:09] [info] flip-probe: flip #190 ok=true present=2ms inter_flip_ms=31 drawcalls-since-flip=17 drawcalls-total=14141 fail-total=0 null-skips-total=0
[11:48:09] [info] flip-probe: flip #200 ok=true present=3ms inter_flip_ms=32 drawcalls-since-flip=17 drawcalls-total=14311 fail-total=0 null-skips-total=0
[11:48:09] [info] alpha audit block 0: 5788 total drawcalls, 0 with alpha<255 (block pct_x10=0; global 0/13586 pct_x10=0); alpha-mod skipped: block=0 global=0
[11:48:09] [info] fastpath audit block 0: taken=5788 (idx8=5788) skipped=0 pct_x10=1000; global taken=13586 (idx8=13586) skipped=0 pct_x10=1000
[11:48:09] [info] primitive tally block 0: clear=201(hr=201) fill=0(hr=0) rect=0(hr=0) line=0(hr=0) tint=0 spotlight=0 (over 100 flips ending at flip 200)
[11:48:09] [info] color/alpha audit block 0: cmod_white=1438 cmod_black=0 (idx=0) cmod_general=609 (idx=609) cmod_fb=0; alpha_taken=0 alpha_skipped=0 (global cmod=1542/0/693/0 idx=0/693 alpha=0/0)
[11:48:09] [info] phase timing block 0: drawcalls=8036 dc_total_ms=1295 flip_inner_total_ms=710 inter_flip_total_ms=4663 (per-flip avg x10: dc_ms=129 fi_ms=71 if_ms=466 derived audio+engine_ms=266; per-drawcall avg us_x10=1612) [direct-vesa: presents=100 total_ms=291 avg_ms_x10=29 failed=0] [ablation: NO_DC_TIMING=0 CACHE_WINSURF=0 DIRECT_VESA=1]
[11:48:09] [info] kbd/audio block 0: kbd_irq=0 kbd_drain=0 ring_chunks=16 pump_pass=212 pic1_mask=0xb8 first_irq_ticks=0 install_ticks=0 vector_at_install=0x0083a078 pic1_mask_live=0x98 kbd_8042_stat=0x34 bios_kbd_head=0x0026 bios_kbd_tail=0x0026 bios_kbd_buf0=0x3920
[11:48:09] [info] audio/engine split block 0: audio_mixer_calls=0 audio_mixer_ms_x10=0 engine_tick_calls=76 engine_tick_ms_x10=185 audio_service_calls=0 audio_service_ms_x10=0 (per-flip avg; per-call us_x10: audio_mix=0 engine_tick=243505 audio_service=0; global ns: audio_mix=0 engine_tick=7086454683 audio_service=0)
[11:48:09] [info] dirty-rect block @flip=200: total_calls=0 dirty_rects_avg=1 dirty_pct_x10=1000 forced_full=0 first_n_force=0 threshold_exceeded=0 dirty_path_taken=0 full_flush_taken=0
[11:48:09] [info] prev-frame-diff block @flip=200: diff_calls=0 diff_rects_avg=0 diff_dirty_pct_x10=0 bbox_pct_x10=0 bbox_thresh_exceeded=0
[11:48:09] [info] flip-probe: flip #210 ok=true present=3ms inter_flip_ms=32 drawcalls-since-flip=17 drawcalls-total=14481 fail-total=0 null-skips-total=0
[11:48:10] [info] flip-probe: flip #220 ok=true present=3ms inter_flip_ms=31 drawcalls-since-flip=17 drawcalls-total=14651 fail-total=0 null-skips-total=0
[11:48:10] [info] flip-probe: flip #230 ok=true present=3ms inter_flip_ms=31 drawcalls-since-flip=17 drawcalls-total=14821 fail-total=0 null-skips-total=0
[11:48:11] [info] flip-probe: flip #240 ok=true present=3ms inter_flip_ms=74 drawcalls-since-flip=358 drawcalls-total=17397 fail-total=0 null-skips-total=0
[11:48:11] [info]  >> Entering stage 11: 'Mimiga Village'.
[11:48:11] [info] [skip-sheet-flush] cave=3
[11:48:11] [info] [load-stage] preloading entry music song=9 (cave=3)
[11:48:11] [info] gameloop: entered (curmap=11, running=1)
[11:48:11] [info] gameloop: iter 1 ticks=44386 mapno=-1
[11:48:11] [info] map: mds_clear LUT ENABLED (default) (set SDL_HINT_DOSKUTSU_MDS_CLEAR_LUT=0 to disable; default ON; patch 0144 wave-49 bandwidth lever)
[11:48:11] [info] mds-clear-lut: rebuilt N=240 entries (k_skip=0% k_keep=100%; curmap=11 map_size=60x60; rebuild #1 since boot)
[11:48:11] [info] backdrop thrash full-cover ENABLED (default) (set SDL_HINT_DOSKUTSU_THRASH_FULLCOVER=0 to disable)
[11:48:11] [info] [bd-diag] backdrop render-path diag disabled (default) (set SDL_HINT_DOSKUTSU_BACKDROP_DIAG=1 to enable)
[11:48:12] [info] gameloop: iter 2 ticks=44515 mapno=-1
[11:48:12] [info] gameloop: iter 3 ticks=44610 mapno=-1
[11:48:12] [info] backdrop cache: thrashing-detect engaged (streak=4, route=direct)
[11:48:12] [info] flip-probe: flip #250 ok=true present=3ms inter_flip_ms=45 drawcalls-since-flip=36 drawcalls-total=19477 fail-total=0 null-skips-total=0
[11:48:12] [info] flip-probe: flip #260 ok=true present=3ms inter_flip_ms=47 drawcalls-since-flip=43 drawcalls-total=19896 fail-total=0 null-skips-total=0
[11:48:13] [info] flip-probe: flip #270 ok=true present=2ms inter_flip_ms=49 drawcalls-since-flip=46 drawcalls-total=20355 fail-total=0 null-skips-total=0
[11:48:13] [info] flip-probe: flip #280 ok=true present=3ms inter_flip_ms=46 drawcalls-since-flip=43 drawcalls-total=20793 fail-total=0 null-skips-total=0
[11:48:14] [info] flip-probe: flip #290 ok=true present=3ms inter_flip_ms=50 drawcalls-since-flip=43 drawcalls-total=21223 fail-total=0 null-skips-total=0
[11:48:14] [info] flip-probe: flip #300 ok=true present=3ms inter_flip_ms=46 drawcalls-since-flip=43 drawcalls-total=21653 fail-total=0 null-skips-total=0
[11:48:14] [info] alpha audit block 0: 6530 total drawcalls, 0 with alpha<255 (block pct_x10=0; global 0/20116 pct_x10=0); alpha-mod skipped: block=0 global=0
[11:48:14] [info] fastpath audit block 0: taken=6530 (idx8=6530) skipped=0 pct_x10=1000; global taken=20116 (idx8=20116) skipped=0 pct_x10=1000
[11:48:14] [info] primitive tally block 0: clear=202(hr=202) fill=0(hr=0) rect=0(hr=0) line=0(hr=0) tint=0 spotlight=0 (over 100 flips ending at flip 300)
[11:48:14] [info] color/alpha audit block 0: cmod_white=754 cmod_black=754 (idx=754) cmod_general=0 (idx=0) cmod_fb=0; alpha_taken=0 alpha_skipped=0 (global cmod=2296/754/693/0 idx=754/693 alpha=0/0)
[11:48:14] [info] phase timing block 0: drawcalls=8245 dc_total_ms=1111 flip_inner_total_ms=487 inter_flip_total_ms=5349 (per-flip avg x10: dc_ms=111 fi_ms=48 if_ms=534 derived audio+engine_ms=375; per-drawcall avg us_x10=1347) [direct-vesa: presents=100 total_ms=288 avg_ms_x10=28 failed=0] [ablation: NO_DC_TIMING=0 CACHE_WINSURF=0 DIRECT_VESA=1]
[11:48:14] [info] kbd/audio block 0: kbd_irq=0 kbd_drain=0 ring_chunks=16 pump_pass=447 pic1_mask=0xb8 first_irq_ticks=0 install_ticks=0 vector_at_install=0x0083a078 pic1_mask_live=0x98 kbd_8042_stat=0x34 bios_kbd_head=0x0026 bios_kbd_tail=0x0026 bios_kbd_buf0=0x3920
[11:48:14] [info] [tile-speedup-stat n=100 drawtile_us=113.44 raw_blit_us=73.74 ratio=1.54]
[11:48:14] [info] dirty-rect block @flip=300: total_calls=100 dirty_rects_avg=1 dirty_pct_x10=1000 forced_full=0 first_n_force=0 threshold_exceeded=0 dirty_path_taken=0 full_flush_taken=0
[11:48:14] [info] prev-frame-diff block @flip=300: diff_calls=0 diff_rects_avg=0 diff_dirty_pct_x10=0 bbox_pct_x10=0 bbox_thresh_exceeded=0
[11:48:15] [info] backdrop cache: thrashing-detect engaged (streak=64, route=direct)
[11:48:15] [info] tas: stall frame 268 ms -> contributing 1 tick (patch 0286)
[11:48:15] [info] flip-probe: flip #310 ok=true present=3ms inter_flip_ms=46 drawcalls-since-flip=43 drawcalls-total=22183 fail-total=0 null-skips-total=0
[11:48:16] [info] flip-probe: flip #320 ok=true present=3ms inter_flip_ms=46 drawcalls-since-flip=43 drawcalls-total=22613 fail-total=0 null-skips-total=0
[11:48:16] [info] flip-probe: flip #330 ok=true present=3ms inter_flip_ms=46 drawcalls-since-flip=43 drawcalls-total=23043 fail-total=0 null-skips-total=0
[11:48:17] [info] flip-probe: flip #340 ok=true present=3ms inter_flip_ms=46 drawcalls-since-flip=43 drawcalls-total=23473 fail-total=0 null-skips-total=0
[11:48:17] [info] flip-probe: flip #350 ok=true present=3ms inter_flip_ms=46 drawcalls-since-flip=44 drawcalls-total=23925 fail-total=0 null-skips-total=0
[11:48:18] [info] flip-probe: flip #360 ok=true present=4ms inter_flip_ms=44 drawcalls-since-flip=44 drawcalls-total=24357 fail-total=0 null-skips-total=0
[11:48:18] [info] run_tick_fixed #600: heartbeat (loop alive)
[11:48:18] [info] backdrop cache: thrashing-detect engaged (streak=124, route=direct)
[11:48:18] [info] flip-probe: flip #370 ok=true present=3ms inter_flip_ms=48 drawcalls-since-flip=18 drawcalls-total=24587 fail-total=0 null-skips-total=0
[11:48:18] [info] flip-probe: flip #380 ok=true present=3ms inter_flip_ms=43 drawcalls-since-flip=15 drawcalls-total=24743 fail-total=0 null-skips-total=0
[11:48:19] [info] flip-probe: flip #390 ok=true present=2ms inter_flip_ms=45 drawcalls-since-flip=18 drawcalls-total=24911 fail-total=0 null-skips-total=0
[11:48:19] [info] flip-probe: flip #400 ok=true present=3ms inter_flip_ms=43 drawcalls-since-flip=16 drawcalls-total=25082 fail-total=0 null-skips-total=0
[11:48:19] [info] alpha audit block 0: 2523 total drawcalls, 0 with alpha<255 (block pct_x10=0; global 0/22639 pct_x10=0); alpha-mod skipped: block=0 global=0
[11:48:19] [info] fastpath audit block 0: taken=2523 (idx8=2523) skipped=0 pct_x10=1000; global taken=22639 (idx8=22639) skipped=0 pct_x10=1000
[11:48:19] [info] primitive tally block 0: clear=200(hr=200) fill=0(hr=0) rect=0(hr=0) line=0(hr=0) tint=0 spotlight=0 (over 100 flips ending at flip 400)
[11:48:19] [info] color/alpha audit block 0: cmod_white=806 cmod_black=806 (idx=806) cmod_general=0 (idx=0) cmod_fb=0; alpha_taken=0 alpha_skipped=0 (global cmod=3102/1560/693/0 idx=1560/693 alpha=0/0)
[11:48:19] [info] phase timing block 0: drawcalls=4335 dc_total_ms=722 flip_inner_total_ms=501 inter_flip_total_ms=4925 (per-flip avg x10: dc_ms=72 fi_ms=50 if_ms=492 derived audio+engine_ms=370; per-drawcall avg us_x10=1666) [direct-vesa: presents=100 total_ms=293 avg_ms_x10=29 failed=0] [ablation: NO_DC_TIMING=0 CACHE_WINSURF=0 DIRECT_VESA=1]
[11:48:19] [info] kbd/audio block 0: kbd_irq=0 kbd_drain=0 ring_chunks=16 pump_pass=681 pic1_mask=0xb8 first_irq_ticks=0 install_ticks=0 vector_at_install=0x0083a078 pic1_mask_live=0x98 kbd_8042_stat=0x34 bios_kbd_head=0x0026 bios_kbd_tail=0x0026 bios_kbd_buf0=0x3920
[11:48:19] [info] dirty-rect block @flip=400: total_calls=0 dirty_rects_avg=1 dirty_pct_x10=1000 forced_full=0 first_n_force=0 threshold_exceeded=0 dirty_path_taken=0 full_flush_taken=0
[11:48:19] [info] prev-frame-diff block @flip=400: diff_calls=0 diff_rects_avg=0 diff_dirty_pct_x10=0 bbox_pct_x10=0 bbox_thresh_exceeded=0
[11:48:20] [info] flip-probe: flip #410 ok=true present=3ms inter_flip_ms=43 drawcalls-since-flip=15 drawcalls-total=25232 fail-total=0 null-skips-total=0
[11:48:20] [info] flip-probe: flip #420 ok=true present=3ms inter_flip_ms=72 drawcalls-since-flip=259 drawcalls-total=26088 fail-total=0 null-skips-total=0
[11:48:21] [info]  >> Entering stage 17: 'Yamashita Farm'.
[11:48:21] [info] [skip-sheet-flush] cave=4
[11:48:21] [info] [load-stage] preloading entry music song=13 (cave=4)
[11:48:21] [info] opl3 backend: on_song_stop
[11:48:21] [info] MidiScheduler::load: parsed 'data/orgmid2/plant.mid' = 6246 events at 48 PPQ
[11:48:21] [info] opl3 backend: on_song_start
[11:48:21] [info] gameloop: entered (curmap=17, running=1)
[11:48:22] [info] gameloop: iter 1 ticks=54508 mapno=-1
[11:48:22] [info] mds-clear-lut: rebuilt N=240 entries (k_skip=33% k_keep=67%; curmap=17 map_size=40x16; rebuild #2 since boot)
[11:48:22] [info] gameloop: iter 2 ticks=54745 mapno=-1
[11:48:22] [info] tas: stall frame 237 ms -> contributing 1 tick (patch 0286)
[11:48:22] [info] gameloop: iter 3 ticks=54836 mapno=-1
[11:48:22] [info] flip-probe: flip #430 ok=true present=3ms inter_flip_ms=93 drawcalls-since-flip=410 drawcalls-total=28988 fail-total=0 null-skips-total=0
[11:48:23] [info] flip-probe: flip #440 ok=true present=3ms inter_flip_ms=61 drawcalls-since-flip=139 drawcalls-total=31070 fail-total=0 null-skips-total=0
[11:48:23] [info] flip-probe: flip #450 ok=true present=3ms inter_flip_ms=64 drawcalls-since-flip=145 drawcalls-total=32484 fail-total=0 null-skips-total=0
[11:48:24] [info] backdrop cache: thrashing-detect engaged (streak=4, route=direct)
[11:48:24] [info] flip-probe: flip #460 ok=true present=3ms inter_flip_ms=70 drawcalls-since-flip=130 drawcalls-total=33883 fail-total=0 null-skips-total=0
[11:48:25] [info] flip-probe: flip #470 ok=true present=3ms inter_flip_ms=63 drawcalls-since-flip=136 drawcalls-total=35224 fail-total=0 null-skips-total=0
[11:48:25] [info] flip-probe: flip #480 ok=true present=3ms inter_flip_ms=68 drawcalls-since-flip=149 drawcalls-total=36663 fail-total=0 null-skips-total=0
[11:48:26] [info] flip-probe: flip #490 ok=true present=3ms inter_flip_ms=67 drawcalls-since-flip=142 drawcalls-total=38125 fail-total=0 null-skips-total=0
[11:48:27] [info] flip-probe: flip #500 ok=true present=3ms inter_flip_ms=64 drawcalls-since-flip=130 drawcalls-total=39505 fail-total=0 null-skips-total=0
[11:48:27] [info] alpha audit block 0: 13361 total drawcalls, 0 with alpha<255 (block pct_x10=0; global 0/36000 pct_x10=0); alpha-mod skipped: block=0 global=0
[11:48:27] [info] fastpath audit block 0: taken=13361 (idx8=13361) skipped=0 pct_x10=1000; global taken=36000 (idx8=36000) skipped=0 pct_x10=1000
[11:48:27] [info] primitive tally block 0: clear=202(hr=202) fill=0(hr=0) rect=0(hr=0) line=0(hr=0) tint=0 spotlight=0 (over 100 flips ending at flip 500)
[11:48:27] [info] color/alpha audit block 0: cmod_white=962 cmod_black=962 (idx=962) cmod_general=0 (idx=0) cmod_fb=0; alpha_taken=0 alpha_skipped=0 (global cmod=4064/2522/693/0 idx=2522/693 alpha=0/0)
[11:48:27] [info] phase timing block 0: drawcalls=15519 dc_total_ms=1568 flip_inner_total_ms=489 inter_flip_total_ms=7416 (per-flip avg x10: dc_ms=156 fi_ms=48 if_ms=741 derived audio+engine_ms=537; per-drawcall avg us_x10=1010) [direct-vesa: presents=100 total_ms=289 avg_ms_x10=28 failed=0] [ablation: NO_DC_TIMING=0 CACHE_WINSURF=0 DIRECT_VESA=1]
[11:48:27] [info] kbd/audio block 0: kbd_irq=0 kbd_drain=0 ring_chunks=16 pump_pass=1001 pic1_mask=0xb8 first_irq_ticks=0 install_ticks=0 vector_at_install=0x0083a078 pic1_mask_live=0x98 kbd_8042_stat=0x34 bios_kbd_head=0x0026 bios_kbd_tail=0x0026 bios_kbd_buf0=0x3920
[11:48:27] [info] dirty-rect block @flip=500: total_calls=0 dirty_rects_avg=1 dirty_pct_x10=1000 forced_full=0 first_n_force=0 threshold_exceeded=0 dirty_path_taken=0 full_flush_taken=0
[11:48:27] [info] prev-frame-diff block @flip=500: diff_calls=0 diff_rects_avg=0 diff_dirty_pct_x10=0 bbox_pct_x10=0 bbox_thresh_exceeded=0
[11:48:27] [info] backdrop cache: thrashing-detect engaged (streak=4, route=direct)
[11:48:27] [info] flip-probe: flip #510 ok=true present=3ms inter_flip_ms=73 drawcalls-since-flip=122 drawcalls-total=40791 fail-total=0 null-skips-total=0
[11:48:28] [info] flip-probe: flip #520 ok=true present=3ms inter_flip_ms=64 drawcalls-since-flip=133 drawcalls-total=42101 fail-total=0 null-skips-total=0
[11:48:29] [info] flip-probe: flip #530 ok=true present=3ms inter_flip_ms=62 drawcalls-since-flip=132 drawcalls-total=43437 fail-total=0 null-skips-total=0
[11:48:29] [info] flip-probe: flip #540 ok=true present=3ms inter_flip_ms=72 drawcalls-since-flip=128 drawcalls-total=44731 fail-total=0 null-skips-total=0
[11:48:30] [info] backdrop cache: thrashing-detect engaged (streak=4, route=direct)
[11:48:30] [info] flip-probe: flip #550 ok=true present=3ms inter_flip_ms=62 drawcalls-since-flip=114 drawcalls-total=45966 fail-total=0 null-skips-total=0
[11:48:31] [info] run_tick_fixed #1200: heartbeat (loop alive)
[11:48:31] [info] flip-probe: flip #560 ok=true present=3ms inter_flip_ms=68 drawcalls-since-flip=115 drawcalls-total=47117 fail-total=0 null-skips-total=0
[11:48:31] [info] flip-probe: flip #570 ok=true present=3ms inter_flip_ms=61 drawcalls-since-flip=108 drawcalls-total=48212 fail-total=0 null-skips-total=0
[11:48:32] [info] tas: stall frame 279 ms -> contributing 1 tick (patch 0286)
[11:48:32] [info] flip-probe: flip #580 ok=true present=3ms inter_flip_ms=64 drawcalls-since-flip=115 drawcalls-total=49358 fail-total=0 null-skips-total=0
[11:48:33] [info] flip-probe: flip #590 ok=true present=3ms inter_flip_ms=69 drawcalls-since-flip=111 drawcalls-total=50494 fail-total=0 null-skips-total=0
[11:48:34] [info] flip-probe: flip #600 ok=true present=3ms inter_flip_ms=60 drawcalls-since-flip=113 drawcalls-total=51618 fail-total=0 null-skips-total=0
[11:48:34] [info] alpha audit block 0: 11415 total drawcalls, 0 with alpha<255 (block pct_x10=0; global 0/47415 pct_x10=0); alpha-mod skipped: block=0 global=0
[11:48:34] [info] fastpath audit block 0: taken=11415 (idx8=11415) skipped=0 pct_x10=1000; global taken=47415 (idx8=47415) skipped=0 pct_x10=1000
[11:48:34] [info] primitive tally block 0: clear=200(hr=200) fill=0(hr=0) rect=0(hr=0) line=0(hr=0) tint=0 spotlight=0 (over 100 flips ending at flip 600)
[11:48:34] [info] color/alpha audit block 0: cmod_white=598 cmod_black=598 (idx=598) cmod_general=0 (idx=0) cmod_fb=0; alpha_taken=0 alpha_skipped=0 (global cmod=4662/3120/693/0 idx=3120/693 alpha=0/0)
[11:48:34] [info] phase timing block 0: drawcalls=12819 dc_total_ms=1103 flip_inner_total_ms=709 inter_flip_total_ms=6793 (per-flip avg x10: dc_ms=110 fi_ms=70 if_ms=679 derived audio+engine_ms=499; per-drawcall avg us_x10=860) [direct-vesa: presents=100 total_ms=287 avg_ms_x10=28 failed=0] [ablation: NO_DC_TIMING=0 CACHE_WINSURF=0 DIRECT_VESA=1]
[11:48:34] [info] kbd/audio block 0: kbd_irq=0 kbd_drain=0 ring_chunks=16 pump_pass=1328 pic1_mask=0xb8 first_irq_ticks=0 install_ticks=0 vector_at_install=0x0083a078 pic1_mask_live=0x98 kbd_8042_stat=0x34 bios_kbd_head=0x0026 bios_kbd_tail=0x0026 bios_kbd_buf0=0x3920
[11:48:34] [info] dirty-rect block @flip=600: total_calls=0 dirty_rects_avg=1 dirty_pct_x10=1000 forced_full=0 first_n_force=0 threshold_exceeded=0 dirty_path_taken=0 full_flush_taken=0
[11:48:34] [info] prev-frame-diff block @flip=600: diff_calls=0 diff_rects_avg=0 diff_dirty_pct_x10=0 bbox_pct_x10=0 bbox_thresh_exceeded=0
[11:48:34] [info] backdrop cache: thrashing-detect engaged (streak=64, route=direct)
[11:48:34] [info] flip-probe: flip #610 ok=true present=3ms inter_flip_ms=68 drawcalls-since-flip=107 drawcalls-total=52718 fail-total=0 null-skips-total=0
[11:48:35] [info] flip-probe: flip #620 ok=true present=3ms inter_flip_ms=62 drawcalls-since-flip=117 drawcalls-total=53891 fail-total=0 null-skips-total=0
[11:48:36] [info] flip-probe: flip #630 ok=true present=4ms inter_flip_ms=61 drawcalls-since-flip=117 drawcalls-total=55065 fail-total=0 null-skips-total=0
[11:48:36] [info] flip-probe: flip #640 ok=true present=3ms inter_flip_ms=61 drawcalls-since-flip=119 drawcalls-total=56239 fail-total=0 null-skips-total=0
[11:48:37] [info] flip-probe: flip #650 ok=true present=3ms inter_flip_ms=59 drawcalls-since-flip=115 drawcalls-total=57399 fail-total=0 null-skips-total=0
[11:48:37] [info]  >> Entering stage 11: 'Mimiga Village'.
[11:48:37] [info] [skip-sheet-flush] cave=5
[11:48:38] [info] [load-stage] preloading entry music song=9 (cave=5)
[11:48:38] [info] opl3 backend: on_song_stop
[11:48:38] [info] MidiScheduler::load: parsed 'data/orgmid2/mura.mid' = 7123 events at 48 PPQ
[11:48:38] [info] opl3 backend: on_song_start
[11:48:38] [info] gameloop: entered (curmap=11, running=1)
[11:48:38] [info] gameloop: iter 1 ticks=71258 mapno=-1
[11:48:38] [info] mds-clear-lut: rebuilt N=240 entries (k_skip=0% k_keep=100%; curmap=11 map_size=60x60; rebuild #3 since boot)
[11:48:38] [info] flip-probe: flip #660 ok=true present=3ms inter_flip_ms=891 drawcalls-since-flip=345 drawcalls-total=60304 fail-total=0 null-skips-total=0
[11:48:38] [info] gameloop: iter 2 ticks=71365 mapno=-1
[11:48:38] [info] gameloop: iter 3 ticks=71458 mapno=-1
[11:48:39] [info] backdrop cache: thrashing-detect engaged (streak=4, route=direct)
[11:48:39] [info] flip-probe: flip #670 ok=true present=3ms inter_flip_ms=43 drawcalls-since-flip=41 drawcalls-total=62220 fail-total=0 null-skips-total=0
[11:48:39] [info] flip-probe: flip #680 ok=true present=3ms inter_flip_ms=43 drawcalls-since-flip=41 drawcalls-total=62630 fail-total=0 null-skips-total=0
[11:48:40] [info] flip-probe: flip #690 ok=true present=3ms inter_flip_ms=46 drawcalls-since-flip=41 drawcalls-total=63040 fail-total=0 null-skips-total=0
[11:48:40] [info] flip-probe: flip #700 ok=true present=3ms inter_flip_ms=49 drawcalls-since-flip=41 drawcalls-total=63450 fail-total=0 null-skips-total=0
[11:48:40] [info] alpha audit block 0: 11199 total drawcalls, 0 with alpha<255 (block pct_x10=0; global 0/58614 pct_x10=0); alpha-mod skipped: block=0 global=0
[11:48:40] [info] fastpath audit block 0: taken=11199 (idx8=11199) skipped=0 pct_x10=1000; global taken=58614 (idx8=58614) skipped=0 pct_x10=1000
[11:48:40] [info] primitive tally block 0: clear=202(hr=202) fill=0(hr=0) rect=0(hr=0) line=0(hr=0) tint=0 spotlight=0 (over 100 flips ending at flip 700)
[11:48:40] [info] color/alpha audit block 0: cmod_white=533 cmod_black=533 (idx=533) cmod_general=0 (idx=0) cmod_fb=0; alpha_taken=0 alpha_skipped=0 (global cmod=5195/3653/693/0 idx=3653/693 alpha=0/0)
[11:48:40] [info] phase timing block 0: drawcalls=12472 dc_total_ms=1239 flip_inner_total_ms=487 inter_flip_total_ms=6879 (per-flip avg x10: dc_ms=123 fi_ms=48 if_ms=687 derived audio+engine_ms=516; per-drawcall avg us_x10=993) [direct-vesa: presents=100 total_ms=289 avg_ms_x10=28 failed=0] [ablation: NO_DC_TIMING=0 CACHE_WINSURF=0 DIRECT_VESA=1]
[11:48:40] [info] kbd/audio block 0: kbd_irq=0 kbd_drain=0 ring_chunks=16 pump_pass=1631 pic1_mask=0xb8 first_irq_ticks=0 install_ticks=0 vector_at_install=0x0083a078 pic1_mask_live=0x98 kbd_8042_stat=0x34 bios_kbd_head=0x0026 bios_kbd_tail=0x0026 bios_kbd_buf0=0x3920
[11:48:40] [info] dirty-rect block @flip=700: total_calls=0 dirty_rects_avg=1 dirty_pct_x10=1000 forced_full=0 first_n_force=0 threshold_exceeded=0 dirty_path_taken=0 full_flush_taken=0
[11:48:40] [info] prev-frame-diff block @flip=700: diff_calls=0 diff_rects_avg=0 diff_dirty_pct_x10=0 bbox_pct_x10=0 bbox_thresh_exceeded=0
[11:48:41] [info] flip-probe: flip #710 ok=true present=3ms inter_flip_ms=47 drawcalls-since-flip=43 drawcalls-total=63868 fail-total=0 null-skips-total=0
[11:48:41] [info] flip-probe: flip #720 ok=true present=3ms inter_flip_ms=48 drawcalls-since-flip=41 drawcalls-total=64280 fail-total=0 null-skips-total=0
[11:48:42] [info] backdrop cache: thrashing-detect engaged (streak=64, route=direct)
[11:48:42] [info] flip-probe: flip #730 ok=true present=3ms inter_flip_ms=46 drawcalls-since-flip=42 drawcalls-total=64696 fail-total=0 null-skips-total=0
[11:48:42] [info] flip-probe: flip #740 ok=true present=3ms inter_flip_ms=44 drawcalls-since-flip=43 drawcalls-total=65120 fail-total=0 null-skips-total=0
[11:48:43] [info] flip-probe: flip #750 ok=true present=4ms inter_flip_ms=45 drawcalls-since-flip=42 drawcalls-total=65541 fail-total=0 null-skips-total=0
[11:48:43] [info] flip-probe: flip #760 ok=true present=3ms inter_flip_ms=44 drawcalls-since-flip=42 drawcalls-total=65961 fail-total=0 null-skips-total=0
[11:48:44] [info] flip-probe: flip #770 ok=true present=3ms inter_flip_ms=46 drawcalls-since-flip=43 drawcalls-total=66389 fail-total=0 null-skips-total=0
[11:48:44] [info] flip-probe: flip #780 ok=true present=3ms inter_flip_ms=42 drawcalls-since-flip=18 drawcalls-total=66803 fail-total=0 null-skips-total=0
[11:48:44] [info] backdrop cache: thrashing-detect engaged (streak=124, route=direct)
[11:48:45] [info] flip-probe: flip #790 ok=true present=3ms inter_flip_ms=43 drawcalls-since-flip=18 drawcalls-total=66983 fail-total=0 null-skips-total=0
[11:48:45] [info] flip-probe: flip #800 ok=true present=3ms inter_flip_ms=43 drawcalls-since-flip=17 drawcalls-total=67157 fail-total=0 null-skips-total=0
[11:48:45] [info] alpha audit block 0: 2580 total drawcalls, 0 with alpha<255 (block pct_x10=0; global 0/61194 pct_x10=0); alpha-mod skipped: block=0 global=0
[11:48:45] [info] fastpath audit block 0: taken=2580 (idx8=2580) skipped=0 pct_x10=1000; global taken=61194 (idx8=61194) skipped=0 pct_x10=1000
[11:48:45] [info] primitive tally block 0: clear=200(hr=200) fill=0(hr=0) rect=0(hr=0) line=0(hr=0) tint=0 spotlight=0 (over 100 flips ending at flip 800)
[11:48:45] [info] color/alpha audit block 0: cmod_white=1027 cmod_black=1027 (idx=1027) cmod_general=0 (idx=0) cmod_fb=0; alpha_taken=0 alpha_skipped=0 (global cmod=6222/4680/693/0 idx=4680/693 alpha=0/0)
[11:48:45] [info] phase timing block 0: drawcalls=4834 dc_total_ms=752 flip_inner_total_ms=498 inter_flip_total_ms=4630 (per-flip avg x10: dc_ms=75 fi_ms=49 if_ms=463 derived audio+engine_ms=339; per-drawcall avg us_x10=1555) [direct-vesa: presents=100 total_ms=291 avg_ms_x10=29 failed=0] [ablation: NO_DC_TIMING=0 CACHE_WINSURF=0 DIRECT_VESA=1]
[11:48:45] [info] kbd/audio block 0: kbd_irq=0 kbd_drain=0 ring_chunks=16 pump_pass=1862 pic1_mask=0xb8 first_irq_ticks=0 install_ticks=0 vector_at_install=0x0083a078 pic1_mask_live=0x98 kbd_8042_stat=0x34 bios_kbd_head=0x0026 bios_kbd_tail=0x0026 bios_kbd_buf0=0x3920
[11:48:45] [info] dirty-rect block @flip=800: total_calls=0 dirty_rects_avg=1 dirty_pct_x10=1000 forced_full=0 first_n_force=0 threshold_exceeded=0 dirty_path_taken=0 full_flush_taken=0
[11:48:45] [info] prev-frame-diff block @flip=800: diff_calls=0 diff_rects_avg=0 diff_dirty_pct_x10=0 bbox_pct_x10=0 bbox_thresh_exceeded=0
[11:48:45] [info] tas: stall frame 322 ms -> contributing 1 tick (patch 0286)
[11:48:46] [info] flip-probe: flip #810 ok=true present=3ms inter_flip_ms=43 drawcalls-since-flip=17 drawcalls-total=67323 fail-total=0 null-skips-total=0
[11:48:46] [info] flip-probe: flip #820 ok=true present=3ms inter_flip_ms=43 drawcalls-since-flip=16 drawcalls-total=67488 fail-total=0 null-skips-total=0
[11:48:47] [info] flip-probe: flip #830 ok=true present=3ms inter_flip_ms=41 drawcalls-since-flip=16 drawcalls-total=67648 fail-total=0 null-skips-total=0
[11:48:47] [info] flip-probe: flip #840 ok=true present=3ms inter_flip_ms=44 drawcalls-since-flip=16 drawcalls-total=67808 fail-total=0 null-skips-total=0
[11:48:47] [info] backdrop cache: thrashing-detect engaged (streak=184, route=direct)
[11:48:47] [info] flip-probe: flip #850 ok=true present=2ms inter_flip_ms=42 drawcalls-since-flip=16 drawcalls-total=67968 fail-total=0 null-skips-total=0
[11:48:48] [info] flip-probe: flip #860 ok=true present=3ms inter_flip_ms=43 drawcalls-since-flip=22 drawcalls-total=68212 fail-total=0 null-skips-total=0
[11:48:48] [info] flip-probe: flip #870 ok=true present=3ms inter_flip_ms=42 drawcalls-since-flip=20 drawcalls-total=68409 fail-total=0 null-skips-total=0
[11:48:49] [info] flip-probe: flip #880 ok=true present=3ms inter_flip_ms=42 drawcalls-since-flip=20 drawcalls-total=68600 fail-total=0 null-skips-total=0
[11:48:49] [info] flip-probe: flip #890 ok=true present=3ms inter_flip_ms=80 drawcalls-since-flip=305 drawcalls-total=70297 fail-total=0 null-skips-total=0
[11:48:50] [info]  >> Entering stage 15: 'Reservoir'.
[11:48:50] [info] [skip-sheet-flush] cave=6
[11:48:50] [info] [load-stage] preloading entry music song=9 (cave=6)
[11:48:50] [info] gameloop: entered (curmap=15, running=1)
[11:48:50] [info] gameloop: iter 1 ticks=83105 mapno=-1
[11:48:50] [info] mds-clear-lut: rebuilt N=240 entries (k_skip=13% k_keep=87%; curmap=15 map_size=40x20; rebuild #4 since boot)
[11:48:50] [info] gameloop: iter 2 ticks=83199 mapno=-1
[11:48:50] [info] gameloop: iter 3 ticks=83286 mapno=-1
[11:48:51] [info] flip-probe: flip #900 ok=true present=3ms inter_flip_ms=61 drawcalls-since-flip=201 drawcalls-total=72709 fail-total=0 null-skips-total=0
[11:48:51] [info] alpha audit block 0: 5389 total drawcalls, 0 with alpha<255 (block pct_x10=0; global 0/66583 pct_x10=0); alpha-mod skipped: block=0 global=0
[11:48:51] [info] fastpath audit block 0: taken=5389 (idx8=5389) skipped=0 pct_x10=1000; global taken=66583 (idx8=66583) skipped=0 pct_x10=1000
[11:48:51] [info] primitive tally block 0: clear=202(hr=202) fill=0(hr=0) rect=0(hr=0) line=0(hr=0) tint=0 spotlight=0 (over 100 flips ending at flip 900)
[11:48:51] [info] color/alpha audit block 0: cmod_white=63 cmod_black=63 (idx=63) cmod_general=0 (idx=0) cmod_fb=0; alpha_taken=0 alpha_skipped=0 (global cmod=6285/4743/693/0 idx=4743/693 alpha=0/0)
[11:48:51] [info] phase timing block 0: drawcalls=5724 dc_total_ms=953 flip_inner_total_ms=482 inter_flip_total_ms=5585 (per-flip avg x10: dc_ms=95 fi_ms=48 if_ms=558 derived audio+engine_ms=415; per-drawcall avg us_x10=1665) [direct-vesa: presents=100 total_ms=288 avg_ms_x10=28 failed=0] [ablation: NO_DC_TIMING=0 CACHE_WINSURF=0 DIRECT_VESA=1]
[11:48:51] [info] kbd/audio block 0: kbd_irq=0 kbd_drain=0 ring_chunks=16 pump_pass=2095 pic1_mask=0xb8 first_irq_ticks=0 install_ticks=0 vector_at_install=0x0083a078 pic1_mask_live=0x98 kbd_8042_stat=0x34 bios_kbd_head=0x0026 bios_kbd_tail=0x0026 bios_kbd_buf0=0x3920
[11:48:51] [info] dirty-rect block @flip=900: total_calls=0 dirty_rects_avg=1 dirty_pct_x10=1000 forced_full=0 first_n_force=0 threshold_exceeded=0 dirty_path_taken=0 full_flush_taken=0
[11:48:51] [info] prev-frame-diff block @flip=900: diff_calls=0 diff_rects_avg=0 diff_dirty_pct_x10=0 bbox_pct_x10=0 bbox_thresh_exceeded=0
[11:48:51] [info] run_tick_fixed #2100: heartbeat (loop alive)
[11:48:51] [info] flip-probe: flip #910 ok=true present=3ms inter_flip_ms=40 drawcalls-since-flip=32 drawcalls-total=73146 fail-total=0 null-skips-total=0
[11:48:51] [info] flip-probe: flip #920 ok=true present=3ms inter_flip_ms=40 drawcalls-since-flip=32 drawcalls-total=73466 fail-total=0 null-skips-total=0
[11:48:52] [info] flip-probe: flip #930 ok=true present=3ms inter_flip_ms=50 drawcalls-since-flip=32 drawcalls-total=73786 fail-total=0 null-skips-total=0
[11:48:52] [info] backdrop cache: thrashing-detect engaged (streak=4, route=direct)
[11:48:52] [info] flip-probe: flip #940 ok=true present=3ms inter_flip_ms=46 drawcalls-since-flip=34 drawcalls-total=74127 fail-total=0 null-skips-total=0
[11:48:53] [info] flip-probe: flip #950 ok=true present=3ms inter_flip_ms=45 drawcalls-since-flip=32 drawcalls-total=74467 fail-total=0 null-skips-total=0
[11:48:53] [info] flip-probe: flip #960 ok=true present=3ms inter_flip_ms=43 drawcalls-since-flip=32 drawcalls-total=74787 fail-total=0 null-skips-total=0
[11:48:54] [info] flip-probe: flip #970 ok=true present=3ms inter_flip_ms=43 drawcalls-since-flip=33 drawcalls-total=75112 fail-total=0 null-skips-total=0
[11:48:54] [info] tas: stall frame 213 ms -> contributing 1 tick (patch 0286)
[11:48:54] [info] flip-probe: flip #980 ok=true present=3ms inter_flip_ms=43 drawcalls-since-flip=34 drawcalls-total=75446 fail-total=0 null-skips-total=0
[11:48:55] [info] flip-probe: flip #990 ok=true present=3ms inter_flip_ms=43 drawcalls-since-flip=34 drawcalls-total=75786 fail-total=0 null-skips-total=0
[11:48:55] [info] backdrop cache: thrashing-detect engaged (streak=64, route=direct)
[11:48:55] [info] flip-probe: flip #1000 ok=true present=3ms inter_flip_ms=48 drawcalls-since-flip=35 drawcalls-total=76133 fail-total=0 null-skips-total=0
[11:48:55] [info] alpha audit block 0: 2424 total drawcalls, 0 with alpha<255 (block pct_x10=0; global 0/69007 pct_x10=0); alpha-mod skipped: block=0 global=0
[11:48:55] [info] fastpath audit block 0: taken=2424 (idx8=2424) skipped=0 pct_x10=1000; global taken=69007 (idx8=69007) skipped=0 pct_x10=1000
[11:48:55] [info] primitive tally block 0: clear=200(hr=200) fill=0(hr=0) rect=0(hr=0) line=0(hr=0) tint=0 spotlight=0 (over 100 flips ending at flip 1000)
[11:48:55] [info] color/alpha audit block 0: cmod_white=900 cmod_black=900 (idx=900) cmod_general=0 (idx=0) cmod_fb=0; alpha_taken=0 alpha_skipped=0 (global cmod=7185/5643/693/0 idx=5643/693 alpha=0/0)
[11:48:55] [info] phase timing block 0: drawcalls=4455 dc_total_ms=847 flip_inner_total_ms=508 inter_flip_total_ms=4534 (per-flip avg x10: dc_ms=84 fi_ms=50 if_ms=453 derived audio+engine_ms=319; per-drawcall avg us_x10=1901) [direct-vesa: presents=100 total_ms=291 avg_ms_x10=29 failed=0] [ablation: NO_DC_TIMING=0 CACHE_WINSURF=0 DIRECT_VESA=1]
[11:48:55] [info] kbd/audio block 0: kbd_irq=0 kbd_drain=0 ring_chunks=16 pump_pass=2313 pic1_mask=0xb8 first_irq_ticks=0 install_ticks=0 vector_at_install=0x0083a078 pic1_mask_live=0x98 kbd_8042_stat=0x34 bios_kbd_head=0x0026 bios_kbd_tail=0x0026 bios_kbd_buf0=0x3920
[11:48:55] [info] dirty-rect block @flip=1000: total_calls=0 dirty_rects_avg=1 dirty_pct_x10=1000 forced_full=0 first_n_force=0 threshold_exceeded=0 dirty_path_taken=0 full_flush_taken=0
[11:48:55] [info] prev-frame-diff block @flip=1000: diff_calls=0 diff_rects_avg=0 diff_dirty_pct_x10=0 bbox_pct_x10=0 bbox_thresh_exceeded=0
[11:48:56] [info] flip-probe: flip #1010 ok=true present=3ms inter_flip_ms=43 drawcalls-since-flip=36 drawcalls-total=76493 fail-total=0 null-skips-total=0
[11:48:56] [info] flip-probe: flip #1020 ok=true present=3ms inter_flip_ms=42 drawcalls-since-flip=18 drawcalls-total=76729 fail-total=0 null-skips-total=0
[11:48:56] [info] flip-probe: flip #1030 ok=true present=3ms inter_flip_ms=40 drawcalls-since-flip=17 drawcalls-total=76905 fail-total=0 null-skips-total=0
[11:48:57] [info] flip-probe: flip #1040 ok=true present=3ms inter_flip_ms=41 drawcalls-since-flip=16 drawcalls-total=77071 fail-total=0 null-skips-total=0
[11:48:57] [info] flip-probe: flip #1050 ok=true present=3ms inter_flip_ms=41 drawcalls-since-flip=16 drawcalls-total=77225 fail-total=0 null-skips-total=0
[11:48:57] [info] backdrop cache: thrashing-detect engaged (streak=124, route=direct)
[11:48:58] [info] flip-probe: flip #1060 ok=true present=3ms inter_flip_ms=41 drawcalls-since-flip=18 drawcalls-total=77399 fail-total=0 null-skips-total=0
[11:48:58] [info] flip-probe: flip #1070 ok=true present=3ms inter_flip_ms=40 drawcalls-since-flip=17 drawcalls-total=77575 fail-total=0 null-skips-total=0
[11:48:59] [info] flip-probe: flip #1080 ok=true present=3ms inter_flip_ms=39 drawcalls-since-flip=14 drawcalls-total=77732 fail-total=0 null-skips-total=0
[11:48:59] [info] flip-probe: flip #1090 ok=true present=3ms inter_flip_ms=38 drawcalls-since-flip=15 drawcalls-total=77873 fail-total=0 null-skips-total=0
[11:48:59] [info] flip-probe: flip #1100 ok=true present=4ms inter_flip_ms=49 drawcalls-since-flip=16 drawcalls-total=78029 fail-total=0 null-skips-total=0
[11:48:59] [info] alpha audit block 0: 1679 total drawcalls, 0 with alpha<255 (block pct_x10=0; global 0/70686 pct_x10=0); alpha-mod skipped: block=0 global=0
[11:48:59] [info] fastpath audit block 0: taken=1679 (idx8=1679) skipped=0 pct_x10=1000; global taken=70686 (idx8=70686) skipped=0 pct_x10=1000
[11:48:59] [info] primitive tally block 0: clear=200(hr=200) fill=0(hr=0) rect=0(hr=0) line=0(hr=0) tint=0 spotlight=0 (over 100 flips ending at flip 1100)
[11:48:59] [info] color/alpha audit block 0: cmod_white=117 cmod_black=117 (idx=117) cmod_general=0 (idx=0) cmod_fb=0; alpha_taken=0 alpha_skipped=0 (global cmod=7302/5760/693/0 idx=5760/693 alpha=0/0)
[11:48:59] [info] phase timing block 0: drawcalls=2141 dc_total_ms=679 flip_inner_total_ms=487 inter_flip_total_ms=4197 (per-flip avg x10: dc_ms=67 fi_ms=48 if_ms=419 derived audio+engine_ms=304; per-drawcall avg us_x10=3174) [direct-vesa: presents=100 total_ms=288 avg_ms_x10=28 failed=0] [ablation: NO_DC_TIMING=0 CACHE_WINSURF=0 DIRECT_VESA=1]
[11:48:59] [info] kbd/audio block 0: kbd_irq=0 kbd_drain=0 ring_chunks=16 pump_pass=2523 pic1_mask=0xb8 first_irq_ticks=0 install_ticks=0 vector_at_install=0x0083a078 pic1_mask_live=0x98 kbd_8042_stat=0x34 bios_kbd_head=0x0026 bios_kbd_tail=0x0026 bios_kbd_buf0=0x3920
[11:48:59] [info] dirty-rect block @flip=1100: total_calls=0 dirty_rects_avg=1 dirty_pct_x10=1000 forced_full=0 first_n_force=0 threshold_exceeded=0 dirty_path_taken=0 full_flush_taken=0
[11:49:00] [info] prev-frame-diff block @flip=1100: diff_calls=0 diff_rects_avg=0 diff_dirty_pct_x10=0 bbox_pct_x10=0 bbox_thresh_exceeded=0
[11:49:00] [info] tas: stall frame 325 ms -> contributing 1 tick (patch 0286)
[11:49:00] [info] backdrop cache: thrashing-detect engaged (streak=4, route=direct)
[11:49:00] [info] flip-probe: flip #1110 ok=true present=3ms inter_flip_ms=41 drawcalls-since-flip=15 drawcalls-total=78182 fail-total=0 null-skips-total=0
[11:49:00] [info] flip-probe: flip #1120 ok=true present=3ms inter_flip_ms=41 drawcalls-since-flip=14 drawcalls-total=78324 fail-total=0 null-skips-total=0
[11:49:01] [info] flip-probe: flip #1130 ok=true present=3ms inter_flip_ms=40 drawcalls-since-flip=14 drawcalls-total=78464 fail-total=0 null-skips-total=0
[11:49:01] [info] flip-probe: flip #1140 ok=true present=3ms inter_flip_ms=39 drawcalls-since-flip=14 drawcalls-total=78604 fail-total=0 null-skips-total=0
[11:49:02] [info] flip-probe: flip #1150 ok=true present=3ms inter_flip_ms=40 drawcalls-since-flip=14 drawcalls-total=78744 fail-total=0 null-skips-total=0
[11:49:02] [info] flip-probe: flip #1160 ok=true present=3ms inter_flip_ms=39 drawcalls-since-flip=14 drawcalls-total=78884 fail-total=0 null-skips-total=0
[11:49:02] [info] backdrop cache: thrashing-detect engaged (streak=64, route=direct)
[11:49:02] [info] flip-probe: flip #1170 ok=true present=4ms inter_flip_ms=38 drawcalls-since-flip=14 drawcalls-total=79024 fail-total=0 null-skips-total=0
[11:49:03] [info] flip-probe: flip #1180 ok=true present=3ms inter_flip_ms=38 drawcalls-since-flip=14 drawcalls-total=79164 fail-total=0 null-skips-total=0
[11:49:03] [info] flip-probe: flip #1190 ok=true present=3ms inter_flip_ms=38 drawcalls-since-flip=14 drawcalls-total=79304 fail-total=0 null-skips-total=0
[11:49:04] [info] flip-probe: flip #1200 ok=true present=3ms inter_flip_ms=76 drawcalls-since-flip=318 drawcalls-total=81595 fail-total=0 null-skips-total=0
[11:49:04] [info] alpha audit block 0: 3466 total drawcalls, 0 with alpha<255 (block pct_x10=0; global 0/74152 pct_x10=0); alpha-mod skipped: block=0 global=0
[11:49:04] [info] fastpath audit block 0: taken=3466 (idx8=3466) skipped=0 pct_x10=1000; global taken=74152 (idx8=74152) skipped=0 pct_x10=1000
[11:49:04] [info] primitive tally block 0: clear=200(hr=200) fill=0(hr=0) rect=0(hr=0) line=0(hr=0) tint=0 spotlight=0 (over 100 flips ending at flip 1200)
[11:49:04] [info] phase timing block 0: drawcalls=3666 dc_total_ms=695 flip_inner_total_ms=488 inter_flip_total_ms=4495 (per-flip avg x10: dc_ms=69 fi_ms=48 if_ms=449 derived audio+engine_ms=332; per-drawcall avg us_x10=1896) [direct-vesa: presents=100 total_ms=288 avg_ms_x10=28 failed=0] [ablation: NO_DC_TIMING=0 CACHE_WINSURF=0 DIRECT_VESA=1]
[11:49:04] [info] kbd/audio block 0: kbd_irq=0 kbd_drain=0 ring_chunks=16 pump_pass=2731 pic1_mask=0xb8 first_irq_ticks=0 install_ticks=0 vector_at_install=0x0083a078 pic1_mask_live=0x98 kbd_8042_stat=0x34 bios_kbd_head=0x0026 bios_kbd_tail=0x0026 bios_kbd_buf0=0x3920
[11:49:04] [info] dirty-rect block @flip=1200: total_calls=0 dirty_rects_avg=1 dirty_pct_x10=1000 forced_full=0 first_n_force=0 threshold_exceeded=0 dirty_path_taken=0 full_flush_taken=0
[11:49:04] [info] prev-frame-diff block @flip=1200: diff_calls=0 diff_rects_avg=0 diff_dirty_pct_x10=0 bbox_pct_x10=0 bbox_thresh_exceeded=0
[11:49:04] [info]  >> Entering stage 11: 'Mimiga Village'.
[11:49:04] [info] [skip-sheet-flush] cave=7
[11:49:04] [info] [load-stage] preloading entry music song=9 (cave=7)
[11:49:05] [info] gameloop: entered (curmap=11, running=1)
[11:49:05] [info] gameloop: iter 1 ticks=97585 mapno=-1
[11:49:05] [info] mds-clear-lut: rebuilt N=240 entries (k_skip=0% k_keep=100%; curmap=11 map_size=60x60; rebuild #5 since boot)
[11:49:05] [info] gameloop: iter 2 ticks=97686 mapno=-1
[11:49:05] [info] gameloop: iter 3 ticks=97779 mapno=-1
[11:49:05] [info] flip-probe: flip #1210 ok=true present=3ms inter_flip_ms=48 drawcalls-since-flip=61 drawcalls-total=83677 fail-total=0 null-skips-total=0
[11:49:06] [info] flip-probe: flip #1220 ok=true present=3ms inter_flip_ms=44 drawcalls-since-flip=42 drawcalls-total=84086 fail-total=0 null-skips-total=0
[11:49:06] [info] flip-probe: flip #1230 ok=true present=4ms inter_flip_ms=44 drawcalls-since-flip=42 drawcalls-total=84506 fail-total=0 null-skips-total=0
[11:49:07] [info] flip-probe: flip #1240 ok=true present=3ms inter_flip_ms=51 drawcalls-since-flip=53 drawcalls-total=84970 fail-total=0 null-skips-total=0
[11:49:07] [info] backdrop cache: thrashing-detect engaged (streak=4, route=direct)
[11:49:07] [info] flip-probe: flip #1250 ok=true present=3ms inter_flip_ms=48 drawcalls-since-flip=49 drawcalls-total=85483 fail-total=0 null-skips-total=0
[11:49:08] [info] flip-probe: flip #1260 ok=true present=3ms inter_flip_ms=47 drawcalls-since-flip=47 drawcalls-total=85954 fail-total=0 null-skips-total=0
[11:49:08] [info] flip-probe: flip #1270 ok=true present=3ms inter_flip_ms=47 drawcalls-since-flip=44 drawcalls-total=86407 fail-total=0 null-skips-total=0
[11:49:09] [info] flip-probe: flip #1280 ok=true present=3ms inter_flip_ms=46 drawcalls-since-flip=45 drawcalls-total=86854 fail-total=0 null-skips-total=0
[11:49:09] [info] flip-probe: flip #1290 ok=true present=3ms inter_flip_ms=46 drawcalls-since-flip=46 drawcalls-total=87307 fail-total=0 null-skips-total=0
[11:49:10] [info] flip-probe: flip #1300 ok=true present=3ms inter_flip_ms=48 drawcalls-since-flip=45 drawcalls-total=87759 fail-total=0 null-skips-total=0
[11:49:10] [info] alpha audit block 0: 4777 total drawcalls, 0 with alpha<255 (block pct_x10=0; global 0/78929 pct_x10=0); alpha-mod skipped: block=0 global=0
[11:49:10] [info] fastpath audit block 0: taken=4777 (idx8=4777) skipped=0 pct_x10=1000; global taken=78929 (idx8=78929) skipped=0 pct_x10=1000
[11:49:10] [info] primitive tally block 0: clear=201(hr=201) fill=0(hr=0) rect=0(hr=0) line=0(hr=0) tint=0 spotlight=0 (over 100 flips ending at flip 1300)
[11:49:10] [info] color/alpha audit block 0: cmod_white=1287 cmod_black=1287 (idx=1287) cmod_general=0 (idx=0) cmod_fb=0; alpha_taken=0 alpha_skipped=0 (global cmod=8589/7047/693/0 idx=7047/693 alpha=0/0)
[11:49:10] [info] phase timing block 0: drawcalls=7597 dc_total_ms=1186 flip_inner_total_ms=496 inter_flip_total_ms=5650 (per-flip avg x10: dc_ms=118 fi_ms=49 if_ms=565 derived audio+engine_ms=398; per-drawcall avg us_x10=1561) [direct-vesa: presents=100 total_ms=293 avg_ms_x10=29 failed=0] [ablation: NO_DC_TIMING=0 CACHE_WINSURF=0 DIRECT_VESA=1]
[11:49:10] [info] kbd/audio block 0: kbd_irq=0 kbd_drain=0 ring_chunks=16 pump_pass=2983 pic1_mask=0xb8 first_irq_ticks=0 install_ticks=0 vector_at_install=0x0083a078 pic1_mask_live=0x98 kbd_8042_stat=0x34 bios_kbd_head=0x0026 bios_kbd_tail=0x0026 bios_kbd_buf0=0x3920
[11:49:10] [info] dirty-rect block @flip=1300: total_calls=0 dirty_rects_avg=1 dirty_pct_x10=1000 forced_full=0 first_n_force=0 threshold_exceeded=0 dirty_path_taken=0 full_flush_taken=0
[11:49:10] [info] prev-frame-diff block @flip=1300: diff_calls=0 diff_rects_avg=0 diff_dirty_pct_x10=0 bbox_pct_x10=0 bbox_thresh_exceeded=0
[11:49:10] [info] run_tick_fixed #3000: heartbeat (loop alive)
[11:49:10] [info] backdrop cache: thrashing-detect engaged (streak=64, route=direct)
[11:49:10] [info] flip-probe: flip #1310 ok=true present=3ms inter_flip_ms=50 drawcalls-since-flip=45 drawcalls-total=88209 fail-total=0 null-skips-total=0
[11:49:10] [info] flip-probe: flip #1320 ok=true present=3ms inter_flip_ms=46 drawcalls-since-flip=45 drawcalls-total=88659 fail-total=0 null-skips-total=0
[11:49:11] [info] flip-probe: flip #1330 ok=true present=3ms inter_flip_ms=42 drawcalls-since-flip=19 drawcalls-total=88875 fail-total=0 null-skips-total=0
[11:49:11] [info] flip-probe: flip #1340 ok=true present=3ms inter_flip_ms=43 drawcalls-since-flip=18 drawcalls-total=89057 fail-total=0 null-skips-total=0
[11:49:12] [info] flip-probe: flip #1350 ok=true present=3ms inter_flip_ms=43 drawcalls-since-flip=18 drawcalls-total=89237 fail-total=0 null-skips-total=0
[11:49:12] [info] flip-probe: flip #1360 ok=true present=3ms inter_flip_ms=43 drawcalls-since-flip=17 drawcalls-total=89408 fail-total=0 null-skips-total=0
[11:49:12] [info] backdrop cache: thrashing-detect engaged (streak=124, route=direct)
[11:49:13] [info] flip-probe: flip #1370 ok=true present=3ms inter_flip_ms=43 drawcalls-since-flip=18 drawcalls-total=89582 fail-total=0 null-skips-total=0
[11:49:13] [info] flip-probe: flip #1380 ok=true present=3ms inter_flip_ms=44 drawcalls-since-flip=19 drawcalls-total=89769 fail-total=0 null-skips-total=0
[11:49:14] [info] flip-probe: flip #1390 ok=true present=3ms inter_flip_ms=43 drawcalls-since-flip=19 drawcalls-total=89959 fail-total=0 null-skips-total=0
[11:49:14] [info] flip-probe: flip #1400 ok=true present=3ms inter_flip_ms=43 drawcalls-since-flip=18 drawcalls-total=90148 fail-total=0 null-skips-total=0
[11:49:14] [info] alpha audit block 0: 2016 total drawcalls, 0 with alpha<255 (block pct_x10=0; global 0/80945 pct_x10=0); alpha-mod skipped: block=0 global=0
[11:49:14] [info] fastpath audit block 0: taken=2016 (idx8=2016) skipped=0 pct_x10=1000; global taken=80945 (idx8=80945) skipped=0 pct_x10=1000
[11:49:14] [info] primitive tally block 0: clear=200(hr=200) fill=0(hr=0) rect=0(hr=0) line=0(hr=0) tint=0 spotlight=0 (over 100 flips ending at flip 1400)
[11:49:14] [info] color/alpha audit block 0: cmod_white=273 cmod_black=273 (idx=273) cmod_general=0 (idx=0) cmod_fb=0; alpha_taken=0 alpha_skipped=0 (global cmod=8862/7320/693/0 idx=7320/693 alpha=0/0)
[11:49:14] [info] phase timing block 0: drawcalls=2762 dc_total_ms=624 flip_inner_total_ms=493 inter_flip_total_ms=4441 (per-flip avg x10: dc_ms=62 fi_ms=49 if_ms=444 derived audio+engine_ms=333; per-drawcall avg us_x10=2259) [direct-vesa: presents=100 total_ms=288 avg_ms_x10=28 failed=0] [ablation: NO_DC_TIMING=0 CACHE_WINSURF=0 DIRECT_VESA=1]
[11:49:14] [info] kbd/audio block 0: kbd_irq=0 kbd_drain=0 ring_chunks=16 pump_pass=3205 pic1_mask=0xb8 first_irq_ticks=0 install_ticks=0 vector_at_install=0x0083a078 pic1_mask_live=0x98 kbd_8042_stat=0x34 bios_kbd_head=0x0026 bios_kbd_tail=0x0026 bios_kbd_buf0=0x3920
[11:49:14] [info] dirty-rect block @flip=1400: total_calls=0 dirty_rects_avg=1 dirty_pct_x10=1000 forced_full=0 first_n_force=0 threshold_exceeded=0 dirty_path_taken=0 full_flush_taken=0
[11:49:14] [info] prev-frame-diff block @flip=1400: diff_calls=0 diff_rects_avg=0 diff_dirty_pct_x10=0 bbox_pct_x10=0 bbox_thresh_exceeded=0
[11:49:14] [info] tas: stall frame 320 ms -> contributing 1 tick (patch 0286)
[11:49:15] [info] flip-probe: flip #1410 ok=true present=4ms inter_flip_ms=45 drawcalls-since-flip=18 drawcalls-total=90328 fail-total=0 null-skips-total=0
[11:49:15] [info] flip-probe: flip #1420 ok=true present=3ms inter_flip_ms=44 drawcalls-since-flip=18 drawcalls-total=90500 fail-total=0 null-skips-total=0
[11:49:15] [info] backdrop cache: thrashing-detect engaged (streak=184, route=direct)
[11:49:15] [info] flip-probe: flip #1430 ok=true present=3ms inter_flip_ms=42 drawcalls-since-flip=18 drawcalls-total=90680 fail-total=0 null-skips-total=0
[11:49:16] [info] flip-probe: flip #1440 ok=true present=3ms inter_flip_ms=44 drawcalls-since-flip=19 drawcalls-total=90867 fail-total=0 null-skips-total=0
[11:49:16] [info] flip-probe: flip #1450 ok=true present=3ms inter_flip_ms=43 drawcalls-since-flip=19 drawcalls-total=91057 fail-total=0 null-skips-total=0
[11:49:17] [info] flip-probe: flip #1460 ok=true present=3ms inter_flip_ms=44 drawcalls-since-flip=20 drawcalls-total=91248 fail-total=0 null-skips-total=0
[11:49:17] [info] flip-probe: flip #1470 ok=true present=3ms inter_flip_ms=44 drawcalls-since-flip=20 drawcalls-total=91448 fail-total=0 null-skips-total=0
[11:49:18] [info] flip-probe: flip #1480 ok=true present=3ms inter_flip_ms=43 drawcalls-since-flip=20 drawcalls-total=91648 fail-total=0 null-skips-total=0
[11:49:18] [info] backdrop cache: thrashing-detect engaged (streak=244, route=direct)
[11:49:18] [info] flip-probe: flip #1490 ok=true present=3ms inter_flip_ms=46 drawcalls-since-flip=17 drawcalls-total=91842 fail-total=0 null-skips-total=0
[11:49:19] [info] flip-probe: flip #1500 ok=true present=3ms inter_flip_ms=46 drawcalls-since-flip=17 drawcalls-total=92012 fail-total=0 null-skips-total=0
[11:49:19] [info] alpha audit block 0: 1764 total drawcalls, 0 with alpha<255 (block pct_x10=0; global 0/82709 pct_x10=0); alpha-mod skipped: block=0 global=0
[11:49:19] [info] fastpath audit block 0: taken=1764 (idx8=1764) skipped=0 pct_x10=1000; global taken=82709 (idx8=82709) skipped=0 pct_x10=1000
[11:49:19] [info] primitive tally block 0: clear=200(hr=200) fill=0(hr=0) rect=0(hr=0) line=0(hr=0) tint=0 spotlight=0 (over 100 flips ending at flip 1500)
[11:49:19] [info] phase timing block 0: drawcalls=1964 dc_total_ms=578 flip_inner_total_ms=476 inter_flip_total_ms=4637 (per-flip avg x10: dc_ms=57 fi_ms=47 if_ms=463 derived audio+engine_ms=359; per-drawcall avg us_x10=2943) [direct-vesa: presents=100 total_ms=288 avg_ms_x10=28 failed=0] [ablation: NO_DC_TIMING=0 CACHE_WINSURF=0 DIRECT_VESA=1]
[11:49:19] [info] kbd/audio block 0: kbd_irq=0 kbd_drain=0 ring_chunks=16 pump_pass=3422 pic1_mask=0xb8 first_irq_ticks=0 install_ticks=0 vector_at_install=0x0083a078 pic1_mask_live=0x98 kbd_8042_stat=0x34 bios_kbd_head=0x0026 bios_kbd_tail=0x0026 bios_kbd_buf0=0x3920
[11:49:19] [info] dirty-rect block @flip=1500: total_calls=0 dirty_rects_avg=1 dirty_pct_x10=1000 forced_full=0 first_n_force=0 threshold_exceeded=0 dirty_path_taken=0 full_flush_taken=0
[11:49:19] [info] prev-frame-diff block @flip=1500: diff_calls=0 diff_rects_avg=0 diff_dirty_pct_x10=0 bbox_pct_x10=0 bbox_thresh_exceeded=0
[11:49:19] [info] flip-probe: flip #1510 ok=true present=3ms inter_flip_ms=42 drawcalls-since-flip=17 drawcalls-total=92182 fail-total=0 null-skips-total=0
[11:49:20] [info] flip-probe: flip #1520 ok=true present=3ms inter_flip_ms=44 drawcalls-since-flip=18 drawcalls-total=92363 fail-total=0 null-skips-total=0
[11:49:20] [info] flip-probe: flip #1530 ok=true present=3ms inter_flip_ms=43 drawcalls-since-flip=17 drawcalls-total=92539 fail-total=0 null-skips-total=0
[11:49:20] [info] flip-probe: flip #1540 ok=true present=3ms inter_flip_ms=44 drawcalls-since-flip=16 drawcalls-total=92704 fail-total=0 null-skips-total=0
[11:49:21] [info] backdrop cache: thrashing-detect engaged (streak=304, route=direct)
[11:49:21] [info] flip-probe: flip #1550 ok=true present=3ms inter_flip_ms=45 drawcalls-since-flip=17 drawcalls-total=92871 fail-total=0 null-skips-total=0
[11:49:21] [info] flip-probe: flip #1560 ok=true present=3ms inter_flip_ms=46 drawcalls-since-flip=20 drawcalls-total=93061 fail-total=0 null-skips-total=0
[11:49:22] [info] flip-probe: flip #1570 ok=true present=3ms inter_flip_ms=44 drawcalls-since-flip=18 drawcalls-total=93263 fail-total=0 null-skips-total=0
[11:49:22] [info] flip-probe: flip #1580 ok=true present=3ms inter_flip_ms=59 drawcalls-since-flip=151 drawcalls-total=93626 fail-total=0 null-skips-total=0
[11:49:23] [info]  >> Entering stage 19: 'Assembly Hall'.
[11:49:23] [info] [skip-sheet-flush] cave=8
[11:49:23] [info] [load-stage] preloading entry music song=9 (cave=8)
[11:49:24] [info] gameloop: entered (curmap=19, running=1)
[11:49:24] [info] gameloop: iter 1 ticks=116594 mapno=-1
[11:49:24] [info] mds-clear-lut: rebuilt N=240 entries (k_skip=100% k_keep=0%; curmap=19 map_size=21x16; rebuild #6 since boot)
[11:49:24] [info] gameloop: iter 2 ticks=116696 mapno=-1
[11:49:24] [info] gameloop: iter 3 ticks=116791 mapno=-1
[11:49:24] [info] flip-probe: flip #1590 ok=true present=3ms inter_flip_ms=93 drawcalls-since-flip=463 drawcalls-total=97024 fail-total=0 null-skips-total=0
[11:49:24] [info] flip-probe: flip #1600 ok=true present=3ms inter_flip_ms=43 drawcalls-since-flip=122 drawcalls-total=99184 fail-total=0 null-skips-total=0
[11:49:24] [info] alpha audit block 0: 6916 total drawcalls, 0 with alpha<255 (block pct_x10=0; global 0/89625 pct_x10=0); alpha-mod skipped: block=0 global=0
[11:49:24] [info] fastpath audit block 0: taken=6916 (idx8=6916) skipped=0 pct_x10=1000; global taken=89625 (idx8=89625) skipped=0 pct_x10=1000
[11:49:24] [info] primitive tally block 0: clear=201(hr=201) fill=0(hr=0) rect=0(hr=0) line=0(hr=0) tint=0 spotlight=0 (over 100 flips ending at flip 1600)
[11:49:24] [info] color/alpha audit block 0: cmod_white=156 cmod_black=156 (idx=156) cmod_general=0 (idx=0) cmod_fb=0; alpha_taken=0 alpha_skipped=0 (global cmod=9018/7476/693/0 idx=7476/693 alpha=0/0)
[11:49:24] [info] phase timing block 0: drawcalls=7442 dc_total_ms=1049 flip_inner_total_ms=493 inter_flip_total_ms=5835 (per-flip avg x10: dc_ms=104 fi_ms=49 if_ms=583 derived audio+engine_ms=430; per-drawcall avg us_x10=1410) [direct-vesa: presents=100 total_ms=291 avg_ms_x10=29 failed=0] [ablation: NO_DC_TIMING=0 CACHE_WINSURF=0 DIRECT_VESA=1]
[11:49:24] [info] kbd/audio block 0: kbd_irq=0 kbd_drain=0 ring_chunks=16 pump_pass=3669 pic1_mask=0xb8 first_irq_ticks=0 install_ticks=0 vector_at_install=0x0083a078 pic1_mask_live=0x98 kbd_8042_stat=0x34 bios_kbd_head=0x0026 bios_kbd_tail=0x0026 bios_kbd_buf0=0x3920
[11:49:24] [info] dirty-rect block @flip=1600: total_calls=0 dirty_rects_avg=1 dirty_pct_x10=1000 forced_full=0 first_n_force=0 threshold_exceeded=0 dirty_path_taken=0 full_flush_taken=0
[11:49:24] [info] prev-frame-diff block @flip=1600: diff_calls=0 diff_rects_avg=0 diff_dirty_pct_x10=0 bbox_pct_x10=0 bbox_thresh_exceeded=0
[11:49:25] [info] flip-probe: flip #1610 ok=true present=3ms inter_flip_ms=44 drawcalls-since-flip=122 drawcalls-total=100404 fail-total=0 null-skips-total=0
[11:49:25] [info] flip-probe: flip #1620 ok=true present=3ms inter_flip_ms=43 drawcalls-since-flip=122 drawcalls-total=101624 fail-total=0 null-skips-total=0
[11:49:26] [info] flip-probe: flip #1630 ok=true present=2ms inter_flip_ms=47 drawcalls-since-flip=124 drawcalls-total=102868 fail-total=0 null-skips-total=0
[11:49:26] [info] flip-probe: flip #1640 ok=true present=3ms inter_flip_ms=45 drawcalls-since-flip=124 drawcalls-total=104095 fail-total=0 null-skips-total=0
[11:49:27] [info] flip-probe: flip #1650 ok=true present=3ms inter_flip_ms=45 drawcalls-since-flip=122 drawcalls-total=105325 fail-total=0 null-skips-total=0
[11:49:27] [info] flip-probe: flip #1660 ok=true present=2ms inter_flip_ms=45 drawcalls-since-flip=122 drawcalls-total=106545 fail-total=0 null-skips-total=0
[11:49:28] [info] flip-probe: flip #1670 ok=true present=3ms inter_flip_ms=45 drawcalls-since-flip=122 drawcalls-total=107765 fail-total=0 null-skips-total=0
[11:49:28] [info] flip-probe: flip #1680 ok=true present=3ms inter_flip_ms=46 drawcalls-since-flip=122 drawcalls-total=108985 fail-total=0 null-skips-total=0
[11:49:29] [info] flip-probe: flip #1690 ok=true present=3ms inter_flip_ms=83 drawcalls-since-flip=462 drawcalls-total=111505 fail-total=0 null-skips-total=0
[11:49:29] [info]  >> Entering stage 11: 'Mimiga Village'.
[11:49:29] [info] [skip-sheet-flush] cave=9
[11:49:30] [info] [load-stage] preloading entry music song=9 (cave=9)
[11:49:30] [info] gameloop: entered (curmap=11, running=1)
[11:49:30] [info] gameloop: iter 1 ticks=122740 mapno=-1
[11:49:30] [info] mds-clear-lut: rebuilt N=240 entries (k_skip=0% k_keep=100%; curmap=11 map_size=60x60; rebuild #7 since boot)
[11:49:30] [info] gameloop: iter 2 ticks=122849 mapno=-1
[11:49:30] [info] gameloop: iter 3 ticks=122946 mapno=-1
[11:49:30] [info] backdrop cache: thrashing-detect engaged (streak=4, route=direct)
[11:49:30] [info] flip-probe: flip #1700 ok=true present=4ms inter_flip_ms=70 drawcalls-since-flip=144 drawcalls-total=114625 fail-total=0 null-skips-total=0
[11:49:30] [info] alpha audit block 0: 14135 total drawcalls, 0 with alpha<255 (block pct_x10=0; global 0/103760 pct_x10=0); alpha-mod skipped: block=0 global=0
[11:49:30] [info] fastpath audit block 0: taken=14135 (idx8=14135) skipped=0 pct_x10=1000; global taken=103760 (idx8=103760) skipped=0 pct_x10=1000
[11:49:30] [info] primitive tally block 0: clear=202(hr=202) fill=0(hr=0) rect=0(hr=0) line=0(hr=0) tint=0 spotlight=0 (over 100 flips ending at flip 1700)
[11:49:30] [info] color/alpha audit block 0: cmod_white=1206 cmod_black=1206 (idx=1206) cmod_general=0 (idx=0) cmod_fb=0; alpha_taken=0 alpha_skipped=0 (global cmod=10224/8682/693/0 idx=8682/693 alpha=0/0)
[11:49:30] [info] phase timing block 0: drawcalls=16848 dc_total_ms=1763 flip_inner_total_ms=495 inter_flip_total_ms=5870 (per-flip avg x10: dc_ms=176 fi_ms=49 if_ms=587 derived audio+engine_ms=362; per-drawcall avg us_x10=1046) [direct-vesa: presents=100 total_ms=290 avg_ms_x10=29 failed=0] [ablation: NO_DC_TIMING=0 CACHE_WINSURF=0 DIRECT_VESA=1]
[11:49:30] [info] kbd/audio block 0: kbd_irq=0 kbd_drain=0 ring_chunks=16 pump_pass=3918 pic1_mask=0xb8 first_irq_ticks=0 install_ticks=0 vector_at_install=0x0083a078 pic1_mask_live=0x98 kbd_8042_stat=0x34 bios_kbd_head=0x0026 bios_kbd_tail=0x0026 bios_kbd_buf0=0x3920
[11:49:30] [info] dirty-rect block @flip=1700: total_calls=0 dirty_rects_avg=1 dirty_pct_x10=1000 forced_full=0 first_n_force=0 threshold_exceeded=0 dirty_path_taken=0 full_flush_taken=0
[11:49:30] [info] prev-frame-diff block @flip=1700: diff_calls=0 diff_rects_avg=0 diff_dirty_pct_x10=0 bbox_pct_x10=0 bbox_thresh_exceeded=0
[11:49:31] [info] flip-probe: flip #1710 ok=true present=3ms inter_flip_ms=48 drawcalls-since-flip=46 drawcalls-total=115058 fail-total=0 null-skips-total=0
[11:49:31] [info] flip-probe: flip #1720 ok=true present=3ms inter_flip_ms=47 drawcalls-since-flip=43 drawcalls-total=115509 fail-total=0 null-skips-total=0
[11:49:32] [info] tas: stall frame 266 ms -> contributing 1 tick (patch 0286)
[11:49:32] [info] flip-probe: flip #1730 ok=true present=3ms inter_flip_ms=47 drawcalls-since-flip=43 drawcalls-total=115935 fail-total=0 null-skips-total=0
[11:49:32] [info] flip-probe: flip #1740 ok=true present=3ms inter_flip_ms=46 drawcalls-since-flip=44 drawcalls-total=116372 fail-total=0 null-skips-total=0
[11:49:33] [info] flip-probe: flip #1750 ok=true present=3ms inter_flip_ms=49 drawcalls-since-flip=43 drawcalls-total=116810 fail-total=0 null-skips-total=0
[11:49:33] [info] backdrop cache: thrashing-detect engaged (streak=64, route=direct)
[11:49:33] [info] flip-probe: flip #1760 ok=true present=3ms inter_flip_ms=55 drawcalls-since-flip=46 drawcalls-total=117249 fail-total=0 null-skips-total=0
[11:49:34] [info] flip-probe: flip #1770 ok=true present=3ms inter_flip_ms=47 drawcalls-since-flip=45 drawcalls-total=117702 fail-total=0 null-skips-total=0
[11:49:34] [info] flip-probe: flip #1780 ok=true present=3ms inter_flip_ms=46 drawcalls-since-flip=44 drawcalls-total=118146 fail-total=0 null-skips-total=0
[11:49:35] [info] flip-probe: flip #1790 ok=true present=3ms inter_flip_ms=45 drawcalls-since-flip=44 drawcalls-total=118586 fail-total=0 null-skips-total=0
[11:49:35] [info] flip-probe: flip #1800 ok=true present=3ms inter_flip_ms=48 drawcalls-since-flip=43 drawcalls-total=119017 fail-total=0 null-skips-total=0
[11:49:35] [info] alpha audit block 0: 2992 total drawcalls, 0 with alpha<255 (block pct_x10=0; global 0/106752 pct_x10=0); alpha-mod skipped: block=0 global=0
[11:49:35] [info] fastpath audit block 0: taken=2992 (idx8=2992) skipped=0 pct_x10=1000; global taken=106752 (idx8=106752) skipped=0 pct_x10=1000
[11:49:35] [info] primitive tally block 0: clear=200(hr=200) fill=0(hr=0) rect=0(hr=0) line=0(hr=0) tint=0 spotlight=0 (over 100 flips ending at flip 1800)
[11:49:35] [info] color/alpha audit block 0: cmod_white=1300 cmod_black=1300 (idx=1300) cmod_general=0 (idx=0) cmod_fb=0; alpha_taken=0 alpha_skipped=0 (global cmod=11524/9982/693/0 idx=9982/693 alpha=0/0)
[11:49:35] [info] phase timing block 0: drawcalls=5792 dc_total_ms=808 flip_inner_total_ms=703 inter_flip_total_ms=5027 (per-flip avg x10: dc_ms=80 fi_ms=70 if_ms=502 derived audio+engine_ms=352; per-drawcall avg us_x10=1395) [direct-vesa: presents=100 total_ms=286 avg_ms_x10=28 failed=0] [ablation: NO_DC_TIMING=0 CACHE_WINSURF=0 DIRECT_VESA=1]
[11:49:35] [info] kbd/audio block 0: kbd_irq=0 kbd_drain=0 ring_chunks=16 pump_pass=4158 pic1_mask=0xb8 first_irq_ticks=0 install_ticks=0 vector_at_install=0x0083a078 pic1_mask_live=0x98 kbd_8042_stat=0x34 bios_kbd_head=0x0026 bios_kbd_tail=0x0026 bios_kbd_buf0=0x3920
[11:49:35] [info] dirty-rect block @flip=1800: total_calls=0 dirty_rects_avg=1 dirty_pct_x10=1000 forced_full=0 first_n_force=0 threshold_exceeded=0 dirty_path_taken=0 full_flush_taken=0
[11:49:35] [info] prev-frame-diff block @flip=1800: diff_calls=0 diff_rects_avg=0 diff_dirty_pct_x10=0 bbox_pct_x10=0 bbox_thresh_exceeded=0
[11:49:36] [info] flip-probe: flip #1810 ok=true present=3ms inter_flip_ms=45 drawcalls-since-flip=43 drawcalls-total=119447 fail-total=0 null-skips-total=0
[11:49:36] [info] run_tick_fixed #4200: heartbeat (loop alive)
[11:49:36] [info] backdrop cache: thrashing-detect engaged (streak=124, route=direct)
[11:49:36] [info] flip-probe: flip #1820 ok=true present=4ms inter_flip_ms=48 drawcalls-since-flip=18 drawcalls-total=119729 fail-total=0 null-skips-total=0
[11:49:37] [info] flip-probe: flip #1830 ok=true present=3ms inter_flip_ms=44 drawcalls-since-flip=20 drawcalls-total=119913 fail-total=0 null-skips-total=0
[11:49:37] [info] flip-probe: flip #1840 ok=true present=3ms inter_flip_ms=44 drawcalls-since-flip=18 drawcalls-total=120103 fail-total=0 null-skips-total=0
[11:49:38] [info] flip-probe: flip #1850 ok=true present=3ms inter_flip_ms=42 drawcalls-since-flip=15 drawcalls-total=120263 fail-total=0 null-skips-total=0
[11:49:38] [info] flip-probe: flip #1860 ok=true present=3ms inter_flip_ms=43 drawcalls-since-flip=15 drawcalls-total=120413 fail-total=0 null-skips-total=0
[11:49:39] [info]  >> Entering stage 14: 'Shack'.
[11:49:39] [info] [skip-sheet-flush] cave=10
[11:49:39] [info] [load-stage] preloading entry music song=8 (cave=10)
[11:49:39] [info] opl3 backend: on_song_stop
[11:49:39] [info] MidiScheduler::load: parsed 'data/orgmid2/vivi.mid' = 11188 events at 48 PPQ
[11:49:40] [info] opl3 backend: on_song_start
[11:49:40] [info] gameloop: entered (curmap=14, running=1)
[11:49:40] [info] gameloop: iter 1 ticks=132708 mapno=-1
[11:49:40] [info] flip-probe: flip #1870 ok=true present=3ms inter_flip_ms=1063 drawcalls-since-flip=365 drawcalls-total=123018 fail-total=0 null-skips-total=0
[11:49:40] [info] gameloop: iter 2 ticks=132795 mapno=-1
[11:49:40] [info] gameloop: iter 3 ticks=132879 mapno=-1
[11:49:40] [info] flip-probe: flip #1880 ok=true present=3ms inter_flip_ms=33 drawcalls-since-flip=13 drawcalls-total=125124 fail-total=0 null-skips-total=0
[11:49:41] [info] flip-probe: flip #1890 ok=true present=3ms inter_flip_ms=35 drawcalls-since-flip=24 drawcalls-total=125342 fail-total=0 null-skips-total=0
[11:49:41] [info] flip-probe: flip #1900 ok=true present=3ms inter_flip_ms=35 drawcalls-since-flip=24 drawcalls-total=125582 fail-total=0 null-skips-total=0
[11:49:41] [info] alpha audit block 0: 6159 total drawcalls, 0 with alpha<255 (block pct_x10=0; global 0/112911 pct_x10=0); alpha-mod skipped: block=0 global=0
[11:49:41] [info] fastpath audit block 0: taken=6159 (idx8=6159) skipped=0 pct_x10=1000; global taken=112911 (idx8=112911) skipped=0 pct_x10=1000
[11:49:41] [info] primitive tally block 0: clear=201(hr=201) fill=0(hr=0) rect=0(hr=0) line=0(hr=0) tint=0 spotlight=0 (over 100 flips ending at flip 1900)
[11:49:41] [info] color/alpha audit block 0: cmod_white=337 cmod_black=337 (idx=337) cmod_general=0 (idx=0) cmod_fb=0; alpha_taken=0 alpha_skipped=0 (global cmod=11861/10319/693/0 idx=10319/693 alpha=0/0)
[11:49:41] [info] phase timing block 0: drawcalls=7034 dc_total_ms=995 flip_inner_total_ms=496 inter_flip_total_ms=5727 (per-flip avg x10: dc_ms=99 fi_ms=49 if_ms=572 derived audio+engine_ms=424; per-drawcall avg us_x10=1415) [direct-vesa: presents=100 total_ms=290 avg_ms_x10=29 failed=0] [ablation: NO_DC_TIMING=0 CACHE_WINSURF=0 DIRECT_VESA=1]
[11:49:41] [info] kbd/audio block 0: kbd_irq=0 kbd_drain=0 ring_chunks=16 pump_pass=4394 pic1_mask=0xb8 first_irq_ticks=0 install_ticks=0 vector_at_install=0x0083a078 pic1_mask_live=0x98 kbd_8042_stat=0x34 bios_kbd_head=0x0026 bios_kbd_tail=0x0026 bios_kbd_buf0=0x3920
[11:49:41] [info] dirty-rect block @flip=1900: total_calls=0 dirty_rects_avg=1 dirty_pct_x10=1000 forced_full=0 first_n_force=0 threshold_exceeded=0 dirty_path_taken=0 full_flush_taken=0
[11:49:41] [info] prev-frame-diff block @flip=1900: diff_calls=0 diff_rects_avg=0 diff_dirty_pct_x10=0 bbox_pct_x10=0 bbox_thresh_exceeded=0
[11:49:41] [info] flip-probe: flip #1910 ok=true present=3ms inter_flip_ms=36 drawcalls-since-flip=26 drawcalls-total=125826 fail-total=0 null-skips-total=0
[11:49:42] [info] flip-probe: flip #1920 ok=true present=3ms inter_flip_ms=37 drawcalls-since-flip=28 drawcalls-total=126097 fail-total=0 null-skips-total=0
[11:49:42] [info] flip-probe: flip #1930 ok=true present=3ms inter_flip_ms=35 drawcalls-since-flip=24 drawcalls-total=126354 fail-total=0 null-skips-total=0
[11:49:43] [info] flip-probe: flip #1940 ok=true present=3ms inter_flip_ms=35 drawcalls-since-flip=24 drawcalls-total=126594 fail-total=0 null-skips-total=0
[11:49:43] [info] flip-probe: flip #1950 ok=true present=3ms inter_flip_ms=35 drawcalls-since-flip=24 drawcalls-total=126834 fail-total=0 null-skips-total=0
[11:49:43] [info] run_tick_fixed #4500: heartbeat (loop alive)
[11:49:43] [info] flip-probe: flip #1960 ok=true present=3ms inter_flip_ms=42 drawcalls-since-flip=24 drawcalls-total=127074 fail-total=0 null-skips-total=0
[11:49:44] [info] flip-probe: flip #1970 ok=true present=3ms inter_flip_ms=34 drawcalls-since-flip=24 drawcalls-total=127314 fail-total=0 null-skips-total=0
[11:49:44] [info] flip-probe: flip #1980 ok=true present=2ms inter_flip_ms=35 drawcalls-since-flip=24 drawcalls-total=127554 fail-total=0 null-skips-total=0
[11:49:44] [info] flip-probe: flip #1990 ok=true present=3ms inter_flip_ms=33 drawcalls-since-flip=14 drawcalls-total=127784 fail-total=0 null-skips-total=0
[11:49:45] [info] flip-probe: flip #2000 ok=true present=3ms inter_flip_ms=39 drawcalls-since-flip=14 drawcalls-total=127924 fail-total=0 null-skips-total=0
[11:49:45] [info] alpha audit block 0: 1897 total drawcalls, 0 with alpha<255 (block pct_x10=0; global 0/114808 pct_x10=0); alpha-mod skipped: block=0 global=0
[11:49:45] [info] fastpath audit block 0: taken=1897 (idx8=1897) skipped=0 pct_x10=1000; global taken=114808 (idx8=114808) skipped=0 pct_x10=1000
[11:49:45] [info] primitive tally block 0: clear=200(hr=200) fill=0(hr=0) rect=0(hr=0) line=0(hr=0) tint=0 spotlight=0 (over 100 flips ending at flip 2000)
[11:49:45] [info] color/alpha audit block 0: cmod_white=445 cmod_black=445 (idx=445) cmod_general=0 (idx=0) cmod_fb=0; alpha_taken=0 alpha_skipped=0 (global cmod=12306/10764/693/0 idx=10764/693 alpha=0/0)
[11:49:45] [info] phase timing block 0: drawcalls=2987 dc_total_ms=609 flip_inner_total_ms=712 inter_flip_total_ms=3536 (per-flip avg x10: dc_ms=60 fi_ms=71 if_ms=353 derived audio+engine_ms=222; per-drawcall avg us_x10=2041) [direct-vesa: presents=100 total_ms=289 avg_ms_x10=28 failed=0] [ablation: NO_DC_TIMING=0 CACHE_WINSURF=0 DIRECT_VESA=1]
[11:49:45] [info] kbd/audio block 0: kbd_irq=0 kbd_drain=0 ring_chunks=16 pump_pass=4571 pic1_mask=0xb8 first_irq_ticks=0 install_ticks=0 vector_at_install=0x0083a078 pic1_mask_live=0x98 kbd_8042_stat=0x34 bios_kbd_head=0x0026 bios_kbd_tail=0x0026 bios_kbd_buf0=0x3920
[11:49:45] [info] dirty-rect block @flip=2000: total_calls=0 dirty_rects_avg=1 dirty_pct_x10=1000 forced_full=0 first_n_force=0 threshold_exceeded=0 dirty_path_taken=0 full_flush_taken=0
[11:49:45] [info] prev-frame-diff block @flip=2000: diff_calls=0 diff_rects_avg=0 diff_dirty_pct_x10=0 bbox_pct_x10=0 bbox_thresh_exceeded=0
[11:49:45] [info] tas: stall frame 307 ms -> contributing 1 tick (patch 0286)
[11:49:45] [info] flip-probe: flip #2010 ok=true present=3ms inter_flip_ms=73 drawcalls-since-flip=351 drawcalls-total=129166 fail-total=0 null-skips-total=0
[11:49:46] [info]  >> Entering stage 11: 'Mimiga Village'.
[11:49:46] [info] [skip-sheet-flush] cave=11
[11:49:46] [info] [load-stage] preloading entry music song=9 (cave=11)
[11:49:46] [info] opl3 backend: on_song_stop
[11:49:46] [info] MidiScheduler::load: parsed 'data/orgmid2/mura.mid' = 7123 events at 48 PPQ
[11:49:46] [info] opl3 backend: on_song_start
[11:49:46] [info] gameloop: entered (curmap=11, running=1)
[11:49:46] [info] gameloop: iter 1 ticks=139469 mapno=-1
[11:49:47] [info] gameloop: iter 2 ticks=139566 mapno=-1
[11:49:47] [info] gameloop: iter 3 ticks=139663 mapno=-1
[11:49:47] [info] flip-probe: flip #2020 ok=true present=3ms inter_flip_ms=92 drawcalls-since-flip=322 drawcalls-total=132439 fail-total=0 null-skips-total=0
[11:49:47] [info] backdrop cache: thrashing-detect engaged (streak=4, route=direct)
[11:49:47] [info] flip-probe: flip #2030 ok=true present=3ms inter_flip_ms=48 drawcalls-since-flip=41 drawcalls-total=132990 fail-total=0 null-skips-total=0
[11:49:48] [info] flip-probe: flip #2040 ok=true present=3ms inter_flip_ms=46 drawcalls-since-flip=44 drawcalls-total=133414 fail-total=0 null-skips-total=0
[11:49:48] [info] flip-probe: flip #2050 ok=true present=3ms inter_flip_ms=47 drawcalls-since-flip=44 drawcalls-total=133854 fail-total=0 null-skips-total=0
[11:49:49] [info] flip-probe: flip #2060 ok=true present=3ms inter_flip_ms=51 drawcalls-since-flip=48 drawcalls-total=134321 fail-total=0 null-skips-total=0
[11:49:49] [info] flip-probe: flip #2070 ok=true present=3ms inter_flip_ms=45 drawcalls-since-flip=43 drawcalls-total=134767 fail-total=0 null-skips-total=0
[11:49:50] [info] flip-probe: flip #2080 ok=true present=3ms inter_flip_ms=43 drawcalls-since-flip=43 drawcalls-total=135197 fail-total=0 null-skips-total=0
[11:49:50] [info] backdrop cache: thrashing-detect engaged (streak=64, route=direct)
[11:49:50] [info] flip-probe: flip #2090 ok=true present=3ms inter_flip_ms=46 drawcalls-since-flip=46 drawcalls-total=135652 fail-total=0 null-skips-total=0
[11:49:50] [info] run_tick_fixed #4800: heartbeat (loop alive)
[11:49:50] [info] backdrop cache: thrashing-detect engaged (streak=4, route=direct)
[11:49:51] [info] flip-probe: flip #2100 ok=true present=3ms inter_flip_ms=48 drawcalls-since-flip=45 drawcalls-total=136102 fail-total=0 null-skips-total=0
[11:49:51] [info] alpha audit block 0: 6988 total drawcalls, 0 with alpha<255 (block pct_x10=0; global 0/121796 pct_x10=0); alpha-mod skipped: block=0 global=0
[11:49:51] [info] fastpath audit block 0: taken=6988 (idx8=6988) skipped=0 pct_x10=1000; global taken=121796 (idx8=121796) skipped=0 pct_x10=1000
[11:49:51] [info] primitive tally block 0: clear=201(hr=201) fill=0(hr=0) rect=0(hr=0) line=0(hr=0) tint=0 spotlight=0 (over 100 flips ending at flip 2100)
[11:49:51] [info] color/alpha audit block 0: cmod_white=1105 cmod_black=1105 (idx=1105) cmod_general=0 (idx=0) cmod_fb=0; alpha_taken=0 alpha_skipped=0 (global cmod=13411/11869/693/0 idx=11869/693 alpha=0/0)
[11:49:51] [info] phase timing block 0: drawcalls=9408 dc_total_ms=1188 flip_inner_total_ms=492 inter_flip_total_ms=6161 (per-flip avg x10: dc_ms=118 fi_ms=49 if_ms=616 derived audio+engine_ms=449; per-drawcall avg us_x10=1263) [direct-vesa: presents=100 total_ms=289 avg_ms_x10=28 failed=0] [ablation: NO_DC_TIMING=0 CACHE_WINSURF=0 DIRECT_VESA=1]
[11:49:51] [info] kbd/audio block 0: kbd_irq=0 kbd_drain=0 ring_chunks=16 pump_pass=4823 pic1_mask=0xb8 first_irq_ticks=0 install_ticks=0 vector_at_install=0x0083a078 pic1_mask_live=0x98 kbd_8042_stat=0x34 bios_kbd_head=0x0026 bios_kbd_tail=0x0026 bios_kbd_buf0=0x3920
[11:49:51] [info] dirty-rect block @flip=2100: total_calls=0 dirty_rects_avg=1 dirty_pct_x10=1000 forced_full=0 first_n_force=0 threshold_exceeded=0 dirty_path_taken=0 full_flush_taken=0
[11:49:51] [info] prev-frame-diff block @flip=2100: diff_calls=0 diff_rects_avg=0 diff_dirty_pct_x10=0 bbox_pct_x10=0 bbox_thresh_exceeded=0
[11:49:51] [info] flip-probe: flip #2110 ok=true present=3ms inter_flip_ms=49 drawcalls-since-flip=45 drawcalls-total=136552 fail-total=0 null-skips-total=0
[11:49:52] [info] flip-probe: flip #2120 ok=true present=3ms inter_flip_ms=47 drawcalls-since-flip=47 drawcalls-total=137017 fail-total=0 null-skips-total=0
[11:49:52] [info] flip-probe: flip #2130 ok=true present=3ms inter_flip_ms=55 drawcalls-since-flip=44 drawcalls-total=137471 fail-total=0 null-skips-total=0
[11:49:52] [info] backdrop cache: thrashing-detect engaged (streak=4, route=direct)
[11:49:53] [info] flip-probe: flip #2140 ok=true present=3ms inter_flip_ms=41 drawcalls-since-flip=18 drawcalls-total=137781 fail-total=0 null-skips-total=0
[11:49:53] [info] backdrop cache: thrashing-detect engaged (streak=4, route=direct)
[11:49:53] [info] flip-probe: flip #2150 ok=true present=3ms inter_flip_ms=45 drawcalls-since-flip=19 drawcalls-total=137969 fail-total=0 null-skips-total=0
[11:49:54] [info] flip-probe: flip #2160 ok=true present=3ms inter_flip_ms=43 drawcalls-since-flip=21 drawcalls-total=138171 fail-total=0 null-skips-total=0
[11:49:54] [info] flip-probe: flip #2170 ok=true present=3ms inter_flip_ms=43 drawcalls-since-flip=20 drawcalls-total=138377 fail-total=0 null-skips-total=0
[11:49:54] [info] flip-probe: flip #2180 ok=true present=3ms inter_flip_ms=44 drawcalls-since-flip=19 drawcalls-total=138571 fail-total=0 null-skips-total=0
[11:49:55] [info] flip-probe: flip #2190 ok=true present=3ms inter_flip_ms=46 drawcalls-since-flip=19 drawcalls-total=138761 fail-total=0 null-skips-total=0
[11:49:55] [info] flip-probe: flip #2200 ok=true present=3ms inter_flip_ms=45 drawcalls-since-flip=19 drawcalls-total=138951 fail-total=0 null-skips-total=0
[11:49:55] [info] alpha audit block 0: 2294 total drawcalls, 0 with alpha<255 (block pct_x10=0; global 0/124090 pct_x10=0); alpha-mod skipped: block=0 global=0
[11:49:55] [info] fastpath audit block 0: taken=2294 (idx8=2294) skipped=0 pct_x10=1000; global taken=124090 (idx8=124090) skipped=0 pct_x10=1000
[11:49:55] [info] primitive tally block 0: clear=200(hr=200) fill=0(hr=0) rect=0(hr=0) line=0(hr=0) tint=0 spotlight=0 (over 100 flips ending at flip 2200)
[11:49:55] [info] color/alpha audit block 0: cmod_white=455 cmod_black=455 (idx=455) cmod_general=0 (idx=0) cmod_fb=0; alpha_taken=0 alpha_skipped=0 (global cmod=13866/12324/693/0 idx=12324/693 alpha=0/0)
[11:49:55] [info] phase timing block 0: drawcalls=3417 dc_total_ms=726 flip_inner_total_ms=496 inter_flip_total_ms=4565 (per-flip avg x10: dc_ms=72 fi_ms=49 if_ms=456 derived audio+engine_ms=335; per-drawcall avg us_x10=2124) [direct-vesa: presents=100 total_ms=292 avg_ms_x10=29 failed=0] [ablation: NO_DC_TIMING=0 CACHE_WINSURF=0 DIRECT_VESA=1]
[11:49:55] [info] kbd/audio block 0: kbd_irq=0 kbd_drain=0 ring_chunks=16 pump_pass=5051 pic1_mask=0xb8 first_irq_ticks=0 install_ticks=0 vector_at_install=0x0083a078 pic1_mask_live=0x98 kbd_8042_stat=0x34 bios_kbd_head=0x0026 bios_kbd_tail=0x0026 bios_kbd_buf0=0x3920
[11:49:55] [info] dirty-rect block @flip=2200: total_calls=0 dirty_rects_avg=1 dirty_pct_x10=1000 forced_full=0 first_n_force=0 threshold_exceeded=0 dirty_path_taken=0 full_flush_taken=0
[11:49:55] [info] prev-frame-diff block @flip=2200: diff_calls=0 diff_rects_avg=0 diff_dirty_pct_x10=0 bbox_pct_x10=0 bbox_thresh_exceeded=0
[11:49:56] [info] backdrop cache: thrashing-detect engaged (streak=64, route=direct)
[11:49:56] [info] flip-probe: flip #2210 ok=true present=3ms inter_flip_ms=43 drawcalls-since-flip=19 drawcalls-total=139141 fail-total=0 null-skips-total=0
[11:49:56] [info] flip-probe: flip #2220 ok=true present=3ms inter_flip_ms=43 drawcalls-since-flip=19 drawcalls-total=139331 fail-total=0 null-skips-total=0
[11:49:57] [info] flip-probe: flip #2230 ok=true present=2ms inter_flip_ms=45 drawcalls-since-flip=60 drawcalls-total=139767 fail-total=0 null-skips-total=0
[11:49:57] [info] flip-probe: flip #2240 ok=true present=3ms inter_flip_ms=45 drawcalls-since-flip=60 drawcalls-total=140367 fail-total=0 null-skips-total=0
[11:49:58] [info] flip-probe: flip #2250 ok=true present=3ms inter_flip_ms=45 drawcalls-since-flip=60 drawcalls-total=140967 fail-total=0 null-skips-total=0
[11:49:58] [info] tas: end-of-replay auto-exit at tick 5140 (recording exhausted; set DOSKUTSU_TAS_REPLAY_HOLD=1 to disable + observe steady-state past recording end)
[11:49:58] [info] Script engine shutdown.
[11:49:58] [info] opl3 backend: on_song_stop
[11:49:58] [info] opl3 backend: cleared reg 0xBD chip-wide latch (wub-wub mitigation per flush-instr WAVE-46 H6)
[11:49:58] [info] opl3 backend shutdown (all 18 voices KEY-OFF unconditionally; OPL2 mode restored; chip state safe for next process)
[11:49:59] [info] Sound system shutdown
[11:49:59] [info] Renderer::Close()
[11:49:59] [info] tas: replay file closed
[11:49:59] [info] [fps-true] flips=2258 render_s=147 fps_mean=15.3 (clock-independent: flips / seconds since the FIRST flip; use THIS for the fps matrix, not inter_flip medians, which are invalid in any cell running the PIT/IRQ-0 music pump)
[RUNMANIFEST-BEGIN]
schema_version=1
environment=realhw
binary_sha12=f8d446b4b0e0
wave_tag=618
scene=
env_block_sha=b09e508e94cc
started_utc=2026-11-19T04:52:53Z
duration_s=162
exit_code=0
fps_p50=NA
fps_p95=NA
audio_vital_status=NA
regime=NA
banner_required_hit=0
banner_required_total=0
banner_forbidden_hit=0
banner_optional_hit=0
critical_count=0
warn_count=0
[RUNMANIFEST-END]
[11:49:59] [info] [runmanifest-emit] schema=v1 env=realhw sha12=f8d446b4b0e0 dur=162s tag='618' scene='' env_sha=b09e508e94cc (signals=0x4)
