Logger::init: wave-53 log level=INFO path='LOGS/631.LOG'
[10:49:37] [info] config: loaded DOSKUTSU.CFG (3 keys)
[10:49:37] [info] tas: PRNG seed forced to 12345 via DOSKUTSU_TAS_PRNG_SEED
[10:49:37] [info] tas: auto-exit armed at tick 30000 via DOSKUTSU_TAS_AUTO_EXIT_TICK
[10:49:37] [info] tas: replay opened path='QA.TAS' header_seed=12345
[10:49:38] [info] data cache: DISABLED (default)
[10:49:38] [info] Joystick: skipped (default; set DOSKUTSU_USE_JOYSTICK=1 to enable -- skips SDL3-DOS gameport BIOS INT 15h polling, ~82 ms / flip on real HW)
[10:49:38] [info] Loading settings...
[10:49:38] [info] [input-bind] applied=0 invert_y=0 dos_axes=1
[10:49:38] [info] Renderer::initVideo: 8bpp mode requested via SDL_HINT_DOS_MAX_BPP=8 (wave 16); SDL3-DOS will pick the highest-bpp <= 8 mode at requested resolution
[10:49:38] [info] Renderer::initVideo: DOS resolution-label lock ENABLED (default)
[10:49:38] [info] Renderer::initVideo: using: software renderer
[10:49:41] [info] Renderer::initVideo: dirty-rect tracking ENABLED (wave 15, default ON; set SDL_HINT_DOSKUTSU_DIRTY_RECTS=0 to disable)
[10:49:41] [info] Renderer::initVideo: ablation flags: NO_DC_TIMING=0 CACHE_WINSURF=0 NO_INPUT_POLL=0 DIRECT_VESA=1
[10:49:41] [info] Renderer::initVideo: direct-VESA hot path ENABLED (default since wave 20 patch 0088; bypasses SDL_RenderPresent / SDL_UpdateWindowSurface and writes via SDL/0034's PresentFull helper; R2 mitigation handled by SDL/0034 generation counter -- no per-N-flip heartbeat needed; set SDL_HINT_DOSKUTSU_DIRECT_VESA=0 to revert)
[10:49:41] [info] Renderer::initVideo: flip-phase instrumentation DISABLED (default; set SDL_HINT_DOSKUTSU_FLIP_INSTR=1 to opt in for wave-20 Lever A diagnostic)
[10:49:41] [info] Renderer::initVideo: asm opaque-span blit lever DISABLED (default; set SDL_HINT_DOSKUTSU_ASM_BLIT=1 to opt in -- wave-51 _blit_indexed colorkey-blit lever)
[10:49:41] [info] Renderer::initVideo: blit-decomp instrumentation DISABLED (default; set SDL_HINT_DOSKUTSU_BLIT_DECOMP=1 to opt in -- wave-51 _blit_indexed sub-decomp sizing)
[10:49:41] [info] Renderer::initVideo: mds-scroll-decomp instrumentation DISABLED (default; set SDL_HINT_DOSKUTSU_MDS_DECOMP=1 to opt in -- wave-52 mode_draw_scene scrolling-block decomp)
[10:49:41] [info] Renderer::initVideo: DOSVESA pump yield: skipped (default) (per-flip explicit SDL_Delay(0) yield is always on; set SDL_HINT_DOSKUTSU_FORCE_PUMP_YIELD=1 to restore old per-pump yield)
[10:49:41] [info] Renderer::initVideo: indexed-mode (8bpp) ENABLED -- master palette + 107 per-asset remap LUTs loaded (wave 16, default ON; set SDL_HINT_DOSKUTSU_PIXEL_FORMAT_8=0 to disable)
[10:49:41] [info] Renderer::initVideo: master palette attached to window surface (format=SDL_PIXELFORMAT_INDEX8, ncolors=256)
[10:49:41] [info] Renderer::initVideo: indexed-mode smoke: idx0=(0,0,0) OK idx255=(255,0,255) OK
[10:49:41] [info] Renderer::initVideo: indexed-mode smoke: paletteRemapFor('MyChar.pbm') = present
[10:49:42] [info] Surface::loadImage palmap-diag #1: 'data/Loading.pbm' fmt=SDL_PIXELFORMAT_ABGR8888 remap=HIT -> path=truecolor
[10:49:42] [info] Renderer: prev-frame diff DISABLED (default since wave 17.6; set SDL_HINT_DOSKUTSU_PREVFRAME_DIFF=1 to opt in)
[10:49:42] [info] flip-probe: renderer=software window_ptr=8809312 colorspace=301991328 window_size=320x240 framebuffer_pixels=320x240 logical_present=320x240 mode=2
[10:49:42] [info] flip-probe: first flip ok=true present=50ms inter_flip_ms=0 drawcalls-since-flip=1 drawcalls-total=1
[10:49:42] [info] Sound system init
[10:49:42] [info] Sound system: 4-state audio enable (#31) -- music=on sfx=on (MUSIC_OFF/AUDIO_BACKEND=none -> music-off; SFX_OFF/SFX_DEVICE=none -> sfx-off; both gates are dispatch-level, the device still opens; AUDIO_OFF=1 is the device-level both-off).
[10:49:42] [info] Sound system: Tier-2 audio config (default since wave 21 patch 0093; 11025 Hz, 1 channel, buffer pinned to 256 frames). Measured savings on g2k Pentium OverDrive 83 MHz (W21A): heavy-music scenes ~+11 fps vs Tier-1 baseline (measured -10 to -15 ms/flip post-0094 audio fix; W21A's pre-fix -26.6 ms figure was inflated by stereo-vs-mono playback bug, see patch 0094). Audio quality is reduced vs Tier-1 (mono, 11025 Hz, simple-average L+R downmix) but recognizable; user accepted the trade per direction 2026-05-05. Set SDL_HINT_DOSKUTSU_AUDIO_TIER2=0 to revert to Tier-1 22050 stereo (full Cave Story 2004 audio quality; trades fps for fidelity).
[10:49:42] [info] Sound system: SDL_HINT_AUDIO_DEVICE_SAMPLE_FRAMES=256
[10:49:42] [info] Pixtone IRQ rate-divider: handed master_rate=11025 int16/s (SAMPLE_RATE=11025 x AUDIO_CHANNELS=1) to SDL for auto-RATEDIV (SDL/0074 computes shift_div from the resolved device freq).
[10:49:42] [info] Sound system: device frame-rate: requesting 11025 Hz match to master (SDL_DOSAudioSetDeviceFrameRate; SB16 opens at the engine frame rate instead of SDL's 44100 floor -- 4x less PCM/s + no resampler on the Organya/Pixtone path; killswitch SDL_HINT_DOSKUTSU_DOS_AUDIO_DEVICE_RATE_DEFAULT=0).
[10:49:42] [info] audio backend: opl3 (Phase 10 Stage 4 -- concrete OPL3 FM synthesis backend via SDL/0037+ OPL3 helpers; MidiScheduler routes music dispatch through 18 x 2-op voice allocator + small inline patch bank). SoundManager::init will probe OPL3 via Adlib timer-1 sequence + fall back to organya gracefully if the chip is absent. Pixtone SFX still active on SB16 DAC.
[10:49:42] [info] wave-13.6.1: ring_chunks=16 FORCE_PUMP_YIELD=off (set SDL_HINT_DOSKUTSU_AUDIO_RING_CHUNKS=4|8|16 to override; default 16 matches wave 13.6 behaviour)
[10:49:42] [info] MidiScheduler: MIDI source = 'orgmid2' (native-GM org2mid set; resolves to data/orgmid2/<name>.mid).
[10:49:42] [info] opl3 backend probing for OPL3 chip (Adlib timer-1 sequence)...
[10:49:42] [info] opl3 backend: opl3bank.dat loaded 128 programs from 'data/opl3bank.dat' (v1; 1536 bytes payload). Per-program GM patches now use the runtime bank; programs >= 128 fall back to 8-patch family bucket. Drum channel (MIDI ch 9) unchanged (uses PATCH_DRUM regardless of bank loading).
[10:49:42] [info] opl3 backend ready (OPL3 detected via Adlib timer-1; InitChip applied 18 x 2-op layout; voice allocator armed). Patch bank state: runtime opl3bank.dat ACTIVE (loaded_count=128; programs >= loaded_count fall back to 8-patch placeholder covering GM family categories piano/mallet/organ/guitar/strings/brass/reed/pad). Phase 10.5 path: ship a fuller community bank as data/opl3bank.dat (DOPL3v1 format; 12-byte SBI records per GM program; loader at MidiBackendOpl3 ctor).
[10:49:42] [info] opl3 backend: PATCH_ORGAN + PATCH_MALLET RR=8 (medium release; wub-wub fix per patch 0171; was RR=0 in slot 0103 placeholder -- KEY-OFF couldn't silence; H6 reg 0xBD wave-47 falsified; H1+H5/RR=0 byte-level bug root per WAVE-46/47 analysis)
[10:49:42] [info] Sound system: MidiScheduler armed with MidiBackendOpl3 (patch 0103 Phase 10 Stage 4). Music dispatch routes via SMF parser + 18 x 2-op OPL3 voice allocator + small inline patch bank (community-sourced from Apogee Sound System / AdLib SBI public-domain refs). Pixtone SFX still active on SB16 DAC.
[10:49:42] [info] Sound system: idle-pause skipped (default OFF since patch 0119; backend=opl3 would qualify but operator did not opt-in via SDL_HINT_DOSKUTSU_IDLE_PAUSE=1). DSP stays in continuous-stream mode. Re-enable for an A/B iter once SDL/0037 ForcePause non-engagement is rooted out (task #17).
[10:49:42] [warn] Music dir Ogg/ doesn't exist
[10:49:42] [warn] Music dir Ogg11/ doesn't exist
[10:49:42] [warn] Music dir Ogg17/ doesn't exist
[10:49:42] [warn] Music dir Ogg_ridic/ doesn't exist
[10:49:42] [info] Loading Sound FX...
[10:49:43] [info] [pxt-cache] init(): HIT (loaded cache; render skipped)
[10:49:51] [info] Organya init...
[10:49:53] [info] Organya init done
[10:50:05] [info] gus SFX gain [nx0259]: 70% (SDL_HINT_DOSKUTSU_GUS_SFX_GAIN; scales the GF1 SFX voice volume to balance against velocity/CC-scaled GUS music; default 70, clamp 0..150).
[10:50:05] [info] pixtone IRQ-mix: ENABLED (default; SDL backend engaged; set SDL_HINT_DOSKUTSU_PIXTONE_IRQ_MIX=0 to disable)
[10:50:05] [info] Pixtone::setVolume: L3 active -- mid-play SFX volume updates are no-op in v1 (v2 candidate: SDL_DOSPixtoneSetGain API). gain_x256=256 stored for subsequent SDL_DOSPixtoneStart calls; currently-playing L3 channels unaffected.
[10:50:05] [info] midi ISR tick: engine registered tick_isr callback (L2b active; default ON; set SDL_HINT_DOSKUTSU_MIDI_ISR_TICK=0 to disable)
[10:50:05] [info] menu slide-in fixed-timestep: ENABLED (default; slide advances at 50 Hz logic rate)
[10:50:05] [info] Reading npc.tbl...
[10:50:05] [info] Loading tilekey.dat.
[10:50:05] [info] Script engine init.
[10:50:06] [info] Entering main loop...
[10:50:06] [info] audio mid-gap pump: DISABLED (default)
[10:50:06] [info] TAS fixed-timestep guard: ENABLED (default) (patch 0280; load_stage wall-clock kept out of the FT accumulator so TAS replay advances at a true 50 Hz; set SDL_HINT_DOSKUTSU_TAS_FT_GUARD=0 to disable)
[10:50:06] [info] load_stage ring+DMA silence flush: ENABLED (default) (set SDL_HINT_DOSKUTSU_LOADSTAGE_SILENCE=0 to disable)
[10:50:06] [info] load-band audio-underrun probe: DISABLED (default) (opt-in SDL_HINT_DOSKUTSU_LOADBAND_STAT=1)
[10:50:06] [info]  >> Entering stage 72: 'u'.
[10:50:06] [info] skip sheet flush: ENABLED (default) (SFXPAUSE-012 SHIPPED FIX; sprite sheets stay resident across caves so no per-cave re-decode -> no fire-frame pause; map_flush_graphics tilemap cache still flushes; set SDL_HINT_DOSKUTSU_SKIP_SHEET_FLUSH=0 to restore the old per-cave flush)
[10:50:06] [info] [skip-sheet-flush] cave=1
[10:50:06] [info] eager action sheets: ENABLED (default) (first-fire hitch fix: pre-loads the weapon bullet + hit/muzzle/trail caret sheets at stage load so the first fire/impact does not lazy-decode mid-gameplay; set SDL_HINT_DOSKUTSU_EAGER_ACTION_SHEETS=0 to restore lazy load)
[10:50:06] [info] Surface::loadImage palmap-diag #2: 'data/Bullet.pbm' fmt=SDL_PIXELFORMAT_ABGR8888 remap=HIT -> path=truecolor
[10:50:06] [info] Surface::loadImage palmap-diag #3: 'data/Arms.pbm' fmt=SDL_PIXELFORMAT_ABGR8888 remap=HIT -> path=truecolor
[10:50:07] [info] Surface::loadImage palmap-diag #4: 'data/Caret.pbm' fmt=SDL_PIXELFORMAT_ABGR8888 remap=HIT -> path=truecolor
[10:50:07] [info] Surface::loadImage palmap-diag #5: 'data/Npc/NpcSym.pbm' fmt=SDL_PIXELFORMAT_ABGR8888 remap=HIT -> path=truecolor
[10:50:07] [info] [eager-action-sheets] cave=1 sheets=4 wall_ms=1404
[10:50:07] [info] Surface::loadImage palmap-diag #6: 'data/Stage/PrtWhite.pbm' fmt=SDL_PIXELFORMAT_ABGR8888 remap=HIT -> path=truecolor
[10:50:08] [info] load_stage: entry-music preload ENABLED (default) (set SDL_HINT_DOSKUTSU_PRELOAD_STAGE_MUSIC=0 to disable)
[10:50:08] [info] Surface::loadImage palmap-diag #7: 'data/bk0.pbm' fmt=SDL_PIXELFORMAT_ABGR8888 remap=HIT -> path=truecolor
[10:50:08] [info] gameloop: entered (curmap=72, running=1)
[10:50:08] [info] gameloop: iter 1 ticks=30921 mapno=-1
[10:50:08] [info] fixed-timestep: ENABLED (default; logic 50 Hz, decoupled from render)
[10:50:08] [info] map: BG skip-when-unchanged DISABLED (default) (set SDL_HINT_DOSKUTSU_BG_SKIP_WHEN_UNCHANGED=1 to enable; default OFF since wave-61 -- abandoned, it shipped a backdrop-black flicker and its +0.87 fps was below the noise floor)
[10:50:08] [info] map: skip-redundant-clear lever ENABLED (default since wave-53 promotion)
[10:50:08] [info] perf-mode: level=0 (faithful (default))
[10:50:08] [info] Surface::loadImage palmap-diag #8: 'data/Npc/NpcKings.pbm' fmt=SDL_PIXELFORMAT_ABGR8888 remap=HIT -> path=truecolor
[10:50:08] [info] audio tick-boundary pump: DISABLED (default)
[10:50:08] [info] gameloop: iter 2 ticks=31315 mapno=-1
[10:50:08] [info] gameloop: iter 3 ticks=31368 mapno=-1
[10:50:09] [info] direct-vesa: snapshot @gen=2 use_dosmemput=0 banked_multibank=0 pitches_match=1 vram_w=320 vram_h=240 vram_pitch=320 bpp=1 fb_size=76800 vram_phys=0x78000000 vram_ptr=0x77c00000
[10:50:09] [info] flip-probe: flip #10 ok=true present=3ms inter_flip_ms=30 drawcalls-since-flip=6 drawcalls-total=43 fail-total=0 null-skips-total=0
[10:50:09] [info] flip-probe: flip #20 ok=true present=3ms inter_flip_ms=30 drawcalls-since-flip=4 drawcalls-total=92 fail-total=0 null-skips-total=0
[10:50:10] [info] flip-probe: flip #30 ok=true present=3ms inter_flip_ms=62 drawcalls-since-flip=326 drawcalls-total=2707 fail-total=0 null-skips-total=0
[10:50:10] [info] flip-probe: flip #40 ok=true present=3ms inter_flip_ms=55 drawcalls-since-flip=264 drawcalls-total=5837 fail-total=0 null-skips-total=0
[10:50:11] [info] flip-probe: flip #50 ok=true present=3ms inter_flip_ms=35 drawcalls-since-flip=67 drawcalls-total=7392 fail-total=0 null-skips-total=0
[10:50:11] [info] flip-probe: flip #60 ok=true present=3ms inter_flip_ms=28 drawcalls-since-flip=4 drawcalls-total=7502 fail-total=0 null-skips-total=0
[10:50:11] [info] flip-probe: flip #70 ok=true present=3ms inter_flip_ms=28 drawcalls-since-flip=6 drawcalls-total=7557 fail-total=0 null-skips-total=0
[10:50:12] [info] flip-probe: flip #80 ok=true present=3ms inter_flip_ms=20 drawcalls-since-flip=0 drawcalls-total=7586 fail-total=0 null-skips-total=0
[10:50:12] [info] flip-probe: flip #90 ok=true present=3ms inter_flip_ms=21 drawcalls-since-flip=0 drawcalls-total=7586 fail-total=0 null-skips-total=0
[10:50:12] [info] title: eager-title-IO phase tag ENABLED (default) (set SDL_HINT_DOSKUTSU_EAGER_TITLE_IO=0 to disable)
[10:50:13] [warn] MidiScheduler::_refresh_isr_buffer: track has 27749 events; ISR buffer is 16384 (truncated; events after 16384 will not dispatch under L2b ON -- the engine-thread tick() path still uses _events directly under L2b OFF)
[10:50:13] [info] MidiScheduler::load: parsed 'data/orgmid2/curly.mid' = 27749 events at 48 PPQ
[10:50:13] [info] opl3 backend: on_song_start
[10:50:13] [info] gameloop: entered (curmap=1005, running=1)
[10:50:13] [info] gameloop: iter 1 ticks=35956 mapno=-1
[10:50:13] [info] map: backdrop cache ENABLED (default) (set SDL_HINT_DOSKUTSU_BACKDROP_CACHE=0 to disable)
[10:50:14] [info] gameloop: iter 2 ticks=36747 mapno=-1
[10:50:14] [info] gameloop: iter 3 ticks=36785 mapno=-1
[10:50:14] [info] backdrop cache: thrashing-detect engaged (streak=4, route=direct)
[10:50:14] [info] flip-probe: flip #100 ok=true present=3ms inter_flip_ms=33 drawcalls-since-flip=75 drawcalls-total=7886 fail-total=0 null-skips-total=0
[10:50:14] [info] alpha audit block 0: 7798 total drawcalls, 0 with alpha<255 (block pct_x10=0; global 0/7798 pct_x10=0); alpha-mod skipped: block=0 global=0
[10:50:14] [info] fastpath audit block 0: taken=7798 (idx8=7798) skipped=0 pct_x10=1000; global taken=7798 (idx8=7798) skipped=0 pct_x10=1000
[10:50:14] [info] primitive tally block 0: clear=220(hr=220) fill=0(hr=0) rect=0(hr=0) line=0(hr=0) tint=0 spotlight=0 (over 100 flips ending at flip 100)
[10:50:14] [info] color/alpha audit block 0: cmod_white=104 cmod_black=0 (idx=0) cmod_general=84 (idx=84) cmod_fb=0; alpha_taken=0 alpha_skipped=0 (global cmod=104/0/84/0 idx=0/84 alpha=0/0)
[10:50:14] [info] phase timing block 0: drawcalls=8209 dc_total_ms=1362 flip_inner_total_ms=774 inter_flip_total_ms=32229 (per-flip avg x10: dc_ms=136 fi_ms=77 if_ms=3222 derived audio+engine_ms=3009; per-drawcall avg us_x10=1659) [direct-vesa: presents=97 total_ms=280 avg_ms_x10=28 failed=0] [ablation: NO_DC_TIMING=0 CACHE_WINSURF=0 DIRECT_VESA=1]
[10:50:14] [info] kbd/audio block 0: kbd_irq=0 kbd_drain=0 ring_chunks=16 pump_pass=99 pic1_mask=0xb8 first_irq_ticks=0 install_ticks=0 vector_at_install=0x0083a028 pic1_mask_live=0x38 kbd_8042_stat=0x34 bios_kbd_head=0x002a bios_kbd_tail=0x002a bios_kbd_buf0=0x1970
[10:50:14] [info] audio/engine split block 0: audio_mixer_calls=0 audio_mixer_ms_x10=0 engine_tick_calls=99 engine_tick_ms_x10=491 audio_service_calls=0 audio_service_ms_x10=0 (per-flip avg; per-call us_x10: audio_mix=0 engine_tick=496538 audio_service=0; global ns: audio_mix=0 engine_tick=4915731904 audio_service=0)
[10:50:14] [info] pixtone multi-source probe: DISABLED (default)
[10:50:14] [info] dirty-rect block @flip=100: total_calls=0 dirty_rects_avg=0 dirty_pct_x10=990 forced_full=0 first_n_force=3 threshold_exceeded=2 dirty_path_taken=0 full_flush_taken=3
[10:50:14] [info] prev-frame-diff block @flip=100: diff_calls=0 diff_rects_avg=0 diff_dirty_pct_x10=0 bbox_pct_x10=0 bbox_thresh_exceeded=0
[10:50:14] [info] flip-probe: flip #110 ok=true present=2ms inter_flip_ms=29 drawcalls-since-flip=75 drawcalls-total=8636 fail-total=0 null-skips-total=0
[10:50:15] [info] flip-probe: flip #120 ok=true present=2ms inter_flip_ms=28 drawcalls-since-flip=75 drawcalls-total=9386 fail-total=0 null-skips-total=0
[10:50:15] [info] flip-probe: flip #130 ok=true present=3ms inter_flip_ms=19 drawcalls-since-flip=0 drawcalls-total=9986 fail-total=0 null-skips-total=0
[10:50:15] [info] Loading profile from profile.dat
[10:50:15] [error] profile_load: unable to open 'profile.dat'
[10:50:15] [info] Loading profile from profile2.dat
[10:50:15] [error] profile_load: unable to open 'profile2.dat'
[10:50:15] [info] Loading profile from profile3.dat
[10:50:15] [info] Loading profile from profile4.dat
[10:50:15] [error] profile_load: unable to open 'profile4.dat'
[10:50:15] [info] Loading profile from profile5.dat
[10:50:15] [info] flip-probe: flip #140 ok=true present=3ms inter_flip_ms=48 drawcalls-since-flip=214 drawcalls-total=10842 fail-total=0 null-skips-total=0
[10:50:16] [info] flip-probe: flip #150 ok=true present=3ms inter_flip_ms=47 drawcalls-since-flip=214 drawcalls-total=12982 fail-total=0 null-skips-total=0
[10:50:16] [info] Writing settings...
[10:50:16] [info] flip-probe: flip #160 ok=true present=3ms inter_flip_ms=20 drawcalls-since-flip=0 drawcalls-total=13846 fail-total=0 null-skips-total=0
[10:50:16] [info] flip-probe: flip #170 ok=true present=3ms inter_flip_ms=20 drawcalls-since-flip=0 drawcalls-total=13846 fail-total=0 null-skips-total=0
[10:50:17] [info] opl3 backend: on_song_stop
[10:50:17] [info] Loading profile from profile5.dat
[10:50:17] [info]  >> Entering stage 20: 'Save Point'.
[10:50:17] [info] [skip-sheet-flush] cave=2
[10:50:18] [info] MidiScheduler::load: parsed 'data/orgmid2/mura.mid' = 7123 events at 48 PPQ
[10:50:18] [info] opl3 backend: on_song_start
[10:50:18] [info] gameloop: entered (curmap=20, running=1)
[10:50:18] [info] gameloop: iter 1 ticks=40440 mapno=-1
[10:50:18] [info] TAS stall discount: ENABLED (default) (patch 0286; a replay frame over 150 ms is a load, not slow rendering, so it contributes 1 tick instead of its wall-clock; set SDL_HINT_DOSKUTSU_TAS_STALL_DISCOUNT=0 to disable)
[10:50:18] [info] TAS accumulator clamp: DISABLED (default) (patch 0281; caps the FT accumulator delta at one tick during TAS so a stalled frame cannot race the replay index; set SDL_HINT_DOSKUTSU_TAS_FT_GUARD=0 to disable)
[10:50:18] [info] gameloop: iter 2 ticks=40483 mapno=-1
[10:50:18] [info] gameloop: iter 3 ticks=40520 mapno=-1
[10:50:18] [info] flip-probe: flip #180 ok=true present=3ms inter_flip_ms=29 drawcalls-since-flip=17 drawcalls-total=13971 fail-total=0 null-skips-total=0
[10:50:18] [info] flip-probe: flip #190 ok=true present=3ms inter_flip_ms=29 drawcalls-since-flip=17 drawcalls-total=14141 fail-total=0 null-skips-total=0
[10:50:18] [info] flip-probe: flip #200 ok=true present=3ms inter_flip_ms=29 drawcalls-since-flip=17 drawcalls-total=14311 fail-total=0 null-skips-total=0
[10:50:18] [info] alpha audit block 0: 5788 total drawcalls, 0 with alpha<255 (block pct_x10=0; global 0/13586 pct_x10=0); alpha-mod skipped: block=0 global=0
[10:50:18] [info] fastpath audit block 0: taken=5788 (idx8=5788) skipped=0 pct_x10=1000; global taken=13586 (idx8=13586) skipped=0 pct_x10=1000
[10:50:18] [info] primitive tally block 0: clear=201(hr=201) fill=0(hr=0) rect=0(hr=0) line=0(hr=0) tint=0 spotlight=0 (over 100 flips ending at flip 200)
[10:50:18] [info] color/alpha audit block 0: cmod_white=1438 cmod_black=0 (idx=0) cmod_general=609 (idx=609) cmod_fb=0; alpha_taken=0 alpha_skipped=0 (global cmod=1542/0/693/0 idx=0/693 alpha=0/0)
[10:50:18] [info] phase timing block 0: drawcalls=8036 dc_total_ms=1259 flip_inner_total_ms=471 inter_flip_total_ms=4332 (per-flip avg x10: dc_ms=125 fi_ms=47 if_ms=433 derived audio+engine_ms=261; per-drawcall avg us_x10=1566) [direct-vesa: presents=100 total_ms=284 avg_ms_x10=28 failed=0] [ablation: NO_DC_TIMING=0 CACHE_WINSURF=0 DIRECT_VESA=1]
[10:50:18] [info] kbd/audio block 0: kbd_irq=0 kbd_drain=0 ring_chunks=16 pump_pass=210 pic1_mask=0xb8 first_irq_ticks=0 install_ticks=0 vector_at_install=0x0083a028 pic1_mask_live=0x38 kbd_8042_stat=0x34 bios_kbd_head=0x002a bios_kbd_tail=0x002a bios_kbd_buf0=0x1970
[10:50:18] [info] audio/engine split block 0: audio_mixer_calls=0 audio_mixer_ms_x10=0 engine_tick_calls=76 engine_tick_ms_x10=180 audio_service_calls=0 audio_service_ms_x10=0 (per-flip avg; per-call us_x10: audio_mix=0 engine_tick=238043 audio_service=0; global ns: audio_mix=0 engine_tick=6724865478 audio_service=0)
[10:50:18] [info] dirty-rect block @flip=200: total_calls=0 dirty_rects_avg=1 dirty_pct_x10=1000 forced_full=0 first_n_force=0 threshold_exceeded=0 dirty_path_taken=0 full_flush_taken=0
[10:50:18] [info] prev-frame-diff block @flip=200: diff_calls=0 diff_rects_avg=0 diff_dirty_pct_x10=0 bbox_pct_x10=0 bbox_thresh_exceeded=0
[10:50:19] [info] flip-probe: flip #210 ok=true present=3ms inter_flip_ms=31 drawcalls-since-flip=17 drawcalls-total=14481 fail-total=0 null-skips-total=0
[10:50:19] [info] flip-probe: flip #220 ok=true present=4ms inter_flip_ms=30 drawcalls-since-flip=17 drawcalls-total=14651 fail-total=0 null-skips-total=0
[10:50:19] [info] flip-probe: flip #230 ok=true present=4ms inter_flip_ms=31 drawcalls-since-flip=17 drawcalls-total=14821 fail-total=0 null-skips-total=0
[10:50:20] [info] flip-probe: flip #240 ok=true present=3ms inter_flip_ms=66 drawcalls-since-flip=358 drawcalls-total=16338 fail-total=0 null-skips-total=0
[10:50:20] [info]  >> Entering stage 11: 'Mimiga Village'.
[10:50:20] [info] [skip-sheet-flush] cave=3
[10:50:20] [info] [load-stage] preloading entry music song=9 (cave=3)
[10:50:21] [info] gameloop: entered (curmap=11, running=1)
[10:50:21] [info] gameloop: iter 1 ticks=43516 mapno=-1
[10:50:21] [info] map: mds_clear LUT ENABLED (default) (set SDL_HINT_DOSKUTSU_MDS_CLEAR_LUT=0 to disable; default ON; patch 0144 wave-49 bandwidth lever)
[10:50:21] [info] mds-clear-lut: rebuilt N=240 entries (k_skip=0% k_keep=100%; curmap=11 map_size=60x60; rebuild #1 since boot)
[10:50:21] [info] backdrop thrash full-cover ENABLED (default) (set SDL_HINT_DOSKUTSU_THRASH_FULLCOVER=0 to disable)
[10:50:21] [info] [bd-diag] backdrop render-path diag disabled (default) (set SDL_HINT_DOSKUTSU_BACKDROP_DIAG=1 to enable)
[10:50:21] [info] gameloop: iter 2 ticks=43635 mapno=-1
[10:50:21] [info] gameloop: iter 3 ticks=43729 mapno=-1
[10:50:21] [info] flip-probe: flip #250 ok=true present=3ms inter_flip_ms=83 drawcalls-since-flip=300 drawcalls-total=19608 fail-total=0 null-skips-total=0
[10:50:21] [info] backdrop cache: thrashing-detect engaged (streak=4, route=direct)
[10:50:22] [info] flip-probe: flip #260 ok=true present=3ms inter_flip_ms=44 drawcalls-since-flip=43 drawcalls-total=20147 fail-total=0 null-skips-total=0
[10:50:22] [info] flip-probe: flip #270 ok=true present=4ms inter_flip_ms=54 drawcalls-since-flip=46 drawcalls-total=20588 fail-total=0 null-skips-total=0
[10:50:22] [info] backdrop cache: thrashing-detect engaged (streak=4, route=direct)
[10:50:23] [info] flip-probe: flip #280 ok=true present=2ms inter_flip_ms=44 drawcalls-since-flip=44 drawcalls-total=21042 fail-total=0 null-skips-total=0
[10:50:23] [info] flip-probe: flip #290 ok=true present=3ms inter_flip_ms=43 drawcalls-since-flip=43 drawcalls-total=21472 fail-total=0 null-skips-total=0
[10:50:23] [info] flip-probe: flip #300 ok=true present=3ms inter_flip_ms=42 drawcalls-since-flip=43 drawcalls-total=21902 fail-total=0 null-skips-total=0
[10:50:23] [info] alpha audit block 0: 6821 total drawcalls, 0 with alpha<255 (block pct_x10=0; global 0/20407 pct_x10=0); alpha-mod skipped: block=0 global=0
[10:50:23] [info] fastpath audit block 0: taken=6821 (idx8=6821) skipped=0 pct_x10=1000; global taken=20407 (idx8=20407) skipped=0 pct_x10=1000
[10:50:23] [info] primitive tally block 0: clear=201(hr=201) fill=0(hr=0) rect=0(hr=0) line=0(hr=0) tint=0 spotlight=0 (over 100 flips ending at flip 300)
[10:50:23] [info] color/alpha audit block 0: cmod_white=715 cmod_black=715 (idx=715) cmod_general=0 (idx=0) cmod_fb=0; alpha_taken=0 alpha_skipped=0 (global cmod=2257/715/693/0 idx=715/693 alpha=0/0)
[10:50:23] [info] phase timing block 0: drawcalls=8461 dc_total_ms=1094 flip_inner_total_ms=450 inter_flip_total_ms=5098 (per-flip avg x10: dc_ms=109 fi_ms=45 if_ms=509 derived audio+engine_ms=355; per-drawcall avg us_x10=1293) [direct-vesa: presents=100 total_ms=283 avg_ms_x10=28 failed=0] [ablation: NO_DC_TIMING=0 CACHE_WINSURF=0 DIRECT_VESA=1]
[10:50:23] [info] kbd/audio block 0: kbd_irq=0 kbd_drain=0 ring_chunks=16 pump_pass=433 pic1_mask=0xb8 first_irq_ticks=0 install_ticks=0 vector_at_install=0x0083a028 pic1_mask_live=0x38 kbd_8042_stat=0x34 bios_kbd_head=0x002a bios_kbd_tail=0x002a bios_kbd_buf0=0x1970
[10:50:23] [info] [tile-speedup-stat n=100 drawtile_us=108.90 raw_blit_us=74.41 ratio=1.46]
[10:50:23] [info] dirty-rect block @flip=300: total_calls=100 dirty_rects_avg=1 dirty_pct_x10=1000 forced_full=0 first_n_force=0 threshold_exceeded=0 dirty_path_taken=0 full_flush_taken=0
[10:50:24] [info] prev-frame-diff block @flip=300: diff_calls=0 diff_rects_avg=0 diff_dirty_pct_x10=0 bbox_pct_x10=0 bbox_thresh_exceeded=0
[10:50:24] [info] flip-probe: flip #310 ok=true present=3ms inter_flip_ms=42 drawcalls-since-flip=43 drawcalls-total=22432 fail-total=0 null-skips-total=0
[10:50:24] [info] flip-probe: flip #320 ok=true present=3ms inter_flip_ms=44 drawcalls-since-flip=43 drawcalls-total=22862 fail-total=0 null-skips-total=0
[10:50:25] [info] flip-probe: flip #330 ok=true present=3ms inter_flip_ms=43 drawcalls-since-flip=43 drawcalls-total=23292 fail-total=0 null-skips-total=0
[10:50:25] [info] backdrop cache: thrashing-detect engaged (streak=64, route=direct)
[10:50:25] [info] flip-probe: flip #340 ok=true present=2ms inter_flip_ms=44 drawcalls-since-flip=43 drawcalls-total=23722 fail-total=0 null-skips-total=0
[10:50:26] [info] flip-probe: flip #350 ok=true present=3ms inter_flip_ms=48 drawcalls-since-flip=45 drawcalls-total=24156 fail-total=0 null-skips-total=0
[10:50:26] [info] flip-probe: flip #360 ok=true present=3ms inter_flip_ms=42 drawcalls-since-flip=44 drawcalls-total=24607 fail-total=0 null-skips-total=0
[10:50:27] [info] flip-probe: flip #370 ok=true present=3ms inter_flip_ms=39 drawcalls-since-flip=16 drawcalls-total=24907 fail-total=0 null-skips-total=0
[10:50:27] [info] run_tick_fixed #600: heartbeat (loop alive)
[10:50:27] [info] flip-probe: flip #380 ok=true present=3ms inter_flip_ms=42 drawcalls-since-flip=18 drawcalls-total=25088 fail-total=0 null-skips-total=0
[10:50:27] [info] flip-probe: flip #390 ok=true present=3ms inter_flip_ms=41 drawcalls-since-flip=15 drawcalls-total=25244 fail-total=0 null-skips-total=0
[10:50:27] [info] backdrop cache: thrashing-detect engaged (streak=124, route=direct)
[10:50:28] [info] flip-probe: flip #400 ok=true present=3ms inter_flip_ms=42 drawcalls-since-flip=18 drawcalls-total=25412 fail-total=0 null-skips-total=0
[10:50:28] [info] alpha audit block 0: 2565 total drawcalls, 0 with alpha<255 (block pct_x10=0; global 0/22972 pct_x10=0); alpha-mod skipped: block=0 global=0
[10:50:28] [info] fastpath audit block 0: taken=2565 (idx8=2565) skipped=0 pct_x10=1000; global taken=22972 (idx8=22972) skipped=0 pct_x10=1000
[10:50:28] [info] primitive tally block 0: clear=200(hr=200) fill=0(hr=0) rect=0(hr=0) line=0(hr=0) tint=0 spotlight=0 (over 100 flips ending at flip 400)
[10:50:28] [info] color/alpha audit block 0: cmod_white=845 cmod_black=845 (idx=845) cmod_general=0 (idx=0) cmod_fb=0; alpha_taken=0 alpha_skipped=0 (global cmod=3102/1560/693/0 idx=1560/693 alpha=0/0)
[10:50:28] [info] phase timing block 0: drawcalls=4455 dc_total_ms=711 flip_inner_total_ms=455 inter_flip_total_ms=4477 (per-flip avg x10: dc_ms=71 fi_ms=45 if_ms=447 derived audio+engine_ms=331; per-drawcall avg us_x10=1597) [direct-vesa: presents=100 total_ms=281 avg_ms_x10=28 failed=0] [ablation: NO_DC_TIMING=0 CACHE_WINSURF=0 DIRECT_VESA=1]
[10:50:28] [info] kbd/audio block 0: kbd_irq=0 kbd_drain=0 ring_chunks=16 pump_pass=657 pic1_mask=0xb8 first_irq_ticks=0 install_ticks=0 vector_at_install=0x0083a028 pic1_mask_live=0x38 kbd_8042_stat=0x34 bios_kbd_head=0x002a bios_kbd_tail=0x002a bios_kbd_buf0=0x1970
[10:50:28] [info] dirty-rect block @flip=400: total_calls=0 dirty_rects_avg=1 dirty_pct_x10=1000 forced_full=0 first_n_force=0 threshold_exceeded=0 dirty_path_taken=0 full_flush_taken=0
[10:50:28] [info] prev-frame-diff block @flip=400: diff_calls=0 diff_rects_avg=0 diff_dirty_pct_x10=0 bbox_pct_x10=0 bbox_thresh_exceeded=0
[10:50:28] [info] flip-probe: flip #410 ok=true present=3ms inter_flip_ms=40 drawcalls-since-flip=16 drawcalls-total=25583 fail-total=0 null-skips-total=0
[10:50:29] [info] flip-probe: flip #420 ok=true present=3ms inter_flip_ms=42 drawcalls-since-flip=15 drawcalls-total=25733 fail-total=0 null-skips-total=0
[10:50:29] [info] flip-probe: flip #430 ok=true present=3ms inter_flip_ms=56 drawcalls-since-flip=154 drawcalls-total=26116 fail-total=0 null-skips-total=0
[10:50:30] [info]  >> Entering stage 17: 'Yamashita Farm'.
[10:50:30] [info] [skip-sheet-flush] cave=4
[10:50:30] [info] [load-stage] preloading entry music song=13 (cave=4)
[10:50:30] [info] opl3 backend: on_song_stop
[10:50:30] [info] MidiScheduler::load: parsed 'data/orgmid2/plant.mid' = 6246 events at 48 PPQ
[10:50:30] [info] opl3 backend: on_song_start
[10:50:30] [info] gameloop: entered (curmap=17, running=1)
[10:50:30] [info] gameloop: iter 1 ticks=53396 mapno=-1
[10:50:31] [info] mds-clear-lut: rebuilt N=240 entries (k_skip=33% k_keep=67%; curmap=17 map_size=40x16; rebuild #2 since boot)
[10:50:31] [info] flip-probe: flip #440 ok=true present=3ms inter_flip_ms=960 drawcalls-since-flip=400 drawcalls-total=28532 fail-total=0 null-skips-total=0
[10:50:31] [info] gameloop: iter 2 ticks=53632 mapno=-1
[10:50:31] [info] tas: stall frame 236 ms -> contributing 1 tick (patch 0286)
[10:50:31] [info] gameloop: iter 3 ticks=53720 mapno=-1
[10:50:31] [info] flip-probe: flip #450 ok=true present=3ms inter_flip_ms=53 drawcalls-since-flip=119 drawcalls-total=31505 fail-total=0 null-skips-total=0
[10:50:32] [info] flip-probe: flip #460 ok=true present=2ms inter_flip_ms=59 drawcalls-since-flip=140 drawcalls-total=32870 fail-total=0 null-skips-total=0
[10:50:33] [info] flip-probe: flip #470 ok=true present=3ms inter_flip_ms=61 drawcalls-since-flip=143 drawcalls-total=34275 fail-total=0 null-skips-total=0
[10:50:33] [info] tas: stall frame 284 ms -> contributing 1 tick (patch 0286)
[10:50:33] [info] backdrop cache: thrashing-detect engaged (streak=4, route=direct)
[10:50:34] [info] flip-probe: flip #480 ok=true present=3ms inter_flip_ms=61 drawcalls-since-flip=129 drawcalls-total=35646 fail-total=0 null-skips-total=0
[10:50:34] [info] flip-probe: flip #490 ok=true present=3ms inter_flip_ms=58 drawcalls-since-flip=130 drawcalls-total=36937 fail-total=0 null-skips-total=0
[10:50:35] [info] flip-probe: flip #500 ok=true present=3ms inter_flip_ms=64 drawcalls-since-flip=143 drawcalls-total=38302 fail-total=0 null-skips-total=0
[10:50:35] [info] alpha audit block 0: 11997 total drawcalls, 0 with alpha<255 (block pct_x10=0; global 0/34969 pct_x10=0); alpha-mod skipped: block=0 global=0
[10:50:35] [info] fastpath audit block 0: taken=11997 (idx8=11997) skipped=0 pct_x10=1000; global taken=34969 (idx8=34969) skipped=0 pct_x10=1000
[10:50:35] [info] primitive tally block 0: clear=202(hr=202) fill=0(hr=0) rect=0(hr=0) line=0(hr=0) tint=0 spotlight=0 (over 100 flips ending at flip 500)
[10:50:35] [info] color/alpha audit block 0: cmod_white=793 cmod_black=793 (idx=793) cmod_general=0 (idx=0) cmod_fb=0; alpha_taken=0 alpha_skipped=0 (global cmod=3895/2353/693/0 idx=2353/693 alpha=0/0)
[10:50:35] [info] phase timing block 0: drawcalls=13819 dc_total_ms=1420 flip_inner_total_ms=670 inter_flip_total_ms=6859 (per-flip avg x10: dc_ms=142 fi_ms=67 if_ms=685 derived audio+engine_ms=476; per-drawcall avg us_x10=1027) [direct-vesa: presents=100 total_ms=284 avg_ms_x10=28 failed=0] [ablation: NO_DC_TIMING=0 CACHE_WINSURF=0 DIRECT_VESA=1]
[10:50:35] [info] kbd/audio block 0: kbd_irq=0 kbd_drain=0 ring_chunks=16 pump_pass=937 pic1_mask=0xb8 first_irq_ticks=0 install_ticks=0 vector_at_install=0x0083a028 pic1_mask_live=0x38 kbd_8042_stat=0x34 bios_kbd_head=0x002a bios_kbd_tail=0x002a bios_kbd_buf0=0x1970
[10:50:35] [info] dirty-rect block @flip=500: total_calls=0 dirty_rects_avg=1 dirty_pct_x10=1000 forced_full=0 first_n_force=0 threshold_exceeded=0 dirty_path_taken=0 full_flush_taken=0
[10:50:35] [info] prev-frame-diff block @flip=500: diff_calls=0 diff_rects_avg=0 diff_dirty_pct_x10=0 bbox_pct_x10=0 bbox_thresh_exceeded=0
[10:50:35] [info] backdrop cache: thrashing-detect engaged (streak=4, route=direct)
[10:50:36] [info] flip-probe: flip #510 ok=true present=3ms inter_flip_ms=70 drawcalls-since-flip=140 drawcalls-total=39710 fail-total=0 null-skips-total=0
[10:50:36] [info] flip-probe: flip #520 ok=true present=3ms inter_flip_ms=62 drawcalls-since-flip=134 drawcalls-total=41071 fail-total=0 null-skips-total=0
[10:50:37] [info] flip-probe: flip #530 ok=true present=3ms inter_flip_ms=61 drawcalls-since-flip=122 drawcalls-total=42342 fail-total=0 null-skips-total=0
[10:50:37] [info] flip-probe: flip #540 ok=true present=3ms inter_flip_ms=59 drawcalls-since-flip=130 drawcalls-total=43636 fail-total=0 null-skips-total=0
[10:50:38] [info] flip-probe: flip #550 ok=true present=3ms inter_flip_ms=58 drawcalls-since-flip=126 drawcalls-total=44919 fail-total=0 null-skips-total=0
[10:50:39] [info] flip-probe: flip #560 ok=true present=2ms inter_flip_ms=58 drawcalls-since-flip=91 drawcalls-total=46141 fail-total=0 null-skips-total=0
[10:50:39] [info] backdrop cache: thrashing-detect engaged (streak=64, route=direct)
[10:50:39] [info] flip-probe: flip #570 ok=true present=3ms inter_flip_ms=62 drawcalls-since-flip=114 drawcalls-total=47181 fail-total=0 null-skips-total=0
[10:50:40] [info] flip-probe: flip #580 ok=true present=3ms inter_flip_ms=60 drawcalls-since-flip=117 drawcalls-total=48348 fail-total=0 null-skips-total=0
[10:50:40] [info] backdrop cache: thrashing-detect engaged (streak=4, route=direct)
[10:50:40] [info] flip-probe: flip #590 ok=true present=3ms inter_flip_ms=59 drawcalls-since-flip=108 drawcalls-total=49466 fail-total=0 null-skips-total=0
[10:50:41] [info] flip-probe: flip #600 ok=true present=3ms inter_flip_ms=59 drawcalls-since-flip=112 drawcalls-total=50587 fail-total=0 null-skips-total=0
[10:50:41] [info] alpha audit block 0: 11418 total drawcalls, 0 with alpha<255 (block pct_x10=0; global 0/46387 pct_x10=0); alpha-mod skipped: block=0 global=0
[10:50:41] [info] fastpath audit block 0: taken=11418 (idx8=11418) skipped=0 pct_x10=1000; global taken=46387 (idx8=46387) skipped=0 pct_x10=1000
[10:50:41] [info] primitive tally block 0: clear=200(hr=200) fill=0(hr=0) rect=0(hr=0) line=0(hr=0) tint=0 spotlight=0 (over 100 flips ending at flip 600)
[10:50:41] [info] color/alpha audit block 0: cmod_white=767 cmod_black=767 (idx=767) cmod_general=0 (idx=0) cmod_fb=0; alpha_taken=0 alpha_skipped=0 (global cmod=4662/3120/693/0 idx=3120/693 alpha=0/0)
[10:50:41] [info] phase timing block 0: drawcalls=13160 dc_total_ms=1082 flip_inner_total_ms=462 inter_flip_total_ms=6225 (per-flip avg x10: dc_ms=108 fi_ms=46 if_ms=622 derived audio+engine_ms=468; per-drawcall avg us_x10=822) [direct-vesa: presents=100 total_ms=285 avg_ms_x10=28 failed=0] [ablation: NO_DC_TIMING=0 CACHE_WINSURF=0 DIRECT_VESA=1]
[10:50:41] [info] kbd/audio block 0: kbd_irq=0 kbd_drain=0 ring_chunks=16 pump_pass=1249 pic1_mask=0xb8 first_irq_ticks=0 install_ticks=0 vector_at_install=0x0083a028 pic1_mask_live=0x38 kbd_8042_stat=0x34 bios_kbd_head=0x002a bios_kbd_tail=0x002a bios_kbd_buf0=0x1970
[10:50:41] [info] dirty-rect block @flip=600: total_calls=0 dirty_rects_avg=1 dirty_pct_x10=1000 forced_full=0 first_n_force=0 threshold_exceeded=0 dirty_path_taken=0 full_flush_taken=0
[10:50:41] [info] prev-frame-diff block @flip=600: diff_calls=0 diff_rects_avg=0 diff_dirty_pct_x10=0 bbox_pct_x10=0 bbox_thresh_exceeded=0
[10:50:42] [info] flip-probe: flip #610 ok=true present=3ms inter_flip_ms=59 drawcalls-since-flip=108 drawcalls-total=51668 fail-total=0 null-skips-total=0
[10:50:42] [info] flip-probe: flip #620 ok=true present=2ms inter_flip_ms=61 drawcalls-since-flip=111 drawcalls-total=52784 fail-total=0 null-skips-total=0
[10:50:43] [info] flip-probe: flip #630 ok=true present=3ms inter_flip_ms=60 drawcalls-since-flip=112 drawcalls-total=53901 fail-total=0 null-skips-total=0
[10:50:43] [info] flip-probe: flip #640 ok=true present=3ms inter_flip_ms=59 drawcalls-since-flip=106 drawcalls-total=55013 fail-total=0 null-skips-total=0
[10:50:44] [info] flip-probe: flip #650 ok=true present=3ms inter_flip_ms=61 drawcalls-since-flip=119 drawcalls-total=56176 fail-total=0 null-skips-total=0
[10:50:45] [info] flip-probe: flip #660 ok=true present=3ms inter_flip_ms=51 drawcalls-since-flip=114 drawcalls-total=57341 fail-total=0 null-skips-total=0
[10:50:45] [info] flip-probe: flip #670 ok=true present=3ms inter_flip_ms=51 drawcalls-since-flip=116 drawcalls-total=58495 fail-total=0 null-skips-total=0
[10:50:46] [info] flip-probe: flip #680 ok=true present=3ms inter_flip_ms=53 drawcalls-since-flip=117 drawcalls-total=59675 fail-total=0 null-skips-total=0
[10:50:46] [info] run_tick_fixed #1500: heartbeat (loop alive)
[10:50:46] [info] flip-probe: flip #690 ok=true present=3ms inter_flip_ms=85 drawcalls-since-flip=405 drawcalls-total=62743 fail-total=0 null-skips-total=0
[10:50:47] [info]  >> Entering stage 11: 'Mimiga Village'.
[10:50:47] [info] [skip-sheet-flush] cave=5
[10:50:47] [info] [load-stage] preloading entry music song=9 (cave=5)
[10:50:47] [info] opl3 backend: on_song_stop
[10:50:47] [info] MidiScheduler::load: parsed 'data/orgmid2/mura.mid' = 7123 events at 48 PPQ
[10:50:47] [info] opl3 backend: on_song_start
[10:50:47] [info] gameloop: entered (curmap=11, running=1)
[10:50:47] [info] gameloop: iter 1 ticks=70155 mapno=-1
[10:50:47] [info] mds-clear-lut: rebuilt N=240 entries (k_skip=0% k_keep=100%; curmap=11 map_size=60x60; rebuild #3 since boot)
[10:50:47] [info] gameloop: iter 2 ticks=70250 mapno=-1
[10:50:47] [info] gameloop: iter 3 ticks=70334 mapno=-1
[10:50:48] [info] backdrop cache: thrashing-detect engaged (streak=4, route=direct)
[10:50:48] [info] flip-probe: flip #700 ok=true present=3ms inter_flip_ms=50 drawcalls-since-flip=90 drawcalls-total=65173 fail-total=0 null-skips-total=0
[10:50:48] [info] alpha audit block 0: 14369 total drawcalls, 0 with alpha<255 (block pct_x10=0; global 0/60756 pct_x10=0); alpha-mod skipped: block=0 global=0
[10:50:48] [info] fastpath audit block 0: taken=14369 (idx8=14369) skipped=0 pct_x10=1000; global taken=60756 (idx8=60756) skipped=0 pct_x10=1000
[10:50:48] [info] primitive tally block 0: clear=201(hr=201) fill=0(hr=0) rect=0(hr=0) line=0(hr=0) tint=0 spotlight=0 (over 100 flips ending at flip 700)
[10:50:48] [info] color/alpha audit block 0: cmod_white=117 cmod_black=117 (idx=117) cmod_general=0 (idx=0) cmod_fb=0; alpha_taken=0 alpha_skipped=0 (global cmod=4779/3237/693/0 idx=3237/693 alpha=0/0)
[10:50:48] [info] phase timing block 0: drawcalls=14858 dc_total_ms=1503 flip_inner_total_ms=447 inter_flip_total_ms=6983 (per-flip avg x10: dc_ms=150 fi_ms=44 if_ms=698 derived audio+engine_ms=504; per-drawcall avg us_x10=1011) [direct-vesa: presents=100 total_ms=283 avg_ms_x10=28 failed=0] [ablation: NO_DC_TIMING=0 CACHE_WINSURF=0 DIRECT_VESA=1]
[10:50:48] [info] kbd/audio block 0: kbd_irq=0 kbd_drain=0 ring_chunks=16 pump_pass=1557 pic1_mask=0xb8 first_irq_ticks=0 install_ticks=0 vector_at_install=0x0083a028 pic1_mask_live=0x38 kbd_8042_stat=0x34 bios_kbd_head=0x002a bios_kbd_tail=0x002a bios_kbd_buf0=0x1970
[10:50:48] [info] dirty-rect block @flip=700: total_calls=0 dirty_rects_avg=1 dirty_pct_x10=1000 forced_full=0 first_n_force=0 threshold_exceeded=0 dirty_path_taken=0 full_flush_taken=0
[10:50:48] [info] prev-frame-diff block @flip=700: diff_calls=0 diff_rects_avg=0 diff_dirty_pct_x10=0 bbox_pct_x10=0 bbox_thresh_exceeded=0
[10:50:48] [info] flip-probe: flip #710 ok=true present=4ms inter_flip_ms=41 drawcalls-since-flip=41 drawcalls-total=65583 fail-total=0 null-skips-total=0
[10:50:49] [info] flip-probe: flip #720 ok=true present=2ms inter_flip_ms=42 drawcalls-since-flip=41 drawcalls-total=65993 fail-total=0 null-skips-total=0
[10:50:49] [info] flip-probe: flip #730 ok=true present=2ms inter_flip_ms=45 drawcalls-since-flip=41 drawcalls-total=66403 fail-total=0 null-skips-total=0
[10:50:50] [info] flip-probe: flip #740 ok=true present=3ms inter_flip_ms=46 drawcalls-since-flip=43 drawcalls-total=66819 fail-total=0 null-skips-total=0
[10:50:50] [info] flip-probe: flip #750 ok=true present=3ms inter_flip_ms=43 drawcalls-since-flip=41 drawcalls-total=67233 fail-total=0 null-skips-total=0
[10:50:50] [info] backdrop cache: thrashing-detect engaged (streak=64, route=direct)
[10:50:51] [info] flip-probe: flip #760 ok=true present=4ms inter_flip_ms=43 drawcalls-since-flip=42 drawcalls-total=67646 fail-total=0 null-skips-total=0
[10:50:51] [info] flip-probe: flip #770 ok=true present=3ms inter_flip_ms=43 drawcalls-since-flip=42 drawcalls-total=68066 fail-total=0 null-skips-total=0
[10:50:52] [info] flip-probe: flip #780 ok=true present=3ms inter_flip_ms=42 drawcalls-since-flip=42 drawcalls-total=68491 fail-total=0 null-skips-total=0
[10:50:52] [info] flip-probe: flip #790 ok=true present=2ms inter_flip_ms=42 drawcalls-since-flip=42 drawcalls-total=68911 fail-total=0 null-skips-total=0
[10:50:52] [info] flip-probe: flip #800 ok=true present=3ms inter_flip_ms=43 drawcalls-since-flip=43 drawcalls-total=69332 fail-total=0 null-skips-total=0
[10:50:52] [info] alpha audit block 0: 2759 total drawcalls, 0 with alpha<255 (block pct_x10=0; global 0/63515 pct_x10=0); alpha-mod skipped: block=0 global=0
[10:50:52] [info] fastpath audit block 0: taken=2759 (idx8=2759) skipped=0 pct_x10=1000; global taken=63515 (idx8=63515) skipped=0 pct_x10=1000
[10:50:52] [info] primitive tally block 0: clear=200(hr=200) fill=0(hr=0) rect=0(hr=0) line=0(hr=0) tint=0 spotlight=0 (over 100 flips ending at flip 800)
[10:50:52] [info] color/alpha audit block 0: cmod_white=1300 cmod_black=1300 (idx=1300) cmod_general=0 (idx=0) cmod_fb=0; alpha_taken=0 alpha_skipped=0 (global cmod=6079/4537/693/0 idx=4537/693 alpha=0/0)
[10:50:52] [info] phase timing block 0: drawcalls=5559 dc_total_ms=768 flip_inner_total_ms=456 inter_flip_total_ms=4454 (per-flip avg x10: dc_ms=76 fi_ms=45 if_ms=445 derived audio+engine_ms=324; per-drawcall avg us_x10=1382) [direct-vesa: presents=100 total_ms=283 avg_ms_x10=28 failed=0] [ablation: NO_DC_TIMING=0 CACHE_WINSURF=0 DIRECT_VESA=1]
[10:50:52] [info] kbd/audio block 0: kbd_irq=0 kbd_drain=0 ring_chunks=16 pump_pass=1780 pic1_mask=0xb8 first_irq_ticks=0 install_ticks=0 vector_at_install=0x0083a028 pic1_mask_live=0x38 kbd_8042_stat=0x34 bios_kbd_head=0x002a bios_kbd_tail=0x002a bios_kbd_buf0=0x1970
[10:50:52] [info] dirty-rect block @flip=800: total_calls=0 dirty_rects_avg=1 dirty_pct_x10=1000 forced_full=0 first_n_force=0 threshold_exceeded=0 dirty_path_taken=0 full_flush_taken=0
[10:50:52] [info] prev-frame-diff block @flip=800: diff_calls=0 diff_rects_avg=0 diff_dirty_pct_x10=0 bbox_pct_x10=0 bbox_thresh_exceeded=0
[10:50:53] [info] flip-probe: flip #810 ok=true present=3ms inter_flip_ms=42 drawcalls-since-flip=44 drawcalls-total=69765 fail-total=0 null-skips-total=0
[10:50:53] [info] backdrop cache: thrashing-detect engaged (streak=124, route=direct)
[10:50:53] [info] flip-probe: flip #820 ok=true present=3ms inter_flip_ms=41 drawcalls-since-flip=18 drawcalls-total=69971 fail-total=0 null-skips-total=0
[10:50:54] [info] flip-probe: flip #830 ok=true present=3ms inter_flip_ms=41 drawcalls-since-flip=18 drawcalls-total=70151 fail-total=0 null-skips-total=0
[10:50:54] [info] flip-probe: flip #840 ok=true present=3ms inter_flip_ms=36 drawcalls-since-flip=17 drawcalls-total=70322 fail-total=0 null-skips-total=0
[10:50:55] [info] flip-probe: flip #850 ok=true present=3ms inter_flip_ms=39 drawcalls-since-flip=17 drawcalls-total=70488 fail-total=0 null-skips-total=0
[10:50:55] [info] flip-probe: flip #860 ok=true present=3ms inter_flip_ms=39 drawcalls-since-flip=16 drawcalls-total=70652 fail-total=0 null-skips-total=0
[10:50:55] [info] flip-probe: flip #870 ok=true present=3ms inter_flip_ms=39 drawcalls-since-flip=16 drawcalls-total=70812 fail-total=0 null-skips-total=0
[10:50:56] [info] backdrop cache: thrashing-detect engaged (streak=184, route=direct)
[10:50:56] [info] flip-probe: flip #880 ok=true present=3ms inter_flip_ms=39 drawcalls-since-flip=16 drawcalls-total=70972 fail-total=0 null-skips-total=0
[10:50:56] [info] flip-probe: flip #890 ok=true present=3ms inter_flip_ms=40 drawcalls-since-flip=16 drawcalls-total=71132 fail-total=0 null-skips-total=0
[10:50:57] [info] flip-probe: flip #900 ok=true present=2ms inter_flip_ms=42 drawcalls-since-flip=24 drawcalls-total=71373 fail-total=0 null-skips-total=0
[10:50:57] [info] alpha audit block 0: 1798 total drawcalls, 0 with alpha<255 (block pct_x10=0; global 0/65313 pct_x10=0); alpha-mod skipped: block=0 global=0
[10:50:57] [info] fastpath audit block 0: taken=1798 (idx8=1798) skipped=0 pct_x10=1000; global taken=65313 (idx8=65313) skipped=0 pct_x10=1000
[10:50:57] [info] primitive tally block 0: clear=200(hr=200) fill=0(hr=0) rect=0(hr=0) line=0(hr=0) tint=0 spotlight=0 (over 100 flips ending at flip 900)
[10:50:57] [info] color/alpha audit block 0: cmod_white=143 cmod_black=143 (idx=143) cmod_general=0 (idx=0) cmod_fb=0; alpha_taken=0 alpha_skipped=0 (global cmod=6222/4680/693/0 idx=4680/693 alpha=0/0)
[10:50:57] [info] phase timing block 0: drawcalls=2284 dc_total_ms=575 flip_inner_total_ms=443 inter_flip_total_ms=4141 (per-flip avg x10: dc_ms=57 fi_ms=44 if_ms=414 derived audio+engine_ms=313; per-drawcall avg us_x10=2520) [direct-vesa: presents=100 total_ms=281 avg_ms_x10=28 failed=0] [ablation: NO_DC_TIMING=0 CACHE_WINSURF=0 DIRECT_VESA=1]
[10:50:57] [info] kbd/audio block 0: kbd_irq=0 kbd_drain=0 ring_chunks=16 pump_pass=1987 pic1_mask=0xb8 first_irq_ticks=0 install_ticks=0 vector_at_install=0x0083a028 pic1_mask_live=0x38 kbd_8042_stat=0x34 bios_kbd_head=0x002a bios_kbd_tail=0x002a bios_kbd_buf0=0x1970
[10:50:57] [info] dirty-rect block @flip=900: total_calls=0 dirty_rects_avg=1 dirty_pct_x10=1000 forced_full=0 first_n_force=0 threshold_exceeded=0 dirty_path_taken=0 full_flush_taken=0
[10:50:57] [info] prev-frame-diff block @flip=900: diff_calls=0 diff_rects_avg=0 diff_dirty_pct_x10=0 bbox_pct_x10=0 bbox_thresh_exceeded=0
[10:50:57] [info] flip-probe: flip #910 ok=true present=3ms inter_flip_ms=40 drawcalls-since-flip=20 drawcalls-total=71568 fail-total=0 null-skips-total=0
[10:50:57] [info] flip-probe: flip #920 ok=true present=2ms inter_flip_ms=40 drawcalls-since-flip=20 drawcalls-total=71759 fail-total=0 null-skips-total=0
[10:50:58] [info] flip-probe: flip #930 ok=true present=3ms inter_flip_ms=72 drawcalls-since-flip=305 drawcalls-total=73306 fail-total=0 null-skips-total=0
[10:50:58] [info]  >> Entering stage 15: 'Reservoir'.
[10:50:58] [info] [skip-sheet-flush] cave=6
[10:50:59] [info] [load-stage] preloading entry music song=9 (cave=6)
[10:50:59] [info] gameloop: entered (curmap=15, running=1)
[10:50:59] [info] gameloop: iter 1 ticks=81680 mapno=-1
[10:50:59] [info] mds-clear-lut: rebuilt N=240 entries (k_skip=13% k_keep=87%; curmap=15 map_size=40x20; rebuild #4 since boot)
[10:50:59] [info] gameloop: iter 2 ticks=81771 mapno=-1
[10:50:59] [info] gameloop: iter 3 ticks=81851 mapno=-1
[10:50:59] [info] flip-probe: flip #940 ok=true present=3ms inter_flip_ms=64 drawcalls-since-flip=261 drawcalls-total=76137 fail-total=0 null-skips-total=0
[10:50:59] [info] run_tick_fixed #2100: heartbeat (loop alive)
[10:51:00] [info] flip-probe: flip #950 ok=true present=3ms inter_flip_ms=38 drawcalls-since-flip=32 drawcalls-total=76901 fail-total=0 null-skips-total=0
[10:51:00] [info] flip-probe: flip #960 ok=true present=2ms inter_flip_ms=39 drawcalls-since-flip=32 drawcalls-total=77221 fail-total=0 null-skips-total=0
[10:51:00] [info] tas: stall frame 257 ms -> contributing 1 tick (patch 0286)
[10:51:01] [info] flip-probe: flip #970 ok=true present=3ms inter_flip_ms=38 drawcalls-since-flip=32 drawcalls-total=77541 fail-total=0 null-skips-total=0
[10:51:01] [info] backdrop cache: thrashing-detect engaged (streak=4, route=direct)
[10:51:01] [info] flip-probe: flip #980 ok=true present=3ms inter_flip_ms=42 drawcalls-since-flip=34 drawcalls-total=77869 fail-total=0 null-skips-total=0
[10:51:02] [info] flip-probe: flip #990 ok=true present=3ms inter_flip_ms=40 drawcalls-since-flip=35 drawcalls-total=78217 fail-total=0 null-skips-total=0
[10:51:02] [info] flip-probe: flip #1000 ok=true present=2ms inter_flip_ms=46 drawcalls-since-flip=32 drawcalls-total=78541 fail-total=0 null-skips-total=0
[10:51:02] [info] alpha audit block 0: 6474 total drawcalls, 0 with alpha<255 (block pct_x10=0; global 0/71787 pct_x10=0); alpha-mod skipped: block=0 global=0
[10:51:02] [info] fastpath audit block 0: taken=6474 (idx8=6474) skipped=0 pct_x10=1000; global taken=71787 (idx8=71787) skipped=0 pct_x10=1000
[10:51:02] [info] primitive tally block 0: clear=201(hr=201) fill=0(hr=0) rect=0(hr=0) line=0(hr=0) tint=0 spotlight=0 (over 100 flips ending at flip 1000)
[10:51:02] [info] color/alpha audit block 0: cmod_white=594 cmod_black=594 (idx=594) cmod_general=0 (idx=0) cmod_fb=0; alpha_taken=0 alpha_skipped=0 (global cmod=6816/5274/693/0 idx=5274/693 alpha=0/0)
[10:51:02] [info] phase timing block 0: drawcalls=7904 dc_total_ms=1201 flip_inner_total_ms=678 inter_flip_total_ms=5415 (per-flip avg x10: dc_ms=120 fi_ms=67 if_ms=541 derived audio+engine_ms=354; per-drawcall avg us_x10=1520) [direct-vesa: presents=100 total_ms=282 avg_ms_x10=28 failed=0] [ablation: NO_DC_TIMING=0 CACHE_WINSURF=0 DIRECT_VESA=1]
[10:51:02] [info] kbd/audio block 0: kbd_irq=0 kbd_drain=0 ring_chunks=16 pump_pass=2216 pic1_mask=0xb8 first_irq_ticks=0 install_ticks=0 vector_at_install=0x0083a028 pic1_mask_live=0x38 kbd_8042_stat=0x34 bios_kbd_head=0x002a bios_kbd_tail=0x002a bios_kbd_buf0=0x1970
[10:51:02] [info] dirty-rect block @flip=1000: total_calls=0 dirty_rects_avg=1 dirty_pct_x10=1000 forced_full=0 first_n_force=0 threshold_exceeded=0 dirty_path_taken=0 full_flush_taken=0
[10:51:02] [info] prev-frame-diff block @flip=1000: diff_calls=0 diff_rects_avg=0 diff_dirty_pct_x10=0 bbox_pct_x10=0 bbox_thresh_exceeded=0
[10:51:02] [info] flip-probe: flip #1010 ok=true present=3ms inter_flip_ms=41 drawcalls-since-flip=32 drawcalls-total=78861 fail-total=0 null-skips-total=0
[10:51:03] [info] flip-probe: flip #1020 ok=true present=2ms inter_flip_ms=42 drawcalls-since-flip=32 drawcalls-total=79181 fail-total=0 null-skips-total=0
[10:51:03] [info] tas: stall frame 211 ms -> contributing 1 tick (patch 0286)
[10:51:03] [info] flip-probe: flip #1030 ok=true present=3ms inter_flip_ms=41 drawcalls-since-flip=33 drawcalls-total=79510 fail-total=0 null-skips-total=0
[10:51:04] [info] backdrop cache: thrashing-detect engaged (streak=64, route=direct)
[10:51:04] [info] flip-probe: flip #1040 ok=true present=3ms inter_flip_ms=42 drawcalls-since-flip=36 drawcalls-total=79852 fail-total=0 null-skips-total=0
[10:51:04] [info] flip-probe: flip #1050 ok=true present=3ms inter_flip_ms=43 drawcalls-since-flip=37 drawcalls-total=80216 fail-total=0 null-skips-total=0
[10:51:05] [info] flip-probe: flip #1060 ok=true present=3ms inter_flip_ms=39 drawcalls-since-flip=20 drawcalls-total=80486 fail-total=0 null-skips-total=0
[10:51:05] [info] flip-probe: flip #1070 ok=true present=3ms inter_flip_ms=41 drawcalls-since-flip=19 drawcalls-total=80676 fail-total=0 null-skips-total=0
[10:51:05] [info] flip-probe: flip #1080 ok=true present=2ms inter_flip_ms=40 drawcalls-since-flip=17 drawcalls-total=80857 fail-total=0 null-skips-total=0
[10:51:06] [info] flip-probe: flip #1090 ok=true present=2ms inter_flip_ms=40 drawcalls-since-flip=18 drawcalls-total=81034 fail-total=0 null-skips-total=0
[10:51:06] [info] backdrop cache: thrashing-detect engaged (streak=124, route=direct)
[10:51:06] [info] flip-probe: flip #1100 ok=true present=3ms inter_flip_ms=37 drawcalls-since-flip=16 drawcalls-total=81198 fail-total=0 null-skips-total=0
[10:51:06] [info] alpha audit block 0: 2071 total drawcalls, 0 with alpha<255 (block pct_x10=0; global 0/73858 pct_x10=0); alpha-mod skipped: block=0 global=0
[10:51:06] [info] fastpath audit block 0: taken=2071 (idx8=2071) skipped=0 pct_x10=1000; global taken=73858 (idx8=73858) skipped=0 pct_x10=1000
[10:51:06] [info] primitive tally block 0: clear=200(hr=200) fill=0(hr=0) rect=0(hr=0) line=0(hr=0) tint=0 spotlight=0 (over 100 flips ending at flip 1100)
[10:51:06] [info] color/alpha audit block 0: cmod_white=486 cmod_black=486 (idx=486) cmod_general=0 (idx=0) cmod_fb=0; alpha_taken=0 alpha_skipped=0 (global cmod=7302/5760/693/0 idx=5760/693 alpha=0/0)
[10:51:06] [info] phase timing block 0: drawcalls=3243 dc_total_ms=603 flip_inner_total_ms=446 inter_flip_total_ms=4288 (per-flip avg x10: dc_ms=60 fi_ms=44 if_ms=428 derived audio+engine_ms=324; per-drawcall avg us_x10=1860) [direct-vesa: presents=100 total_ms=281 avg_ms_x10=28 failed=0] [ablation: NO_DC_TIMING=0 CACHE_WINSURF=0 DIRECT_VESA=1]
[10:51:06] [info] kbd/audio block 0: kbd_irq=0 kbd_drain=0 ring_chunks=16 pump_pass=2421 pic1_mask=0xb8 first_irq_ticks=0 install_ticks=0 vector_at_install=0x0083a028 pic1_mask_live=0x38 kbd_8042_stat=0x34 bios_kbd_head=0x002a bios_kbd_tail=0x002a bios_kbd_buf0=0x1970
[10:51:06] [info] dirty-rect block @flip=1100: total_calls=0 dirty_rects_avg=1 dirty_pct_x10=1000 forced_full=0 first_n_force=0 threshold_exceeded=0 dirty_path_taken=0 full_flush_taken=0
[10:51:06] [info] prev-frame-diff block @flip=1100: diff_calls=0 diff_rects_avg=0 diff_dirty_pct_x10=0 bbox_pct_x10=0 bbox_thresh_exceeded=0
[10:51:07] [info] flip-probe: flip #1110 ok=true present=3ms inter_flip_ms=39 drawcalls-since-flip=16 drawcalls-total=81365 fail-total=0 null-skips-total=0
[10:51:07] [info] flip-probe: flip #1120 ok=true present=3ms inter_flip_ms=38 drawcalls-since-flip=16 drawcalls-total=81522 fail-total=0 null-skips-total=0
[10:51:08] [info] flip-probe: flip #1130 ok=true present=3ms inter_flip_ms=36 drawcalls-since-flip=15 drawcalls-total=81680 fail-total=0 null-skips-total=0
[10:51:08] [info] flip-probe: flip #1140 ok=true present=3ms inter_flip_ms=36 drawcalls-since-flip=15 drawcalls-total=81830 fail-total=0 null-skips-total=0
[10:51:08] [info] flip-probe: flip #1150 ok=true present=3ms inter_flip_ms=45 drawcalls-since-flip=14 drawcalls-total=81972 fail-total=0 null-skips-total=0
[10:51:08] [info] backdrop cache: thrashing-detect engaged (streak=4, route=direct)
[10:51:09] [info] flip-probe: flip #1160 ok=true present=3ms inter_flip_ms=39 drawcalls-since-flip=14 drawcalls-total=82112 fail-total=0 null-skips-total=0
[10:51:09] [info] flip-probe: flip #1170 ok=true present=3ms inter_flip_ms=39 drawcalls-since-flip=14 drawcalls-total=82252 fail-total=0 null-skips-total=0
[10:51:09] [info] flip-probe: flip #1180 ok=true present=2ms inter_flip_ms=40 drawcalls-since-flip=14 drawcalls-total=82392 fail-total=0 null-skips-total=0
[10:51:10] [info] flip-probe: flip #1190 ok=true present=4ms inter_flip_ms=36 drawcalls-since-flip=14 drawcalls-total=82532 fail-total=0 null-skips-total=0
[10:51:10] [info] flip-probe: flip #1200 ok=true present=3ms inter_flip_ms=38 drawcalls-since-flip=14 drawcalls-total=82672 fail-total=0 null-skips-total=0
[10:51:10] [info] alpha audit block 0: 1374 total drawcalls, 0 with alpha<255 (block pct_x10=0; global 0/75232 pct_x10=0); alpha-mod skipped: block=0 global=0
[10:51:10] [info] fastpath audit block 0: taken=1374 (idx8=1374) skipped=0 pct_x10=1000; global taken=75232 (idx8=75232) skipped=0 pct_x10=1000
[10:51:10] [info] primitive tally block 0: clear=200(hr=200) fill=0(hr=0) rect=0(hr=0) line=0(hr=0) tint=0 spotlight=0 (over 100 flips ending at flip 1200)
[10:51:10] [info] phase timing block 0: drawcalls=1602 dc_total_ms=626 flip_inner_total_ms=446 inter_flip_total_ms=3955 (per-flip avg x10: dc_ms=62 fi_ms=44 if_ms=395 derived audio+engine_ms=289; per-drawcall avg us_x10=3910) [direct-vesa: presents=100 total_ms=283 avg_ms_x10=28 failed=0] [ablation: NO_DC_TIMING=0 CACHE_WINSURF=0 DIRECT_VESA=1]
[10:51:10] [info] kbd/audio block 0: kbd_irq=0 kbd_drain=0 ring_chunks=16 pump_pass=2619 pic1_mask=0xb8 first_irq_ticks=0 install_ticks=0 vector_at_install=0x0083a028 pic1_mask_live=0x38 kbd_8042_stat=0x34 bios_kbd_head=0x002a bios_kbd_tail=0x002a bios_kbd_buf0=0x1970
[10:51:10] [info] dirty-rect block @flip=1200: total_calls=0 dirty_rects_avg=1 dirty_pct_x10=1000 forced_full=0 first_n_force=0 threshold_exceeded=0 dirty_path_taken=0 full_flush_taken=0
[10:51:10] [info] prev-frame-diff block @flip=1200: diff_calls=0 diff_rects_avg=0 diff_dirty_pct_x10=0 bbox_pct_x10=0 bbox_thresh_exceeded=0
[10:51:11] [info] flip-probe: flip #1210 ok=true present=3ms inter_flip_ms=36 drawcalls-since-flip=14 drawcalls-total=82812 fail-total=0 null-skips-total=0
[10:51:11] [info] backdrop cache: thrashing-detect engaged (streak=64, route=direct)
[10:51:11] [info] flip-probe: flip #1220 ok=true present=3ms inter_flip_ms=36 drawcalls-since-flip=14 drawcalls-total=82952 fail-total=0 null-skips-total=0
[10:51:11] [info] flip-probe: flip #1230 ok=true present=3ms inter_flip_ms=36 drawcalls-since-flip=14 drawcalls-total=83092 fail-total=0 null-skips-total=0
[10:51:12] [info] flip-probe: flip #1240 ok=true present=3ms inter_flip_ms=37 drawcalls-since-flip=14 drawcalls-total=83232 fail-total=0 null-skips-total=0
[10:51:12] [info] run_tick_fixed #2700: heartbeat (loop alive)
[10:51:12] [info] flip-probe: flip #1250 ok=true present=2ms inter_flip_ms=69 drawcalls-since-flip=318 drawcalls-total=84626 fail-total=0 null-skips-total=0
[10:51:13] [info]  >> Entering stage 11: 'Mimiga Village'.
[10:51:13] [info] [skip-sheet-flush] cave=7
[10:51:13] [info] [load-stage] preloading entry music song=9 (cave=7)
[10:51:13] [info] gameloop: entered (curmap=11, running=1)
[10:51:13] [info] gameloop: iter 1 ticks=96044 mapno=-1
[10:51:13] [info] mds-clear-lut: rebuilt N=240 entries (k_skip=0% k_keep=100%; curmap=11 map_size=60x60; rebuild #5 since boot)
[10:51:13] [info] gameloop: iter 2 ticks=96135 mapno=-1
[10:51:13] [info] gameloop: iter 3 ticks=96220 mapno=-1
[10:51:14] [info] flip-probe: flip #1260 ok=true present=3ms inter_flip_ms=73 drawcalls-since-flip=301 drawcalls-total=87526 fail-total=0 null-skips-total=0
[10:51:14] [info] flip-probe: flip #1270 ok=true present=2ms inter_flip_ms=43 drawcalls-since-flip=42 drawcalls-total=88480 fail-total=0 null-skips-total=0
[10:51:14] [info] flip-probe: flip #1280 ok=true present=2ms inter_flip_ms=42 drawcalls-since-flip=42 drawcalls-total=88900 fail-total=0 null-skips-total=0
[10:51:15] [info] flip-probe: flip #1290 ok=true present=3ms inter_flip_ms=42 drawcalls-since-flip=42 drawcalls-total=89320 fail-total=0 null-skips-total=0
[10:51:15] [info] flip-probe: flip #1300 ok=true present=3ms inter_flip_ms=54 drawcalls-since-flip=54 drawcalls-total=89828 fail-total=0 null-skips-total=0
[10:51:15] [info] alpha audit block 0: 6471 total drawcalls, 0 with alpha<255 (block pct_x10=0; global 0/81703 pct_x10=0); alpha-mod skipped: block=0 global=0
[10:51:15] [info] fastpath audit block 0: taken=6471 (idx8=6471) skipped=0 pct_x10=1000; global taken=81703 (idx8=81703) skipped=0 pct_x10=1000
[10:51:15] [info] primitive tally block 0: clear=201(hr=201) fill=0(hr=0) rect=0(hr=0) line=0(hr=0) tint=0 spotlight=0 (over 100 flips ending at flip 1300)
[10:51:15] [info] color/alpha audit block 0: cmod_white=585 cmod_black=585 (idx=585) cmod_general=0 (idx=0) cmod_fb=0; alpha_taken=0 alpha_skipped=0 (global cmod=7887/6345/693/0 idx=6345/693 alpha=0/0)
[10:51:15] [info] phase timing block 0: drawcalls=7887 dc_total_ms=1217 flip_inner_total_ms=451 inter_flip_total_ms=5191 (per-flip avg x10: dc_ms=121 fi_ms=45 if_ms=519 derived audio+engine_ms=353; per-drawcall avg us_x10=1543) [direct-vesa: presents=100 total_ms=281 avg_ms_x10=28 failed=0] [ablation: NO_DC_TIMING=0 CACHE_WINSURF=0 DIRECT_VESA=1]
[10:51:15] [info] kbd/audio block 0: kbd_irq=0 kbd_drain=0 ring_chunks=16 pump_pass=2846 pic1_mask=0xb8 first_irq_ticks=0 install_ticks=0 vector_at_install=0x0083a028 pic1_mask_live=0x38 kbd_8042_stat=0x34 bios_kbd_head=0x002a bios_kbd_tail=0x002a bios_kbd_buf0=0x1970
[10:51:15] [info] dirty-rect block @flip=1300: total_calls=0 dirty_rects_avg=1 dirty_pct_x10=1000 forced_full=0 first_n_force=0 threshold_exceeded=0 dirty_path_taken=0 full_flush_taken=0
[10:51:15] [info] prev-frame-diff block @flip=1300: diff_calls=0 diff_rects_avg=0 diff_dirty_pct_x10=0 bbox_pct_x10=0 bbox_thresh_exceeded=0
[10:51:16] [info] backdrop cache: thrashing-detect engaged (streak=4, route=direct)
[10:51:16] [info] flip-probe: flip #1310 ok=true present=3ms inter_flip_ms=44 drawcalls-since-flip=49 drawcalls-total=90329 fail-total=0 null-skips-total=0
[10:51:16] [info] flip-probe: flip #1320 ok=true present=3ms inter_flip_ms=43 drawcalls-since-flip=47 drawcalls-total=90786 fail-total=0 null-skips-total=0
[10:51:17] [info] flip-probe: flip #1330 ok=true present=3ms inter_flip_ms=48 drawcalls-since-flip=44 drawcalls-total=91220 fail-total=0 null-skips-total=0
[10:51:17] [info] flip-probe: flip #1340 ok=true present=3ms inter_flip_ms=44 drawcalls-since-flip=43 drawcalls-total=91663 fail-total=0 null-skips-total=0
[10:51:18] [info] flip-probe: flip #1350 ok=true present=3ms inter_flip_ms=44 drawcalls-since-flip=45 drawcalls-total=92121 fail-total=0 null-skips-total=0
[10:51:18] [info] flip-probe: flip #1360 ok=true present=3ms inter_flip_ms=46 drawcalls-since-flip=45 drawcalls-total=92571 fail-total=0 null-skips-total=0
[10:51:18] [info] backdrop cache: thrashing-detect engaged (streak=64, route=direct)
[10:51:19] [info] flip-probe: flip #1370 ok=true present=3ms inter_flip_ms=44 drawcalls-since-flip=45 drawcalls-total=93021 fail-total=0 null-skips-total=0
[10:51:19] [info] flip-probe: flip #1380 ok=true present=3ms inter_flip_ms=42 drawcalls-since-flip=19 drawcalls-total=93341 fail-total=0 null-skips-total=0
[10:51:19] [info] flip-probe: flip #1390 ok=true present=3ms inter_flip_ms=40 drawcalls-since-flip=19 drawcalls-total=93531 fail-total=0 null-skips-total=0
[10:51:20] [info] flip-probe: flip #1400 ok=true present=3ms inter_flip_ms=41 drawcalls-since-flip=18 drawcalls-total=93715 fail-total=0 null-skips-total=0
[10:51:20] [info] alpha audit block 0: 2812 total drawcalls, 0 with alpha<255 (block pct_x10=0; global 0/84515 pct_x10=0); alpha-mod skipped: block=0 global=0
[10:51:20] [info] fastpath audit block 0: taken=2812 (idx8=2812) skipped=0 pct_x10=1000; global taken=84515 (idx8=84515) skipped=0 pct_x10=1000
[10:51:20] [info] primitive tally block 0: clear=200(hr=200) fill=0(hr=0) rect=0(hr=0) line=0(hr=0) tint=0 spotlight=0 (over 100 flips ending at flip 1400)
[10:51:20] [info] color/alpha audit block 0: cmod_white=975 cmod_black=975 (idx=975) cmod_general=0 (idx=0) cmod_fb=0; alpha_taken=0 alpha_skipped=0 (global cmod=8862/7320/693/0 idx=7320/693 alpha=0/0)
[10:51:20] [info] phase timing block 0: drawcalls=4964 dc_total_ms=744 flip_inner_total_ms=448 inter_flip_total_ms=4489 (per-flip avg x10: dc_ms=74 fi_ms=44 if_ms=448 derived audio+engine_ms=330; per-drawcall avg us_x10=1499) [direct-vesa: presents=100 total_ms=281 avg_ms_x10=28 failed=0] [ablation: NO_DC_TIMING=0 CACHE_WINSURF=0 DIRECT_VESA=1]
[10:51:20] [info] kbd/audio block 0: kbd_irq=0 kbd_drain=0 ring_chunks=16 pump_pass=3071 pic1_mask=0xb8 first_irq_ticks=0 install_ticks=0 vector_at_install=0x0083a028 pic1_mask_live=0x38 kbd_8042_stat=0x34 bios_kbd_head=0x002a bios_kbd_tail=0x002a bios_kbd_buf0=0x1970
[10:51:20] [info] dirty-rect block @flip=1400: total_calls=0 dirty_rects_avg=1 dirty_pct_x10=1000 forced_full=0 first_n_force=0 threshold_exceeded=0 dirty_path_taken=0 full_flush_taken=0
[10:51:20] [info] prev-frame-diff block @flip=1400: diff_calls=0 diff_rects_avg=0 diff_dirty_pct_x10=0 bbox_pct_x10=0 bbox_thresh_exceeded=0
[10:51:20] [info] flip-probe: flip #1410 ok=true present=3ms inter_flip_ms=41 drawcalls-since-flip=18 drawcalls-total=93895 fail-total=0 null-skips-total=0
[10:51:21] [info] flip-probe: flip #1420 ok=true present=4ms inter_flip_ms=41 drawcalls-since-flip=17 drawcalls-total=94068 fail-total=0 null-skips-total=0
[10:51:21] [info] backdrop cache: thrashing-detect engaged (streak=124, route=direct)
[10:51:21] [info] flip-probe: flip #1430 ok=true present=3ms inter_flip_ms=41 drawcalls-since-flip=18 drawcalls-total=94240 fail-total=0 null-skips-total=0
[10:51:22] [info] flip-probe: flip #1440 ok=true present=4ms inter_flip_ms=40 drawcalls-since-flip=19 drawcalls-total=94425 fail-total=0 null-skips-total=0
[10:51:22] [info] flip-probe: flip #1450 ok=true present=3ms inter_flip_ms=39 drawcalls-since-flip=19 drawcalls-total=94615 fail-total=0 null-skips-total=0
[10:51:22] [info] flip-probe: flip #1460 ok=true present=3ms inter_flip_ms=41 drawcalls-since-flip=19 drawcalls-total=94805 fail-total=0 null-skips-total=0
[10:51:23] [info] flip-probe: flip #1470 ok=true present=3ms inter_flip_ms=41 drawcalls-since-flip=18 drawcalls-total=94987 fail-total=0 null-skips-total=0
[10:51:23] [info] flip-probe: flip #1480 ok=true present=3ms inter_flip_ms=41 drawcalls-since-flip=17 drawcalls-total=95160 fail-total=0 null-skips-total=0
[10:51:23] [info] backdrop cache: thrashing-detect engaged (streak=184, route=direct)
[10:51:24] [info] flip-probe: flip #1490 ok=true present=3ms inter_flip_ms=40 drawcalls-since-flip=18 drawcalls-total=95338 fail-total=0 null-skips-total=0
[10:51:24] [info] flip-probe: flip #1500 ok=true present=3ms inter_flip_ms=40 drawcalls-since-flip=19 drawcalls-total=95520 fail-total=0 null-skips-total=0
[10:51:24] [info] alpha audit block 0: 1705 total drawcalls, 0 with alpha<255 (block pct_x10=0; global 0/86220 pct_x10=0); alpha-mod skipped: block=0 global=0
[10:51:24] [info] fastpath audit block 0: taken=1705 (idx8=1705) skipped=0 pct_x10=1000; global taken=86220 (idx8=86220) skipped=0 pct_x10=1000
[10:51:24] [info] primitive tally block 0: clear=200(hr=200) fill=0(hr=0) rect=0(hr=0) line=0(hr=0) tint=0 spotlight=0 (over 100 flips ending at flip 1500)
[10:51:24] [info] phase timing block 0: drawcalls=1905 dc_total_ms=553 flip_inner_total_ms=450 inter_flip_total_ms=4177 (per-flip avg x10: dc_ms=55 fi_ms=45 if_ms=417 derived audio+engine_ms=317; per-drawcall avg us_x10=2904) [direct-vesa: presents=100 total_ms=283 avg_ms_x10=28 failed=0] [ablation: NO_DC_TIMING=0 CACHE_WINSURF=0 DIRECT_VESA=1]
[10:51:24] [info] kbd/audio block 0: kbd_irq=0 kbd_drain=0 ring_chunks=16 pump_pass=3280 pic1_mask=0xb8 first_irq_ticks=0 install_ticks=0 vector_at_install=0x0083a028 pic1_mask_live=0x38 kbd_8042_stat=0x34 bios_kbd_head=0x002a bios_kbd_tail=0x002a bios_kbd_buf0=0x1970
[10:51:24] [info] dirty-rect block @flip=1500: total_calls=0 dirty_rects_avg=1 dirty_pct_x10=1000 forced_full=0 first_n_force=0 threshold_exceeded=0 dirty_path_taken=0 full_flush_taken=0
[10:51:24] [info] prev-frame-diff block @flip=1500: diff_calls=0 diff_rects_avg=0 diff_dirty_pct_x10=0 bbox_pct_x10=0 bbox_thresh_exceeded=0
[10:51:25] [info] flip-probe: flip #1510 ok=true present=3ms inter_flip_ms=41 drawcalls-since-flip=19 drawcalls-total=95710 fail-total=0 null-skips-total=0
[10:51:25] [info] flip-probe: flip #1520 ok=true present=3ms inter_flip_ms=40 drawcalls-since-flip=19 drawcalls-total=95900 fail-total=0 null-skips-total=0
[10:51:25] [info] flip-probe: flip #1530 ok=true present=3ms inter_flip_ms=41 drawcalls-since-flip=20 drawcalls-total=96097 fail-total=0 null-skips-total=0
[10:51:26] [info] flip-probe: flip #1540 ok=true present=2ms inter_flip_ms=42 drawcalls-since-flip=20 drawcalls-total=96297 fail-total=0 null-skips-total=0
[10:51:26] [info] backdrop cache: thrashing-detect engaged (streak=244, route=direct)
[10:51:26] [info] flip-probe: flip #1550 ok=true present=3ms inter_flip_ms=42 drawcalls-since-flip=20 drawcalls-total=96497 fail-total=0 null-skips-total=0
[10:51:27] [info] flip-probe: flip #1560 ok=true present=3ms inter_flip_ms=39 drawcalls-since-flip=17 drawcalls-total=96679 fail-total=0 null-skips-total=0
[10:51:27] [info] flip-probe: flip #1570 ok=true present=3ms inter_flip_ms=41 drawcalls-since-flip=17 drawcalls-total=96849 fail-total=0 null-skips-total=0
[10:51:27] [info] flip-probe: flip #1580 ok=true present=3ms inter_flip_ms=42 drawcalls-since-flip=17 drawcalls-total=97019 fail-total=0 null-skips-total=0
[10:51:28] [info] tas: stall frame 264 ms -> contributing 1 tick (patch 0286)
[10:51:28] [info] flip-probe: flip #1590 ok=true present=2ms inter_flip_ms=43 drawcalls-since-flip=18 drawcalls-total=97200 fail-total=0 null-skips-total=0
[10:51:28] [info] flip-probe: flip #1600 ok=true present=3ms inter_flip_ms=41 drawcalls-since-flip=17 drawcalls-total=97376 fail-total=0 null-skips-total=0
[10:51:28] [info] alpha audit block 0: 1756 total drawcalls, 0 with alpha<255 (block pct_x10=0; global 0/87976 pct_x10=0); alpha-mod skipped: block=0 global=0
[10:51:28] [info] fastpath audit block 0: taken=1756 (idx8=1756) skipped=0 pct_x10=1000; global taken=87976 (idx8=87976) skipped=0 pct_x10=1000
[10:51:28] [info] primitive tally block 0: clear=200(hr=200) fill=0(hr=0) rect=0(hr=0) line=0(hr=0) tint=0 spotlight=0 (over 100 flips ending at flip 1600)
[10:51:28] [info] phase timing block 0: drawcalls=1956 dc_total_ms=561 flip_inner_total_ms=659 inter_flip_total_ms=4421 (per-flip avg x10: dc_ms=56 fi_ms=65 if_ms=442 derived audio+engine_ms=321; per-drawcall avg us_x10=2869) [direct-vesa: presents=100 total_ms=280 avg_ms_x10=28 failed=0] [ablation: NO_DC_TIMING=0 CACHE_WINSURF=0 DIRECT_VESA=1]
[10:51:28] [info] kbd/audio block 0: kbd_irq=0 kbd_drain=0 ring_chunks=16 pump_pass=3489 pic1_mask=0xb8 first_irq_ticks=0 install_ticks=0 vector_at_install=0x0083a028 pic1_mask_live=0x38 kbd_8042_stat=0x34 bios_kbd_head=0x002a bios_kbd_tail=0x002a bios_kbd_buf0=0x1970
[10:51:29] [info] dirty-rect block @flip=1600: total_calls=0 dirty_rects_avg=1 dirty_pct_x10=1000 forced_full=0 first_n_force=0 threshold_exceeded=0 dirty_path_taken=0 full_flush_taken=0
[10:51:29] [info] prev-frame-diff block @flip=1600: diff_calls=0 diff_rects_avg=0 diff_dirty_pct_x10=0 bbox_pct_x10=0 bbox_thresh_exceeded=0
[10:51:29] [info] backdrop cache: thrashing-detect engaged (streak=304, route=direct)
[10:51:29] [info] flip-probe: flip #1610 ok=true present=3ms inter_flip_ms=39 drawcalls-since-flip=16 drawcalls-total=97540 fail-total=0 null-skips-total=0
[10:51:29] [info] flip-probe: flip #1620 ok=true present=3ms inter_flip_ms=42 drawcalls-since-flip=17 drawcalls-total=97707 fail-total=0 null-skips-total=0
[10:51:30] [info] flip-probe: flip #1630 ok=true present=3ms inter_flip_ms=42 drawcalls-since-flip=20 drawcalls-total=97894 fail-total=0 null-skips-total=0
[10:51:30] [info] flip-probe: flip #1640 ok=true present=3ms inter_flip_ms=45 drawcalls-since-flip=20 drawcalls-total=98100 fail-total=0 null-skips-total=0
[10:51:31] [info] flip-probe: flip #1650 ok=true present=3ms inter_flip_ms=48 drawcalls-since-flip=47 drawcalls-total=98310 fail-total=0 null-skips-total=0
[10:51:31] [info]  >> Entering stage 19: 'Assembly Hall'.
[10:51:31] [info] [skip-sheet-flush] cave=8
[10:51:32] [info] [load-stage] preloading entry music song=9 (cave=8)
[10:51:32] [info] gameloop: entered (curmap=19, running=1)
[10:51:32] [info] gameloop: iter 1 ticks=114962 mapno=-1
[10:51:32] [info] mds-clear-lut: rebuilt N=240 entries (k_skip=100% k_keep=0%; curmap=19 map_size=21x16; rebuild #6 since boot)
[10:51:32] [info] flip-probe: flip #1660 ok=true present=3ms inter_flip_ms=915 drawcalls-since-flip=463 drawcalls-total=101100 fail-total=0 null-skips-total=0
[10:51:32] [info] gameloop: iter 2 ticks=115067 mapno=-1
[10:51:32] [info] gameloop: iter 3 ticks=115155 mapno=-1
[10:51:33] [info] flip-probe: flip #1670 ok=true present=3ms inter_flip_ms=41 drawcalls-since-flip=111 drawcalls-total=104050 fail-total=0 null-skips-total=0
[10:51:33] [info] flip-probe: flip #1680 ok=true present=3ms inter_flip_ms=42 drawcalls-since-flip=122 drawcalls-total=105270 fail-total=0 null-skips-total=0
[10:51:34] [info] flip-probe: flip #1690 ok=true present=3ms inter_flip_ms=43 drawcalls-since-flip=122 drawcalls-total=106490 fail-total=0 null-skips-total=0
[10:51:34] [info] flip-probe: flip #1700 ok=true present=3ms inter_flip_ms=43 drawcalls-since-flip=124 drawcalls-total=107718 fail-total=0 null-skips-total=0
[10:51:34] [info] alpha audit block 0: 9750 total drawcalls, 0 with alpha<255 (block pct_x10=0; global 0/97726 pct_x10=0); alpha-mod skipped: block=0 global=0
[10:51:34] [info] fastpath audit block 0: taken=9750 (idx8=9750) skipped=0 pct_x10=1000; global taken=97726 (idx8=97726) skipped=0 pct_x10=1000
[10:51:34] [info] primitive tally block 0: clear=201(hr=201) fill=0(hr=0) rect=0(hr=0) line=0(hr=0) tint=0 spotlight=0 (over 100 flips ending at flip 1700)
[10:51:34] [info] color/alpha audit block 0: cmod_white=492 cmod_black=492 (idx=492) cmod_general=0 (idx=0) cmod_fb=0; alpha_taken=0 alpha_skipped=0 (global cmod=9354/7812/693/0 idx=7812/693 alpha=0/0)
[10:51:34] [info] phase timing block 0: drawcalls=10976 dc_total_ms=1262 flip_inner_total_ms=453 inter_flip_total_ms=5603 (per-flip avg x10: dc_ms=126 fi_ms=45 if_ms=560 derived audio+engine_ms=389; per-drawcall avg us_x10=1149) [direct-vesa: presents=100 total_ms=282 avg_ms_x10=28 failed=0] [ablation: NO_DC_TIMING=0 CACHE_WINSURF=0 DIRECT_VESA=1]
[10:51:34] [info] kbd/audio block 0: kbd_irq=0 kbd_drain=0 ring_chunks=16 pump_pass=3726 pic1_mask=0xb8 first_irq_ticks=0 install_ticks=0 vector_at_install=0x0083a028 pic1_mask_live=0x38 kbd_8042_stat=0x34 bios_kbd_head=0x002a bios_kbd_tail=0x002a bios_kbd_buf0=0x1970
[10:51:34] [info] dirty-rect block @flip=1700: total_calls=0 dirty_rects_avg=1 dirty_pct_x10=1000 forced_full=0 first_n_force=0 threshold_exceeded=0 dirty_path_taken=0 full_flush_taken=0
[10:51:34] [info] prev-frame-diff block @flip=1700: diff_calls=0 diff_rects_avg=0 diff_dirty_pct_x10=0 bbox_pct_x10=0 bbox_thresh_exceeded=0
[10:51:35] [info] flip-probe: flip #1710 ok=true present=3ms inter_flip_ms=41 drawcalls-since-flip=122 drawcalls-total=108953 fail-total=0 null-skips-total=0
[10:51:35] [info] flip-probe: flip #1720 ok=true present=3ms inter_flip_ms=42 drawcalls-since-flip=123 drawcalls-total=110185 fail-total=0 null-skips-total=0
[10:51:35] [info] flip-probe: flip #1730 ok=true present=3ms inter_flip_ms=42 drawcalls-since-flip=122 drawcalls-total=111406 fail-total=0 null-skips-total=0
[10:51:36] [info] flip-probe: flip #1740 ok=true present=3ms inter_flip_ms=45 drawcalls-since-flip=122 drawcalls-total=112626 fail-total=0 null-skips-total=0
[10:51:36] [info] flip-probe: flip #1750 ok=true present=3ms inter_flip_ms=42 drawcalls-since-flip=122 drawcalls-total=113846 fail-total=0 null-skips-total=0
[10:51:37] [info] flip-probe: flip #1760 ok=true present=3ms inter_flip_ms=42 drawcalls-since-flip=122 drawcalls-total=115066 fail-total=0 null-skips-total=0
[10:51:37] [info] flip-probe: flip #1770 ok=true present=3ms inter_flip_ms=44 drawcalls-since-flip=110 drawcalls-total=118510 fail-total=0 null-skips-total=0
[10:51:37] [info]  >> Entering stage 11: 'Mimiga Village'.
[10:51:37] [info] [skip-sheet-flush] cave=9
[10:51:38] [info] [load-stage] preloading entry music song=9 (cave=9)
[10:51:38] [info] gameloop: entered (curmap=11, running=1)
[10:51:38] [info] gameloop: iter 1 ticks=121085 mapno=-1
[10:51:38] [info] mds-clear-lut: rebuilt N=240 entries (k_skip=0% k_keep=100%; curmap=11 map_size=60x60; rebuild #7 since boot)
[10:51:38] [info] gameloop: iter 2 ticks=121185 mapno=-1
[10:51:38] [info] gameloop: iter 3 ticks=121279 mapno=-1
[10:51:39] [info] backdrop cache: thrashing-detect engaged (streak=4, route=direct)
[10:51:39] [info] flip-probe: flip #1780 ok=true present=3ms inter_flip_ms=42 drawcalls-since-flip=32 drawcalls-total=120794 fail-total=0 null-skips-total=0
[10:51:39] [info] flip-probe: flip #1790 ok=true present=3ms inter_flip_ms=45 drawcalls-since-flip=46 drawcalls-total=121240 fail-total=0 null-skips-total=0
[10:51:40] [info] flip-probe: flip #1800 ok=true present=3ms inter_flip_ms=44 drawcalls-since-flip=43 drawcalls-total=121689 fail-total=0 null-skips-total=0
[10:51:40] [info] alpha audit block 0: 12641 total drawcalls, 0 with alpha<255 (block pct_x10=0; global 0/110367 pct_x10=0); alpha-mod skipped: block=0 global=0
[10:51:40] [info] fastpath audit block 0: taken=12641 (idx8=12641) skipped=0 pct_x10=1000; global taken=110367 (idx8=110367) skipped=0 pct_x10=1000
[10:51:40] [info] primitive tally block 0: clear=201(hr=201) fill=0(hr=0) rect=0(hr=0) line=0(hr=0) tint=0 spotlight=0 (over 100 flips ending at flip 1800)
[10:51:40] [info] color/alpha audit block 0: cmod_white=1230 cmod_black=1230 (idx=1230) cmod_general=0 (idx=0) cmod_fb=0; alpha_taken=0 alpha_skipped=0 (global cmod=10584/9042/693/0 idx=9042/693 alpha=0/0)
[10:51:40] [info] phase timing block 0: drawcalls=15377 dc_total_ms=1581 flip_inner_total_ms=454 inter_flip_total_ms=5758 (per-flip avg x10: dc_ms=158 fi_ms=45 if_ms=575 derived audio+engine_ms=372; per-drawcall avg us_x10=1028) [direct-vesa: presents=100 total_ms=281 avg_ms_x10=28 failed=0] [ablation: NO_DC_TIMING=0 CACHE_WINSURF=0 DIRECT_VESA=1]
[10:51:40] [info] kbd/audio block 0: kbd_irq=0 kbd_drain=0 ring_chunks=16 pump_pass=3971 pic1_mask=0xb8 first_irq_ticks=0 install_ticks=0 vector_at_install=0x0083a028 pic1_mask_live=0x38 kbd_8042_stat=0x34 bios_kbd_head=0x002a bios_kbd_tail=0x002a bios_kbd_buf0=0x1970
[10:51:40] [info] dirty-rect block @flip=1800: total_calls=0 dirty_rects_avg=1 dirty_pct_x10=1000 forced_full=0 first_n_force=0 threshold_exceeded=0 dirty_path_taken=0 full_flush_taken=0
[10:51:40] [info] prev-frame-diff block @flip=1800: diff_calls=0 diff_rects_avg=0 diff_dirty_pct_x10=0 bbox_pct_x10=0 bbox_thresh_exceeded=0
[10:51:40] [info] flip-probe: flip #1810 ok=true present=3ms inter_flip_ms=47 drawcalls-since-flip=43 drawcalls-total=122117 fail-total=0 null-skips-total=0
[10:51:41] [info] flip-probe: flip #1820 ok=true present=3ms inter_flip_ms=44 drawcalls-since-flip=45 drawcalls-total=122558 fail-total=0 null-skips-total=0
[10:51:41] [info] flip-probe: flip #1830 ok=true present=3ms inter_flip_ms=42 drawcalls-since-flip=43 drawcalls-total=122993 fail-total=0 null-skips-total=0
[10:51:42] [info] backdrop cache: thrashing-detect engaged (streak=64, route=direct)
[10:51:42] [info] flip-probe: flip #1840 ok=true present=3ms inter_flip_ms=44 drawcalls-since-flip=46 drawcalls-total=123435 fail-total=0 null-skips-total=0
[10:51:42] [info] flip-probe: flip #1850 ok=true present=3ms inter_flip_ms=47 drawcalls-since-flip=45 drawcalls-total=123888 fail-total=0 null-skips-total=0
[10:51:43] [info] flip-probe: flip #1860 ok=true present=3ms inter_flip_ms=47 drawcalls-since-flip=44 drawcalls-total=124331 fail-total=0 null-skips-total=0
[10:51:43] [info] flip-probe: flip #1870 ok=true present=3ms inter_flip_ms=47 drawcalls-since-flip=44 drawcalls-total=124771 fail-total=0 null-skips-total=0
[10:51:43] [info] flip-probe: flip #1880 ok=true present=3ms inter_flip_ms=47 drawcalls-since-flip=43 drawcalls-total=125204 fail-total=0 null-skips-total=0
[10:51:44] [info] flip-probe: flip #1890 ok=true present=3ms inter_flip_ms=44 drawcalls-since-flip=43 drawcalls-total=125634 fail-total=0 null-skips-total=0
[10:51:44] [info] backdrop cache: thrashing-detect engaged (streak=124, route=direct)
[10:51:44] [info] flip-probe: flip #1900 ok=true present=3ms inter_flip_ms=38 drawcalls-since-flip=18 drawcalls-total=125807 fail-total=0 null-skips-total=0
[10:51:44] [info] alpha audit block 0: 2848 total drawcalls, 0 with alpha<255 (block pct_x10=0; global 0/113215 pct_x10=0); alpha-mod skipped: block=0 global=0
[10:51:44] [info] fastpath audit block 0: taken=2848 (idx8=2848) skipped=0 pct_x10=1000; global taken=113215 (idx8=113215) skipped=0 pct_x10=1000
[10:51:44] [info] primitive tally block 0: clear=200(hr=200) fill=0(hr=0) rect=0(hr=0) line=0(hr=0) tint=0 spotlight=0 (over 100 flips ending at flip 1900)
[10:51:44] [info] color/alpha audit block 0: cmod_white=1170 cmod_black=1170 (idx=1170) cmod_general=0 (idx=0) cmod_fb=0; alpha_taken=0 alpha_skipped=0 (global cmod=11754/10212/693/0 idx=10212/693 alpha=0/0)
[10:51:44] [info] phase timing block 0: drawcalls=5388 dc_total_ms=763 flip_inner_total_ms=454 inter_flip_total_ms=4471 (per-flip avg x10: dc_ms=76 fi_ms=45 if_ms=447 derived audio+engine_ms=326; per-drawcall avg us_x10=1416) [direct-vesa: presents=100 total_ms=286 avg_ms_x10=28 failed=0] [ablation: NO_DC_TIMING=0 CACHE_WINSURF=0 DIRECT_VESA=1]
[10:51:44] [info] kbd/audio block 0: kbd_irq=0 kbd_drain=0 ring_chunks=16 pump_pass=4195 pic1_mask=0xb8 first_irq_ticks=0 install_ticks=0 vector_at_install=0x0083a028 pic1_mask_live=0x38 kbd_8042_stat=0x34 bios_kbd_head=0x002a bios_kbd_tail=0x002a bios_kbd_buf0=0x1970
[10:51:44] [info] dirty-rect block @flip=1900: total_calls=0 dirty_rects_avg=1 dirty_pct_x10=1000 forced_full=0 first_n_force=0 threshold_exceeded=0 dirty_path_taken=0 full_flush_taken=0
[10:51:44] [info] prev-frame-diff block @flip=1900: diff_calls=0 diff_rects_avg=0 diff_dirty_pct_x10=0 bbox_pct_x10=0 bbox_thresh_exceeded=0
[10:51:44] [info] run_tick_fixed #4200: heartbeat (loop alive)
[10:51:45] [info] flip-probe: flip #1910 ok=true present=3ms inter_flip_ms=41 drawcalls-since-flip=18 drawcalls-total=125987 fail-total=0 null-skips-total=0
[10:51:45] [info] flip-probe: flip #1920 ok=true present=2ms inter_flip_ms=42 drawcalls-since-flip=19 drawcalls-total=126178 fail-total=0 null-skips-total=0
[10:51:46] [info] flip-probe: flip #1930 ok=true present=3ms inter_flip_ms=40 drawcalls-since-flip=16 drawcalls-total=126356 fail-total=0 null-skips-total=0
[10:51:46] [info] flip-probe: flip #1940 ok=true present=3ms inter_flip_ms=40 drawcalls-since-flip=15 drawcalls-total=126507 fail-total=0 null-skips-total=0
[10:51:47] [info] flip-probe: flip #1950 ok=true present=3ms inter_flip_ms=71 drawcalls-since-flip=272 drawcalls-total=127229 fail-total=0 null-skips-total=0
[10:51:47] [info] backdrop cache: thrashing-detect engaged (streak=184, route=direct)
[10:51:47] [info]  >> Entering stage 14: 'Shack'.
[10:51:47] [info] [skip-sheet-flush] cave=10
[10:51:47] [info] [load-stage] preloading entry music song=8 (cave=10)
[10:51:47] [info] opl3 backend: on_song_stop
[10:51:48] [info] MidiScheduler::load: parsed 'data/orgmid2/vivi.mid' = 11188 events at 48 PPQ
[10:51:48] [info] opl3 backend: on_song_start
[10:51:48] [info] gameloop: entered (curmap=14, running=1)
[10:51:48] [info] gameloop: iter 1 ticks=130794 mapno=-1
[10:51:48] [info] gameloop: iter 2 ticks=130870 mapno=-1
[10:51:48] [info] gameloop: iter 3 ticks=130944 mapno=-1
[10:51:48] [info] flip-probe: flip #1960 ok=true present=3ms inter_flip_ms=71 drawcalls-since-flip=365 drawcalls-total=130461 fail-total=0 null-skips-total=0
[10:51:49] [info] flip-probe: flip #1970 ok=true present=3ms inter_flip_ms=31 drawcalls-since-flip=13 drawcalls-total=131731 fail-total=0 null-skips-total=0
[10:51:49] [info] flip-probe: flip #1980 ok=true present=3ms inter_flip_ms=33 drawcalls-since-flip=24 drawcalls-total=131971 fail-total=0 null-skips-total=0
[10:51:49] [info] flip-probe: flip #1990 ok=true present=3ms inter_flip_ms=32 drawcalls-since-flip=24 drawcalls-total=132211 fail-total=0 null-skips-total=0
[10:51:50] [info] flip-probe: flip #2000 ok=true present=3ms inter_flip_ms=39 drawcalls-since-flip=24 drawcalls-total=132451 fail-total=0 null-skips-total=0
[10:51:50] [info] alpha audit block 0: 6368 total drawcalls, 0 with alpha<255 (block pct_x10=0; global 0/119583 pct_x10=0); alpha-mod skipped: block=0 global=0
[10:51:50] [info] fastpath audit block 0: taken=6368 (idx8=6368) skipped=0 pct_x10=1000; global taken=119583 (idx8=119583) skipped=0 pct_x10=1000
[10:51:50] [info] primitive tally block 0: clear=201(hr=201) fill=0(hr=0) rect=0(hr=0) line=0(hr=0) tint=0 spotlight=0 (over 100 flips ending at flip 2000)
[10:51:50] [info] color/alpha audit block 0: cmod_white=220 cmod_black=220 (idx=220) cmod_general=0 (idx=0) cmod_fb=0; alpha_taken=0 alpha_skipped=0 (global cmod=11974/10432/693/0 idx=10432/693 alpha=0/0)
[10:51:50] [info] phase timing block 0: drawcalls=7009 dc_total_ms=950 flip_inner_total_ms=466 inter_flip_total_ms=5309 (per-flip avg x10: dc_ms=95 fi_ms=46 if_ms=530 derived audio+engine_ms=389; per-drawcall avg us_x10=1356) [direct-vesa: presents=100 total_ms=284 avg_ms_x10=28 failed=0] [ablation: NO_DC_TIMING=0 CACHE_WINSURF=0 DIRECT_VESA=1]
[10:51:50] [info] kbd/audio block 0: kbd_irq=0 kbd_drain=0 ring_chunks=16 pump_pass=4411 pic1_mask=0xb8 first_irq_ticks=0 install_ticks=0 vector_at_install=0x0083a028 pic1_mask_live=0x38 kbd_8042_stat=0x34 bios_kbd_head=0x002a bios_kbd_tail=0x002a bios_kbd_buf0=0x1970
[10:51:50] [info] dirty-rect block @flip=2000: total_calls=0 dirty_rects_avg=1 dirty_pct_x10=1000 forced_full=0 first_n_force=0 threshold_exceeded=0 dirty_path_taken=0 full_flush_taken=0
[10:51:50] [info] prev-frame-diff block @flip=2000: diff_calls=0 diff_rects_avg=0 diff_dirty_pct_x10=0 bbox_pct_x10=0 bbox_thresh_exceeded=0
[10:51:50] [info] flip-probe: flip #2010 ok=true present=3ms inter_flip_ms=32 drawcalls-since-flip=28 drawcalls-total=132720 fail-total=0 null-skips-total=0
[10:51:50] [info] flip-probe: flip #2020 ok=true present=3ms inter_flip_ms=33 drawcalls-since-flip=25 drawcalls-total=132980 fail-total=0 null-skips-total=0
[10:51:51] [info] flip-probe: flip #2030 ok=true present=4ms inter_flip_ms=32 drawcalls-since-flip=24 drawcalls-total=133220 fail-total=0 null-skips-total=0
[10:51:51] [info] flip-probe: flip #2040 ok=true present=3ms inter_flip_ms=32 drawcalls-since-flip=24 drawcalls-total=133460 fail-total=0 null-skips-total=0
[10:51:51] [info] flip-probe: flip #2050 ok=true present=4ms inter_flip_ms=30 drawcalls-since-flip=24 drawcalls-total=133700 fail-total=0 null-skips-total=0
[10:51:51] [info] run_tick_fixed #4500: heartbeat (loop alive)
[10:51:52] [info] flip-probe: flip #2060 ok=true present=3ms inter_flip_ms=33 drawcalls-since-flip=24 drawcalls-total=133940 fail-total=0 null-skips-total=0
[10:51:52] [info] flip-probe: flip #2070 ok=true present=3ms inter_flip_ms=33 drawcalls-since-flip=24 drawcalls-total=134180 fail-total=0 null-skips-total=0
[10:51:52] [info] flip-probe: flip #2080 ok=true present=3ms inter_flip_ms=31 drawcalls-since-flip=14 drawcalls-total=134380 fail-total=0 null-skips-total=0
[10:51:53] [info] flip-probe: flip #2090 ok=true present=3ms inter_flip_ms=32 drawcalls-since-flip=14 drawcalls-total=134520 fail-total=0 null-skips-total=0
[10:51:53] [info] flip-probe: flip #2100 ok=true present=3ms inter_flip_ms=29 drawcalls-since-flip=14 drawcalls-total=134660 fail-total=0 null-skips-total=0
[10:51:53] [info] alpha audit block 0: 1829 total drawcalls, 0 with alpha<255 (block pct_x10=0; global 0/121412 pct_x10=0); alpha-mod skipped: block=0 global=0
[10:51:53] [info] fastpath audit block 0: taken=1829 (idx8=1829) skipped=0 pct_x10=1000; global taken=121412 (idx8=121412) skipped=0 pct_x10=1000
[10:51:53] [info] primitive tally block 0: clear=200(hr=200) fill=0(hr=0) rect=0(hr=0) line=0(hr=0) tint=0 spotlight=0 (over 100 flips ending at flip 2100)
[10:51:53] [info] color/alpha audit block 0: cmod_white=380 cmod_black=380 (idx=380) cmod_general=0 (idx=0) cmod_fb=0; alpha_taken=0 alpha_skipped=0 (global cmod=12354/10812/693/0 idx=10812/693 alpha=0/0)
[10:51:53] [info] phase timing block 0: drawcalls=2789 dc_total_ms=585 flip_inner_total_ms=447 inter_flip_total_ms=3281 (per-flip avg x10: dc_ms=58 fi_ms=44 if_ms=328 derived audio+engine_ms=226; per-drawcall avg us_x10=2099) [direct-vesa: presents=100 total_ms=283 avg_ms_x10=28 failed=0] [ablation: NO_DC_TIMING=0 CACHE_WINSURF=0 DIRECT_VESA=1]
[10:51:53] [info] kbd/audio block 0: kbd_irq=0 kbd_drain=0 ring_chunks=16 pump_pass=4575 pic1_mask=0xb8 first_irq_ticks=0 install_ticks=0 vector_at_install=0x0083a028 pic1_mask_live=0x38 kbd_8042_stat=0x34 bios_kbd_head=0x002a bios_kbd_tail=0x002a bios_kbd_buf0=0x1970
[10:51:53] [info] dirty-rect block @flip=2100: total_calls=0 dirty_rects_avg=1 dirty_pct_x10=1000 forced_full=0 first_n_force=0 threshold_exceeded=0 dirty_path_taken=0 full_flush_taken=0
[10:51:53] [info] prev-frame-diff block @flip=2100: diff_calls=0 diff_rects_avg=0 diff_dirty_pct_x10=0 bbox_pct_x10=0 bbox_thresh_exceeded=0
[10:51:53] [info] tas: stall frame 308 ms -> contributing 1 tick (patch 0286)
[10:51:54] [info] flip-probe: flip #2110 ok=true present=3ms inter_flip_ms=68 drawcalls-since-flip=355 drawcalls-total=136865 fail-total=0 null-skips-total=0
[10:51:54] [info]  >> Entering stage 11: 'Mimiga Village'.
[10:51:54] [info] [skip-sheet-flush] cave=11
[10:51:54] [info] [load-stage] preloading entry music song=9 (cave=11)
[10:51:54] [info] opl3 backend: on_song_stop
[10:51:55] [info] MidiScheduler::load: parsed 'data/orgmid2/mura.mid' = 7123 events at 48 PPQ
[10:51:55] [info] opl3 backend: on_song_start
[10:51:55] [info] gameloop: entered (curmap=11, running=1)
[10:51:55] [info] gameloop: iter 1 ticks=137562 mapno=-1
[10:51:55] [info] gameloop: iter 2 ticks=137652 mapno=-1
[10:51:55] [info] gameloop: iter 3 ticks=137740 mapno=-1
[10:51:55] [info] backdrop cache: thrashing-detect engaged (streak=4, route=direct)
[10:51:55] [info] flip-probe: flip #2120 ok=true present=3ms inter_flip_ms=53 drawcalls-since-flip=114 drawcalls-total=139800 fail-total=0 null-skips-total=0
[10:51:56] [info] flip-probe: flip #2130 ok=true present=2ms inter_flip_ms=45 drawcalls-since-flip=41 drawcalls-total=140194 fail-total=0 null-skips-total=0
[10:51:56] [info] flip-probe: flip #2140 ok=true present=2ms inter_flip_ms=46 drawcalls-since-flip=44 drawcalls-total=140619 fail-total=0 null-skips-total=0
[10:51:57] [info] flip-probe: flip #2150 ok=true present=3ms inter_flip_ms=42 drawcalls-since-flip=44 drawcalls-total=141059 fail-total=0 null-skips-total=0
[10:51:57] [info] flip-probe: flip #2160 ok=true present=3ms inter_flip_ms=46 drawcalls-since-flip=48 drawcalls-total=141527 fail-total=0 null-skips-total=0
[10:51:57] [info] flip-probe: flip #2170 ok=true present=3ms inter_flip_ms=43 drawcalls-since-flip=43 drawcalls-total=141974 fail-total=0 null-skips-total=0
[10:51:58] [info] backdrop cache: thrashing-detect engaged (streak=64, route=direct)
[10:51:58] [info] flip-probe: flip #2180 ok=true present=3ms inter_flip_ms=46 drawcalls-since-flip=43 drawcalls-total=142404 fail-total=0 null-skips-total=0
[10:51:58] [info] flip-probe: flip #2190 ok=true present=3ms inter_flip_ms=42 drawcalls-since-flip=46 drawcalls-total=142855 fail-total=0 null-skips-total=0
[10:51:59] [info] backdrop cache: thrashing-detect engaged (streak=4, route=direct)
[10:51:59] [info] flip-probe: flip #2200 ok=true present=4ms inter_flip_ms=43 drawcalls-since-flip=45 drawcalls-total=143307 fail-total=0 null-skips-total=0
[10:51:59] [info] alpha audit block 0: 7429 total drawcalls, 0 with alpha<255 (block pct_x10=0; global 0/128841 pct_x10=0); alpha-mod skipped: block=0 global=0
[10:51:59] [info] fastpath audit block 0: taken=7429 (idx8=7429) skipped=0 pct_x10=1000; global taken=128841 (idx8=128841) skipped=0 pct_x10=1000
[10:51:59] [info] primitive tally block 0: clear=201(hr=201) fill=0(hr=0) rect=0(hr=0) line=0(hr=0) tint=0 spotlight=0 (over 100 flips ending at flip 2200)
[10:51:59] [info] color/alpha audit block 0: cmod_white=1131 cmod_black=1131 (idx=1131) cmod_general=0 (idx=0) cmod_fb=0; alpha_taken=0 alpha_skipped=0 (global cmod=13485/11943/693/0 idx=11943/693 alpha=0/0)
[10:51:59] [info] phase timing block 0: drawcalls=9901 dc_total_ms=1180 flip_inner_total_ms=454 inter_flip_total_ms=5958 (per-flip avg x10: dc_ms=118 fi_ms=45 if_ms=595 derived audio+engine_ms=432; per-drawcall avg us_x10=1191) [direct-vesa: presents=100 total_ms=280 avg_ms_x10=28 failed=0] [ablation: NO_DC_TIMING=0 CACHE_WINSURF=0 DIRECT_VESA=1]
[10:51:59] [info] kbd/audio block 0: kbd_irq=0 kbd_drain=0 ring_chunks=16 pump_pass=4818 pic1_mask=0xb8 first_irq_ticks=0 install_ticks=0 vector_at_install=0x0083a028 pic1_mask_live=0x38 kbd_8042_stat=0x34 bios_kbd_head=0x002a bios_kbd_tail=0x002a bios_kbd_buf0=0x1970
[10:51:59] [info] dirty-rect block @flip=2200: total_calls=0 dirty_rects_avg=1 dirty_pct_x10=1000 forced_full=0 first_n_force=0 threshold_exceeded=0 dirty_path_taken=0 full_flush_taken=0
[10:51:59] [info] prev-frame-diff block @flip=2200: diff_calls=0 diff_rects_avg=0 diff_dirty_pct_x10=0 bbox_pct_x10=0 bbox_thresh_exceeded=0
[10:51:59] [info] flip-probe: flip #2210 ok=true present=3ms inter_flip_ms=46 drawcalls-since-flip=45 drawcalls-total=143757 fail-total=0 null-skips-total=0
[10:52:00] [info] flip-probe: flip #2220 ok=true present=3ms inter_flip_ms=44 drawcalls-since-flip=47 drawcalls-total=144216 fail-total=0 null-skips-total=0
[10:52:00] [info] flip-probe: flip #2230 ok=true present=3ms inter_flip_ms=45 drawcalls-since-flip=45 drawcalls-total=144677 fail-total=0 null-skips-total=0
[10:52:00] [info] backdrop cache: thrashing-detect engaged (streak=4, route=direct)
[10:52:01] [info] flip-probe: flip #2240 ok=true present=3ms inter_flip_ms=39 drawcalls-since-flip=18 drawcalls-total=144938 fail-total=0 null-skips-total=0
[10:52:01] [info] flip-probe: flip #2250 ok=true present=3ms inter_flip_ms=50 drawcalls-since-flip=19 drawcalls-total=145122 fail-total=0 null-skips-total=0
[10:52:01] [info] backdrop cache: thrashing-detect engaged (streak=4, route=direct)
[10:52:02] [info] flip-probe: flip #2260 ok=true present=3ms inter_flip_ms=40 drawcalls-since-flip=20 drawcalls-total=145317 fail-total=0 null-skips-total=0
[10:52:02] [info] flip-probe: flip #2270 ok=true present=3ms inter_flip_ms=41 drawcalls-since-flip=21 drawcalls-total=145524 fail-total=0 null-skips-total=0
[10:52:02] [info] flip-probe: flip #2280 ok=true present=3ms inter_flip_ms=40 drawcalls-since-flip=19 drawcalls-total=145724 fail-total=0 null-skips-total=0
[10:52:03] [info] flip-probe: flip #2290 ok=true present=3ms inter_flip_ms=41 drawcalls-since-flip=19 drawcalls-total=145914 fail-total=0 null-skips-total=0
[10:52:03] [info] flip-probe: flip #2300 ok=true present=3ms inter_flip_ms=38 drawcalls-since-flip=19 drawcalls-total=146104 fail-total=0 null-skips-total=0
[10:52:03] [info] alpha audit block 0: 2268 total drawcalls, 0 with alpha<255 (block pct_x10=0; global 0/131109 pct_x10=0); alpha-mod skipped: block=0 global=0
[10:52:03] [info] fastpath audit block 0: taken=2268 (idx8=2268) skipped=0 pct_x10=1000; global taken=131109 (idx8=131109) skipped=0 pct_x10=1000
[10:52:03] [info] primitive tally block 0: clear=200(hr=200) fill=0(hr=0) rect=0(hr=0) line=0(hr=0) tint=0 spotlight=0 (over 100 flips ending at flip 2300)
[10:52:03] [info] color/alpha audit block 0: cmod_white=429 cmod_black=429 (idx=429) cmod_general=0 (idx=0) cmod_fb=0; alpha_taken=0 alpha_skipped=0 (global cmod=13914/12372/693/0 idx=12372/693 alpha=0/0)
[10:52:03] [info] phase timing block 0: drawcalls=3340 dc_total_ms=705 flip_inner_total_ms=453 inter_flip_total_ms=4356 (per-flip avg x10: dc_ms=70 fi_ms=45 if_ms=435 derived audio+engine_ms=320; per-drawcall avg us_x10=2113) [direct-vesa: presents=100 total_ms=284 avg_ms_x10=28 failed=0] [ablation: NO_DC_TIMING=0 CACHE_WINSURF=0 DIRECT_VESA=1]
[10:52:03] [info] kbd/audio block 0: kbd_irq=0 kbd_drain=0 ring_chunks=16 pump_pass=5036 pic1_mask=0xb8 first_irq_ticks=0 install_ticks=0 vector_at_install=0x0083a028 pic1_mask_live=0x38 kbd_8042_stat=0x34 bios_kbd_head=0x002a bios_kbd_tail=0x002a bios_kbd_buf0=0x1970
[10:52:03] [info] dirty-rect block @flip=2300: total_calls=0 dirty_rects_avg=1 dirty_pct_x10=1000 forced_full=0 first_n_force=0 threshold_exceeded=0 dirty_path_taken=0 full_flush_taken=0
[10:52:03] [info] prev-frame-diff block @flip=2300: diff_calls=0 diff_rects_avg=0 diff_dirty_pct_x10=0 bbox_pct_x10=0 bbox_thresh_exceeded=0
[10:52:04] [info] flip-probe: flip #2310 ok=true present=3ms inter_flip_ms=41 drawcalls-since-flip=19 drawcalls-total=146294 fail-total=0 null-skips-total=0
[10:52:04] [info] backdrop cache: thrashing-detect engaged (streak=64, route=direct)
[10:52:04] [info] flip-probe: flip #2320 ok=true present=3ms inter_flip_ms=41 drawcalls-since-flip=19 drawcalls-total=146484 fail-total=0 null-skips-total=0
[10:52:05] [info] run_tick_fixed #5100: heartbeat (loop alive)
[10:52:05] [info] flip-probe: flip #2330 ok=true present=3ms inter_flip_ms=47 drawcalls-since-flip=19 drawcalls-total=146674 fail-total=0 null-skips-total=0
[10:52:05] [info] flip-probe: flip #2340 ok=true present=2ms inter_flip_ms=43 drawcalls-since-flip=60 drawcalls-total=147192 fail-total=0 null-skips-total=0
[10:52:05] [info] flip-probe: flip #2350 ok=true present=3ms inter_flip_ms=43 drawcalls-since-flip=60 drawcalls-total=147792 fail-total=0 null-skips-total=0
[10:52:06] [info] flip-probe: flip #2360 ok=true present=3ms inter_flip_ms=43 drawcalls-since-flip=60 drawcalls-total=148392 fail-total=0 null-skips-total=0
[10:52:06] [info] tas: end-of-replay auto-exit at tick 5140 (recording exhausted; set DOSKUTSU_TAS_REPLAY_HOLD=1 to disable + observe steady-state past recording end)
[10:52:06] [info] Script engine shutdown.
[10:52:06] [info] opl3 backend: on_song_stop
[10:52:06] [info] opl3 backend: cleared reg 0xBD chip-wide latch (wub-wub mitigation per flush-instr WAVE-46 H6)
[10:52:06] [info] opl3 backend shutdown (all 18 voices KEY-OFF unconditionally; OPL2 mode restored; chip state safe for next process)
[10:52:06] [info] Sound system shutdown
[10:52:06] [info] Renderer::Close()
[10:52:06] [info] tas: replay file closed
[10:52:07] [info] [fps-true] flips=2366 render_s=145 fps_mean=16.3 (clock-independent: flips / seconds since the FIRST flip; use THIS for the fps matrix, not inter_flip medians, which are invalid in any cell running the PIT/IRQ-0 music pump)
[RUNMANIFEST-BEGIN]
schema_version=1
environment=realhw
binary_sha12=f8d446b4b0e0
wave_tag=631
scene=
env_block_sha=481393f29e83
started_utc=2026-11-19T03:52:47Z
duration_s=160
exit_code=0
fps_p50=NA
fps_p95=NA
audio_vital_status=NA
regime=NA
banner_required_hit=0
banner_required_total=0
banner_forbidden_hit=0
banner_optional_hit=0
critical_count=0
warn_count=0
[RUNMANIFEST-END]
[10:52:07] [info] [runmanifest-emit] schema=v1 env=realhw sha12=f8d446b4b0e0 dur=160s tag='631' scene='' env_sha=481393f29e83 (signals=0x4)
