Logger::init: wave-53 log level=INFO path='LOGS/651.LOG'
[10:52:21] [info] config: loaded DOSKUTSU.CFG (1 keys)
[10:52:21] [info] tas: PRNG seed forced to 12345 via DOSKUTSU_TAS_PRNG_SEED
[10:52:21] [info] tas: auto-exit armed at tick 30000 via DOSKUTSU_TAS_AUTO_EXIT_TICK
[10:52:21] [info] tas: replay opened path='QA.TAS' header_seed=12345
[10:52:22] [info] data cache: DISABLED (default)
[10:52:22] [info] Joystick: skipped (default; set DOSKUTSU_USE_JOYSTICK=1 to enable -- skips SDL3-DOS gameport BIOS INT 15h polling, ~82 ms / flip on real HW)
[10:52:22] [info] Loading settings...
[10:52:22] [info] [input-bind] applied=0 invert_y=0 dos_axes=1
[10:52:22] [info] Renderer::initVideo: 8bpp mode requested via SDL_HINT_DOS_MAX_BPP=8 (wave 16); SDL3-DOS will pick the highest-bpp <= 8 mode at requested resolution
[10:52:22] [info] Renderer::initVideo: DOS resolution-label lock ENABLED (default)
[10:52:23] [info] Renderer::initVideo: using: software renderer
[10:52:25] [info] Renderer::initVideo: dirty-rect tracking ENABLED (wave 15, default ON; set SDL_HINT_DOSKUTSU_DIRTY_RECTS=0 to disable)
[10:52:25] [info] Renderer::initVideo: ablation flags: NO_DC_TIMING=0 CACHE_WINSURF=0 NO_INPUT_POLL=0 DIRECT_VESA=1
[10:52:25] [info] Renderer::initVideo: direct-VESA hot path ENABLED (default since wave 20 patch 0088; bypasses SDL_RenderPresent / SDL_UpdateWindowSurface and writes via SDL/0034's PresentFull helper; R2 mitigation handled by SDL/0034 generation counter -- no per-N-flip heartbeat needed; set SDL_HINT_DOSKUTSU_DIRECT_VESA=0 to revert)
[10:52:25] [info] Renderer::initVideo: flip-phase instrumentation DISABLED (default; set SDL_HINT_DOSKUTSU_FLIP_INSTR=1 to opt in for wave-20 Lever A diagnostic)
[10:52:25] [info] Renderer::initVideo: asm opaque-span blit lever DISABLED (default; set SDL_HINT_DOSKUTSU_ASM_BLIT=1 to opt in -- wave-51 _blit_indexed colorkey-blit lever)
[10:52:25] [info] Renderer::initVideo: blit-decomp instrumentation DISABLED (default; set SDL_HINT_DOSKUTSU_BLIT_DECOMP=1 to opt in -- wave-51 _blit_indexed sub-decomp sizing)
[10:52:25] [info] Renderer::initVideo: mds-scroll-decomp instrumentation DISABLED (default; set SDL_HINT_DOSKUTSU_MDS_DECOMP=1 to opt in -- wave-52 mode_draw_scene scrolling-block decomp)
[10:52:25] [info] Renderer::initVideo: DOSVESA pump yield: skipped (default) (per-flip explicit SDL_Delay(0) yield is always on; set SDL_HINT_DOSKUTSU_FORCE_PUMP_YIELD=1 to restore old per-pump yield)
[10:52:25] [info] Renderer::initVideo: indexed-mode (8bpp) ENABLED -- master palette + 107 per-asset remap LUTs loaded (wave 16, default ON; set SDL_HINT_DOSKUTSU_PIXEL_FORMAT_8=0 to disable)
[10:52:25] [info] Renderer::initVideo: master palette attached to window surface (format=SDL_PIXELFORMAT_INDEX8, ncolors=256)
[10:52:25] [info] Renderer::initVideo: indexed-mode smoke: idx0=(0,0,0) OK idx255=(255,0,255) OK
[10:52:25] [info] Renderer::initVideo: indexed-mode smoke: paletteRemapFor('MyChar.pbm') = present
[10:52:26] [info] Surface::loadImage palmap-diag #1: 'data/Loading.pbm' fmt=SDL_PIXELFORMAT_ABGR8888 remap=HIT -> path=truecolor
[10:52:26] [info] Renderer: prev-frame diff DISABLED (default since wave 17.6; set SDL_HINT_DOSKUTSU_PREVFRAME_DIFF=1 to opt in)
[10:52:26] [info] flip-probe: renderer=software window_ptr=8809072 colorspace=301991328 window_size=320x240 framebuffer_pixels=320x240 logical_present=320x240 mode=2
[10:52:26] [info] flip-probe: first flip ok=true present=46ms inter_flip_ms=0 drawcalls-since-flip=1 drawcalls-total=1
[10:52:26] [info] Sound system init
[10:52:26] [info] Sound system: 4-state audio enable (#31) -- music=on sfx=on (MUSIC_OFF/AUDIO_BACKEND=none -> music-off; SFX_OFF/SFX_DEVICE=none -> sfx-off; both gates are dispatch-level, the device still opens; AUDIO_OFF=1 is the device-level both-off).
[10:52:26] [info] Sound system: Tier-2 audio config (default since wave 21 patch 0093; 11025 Hz, 1 channel, buffer pinned to 256 frames). Measured savings on g2k Pentium OverDrive 83 MHz (W21A): heavy-music scenes ~+11 fps vs Tier-1 baseline (measured -10 to -15 ms/flip post-0094 audio fix; W21A's pre-fix -26.6 ms figure was inflated by stereo-vs-mono playback bug, see patch 0094). Audio quality is reduced vs Tier-1 (mono, 11025 Hz, simple-average L+R downmix) but recognizable; user accepted the trade per direction 2026-05-05. Set SDL_HINT_DOSKUTSU_AUDIO_TIER2=0 to revert to Tier-1 22050 stereo (full Cave Story 2004 audio quality; trades fps for fidelity).
[10:52:26] [info] Sound system: SDL_HINT_AUDIO_DEVICE_SAMPLE_FRAMES=256
[10:52:26] [info] Pixtone IRQ rate-divider: handed master_rate=11025 int16/s (SAMPLE_RATE=11025 x AUDIO_CHANNELS=1) to SDL for auto-RATEDIV (SDL/0074 computes shift_div from the resolved device freq).
[10:52:26] [info] Sound system: device frame-rate: requesting 11025 Hz match to master (SDL_DOSAudioSetDeviceFrameRate; SB16 opens at the engine frame rate instead of SDL's 44100 floor -- 4x less PCM/s + no resampler on the Organya/Pixtone path; killswitch SDL_HINT_DOSKUTSU_DOS_AUDIO_DEVICE_RATE_DEFAULT=0).
[10:52:26] [info] audio backend: opl3 (default since wave 46 patch 0139; +8.77 fps vs organya at Mimiga BK_PARALLAX per WAVE-44-OPL3-LOG-ANALYSIS; operator perceptual preference). Probes OPL3 via Adlib timer-1 sequence at SoundManager::init; on probe failure falls back gracefully to organya. Override via SDL_HINT_DOSKUTSU_AUDIO_BACKEND=organya for Cave Story 2004 original synth. Pixtone SFX continues on SB16 DAC unchanged.
[10:52:26] [info] wave-13.6.1: ring_chunks=16 FORCE_PUMP_YIELD=off (set SDL_HINT_DOSKUTSU_AUDIO_RING_CHUNKS=4|8|16 to override; default 16 matches wave 13.6 behaviour)
[10:52:26] [info] MidiScheduler: MIDI source = 'orgmid2' (native-GM org2mid set; resolves to data/orgmid2/<name>.mid).
[10:52:26] [info] opl3 backend probing for OPL3 chip (Adlib timer-1 sequence)...
[10:52:26] [info] opl3 backend: opl3bank.dat loaded 128 programs from 'data/opl3bank.dat' (v1; 1536 bytes payload). Per-program GM patches now use the runtime bank; programs >= 128 fall back to 8-patch family bucket. Drum channel (MIDI ch 9) unchanged (uses PATCH_DRUM regardless of bank loading).
[10:52:26] [info] opl3 backend ready (OPL3 detected via Adlib timer-1; InitChip applied 18 x 2-op layout; voice allocator armed). Patch bank state: runtime opl3bank.dat ACTIVE (loaded_count=128; programs >= loaded_count fall back to 8-patch placeholder covering GM family categories piano/mallet/organ/guitar/strings/brass/reed/pad). Phase 10.5 path: ship a fuller community bank as data/opl3bank.dat (DOPL3v1 format; 12-byte SBI records per GM program; loader at MidiBackendOpl3 ctor).
[10:52:26] [info] opl3 backend: PATCH_ORGAN + PATCH_MALLET RR=8 (medium release; wub-wub fix per patch 0171; was RR=0 in slot 0103 placeholder -- KEY-OFF couldn't silence; H6 reg 0xBD wave-47 falsified; H1+H5/RR=0 byte-level bug root per WAVE-46/47 analysis)
[10:52:26] [info] Sound system: MidiScheduler armed with MidiBackendOpl3 (patch 0103 Phase 10 Stage 4). Music dispatch routes via SMF parser + 18 x 2-op OPL3 voice allocator + small inline patch bank (community-sourced from Apogee Sound System / AdLib SBI public-domain refs). Pixtone SFX still active on SB16 DAC.
[10:52:26] [info] Sound system: idle-pause skipped (default OFF since patch 0119; backend=opl3 would qualify but operator did not opt-in via SDL_HINT_DOSKUTSU_IDLE_PAUSE=1). DSP stays in continuous-stream mode. Re-enable for an A/B iter once SDL/0037 ForcePause non-engagement is rooted out (task #17).
[10:52:26] [warn] Music dir Ogg/ doesn't exist
[10:52:26] [warn] Music dir Ogg11/ doesn't exist
[10:52:27] [warn] Music dir Ogg17/ doesn't exist
[10:52:27] [warn] Music dir Ogg_ridic/ doesn't exist
[10:52:27] [info] Loading Sound FX...
[10:52:27] [info] [pxt-cache] init(): HIT (loaded cache; render skipped)
[10:52:36] [info] Organya init...
[10:52:37] [info] Organya init done
[10:52:49] [info] gus SFX gain [nx0259]: 70% (SDL_HINT_DOSKUTSU_GUS_SFX_GAIN; scales the GF1 SFX voice volume to balance against velocity/CC-scaled GUS music; default 70, clamp 0..150).
[10:52:49] [info] pixtone IRQ-mix: ENABLED (default; SDL backend engaged; set SDL_HINT_DOSKUTSU_PIXTONE_IRQ_MIX=0 to disable)
[10:52:49] [info] Pixtone::setVolume: L3 active -- mid-play SFX volume updates are no-op in v1 (v2 candidate: SDL_DOSPixtoneSetGain API). gain_x256=256 stored for subsequent SDL_DOSPixtoneStart calls; currently-playing L3 channels unaffected.
[10:52:49] [info] midi ISR tick: engine registered tick_isr callback (L2b active; default ON; set SDL_HINT_DOSKUTSU_MIDI_ISR_TICK=0 to disable)
[10:52:49] [info] menu slide-in fixed-timestep: ENABLED (default; slide advances at 50 Hz logic rate)
[10:52:49] [info] Reading npc.tbl...
[10:52:49] [info] Loading tilekey.dat.
[10:52:50] [info] Script engine init.
[10:52:50] [info] Entering main loop...
[10:52:50] [info] audio mid-gap pump: DISABLED (default)
[10:52:50] [info] TAS fixed-timestep guard: ENABLED (default) (patch 0280; load_stage wall-clock kept out of the FT accumulator so TAS replay advances at a true 50 Hz; set SDL_HINT_DOSKUTSU_TAS_FT_GUARD=0 to disable)
[10:52:50] [info] load_stage ring+DMA silence flush: ENABLED (default) (set SDL_HINT_DOSKUTSU_LOADSTAGE_SILENCE=0 to disable)
[10:52:50] [info] load-band audio-underrun probe: DISABLED (default) (opt-in SDL_HINT_DOSKUTSU_LOADBAND_STAT=1)
[10:52:50] [info]  >> Entering stage 72: 'u'.
[10:52:50] [info] skip sheet flush: ENABLED (default) (SFXPAUSE-012 SHIPPED FIX; sprite sheets stay resident across caves so no per-cave re-decode -> no fire-frame pause; map_flush_graphics tilemap cache still flushes; set SDL_HINT_DOSKUTSU_SKIP_SHEET_FLUSH=0 to restore the old per-cave flush)
[10:52:50] [info] [skip-sheet-flush] cave=1
[10:52:50] [info] eager action sheets: ENABLED (default) (first-fire hitch fix: pre-loads the weapon bullet + hit/muzzle/trail caret sheets at stage load so the first fire/impact does not lazy-decode mid-gameplay; set SDL_HINT_DOSKUTSU_EAGER_ACTION_SHEETS=0 to restore lazy load)
[10:52:50] [info] Surface::loadImage palmap-diag #2: 'data/Bullet.pbm' fmt=SDL_PIXELFORMAT_ABGR8888 remap=HIT -> path=truecolor
[10:52:50] [info] Surface::loadImage palmap-diag #3: 'data/Arms.pbm' fmt=SDL_PIXELFORMAT_ABGR8888 remap=HIT -> path=truecolor
[10:52:51] [info] Surface::loadImage palmap-diag #4: 'data/Caret.pbm' fmt=SDL_PIXELFORMAT_ABGR8888 remap=HIT -> path=truecolor
[10:52:51] [info] Surface::loadImage palmap-diag #5: 'data/Npc/NpcSym.pbm' fmt=SDL_PIXELFORMAT_ABGR8888 remap=HIT -> path=truecolor
[10:52:51] [info] [eager-action-sheets] cave=1 sheets=4 wall_ms=1290
[10:52:51] [info] Surface::loadImage palmap-diag #6: 'data/Stage/PrtWhite.pbm' fmt=SDL_PIXELFORMAT_ABGR8888 remap=HIT -> path=truecolor
[10:52:52] [info] load_stage: entry-music preload ENABLED (default) (set SDL_HINT_DOSKUTSU_PRELOAD_STAGE_MUSIC=0 to disable)
[10:52:52] [info] Surface::loadImage palmap-diag #7: 'data/bk0.pbm' fmt=SDL_PIXELFORMAT_ABGR8888 remap=HIT -> path=truecolor
[10:52:52] [info] gameloop: entered (curmap=72, running=1)
[10:52:52] [info] gameloop: iter 1 ticks=30988 mapno=-1
[10:52:52] [info] fixed-timestep: ENABLED (default; logic 50 Hz, decoupled from render)
[10:52:52] [info] map: BG skip-when-unchanged DISABLED (default) (set SDL_HINT_DOSKUTSU_BG_SKIP_WHEN_UNCHANGED=1 to enable; default OFF since wave-61 -- abandoned, it shipped a backdrop-black flicker and its +0.87 fps was below the noise floor)
[10:52:52] [info] map: skip-redundant-clear lever ENABLED (default since wave-53 promotion)
[10:52:52] [info] perf-mode: level=0 (faithful (default))
[10:52:52] [info] Surface::loadImage palmap-diag #8: 'data/Npc/NpcKings.pbm' fmt=SDL_PIXELFORMAT_ABGR8888 remap=HIT -> path=truecolor
[10:52:52] [info] audio tick-boundary pump: DISABLED (default)
[10:52:52] [info] gameloop: iter 2 ticks=31385 mapno=-1
[10:52:53] [info] gameloop: iter 3 ticks=31439 mapno=-1
[10:52:53] [info] direct-vesa: snapshot @gen=2 use_dosmemput=0 banked_multibank=0 pitches_match=1 vram_w=320 vram_h=240 vram_pitch=320 bpp=1 fb_size=76800 vram_phys=0x78000000 vram_ptr=0x77c00000
[10:52:53] [info] flip-probe: flip #10 ok=true present=2ms inter_flip_ms=31 drawcalls-since-flip=6 drawcalls-total=43 fail-total=0 null-skips-total=0
[10:52:53] [info] flip-probe: flip #20 ok=true present=3ms inter_flip_ms=31 drawcalls-since-flip=4 drawcalls-total=92 fail-total=0 null-skips-total=0
[10:52:54] [info] flip-probe: flip #30 ok=true present=3ms inter_flip_ms=65 drawcalls-since-flip=326 drawcalls-total=2707 fail-total=0 null-skips-total=0
[10:52:54] [info] flip-probe: flip #40 ok=true present=3ms inter_flip_ms=59 drawcalls-since-flip=264 drawcalls-total=5837 fail-total=0 null-skips-total=0
[10:52:55] [info] flip-probe: flip #50 ok=true present=2ms inter_flip_ms=37 drawcalls-since-flip=67 drawcalls-total=7392 fail-total=0 null-skips-total=0
[10:52:55] [info] flip-probe: flip #60 ok=true present=2ms inter_flip_ms=30 drawcalls-since-flip=4 drawcalls-total=7502 fail-total=0 null-skips-total=0
[10:52:55] [info] flip-probe: flip #70 ok=true present=3ms inter_flip_ms=29 drawcalls-since-flip=6 drawcalls-total=7557 fail-total=0 null-skips-total=0
[10:52:56] [info] flip-probe: flip #80 ok=true present=3ms inter_flip_ms=20 drawcalls-since-flip=0 drawcalls-total=7586 fail-total=0 null-skips-total=0
[10:52:56] [info] flip-probe: flip #90 ok=true present=3ms inter_flip_ms=21 drawcalls-since-flip=0 drawcalls-total=7586 fail-total=0 null-skips-total=0
[10:52:56] [info] title: eager-title-IO phase tag ENABLED (default) (set SDL_HINT_DOSKUTSU_EAGER_TITLE_IO=0 to disable)
[10:52:57] [warn] MidiScheduler::_refresh_isr_buffer: track has 27749 events; ISR buffer is 16384 (truncated; events after 16384 will not dispatch under L2b ON -- the engine-thread tick() path still uses _events directly under L2b OFF)
[10:52:57] [info] MidiScheduler::load: parsed 'data/orgmid2/curly.mid' = 27749 events at 48 PPQ
[10:52:57] [info] opl3 backend: on_song_start
[10:52:57] [info] gameloop: entered (curmap=1005, running=1)
[10:52:57] [info] gameloop: iter 1 ticks=35949 mapno=-1
[10:52:57] [info] map: backdrop cache ENABLED (default) (set SDL_HINT_DOSKUTSU_BACKDROP_CACHE=0 to disable)
[10:52:58] [info] gameloop: iter 2 ticks=36742 mapno=-1
[10:52:58] [info] gameloop: iter 3 ticks=36781 mapno=-1
[10:52:58] [info] backdrop cache: thrashing-detect engaged (streak=4, route=direct)
[10:52:58] [info] flip-probe: flip #100 ok=true present=4ms inter_flip_ms=33 drawcalls-since-flip=75 drawcalls-total=7886 fail-total=0 null-skips-total=0
[10:52:58] [info] alpha audit block 0: 7798 total drawcalls, 0 with alpha<255 (block pct_x10=0; global 0/7798 pct_x10=0); alpha-mod skipped: block=0 global=0
[10:52:58] [info] fastpath audit block 0: taken=7798 (idx8=7798) skipped=0 pct_x10=1000; global taken=7798 (idx8=7798) skipped=0 pct_x10=1000
[10:52:58] [info] primitive tally block 0: clear=220(hr=220) fill=0(hr=0) rect=0(hr=0) line=0(hr=0) tint=0 spotlight=0 (over 100 flips ending at flip 100)
[10:52:58] [info] color/alpha audit block 0: cmod_white=104 cmod_black=0 (idx=0) cmod_general=84 (idx=84) cmod_fb=0; alpha_taken=0 alpha_skipped=0 (global cmod=104/0/84/0 idx=0/84 alpha=0/0)
[10:52:58] [info] phase timing block 0: drawcalls=8209 dc_total_ms=1409 flip_inner_total_ms=558 inter_flip_total_ms=32222 (per-flip avg x10: dc_ms=140 fi_ms=55 if_ms=3222 derived audio+engine_ms=3027; per-drawcall avg us_x10=1717) [direct-vesa: presents=97 total_ms=279 avg_ms_x10=28 failed=0] [ablation: NO_DC_TIMING=0 CACHE_WINSURF=0 DIRECT_VESA=1]
[10:52:58] [info] kbd/audio block 0: kbd_irq=0 kbd_drain=0 ring_chunks=16 pump_pass=99 pic1_mask=0xb8 first_irq_ticks=0 install_ticks=0 vector_at_install=0x00849fc0 pic1_mask_live=0x38 kbd_8042_stat=0x34 bios_kbd_head=0x002a bios_kbd_tail=0x002a bios_kbd_buf0=0x1970
[10:52:58] [info] audio/engine split block 0: audio_mixer_calls=0 audio_mixer_ms_x10=0 engine_tick_calls=99 engine_tick_ms_x10=505 audio_service_calls=0 audio_service_ms_x10=0 (per-flip avg; per-call us_x10: audio_mix=0 engine_tick=510187 audio_service=0; global ns: audio_mix=0 engine_tick=5050851506 audio_service=0)
[10:52:58] [info] pixtone multi-source probe: DISABLED (default)
[10:52:58] [info] dirty-rect block @flip=100: total_calls=0 dirty_rects_avg=0 dirty_pct_x10=990 forced_full=0 first_n_force=3 threshold_exceeded=2 dirty_path_taken=0 full_flush_taken=3
[10:52:58] [info] prev-frame-diff block @flip=100: diff_calls=0 diff_rects_avg=0 diff_dirty_pct_x10=0 bbox_pct_x10=0 bbox_thresh_exceeded=0
[10:52:58] [info] flip-probe: flip #110 ok=true present=3ms inter_flip_ms=28 drawcalls-since-flip=75 drawcalls-total=8636 fail-total=0 null-skips-total=0
[10:52:59] [info] flip-probe: flip #120 ok=true present=3ms inter_flip_ms=27 drawcalls-since-flip=75 drawcalls-total=9386 fail-total=0 null-skips-total=0
[10:52:59] [info] flip-probe: flip #130 ok=true present=2ms inter_flip_ms=20 drawcalls-since-flip=0 drawcalls-total=9986 fail-total=0 null-skips-total=0
[10:52:59] [info] Loading profile from profile.dat
[10:52:59] [error] profile_load: unable to open 'profile.dat'
[10:52:59] [info] Loading profile from profile2.dat
[10:52:59] [error] profile_load: unable to open 'profile2.dat'
[10:52:59] [info] Loading profile from profile3.dat
[10:52:59] [info] Loading profile from profile4.dat
[10:52:59] [error] profile_load: unable to open 'profile4.dat'
[10:52:59] [info] Loading profile from profile5.dat
[10:52:59] [info] flip-probe: flip #140 ok=true present=3ms inter_flip_ms=48 drawcalls-since-flip=214 drawcalls-total=10842 fail-total=0 null-skips-total=0
[10:53:00] [info] flip-probe: flip #150 ok=true present=3ms inter_flip_ms=48 drawcalls-since-flip=214 drawcalls-total=12982 fail-total=0 null-skips-total=0
[10:53:00] [info] Writing settings...
[10:53:00] [info] flip-probe: flip #160 ok=true present=3ms inter_flip_ms=22 drawcalls-since-flip=0 drawcalls-total=13846 fail-total=0 null-skips-total=0
[10:53:00] [info] flip-probe: flip #170 ok=true present=3ms inter_flip_ms=20 drawcalls-since-flip=0 drawcalls-total=13846 fail-total=0 null-skips-total=0
[10:53:00] [info] opl3 backend: on_song_stop
[10:53:00] [info] Loading profile from profile5.dat
[10:53:00] [info]  >> Entering stage 20: 'Save Point'.
[10:53:01] [info] [skip-sheet-flush] cave=2
[10:53:01] [info] MidiScheduler::load: parsed 'data/orgmid2/mura.mid' = 7123 events at 48 PPQ
[10:53:02] [info] opl3 backend: on_song_start
[10:53:02] [info] gameloop: entered (curmap=20, running=1)
[10:53:02] [info] gameloop: iter 1 ticks=40459 mapno=-1
[10:53:02] [info] TAS stall discount: ENABLED (default) (patch 0286; a replay frame over 150 ms is a load, not slow rendering, so it contributes 1 tick instead of its wall-clock; set SDL_HINT_DOSKUTSU_TAS_STALL_DISCOUNT=0 to disable)
[10:53:02] [info] TAS accumulator clamp: DISABLED (default) (patch 0281; caps the FT accumulator delta at one tick during TAS so a stalled frame cannot race the replay index; set SDL_HINT_DOSKUTSU_TAS_FT_GUARD=0 to disable)
[10:53:02] [info] gameloop: iter 2 ticks=40502 mapno=-1
[10:53:02] [info] gameloop: iter 3 ticks=40538 mapno=-1
[10:53:02] [info] flip-probe: flip #180 ok=true present=3ms inter_flip_ms=29 drawcalls-since-flip=17 drawcalls-total=13971 fail-total=0 null-skips-total=0
[10:53:02] [info] flip-probe: flip #190 ok=true present=3ms inter_flip_ms=29 drawcalls-since-flip=17 drawcalls-total=14141 fail-total=0 null-skips-total=0
[10:53:02] [info] flip-probe: flip #200 ok=true present=2ms inter_flip_ms=32 drawcalls-since-flip=17 drawcalls-total=14311 fail-total=0 null-skips-total=0
[10:53:02] [info] alpha audit block 0: 5788 total drawcalls, 0 with alpha<255 (block pct_x10=0; global 0/13586 pct_x10=0); alpha-mod skipped: block=0 global=0
[10:53:02] [info] fastpath audit block 0: taken=5788 (idx8=5788) skipped=0 pct_x10=1000; global taken=13586 (idx8=13586) skipped=0 pct_x10=1000
[10:53:02] [info] primitive tally block 0: clear=201(hr=201) fill=0(hr=0) rect=0(hr=0) line=0(hr=0) tint=0 spotlight=0 (over 100 flips ending at flip 200)
[10:53:02] [info] color/alpha audit block 0: cmod_white=1438 cmod_black=0 (idx=0) cmod_general=609 (idx=609) cmod_fb=0; alpha_taken=0 alpha_skipped=0 (global cmod=1542/0/693/0 idx=0/693 alpha=0/0)
[10:53:02] [info] phase timing block 0: drawcalls=8036 dc_total_ms=1267 flip_inner_total_ms=463 inter_flip_total_ms=4367 (per-flip avg x10: dc_ms=126 fi_ms=46 if_ms=436 derived audio+engine_ms=264; per-drawcall avg us_x10=1576) [direct-vesa: presents=100 total_ms=281 avg_ms_x10=28 failed=0] [ablation: NO_DC_TIMING=0 CACHE_WINSURF=0 DIRECT_VESA=1]
[10:53:02] [info] kbd/audio block 0: kbd_irq=0 kbd_drain=0 ring_chunks=16 pump_pass=211 pic1_mask=0xb8 first_irq_ticks=0 install_ticks=0 vector_at_install=0x00849fc0 pic1_mask_live=0x38 kbd_8042_stat=0x34 bios_kbd_head=0x002a bios_kbd_tail=0x002a bios_kbd_buf0=0x1970
[10:53:02] [info] audio/engine split block 0: audio_mixer_calls=0 audio_mixer_ms_x10=0 engine_tick_calls=76 engine_tick_ms_x10=180 audio_service_calls=0 audio_service_ms_x10=0 (per-flip avg; per-call us_x10: audio_mix=0 engine_tick=238032 audio_service=0; global ns: audio_mix=0 engine_tick=6859896243 audio_service=0)
[10:53:02] [info] dirty-rect block @flip=200: total_calls=0 dirty_rects_avg=1 dirty_pct_x10=1000 forced_full=0 first_n_force=0 threshold_exceeded=0 dirty_path_taken=0 full_flush_taken=0
[10:53:02] [info] prev-frame-diff block @flip=200: diff_calls=0 diff_rects_avg=0 diff_dirty_pct_x10=0 bbox_pct_x10=0 bbox_thresh_exceeded=0
[10:53:03] [info] flip-probe: flip #210 ok=true present=3ms inter_flip_ms=29 drawcalls-since-flip=17 drawcalls-total=14481 fail-total=0 null-skips-total=0
[10:53:03] [info] flip-probe: flip #220 ok=true present=3ms inter_flip_ms=32 drawcalls-since-flip=17 drawcalls-total=14651 fail-total=0 null-skips-total=0
[10:53:03] [info] flip-probe: flip #230 ok=true present=3ms inter_flip_ms=30 drawcalls-since-flip=17 drawcalls-total=14821 fail-total=0 null-skips-total=0
[10:53:04] [info] flip-probe: flip #240 ok=true present=3ms inter_flip_ms=72 drawcalls-since-flip=358 drawcalls-total=16615 fail-total=0 null-skips-total=0
[10:53:04] [info]  >> Entering stage 11: 'Mimiga Village'.
[10:53:04] [info] [skip-sheet-flush] cave=3
[10:53:05] [info] [load-stage] preloading entry music song=9 (cave=3)
[10:53:05] [info] gameloop: entered (curmap=11, running=1)
[10:53:05] [info] gameloop: iter 1 ticks=43579 mapno=-1
[10:53:05] [info] map: mds_clear LUT ENABLED (default) (set SDL_HINT_DOSKUTSU_MDS_CLEAR_LUT=0 to disable; default ON; patch 0144 wave-49 bandwidth lever)
[10:53:05] [info] mds-clear-lut: rebuilt N=240 entries (k_skip=0% k_keep=100%; curmap=11 map_size=60x60; rebuild #1 since boot)
[10:53:05] [info] backdrop thrash full-cover ENABLED (default) (set SDL_HINT_DOSKUTSU_THRASH_FULLCOVER=0 to disable)
[10:53:05] [info] [bd-diag] backdrop render-path diag disabled (default) (set SDL_HINT_DOSKUTSU_BACKDROP_DIAG=1 to enable)
[10:53:05] [info] gameloop: iter 2 ticks=43914 mapno=-1
[10:53:05] [info] tas: stall frame 334 ms -> contributing 1 tick (patch 0286)
[10:53:05] [info] gameloop: iter 3 ticks=44004 mapno=-1
[10:53:05] [info] flip-probe: flip #250 ok=true present=3ms inter_flip_ms=89 drawcalls-since-flip=324 drawcalls-total=19939 fail-total=0 null-skips-total=0
[10:53:05] [info] backdrop cache: thrashing-detect engaged (streak=4, route=direct)
[10:53:06] [info] flip-probe: flip #260 ok=true present=3ms inter_flip_ms=46 drawcalls-since-flip=43 drawcalls-total=20530 fail-total=0 null-skips-total=0
[10:53:06] [info] flip-probe: flip #270 ok=true present=3ms inter_flip_ms=44 drawcalls-since-flip=46 drawcalls-total=20975 fail-total=0 null-skips-total=0
[10:53:07] [info] flip-probe: flip #280 ok=true present=3ms inter_flip_ms=46 drawcalls-since-flip=44 drawcalls-total=21431 fail-total=0 null-skips-total=0
[10:53:07] [info] flip-probe: flip #290 ok=true present=3ms inter_flip_ms=41 drawcalls-since-flip=43 drawcalls-total=21862 fail-total=0 null-skips-total=0
[10:53:08] [info] flip-probe: flip #300 ok=true present=3ms inter_flip_ms=41 drawcalls-since-flip=43 drawcalls-total=22292 fail-total=0 null-skips-total=0
[10:53:08] [info] alpha audit block 0: 7197 total drawcalls, 0 with alpha<255 (block pct_x10=0; global 0/20783 pct_x10=0); alpha-mod skipped: block=0 global=0
[10:53:08] [info] fastpath audit block 0: taken=7197 (idx8=7197) skipped=0 pct_x10=1000; global taken=20783 (idx8=20783) skipped=0 pct_x10=1000
[10:53:08] [info] primitive tally block 0: clear=201(hr=201) fill=0(hr=0) rect=0(hr=0) line=0(hr=0) tint=0 spotlight=0 (over 100 flips ending at flip 300)
[10:53:08] [info] color/alpha audit block 0: cmod_white=728 cmod_black=728 (idx=728) cmod_general=0 (idx=0) cmod_fb=0; alpha_taken=0 alpha_skipped=0 (global cmod=2270/728/693/0 idx=728/693 alpha=0/0)
[10:53:08] [info] phase timing block 0: drawcalls=8860 dc_total_ms=1154 flip_inner_total_ms=449 inter_flip_total_ms=5390 (per-flip avg x10: dc_ms=115 fi_ms=44 if_ms=539 derived audio+engine_ms=380; per-drawcall avg us_x10=1303) [direct-vesa: presents=100 total_ms=281 avg_ms_x10=28 failed=0] [ablation: NO_DC_TIMING=0 CACHE_WINSURF=0 DIRECT_VESA=1]
[10:53:08] [info] kbd/audio block 0: kbd_irq=0 kbd_drain=0 ring_chunks=16 pump_pass=431 pic1_mask=0xb8 first_irq_ticks=0 install_ticks=0 vector_at_install=0x00849fc0 pic1_mask_live=0x38 kbd_8042_stat=0x34 bios_kbd_head=0x002a bios_kbd_tail=0x002a bios_kbd_buf0=0x1970
[10:53:08] [info] [tile-speedup-stat n=100 drawtile_us=103.76 raw_blit_us=70.96 ratio=1.46]
[10:53:08] [info] dirty-rect block @flip=300: total_calls=100 dirty_rects_avg=1 dirty_pct_x10=1000 forced_full=0 first_n_force=0 threshold_exceeded=0 dirty_path_taken=0 full_flush_taken=0
[10:53:08] [info] prev-frame-diff block @flip=300: diff_calls=0 diff_rects_avg=0 diff_dirty_pct_x10=0 bbox_pct_x10=0 bbox_thresh_exceeded=0
[10:53:08] [info] flip-probe: flip #310 ok=true present=3ms inter_flip_ms=44 drawcalls-since-flip=43 drawcalls-total=22822 fail-total=0 null-skips-total=0
[10:53:08] [info] backdrop cache: thrashing-detect engaged (streak=64, route=direct)
[10:53:09] [info] flip-probe: flip #320 ok=true present=3ms inter_flip_ms=50 drawcalls-since-flip=43 drawcalls-total=23252 fail-total=0 null-skips-total=0
[10:53:09] [info] flip-probe: flip #330 ok=true present=3ms inter_flip_ms=41 drawcalls-since-flip=43 drawcalls-total=23682 fail-total=0 null-skips-total=0
[10:53:10] [info] flip-probe: flip #340 ok=true present=3ms inter_flip_ms=43 drawcalls-since-flip=43 drawcalls-total=24112 fail-total=0 null-skips-total=0
[10:53:10] [info] flip-probe: flip #350 ok=true present=3ms inter_flip_ms=46 drawcalls-since-flip=45 drawcalls-total=24544 fail-total=0 null-skips-total=0
[10:53:10] [info] flip-probe: flip #360 ok=true present=3ms inter_flip_ms=44 drawcalls-since-flip=44 drawcalls-total=24996 fail-total=0 null-skips-total=0
[10:53:11] [info] flip-probe: flip #370 ok=true present=3ms inter_flip_ms=40 drawcalls-since-flip=17 drawcalls-total=25271 fail-total=0 null-skips-total=0
[10:53:11] [info] backdrop cache: thrashing-detect engaged (streak=124, route=direct)
[10:53:11] [info] run_tick_fixed #600: heartbeat (loop alive)
[10:53:11] [info] flip-probe: flip #380 ok=true present=3ms inter_flip_ms=41 drawcalls-since-flip=18 drawcalls-total=25450 fail-total=0 null-skips-total=0
[10:53:12] [info] flip-probe: flip #390 ok=true present=3ms inter_flip_ms=39 drawcalls-since-flip=15 drawcalls-total=25612 fail-total=0 null-skips-total=0
[10:53:12] [info] flip-probe: flip #400 ok=true present=3ms inter_flip_ms=41 drawcalls-since-flip=17 drawcalls-total=25772 fail-total=0 null-skips-total=0
[10:53:12] [info] alpha audit block 0: 2548 total drawcalls, 0 with alpha<255 (block pct_x10=0; global 0/23331 pct_x10=0); alpha-mod skipped: block=0 global=0
[10:53:12] [info] fastpath audit block 0: taken=2548 (idx8=2548) skipped=0 pct_x10=1000; global taken=23331 (idx8=23331) skipped=0 pct_x10=1000
[10:53:12] [info] primitive tally block 0: clear=200(hr=200) fill=0(hr=0) rect=0(hr=0) line=0(hr=0) tint=0 spotlight=0 (over 100 flips ending at flip 400)
[10:53:12] [info] color/alpha audit block 0: cmod_white=832 cmod_black=832 (idx=832) cmod_general=0 (idx=0) cmod_fb=0; alpha_taken=0 alpha_skipped=0 (global cmod=3102/1560/693/0 idx=1560/693 alpha=0/0)
[10:53:12] [info] phase timing block 0: drawcalls=4412 dc_total_ms=727 flip_inner_total_ms=458 inter_flip_total_ms=4414 (per-flip avg x10: dc_ms=72 fi_ms=45 if_ms=441 derived audio+engine_ms=324; per-drawcall avg us_x10=1648) [direct-vesa: presents=100 total_ms=283 avg_ms_x10=28 failed=0] [ablation: NO_DC_TIMING=0 CACHE_WINSURF=0 DIRECT_VESA=1]
[10:53:12] [info] kbd/audio block 0: kbd_irq=0 kbd_drain=0 ring_chunks=16 pump_pass=652 pic1_mask=0xb8 first_irq_ticks=0 install_ticks=0 vector_at_install=0x00849fc0 pic1_mask_live=0x38 kbd_8042_stat=0x34 bios_kbd_head=0x002a bios_kbd_tail=0x002a bios_kbd_buf0=0x1970
[10:53:12] [info] dirty-rect block @flip=400: total_calls=0 dirty_rects_avg=1 dirty_pct_x10=1000 forced_full=0 first_n_force=0 threshold_exceeded=0 dirty_path_taken=0 full_flush_taken=0
[10:53:12] [info] prev-frame-diff block @flip=400: diff_calls=0 diff_rects_avg=0 diff_dirty_pct_x10=0 bbox_pct_x10=0 bbox_thresh_exceeded=0
[10:53:13] [info] flip-probe: flip #410 ok=true present=3ms inter_flip_ms=40 drawcalls-since-flip=16 drawcalls-total=25947 fail-total=0 null-skips-total=0
[10:53:13] [info] flip-probe: flip #420 ok=true present=2ms inter_flip_ms=40 drawcalls-since-flip=15 drawcalls-total=26099 fail-total=0 null-skips-total=0
[10:53:13] [info] flip-probe: flip #430 ok=true present=3ms inter_flip_ms=38 drawcalls-since-flip=15 drawcalls-total=26249 fail-total=0 null-skips-total=0
[10:53:13] [info] backdrop cache: thrashing-detect engaged (streak=184, route=direct)
[10:53:14] [info] flip-probe: flip #440 ok=true present=3ms inter_flip_ms=76 drawcalls-since-flip=319 drawcalls-total=28475 fail-total=0 null-skips-total=0
[10:53:14] [info]  >> Entering stage 17: 'Yamashita Farm'.
[10:53:14] [info] [skip-sheet-flush] cave=4
[10:53:14] [info] [load-stage] preloading entry music song=13 (cave=4)
[10:53:15] [info] opl3 backend: on_song_stop
[10:53:15] [info] MidiScheduler::load: parsed 'data/orgmid2/plant.mid' = 6246 events at 48 PPQ
[10:53:15] [info] opl3 backend: on_song_start
[10:53:15] [info] gameloop: entered (curmap=17, running=1)
[10:53:15] [info] gameloop: iter 1 ticks=53775 mapno=-1
[10:53:15] [info] mds-clear-lut: rebuilt N=240 entries (k_skip=33% k_keep=67%; curmap=17 map_size=40x16; rebuild #2 since boot)
[10:53:15] [info] gameloop: iter 2 ticks=54009 mapno=-1
[10:53:15] [info] tas: stall frame 233 ms -> contributing 1 tick (patch 0286)
[10:53:15] [info] gameloop: iter 3 ticks=54096 mapno=-1
[10:53:16] [info] flip-probe: flip #450 ok=true present=3ms inter_flip_ms=71 drawcalls-since-flip=241 drawcalls-total=31406 fail-total=0 null-skips-total=0
[10:53:16] [info] flip-probe: flip #460 ok=true present=3ms inter_flip_ms=58 drawcalls-since-flip=141 drawcalls-total=32820 fail-total=0 null-skips-total=0
[10:53:17] [info] flip-probe: flip #470 ok=true present=3ms inter_flip_ms=59 drawcalls-since-flip=142 drawcalls-total=34247 fail-total=0 null-skips-total=0
[10:53:17] [info] backdrop cache: thrashing-detect engaged (streak=4, route=direct)
[10:53:17] [info] flip-probe: flip #480 ok=true present=2ms inter_flip_ms=61 drawcalls-since-flip=132 drawcalls-total=35621 fail-total=0 null-skips-total=0
[10:53:18] [info] flip-probe: flip #490 ok=true present=3ms inter_flip_ms=61 drawcalls-since-flip=138 drawcalls-total=36970 fail-total=0 null-skips-total=0
[10:53:19] [info] flip-probe: flip #500 ok=true present=2ms inter_flip_ms=63 drawcalls-since-flip=149 drawcalls-total=38418 fail-total=0 null-skips-total=0
[10:53:19] [info] alpha audit block 0: 11792 total drawcalls, 0 with alpha<255 (block pct_x10=0; global 0/35123 pct_x10=0); alpha-mod skipped: block=0 global=0
[10:53:19] [info] fastpath audit block 0: taken=11792 (idx8=11792) skipped=0 pct_x10=1000; global taken=35123 (idx8=35123) skipped=0 pct_x10=1000
[10:53:19] [info] primitive tally block 0: clear=202(hr=202) fill=0(hr=0) rect=0(hr=0) line=0(hr=0) tint=0 spotlight=0 (over 100 flips ending at flip 500)
[10:53:19] [info] color/alpha audit block 0: cmod_white=754 cmod_black=754 (idx=754) cmod_general=0 (idx=0) cmod_fb=0; alpha_taken=0 alpha_skipped=0 (global cmod=3856/2314/693/0 idx=2314/693 alpha=0/0)
[10:53:19] [info] phase timing block 0: drawcalls=13535 dc_total_ms=1443 flip_inner_total_ms=455 inter_flip_total_ms=6644 (per-flip avg x10: dc_ms=144 fi_ms=45 if_ms=664 derived audio+engine_ms=475; per-drawcall avg us_x10=1066) [direct-vesa: presents=100 total_ms=286 avg_ms_x10=28 failed=0] [ablation: NO_DC_TIMING=0 CACHE_WINSURF=0 DIRECT_VESA=1]
[10:53:19] [info] kbd/audio block 0: kbd_irq=0 kbd_drain=0 ring_chunks=16 pump_pass=933 pic1_mask=0xb8 first_irq_ticks=0 install_ticks=0 vector_at_install=0x00849fc0 pic1_mask_live=0x38 kbd_8042_stat=0x34 bios_kbd_head=0x002a bios_kbd_tail=0x002a bios_kbd_buf0=0x1970
[10:53:19] [info] dirty-rect block @flip=500: total_calls=0 dirty_rects_avg=1 dirty_pct_x10=1000 forced_full=0 first_n_force=0 threshold_exceeded=0 dirty_path_taken=0 full_flush_taken=0
[10:53:19] [info] prev-frame-diff block @flip=500: diff_calls=0 diff_rects_avg=0 diff_dirty_pct_x10=0 bbox_pct_x10=0 bbox_thresh_exceeded=0
[10:53:19] [info] flip-probe: flip #510 ok=true present=3ms inter_flip_ms=62 drawcalls-since-flip=143 drawcalls-total=39873 fail-total=0 null-skips-total=0
[10:53:20] [info] flip-probe: flip #520 ok=true present=3ms inter_flip_ms=71 drawcalls-since-flip=132 drawcalls-total=41253 fail-total=0 null-skips-total=0
[10:53:21] [info] flip-probe: flip #530 ok=true present=3ms inter_flip_ms=73 drawcalls-since-flip=126 drawcalls-total=42561 fail-total=0 null-skips-total=0
[10:53:21] [info] backdrop cache: thrashing-detect engaged (streak=4, route=direct)
[10:53:21] [info] flip-probe: flip #540 ok=true present=2ms inter_flip_ms=60 drawcalls-since-flip=131 drawcalls-total=43846 fail-total=0 null-skips-total=0
[10:53:22] [info] flip-probe: flip #550 ok=true present=3ms inter_flip_ms=53 drawcalls-since-flip=134 drawcalls-total=45182 fail-total=0 null-skips-total=0
[10:53:23] [info] flip-probe: flip #560 ok=true present=3ms inter_flip_ms=60 drawcalls-since-flip=119 drawcalls-total=46493 fail-total=0 null-skips-total=0
[10:53:23] [info] backdrop cache: thrashing-detect engaged (streak=4, route=direct)
[10:53:23] [info] flip-probe: flip #570 ok=true present=3ms inter_flip_ms=61 drawcalls-since-flip=109 drawcalls-total=47583 fail-total=0 null-skips-total=0
[10:53:24] [info] flip-probe: flip #580 ok=true present=3ms inter_flip_ms=59 drawcalls-since-flip=115 drawcalls-total=48715 fail-total=0 null-skips-total=0
[10:53:24] [info] run_tick_fixed #1200: heartbeat (loop alive)
[10:53:24] [info] backdrop cache: thrashing-detect engaged (streak=4, route=direct)
[10:53:24] [info] flip-probe: flip #590 ok=true present=3ms inter_flip_ms=57 drawcalls-since-flip=107 drawcalls-total=49835 fail-total=0 null-skips-total=0
[10:53:25] [info] flip-probe: flip #600 ok=true present=3ms inter_flip_ms=59 drawcalls-since-flip=115 drawcalls-total=50947 fail-total=0 null-skips-total=0
[10:53:25] [info] alpha audit block 0: 11623 total drawcalls, 0 with alpha<255 (block pct_x10=0; global 0/46746 pct_x10=0); alpha-mod skipped: block=0 global=0
[10:53:25] [info] fastpath audit block 0: taken=11623 (idx8=11623) skipped=0 pct_x10=1000; global taken=46746 (idx8=46746) skipped=0 pct_x10=1000
[10:53:25] [info] primitive tally block 0: clear=200(hr=200) fill=0(hr=0) rect=0(hr=0) line=0(hr=0) tint=0 spotlight=0 (over 100 flips ending at flip 600)
[10:53:25] [info] color/alpha audit block 0: cmod_white=806 cmod_black=806 (idx=806) cmod_general=0 (idx=0) cmod_fb=0; alpha_taken=0 alpha_skipped=0 (global cmod=4662/3120/693/0 idx=3120/693 alpha=0/0)
[10:53:25] [info] phase timing block 0: drawcalls=13447 dc_total_ms=1110 flip_inner_total_ms=463 inter_flip_total_ms=6224 (per-flip avg x10: dc_ms=111 fi_ms=46 if_ms=622 derived audio+engine_ms=465; per-drawcall avg us_x10=825) [direct-vesa: presents=100 total_ms=287 avg_ms_x10=28 failed=0] [ablation: NO_DC_TIMING=0 CACHE_WINSURF=0 DIRECT_VESA=1]
[10:53:25] [info] kbd/audio block 0: kbd_irq=0 kbd_drain=0 ring_chunks=16 pump_pass=1245 pic1_mask=0xb8 first_irq_ticks=0 install_ticks=0 vector_at_install=0x00849fc0 pic1_mask_live=0x38 kbd_8042_stat=0x34 bios_kbd_head=0x002a bios_kbd_tail=0x002a bios_kbd_buf0=0x1970
[10:53:25] [info] dirty-rect block @flip=600: total_calls=0 dirty_rects_avg=1 dirty_pct_x10=1000 forced_full=0 first_n_force=0 threshold_exceeded=0 dirty_path_taken=0 full_flush_taken=0
[10:53:25] [info] prev-frame-diff block @flip=600: diff_calls=0 diff_rects_avg=0 diff_dirty_pct_x10=0 bbox_pct_x10=0 bbox_thresh_exceeded=0
[10:53:26] [info] flip-probe: flip #610 ok=true present=3ms inter_flip_ms=60 drawcalls-since-flip=114 drawcalls-total=52111 fail-total=0 null-skips-total=0
[10:53:26] [info] flip-probe: flip #620 ok=true present=3ms inter_flip_ms=55 drawcalls-since-flip=112 drawcalls-total=53229 fail-total=0 null-skips-total=0
[10:53:27] [info] flip-probe: flip #630 ok=true present=3ms inter_flip_ms=59 drawcalls-since-flip=110 drawcalls-total=54351 fail-total=0 null-skips-total=0
[10:53:27] [info] flip-probe: flip #640 ok=true present=2ms inter_flip_ms=59 drawcalls-since-flip=107 drawcalls-total=55448 fail-total=0 null-skips-total=0
[10:53:28] [info] backdrop cache: thrashing-detect engaged (streak=64, route=direct)
[10:53:28] [info] flip-probe: flip #650 ok=true present=3ms inter_flip_ms=59 drawcalls-since-flip=119 drawcalls-total=56635 fail-total=0 null-skips-total=0
[10:53:29] [info] flip-probe: flip #660 ok=true present=3ms inter_flip_ms=52 drawcalls-since-flip=117 drawcalls-total=57811 fail-total=0 null-skips-total=0
[10:53:29] [info] flip-probe: flip #670 ok=true present=3ms inter_flip_ms=52 drawcalls-since-flip=118 drawcalls-total=58985 fail-total=0 null-skips-total=0
[10:53:30] [info] flip-probe: flip #680 ok=true present=3ms inter_flip_ms=56 drawcalls-since-flip=116 drawcalls-total=60148 fail-total=0 null-skips-total=0
[10:53:30] [info] flip-probe: flip #690 ok=true present=3ms inter_flip_ms=88 drawcalls-since-flip=401 drawcalls-total=63148 fail-total=0 null-skips-total=0
[10:53:31] [info]  >> Entering stage 11: 'Mimiga Village'.
[10:53:31] [info] [skip-sheet-flush] cave=5
[10:53:31] [info] [load-stage] preloading entry music song=9 (cave=5)
[10:53:31] [info] opl3 backend: on_song_stop
[10:53:31] [info] MidiScheduler::load: parsed 'data/orgmid2/mura.mid' = 7123 events at 48 PPQ
[10:53:31] [info] opl3 backend: on_song_start
[10:53:31] [info] gameloop: entered (curmap=11, running=1)
[10:53:31] [info] gameloop: iter 1 ticks=70287 mapno=-1
[10:53:31] [info] mds-clear-lut: rebuilt N=240 entries (k_skip=0% k_keep=100%; curmap=11 map_size=60x60; rebuild #3 since boot)
[10:53:31] [info] gameloop: iter 2 ticks=70382 mapno=-1
[10:53:32] [info] gameloop: iter 3 ticks=70470 mapno=-1
[10:53:32] [info] backdrop cache: thrashing-detect engaged (streak=4, route=direct)
[10:53:32] [info] flip-probe: flip #700 ok=true present=3ms inter_flip_ms=48 drawcalls-since-flip=90 drawcalls-total=65515 fail-total=0 null-skips-total=0
[10:53:32] [info] alpha audit block 0: 14351 total drawcalls, 0 with alpha<255 (block pct_x10=0; global 0/61097 pct_x10=0); alpha-mod skipped: block=0 global=0
[10:53:32] [info] fastpath audit block 0: taken=14351 (idx8=14351) skipped=0 pct_x10=1000; global taken=61097 (idx8=61097) skipped=0 pct_x10=1000
[10:53:32] [info] primitive tally block 0: clear=201(hr=201) fill=0(hr=0) rect=0(hr=0) line=0(hr=0) tint=0 spotlight=0 (over 100 flips ending at flip 700)
[10:53:32] [info] color/alpha audit block 0: cmod_white=117 cmod_black=117 (idx=117) cmod_general=0 (idx=0) cmod_fb=0; alpha_taken=0 alpha_skipped=0 (global cmod=4779/3237/693/0 idx=3237/693 alpha=0/0)
[10:53:32] [info] phase timing block 0: drawcalls=14791 dc_total_ms=1290 flip_inner_total_ms=663 inter_flip_total_ms=7077 (per-flip avg x10: dc_ms=129 fi_ms=66 if_ms=707 derived audio+engine_ms=512; per-drawcall avg us_x10=872) [direct-vesa: presents=100 total_ms=285 avg_ms_x10=28 failed=0] [ablation: NO_DC_TIMING=0 CACHE_WINSURF=0 DIRECT_VESA=1]
[10:53:32] [info] kbd/audio block 0: kbd_irq=0 kbd_drain=0 ring_chunks=16 pump_pass=1556 pic1_mask=0xb8 first_irq_ticks=0 install_ticks=0 vector_at_install=0x00849fc0 pic1_mask_live=0x38 kbd_8042_stat=0x34 bios_kbd_head=0x002a bios_kbd_tail=0x002a bios_kbd_buf0=0x1970
[10:53:32] [info] dirty-rect block @flip=700: total_calls=0 dirty_rects_avg=1 dirty_pct_x10=1000 forced_full=0 first_n_force=0 threshold_exceeded=0 dirty_path_taken=0 full_flush_taken=0
[10:53:32] [info] prev-frame-diff block @flip=700: diff_calls=0 diff_rects_avg=0 diff_dirty_pct_x10=0 bbox_pct_x10=0 bbox_thresh_exceeded=0
[10:53:32] [info] tas: stall frame 329 ms -> contributing 1 tick (patch 0286)
[10:53:33] [info] flip-probe: flip #710 ok=true present=3ms inter_flip_ms=42 drawcalls-since-flip=41 drawcalls-total=65948 fail-total=0 null-skips-total=0
[10:53:33] [info] flip-probe: flip #720 ok=true present=3ms inter_flip_ms=46 drawcalls-since-flip=41 drawcalls-total=66358 fail-total=0 null-skips-total=0
[10:53:34] [info] flip-probe: flip #730 ok=true present=3ms inter_flip_ms=43 drawcalls-since-flip=41 drawcalls-total=66768 fail-total=0 null-skips-total=0
[10:53:34] [info] flip-probe: flip #740 ok=true present=3ms inter_flip_ms=44 drawcalls-since-flip=43 drawcalls-total=67180 fail-total=0 null-skips-total=0
[10:53:34] [info] flip-probe: flip #750 ok=true present=3ms inter_flip_ms=43 drawcalls-since-flip=41 drawcalls-total=67598 fail-total=0 null-skips-total=0
[10:53:35] [info] backdrop cache: thrashing-detect engaged (streak=64, route=direct)
[10:53:35] [info] flip-probe: flip #760 ok=true present=3ms inter_flip_ms=43 drawcalls-since-flip=41 drawcalls-total=68011 fail-total=0 null-skips-total=0
[10:53:35] [info] flip-probe: flip #770 ok=true present=2ms inter_flip_ms=44 drawcalls-since-flip=42 drawcalls-total=68429 fail-total=0 null-skips-total=0
[10:53:36] [info] flip-probe: flip #780 ok=true present=3ms inter_flip_ms=43 drawcalls-since-flip=43 drawcalls-total=68854 fail-total=0 null-skips-total=0
[10:53:36] [info] flip-probe: flip #790 ok=true present=3ms inter_flip_ms=43 drawcalls-since-flip=42 drawcalls-total=69274 fail-total=0 null-skips-total=0
[10:53:37] [info] flip-probe: flip #800 ok=true present=3ms inter_flip_ms=42 drawcalls-since-flip=42 drawcalls-total=69694 fail-total=0 null-skips-total=0
[10:53:37] [info] alpha audit block 0: 2779 total drawcalls, 0 with alpha<255 (block pct_x10=0; global 0/63876 pct_x10=0); alpha-mod skipped: block=0 global=0
[10:53:37] [info] fastpath audit block 0: taken=2779 (idx8=2779) skipped=0 pct_x10=1000; global taken=63876 (idx8=63876) skipped=0 pct_x10=1000
[10:53:37] [info] primitive tally block 0: clear=200(hr=200) fill=0(hr=0) rect=0(hr=0) line=0(hr=0) tint=0 spotlight=0 (over 100 flips ending at flip 800)
[10:53:37] [info] color/alpha audit block 0: cmod_white=1300 cmod_black=1300 (idx=1300) cmod_general=0 (idx=0) cmod_fb=0; alpha_taken=0 alpha_skipped=0 (global cmod=6079/4537/693/0 idx=4537/693 alpha=0/0)
[10:53:37] [info] phase timing block 0: drawcalls=5579 dc_total_ms=785 flip_inner_total_ms=462 inter_flip_total_ms=4638 (per-flip avg x10: dc_ms=78 fi_ms=46 if_ms=463 derived audio+engine_ms=339; per-drawcall avg us_x10=1407) [direct-vesa: presents=100 total_ms=285 avg_ms_x10=28 failed=0] [ablation: NO_DC_TIMING=0 CACHE_WINSURF=0 DIRECT_VESA=1]
[10:53:37] [info] kbd/audio block 0: kbd_irq=0 kbd_drain=0 ring_chunks=16 pump_pass=1773 pic1_mask=0xb8 first_irq_ticks=0 install_ticks=0 vector_at_install=0x00849fc0 pic1_mask_live=0x38 kbd_8042_stat=0x34 bios_kbd_head=0x002a bios_kbd_tail=0x002a bios_kbd_buf0=0x1970
[10:53:37] [info] dirty-rect block @flip=800: total_calls=0 dirty_rects_avg=1 dirty_pct_x10=1000 forced_full=0 first_n_force=0 threshold_exceeded=0 dirty_path_taken=0 full_flush_taken=0
[10:53:37] [info] prev-frame-diff block @flip=800: diff_calls=0 diff_rects_avg=0 diff_dirty_pct_x10=0 bbox_pct_x10=0 bbox_thresh_exceeded=0
[10:53:37] [info] flip-probe: flip #810 ok=true present=3ms inter_flip_ms=42 drawcalls-since-flip=43 drawcalls-total=70123 fail-total=0 null-skips-total=0
[10:53:37] [info] backdrop cache: thrashing-detect engaged (streak=124, route=direct)
[10:53:38] [info] flip-probe: flip #820 ok=true present=3ms inter_flip_ms=40 drawcalls-since-flip=18 drawcalls-total=70329 fail-total=0 null-skips-total=0
[10:53:38] [info] flip-probe: flip #830 ok=true present=3ms inter_flip_ms=41 drawcalls-since-flip=18 drawcalls-total=70509 fail-total=0 null-skips-total=0
[10:53:38] [info] flip-probe: flip #840 ok=true present=3ms inter_flip_ms=38 drawcalls-since-flip=17 drawcalls-total=70684 fail-total=0 null-skips-total=0
[10:53:39] [info] flip-probe: flip #850 ok=true present=3ms inter_flip_ms=41 drawcalls-since-flip=17 drawcalls-total=70849 fail-total=0 null-skips-total=0
[10:53:39] [info] flip-probe: flip #860 ok=true present=3ms inter_flip_ms=42 drawcalls-since-flip=16 drawcalls-total=71016 fail-total=0 null-skips-total=0
[10:53:40] [info] flip-probe: flip #870 ok=true present=3ms inter_flip_ms=38 drawcalls-since-flip=16 drawcalls-total=71176 fail-total=0 null-skips-total=0
[10:53:40] [info] backdrop cache: thrashing-detect engaged (streak=184, route=direct)
[10:53:40] [info] flip-probe: flip #880 ok=true present=3ms inter_flip_ms=38 drawcalls-since-flip=16 drawcalls-total=71336 fail-total=0 null-skips-total=0
[10:53:40] [info] flip-probe: flip #890 ok=true present=3ms inter_flip_ms=38 drawcalls-since-flip=16 drawcalls-total=71496 fail-total=0 null-skips-total=0
[10:53:41] [info] flip-probe: flip #900 ok=true present=4ms inter_flip_ms=41 drawcalls-since-flip=25 drawcalls-total=71720 fail-total=0 null-skips-total=0
[10:53:41] [info] alpha audit block 0: 1783 total drawcalls, 0 with alpha<255 (block pct_x10=0; global 0/65659 pct_x10=0); alpha-mod skipped: block=0 global=0
[10:53:41] [info] fastpath audit block 0: taken=1783 (idx8=1783) skipped=0 pct_x10=1000; global taken=65659 (idx8=65659) skipped=0 pct_x10=1000
[10:53:41] [info] primitive tally block 0: clear=200(hr=200) fill=0(hr=0) rect=0(hr=0) line=0(hr=0) tint=0 spotlight=0 (over 100 flips ending at flip 900)
[10:53:41] [info] color/alpha audit block 0: cmod_white=143 cmod_black=143 (idx=143) cmod_general=0 (idx=0) cmod_fb=0; alpha_taken=0 alpha_skipped=0 (global cmod=6222/4680/693/0 idx=4680/693 alpha=0/0)
[10:53:41] [info] phase timing block 0: drawcalls=2269 dc_total_ms=578 flip_inner_total_ms=444 inter_flip_total_ms=4140 (per-flip avg x10: dc_ms=57 fi_ms=44 if_ms=414 derived audio+engine_ms=313; per-drawcall avg us_x10=2550) [direct-vesa: presents=100 total_ms=282 avg_ms_x10=28 failed=0] [ablation: NO_DC_TIMING=0 CACHE_WINSURF=0 DIRECT_VESA=1]
[10:53:41] [info] kbd/audio block 0: kbd_irq=0 kbd_drain=0 ring_chunks=16 pump_pass=1980 pic1_mask=0xb8 first_irq_ticks=0 install_ticks=0 vector_at_install=0x00849fc0 pic1_mask_live=0x38 kbd_8042_stat=0x34 bios_kbd_head=0x002a bios_kbd_tail=0x002a bios_kbd_buf0=0x1970
[10:53:41] [info] dirty-rect block @flip=900: total_calls=0 dirty_rects_avg=1 dirty_pct_x10=1000 forced_full=0 first_n_force=0 threshold_exceeded=0 dirty_path_taken=0 full_flush_taken=0
[10:53:41] [info] prev-frame-diff block @flip=900: diff_calls=0 diff_rects_avg=0 diff_dirty_pct_x10=0 bbox_pct_x10=0 bbox_thresh_exceeded=0
[10:53:41] [info] flip-probe: flip #910 ok=true present=3ms inter_flip_ms=40 drawcalls-since-flip=17 drawcalls-total=71929 fail-total=0 null-skips-total=0
[10:53:42] [info] flip-probe: flip #920 ok=true present=3ms inter_flip_ms=43 drawcalls-since-flip=20 drawcalls-total=72120 fail-total=0 null-skips-total=0
[10:53:42] [info] flip-probe: flip #930 ok=true present=3ms inter_flip_ms=57 drawcalls-since-flip=185 drawcalls-total=72701 fail-total=0 null-skips-total=0
[10:53:43] [info] backdrop cache: thrashing-detect engaged (streak=244, route=direct)
[10:53:43] [info]  >> Entering stage 15: 'Reservoir'.
[10:53:43] [info] [skip-sheet-flush] cave=6
[10:53:43] [info] [load-stage] preloading entry music song=9 (cave=6)
[10:53:43] [info] gameloop: entered (curmap=15, running=1)
[10:53:43] [info] gameloop: iter 1 ticks=82142 mapno=-1
[10:53:43] [info] mds-clear-lut: rebuilt N=240 entries (k_skip=13% k_keep=87%; curmap=15 map_size=40x20; rebuild #4 since boot)
[10:53:43] [info] gameloop: iter 2 ticks=82237 mapno=-1
[10:53:43] [info] gameloop: iter 3 ticks=82320 mapno=-1
[10:53:43] [info] flip-probe: flip #940 ok=true present=3ms inter_flip_ms=81 drawcalls-since-flip=336 drawcalls-total=75469 fail-total=0 null-skips-total=0
[10:53:44] [info] run_tick_fixed #2100: heartbeat (loop alive)
[10:53:44] [info] flip-probe: flip #950 ok=true present=3ms inter_flip_ms=37 drawcalls-since-flip=32 drawcalls-total=76961 fail-total=0 null-skips-total=0
[10:53:44] [info] flip-probe: flip #960 ok=true present=3ms inter_flip_ms=38 drawcalls-since-flip=32 drawcalls-total=77281 fail-total=0 null-skips-total=0
[10:53:45] [info] flip-probe: flip #970 ok=true present=3ms inter_flip_ms=38 drawcalls-since-flip=32 drawcalls-total=77601 fail-total=0 null-skips-total=0
[10:53:45] [info] backdrop cache: thrashing-detect engaged (streak=4, route=direct)
[10:53:45] [info] flip-probe: flip #980 ok=true present=3ms inter_flip_ms=51 drawcalls-since-flip=34 drawcalls-total=77923 fail-total=0 null-skips-total=0
[10:53:46] [info] flip-probe: flip #990 ok=true present=3ms inter_flip_ms=41 drawcalls-since-flip=35 drawcalls-total=78268 fail-total=0 null-skips-total=0
[10:53:46] [info] flip-probe: flip #1000 ok=true present=3ms inter_flip_ms=49 drawcalls-since-flip=32 drawcalls-total=78601 fail-total=0 null-skips-total=0
[10:53:46] [info] alpha audit block 0: 6214 total drawcalls, 0 with alpha<255 (block pct_x10=0; global 0/71873 pct_x10=0); alpha-mod skipped: block=0 global=0
[10:53:46] [info] fastpath audit block 0: taken=6214 (idx8=6214) skipped=0 pct_x10=1000; global taken=71873 (idx8=71873) skipped=0 pct_x10=1000
[10:53:46] [info] primitive tally block 0: clear=201(hr=201) fill=0(hr=0) rect=0(hr=0) line=0(hr=0) tint=0 spotlight=0 (over 100 flips ending at flip 1000)
[10:53:46] [info] color/alpha audit block 0: cmod_white=567 cmod_black=567 (idx=567) cmod_general=0 (idx=0) cmod_fb=0; alpha_taken=0 alpha_skipped=0 (global cmod=6789/5247/693/0 idx=5247/693 alpha=0/0)
[10:53:46] [info] phase timing block 0: drawcalls=7591 dc_total_ms=1217 flip_inner_total_ms=461 inter_flip_total_ms=5216 (per-flip avg x10: dc_ms=121 fi_ms=46 if_ms=521 derived audio+engine_ms=354; per-drawcall avg us_x10=1603) [direct-vesa: presents=100 total_ms=284 avg_ms_x10=28 failed=0] [ablation: NO_DC_TIMING=0 CACHE_WINSURF=0 DIRECT_VESA=1]
[10:53:46] [info] kbd/audio block 0: kbd_irq=0 kbd_drain=0 ring_chunks=16 pump_pass=2210 pic1_mask=0xb8 first_irq_ticks=0 install_ticks=0 vector_at_install=0x00849fc0 pic1_mask_live=0x38 kbd_8042_stat=0x34 bios_kbd_head=0x002a bios_kbd_tail=0x002a bios_kbd_buf0=0x1970
[10:53:46] [info] dirty-rect block @flip=1000: total_calls=0 dirty_rects_avg=1 dirty_pct_x10=1000 forced_full=0 first_n_force=0 threshold_exceeded=0 dirty_path_taken=0 full_flush_taken=0
[10:53:46] [info] prev-frame-diff block @flip=1000: diff_calls=0 diff_rects_avg=0 diff_dirty_pct_x10=0 bbox_pct_x10=0 bbox_thresh_exceeded=0
[10:53:46] [info] flip-probe: flip #1010 ok=true present=2ms inter_flip_ms=40 drawcalls-since-flip=32 drawcalls-total=78921 fail-total=0 null-skips-total=0
[10:53:47] [info] flip-probe: flip #1020 ok=true present=3ms inter_flip_ms=40 drawcalls-since-flip=33 drawcalls-total=79248 fail-total=0 null-skips-total=0
[10:53:47] [info] tas: stall frame 213 ms -> contributing 1 tick (patch 0286)
[10:53:48] [info] flip-probe: flip #1030 ok=true present=3ms inter_flip_ms=42 drawcalls-since-flip=34 drawcalls-total=79584 fail-total=0 null-skips-total=0
[10:53:48] [info] backdrop cache: thrashing-detect engaged (streak=64, route=direct)
[10:53:48] [info] flip-probe: flip #1040 ok=true present=3ms inter_flip_ms=45 drawcalls-since-flip=33 drawcalls-total=79923 fail-total=0 null-skips-total=0
[10:53:48] [info] flip-probe: flip #1050 ok=true present=3ms inter_flip_ms=42 drawcalls-since-flip=36 drawcalls-total=80273 fail-total=0 null-skips-total=0
[10:53:49] [info] flip-probe: flip #1060 ok=true present=3ms inter_flip_ms=39 drawcalls-since-flip=18 drawcalls-total=80579 fail-total=0 null-skips-total=0
[10:53:49] [info] flip-probe: flip #1070 ok=true present=3ms inter_flip_ms=38 drawcalls-since-flip=18 drawcalls-total=80761 fail-total=0 null-skips-total=0
[10:53:49] [info] flip-probe: flip #1080 ok=true present=3ms inter_flip_ms=37 drawcalls-since-flip=17 drawcalls-total=80940 fail-total=0 null-skips-total=0
[10:53:50] [info] flip-probe: flip #1090 ok=true present=4ms inter_flip_ms=38 drawcalls-since-flip=16 drawcalls-total=81109 fail-total=0 null-skips-total=0
[10:53:50] [info] backdrop cache: thrashing-detect engaged (streak=124, route=direct)
[10:53:50] [info] flip-probe: flip #1100 ok=true present=3ms inter_flip_ms=44 drawcalls-since-flip=15 drawcalls-total=81265 fail-total=0 null-skips-total=0
[10:53:50] [info] alpha audit block 0: 2051 total drawcalls, 0 with alpha<255 (block pct_x10=0; global 0/73924 pct_x10=0); alpha-mod skipped: block=0 global=0
[10:53:50] [info] fastpath audit block 0: taken=2051 (idx8=2051) skipped=0 pct_x10=1000; global taken=73924 (idx8=73924) skipped=0 pct_x10=1000
[10:53:50] [info] primitive tally block 0: clear=200(hr=200) fill=0(hr=0) rect=0(hr=0) line=0(hr=0) tint=0 spotlight=0 (over 100 flips ending at flip 1100)
[10:53:50] [info] color/alpha audit block 0: cmod_white=513 cmod_black=513 (idx=513) cmod_general=0 (idx=0) cmod_fb=0; alpha_taken=0 alpha_skipped=0 (global cmod=7302/5760/693/0 idx=5760/693 alpha=0/0)
[10:53:50] [info] phase timing block 0: drawcalls=3277 dc_total_ms=610 flip_inner_total_ms=446 inter_flip_total_ms=4237 (per-flip avg x10: dc_ms=61 fi_ms=44 if_ms=423 derived audio+engine_ms=318; per-drawcall avg us_x10=1862) [direct-vesa: presents=100 total_ms=281 avg_ms_x10=28 failed=0] [ablation: NO_DC_TIMING=0 CACHE_WINSURF=0 DIRECT_VESA=1]
[10:53:50] [info] kbd/audio block 0: kbd_irq=0 kbd_drain=0 ring_chunks=16 pump_pass=2412 pic1_mask=0xb8 first_irq_ticks=0 install_ticks=0 vector_at_install=0x00849fc0 pic1_mask_live=0x38 kbd_8042_stat=0x34 bios_kbd_head=0x002a bios_kbd_tail=0x002a bios_kbd_buf0=0x1970
[10:53:50] [info] dirty-rect block @flip=1100: total_calls=0 dirty_rects_avg=1 dirty_pct_x10=1000 forced_full=0 first_n_force=0 threshold_exceeded=0 dirty_path_taken=0 full_flush_taken=0
[10:53:50] [info] prev-frame-diff block @flip=1100: diff_calls=0 diff_rects_avg=0 diff_dirty_pct_x10=0 bbox_pct_x10=0 bbox_thresh_exceeded=0
[10:53:51] [info] flip-probe: flip #1110 ok=true present=3ms inter_flip_ms=39 drawcalls-since-flip=18 drawcalls-total=81434 fail-total=0 null-skips-total=0
[10:53:51] [info] flip-probe: flip #1120 ok=true present=4ms inter_flip_ms=43 drawcalls-since-flip=17 drawcalls-total=81613 fail-total=0 null-skips-total=0
[10:53:51] [info] flip-probe: flip #1130 ok=true present=3ms inter_flip_ms=43 drawcalls-since-flip=15 drawcalls-total=81778 fail-total=0 null-skips-total=0
[10:53:52] [info] flip-probe: flip #1140 ok=true present=3ms inter_flip_ms=34 drawcalls-since-flip=14 drawcalls-total=81921 fail-total=0 null-skips-total=0
[10:53:52] [info] flip-probe: flip #1150 ok=true present=3ms inter_flip_ms=38 drawcalls-since-flip=15 drawcalls-total=82067 fail-total=0 null-skips-total=0
[10:53:52] [info] backdrop cache: thrashing-detect engaged (streak=4, route=direct)
[10:53:53] [info] flip-probe: flip #1160 ok=true present=3ms inter_flip_ms=37 drawcalls-since-flip=15 drawcalls-total=82227 fail-total=0 null-skips-total=0
[10:53:53] [info] flip-probe: flip #1170 ok=true present=3ms inter_flip_ms=40 drawcalls-since-flip=14 drawcalls-total=82375 fail-total=0 null-skips-total=0
[10:53:53] [info] flip-probe: flip #1180 ok=true present=3ms inter_flip_ms=37 drawcalls-since-flip=14 drawcalls-total=82515 fail-total=0 null-skips-total=0
[10:53:54] [info] flip-probe: flip #1190 ok=true present=2ms inter_flip_ms=41 drawcalls-since-flip=26 drawcalls-total=82732 fail-total=0 null-skips-total=0
[10:53:54] [info] flip-probe: flip #1200 ok=true present=3ms inter_flip_ms=40 drawcalls-since-flip=23 drawcalls-total=82983 fail-total=0 null-skips-total=0
[10:53:54] [info] alpha audit block 0: 1618 total drawcalls, 0 with alpha<255 (block pct_x10=0; global 0/75542 pct_x10=0); alpha-mod skipped: block=0 global=0
[10:53:54] [info] fastpath audit block 0: taken=1618 (idx8=1618) skipped=0 pct_x10=1000; global taken=75542 (idx8=75542) skipped=0 pct_x10=1000
[10:53:54] [info] primitive tally block 0: clear=200(hr=200) fill=0(hr=0) rect=0(hr=0) line=0(hr=0) tint=0 spotlight=0 (over 100 flips ending at flip 1200)
[10:53:54] [info] phase timing block 0: drawcalls=1844 dc_total_ms=630 flip_inner_total_ms=448 inter_flip_total_ms=3987 (per-flip avg x10: dc_ms=63 fi_ms=44 if_ms=398 derived audio+engine_ms=291; per-drawcall avg us_x10=3418) [direct-vesa: presents=100 total_ms=282 avg_ms_x10=28 failed=0] [ablation: NO_DC_TIMING=0 CACHE_WINSURF=0 DIRECT_VESA=1]
[10:53:54] [info] kbd/audio block 0: kbd_irq=0 kbd_drain=0 ring_chunks=16 pump_pass=2611 pic1_mask=0xb8 first_irq_ticks=0 install_ticks=0 vector_at_install=0x00849fc0 pic1_mask_live=0x38 kbd_8042_stat=0x34 bios_kbd_head=0x002a bios_kbd_tail=0x002a bios_kbd_buf0=0x1970
[10:53:54] [info] dirty-rect block @flip=1200: total_calls=0 dirty_rects_avg=1 dirty_pct_x10=1000 forced_full=0 first_n_force=0 threshold_exceeded=0 dirty_path_taken=0 full_flush_taken=0
[10:53:54] [info] prev-frame-diff block @flip=1200: diff_calls=0 diff_rects_avg=0 diff_dirty_pct_x10=0 bbox_pct_x10=0 bbox_thresh_exceeded=0
[10:53:55] [info] flip-probe: flip #1210 ok=true present=2ms inter_flip_ms=38 drawcalls-since-flip=17 drawcalls-total=83193 fail-total=0 null-skips-total=0
[10:53:55] [info] backdrop cache: thrashing-detect engaged (streak=64, route=direct)
[10:53:55] [info] flip-probe: flip #1220 ok=true present=3ms inter_flip_ms=36 drawcalls-since-flip=14 drawcalls-total=83349 fail-total=0 null-skips-total=0
[10:53:55] [info] flip-probe: flip #1230 ok=true present=3ms inter_flip_ms=37 drawcalls-since-flip=14 drawcalls-total=83489 fail-total=0 null-skips-total=0
[10:53:56] [info] flip-probe: flip #1240 ok=true present=3ms inter_flip_ms=36 drawcalls-since-flip=14 drawcalls-total=83629 fail-total=0 null-skips-total=0
[10:53:56] [info] run_tick_fixed #2700: heartbeat (loop alive)
[10:53:56] [info] flip-probe: flip #1250 ok=true present=3ms inter_flip_ms=55 drawcalls-since-flip=183 drawcalls-total=84171 fail-total=0 null-skips-total=0
[10:53:57] [info]  >> Entering stage 11: 'Mimiga Village'.
[10:53:57] [info] [skip-sheet-flush] cave=7
[10:53:57] [info] [load-stage] preloading entry music song=9 (cave=7)
[10:53:58] [info] gameloop: entered (curmap=11, running=1)
[10:53:58] [info] gameloop: iter 1 ticks=96522 mapno=-1
[10:53:58] [info] mds-clear-lut: rebuilt N=240 entries (k_skip=0% k_keep=100%; curmap=11 map_size=60x60; rebuild #5 since boot)
[10:53:58] [info] gameloop: iter 2 ticks=96613 mapno=-1
[10:53:58] [info] flip-probe: flip #1260 ok=true present=3ms inter_flip_ms=88 drawcalls-since-flip=331 drawcalls-total=86927 fail-total=0 null-skips-total=0
[10:53:58] [info] gameloop: iter 3 ticks=96706 mapno=-1
[10:53:58] [info] flip-probe: flip #1270 ok=true present=3ms inter_flip_ms=42 drawcalls-since-flip=42 drawcalls-total=88673 fail-total=0 null-skips-total=0
[10:53:59] [info] flip-probe: flip #1280 ok=true present=3ms inter_flip_ms=42 drawcalls-since-flip=42 drawcalls-total=89093 fail-total=0 null-skips-total=0
[10:53:59] [info] flip-probe: flip #1290 ok=true present=3ms inter_flip_ms=41 drawcalls-since-flip=42 drawcalls-total=89513 fail-total=0 null-skips-total=0
[10:54:00] [info] flip-probe: flip #1300 ok=true present=4ms inter_flip_ms=44 drawcalls-since-flip=53 drawcalls-total=89988 fail-total=0 null-skips-total=0
[10:54:00] [info] alpha audit block 0: 6359 total drawcalls, 0 with alpha<255 (block pct_x10=0; global 0/81901 pct_x10=0); alpha-mod skipped: block=0 global=0
[10:54:00] [info] fastpath audit block 0: taken=6359 (idx8=6359) skipped=0 pct_x10=1000; global taken=81901 (idx8=81901) skipped=0 pct_x10=1000
[10:54:00] [info] primitive tally block 0: clear=201(hr=201) fill=0(hr=0) rect=0(hr=0) line=0(hr=0) tint=0 spotlight=0 (over 100 flips ending at flip 1300)
[10:54:00] [info] color/alpha audit block 0: cmod_white=546 cmod_black=546 (idx=546) cmod_general=0 (idx=0) cmod_fb=0; alpha_taken=0 alpha_skipped=0 (global cmod=7848/6306/693/0 idx=6306/693 alpha=0/0)
[10:54:00] [info] phase timing block 0: drawcalls=7694 dc_total_ms=1224 flip_inner_total_ms=450 inter_flip_total_ms=5426 (per-flip avg x10: dc_ms=122 fi_ms=45 if_ms=542 derived audio+engine_ms=375; per-drawcall avg us_x10=1591) [direct-vesa: presents=100 total_ms=282 avg_ms_x10=28 failed=0] [ablation: NO_DC_TIMING=0 CACHE_WINSURF=0 DIRECT_VESA=1]
[10:54:00] [info] kbd/audio block 0: kbd_irq=0 kbd_drain=0 ring_chunks=16 pump_pass=2839 pic1_mask=0xb8 first_irq_ticks=0 install_ticks=0 vector_at_install=0x00849fc0 pic1_mask_live=0x38 kbd_8042_stat=0x34 bios_kbd_head=0x002a bios_kbd_tail=0x002a bios_kbd_buf0=0x1970
[10:54:00] [info] dirty-rect block @flip=1300: total_calls=0 dirty_rects_avg=1 dirty_pct_x10=1000 forced_full=0 first_n_force=0 threshold_exceeded=0 dirty_path_taken=0 full_flush_taken=0
[10:54:00] [info] prev-frame-diff block @flip=1300: diff_calls=0 diff_rects_avg=0 diff_dirty_pct_x10=0 bbox_pct_x10=0 bbox_thresh_exceeded=0
[10:54:00] [info] backdrop cache: thrashing-detect engaged (streak=4, route=direct)
[10:54:00] [info] flip-probe: flip #1310 ok=true present=3ms inter_flip_ms=46 drawcalls-since-flip=48 drawcalls-total=90491 fail-total=0 null-skips-total=0
[10:54:01] [info] flip-probe: flip #1320 ok=true present=3ms inter_flip_ms=48 drawcalls-since-flip=42 drawcalls-total=90936 fail-total=0 null-skips-total=0
[10:54:01] [info] flip-probe: flip #1330 ok=true present=3ms inter_flip_ms=43 drawcalls-since-flip=42 drawcalls-total=91369 fail-total=0 null-skips-total=0
[10:54:02] [info] flip-probe: flip #1340 ok=true present=3ms inter_flip_ms=42 drawcalls-since-flip=44 drawcalls-total=91801 fail-total=0 null-skips-total=0
[10:54:02] [info] flip-probe: flip #1350 ok=true present=3ms inter_flip_ms=43 drawcalls-since-flip=46 drawcalls-total=92244 fail-total=0 null-skips-total=0
[10:54:02] [info] flip-probe: flip #1360 ok=true present=3ms inter_flip_ms=44 drawcalls-since-flip=45 drawcalls-total=92697 fail-total=0 null-skips-total=0
[10:54:03] [info] backdrop cache: thrashing-detect engaged (streak=64, route=direct)
[10:54:03] [info] flip-probe: flip #1370 ok=true present=3ms inter_flip_ms=44 drawcalls-since-flip=45 drawcalls-total=93147 fail-total=0 null-skips-total=0
[10:54:03] [info] run_tick_fixed #3000: heartbeat (loop alive)
[10:54:03] [info] flip-probe: flip #1380 ok=true present=3ms inter_flip_ms=41 drawcalls-since-flip=19 drawcalls-total=93545 fail-total=0 null-skips-total=0
[10:54:04] [info] flip-probe: flip #1390 ok=true present=3ms inter_flip_ms=41 drawcalls-since-flip=19 drawcalls-total=93735 fail-total=0 null-skips-total=0
[10:54:04] [info] flip-probe: flip #1400 ok=true present=3ms inter_flip_ms=39 drawcalls-since-flip=18 drawcalls-total=93923 fail-total=0 null-skips-total=0
[10:54:04] [info] alpha audit block 0: 2821 total drawcalls, 0 with alpha<255 (block pct_x10=0; global 0/84722 pct_x10=0); alpha-mod skipped: block=0 global=0
[10:54:04] [info] fastpath audit block 0: taken=2821 (idx8=2821) skipped=0 pct_x10=1000; global taken=84722 (idx8=84722) skipped=0 pct_x10=1000
[10:54:04] [info] primitive tally block 0: clear=200(hr=200) fill=0(hr=0) rect=0(hr=0) line=0(hr=0) tint=0 spotlight=0 (over 100 flips ending at flip 1400)
[10:54:04] [info] color/alpha audit block 0: cmod_white=1014 cmod_black=1014 (idx=1014) cmod_general=0 (idx=0) cmod_fb=0; alpha_taken=0 alpha_skipped=0 (global cmod=8862/7320/693/0 idx=7320/693 alpha=0/0)
[10:54:04] [info] phase timing block 0: drawcalls=5053 dc_total_ms=774 flip_inner_total_ms=451 inter_flip_total_ms=4454 (per-flip avg x10: dc_ms=77 fi_ms=45 if_ms=445 derived audio+engine_ms=323; per-drawcall avg us_x10=1532) [direct-vesa: presents=100 total_ms=282 avg_ms_x10=28 failed=0] [ablation: NO_DC_TIMING=0 CACHE_WINSURF=0 DIRECT_VESA=1]
[10:54:04] [info] kbd/audio block 0: kbd_irq=0 kbd_drain=0 ring_chunks=16 pump_pass=3062 pic1_mask=0xb8 first_irq_ticks=0 install_ticks=0 vector_at_install=0x00849fc0 pic1_mask_live=0x38 kbd_8042_stat=0x34 bios_kbd_head=0x002a bios_kbd_tail=0x002a bios_kbd_buf0=0x1970
[10:54:04] [info] dirty-rect block @flip=1400: total_calls=0 dirty_rects_avg=1 dirty_pct_x10=1000 forced_full=0 first_n_force=0 threshold_exceeded=0 dirty_path_taken=0 full_flush_taken=0
[10:54:04] [info] prev-frame-diff block @flip=1400: diff_calls=0 diff_rects_avg=0 diff_dirty_pct_x10=0 bbox_pct_x10=0 bbox_thresh_exceeded=0
[10:54:05] [info] flip-probe: flip #1410 ok=true present=3ms inter_flip_ms=39 drawcalls-since-flip=18 drawcalls-total=94103 fail-total=0 null-skips-total=0
[10:54:05] [info] flip-probe: flip #1420 ok=true present=3ms inter_flip_ms=40 drawcalls-since-flip=17 drawcalls-total=94280 fail-total=0 null-skips-total=0
[10:54:05] [info] backdrop cache: thrashing-detect engaged (streak=124, route=direct)
[10:54:05] [info] flip-probe: flip #1430 ok=true present=3ms inter_flip_ms=41 drawcalls-since-flip=17 drawcalls-total=94450 fail-total=0 null-skips-total=0
[10:54:06] [info] flip-probe: flip #1440 ok=true present=3ms inter_flip_ms=41 drawcalls-since-flip=18 drawcalls-total=94627 fail-total=0 null-skips-total=0
[10:54:06] [info] flip-probe: flip #1450 ok=true present=3ms inter_flip_ms=40 drawcalls-since-flip=19 drawcalls-total=94817 fail-total=0 null-skips-total=0
[10:54:07] [info] flip-probe: flip #1460 ok=true present=3ms inter_flip_ms=41 drawcalls-since-flip=19 drawcalls-total=95007 fail-total=0 null-skips-total=0
[10:54:07] [info] flip-probe: flip #1470 ok=true present=3ms inter_flip_ms=40 drawcalls-since-flip=18 drawcalls-total=95194 fail-total=0 null-skips-total=0
[10:54:07] [info] flip-probe: flip #1480 ok=true present=2ms inter_flip_ms=41 drawcalls-since-flip=17 drawcalls-total=95373 fail-total=0 null-skips-total=0
[10:54:08] [info] backdrop cache: thrashing-detect engaged (streak=184, route=direct)
[10:54:08] [info] flip-probe: flip #1490 ok=true present=3ms inter_flip_ms=39 drawcalls-since-flip=18 drawcalls-total=95546 fail-total=0 null-skips-total=0
[10:54:08] [info] flip-probe: flip #1500 ok=true present=3ms inter_flip_ms=38 drawcalls-since-flip=18 drawcalls-total=95726 fail-total=0 null-skips-total=0
[10:54:08] [info] alpha audit block 0: 1703 total drawcalls, 0 with alpha<255 (block pct_x10=0; global 0/86425 pct_x10=0); alpha-mod skipped: block=0 global=0
[10:54:08] [info] fastpath audit block 0: taken=1703 (idx8=1703) skipped=0 pct_x10=1000; global taken=86425 (idx8=86425) skipped=0 pct_x10=1000
[10:54:08] [info] primitive tally block 0: clear=200(hr=200) fill=0(hr=0) rect=0(hr=0) line=0(hr=0) tint=0 spotlight=0 (over 100 flips ending at flip 1500)
[10:54:08] [info] phase timing block 0: drawcalls=1903 dc_total_ms=552 flip_inner_total_ms=449 inter_flip_total_ms=4144 (per-flip avg x10: dc_ms=55 fi_ms=44 if_ms=414 derived audio+engine_ms=315; per-drawcall avg us_x10=2905) [direct-vesa: presents=100 total_ms=283 avg_ms_x10=28 failed=0] [ablation: NO_DC_TIMING=0 CACHE_WINSURF=0 DIRECT_VESA=1]
[10:54:08] [info] kbd/audio block 0: kbd_irq=0 kbd_drain=0 ring_chunks=16 pump_pass=3269 pic1_mask=0xb8 first_irq_ticks=0 install_ticks=0 vector_at_install=0x00849fc0 pic1_mask_live=0x38 kbd_8042_stat=0x34 bios_kbd_head=0x002a bios_kbd_tail=0x002a bios_kbd_buf0=0x1970
[10:54:08] [info] dirty-rect block @flip=1500: total_calls=0 dirty_rects_avg=1 dirty_pct_x10=1000 forced_full=0 first_n_force=0 threshold_exceeded=0 dirty_path_taken=0 full_flush_taken=0
[10:54:08] [info] prev-frame-diff block @flip=1500: diff_calls=0 diff_rects_avg=0 diff_dirty_pct_x10=0 bbox_pct_x10=0 bbox_thresh_exceeded=0
[10:54:09] [info] flip-probe: flip #1510 ok=true present=3ms inter_flip_ms=42 drawcalls-since-flip=19 drawcalls-total=95914 fail-total=0 null-skips-total=0
[10:54:09] [info] flip-probe: flip #1520 ok=true present=3ms inter_flip_ms=45 drawcalls-since-flip=19 drawcalls-total=96104 fail-total=0 null-skips-total=0
[10:54:10] [info] flip-probe: flip #1530 ok=true present=3ms inter_flip_ms=40 drawcalls-since-flip=20 drawcalls-total=96295 fail-total=0 null-skips-total=0
[10:54:10] [info] flip-probe: flip #1540 ok=true present=3ms inter_flip_ms=41 drawcalls-since-flip=20 drawcalls-total=96495 fail-total=0 null-skips-total=0
[10:54:10] [info] backdrop cache: thrashing-detect engaged (streak=244, route=direct)
[10:54:10] [info] flip-probe: flip #1550 ok=true present=3ms inter_flip_ms=38 drawcalls-since-flip=20 drawcalls-total=96695 fail-total=0 null-skips-total=0
[10:54:11] [info] flip-probe: flip #1560 ok=true present=3ms inter_flip_ms=40 drawcalls-since-flip=20 drawcalls-total=96895 fail-total=0 null-skips-total=0
[10:54:11] [info] flip-probe: flip #1570 ok=true present=3ms inter_flip_ms=42 drawcalls-since-flip=17 drawcalls-total=97065 fail-total=0 null-skips-total=0
[10:54:12] [info] flip-probe: flip #1580 ok=true present=3ms inter_flip_ms=42 drawcalls-since-flip=17 drawcalls-total=97235 fail-total=0 null-skips-total=0
[10:54:12] [info] flip-probe: flip #1590 ok=true present=3ms inter_flip_ms=40 drawcalls-since-flip=18 drawcalls-total=97408 fail-total=0 null-skips-total=0
[10:54:12] [info] flip-probe: flip #1600 ok=true present=3ms inter_flip_ms=40 drawcalls-since-flip=18 drawcalls-total=97590 fail-total=0 null-skips-total=0
[10:54:12] [info] alpha audit block 0: 1764 total drawcalls, 0 with alpha<255 (block pct_x10=0; global 0/88189 pct_x10=0); alpha-mod skipped: block=0 global=0
[10:54:12] [info] fastpath audit block 0: taken=1764 (idx8=1764) skipped=0 pct_x10=1000; global taken=88189 (idx8=88189) skipped=0 pct_x10=1000
[10:54:12] [info] primitive tally block 0: clear=200(hr=200) fill=0(hr=0) rect=0(hr=0) line=0(hr=0) tint=0 spotlight=0 (over 100 flips ending at flip 1600)
[10:54:12] [info] phase timing block 0: drawcalls=1964 dc_total_ms=561 flip_inner_total_ms=446 inter_flip_total_ms=4136 (per-flip avg x10: dc_ms=56 fi_ms=44 if_ms=413 derived audio+engine_ms=313; per-drawcall avg us_x10=2860) [direct-vesa: presents=100 total_ms=286 avg_ms_x10=28 failed=0] [ablation: NO_DC_TIMING=0 CACHE_WINSURF=0 DIRECT_VESA=1]
[10:54:12] [info] kbd/audio block 0: kbd_irq=0 kbd_drain=0 ring_chunks=16 pump_pass=3476 pic1_mask=0xb8 first_irq_ticks=0 install_ticks=0 vector_at_install=0x00849fc0 pic1_mask_live=0x38 kbd_8042_stat=0x34 bios_kbd_head=0x002a bios_kbd_tail=0x002a bios_kbd_buf0=0x1970
[10:54:12] [info] dirty-rect block @flip=1600: total_calls=0 dirty_rects_avg=1 dirty_pct_x10=1000 forced_full=0 first_n_force=0 threshold_exceeded=0 dirty_path_taken=0 full_flush_taken=0
[10:54:12] [info] prev-frame-diff block @flip=1600: diff_calls=0 diff_rects_avg=0 diff_dirty_pct_x10=0 bbox_pct_x10=0 bbox_thresh_exceeded=0
[10:54:13] [info] backdrop cache: thrashing-detect engaged (streak=304, route=direct)
[10:54:13] [info] flip-probe: flip #1610 ok=true present=3ms inter_flip_ms=41 drawcalls-since-flip=17 drawcalls-total=97761 fail-total=0 null-skips-total=0
[10:54:13] [info] flip-probe: flip #1620 ok=true present=3ms inter_flip_ms=40 drawcalls-since-flip=16 drawcalls-total=97921 fail-total=0 null-skips-total=0
[10:54:14] [info] flip-probe: flip #1630 ok=true present=3ms inter_flip_ms=43 drawcalls-since-flip=19 drawcalls-total=98095 fail-total=0 null-skips-total=0
[10:54:14] [info] flip-probe: flip #1640 ok=true present=3ms inter_flip_ms=42 drawcalls-since-flip=21 drawcalls-total=98291 fail-total=0 null-skips-total=0
[10:54:15] [info] flip-probe: flip #1650 ok=true present=3ms inter_flip_ms=41 drawcalls-since-flip=18 drawcalls-total=98489 fail-total=0 null-skips-total=0
[10:54:15] [info] flip-probe: flip #1660 ok=true present=3ms inter_flip_ms=63 drawcalls-since-flip=215 drawcalls-total=99050 fail-total=0 null-skips-total=0
[10:54:15] [info] backdrop cache: thrashing-detect engaged (streak=364, route=direct)
[10:54:15] [info]  >> Entering stage 19: 'Assembly Hall'.
[10:54:16] [info] [skip-sheet-flush] cave=8
[10:54:16] [info] [load-stage] preloading entry music song=9 (cave=8)
[10:54:16] [info] gameloop: entered (curmap=19, running=1)
[10:54:16] [info] gameloop: iter 1 ticks=115284 mapno=-1
[10:54:16] [info] mds-clear-lut: rebuilt N=240 entries (k_skip=100% k_keep=0%; curmap=19 map_size=21x16; rebuild #6 since boot)
[10:54:16] [info] gameloop: iter 2 ticks=115385 mapno=-1
[10:54:17] [info] gameloop: iter 3 ticks=115477 mapno=-1
[10:54:17] [info] flip-probe: flip #1670 ok=true present=3ms inter_flip_ms=92 drawcalls-since-flip=463 drawcalls-total=102208 fail-total=0 null-skips-total=0
[10:54:17] [info] flip-probe: flip #1680 ok=true present=3ms inter_flip_ms=42 drawcalls-since-flip=122 drawcalls-total=104376 fail-total=0 null-skips-total=0
[10:54:18] [info] flip-probe: flip #1690 ok=true present=3ms inter_flip_ms=44 drawcalls-since-flip=122 drawcalls-total=105596 fail-total=0 null-skips-total=0
[10:54:18] [info] flip-probe: flip #1700 ok=true present=3ms inter_flip_ms=42 drawcalls-since-flip=122 drawcalls-total=106816 fail-total=0 null-skips-total=0
[10:54:18] [info] alpha audit block 0: 8730 total drawcalls, 0 with alpha<255 (block pct_x10=0; global 0/96919 pct_x10=0); alpha-mod skipped: block=0 global=0
[10:54:18] [info] fastpath audit block 0: taken=8730 (idx8=8730) skipped=0 pct_x10=1000; global taken=96919 (idx8=96919) skipped=0 pct_x10=1000
[10:54:18] [info] primitive tally block 0: clear=202(hr=202) fill=0(hr=0) rect=0(hr=0) line=0(hr=0) tint=0 spotlight=0 (over 100 flips ending at flip 1700)
[10:54:18] [info] color/alpha audit block 0: cmod_white=396 cmod_black=396 (idx=396) cmod_general=0 (idx=0) cmod_fb=0; alpha_taken=0 alpha_skipped=0 (global cmod=9258/7716/693/0 idx=7716/693 alpha=0/0)
[10:54:18] [info] phase timing block 0: drawcalls=9757 dc_total_ms=1203 flip_inner_total_ms=449 inter_flip_total_ms=5622 (per-flip avg x10: dc_ms=120 fi_ms=44 if_ms=562 derived audio+engine_ms=398; per-drawcall avg us_x10=1233) [direct-vesa: presents=100 total_ms=283 avg_ms_x10=28 failed=0] [ablation: NO_DC_TIMING=0 CACHE_WINSURF=0 DIRECT_VESA=1]
[10:54:18] [info] kbd/audio block 0: kbd_irq=0 kbd_drain=0 ring_chunks=16 pump_pass=3712 pic1_mask=0xb8 first_irq_ticks=0 install_ticks=0 vector_at_install=0x00849fc0 pic1_mask_live=0x38 kbd_8042_stat=0x34 bios_kbd_head=0x002a bios_kbd_tail=0x002a bios_kbd_buf0=0x1970
[10:54:18] [info] dirty-rect block @flip=1700: total_calls=0 dirty_rects_avg=1 dirty_pct_x10=1000 forced_full=0 first_n_force=0 threshold_exceeded=0 dirty_path_taken=0 full_flush_taken=0
[10:54:18] [info] prev-frame-diff block @flip=1700: diff_calls=0 diff_rects_avg=0 diff_dirty_pct_x10=0 bbox_pct_x10=0 bbox_thresh_exceeded=0
[10:54:19] [info] flip-probe: flip #1710 ok=true present=2ms inter_flip_ms=44 drawcalls-since-flip=125 drawcalls-total=108058 fail-total=0 null-skips-total=0
[10:54:19] [info] flip-probe: flip #1720 ok=true present=3ms inter_flip_ms=48 drawcalls-since-flip=124 drawcalls-total=109284 fail-total=0 null-skips-total=0
[10:54:19] [info] flip-probe: flip #1730 ok=true present=3ms inter_flip_ms=44 drawcalls-since-flip=122 drawcalls-total=110516 fail-total=0 null-skips-total=0
[10:54:20] [info] flip-probe: flip #1740 ok=true present=3ms inter_flip_ms=43 drawcalls-since-flip=122 drawcalls-total=111736 fail-total=0 null-skips-total=0
[10:54:20] [info] flip-probe: flip #1750 ok=true present=3ms inter_flip_ms=42 drawcalls-since-flip=122 drawcalls-total=112956 fail-total=0 null-skips-total=0
[10:54:21] [info] flip-probe: flip #1760 ok=true present=2ms inter_flip_ms=42 drawcalls-since-flip=122 drawcalls-total=114176 fail-total=0 null-skips-total=0
[10:54:21] [info] flip-probe: flip #1770 ok=true present=3ms inter_flip_ms=73 drawcalls-since-flip=378 drawcalls-total=115916 fail-total=0 null-skips-total=0
[10:54:22] [info]  >> Entering stage 11: 'Mimiga Village'.
[10:54:22] [info] [skip-sheet-flush] cave=9
[10:54:22] [info] [load-stage] preloading entry music song=9 (cave=9)
[10:54:22] [info] gameloop: entered (curmap=11, running=1)
[10:54:22] [info] gameloop: iter 1 ticks=121421 mapno=-1
[10:54:22] [info] mds-clear-lut: rebuilt N=240 entries (k_skip=0% k_keep=100%; curmap=11 map_size=60x60; rebuild #7 since boot)
[10:54:23] [info] gameloop: iter 2 ticks=121522 mapno=-1
[10:54:23] [info] gameloop: iter 3 ticks=121615 mapno=-1
[10:54:23] [info] flip-probe: flip #1780 ok=true present=3ms inter_flip_ms=97 drawcalls-since-flip=380 drawcalls-total=119856 fail-total=0 null-skips-total=0
[10:54:23] [info] backdrop cache: thrashing-detect engaged (streak=4, route=direct)
[10:54:23] [info] flip-probe: flip #1790 ok=true present=2ms inter_flip_ms=45 drawcalls-since-flip=45 drawcalls-total=120688 fail-total=0 null-skips-total=0
[10:54:24] [info] flip-probe: flip #1800 ok=true present=3ms inter_flip_ms=46 drawcalls-since-flip=46 drawcalls-total=121146 fail-total=0 null-skips-total=0
[10:54:24] [info] alpha audit block 0: 13006 total drawcalls, 0 with alpha<255 (block pct_x10=0; global 0/109925 pct_x10=0); alpha-mod skipped: block=0 global=0
[10:54:24] [info] fastpath audit block 0: taken=13006 (idx8=13006) skipped=0 pct_x10=1000; global taken=109925 (idx8=109925) skipped=0 pct_x10=1000
[10:54:24] [info] primitive tally block 0: clear=201(hr=201) fill=0(hr=0) rect=0(hr=0) line=0(hr=0) tint=0 spotlight=0 (over 100 flips ending at flip 1800)
[10:54:24] [info] color/alpha audit block 0: cmod_white=1224 cmod_black=1224 (idx=1224) cmod_general=0 (idx=0) cmod_fb=0; alpha_taken=0 alpha_skipped=0 (global cmod=10482/8940/693/0 idx=8940/693 alpha=0/0)
[10:54:24] [info] phase timing block 0: drawcalls=15736 dc_total_ms=1654 flip_inner_total_ms=461 inter_flip_total_ms=5827 (per-flip avg x10: dc_ms=165 fi_ms=46 if_ms=582 derived audio+engine_ms=371; per-drawcall avg us_x10=1051) [direct-vesa: presents=100 total_ms=283 avg_ms_x10=28 failed=0] [ablation: NO_DC_TIMING=0 CACHE_WINSURF=0 DIRECT_VESA=1]
[10:54:24] [info] kbd/audio block 0: kbd_irq=0 kbd_drain=0 ring_chunks=16 pump_pass=3959 pic1_mask=0xb8 first_irq_ticks=0 install_ticks=0 vector_at_install=0x00849fc0 pic1_mask_live=0x38 kbd_8042_stat=0x34 bios_kbd_head=0x002a bios_kbd_tail=0x002a bios_kbd_buf0=0x1970
[10:54:24] [info] dirty-rect block @flip=1800: total_calls=0 dirty_rects_avg=1 dirty_pct_x10=1000 forced_full=0 first_n_force=0 threshold_exceeded=0 dirty_path_taken=0 full_flush_taken=0
[10:54:24] [info] prev-frame-diff block @flip=1800: diff_calls=0 diff_rects_avg=0 diff_dirty_pct_x10=0 bbox_pct_x10=0 bbox_thresh_exceeded=0
[10:54:24] [info] flip-probe: flip #1810 ok=true present=3ms inter_flip_ms=44 drawcalls-since-flip=43 drawcalls-total=121571 fail-total=0 null-skips-total=0
[10:54:25] [info] flip-probe: flip #1820 ok=true present=3ms inter_flip_ms=44 drawcalls-since-flip=44 drawcalls-total=122004 fail-total=0 null-skips-total=0
[10:54:25] [info] flip-probe: flip #1830 ok=true present=3ms inter_flip_ms=47 drawcalls-since-flip=44 drawcalls-total=122446 fail-total=0 null-skips-total=0
[10:54:26] [info] flip-probe: flip #1840 ok=true present=3ms inter_flip_ms=44 drawcalls-since-flip=43 drawcalls-total=122877 fail-total=0 null-skips-total=0
[10:54:26] [info] backdrop cache: thrashing-detect engaged (streak=64, route=direct)
[10:54:26] [info] flip-probe: flip #1850 ok=true present=2ms inter_flip_ms=43 drawcalls-since-flip=45 drawcalls-total=123332 fail-total=0 null-skips-total=0
[10:54:27] [info] flip-probe: flip #1860 ok=true present=3ms inter_flip_ms=43 drawcalls-since-flip=45 drawcalls-total=123780 fail-total=0 null-skips-total=0
[10:54:27] [info] tas: stall frame 266 ms -> contributing 1 tick (patch 0286)
[10:54:27] [info] flip-probe: flip #1870 ok=true present=3ms inter_flip_ms=41 drawcalls-since-flip=44 drawcalls-total=124221 fail-total=0 null-skips-total=0
[10:54:28] [info] flip-probe: flip #1880 ok=true present=3ms inter_flip_ms=44 drawcalls-since-flip=43 drawcalls-total=124660 fail-total=0 null-skips-total=0
[10:54:28] [info] flip-probe: flip #1890 ok=true present=3ms inter_flip_ms=45 drawcalls-since-flip=43 drawcalls-total=125090 fail-total=0 null-skips-total=0
[10:54:29] [info] flip-probe: flip #1900 ok=true present=3ms inter_flip_ms=41 drawcalls-since-flip=17 drawcalls-total=125416 fail-total=0 null-skips-total=0
[10:54:29] [info] alpha audit block 0: 2922 total drawcalls, 0 with alpha<255 (block pct_x10=0; global 0/112847 pct_x10=0); alpha-mod skipped: block=0 global=0
[10:54:29] [info] fastpath audit block 0: taken=2922 (idx8=2922) skipped=0 pct_x10=1000; global taken=112847 (idx8=112847) skipped=0 pct_x10=1000
[10:54:29] [info] primitive tally block 0: clear=200(hr=200) fill=0(hr=0) rect=0(hr=0) line=0(hr=0) tint=0 spotlight=0 (over 100 flips ending at flip 1900)
[10:54:29] [info] color/alpha audit block 0: cmod_white=1248 cmod_black=1248 (idx=1248) cmod_general=0 (idx=0) cmod_fb=0; alpha_taken=0 alpha_skipped=0 (global cmod=11730/10188/693/0 idx=10188/693 alpha=0/0)
[10:54:29] [info] phase timing block 0: drawcalls=5618 dc_total_ms=803 flip_inner_total_ms=672 inter_flip_total_ms=4741 (per-flip avg x10: dc_ms=80 fi_ms=67 if_ms=474 derived audio+engine_ms=327; per-drawcall avg us_x10=1429) [direct-vesa: presents=100 total_ms=281 avg_ms_x10=28 failed=0] [ablation: NO_DC_TIMING=0 CACHE_WINSURF=0 DIRECT_VESA=1]
[10:54:29] [info] kbd/audio block 0: kbd_irq=0 kbd_drain=0 ring_chunks=16 pump_pass=4184 pic1_mask=0xb8 first_irq_ticks=0 install_ticks=0 vector_at_install=0x00849fc0 pic1_mask_live=0x38 kbd_8042_stat=0x34 bios_kbd_head=0x002a bios_kbd_tail=0x002a bios_kbd_buf0=0x1970
[10:54:29] [info] dirty-rect block @flip=1900: total_calls=0 dirty_rects_avg=1 dirty_pct_x10=1000 forced_full=0 first_n_force=0 threshold_exceeded=0 dirty_path_taken=0 full_flush_taken=0
[10:54:29] [info] prev-frame-diff block @flip=1900: diff_calls=0 diff_rects_avg=0 diff_dirty_pct_x10=0 bbox_pct_x10=0 bbox_thresh_exceeded=0
[10:54:29] [info] backdrop cache: thrashing-detect engaged (streak=124, route=direct)
[10:54:29] [info] flip-probe: flip #1910 ok=true present=3ms inter_flip_ms=41 drawcalls-since-flip=18 drawcalls-total=125595 fail-total=0 null-skips-total=0
[10:54:30] [info] flip-probe: flip #1920 ok=true present=3ms inter_flip_ms=49 drawcalls-since-flip=20 drawcalls-total=125779 fail-total=0 null-skips-total=0
[10:54:30] [info] flip-probe: flip #1930 ok=true present=3ms inter_flip_ms=45 drawcalls-since-flip=18 drawcalls-total=125968 fail-total=0 null-skips-total=0
[10:54:30] [info] flip-probe: flip #1940 ok=true present=2ms inter_flip_ms=41 drawcalls-since-flip=15 drawcalls-total=126129 fail-total=0 null-skips-total=0
[10:54:31] [info] flip-probe: flip #1950 ok=true present=3ms inter_flip_ms=41 drawcalls-since-flip=15 drawcalls-total=126279 fail-total=0 null-skips-total=0
[10:54:31] [info] flip-probe: flip #1960 ok=true present=2ms inter_flip_ms=46 drawcalls-since-flip=4 drawcalls-total=128494 fail-total=0 null-skips-total=0
[10:54:31] [info]  >> Entering stage 14: 'Shack'.
[10:54:31] [info] [skip-sheet-flush] cave=10
[10:54:32] [info] [load-stage] preloading entry music song=8 (cave=10)
[10:54:32] [info] opl3 backend: on_song_stop
[10:54:32] [info] MidiScheduler::load: parsed 'data/orgmid2/vivi.mid' = 11188 events at 48 PPQ
[10:54:32] [info] opl3 backend: on_song_start
[10:54:32] [info] gameloop: entered (curmap=14, running=1)
[10:54:32] [info] gameloop: iter 1 ticks=131390 mapno=-1
[10:54:33] [info] gameloop: iter 2 ticks=131466 mapno=-1
[10:54:33] [info] gameloop: iter 3 ticks=131543 mapno=-1
[10:54:33] [info] flip-probe: flip #1970 ok=true present=3ms inter_flip_ms=34 drawcalls-since-flip=37 drawcalls-total=131076 fail-total=0 null-skips-total=0
[10:54:33] [info] flip-probe: flip #1980 ok=true present=3ms inter_flip_ms=31 drawcalls-since-flip=24 drawcalls-total=131287 fail-total=0 null-skips-total=0
[10:54:34] [info] flip-probe: flip #1990 ok=true present=3ms inter_flip_ms=32 drawcalls-since-flip=24 drawcalls-total=131527 fail-total=0 null-skips-total=0
[10:54:34] [info] flip-probe: flip #2000 ok=true present=3ms inter_flip_ms=37 drawcalls-since-flip=24 drawcalls-total=131767 fail-total=0 null-skips-total=0
[10:54:34] [info] alpha audit block 0: 6091 total drawcalls, 0 with alpha<255 (block pct_x10=0; global 0/118938 pct_x10=0); alpha-mod skipped: block=0 global=0
[10:54:34] [info] fastpath audit block 0: taken=6091 (idx8=6091) skipped=0 pct_x10=1000; global taken=118938 (idx8=118938) skipped=0 pct_x10=1000
[10:54:34] [info] primitive tally block 0: clear=201(hr=201) fill=0(hr=0) rect=0(hr=0) line=0(hr=0) tint=0 spotlight=0 (over 100 flips ending at flip 2000)
[10:54:34] [info] color/alpha audit block 0: cmod_white=200 cmod_black=200 (idx=200) cmod_general=0 (idx=0) cmod_fb=0; alpha_taken=0 alpha_skipped=0 (global cmod=11930/10388/693/0 idx=10388/693 alpha=0/0)
[10:54:34] [info] phase timing block 0: drawcalls=6692 dc_total_ms=959 flip_inner_total_ms=456 inter_flip_total_ms=5461 (per-flip avg x10: dc_ms=95 fi_ms=45 if_ms=546 derived audio+engine_ms=406; per-drawcall avg us_x10=1433) [direct-vesa: presents=100 total_ms=282 avg_ms_x10=28 failed=0] [ablation: NO_DC_TIMING=0 CACHE_WINSURF=0 DIRECT_VESA=1]
[10:54:34] [info] kbd/audio block 0: kbd_irq=0 kbd_drain=0 ring_chunks=16 pump_pass=4405 pic1_mask=0xb8 first_irq_ticks=0 install_ticks=0 vector_at_install=0x00849fc0 pic1_mask_live=0x38 kbd_8042_stat=0x34 bios_kbd_head=0x002a bios_kbd_tail=0x002a bios_kbd_buf0=0x1970
[10:54:34] [info] dirty-rect block @flip=2000: total_calls=0 dirty_rects_avg=1 dirty_pct_x10=1000 forced_full=0 first_n_force=0 threshold_exceeded=0 dirty_path_taken=0 full_flush_taken=0
[10:54:34] [info] prev-frame-diff block @flip=2000: diff_calls=0 diff_rects_avg=0 diff_dirty_pct_x10=0 bbox_pct_x10=0 bbox_thresh_exceeded=0
[10:54:34] [info] flip-probe: flip #2010 ok=true present=3ms inter_flip_ms=35 drawcalls-since-flip=27 drawcalls-total=132029 fail-total=0 null-skips-total=0
[10:54:35] [info] flip-probe: flip #2020 ok=true present=4ms inter_flip_ms=33 drawcalls-since-flip=25 drawcalls-total=132300 fail-total=0 null-skips-total=0
[10:54:35] [info] flip-probe: flip #2030 ok=true present=2ms inter_flip_ms=32 drawcalls-since-flip=24 drawcalls-total=132543 fail-total=0 null-skips-total=0
[10:54:35] [info] flip-probe: flip #2040 ok=true present=3ms inter_flip_ms=33 drawcalls-since-flip=24 drawcalls-total=132783 fail-total=0 null-skips-total=0
[10:54:36] [info] flip-probe: flip #2050 ok=true present=3ms inter_flip_ms=34 drawcalls-since-flip=24 drawcalls-total=133023 fail-total=0 null-skips-total=0
[10:54:36] [info] flip-probe: flip #2060 ok=true present=3ms inter_flip_ms=34 drawcalls-since-flip=24 drawcalls-total=133263 fail-total=0 null-skips-total=0
[10:54:36] [info] flip-probe: flip #2070 ok=true present=3ms inter_flip_ms=33 drawcalls-since-flip=24 drawcalls-total=133503 fail-total=0 null-skips-total=0
[10:54:37] [info] flip-probe: flip #2080 ok=true present=3ms inter_flip_ms=31 drawcalls-since-flip=24 drawcalls-total=133743 fail-total=0 null-skips-total=0
[10:54:37] [info] flip-probe: flip #2090 ok=true present=3ms inter_flip_ms=32 drawcalls-since-flip=14 drawcalls-total=133883 fail-total=0 null-skips-total=0
[10:54:37] [info] flip-probe: flip #2100 ok=true present=3ms inter_flip_ms=31 drawcalls-since-flip=14 drawcalls-total=134023 fail-total=0 null-skips-total=0
[10:54:37] [info] alpha audit block 0: 1856 total drawcalls, 0 with alpha<255 (block pct_x10=0; global 0/120794 pct_x10=0); alpha-mod skipped: block=0 global=0
[10:54:37] [info] fastpath audit block 0: taken=1856 (idx8=1856) skipped=0 pct_x10=1000; global taken=120794 (idx8=120794) skipped=0 pct_x10=1000
[10:54:37] [info] primitive tally block 0: clear=200(hr=200) fill=0(hr=0) rect=0(hr=0) line=0(hr=0) tint=0 spotlight=0 (over 100 flips ending at flip 2100)
[10:54:37] [info] color/alpha audit block 0: cmod_white=400 cmod_black=400 (idx=400) cmod_general=0 (idx=0) cmod_fb=0; alpha_taken=0 alpha_skipped=0 (global cmod=12330/10788/693/0 idx=10788/693 alpha=0/0)
[10:54:37] [info] phase timing block 0: drawcalls=2856 dc_total_ms=592 flip_inner_total_ms=448 inter_flip_total_ms=3325 (per-flip avg x10: dc_ms=59 fi_ms=44 if_ms=332 derived audio+engine_ms=229; per-drawcall avg us_x10=2074) [direct-vesa: presents=100 total_ms=283 avg_ms_x10=28 failed=0] [ablation: NO_DC_TIMING=0 CACHE_WINSURF=0 DIRECT_VESA=1]
[10:54:37] [info] kbd/audio block 0: kbd_irq=0 kbd_drain=0 ring_chunks=16 pump_pass=4571 pic1_mask=0xb8 first_irq_ticks=0 install_ticks=0 vector_at_install=0x00849fc0 pic1_mask_live=0x38 kbd_8042_stat=0x34 bios_kbd_head=0x002a bios_kbd_tail=0x002a bios_kbd_buf0=0x1970
[10:54:37] [info] dirty-rect block @flip=2100: total_calls=0 dirty_rects_avg=1 dirty_pct_x10=1000 forced_full=0 first_n_force=0 threshold_exceeded=0 dirty_path_taken=0 full_flush_taken=0
[10:54:37] [info] prev-frame-diff block @flip=2100: diff_calls=0 diff_rects_avg=0 diff_dirty_pct_x10=0 bbox_pct_x10=0 bbox_thresh_exceeded=0
[10:54:38] [info] flip-probe: flip #2110 ok=true present=3ms inter_flip_ms=73 drawcalls-since-flip=355 drawcalls-total=136228 fail-total=0 null-skips-total=0
[10:54:38] [info]  >> Entering stage 11: 'Mimiga Village'.
[10:54:38] [info] [skip-sheet-flush] cave=11
[10:54:39] [info] [load-stage] preloading entry music song=9 (cave=11)
[10:54:39] [info] opl3 backend: on_song_stop
[10:54:39] [info] MidiScheduler::load: parsed 'data/orgmid2/mura.mid' = 7123 events at 48 PPQ
[10:54:39] [info] opl3 backend: on_song_start
[10:54:39] [info] gameloop: entered (curmap=11, running=1)
[10:54:39] [info] gameloop: iter 1 ticks=137870 mapno=-1
[10:54:39] [info] gameloop: iter 2 ticks=137960 mapno=-1
[10:54:39] [info] gameloop: iter 3 ticks=138064 mapno=-1
[10:54:39] [info] backdrop cache: thrashing-detect engaged (streak=4, route=direct)
[10:54:40] [info] flip-probe: flip #2120 ok=true present=3ms inter_flip_ms=51 drawcalls-since-flip=54 drawcalls-total=138810 fail-total=0 null-skips-total=0
[10:54:40] [info] flip-probe: flip #2130 ok=true present=4ms inter_flip_ms=43 drawcalls-since-flip=42 drawcalls-total=139203 fail-total=0 null-skips-total=0
[10:54:40] [info] flip-probe: flip #2140 ok=true present=3ms inter_flip_ms=45 drawcalls-since-flip=44 drawcalls-total=139631 fail-total=0 null-skips-total=0
[10:54:41] [info] flip-probe: flip #2150 ok=true present=3ms inter_flip_ms=44 drawcalls-since-flip=44 drawcalls-total=140071 fail-total=0 null-skips-total=0
[10:54:41] [info] flip-probe: flip #2160 ok=true present=3ms inter_flip_ms=49 drawcalls-since-flip=47 drawcalls-total=140538 fail-total=0 null-skips-total=0
[10:54:42] [info] flip-probe: flip #2170 ok=true present=3ms inter_flip_ms=43 drawcalls-since-flip=43 drawcalls-total=140983 fail-total=0 null-skips-total=0
[10:54:42] [info] backdrop cache: thrashing-detect engaged (streak=64, route=direct)
[10:54:42] [info] flip-probe: flip #2180 ok=true present=3ms inter_flip_ms=44 drawcalls-since-flip=43 drawcalls-total=141413 fail-total=0 null-skips-total=0
[10:54:43] [info] flip-probe: flip #2190 ok=true present=3ms inter_flip_ms=44 drawcalls-since-flip=46 drawcalls-total=141867 fail-total=0 null-skips-total=0
[10:54:43] [info] run_tick_fixed #4800: heartbeat (loop alive)
[10:54:43] [info] flip-probe: flip #2200 ok=true present=3ms inter_flip_ms=43 drawcalls-since-flip=45 drawcalls-total=142318 fail-total=0 null-skips-total=0
[10:54:43] [info] alpha audit block 0: 7063 total drawcalls, 0 with alpha<255 (block pct_x10=0; global 0/127857 pct_x10=0); alpha-mod skipped: block=0 global=0
[10:54:43] [info] fastpath audit block 0: taken=7063 (idx8=7063) skipped=0 pct_x10=1000; global taken=127857 (idx8=127857) skipped=0 pct_x10=1000
[10:54:43] [info] primitive tally block 0: clear=201(hr=201) fill=0(hr=0) rect=0(hr=0) line=0(hr=0) tint=0 spotlight=0 (over 100 flips ending at flip 2200)
[10:54:43] [info] color/alpha audit block 0: cmod_white=1144 cmod_black=1144 (idx=1144) cmod_general=0 (idx=0) cmod_fb=0; alpha_taken=0 alpha_skipped=0 (global cmod=13474/11932/693/0 idx=11932/693 alpha=0/0)
[10:54:43] [info] phase timing block 0: drawcalls=9555 dc_total_ms=1161 flip_inner_total_ms=463 inter_flip_total_ms=5769 (per-flip avg x10: dc_ms=116 fi_ms=46 if_ms=576 derived audio+engine_ms=414; per-drawcall avg us_x10=1215) [direct-vesa: presents=100 total_ms=282 avg_ms_x10=28 failed=0] [ablation: NO_DC_TIMING=0 CACHE_WINSURF=0 DIRECT_VESA=1]
[10:54:43] [info] kbd/audio block 0: kbd_irq=0 kbd_drain=0 ring_chunks=16 pump_pass=4818 pic1_mask=0xb8 first_irq_ticks=0 install_ticks=0 vector_at_install=0x00849fc0 pic1_mask_live=0x38 kbd_8042_stat=0x34 bios_kbd_head=0x002a bios_kbd_tail=0x002a bios_kbd_buf0=0x1970
[10:54:43] [info] dirty-rect block @flip=2200: total_calls=0 dirty_rects_avg=1 dirty_pct_x10=1000 forced_full=0 first_n_force=0 threshold_exceeded=0 dirty_path_taken=0 full_flush_taken=0
[10:54:43] [info] prev-frame-diff block @flip=2200: diff_calls=0 diff_rects_avg=0 diff_dirty_pct_x10=0 bbox_pct_x10=0 bbox_thresh_exceeded=0
[10:54:44] [info] flip-probe: flip #2210 ok=true present=3ms inter_flip_ms=47 drawcalls-since-flip=45 drawcalls-total=142768 fail-total=0 null-skips-total=0
[10:54:44] [info] flip-probe: flip #2220 ok=true present=4ms inter_flip_ms=42 drawcalls-since-flip=47 drawcalls-total=143227 fail-total=0 null-skips-total=0
[10:54:45] [info] flip-probe: flip #2230 ok=true present=3ms inter_flip_ms=43 drawcalls-since-flip=45 drawcalls-total=143686 fail-total=0 null-skips-total=0
[10:54:45] [info] backdrop cache: thrashing-detect engaged (streak=124, route=direct)
[10:54:45] [info] flip-probe: flip #2240 ok=true present=3ms inter_flip_ms=42 drawcalls-since-flip=18 drawcalls-total=143920 fail-total=0 null-skips-total=0
[10:54:45] [info] flip-probe: flip #2250 ok=true present=3ms inter_flip_ms=41 drawcalls-since-flip=19 drawcalls-total=144101 fail-total=0 null-skips-total=0
[10:54:46] [info] flip-probe: flip #2260 ok=true present=3ms inter_flip_ms=42 drawcalls-since-flip=20 drawcalls-total=144293 fail-total=0 null-skips-total=0
[10:54:46] [info] backdrop cache: thrashing-detect engaged (streak=4, route=direct)
[10:54:46] [info] flip-probe: flip #2270 ok=true present=3ms inter_flip_ms=40 drawcalls-since-flip=21 drawcalls-total=144498 fail-total=0 null-skips-total=0
[10:54:47] [info] flip-probe: flip #2280 ok=true present=3ms inter_flip_ms=42 drawcalls-since-flip=20 drawcalls-total=144702 fail-total=0 null-skips-total=0
[10:54:47] [info] flip-probe: flip #2290 ok=true present=3ms inter_flip_ms=39 drawcalls-since-flip=19 drawcalls-total=144893 fail-total=0 null-skips-total=0
[10:54:47] [info] flip-probe: flip #2300 ok=true present=4ms inter_flip_ms=41 drawcalls-since-flip=19 drawcalls-total=145083 fail-total=0 null-skips-total=0
[10:54:47] [info] alpha audit block 0: 2249 total drawcalls, 0 with alpha<255 (block pct_x10=0; global 0/130106 pct_x10=0); alpha-mod skipped: block=0 global=0
[10:54:47] [info] fastpath audit block 0: taken=2249 (idx8=2249) skipped=0 pct_x10=1000; global taken=130106 (idx8=130106) skipped=0 pct_x10=1000
[10:54:47] [info] primitive tally block 0: clear=200(hr=200) fill=0(hr=0) rect=0(hr=0) line=0(hr=0) tint=0 spotlight=0 (over 100 flips ending at flip 2300)
[10:54:47] [info] color/alpha audit block 0: cmod_white=416 cmod_black=416 (idx=416) cmod_general=0 (idx=0) cmod_fb=0; alpha_taken=0 alpha_skipped=0 (global cmod=13890/12348/693/0 idx=12348/693 alpha=0/0)
[10:54:48] [info] phase timing block 0: drawcalls=3285 dc_total_ms=666 flip_inner_total_ms=448 inter_flip_total_ms=4327 (per-flip avg x10: dc_ms=66 fi_ms=44 if_ms=432 derived audio+engine_ms=322; per-drawcall avg us_x10=2028) [direct-vesa: presents=100 total_ms=282 avg_ms_x10=28 failed=0] [ablation: NO_DC_TIMING=0 CACHE_WINSURF=0 DIRECT_VESA=1]
[10:54:48] [info] kbd/audio block 0: kbd_irq=0 kbd_drain=0 ring_chunks=16 pump_pass=5034 pic1_mask=0xb8 first_irq_ticks=0 install_ticks=0 vector_at_install=0x00849fc0 pic1_mask_live=0x38 kbd_8042_stat=0x34 bios_kbd_head=0x002a bios_kbd_tail=0x002a bios_kbd_buf0=0x1970
[10:54:48] [info] dirty-rect block @flip=2300: total_calls=0 dirty_rects_avg=1 dirty_pct_x10=1000 forced_full=0 first_n_force=0 threshold_exceeded=0 dirty_path_taken=0 full_flush_taken=0
[10:54:48] [info] prev-frame-diff block @flip=2300: diff_calls=0 diff_rects_avg=0 diff_dirty_pct_x10=0 bbox_pct_x10=0 bbox_thresh_exceeded=0
[10:54:48] [info] flip-probe: flip #2310 ok=true present=3ms inter_flip_ms=41 drawcalls-since-flip=19 drawcalls-total=145273 fail-total=0 null-skips-total=0
[10:54:48] [info] flip-probe: flip #2320 ok=true present=3ms inter_flip_ms=46 drawcalls-since-flip=19 drawcalls-total=145463 fail-total=0 null-skips-total=0
[10:54:49] [info] backdrop cache: thrashing-detect engaged (streak=64, route=direct)
[10:54:49] [info] flip-probe: flip #2330 ok=true present=3ms inter_flip_ms=41 drawcalls-since-flip=19 drawcalls-total=145653 fail-total=0 null-skips-total=0
[10:54:49] [info] run_tick_fixed #5100: heartbeat (loop alive)
[10:54:49] [info] flip-probe: flip #2340 ok=true present=3ms inter_flip_ms=43 drawcalls-since-flip=60 drawcalls-total=146130 fail-total=0 null-skips-total=0
[10:54:50] [info] flip-probe: flip #2350 ok=true present=3ms inter_flip_ms=43 drawcalls-since-flip=60 drawcalls-total=146730 fail-total=0 null-skips-total=0
[10:54:50] [info] flip-probe: flip #2360 ok=true present=3ms inter_flip_ms=42 drawcalls-since-flip=60 drawcalls-total=147330 fail-total=0 null-skips-total=0
[10:54:50] [info] tas: end-of-replay auto-exit at tick 5140 (recording exhausted; set DOSKUTSU_TAS_REPLAY_HOLD=1 to disable + observe steady-state past recording end)
[10:54:50] [info] Script engine shutdown.
[10:54:51] [info] opl3 backend: on_song_stop
[10:54:51] [info] opl3 backend: cleared reg 0xBD chip-wide latch (wub-wub mitigation per flush-instr WAVE-46 H6)
[10:54:51] [info] opl3 backend shutdown (all 18 voices KEY-OFF unconditionally; OPL2 mode restored; chip state safe for next process)
[10:54:51] [info] Sound system shutdown
[10:54:51] [info] Renderer::Close()
[10:54:51] [info] tas: replay file closed
[10:54:51] [info] [fps-true] flips=2367 render_s=145 fps_mean=16.3 (clock-independent: flips / seconds since the FIRST flip; use THIS for the fps matrix, not inter_flip medians, which are invalid in any cell running the PIT/IRQ-0 music pump)
[RUNMANIFEST-BEGIN]
schema_version=1
environment=realhw
binary_sha12=f8d446b4b0e0
wave_tag=651
scene=
env_block_sha=fe8b2f80e09e
started_utc=2026-11-19T03:55:31Z
duration_s=160
exit_code=0
fps_p50=NA
fps_p95=NA
audio_vital_status=NA
regime=NA
banner_required_hit=0
banner_required_total=0
banner_forbidden_hit=0
banner_optional_hit=0
critical_count=0
warn_count=0
[RUNMANIFEST-END]
[10:54:51] [info] [runmanifest-emit] schema=v1 env=realhw sha12=f8d446b4b0e0 dur=160s tag='651' scene='' env_sha=fe8b2f80e09e (signals=0x4)
