Logger::init: wave-53 log level=INFO path='LOGS/661.LOG'
[10:57:48] [info] config: loaded DOSKUTSU.CFG (4 keys)
[10:57:48] [info] tas: PRNG seed forced to 12345 via DOSKUTSU_TAS_PRNG_SEED
[10:57:48] [info] tas: auto-exit armed at tick 30000 via DOSKUTSU_TAS_AUTO_EXIT_TICK
[10:57:48] [info] tas: replay opened path='QA.TAS' header_seed=12345
[10:57:49] [info] data cache: DISABLED (default)
[10:57:49] [info] Joystick: skipped (default; set DOSKUTSU_USE_JOYSTICK=1 to enable -- skips SDL3-DOS gameport BIOS INT 15h polling, ~82 ms / flip on real HW)
[10:57:49] [info] Loading settings...
[10:57:49] [info] [input-bind] applied=0 invert_y=0 dos_axes=1
[10:57:49] [info] Renderer::initVideo: 8bpp mode requested via SDL_HINT_DOS_MAX_BPP=8 (wave 16); SDL3-DOS will pick the highest-bpp <= 8 mode at requested resolution
[10:57:49] [info] Renderer::initVideo: DOS resolution-label lock ENABLED (default)
[10:57:49] [info] Renderer::initVideo: using: software renderer
[10:57:52] [info] Renderer::initVideo: dirty-rect tracking ENABLED (wave 15, default ON; set SDL_HINT_DOSKUTSU_DIRTY_RECTS=0 to disable)
[10:57:52] [info] Renderer::initVideo: ablation flags: NO_DC_TIMING=0 CACHE_WINSURF=0 NO_INPUT_POLL=0 DIRECT_VESA=1
[10:57:52] [info] Renderer::initVideo: direct-VESA hot path ENABLED (default since wave 20 patch 0088; bypasses SDL_RenderPresent / SDL_UpdateWindowSurface and writes via SDL/0034's PresentFull helper; R2 mitigation handled by SDL/0034 generation counter -- no per-N-flip heartbeat needed; set SDL_HINT_DOSKUTSU_DIRECT_VESA=0 to revert)
[10:57:52] [info] Renderer::initVideo: flip-phase instrumentation DISABLED (default; set SDL_HINT_DOSKUTSU_FLIP_INSTR=1 to opt in for wave-20 Lever A diagnostic)
[10:57:52] [info] Renderer::initVideo: asm opaque-span blit lever DISABLED (default; set SDL_HINT_DOSKUTSU_ASM_BLIT=1 to opt in -- wave-51 _blit_indexed colorkey-blit lever)
[10:57:52] [info] Renderer::initVideo: blit-decomp instrumentation DISABLED (default; set SDL_HINT_DOSKUTSU_BLIT_DECOMP=1 to opt in -- wave-51 _blit_indexed sub-decomp sizing)
[10:57:52] [info] Renderer::initVideo: mds-scroll-decomp instrumentation DISABLED (default; set SDL_HINT_DOSKUTSU_MDS_DECOMP=1 to opt in -- wave-52 mode_draw_scene scrolling-block decomp)
[10:57:52] [info] Renderer::initVideo: DOSVESA pump yield: skipped (default) (per-flip explicit SDL_Delay(0) yield is always on; set SDL_HINT_DOSKUTSU_FORCE_PUMP_YIELD=1 to restore old per-pump yield)
[10:57:52] [info] Renderer::initVideo: indexed-mode (8bpp) ENABLED -- master palette + 107 per-asset remap LUTs loaded (wave 16, default ON; set SDL_HINT_DOSKUTSU_PIXEL_FORMAT_8=0 to disable)
[10:57:52] [info] Renderer::initVideo: master palette attached to window surface (format=SDL_PIXELFORMAT_INDEX8, ncolors=256)
[10:57:52] [info] Renderer::initVideo: indexed-mode smoke: idx0=(0,0,0) OK idx255=(255,0,255) OK
[10:57:52] [info] Renderer::initVideo: indexed-mode smoke: paletteRemapFor('MyChar.pbm') = present
[10:57:52] [info] Surface::loadImage palmap-diag #1: 'data/Loading.pbm' fmt=SDL_PIXELFORMAT_ABGR8888 remap=HIT -> path=truecolor
[10:57:53] [info] Renderer: prev-frame diff DISABLED (default since wave 17.6; set SDL_HINT_DOSKUTSU_PREVFRAME_DIFF=1 to opt in)
[10:57:53] [info] flip-probe: renderer=software window_ptr=8809408 colorspace=301991328 window_size=320x240 framebuffer_pixels=320x240 logical_present=320x240 mode=2
[10:57:53] [info] flip-probe: first flip ok=true present=262ms inter_flip_ms=0 drawcalls-since-flip=1 drawcalls-total=1
[10:57:53] [info] Sound system init
[10:57:53] [info] Sound system: 4-state audio enable (#31) -- music=on sfx=OFF (MUSIC_OFF/AUDIO_BACKEND=none -> music-off; SFX_OFF/SFX_DEVICE=none -> sfx-off; both gates are dispatch-level, the device still opens; AUDIO_OFF=1 is the device-level both-off).
[10:57:53] [info] Sound system: Tier-2 audio config (default since wave 21 patch 0093; 11025 Hz, 1 channel, buffer pinned to 256 frames). Measured savings on g2k Pentium OverDrive 83 MHz (W21A): heavy-music scenes ~+11 fps vs Tier-1 baseline (measured -10 to -15 ms/flip post-0094 audio fix; W21A's pre-fix -26.6 ms figure was inflated by stereo-vs-mono playback bug, see patch 0094). Audio quality is reduced vs Tier-1 (mono, 11025 Hz, simple-average L+R downmix) but recognizable; user accepted the trade per direction 2026-05-05. Set SDL_HINT_DOSKUTSU_AUDIO_TIER2=0 to revert to Tier-1 22050 stereo (full Cave Story 2004 audio quality; trades fps for fidelity).
[10:57:53] [info] Sound system: SDL_HINT_AUDIO_DEVICE_SAMPLE_FRAMES=256
[10:57:53] [info] Pixtone IRQ rate-divider: handed master_rate=11025 int16/s (SAMPLE_RATE=11025 x AUDIO_CHANNELS=1) to SDL for auto-RATEDIV (SDL/0074 computes shift_div from the resolved device freq).
[10:57:53] [info] Sound system: device frame-rate: requesting 11025 Hz match to master (SDL_DOSAudioSetDeviceFrameRate; SB16 opens at the engine frame rate instead of SDL's 44100 floor -- 4x less PCM/s + no resampler on the Organya/Pixtone path; killswitch SDL_HINT_DOSKUTSU_DOS_AUDIO_DEVICE_RATE_DEFAULT=0).
[10:57:53] [info] audio backend: opl3 (Phase 10 Stage 4 -- concrete OPL3 FM synthesis backend via SDL/0037+ OPL3 helpers; MidiScheduler routes music dispatch through 18 x 2-op voice allocator + small inline patch bank). SoundManager::init will probe OPL3 via Adlib timer-1 sequence + fall back to organya gracefully if the chip is absent. Pixtone SFX still active on SB16 DAC.
[10:57:53] [info] wave-13.6.1: ring_chunks=16 FORCE_PUMP_YIELD=off (set SDL_HINT_DOSKUTSU_AUDIO_RING_CHUNKS=4|8|16 to override; default 16 matches wave 13.6 behaviour)
[10:57:53] [info] MidiScheduler: MIDI source = 'orgmid2' (native-GM org2mid set; resolves to data/orgmid2/<name>.mid).
[10:57:53] [info] opl3 backend probing for OPL3 chip (Adlib timer-1 sequence)...
[10:57:53] [info] opl3 backend: opl3bank.dat loaded 128 programs from 'data/opl3bank.dat' (v1; 1536 bytes payload). Per-program GM patches now use the runtime bank; programs >= 128 fall back to 8-patch family bucket. Drum channel (MIDI ch 9) unchanged (uses PATCH_DRUM regardless of bank loading).
[10:57:53] [info] opl3 backend ready (OPL3 detected via Adlib timer-1; InitChip applied 18 x 2-op layout; voice allocator armed). Patch bank state: runtime opl3bank.dat ACTIVE (loaded_count=128; programs >= loaded_count fall back to 8-patch placeholder covering GM family categories piano/mallet/organ/guitar/strings/brass/reed/pad). Phase 10.5 path: ship a fuller community bank as data/opl3bank.dat (DOPL3v1 format; 12-byte SBI records per GM program; loader at MidiBackendOpl3 ctor).
[10:57:53] [info] opl3 backend: PATCH_ORGAN + PATCH_MALLET RR=8 (medium release; wub-wub fix per patch 0171; was RR=0 in slot 0103 placeholder -- KEY-OFF couldn't silence; H6 reg 0xBD wave-47 falsified; H1+H5/RR=0 byte-level bug root per WAVE-46/47 analysis)
[10:57:53] [info] Sound system: MidiScheduler armed with MidiBackendOpl3 (patch 0103 Phase 10 Stage 4). Music dispatch routes via SMF parser + 18 x 2-op OPL3 voice allocator + small inline patch bank (community-sourced from Apogee Sound System / AdLib SBI public-domain refs). Pixtone SFX still active on SB16 DAC.
[10:57:53] [info] Sound system: idle-pause skipped (default OFF since patch 0119; backend=opl3 would qualify but operator did not opt-in via SDL_HINT_DOSKUTSU_IDLE_PAUSE=1). DSP stays in continuous-stream mode. Re-enable for an A/B iter once SDL/0037 ForcePause non-engagement is rooted out (task #17).
[10:57:53] [warn] Music dir Ogg/ doesn't exist
[10:57:53] [warn] Music dir Ogg11/ doesn't exist
[10:57:53] [warn] Music dir Ogg17/ doesn't exist
[10:57:53] [warn] Music dir Ogg_ridic/ doesn't exist
[10:57:53] [info] Loading Sound FX...
[10:57:54] [info] [pxt-cache] init(): HIT (loaded cache; render skipped)
[10:58:02] [info] Organya init...
[10:58:04] [info] Organya init done
[10:58:16] [info] gus SFX gain [nx0259]: 70% (SDL_HINT_DOSKUTSU_GUS_SFX_GAIN; scales the GF1 SFX voice volume to balance against velocity/CC-scaled GUS music; default 70, clamp 0..150).
[10:58:16] [info] pixtone IRQ-mix: ENABLED (default; SDL backend engaged; set SDL_HINT_DOSKUTSU_PIXTONE_IRQ_MIX=0 to disable)
[10:58:16] [info] Pixtone::setVolume: L3 active -- mid-play SFX volume updates are no-op in v1 (v2 candidate: SDL_DOSPixtoneSetGain API). gain_x256=256 stored for subsequent SDL_DOSPixtoneStart calls; currently-playing L3 channels unaffected.
[10:58:16] [info] midi ISR tick: engine registered tick_isr callback (L2b active; default ON; set SDL_HINT_DOSKUTSU_MIDI_ISR_TICK=0 to disable)
[10:58:16] [info] menu slide-in fixed-timestep: ENABLED (default; slide advances at 50 Hz logic rate)
[10:58:16] [info] Reading npc.tbl...
[10:58:16] [info] Loading tilekey.dat.
[10:58:17] [info] Script engine init.
[10:58:17] [info] Entering main loop...
[10:58:17] [info] audio mid-gap pump: DISABLED (default)
[10:58:17] [info] TAS fixed-timestep guard: ENABLED (default) (patch 0280; load_stage wall-clock kept out of the FT accumulator so TAS replay advances at a true 50 Hz; set SDL_HINT_DOSKUTSU_TAS_FT_GUARD=0 to disable)
[10:58:17] [info] load_stage ring+DMA silence flush: ENABLED (default) (set SDL_HINT_DOSKUTSU_LOADSTAGE_SILENCE=0 to disable)
[10:58:17] [info] load-band audio-underrun probe: DISABLED (default) (opt-in SDL_HINT_DOSKUTSU_LOADBAND_STAT=1)
[10:58:17] [info]  >> Entering stage 72: 'u'.
[10:58:17] [info] skip sheet flush: ENABLED (default) (SFXPAUSE-012 SHIPPED FIX; sprite sheets stay resident across caves so no per-cave re-decode -> no fire-frame pause; map_flush_graphics tilemap cache still flushes; set SDL_HINT_DOSKUTSU_SKIP_SHEET_FLUSH=0 to restore the old per-cave flush)
[10:58:17] [info] [skip-sheet-flush] cave=1
[10:58:17] [info] eager action sheets: ENABLED (default) (first-fire hitch fix: pre-loads the weapon bullet + hit/muzzle/trail caret sheets at stage load so the first fire/impact does not lazy-decode mid-gameplay; set SDL_HINT_DOSKUTSU_EAGER_ACTION_SHEETS=0 to restore lazy load)
[10:58:17] [info] Surface::loadImage palmap-diag #2: 'data/Bullet.pbm' fmt=SDL_PIXELFORMAT_ABGR8888 remap=HIT -> path=truecolor
[10:58:17] [info] Surface::loadImage palmap-diag #3: 'data/Arms.pbm' fmt=SDL_PIXELFORMAT_ABGR8888 remap=HIT -> path=truecolor
[10:58:18] [info] Surface::loadImage palmap-diag #4: 'data/Caret.pbm' fmt=SDL_PIXELFORMAT_ABGR8888 remap=HIT -> path=truecolor
[10:58:18] [info] Surface::loadImage palmap-diag #5: 'data/Npc/NpcSym.pbm' fmt=SDL_PIXELFORMAT_ABGR8888 remap=HIT -> path=truecolor
[10:58:18] [info] [eager-action-sheets] cave=1 sheets=4 wall_ms=1290
[10:58:18] [info] Surface::loadImage palmap-diag #6: 'data/Stage/PrtWhite.pbm' fmt=SDL_PIXELFORMAT_ABGR8888 remap=HIT -> path=truecolor
[10:58:19] [info] load_stage: entry-music preload ENABLED (default) (set SDL_HINT_DOSKUTSU_PRELOAD_STAGE_MUSIC=0 to disable)
[10:58:19] [info] Surface::loadImage palmap-diag #7: 'data/bk0.pbm' fmt=SDL_PIXELFORMAT_ABGR8888 remap=HIT -> path=truecolor
[10:58:19] [info] gameloop: entered (curmap=72, running=1)
[10:58:19] [info] gameloop: iter 1 ticks=31195 mapno=-1
[10:58:19] [info] fixed-timestep: ENABLED (default; logic 50 Hz, decoupled from render)
[10:58:19] [info] map: BG skip-when-unchanged DISABLED (default) (set SDL_HINT_DOSKUTSU_BG_SKIP_WHEN_UNCHANGED=1 to enable; default OFF since wave-61 -- abandoned, it shipped a backdrop-black flicker and its +0.87 fps was below the noise floor)
[10:58:19] [info] map: skip-redundant-clear lever ENABLED (default since wave-53 promotion)
[10:58:19] [info] perf-mode: level=0 (faithful (default))
[10:58:19] [info] Surface::loadImage palmap-diag #8: 'data/Npc/NpcKings.pbm' fmt=SDL_PIXELFORMAT_ABGR8888 remap=HIT -> path=truecolor
[10:58:19] [info] audio tick-boundary pump: DISABLED (default)
[10:58:19] [info] gameloop: iter 2 ticks=31591 mapno=-1
[10:58:19] [info] gameloop: iter 3 ticks=31647 mapno=-1
[10:58:20] [info] direct-vesa: snapshot @gen=2 use_dosmemput=0 banked_multibank=0 pitches_match=1 vram_w=320 vram_h=240 vram_pitch=320 bpp=1 fb_size=76800 vram_phys=0x78000000 vram_ptr=0x77c00000
[10:58:20] [info] flip-probe: flip #10 ok=true present=3ms inter_flip_ms=31 drawcalls-since-flip=6 drawcalls-total=43 fail-total=0 null-skips-total=0
[10:58:20] [info] flip-probe: flip #20 ok=true present=2ms inter_flip_ms=30 drawcalls-since-flip=4 drawcalls-total=92 fail-total=0 null-skips-total=0
[10:58:21] [info] flip-probe: flip #30 ok=true present=3ms inter_flip_ms=63 drawcalls-since-flip=326 drawcalls-total=2707 fail-total=0 null-skips-total=0
[10:58:21] [info] flip-probe: flip #40 ok=true present=3ms inter_flip_ms=57 drawcalls-since-flip=264 drawcalls-total=5837 fail-total=0 null-skips-total=0
[10:58:22] [info] flip-probe: flip #50 ok=true present=3ms inter_flip_ms=35 drawcalls-since-flip=67 drawcalls-total=7392 fail-total=0 null-skips-total=0
[10:58:22] [info] flip-probe: flip #60 ok=true present=3ms inter_flip_ms=28 drawcalls-since-flip=4 drawcalls-total=7502 fail-total=0 null-skips-total=0
[10:58:22] [info] flip-probe: flip #70 ok=true present=2ms inter_flip_ms=29 drawcalls-since-flip=6 drawcalls-total=7557 fail-total=0 null-skips-total=0
[10:58:23] [info] flip-probe: flip #80 ok=true present=3ms inter_flip_ms=20 drawcalls-since-flip=0 drawcalls-total=7586 fail-total=0 null-skips-total=0
[10:58:23] [info] flip-probe: flip #90 ok=true present=3ms inter_flip_ms=20 drawcalls-since-flip=0 drawcalls-total=7586 fail-total=0 null-skips-total=0
[10:58:23] [info] gameloop: iter 600 ticks=35025 mapno=-1
[10:58:23] [info] title: eager-title-IO phase tag ENABLED (default) (set SDL_HINT_DOSKUTSU_EAGER_TITLE_IO=0 to disable)
[10:58:24] [warn] MidiScheduler::_refresh_isr_buffer: track has 27749 events; ISR buffer is 16384 (truncated; events after 16384 will not dispatch under L2b ON -- the engine-thread tick() path still uses _events directly under L2b OFF)
[10:58:24] [info] MidiScheduler::load: parsed 'data/orgmid2/curly.mid' = 27749 events at 48 PPQ
[10:58:24] [info] opl3 backend: on_song_start
[10:58:24] [info] gameloop: entered (curmap=1005, running=1)
[10:58:24] [info] gameloop: iter 1 ticks=36064 mapno=-1
[10:58:24] [info] map: backdrop cache ENABLED (default) (set SDL_HINT_DOSKUTSU_BACKDROP_CACHE=0 to disable)
[10:58:25] [info] gameloop: iter 2 ticks=36853 mapno=-1
[10:58:25] [info] gameloop: iter 3 ticks=36894 mapno=-1
[10:58:25] [info] backdrop cache: thrashing-detect engaged (streak=4, route=direct)
[10:58:25] [info] flip-probe: flip #100 ok=true present=3ms inter_flip_ms=33 drawcalls-since-flip=75 drawcalls-total=7886 fail-total=0 null-skips-total=0
[10:58:25] [info] alpha audit block 0: 7798 total drawcalls, 0 with alpha<255 (block pct_x10=0; global 0/7798 pct_x10=0); alpha-mod skipped: block=0 global=0
[10:58:25] [info] fastpath audit block 0: taken=7798 (idx8=7798) skipped=0 pct_x10=1000; global taken=7798 (idx8=7798) skipped=0 pct_x10=1000
[10:58:25] [info] primitive tally block 0: clear=220(hr=220) fill=0(hr=0) rect=0(hr=0) line=0(hr=0) tint=0 spotlight=0 (over 100 flips ending at flip 100)
[10:58:25] [info] color/alpha audit block 0: cmod_white=104 cmod_black=0 (idx=0) cmod_general=84 (idx=84) cmod_fb=0; alpha_taken=0 alpha_skipped=0 (global cmod=104/0/84/0 idx=0/84 alpha=0/0)
[10:58:25] [info] phase timing block 0: drawcalls=8209 dc_total_ms=1387 flip_inner_total_ms=783 inter_flip_total_ms=32329 (per-flip avg x10: dc_ms=138 fi_ms=78 if_ms=3232 derived audio+engine_ms=3016; per-drawcall avg us_x10=1690) [direct-vesa: presents=97 total_ms=282 avg_ms_x10=29 failed=0] [ablation: NO_DC_TIMING=0 CACHE_WINSURF=0 DIRECT_VESA=1]
[10:58:25] [info] kbd/audio block 0: kbd_irq=0 kbd_drain=0 ring_chunks=16 pump_pass=99 pic1_mask=0xb8 first_irq_ticks=0 install_ticks=0 vector_at_install=0x0083a060 pic1_mask_live=0x38 kbd_8042_stat=0x34 bios_kbd_head=0x002a bios_kbd_tail=0x002a bios_kbd_buf0=0x1970
[10:58:25] [info] audio/engine split block 0: audio_mixer_calls=0 audio_mixer_ms_x10=0 engine_tick_calls=99 engine_tick_ms_x10=494 audio_service_calls=0 audio_service_ms_x10=0 (per-flip avg; per-call us_x10: audio_mix=0 engine_tick=499519 audio_service=0; global ns: audio_mix=0 engine_tick=4945239613 audio_service=0)
[10:58:25] [info] pixtone multi-source probe: DISABLED (default)
[10:58:25] [info] dirty-rect block @flip=100: total_calls=0 dirty_rects_avg=0 dirty_pct_x10=990 forced_full=0 first_n_force=3 threshold_exceeded=2 dirty_path_taken=0 full_flush_taken=3
[10:58:25] [info] prev-frame-diff block @flip=100: diff_calls=0 diff_rects_avg=0 diff_dirty_pct_x10=0 bbox_pct_x10=0 bbox_thresh_exceeded=0
[10:58:25] [info] flip-probe: flip #110 ok=true present=3ms inter_flip_ms=27 drawcalls-since-flip=75 drawcalls-total=8636 fail-total=0 null-skips-total=0
[10:58:25] [info] flip-probe: flip #120 ok=true present=3ms inter_flip_ms=27 drawcalls-since-flip=75 drawcalls-total=9386 fail-total=0 null-skips-total=0
[10:58:26] [info] flip-probe: flip #130 ok=true present=4ms inter_flip_ms=19 drawcalls-since-flip=0 drawcalls-total=9986 fail-total=0 null-skips-total=0
[10:58:26] [info] Loading profile from profile.dat
[10:58:26] [error] profile_load: unable to open 'profile.dat'
[10:58:26] [info] Loading profile from profile2.dat
[10:58:26] [error] profile_load: unable to open 'profile2.dat'
[10:58:26] [info] Loading profile from profile3.dat
[10:58:26] [info] Loading profile from profile4.dat
[10:58:26] [error] profile_load: unable to open 'profile4.dat'
[10:58:26] [info] Loading profile from profile5.dat
[10:58:26] [info] flip-probe: flip #140 ok=true present=3ms inter_flip_ms=48 drawcalls-since-flip=214 drawcalls-total=10842 fail-total=0 null-skips-total=0
[10:58:27] [info] flip-probe: flip #150 ok=true present=3ms inter_flip_ms=48 drawcalls-since-flip=214 drawcalls-total=12982 fail-total=0 null-skips-total=0
[10:58:27] [info] Writing settings...
[10:58:27] [info] flip-probe: flip #160 ok=true present=3ms inter_flip_ms=20 drawcalls-since-flip=0 drawcalls-total=13846 fail-total=0 null-skips-total=0
[10:58:27] [info] flip-probe: flip #170 ok=true present=3ms inter_flip_ms=20 drawcalls-since-flip=0 drawcalls-total=13846 fail-total=0 null-skips-total=0
[10:58:27] [info] gameloop: iter 600 ticks=39478 mapno=-1
[10:58:27] [info] opl3 backend: on_song_stop
[10:58:27] [info] Loading profile from profile5.dat
[10:58:27] [info]  >> Entering stage 20: 'Save Point'.
[10:58:27] [info] [skip-sheet-flush] cave=2
[10:58:28] [info] MidiScheduler::load: parsed 'data/orgmid2/mura.mid' = 7123 events at 48 PPQ
[10:58:28] [info] opl3 backend: on_song_start
[10:58:28] [info] gameloop: entered (curmap=20, running=1)
[10:58:28] [info] gameloop: iter 1 ticks=40583 mapno=-1
[10:58:28] [info] TAS stall discount: ENABLED (default) (patch 0286; a replay frame over 150 ms is a load, not slow rendering, so it contributes 1 tick instead of its wall-clock; set SDL_HINT_DOSKUTSU_TAS_STALL_DISCOUNT=0 to disable)
[10:58:28] [info] TAS accumulator clamp: DISABLED (default) (patch 0281; caps the FT accumulator delta at one tick during TAS so a stalled frame cannot race the replay index; set SDL_HINT_DOSKUTSU_TAS_FT_GUARD=0 to disable)
[10:58:29] [info] gameloop: iter 2 ticks=40627 mapno=-1
[10:58:29] [info] gameloop: iter 3 ticks=40665 mapno=-1
[10:58:29] [info] flip-probe: flip #180 ok=true present=3ms inter_flip_ms=29 drawcalls-since-flip=17 drawcalls-total=13971 fail-total=0 null-skips-total=0
[10:58:29] [info] flip-probe: flip #190 ok=true present=3ms inter_flip_ms=29 drawcalls-since-flip=17 drawcalls-total=14141 fail-total=0 null-skips-total=0
[10:58:29] [info] flip-probe: flip #200 ok=true present=3ms inter_flip_ms=31 drawcalls-since-flip=17 drawcalls-total=14311 fail-total=0 null-skips-total=0
[10:58:29] [info] alpha audit block 0: 5788 total drawcalls, 0 with alpha<255 (block pct_x10=0; global 0/13586 pct_x10=0); alpha-mod skipped: block=0 global=0
[10:58:29] [info] fastpath audit block 0: taken=5788 (idx8=5788) skipped=0 pct_x10=1000; global taken=13586 (idx8=13586) skipped=0 pct_x10=1000
[10:58:29] [info] primitive tally block 0: clear=201(hr=201) fill=0(hr=0) rect=0(hr=0) line=0(hr=0) tint=0 spotlight=0 (over 100 flips ending at flip 200)
[10:58:29] [info] color/alpha audit block 0: cmod_white=1438 cmod_black=0 (idx=0) cmod_general=609 (idx=609) cmod_fb=0; alpha_taken=0 alpha_skipped=0 (global cmod=1542/0/693/0 idx=0/693 alpha=0/0)
[10:58:29] [info] phase timing block 0: drawcalls=8036 dc_total_ms=1281 flip_inner_total_ms=464 inter_flip_total_ms=4380 (per-flip avg x10: dc_ms=128 fi_ms=46 if_ms=438 derived audio+engine_ms=264; per-drawcall avg us_x10=1595) [direct-vesa: presents=100 total_ms=281 avg_ms_x10=28 failed=0] [ablation: NO_DC_TIMING=0 CACHE_WINSURF=0 DIRECT_VESA=1]
[10:58:29] [info] kbd/audio block 0: kbd_irq=0 kbd_drain=0 ring_chunks=16 pump_pass=211 pic1_mask=0xb8 first_irq_ticks=0 install_ticks=0 vector_at_install=0x0083a060 pic1_mask_live=0x38 kbd_8042_stat=0x34 bios_kbd_head=0x002a bios_kbd_tail=0x002a bios_kbd_buf0=0x1970
[10:58:29] [info] audio/engine split block 0: audio_mixer_calls=0 audio_mixer_ms_x10=0 engine_tick_calls=76 engine_tick_ms_x10=182 audio_service_calls=0 audio_service_ms_x10=0 (per-flip avg; per-call us_x10: audio_mix=0 engine_tick=240336 audio_service=0; global ns: audio_mix=0 engine_tick=6771796374 audio_service=0)
[10:58:29] [info] dirty-rect block @flip=200: total_calls=0 dirty_rects_avg=1 dirty_pct_x10=1000 forced_full=0 first_n_force=0 threshold_exceeded=0 dirty_path_taken=0 full_flush_taken=0
[10:58:29] [info] prev-frame-diff block @flip=200: diff_calls=0 diff_rects_avg=0 diff_dirty_pct_x10=0 bbox_pct_x10=0 bbox_thresh_exceeded=0
[10:58:30] [info] flip-probe: flip #210 ok=true present=3ms inter_flip_ms=31 drawcalls-since-flip=17 drawcalls-total=14481 fail-total=0 null-skips-total=0
[10:58:30] [info] flip-probe: flip #220 ok=true present=3ms inter_flip_ms=31 drawcalls-since-flip=17 drawcalls-total=14651 fail-total=0 null-skips-total=0
[10:58:30] [info] flip-probe: flip #230 ok=true present=3ms inter_flip_ms=29 drawcalls-since-flip=17 drawcalls-total=14821 fail-total=0 null-skips-total=0
[10:58:31] [info] flip-probe: flip #240 ok=true present=3ms inter_flip_ms=68 drawcalls-since-flip=358 drawcalls-total=16615 fail-total=0 null-skips-total=0
[10:58:31] [info]  >> Entering stage 11: 'Mimiga Village'.
[10:58:31] [info] [skip-sheet-flush] cave=3
[10:58:31] [info] [load-stage] preloading entry music song=9 (cave=3)
[10:58:32] [info] gameloop: entered (curmap=11, running=1)
[10:58:32] [info] gameloop: iter 1 ticks=43681 mapno=-1
[10:58:32] [info] map: mds_clear LUT ENABLED (default) (set SDL_HINT_DOSKUTSU_MDS_CLEAR_LUT=0 to disable; default ON; patch 0144 wave-49 bandwidth lever)
[10:58:32] [info] mds-clear-lut: rebuilt N=240 entries (k_skip=0% k_keep=100%; curmap=11 map_size=60x60; rebuild #1 since boot)
[10:58:32] [info] backdrop thrash full-cover ENABLED (default) (set SDL_HINT_DOSKUTSU_THRASH_FULLCOVER=0 to disable)
[10:58:32] [info] [bd-diag] backdrop render-path diag disabled (default) (set SDL_HINT_DOSKUTSU_BACKDROP_DIAG=1 to enable)
[10:58:32] [info] gameloop: iter 2 ticks=43801 mapno=-1
[10:58:32] [info] gameloop: iter 3 ticks=43893 mapno=-1
[10:58:32] [info] backdrop cache: thrashing-detect engaged (streak=4, route=direct)
[10:58:32] [info] flip-probe: flip #250 ok=true present=3ms inter_flip_ms=70 drawcalls-since-flip=176 drawcalls-total=19703 fail-total=0 null-skips-total=0
[10:58:33] [info] flip-probe: flip #260 ok=true present=3ms inter_flip_ms=42 drawcalls-since-flip=43 drawcalls-total=20133 fail-total=0 null-skips-total=0
[10:58:33] [info] flip-probe: flip #270 ok=true present=3ms inter_flip_ms=46 drawcalls-since-flip=46 drawcalls-total=20581 fail-total=0 null-skips-total=0
[10:58:33] [info] flip-probe: flip #280 ok=true present=3ms inter_flip_ms=46 drawcalls-since-flip=43 drawcalls-total=21032 fail-total=0 null-skips-total=0
[10:58:34] [info] flip-probe: flip #290 ok=true present=3ms inter_flip_ms=42 drawcalls-since-flip=43 drawcalls-total=21462 fail-total=0 null-skips-total=0
[10:58:34] [info] flip-probe: flip #300 ok=true present=3ms inter_flip_ms=47 drawcalls-since-flip=43 drawcalls-total=21892 fail-total=0 null-skips-total=0
[10:58:34] [info] alpha audit block 0: 6797 total drawcalls, 0 with alpha<255 (block pct_x10=0; global 0/20383 pct_x10=0); alpha-mod skipped: block=0 global=0
[10:58:34] [info] fastpath audit block 0: taken=6797 (idx8=6797) skipped=0 pct_x10=1000; global taken=20383 (idx8=20383) skipped=0 pct_x10=1000
[10:58:34] [info] primitive tally block 0: clear=201(hr=201) fill=0(hr=0) rect=0(hr=0) line=0(hr=0) tint=0 spotlight=0 (over 100 flips ending at flip 300)
[10:58:34] [info] color/alpha audit block 0: cmod_white=728 cmod_black=728 (idx=728) cmod_general=0 (idx=0) cmod_fb=0; alpha_taken=0 alpha_skipped=0 (global cmod=2270/728/693/0 idx=728/693 alpha=0/0)
[10:58:34] [info] phase timing block 0: drawcalls=8459 dc_total_ms=1087 flip_inner_total_ms=449 inter_flip_total_ms=5157 (per-flip avg x10: dc_ms=108 fi_ms=44 if_ms=515 derived audio+engine_ms=363; per-drawcall avg us_x10=1285) [direct-vesa: presents=100 total_ms=282 avg_ms_x10=28 failed=0] [ablation: NO_DC_TIMING=0 CACHE_WINSURF=0 DIRECT_VESA=1]
[10:58:34] [info] kbd/audio block 0: kbd_irq=0 kbd_drain=0 ring_chunks=16 pump_pass=436 pic1_mask=0xb8 first_irq_ticks=0 install_ticks=0 vector_at_install=0x0083a060 pic1_mask_live=0x38 kbd_8042_stat=0x34 bios_kbd_head=0x002a bios_kbd_tail=0x002a bios_kbd_buf0=0x1970
[10:58:34] [info] [tile-speedup-stat n=100 drawtile_us=113.25 raw_blit_us=70.97 ratio=1.60]
[10:58:34] [info] dirty-rect block @flip=300: total_calls=100 dirty_rects_avg=1 dirty_pct_x10=1000 forced_full=0 first_n_force=0 threshold_exceeded=0 dirty_path_taken=0 full_flush_taken=0
[10:58:34] [info] prev-frame-diff block @flip=300: diff_calls=0 diff_rects_avg=0 diff_dirty_pct_x10=0 bbox_pct_x10=0 bbox_thresh_exceeded=0
[10:58:35] [info] backdrop cache: thrashing-detect engaged (streak=64, route=direct)
[10:58:35] [info] flip-probe: flip #310 ok=true present=3ms inter_flip_ms=51 drawcalls-since-flip=43 drawcalls-total=22422 fail-total=0 null-skips-total=0
[10:58:35] [info] flip-probe: flip #320 ok=true present=3ms inter_flip_ms=52 drawcalls-since-flip=43 drawcalls-total=22852 fail-total=0 null-skips-total=0
[10:58:36] [info] flip-probe: flip #330 ok=true present=3ms inter_flip_ms=42 drawcalls-since-flip=43 drawcalls-total=23282 fail-total=0 null-skips-total=0
[10:58:36] [info] flip-probe: flip #340 ok=true present=3ms inter_flip_ms=44 drawcalls-since-flip=43 drawcalls-total=23712 fail-total=0 null-skips-total=0
[10:58:37] [info] flip-probe: flip #350 ok=true present=3ms inter_flip_ms=44 drawcalls-since-flip=45 drawcalls-total=24150 fail-total=0 null-skips-total=0
[10:58:37] [info] flip-probe: flip #360 ok=true present=3ms inter_flip_ms=43 drawcalls-since-flip=43 drawcalls-total=24597 fail-total=0 null-skips-total=0
[10:58:38] [info] backdrop cache: thrashing-detect engaged (streak=124, route=direct)
[10:58:38] [info] flip-probe: flip #370 ok=true present=3ms inter_flip_ms=47 drawcalls-since-flip=16 drawcalls-total=24870 fail-total=0 null-skips-total=0
[10:58:38] [info] flip-probe: flip #380 ok=true present=3ms inter_flip_ms=43 drawcalls-since-flip=17 drawcalls-total=25050 fail-total=0 null-skips-total=0
[10:58:38] [info] flip-probe: flip #390 ok=true present=3ms inter_flip_ms=41 drawcalls-since-flip=15 drawcalls-total=25204 fail-total=0 null-skips-total=0
[10:58:39] [info] flip-probe: flip #400 ok=true present=3ms inter_flip_ms=42 drawcalls-since-flip=18 drawcalls-total=25375 fail-total=0 null-skips-total=0
[10:58:39] [info] alpha audit block 0: 2551 total drawcalls, 0 with alpha<255 (block pct_x10=0; global 0/22934 pct_x10=0); alpha-mod skipped: block=0 global=0
[10:58:39] [info] fastpath audit block 0: taken=2551 (idx8=2551) skipped=0 pct_x10=1000; global taken=22934 (idx8=22934) skipped=0 pct_x10=1000
[10:58:39] [info] primitive tally block 0: clear=200(hr=200) fill=0(hr=0) rect=0(hr=0) line=0(hr=0) tint=0 spotlight=0 (over 100 flips ending at flip 400)
[10:58:39] [info] color/alpha audit block 0: cmod_white=832 cmod_black=832 (idx=832) cmod_general=0 (idx=0) cmod_fb=0; alpha_taken=0 alpha_skipped=0 (global cmod=3102/1560/693/0 idx=1560/693 alpha=0/0)
[10:58:39] [info] phase timing block 0: drawcalls=4415 dc_total_ms=711 flip_inner_total_ms=677 inter_flip_total_ms=4471 (per-flip avg x10: dc_ms=71 fi_ms=67 if_ms=447 derived audio+engine_ms=309; per-drawcall avg us_x10=1610) [direct-vesa: presents=100 total_ms=282 avg_ms_x10=28 failed=0] [ablation: NO_DC_TIMING=0 CACHE_WINSURF=0 DIRECT_VESA=1]
[10:58:39] [info] kbd/audio block 0: kbd_irq=0 kbd_drain=0 ring_chunks=16 pump_pass=659 pic1_mask=0xb8 first_irq_ticks=0 install_ticks=0 vector_at_install=0x0083a060 pic1_mask_live=0x38 kbd_8042_stat=0x34 bios_kbd_head=0x002a bios_kbd_tail=0x002a bios_kbd_buf0=0x1970
[10:58:39] [info] dirty-rect block @flip=400: total_calls=0 dirty_rects_avg=1 dirty_pct_x10=1000 forced_full=0 first_n_force=0 threshold_exceeded=0 dirty_path_taken=0 full_flush_taken=0
[10:58:39] [info] prev-frame-diff block @flip=400: diff_calls=0 diff_rects_avg=0 diff_dirty_pct_x10=0 bbox_pct_x10=0 bbox_thresh_exceeded=0
[10:58:39] [info] tas: stall frame 322 ms -> contributing 1 tick (patch 0286)
[10:58:40] [info] flip-probe: flip #410 ok=true present=3ms inter_flip_ms=41 drawcalls-since-flip=16 drawcalls-total=25548 fail-total=0 null-skips-total=0
[10:58:40] [info] flip-probe: flip #420 ok=true present=3ms inter_flip_ms=42 drawcalls-since-flip=15 drawcalls-total=25699 fail-total=0 null-skips-total=0
[10:58:40] [info] backdrop cache: thrashing-detect engaged (streak=184, route=direct)
[10:58:40] [info] flip-probe: flip #430 ok=true present=3ms inter_flip_ms=57 drawcalls-since-flip=109 drawcalls-total=25943 fail-total=0 null-skips-total=0
[10:58:41] [info]  >> Entering stage 17: 'Yamashita Farm'.
[10:58:41] [info] [skip-sheet-flush] cave=4
[10:58:41] [info] [load-stage] preloading entry music song=13 (cave=4)
[10:58:41] [info] opl3 backend: on_song_stop
[10:58:42] [info] MidiScheduler::load: parsed 'data/orgmid2/plant.mid' = 6246 events at 48 PPQ
[10:58:42] [info] opl3 backend: on_song_start
[10:58:42] [info] gameloop: entered (curmap=17, running=1)
[10:58:42] [info] gameloop: iter 1 ticks=53848 mapno=-1
[10:58:42] [info] mds-clear-lut: rebuilt N=240 entries (k_skip=33% k_keep=67%; curmap=17 map_size=40x16; rebuild #2 since boot)
[10:58:42] [info] flip-probe: flip #440 ok=true present=3ms inter_flip_ms=974 drawcalls-since-flip=399 drawcalls-total=28508 fail-total=0 null-skips-total=0
[10:58:42] [info] gameloop: iter 2 ticks=54085 mapno=-1
[10:58:42] [info] tas: stall frame 236 ms -> contributing 1 tick (patch 0286)
[10:58:42] [info] gameloop: iter 3 ticks=54172 mapno=-1
[10:58:43] [info] flip-probe: flip #450 ok=true present=3ms inter_flip_ms=54 drawcalls-since-flip=122 drawcalls-total=31510 fail-total=0 null-skips-total=0
[10:58:43] [info] flip-probe: flip #460 ok=true present=3ms inter_flip_ms=59 drawcalls-since-flip=143 drawcalls-total=32899 fail-total=0 null-skips-total=0
[10:58:44] [info] flip-probe: flip #470 ok=true present=3ms inter_flip_ms=69 drawcalls-since-flip=147 drawcalls-total=34333 fail-total=0 null-skips-total=0
[10:58:44] [info] backdrop cache: thrashing-detect engaged (streak=4, route=direct)
[10:58:45] [info] flip-probe: flip #480 ok=true present=3ms inter_flip_ms=61 drawcalls-since-flip=133 drawcalls-total=35672 fail-total=0 null-skips-total=0
[10:58:45] [info] run_tick_fixed #900: heartbeat (loop alive)
[10:58:45] [info] flip-probe: flip #490 ok=true present=3ms inter_flip_ms=64 drawcalls-since-flip=142 drawcalls-total=37049 fail-total=0 null-skips-total=0
[10:58:46] [info] flip-probe: flip #500 ok=true present=4ms inter_flip_ms=64 drawcalls-since-flip=144 drawcalls-total=38512 fail-total=0 null-skips-total=0
[10:58:46] [info] alpha audit block 0: 12244 total drawcalls, 0 with alpha<255 (block pct_x10=0; global 0/35178 pct_x10=0); alpha-mod skipped: block=0 global=0
[10:58:46] [info] fastpath audit block 0: taken=12244 (idx8=12244) skipped=0 pct_x10=1000; global taken=35178 (idx8=35178) skipped=0 pct_x10=1000
[10:58:46] [info] primitive tally block 0: clear=201(hr=201) fill=0(hr=0) rect=0(hr=0) line=0(hr=0) tint=0 spotlight=0 (over 100 flips ending at flip 500)
[10:58:46] [info] color/alpha audit block 0: cmod_white=793 cmod_black=793 (idx=793) cmod_general=0 (idx=0) cmod_fb=0; alpha_taken=0 alpha_skipped=0 (global cmod=3895/2353/693/0 idx=2353/693 alpha=0/0)
[10:58:46] [info] phase timing block 0: drawcalls=14064 dc_total_ms=1455 flip_inner_total_ms=453 inter_flip_total_ms=6998 (per-flip avg x10: dc_ms=145 fi_ms=45 if_ms=699 derived audio+engine_ms=509; per-drawcall avg us_x10=1035) [direct-vesa: presents=100 total_ms=284 avg_ms_x10=28 failed=0] [ablation: NO_DC_TIMING=0 CACHE_WINSURF=0 DIRECT_VESA=1]
[10:58:46] [info] kbd/audio block 0: kbd_irq=0 kbd_drain=0 ring_chunks=16 pump_pass=943 pic1_mask=0xb8 first_irq_ticks=0 install_ticks=0 vector_at_install=0x0083a060 pic1_mask_live=0x38 kbd_8042_stat=0x34 bios_kbd_head=0x002a bios_kbd_tail=0x002a bios_kbd_buf0=0x1970
[10:58:46] [info] dirty-rect block @flip=500: total_calls=0 dirty_rects_avg=1 dirty_pct_x10=1000 forced_full=0 first_n_force=0 threshold_exceeded=0 dirty_path_taken=0 full_flush_taken=0
[10:58:46] [info] prev-frame-diff block @flip=500: diff_calls=0 diff_rects_avg=0 diff_dirty_pct_x10=0 bbox_pct_x10=0 bbox_thresh_exceeded=0
[10:58:47] [info] flip-probe: flip #510 ok=true present=3ms inter_flip_ms=63 drawcalls-since-flip=142 drawcalls-total=39956 fail-total=0 null-skips-total=0
[10:58:47] [info] flip-probe: flip #520 ok=true present=3ms inter_flip_ms=72 drawcalls-since-flip=136 drawcalls-total=41311 fail-total=0 null-skips-total=0
[10:58:48] [info] backdrop cache: thrashing-detect engaged (streak=4, route=direct)
[10:58:48] [info] flip-probe: flip #530 ok=true present=2ms inter_flip_ms=61 drawcalls-since-flip=137 drawcalls-total=42584 fail-total=0 null-skips-total=0
[10:58:48] [info] flip-probe: flip #540 ok=true present=3ms inter_flip_ms=59 drawcalls-since-flip=134 drawcalls-total=43907 fail-total=0 null-skips-total=0
[10:58:49] [info] flip-probe: flip #550 ok=true present=3ms inter_flip_ms=59 drawcalls-since-flip=131 drawcalls-total=45242 fail-total=0 null-skips-total=0
[10:58:50] [info] flip-probe: flip #560 ok=true present=3ms inter_flip_ms=57 drawcalls-since-flip=101 drawcalls-total=46502 fail-total=0 null-skips-total=0
[10:58:50] [info] flip-probe: flip #570 ok=true present=3ms inter_flip_ms=58 drawcalls-since-flip=109 drawcalls-total=47565 fail-total=0 null-skips-total=0
[10:58:51] [info] flip-probe: flip #580 ok=true present=2ms inter_flip_ms=67 drawcalls-since-flip=114 drawcalls-total=48721 fail-total=0 null-skips-total=0
[10:58:51] [info] backdrop cache: thrashing-detect engaged (streak=4, route=direct)
[10:58:51] [info] flip-probe: flip #590 ok=true present=3ms inter_flip_ms=60 drawcalls-since-flip=110 drawcalls-total=49826 fail-total=0 null-skips-total=0
[10:58:52] [info] flip-probe: flip #600 ok=true present=3ms inter_flip_ms=62 drawcalls-since-flip=117 drawcalls-total=50961 fail-total=0 null-skips-total=0
[10:58:52] [info] alpha audit block 0: 11582 total drawcalls, 0 with alpha<255 (block pct_x10=0; global 0/46760 pct_x10=0); alpha-mod skipped: block=0 global=0
[10:58:52] [info] fastpath audit block 0: taken=11582 (idx8=11582) skipped=0 pct_x10=1000; global taken=46760 (idx8=46760) skipped=0 pct_x10=1000
[10:58:52] [info] primitive tally block 0: clear=200(hr=200) fill=0(hr=0) rect=0(hr=0) line=0(hr=0) tint=0 spotlight=0 (over 100 flips ending at flip 600)
[10:58:52] [info] color/alpha audit block 0: cmod_white=767 cmod_black=767 (idx=767) cmod_general=0 (idx=0) cmod_fb=0; alpha_taken=0 alpha_skipped=0 (global cmod=4662/3120/693/0 idx=3120/693 alpha=0/0)
[10:58:52] [info] phase timing block 0: drawcalls=13324 dc_total_ms=1102 flip_inner_total_ms=461 inter_flip_total_ms=6212 (per-flip avg x10: dc_ms=110 fi_ms=46 if_ms=621 derived audio+engine_ms=465; per-drawcall avg us_x10=827) [direct-vesa: presents=100 total_ms=284 avg_ms_x10=28 failed=0] [ablation: NO_DC_TIMING=0 CACHE_WINSURF=0 DIRECT_VESA=1]
[10:58:52] [info] kbd/audio block 0: kbd_irq=0 kbd_drain=0 ring_chunks=16 pump_pass=1254 pic1_mask=0xb8 first_irq_ticks=0 install_ticks=0 vector_at_install=0x0083a060 pic1_mask_live=0x38 kbd_8042_stat=0x34 bios_kbd_head=0x002a bios_kbd_tail=0x002a bios_kbd_buf0=0x1970
[10:58:52] [info] dirty-rect block @flip=600: total_calls=0 dirty_rects_avg=1 dirty_pct_x10=1000 forced_full=0 first_n_force=0 threshold_exceeded=0 dirty_path_taken=0 full_flush_taken=0
[10:58:52] [info] prev-frame-diff block @flip=600: diff_calls=0 diff_rects_avg=0 diff_dirty_pct_x10=0 bbox_pct_x10=0 bbox_thresh_exceeded=0
[10:58:53] [info] flip-probe: flip #610 ok=true present=3ms inter_flip_ms=60 drawcalls-since-flip=112 drawcalls-total=52106 fail-total=0 null-skips-total=0
[10:58:53] [info] flip-probe: flip #620 ok=true present=3ms inter_flip_ms=60 drawcalls-since-flip=113 drawcalls-total=53231 fail-total=0 null-skips-total=0
[10:58:54] [info] flip-probe: flip #630 ok=true present=3ms inter_flip_ms=57 drawcalls-since-flip=112 drawcalls-total=54345 fail-total=0 null-skips-total=0
[10:58:55] [info] flip-probe: flip #640 ok=true present=3ms inter_flip_ms=60 drawcalls-since-flip=121 drawcalls-total=55463 fail-total=0 null-skips-total=0
[10:58:55] [info] backdrop cache: thrashing-detect engaged (streak=64, route=direct)
[10:58:55] [info] flip-probe: flip #650 ok=true present=3ms inter_flip_ms=59 drawcalls-since-flip=118 drawcalls-total=56668 fail-total=0 null-skips-total=0
[10:58:56] [info] flip-probe: flip #660 ok=true present=3ms inter_flip_ms=59 drawcalls-since-flip=116 drawcalls-total=57832 fail-total=0 null-skips-total=0
[10:58:56] [info] flip-probe: flip #670 ok=true present=3ms inter_flip_ms=58 drawcalls-since-flip=116 drawcalls-total=59009 fail-total=0 null-skips-total=0
[10:58:57] [info] flip-probe: flip #680 ok=true present=3ms inter_flip_ms=68 drawcalls-since-flip=281 drawcalls-total=60522 fail-total=0 null-skips-total=0
[10:58:57] [info]  >> Entering stage 11: 'Mimiga Village'.
[10:58:57] [info] [skip-sheet-flush] cave=5
[10:58:58] [info] [load-stage] preloading entry music song=9 (cave=5)
[10:58:58] [info] opl3 backend: on_song_stop
[10:58:58] [info] MidiScheduler::load: parsed 'data/orgmid2/mura.mid' = 7123 events at 48 PPQ
[10:58:58] [info] opl3 backend: on_song_start
[10:58:58] [info] gameloop: entered (curmap=11, running=1)
[10:58:58] [info] gameloop: iter 1 ticks=70328 mapno=-1
[10:58:58] [info] mds-clear-lut: rebuilt N=240 entries (k_skip=0% k_keep=100%; curmap=11 map_size=60x60; rebuild #3 since boot)
[10:58:58] [info] gameloop: iter 2 ticks=70421 mapno=-1
[10:58:58] [info] gameloop: iter 3 ticks=70519 mapno=-1
[10:58:58] [info] backdrop cache: thrashing-detect engaged (streak=4, route=direct)
[10:58:59] [info] flip-probe: flip #690 ok=true present=3ms inter_flip_ms=87 drawcalls-since-flip=345 drawcalls-total=63948 fail-total=0 null-skips-total=0
[10:58:59] [info] flip-probe: flip #700 ok=true present=3ms inter_flip_ms=43 drawcalls-since-flip=41 drawcalls-total=65087 fail-total=0 null-skips-total=0
[10:58:59] [info] alpha audit block 0: 13844 total drawcalls, 0 with alpha<255 (block pct_x10=0; global 0/60604 pct_x10=0); alpha-mod skipped: block=0 global=0
[10:58:59] [info] fastpath audit block 0: taken=13844 (idx8=13844) skipped=0 pct_x10=1000; global taken=60604 (idx8=60604) skipped=0 pct_x10=1000
[10:58:59] [info] primitive tally block 0: clear=201(hr=201) fill=0(hr=0) rect=0(hr=0) line=0(hr=0) tint=0 spotlight=0 (over 100 flips ending at flip 700)
[10:58:59] [info] color/alpha audit block 0: cmod_white=182 cmod_black=182 (idx=182) cmod_general=0 (idx=0) cmod_fb=0; alpha_taken=0 alpha_skipped=0 (global cmod=4844/3302/693/0 idx=3302/693 alpha=0/0)
[10:58:59] [info] phase timing block 0: drawcalls=14412 dc_total_ms=1267 flip_inner_total_ms=447 inter_flip_total_ms=7050 (per-flip avg x10: dc_ms=126 fi_ms=44 if_ms=705 derived audio+engine_ms=535; per-drawcall avg us_x10=879) [direct-vesa: presents=100 total_ms=281 avg_ms_x10=28 failed=0] [ablation: NO_DC_TIMING=0 CACHE_WINSURF=0 DIRECT_VESA=1]
[10:58:59] [info] kbd/audio block 0: kbd_irq=0 kbd_drain=0 ring_chunks=16 pump_pass=1565 pic1_mask=0xb8 first_irq_ticks=0 install_ticks=0 vector_at_install=0x0083a060 pic1_mask_live=0x38 kbd_8042_stat=0x34 bios_kbd_head=0x002a bios_kbd_tail=0x002a bios_kbd_buf0=0x1970
[10:58:59] [info] dirty-rect block @flip=700: total_calls=0 dirty_rects_avg=1 dirty_pct_x10=1000 forced_full=0 first_n_force=0 threshold_exceeded=0 dirty_path_taken=0 full_flush_taken=0
[10:58:59] [info] prev-frame-diff block @flip=700: diff_calls=0 diff_rects_avg=0 diff_dirty_pct_x10=0 bbox_pct_x10=0 bbox_thresh_exceeded=0
[10:59:00] [info] flip-probe: flip #710 ok=true present=3ms inter_flip_ms=46 drawcalls-since-flip=41 drawcalls-total=65497 fail-total=0 null-skips-total=0
[10:59:00] [info] flip-probe: flip #720 ok=true present=3ms inter_flip_ms=49 drawcalls-since-flip=41 drawcalls-total=65907 fail-total=0 null-skips-total=0
[10:59:01] [info] flip-probe: flip #730 ok=true present=3ms inter_flip_ms=44 drawcalls-since-flip=41 drawcalls-total=66317 fail-total=0 null-skips-total=0
[10:59:01] [info] flip-probe: flip #740 ok=true present=3ms inter_flip_ms=42 drawcalls-since-flip=43 drawcalls-total=66735 fail-total=0 null-skips-total=0
[10:59:01] [info] backdrop cache: thrashing-detect engaged (streak=64, route=direct)
[10:59:01] [info] flip-probe: flip #750 ok=true present=3ms inter_flip_ms=51 drawcalls-since-flip=41 drawcalls-total=67148 fail-total=0 null-skips-total=0
[10:59:02] [info] flip-probe: flip #760 ok=true present=2ms inter_flip_ms=44 drawcalls-since-flip=42 drawcalls-total=67564 fail-total=0 null-skips-total=0
[10:59:02] [info] flip-probe: flip #770 ok=true present=2ms inter_flip_ms=44 drawcalls-since-flip=43 drawcalls-total=67987 fail-total=0 null-skips-total=0
[10:59:03] [info] flip-probe: flip #780 ok=true present=3ms inter_flip_ms=41 drawcalls-since-flip=42 drawcalls-total=68411 fail-total=0 null-skips-total=0
[10:59:03] [info] flip-probe: flip #790 ok=true present=3ms inter_flip_ms=47 drawcalls-since-flip=42 drawcalls-total=68831 fail-total=0 null-skips-total=0
[10:59:04] [info] flip-probe: flip #800 ok=true present=3ms inter_flip_ms=44 drawcalls-since-flip=43 drawcalls-total=69257 fail-total=0 null-skips-total=0
[10:59:04] [info] alpha audit block 0: 2770 total drawcalls, 0 with alpha<255 (block pct_x10=0; global 0/63374 pct_x10=0); alpha-mod skipped: block=0 global=0
[10:59:04] [info] fastpath audit block 0: taken=2770 (idx8=2770) skipped=0 pct_x10=1000; global taken=63374 (idx8=63374) skipped=0 pct_x10=1000
[10:59:04] [info] primitive tally block 0: clear=200(hr=200) fill=0(hr=0) rect=0(hr=0) line=0(hr=0) tint=0 spotlight=0 (over 100 flips ending at flip 800)
[10:59:04] [info] color/alpha audit block 0: cmod_white=1300 cmod_black=1300 (idx=1300) cmod_general=0 (idx=0) cmod_fb=0; alpha_taken=0 alpha_skipped=0 (global cmod=6144/4602/693/0 idx=4602/693 alpha=0/0)
[10:59:04] [info] phase timing block 0: drawcalls=5570 dc_total_ms=775 flip_inner_total_ms=456 inter_flip_total_ms=4494 (per-flip avg x10: dc_ms=77 fi_ms=45 if_ms=449 derived audio+engine_ms=327; per-drawcall avg us_x10=1392) [direct-vesa: presents=100 total_ms=281 avg_ms_x10=28 failed=0] [ablation: NO_DC_TIMING=0 CACHE_WINSURF=0 DIRECT_VESA=1]
[10:59:04] [info] kbd/audio block 0: kbd_irq=0 kbd_drain=0 ring_chunks=16 pump_pass=1790 pic1_mask=0xb8 first_irq_ticks=0 install_ticks=0 vector_at_install=0x0083a060 pic1_mask_live=0x38 kbd_8042_stat=0x34 bios_kbd_head=0x002a bios_kbd_tail=0x002a bios_kbd_buf0=0x1970
[10:59:04] [info] dirty-rect block @flip=800: total_calls=0 dirty_rects_avg=1 dirty_pct_x10=1000 forced_full=0 first_n_force=0 threshold_exceeded=0 dirty_path_taken=0 full_flush_taken=0
[10:59:04] [info] prev-frame-diff block @flip=800: diff_calls=0 diff_rects_avg=0 diff_dirty_pct_x10=0 bbox_pct_x10=0 bbox_thresh_exceeded=0
[10:59:04] [info] run_tick_fixed #1800: heartbeat (loop alive)
[10:59:04] [info] backdrop cache: thrashing-detect engaged (streak=124, route=direct)
[10:59:04] [info] flip-probe: flip #810 ok=true present=3ms inter_flip_ms=47 drawcalls-since-flip=18 drawcalls-total=69592 fail-total=0 null-skips-total=0
[10:59:05] [info] flip-probe: flip #820 ok=true present=3ms inter_flip_ms=43 drawcalls-since-flip=18 drawcalls-total=69772 fail-total=0 null-skips-total=0
[10:59:05] [info] flip-probe: flip #830 ok=true present=3ms inter_flip_ms=38 drawcalls-since-flip=17 drawcalls-total=69947 fail-total=0 null-skips-total=0
[10:59:05] [info] flip-probe: flip #840 ok=true present=3ms inter_flip_ms=41 drawcalls-since-flip=16 drawcalls-total=70112 fail-total=0 null-skips-total=0
[10:59:06] [info] flip-probe: flip #850 ok=true present=3ms inter_flip_ms=39 drawcalls-since-flip=16 drawcalls-total=70279 fail-total=0 null-skips-total=0
[10:59:06] [info] flip-probe: flip #860 ok=true present=3ms inter_flip_ms=39 drawcalls-since-flip=16 drawcalls-total=70439 fail-total=0 null-skips-total=0
[10:59:07] [info] backdrop cache: thrashing-detect engaged (streak=184, route=direct)
[10:59:07] [info] flip-probe: flip #870 ok=true present=3ms inter_flip_ms=45 drawcalls-since-flip=16 drawcalls-total=70599 fail-total=0 null-skips-total=0
[10:59:07] [info] flip-probe: flip #880 ok=true present=3ms inter_flip_ms=39 drawcalls-since-flip=16 drawcalls-total=70759 fail-total=0 null-skips-total=0
[10:59:07] [info] flip-probe: flip #890 ok=true present=3ms inter_flip_ms=45 drawcalls-since-flip=27 drawcalls-total=70974 fail-total=0 null-skips-total=0
[10:59:08] [info] flip-probe: flip #900 ok=true present=3ms inter_flip_ms=42 drawcalls-since-flip=27 drawcalls-total=71244 fail-total=0 null-skips-total=0
[10:59:08] [info] alpha audit block 0: 1809 total drawcalls, 0 with alpha<255 (block pct_x10=0; global 0/65183 pct_x10=0); alpha-mod skipped: block=0 global=0
[10:59:08] [info] fastpath audit block 0: taken=1809 (idx8=1809) skipped=0 pct_x10=1000; global taken=65183 (idx8=65183) skipped=0 pct_x10=1000
[10:59:08] [info] primitive tally block 0: clear=200(hr=200) fill=0(hr=0) rect=0(hr=0) line=0(hr=0) tint=0 spotlight=0 (over 100 flips ending at flip 900)
[10:59:08] [info] color/alpha audit block 0: cmod_white=78 cmod_black=78 (idx=78) cmod_general=0 (idx=0) cmod_fb=0; alpha_taken=0 alpha_skipped=0 (global cmod=6222/4680/693/0 idx=4680/693 alpha=0/0)
[10:59:08] [info] phase timing block 0: drawcalls=2165 dc_total_ms=566 flip_inner_total_ms=448 inter_flip_total_ms=4202 (per-flip avg x10: dc_ms=56 fi_ms=44 if_ms=420 derived audio+engine_ms=320; per-drawcall avg us_x10=2616) [direct-vesa: presents=100 total_ms=283 avg_ms_x10=28 failed=0] [ablation: NO_DC_TIMING=0 CACHE_WINSURF=0 DIRECT_VESA=1]
[10:59:08] [info] kbd/audio block 0: kbd_irq=0 kbd_drain=0 ring_chunks=16 pump_pass=2000 pic1_mask=0xb8 first_irq_ticks=0 install_ticks=0 vector_at_install=0x0083a060 pic1_mask_live=0x38 kbd_8042_stat=0x34 bios_kbd_head=0x002a bios_kbd_tail=0x002a bios_kbd_buf0=0x1970
[10:59:08] [info] dirty-rect block @flip=900: total_calls=0 dirty_rects_avg=1 dirty_pct_x10=1000 forced_full=0 first_n_force=0 threshold_exceeded=0 dirty_path_taken=0 full_flush_taken=0
[10:59:08] [info] prev-frame-diff block @flip=900: diff_calls=0 diff_rects_avg=0 diff_dirty_pct_x10=0 bbox_pct_x10=0 bbox_thresh_exceeded=0
[10:59:08] [info] flip-probe: flip #910 ok=true present=3ms inter_flip_ms=40 drawcalls-since-flip=21 drawcalls-total=71466 fail-total=0 null-skips-total=0
[10:59:09] [info] flip-probe: flip #920 ok=true present=3ms inter_flip_ms=66 drawcalls-since-flip=200 drawcalls-total=72063 fail-total=0 null-skips-total=0
[10:59:09] [info]  >> Entering stage 15: 'Reservoir'.
[10:59:09] [info] [skip-sheet-flush] cave=6
[10:59:10] [info] [load-stage] preloading entry music song=9 (cave=6)
[10:59:10] [info] gameloop: entered (curmap=15, running=1)
[10:59:10] [info] gameloop: iter 1 ticks=81914 mapno=-1
[10:59:10] [info] mds-clear-lut: rebuilt N=240 entries (k_skip=13% k_keep=87%; curmap=15 map_size=40x20; rebuild #4 since boot)
[10:59:10] [info] gameloop: iter 2 ticks=82006 mapno=-1
[10:59:10] [info] gameloop: iter 3 ticks=82086 mapno=-1
[10:59:10] [info] flip-probe: flip #930 ok=true present=3ms inter_flip_ms=80 drawcalls-since-flip=336 drawcalls-total=74831 fail-total=0 null-skips-total=0
[10:59:10] [info] tas: stall frame 298 ms -> contributing 1 tick (patch 0286)
[10:59:11] [info] run_tick_fixed #2100: heartbeat (loop alive)
[10:59:11] [info] flip-probe: flip #940 ok=true present=3ms inter_flip_ms=38 drawcalls-since-flip=32 drawcalls-total=76627 fail-total=0 null-skips-total=0
[10:59:11] [info] flip-probe: flip #950 ok=true present=3ms inter_flip_ms=38 drawcalls-since-flip=32 drawcalls-total=76947 fail-total=0 null-skips-total=0
[10:59:12] [info] flip-probe: flip #960 ok=true present=3ms inter_flip_ms=38 drawcalls-since-flip=32 drawcalls-total=77267 fail-total=0 null-skips-total=0
[10:59:12] [info] flip-probe: flip #970 ok=true present=3ms inter_flip_ms=47 drawcalls-since-flip=32 drawcalls-total=77587 fail-total=0 null-skips-total=0
[10:59:12] [info] backdrop cache: thrashing-detect engaged (streak=4, route=direct)
[10:59:12] [info] flip-probe: flip #980 ok=true present=3ms inter_flip_ms=42 drawcalls-since-flip=36 drawcalls-total=77931 fail-total=0 null-skips-total=0
[10:59:13] [info] flip-probe: flip #990 ok=true present=3ms inter_flip_ms=41 drawcalls-since-flip=32 drawcalls-total=78267 fail-total=0 null-skips-total=0
[10:59:13] [info] flip-probe: flip #1000 ok=true present=3ms inter_flip_ms=47 drawcalls-since-flip=33 drawcalls-total=78596 fail-total=0 null-skips-total=0
[10:59:13] [info] alpha audit block 0: 6595 total drawcalls, 0 with alpha<255 (block pct_x10=0; global 0/71778 pct_x10=0); alpha-mod skipped: block=0 global=0
[10:59:13] [info] fastpath audit block 0: taken=6595 (idx8=6595) skipped=0 pct_x10=1000; global taken=71778 (idx8=71778) skipped=0 pct_x10=1000
[10:59:13] [info] primitive tally block 0: clear=201(hr=201) fill=0(hr=0) rect=0(hr=0) line=0(hr=0) tint=0 spotlight=0 (over 100 flips ending at flip 1000)
[10:59:13] [info] color/alpha audit block 0: cmod_white=657 cmod_black=657 (idx=657) cmod_general=0 (idx=0) cmod_fb=0; alpha_taken=0 alpha_skipped=0 (global cmod=6879/5337/693/0 idx=5337/693 alpha=0/0)
[10:59:13] [info] phase timing block 0: drawcalls=8153 dc_total_ms=1231 flip_inner_total_ms=676 inter_flip_total_ms=5474 (per-flip avg x10: dc_ms=123 fi_ms=67 if_ms=547 derived audio+engine_ms=357; per-drawcall avg us_x10=1510) [direct-vesa: presents=100 total_ms=283 avg_ms_x10=28 failed=0] [ablation: NO_DC_TIMING=0 CACHE_WINSURF=0 DIRECT_VESA=1]
[10:59:13] [info] kbd/audio block 0: kbd_irq=0 kbd_drain=0 ring_chunks=16 pump_pass=2229 pic1_mask=0xb8 first_irq_ticks=0 install_ticks=0 vector_at_install=0x0083a060 pic1_mask_live=0x38 kbd_8042_stat=0x34 bios_kbd_head=0x002a bios_kbd_tail=0x002a bios_kbd_buf0=0x1970
[10:59:13] [info] dirty-rect block @flip=1000: total_calls=0 dirty_rects_avg=1 dirty_pct_x10=1000 forced_full=0 first_n_force=0 threshold_exceeded=0 dirty_path_taken=0 full_flush_taken=0
[10:59:13] [info] prev-frame-diff block @flip=1000: diff_calls=0 diff_rects_avg=0 diff_dirty_pct_x10=0 bbox_pct_x10=0 bbox_thresh_exceeded=0
[10:59:14] [info] flip-probe: flip #1010 ok=true present=3ms inter_flip_ms=42 drawcalls-since-flip=35 drawcalls-total=78945 fail-total=0 null-skips-total=0
[10:59:14] [info] tas: stall frame 212 ms -> contributing 1 tick (patch 0286)
[10:59:14] [info] flip-probe: flip #1020 ok=true present=3ms inter_flip_ms=42 drawcalls-since-flip=33 drawcalls-total=79279 fail-total=0 null-skips-total=0
[10:59:15] [info] flip-probe: flip #1030 ok=true present=3ms inter_flip_ms=43 drawcalls-since-flip=34 drawcalls-total=79610 fail-total=0 null-skips-total=0
[10:59:15] [info] backdrop cache: thrashing-detect engaged (streak=64, route=direct)
[10:59:15] [info] flip-probe: flip #1040 ok=true present=3ms inter_flip_ms=42 drawcalls-since-flip=35 drawcalls-total=79951 fail-total=0 null-skips-total=0
[10:59:16] [info] flip-probe: flip #1050 ok=true present=3ms inter_flip_ms=40 drawcalls-since-flip=20 drawcalls-total=80257 fail-total=0 null-skips-total=0
[10:59:16] [info] flip-probe: flip #1060 ok=true present=4ms inter_flip_ms=40 drawcalls-since-flip=20 drawcalls-total=80457 fail-total=0 null-skips-total=0
[10:59:16] [info] flip-probe: flip #1070 ok=true present=3ms inter_flip_ms=40 drawcalls-since-flip=18 drawcalls-total=80655 fail-total=0 null-skips-total=0
[10:59:17] [info] flip-probe: flip #1080 ok=true present=3ms inter_flip_ms=39 drawcalls-since-flip=16 drawcalls-total=80822 fail-total=0 null-skips-total=0
[10:59:17] [info] run_tick_fixed #2400: heartbeat (loop alive)
[10:59:17] [info] flip-probe: flip #1090 ok=true present=3ms inter_flip_ms=37 drawcalls-since-flip=15 drawcalls-total=80977 fail-total=0 null-skips-total=0
[10:59:17] [info] backdrop cache: thrashing-detect engaged (streak=124, route=direct)
[10:59:18] [info] flip-probe: flip #1100 ok=true present=3ms inter_flip_ms=39 drawcalls-since-flip=16 drawcalls-total=81137 fail-total=0 null-skips-total=0
[10:59:18] [info] alpha audit block 0: 2018 total drawcalls, 0 with alpha<255 (block pct_x10=0; global 0/73796 pct_x10=0); alpha-mod skipped: block=0 global=0
[10:59:18] [info] fastpath audit block 0: taken=2018 (idx8=2018) skipped=0 pct_x10=1000; global taken=73796 (idx8=73796) skipped=0 pct_x10=1000
[10:59:18] [info] primitive tally block 0: clear=200(hr=200) fill=0(hr=0) rect=0(hr=0) line=0(hr=0) tint=0 spotlight=0 (over 100 flips ending at flip 1100)
[10:59:18] [info] color/alpha audit block 0: cmod_white=423 cmod_black=423 (idx=423) cmod_general=0 (idx=0) cmod_fb=0; alpha_taken=0 alpha_skipped=0 (global cmod=7302/5760/693/0 idx=5760/693 alpha=0/0)
[10:59:18] [info] phase timing block 0: drawcalls=3064 dc_total_ms=593 flip_inner_total_ms=446 inter_flip_total_ms=4283 (per-flip avg x10: dc_ms=59 fi_ms=44 if_ms=428 derived audio+engine_ms=325; per-drawcall avg us_x10=1937) [direct-vesa: presents=100 total_ms=284 avg_ms_x10=28 failed=0] [ablation: NO_DC_TIMING=0 CACHE_WINSURF=0 DIRECT_VESA=1]
[10:59:18] [info] kbd/audio block 0: kbd_irq=0 kbd_drain=0 ring_chunks=16 pump_pass=2434 pic1_mask=0xb8 first_irq_ticks=0 install_ticks=0 vector_at_install=0x0083a060 pic1_mask_live=0x38 kbd_8042_stat=0x34 bios_kbd_head=0x002a bios_kbd_tail=0x002a bios_kbd_buf0=0x1970
[10:59:18] [info] dirty-rect block @flip=1100: total_calls=0 dirty_rects_avg=1 dirty_pct_x10=1000 forced_full=0 first_n_force=0 threshold_exceeded=0 dirty_path_taken=0 full_flush_taken=0
[10:59:18] [info] prev-frame-diff block @flip=1100: diff_calls=0 diff_rects_avg=0 diff_dirty_pct_x10=0 bbox_pct_x10=0 bbox_thresh_exceeded=0
[10:59:18] [info] flip-probe: flip #1110 ok=true present=3ms inter_flip_ms=38 drawcalls-since-flip=17 drawcalls-total=81308 fail-total=0 null-skips-total=0
[10:59:18] [info] flip-probe: flip #1120 ok=true present=3ms inter_flip_ms=44 drawcalls-since-flip=16 drawcalls-total=81471 fail-total=0 null-skips-total=0
[10:59:19] [info] flip-probe: flip #1130 ok=true present=3ms inter_flip_ms=46 drawcalls-since-flip=15 drawcalls-total=81636 fail-total=0 null-skips-total=0
[10:59:19] [info] flip-probe: flip #1140 ok=true present=3ms inter_flip_ms=45 drawcalls-since-flip=15 drawcalls-total=81786 fail-total=0 null-skips-total=0
[10:59:19] [info] backdrop cache: thrashing-detect engaged (streak=4, route=direct)
[10:59:20] [info] flip-probe: flip #1150 ok=true present=3ms inter_flip_ms=39 drawcalls-since-flip=14 drawcalls-total=81930 fail-total=0 null-skips-total=0
[10:59:20] [info] flip-probe: flip #1160 ok=true present=3ms inter_flip_ms=39 drawcalls-since-flip=14 drawcalls-total=82070 fail-total=0 null-skips-total=0
[10:59:20] [info] flip-probe: flip #1170 ok=true present=3ms inter_flip_ms=39 drawcalls-since-flip=14 drawcalls-total=82210 fail-total=0 null-skips-total=0
[10:59:21] [info] flip-probe: flip #1180 ok=true present=3ms inter_flip_ms=42 drawcalls-since-flip=26 drawcalls-total=82448 fail-total=0 null-skips-total=0
[10:59:21] [info] flip-probe: flip #1190 ok=true present=4ms inter_flip_ms=39 drawcalls-since-flip=21 drawcalls-total=82681 fail-total=0 null-skips-total=0
[10:59:22] [info] flip-probe: flip #1200 ok=true present=4ms inter_flip_ms=39 drawcalls-since-flip=17 drawcalls-total=82887 fail-total=0 null-skips-total=0
[10:59:22] [info] alpha audit block 0: 1650 total drawcalls, 0 with alpha<255 (block pct_x10=0; global 0/75446 pct_x10=0); alpha-mod skipped: block=0 global=0
[10:59:22] [info] fastpath audit block 0: taken=1650 (idx8=1650) skipped=0 pct_x10=1000; global taken=75446 (idx8=75446) skipped=0 pct_x10=1000
[10:59:22] [info] primitive tally block 0: clear=200(hr=200) fill=0(hr=0) rect=0(hr=0) line=0(hr=0) tint=0 spotlight=0 (over 100 flips ending at flip 1200)
[10:59:22] [info] phase timing block 0: drawcalls=1877 dc_total_ms=638 flip_inner_total_ms=448 inter_flip_total_ms=4028 (per-flip avg x10: dc_ms=63 fi_ms=44 if_ms=402 derived audio+engine_ms=295; per-drawcall avg us_x10=3400) [direct-vesa: presents=100 total_ms=282 avg_ms_x10=28 failed=0] [ablation: NO_DC_TIMING=0 CACHE_WINSURF=0 DIRECT_VESA=1]
[10:59:22] [info] kbd/audio block 0: kbd_irq=0 kbd_drain=0 ring_chunks=16 pump_pass=2635 pic1_mask=0xb8 first_irq_ticks=0 install_ticks=0 vector_at_install=0x0083a060 pic1_mask_live=0x38 kbd_8042_stat=0x34 bios_kbd_head=0x002a bios_kbd_tail=0x002a bios_kbd_buf0=0x1970
[10:59:22] [info] dirty-rect block @flip=1200: total_calls=0 dirty_rects_avg=1 dirty_pct_x10=1000 forced_full=0 first_n_force=0 threshold_exceeded=0 dirty_path_taken=0 full_flush_taken=0
[10:59:22] [info] prev-frame-diff block @flip=1200: diff_calls=0 diff_rects_avg=0 diff_dirty_pct_x10=0 bbox_pct_x10=0 bbox_thresh_exceeded=0
[10:59:22] [info] backdrop cache: thrashing-detect engaged (streak=64, route=direct)
[10:59:22] [info] flip-probe: flip #1210 ok=true present=3ms inter_flip_ms=35 drawcalls-since-flip=16 drawcalls-total=83047 fail-total=0 null-skips-total=0
[10:59:22] [info] flip-probe: flip #1220 ok=true present=3ms inter_flip_ms=37 drawcalls-since-flip=14 drawcalls-total=83190 fail-total=0 null-skips-total=0
[10:59:23] [info] flip-probe: flip #1230 ok=true present=3ms inter_flip_ms=35 drawcalls-since-flip=14 drawcalls-total=83330 fail-total=0 null-skips-total=0
[10:59:23] [info] run_tick_fixed #2700: heartbeat (loop alive)
[10:59:23] [info] flip-probe: flip #1240 ok=true present=4ms inter_flip_ms=70 drawcalls-since-flip=318 drawcalls-total=84634 fail-total=0 null-skips-total=0
[10:59:24] [info]  >> Entering stage 11: 'Mimiga Village'.
[10:59:24] [info] [skip-sheet-flush] cave=7
[10:59:24] [info] [load-stage] preloading entry music song=9 (cave=7)
[10:59:24] [info] gameloop: entered (curmap=11, running=1)
[10:59:24] [info] gameloop: iter 1 ticks=96338 mapno=-1
[10:59:24] [info] mds-clear-lut: rebuilt N=240 entries (k_skip=0% k_keep=100%; curmap=11 map_size=60x60; rebuild #5 since boot)
[10:59:24] [info] gameloop: iter 2 ticks=96429 mapno=-1
[10:59:24] [info] gameloop: iter 3 ticks=96517 mapno=-1
[10:59:25] [info] flip-probe: flip #1250 ok=true present=3ms inter_flip_ms=75 drawcalls-since-flip=301 drawcalls-total=87534 fail-total=0 null-skips-total=0
[10:59:25] [info] flip-probe: flip #1260 ok=true present=4ms inter_flip_ms=41 drawcalls-since-flip=42 drawcalls-total=88458 fail-total=0 null-skips-total=0
[10:59:26] [info] flip-probe: flip #1270 ok=true present=3ms inter_flip_ms=43 drawcalls-since-flip=42 drawcalls-total=88878 fail-total=0 null-skips-total=0
[10:59:26] [info] flip-probe: flip #1280 ok=true present=3ms inter_flip_ms=44 drawcalls-since-flip=42 drawcalls-total=89298 fail-total=0 null-skips-total=0
[10:59:26] [info] flip-probe: flip #1290 ok=true present=3ms inter_flip_ms=44 drawcalls-since-flip=53 drawcalls-total=89806 fail-total=0 null-skips-total=0
[10:59:27] [info] backdrop cache: thrashing-detect engaged (streak=4, route=direct)
[10:59:27] [info] flip-probe: flip #1300 ok=true present=3ms inter_flip_ms=49 drawcalls-since-flip=49 drawcalls-total=90294 fail-total=0 null-skips-total=0
[10:59:27] [info] alpha audit block 0: 6592 total drawcalls, 0 with alpha<255 (block pct_x10=0; global 0/82038 pct_x10=0); alpha-mod skipped: block=0 global=0
[10:59:27] [info] fastpath audit block 0: taken=6592 (idx8=6592) skipped=0 pct_x10=1000; global taken=82038 (idx8=82038) skipped=0 pct_x10=1000
[10:59:27] [info] primitive tally block 0: clear=201(hr=201) fill=0(hr=0) rect=0(hr=0) line=0(hr=0) tint=0 spotlight=0 (over 100 flips ending at flip 1300)
[10:59:27] [info] color/alpha audit block 0: cmod_white=715 cmod_black=715 (idx=715) cmod_general=0 (idx=0) cmod_fb=0; alpha_taken=0 alpha_skipped=0 (global cmod=8017/6475/693/0 idx=6475/693 alpha=0/0)
[10:59:27] [info] phase timing block 0: drawcalls=8271 dc_total_ms=1267 flip_inner_total_ms=450 inter_flip_total_ms=5341 (per-flip avg x10: dc_ms=126 fi_ms=45 if_ms=534 derived audio+engine_ms=363; per-drawcall avg us_x10=1532) [direct-vesa: presents=100 total_ms=281 avg_ms_x10=28 failed=0] [ablation: NO_DC_TIMING=0 CACHE_WINSURF=0 DIRECT_VESA=1]
[10:59:27] [info] kbd/audio block 0: kbd_irq=0 kbd_drain=0 ring_chunks=16 pump_pass=2870 pic1_mask=0xb8 first_irq_ticks=0 install_ticks=0 vector_at_install=0x0083a060 pic1_mask_live=0x38 kbd_8042_stat=0x34 bios_kbd_head=0x002a bios_kbd_tail=0x002a bios_kbd_buf0=0x1970
[10:59:27] [info] dirty-rect block @flip=1300: total_calls=0 dirty_rects_avg=1 dirty_pct_x10=1000 forced_full=0 first_n_force=0 threshold_exceeded=0 dirty_path_taken=0 full_flush_taken=0
[10:59:27] [info] prev-frame-diff block @flip=1300: diff_calls=0 diff_rects_avg=0 diff_dirty_pct_x10=0 bbox_pct_x10=0 bbox_thresh_exceeded=0
[10:59:27] [info] flip-probe: flip #1310 ok=true present=3ms inter_flip_ms=47 drawcalls-since-flip=44 drawcalls-total=90752 fail-total=0 null-skips-total=0
[10:59:28] [info] flip-probe: flip #1320 ok=true present=4ms inter_flip_ms=49 drawcalls-since-flip=44 drawcalls-total=91189 fail-total=0 null-skips-total=0
[10:59:28] [info] flip-probe: flip #1330 ok=true present=3ms inter_flip_ms=44 drawcalls-since-flip=42 drawcalls-total=91624 fail-total=0 null-skips-total=0
[10:59:29] [info] flip-probe: flip #1340 ok=true present=3ms inter_flip_ms=44 drawcalls-since-flip=46 drawcalls-total=92079 fail-total=0 null-skips-total=0
[10:59:29] [info] flip-probe: flip #1350 ok=true present=3ms inter_flip_ms=44 drawcalls-since-flip=45 drawcalls-total=92529 fail-total=0 null-skips-total=0
[10:59:29] [info] backdrop cache: thrashing-detect engaged (streak=64, route=direct)
[10:59:30] [info] flip-probe: flip #1360 ok=true present=3ms inter_flip_ms=41 drawcalls-since-flip=45 drawcalls-total=92979 fail-total=0 null-skips-total=0
[10:59:30] [info] flip-probe: flip #1370 ok=true present=3ms inter_flip_ms=39 drawcalls-since-flip=19 drawcalls-total=93299 fail-total=0 null-skips-total=0
[10:59:31] [info] flip-probe: flip #1380 ok=true present=3ms inter_flip_ms=40 drawcalls-since-flip=19 drawcalls-total=93489 fail-total=0 null-skips-total=0
[10:59:31] [info] flip-probe: flip #1390 ok=true present=3ms inter_flip_ms=40 drawcalls-since-flip=18 drawcalls-total=93673 fail-total=0 null-skips-total=0
[10:59:31] [info] flip-probe: flip #1400 ok=true present=3ms inter_flip_ms=39 drawcalls-since-flip=18 drawcalls-total=93853 fail-total=0 null-skips-total=0
[10:59:31] [info] alpha audit block 0: 2614 total drawcalls, 0 with alpha<255 (block pct_x10=0; global 0/84652 pct_x10=0); alpha-mod skipped: block=0 global=0
[10:59:31] [info] fastpath audit block 0: taken=2614 (idx8=2614) skipped=0 pct_x10=1000; global taken=84652 (idx8=84652) skipped=0 pct_x10=1000
[10:59:31] [info] primitive tally block 0: clear=200(hr=200) fill=0(hr=0) rect=0(hr=0) line=0(hr=0) tint=0 spotlight=0 (over 100 flips ending at flip 1400)
[10:59:31] [info] color/alpha audit block 0: cmod_white=845 cmod_black=845 (idx=845) cmod_general=0 (idx=0) cmod_fb=0; alpha_taken=0 alpha_skipped=0 (global cmod=8862/7320/693/0 idx=7320/693 alpha=0/0)
[10:59:31] [info] phase timing block 0: drawcalls=4504 dc_total_ms=712 flip_inner_total_ms=453 inter_flip_total_ms=4400 (per-flip avg x10: dc_ms=71 fi_ms=45 if_ms=440 derived audio+engine_ms=324; per-drawcall avg us_x10=1582) [direct-vesa: presents=100 total_ms=284 avg_ms_x10=28 failed=0] [ablation: NO_DC_TIMING=0 CACHE_WINSURF=0 DIRECT_VESA=1]
[10:59:31] [info] kbd/audio block 0: kbd_irq=0 kbd_drain=0 ring_chunks=16 pump_pass=3090 pic1_mask=0xb8 first_irq_ticks=0 install_ticks=0 vector_at_install=0x0083a060 pic1_mask_live=0x38 kbd_8042_stat=0x34 bios_kbd_head=0x002a bios_kbd_tail=0x002a bios_kbd_buf0=0x1970
[10:59:31] [info] dirty-rect block @flip=1400: total_calls=0 dirty_rects_avg=1 dirty_pct_x10=1000 forced_full=0 first_n_force=0 threshold_exceeded=0 dirty_path_taken=0 full_flush_taken=0
[10:59:31] [info] prev-frame-diff block @flip=1400: diff_calls=0 diff_rects_avg=0 diff_dirty_pct_x10=0 bbox_pct_x10=0 bbox_thresh_exceeded=0
[10:59:32] [info] flip-probe: flip #1410 ok=true present=3ms inter_flip_ms=40 drawcalls-since-flip=17 drawcalls-total=94026 fail-total=0 null-skips-total=0
[10:59:32] [info] backdrop cache: thrashing-detect engaged (streak=124, route=direct)
[10:59:32] [info] flip-probe: flip #1420 ok=true present=3ms inter_flip_ms=40 drawcalls-since-flip=18 drawcalls-total=94197 fail-total=0 null-skips-total=0
[10:59:33] [info] flip-probe: flip #1430 ok=true present=3ms inter_flip_ms=41 drawcalls-since-flip=19 drawcalls-total=94381 fail-total=0 null-skips-total=0
[10:59:33] [info] flip-probe: flip #1440 ok=true present=3ms inter_flip_ms=42 drawcalls-since-flip=19 drawcalls-total=94571 fail-total=0 null-skips-total=0
[10:59:33] [info] flip-probe: flip #1450 ok=true present=2ms inter_flip_ms=42 drawcalls-since-flip=19 drawcalls-total=94761 fail-total=0 null-skips-total=0
[10:59:34] [info] flip-probe: flip #1460 ok=true present=3ms inter_flip_ms=41 drawcalls-since-flip=18 drawcalls-total=94943 fail-total=0 null-skips-total=0
[10:59:34] [info] flip-probe: flip #1470 ok=true present=2ms inter_flip_ms=42 drawcalls-since-flip=17 drawcalls-total=95117 fail-total=0 null-skips-total=0
[10:59:34] [info] backdrop cache: thrashing-detect engaged (streak=184, route=direct)
[10:59:35] [info] flip-probe: flip #1480 ok=true present=3ms inter_flip_ms=40 drawcalls-since-flip=18 drawcalls-total=95295 fail-total=0 null-skips-total=0
[10:59:35] [info] flip-probe: flip #1490 ok=true present=3ms inter_flip_ms=42 drawcalls-since-flip=19 drawcalls-total=95477 fail-total=0 null-skips-total=0
[10:59:36] [info] flip-probe: flip #1500 ok=true present=2ms inter_flip_ms=40 drawcalls-since-flip=19 drawcalls-total=95667 fail-total=0 null-skips-total=0
[10:59:36] [info] alpha audit block 0: 1714 total drawcalls, 0 with alpha<255 (block pct_x10=0; global 0/86366 pct_x10=0); alpha-mod skipped: block=0 global=0
[10:59:36] [info] fastpath audit block 0: taken=1714 (idx8=1714) skipped=0 pct_x10=1000; global taken=86366 (idx8=86366) skipped=0 pct_x10=1000
[10:59:36] [info] primitive tally block 0: clear=200(hr=200) fill=0(hr=0) rect=0(hr=0) line=0(hr=0) tint=0 spotlight=0 (over 100 flips ending at flip 1500)
[10:59:36] [info] phase timing block 0: drawcalls=1914 dc_total_ms=553 flip_inner_total_ms=453 inter_flip_total_ms=4222 (per-flip avg x10: dc_ms=55 fi_ms=45 if_ms=422 derived audio+engine_ms=322; per-drawcall avg us_x10=2892) [direct-vesa: presents=100 total_ms=284 avg_ms_x10=28 failed=0] [ablation: NO_DC_TIMING=0 CACHE_WINSURF=0 DIRECT_VESA=1]
[10:59:36] [info] kbd/audio block 0: kbd_irq=0 kbd_drain=0 ring_chunks=16 pump_pass=3301 pic1_mask=0xb8 first_irq_ticks=0 install_ticks=0 vector_at_install=0x0083a060 pic1_mask_live=0x38 kbd_8042_stat=0x34 bios_kbd_head=0x002a bios_kbd_tail=0x002a bios_kbd_buf0=0x1970
[10:59:36] [info] dirty-rect block @flip=1500: total_calls=0 dirty_rects_avg=1 dirty_pct_x10=1000 forced_full=0 first_n_force=0 threshold_exceeded=0 dirty_path_taken=0 full_flush_taken=0
[10:59:36] [info] prev-frame-diff block @flip=1500: diff_calls=0 diff_rects_avg=0 diff_dirty_pct_x10=0 bbox_pct_x10=0 bbox_thresh_exceeded=0
[10:59:36] [info] flip-probe: flip #1510 ok=true present=3ms inter_flip_ms=40 drawcalls-since-flip=19 drawcalls-total=95857 fail-total=0 null-skips-total=0
[10:59:36] [info] flip-probe: flip #1520 ok=true present=3ms inter_flip_ms=46 drawcalls-since-flip=20 drawcalls-total=96054 fail-total=0 null-skips-total=0
[10:59:37] [info] flip-probe: flip #1530 ok=true present=3ms inter_flip_ms=42 drawcalls-since-flip=20 drawcalls-total=96254 fail-total=0 null-skips-total=0
[10:59:37] [info] backdrop cache: thrashing-detect engaged (streak=244, route=direct)
[10:59:37] [info] flip-probe: flip #1540 ok=true present=3ms inter_flip_ms=41 drawcalls-since-flip=20 drawcalls-total=96454 fail-total=0 null-skips-total=0
[10:59:38] [info] flip-probe: flip #1550 ok=true present=3ms inter_flip_ms=41 drawcalls-since-flip=17 drawcalls-total=96636 fail-total=0 null-skips-total=0
[10:59:38] [info] flip-probe: flip #1560 ok=true present=3ms inter_flip_ms=41 drawcalls-since-flip=17 drawcalls-total=96806 fail-total=0 null-skips-total=0
[10:59:38] [info] tas: stall frame 263 ms -> contributing 1 tick (patch 0286)
[10:59:39] [info] flip-probe: flip #1570 ok=true present=3ms inter_flip_ms=42 drawcalls-since-flip=17 drawcalls-total=96976 fail-total=0 null-skips-total=0
[10:59:39] [info] flip-probe: flip #1580 ok=true present=2ms inter_flip_ms=42 drawcalls-since-flip=18 drawcalls-total=97158 fail-total=0 null-skips-total=0
[10:59:40] [info] flip-probe: flip #1590 ok=true present=3ms inter_flip_ms=40 drawcalls-since-flip=17 drawcalls-total=97333 fail-total=0 null-skips-total=0
[10:59:40] [info] backdrop cache: thrashing-detect engaged (streak=304, route=direct)
[10:59:40] [info] flip-probe: flip #1600 ok=true present=3ms inter_flip_ms=39 drawcalls-since-flip=16 drawcalls-total=97497 fail-total=0 null-skips-total=0
[10:59:40] [info] alpha audit block 0: 1730 total drawcalls, 0 with alpha<255 (block pct_x10=0; global 0/88096 pct_x10=0); alpha-mod skipped: block=0 global=0
[10:59:40] [info] fastpath audit block 0: taken=1730 (idx8=1730) skipped=0 pct_x10=1000; global taken=88096 (idx8=88096) skipped=0 pct_x10=1000
[10:59:40] [info] primitive tally block 0: clear=200(hr=200) fill=0(hr=0) rect=0(hr=0) line=0(hr=0) tint=0 spotlight=0 (over 100 flips ending at flip 1600)
[10:59:40] [info] phase timing block 0: drawcalls=1930 dc_total_ms=558 flip_inner_total_ms=655 inter_flip_total_ms=4461 (per-flip avg x10: dc_ms=55 fi_ms=65 if_ms=446 derived audio+engine_ms=326; per-drawcall avg us_x10=2892) [direct-vesa: presents=100 total_ms=280 avg_ms_x10=28 failed=0] [ablation: NO_DC_TIMING=0 CACHE_WINSURF=0 DIRECT_VESA=1]
[10:59:40] [info] kbd/audio block 0: kbd_irq=0 kbd_drain=0 ring_chunks=16 pump_pass=3512 pic1_mask=0xb8 first_irq_ticks=0 install_ticks=0 vector_at_install=0x0083a060 pic1_mask_live=0x38 kbd_8042_stat=0x34 bios_kbd_head=0x002a bios_kbd_tail=0x002a bios_kbd_buf0=0x1970
[10:59:40] [info] dirty-rect block @flip=1600: total_calls=0 dirty_rects_avg=1 dirty_pct_x10=1000 forced_full=0 first_n_force=0 threshold_exceeded=0 dirty_path_taken=0 full_flush_taken=0
[10:59:40] [info] prev-frame-diff block @flip=1600: diff_calls=0 diff_rects_avg=0 diff_dirty_pct_x10=0 bbox_pct_x10=0 bbox_thresh_exceeded=0
[10:59:40] [info] flip-probe: flip #1610 ok=true present=3ms inter_flip_ms=41 drawcalls-since-flip=17 drawcalls-total=97665 fail-total=0 null-skips-total=0
[10:59:41] [info] flip-probe: flip #1620 ok=true present=3ms inter_flip_ms=42 drawcalls-since-flip=20 drawcalls-total=97855 fail-total=0 null-skips-total=0
[10:59:41] [info] flip-probe: flip #1630 ok=true present=3ms inter_flip_ms=42 drawcalls-since-flip=19 drawcalls-total=98058 fail-total=0 null-skips-total=0
[10:59:42] [info] flip-probe: flip #1640 ok=true present=3ms inter_flip_ms=47 drawcalls-since-flip=67 drawcalls-total=98289 fail-total=0 null-skips-total=0
[10:59:42] [info]  >> Entering stage 19: 'Assembly Hall'.
[10:59:42] [info] [skip-sheet-flush] cave=8
[10:59:43] [info] [load-stage] preloading entry music song=9 (cave=8)
[10:59:43] [info] gameloop: entered (curmap=19, running=1)
[10:59:43] [info] gameloop: iter 1 ticks=115337 mapno=-1
[10:59:43] [info] mds-clear-lut: rebuilt N=240 entries (k_skip=100% k_keep=0%; curmap=19 map_size=21x16; rebuild #6 since boot)
[10:59:43] [info] flip-probe: flip #1650 ok=true present=4ms inter_flip_ms=954 drawcalls-since-flip=463 drawcalls-total=100919 fail-total=0 null-skips-total=0
[10:59:43] [info] gameloop: iter 2 ticks=115444 mapno=-1
[10:59:43] [info] gameloop: iter 3 ticks=115535 mapno=-1
[10:59:44] [info] flip-probe: flip #1660 ok=true present=3ms inter_flip_ms=43 drawcalls-since-flip=111 drawcalls-total=103769 fail-total=0 null-skips-total=0
[10:59:44] [info] flip-probe: flip #1670 ok=true present=3ms inter_flip_ms=42 drawcalls-since-flip=122 drawcalls-total=104989 fail-total=0 null-skips-total=0
[10:59:45] [info] flip-probe: flip #1680 ok=true present=3ms inter_flip_ms=42 drawcalls-since-flip=122 drawcalls-total=106209 fail-total=0 null-skips-total=0
[10:59:45] [info] flip-probe: flip #1690 ok=true present=3ms inter_flip_ms=45 drawcalls-since-flip=125 drawcalls-total=107442 fail-total=0 null-skips-total=0
[10:59:46] [info] flip-probe: flip #1700 ok=true present=3ms inter_flip_ms=42 drawcalls-since-flip=122 drawcalls-total=108677 fail-total=0 null-skips-total=0
[10:59:46] [info] alpha audit block 0: 10468 total drawcalls, 0 with alpha<255 (block pct_x10=0; global 0/98564 pct_x10=0); alpha-mod skipped: block=0 global=0
[10:59:46] [info] fastpath audit block 0: taken=10468 (idx8=10468) skipped=0 pct_x10=1000; global taken=98564 (idx8=98564) skipped=0 pct_x10=1000
[10:59:46] [info] primitive tally block 0: clear=202(hr=202) fill=0(hr=0) rect=0(hr=0) line=0(hr=0) tint=0 spotlight=0 (over 100 flips ending at flip 1700)
[10:59:46] [info] color/alpha audit block 0: cmod_white=612 cmod_black=612 (idx=612) cmod_general=0 (idx=0) cmod_fb=0; alpha_taken=0 alpha_skipped=0 (global cmod=9474/7932/693/0 idx=7932/693 alpha=0/0)
[10:59:46] [info] phase timing block 0: drawcalls=11945 dc_total_ms=1333 flip_inner_total_ms=453 inter_flip_total_ms=5685 (per-flip avg x10: dc_ms=133 fi_ms=45 if_ms=568 derived audio+engine_ms=390; per-drawcall avg us_x10=1116) [direct-vesa: presents=100 total_ms=286 avg_ms_x10=28 failed=0] [ablation: NO_DC_TIMING=0 CACHE_WINSURF=0 DIRECT_VESA=1]
[10:59:46] [info] kbd/audio block 0: kbd_irq=0 kbd_drain=0 ring_chunks=16 pump_pass=3752 pic1_mask=0xb8 first_irq_ticks=0 install_ticks=0 vector_at_install=0x0083a060 pic1_mask_live=0x38 kbd_8042_stat=0x34 bios_kbd_head=0x002a bios_kbd_tail=0x002a bios_kbd_buf0=0x1970
[10:59:46] [info] dirty-rect block @flip=1700: total_calls=0 dirty_rects_avg=1 dirty_pct_x10=1000 forced_full=0 first_n_force=0 threshold_exceeded=0 dirty_path_taken=0 full_flush_taken=0
[10:59:46] [info] prev-frame-diff block @flip=1700: diff_calls=0 diff_rects_avg=0 diff_dirty_pct_x10=0 bbox_pct_x10=0 bbox_thresh_exceeded=0
[10:59:46] [info] flip-probe: flip #1710 ok=true present=3ms inter_flip_ms=44 drawcalls-since-flip=123 drawcalls-total=109911 fail-total=0 null-skips-total=0
[10:59:47] [info] flip-probe: flip #1720 ok=true present=3ms inter_flip_ms=50 drawcalls-since-flip=122 drawcalls-total=111131 fail-total=0 null-skips-total=0
[10:59:47] [info] flip-probe: flip #1730 ok=true present=3ms inter_flip_ms=43 drawcalls-since-flip=122 drawcalls-total=112351 fail-total=0 null-skips-total=0
[10:59:47] [info] flip-probe: flip #1740 ok=true present=3ms inter_flip_ms=43 drawcalls-since-flip=122 drawcalls-total=113571 fail-total=0 null-skips-total=0
[10:59:48] [info] flip-probe: flip #1750 ok=true present=3ms inter_flip_ms=56 drawcalls-since-flip=254 drawcalls-total=114971 fail-total=0 null-skips-total=0
[10:59:49] [info]  >> Entering stage 11: 'Mimiga Village'.
[10:59:49] [info] [skip-sheet-flush] cave=9
[10:59:49] [info] [load-stage] preloading entry music song=9 (cave=9)
[10:59:49] [info] gameloop: entered (curmap=11, running=1)
[10:59:49] [info] gameloop: iter 1 ticks=121473 mapno=-1
[10:59:49] [info] mds-clear-lut: rebuilt N=240 entries (k_skip=0% k_keep=100%; curmap=11 map_size=60x60; rebuild #7 since boot)
[10:59:49] [info] gameloop: iter 2 ticks=121576 mapno=-1
[10:59:50] [info] flip-probe: flip #1760 ok=true present=3ms inter_flip_ms=94 drawcalls-since-flip=384 drawcalls-total=118579 fail-total=0 null-skips-total=0
[10:59:50] [info] gameloop: iter 3 ticks=121674 mapno=-1
[10:59:50] [info] backdrop cache: thrashing-detect engaged (streak=4, route=direct)
[10:59:50] [info] flip-probe: flip #1770 ok=true present=3ms inter_flip_ms=43 drawcalls-since-flip=43 drawcalls-total=120129 fail-total=0 null-skips-total=0
[10:59:51] [info] flip-probe: flip #1780 ok=true present=3ms inter_flip_ms=48 drawcalls-since-flip=47 drawcalls-total=120585 fail-total=0 null-skips-total=0
[10:59:51] [info] flip-probe: flip #1790 ok=true present=3ms inter_flip_ms=41 drawcalls-since-flip=42 drawcalls-total=121023 fail-total=0 null-skips-total=0
[10:59:51] [info] flip-probe: flip #1800 ok=true present=3ms inter_flip_ms=45 drawcalls-since-flip=43 drawcalls-total=121451 fail-total=0 null-skips-total=0
[10:59:51] [info] alpha audit block 0: 11432 total drawcalls, 0 with alpha<255 (block pct_x10=0; global 0/109996 pct_x10=0); alpha-mod skipped: block=0 global=0
[10:59:51] [info] fastpath audit block 0: taken=11432 (idx8=11432) skipped=0 pct_x10=1000; global taken=109996 (idx8=109996) skipped=0 pct_x10=1000
[10:59:51] [info] primitive tally block 0: clear=202(hr=202) fill=0(hr=0) rect=0(hr=0) line=0(hr=0) tint=0 spotlight=0 (over 100 flips ending at flip 1800)
[10:59:51] [info] color/alpha audit block 0: cmod_white=1242 cmod_black=1242 (idx=1242) cmod_general=0 (idx=0) cmod_fb=0; alpha_taken=0 alpha_skipped=0 (global cmod=10716/9174/693/0 idx=9174/693 alpha=0/0)
[10:59:52] [info] phase timing block 0: drawcalls=14181 dc_total_ms=1499 flip_inner_total_ms=455 inter_flip_total_ms=5800 (per-flip avg x10: dc_ms=149 fi_ms=45 if_ms=580 derived audio+engine_ms=386; per-drawcall avg us_x10=1057) [direct-vesa: presents=100 total_ms=283 avg_ms_x10=28 failed=0] [ablation: NO_DC_TIMING=0 CACHE_WINSURF=0 DIRECT_VESA=1]
[10:59:52] [info] kbd/audio block 0: kbd_irq=0 kbd_drain=0 ring_chunks=16 pump_pass=3998 pic1_mask=0xb8 first_irq_ticks=0 install_ticks=0 vector_at_install=0x0083a060 pic1_mask_live=0x38 kbd_8042_stat=0x34 bios_kbd_head=0x002a bios_kbd_tail=0x002a bios_kbd_buf0=0x1970
[10:59:52] [info] dirty-rect block @flip=1800: total_calls=0 dirty_rects_avg=1 dirty_pct_x10=1000 forced_full=0 first_n_force=0 threshold_exceeded=0 dirty_path_taken=0 full_flush_taken=0
[10:59:52] [info] prev-frame-diff block @flip=1800: diff_calls=0 diff_rects_avg=0 diff_dirty_pct_x10=0 bbox_pct_x10=0 bbox_thresh_exceeded=0
[10:59:52] [info] flip-probe: flip #1810 ok=true present=3ms inter_flip_ms=45 drawcalls-since-flip=44 drawcalls-total=121894 fail-total=0 null-skips-total=0
[10:59:52] [info] flip-probe: flip #1820 ok=true present=3ms inter_flip_ms=44 drawcalls-since-flip=43 drawcalls-total=122327 fail-total=0 null-skips-total=0
[10:59:53] [info] backdrop cache: thrashing-detect engaged (streak=64, route=direct)
[10:59:53] [info] flip-probe: flip #1830 ok=true present=3ms inter_flip_ms=47 drawcalls-since-flip=46 drawcalls-total=122775 fail-total=0 null-skips-total=0
[10:59:53] [info] flip-probe: flip #1840 ok=true present=3ms inter_flip_ms=44 drawcalls-since-flip=44 drawcalls-total=123224 fail-total=0 null-skips-total=0
[10:59:54] [info] flip-probe: flip #1850 ok=true present=3ms inter_flip_ms=46 drawcalls-since-flip=44 drawcalls-total=123667 fail-total=0 null-skips-total=0
[10:59:54] [info] flip-probe: flip #1860 ok=true present=3ms inter_flip_ms=45 drawcalls-since-flip=44 drawcalls-total=124107 fail-total=0 null-skips-total=0
[10:59:55] [info] flip-probe: flip #1870 ok=true present=3ms inter_flip_ms=46 drawcalls-since-flip=43 drawcalls-total=124538 fail-total=0 null-skips-total=0
[10:59:55] [info] flip-probe: flip #1880 ok=true present=3ms inter_flip_ms=38 drawcalls-since-flip=17 drawcalls-total=124916 fail-total=0 null-skips-total=0
[10:59:55] [info] backdrop cache: thrashing-detect engaged (streak=124, route=direct)
[10:59:56] [info] flip-probe: flip #1890 ok=true present=3ms inter_flip_ms=41 drawcalls-since-flip=18 drawcalls-total=125092 fail-total=0 null-skips-total=0
[10:59:56] [info] run_tick_fixed #4200: heartbeat (loop alive)
[10:59:56] [info] flip-probe: flip #1900 ok=true present=3ms inter_flip_ms=41 drawcalls-since-flip=18 drawcalls-total=125272 fail-total=0 null-skips-total=0
[10:59:56] [info] alpha audit block 0: 2707 total drawcalls, 0 with alpha<255 (block pct_x10=0; global 0/112703 pct_x10=0); alpha-mod skipped: block=0 global=0
[10:59:56] [info] fastpath audit block 0: taken=2707 (idx8=2707) skipped=0 pct_x10=1000; global taken=112703 (idx8=112703) skipped=0 pct_x10=1000
[10:59:56] [info] primitive tally block 0: clear=200(hr=200) fill=0(hr=0) rect=0(hr=0) line=0(hr=0) tint=0 spotlight=0 (over 100 flips ending at flip 1900)
[10:59:56] [info] color/alpha audit block 0: cmod_white=1014 cmod_black=1014 (idx=1014) cmod_general=0 (idx=0) cmod_fb=0; alpha_taken=0 alpha_skipped=0 (global cmod=11730/10188/693/0 idx=10188/693 alpha=0/0)
[10:59:56] [info] phase timing block 0: drawcalls=4935 dc_total_ms=739 flip_inner_total_ms=450 inter_flip_total_ms=4463 (per-flip avg x10: dc_ms=73 fi_ms=45 if_ms=446 derived audio+engine_ms=328; per-drawcall avg us_x10=1499) [direct-vesa: presents=100 total_ms=281 avg_ms_x10=28 failed=0] [ablation: NO_DC_TIMING=0 CACHE_WINSURF=0 DIRECT_VESA=1]
[10:59:56] [info] kbd/audio block 0: kbd_irq=0 kbd_drain=0 ring_chunks=16 pump_pass=4221 pic1_mask=0xb8 first_irq_ticks=0 install_ticks=0 vector_at_install=0x0083a060 pic1_mask_live=0x38 kbd_8042_stat=0x34 bios_kbd_head=0x002a bios_kbd_tail=0x002a bios_kbd_buf0=0x1970
[10:59:56] [info] dirty-rect block @flip=1900: total_calls=0 dirty_rects_avg=1 dirty_pct_x10=1000 forced_full=0 first_n_force=0 threshold_exceeded=0 dirty_path_taken=0 full_flush_taken=0
[10:59:56] [info] prev-frame-diff block @flip=1900: diff_calls=0 diff_rects_avg=0 diff_dirty_pct_x10=0 bbox_pct_x10=0 bbox_thresh_exceeded=0
[10:59:56] [info] flip-probe: flip #1910 ok=true present=3ms inter_flip_ms=44 drawcalls-since-flip=17 drawcalls-total=125461 fail-total=0 null-skips-total=0
[10:59:57] [info] flip-probe: flip #1920 ok=true present=3ms inter_flip_ms=46 drawcalls-since-flip=15 drawcalls-total=125631 fail-total=0 null-skips-total=0
[10:59:57] [info] flip-probe: flip #1930 ok=true present=2ms inter_flip_ms=41 drawcalls-since-flip=15 drawcalls-total=125781 fail-total=0 null-skips-total=0
[10:59:58] [info] flip-probe: flip #1940 ok=true present=3ms inter_flip_ms=84 drawcalls-since-flip=356 drawcalls-total=127394 fail-total=0 null-skips-total=0
[10:59:58] [info]  >> Entering stage 14: 'Shack'.
[10:59:58] [info] [skip-sheet-flush] cave=10
[10:59:59] [info] [load-stage] preloading entry music song=8 (cave=10)
[10:59:59] [info] opl3 backend: on_song_stop
[10:59:59] [info] MidiScheduler::load: parsed 'data/orgmid2/vivi.mid' = 11188 events at 48 PPQ
[10:59:59] [info] opl3 backend: on_song_start
[10:59:59] [info] gameloop: entered (curmap=14, running=1)
[10:59:59] [info] gameloop: iter 1 ticks=131181 mapno=-1
[10:59:59] [info] gameloop: iter 2 ticks=131254 mapno=-1
[10:59:59] [info] gameloop: iter 3 ticks=131336 mapno=-1
[11:00:00] [info] flip-probe: flip #1950 ok=true present=3ms inter_flip_ms=57 drawcalls-since-flip=221 drawcalls-total=130477 fail-total=0 null-skips-total=0
[11:00:00] [info] flip-probe: flip #1960 ok=true present=3ms inter_flip_ms=32 drawcalls-since-flip=24 drawcalls-total=130840 fail-total=0 null-skips-total=0
[11:00:00] [info] flip-probe: flip #1970 ok=true present=3ms inter_flip_ms=33 drawcalls-since-flip=24 drawcalls-total=131080 fail-total=0 null-skips-total=0
[11:00:01] [info] flip-probe: flip #1980 ok=true present=3ms inter_flip_ms=32 drawcalls-since-flip=24 drawcalls-total=131320 fail-total=0 null-skips-total=0
[11:00:01] [info] flip-probe: flip #1990 ok=true present=3ms inter_flip_ms=33 drawcalls-since-flip=26 drawcalls-total=131566 fail-total=0 null-skips-total=0
[11:00:01] [info] flip-probe: flip #2000 ok=true present=3ms inter_flip_ms=39 drawcalls-since-flip=28 drawcalls-total=131837 fail-total=0 null-skips-total=0
[11:00:01] [info] alpha audit block 0: 6237 total drawcalls, 0 with alpha<255 (block pct_x10=0; global 0/118940 pct_x10=0); alpha-mod skipped: block=0 global=0
[11:00:01] [info] fastpath audit block 0: taken=6237 (idx8=6237) skipped=0 pct_x10=1000; global taken=118940 (idx8=118940) skipped=0 pct_x10=1000
[11:00:01] [info] primitive tally block 0: clear=201(hr=201) fill=0(hr=0) rect=0(hr=0) line=0(hr=0) tint=0 spotlight=0 (over 100 flips ending at flip 2000)
[11:00:01] [info] color/alpha audit block 0: cmod_white=285 cmod_black=285 (idx=285) cmod_general=0 (idx=0) cmod_fb=0; alpha_taken=0 alpha_skipped=0 (global cmod=12015/10473/693/0 idx=10473/693 alpha=0/0)
[11:00:01] [info] phase timing block 0: drawcalls=7008 dc_total_ms=956 flip_inner_total_ms=459 inter_flip_total_ms=5232 (per-flip avg x10: dc_ms=95 fi_ms=45 if_ms=523 derived audio+engine_ms=383; per-drawcall avg us_x10=1364) [direct-vesa: presents=100 total_ms=280 avg_ms_x10=28 failed=0] [ablation: NO_DC_TIMING=0 CACHE_WINSURF=0 DIRECT_VESA=1]
[11:00:01] [info] kbd/audio block 0: kbd_irq=0 kbd_drain=0 ring_chunks=16 pump_pass=4432 pic1_mask=0xb8 first_irq_ticks=0 install_ticks=0 vector_at_install=0x0083a060 pic1_mask_live=0x38 kbd_8042_stat=0x34 bios_kbd_head=0x002a bios_kbd_tail=0x002a bios_kbd_buf0=0x1970
[11:00:01] [info] dirty-rect block @flip=2000: total_calls=0 dirty_rects_avg=1 dirty_pct_x10=1000 forced_full=0 first_n_force=0 threshold_exceeded=0 dirty_path_taken=0 full_flush_taken=0
[11:00:01] [info] prev-frame-diff block @flip=2000: diff_calls=0 diff_rects_avg=0 diff_dirty_pct_x10=0 bbox_pct_x10=0 bbox_thresh_exceeded=0
[11:00:02] [info] flip-probe: flip #2010 ok=true present=4ms inter_flip_ms=30 drawcalls-since-flip=24 drawcalls-total=132091 fail-total=0 null-skips-total=0
[11:00:02] [info] flip-probe: flip #2020 ok=true present=3ms inter_flip_ms=31 drawcalls-since-flip=24 drawcalls-total=132331 fail-total=0 null-skips-total=0
[11:00:02] [info] flip-probe: flip #2030 ok=true present=3ms inter_flip_ms=30 drawcalls-since-flip=24 drawcalls-total=132571 fail-total=0 null-skips-total=0
[11:00:03] [info] flip-probe: flip #2040 ok=true present=3ms inter_flip_ms=31 drawcalls-since-flip=24 drawcalls-total=132811 fail-total=0 null-skips-total=0
[11:00:03] [info] flip-probe: flip #2050 ok=true present=3ms inter_flip_ms=33 drawcalls-since-flip=24 drawcalls-total=133051 fail-total=0 null-skips-total=0
[11:00:03] [info] flip-probe: flip #2060 ok=true present=3ms inter_flip_ms=32 drawcalls-since-flip=24 drawcalls-total=133291 fail-total=0 null-skips-total=0
[11:00:03] [info] flip-probe: flip #2070 ok=true present=2ms inter_flip_ms=30 drawcalls-since-flip=14 drawcalls-total=133461 fail-total=0 null-skips-total=0
[11:00:04] [info] flip-probe: flip #2080 ok=true present=3ms inter_flip_ms=31 drawcalls-since-flip=14 drawcalls-total=133601 fail-total=0 null-skips-total=0
[11:00:04] [info] flip-probe: flip #2090 ok=true present=3ms inter_flip_ms=35 drawcalls-since-flip=43 drawcalls-total=133770 fail-total=0 null-skips-total=0
[11:00:05] [info] flip-probe: flip #2100 ok=true present=3ms inter_flip_ms=70 drawcalls-since-flip=355 drawcalls-total=136628 fail-total=0 null-skips-total=0
[11:00:05] [info] alpha audit block 0: 4476 total drawcalls, 0 with alpha<255 (block pct_x10=0; global 0/123416 pct_x10=0); alpha-mod skipped: block=0 global=0
[11:00:05] [info] fastpath audit block 0: taken=4476 (idx8=4476) skipped=0 pct_x10=1000; global taken=123416 (idx8=123416) skipped=0 pct_x10=1000
[11:00:05] [info] primitive tally block 0: clear=200(hr=200) fill=0(hr=0) rect=0(hr=0) line=0(hr=0) tint=0 spotlight=0 (over 100 flips ending at flip 2100)
[11:00:05] [info] color/alpha audit block 0: cmod_white=315 cmod_black=315 (idx=315) cmod_general=0 (idx=0) cmod_fb=0; alpha_taken=0 alpha_skipped=0 (global cmod=12330/10788/693/0 idx=10788/693 alpha=0/0)
[11:00:05] [info] phase timing block 0: drawcalls=5306 dc_total_ms=793 flip_inner_total_ms=449 inter_flip_total_ms=3549 (per-flip avg x10: dc_ms=79 fi_ms=44 if_ms=354 derived audio+engine_ms=231; per-drawcall avg us_x10=1495) [direct-vesa: presents=100 total_ms=283 avg_ms_x10=28 failed=0] [ablation: NO_DC_TIMING=0 CACHE_WINSURF=0 DIRECT_VESA=1]
[11:00:05] [info] kbd/audio block 0: kbd_irq=0 kbd_drain=0 ring_chunks=16 pump_pass=4607 pic1_mask=0xb8 first_irq_ticks=0 install_ticks=0 vector_at_install=0x0083a060 pic1_mask_live=0x38 kbd_8042_stat=0x34 bios_kbd_head=0x002a bios_kbd_tail=0x002a bios_kbd_buf0=0x1970
[11:00:05] [info] dirty-rect block @flip=2100: total_calls=0 dirty_rects_avg=1 dirty_pct_x10=1000 forced_full=0 first_n_force=0 threshold_exceeded=0 dirty_path_taken=0 full_flush_taken=0
[11:00:05] [info] prev-frame-diff block @flip=2100: diff_calls=0 diff_rects_avg=0 diff_dirty_pct_x10=0 bbox_pct_x10=0 bbox_thresh_exceeded=0
[11:00:05] [info]  >> Entering stage 11: 'Mimiga Village'.
[11:00:05] [info] [skip-sheet-flush] cave=11
[11:00:06] [info] [load-stage] preloading entry music song=9 (cave=11)
[11:00:06] [info] opl3 backend: on_song_stop
[11:00:06] [info] MidiScheduler::load: parsed 'data/orgmid2/mura.mid' = 7123 events at 48 PPQ
[11:00:06] [info] opl3 backend: on_song_start
[11:00:06] [info] gameloop: entered (curmap=11, running=1)
[11:00:06] [info] gameloop: iter 1 ticks=137976 mapno=-1
[11:00:06] [info] gameloop: iter 2 ticks=138072 mapno=-1
[11:00:06] [info] gameloop: iter 3 ticks=138165 mapno=-1
[11:00:06] [info] backdrop cache: thrashing-detect engaged (streak=4, route=direct)
[11:00:06] [info] flip-probe: flip #2110 ok=true present=3ms inter_flip_ms=41 drawcalls-since-flip=30 drawcalls-total=138761 fail-total=0 null-skips-total=0
[11:00:07] [info] flip-probe: flip #2120 ok=true present=3ms inter_flip_ms=47 drawcalls-since-flip=42 drawcalls-total=139162 fail-total=0 null-skips-total=0
[11:00:07] [info] flip-probe: flip #2130 ok=true present=3ms inter_flip_ms=44 drawcalls-since-flip=44 drawcalls-total=139594 fail-total=0 null-skips-total=0
[11:00:08] [info] flip-probe: flip #2140 ok=true present=3ms inter_flip_ms=47 drawcalls-since-flip=46 drawcalls-total=140040 fail-total=0 null-skips-total=0
[11:00:08] [info] flip-probe: flip #2150 ok=true present=4ms inter_flip_ms=42 drawcalls-since-flip=47 drawcalls-total=140510 fail-total=0 null-skips-total=0
[11:00:09] [info] flip-probe: flip #2160 ok=true present=3ms inter_flip_ms=43 drawcalls-since-flip=43 drawcalls-total=140945 fail-total=0 null-skips-total=0
[11:00:09] [info] backdrop cache: thrashing-detect engaged (streak=64, route=direct)
[11:00:09] [info] flip-probe: flip #2170 ok=true present=2ms inter_flip_ms=46 drawcalls-since-flip=43 drawcalls-total=141375 fail-total=0 null-skips-total=0
[11:00:10] [info] flip-probe: flip #2180 ok=true present=3ms inter_flip_ms=44 drawcalls-since-flip=45 drawcalls-total=141833 fail-total=0 null-skips-total=0
[11:00:10] [info] flip-probe: flip #2190 ok=true present=3ms inter_flip_ms=44 drawcalls-since-flip=45 drawcalls-total=142283 fail-total=0 null-skips-total=0
[11:00:11] [info] flip-probe: flip #2200 ok=true present=3ms inter_flip_ms=46 drawcalls-since-flip=45 drawcalls-total=142733 fail-total=0 null-skips-total=0
[11:00:11] [info] alpha audit block 0: 4719 total drawcalls, 0 with alpha<255 (block pct_x10=0; global 0/128135 pct_x10=0); alpha-mod skipped: block=0 global=0
[11:00:11] [info] fastpath audit block 0: taken=4719 (idx8=4719) skipped=0 pct_x10=1000; global taken=128135 (idx8=128135) skipped=0 pct_x10=1000
[11:00:11] [info] primitive tally block 0: clear=201(hr=201) fill=0(hr=0) rect=0(hr=0) line=0(hr=0) tint=0 spotlight=0 (over 100 flips ending at flip 2200)
[11:00:11] [info] color/alpha audit block 0: cmod_white=1287 cmod_black=1287 (idx=1287) cmod_general=0 (idx=0) cmod_fb=0; alpha_taken=0 alpha_skipped=0 (global cmod=13617/12075/693/0 idx=12075/693 alpha=0/0)
[11:00:11] [info] phase timing block 0: drawcalls=7499 dc_total_ms=959 flip_inner_total_ms=461 inter_flip_total_ms=5757 (per-flip avg x10: dc_ms=95 fi_ms=46 if_ms=575 derived audio+engine_ms=434; per-drawcall avg us_x10=1279) [direct-vesa: presents=100 total_ms=282 avg_ms_x10=28 failed=0] [ablation: NO_DC_TIMING=0 CACHE_WINSURF=0 DIRECT_VESA=1]
[11:00:11] [info] kbd/audio block 0: kbd_irq=0 kbd_drain=0 ring_chunks=16 pump_pass=4845 pic1_mask=0xb8 first_irq_ticks=0 install_ticks=0 vector_at_install=0x0083a060 pic1_mask_live=0x38 kbd_8042_stat=0x34 bios_kbd_head=0x002a bios_kbd_tail=0x002a bios_kbd_buf0=0x1970
[11:00:11] [info] dirty-rect block @flip=2200: total_calls=0 dirty_rects_avg=1 dirty_pct_x10=1000 forced_full=0 first_n_force=0 threshold_exceeded=0 dirty_path_taken=0 full_flush_taken=0
[11:00:11] [info] prev-frame-diff block @flip=2200: diff_calls=0 diff_rects_avg=0 diff_dirty_pct_x10=0 bbox_pct_x10=0 bbox_thresh_exceeded=0
[11:00:11] [info] flip-probe: flip #2210 ok=true present=3ms inter_flip_ms=42 drawcalls-since-flip=47 drawcalls-total=143194 fail-total=0 null-skips-total=0
[11:00:11] [info] flip-probe: flip #2220 ok=true present=3ms inter_flip_ms=48 drawcalls-since-flip=45 drawcalls-total=143653 fail-total=0 null-skips-total=0
[11:00:12] [info] backdrop cache: thrashing-detect engaged (streak=4, route=direct)
[11:00:12] [info] flip-probe: flip #2230 ok=true present=3ms inter_flip_ms=42 drawcalls-since-flip=18 drawcalls-total=143861 fail-total=0 null-skips-total=0
[11:00:12] [info] flip-probe: flip #2240 ok=true present=2ms inter_flip_ms=51 drawcalls-since-flip=19 drawcalls-total=144048 fail-total=0 null-skips-total=0
[11:00:12] [info] backdrop cache: thrashing-detect engaged (streak=4, route=direct)
[11:00:13] [info] flip-probe: flip #2250 ok=true present=3ms inter_flip_ms=41 drawcalls-since-flip=20 drawcalls-total=144246 fail-total=0 null-skips-total=0
[11:00:13] [info] flip-probe: flip #2260 ok=true present=3ms inter_flip_ms=41 drawcalls-since-flip=20 drawcalls-total=144454 fail-total=0 null-skips-total=0
[11:00:14] [info] flip-probe: flip #2270 ok=true present=3ms inter_flip_ms=42 drawcalls-since-flip=19 drawcalls-total=144651 fail-total=0 null-skips-total=0
[11:00:14] [info] flip-probe: flip #2280 ok=true present=3ms inter_flip_ms=39 drawcalls-since-flip=19 drawcalls-total=144841 fail-total=0 null-skips-total=0
[11:00:14] [info] flip-probe: flip #2290 ok=true present=3ms inter_flip_ms=41 drawcalls-since-flip=19 drawcalls-total=145031 fail-total=0 null-skips-total=0
[11:00:15] [info] flip-probe: flip #2300 ok=true present=3ms inter_flip_ms=41 drawcalls-since-flip=19 drawcalls-total=145221 fail-total=0 null-skips-total=0
[11:00:15] [info] alpha audit block 0: 2115 total drawcalls, 0 with alpha<255 (block pct_x10=0; global 0/130250 pct_x10=0); alpha-mod skipped: block=0 global=0
[11:00:15] [info] fastpath audit block 0: taken=2115 (idx8=2115) skipped=0 pct_x10=1000; global taken=130250 (idx8=130250) skipped=0 pct_x10=1000
[11:00:15] [info] primitive tally block 0: clear=200(hr=200) fill=0(hr=0) rect=0(hr=0) line=0(hr=0) tint=0 spotlight=0 (over 100 flips ending at flip 2300)
[11:00:15] [info] color/alpha audit block 0: cmod_white=273 cmod_black=273 (idx=273) cmod_general=0 (idx=0) cmod_fb=0; alpha_taken=0 alpha_skipped=0 (global cmod=13890/12348/693/0 idx=12348/693 alpha=0/0)
[11:00:15] [info] phase timing block 0: drawcalls=2869 dc_total_ms=653 flip_inner_total_ms=445 inter_flip_total_ms=4296 (per-flip avg x10: dc_ms=65 fi_ms=44 if_ms=429 derived audio+engine_ms=320; per-drawcall avg us_x10=2278) [direct-vesa: presents=100 total_ms=283 avg_ms_x10=28 failed=0] [ablation: NO_DC_TIMING=0 CACHE_WINSURF=0 DIRECT_VESA=1]
[11:00:15] [info] kbd/audio block 0: kbd_irq=0 kbd_drain=0 ring_chunks=16 pump_pass=5060 pic1_mask=0xb8 first_irq_ticks=0 install_ticks=0 vector_at_install=0x0083a060 pic1_mask_live=0x38 kbd_8042_stat=0x34 bios_kbd_head=0x002a bios_kbd_tail=0x002a bios_kbd_buf0=0x1970
[11:00:15] [info] dirty-rect block @flip=2300: total_calls=0 dirty_rects_avg=1 dirty_pct_x10=1000 forced_full=0 first_n_force=0 threshold_exceeded=0 dirty_path_taken=0 full_flush_taken=0
[11:00:15] [info] prev-frame-diff block @flip=2300: diff_calls=0 diff_rects_avg=0 diff_dirty_pct_x10=0 bbox_pct_x10=0 bbox_thresh_exceeded=0
[11:00:15] [info] backdrop cache: thrashing-detect engaged (streak=64, route=direct)
[11:00:15] [info] flip-probe: flip #2310 ok=true present=3ms inter_flip_ms=40 drawcalls-since-flip=19 drawcalls-total=145411 fail-total=0 null-skips-total=0
[11:00:16] [info] flip-probe: flip #2320 ok=true present=3ms inter_flip_ms=45 drawcalls-since-flip=19 drawcalls-total=145601 fail-total=0 null-skips-total=0
[11:00:16] [info] flip-probe: flip #2330 ok=true present=3ms inter_flip_ms=41 drawcalls-since-flip=60 drawcalls-total=146119 fail-total=0 null-skips-total=0
[11:00:16] [info] flip-probe: flip #2340 ok=true present=3ms inter_flip_ms=41 drawcalls-since-flip=60 drawcalls-total=146719 fail-total=0 null-skips-total=0
[11:00:17] [info] flip-probe: flip #2350 ok=true present=3ms inter_flip_ms=41 drawcalls-since-flip=60 drawcalls-total=147319 fail-total=0 null-skips-total=0
[11:00:17] [info] tas: end-of-replay auto-exit at tick 5140 (recording exhausted; set DOSKUTSU_TAS_REPLAY_HOLD=1 to disable + observe steady-state past recording end)
[11:00:17] [info] Script engine shutdown.
[11:00:17] [info] opl3 backend: on_song_stop
[11:00:17] [info] opl3 backend: cleared reg 0xBD chip-wide latch (wub-wub mitigation per flush-instr WAVE-46 H6)
[11:00:17] [info] opl3 backend shutdown (all 18 voices KEY-OFF unconditionally; OPL2 mode restored; chip state safe for next process)
[11:00:17] [info] Sound system shutdown
[11:00:17] [info] Renderer::Close()
[11:00:18] [info] tas: replay file closed
[11:00:18] [info] [fps-true] flips=2356 render_s=145 fps_mean=16.2 (clock-independent: flips / seconds since the FIRST flip; use THIS for the fps matrix, not inter_flip medians, which are invalid in any cell running the PIT/IRQ-0 music pump)
[RUNMANIFEST-BEGIN]
schema_version=1
environment=realhw
binary_sha12=f8d446b4b0e0
wave_tag=661
scene=
env_block_sha=63945bda0856
started_utc=2026-11-19T04:00:58Z
duration_s=160
exit_code=0
fps_p50=NA
fps_p95=NA
audio_vital_status=NA
regime=NA
banner_required_hit=0
banner_required_total=0
banner_forbidden_hit=0
banner_optional_hit=0
critical_count=0
warn_count=0
[RUNMANIFEST-END]
[11:00:18] [info] [runmanifest-emit] schema=v1 env=realhw sha12=f8d446b4b0e0 dur=160s tag='661' scene='' env_sha=63945bda0856 (signals=0x4)
