Logger::init: wave-53 log level=INFO path='LOGS/6C3.LOG'
[10:44:04] [info] config: loaded DOSKUTSU.CFG (4 keys)
[10:44:04] [info] tas: PRNG seed forced to 12345 via DOSKUTSU_TAS_PRNG_SEED
[10:44:04] [info] tas: auto-exit armed at tick 30000 via DOSKUTSU_TAS_AUTO_EXIT_TICK
[10:44:04] [info] tas: replay opened path='QA.TAS' header_seed=12345
[10:44:05] [info] data cache: DISABLED (default)
[10:44:05] [info] Joystick: skipped (default; set DOSKUTSU_USE_JOYSTICK=1 to enable -- skips SDL3-DOS gameport BIOS INT 15h polling, ~82 ms / flip on real HW)
[10:44:05] [info] Loading settings...
[10:44:05] [info] [input-bind] applied=0 invert_y=0 dos_axes=1
[10:44:05] [info] Renderer::initVideo: 8bpp mode requested via SDL_HINT_DOS_MAX_BPP=8 (wave 16); SDL3-DOS will pick the highest-bpp <= 8 mode at requested resolution
[10:44:05] [info] Renderer::initVideo: DOS resolution-label lock ENABLED (default)
[10:44:05] [info] Renderer::initVideo: using: software renderer
[10:44:08] [info] Renderer::initVideo: dirty-rect tracking ENABLED (wave 15, default ON; set SDL_HINT_DOSKUTSU_DIRTY_RECTS=0 to disable)
[10:44:08] [info] Renderer::initVideo: ablation flags: NO_DC_TIMING=0 CACHE_WINSURF=0 NO_INPUT_POLL=0 DIRECT_VESA=1
[10:44:08] [info] Renderer::initVideo: direct-VESA hot path ENABLED (default since wave 20 patch 0088; bypasses SDL_RenderPresent / SDL_UpdateWindowSurface and writes via SDL/0034's PresentFull helper; R2 mitigation handled by SDL/0034 generation counter -- no per-N-flip heartbeat needed; set SDL_HINT_DOSKUTSU_DIRECT_VESA=0 to revert)
[10:44:08] [info] Renderer::initVideo: flip-phase instrumentation DISABLED (default; set SDL_HINT_DOSKUTSU_FLIP_INSTR=1 to opt in for wave-20 Lever A diagnostic)
[10:44:08] [info] Renderer::initVideo: asm opaque-span blit lever DISABLED (default; set SDL_HINT_DOSKUTSU_ASM_BLIT=1 to opt in -- wave-51 _blit_indexed colorkey-blit lever)
[10:44:08] [info] Renderer::initVideo: blit-decomp instrumentation DISABLED (default; set SDL_HINT_DOSKUTSU_BLIT_DECOMP=1 to opt in -- wave-51 _blit_indexed sub-decomp sizing)
[10:44:08] [info] Renderer::initVideo: mds-scroll-decomp instrumentation DISABLED (default; set SDL_HINT_DOSKUTSU_MDS_DECOMP=1 to opt in -- wave-52 mode_draw_scene scrolling-block decomp)
[10:44:08] [info] Renderer::initVideo: DOSVESA pump yield: skipped (default) (per-flip explicit SDL_Delay(0) yield is always on; set SDL_HINT_DOSKUTSU_FORCE_PUMP_YIELD=1 to restore old per-pump yield)
[10:44:08] [info] Renderer::initVideo: indexed-mode (8bpp) ENABLED -- master palette + 107 per-asset remap LUTs loaded (wave 16, default ON; set SDL_HINT_DOSKUTSU_PIXEL_FORMAT_8=0 to disable)
[10:44:08] [info] Renderer::initVideo: master palette attached to window surface (format=SDL_PIXELFORMAT_INDEX8, ncolors=256)
[10:44:08] [info] Renderer::initVideo: indexed-mode smoke: idx0=(0,0,0) OK idx255=(255,0,255) OK
[10:44:08] [info] Renderer::initVideo: indexed-mode smoke: paletteRemapFor('MyChar.pbm') = present
[10:44:09] [info] Surface::loadImage palmap-diag #1: 'data/Loading.pbm' fmt=SDL_PIXELFORMAT_ABGR8888 remap=HIT -> path=truecolor
[10:44:09] [info] Renderer: prev-frame diff DISABLED (default since wave 17.6; set SDL_HINT_DOSKUTSU_PREVFRAME_DIFF=1 to opt in)
[10:44:09] [info] flip-probe: renderer=software window_ptr=8809408 colorspace=301991328 window_size=320x240 framebuffer_pixels=320x240 logical_present=320x240 mode=2
[10:44:09] [info] flip-probe: first flip ok=true present=47ms inter_flip_ms=0 drawcalls-since-flip=1 drawcalls-total=1
[10:44:09] [info] Sound system init
[10:44:09] [info] Sound system: 4-state audio enable (#31) -- music=on sfx=on (MUSIC_OFF/AUDIO_BACKEND=none -> music-off; SFX_OFF/SFX_DEVICE=none -> sfx-off; both gates are dispatch-level, the device still opens; AUDIO_OFF=1 is the device-level both-off).
[10:44:09] [info] Sound system: Tier-2 audio config (default since wave 21 patch 0093; 11025 Hz, 1 channel, buffer pinned to 256 frames). Measured savings on g2k Pentium OverDrive 83 MHz (W21A): heavy-music scenes ~+11 fps vs Tier-1 baseline (measured -10 to -15 ms/flip post-0094 audio fix; W21A's pre-fix -26.6 ms figure was inflated by stereo-vs-mono playback bug, see patch 0094). Audio quality is reduced vs Tier-1 (mono, 11025 Hz, simple-average L+R downmix) but recognizable; user accepted the trade per direction 2026-05-05. Set SDL_HINT_DOSKUTSU_AUDIO_TIER2=0 to revert to Tier-1 22050 stereo (full Cave Story 2004 audio quality; trades fps for fidelity).
[10:44:09] [info] Sound system: SDL_HINT_AUDIO_DEVICE_SAMPLE_FRAMES=256
[10:44:09] [info] Pixtone IRQ rate-divider: handed master_rate=11025 int16/s (SAMPLE_RATE=11025 x AUDIO_CHANNELS=1) to SDL for auto-RATEDIV (SDL/0074 computes shift_div from the resolved device freq).
[10:44:09] [info] Sound system: device frame-rate: requesting 11025 Hz match to master (SDL_DOSAudioSetDeviceFrameRate; SB16 opens at the engine frame rate instead of SDL's 44100 floor -- 4x less PCM/s + no resampler on the Organya/Pixtone path; killswitch SDL_HINT_DOSKUTSU_DOS_AUDIO_DEVICE_RATE_DEFAULT=0).
[10:44:09] [info] audio backend: organya (forced; Phase 10 baseline)
[10:44:09] [info] wave-13.6.1: ring_chunks=16 FORCE_PUMP_YIELD=off (set SDL_HINT_DOSKUTSU_AUDIO_RING_CHUNKS=4|8|16 to override; default 16 matches wave 13.6 behaviour)
[10:44:09] [info] MidiScheduler: MIDI source = 'orgmid2' (native-GM org2mid set; resolves to data/orgmid2/<name>.mid).
[10:44:09] [info] Sound system: idle-pause skipped (backend=organya does not qualify; only opl3 supports idle-pause per patch 0115; default OFF since patch 0119 regardless of backend).
[10:44:09] [warn] Music dir Ogg/ doesn't exist
[10:44:09] [warn] Music dir Ogg11/ doesn't exist
[10:44:09] [warn] Music dir Ogg17/ doesn't exist
[10:44:09] [warn] Music dir Ogg_ridic/ doesn't exist
[10:44:09] [info] Loading Sound FX...
[10:44:10] [info] [pxt-cache] init(): HIT (loaded cache; render skipped)
[10:44:18] [error] Lever 3 (Pixtone IRQ-mix; default ON since v1.0.1, or SDL_HINT_DOSKUTSU_PIXTONE_IRQ_MIX=1) is incompatible with SDL_HINT_DOSKUTSU_AUDIO_BACKEND=organya. L3 + ORGANYA IS KNOWN-INCOMPATIBLE (PLAY2 hang root-cause owned by v1.0.2 deep-campaign; v1.0.1 ships defensive interlock per flush-instr #135 three-front response). L3 forced OFF (hang prevention); SFX continue through SDL3_mixer path; music continues through Organya. To engage L3 cleanly set SDL_HINT_DOSKUTSU_AUDIO_BACKEND to opl3 / wb / midi-stub, or set SDL_HINT_DOSKUTSU_PIXTONE_IRQ_MIX=0 to silence this and keep Organya.
[10:44:18] [info] Organya init...
[10:44:19] [info] Organya init done
[10:44:32] [info] gus SFX gain [nx0259]: 70% (SDL_HINT_DOSKUTSU_GUS_SFX_GAIN; scales the GF1 SFX voice volume to balance against velocity/CC-scaled GUS music; default 70, clamp 0..150).
[10:44:32] [info] midi ISR tick: engine registered tick_isr callback (L2b active; default ON; set SDL_HINT_DOSKUTSU_MIDI_ISR_TICK=0 to disable)
[10:44:32] [info] organya auto-precache: ENABLED (default) (first-launch precache + in-game cold-render progress overlay; set SDL_HINT_DOSKUTSU_ORG_AUTOCACHE=0 to disable -> v1.1.0 black-screen cold-render)
[10:44:32] [info] organya auto-precache: cache complete (sentinel present) -- skipping batch; in-game overlay armed for any stray cache miss.
[10:44:32] [info] menu slide-in fixed-timestep: ENABLED (default; slide advances at 50 Hz logic rate)
[10:44:32] [info] Reading npc.tbl...
[10:44:32] [info] Loading tilekey.dat.
[10:44:32] [info] Script engine init.
[10:44:32] [info] Entering main loop...
[10:44:32] [info] audio mid-gap pump: DISABLED (default)
[10:44:32] [info] TAS fixed-timestep guard: ENABLED (default) (patch 0280; load_stage wall-clock kept out of the FT accumulator so TAS replay advances at a true 50 Hz; set SDL_HINT_DOSKUTSU_TAS_FT_GUARD=0 to disable)
[10:44:32] [info] load_stage ring+DMA silence flush: ENABLED (default) (set SDL_HINT_DOSKUTSU_LOADSTAGE_SILENCE=0 to disable)
[10:44:32] [info] load-band audio-underrun probe: DISABLED (default) (opt-in SDL_HINT_DOSKUTSU_LOADBAND_STAT=1)
[10:44:32] [info]  >> Entering stage 72: 'u'.
[10:44:32] [info] skip sheet flush: ENABLED (default) (SFXPAUSE-012 SHIPPED FIX; sprite sheets stay resident across caves so no per-cave re-decode -> no fire-frame pause; map_flush_graphics tilemap cache still flushes; set SDL_HINT_DOSKUTSU_SKIP_SHEET_FLUSH=0 to restore the old per-cave flush)
[10:44:32] [info] [skip-sheet-flush] cave=1
[10:44:33] [info] eager action sheets: ENABLED (default) (first-fire hitch fix: pre-loads the weapon bullet + hit/muzzle/trail caret sheets at stage load so the first fire/impact does not lazy-decode mid-gameplay; set SDL_HINT_DOSKUTSU_EAGER_ACTION_SHEETS=0 to restore lazy load)
[10:44:33] [info] Surface::loadImage palmap-diag #2: 'data/Bullet.pbm' fmt=SDL_PIXELFORMAT_ABGR8888 remap=HIT -> path=truecolor
[10:44:33] [info] Surface::loadImage palmap-diag #3: 'data/Arms.pbm' fmt=SDL_PIXELFORMAT_ABGR8888 remap=HIT -> path=truecolor
[10:44:33] [info] Surface::loadImage palmap-diag #4: 'data/Caret.pbm' fmt=SDL_PIXELFORMAT_ABGR8888 remap=HIT -> path=truecolor
[10:44:34] [info] Surface::loadImage palmap-diag #5: 'data/Npc/NpcSym.pbm' fmt=SDL_PIXELFORMAT_ABGR8888 remap=HIT -> path=truecolor
[10:44:34] [info] [eager-action-sheets] cave=1 sheets=4 wall_ms=1329
[10:44:34] [info] Surface::loadImage palmap-diag #6: 'data/Stage/PrtWhite.pbm' fmt=SDL_PIXELFORMAT_ABGR8888 remap=HIT -> path=truecolor
[10:44:35] [info] load_stage: entry-music preload ENABLED (default) (set SDL_HINT_DOSKUTSU_PRELOAD_STAGE_MUSIC=0 to disable)
[10:44:35] [info] Surface::loadImage palmap-diag #7: 'data/bk0.pbm' fmt=SDL_PIXELFORMAT_ABGR8888 remap=HIT -> path=truecolor
[10:44:35] [info] gameloop: entered (curmap=72, running=1)
[10:44:35] [info] gameloop: iter 1 ticks=30845 mapno=-1
[10:44:35] [info] fixed-timestep: ENABLED (default; logic 50 Hz, decoupled from render)
[10:44:35] [info] map: BG skip-when-unchanged DISABLED (default) (set SDL_HINT_DOSKUTSU_BG_SKIP_WHEN_UNCHANGED=1 to enable; default OFF since wave-61 -- abandoned, it shipped a backdrop-black flicker and its +0.87 fps was below the noise floor)
[10:44:35] [info] map: skip-redundant-clear lever ENABLED (default since wave-53 promotion)
[10:44:35] [info] perf-mode: level=0 (faithful (default))
[10:44:35] [info] Surface::loadImage palmap-diag #8: 'data/Npc/NpcKings.pbm' fmt=SDL_PIXELFORMAT_ABGR8888 remap=HIT -> path=truecolor
[10:44:35] [info] audio tick-boundary pump: DISABLED (default)
[10:44:35] [info] gameloop: iter 2 ticks=31227 mapno=-1
[10:44:35] [info] gameloop: iter 3 ticks=31282 mapno=-1
[10:44:35] [info] direct-vesa: snapshot @gen=2 use_dosmemput=0 banked_multibank=0 pitches_match=1 vram_w=320 vram_h=240 vram_pitch=320 bpp=1 fb_size=76800 vram_phys=0x78000000 vram_ptr=0x77c00000
[10:44:35] [info] flip-probe: flip #10 ok=true present=3ms inter_flip_ms=29 drawcalls-since-flip=6 drawcalls-total=43 fail-total=0 null-skips-total=0
[10:44:36] [info] flip-probe: flip #20 ok=true present=3ms inter_flip_ms=29 drawcalls-since-flip=4 drawcalls-total=92 fail-total=0 null-skips-total=0
[10:44:36] [info] flip-probe: flip #30 ok=true present=3ms inter_flip_ms=65 drawcalls-since-flip=326 drawcalls-total=2707 fail-total=0 null-skips-total=0
[10:44:37] [info] flip-probe: flip #40 ok=true present=3ms inter_flip_ms=58 drawcalls-since-flip=264 drawcalls-total=5837 fail-total=0 null-skips-total=0
[10:44:38] [info] flip-probe: flip #50 ok=true present=3ms inter_flip_ms=35 drawcalls-since-flip=67 drawcalls-total=7392 fail-total=0 null-skips-total=0
[10:44:38] [info] flip-probe: flip #60 ok=true present=4ms inter_flip_ms=27 drawcalls-since-flip=4 drawcalls-total=7502 fail-total=0 null-skips-total=0
[10:44:38] [info] flip-probe: flip #70 ok=true present=3ms inter_flip_ms=27 drawcalls-since-flip=6 drawcalls-total=7557 fail-total=0 null-skips-total=0
[10:44:38] [info] flip-probe: flip #80 ok=true present=4ms inter_flip_ms=21 drawcalls-since-flip=0 drawcalls-total=7586 fail-total=0 null-skips-total=0
[10:44:39] [info] flip-probe: flip #90 ok=true present=3ms inter_flip_ms=20 drawcalls-since-flip=0 drawcalls-total=7586 fail-total=0 null-skips-total=0
[10:44:39] [info] title: eager-title-IO phase tag ENABLED (default) (set SDL_HINT_DOSKUTSU_EAGER_TITLE_IO=0 to disable)
[10:44:41] [info] Organya pre-render: cache HIT CURLY (2968992 bytes from CACHE; 1 ch; synth skipped).
[10:44:41] [info] audio pump-to-target: ENABLED (186 ms depth setpoint; amount-bounded depth-regulated ring refill per displayed frame; killswitch SDL_HINT_DOSKUTSU_ORG_PUMP_TARGET_MS=0).
[10:44:41] [info] pixtone multi-source probe: DISABLED (default)
[10:44:41] [info] gameloop: entered (curmap=1005, running=1)
[10:44:41] [info] gameloop: iter 1 ticks=37330 mapno=-1
[10:44:41] [info] map: backdrop cache ENABLED (default) (set SDL_HINT_DOSKUTSU_BACKDROP_CACHE=0 to disable)
[10:44:42] [info] gameloop: iter 2 ticks=38114 mapno=-1
[10:44:42] [info] gameloop: iter 3 ticks=38165 mapno=-1
[10:44:42] [info] backdrop cache: thrashing-detect engaged (streak=4, route=direct)
[10:44:42] [info] flip-probe: flip #100 ok=true present=3ms inter_flip_ms=37 drawcalls-since-flip=75 drawcalls-total=7886 fail-total=0 null-skips-total=0
[10:44:42] [info] alpha audit block 0: 7798 total drawcalls, 0 with alpha<255 (block pct_x10=0; global 0/7798 pct_x10=0); alpha-mod skipped: block=0 global=0
[10:44:42] [info] fastpath audit block 0: taken=7798 (idx8=7798) skipped=0 pct_x10=1000; global taken=7798 (idx8=7798) skipped=0 pct_x10=1000
[10:44:42] [info] primitive tally block 0: clear=220(hr=220) fill=0(hr=0) rect=0(hr=0) line=0(hr=0) tint=0 spotlight=0 (over 100 flips ending at flip 100)
[10:44:42] [info] color/alpha audit block 0: cmod_white=104 cmod_black=0 (idx=0) cmod_general=84 (idx=84) cmod_fb=0; alpha_taken=0 alpha_skipped=0 (global cmod=104/0/84/0 idx=0/84 alpha=0/0)
[10:44:42] [info] phase timing block 0: drawcalls=8209 dc_total_ms=1419 flip_inner_total_ms=564 inter_flip_total_ms=33594 (per-flip avg x10: dc_ms=141 fi_ms=56 if_ms=3359 derived audio+engine_ms=3162; per-drawcall avg us_x10=1728) [direct-vesa: presents=97 total_ms=281 avg_ms_x10=29 failed=0] [ablation: NO_DC_TIMING=0 CACHE_WINSURF=0 DIRECT_VESA=1]
[10:44:42] [info] kbd/audio block 0: kbd_irq=0 kbd_drain=0 ring_chunks=16 pump_pass=99 pic1_mask=0xb8 first_irq_ticks=0 install_ticks=0 vector_at_install=0x0083a050 pic1_mask_live=0x38 kbd_8042_stat=0x34 bios_kbd_head=0x002a bios_kbd_tail=0x002a bios_kbd_buf0=0x1970
[10:44:42] [info] audio/engine split block 0: audio_mixer_calls=22 audio_mixer_ms_x10=2 engine_tick_calls=99 engine_tick_ms_x10=652 audio_service_calls=0 audio_service_ms_x10=0 (per-flip avg; per-call us_x10: audio_mix=11076 engine_tick=659406 audio_service=0; global ns: audio_mix=24368492 engine_tick=6528124002 audio_service=0)
[10:44:42] [info] dirty-rect block @flip=100: total_calls=0 dirty_rects_avg=0 dirty_pct_x10=990 forced_full=0 first_n_force=3 threshold_exceeded=2 dirty_path_taken=0 full_flush_taken=3
[10:44:42] [info] prev-frame-diff block @flip=100: diff_calls=0 diff_rects_avg=0 diff_dirty_pct_x10=0 bbox_pct_x10=0 bbox_thresh_exceeded=0
[10:44:43] [info] flip-probe: flip #110 ok=true present=3ms inter_flip_ms=29 drawcalls-since-flip=75 drawcalls-total=8636 fail-total=0 null-skips-total=0
[10:44:43] [info] flip-probe: flip #120 ok=true present=3ms inter_flip_ms=32 drawcalls-since-flip=75 drawcalls-total=9386 fail-total=0 null-skips-total=0
[10:44:43] [info] flip-probe: flip #130 ok=true present=3ms inter_flip_ms=20 drawcalls-since-flip=0 drawcalls-total=9986 fail-total=0 null-skips-total=0
[10:44:43] [info] Loading profile from profile.dat
[10:44:43] [error] profile_load: unable to open 'profile.dat'
[10:44:43] [info] Loading profile from profile2.dat
[10:44:43] [error] profile_load: unable to open 'profile2.dat'
[10:44:43] [info] Loading profile from profile3.dat
[10:44:43] [info] Loading profile from profile4.dat
[10:44:43] [error] profile_load: unable to open 'profile4.dat'
[10:44:43] [info] Loading profile from profile5.dat
[10:44:44] [info] flip-probe: flip #140 ok=true present=3ms inter_flip_ms=55 drawcalls-since-flip=214 drawcalls-total=10842 fail-total=0 null-skips-total=0
[10:44:44] [info] flip-probe: flip #150 ok=true present=3ms inter_flip_ms=52 drawcalls-since-flip=214 drawcalls-total=12982 fail-total=0 null-skips-total=0
[10:44:45] [info] Writing settings...
[10:44:45] [info] flip-probe: flip #160 ok=true present=3ms inter_flip_ms=22 drawcalls-since-flip=0 drawcalls-total=13846 fail-total=0 null-skips-total=0
[10:44:45] [info] gameloop: iter 600 ticks=41097 mapno=-1
[10:44:45] [info] flip-probe: flip #170 ok=true present=3ms inter_flip_ms=20 drawcalls-since-flip=0 drawcalls-total=13846 fail-total=0 null-skips-total=0
[10:44:45] [info] Loading profile from profile5.dat
[10:44:45] [info]  >> Entering stage 20: 'Save Point'.
[10:44:45] [info] [skip-sheet-flush] cave=2
[10:44:47] [info] Organya pre-render: cache HIT MURA (1481280 bytes from CACHE; 1 ch; synth skipped).
[10:44:47] [info] gameloop: entered (curmap=20, running=1)
[10:44:47] [info] gameloop: iter 1 ticks=43138 mapno=-1
[10:44:47] [info] TAS stall discount: ENABLED (default) (patch 0286; a replay frame over 150 ms is a load, not slow rendering, so it contributes 1 tick instead of its wall-clock; set SDL_HINT_DOSKUTSU_TAS_STALL_DISCOUNT=0 to disable)
[10:44:47] [info] TAS accumulator clamp: DISABLED (default) (patch 0281; caps the FT accumulator delta at one tick during TAS so a stalled frame cannot race the replay index; set SDL_HINT_DOSKUTSU_TAS_FT_GUARD=0 to disable)
[10:44:47] [info] gameloop: iter 2 ticks=43192 mapno=-1
[10:44:47] [info] gameloop: iter 3 ticks=43242 mapno=-1
[10:44:47] [info] flip-probe: flip #180 ok=true present=3ms inter_flip_ms=33 drawcalls-since-flip=17 drawcalls-total=13971 fail-total=0 null-skips-total=0
[10:44:48] [info] flip-probe: flip #190 ok=true present=3ms inter_flip_ms=31 drawcalls-since-flip=17 drawcalls-total=14141 fail-total=0 null-skips-total=0
[10:44:48] [info] flip-probe: flip #200 ok=true present=3ms inter_flip_ms=32 drawcalls-since-flip=17 drawcalls-total=14311 fail-total=0 null-skips-total=0
[10:44:48] [info] alpha audit block 0: 5788 total drawcalls, 0 with alpha<255 (block pct_x10=0; global 0/13586 pct_x10=0); alpha-mod skipped: block=0 global=0
[10:44:48] [info] fastpath audit block 0: taken=5788 (idx8=5788) skipped=0 pct_x10=1000; global taken=13586 (idx8=13586) skipped=0 pct_x10=1000
[10:44:48] [info] primitive tally block 0: clear=201(hr=201) fill=0(hr=0) rect=0(hr=0) line=0(hr=0) tint=0 spotlight=0 (over 100 flips ending at flip 200)
[10:44:48] [info] color/alpha audit block 0: cmod_white=1438 cmod_black=0 (idx=0) cmod_general=609 (idx=609) cmod_fb=0; alpha_taken=0 alpha_skipped=0 (global cmod=1542/0/693/0 idx=0/693 alpha=0/0)
[10:44:48] [info] phase timing block 0: drawcalls=8036 dc_total_ms=1275 flip_inner_total_ms=851 inter_flip_total_ms=5760 (per-flip avg x10: dc_ms=127 fi_ms=85 if_ms=576 derived audio+engine_ms=364; per-drawcall avg us_x10=1587) [direct-vesa: presents=100 total_ms=280 avg_ms_x10=28 failed=0] [ablation: NO_DC_TIMING=0 CACHE_WINSURF=0 DIRECT_VESA=1]
[10:44:48] [info] kbd/audio block 0: kbd_irq=0 kbd_drain=0 ring_chunks=16 pump_pass=216 pic1_mask=0xb8 first_irq_ticks=0 install_ticks=0 vector_at_install=0x0083a050 pic1_mask_live=0x38 kbd_8042_stat=0x34 bios_kbd_head=0x002a bios_kbd_tail=0x002a bios_kbd_buf0=0x1970
[10:44:48] [info] audio/engine split block 0: audio_mixer_calls=180 audio_mixer_ms_x10=15 engine_tick_calls=76 engine_tick_ms_x10=201 audio_service_calls=0 audio_service_ms_x10=0 (per-flip avg; per-call us_x10: audio_mix=8475 engine_tick=264878 audio_service=0; global ns: audio_mix=176919668 engine_tick=8541199147 audio_service=0)
[10:44:48] [info] dirty-rect block @flip=200: total_calls=0 dirty_rects_avg=1 dirty_pct_x10=1000 forced_full=0 first_n_force=0 threshold_exceeded=0 dirty_path_taken=0 full_flush_taken=0
[10:44:48] [info] prev-frame-diff block @flip=200: diff_calls=0 diff_rects_avg=0 diff_dirty_pct_x10=0 bbox_pct_x10=0 bbox_thresh_exceeded=0
[10:44:48] [info] tas: stall frame 314 ms -> contributing 1 tick (patch 0286)
[10:44:49] [info] flip-probe: flip #210 ok=true present=3ms inter_flip_ms=33 drawcalls-since-flip=17 drawcalls-total=14481 fail-total=0 null-skips-total=0
[10:44:49] [info] flip-probe: flip #220 ok=true present=2ms inter_flip_ms=36 drawcalls-since-flip=17 drawcalls-total=14651 fail-total=0 null-skips-total=0
[10:44:49] [info] flip-probe: flip #230 ok=true present=3ms inter_flip_ms=58 drawcalls-since-flip=214 drawcalls-total=15253 fail-total=0 null-skips-total=0
[10:44:50] [info]  >> Entering stage 11: 'Mimiga Village'.
[10:44:50] [info] [skip-sheet-flush] cave=3
[10:44:50] [info] [load-stage] preloading entry music song=9 (cave=3)
[10:44:50] [info] gameloop: entered (curmap=11, running=1)
[10:44:50] [info] gameloop: iter 1 ticks=46538 mapno=-1
[10:44:51] [info] map: mds_clear LUT ENABLED (default) (set SDL_HINT_DOSKUTSU_MDS_CLEAR_LUT=0 to disable; default ON; patch 0144 wave-49 bandwidth lever)
[10:44:51] [info] mds-clear-lut: rebuilt N=240 entries (k_skip=0% k_keep=100%; curmap=11 map_size=60x60; rebuild #1 since boot)
[10:44:51] [info] backdrop thrash full-cover ENABLED (default) (set SDL_HINT_DOSKUTSU_THRASH_FULLCOVER=0 to disable)
[10:44:51] [info] [bd-diag] backdrop render-path diag disabled (default) (set SDL_HINT_DOSKUTSU_BACKDROP_DIAG=1 to enable)
[10:44:51] [info] gameloop: iter 2 ticks=46673 mapno=-1
[10:44:51] [info] gameloop: iter 3 ticks=46779 mapno=-1
[10:44:51] [info] flip-probe: flip #240 ok=true present=4ms inter_flip_ms=115 drawcalls-since-flip=384 drawcalls-total=18515 fail-total=0 null-skips-total=0
[10:44:51] [info] backdrop cache: thrashing-detect engaged (streak=4, route=direct)
[10:44:51] [info] flip-probe: flip #250 ok=true present=3ms inter_flip_ms=49 drawcalls-since-flip=43 drawcalls-total=19630 fail-total=0 null-skips-total=0
[10:44:52] [info] flip-probe: flip #260 ok=true present=3ms inter_flip_ms=60 drawcalls-since-flip=46 drawcalls-total=20084 fail-total=0 null-skips-total=0
[10:44:53] [info] flip-probe: flip #270 ok=true present=3ms inter_flip_ms=52 drawcalls-since-flip=43 drawcalls-total=20523 fail-total=0 null-skips-total=0
[10:44:53] [info] flip-probe: flip #280 ok=true present=3ms inter_flip_ms=50 drawcalls-since-flip=43 drawcalls-total=20953 fail-total=0 null-skips-total=0
[10:44:54] [info] flip-probe: flip #290 ok=true present=2ms inter_flip_ms=49 drawcalls-since-flip=43 drawcalls-total=21383 fail-total=0 null-skips-total=0
[10:44:54] [info] flip-probe: flip #300 ok=true present=3ms inter_flip_ms=50 drawcalls-since-flip=43 drawcalls-total=21813 fail-total=0 null-skips-total=0
[10:44:54] [info] alpha audit block 0: 6620 total drawcalls, 0 with alpha<255 (block pct_x10=0; global 0/20206 pct_x10=0); alpha-mod skipped: block=0 global=0
[10:44:54] [info] fastpath audit block 0: taken=6620 (idx8=6620) skipped=0 pct_x10=1000; global taken=20206 (idx8=20206) skipped=0 pct_x10=1000
[10:44:54] [info] primitive tally block 0: clear=201(hr=201) fill=0(hr=0) rect=0(hr=0) line=0(hr=0) tint=0 spotlight=0 (over 100 flips ending at flip 300)
[10:44:54] [info] color/alpha audit block 0: cmod_white=819 cmod_black=819 (idx=819) cmod_general=0 (idx=0) cmod_fb=0; alpha_taken=0 alpha_skipped=0 (global cmod=2361/819/693/0 idx=819/693 alpha=0/0)
[10:44:54] [info] phase timing block 0: drawcalls=8464 dc_total_ms=1108 flip_inner_total_ms=688 inter_flip_total_ms=6178 (per-flip avg x10: dc_ms=110 fi_ms=68 if_ms=617 derived audio+engine_ms=439; per-drawcall avg us_x10=1310) [direct-vesa: presents=100 total_ms=281 avg_ms_x10=28 failed=0] [ablation: NO_DC_TIMING=0 CACHE_WINSURF=0 DIRECT_VESA=1]
[10:44:54] [info] kbd/audio block 0: kbd_irq=0 kbd_drain=0 ring_chunks=16 pump_pass=479 pic1_mask=0xb8 first_irq_ticks=0 install_ticks=0 vector_at_install=0x0083a050 pic1_mask_live=0x38 kbd_8042_stat=0x34 bios_kbd_head=0x002a bios_kbd_tail=0x002a bios_kbd_buf0=0x1970
[10:44:54] [info] [tile-speedup-stat n=100 drawtile_us=106.78 raw_blit_us=68.29 ratio=1.56]
[10:44:54] [info] audio/engine split block 0: audio_mixer_calls=245 audio_mixer_ms_x10=21 engine_tick_calls=0 engine_tick_ms_x10=0 audio_service_calls=0 audio_service_ms_x10=0 (per-flip avg; per-call us_x10: audio_mix=8597 engine_tick=0 audio_service=0; global ns: audio_mix=387559305 engine_tick=8541199147 audio_service=0)
[10:44:54] [info] dirty-rect block @flip=300: total_calls=100 dirty_rects_avg=1 dirty_pct_x10=1000 forced_full=0 first_n_force=0 threshold_exceeded=0 dirty_path_taken=0 full_flush_taken=0
[10:44:54] [info] prev-frame-diff block @flip=300: diff_calls=0 diff_rects_avg=0 diff_dirty_pct_x10=0 bbox_pct_x10=0 bbox_thresh_exceeded=0
[10:44:54] [info] backdrop cache: thrashing-detect engaged (streak=64, route=direct)
[10:44:55] [info] flip-probe: flip #310 ok=true present=3ms inter_flip_ms=48 drawcalls-since-flip=43 drawcalls-total=22343 fail-total=0 null-skips-total=0
[10:44:55] [info] flip-probe: flip #320 ok=true present=3ms inter_flip_ms=50 drawcalls-since-flip=43 drawcalls-total=22773 fail-total=0 null-skips-total=0
[10:44:56] [info] flip-probe: flip #330 ok=true present=3ms inter_flip_ms=60 drawcalls-since-flip=46 drawcalls-total=23220 fail-total=0 null-skips-total=0
[10:44:56] [info] flip-probe: flip #340 ok=true present=3ms inter_flip_ms=54 drawcalls-since-flip=43 drawcalls-total=23654 fail-total=0 null-skips-total=0
[10:44:57] [info] run_tick_fixed #600: heartbeat (loop alive)
[10:44:57] [info] flip-probe: flip #350 ok=true present=3ms inter_flip_ms=52 drawcalls-since-flip=43 drawcalls-total=24092 fail-total=0 null-skips-total=0
[10:44:57] [info] flip-probe: flip #360 ok=true present=3ms inter_flip_ms=44 drawcalls-since-flip=15 drawcalls-total=24427 fail-total=0 null-skips-total=0
[10:44:58] [info] backdrop cache: thrashing-detect engaged (streak=124, route=direct)
[10:44:58] [info] flip-probe: flip #370 ok=true present=3ms inter_flip_ms=54 drawcalls-since-flip=18 drawcalls-total=24605 fail-total=0 null-skips-total=0
[10:44:58] [info] flip-probe: flip #380 ok=true present=3ms inter_flip_ms=46 drawcalls-since-flip=15 drawcalls-total=24761 fail-total=0 null-skips-total=0
[10:44:59] [info] flip-probe: flip #390 ok=true present=3ms inter_flip_ms=42 drawcalls-since-flip=15 drawcalls-total=24911 fail-total=0 null-skips-total=0
[10:45:00] [info]  >> Entering stage 17: 'Yamashita Farm'.
[10:45:00] [info] [skip-sheet-flush] cave=4
[10:45:00] [info] [load-stage] preloading entry music song=13 (cave=4)
[10:45:01] [info] Organya pre-render: cache HIT PLANT (1185024 bytes from CACHE; 1 ch; synth skipped).
[10:45:01] [info] gameloop: entered (curmap=17, running=1)
[10:45:01] [info] gameloop: iter 1 ticks=57047 mapno=-1
[10:45:01] [info] mds-clear-lut: rebuilt N=240 entries (k_skip=33% k_keep=67%; curmap=17 map_size=40x16; rebuild #2 since boot)
[10:45:01] [info] flip-probe: flip #400 ok=true present=2ms inter_flip_ms=1650 drawcalls-since-flip=400 drawcalls-total=27312 fail-total=0 null-skips-total=0
[10:45:01] [info] alpha audit block 0: 4645 total drawcalls, 0 with alpha<255 (block pct_x10=0; global 0/24851 pct_x10=0); alpha-mod skipped: block=0 global=0
[10:45:01] [info] fastpath audit block 0: taken=4645 (idx8=4645) skipped=0 pct_x10=1000; global taken=24851 (idx8=24851) skipped=0 pct_x10=1000
[10:45:01] [info] primitive tally block 0: clear=201(hr=201) fill=0(hr=0) rect=0(hr=0) line=0(hr=0) tint=0 spotlight=0 (over 100 flips ending at flip 400)
[10:45:01] [info] color/alpha audit block 0: cmod_white=754 cmod_black=754 (idx=754) cmod_general=0 (idx=0) cmod_fb=0; alpha_taken=0 alpha_skipped=0 (global cmod=3115/1573/693/0 idx=1573/693 alpha=0/0)
[10:45:01] [info] phase timing block 0: drawcalls=6355 dc_total_ms=908 flip_inner_total_ms=929 inter_flip_total_ms=7102 (per-flip avg x10: dc_ms=90 fi_ms=92 if_ms=710 derived audio+engine_ms=528; per-drawcall avg us_x10=1430) [direct-vesa: presents=100 total_ms=281 avg_ms_x10=28 failed=0] [ablation: NO_DC_TIMING=0 CACHE_WINSURF=0 DIRECT_VESA=1]
[10:45:01] [info] kbd/audio block 0: kbd_irq=0 kbd_drain=0 ring_chunks=16 pump_pass=752 pic1_mask=0xb8 first_irq_ticks=0 install_ticks=0 vector_at_install=0x0083a050 pic1_mask_live=0x38 kbd_8042_stat=0x34 bios_kbd_head=0x002a bios_kbd_tail=0x002a bios_kbd_buf0=0x1970
[10:45:01] [info] audio/engine split block 0: audio_mixer_calls=241 audio_mixer_ms_x10=20 engine_tick_calls=0 engine_tick_ms_x10=0 audio_service_calls=0 audio_service_ms_x10=0 (per-flip avg; per-call us_x10: audio_mix=8562 engine_tick=0 audio_service=0; global ns: audio_mix=593906214 engine_tick=8541199147 audio_service=0)
[10:45:01] [info] dirty-rect block @flip=400: total_calls=0 dirty_rects_avg=1 dirty_pct_x10=1000 forced_full=0 first_n_force=0 threshold_exceeded=0 dirty_path_taken=0 full_flush_taken=0
[10:45:01] [info] prev-frame-diff block @flip=400: diff_calls=0 diff_rects_avg=0 diff_dirty_pct_x10=0 bbox_pct_x10=0 bbox_thresh_exceeded=0
[10:45:01] [info] gameloop: iter 2 ticks=57575 mapno=-1
[10:45:01] [info] tas: stall frame 527 ms -> contributing 1 tick (patch 0286)
[10:45:02] [info] gameloop: iter 3 ticks=57677 mapno=-1
[10:45:02] [info] flip-probe: flip #410 ok=true present=3ms inter_flip_ms=65 drawcalls-since-flip=139 drawcalls-total=30052 fail-total=0 null-skips-total=0
[10:45:03] [info] flip-probe: flip #420 ok=true present=3ms inter_flip_ms=68 drawcalls-since-flip=144 drawcalls-total=31489 fail-total=0 null-skips-total=0
[10:45:04] [info] backdrop cache: thrashing-detect engaged (streak=4, route=direct)
[10:45:04] [info] flip-probe: flip #430 ok=true present=3ms inter_flip_ms=82 drawcalls-since-flip=142 drawcalls-total=32916 fail-total=0 null-skips-total=0
[10:45:05] [info] flip-probe: flip #440 ok=true present=2ms inter_flip_ms=87 drawcalls-since-flip=140 drawcalls-total=34339 fail-total=0 null-skips-total=0
[10:45:06] [info] flip-probe: flip #450 ok=true present=3ms inter_flip_ms=87 drawcalls-since-flip=142 drawcalls-total=35714 fail-total=0 null-skips-total=0
[10:45:06] [info] backdrop cache: thrashing-detect engaged (streak=4, route=direct)
[10:45:06] [info] flip-probe: flip #460 ok=true present=3ms inter_flip_ms=64 drawcalls-since-flip=132 drawcalls-total=37038 fail-total=0 null-skips-total=0
[10:45:07] [info] flip-probe: flip #470 ok=true present=3ms inter_flip_ms=88 drawcalls-since-flip=125 drawcalls-total=38346 fail-total=0 null-skips-total=0
[10:45:08] [info] flip-probe: flip #480 ok=true present=3ms inter_flip_ms=72 drawcalls-since-flip=129 drawcalls-total=39625 fail-total=0 null-skips-total=0
[10:45:09] [info] flip-probe: flip #490 ok=true present=3ms inter_flip_ms=68 drawcalls-since-flip=136 drawcalls-total=40963 fail-total=0 null-skips-total=0
[10:45:09] [info] flip-probe: flip #500 ok=true present=3ms inter_flip_ms=73 drawcalls-since-flip=129 drawcalls-total=42235 fail-total=0 null-skips-total=0
[10:45:09] [info] alpha audit block 0: 13523 total drawcalls, 0 with alpha<255 (block pct_x10=0; global 0/38374 pct_x10=0); alpha-mod skipped: block=0 global=0
[10:45:09] [info] fastpath audit block 0: taken=13523 (idx8=13523) skipped=0 pct_x10=1000; global taken=38374 (idx8=38374) skipped=0 pct_x10=1000
[10:45:09] [info] primitive tally block 0: clear=200(hr=200) fill=0(hr=0) rect=0(hr=0) line=0(hr=0) tint=0 spotlight=0 (over 100 flips ending at flip 500)
[10:45:09] [info] color/alpha audit block 0: cmod_white=1300 cmod_black=1300 (idx=1300) cmod_general=0 (idx=0) cmod_fb=0; alpha_taken=0 alpha_skipped=0 (global cmod=4415/2873/693/0 idx=2873/693 alpha=0/0)
[10:45:09] [info] phase timing block 0: drawcalls=16354 dc_total_ms=1453 flip_inner_total_ms=689 inter_flip_total_ms=8137 (per-flip avg x10: dc_ms=145 fi_ms=68 if_ms=813 derived audio+engine_ms=600; per-drawcall avg us_x10=888) [direct-vesa: presents=100 total_ms=281 avg_ms_x10=28 failed=0] [ablation: NO_DC_TIMING=0 CACHE_WINSURF=0 DIRECT_VESA=1]
[10:45:09] [info] kbd/audio block 0: kbd_irq=0 kbd_drain=0 ring_chunks=16 pump_pass=1142 pic1_mask=0xb8 first_irq_ticks=0 install_ticks=0 vector_at_install=0x0083a050 pic1_mask_live=0x38 kbd_8042_stat=0x34 bios_kbd_head=0x002a bios_kbd_tail=0x002a bios_kbd_buf0=0x1970
[10:45:09] [info] audio/engine split block 0: audio_mixer_calls=346 audio_mixer_ms_x10=29 engine_tick_calls=0 engine_tick_ms_x10=0 audio_service_calls=0 audio_service_ms_x10=0 (per-flip avg; per-call us_x10: audio_mix=8608 engine_tick=0 audio_service=0; global ns: audio_mix=891750628 engine_tick=8541199147 audio_service=0)
[10:45:09] [info] dirty-rect block @flip=500: total_calls=0 dirty_rects_avg=1 dirty_pct_x10=1000 forced_full=0 first_n_force=0 threshold_exceeded=0 dirty_path_taken=0 full_flush_taken=0
[10:45:10] [info] prev-frame-diff block @flip=500: diff_calls=0 diff_rects_avg=0 diff_dirty_pct_x10=0 bbox_pct_x10=0 bbox_thresh_exceeded=0
[10:45:10] [info] tas: stall frame 440 ms -> contributing 1 tick (patch 0286)
[10:45:10] [info] flip-probe: flip #510 ok=true present=3ms inter_flip_ms=75 drawcalls-since-flip=144 drawcalls-total=43619 fail-total=0 null-skips-total=0
[10:45:11] [info] backdrop cache: thrashing-detect engaged (streak=64, route=direct)
[10:45:11] [info] flip-probe: flip #520 ok=true present=3ms inter_flip_ms=71 drawcalls-since-flip=111 drawcalls-total=44987 fail-total=0 null-skips-total=0
[10:45:12] [info] flip-probe: flip #530 ok=true present=3ms inter_flip_ms=66 drawcalls-since-flip=108 drawcalls-total=46076 fail-total=0 null-skips-total=0
[10:45:13] [info] flip-probe: flip #540 ok=true present=3ms inter_flip_ms=63 drawcalls-since-flip=105 drawcalls-total=47161 fail-total=0 null-skips-total=0
[10:45:13] [info] flip-probe: flip #550 ok=true present=2ms inter_flip_ms=74 drawcalls-since-flip=111 drawcalls-total=48273 fail-total=0 null-skips-total=0
[10:45:14] [info] flip-probe: flip #560 ok=true present=3ms inter_flip_ms=73 drawcalls-since-flip=106 drawcalls-total=49374 fail-total=0 null-skips-total=0
[10:45:14] [info] backdrop cache: thrashing-detect engaged (streak=4, route=direct)
[10:45:15] [info] flip-probe: flip #570 ok=true present=3ms inter_flip_ms=70 drawcalls-since-flip=116 drawcalls-total=50481 fail-total=0 null-skips-total=0
[10:45:16] [info] flip-probe: flip #580 ok=true present=3ms inter_flip_ms=65 drawcalls-since-flip=114 drawcalls-total=51643 fail-total=0 null-skips-total=0
[10:45:16] [info] flip-probe: flip #590 ok=true present=3ms inter_flip_ms=69 drawcalls-since-flip=116 drawcalls-total=52786 fail-total=0 null-skips-total=0
[10:45:17] [info] flip-probe: flip #600 ok=true present=3ms inter_flip_ms=95 drawcalls-since-flip=375 drawcalls-total=54632 fail-total=0 null-skips-total=0
[10:45:17] [info] alpha audit block 0: 12050 total drawcalls, 0 with alpha<255 (block pct_x10=0; global 0/50424 pct_x10=0); alpha-mod skipped: block=0 global=0
[10:45:17] [info] fastpath audit block 0: taken=12050 (idx8=12050) skipped=0 pct_x10=1000; global taken=50424 (idx8=50424) skipped=0 pct_x10=1000
[10:45:17] [info] primitive tally block 0: clear=200(hr=200) fill=0(hr=0) rect=0(hr=0) line=0(hr=0) tint=0 spotlight=0 (over 100 flips ending at flip 600)
[10:45:17] [info] color/alpha audit block 0: cmod_white=247 cmod_black=247 (idx=247) cmod_general=0 (idx=0) cmod_fb=0; alpha_taken=0 alpha_skipped=0 (global cmod=4662/3120/693/0 idx=3120/693 alpha=0/0)
[10:45:17] [info] phase timing block 0: drawcalls=12748 dc_total_ms=1079 flip_inner_total_ms=664 inter_flip_total_ms=7671 (per-flip avg x10: dc_ms=107 fi_ms=66 if_ms=767 derived audio+engine_ms=594; per-drawcall avg us_x10=846) [direct-vesa: presents=100 total_ms=281 avg_ms_x10=28 failed=0] [ablation: NO_DC_TIMING=0 CACHE_WINSURF=0 DIRECT_VESA=1]
[10:45:17] [info] kbd/audio block 0: kbd_irq=0 kbd_drain=0 ring_chunks=16 pump_pass=1503 pic1_mask=0xb8 first_irq_ticks=0 install_ticks=0 vector_at_install=0x0083a050 pic1_mask_live=0x38 kbd_8042_stat=0x34 bios_kbd_head=0x002a bios_kbd_tail=0x002a bios_kbd_buf0=0x1970
[10:45:17] [info] audio/engine split block 0: audio_mixer_calls=323 audio_mixer_ms_x10=27 engine_tick_calls=0 engine_tick_ms_x10=0 audio_service_calls=0 audio_service_ms_x10=0 (per-flip avg; per-call us_x10: audio_mix=8571 engine_tick=0 audio_service=0; global ns: audio_mix=1168598212 engine_tick=8541199147 audio_service=0)
[10:45:17] [info] dirty-rect block @flip=600: total_calls=0 dirty_rects_avg=1 dirty_pct_x10=1000 forced_full=0 first_n_force=0 threshold_exceeded=0 dirty_path_taken=0 full_flush_taken=0
[10:45:17] [info] prev-frame-diff block @flip=600: diff_calls=0 diff_rects_avg=0 diff_dirty_pct_x10=0 bbox_pct_x10=0 bbox_thresh_exceeded=0
[10:45:17] [info] tas: stall frame 160 ms -> contributing 1 tick (patch 0286)
[10:45:18] [info]  >> Entering stage 11: 'Mimiga Village'.
[10:45:18] [info] [skip-sheet-flush] cave=5
[10:45:18] [info] [load-stage] preloading entry music song=9 (cave=5)
[10:45:18] [info] Organya pre-render: cache HIT MURA (1481280 bytes from CACHE; 1 ch; synth skipped).
[10:45:19] [info] gameloop: entered (curmap=11, running=1)
[10:45:19] [info] gameloop: iter 1 ticks=74718 mapno=-1
[10:45:19] [info] mds-clear-lut: rebuilt N=240 entries (k_skip=0% k_keep=100%; curmap=11 map_size=60x60; rebuild #3 since boot)
[10:45:19] [info] gameloop: iter 2 ticks=74823 mapno=-1
[10:45:19] [info] gameloop: iter 3 ticks=74925 mapno=-1
[10:45:19] [info] flip-probe: flip #610 ok=true present=3ms inter_flip_ms=94 drawcalls-since-flip=255 drawcalls-total=57962 fail-total=0 null-skips-total=0
[10:45:19] [info] backdrop cache: thrashing-detect engaged (streak=4, route=direct)
[10:45:20] [info] flip-probe: flip #620 ok=true present=2ms inter_flip_ms=51 drawcalls-since-flip=41 drawcalls-total=58579 fail-total=0 null-skips-total=0
[10:45:20] [info] flip-probe: flip #630 ok=true present=3ms inter_flip_ms=49 drawcalls-since-flip=41 drawcalls-total=58989 fail-total=0 null-skips-total=0
[10:45:21] [info] flip-probe: flip #640 ok=true present=2ms inter_flip_ms=56 drawcalls-since-flip=41 drawcalls-total=59399 fail-total=0 null-skips-total=0
[10:45:21] [info] flip-probe: flip #650 ok=true present=3ms inter_flip_ms=49 drawcalls-since-flip=43 drawcalls-total=59815 fail-total=0 null-skips-total=0
[10:45:22] [info] flip-probe: flip #660 ok=true present=3ms inter_flip_ms=48 drawcalls-since-flip=41 drawcalls-total=60229 fail-total=0 null-skips-total=0
[10:45:23] [info] flip-probe: flip #670 ok=true present=3ms inter_flip_ms=272 drawcalls-since-flip=42 drawcalls-total=60645 fail-total=0 null-skips-total=0
[10:45:23] [info] tas: stall frame 279 ms -> contributing 1 tick (patch 0286)
[10:45:23] [info] backdrop cache: thrashing-detect engaged (streak=64, route=direct)
[10:45:23] [info] flip-probe: flip #680 ok=true present=3ms inter_flip_ms=48 drawcalls-since-flip=43 drawcalls-total=61070 fail-total=0 null-skips-total=0
[10:45:24] [info] flip-probe: flip #690 ok=true present=3ms inter_flip_ms=48 drawcalls-since-flip=42 drawcalls-total=61490 fail-total=0 null-skips-total=0
[10:45:24] [info] flip-probe: flip #700 ok=true present=3ms inter_flip_ms=48 drawcalls-since-flip=43 drawcalls-total=61911 fail-total=0 null-skips-total=0
[10:45:24] [info] alpha audit block 0: 5944 total drawcalls, 0 with alpha<255 (block pct_x10=0; global 0/56368 pct_x10=0); alpha-mod skipped: block=0 global=0
[10:45:24] [info] fastpath audit block 0: taken=5944 (idx8=5944) skipped=0 pct_x10=1000; global taken=56368 (idx8=56368) skipped=0 pct_x10=1000
[10:45:24] [info] primitive tally block 0: clear=201(hr=201) fill=0(hr=0) rect=0(hr=0) line=0(hr=0) tint=0 spotlight=0 (over 100 flips ending at flip 700)
[10:45:24] [info] color/alpha audit block 0: cmod_white=1235 cmod_black=1235 (idx=1235) cmod_general=0 (idx=0) cmod_fb=0; alpha_taken=0 alpha_skipped=0 (global cmod=5897/4355/693/0 idx=4355/693 alpha=0/0)
[10:45:24] [info] phase timing block 0: drawcalls=8620 dc_total_ms=1069 flip_inner_total_ms=690 inter_flip_total_ms=7029 (per-flip avg x10: dc_ms=106 fi_ms=69 if_ms=702 derived audio+engine_ms=527; per-drawcall avg us_x10=1240) [direct-vesa: presents=100 total_ms=281 avg_ms_x10=28 failed=0] [ablation: NO_DC_TIMING=0 CACHE_WINSURF=0 DIRECT_VESA=1]
[10:45:24] [info] kbd/audio block 0: kbd_irq=0 kbd_drain=0 ring_chunks=16 pump_pass=1780 pic1_mask=0xb8 first_irq_ticks=0 install_ticks=0 vector_at_install=0x0083a050 pic1_mask_live=0x38 kbd_8042_stat=0x34 bios_kbd_head=0x002a bios_kbd_tail=0x002a bios_kbd_buf0=0x1970
[10:45:24] [info] audio/engine split block 0: audio_mixer_calls=260 audio_mixer_ms_x10=22 engine_tick_calls=0 engine_tick_ms_x10=0 audio_service_calls=0 audio_service_ms_x10=0 (per-flip avg; per-call us_x10: audio_mix=8584 engine_tick=0 audio_service=0; global ns: audio_mix=1391805946 engine_tick=8541199147 audio_service=0)
[10:45:24] [info] dirty-rect block @flip=700: total_calls=0 dirty_rects_avg=1 dirty_pct_x10=1000 forced_full=0 first_n_force=0 threshold_exceeded=0 dirty_path_taken=0 full_flush_taken=0
[10:45:24] [info] prev-frame-diff block @flip=700: diff_calls=0 diff_rects_avg=0 diff_dirty_pct_x10=0 bbox_pct_x10=0 bbox_thresh_exceeded=0
[10:45:24] [info] run_tick_fixed #1800: heartbeat (loop alive)
[10:45:25] [info] flip-probe: flip #710 ok=true present=3ms inter_flip_ms=60 drawcalls-since-flip=44 drawcalls-total=62346 fail-total=0 null-skips-total=0
[10:45:25] [info] flip-probe: flip #720 ok=true present=3ms inter_flip_ms=48 drawcalls-since-flip=44 drawcalls-total=62786 fail-total=0 null-skips-total=0
[10:45:26] [info] flip-probe: flip #730 ok=true present=3ms inter_flip_ms=48 drawcalls-since-flip=17 drawcalls-total=63091 fail-total=0 null-skips-total=0
[10:45:26] [info] backdrop cache: thrashing-detect engaged (streak=124, route=direct)
[10:45:26] [info] flip-probe: flip #740 ok=true present=3ms inter_flip_ms=46 drawcalls-since-flip=17 drawcalls-total=63257 fail-total=0 null-skips-total=0
[10:45:27] [info] flip-probe: flip #750 ok=true present=3ms inter_flip_ms=43 drawcalls-since-flip=16 drawcalls-total=63421 fail-total=0 null-skips-total=0
[10:45:27] [info] flip-probe: flip #760 ok=true present=3ms inter_flip_ms=44 drawcalls-since-flip=16 drawcalls-total=63581 fail-total=0 null-skips-total=0
[10:45:28] [info] flip-probe: flip #770 ok=true present=3ms inter_flip_ms=44 drawcalls-since-flip=16 drawcalls-total=63741 fail-total=0 null-skips-total=0
[10:45:28] [info] flip-probe: flip #780 ok=true present=3ms inter_flip_ms=55 drawcalls-since-flip=27 drawcalls-total=63945 fail-total=0 null-skips-total=0
[10:45:29] [info] flip-probe: flip #790 ok=true present=3ms inter_flip_ms=46 drawcalls-since-flip=17 drawcalls-total=64157 fail-total=0 null-skips-total=0
[10:45:29] [info] backdrop cache: thrashing-detect engaged (streak=184, route=direct)
[10:45:29] [info] flip-probe: flip #800 ok=true present=3ms inter_flip_ms=44 drawcalls-since-flip=17 drawcalls-total=64348 fail-total=0 null-skips-total=0
[10:45:29] [info] alpha audit block 0: 2012 total drawcalls, 0 with alpha<255 (block pct_x10=0; global 0/58380 pct_x10=0); alpha-mod skipped: block=0 global=0
[10:45:29] [info] fastpath audit block 0: taken=2012 (idx8=2012) skipped=0 pct_x10=1000; global taken=58380 (idx8=58380) skipped=0 pct_x10=1000
[10:45:29] [info] primitive tally block 0: clear=200(hr=200) fill=0(hr=0) rect=0(hr=0) line=0(hr=0) tint=0 spotlight=0 (over 100 flips ending at flip 800)
[10:45:29] [info] color/alpha audit block 0: cmod_white=325 cmod_black=325 (idx=325) cmod_general=0 (idx=0) cmod_fb=0; alpha_taken=0 alpha_skipped=0 (global cmod=6222/4680/693/0 idx=4680/693 alpha=0/0)
[10:45:29] [info] phase timing block 0: drawcalls=2862 dc_total_ms=616 flip_inner_total_ms=699 inter_flip_total_ms=4938 (per-flip avg x10: dc_ms=61 fi_ms=69 if_ms=493 derived audio+engine_ms=363; per-drawcall avg us_x10=2155) [direct-vesa: presents=100 total_ms=280 avg_ms_x10=28 failed=0] [ablation: NO_DC_TIMING=0 CACHE_WINSURF=0 DIRECT_VESA=1]
[10:45:29] [info] kbd/audio block 0: kbd_irq=0 kbd_drain=0 ring_chunks=16 pump_pass=2027 pic1_mask=0xb8 first_irq_ticks=0 install_ticks=0 vector_at_install=0x0083a050 pic1_mask_live=0x38 kbd_8042_stat=0x34 bios_kbd_head=0x002a bios_kbd_tail=0x002a bios_kbd_buf0=0x1970
[10:45:29] [info] audio/engine split block 0: audio_mixer_calls=214 audio_mixer_ms_x10=18 engine_tick_calls=0 engine_tick_ms_x10=0 audio_service_calls=0 audio_service_ms_x10=0 (per-flip avg; per-call us_x10: audio_mix=8495 engine_tick=0 audio_service=0; global ns: audio_mix=1573618416 engine_tick=8541199147 audio_service=0)
[10:45:29] [info] dirty-rect block @flip=800: total_calls=0 dirty_rects_avg=1 dirty_pct_x10=1000 forced_full=0 first_n_force=0 threshold_exceeded=0 dirty_path_taken=0 full_flush_taken=0
[10:45:29] [info] prev-frame-diff block @flip=800: diff_calls=0 diff_rects_avg=0 diff_dirty_pct_x10=0 bbox_pct_x10=0 bbox_thresh_exceeded=0
[10:45:30] [info] flip-probe: flip #810 ok=true present=2ms inter_flip_ms=84 drawcalls-since-flip=305 drawcalls-total=66258 fail-total=0 null-skips-total=0
[10:45:30] [info]  >> Entering stage 15: 'Reservoir'.
[10:45:30] [info] [skip-sheet-flush] cave=6
[10:45:30] [info] [load-stage] preloading entry music song=9 (cave=6)
[10:45:30] [info] gameloop: entered (curmap=15, running=1)
[10:45:30] [info] gameloop: iter 1 ticks=86468 mapno=-1
[10:45:30] [info] mds-clear-lut: rebuilt N=240 entries (k_skip=13% k_keep=87%; curmap=15 map_size=40x20; rebuild #4 since boot)
[10:45:30] [info] gameloop: iter 2 ticks=86573 mapno=-1
[10:45:31] [info] gameloop: iter 3 ticks=86673 mapno=-1
[10:45:31] [info] flip-probe: flip #820 ok=true present=4ms inter_flip_ms=46 drawcalls-since-flip=66 drawcalls-total=68387 fail-total=0 null-skips-total=0
[10:45:32] [info] flip-probe: flip #830 ok=true present=3ms inter_flip_ms=43 drawcalls-since-flip=32 drawcalls-total=68696 fail-total=0 null-skips-total=0
[10:45:32] [info] flip-probe: flip #840 ok=true present=3ms inter_flip_ms=41 drawcalls-since-flip=32 drawcalls-total=69016 fail-total=0 null-skips-total=0
[10:45:32] [info] backdrop cache: thrashing-detect engaged (streak=4, route=direct)
[10:45:32] [info] flip-probe: flip #850 ok=true present=3ms inter_flip_ms=52 drawcalls-since-flip=34 drawcalls-total=69342 fail-total=0 null-skips-total=0
[10:45:33] [info] flip-probe: flip #860 ok=true present=2ms inter_flip_ms=48 drawcalls-since-flip=33 drawcalls-total=69690 fail-total=0 null-skips-total=0
[10:45:33] [info] flip-probe: flip #870 ok=true present=3ms inter_flip_ms=45 drawcalls-since-flip=32 drawcalls-total=70012 fail-total=0 null-skips-total=0
[10:45:34] [info] flip-probe: flip #880 ok=true present=3ms inter_flip_ms=45 drawcalls-since-flip=33 drawcalls-total=70339 fail-total=0 null-skips-total=0
[10:45:34] [info] tas: stall frame 213 ms -> contributing 1 tick (patch 0286)
[10:45:35] [info] flip-probe: flip #890 ok=true present=3ms inter_flip_ms=57 drawcalls-since-flip=34 drawcalls-total=70675 fail-total=0 null-skips-total=0
[10:45:35] [info] flip-probe: flip #900 ok=true present=3ms inter_flip_ms=45 drawcalls-since-flip=35 drawcalls-total=71023 fail-total=0 null-skips-total=0
[10:45:35] [info] alpha audit block 0: 5774 total drawcalls, 0 with alpha<255 (block pct_x10=0; global 0/64154 pct_x10=0); alpha-mod skipped: block=0 global=0
[10:45:35] [info] fastpath audit block 0: taken=5774 (idx8=5774) skipped=0 pct_x10=1000; global taken=64154 (idx8=64154) skipped=0 pct_x10=1000
[10:45:35] [info] primitive tally block 0: clear=201(hr=201) fill=0(hr=0) rect=0(hr=0) line=0(hr=0) tint=0 spotlight=0 (over 100 flips ending at flip 900)
[10:45:35] [info] color/alpha audit block 0: cmod_white=801 cmod_black=801 (idx=801) cmod_general=0 (idx=0) cmod_fb=0; alpha_taken=0 alpha_skipped=0 (global cmod=7023/5481/693/0 idx=5481/693 alpha=0/0)
[10:45:35] [info] phase timing block 0: drawcalls=7612 dc_total_ms=1149 flip_inner_total_ms=692 inter_flip_total_ms=6103 (per-flip avg x10: dc_ms=114 fi_ms=69 if_ms=610 derived audio+engine_ms=427; per-drawcall avg us_x10=1510) [direct-vesa: presents=100 total_ms=282 avg_ms_x10=28 failed=0] [ablation: NO_DC_TIMING=0 CACHE_WINSURF=0 DIRECT_VESA=1]
[10:45:35] [info] kbd/audio block 0: kbd_irq=0 kbd_drain=0 ring_chunks=16 pump_pass=2293 pic1_mask=0xb8 first_irq_ticks=0 install_ticks=0 vector_at_install=0x0083a050 pic1_mask_live=0x38 kbd_8042_stat=0x34 bios_kbd_head=0x002a bios_kbd_tail=0x002a bios_kbd_buf0=0x1970
[10:45:35] [info] audio/engine split block 0: audio_mixer_calls=249 audio_mixer_ms_x10=21 engine_tick_calls=0 engine_tick_ms_x10=0 audio_service_calls=0 audio_service_ms_x10=0 (per-flip avg; per-call us_x10: audio_mix=8624 engine_tick=0 audio_service=0; global ns: audio_mix=1788363039 engine_tick=8541199147 audio_service=0)
[10:45:35] [info] dirty-rect block @flip=900: total_calls=0 dirty_rects_avg=1 dirty_pct_x10=1000 forced_full=0 first_n_force=0 threshold_exceeded=0 dirty_path_taken=0 full_flush_taken=0
[10:45:35] [info] prev-frame-diff block @flip=900: diff_calls=0 diff_rects_avg=0 diff_dirty_pct_x10=0 bbox_pct_x10=0 bbox_thresh_exceeded=0
[10:45:35] [info] backdrop cache: thrashing-detect engaged (streak=64, route=direct)
[10:45:36] [info] flip-probe: flip #910 ok=true present=2ms inter_flip_ms=49 drawcalls-since-flip=37 drawcalls-total=71388 fail-total=0 null-skips-total=0
[10:45:36] [info] flip-probe: flip #920 ok=true present=3ms inter_flip_ms=47 drawcalls-since-flip=36 drawcalls-total=71752 fail-total=0 null-skips-total=0
[10:45:37] [info] flip-probe: flip #930 ok=true present=3ms inter_flip_ms=46 drawcalls-since-flip=35 drawcalls-total=72105 fail-total=0 null-skips-total=0
[10:45:37] [info] flip-probe: flip #940 ok=true present=3ms inter_flip_ms=47 drawcalls-since-flip=16 drawcalls-total=72284 fail-total=0 null-skips-total=0
[10:45:38] [info] flip-probe: flip #950 ok=true present=3ms inter_flip_ms=41 drawcalls-since-flip=15 drawcalls-total=72439 fail-total=0 null-skips-total=0
[10:45:38] [info] flip-probe: flip #960 ok=true present=3ms inter_flip_ms=40 drawcalls-since-flip=15 drawcalls-total=72589 fail-total=0 null-skips-total=0
[10:45:38] [info] backdrop cache: thrashing-detect engaged (streak=124, route=direct)
[10:45:38] [info] flip-probe: flip #970 ok=true present=3ms inter_flip_ms=43 drawcalls-since-flip=14 drawcalls-total=72736 fail-total=0 null-skips-total=0
[10:45:39] [info] flip-probe: flip #980 ok=true present=3ms inter_flip_ms=42 drawcalls-since-flip=14 drawcalls-total=72876 fail-total=0 null-skips-total=0
[10:45:39] [info] flip-probe: flip #990 ok=true present=3ms inter_flip_ms=41 drawcalls-since-flip=15 drawcalls-total=73017 fail-total=0 null-skips-total=0
[10:45:40] [info] backdrop cache: thrashing-detect engaged (streak=4, route=direct)
[10:45:40] [info] flip-probe: flip #1000 ok=true present=3ms inter_flip_ms=49 drawcalls-since-flip=17 drawcalls-total=73183 fail-total=0 null-skips-total=0
[10:45:40] [info] alpha audit block 0: 1781 total drawcalls, 0 with alpha<255 (block pct_x10=0; global 0/65935 pct_x10=0); alpha-mod skipped: block=0 global=0
[10:45:40] [info] fastpath audit block 0: taken=1781 (idx8=1781) skipped=0 pct_x10=1000; global taken=65935 (idx8=65935) skipped=0 pct_x10=1000
[10:45:40] [info] primitive tally block 0: clear=200(hr=200) fill=0(hr=0) rect=0(hr=0) line=0(hr=0) tint=0 spotlight=0 (over 100 flips ending at flip 1000)
[10:45:40] [info] color/alpha audit block 0: cmod_white=279 cmod_black=279 (idx=279) cmod_general=0 (idx=0) cmod_fb=0; alpha_taken=0 alpha_skipped=0 (global cmod=7302/5760/693/0 idx=5760/693 alpha=0/0)
[10:45:40] [info] phase timing block 0: drawcalls=2559 dc_total_ms=653 flip_inner_total_ms=690 inter_flip_total_ms=4661 (per-flip avg x10: dc_ms=65 fi_ms=69 if_ms=466 derived audio+engine_ms=332; per-drawcall avg us_x10=2552) [direct-vesa: presents=100 total_ms=283 avg_ms_x10=28 failed=0] [ablation: NO_DC_TIMING=0 CACHE_WINSURF=0 DIRECT_VESA=1]
[10:45:40] [info] kbd/audio block 0: kbd_irq=0 kbd_drain=0 ring_chunks=16 pump_pass=2526 pic1_mask=0xb8 first_irq_ticks=0 install_ticks=0 vector_at_install=0x0083a050 pic1_mask_live=0x38 kbd_8042_stat=0x34 bios_kbd_head=0x002a bios_kbd_tail=0x002a bios_kbd_buf0=0x1970
[10:45:40] [info] audio/engine split block 0: audio_mixer_calls=202 audio_mixer_ms_x10=17 engine_tick_calls=0 engine_tick_ms_x10=0 audio_service_calls=0 audio_service_ms_x10=0 (per-flip avg; per-call us_x10: audio_mix=8525 engine_tick=0 audio_service=0; global ns: audio_mix=1960580144 engine_tick=8541199147 audio_service=0)
[10:45:40] [info] dirty-rect block @flip=1000: total_calls=0 dirty_rects_avg=1 dirty_pct_x10=1000 forced_full=0 first_n_force=0 threshold_exceeded=0 dirty_path_taken=0 full_flush_taken=0
[10:45:40] [info] prev-frame-diff block @flip=1000: diff_calls=0 diff_rects_avg=0 diff_dirty_pct_x10=0 bbox_pct_x10=0 bbox_thresh_exceeded=0
[10:45:40] [info] flip-probe: flip #1010 ok=true present=2ms inter_flip_ms=45 drawcalls-since-flip=14 drawcalls-total=73332 fail-total=0 null-skips-total=0
[10:45:41] [info] flip-probe: flip #1020 ok=true present=3ms inter_flip_ms=40 drawcalls-since-flip=14 drawcalls-total=73472 fail-total=0 null-skips-total=0
[10:45:41] [info] flip-probe: flip #1030 ok=true present=3ms inter_flip_ms=47 drawcalls-since-flip=25 drawcalls-total=73710 fail-total=0 null-skips-total=0
[10:45:42] [info] flip-probe: flip #1040 ok=true present=4ms inter_flip_ms=45 drawcalls-since-flip=23 drawcalls-total=73937 fail-total=0 null-skips-total=0
[10:45:42] [info] flip-probe: flip #1050 ok=true present=3ms inter_flip_ms=44 drawcalls-since-flip=17 drawcalls-total=74125 fail-total=0 null-skips-total=0
[10:45:42] [info] backdrop cache: thrashing-detect engaged (streak=64, route=direct)
[10:45:43] [info] flip-probe: flip #1060 ok=true present=3ms inter_flip_ms=43 drawcalls-since-flip=14 drawcalls-total=74266 fail-total=0 null-skips-total=0
[10:45:43] [info] flip-probe: flip #1070 ok=true present=2ms inter_flip_ms=44 drawcalls-since-flip=14 drawcalls-total=74406 fail-total=0 null-skips-total=0
[10:45:44] [info] flip-probe: flip #1080 ok=true present=3ms inter_flip_ms=73 drawcalls-since-flip=258 drawcalls-total=75252 fail-total=0 null-skips-total=0
[10:45:44] [info]  >> Entering stage 11: 'Mimiga Village'.
[10:45:44] [info] [skip-sheet-flush] cave=7
[10:45:44] [info] [load-stage] preloading entry music song=9 (cave=7)
[10:45:44] [info] gameloop: entered (curmap=11, running=1)
[10:45:44] [info] gameloop: iter 1 ticks=100576 mapno=-1
[10:45:44] [info] mds-clear-lut: rebuilt N=240 entries (k_skip=0% k_keep=100%; curmap=11 map_size=60x60; rebuild #5 since boot)
[10:45:45] [info] gameloop: iter 2 ticks=100683 mapno=-1
[10:45:45] [info] gameloop: iter 3 ticks=100792 mapno=-1
[10:45:45] [info] flip-probe: flip #1090 ok=true present=3ms inter_flip_ms=86 drawcalls-since-flip=241 drawcalls-total=78077 fail-total=0 null-skips-total=0
[10:45:46] [info] flip-probe: flip #1100 ok=true present=2ms inter_flip_ms=47 drawcalls-since-flip=42 drawcalls-total=78723 fail-total=0 null-skips-total=0
[10:45:46] [info] alpha audit block 0: 5245 total drawcalls, 0 with alpha<255 (block pct_x10=0; global 0/71180 pct_x10=0); alpha-mod skipped: block=0 global=0
[10:45:46] [info] fastpath audit block 0: taken=5245 (idx8=5245) skipped=0 pct_x10=1000; global taken=71180 (idx8=71180) skipped=0 pct_x10=1000
[10:45:46] [info] primitive tally block 0: clear=201(hr=201) fill=0(hr=0) rect=0(hr=0) line=0(hr=0) tint=0 spotlight=0 (over 100 flips ending at flip 1100)
[10:45:46] [info] color/alpha audit block 0: cmod_white=195 cmod_black=195 (idx=195) cmod_general=0 (idx=0) cmod_fb=0; alpha_taken=0 alpha_skipped=0 (global cmod=7497/5955/693/0 idx=5955/693 alpha=0/0)
[10:45:46] [info] phase timing block 0: drawcalls=5851 dc_total_ms=947 flip_inner_total_ms=709 inter_flip_total_ms=5775 (per-flip avg x10: dc_ms=94 fi_ms=70 if_ms=577 derived audio+engine_ms=413; per-drawcall avg us_x10=1618) [direct-vesa: presents=100 total_ms=281 avg_ms_x10=28 failed=0] [ablation: NO_DC_TIMING=0 CACHE_WINSURF=0 DIRECT_VESA=1]
[10:45:46] [info] kbd/audio block 0: kbd_irq=0 kbd_drain=0 ring_chunks=16 pump_pass=2784 pic1_mask=0xb8 first_irq_ticks=0 install_ticks=0 vector_at_install=0x0083a050 pic1_mask_live=0x38 kbd_8042_stat=0x34 bios_kbd_head=0x002a bios_kbd_tail=0x002a bios_kbd_buf0=0x1970
[10:45:46] [info] audio/engine split block 0: audio_mixer_calls=232 audio_mixer_ms_x10=19 engine_tick_calls=0 engine_tick_ms_x10=0 audio_service_calls=0 audio_service_ms_x10=0 (per-flip avg; per-call us_x10: audio_mix=8506 engine_tick=0 audio_service=0; global ns: audio_mix=2157941820 engine_tick=8541199147 audio_service=0)
[10:45:46] [info] dirty-rect block @flip=1100: total_calls=0 dirty_rects_avg=1 dirty_pct_x10=1000 forced_full=0 first_n_force=0 threshold_exceeded=0 dirty_path_taken=0 full_flush_taken=0
[10:45:46] [info] prev-frame-diff block @flip=1100: diff_calls=0 diff_rects_avg=0 diff_dirty_pct_x10=0 bbox_pct_x10=0 bbox_thresh_exceeded=0
[10:45:46] [info] flip-probe: flip #1110 ok=true present=3ms inter_flip_ms=48 drawcalls-since-flip=42 drawcalls-total=79143 fail-total=0 null-skips-total=0
[10:45:47] [info] flip-probe: flip #1120 ok=true present=2ms inter_flip_ms=58 drawcalls-since-flip=51 drawcalls-total=79616 fail-total=0 null-skips-total=0
[10:45:47] [info] backdrop cache: thrashing-detect engaged (streak=4, route=direct)
[10:45:47] [info] tas: stall frame 288 ms -> contributing 1 tick (patch 0286)
[10:45:48] [info] flip-probe: flip #1130 ok=true present=3ms inter_flip_ms=52 drawcalls-since-flip=46 drawcalls-total=80124 fail-total=0 null-skips-total=0
[10:45:48] [info] flip-probe: flip #1140 ok=true present=3ms inter_flip_ms=55 drawcalls-since-flip=48 drawcalls-total=80595 fail-total=0 null-skips-total=0
[10:45:49] [info] flip-probe: flip #1150 ok=true present=3ms inter_flip_ms=52 drawcalls-since-flip=45 drawcalls-total=81040 fail-total=0 null-skips-total=0
[10:45:49] [info] flip-probe: flip #1160 ok=true present=3ms inter_flip_ms=49 drawcalls-since-flip=44 drawcalls-total=81487 fail-total=0 null-skips-total=0
[10:45:50] [info] flip-probe: flip #1170 ok=true present=3ms inter_flip_ms=49 drawcalls-since-flip=45 drawcalls-total=81945 fail-total=0 null-skips-total=0
[10:45:50] [info] flip-probe: flip #1180 ok=true present=3ms inter_flip_ms=51 drawcalls-since-flip=45 drawcalls-total=82395 fail-total=0 null-skips-total=0
[10:45:50] [info] run_tick_fixed #3000: heartbeat (loop alive)
[10:45:50] [info] backdrop cache: thrashing-detect engaged (streak=64, route=direct)
[10:45:51] [info] flip-probe: flip #1190 ok=true present=3ms inter_flip_ms=53 drawcalls-since-flip=45 drawcalls-total=82845 fail-total=0 null-skips-total=0
[10:45:51] [info] flip-probe: flip #1200 ok=true present=3ms inter_flip_ms=50 drawcalls-since-flip=45 drawcalls-total=83295 fail-total=0 null-skips-total=0
[10:45:51] [info] alpha audit block 0: 3172 total drawcalls, 0 with alpha<255 (block pct_x10=0; global 0/74352 pct_x10=0); alpha-mod skipped: block=0 global=0
[10:45:51] [info] fastpath audit block 0: taken=3172 (idx8=3172) skipped=0 pct_x10=1000; global taken=74352 (idx8=74352) skipped=0 pct_x10=1000
[10:45:51] [info] primitive tally block 0: clear=200(hr=200) fill=0(hr=0) rect=0(hr=0) line=0(hr=0) tint=0 spotlight=0 (over 100 flips ending at flip 1200)
[10:45:51] [info] color/alpha audit block 0: cmod_white=1300 cmod_black=1300 (idx=1300) cmod_general=0 (idx=0) cmod_fb=0; alpha_taken=0 alpha_skipped=0 (global cmod=8797/7255/693/0 idx=7255/693 alpha=0/0)
[10:45:51] [info] phase timing block 0: drawcalls=5996 dc_total_ms=918 flip_inner_total_ms=690 inter_flip_total_ms=5618 (per-flip avg x10: dc_ms=91 fi_ms=69 if_ms=561 derived audio+engine_ms=401; per-drawcall avg us_x10=1531) [direct-vesa: presents=100 total_ms=281 avg_ms_x10=28 failed=0] [ablation: NO_DC_TIMING=0 CACHE_WINSURF=0 DIRECT_VESA=1]
[10:45:51] [info] kbd/audio block 0: kbd_irq=0 kbd_drain=0 ring_chunks=16 pump_pass=3052 pic1_mask=0xb8 first_irq_ticks=0 install_ticks=0 vector_at_install=0x0083a050 pic1_mask_live=0x38 kbd_8042_stat=0x34 bios_kbd_head=0x002a bios_kbd_tail=0x002a bios_kbd_buf0=0x1970
[10:45:51] [info] audio/engine split block 0: audio_mixer_calls=242 audio_mixer_ms_x10=20 engine_tick_calls=0 engine_tick_ms_x10=0 audio_service_calls=0 audio_service_ms_x10=0 (per-flip avg; per-call us_x10: audio_mix=8564 engine_tick=0 audio_service=0; global ns: audio_mix=2365204772 engine_tick=8541199147 audio_service=0)
[10:45:51] [info] dirty-rect block @flip=1200: total_calls=0 dirty_rects_avg=1 dirty_pct_x10=1000 forced_full=0 first_n_force=0 threshold_exceeded=0 dirty_path_taken=0 full_flush_taken=0
[10:45:51] [info] prev-frame-diff block @flip=1200: diff_calls=0 diff_rects_avg=0 diff_dirty_pct_x10=0 bbox_pct_x10=0 bbox_thresh_exceeded=0
[10:45:52] [info] flip-probe: flip #1210 ok=true present=3ms inter_flip_ms=45 drawcalls-since-flip=18 drawcalls-total=83606 fail-total=0 null-skips-total=0
[10:45:52] [info] flip-probe: flip #1220 ok=true present=3ms inter_flip_ms=47 drawcalls-since-flip=17 drawcalls-total=83785 fail-total=0 null-skips-total=0
[10:45:53] [info] flip-probe: flip #1230 ok=true present=3ms inter_flip_ms=45 drawcalls-since-flip=17 drawcalls-total=83955 fail-total=0 null-skips-total=0
[10:45:53] [info] flip-probe: flip #1240 ok=true present=4ms inter_flip_ms=45 drawcalls-since-flip=19 drawcalls-total=84135 fail-total=0 null-skips-total=0
[10:45:53] [info] backdrop cache: thrashing-detect engaged (streak=124, route=direct)
[10:45:54] [info] flip-probe: flip #1250 ok=true present=3ms inter_flip_ms=46 drawcalls-since-flip=19 drawcalls-total=84325 fail-total=0 null-skips-total=0
[10:45:54] [info] flip-probe: flip #1260 ok=true present=3ms inter_flip_ms=48 drawcalls-since-flip=19 drawcalls-total=84515 fail-total=0 null-skips-total=0
[10:45:55] [info] flip-probe: flip #1270 ok=true present=3ms inter_flip_ms=48 drawcalls-since-flip=18 drawcalls-total=84696 fail-total=0 null-skips-total=0
[10:45:55] [info] flip-probe: flip #1280 ok=true present=3ms inter_flip_ms=46 drawcalls-since-flip=18 drawcalls-total=84869 fail-total=0 null-skips-total=0
[10:45:55] [info] flip-probe: flip #1290 ok=true present=3ms inter_flip_ms=44 drawcalls-since-flip=18 drawcalls-total=85049 fail-total=0 null-skips-total=0
[10:45:56] [info] flip-probe: flip #1300 ok=true present=3ms inter_flip_ms=46 drawcalls-since-flip=19 drawcalls-total=85236 fail-total=0 null-skips-total=0
[10:45:56] [info] alpha audit block 0: 1776 total drawcalls, 0 with alpha<255 (block pct_x10=0; global 0/76128 pct_x10=0); alpha-mod skipped: block=0 global=0
[10:45:56] [info] fastpath audit block 0: taken=1776 (idx8=1776) skipped=0 pct_x10=1000; global taken=76128 (idx8=76128) skipped=0 pct_x10=1000
[10:45:56] [info] primitive tally block 0: clear=200(hr=200) fill=0(hr=0) rect=0(hr=0) line=0(hr=0) tint=0 spotlight=0 (over 100 flips ending at flip 1300)
[10:45:56] [info] color/alpha audit block 0: cmod_white=65 cmod_black=65 (idx=65) cmod_general=0 (idx=0) cmod_fb=0; alpha_taken=0 alpha_skipped=0 (global cmod=8862/7320/693/0 idx=7320/693 alpha=0/0)
[10:45:56] [info] phase timing block 0: drawcalls=2106 dc_total_ms=570 flip_inner_total_ms=677 inter_flip_total_ms=4828 (per-flip avg x10: dc_ms=57 fi_ms=67 if_ms=482 derived audio+engine_ms=358; per-drawcall avg us_x10=2710) [direct-vesa: presents=100 total_ms=280 avg_ms_x10=28 failed=0] [ablation: NO_DC_TIMING=0 CACHE_WINSURF=0 DIRECT_VESA=1]
[10:45:56] [info] kbd/audio block 0: kbd_irq=0 kbd_drain=0 ring_chunks=16 pump_pass=3293 pic1_mask=0xb8 first_irq_ticks=0 install_ticks=0 vector_at_install=0x0083a050 pic1_mask_live=0x38 kbd_8042_stat=0x34 bios_kbd_head=0x002a bios_kbd_tail=0x002a bios_kbd_buf0=0x1970
[10:45:56] [info] audio/engine split block 0: audio_mixer_calls=209 audio_mixer_ms_x10=17 engine_tick_calls=0 engine_tick_ms_x10=0 audio_service_calls=0 audio_service_ms_x10=0 (per-flip avg; per-call us_x10: audio_mix=8516 engine_tick=0 audio_service=0; global ns: audio_mix=2543190482 engine_tick=8541199147 audio_service=0)
[10:45:56] [info] dirty-rect block @flip=1300: total_calls=0 dirty_rects_avg=1 dirty_pct_x10=1000 forced_full=0 first_n_force=0 threshold_exceeded=0 dirty_path_taken=0 full_flush_taken=0
[10:45:56] [info] prev-frame-diff block @flip=1300: diff_calls=0 diff_rects_avg=0 diff_dirty_pct_x10=0 bbox_pct_x10=0 bbox_thresh_exceeded=0
[10:45:56] [info] backdrop cache: thrashing-detect engaged (streak=184, route=direct)
[10:45:57] [info] flip-probe: flip #1310 ok=true present=3ms inter_flip_ms=46 drawcalls-since-flip=19 drawcalls-total=85426 fail-total=0 null-skips-total=0
[10:45:57] [info] flip-probe: flip #1320 ok=true present=3ms inter_flip_ms=48 drawcalls-since-flip=20 drawcalls-total=85622 fail-total=0 null-skips-total=0
[10:45:57] [info] flip-probe: flip #1330 ok=true present=3ms inter_flip_ms=43 drawcalls-since-flip=20 drawcalls-total=85822 fail-total=0 null-skips-total=0
[10:45:58] [info] flip-probe: flip #1340 ok=true present=3ms inter_flip_ms=46 drawcalls-since-flip=20 drawcalls-total=86022 fail-total=0 null-skips-total=0
[10:45:58] [info] flip-probe: flip #1350 ok=true present=3ms inter_flip_ms=45 drawcalls-since-flip=17 drawcalls-total=86195 fail-total=0 null-skips-total=0
[10:45:59] [info] flip-probe: flip #1360 ok=true present=2ms inter_flip_ms=49 drawcalls-since-flip=17 drawcalls-total=86365 fail-total=0 null-skips-total=0
[10:45:59] [info] backdrop cache: thrashing-detect engaged (streak=244, route=direct)
[10:45:59] [info] flip-probe: flip #1370 ok=true present=2ms inter_flip_ms=49 drawcalls-since-flip=18 drawcalls-total=86544 fail-total=0 null-skips-total=0
[10:46:00] [info] flip-probe: flip #1380 ok=true present=3ms inter_flip_ms=46 drawcalls-since-flip=17 drawcalls-total=86720 fail-total=0 null-skips-total=0
[10:46:00] [info] flip-probe: flip #1390 ok=true present=3ms inter_flip_ms=46 drawcalls-since-flip=16 drawcalls-total=86884 fail-total=0 null-skips-total=0
[10:46:01] [info] flip-probe: flip #1400 ok=true present=2ms inter_flip_ms=49 drawcalls-since-flip=17 drawcalls-total=87052 fail-total=0 null-skips-total=0
[10:46:01] [info] alpha audit block 0: 1716 total drawcalls, 0 with alpha<255 (block pct_x10=0; global 0/77844 pct_x10=0); alpha-mod skipped: block=0 global=0
[10:46:01] [info] fastpath audit block 0: taken=1716 (idx8=1716) skipped=0 pct_x10=1000; global taken=77844 (idx8=77844) skipped=0 pct_x10=1000
[10:46:01] [info] primitive tally block 0: clear=200(hr=200) fill=0(hr=0) rect=0(hr=0) line=0(hr=0) tint=0 spotlight=0 (over 100 flips ending at flip 1400)
[10:46:01] [info] phase timing block 0: drawcalls=1916 dc_total_ms=555 flip_inner_total_ms=691 inter_flip_total_ms=4883 (per-flip avg x10: dc_ms=55 fi_ms=69 if_ms=488 derived audio+engine_ms=364; per-drawcall avg us_x10=2897) [direct-vesa: presents=100 total_ms=283 avg_ms_x10=28 failed=0] [ablation: NO_DC_TIMING=0 CACHE_WINSURF=0 DIRECT_VESA=1]
[10:46:01] [info] kbd/audio block 0: kbd_irq=0 kbd_drain=0 ring_chunks=16 pump_pass=3537 pic1_mask=0xb8 first_irq_ticks=0 install_ticks=0 vector_at_install=0x0083a050 pic1_mask_live=0x38 kbd_8042_stat=0x34 bios_kbd_head=0x002a bios_kbd_tail=0x002a bios_kbd_buf0=0x1970
[10:46:01] [info] audio/engine split block 0: audio_mixer_calls=212 audio_mixer_ms_x10=18 engine_tick_calls=0 engine_tick_ms_x10=0 audio_service_calls=0 audio_service_ms_x10=0 (per-flip avg; per-call us_x10: audio_mix=8549 engine_tick=0 audio_service=0; global ns: audio_mix=2724438911 engine_tick=8541199147 audio_service=0)
[10:46:01] [info] dirty-rect block @flip=1400: total_calls=0 dirty_rects_avg=1 dirty_pct_x10=1000 forced_full=0 first_n_force=0 threshold_exceeded=0 dirty_path_taken=0 full_flush_taken=0
[10:46:01] [info] prev-frame-diff block @flip=1400: diff_calls=0 diff_rects_avg=0 diff_dirty_pct_x10=0 bbox_pct_x10=0 bbox_thresh_exceeded=0
[10:46:01] [info] flip-probe: flip #1410 ok=true present=3ms inter_flip_ms=52 drawcalls-since-flip=22 drawcalls-total=87250 fail-total=0 null-skips-total=0
[10:46:02] [info] flip-probe: flip #1420 ok=true present=3ms inter_flip_ms=48 drawcalls-since-flip=18 drawcalls-total=87436 fail-total=0 null-skips-total=0
[10:46:02] [info] backdrop cache: thrashing-detect engaged (streak=304, route=direct)
[10:46:03] [info] flip-probe: flip #1430 ok=true present=3ms inter_flip_ms=51 drawcalls-since-flip=7 drawcalls-total=89346 fail-total=0 null-skips-total=0
[10:46:03] [info]  >> Entering stage 19: 'Assembly Hall'.
[10:46:03] [info] [skip-sheet-flush] cave=8
[10:46:03] [info] [load-stage] preloading entry music song=9 (cave=8)
[10:46:03] [info] gameloop: entered (curmap=19, running=1)
[10:46:03] [info] gameloop: iter 1 ticks=119598 mapno=-1
[10:46:04] [info] mds-clear-lut: rebuilt N=240 entries (k_skip=100% k_keep=0%; curmap=19 map_size=21x16; rebuild #6 since boot)
[10:46:04] [info] gameloop: iter 2 ticks=119710 mapno=-1
[10:46:04] [info] gameloop: iter 3 ticks=119814 mapno=-1
[10:46:04] [info] flip-probe: flip #1440 ok=true present=3ms inter_flip_ms=46 drawcalls-since-flip=122 drawcalls-total=92295 fail-total=0 null-skips-total=0
[10:46:05] [info] flip-probe: flip #1450 ok=true present=3ms inter_flip_ms=49 drawcalls-since-flip=122 drawcalls-total=93515 fail-total=0 null-skips-total=0
[10:46:05] [info] flip-probe: flip #1460 ok=true present=3ms inter_flip_ms=48 drawcalls-since-flip=122 drawcalls-total=94735 fail-total=0 null-skips-total=0
[10:46:06] [info] flip-probe: flip #1470 ok=true present=3ms inter_flip_ms=52 drawcalls-since-flip=123 drawcalls-total=95975 fail-total=0 null-skips-total=0
[10:46:06] [info] flip-probe: flip #1480 ok=true present=3ms inter_flip_ms=51 drawcalls-since-flip=124 drawcalls-total=97203 fail-total=0 null-skips-total=0
[10:46:07] [info] flip-probe: flip #1490 ok=true present=3ms inter_flip_ms=47 drawcalls-since-flip=122 drawcalls-total=98427 fail-total=0 null-skips-total=0
[10:46:07] [info] flip-probe: flip #1500 ok=true present=3ms inter_flip_ms=49 drawcalls-since-flip=122 drawcalls-total=99647 fail-total=0 null-skips-total=0
[10:46:07] [info] alpha audit block 0: 11655 total drawcalls, 0 with alpha<255 (block pct_x10=0; global 0/89499 pct_x10=0); alpha-mod skipped: block=0 global=0
[10:46:07] [info] fastpath audit block 0: taken=11655 (idx8=11655) skipped=0 pct_x10=1000; global taken=89499 (idx8=89499) skipped=0 pct_x10=1000
[10:46:07] [info] primitive tally block 0: clear=202(hr=202) fill=0(hr=0) rect=0(hr=0) line=0(hr=0) tint=0 spotlight=0 (over 100 flips ending at flip 1500)
[10:46:07] [info] color/alpha audit block 0: cmod_white=840 cmod_black=840 (idx=840) cmod_general=0 (idx=0) cmod_fb=0; alpha_taken=0 alpha_skipped=0 (global cmod=9702/8160/693/0 idx=8160/693 alpha=0/0)
[10:46:07] [info] phase timing block 0: drawcalls=13607 dc_total_ms=1467 flip_inner_total_ms=709 inter_flip_total_ms=6416 (per-flip avg x10: dc_ms=146 fi_ms=70 if_ms=641 derived audio+engine_ms=425; per-drawcall avg us_x10=1078) [direct-vesa: presents=100 total_ms=281 avg_ms_x10=28 failed=0] [ablation: NO_DC_TIMING=0 CACHE_WINSURF=0 DIRECT_VESA=1]
[10:46:07] [info] kbd/audio block 0: kbd_irq=0 kbd_drain=0 ring_chunks=16 pump_pass=3816 pic1_mask=0xb8 first_irq_ticks=0 install_ticks=0 vector_at_install=0x0083a050 pic1_mask_live=0x38 kbd_8042_stat=0x34 bios_kbd_head=0x002a bios_kbd_tail=0x002a bios_kbd_buf0=0x1970
[10:46:07] [info] audio/engine split block 0: audio_mixer_calls=248 audio_mixer_ms_x10=21 engine_tick_calls=0 engine_tick_ms_x10=0 audio_service_calls=0 audio_service_ms_x10=0 (per-flip avg; per-call us_x10: audio_mix=8509 engine_tick=0 audio_service=0; global ns: audio_mix=2935474125 engine_tick=8541199147 audio_service=0)
[10:46:07] [info] dirty-rect block @flip=1500: total_calls=0 dirty_rects_avg=1 dirty_pct_x10=1000 forced_full=0 first_n_force=0 threshold_exceeded=0 dirty_path_taken=0 full_flush_taken=0
[10:46:07] [info] prev-frame-diff block @flip=1500: diff_calls=0 diff_rects_avg=0 diff_dirty_pct_x10=0 bbox_pct_x10=0 bbox_thresh_exceeded=0
[10:46:08] [info] flip-probe: flip #1510 ok=true present=3ms inter_flip_ms=47 drawcalls-since-flip=122 drawcalls-total=100867 fail-total=0 null-skips-total=0
[10:46:08] [info] flip-probe: flip #1520 ok=true present=3ms inter_flip_ms=94 drawcalls-since-flip=438 drawcalls-total=102811 fail-total=0 null-skips-total=0
[10:46:09] [info]  >> Entering stage 11: 'Mimiga Village'.
[10:46:09] [info] [skip-sheet-flush] cave=9
[10:46:09] [info] [load-stage] preloading entry music song=9 (cave=9)
[10:46:10] [info] gameloop: entered (curmap=11, running=1)
[10:46:10] [info] gameloop: iter 1 ticks=125737 mapno=-1
[10:46:10] [info] mds-clear-lut: rebuilt N=240 entries (k_skip=0% k_keep=100%; curmap=11 map_size=60x60; rebuild #7 since boot)
[10:46:10] [info] gameloop: iter 2 ticks=125853 mapno=-1
[10:46:10] [info] gameloop: iter 3 ticks=125959 mapno=-1
[10:46:10] [info] flip-probe: flip #1530 ok=true present=2ms inter_flip_ms=100 drawcalls-since-flip=300 drawcalls-total=106249 fail-total=0 null-skips-total=0
[10:46:10] [info] backdrop cache: thrashing-detect engaged (streak=4, route=direct)
[10:46:11] [info] flip-probe: flip #1540 ok=true present=3ms inter_flip_ms=53 drawcalls-since-flip=46 drawcalls-total=106784 fail-total=0 null-skips-total=0
[10:46:11] [info] flip-probe: flip #1550 ok=true present=3ms inter_flip_ms=47 drawcalls-since-flip=42 drawcalls-total=107228 fail-total=0 null-skips-total=0
[10:46:12] [info] flip-probe: flip #1560 ok=true present=3ms inter_flip_ms=47 drawcalls-since-flip=43 drawcalls-total=107655 fail-total=0 null-skips-total=0
[10:46:12] [info] flip-probe: flip #1570 ok=true present=2ms inter_flip_ms=49 drawcalls-since-flip=44 drawcalls-total=108096 fail-total=0 null-skips-total=0
[10:46:13] [info] flip-probe: flip #1580 ok=true present=3ms inter_flip_ms=55 drawcalls-since-flip=43 drawcalls-total=108529 fail-total=0 null-skips-total=0
[10:46:13] [info] flip-probe: flip #1590 ok=true present=3ms inter_flip_ms=51 drawcalls-since-flip=45 drawcalls-total=108982 fail-total=0 null-skips-total=0
[10:46:13] [info] backdrop cache: thrashing-detect engaged (streak=64, route=direct)
[10:46:14] [info] flip-probe: flip #1600 ok=true present=3ms inter_flip_ms=46 drawcalls-since-flip=44 drawcalls-total=109430 fail-total=0 null-skips-total=0
[10:46:14] [info] alpha audit block 0: 8408 total drawcalls, 0 with alpha<255 (block pct_x10=0; global 0/97907 pct_x10=0); alpha-mod skipped: block=0 global=0
[10:46:14] [info] fastpath audit block 0: taken=8408 (idx8=8408) skipped=0 pct_x10=1000; global taken=97907 (idx8=97907) skipped=0 pct_x10=1000
[10:46:14] [info] primitive tally block 0: clear=202(hr=202) fill=0(hr=0) rect=0(hr=0) line=0(hr=0) tint=0 spotlight=0 (over 100 flips ending at flip 1600)
[10:46:14] [info] color/alpha audit block 0: cmod_white=1275 cmod_black=1275 (idx=1275) cmod_general=0 (idx=0) cmod_fb=0; alpha_taken=0 alpha_skipped=0 (global cmod=10977/9435/693/0 idx=9435/693 alpha=0/0)
[10:46:14] [info] phase timing block 0: drawcalls=11190 dc_total_ms=1292 flip_inner_total_ms=694 inter_flip_total_ms=6571 (per-flip avg x10: dc_ms=129 fi_ms=69 if_ms=657 derived audio+engine_ms=459; per-drawcall avg us_x10=1154) [direct-vesa: presents=100 total_ms=281 avg_ms_x10=28 failed=0] [ablation: NO_DC_TIMING=0 CACHE_WINSURF=0 DIRECT_VESA=1]
[10:46:14] [info] kbd/audio block 0: kbd_irq=0 kbd_drain=0 ring_chunks=16 pump_pass=4100 pic1_mask=0xb8 first_irq_ticks=0 install_ticks=0 vector_at_install=0x0083a050 pic1_mask_live=0x38 kbd_8042_stat=0x34 bios_kbd_head=0x002a bios_kbd_tail=0x002a bios_kbd_buf0=0x1970
[10:46:14] [info] audio/engine split block 0: audio_mixer_calls=255 audio_mixer_ms_x10=21 engine_tick_calls=0 engine_tick_ms_x10=0 audio_service_calls=0 audio_service_ms_x10=0 (per-flip avg; per-call us_x10: audio_mix=8566 engine_tick=0 audio_service=0; global ns: audio_mix=3153918125 engine_tick=8541199147 audio_service=0)
[10:46:14] [info] dirty-rect block @flip=1600: total_calls=0 dirty_rects_avg=1 dirty_pct_x10=1000 forced_full=0 first_n_force=0 threshold_exceeded=0 dirty_path_taken=0 full_flush_taken=0
[10:46:14] [info] prev-frame-diff block @flip=1600: diff_calls=0 diff_rects_avg=0 diff_dirty_pct_x10=0 bbox_pct_x10=0 bbox_thresh_exceeded=0
[10:46:14] [info] flip-probe: flip #1610 ok=true present=3ms inter_flip_ms=48 drawcalls-since-flip=44 drawcalls-total=109870 fail-total=0 null-skips-total=0
[10:46:15] [info] flip-probe: flip #1620 ok=true present=3ms inter_flip_ms=47 drawcalls-since-flip=43 drawcalls-total=110303 fail-total=0 null-skips-total=0
[10:46:15] [info] flip-probe: flip #1630 ok=true present=2ms inter_flip_ms=50 drawcalls-since-flip=43 drawcalls-total=110733 fail-total=0 null-skips-total=0
[10:46:16] [info] flip-probe: flip #1640 ok=true present=3ms inter_flip_ms=50 drawcalls-since-flip=44 drawcalls-total=111171 fail-total=0 null-skips-total=0
[10:46:16] [info] flip-probe: flip #1650 ok=true present=3ms inter_flip_ms=47 drawcalls-since-flip=20 drawcalls-total=111485 fail-total=0 null-skips-total=0
[10:46:16] [info] backdrop cache: thrashing-detect engaged (streak=124, route=direct)
[10:46:17] [info] flip-probe: flip #1660 ok=true present=3ms inter_flip_ms=61 drawcalls-since-flip=18 drawcalls-total=111669 fail-total=0 null-skips-total=0
[10:46:17] [info] flip-probe: flip #1670 ok=true present=3ms inter_flip_ms=52 drawcalls-since-flip=15 drawcalls-total=111822 fail-total=0 null-skips-total=0
[10:46:18] [info] flip-probe: flip #1680 ok=true present=2ms inter_flip_ms=92 drawcalls-since-flip=352 drawcalls-total=112833 fail-total=0 null-skips-total=0
[10:46:18] [info]  >> Entering stage 14: 'Shack'.
[10:46:18] [info] [skip-sheet-flush] cave=10
[10:46:19] [info] [load-stage] preloading entry music song=8 (cave=10)
[10:46:20] [info] Organya pre-render: cache HIT VIVI (1580544 bytes from CACHE; 1 ch; synth skipped).
[10:46:20] [info] gameloop: entered (curmap=14, running=1)
[10:46:20] [info] gameloop: iter 1 ticks=136254 mapno=-1
[10:46:20] [info] gameloop: iter 2 ticks=136341 mapno=-1
[10:46:20] [info] gameloop: iter 3 ticks=136435 mapno=-1
[10:46:21] [info] flip-probe: flip #1690 ok=true present=3ms inter_flip_ms=73 drawcalls-since-flip=221 drawcalls-total=115927 fail-total=0 null-skips-total=0
[10:46:21] [info] flip-probe: flip #1700 ok=true present=3ms inter_flip_ms=33 drawcalls-since-flip=24 drawcalls-total=116248 fail-total=0 null-skips-total=0
[10:46:21] [info] alpha audit block 0: 6069 total drawcalls, 0 with alpha<255 (block pct_x10=0; global 0/103976 pct_x10=0); alpha-mod skipped: block=0 global=0
[10:46:21] [info] fastpath audit block 0: taken=6069 (idx8=6069) skipped=0 pct_x10=1000; global taken=103976 (idx8=103976) skipped=0 pct_x10=1000
[10:46:21] [info] primitive tally block 0: clear=201(hr=201) fill=0(hr=0) rect=0(hr=0) line=0(hr=0) tint=0 spotlight=0 (over 100 flips ending at flip 1700)
[10:46:21] [info] color/alpha audit block 0: cmod_white=665 cmod_black=665 (idx=665) cmod_general=0 (idx=0) cmod_fb=0; alpha_taken=0 alpha_skipped=0 (global cmod=11642/10100/693/0 idx=10100/693 alpha=0/0)
[10:46:21] [info] phase timing block 0: drawcalls=7600 dc_total_ms=1009 flip_inner_total_ms=705 inter_flip_total_ms=7232 (per-flip avg x10: dc_ms=100 fi_ms=70 if_ms=723 derived audio+engine_ms=553; per-drawcall avg us_x10=1328) [direct-vesa: presents=100 total_ms=280 avg_ms_x10=28 failed=0] [ablation: NO_DC_TIMING=0 CACHE_WINSURF=0 DIRECT_VESA=1]
[10:46:21] [info] kbd/audio block 0: kbd_irq=0 kbd_drain=0 ring_chunks=16 pump_pass=4371 pic1_mask=0xb8 first_irq_ticks=0 install_ticks=0 vector_at_install=0x0083a050 pic1_mask_live=0x38 kbd_8042_stat=0x34 bios_kbd_head=0x002a bios_kbd_tail=0x002a bios_kbd_buf0=0x1970
[10:46:21] [info] audio/engine split block 0: audio_mixer_calls=244 audio_mixer_ms_x10=20 engine_tick_calls=0 engine_tick_ms_x10=0 audio_service_calls=0 audio_service_ms_x10=0 (per-flip avg; per-call us_x10: audio_mix=8567 engine_tick=0 audio_service=0; global ns: audio_mix=3362967056 engine_tick=8541199147 audio_service=0)
[10:46:21] [info] dirty-rect block @flip=1700: total_calls=0 dirty_rects_avg=1 dirty_pct_x10=1000 forced_full=0 first_n_force=0 threshold_exceeded=0 dirty_path_taken=0 full_flush_taken=0
[10:46:21] [info] prev-frame-diff block @flip=1700: diff_calls=0 diff_rects_avg=0 diff_dirty_pct_x10=0 bbox_pct_x10=0 bbox_thresh_exceeded=0
[10:46:22] [info] flip-probe: flip #1710 ok=true present=3ms inter_flip_ms=38 drawcalls-since-flip=24 drawcalls-total=116488 fail-total=0 null-skips-total=0
[10:46:22] [info] flip-probe: flip #1720 ok=true present=3ms inter_flip_ms=34 drawcalls-since-flip=24 drawcalls-total=116728 fail-total=0 null-skips-total=0
[10:46:22] [info] flip-probe: flip #1730 ok=true present=3ms inter_flip_ms=41 drawcalls-since-flip=29 drawcalls-total=116996 fail-total=0 null-skips-total=0
[10:46:23] [info] tas: stall frame 262 ms -> contributing 1 tick (patch 0286)
[10:46:23] [info] flip-probe: flip #1740 ok=true present=3ms inter_flip_ms=33 drawcalls-since-flip=24 drawcalls-total=117254 fail-total=0 null-skips-total=0
[10:46:23] [info] flip-probe: flip #1750 ok=true present=3ms inter_flip_ms=34 drawcalls-since-flip=24 drawcalls-total=117494 fail-total=0 null-skips-total=0
[10:46:24] [info] flip-probe: flip #1760 ok=true present=3ms inter_flip_ms=37 drawcalls-since-flip=24 drawcalls-total=117734 fail-total=0 null-skips-total=0
[10:46:24] [info] flip-probe: flip #1770 ok=true present=3ms inter_flip_ms=35 drawcalls-since-flip=24 drawcalls-total=117974 fail-total=0 null-skips-total=0
[10:46:24] [info] flip-probe: flip #1780 ok=true present=3ms inter_flip_ms=32 drawcalls-since-flip=24 drawcalls-total=118214 fail-total=0 null-skips-total=0
[10:46:25] [info] flip-probe: flip #1790 ok=true present=3ms inter_flip_ms=37 drawcalls-since-flip=24 drawcalls-total=118454 fail-total=0 null-skips-total=0
[10:46:25] [info] flip-probe: flip #1800 ok=true present=3ms inter_flip_ms=34 drawcalls-since-flip=24 drawcalls-total=118694 fail-total=0 null-skips-total=0
[10:46:25] [info] alpha audit block 0: 1946 total drawcalls, 0 with alpha<255 (block pct_x10=0; global 0/105922 pct_x10=0); alpha-mod skipped: block=0 global=0
[10:46:25] [info] fastpath audit block 0: taken=1946 (idx8=1946) skipped=0 pct_x10=1000; global taken=105922 (idx8=105922) skipped=0 pct_x10=1000
[10:46:25] [info] primitive tally block 0: clear=200(hr=200) fill=0(hr=0) rect=0(hr=0) line=0(hr=0) tint=0 spotlight=0 (over 100 flips ending at flip 1800)
[10:46:25] [info] color/alpha audit block 0: cmod_white=500 cmod_black=500 (idx=500) cmod_general=0 (idx=0) cmod_fb=0; alpha_taken=0 alpha_skipped=0 (global cmod=12142/10600/693/0 idx=10600/693 alpha=0/0)
[10:46:25] [info] phase timing block 0: drawcalls=3146 dc_total_ms=603 flip_inner_total_ms=910 inter_flip_total_ms=4014 (per-flip avg x10: dc_ms=60 fi_ms=91 if_ms=401 derived audio+engine_ms=250; per-drawcall avg us_x10=1919) [direct-vesa: presents=100 total_ms=282 avg_ms_x10=28 failed=0] [ablation: NO_DC_TIMING=0 CACHE_WINSURF=0 DIRECT_VESA=1]
[10:46:25] [info] kbd/audio block 0: kbd_irq=0 kbd_drain=0 ring_chunks=16 pump_pass=4559 pic1_mask=0xb8 first_irq_ticks=0 install_ticks=0 vector_at_install=0x0083a050 pic1_mask_live=0x38 kbd_8042_stat=0x34 bios_kbd_head=0x002a bios_kbd_tail=0x002a bios_kbd_buf0=0x1970
[10:46:25] [info] audio/engine split block 0: audio_mixer_calls=172 audio_mixer_ms_x10=14 engine_tick_calls=0 engine_tick_ms_x10=0 audio_service_calls=0 audio_service_ms_x10=0 (per-flip avg; per-call us_x10: audio_mix=8513 engine_tick=0 audio_service=0; global ns: audio_mix=3509406826 engine_tick=8541199147 audio_service=0)
[10:46:25] [info] dirty-rect block @flip=1800: total_calls=0 dirty_rects_avg=1 dirty_pct_x10=1000 forced_full=0 first_n_force=0 threshold_exceeded=0 dirty_path_taken=0 full_flush_taken=0
[10:46:25] [info] prev-frame-diff block @flip=1800: diff_calls=0 diff_rects_avg=0 diff_dirty_pct_x10=0 bbox_pct_x10=0 bbox_thresh_exceeded=0
[10:46:26] [info] flip-probe: flip #1810 ok=true present=3ms inter_flip_ms=44 drawcalls-since-flip=115 drawcalls-total=119024 fail-total=0 null-skips-total=0
[10:46:26] [info]  >> Entering stage 11: 'Mimiga Village'.
[10:46:26] [info] [skip-sheet-flush] cave=11
[10:46:27] [info] [load-stage] preloading entry music song=9 (cave=11)
[10:46:27] [info] Organya pre-render: cache HIT MURA (1481280 bytes from CACHE; 1 ch; synth skipped).
[10:46:27] [info] gameloop: entered (curmap=11, running=1)
[10:46:27] [info] gameloop: iter 1 ticks=143254 mapno=-1
[10:46:27] [info] gameloop: iter 2 ticks=143361 mapno=-1
[10:46:27] [info] flip-probe: flip #1820 ok=true present=3ms inter_flip_ms=105 drawcalls-since-flip=382 drawcalls-total=121716 fail-total=0 null-skips-total=0
[10:46:27] [info] gameloop: iter 3 ticks=143474 mapno=-1
[10:46:28] [info] backdrop cache: thrashing-detect engaged (streak=4, route=direct)
[10:46:28] [info] flip-probe: flip #1830 ok=true present=3ms inter_flip_ms=45 drawcalls-since-flip=41 drawcalls-total=123152 fail-total=0 null-skips-total=0
[10:46:29] [info] flip-probe: flip #1840 ok=true present=3ms inter_flip_ms=46 drawcalls-since-flip=44 drawcalls-total=123575 fail-total=0 null-skips-total=0
[10:46:29] [info] flip-probe: flip #1850 ok=true present=3ms inter_flip_ms=48 drawcalls-since-flip=44 drawcalls-total=124015 fail-total=0 null-skips-total=0
[10:46:30] [info] flip-probe: flip #1860 ok=true present=2ms inter_flip_ms=49 drawcalls-since-flip=47 drawcalls-total=124484 fail-total=0 null-skips-total=0
[10:46:30] [info] flip-probe: flip #1870 ok=true present=2ms inter_flip_ms=48 drawcalls-since-flip=43 drawcalls-total=124920 fail-total=0 null-skips-total=0
[10:46:31] [info] flip-probe: flip #1880 ok=true present=3ms inter_flip_ms=50 drawcalls-since-flip=46 drawcalls-total=125354 fail-total=0 null-skips-total=0
[10:46:31] [info] backdrop cache: thrashing-detect engaged (streak=64, route=direct)
[10:46:31] [info] flip-probe: flip #1890 ok=true present=3ms inter_flip_ms=52 drawcalls-since-flip=45 drawcalls-total=125811 fail-total=0 null-skips-total=0
[10:46:32] [info] flip-probe: flip #1900 ok=true present=3ms inter_flip_ms=50 drawcalls-since-flip=45 drawcalls-total=126261 fail-total=0 null-skips-total=0
[10:46:32] [info] alpha audit block 0: 6399 total drawcalls, 0 with alpha<255 (block pct_x10=0; global 0/112321 pct_x10=0); alpha-mod skipped: block=0 global=0
[10:46:32] [info] fastpath audit block 0: taken=6399 (idx8=6399) skipped=0 pct_x10=1000; global taken=112321 (idx8=112321) skipped=0 pct_x10=1000
[10:46:32] [info] primitive tally block 0: clear=202(hr=202) fill=0(hr=0) rect=0(hr=0) line=0(hr=0) tint=0 spotlight=0 (over 100 flips ending at flip 1900)
[10:46:32] [info] color/alpha audit block 0: cmod_white=1086 cmod_black=1086 (idx=1086) cmod_general=0 (idx=0) cmod_fb=0; alpha_taken=0 alpha_skipped=0 (global cmod=13228/11686/693/0 idx=11686/693 alpha=0/0)
[10:46:32] [info] phase timing block 0: drawcalls=8778 dc_total_ms=1103 flip_inner_total_ms=705 inter_flip_total_ms=6612 (per-flip avg x10: dc_ms=110 fi_ms=70 if_ms=661 derived audio+engine_ms=481; per-drawcall avg us_x10=1257) [direct-vesa: presents=100 total_ms=280 avg_ms_x10=28 failed=0] [ablation: NO_DC_TIMING=0 CACHE_WINSURF=0 DIRECT_VESA=1]
[10:46:32] [info] kbd/audio block 0: kbd_irq=0 kbd_drain=0 ring_chunks=16 pump_pass=4834 pic1_mask=0xb8 first_irq_ticks=0 install_ticks=0 vector_at_install=0x0083a050 pic1_mask_live=0x38 kbd_8042_stat=0x34 bios_kbd_head=0x002a bios_kbd_tail=0x002a bios_kbd_buf0=0x1970
[10:46:32] [info] audio/engine split block 0: audio_mixer_calls=249 audio_mixer_ms_x10=21 engine_tick_calls=0 engine_tick_ms_x10=0 audio_service_calls=0 audio_service_ms_x10=0 (per-flip avg; per-call us_x10: audio_mix=8590 engine_tick=0 audio_service=0; global ns: audio_mix=3723307494 engine_tick=8541199147 audio_service=0)
[10:46:32] [info] dirty-rect block @flip=1900: total_calls=0 dirty_rects_avg=1 dirty_pct_x10=1000 forced_full=0 first_n_force=0 threshold_exceeded=0 dirty_path_taken=0 full_flush_taken=0
[10:46:32] [info] prev-frame-diff block @flip=1900: diff_calls=0 diff_rects_avg=0 diff_dirty_pct_x10=0 bbox_pct_x10=0 bbox_thresh_exceeded=0
[10:46:32] [info] flip-probe: flip #1910 ok=true present=3ms inter_flip_ms=50 drawcalls-since-flip=47 drawcalls-total=126717 fail-total=0 null-skips-total=0
[10:46:33] [info] flip-probe: flip #1920 ok=true present=3ms inter_flip_ms=50 drawcalls-since-flip=45 drawcalls-total=127178 fail-total=0 null-skips-total=0
[10:46:33] [info] flip-probe: flip #1930 ok=true present=3ms inter_flip_ms=48 drawcalls-since-flip=44 drawcalls-total=127620 fail-total=0 null-skips-total=0
[10:46:34] [info] flip-probe: flip #1940 ok=true present=3ms inter_flip_ms=43 drawcalls-since-flip=19 drawcalls-total=128013 fail-total=0 null-skips-total=0
[10:46:34] [info] backdrop cache: thrashing-detect engaged (streak=4, route=direct)
[10:46:34] [info] flip-probe: flip #1950 ok=true present=3ms inter_flip_ms=46 drawcalls-since-flip=20 drawcalls-total=128210 fail-total=0 null-skips-total=0
[10:46:35] [info] flip-probe: flip #1960 ok=true present=3ms inter_flip_ms=47 drawcalls-since-flip=20 drawcalls-total=128417 fail-total=0 null-skips-total=0
[10:46:35] [info] flip-probe: flip #1970 ok=true present=3ms inter_flip_ms=45 drawcalls-since-flip=19 drawcalls-total=128611 fail-total=0 null-skips-total=0
[10:46:36] [info] flip-probe: flip #1980 ok=true present=3ms inter_flip_ms=45 drawcalls-since-flip=19 drawcalls-total=128801 fail-total=0 null-skips-total=0
[10:46:36] [info] flip-probe: flip #1990 ok=true present=3ms inter_flip_ms=44 drawcalls-since-flip=19 drawcalls-total=128991 fail-total=0 null-skips-total=0
[10:46:37] [info] flip-probe: flip #2000 ok=true present=3ms inter_flip_ms=52 drawcalls-since-flip=19 drawcalls-total=129181 fail-total=0 null-skips-total=0
[10:46:37] [info] alpha audit block 0: 2326 total drawcalls, 0 with alpha<255 (block pct_x10=0; global 0/114647 pct_x10=0); alpha-mod skipped: block=0 global=0
[10:46:37] [info] fastpath audit block 0: taken=2326 (idx8=2326) skipped=0 pct_x10=1000; global taken=114647 (idx8=114647) skipped=0 pct_x10=1000
[10:46:37] [info] primitive tally block 0: clear=200(hr=200) fill=0(hr=0) rect=0(hr=0) line=0(hr=0) tint=0 spotlight=0 (over 100 flips ending at flip 2000)
[10:46:37] [info] color/alpha audit block 0: cmod_white=494 cmod_black=494 (idx=494) cmod_general=0 (idx=0) cmod_fb=0; alpha_taken=0 alpha_skipped=0 (global cmod=13722/12180/693/0 idx=12180/693 alpha=0/0)
[10:46:37] [info] phase timing block 0: drawcalls=3518 dc_total_ms=676 flip_inner_total_ms=687 inter_flip_total_ms=4869 (per-flip avg x10: dc_ms=67 fi_ms=68 if_ms=486 derived audio+engine_ms=351; per-drawcall avg us_x10=1922) [direct-vesa: presents=100 total_ms=281 avg_ms_x10=28 failed=0] [ablation: NO_DC_TIMING=0 CACHE_WINSURF=0 DIRECT_VESA=1]
[10:46:37] [info] kbd/audio block 0: kbd_irq=0 kbd_drain=0 ring_chunks=16 pump_pass=5078 pic1_mask=0xb8 first_irq_ticks=0 install_ticks=0 vector_at_install=0x0083a050 pic1_mask_live=0x38 kbd_8042_stat=0x34 bios_kbd_head=0x002a bios_kbd_tail=0x002a bios_kbd_buf0=0x1970
[10:46:37] [info] audio/engine split block 0: audio_mixer_calls=211 audio_mixer_ms_x10=17 engine_tick_calls=0 engine_tick_ms_x10=0 audio_service_calls=0 audio_service_ms_x10=0 (per-flip avg; per-call us_x10: audio_mix=8495 engine_tick=0 audio_service=0; global ns: audio_mix=3902555389 engine_tick=8541199147 audio_service=0)
[10:46:37] [info] dirty-rect block @flip=2000: total_calls=0 dirty_rects_avg=1 dirty_pct_x10=1000 forced_full=0 first_n_force=0 threshold_exceeded=0 dirty_path_taken=0 full_flush_taken=0
[10:46:37] [info] prev-frame-diff block @flip=2000: diff_calls=0 diff_rects_avg=0 diff_dirty_pct_x10=0 bbox_pct_x10=0 bbox_thresh_exceeded=0
[10:46:37] [info] backdrop cache: thrashing-detect engaged (streak=64, route=direct)
[10:46:37] [info] flip-probe: flip #2010 ok=true present=3ms inter_flip_ms=52 drawcalls-since-flip=19 drawcalls-total=129371 fail-total=0 null-skips-total=0
[10:46:38] [info] flip-probe: flip #2020 ok=true present=3ms inter_flip_ms=47 drawcalls-since-flip=60 drawcalls-total=129971 fail-total=0 null-skips-total=0
[10:46:38] [info] flip-probe: flip #2030 ok=true present=3ms inter_flip_ms=48 drawcalls-since-flip=60 drawcalls-total=130571 fail-total=0 null-skips-total=0
[10:46:39] [info] flip-probe: flip #2040 ok=true present=3ms inter_flip_ms=50 drawcalls-since-flip=60 drawcalls-total=131171 fail-total=0 null-skips-total=0
[10:46:39] [info] tas: end-of-replay auto-exit at tick 5140 (recording exhausted; set DOSKUTSU_TAS_REPLAY_HOLD=1 to disable + observe steady-state past recording end)
[10:46:39] [info] Script engine shutdown.
[10:46:39] [info] Sound system shutdown
[10:46:39] [info] Renderer::Close()
[10:46:39] [info] tas: replay file closed
[10:46:39] [info] [fps-true] flips=2044 render_s=150 fps_mean=13.6 (clock-independent: flips / seconds since the FIRST flip; use THIS for the fps matrix, not inter_flip medians, which are invalid in any cell running the PIT/IRQ-0 music pump)
[RUNMANIFEST-BEGIN]
schema_version=1
environment=realhw
binary_sha12=f8d446b4b0e0
wave_tag=6C3
scene=
env_block_sha=3c5aaacecd9c
started_utc=2026-08-11T10:43:53Z
duration_s=166
exit_code=0
fps_p50=NA
fps_p95=NA
audio_vital_status=NA
regime=NA
banner_required_hit=0
banner_required_total=0
banner_forbidden_hit=0
banner_optional_hit=0
critical_count=0
warn_count=0
[RUNMANIFEST-END]
[10:46:39] [info] [runmanifest-emit] schema=v1 env=realhw sha12=f8d446b4b0e0 dur=166s tag='6C3' scene='' env_sha=3c5aaacecd9c (signals=0x4)
