Logger::init: wave-53 log level=INFO path='LOGS/6C4C.LOG'
[11:28:42] [info] config: loaded DOSKUTSU.CFG (3 keys)
[11:28:42] [info] tas: PRNG seed forced to 12345 via DOSKUTSU_TAS_PRNG_SEED
[11:28:42] [info] tas: auto-exit armed at tick 30000 via DOSKUTSU_TAS_AUTO_EXIT_TICK
[11:28:42] [info] tas: replay opened path='QA.TAS' header_seed=12345
[11:28:43] [info] data cache: DISABLED (default)
[11:28:43] [info] Joystick: skipped (default; set DOSKUTSU_USE_JOYSTICK=1 to enable -- skips SDL3-DOS gameport BIOS INT 15h polling, ~82 ms / flip on real HW)
[11:28:43] [info] Loading settings...
[11:28:43] [info] [input-bind] applied=0 invert_y=0 dos_axes=1
[11:28:43] [info] Renderer::initVideo: 8bpp mode requested via SDL_HINT_DOS_MAX_BPP=8 (wave 16); SDL3-DOS will pick the highest-bpp <= 8 mode at requested resolution
[11:28:43] [info] Renderer::initVideo: DOS resolution-label lock ENABLED (default)
[11:28:43] [info] Renderer::initVideo: using: software renderer
[11:28:46] [info] Renderer::initVideo: dirty-rect tracking ENABLED (wave 15, default ON; set SDL_HINT_DOSKUTSU_DIRTY_RECTS=0 to disable)
[11:28:46] [info] Renderer::initVideo: ablation flags: NO_DC_TIMING=0 CACHE_WINSURF=0 NO_INPUT_POLL=0 DIRECT_VESA=1
[11:28:46] [info] Renderer::initVideo: direct-VESA hot path ENABLED (default since wave 20 patch 0088; bypasses SDL_RenderPresent / SDL_UpdateWindowSurface and writes via SDL/0034's PresentFull helper; R2 mitigation handled by SDL/0034 generation counter -- no per-N-flip heartbeat needed; set SDL_HINT_DOSKUTSU_DIRECT_VESA=0 to revert)
[11:28:46] [info] Renderer::initVideo: flip-phase instrumentation DISABLED (default; set SDL_HINT_DOSKUTSU_FLIP_INSTR=1 to opt in for wave-20 Lever A diagnostic)
[11:28:46] [info] Renderer::initVideo: asm opaque-span blit lever DISABLED (default; set SDL_HINT_DOSKUTSU_ASM_BLIT=1 to opt in -- wave-51 _blit_indexed colorkey-blit lever)
[11:28:46] [info] Renderer::initVideo: blit-decomp instrumentation DISABLED (default; set SDL_HINT_DOSKUTSU_BLIT_DECOMP=1 to opt in -- wave-51 _blit_indexed sub-decomp sizing)
[11:28:46] [info] Renderer::initVideo: mds-scroll-decomp instrumentation DISABLED (default; set SDL_HINT_DOSKUTSU_MDS_DECOMP=1 to opt in -- wave-52 mode_draw_scene scrolling-block decomp)
[11:28:46] [info] Renderer::initVideo: DOSVESA pump yield: skipped (default) (per-flip explicit SDL_Delay(0) yield is always on; set SDL_HINT_DOSKUTSU_FORCE_PUMP_YIELD=1 to restore old per-pump yield)
[11:28:46] [info] Renderer::initVideo: indexed-mode (8bpp) ENABLED -- master palette + 107 per-asset remap LUTs loaded (wave 16, default ON; set SDL_HINT_DOSKUTSU_PIXEL_FORMAT_8=0 to disable)
[11:28:46] [info] Renderer::initVideo: master palette attached to window surface (format=SDL_PIXELFORMAT_INDEX8, ncolors=256)
[11:28:46] [info] Renderer::initVideo: indexed-mode smoke: idx0=(0,0,0) OK idx255=(255,0,255) OK
[11:28:46] [info] Renderer::initVideo: indexed-mode smoke: paletteRemapFor('MyChar.pbm') = present
[11:28:46] [info] Surface::loadImage palmap-diag #1: 'data/Loading.pbm' fmt=SDL_PIXELFORMAT_ABGR8888 remap=HIT -> path=truecolor
[11:28:46] [info] Renderer: prev-frame diff DISABLED (default since wave 17.6; set SDL_HINT_DOSKUTSU_PREVFRAME_DIFF=1 to opt in)
[11:28:46] [info] flip-probe: renderer=software window_ptr=8809184 colorspace=301991328 window_size=320x240 framebuffer_pixels=320x240 logical_present=320x240 mode=2
[11:28:46] [info] flip-probe: first flip ok=true present=61ms inter_flip_ms=0 drawcalls-since-flip=1 drawcalls-total=1
[11:28:46] [info] Sound system init
[11:28:46] [info] Sound system: 4-state audio enable (#31) -- music=on sfx=on (MUSIC_OFF/AUDIO_BACKEND=none -> music-off; SFX_OFF/SFX_DEVICE=none -> sfx-off; both gates are dispatch-level, the device still opens; AUDIO_OFF=1 is the device-level both-off).
[11:28:46] [info] Sound system: Tier-2 audio config (default since wave 21 patch 0093; 11025 Hz, 1 channel, buffer pinned to 256 frames). Measured savings on g2k Pentium OverDrive 83 MHz (W21A): heavy-music scenes ~+11 fps vs Tier-1 baseline (measured -10 to -15 ms/flip post-0094 audio fix; W21A's pre-fix -26.6 ms figure was inflated by stereo-vs-mono playback bug, see patch 0094). Audio quality is reduced vs Tier-1 (mono, 11025 Hz, simple-average L+R downmix) but recognizable; user accepted the trade per direction 2026-05-05. Set SDL_HINT_DOSKUTSU_AUDIO_TIER2=0 to revert to Tier-1 22050 stereo (full Cave Story 2004 audio quality; trades fps for fidelity).
[11:28:46] [info] Sound system: SDL_HINT_AUDIO_DEVICE_SAMPLE_FRAMES=256
[11:28:46] [info] Pixtone IRQ rate-divider: handed master_rate=11025 int16/s (SAMPLE_RATE=11025 x AUDIO_CHANNELS=1) to SDL for auto-RATEDIV (SDL/0074 computes shift_div from the resolved device freq).
[11:28:46] [info] Sound system: device frame-rate: requesting 11025 Hz match to master (SDL_DOSAudioSetDeviceFrameRate; SB16 opens at the engine frame rate instead of SDL's 44100 floor -- 4x less PCM/s + no resampler on the Organya/Pixtone path; killswitch SDL_HINT_DOSKUTSU_DOS_AUDIO_DEVICE_RATE_DEFAULT=0).
[11:28:46] [info] audio backend: opl3 (Phase 10 Stage 4 -- concrete OPL3 FM synthesis backend via SDL/0037+ OPL3 helpers; MidiScheduler routes music dispatch through 18 x 2-op voice allocator + small inline patch bank). SoundManager::init will probe OPL3 via Adlib timer-1 sequence + fall back to organya gracefully if the chip is absent. Pixtone SFX still active on SB16 DAC.
[11:28:47] [info] wave-13.6.1: ring_chunks=16 FORCE_PUMP_YIELD=off (set SDL_HINT_DOSKUTSU_AUDIO_RING_CHUNKS=4|8|16 to override; default 16 matches wave 13.6 behaviour)
[11:28:47] [info] MidiScheduler: MIDI source = 'orgmid2' (native-GM org2mid set; resolves to data/orgmid2/<name>.mid).
[11:28:47] [info] opl3 backend probing for OPL3 chip (Adlib timer-1 sequence)...
[11:28:47] [info] opl3 backend: opl3bank.dat loaded 128 programs from 'data/opl3bank.dat' (v1; 1536 bytes payload). Per-program GM patches now use the runtime bank; programs >= 128 fall back to 8-patch family bucket. Drum channel (MIDI ch 9) unchanged (uses PATCH_DRUM regardless of bank loading).
[11:28:47] [info] opl3 backend ready (OPL3 detected via Adlib timer-1; InitChip applied 18 x 2-op layout; voice allocator armed). Patch bank state: runtime opl3bank.dat ACTIVE (loaded_count=128; programs >= loaded_count fall back to 8-patch placeholder covering GM family categories piano/mallet/organ/guitar/strings/brass/reed/pad). Phase 10.5 path: ship a fuller community bank as data/opl3bank.dat (DOPL3v1 format; 12-byte SBI records per GM program; loader at MidiBackendOpl3 ctor).
[11:28:47] [info] opl3 backend: PATCH_ORGAN + PATCH_MALLET RR=8 (medium release; wub-wub fix per patch 0171; was RR=0 in slot 0103 placeholder -- KEY-OFF couldn't silence; H6 reg 0xBD wave-47 falsified; H1+H5/RR=0 byte-level bug root per WAVE-46/47 analysis)
[11:28:47] [info] Sound system: MidiScheduler armed with MidiBackendOpl3 (patch 0103 Phase 10 Stage 4). Music dispatch routes via SMF parser + 18 x 2-op OPL3 voice allocator + small inline patch bank (community-sourced from Apogee Sound System / AdLib SBI public-domain refs). Pixtone SFX still active on SB16 DAC.
[11:28:47] [info] Sound system: idle-pause skipped (default OFF since patch 0119; backend=opl3 would qualify but operator did not opt-in via SDL_HINT_DOSKUTSU_IDLE_PAUSE=1). DSP stays in continuous-stream mode. Re-enable for an A/B iter once SDL/0037 ForcePause non-engagement is rooted out (task #17).
[11:28:47] [warn] Music dir Ogg/ doesn't exist
[11:28:47] [warn] Music dir Ogg11/ doesn't exist
[11:28:47] [warn] Music dir Ogg17/ doesn't exist
[11:28:47] [warn] Music dir Ogg_ridic/ doesn't exist
[11:28:47] [info] Loading Sound FX...
[11:28:48] [info] [pxt-cache] init(): HIT (loaded cache; render skipped)
[11:28:56] [info] Organya init...
[11:28:57] [info] Organya init done
[11:29:09] [info] gus SFX gain [nx0259]: 70% (SDL_HINT_DOSKUTSU_GUS_SFX_GAIN; scales the GF1 SFX voice volume to balance against velocity/CC-scaled GUS music; default 70, clamp 0..150).
[11:29:10] [info] pixtone IRQ-mix: ENABLED (default; SDL backend engaged; set SDL_HINT_DOSKUTSU_PIXTONE_IRQ_MIX=0 to disable)
[11:29:10] [info] Pixtone::setVolume: L3 active -- mid-play SFX volume updates are no-op in v1 (v2 candidate: SDL_DOSPixtoneSetGain API). gain_x256=256 stored for subsequent SDL_DOSPixtoneStart calls; currently-playing L3 channels unaffected.
[11:29:10] [info] midi ISR tick: engine registered tick_isr callback (L2b active; default ON; set SDL_HINT_DOSKUTSU_MIDI_ISR_TICK=0 to disable)
[11:29:10] [info] menu slide-in fixed-timestep: ENABLED (default; slide advances at 50 Hz logic rate)
[11:29:10] [info] Reading npc.tbl...
[11:29:10] [info] Loading tilekey.dat.
[11:29:10] [info] Script engine init.
[11:29:10] [info] Entering main loop...
[11:29:10] [info] audio mid-gap pump: DISABLED (default)
[11:29:10] [info] TAS fixed-timestep guard: ENABLED (default) (patch 0280; load_stage wall-clock kept out of the FT accumulator so TAS replay advances at a true 50 Hz; set SDL_HINT_DOSKUTSU_TAS_FT_GUARD=0 to disable)
[11:29:10] [info] load_stage ring+DMA silence flush: ENABLED (default) (set SDL_HINT_DOSKUTSU_LOADSTAGE_SILENCE=0 to disable)
[11:29:10] [info] load-band audio-underrun probe: DISABLED (default) (opt-in SDL_HINT_DOSKUTSU_LOADBAND_STAT=1)
[11:29:10] [info]  >> Entering stage 72: 'u'.
[11:29:10] [info] skip sheet flush: ENABLED (default) (SFXPAUSE-012 SHIPPED FIX; sprite sheets stay resident across caves so no per-cave re-decode -> no fire-frame pause; map_flush_graphics tilemap cache still flushes; set SDL_HINT_DOSKUTSU_SKIP_SHEET_FLUSH=0 to restore the old per-cave flush)
[11:29:10] [info] [skip-sheet-flush] cave=1
[11:29:10] [info] eager action sheets: ENABLED (default) (first-fire hitch fix: pre-loads the weapon bullet + hit/muzzle/trail caret sheets at stage load so the first fire/impact does not lazy-decode mid-gameplay; set SDL_HINT_DOSKUTSU_EAGER_ACTION_SHEETS=0 to restore lazy load)
[11:29:10] [info] Surface::loadImage palmap-diag #2: 'data/Bullet.pbm' fmt=SDL_PIXELFORMAT_ABGR8888 remap=HIT -> path=truecolor
[11:29:11] [info] Surface::loadImage palmap-diag #3: 'data/Arms.pbm' fmt=SDL_PIXELFORMAT_ABGR8888 remap=HIT -> path=truecolor
[11:29:11] [info] Surface::loadImage palmap-diag #4: 'data/Caret.pbm' fmt=SDL_PIXELFORMAT_ABGR8888 remap=HIT -> path=truecolor
[11:29:11] [info] Surface::loadImage palmap-diag #5: 'data/Npc/NpcSym.pbm' fmt=SDL_PIXELFORMAT_ABGR8888 remap=HIT -> path=truecolor
[11:29:11] [info] [eager-action-sheets] cave=1 sheets=4 wall_ms=1326
[11:29:12] [info] Surface::loadImage palmap-diag #6: 'data/Stage/PrtWhite.pbm' fmt=SDL_PIXELFORMAT_ABGR8888 remap=HIT -> path=truecolor
[11:29:12] [info] load_stage: entry-music preload ENABLED (default) (set SDL_HINT_DOSKUTSU_PRELOAD_STAGE_MUSIC=0 to disable)
[11:29:12] [info] Surface::loadImage palmap-diag #7: 'data/bk0.pbm' fmt=SDL_PIXELFORMAT_ABGR8888 remap=HIT -> path=truecolor
[11:29:12] [info] gameloop: entered (curmap=72, running=1)
[11:29:12] [info] gameloop: iter 1 ticks=30159 mapno=-1
[11:29:12] [info] fixed-timestep: ENABLED (default; logic 50 Hz, decoupled from render)
[11:29:12] [info] map: BG skip-when-unchanged DISABLED (default) (set SDL_HINT_DOSKUTSU_BG_SKIP_WHEN_UNCHANGED=1 to enable; default OFF since wave-61 -- abandoned, it shipped a backdrop-black flicker and its +0.87 fps was below the noise floor)
[11:29:12] [info] map: skip-redundant-clear lever ENABLED (default since wave-53 promotion)
[11:29:12] [info] perf-mode: level=0 (faithful (default))
[11:29:13] [info] Surface::loadImage palmap-diag #8: 'data/Npc/NpcKings.pbm' fmt=SDL_PIXELFORMAT_ABGR8888 remap=HIT -> path=truecolor
[11:29:13] [info] audio tick-boundary pump: DISABLED (default)
[11:29:13] [info] gameloop: iter 2 ticks=30541 mapno=-1
[11:29:13] [info] gameloop: iter 3 ticks=30596 mapno=-1
[11:29:13] [info] direct-vesa: snapshot @gen=2 use_dosmemput=1 banked_multibank=1 pitches_match=1 vram_w=320 vram_h=240 vram_pitch=320 bpp=1 fb_size=76800 vram_phys=0x000a0000 vram_ptr=0x00000000
[11:29:13] [info] flip-probe: flip #10 ok=true present=4ms inter_flip_ms=32 drawcalls-since-flip=6 drawcalls-total=43 fail-total=0 null-skips-total=0
[11:29:13] [info] flip-probe: flip #20 ok=true present=4ms inter_flip_ms=32 drawcalls-since-flip=4 drawcalls-total=92 fail-total=0 null-skips-total=0
[11:29:14] [info] flip-probe: flip #30 ok=true present=4ms inter_flip_ms=66 drawcalls-since-flip=326 drawcalls-total=2707 fail-total=0 null-skips-total=0
[11:29:15] [info] flip-probe: flip #40 ok=true present=4ms inter_flip_ms=60 drawcalls-since-flip=264 drawcalls-total=5837 fail-total=0 null-skips-total=0
[11:29:15] [info] flip-probe: flip #50 ok=true present=5ms inter_flip_ms=37 drawcalls-since-flip=67 drawcalls-total=7392 fail-total=0 null-skips-total=0
[11:29:15] [info] flip-probe: flip #60 ok=true present=4ms inter_flip_ms=30 drawcalls-since-flip=4 drawcalls-total=7502 fail-total=0 null-skips-total=0
[11:29:16] [info] flip-probe: flip #70 ok=true present=4ms inter_flip_ms=31 drawcalls-since-flip=6 drawcalls-total=7557 fail-total=0 null-skips-total=0
[11:29:16] [info] flip-probe: flip #80 ok=true present=4ms inter_flip_ms=20 drawcalls-since-flip=0 drawcalls-total=7586 fail-total=0 null-skips-total=0
[11:29:16] [info] flip-probe: flip #90 ok=true present=4ms inter_flip_ms=21 drawcalls-since-flip=0 drawcalls-total=7586 fail-total=0 null-skips-total=0
[11:29:16] [info] title: eager-title-IO phase tag ENABLED (default) (set SDL_HINT_DOSKUTSU_EAGER_TITLE_IO=0 to disable)
[11:29:17] [warn] MidiScheduler::_refresh_isr_buffer: track has 27749 events; ISR buffer is 16384 (truncated; events after 16384 will not dispatch under L2b ON -- the engine-thread tick() path still uses _events directly under L2b OFF)
[11:29:17] [info] MidiScheduler::load: parsed 'data/orgmid2/curly.mid' = 27749 events at 48 PPQ
[11:29:17] [info] opl3 backend: on_song_start
[11:29:17] [info] gameloop: entered (curmap=1005, running=1)
[11:29:17] [info] gameloop: iter 1 ticks=35276 mapno=-1
[11:29:17] [info] map: backdrop cache ENABLED (default) (set SDL_HINT_DOSKUTSU_BACKDROP_CACHE=0 to disable)
[11:29:18] [info] gameloop: iter 2 ticks=36048 mapno=-1
[11:29:18] [info] gameloop: iter 3 ticks=36088 mapno=-1
[11:29:18] [info] backdrop cache: thrashing-detect engaged (streak=4, route=direct)
[11:29:18] [info] flip-probe: flip #100 ok=true present=4ms inter_flip_ms=34 drawcalls-since-flip=75 drawcalls-total=7886 fail-total=0 null-skips-total=0
[11:29:18] [info] alpha audit block 0: 7798 total drawcalls, 0 with alpha<255 (block pct_x10=0; global 0/7798 pct_x10=0); alpha-mod skipped: block=0 global=0
[11:29:18] [info] fastpath audit block 0: taken=7798 (idx8=7798) skipped=0 pct_x10=1000; global taken=7798 (idx8=7798) skipped=0 pct_x10=1000
[11:29:18] [info] primitive tally block 0: clear=220(hr=220) fill=0(hr=0) rect=0(hr=0) line=0(hr=0) tint=0 spotlight=0 (over 100 flips ending at flip 100)
[11:29:18] [info] color/alpha audit block 0: cmod_white=104 cmod_black=0 (idx=0) cmod_general=84 (idx=84) cmod_fb=0; alpha_taken=0 alpha_skipped=0 (global cmod=104/0/84/0 idx=0/84 alpha=0/0)
[11:29:18] [info] phase timing block 0: drawcalls=8209 dc_total_ms=1410 flip_inner_total_ms=677 inter_flip_total_ms=32065 (per-flip avg x10: dc_ms=141 fi_ms=67 if_ms=3206 derived audio+engine_ms=2998; per-drawcall avg us_x10=1717) [direct-vesa: presents=97 total_ms=396 avg_ms_x10=40 failed=0] [ablation: NO_DC_TIMING=0 CACHE_WINSURF=0 DIRECT_VESA=1]
[11:29:18] [info] kbd/audio block 0: kbd_irq=0 kbd_drain=0 ring_chunks=16 pump_pass=99 pic1_mask=0xb8 first_irq_ticks=0 install_ticks=0 vector_at_install=0x00839fa0 pic1_mask_live=0x38 kbd_8042_stat=0x34 bios_kbd_head=0x002a bios_kbd_tail=0x002a bios_kbd_buf0=0x2064
[11:29:18] [info] audio/engine split block 0: audio_mixer_calls=0 audio_mixer_ms_x10=0 engine_tick_calls=99 engine_tick_ms_x10=510 audio_service_calls=0 audio_service_ms_x10=0 (per-flip avg; per-call us_x10: audio_mix=0 engine_tick=515786 audio_service=0; global ns: audio_mix=0 engine_tick=5106285719 audio_service=0)
[11:29:18] [info] pixtone multi-source probe: DISABLED (default)
[11:29:18] [info] dirty-rect block @flip=100: total_calls=0 dirty_rects_avg=0 dirty_pct_x10=990 forced_full=0 first_n_force=3 threshold_exceeded=2 dirty_path_taken=0 full_flush_taken=3
[11:29:18] [info] prev-frame-diff block @flip=100: diff_calls=0 diff_rects_avg=0 diff_dirty_pct_x10=0 bbox_pct_x10=0 bbox_thresh_exceeded=0
[11:29:19] [info] flip-probe: flip #110 ok=true present=5ms inter_flip_ms=28 drawcalls-since-flip=75 drawcalls-total=8636 fail-total=0 null-skips-total=0
[11:29:19] [info] flip-probe: flip #120 ok=true present=4ms inter_flip_ms=28 drawcalls-since-flip=75 drawcalls-total=9386 fail-total=0 null-skips-total=0
[11:29:19] [info] flip-probe: flip #130 ok=true present=4ms inter_flip_ms=19 drawcalls-since-flip=0 drawcalls-total=9986 fail-total=0 null-skips-total=0
[11:29:19] [info] Loading profile from profile.dat
[11:29:19] [error] profile_load: unable to open 'profile.dat'
[11:29:19] [info] Loading profile from profile2.dat
[11:29:19] [error] profile_load: unable to open 'profile2.dat'
[11:29:19] [info] Loading profile from profile3.dat
[11:29:19] [info] Loading profile from profile4.dat
[11:29:19] [error] profile_load: unable to open 'profile4.dat'
[11:29:19] [info] Loading profile from profile5.dat
[11:29:20] [info] flip-probe: flip #140 ok=true present=4ms inter_flip_ms=49 drawcalls-since-flip=214 drawcalls-total=10842 fail-total=0 null-skips-total=0
[11:29:20] [info] flip-probe: flip #150 ok=true present=4ms inter_flip_ms=48 drawcalls-since-flip=214 drawcalls-total=12982 fail-total=0 null-skips-total=0
[11:29:21] [info] Writing settings...
[11:29:21] [info] flip-probe: flip #160 ok=true present=4ms inter_flip_ms=20 drawcalls-since-flip=0 drawcalls-total=13846 fail-total=0 null-skips-total=0
[11:29:21] [info] gameloop: iter 600 ticks=38617 mapno=-1
[11:29:21] [info] flip-probe: flip #170 ok=true present=4ms inter_flip_ms=20 drawcalls-since-flip=0 drawcalls-total=13846 fail-total=0 null-skips-total=0
[11:29:21] [info] opl3 backend: on_song_stop
[11:29:21] [info] Loading profile from profile5.dat
[11:29:21] [info]  >> Entering stage 20: 'Save Point'.
[11:29:21] [info] [skip-sheet-flush] cave=2
[11:29:22] [info] MidiScheduler::load: parsed 'data/orgmid2/mura.mid' = 7123 events at 48 PPQ
[11:29:22] [info] opl3 backend: on_song_start
[11:29:22] [info] gameloop: entered (curmap=20, running=1)
[11:29:22] [info] gameloop: iter 1 ticks=39743 mapno=-1
[11:29:22] [info] TAS stall discount: ENABLED (default) (patch 0286; a replay frame over 150 ms is a load, not slow rendering, so it contributes 1 tick instead of its wall-clock; set SDL_HINT_DOSKUTSU_TAS_STALL_DISCOUNT=0 to disable)
[11:29:22] [info] TAS accumulator clamp: DISABLED (default) (patch 0281; caps the FT accumulator delta at one tick during TAS so a stalled frame cannot race the replay index; set SDL_HINT_DOSKUTSU_TAS_FT_GUARD=0 to disable)
[11:29:22] [info] gameloop: iter 2 ticks=39785 mapno=-1
[11:29:22] [info] gameloop: iter 3 ticks=39823 mapno=-1
[11:29:22] [info] flip-probe: flip #180 ok=true present=4ms inter_flip_ms=30 drawcalls-since-flip=17 drawcalls-total=13971 fail-total=0 null-skips-total=0
[11:29:22] [info] flip-probe: flip #190 ok=true present=4ms inter_flip_ms=29 drawcalls-since-flip=17 drawcalls-total=14141 fail-total=0 null-skips-total=0
[11:29:23] [info] flip-probe: flip #200 ok=true present=5ms inter_flip_ms=30 drawcalls-since-flip=17 drawcalls-total=14311 fail-total=0 null-skips-total=0
[11:29:23] [info] alpha audit block 0: 5788 total drawcalls, 0 with alpha<255 (block pct_x10=0; global 0/13586 pct_x10=0); alpha-mod skipped: block=0 global=0
[11:29:23] [info] fastpath audit block 0: taken=5788 (idx8=5788) skipped=0 pct_x10=1000; global taken=13586 (idx8=13586) skipped=0 pct_x10=1000
[11:29:23] [info] primitive tally block 0: clear=201(hr=201) fill=0(hr=0) rect=0(hr=0) line=0(hr=0) tint=0 spotlight=0 (over 100 flips ending at flip 200)
[11:29:23] [info] color/alpha audit block 0: cmod_white=1438 cmod_black=0 (idx=0) cmod_general=609 (idx=609) cmod_fb=0; alpha_taken=0 alpha_skipped=0 (global cmod=1542/0/693/0 idx=0/693 alpha=0/0)
[11:29:23] [info] phase timing block 0: drawcalls=8036 dc_total_ms=1266 flip_inner_total_ms=566 inter_flip_total_ms=4369 (per-flip avg x10: dc_ms=126 fi_ms=56 if_ms=436 derived audio+engine_ms=254; per-drawcall avg us_x10=1576) [direct-vesa: presents=100 total_ms=405 avg_ms_x10=40 failed=0] [ablation: NO_DC_TIMING=0 CACHE_WINSURF=0 DIRECT_VESA=1]
[11:29:23] [info] kbd/audio block 0: kbd_irq=0 kbd_drain=0 ring_chunks=16 pump_pass=212 pic1_mask=0xb8 first_irq_ticks=0 install_ticks=0 vector_at_install=0x00839fa0 pic1_mask_live=0x38 kbd_8042_stat=0x34 bios_kbd_head=0x002a bios_kbd_tail=0x002a bios_kbd_buf0=0x2064
[11:29:23] [info] audio/engine split block 0: audio_mixer_calls=0 audio_mixer_ms_x10=0 engine_tick_calls=76 engine_tick_ms_x10=180 audio_service_calls=0 audio_service_ms_x10=0 (per-flip avg; per-call us_x10: audio_mix=0 engine_tick=237154 audio_service=0; global ns: audio_mix=0 engine_tick=6908661725 audio_service=0)
[11:29:23] [info] dirty-rect block @flip=200: total_calls=0 dirty_rects_avg=1 dirty_pct_x10=1000 forced_full=0 first_n_force=0 threshold_exceeded=0 dirty_path_taken=0 full_flush_taken=0
[11:29:23] [info] prev-frame-diff block @flip=200: diff_calls=0 diff_rects_avg=0 diff_dirty_pct_x10=0 bbox_pct_x10=0 bbox_thresh_exceeded=0
[11:29:23] [info] flip-probe: flip #210 ok=true present=4ms inter_flip_ms=30 drawcalls-since-flip=17 drawcalls-total=14481 fail-total=0 null-skips-total=0
[11:29:23] [info] flip-probe: flip #220 ok=true present=4ms inter_flip_ms=30 drawcalls-since-flip=17 drawcalls-total=14651 fail-total=0 null-skips-total=0
[11:29:24] [info] flip-probe: flip #230 ok=true present=4ms inter_flip_ms=30 drawcalls-since-flip=17 drawcalls-total=14821 fail-total=0 null-skips-total=0
[11:29:24] [info] flip-probe: flip #240 ok=true present=4ms inter_flip_ms=72 drawcalls-since-flip=358 drawcalls-total=17397 fail-total=0 null-skips-total=0
[11:29:24] [info]  >> Entering stage 11: 'Mimiga Village'.
[11:29:24] [info] [skip-sheet-flush] cave=3
[11:29:25] [info] [load-stage] preloading entry music song=9 (cave=3)
[11:29:25] [info] gameloop: entered (curmap=11, running=1)
[11:29:25] [info] gameloop: iter 1 ticks=42795 mapno=-1
[11:29:25] [info] map: mds_clear LUT ENABLED (default) (set SDL_HINT_DOSKUTSU_MDS_CLEAR_LUT=0 to disable; default ON; patch 0144 wave-49 bandwidth lever)
[11:29:25] [info] mds-clear-lut: rebuilt N=240 entries (k_skip=0% k_keep=100%; curmap=11 map_size=60x60; rebuild #1 since boot)
[11:29:25] [info] backdrop thrash full-cover ENABLED (default) (set SDL_HINT_DOSKUTSU_THRASH_FULLCOVER=0 to disable)
[11:29:25] [info] [bd-diag] backdrop render-path diag disabled (default) (set SDL_HINT_DOSKUTSU_BACKDROP_DIAG=1 to enable)
[11:29:25] [info] gameloop: iter 2 ticks=42920 mapno=-1
[11:29:25] [info] gameloop: iter 3 ticks=43030 mapno=-1
[11:29:26] [info] backdrop cache: thrashing-detect engaged (streak=4, route=direct)
[11:29:26] [info] flip-probe: flip #250 ok=true present=4ms inter_flip_ms=43 drawcalls-since-flip=36 drawcalls-total=19477 fail-total=0 null-skips-total=0
[11:29:26] [info] flip-probe: flip #260 ok=true present=5ms inter_flip_ms=43 drawcalls-since-flip=43 drawcalls-total=19896 fail-total=0 null-skips-total=0
[11:29:26] [info] backdrop cache: thrashing-detect engaged (streak=4, route=direct)
[11:29:27] [info] flip-probe: flip #270 ok=true present=4ms inter_flip_ms=46 drawcalls-since-flip=46 drawcalls-total=20355 fail-total=0 null-skips-total=0
[11:29:27] [info] flip-probe: flip #280 ok=true present=4ms inter_flip_ms=44 drawcalls-since-flip=43 drawcalls-total=20795 fail-total=0 null-skips-total=0
[11:29:28] [info] flip-probe: flip #290 ok=true present=5ms inter_flip_ms=43 drawcalls-since-flip=43 drawcalls-total=21225 fail-total=0 null-skips-total=0
[11:29:28] [info] flip-probe: flip #300 ok=true present=4ms inter_flip_ms=45 drawcalls-since-flip=43 drawcalls-total=21655 fail-total=0 null-skips-total=0
[11:29:28] [info] alpha audit block 0: 6532 total drawcalls, 0 with alpha<255 (block pct_x10=0; global 0/20118 pct_x10=0); alpha-mod skipped: block=0 global=0
[11:29:28] [info] fastpath audit block 0: taken=6532 (idx8=6532) skipped=0 pct_x10=1000; global taken=20118 (idx8=20118) skipped=0 pct_x10=1000
[11:29:28] [info] primitive tally block 0: clear=202(hr=202) fill=0(hr=0) rect=0(hr=0) line=0(hr=0) tint=0 spotlight=0 (over 100 flips ending at flip 300)
[11:29:28] [info] color/alpha audit block 0: cmod_white=754 cmod_black=754 (idx=754) cmod_general=0 (idx=0) cmod_fb=0; alpha_taken=0 alpha_skipped=0 (global cmod=2296/754/693/0 idx=754/693 alpha=0/0)
[11:29:28] [info] phase timing block 0: drawcalls=8251 dc_total_ms=1105 flip_inner_total_ms=567 inter_flip_total_ms=5259 (per-flip avg x10: dc_ms=110 fi_ms=56 if_ms=525 derived audio+engine_ms=359; per-drawcall avg us_x10=1339) [direct-vesa: presents=100 total_ms=404 avg_ms_x10=40 failed=0] [ablation: NO_DC_TIMING=0 CACHE_WINSURF=0 DIRECT_VESA=1]
[11:29:28] [info] kbd/audio block 0: kbd_irq=0 kbd_drain=0 ring_chunks=16 pump_pass=445 pic1_mask=0xb8 first_irq_ticks=0 install_ticks=0 vector_at_install=0x00839fa0 pic1_mask_live=0x38 kbd_8042_stat=0x34 bios_kbd_head=0x002a bios_kbd_tail=0x002a bios_kbd_buf0=0x2064
[11:29:28] [info] [tile-speedup-stat n=100 drawtile_us=97.71 raw_blit_us=69.78 ratio=1.40]
[11:29:28] [info] dirty-rect block @flip=300: total_calls=100 dirty_rects_avg=1 dirty_pct_x10=1000 forced_full=0 first_n_force=0 threshold_exceeded=0 dirty_path_taken=0 full_flush_taken=0
[11:29:28] [info] prev-frame-diff block @flip=300: diff_calls=0 diff_rects_avg=0 diff_dirty_pct_x10=0 bbox_pct_x10=0 bbox_thresh_exceeded=0
[11:29:29] [info] flip-probe: flip #310 ok=true present=4ms inter_flip_ms=44 drawcalls-since-flip=43 drawcalls-total=22185 fail-total=0 null-skips-total=0
[11:29:29] [info] flip-probe: flip #320 ok=true present=4ms inter_flip_ms=45 drawcalls-since-flip=43 drawcalls-total=22615 fail-total=0 null-skips-total=0
[11:29:29] [info] backdrop cache: thrashing-detect engaged (streak=64, route=direct)
[11:29:29] [info] flip-probe: flip #330 ok=true present=4ms inter_flip_ms=46 drawcalls-since-flip=43 drawcalls-total=23045 fail-total=0 null-skips-total=0
[11:29:30] [info] flip-probe: flip #340 ok=true present=4ms inter_flip_ms=42 drawcalls-since-flip=43 drawcalls-total=23475 fail-total=0 null-skips-total=0
[11:29:30] [info] flip-probe: flip #350 ok=true present=6ms inter_flip_ms=45 drawcalls-since-flip=46 drawcalls-total=23925 fail-total=0 null-skips-total=0
[11:29:31] [info] flip-probe: flip #360 ok=true present=4ms inter_flip_ms=46 drawcalls-since-flip=43 drawcalls-total=24359 fail-total=0 null-skips-total=0
[11:29:31] [info] run_tick_fixed #600: heartbeat (loop alive)
[11:29:31] [info] flip-probe: flip #370 ok=true present=4ms inter_flip_ms=43 drawcalls-since-flip=20 drawcalls-total=24589 fail-total=0 null-skips-total=0
[11:29:32] [info] flip-probe: flip #380 ok=true present=4ms inter_flip_ms=42 drawcalls-since-flip=15 drawcalls-total=24754 fail-total=0 null-skips-total=0
[11:29:32] [info] backdrop cache: thrashing-detect engaged (streak=124, route=direct)
[11:29:32] [info] flip-probe: flip #390 ok=true present=4ms inter_flip_ms=42 drawcalls-since-flip=17 drawcalls-total=24912 fail-total=0 null-skips-total=0
[11:29:33] [info] flip-probe: flip #400 ok=true present=4ms inter_flip_ms=41 drawcalls-since-flip=16 drawcalls-total=25090 fail-total=0 null-skips-total=0
[11:29:33] [info] alpha audit block 0: 2529 total drawcalls, 0 with alpha<255 (block pct_x10=0; global 0/22647 pct_x10=0); alpha-mod skipped: block=0 global=0
[11:29:33] [info] fastpath audit block 0: taken=2529 (idx8=2529) skipped=0 pct_x10=1000; global taken=22647 (idx8=22647) skipped=0 pct_x10=1000
[11:29:33] [info] primitive tally block 0: clear=200(hr=200) fill=0(hr=0) rect=0(hr=0) line=0(hr=0) tint=0 spotlight=0 (over 100 flips ending at flip 400)
[11:29:33] [info] color/alpha audit block 0: cmod_white=806 cmod_black=806 (idx=806) cmod_general=0 (idx=0) cmod_fb=0; alpha_taken=0 alpha_skipped=0 (global cmod=3102/1560/693/0 idx=1560/693 alpha=0/0)
[11:29:33] [info] phase timing block 0: drawcalls=4341 dc_total_ms=716 flip_inner_total_ms=573 inter_flip_total_ms=4580 (per-flip avg x10: dc_ms=71 fi_ms=57 if_ms=458 derived audio+engine_ms=330; per-drawcall avg us_x10=1649) [direct-vesa: presents=100 total_ms=405 avg_ms_x10=40 failed=0] [ablation: NO_DC_TIMING=0 CACHE_WINSURF=0 DIRECT_VESA=1]
[11:29:33] [info] kbd/audio block 0: kbd_irq=0 kbd_drain=0 ring_chunks=16 pump_pass=674 pic1_mask=0xb8 first_irq_ticks=0 install_ticks=0 vector_at_install=0x00839fa0 pic1_mask_live=0x38 kbd_8042_stat=0x34 bios_kbd_head=0x002a bios_kbd_tail=0x002a bios_kbd_buf0=0x2064
[11:29:33] [info] dirty-rect block @flip=400: total_calls=0 dirty_rects_avg=1 dirty_pct_x10=1000 forced_full=0 first_n_force=0 threshold_exceeded=0 dirty_path_taken=0 full_flush_taken=0
[11:29:33] [info] prev-frame-diff block @flip=400: diff_calls=0 diff_rects_avg=0 diff_dirty_pct_x10=0 bbox_pct_x10=0 bbox_thresh_exceeded=0
[11:29:33] [info] flip-probe: flip #410 ok=true present=4ms inter_flip_ms=41 drawcalls-since-flip=15 drawcalls-total=25242 fail-total=0 null-skips-total=0
[11:29:34] [info] flip-probe: flip #420 ok=true present=4ms inter_flip_ms=41 drawcalls-since-flip=15 drawcalls-total=25392 fail-total=0 null-skips-total=0
[11:29:34] [info] flip-probe: flip #430 ok=true present=4ms inter_flip_ms=45 drawcalls-since-flip=4 drawcalls-total=27757 fail-total=0 null-skips-total=0
[11:29:34] [info]  >> Entering stage 17: 'Yamashita Farm'.
[11:29:34] [info] [skip-sheet-flush] cave=4
[11:29:35] [info] [load-stage] preloading entry music song=13 (cave=4)
[11:29:35] [info] opl3 backend: on_song_stop
[11:29:35] [info] MidiScheduler::load: parsed 'data/orgmid2/plant.mid' = 6246 events at 48 PPQ
[11:29:35] [info] opl3 backend: on_song_start
[11:29:35] [info] gameloop: entered (curmap=17, running=1)
[11:29:35] [info] gameloop: iter 1 ticks=52663 mapno=-1
[11:29:35] [info] mds-clear-lut: rebuilt N=240 entries (k_skip=33% k_keep=67%; curmap=17 map_size=40x16; rebuild #2 since boot)
[11:29:35] [info] gameloop: iter 2 ticks=52893 mapno=-1
[11:29:35] [info] tas: stall frame 229 ms -> contributing 1 tick (patch 0286)
[11:29:35] [info] gameloop: iter 3 ticks=52983 mapno=-1
[11:29:36] [info] flip-probe: flip #440 ok=true present=4ms inter_flip_ms=54 drawcalls-since-flip=132 drawcalls-total=30953 fail-total=0 null-skips-total=0
[11:29:36] [info] flip-probe: flip #450 ok=true present=4ms inter_flip_ms=58 drawcalls-since-flip=141 drawcalls-total=32315 fail-total=0 null-skips-total=0
[11:29:37] [info] flip-probe: flip #460 ok=true present=4ms inter_flip_ms=62 drawcalls-since-flip=143 drawcalls-total=33719 fail-total=0 null-skips-total=0
[11:29:37] [info] backdrop cache: thrashing-detect engaged (streak=4, route=direct)
[11:29:38] [info] flip-probe: flip #470 ok=true present=4ms inter_flip_ms=59 drawcalls-since-flip=129 drawcalls-total=35074 fail-total=0 null-skips-total=0
[11:29:38] [info] flip-probe: flip #480 ok=true present=5ms inter_flip_ms=60 drawcalls-since-flip=131 drawcalls-total=36367 fail-total=0 null-skips-total=0
[11:29:39] [info] flip-probe: flip #490 ok=true present=4ms inter_flip_ms=65 drawcalls-since-flip=141 drawcalls-total=37746 fail-total=0 null-skips-total=0
[11:29:40] [info] flip-probe: flip #500 ok=true present=4ms inter_flip_ms=63 drawcalls-since-flip=141 drawcalls-total=39155 fail-total=0 null-skips-total=0
[11:29:40] [info] alpha audit block 0: 13055 total drawcalls, 0 with alpha<255 (block pct_x10=0; global 0/35702 pct_x10=0); alpha-mod skipped: block=0 global=0
[11:29:40] [info] fastpath audit block 0: taken=13055 (idx8=13055) skipped=0 pct_x10=1000; global taken=35702 (idx8=35702) skipped=0 pct_x10=1000
[11:29:40] [info] primitive tally block 0: clear=201(hr=201) fill=0(hr=0) rect=0(hr=0) line=0(hr=0) tint=0 spotlight=0 (over 100 flips ending at flip 500)
[11:29:40] [info] color/alpha audit block 0: cmod_white=910 cmod_black=910 (idx=910) cmod_general=0 (idx=0) cmod_fb=0; alpha_taken=0 alpha_skipped=0 (global cmod=4012/2470/693/0 idx=2470/693 alpha=0/0)
[11:29:40] [info] phase timing block 0: drawcalls=15109 dc_total_ms=1520 flip_inner_total_ms=566 inter_flip_total_ms=7020 (per-flip avg x10: dc_ms=152 fi_ms=56 if_ms=702 derived audio+engine_ms=494; per-drawcall avg us_x10=1006) [direct-vesa: presents=100 total_ms=403 avg_ms_x10=40 failed=0] [ablation: NO_DC_TIMING=0 CACHE_WINSURF=0 DIRECT_VESA=1]
[11:29:40] [info] kbd/audio block 0: kbd_irq=0 kbd_drain=0 ring_chunks=16 pump_pass=976 pic1_mask=0xb8 first_irq_ticks=0 install_ticks=0 vector_at_install=0x00839fa0 pic1_mask_live=0x38 kbd_8042_stat=0x34 bios_kbd_head=0x002a bios_kbd_tail=0x002a bios_kbd_buf0=0x2064
[11:29:40] [info] dirty-rect block @flip=500: total_calls=0 dirty_rects_avg=1 dirty_pct_x10=1000 forced_full=0 first_n_force=0 threshold_exceeded=0 dirty_path_taken=0 full_flush_taken=0
[11:29:40] [info] prev-frame-diff block @flip=500: diff_calls=0 diff_rects_avg=0 diff_dirty_pct_x10=0 bbox_pct_x10=0 bbox_thresh_exceeded=0
[11:29:40] [info] flip-probe: flip #510 ok=true present=4ms inter_flip_ms=62 drawcalls-since-flip=132 drawcalls-total=40505 fail-total=0 null-skips-total=0
[11:29:41] [info] flip-probe: flip #520 ok=true present=5ms inter_flip_ms=61 drawcalls-since-flip=121 drawcalls-total=41766 fail-total=0 null-skips-total=0
[11:29:41] [info] backdrop cache: thrashing-detect engaged (streak=64, route=direct)
[11:29:42] [info] flip-probe: flip #530 ok=true present=5ms inter_flip_ms=58 drawcalls-since-flip=132 drawcalls-total=43081 fail-total=0 null-skips-total=0
[11:29:42] [info] flip-probe: flip #540 ok=true present=4ms inter_flip_ms=61 drawcalls-since-flip=128 drawcalls-total=44362 fail-total=0 null-skips-total=0
[11:29:43] [info] flip-probe: flip #550 ok=true present=4ms inter_flip_ms=63 drawcalls-since-flip=124 drawcalls-total=45613 fail-total=0 null-skips-total=0
[11:29:43] [info] flip-probe: flip #560 ok=true present=4ms inter_flip_ms=63 drawcalls-since-flip=116 drawcalls-total=46721 fail-total=0 null-skips-total=0
[11:29:44] [info] flip-probe: flip #570 ok=true present=4ms inter_flip_ms=58 drawcalls-since-flip=111 drawcalls-total=47877 fail-total=0 null-skips-total=0
[11:29:45] [info] flip-probe: flip #580 ok=true present=4ms inter_flip_ms=59 drawcalls-since-flip=112 drawcalls-total=48988 fail-total=0 null-skips-total=0
[11:29:45] [info] backdrop cache: thrashing-detect engaged (streak=124, route=direct)
[11:29:45] [info] flip-probe: flip #590 ok=true present=4ms inter_flip_ms=58 drawcalls-since-flip=108 drawcalls-total=50102 fail-total=0 null-skips-total=0
[11:29:46] [info] flip-probe: flip #600 ok=true present=4ms inter_flip_ms=60 drawcalls-since-flip=111 drawcalls-total=51185 fail-total=0 null-skips-total=0
[11:29:46] [info] alpha audit block 0: 11280 total drawcalls, 0 with alpha<255 (block pct_x10=0; global 0/46982 pct_x10=0); alpha-mod skipped: block=0 global=0
[11:29:46] [info] fastpath audit block 0: taken=11280 (idx8=11280) skipped=0 pct_x10=1000; global taken=46982 (idx8=46982) skipped=0 pct_x10=1000
[11:29:46] [info] primitive tally block 0: clear=200(hr=200) fill=0(hr=0) rect=0(hr=0) line=0(hr=0) tint=0 spotlight=0 (over 100 flips ending at flip 600)
[11:29:46] [info] color/alpha audit block 0: cmod_white=650 cmod_black=650 (idx=650) cmod_general=0 (idx=0) cmod_fb=0; alpha_taken=0 alpha_skipped=0 (global cmod=4662/3120/693/0 idx=3120/693 alpha=0/0)
[11:29:46] [info] phase timing block 0: drawcalls=12780 dc_total_ms=1020 flip_inner_total_ms=575 inter_flip_total_ms=6263 (per-flip avg x10: dc_ms=102 fi_ms=57 if_ms=626 derived audio+engine_ms=467; per-drawcall avg us_x10=798) [direct-vesa: presents=100 total_ms=405 avg_ms_x10=40 failed=0] [ablation: NO_DC_TIMING=0 CACHE_WINSURF=0 DIRECT_VESA=1]
[11:29:46] [info] kbd/audio block 0: kbd_irq=0 kbd_drain=0 ring_chunks=16 pump_pass=1290 pic1_mask=0xb8 first_irq_ticks=0 install_ticks=0 vector_at_install=0x00839fa0 pic1_mask_live=0x38 kbd_8042_stat=0x34 bios_kbd_head=0x002a bios_kbd_tail=0x002a bios_kbd_buf0=0x2064
[11:29:46] [info] dirty-rect block @flip=600: total_calls=0 dirty_rects_avg=1 dirty_pct_x10=1000 forced_full=0 first_n_force=0 threshold_exceeded=0 dirty_path_taken=0 full_flush_taken=0
[11:29:46] [info] prev-frame-diff block @flip=600: diff_calls=0 diff_rects_avg=0 diff_dirty_pct_x10=0 bbox_pct_x10=0 bbox_thresh_exceeded=0
[11:29:47] [info] flip-probe: flip #610 ok=true present=4ms inter_flip_ms=58 drawcalls-since-flip=112 drawcalls-total=52308 fail-total=0 null-skips-total=0
[11:29:47] [info] flip-probe: flip #620 ok=true present=4ms inter_flip_ms=59 drawcalls-since-flip=111 drawcalls-total=53426 fail-total=0 null-skips-total=0
[11:29:48] [info] flip-probe: flip #630 ok=true present=4ms inter_flip_ms=59 drawcalls-since-flip=117 drawcalls-total=54547 fail-total=0 null-skips-total=0
[11:29:48] [info] flip-probe: flip #640 ok=true present=4ms inter_flip_ms=58 drawcalls-since-flip=116 drawcalls-total=55724 fail-total=0 null-skips-total=0
[11:29:49] [info] flip-probe: flip #650 ok=true present=4ms inter_flip_ms=58 drawcalls-since-flip=117 drawcalls-total=56874 fail-total=0 null-skips-total=0
[11:29:50] [info] flip-probe: flip #660 ok=true present=4ms inter_flip_ms=60 drawcalls-since-flip=121 drawcalls-total=58050 fail-total=0 null-skips-total=0
[11:29:50] [info] flip-probe: flip #670 ok=true present=4ms inter_flip_ms=87 drawcalls-since-flip=406 drawcalls-total=60126 fail-total=0 null-skips-total=0
[11:29:51] [info]  >> Entering stage 11: 'Mimiga Village'.
[11:29:51] [info] [skip-sheet-flush] cave=5
[11:29:51] [info] [load-stage] preloading entry music song=9 (cave=5)
[11:29:51] [info] opl3 backend: on_song_stop
[11:29:51] [info] MidiScheduler::load: parsed 'data/orgmid2/mura.mid' = 7123 events at 48 PPQ
[11:29:51] [info] opl3 backend: on_song_start
[11:29:51] [info] gameloop: entered (curmap=11, running=1)
[11:29:51] [info] gameloop: iter 1 ticks=69078 mapno=-1
[11:29:51] [info] mds-clear-lut: rebuilt N=240 entries (k_skip=0% k_keep=100%; curmap=11 map_size=60x60; rebuild #3 since boot)
[11:29:51] [info] gameloop: iter 2 ticks=69172 mapno=-1
[11:29:51] [info] gameloop: iter 3 ticks=69272 mapno=-1
[11:29:52] [info] backdrop cache: thrashing-detect engaged (streak=4, route=direct)
[11:29:52] [info] flip-probe: flip #680 ok=true present=4ms inter_flip_ms=68 drawcalls-since-flip=225 drawcalls-total=63339 fail-total=0 null-skips-total=0
[11:29:52] [info] flip-probe: flip #690 ok=true present=4ms inter_flip_ms=44 drawcalls-since-flip=41 drawcalls-total=64005 fail-total=0 null-skips-total=0
[11:29:53] [info] flip-probe: flip #700 ok=true present=4ms inter_flip_ms=41 drawcalls-since-flip=41 drawcalls-total=64415 fail-total=0 null-skips-total=0
[11:29:53] [info] alpha audit block 0: 12792 total drawcalls, 0 with alpha<255 (block pct_x10=0; global 0/59774 pct_x10=0); alpha-mod skipped: block=0 global=0
[11:29:53] [info] fastpath audit block 0: taken=12792 (idx8=12792) skipped=0 pct_x10=1000; global taken=59774 (idx8=59774) skipped=0 pct_x10=1000
[11:29:53] [info] primitive tally block 0: clear=201(hr=201) fill=0(hr=0) rect=0(hr=0) line=0(hr=0) tint=0 spotlight=0 (over 100 flips ending at flip 700)
[11:29:53] [info] color/alpha audit block 0: cmod_white=338 cmod_black=338 (idx=338) cmod_general=0 (idx=0) cmod_fb=0; alpha_taken=0 alpha_skipped=0 (global cmod=5000/3458/693/0 idx=3458/693 alpha=0/0)
[11:29:53] [info] phase timing block 0: drawcalls=13721 dc_total_ms=1483 flip_inner_total_ms=589 inter_flip_total_ms=6876 (per-flip avg x10: dc_ms=148 fi_ms=58 if_ms=687 derived audio+engine_ms=481; per-drawcall avg us_x10=1081) [direct-vesa: presents=100 total_ms=402 avg_ms_x10=40 failed=0] [ablation: NO_DC_TIMING=0 CACHE_WINSURF=0 DIRECT_VESA=1]
[11:29:53] [info] kbd/audio block 0: kbd_irq=0 kbd_drain=0 ring_chunks=16 pump_pass=1594 pic1_mask=0xb8 first_irq_ticks=0 install_ticks=0 vector_at_install=0x00839fa0 pic1_mask_live=0x38 kbd_8042_stat=0x34 bios_kbd_head=0x002a bios_kbd_tail=0x002a bios_kbd_buf0=0x2064
[11:29:53] [info] dirty-rect block @flip=700: total_calls=0 dirty_rects_avg=1 dirty_pct_x10=1000 forced_full=0 first_n_force=0 threshold_exceeded=0 dirty_path_taken=0 full_flush_taken=0
[11:29:53] [info] prev-frame-diff block @flip=700: diff_calls=0 diff_rects_avg=0 diff_dirty_pct_x10=0 bbox_pct_x10=0 bbox_thresh_exceeded=0
[11:29:53] [info] flip-probe: flip #710 ok=true present=5ms inter_flip_ms=44 drawcalls-since-flip=41 drawcalls-total=64825 fail-total=0 null-skips-total=0
[11:29:54] [info] flip-probe: flip #720 ok=true present=4ms inter_flip_ms=43 drawcalls-since-flip=41 drawcalls-total=65237 fail-total=0 null-skips-total=0
[11:29:54] [info] flip-probe: flip #730 ok=true present=4ms inter_flip_ms=44 drawcalls-since-flip=41 drawcalls-total=65653 fail-total=0 null-skips-total=0
[11:29:54] [info] backdrop cache: thrashing-detect engaged (streak=64, route=direct)
[11:29:55] [info] flip-probe: flip #740 ok=true present=4ms inter_flip_ms=44 drawcalls-since-flip=41 drawcalls-total=66065 fail-total=0 null-skips-total=0
[11:29:55] [info] flip-probe: flip #750 ok=true present=4ms inter_flip_ms=44 drawcalls-since-flip=42 drawcalls-total=66485 fail-total=0 null-skips-total=0
[11:29:56] [info] flip-probe: flip #760 ok=true present=4ms inter_flip_ms=44 drawcalls-since-flip=42 drawcalls-total=66911 fail-total=0 null-skips-total=0
[11:29:56] [info] flip-probe: flip #770 ok=true present=5ms inter_flip_ms=44 drawcalls-since-flip=42 drawcalls-total=67331 fail-total=0 null-skips-total=0
[11:29:56] [info] flip-probe: flip #780 ok=true present=4ms inter_flip_ms=44 drawcalls-since-flip=43 drawcalls-total=67752 fail-total=0 null-skips-total=0
[11:29:57] [info] run_tick_fixed #1800: heartbeat (loop alive)
[11:29:57] [info] flip-probe: flip #790 ok=true present=4ms inter_flip_ms=51 drawcalls-since-flip=44 drawcalls-total=68184 fail-total=0 null-skips-total=0
[11:29:57] [info] backdrop cache: thrashing-detect engaged (streak=124, route=direct)
[11:29:57] [info] flip-probe: flip #800 ok=true present=5ms inter_flip_ms=41 drawcalls-since-flip=18 drawcalls-total=68468 fail-total=0 null-skips-total=0
[11:29:57] [info] alpha audit block 0: 2731 total drawcalls, 0 with alpha<255 (block pct_x10=0; global 0/62505 pct_x10=0); alpha-mod skipped: block=0 global=0
[11:29:57] [info] fastpath audit block 0: taken=2731 (idx8=2731) skipped=0 pct_x10=1000; global taken=62505 (idx8=62505) skipped=0 pct_x10=1000
[11:29:57] [info] primitive tally block 0: clear=200(hr=200) fill=0(hr=0) rect=0(hr=0) line=0(hr=0) tint=0 spotlight=0 (over 100 flips ending at flip 800)
[11:29:57] [info] color/alpha audit block 0: cmod_white=1222 cmod_black=1222 (idx=1222) cmod_general=0 (idx=0) cmod_fb=0; alpha_taken=0 alpha_skipped=0 (global cmod=6222/4680/693/0 idx=4680/693 alpha=0/0)
[11:29:57] [info] phase timing block 0: drawcalls=5375 dc_total_ms=765 flip_inner_total_ms=574 inter_flip_total_ms=4617 (per-flip avg x10: dc_ms=76 fi_ms=57 if_ms=461 derived audio+engine_ms=328; per-drawcall avg us_x10=1423) [direct-vesa: presents=100 total_ms=402 avg_ms_x10=40 failed=0] [ablation: NO_DC_TIMING=0 CACHE_WINSURF=0 DIRECT_VESA=1]
[11:29:57] [info] kbd/audio block 0: kbd_irq=0 kbd_drain=0 ring_chunks=16 pump_pass=1825 pic1_mask=0xb8 first_irq_ticks=0 install_ticks=0 vector_at_install=0x00839fa0 pic1_mask_live=0x38 kbd_8042_stat=0x34 bios_kbd_head=0x002a bios_kbd_tail=0x002a bios_kbd_buf0=0x2064
[11:29:57] [info] dirty-rect block @flip=800: total_calls=0 dirty_rects_avg=1 dirty_pct_x10=1000 forced_full=0 first_n_force=0 threshold_exceeded=0 dirty_path_taken=0 full_flush_taken=0
[11:29:57] [info] prev-frame-diff block @flip=800: diff_calls=0 diff_rects_avg=0 diff_dirty_pct_x10=0 bbox_pct_x10=0 bbox_thresh_exceeded=0
[11:29:58] [info] flip-probe: flip #810 ok=true present=4ms inter_flip_ms=39 drawcalls-since-flip=18 drawcalls-total=68648 fail-total=0 null-skips-total=0
[11:29:58] [info] flip-probe: flip #820 ok=true present=4ms inter_flip_ms=42 drawcalls-since-flip=16 drawcalls-total=68817 fail-total=0 null-skips-total=0
[11:29:59] [info] flip-probe: flip #830 ok=true present=4ms inter_flip_ms=41 drawcalls-since-flip=17 drawcalls-total=68984 fail-total=0 null-skips-total=0
[11:29:59] [info] flip-probe: flip #840 ok=true present=4ms inter_flip_ms=40 drawcalls-since-flip=16 drawcalls-total=69145 fail-total=0 null-skips-total=0
[11:29:59] [info] flip-probe: flip #850 ok=true present=5ms inter_flip_ms=39 drawcalls-since-flip=16 drawcalls-total=69305 fail-total=0 null-skips-total=0
[11:30:00] [info] backdrop cache: thrashing-detect engaged (streak=184, route=direct)
[11:30:00] [info] flip-probe: flip #860 ok=true present=4ms inter_flip_ms=39 drawcalls-since-flip=16 drawcalls-total=69465 fail-total=0 null-skips-total=0
[11:30:00] [info] flip-probe: flip #870 ok=true present=4ms inter_flip_ms=46 drawcalls-since-flip=27 drawcalls-total=69658 fail-total=0 null-skips-total=0
[11:30:01] [info] flip-probe: flip #880 ok=true present=4ms inter_flip_ms=41 drawcalls-since-flip=20 drawcalls-total=69890 fail-total=0 null-skips-total=0
[11:30:01] [info] flip-probe: flip #890 ok=true present=4ms inter_flip_ms=40 drawcalls-since-flip=20 drawcalls-total=70082 fail-total=0 null-skips-total=0
[11:30:02] [info] flip-probe: flip #900 ok=true present=4ms inter_flip_ms=40 drawcalls-since-flip=20 drawcalls-total=70273 fail-total=0 null-skips-total=0
[11:30:02] [info] alpha audit block 0: 1705 total drawcalls, 0 with alpha<255 (block pct_x10=0; global 0/64210 pct_x10=0); alpha-mod skipped: block=0 global=0
[11:30:02] [info] fastpath audit block 0: taken=1705 (idx8=1705) skipped=0 pct_x10=1000; global taken=64210 (idx8=64210) skipped=0 pct_x10=1000
[11:30:02] [info] primitive tally block 0: clear=200(hr=200) fill=0(hr=0) rect=0(hr=0) line=0(hr=0) tint=0 spotlight=0 (over 100 flips ending at flip 900)
[11:30:02] [info] phase timing block 0: drawcalls=1905 dc_total_ms=561 flip_inner_total_ms=553 inter_flip_total_ms=4255 (per-flip avg x10: dc_ms=56 fi_ms=55 if_ms=425 derived audio+engine_ms=314; per-drawcall avg us_x10=2945) [direct-vesa: presents=100 total_ms=401 avg_ms_x10=40 failed=0] [ablation: NO_DC_TIMING=0 CACHE_WINSURF=0 DIRECT_VESA=1]
[11:30:02] [info] kbd/audio block 0: kbd_irq=0 kbd_drain=0 ring_chunks=16 pump_pass=2038 pic1_mask=0xb8 first_irq_ticks=0 install_ticks=0 vector_at_install=0x00839fa0 pic1_mask_live=0x38 kbd_8042_stat=0x34 bios_kbd_head=0x002a bios_kbd_tail=0x002a bios_kbd_buf0=0x2064
[11:30:02] [info] dirty-rect block @flip=900: total_calls=0 dirty_rects_avg=1 dirty_pct_x10=1000 forced_full=0 first_n_force=0 threshold_exceeded=0 dirty_path_taken=0 full_flush_taken=0
[11:30:02] [info] prev-frame-diff block @flip=900: diff_calls=0 diff_rects_avg=0 diff_dirty_pct_x10=0 bbox_pct_x10=0 bbox_thresh_exceeded=0
[11:30:02] [info]  >> Entering stage 15: 'Reservoir'.
[11:30:02] [info] [skip-sheet-flush] cave=6
[11:30:03] [info] [load-stage] preloading entry music song=9 (cave=6)
[11:30:03] [info] gameloop: entered (curmap=15, running=1)
[11:30:03] [info] gameloop: iter 1 ticks=80594 mapno=-1
[11:30:03] [info] mds-clear-lut: rebuilt N=240 entries (k_skip=13% k_keep=87%; curmap=15 map_size=40x20; rebuild #4 since boot)
[11:30:03] [info] flip-probe: flip #910 ok=true present=4ms inter_flip_ms=626 drawcalls-since-flip=336 drawcalls-total=72724 fail-total=0 null-skips-total=0
[11:30:03] [info] gameloop: iter 2 ticks=80695 mapno=-1
[11:30:03] [info] gameloop: iter 3 ticks=80779 mapno=-1
[11:30:04] [info] flip-probe: flip #920 ok=true present=4ms inter_flip_ms=39 drawcalls-since-flip=36 drawcalls-total=74839 fail-total=0 null-skips-total=0
[11:30:04] [info] flip-probe: flip #930 ok=true present=4ms inter_flip_ms=38 drawcalls-since-flip=32 drawcalls-total=75159 fail-total=0 null-skips-total=0
[11:30:04] [info] flip-probe: flip #940 ok=true present=6ms inter_flip_ms=36 drawcalls-since-flip=32 drawcalls-total=75479 fail-total=0 null-skips-total=0
[11:30:05] [info] flip-probe: flip #950 ok=true present=4ms inter_flip_ms=49 drawcalls-since-flip=34 drawcalls-total=75801 fail-total=0 null-skips-total=0
[11:30:05] [info] backdrop cache: thrashing-detect engaged (streak=4, route=direct)
[11:30:05] [info] flip-probe: flip #960 ok=true present=5ms inter_flip_ms=41 drawcalls-since-flip=35 drawcalls-total=76148 fail-total=0 null-skips-total=0
[11:30:06] [info] flip-probe: flip #970 ok=true present=4ms inter_flip_ms=43 drawcalls-since-flip=32 drawcalls-total=76478 fail-total=0 null-skips-total=0
[11:30:06] [info] flip-probe: flip #980 ok=true present=4ms inter_flip_ms=41 drawcalls-since-flip=33 drawcalls-total=76805 fail-total=0 null-skips-total=0
[11:30:07] [info] flip-probe: flip #990 ok=true present=4ms inter_flip_ms=41 drawcalls-since-flip=34 drawcalls-total=77132 fail-total=0 null-skips-total=0
[11:30:07] [info] tas: stall frame 209 ms -> contributing 1 tick (patch 0286)
[11:30:07] [info] flip-probe: flip #1000 ok=true present=5ms inter_flip_ms=49 drawcalls-since-flip=36 drawcalls-total=77482 fail-total=0 null-skips-total=0
[11:30:07] [info] alpha audit block 0: 6290 total drawcalls, 0 with alpha<255 (block pct_x10=0; global 0/70500 pct_x10=0); alpha-mod skipped: block=0 global=0
[11:30:07] [info] fastpath audit block 0: taken=6290 (idx8=6290) skipped=0 pct_x10=1000; global taken=70500 (idx8=70500) skipped=0 pct_x10=1000
[11:30:07] [info] primitive tally block 0: clear=201(hr=201) fill=0(hr=0) rect=0(hr=0) line=0(hr=0) tint=0 spotlight=0 (over 100 flips ending at flip 1000)
[11:30:07] [info] color/alpha audit block 0: cmod_white=819 cmod_black=819 (idx=819) cmod_general=0 (idx=0) cmod_fb=0; alpha_taken=0 alpha_skipped=0 (global cmod=7041/5499/693/0 idx=5499/693 alpha=0/0)
[11:30:07] [info] phase timing block 0: drawcalls=8170 dc_total_ms=1226 flip_inner_total_ms=583 inter_flip_total_ms=5488 (per-flip avg x10: dc_ms=122 fi_ms=58 if_ms=548 derived audio+engine_ms=368; per-drawcall avg us_x10=1501) [direct-vesa: presents=100 total_ms=405 avg_ms_x10=40 failed=0] [ablation: NO_DC_TIMING=0 CACHE_WINSURF=0 DIRECT_VESA=1]
[11:30:07] [info] kbd/audio block 0: kbd_irq=0 kbd_drain=0 ring_chunks=16 pump_pass=2275 pic1_mask=0xb8 first_irq_ticks=0 install_ticks=0 vector_at_install=0x00839fa0 pic1_mask_live=0x38 kbd_8042_stat=0x34 bios_kbd_head=0x002a bios_kbd_tail=0x002a bios_kbd_buf0=0x2064
[11:30:07] [info] dirty-rect block @flip=1000: total_calls=0 dirty_rects_avg=1 dirty_pct_x10=1000 forced_full=0 first_n_force=0 threshold_exceeded=0 dirty_path_taken=0 full_flush_taken=0
[11:30:07] [info] prev-frame-diff block @flip=1000: diff_calls=0 diff_rects_avg=0 diff_dirty_pct_x10=0 bbox_pct_x10=0 bbox_thresh_exceeded=0
[11:30:08] [info] flip-probe: flip #1010 ok=true present=4ms inter_flip_ms=41 drawcalls-since-flip=38 drawcalls-total=77855 fail-total=0 null-skips-total=0
[11:30:08] [info] backdrop cache: thrashing-detect engaged (streak=64, route=direct)
[11:30:08] [info] flip-probe: flip #1020 ok=true present=4ms inter_flip_ms=41 drawcalls-since-flip=36 drawcalls-total=78218 fail-total=0 null-skips-total=0
[11:30:08] [info] flip-probe: flip #1030 ok=true present=4ms inter_flip_ms=42 drawcalls-since-flip=18 drawcalls-total=78562 fail-total=0 null-skips-total=0
[11:30:09] [info] flip-probe: flip #1040 ok=true present=4ms inter_flip_ms=39 drawcalls-since-flip=18 drawcalls-total=78742 fail-total=0 null-skips-total=0
[11:30:09] [info] flip-probe: flip #1050 ok=true present=4ms inter_flip_ms=39 drawcalls-since-flip=17 drawcalls-total=78916 fail-total=0 null-skips-total=0
[11:30:10] [info] flip-probe: flip #1060 ok=true present=4ms inter_flip_ms=41 drawcalls-since-flip=17 drawcalls-total=79081 fail-total=0 null-skips-total=0
[11:30:10] [info] flip-probe: flip #1070 ok=true present=4ms inter_flip_ms=37 drawcalls-since-flip=16 drawcalls-total=79241 fail-total=0 null-skips-total=0
[11:30:10] [info] backdrop cache: thrashing-detect engaged (streak=124, route=direct)
[11:30:10] [info] flip-probe: flip #1080 ok=true present=4ms inter_flip_ms=40 drawcalls-since-flip=17 drawcalls-total=79404 fail-total=0 null-skips-total=0
[11:30:11] [info] flip-probe: flip #1090 ok=true present=4ms inter_flip_ms=39 drawcalls-since-flip=15 drawcalls-total=79560 fail-total=0 null-skips-total=0
[11:30:11] [info] flip-probe: flip #1100 ok=true present=4ms inter_flip_ms=37 drawcalls-since-flip=16 drawcalls-total=79718 fail-total=0 null-skips-total=0
[11:30:11] [info] alpha audit block 0: 1875 total drawcalls, 0 with alpha<255 (block pct_x10=0; global 0/72375 pct_x10=0); alpha-mod skipped: block=0 global=0
[11:30:11] [info] fastpath audit block 0: taken=1875 (idx8=1875) skipped=0 pct_x10=1000; global taken=72375 (idx8=72375) skipped=0 pct_x10=1000
[11:30:11] [info] primitive tally block 0: clear=200(hr=200) fill=0(hr=0) rect=0(hr=0) line=0(hr=0) tint=0 spotlight=0 (over 100 flips ending at flip 1100)
[11:30:11] [info] color/alpha audit block 0: cmod_white=261 cmod_black=261 (idx=261) cmod_general=0 (idx=0) cmod_fb=0; alpha_taken=0 alpha_skipped=0 (global cmod=7302/5760/693/0 idx=5760/693 alpha=0/0)
[11:30:11] [info] phase timing block 0: drawcalls=2607 dc_total_ms=613 flip_inner_total_ms=565 inter_flip_total_ms=4174 (per-flip avg x10: dc_ms=61 fi_ms=56 if_ms=417 derived audio+engine_ms=300; per-drawcall avg us_x10=2351) [direct-vesa: presents=100 total_ms=400 avg_ms_x10=40 failed=0] [ablation: NO_DC_TIMING=0 CACHE_WINSURF=0 DIRECT_VESA=1]
[11:30:11] [info] kbd/audio block 0: kbd_irq=0 kbd_drain=0 ring_chunks=16 pump_pass=2484 pic1_mask=0xb8 first_irq_ticks=0 install_ticks=0 vector_at_install=0x00839fa0 pic1_mask_live=0x38 kbd_8042_stat=0x34 bios_kbd_head=0x002a bios_kbd_tail=0x002a bios_kbd_buf0=0x2064
[11:30:11] [info] dirty-rect block @flip=1100: total_calls=0 dirty_rects_avg=1 dirty_pct_x10=1000 forced_full=0 first_n_force=0 threshold_exceeded=0 dirty_path_taken=0 full_flush_taken=0
[11:30:11] [info] prev-frame-diff block @flip=1100: diff_calls=0 diff_rects_avg=0 diff_dirty_pct_x10=0 bbox_pct_x10=0 bbox_thresh_exceeded=0
[11:30:12] [info] flip-probe: flip #1110 ok=true present=4ms inter_flip_ms=45 drawcalls-since-flip=15 drawcalls-total=79868 fail-total=0 null-skips-total=0
[11:30:12] [info] backdrop cache: thrashing-detect engaged (streak=4, route=direct)
[11:30:12] [info] flip-probe: flip #1120 ok=true present=5ms inter_flip_ms=39 drawcalls-since-flip=14 drawcalls-total=80014 fail-total=0 null-skips-total=0
[11:30:13] [info] flip-probe: flip #1130 ok=true present=4ms inter_flip_ms=37 drawcalls-since-flip=14 drawcalls-total=80154 fail-total=0 null-skips-total=0
[11:30:13] [info] flip-probe: flip #1140 ok=true present=4ms inter_flip_ms=39 drawcalls-since-flip=14 drawcalls-total=80294 fail-total=0 null-skips-total=0
[11:30:13] [info] flip-probe: flip #1150 ok=true present=4ms inter_flip_ms=38 drawcalls-since-flip=14 drawcalls-total=80434 fail-total=0 null-skips-total=0
[11:30:14] [info] flip-probe: flip #1160 ok=true present=4ms inter_flip_ms=37 drawcalls-since-flip=14 drawcalls-total=80574 fail-total=0 null-skips-total=0
[11:30:14] [info] flip-probe: flip #1170 ok=true present=5ms inter_flip_ms=36 drawcalls-since-flip=14 drawcalls-total=80714 fail-total=0 null-skips-total=0
[11:30:14] [info] backdrop cache: thrashing-detect engaged (streak=64, route=direct)
[11:30:14] [info] flip-probe: flip #1180 ok=true present=4ms inter_flip_ms=37 drawcalls-since-flip=14 drawcalls-total=80854 fail-total=0 null-skips-total=0
[11:30:15] [info] flip-probe: flip #1190 ok=true present=5ms inter_flip_ms=37 drawcalls-since-flip=14 drawcalls-total=80994 fail-total=0 null-skips-total=0
[11:30:15] [info] flip-probe: flip #1200 ok=true present=4ms inter_flip_ms=38 drawcalls-since-flip=14 drawcalls-total=81134 fail-total=0 null-skips-total=0
[11:30:15] [info] alpha audit block 0: 1316 total drawcalls, 0 with alpha<255 (block pct_x10=0; global 0/73691 pct_x10=0); alpha-mod skipped: block=0 global=0
[11:30:15] [info] fastpath audit block 0: taken=1316 (idx8=1316) skipped=0 pct_x10=1000; global taken=73691 (idx8=73691) skipped=0 pct_x10=1000
[11:30:15] [info] primitive tally block 0: clear=200(hr=200) fill=0(hr=0) rect=0(hr=0) line=0(hr=0) tint=0 spotlight=0 (over 100 flips ending at flip 1200)
[11:30:15] [info] phase timing block 0: drawcalls=1532 dc_total_ms=568 flip_inner_total_ms=565 inter_flip_total_ms=3992 (per-flip avg x10: dc_ms=56 fi_ms=56 if_ms=399 derived audio+engine_ms=287; per-drawcall avg us_x10=3707) [direct-vesa: presents=100 total_ms=405 avg_ms_x10=40 failed=0] [ablation: NO_DC_TIMING=0 CACHE_WINSURF=0 DIRECT_VESA=1]
[11:30:15] [info] kbd/audio block 0: kbd_irq=0 kbd_drain=0 ring_chunks=16 pump_pass=2683 pic1_mask=0xb8 first_irq_ticks=0 install_ticks=0 vector_at_install=0x00839fa0 pic1_mask_live=0x38 kbd_8042_stat=0x34 bios_kbd_head=0x002a bios_kbd_tail=0x002a bios_kbd_buf0=0x2064
[11:30:15] [info] dirty-rect block @flip=1200: total_calls=0 dirty_rects_avg=1 dirty_pct_x10=1000 forced_full=0 first_n_force=0 threshold_exceeded=0 dirty_path_taken=0 full_flush_taken=0
[11:30:15] [info] prev-frame-diff block @flip=1200: diff_calls=0 diff_rects_avg=0 diff_dirty_pct_x10=0 bbox_pct_x10=0 bbox_thresh_exceeded=0
[11:30:16] [info] flip-probe: flip #1210 ok=true present=4ms inter_flip_ms=49 drawcalls-since-flip=123 drawcalls-total=81383 fail-total=0 null-skips-total=0
[11:30:16] [info]  >> Entering stage 11: 'Mimiga Village'.
[11:30:16] [info] [skip-sheet-flush] cave=7
[11:30:17] [info] [load-stage] preloading entry music song=9 (cave=7)
[11:30:17] [info] gameloop: entered (curmap=11, running=1)
[11:30:17] [info] gameloop: iter 1 ticks=94678 mapno=-1
[11:30:17] [info] mds-clear-lut: rebuilt N=240 entries (k_skip=0% k_keep=100%; curmap=11 map_size=60x60; rebuild #5 since boot)
[11:30:17] [info] flip-probe: flip #1220 ok=true present=4ms inter_flip_ms=685 drawcalls-since-flip=331 drawcalls-total=83886 fail-total=0 null-skips-total=0
[11:30:17] [info] gameloop: iter 2 ticks=94781 mapno=-1
[11:30:17] [info] gameloop: iter 3 ticks=94870 mapno=-1
[11:30:18] [info] flip-probe: flip #1230 ok=true present=5ms inter_flip_ms=40 drawcalls-since-flip=31 drawcalls-total=85876 fail-total=0 null-skips-total=0
[11:30:18] [info] flip-probe: flip #1240 ok=true present=4ms inter_flip_ms=43 drawcalls-since-flip=42 drawcalls-total=86296 fail-total=0 null-skips-total=0
[11:30:18] [info] flip-probe: flip #1250 ok=true present=4ms inter_flip_ms=42 drawcalls-since-flip=42 drawcalls-total=86716 fail-total=0 null-skips-total=0
[11:30:19] [info] flip-probe: flip #1260 ok=true present=4ms inter_flip_ms=49 drawcalls-since-flip=53 drawcalls-total=87191 fail-total=0 null-skips-total=0
[11:30:19] [info] backdrop cache: thrashing-detect engaged (streak=4, route=direct)
[11:30:20] [info] flip-probe: flip #1270 ok=true present=4ms inter_flip_ms=47 drawcalls-since-flip=50 drawcalls-total=87707 fail-total=0 null-skips-total=0
[11:30:20] [info] flip-probe: flip #1280 ok=true present=4ms inter_flip_ms=47 drawcalls-since-flip=46 drawcalls-total=88173 fail-total=0 null-skips-total=0
[11:30:20] [info] flip-probe: flip #1290 ok=true present=4ms inter_flip_ms=44 drawcalls-since-flip=43 drawcalls-total=88616 fail-total=0 null-skips-total=0
[11:30:21] [info] flip-probe: flip #1300 ok=true present=4ms inter_flip_ms=45 drawcalls-since-flip=44 drawcalls-total=89052 fail-total=0 null-skips-total=0
[11:30:21] [info] alpha audit block 0: 6765 total drawcalls, 0 with alpha<255 (block pct_x10=0; global 0/80456 pct_x10=0); alpha-mod skipped: block=0 global=0
[11:30:21] [info] fastpath audit block 0: taken=6765 (idx8=6765) skipped=0 pct_x10=1000; global taken=80456 (idx8=80456) skipped=0 pct_x10=1000
[11:30:21] [info] primitive tally block 0: clear=201(hr=201) fill=0(hr=0) rect=0(hr=0) line=0(hr=0) tint=0 spotlight=0 (over 100 flips ending at flip 1300)
[11:30:21] [info] color/alpha audit block 0: cmod_white=1053 cmod_black=1053 (idx=1053) cmod_general=0 (idx=0) cmod_fb=0; alpha_taken=0 alpha_skipped=0 (global cmod=8355/6813/693/0 idx=6813/693 alpha=0/0)
[11:30:21] [info] phase timing block 0: drawcalls=9119 dc_total_ms=1332 flip_inner_total_ms=568 inter_flip_total_ms=5641 (per-flip avg x10: dc_ms=133 fi_ms=56 if_ms=564 derived audio+engine_ms=375; per-drawcall avg us_x10=1461) [direct-vesa: presents=100 total_ms=401 avg_ms_x10=40 failed=0] [ablation: NO_DC_TIMING=0 CACHE_WINSURF=0 DIRECT_VESA=1]
[11:30:21] [info] kbd/audio block 0: kbd_irq=0 kbd_drain=0 ring_chunks=16 pump_pass=2934 pic1_mask=0xb8 first_irq_ticks=0 install_ticks=0 vector_at_install=0x00839fa0 pic1_mask_live=0x38 kbd_8042_stat=0x34 bios_kbd_head=0x002a bios_kbd_tail=0x002a bios_kbd_buf0=0x2064
[11:30:21] [info] dirty-rect block @flip=1300: total_calls=0 dirty_rects_avg=1 dirty_pct_x10=1000 forced_full=0 first_n_force=0 threshold_exceeded=0 dirty_path_taken=0 full_flush_taken=0
[11:30:21] [info] prev-frame-diff block @flip=1300: diff_calls=0 diff_rects_avg=0 diff_dirty_pct_x10=0 bbox_pct_x10=0 bbox_thresh_exceeded=0
[11:30:21] [info] flip-probe: flip #1310 ok=true present=4ms inter_flip_ms=45 drawcalls-since-flip=46 drawcalls-total=89501 fail-total=0 null-skips-total=0
[11:30:22] [info] flip-probe: flip #1320 ok=true present=4ms inter_flip_ms=44 drawcalls-since-flip=45 drawcalls-total=89953 fail-total=0 null-skips-total=0
[11:30:22] [info] backdrop cache: thrashing-detect engaged (streak=64, route=direct)
[11:30:22] [info] flip-probe: flip #1330 ok=true present=4ms inter_flip_ms=46 drawcalls-since-flip=45 drawcalls-total=90403 fail-total=0 null-skips-total=0
[11:30:23] [info] flip-probe: flip #1340 ok=true present=5ms inter_flip_ms=39 drawcalls-since-flip=19 drawcalls-total=90827 fail-total=0 null-skips-total=0
[11:30:23] [info] flip-probe: flip #1350 ok=true present=5ms inter_flip_ms=40 drawcalls-since-flip=19 drawcalls-total=91017 fail-total=0 null-skips-total=0
[11:30:24] [info] flip-probe: flip #1360 ok=true present=4ms inter_flip_ms=41 drawcalls-since-flip=18 drawcalls-total=91201 fail-total=0 null-skips-total=0
[11:30:24] [info] flip-probe: flip #1370 ok=true present=4ms inter_flip_ms=41 drawcalls-since-flip=18 drawcalls-total=91381 fail-total=0 null-skips-total=0
[11:30:24] [info] flip-probe: flip #1380 ok=true present=5ms inter_flip_ms=41 drawcalls-since-flip=17 drawcalls-total=91555 fail-total=0 null-skips-total=0
[11:30:25] [info] backdrop cache: thrashing-detect engaged (streak=124, route=direct)
[11:30:25] [info] flip-probe: flip #1390 ok=true present=4ms inter_flip_ms=40 drawcalls-since-flip=18 drawcalls-total=91726 fail-total=0 null-skips-total=0
[11:30:25] [info] flip-probe: flip #1400 ok=true present=5ms inter_flip_ms=41 drawcalls-since-flip=19 drawcalls-total=91910 fail-total=0 null-skips-total=0
[11:30:25] [info] alpha audit block 0: 2251 total drawcalls, 0 with alpha<255 (block pct_x10=0; global 0/82707 pct_x10=0); alpha-mod skipped: block=0 global=0
[11:30:25] [info] fastpath audit block 0: taken=2251 (idx8=2251) skipped=0 pct_x10=1000; global taken=82707 (idx8=82707) skipped=0 pct_x10=1000
[11:30:25] [info] primitive tally block 0: clear=200(hr=200) fill=0(hr=0) rect=0(hr=0) line=0(hr=0) tint=0 spotlight=0 (over 100 flips ending at flip 1400)
[11:30:25] [info] color/alpha audit block 0: cmod_white=507 cmod_black=507 (idx=507) cmod_general=0 (idx=0) cmod_fb=0; alpha_taken=0 alpha_skipped=0 (global cmod=8862/7320/693/0 idx=7320/693 alpha=0/0)
[11:30:25] [info] phase timing block 0: drawcalls=3465 dc_total_ms=646 flip_inner_total_ms=565 inter_flip_total_ms=4425 (per-flip avg x10: dc_ms=64 fi_ms=56 if_ms=442 derived audio+engine_ms=322; per-drawcall avg us_x10=1866) [direct-vesa: presents=100 total_ms=404 avg_ms_x10=40 failed=0] [ablation: NO_DC_TIMING=0 CACHE_WINSURF=0 DIRECT_VESA=1]
[11:30:25] [info] kbd/audio block 0: kbd_irq=0 kbd_drain=0 ring_chunks=16 pump_pass=3155 pic1_mask=0xb8 first_irq_ticks=0 install_ticks=0 vector_at_install=0x00839fa0 pic1_mask_live=0x38 kbd_8042_stat=0x34 bios_kbd_head=0x002a bios_kbd_tail=0x002a bios_kbd_buf0=0x2064
[11:30:25] [info] dirty-rect block @flip=1400: total_calls=0 dirty_rects_avg=1 dirty_pct_x10=1000 forced_full=0 first_n_force=0 threshold_exceeded=0 dirty_path_taken=0 full_flush_taken=0
[11:30:25] [info] prev-frame-diff block @flip=1400: diff_calls=0 diff_rects_avg=0 diff_dirty_pct_x10=0 bbox_pct_x10=0 bbox_thresh_exceeded=0
[11:30:26] [info] flip-probe: flip #1410 ok=true present=4ms inter_flip_ms=39 drawcalls-since-flip=19 drawcalls-total=92100 fail-total=0 null-skips-total=0
[11:30:26] [info] flip-probe: flip #1420 ok=true present=4ms inter_flip_ms=41 drawcalls-since-flip=19 drawcalls-total=92290 fail-total=0 null-skips-total=0
[11:30:27] [info] flip-probe: flip #1430 ok=true present=4ms inter_flip_ms=41 drawcalls-since-flip=18 drawcalls-total=92471 fail-total=0 null-skips-total=0
[11:30:27] [info] flip-probe: flip #1440 ok=true present=4ms inter_flip_ms=41 drawcalls-since-flip=17 drawcalls-total=92642 fail-total=0 null-skips-total=0
[11:30:27] [info] backdrop cache: thrashing-detect engaged (streak=184, route=direct)
[11:30:28] [info] flip-probe: flip #1450 ok=true present=4ms inter_flip_ms=41 drawcalls-since-flip=18 drawcalls-total=92822 fail-total=0 null-skips-total=0
[11:30:28] [info] flip-probe: flip #1460 ok=true present=4ms inter_flip_ms=42 drawcalls-since-flip=19 drawcalls-total=93007 fail-total=0 null-skips-total=0
[11:30:28] [info] flip-probe: flip #1470 ok=true present=4ms inter_flip_ms=44 drawcalls-since-flip=19 drawcalls-total=93197 fail-total=0 null-skips-total=0
[11:30:29] [info] flip-probe: flip #1480 ok=true present=4ms inter_flip_ms=41 drawcalls-since-flip=19 drawcalls-total=93387 fail-total=0 null-skips-total=0
[11:30:29] [info] flip-probe: flip #1490 ok=true present=4ms inter_flip_ms=41 drawcalls-since-flip=20 drawcalls-total=93586 fail-total=0 null-skips-total=0
[11:30:30] [info] flip-probe: flip #1500 ok=true present=4ms inter_flip_ms=40 drawcalls-since-flip=20 drawcalls-total=93786 fail-total=0 null-skips-total=0
[11:30:30] [info] alpha audit block 0: 1776 total drawcalls, 0 with alpha<255 (block pct_x10=0; global 0/84483 pct_x10=0); alpha-mod skipped: block=0 global=0
[11:30:30] [info] fastpath audit block 0: taken=1776 (idx8=1776) skipped=0 pct_x10=1000; global taken=84483 (idx8=84483) skipped=0 pct_x10=1000
[11:30:30] [info] primitive tally block 0: clear=200(hr=200) fill=0(hr=0) rect=0(hr=0) line=0(hr=0) tint=0 spotlight=0 (over 100 flips ending at flip 1500)
[11:30:30] [info] phase timing block 0: drawcalls=1976 dc_total_ms=564 flip_inner_total_ms=557 inter_flip_total_ms=4326 (per-flip avg x10: dc_ms=56 fi_ms=55 if_ms=432 derived audio+engine_ms=321; per-drawcall avg us_x10=2854) [direct-vesa: presents=100 total_ms=402 avg_ms_x10=40 failed=0] [ablation: NO_DC_TIMING=0 CACHE_WINSURF=0 DIRECT_VESA=1]
[11:30:30] [info] kbd/audio block 0: kbd_irq=0 kbd_drain=0 ring_chunks=16 pump_pass=3371 pic1_mask=0xb8 first_irq_ticks=0 install_ticks=0 vector_at_install=0x00839fa0 pic1_mask_live=0x38 kbd_8042_stat=0x34 bios_kbd_head=0x002a bios_kbd_tail=0x002a bios_kbd_buf0=0x2064
[11:30:30] [info] dirty-rect block @flip=1500: total_calls=0 dirty_rects_avg=1 dirty_pct_x10=1000 forced_full=0 first_n_force=0 threshold_exceeded=0 dirty_path_taken=0 full_flush_taken=0
[11:30:30] [info] prev-frame-diff block @flip=1500: diff_calls=0 diff_rects_avg=0 diff_dirty_pct_x10=0 bbox_pct_x10=0 bbox_thresh_exceeded=0
[11:30:30] [info] backdrop cache: thrashing-detect engaged (streak=244, route=direct)
[11:30:30] [info] flip-probe: flip #1510 ok=true present=4ms inter_flip_ms=44 drawcalls-since-flip=20 drawcalls-total=93986 fail-total=0 null-skips-total=0
[11:30:31] [info] flip-probe: flip #1520 ok=true present=4ms inter_flip_ms=40 drawcalls-since-flip=17 drawcalls-total=94156 fail-total=0 null-skips-total=0
[11:30:31] [info] flip-probe: flip #1530 ok=true present=5ms inter_flip_ms=39 drawcalls-since-flip=17 drawcalls-total=94326 fail-total=0 null-skips-total=0
[11:30:31] [info] flip-probe: flip #1540 ok=true present=4ms inter_flip_ms=42 drawcalls-since-flip=18 drawcalls-total=94501 fail-total=0 null-skips-total=0
[11:30:32] [info] flip-probe: flip #1550 ok=true present=4ms inter_flip_ms=40 drawcalls-since-flip=18 drawcalls-total=94683 fail-total=0 null-skips-total=0
[11:30:32] [info] flip-probe: flip #1560 ok=true present=5ms inter_flip_ms=43 drawcalls-since-flip=16 drawcalls-total=94852 fail-total=0 null-skips-total=0
[11:30:33] [info] backdrop cache: thrashing-detect engaged (streak=304, route=direct)
[11:30:33] [info] flip-probe: flip #1570 ok=true present=4ms inter_flip_ms=42 drawcalls-since-flip=17 drawcalls-total=95014 fail-total=0 null-skips-total=0
[11:30:33] [info] flip-probe: flip #1580 ok=true present=4ms inter_flip_ms=46 drawcalls-since-flip=19 drawcalls-total=95192 fail-total=0 null-skips-total=0
[11:30:34] [info] flip-probe: flip #1590 ok=true present=4ms inter_flip_ms=42 drawcalls-since-flip=22 drawcalls-total=95394 fail-total=0 null-skips-total=0
[11:30:34] [info] flip-probe: flip #1600 ok=true present=4ms inter_flip_ms=43 drawcalls-since-flip=18 drawcalls-total=95581 fail-total=0 null-skips-total=0
[11:30:34] [info] alpha audit block 0: 1695 total drawcalls, 0 with alpha<255 (block pct_x10=0; global 0/86178 pct_x10=0); alpha-mod skipped: block=0 global=0
[11:30:34] [info] fastpath audit block 0: taken=1695 (idx8=1695) skipped=0 pct_x10=1000; global taken=86178 (idx8=86178) skipped=0 pct_x10=1000
[11:30:34] [info] primitive tally block 0: clear=200(hr=200) fill=0(hr=0) rect=0(hr=0) line=0(hr=0) tint=0 spotlight=0 (over 100 flips ending at flip 1600)
[11:30:34] [info] phase timing block 0: drawcalls=1895 dc_total_ms=568 flip_inner_total_ms=559 inter_flip_total_ms=4365 (per-flip avg x10: dc_ms=56 fi_ms=55 if_ms=436 derived audio+engine_ms=325; per-drawcall avg us_x10=2997) [direct-vesa: presents=100 total_ms=403 avg_ms_x10=40 failed=0] [ablation: NO_DC_TIMING=0 CACHE_WINSURF=0 DIRECT_VESA=1]
[11:30:34] [info] kbd/audio block 0: kbd_irq=0 kbd_drain=0 ring_chunks=16 pump_pass=3590 pic1_mask=0xb8 first_irq_ticks=0 install_ticks=0 vector_at_install=0x00839fa0 pic1_mask_live=0x38 kbd_8042_stat=0x34 bios_kbd_head=0x002a bios_kbd_tail=0x002a bios_kbd_buf0=0x2064
[11:30:34] [info] dirty-rect block @flip=1600: total_calls=0 dirty_rects_avg=1 dirty_pct_x10=1000 forced_full=0 first_n_force=0 threshold_exceeded=0 dirty_path_taken=0 full_flush_taken=0
[11:30:34] [info] prev-frame-diff block @flip=1600: diff_calls=0 diff_rects_avg=0 diff_dirty_pct_x10=0 bbox_pct_x10=0 bbox_thresh_exceeded=0
[11:30:35] [info] flip-probe: flip #1610 ok=true present=4ms inter_flip_ms=86 drawcalls-since-flip=359 drawcalls-total=97966 fail-total=0 null-skips-total=0
[11:30:35] [info]  >> Entering stage 19: 'Assembly Hall'.
[11:30:35] [info] [skip-sheet-flush] cave=8
[11:30:35] [info] [load-stage] preloading entry music song=9 (cave=8)
[11:30:36] [info] gameloop: entered (curmap=19, running=1)
[11:30:36] [info] gameloop: iter 1 ticks=113388 mapno=-1
[11:30:36] [info] mds-clear-lut: rebuilt N=240 entries (k_skip=100% k_keep=0%; curmap=19 map_size=21x16; rebuild #6 since boot)
[11:30:36] [info] gameloop: iter 2 ticks=113492 mapno=-1
[11:30:36] [info] gameloop: iter 3 ticks=113586 mapno=-1
[11:30:36] [info] flip-probe: flip #1620 ok=true present=4ms inter_flip_ms=43 drawcalls-since-flip=115 drawcalls-total=101028 fail-total=0 null-skips-total=0
[11:30:37] [info] flip-probe: flip #1630 ok=true present=5ms inter_flip_ms=45 drawcalls-since-flip=122 drawcalls-total=102226 fail-total=0 null-skips-total=0
[11:30:37] [info] flip-probe: flip #1640 ok=true present=4ms inter_flip_ms=43 drawcalls-since-flip=122 drawcalls-total=103446 fail-total=0 null-skips-total=0
[11:30:38] [info] flip-probe: flip #1650 ok=true present=5ms inter_flip_ms=45 drawcalls-since-flip=124 drawcalls-total=104674 fail-total=0 null-skips-total=0
[11:30:38] [info] flip-probe: flip #1660 ok=true present=4ms inter_flip_ms=43 drawcalls-since-flip=122 drawcalls-total=105911 fail-total=0 null-skips-total=0
[11:30:38] [info] flip-probe: flip #1670 ok=true present=4ms inter_flip_ms=44 drawcalls-since-flip=123 drawcalls-total=107143 fail-total=0 null-skips-total=0
[11:30:39] [info] flip-probe: flip #1680 ok=true present=4ms inter_flip_ms=43 drawcalls-since-flip=122 drawcalls-total=108364 fail-total=0 null-skips-total=0
[11:30:39] [info] flip-probe: flip #1690 ok=true present=5ms inter_flip_ms=42 drawcalls-since-flip=122 drawcalls-total=109584 fail-total=0 null-skips-total=0
[11:30:40] [info] flip-probe: flip #1700 ok=true present=4ms inter_flip_ms=46 drawcalls-since-flip=122 drawcalls-total=110804 fail-total=0 null-skips-total=0
[11:30:40] [info] alpha audit block 0: 14055 total drawcalls, 0 with alpha<255 (block pct_x10=0; global 0/100233 pct_x10=0); alpha-mod skipped: block=0 global=0
[11:30:40] [info] fastpath audit block 0: taken=14055 (idx8=14055) skipped=0 pct_x10=1000; global taken=100233 (idx8=100233) skipped=0 pct_x10=1000
[11:30:40] [info] primitive tally block 0: clear=201(hr=201) fill=0(hr=0) rect=0(hr=0) line=0(hr=0) tint=0 spotlight=0 (over 100 flips ending at flip 1700)
[11:30:40] [info] color/alpha audit block 0: cmod_white=1068 cmod_black=1068 (idx=1068) cmod_general=0 (idx=0) cmod_fb=0; alpha_taken=0 alpha_skipped=0 (global cmod=9930/8388/693/0 idx=8388/693 alpha=0/0)
[11:30:40] [info] phase timing block 0: drawcalls=16481 dc_total_ms=1695 flip_inner_total_ms=567 inter_flip_total_ms=5822 (per-flip avg x10: dc_ms=169 fi_ms=56 if_ms=582 derived audio+engine_ms=357; per-drawcall avg us_x10=1028) [direct-vesa: presents=100 total_ms=406 avg_ms_x10=40 failed=0] [ablation: NO_DC_TIMING=0 CACHE_WINSURF=0 DIRECT_VESA=1]
[11:30:40] [info] kbd/audio block 0: kbd_irq=0 kbd_drain=0 ring_chunks=16 pump_pass=3840 pic1_mask=0xb8 first_irq_ticks=0 install_ticks=0 vector_at_install=0x00839fa0 pic1_mask_live=0x38 kbd_8042_stat=0x34 bios_kbd_head=0x002a bios_kbd_tail=0x002a bios_kbd_buf0=0x2064
[11:30:40] [info] dirty-rect block @flip=1700: total_calls=0 dirty_rects_avg=1 dirty_pct_x10=1000 forced_full=0 first_n_force=0 threshold_exceeded=0 dirty_path_taken=0 full_flush_taken=0
[11:30:40] [info] prev-frame-diff block @flip=1700: diff_calls=0 diff_rects_avg=0 diff_dirty_pct_x10=0 bbox_pct_x10=0 bbox_thresh_exceeded=0
[11:30:40] [info] flip-probe: flip #1710 ok=true present=6ms inter_flip_ms=65 drawcalls-since-flip=318 drawcalls-total=112368 fail-total=0 null-skips-total=0
[11:30:41] [info]  >> Entering stage 11: 'Mimiga Village'.
[11:30:41] [info] [skip-sheet-flush] cave=9
[11:30:41] [info] [load-stage] preloading entry music song=9 (cave=9)
[11:30:42] [info] gameloop: entered (curmap=11, running=1)
[11:30:42] [info] gameloop: iter 1 ticks=119468 mapno=-1
[11:30:42] [info] mds-clear-lut: rebuilt N=240 entries (k_skip=0% k_keep=100%; curmap=11 map_size=60x60; rebuild #7 since boot)
[11:30:42] [info] gameloop: iter 2 ticks=119571 mapno=-1
[11:30:42] [info] gameloop: iter 3 ticks=119676 mapno=-1
[11:30:42] [info] flip-probe: flip #1720 ok=true present=4ms inter_flip_ms=102 drawcalls-since-flip=384 drawcalls-total=116010 fail-total=0 null-skips-total=0
[11:30:42] [info] backdrop cache: thrashing-detect engaged (streak=4, route=direct)
[11:30:43] [info] flip-probe: flip #1730 ok=true present=4ms inter_flip_ms=46 drawcalls-since-flip=45 drawcalls-total=117225 fail-total=0 null-skips-total=0
[11:30:43] [info] flip-probe: flip #1740 ok=true present=5ms inter_flip_ms=46 drawcalls-since-flip=46 drawcalls-total=117683 fail-total=0 null-skips-total=0
[11:30:44] [info] flip-probe: flip #1750 ok=true present=4ms inter_flip_ms=43 drawcalls-since-flip=42 drawcalls-total=118111 fail-total=0 null-skips-total=0
[11:30:44] [info] flip-probe: flip #1760 ok=true present=4ms inter_flip_ms=45 drawcalls-since-flip=44 drawcalls-total=118543 fail-total=0 null-skips-total=0
[11:30:44] [info] flip-probe: flip #1770 ok=true present=4ms inter_flip_ms=45 drawcalls-since-flip=44 drawcalls-total=118985 fail-total=0 null-skips-total=0
[11:30:45] [info] flip-probe: flip #1780 ok=true present=4ms inter_flip_ms=43 drawcalls-since-flip=43 drawcalls-total=119416 fail-total=0 null-skips-total=0
[11:30:45] [info] backdrop cache: thrashing-detect engaged (streak=64, route=direct)
[11:30:45] [info] flip-probe: flip #1790 ok=true present=4ms inter_flip_ms=45 drawcalls-since-flip=45 drawcalls-total=119870 fail-total=0 null-skips-total=0
[11:30:46] [info] flip-probe: flip #1800 ok=true present=4ms inter_flip_ms=42 drawcalls-since-flip=44 drawcalls-total=120317 fail-total=0 null-skips-total=0
[11:30:46] [info] alpha audit block 0: 8130 total drawcalls, 0 with alpha<255 (block pct_x10=0; global 0/108363 pct_x10=0); alpha-mod skipped: block=0 global=0
[11:30:46] [info] fastpath audit block 0: taken=8130 (idx8=8130) skipped=0 pct_x10=1000; global taken=108363 (idx8=108363) skipped=0 pct_x10=1000
[11:30:46] [info] primitive tally block 0: clear=202(hr=202) fill=0(hr=0) rect=0(hr=0) line=0(hr=0) tint=0 spotlight=0 (over 100 flips ending at flip 1800)
[11:30:46] [info] color/alpha audit block 0: cmod_white=1283 cmod_black=1283 (idx=1283) cmod_general=0 (idx=0) cmod_fb=0; alpha_taken=0 alpha_skipped=0 (global cmod=11213/9671/693/0 idx=9671/693 alpha=0/0)
[11:30:46] [info] phase timing block 0: drawcalls=10918 dc_total_ms=1256 flip_inner_total_ms=607 inter_flip_total_ms=6026 (per-flip avg x10: dc_ms=125 fi_ms=60 if_ms=602 derived audio+engine_ms=417; per-drawcall avg us_x10=1150) [direct-vesa: presents=100 total_ms=404 avg_ms_x10=40 failed=0] [ablation: NO_DC_TIMING=0 CACHE_WINSURF=0 DIRECT_VESA=1]
[11:30:46] [info] kbd/audio block 0: kbd_irq=0 kbd_drain=0 ring_chunks=16 pump_pass=4100 pic1_mask=0xb8 first_irq_ticks=0 install_ticks=0 vector_at_install=0x00839fa0 pic1_mask_live=0x38 kbd_8042_stat=0x34 bios_kbd_head=0x002a bios_kbd_tail=0x002a bios_kbd_buf0=0x2064
[11:30:46] [info] dirty-rect block @flip=1800: total_calls=0 dirty_rects_avg=1 dirty_pct_x10=1000 forced_full=0 first_n_force=0 threshold_exceeded=0 dirty_path_taken=0 full_flush_taken=0
[11:30:46] [info] prev-frame-diff block @flip=1800: diff_calls=0 diff_rects_avg=0 diff_dirty_pct_x10=0 bbox_pct_x10=0 bbox_thresh_exceeded=0
[11:30:46] [info] flip-probe: flip #1810 ok=true present=4ms inter_flip_ms=45 drawcalls-since-flip=44 drawcalls-total=120757 fail-total=0 null-skips-total=0
[11:30:47] [info] flip-probe: flip #1820 ok=true present=4ms inter_flip_ms=46 drawcalls-since-flip=43 drawcalls-total=121192 fail-total=0 null-skips-total=0
[11:30:47] [info] flip-probe: flip #1830 ok=true present=4ms inter_flip_ms=45 drawcalls-since-flip=43 drawcalls-total=121622 fail-total=0 null-skips-total=0
[11:30:48] [info] flip-probe: flip #1840 ok=true present=4ms inter_flip_ms=42 drawcalls-since-flip=18 drawcalls-total=121977 fail-total=0 null-skips-total=0
[11:30:48] [info] backdrop cache: thrashing-detect engaged (streak=124, route=direct)
[11:30:48] [info] run_tick_fixed #4200: heartbeat (loop alive)
[11:30:48] [info] flip-probe: flip #1850 ok=true present=5ms inter_flip_ms=41 drawcalls-since-flip=18 drawcalls-total=122157 fail-total=0 null-skips-total=0
[11:30:49] [info] flip-probe: flip #1860 ok=true present=4ms inter_flip_ms=41 drawcalls-since-flip=19 drawcalls-total=122345 fail-total=0 null-skips-total=0
[11:30:49] [info] flip-probe: flip #1870 ok=true present=4ms inter_flip_ms=41 drawcalls-since-flip=16 drawcalls-total=122522 fail-total=0 null-skips-total=0
[11:30:50] [info] flip-probe: flip #1880 ok=true present=4ms inter_flip_ms=41 drawcalls-since-flip=15 drawcalls-total=122674 fail-total=0 null-skips-total=0
[11:30:50] [info] flip-probe: flip #1890 ok=true present=4ms inter_flip_ms=79 drawcalls-since-flip=332 drawcalls-total=123605 fail-total=0 null-skips-total=0
[11:30:50] [info]  >> Entering stage 14: 'Shack'.
[11:30:50] [info] [skip-sheet-flush] cave=10
[11:30:51] [info] [load-stage] preloading entry music song=8 (cave=10)
[11:30:51] [info] opl3 backend: on_song_stop
[11:30:51] [info] MidiScheduler::load: parsed 'data/orgmid2/vivi.mid' = 11188 events at 48 PPQ
[11:30:51] [info] opl3 backend: on_song_start
[11:30:51] [info] gameloop: entered (curmap=14, running=1)
[11:30:51] [info] gameloop: iter 1 ticks=129107 mapno=-1
[11:30:51] [info] gameloop: iter 2 ticks=129185 mapno=-1
[11:30:51] [info] gameloop: iter 3 ticks=129266 mapno=-1
[11:30:52] [info] flip-probe: flip #1900 ok=true present=5ms inter_flip_ms=74 drawcalls-since-flip=361 drawcalls-total=126854 fail-total=0 null-skips-total=0
[11:30:52] [info] alpha audit block 0: 5936 total drawcalls, 0 with alpha<255 (block pct_x10=0; global 0/114299 pct_x10=0); alpha-mod skipped: block=0 global=0
[11:30:52] [info] fastpath audit block 0: taken=5936 (idx8=5936) skipped=0 pct_x10=1000; global taken=114299 (idx8=114299) skipped=0 pct_x10=1000
[11:30:52] [info] primitive tally block 0: clear=201(hr=201) fill=0(hr=0) rect=0(hr=0) line=0(hr=0) tint=0 spotlight=0 (over 100 flips ending at flip 1900)
[11:30:52] [info] color/alpha audit block 0: cmod_white=506 cmod_black=506 (idx=506) cmod_general=0 (idx=0) cmod_fb=0; alpha_taken=0 alpha_skipped=0 (global cmod=11719/10177/693/0 idx=10177/693 alpha=0/0)
[11:30:52] [info] phase timing block 0: drawcalls=7149 dc_total_ms=983 flip_inner_total_ms=563 inter_flip_total_ms=5836 (per-flip avg x10: dc_ms=98 fi_ms=56 if_ms=583 derived audio+engine_ms=429; per-drawcall avg us_x10=1375) [direct-vesa: presents=100 total_ms=399 avg_ms_x10=39 failed=0] [ablation: NO_DC_TIMING=0 CACHE_WINSURF=0 DIRECT_VESA=1]
[11:30:52] [info] kbd/audio block 0: kbd_irq=0 kbd_drain=0 ring_chunks=16 pump_pass=4343 pic1_mask=0xb8 first_irq_ticks=0 install_ticks=0 vector_at_install=0x00839fa0 pic1_mask_live=0x38 kbd_8042_stat=0x34 bios_kbd_head=0x002a bios_kbd_tail=0x002a bios_kbd_buf0=0x2064
[11:30:52] [info] dirty-rect block @flip=1900: total_calls=0 dirty_rects_avg=1 dirty_pct_x10=1000 forced_full=0 first_n_force=0 threshold_exceeded=0 dirty_path_taken=0 full_flush_taken=0
[11:30:52] [info] prev-frame-diff block @flip=1900: diff_calls=0 diff_rects_avg=0 diff_dirty_pct_x10=0 bbox_pct_x10=0 bbox_thresh_exceeded=0
[11:30:52] [info] flip-probe: flip #1910 ok=true present=4ms inter_flip_ms=33 drawcalls-since-flip=24 drawcalls-total=127449 fail-total=0 null-skips-total=0
[11:30:52] [info] flip-probe: flip #1920 ok=true present=4ms inter_flip_ms=34 drawcalls-since-flip=24 drawcalls-total=127689 fail-total=0 null-skips-total=0
[11:30:53] [info] flip-probe: flip #1930 ok=true present=4ms inter_flip_ms=33 drawcalls-since-flip=24 drawcalls-total=127929 fail-total=0 null-skips-total=0
[11:30:53] [info] flip-probe: flip #1940 ok=true present=4ms inter_flip_ms=35 drawcalls-since-flip=26 drawcalls-total=128179 fail-total=0 null-skips-total=0
[11:30:54] [info] flip-probe: flip #1950 ok=true present=4ms inter_flip_ms=35 drawcalls-since-flip=27 drawcalls-total=128451 fail-total=0 null-skips-total=0
[11:30:54] [info] flip-probe: flip #1960 ok=true present=4ms inter_flip_ms=32 drawcalls-since-flip=24 drawcalls-total=128699 fail-total=0 null-skips-total=0
[11:30:54] [info] flip-probe: flip #1970 ok=true present=4ms inter_flip_ms=34 drawcalls-since-flip=24 drawcalls-total=128939 fail-total=0 null-skips-total=0
[11:30:55] [info] flip-probe: flip #1980 ok=true present=4ms inter_flip_ms=34 drawcalls-since-flip=24 drawcalls-total=129179 fail-total=0 null-skips-total=0
[11:30:55] [info] flip-probe: flip #1990 ok=true present=4ms inter_flip_ms=34 drawcalls-since-flip=24 drawcalls-total=129419 fail-total=0 null-skips-total=0
[11:30:55] [info] flip-probe: flip #2000 ok=true present=4ms inter_flip_ms=37 drawcalls-since-flip=24 drawcalls-total=129659 fail-total=0 null-skips-total=0
[11:30:55] [info] alpha audit block 0: 2305 total drawcalls, 0 with alpha<255 (block pct_x10=0; global 0/116604 pct_x10=0); alpha-mod skipped: block=0 global=0
[11:30:55] [info] fastpath audit block 0: taken=2305 (idx8=2305) skipped=0 pct_x10=1000; global taken=116604 (idx8=116604) skipped=0 pct_x10=1000
[11:30:55] [info] primitive tally block 0: clear=200(hr=200) fill=0(hr=0) rect=0(hr=0) line=0(hr=0) tint=0 spotlight=0 (over 100 flips ending at flip 2000)
[11:30:55] [info] color/alpha audit block 0: cmod_white=500 cmod_black=500 (idx=500) cmod_general=0 (idx=0) cmod_fb=0; alpha_taken=0 alpha_skipped=0 (global cmod=12219/10677/693/0 idx=10677/693 alpha=0/0)
[11:30:55] [info] phase timing block 0: drawcalls=3505 dc_total_ms=642 flip_inner_total_ms=583 inter_flip_total_ms=3557 (per-flip avg x10: dc_ms=64 fi_ms=58 if_ms=355 derived audio+engine_ms=233; per-drawcall avg us_x10=1833) [direct-vesa: presents=100 total_ms=404 avg_ms_x10=40 failed=0] [ablation: NO_DC_TIMING=0 CACHE_WINSURF=0 DIRECT_VESA=1]
[11:30:55] [info] kbd/audio block 0: kbd_irq=0 kbd_drain=0 ring_chunks=16 pump_pass=4523 pic1_mask=0xb8 first_irq_ticks=0 install_ticks=0 vector_at_install=0x00839fa0 pic1_mask_live=0x38 kbd_8042_stat=0x34 bios_kbd_head=0x002a bios_kbd_tail=0x002a bios_kbd_buf0=0x2064
[11:30:55] [info] dirty-rect block @flip=2000: total_calls=0 dirty_rects_avg=1 dirty_pct_x10=1000 forced_full=0 first_n_force=0 threshold_exceeded=0 dirty_path_taken=0 full_flush_taken=0
[11:30:55] [info] prev-frame-diff block @flip=2000: diff_calls=0 diff_rects_avg=0 diff_dirty_pct_x10=0 bbox_pct_x10=0 bbox_thresh_exceeded=0
[11:30:56] [info] flip-probe: flip #2010 ok=true present=4ms inter_flip_ms=33 drawcalls-since-flip=24 drawcalls-total=129899 fail-total=0 null-skips-total=0
[11:30:56] [info] flip-probe: flip #2020 ok=true present=4ms inter_flip_ms=33 drawcalls-since-flip=14 drawcalls-total=130089 fail-total=0 null-skips-total=0
[11:30:56] [info] flip-probe: flip #2030 ok=true present=4ms inter_flip_ms=32 drawcalls-since-flip=14 drawcalls-total=130229 fail-total=0 null-skips-total=0
[11:30:57] [info] flip-probe: flip #2040 ok=true present=4ms inter_flip_ms=75 drawcalls-since-flip=355 drawcalls-total=132775 fail-total=0 null-skips-total=0
[11:30:57] [info]  >> Entering stage 11: 'Mimiga Village'.
[11:30:57] [info] [skip-sheet-flush] cave=11
[11:30:57] [info] [load-stage] preloading entry music song=9 (cave=11)
[11:30:57] [info] opl3 backend: on_song_stop
[11:30:58] [info] MidiScheduler::load: parsed 'data/orgmid2/mura.mid' = 7123 events at 48 PPQ
[11:30:58] [info] opl3 backend: on_song_start
[11:30:58] [info] gameloop: entered (curmap=11, running=1)
[11:30:58] [info] gameloop: iter 1 ticks=135514 mapno=-1
[11:30:58] [info] gameloop: iter 2 ticks=135611 mapno=-1
[11:30:58] [info] gameloop: iter 3 ticks=135706 mapno=-1
[11:30:58] [info] backdrop cache: thrashing-detect engaged (streak=4, route=direct)
[11:30:58] [info] flip-probe: flip #2050 ok=true present=4ms inter_flip_ms=45 drawcalls-since-flip=30 drawcalls-total=135008 fail-total=0 null-skips-total=0
[11:30:59] [info] flip-probe: flip #2060 ok=true present=4ms inter_flip_ms=44 drawcalls-since-flip=42 drawcalls-total=135409 fail-total=0 null-skips-total=0
[11:30:59] [info] flip-probe: flip #2070 ok=true present=4ms inter_flip_ms=45 drawcalls-since-flip=44 drawcalls-total=135841 fail-total=0 null-skips-total=0
[11:31:00] [info] flip-probe: flip #2080 ok=true present=4ms inter_flip_ms=46 drawcalls-since-flip=46 drawcalls-total=136285 fail-total=0 null-skips-total=0
[11:31:00] [info] flip-probe: flip #2090 ok=true present=5ms inter_flip_ms=47 drawcalls-since-flip=46 drawcalls-total=136754 fail-total=0 null-skips-total=0
[11:31:01] [info] flip-probe: flip #2100 ok=true present=4ms inter_flip_ms=42 drawcalls-since-flip=43 drawcalls-total=137188 fail-total=0 null-skips-total=0
[11:31:01] [info] alpha audit block 0: 6628 total drawcalls, 0 with alpha<255 (block pct_x10=0; global 0/123232 pct_x10=0); alpha-mod skipped: block=0 global=0
[11:31:01] [info] fastpath audit block 0: taken=6628 (idx8=6628) skipped=0 pct_x10=1000; global taken=123232 (idx8=123232) skipped=0 pct_x10=1000
[11:31:01] [info] primitive tally block 0: clear=201(hr=201) fill=0(hr=0) rect=0(hr=0) line=0(hr=0) tint=0 spotlight=0 (over 100 flips ending at flip 2100)
[11:31:01] [info] color/alpha audit block 0: cmod_white=842 cmod_black=842 (idx=842) cmod_general=0 (idx=0) cmod_fb=0; alpha_taken=0 alpha_skipped=0 (global cmod=13061/11519/693/0 idx=11519/693 alpha=0/0)
[11:31:01] [info] phase timing block 0: drawcalls=8518 dc_total_ms=1086 flip_inner_total_ms=561 inter_flip_total_ms=5466 (per-flip avg x10: dc_ms=108 fi_ms=56 if_ms=546 derived audio+engine_ms=382; per-drawcall avg us_x10=1275) [direct-vesa: presents=100 total_ms=402 avg_ms_x10=40 failed=0] [ablation: NO_DC_TIMING=0 CACHE_WINSURF=0 DIRECT_VESA=1]
[11:31:01] [info] kbd/audio block 0: kbd_irq=0 kbd_drain=0 ring_chunks=16 pump_pass=4757 pic1_mask=0xb8 first_irq_ticks=0 install_ticks=0 vector_at_install=0x00839fa0 pic1_mask_live=0x38 kbd_8042_stat=0x34 bios_kbd_head=0x002a bios_kbd_tail=0x002a bios_kbd_buf0=0x2064
[11:31:01] [info] dirty-rect block @flip=2100: total_calls=0 dirty_rects_avg=1 dirty_pct_x10=1000 forced_full=0 first_n_force=0 threshold_exceeded=0 dirty_path_taken=0 full_flush_taken=0
[11:31:01] [info] prev-frame-diff block @flip=2100: diff_calls=0 diff_rects_avg=0 diff_dirty_pct_x10=0 bbox_pct_x10=0 bbox_thresh_exceeded=0
[11:31:01] [info] backdrop cache: thrashing-detect engaged (streak=64, route=direct)
[11:31:01] [info] flip-probe: flip #2110 ok=true present=5ms inter_flip_ms=44 drawcalls-since-flip=46 drawcalls-total=137623 fail-total=0 null-skips-total=0
[11:31:02] [info] run_tick_fixed #4800: heartbeat (loop alive)
[11:31:02] [info] flip-probe: flip #2120 ok=true present=4ms inter_flip_ms=46 drawcalls-since-flip=45 drawcalls-total=138081 fail-total=0 null-skips-total=0
[11:31:02] [info] flip-probe: flip #2130 ok=true present=4ms inter_flip_ms=44 drawcalls-since-flip=45 drawcalls-total=138531 fail-total=0 null-skips-total=0
[11:31:03] [info] flip-probe: flip #2140 ok=true present=6ms inter_flip_ms=44 drawcalls-since-flip=46 drawcalls-total=138983 fail-total=0 null-skips-total=0
[11:31:03] [info] flip-probe: flip #2150 ok=true present=4ms inter_flip_ms=44 drawcalls-since-flip=46 drawcalls-total=139448 fail-total=0 null-skips-total=0
[11:31:03] [info] backdrop cache: thrashing-detect engaged (streak=4, route=direct)
[11:31:04] [info] flip-probe: flip #2160 ok=true present=4ms inter_flip_ms=44 drawcalls-since-flip=44 drawcalls-total=139897 fail-total=0 null-skips-total=0
[11:31:04] [info] flip-probe: flip #2170 ok=true present=5ms inter_flip_ms=41 drawcalls-since-flip=18 drawcalls-total=140103 fail-total=0 null-skips-total=0
[11:31:04] [info] backdrop cache: thrashing-detect engaged (streak=4, route=direct)
[11:31:04] [info] flip-probe: flip #2180 ok=true present=4ms inter_flip_ms=49 drawcalls-since-flip=19 drawcalls-total=140291 fail-total=0 null-skips-total=0
[11:31:05] [info] flip-probe: flip #2190 ok=true present=4ms inter_flip_ms=41 drawcalls-since-flip=21 drawcalls-total=140491 fail-total=0 null-skips-total=0
[11:31:05] [info] flip-probe: flip #2200 ok=true present=4ms inter_flip_ms=41 drawcalls-since-flip=20 drawcalls-total=140698 fail-total=0 null-skips-total=0
[11:31:05] [info] alpha audit block 0: 2617 total drawcalls, 0 with alpha<255 (block pct_x10=0; global 0/125849 pct_x10=0); alpha-mod skipped: block=0 global=0
[11:31:05] [info] fastpath audit block 0: taken=2617 (idx8=2617) skipped=0 pct_x10=1000; global taken=125849 (idx8=125849) skipped=0 pct_x10=1000
[11:31:05] [info] primitive tally block 0: clear=200(hr=200) fill=0(hr=0) rect=0(hr=0) line=0(hr=0) tint=0 spotlight=0 (over 100 flips ending at flip 2200)
[11:31:05] [info] color/alpha audit block 0: cmod_white=793 cmod_black=793 (idx=793) cmod_general=0 (idx=0) cmod_fb=0; alpha_taken=0 alpha_skipped=0 (global cmod=13854/12312/693/0 idx=12312/693 alpha=0/0)
[11:31:05] [info] phase timing block 0: drawcalls=4411 dc_total_ms=748 flip_inner_total_ms=577 inter_flip_total_ms=4593 (per-flip avg x10: dc_ms=74 fi_ms=57 if_ms=459 derived audio+engine_ms=328; per-drawcall avg us_x10=1697) [direct-vesa: presents=100 total_ms=406 avg_ms_x10=40 failed=0] [ablation: NO_DC_TIMING=0 CACHE_WINSURF=0 DIRECT_VESA=1]
[11:31:05] [info] kbd/audio block 0: kbd_irq=0 kbd_drain=0 ring_chunks=16 pump_pass=4987 pic1_mask=0xb8 first_irq_ticks=0 install_ticks=0 vector_at_install=0x00839fa0 pic1_mask_live=0x38 kbd_8042_stat=0x34 bios_kbd_head=0x002a bios_kbd_tail=0x002a bios_kbd_buf0=0x2064
[11:31:05] [info] dirty-rect block @flip=2200: total_calls=0 dirty_rects_avg=1 dirty_pct_x10=1000 forced_full=0 first_n_force=0 threshold_exceeded=0 dirty_path_taken=0 full_flush_taken=0
[11:31:05] [info] prev-frame-diff block @flip=2200: diff_calls=0 diff_rects_avg=0 diff_dirty_pct_x10=0 bbox_pct_x10=0 bbox_thresh_exceeded=0
[11:31:06] [info] flip-probe: flip #2210 ok=true present=4ms inter_flip_ms=39 drawcalls-since-flip=19 drawcalls-total=140890 fail-total=0 null-skips-total=0
[11:31:06] [info] flip-probe: flip #2220 ok=true present=4ms inter_flip_ms=41 drawcalls-since-flip=19 drawcalls-total=141080 fail-total=0 null-skips-total=0
[11:31:07] [info] flip-probe: flip #2230 ok=true present=4ms inter_flip_ms=42 drawcalls-since-flip=19 drawcalls-total=141270 fail-total=0 null-skips-total=0
[11:31:07] [info] backdrop cache: thrashing-detect engaged (streak=64, route=direct)
[11:31:07] [info] flip-probe: flip #2240 ok=true present=4ms inter_flip_ms=48 drawcalls-since-flip=19 drawcalls-total=141460 fail-total=0 null-skips-total=0
[11:31:08] [info] flip-probe: flip #2250 ok=true present=4ms inter_flip_ms=41 drawcalls-since-flip=19 drawcalls-total=141650 fail-total=0 null-skips-total=0
[11:31:08] [info] flip-probe: flip #2260 ok=true present=4ms inter_flip_ms=44 drawcalls-since-flip=60 drawcalls-total=142127 fail-total=0 null-skips-total=0
[11:31:08] [info] flip-probe: flip #2270 ok=true present=5ms inter_flip_ms=43 drawcalls-since-flip=60 drawcalls-total=142727 fail-total=0 null-skips-total=0
[11:31:09] [info] flip-probe: flip #2280 ok=true present=4ms inter_flip_ms=44 drawcalls-since-flip=60 drawcalls-total=143327 fail-total=0 null-skips-total=0
[11:31:09] [info] tas: end-of-replay auto-exit at tick 5140 (recording exhausted; set DOSKUTSU_TAS_REPLAY_HOLD=1 to disable + observe steady-state past recording end)
[11:31:09] [info] Script engine shutdown.
[11:31:09] [info] opl3 backend: on_song_stop
[11:31:09] [info] opl3 backend: cleared reg 0xBD chip-wide latch (wub-wub mitigation per flush-instr WAVE-46 H6)
[11:31:09] [info] opl3 backend shutdown (all 18 voices KEY-OFF unconditionally; OPL2 mode restored; chip state safe for next process)
[11:31:10] [info] Sound system shutdown
[11:31:10] [info] Renderer::Close()
[11:31:10] [info] tas: replay file closed
[11:31:10] [info] [fps-true] flips=2287 render_s=144 fps_mean=15.8 (clock-independent: flips / seconds since the FIRST flip; use THIS for the fps matrix, not inter_flip medians, which are invalid in any cell running the PIT/IRQ-0 music pump)
[RUNMANIFEST-BEGIN]
schema_version=1
environment=realhw
binary_sha12=f8d446b4b0e0
wave_tag=6C4C
scene=
env_block_sha=7361c4cfb0f5
started_utc=2026-08-11T11:28:31Z
duration_s=159
exit_code=0
fps_p50=NA
fps_p95=NA
audio_vital_status=NA
regime=NA
banner_required_hit=0
banner_required_total=0
banner_forbidden_hit=0
banner_optional_hit=0
critical_count=0
warn_count=0
[RUNMANIFEST-END]
[11:31:10] [info] [runmanifest-emit] schema=v1 env=realhw sha12=f8d446b4b0e0 dur=159s tag='6C4C' scene='' env_sha=7361c4cfb0f5 (signals=0x4)
