Logger::init: wave-53 log level=INFO path='LOGS/6C4V.LOG'
[11:20:13] [info] config: loaded DOSKUTSU.CFG (3 keys)
[11:20:13] [info] tas: PRNG seed forced to 12345 via DOSKUTSU_TAS_PRNG_SEED
[11:20:13] [info] tas: auto-exit armed at tick 30000 via DOSKUTSU_TAS_AUTO_EXIT_TICK
[11:20:13] [info] tas: replay opened path='QA.TAS' header_seed=12345
[11:20:14] [info] data cache: DISABLED (default)
[11:20:14] [info] Joystick: skipped (default; set DOSKUTSU_USE_JOYSTICK=1 to enable -- skips SDL3-DOS gameport BIOS INT 15h polling, ~82 ms / flip on real HW)
[11:20:14] [info] Loading settings...
[11:20:14] [info] [input-bind] applied=0 invert_y=0 dos_axes=1
[11:20:14] [info] Renderer::initVideo: 8bpp mode requested via SDL_HINT_DOS_MAX_BPP=8 (wave 16); SDL3-DOS will pick the highest-bpp <= 8 mode at requested resolution
[11:20:14] [info] Renderer::initVideo: DOS resolution-label lock ENABLED (default)
[11:20:15] [info] Renderer::initVideo: using: software renderer
[11:20:17] [info] Renderer::initVideo: dirty-rect tracking ENABLED (wave 15, default ON; set SDL_HINT_DOSKUTSU_DIRTY_RECTS=0 to disable)
[11:20:17] [info] Renderer::initVideo: ablation flags: NO_DC_TIMING=0 CACHE_WINSURF=0 NO_INPUT_POLL=0 DIRECT_VESA=1
[11:20:17] [info] Renderer::initVideo: direct-VESA hot path ENABLED (default since wave 20 patch 0088; bypasses SDL_RenderPresent / SDL_UpdateWindowSurface and writes via SDL/0034's PresentFull helper; R2 mitigation handled by SDL/0034 generation counter -- no per-N-flip heartbeat needed; set SDL_HINT_DOSKUTSU_DIRECT_VESA=0 to revert)
[11:20:17] [info] Renderer::initVideo: flip-phase instrumentation DISABLED (default; set SDL_HINT_DOSKUTSU_FLIP_INSTR=1 to opt in for wave-20 Lever A diagnostic)
[11:20:17] [info] Renderer::initVideo: asm opaque-span blit lever DISABLED (default; set SDL_HINT_DOSKUTSU_ASM_BLIT=1 to opt in -- wave-51 _blit_indexed colorkey-blit lever)
[11:20:17] [info] Renderer::initVideo: blit-decomp instrumentation DISABLED (default; set SDL_HINT_DOSKUTSU_BLIT_DECOMP=1 to opt in -- wave-51 _blit_indexed sub-decomp sizing)
[11:20:17] [info] Renderer::initVideo: mds-scroll-decomp instrumentation DISABLED (default; set SDL_HINT_DOSKUTSU_MDS_DECOMP=1 to opt in -- wave-52 mode_draw_scene scrolling-block decomp)
[11:20:17] [info] Renderer::initVideo: DOSVESA pump yield: skipped (default) (per-flip explicit SDL_Delay(0) yield is always on; set SDL_HINT_DOSKUTSU_FORCE_PUMP_YIELD=1 to restore old per-pump yield)
[11:20:17] [info] Renderer::initVideo: indexed-mode (8bpp) ENABLED -- master palette + 107 per-asset remap LUTs loaded (wave 16, default ON; set SDL_HINT_DOSKUTSU_PIXEL_FORMAT_8=0 to disable)
[11:20:17] [info] Renderer::initVideo: master palette attached to window surface (format=SDL_PIXELFORMAT_INDEX8, ncolors=256)
[11:20:17] [info] Renderer::initVideo: indexed-mode smoke: idx0=(0,0,0) OK idx255=(255,0,255) OK
[11:20:17] [info] Renderer::initVideo: indexed-mode smoke: paletteRemapFor('MyChar.pbm') = present
[11:20:18] [info] Surface::loadImage palmap-diag #1: 'data/Loading.pbm' fmt=SDL_PIXELFORMAT_ABGR8888 remap=HIT -> path=truecolor
[11:20:18] [info] Renderer: prev-frame diff DISABLED (default since wave 17.6; set SDL_HINT_DOSKUTSU_PREVFRAME_DIFF=1 to opt in)
[11:20:18] [info] flip-probe: renderer=software window_ptr=8809312 colorspace=301991328 window_size=320x240 framebuffer_pixels=320x240 logical_present=320x240 mode=2
[11:20:18] [info] flip-probe: first flip ok=true present=47ms inter_flip_ms=0 drawcalls-since-flip=1 drawcalls-total=1
[11:20:18] [info] Sound system init
[11:20:18] [info] Sound system: 4-state audio enable (#31) -- music=on sfx=on (MUSIC_OFF/AUDIO_BACKEND=none -> music-off; SFX_OFF/SFX_DEVICE=none -> sfx-off; both gates are dispatch-level, the device still opens; AUDIO_OFF=1 is the device-level both-off).
[11:20:18] [info] Sound system: Tier-2 audio config (default since wave 21 patch 0093; 11025 Hz, 1 channel, buffer pinned to 256 frames). Measured savings on g2k Pentium OverDrive 83 MHz (W21A): heavy-music scenes ~+11 fps vs Tier-1 baseline (measured -10 to -15 ms/flip post-0094 audio fix; W21A's pre-fix -26.6 ms figure was inflated by stereo-vs-mono playback bug, see patch 0094). Audio quality is reduced vs Tier-1 (mono, 11025 Hz, simple-average L+R downmix) but recognizable; user accepted the trade per direction 2026-05-05. Set SDL_HINT_DOSKUTSU_AUDIO_TIER2=0 to revert to Tier-1 22050 stereo (full Cave Story 2004 audio quality; trades fps for fidelity).
[11:20:18] [info] Sound system: SDL_HINT_AUDIO_DEVICE_SAMPLE_FRAMES=256
[11:20:18] [info] Pixtone IRQ rate-divider: handed master_rate=11025 int16/s (SAMPLE_RATE=11025 x AUDIO_CHANNELS=1) to SDL for auto-RATEDIV (SDL/0074 computes shift_div from the resolved device freq).
[11:20:18] [info] Sound system: device frame-rate: requesting 11025 Hz match to master (SDL_DOSAudioSetDeviceFrameRate; SB16 opens at the engine frame rate instead of SDL's 44100 floor -- 4x less PCM/s + no resampler on the Organya/Pixtone path; killswitch SDL_HINT_DOSKUTSU_DOS_AUDIO_DEVICE_RATE_DEFAULT=0).
[11:20:18] [info] audio backend: opl3 (Phase 10 Stage 4 -- concrete OPL3 FM synthesis backend via SDL/0037+ OPL3 helpers; MidiScheduler routes music dispatch through 18 x 2-op voice allocator + small inline patch bank). SoundManager::init will probe OPL3 via Adlib timer-1 sequence + fall back to organya gracefully if the chip is absent. Pixtone SFX still active on SB16 DAC.
[11:20:18] [info] wave-13.6.1: ring_chunks=16 FORCE_PUMP_YIELD=off (set SDL_HINT_DOSKUTSU_AUDIO_RING_CHUNKS=4|8|16 to override; default 16 matches wave 13.6 behaviour)
[11:20:18] [info] MidiScheduler: MIDI source = 'orgmid2' (native-GM org2mid set; resolves to data/orgmid2/<name>.mid).
[11:20:18] [info] opl3 backend probing for OPL3 chip (Adlib timer-1 sequence)...
[11:20:18] [info] opl3 backend: opl3bank.dat loaded 128 programs from 'data/opl3bank.dat' (v1; 1536 bytes payload). Per-program GM patches now use the runtime bank; programs >= 128 fall back to 8-patch family bucket. Drum channel (MIDI ch 9) unchanged (uses PATCH_DRUM regardless of bank loading).
[11:20:18] [info] opl3 backend ready (OPL3 detected via Adlib timer-1; InitChip applied 18 x 2-op layout; voice allocator armed). Patch bank state: runtime opl3bank.dat ACTIVE (loaded_count=128; programs >= loaded_count fall back to 8-patch placeholder covering GM family categories piano/mallet/organ/guitar/strings/brass/reed/pad). Phase 10.5 path: ship a fuller community bank as data/opl3bank.dat (DOPL3v1 format; 12-byte SBI records per GM program; loader at MidiBackendOpl3 ctor).
[11:20:18] [info] opl3 backend: PATCH_ORGAN + PATCH_MALLET RR=8 (medium release; wub-wub fix per patch 0171; was RR=0 in slot 0103 placeholder -- KEY-OFF couldn't silence; H6 reg 0xBD wave-47 falsified; H1+H5/RR=0 byte-level bug root per WAVE-46/47 analysis)
[11:20:18] [info] Sound system: MidiScheduler armed with MidiBackendOpl3 (patch 0103 Phase 10 Stage 4). Music dispatch routes via SMF parser + 18 x 2-op OPL3 voice allocator + small inline patch bank (community-sourced from Apogee Sound System / AdLib SBI public-domain refs). Pixtone SFX still active on SB16 DAC.
[11:20:18] [info] Sound system: idle-pause skipped (default OFF since patch 0119; backend=opl3 would qualify but operator did not opt-in via SDL_HINT_DOSKUTSU_IDLE_PAUSE=1). DSP stays in continuous-stream mode. Re-enable for an A/B iter once SDL/0037 ForcePause non-engagement is rooted out (task #17).
[11:20:18] [warn] Music dir Ogg/ doesn't exist
[11:20:18] [warn] Music dir Ogg11/ doesn't exist
[11:20:18] [warn] Music dir Ogg17/ doesn't exist
[11:20:18] [warn] Music dir Ogg_ridic/ doesn't exist
[11:20:19] [info] Loading Sound FX...
[11:20:19] [info] [pxt-cache] init(): HIT (loaded cache; render skipped)
[11:20:28] [info] Organya init...
[11:20:29] [info] Organya init done
[11:20:41] [info] gus SFX gain [nx0259]: 70% (SDL_HINT_DOSKUTSU_GUS_SFX_GAIN; scales the GF1 SFX voice volume to balance against velocity/CC-scaled GUS music; default 70, clamp 0..150).
[11:20:41] [info] pixtone IRQ-mix: ENABLED (default; SDL backend engaged; set SDL_HINT_DOSKUTSU_PIXTONE_IRQ_MIX=0 to disable)
[11:20:41] [info] Pixtone::setVolume: L3 active -- mid-play SFX volume updates are no-op in v1 (v2 candidate: SDL_DOSPixtoneSetGain API). gain_x256=256 stored for subsequent SDL_DOSPixtoneStart calls; currently-playing L3 channels unaffected.
[11:20:41] [info] midi ISR tick: engine registered tick_isr callback (L2b active; default ON; set SDL_HINT_DOSKUTSU_MIDI_ISR_TICK=0 to disable)
[11:20:41] [info] menu slide-in fixed-timestep: ENABLED (default; slide advances at 50 Hz logic rate)
[11:20:41] [info] Reading npc.tbl...
[11:20:41] [info] Loading tilekey.dat.
[11:20:41] [info] Script engine init.
[11:20:42] [info] Entering main loop...
[11:20:42] [info] audio mid-gap pump: DISABLED (default)
[11:20:42] [info] TAS fixed-timestep guard: ENABLED (default) (patch 0280; load_stage wall-clock kept out of the FT accumulator so TAS replay advances at a true 50 Hz; set SDL_HINT_DOSKUTSU_TAS_FT_GUARD=0 to disable)
[11:20:42] [info] load_stage ring+DMA silence flush: ENABLED (default) (set SDL_HINT_DOSKUTSU_LOADSTAGE_SILENCE=0 to disable)
[11:20:42] [info] load-band audio-underrun probe: DISABLED (default) (opt-in SDL_HINT_DOSKUTSU_LOADBAND_STAT=1)
[11:20:42] [info]  >> Entering stage 72: 'u'.
[11:20:42] [info] skip sheet flush: ENABLED (default) (SFXPAUSE-012 SHIPPED FIX; sprite sheets stay resident across caves so no per-cave re-decode -> no fire-frame pause; map_flush_graphics tilemap cache still flushes; set SDL_HINT_DOSKUTSU_SKIP_SHEET_FLUSH=0 to restore the old per-cave flush)
[11:20:42] [info] [skip-sheet-flush] cave=1
[11:20:42] [info] eager action sheets: ENABLED (default) (first-fire hitch fix: pre-loads the weapon bullet + hit/muzzle/trail caret sheets at stage load so the first fire/impact does not lazy-decode mid-gameplay; set SDL_HINT_DOSKUTSU_EAGER_ACTION_SHEETS=0 to restore lazy load)
[11:20:42] [info] Surface::loadImage palmap-diag #2: 'data/Bullet.pbm' fmt=SDL_PIXELFORMAT_ABGR8888 remap=HIT -> path=truecolor
[11:20:42] [info] Surface::loadImage palmap-diag #3: 'data/Arms.pbm' fmt=SDL_PIXELFORMAT_ABGR8888 remap=HIT -> path=truecolor
[11:20:43] [info] Surface::loadImage palmap-diag #4: 'data/Caret.pbm' fmt=SDL_PIXELFORMAT_ABGR8888 remap=HIT -> path=truecolor
[11:20:43] [info] Surface::loadImage palmap-diag #5: 'data/Npc/NpcSym.pbm' fmt=SDL_PIXELFORMAT_ABGR8888 remap=HIT -> path=truecolor
[11:20:43] [info] [eager-action-sheets] cave=1 sheets=4 wall_ms=1279
[11:20:43] [info] Surface::loadImage palmap-diag #6: 'data/Stage/PrtWhite.pbm' fmt=SDL_PIXELFORMAT_ABGR8888 remap=HIT -> path=truecolor
[11:20:44] [info] load_stage: entry-music preload ENABLED (default) (set SDL_HINT_DOSKUTSU_PRELOAD_STAGE_MUSIC=0 to disable)
[11:20:44] [info] Surface::loadImage palmap-diag #7: 'data/bk0.pbm' fmt=SDL_PIXELFORMAT_ABGR8888 remap=HIT -> path=truecolor
[11:20:44] [info] gameloop: entered (curmap=72, running=1)
[11:20:44] [info] gameloop: iter 1 ticks=30676 mapno=-1
[11:20:44] [info] fixed-timestep: ENABLED (default; logic 50 Hz, decoupled from render)
[11:20:44] [info] map: BG skip-when-unchanged DISABLED (default) (set SDL_HINT_DOSKUTSU_BG_SKIP_WHEN_UNCHANGED=1 to enable; default OFF since wave-61 -- abandoned, it shipped a backdrop-black flicker and its +0.87 fps was below the noise floor)
[11:20:44] [info] map: skip-redundant-clear lever ENABLED (default since wave-53 promotion)
[11:20:44] [info] perf-mode: level=0 (faithful (default))
[11:20:44] [info] Surface::loadImage palmap-diag #8: 'data/Npc/NpcKings.pbm' fmt=SDL_PIXELFORMAT_ABGR8888 remap=HIT -> path=truecolor
[11:20:44] [info] audio tick-boundary pump: DISABLED (default)
[11:20:44] [info] gameloop: iter 2 ticks=31071 mapno=-1
[11:20:44] [info] gameloop: iter 3 ticks=31126 mapno=-1
[11:20:44] [info] direct-vesa: snapshot @gen=2 use_dosmemput=0 banked_multibank=0 pitches_match=1 vram_w=320 vram_h=240 vram_pitch=320 bpp=1 fb_size=76800 vram_phys=0x78000000 vram_ptr=0x77c00000
[11:20:45] [info] flip-probe: flip #10 ok=true present=3ms inter_flip_ms=30 drawcalls-since-flip=6 drawcalls-total=43 fail-total=0 null-skips-total=0
[11:20:45] [info] flip-probe: flip #20 ok=true present=3ms inter_flip_ms=29 drawcalls-since-flip=4 drawcalls-total=92 fail-total=0 null-skips-total=0
[11:20:46] [info] flip-probe: flip #30 ok=true present=3ms inter_flip_ms=61 drawcalls-since-flip=326 drawcalls-total=2707 fail-total=0 null-skips-total=0
[11:20:46] [info] flip-probe: flip #40 ok=true present=3ms inter_flip_ms=56 drawcalls-since-flip=264 drawcalls-total=5837 fail-total=0 null-skips-total=0
[11:20:47] [info] flip-probe: flip #50 ok=true present=3ms inter_flip_ms=35 drawcalls-since-flip=67 drawcalls-total=7392 fail-total=0 null-skips-total=0
[11:20:47] [info] flip-probe: flip #60 ok=true present=3ms inter_flip_ms=28 drawcalls-since-flip=4 drawcalls-total=7502 fail-total=0 null-skips-total=0
[11:20:47] [info] flip-probe: flip #70 ok=true present=3ms inter_flip_ms=28 drawcalls-since-flip=6 drawcalls-total=7557 fail-total=0 null-skips-total=0
[11:20:47] [info] flip-probe: flip #80 ok=true present=3ms inter_flip_ms=20 drawcalls-since-flip=0 drawcalls-total=7586 fail-total=0 null-skips-total=0
[11:20:48] [info] flip-probe: flip #90 ok=true present=3ms inter_flip_ms=20 drawcalls-since-flip=0 drawcalls-total=7586 fail-total=0 null-skips-total=0
[11:20:48] [info] title: eager-title-IO phase tag ENABLED (default) (set SDL_HINT_DOSKUTSU_EAGER_TITLE_IO=0 to disable)
[11:20:48] [warn] MidiScheduler::_refresh_isr_buffer: track has 27749 events; ISR buffer is 16384 (truncated; events after 16384 will not dispatch under L2b ON -- the engine-thread tick() path still uses _events directly under L2b OFF)
[11:20:48] [info] MidiScheduler::load: parsed 'data/orgmid2/curly.mid' = 27749 events at 48 PPQ
[11:20:48] [info] opl3 backend: on_song_start
[11:20:49] [info] gameloop: entered (curmap=1005, running=1)
[11:20:49] [info] gameloop: iter 1 ticks=35552 mapno=-1
[11:20:49] [info] map: backdrop cache ENABLED (default) (set SDL_HINT_DOSKUTSU_BACKDROP_CACHE=0 to disable)
[11:20:50] [info] gameloop: iter 2 ticks=36330 mapno=-1
[11:20:50] [info] gameloop: iter 3 ticks=36368 mapno=-1
[11:20:50] [info] backdrop cache: thrashing-detect engaged (streak=4, route=direct)
[11:20:50] [info] flip-probe: flip #100 ok=true present=2ms inter_flip_ms=34 drawcalls-since-flip=75 drawcalls-total=7886 fail-total=0 null-skips-total=0
[11:20:50] [info] alpha audit block 0: 7798 total drawcalls, 0 with alpha<255 (block pct_x10=0; global 0/7798 pct_x10=0); alpha-mod skipped: block=0 global=0
[11:20:50] [info] fastpath audit block 0: taken=7798 (idx8=7798) skipped=0 pct_x10=1000; global taken=7798 (idx8=7798) skipped=0 pct_x10=1000
[11:20:50] [info] primitive tally block 0: clear=220(hr=220) fill=0(hr=0) rect=0(hr=0) line=0(hr=0) tint=0 spotlight=0 (over 100 flips ending at flip 100)
[11:20:50] [info] color/alpha audit block 0: cmod_white=104 cmod_black=0 (idx=0) cmod_general=84 (idx=84) cmod_fb=0; alpha_taken=0 alpha_skipped=0 (global cmod=104/0/84/0 idx=0/84 alpha=0/0)
[11:20:50] [info] phase timing block 0: drawcalls=8209 dc_total_ms=1363 flip_inner_total_ms=569 inter_flip_total_ms=31819 (per-flip avg x10: dc_ms=136 fi_ms=56 if_ms=3181 derived audio+engine_ms=2989; per-drawcall avg us_x10=1660) [direct-vesa: presents=97 total_ms=281 avg_ms_x10=29 failed=0] [ablation: NO_DC_TIMING=0 CACHE_WINSURF=0 DIRECT_VESA=1]
[11:20:50] [info] kbd/audio block 0: kbd_irq=0 kbd_drain=0 ring_chunks=16 pump_pass=99 pic1_mask=0xb8 first_irq_ticks=0 install_ticks=0 vector_at_install=0x0083a028 pic1_mask_live=0x38 kbd_8042_stat=0x34 bios_kbd_head=0x001e bios_kbd_tail=0x001e bios_kbd_buf0=0x1970
[11:20:50] [info] audio/engine split block 0: audio_mixer_calls=0 audio_mixer_ms_x10=0 engine_tick_calls=99 engine_tick_ms_x10=494 audio_service_calls=0 audio_service_ms_x10=0 (per-flip avg; per-call us_x10: audio_mix=0 engine_tick=499327 audio_service=0; global ns: audio_mix=0 engine_tick=4943343834 audio_service=0)
[11:20:50] [info] pixtone multi-source probe: DISABLED (default)
[11:20:50] [info] dirty-rect block @flip=100: total_calls=0 dirty_rects_avg=0 dirty_pct_x10=990 forced_full=0 first_n_force=3 threshold_exceeded=2 dirty_path_taken=0 full_flush_taken=3
[11:20:50] [info] prev-frame-diff block @flip=100: diff_calls=0 diff_rects_avg=0 diff_dirty_pct_x10=0 bbox_pct_x10=0 bbox_thresh_exceeded=0
[11:20:50] [info] flip-probe: flip #110 ok=true present=2ms inter_flip_ms=29 drawcalls-since-flip=75 drawcalls-total=8636 fail-total=0 null-skips-total=0
[11:20:50] [info] flip-probe: flip #120 ok=true present=3ms inter_flip_ms=28 drawcalls-since-flip=75 drawcalls-total=9386 fail-total=0 null-skips-total=0
[11:20:51] [info] flip-probe: flip #130 ok=true present=3ms inter_flip_ms=20 drawcalls-since-flip=0 drawcalls-total=9986 fail-total=0 null-skips-total=0
[11:20:51] [info] Loading profile from profile.dat
[11:20:51] [error] profile_load: unable to open 'profile.dat'
[11:20:51] [info] Loading profile from profile2.dat
[11:20:51] [error] profile_load: unable to open 'profile2.dat'
[11:20:51] [info] Loading profile from profile3.dat
[11:20:51] [info] Loading profile from profile4.dat
[11:20:51] [error] profile_load: unable to open 'profile4.dat'
[11:20:51] [info] Loading profile from profile5.dat
[11:20:51] [info] flip-probe: flip #140 ok=true present=3ms inter_flip_ms=47 drawcalls-since-flip=214 drawcalls-total=10842 fail-total=0 null-skips-total=0
[11:20:52] [info] flip-probe: flip #150 ok=true present=3ms inter_flip_ms=48 drawcalls-since-flip=214 drawcalls-total=12982 fail-total=0 null-skips-total=0
[11:20:52] [info] Writing settings...
[11:20:52] [info] flip-probe: flip #160 ok=true present=3ms inter_flip_ms=20 drawcalls-since-flip=0 drawcalls-total=13846 fail-total=0 null-skips-total=0
[11:20:52] [info] flip-probe: flip #170 ok=true present=3ms inter_flip_ms=21 drawcalls-since-flip=0 drawcalls-total=13846 fail-total=0 null-skips-total=0
[11:20:52] [info] gameloop: iter 600 ticks=38912 mapno=-1
[11:20:52] [info] opl3 backend: on_song_stop
[11:20:52] [info] Loading profile from profile5.dat
[11:20:52] [info]  >> Entering stage 20: 'Save Point'.
[11:20:52] [info] [skip-sheet-flush] cave=2
[11:20:53] [info] MidiScheduler::load: parsed 'data/orgmid2/mura.mid' = 7123 events at 48 PPQ
[11:20:53] [info] opl3 backend: on_song_start
[11:20:53] [info] gameloop: entered (curmap=20, running=1)
[11:20:53] [info] gameloop: iter 1 ticks=40009 mapno=-1
[11:20:53] [info] TAS stall discount: ENABLED (default) (patch 0286; a replay frame over 150 ms is a load, not slow rendering, so it contributes 1 tick instead of its wall-clock; set SDL_HINT_DOSKUTSU_TAS_STALL_DISCOUNT=0 to disable)
[11:20:53] [info] TAS accumulator clamp: DISABLED (default) (patch 0281; caps the FT accumulator delta at one tick during TAS so a stalled frame cannot race the replay index; set SDL_HINT_DOSKUTSU_TAS_FT_GUARD=0 to disable)
[11:20:53] [info] gameloop: iter 2 ticks=40053 mapno=-1
[11:20:53] [info] gameloop: iter 3 ticks=40088 mapno=-1
[11:20:53] [info] flip-probe: flip #180 ok=true present=2ms inter_flip_ms=30 drawcalls-since-flip=17 drawcalls-total=13971 fail-total=0 null-skips-total=0
[11:20:54] [info] flip-probe: flip #190 ok=true present=3ms inter_flip_ms=29 drawcalls-since-flip=17 drawcalls-total=14141 fail-total=0 null-skips-total=0
[11:20:54] [info] flip-probe: flip #200 ok=true present=3ms inter_flip_ms=29 drawcalls-since-flip=17 drawcalls-total=14311 fail-total=0 null-skips-total=0
[11:20:54] [info] alpha audit block 0: 5788 total drawcalls, 0 with alpha<255 (block pct_x10=0; global 0/13586 pct_x10=0); alpha-mod skipped: block=0 global=0
[11:20:54] [info] fastpath audit block 0: taken=5788 (idx8=5788) skipped=0 pct_x10=1000; global taken=13586 (idx8=13586) skipped=0 pct_x10=1000
[11:20:54] [info] primitive tally block 0: clear=201(hr=201) fill=0(hr=0) rect=0(hr=0) line=0(hr=0) tint=0 spotlight=0 (over 100 flips ending at flip 200)
[11:20:54] [info] color/alpha audit block 0: cmod_white=1438 cmod_black=0 (idx=0) cmod_general=609 (idx=609) cmod_fb=0; alpha_taken=0 alpha_skipped=0 (global cmod=1542/0/693/0 idx=0/693 alpha=0/0)
[11:20:54] [info] phase timing block 0: drawcalls=8036 dc_total_ms=1266 flip_inner_total_ms=467 inter_flip_total_ms=4315 (per-flip avg x10: dc_ms=126 fi_ms=46 if_ms=431 derived audio+engine_ms=259; per-drawcall avg us_x10=1576) [direct-vesa: presents=100 total_ms=282 avg_ms_x10=28 failed=0] [ablation: NO_DC_TIMING=0 CACHE_WINSURF=0 DIRECT_VESA=1]
[11:20:54] [info] kbd/audio block 0: kbd_irq=0 kbd_drain=0 ring_chunks=16 pump_pass=210 pic1_mask=0xb8 first_irq_ticks=0 install_ticks=0 vector_at_install=0x0083a028 pic1_mask_live=0x38 kbd_8042_stat=0x34 bios_kbd_head=0x001e bios_kbd_tail=0x001e bios_kbd_buf0=0x1970
[11:20:54] [info] audio/engine split block 0: audio_mixer_calls=0 audio_mixer_ms_x10=0 engine_tick_calls=76 engine_tick_ms_x10=180 audio_service_calls=0 audio_service_ms_x10=0 (per-flip avg; per-call us_x10: audio_mix=0 engine_tick=238148 audio_service=0; global ns: audio_mix=0 engine_tick=6753274439 audio_service=0)
[11:20:54] [info] dirty-rect block @flip=200: total_calls=0 dirty_rects_avg=1 dirty_pct_x10=1000 forced_full=0 first_n_force=0 threshold_exceeded=0 dirty_path_taken=0 full_flush_taken=0
[11:20:54] [info] prev-frame-diff block @flip=200: diff_calls=0 diff_rects_avg=0 diff_dirty_pct_x10=0 bbox_pct_x10=0 bbox_thresh_exceeded=0
[11:20:54] [info] flip-probe: flip #210 ok=true present=3ms inter_flip_ms=31 drawcalls-since-flip=17 drawcalls-total=14481 fail-total=0 null-skips-total=0
[11:20:55] [info] flip-probe: flip #220 ok=true present=3ms inter_flip_ms=31 drawcalls-since-flip=17 drawcalls-total=14651 fail-total=0 null-skips-total=0
[11:20:55] [info] flip-probe: flip #230 ok=true present=3ms inter_flip_ms=31 drawcalls-since-flip=17 drawcalls-total=14821 fail-total=0 null-skips-total=0
[11:20:55] [info] flip-probe: flip #240 ok=true present=3ms inter_flip_ms=67 drawcalls-since-flip=358 drawcalls-total=16338 fail-total=0 null-skips-total=0
[11:20:56] [info]  >> Entering stage 11: 'Mimiga Village'.
[11:20:56] [info] [skip-sheet-flush] cave=3
[11:20:56] [info] [load-stage] preloading entry music song=9 (cave=3)
[11:20:56] [info] gameloop: entered (curmap=11, running=1)
[11:20:56] [info] gameloop: iter 1 ticks=43079 mapno=-1
[11:20:56] [info] map: mds_clear LUT ENABLED (default) (set SDL_HINT_DOSKUTSU_MDS_CLEAR_LUT=0 to disable; default ON; patch 0144 wave-49 bandwidth lever)
[11:20:56] [info] mds-clear-lut: rebuilt N=240 entries (k_skip=0% k_keep=100%; curmap=11 map_size=60x60; rebuild #1 since boot)
[11:20:56] [info] backdrop thrash full-cover ENABLED (default) (set SDL_HINT_DOSKUTSU_THRASH_FULLCOVER=0 to disable)
[11:20:56] [info] [bd-diag] backdrop render-path diag disabled (default) (set SDL_HINT_DOSKUTSU_BACKDROP_DIAG=1 to enable)
[11:20:56] [info] gameloop: iter 2 ticks=43198 mapno=-1
[11:20:57] [info] tas: stall frame 331 ms -> contributing 1 tick (patch 0286)
[11:20:57] [info] gameloop: iter 3 ticks=43500 mapno=-1
[11:20:57] [info] flip-probe: flip #250 ok=true present=3ms inter_flip_ms=91 drawcalls-since-flip=384 drawcalls-total=19696 fail-total=0 null-skips-total=0
[11:20:57] [info] backdrop cache: thrashing-detect engaged (streak=4, route=direct)
[11:20:57] [info] flip-probe: flip #260 ok=true present=3ms inter_flip_ms=44 drawcalls-since-flip=43 drawcalls-total=20612 fail-total=0 null-skips-total=0
[11:20:58] [info] flip-probe: flip #270 ok=true present=3ms inter_flip_ms=49 drawcalls-since-flip=45 drawcalls-total=21050 fail-total=0 null-skips-total=0
[11:20:58] [info] flip-probe: flip #280 ok=true present=3ms inter_flip_ms=46 drawcalls-since-flip=44 drawcalls-total=21509 fail-total=0 null-skips-total=0
[11:20:59] [info] flip-probe: flip #290 ok=true present=3ms inter_flip_ms=42 drawcalls-since-flip=43 drawcalls-total=21941 fail-total=0 null-skips-total=0
[11:20:59] [info] flip-probe: flip #300 ok=true present=4ms inter_flip_ms=43 drawcalls-since-flip=43 drawcalls-total=22371 fail-total=0 null-skips-total=0
[11:20:59] [info] alpha audit block 0: 7290 total drawcalls, 0 with alpha<255 (block pct_x10=0; global 0/20876 pct_x10=0); alpha-mod skipped: block=0 global=0
[11:20:59] [info] fastpath audit block 0: taken=7290 (idx8=7290) skipped=0 pct_x10=1000; global taken=20876 (idx8=20876) skipped=0 pct_x10=1000
[11:20:59] [info] primitive tally block 0: clear=201(hr=201) fill=0(hr=0) rect=0(hr=0) line=0(hr=0) tint=0 spotlight=0 (over 100 flips ending at flip 300)
[11:20:59] [info] color/alpha audit block 0: cmod_white=715 cmod_black=715 (idx=715) cmod_general=0 (idx=0) cmod_fb=0; alpha_taken=0 alpha_skipped=0 (global cmod=2257/715/693/0 idx=715/693 alpha=0/0)
[11:20:59] [info] phase timing block 0: drawcalls=8927 dc_total_ms=1120 flip_inner_total_ms=446 inter_flip_total_ms=5326 (per-flip avg x10: dc_ms=112 fi_ms=44 if_ms=532 derived audio+engine_ms=376; per-drawcall avg us_x10=1255) [direct-vesa: presents=100 total_ms=280 avg_ms_x10=28 failed=0] [ablation: NO_DC_TIMING=0 CACHE_WINSURF=0 DIRECT_VESA=1]
[11:20:59] [info] kbd/audio block 0: kbd_irq=0 kbd_drain=0 ring_chunks=16 pump_pass=429 pic1_mask=0xb8 first_irq_ticks=0 install_ticks=0 vector_at_install=0x0083a028 pic1_mask_live=0x38 kbd_8042_stat=0x34 bios_kbd_head=0x001e bios_kbd_tail=0x001e bios_kbd_buf0=0x1970
[11:20:59] [info] [tile-speedup-stat n=100 drawtile_us=108.87 raw_blit_us=77.35 ratio=1.41]
[11:20:59] [info] dirty-rect block @flip=300: total_calls=100 dirty_rects_avg=1 dirty_pct_x10=1000 forced_full=0 first_n_force=0 threshold_exceeded=0 dirty_path_taken=0 full_flush_taken=0
[11:20:59] [info] prev-frame-diff block @flip=300: diff_calls=0 diff_rects_avg=0 diff_dirty_pct_x10=0 bbox_pct_x10=0 bbox_thresh_exceeded=0
[11:21:00] [info] flip-probe: flip #310 ok=true present=3ms inter_flip_ms=44 drawcalls-since-flip=43 drawcalls-total=22901 fail-total=0 null-skips-total=0
[11:21:00] [info] backdrop cache: thrashing-detect engaged (streak=64, route=direct)
[11:21:00] [info] flip-probe: flip #320 ok=true present=3ms inter_flip_ms=43 drawcalls-since-flip=43 drawcalls-total=23331 fail-total=0 null-skips-total=0
[11:21:01] [info] flip-probe: flip #330 ok=true present=2ms inter_flip_ms=44 drawcalls-since-flip=43 drawcalls-total=23761 fail-total=0 null-skips-total=0
[11:21:01] [info] flip-probe: flip #340 ok=true present=3ms inter_flip_ms=43 drawcalls-since-flip=43 drawcalls-total=24191 fail-total=0 null-skips-total=0
[11:21:02] [info] flip-probe: flip #350 ok=true present=3ms inter_flip_ms=43 drawcalls-since-flip=43 drawcalls-total=24621 fail-total=0 null-skips-total=0
[11:21:02] [info] flip-probe: flip #360 ok=true present=3ms inter_flip_ms=44 drawcalls-since-flip=44 drawcalls-total=25074 fail-total=0 null-skips-total=0
[11:21:02] [info] flip-probe: flip #370 ok=true present=3ms inter_flip_ms=41 drawcalls-since-flip=17 drawcalls-total=25375 fail-total=0 null-skips-total=0
[11:21:03] [info] backdrop cache: thrashing-detect engaged (streak=124, route=direct)
[11:21:03] [info] run_tick_fixed #600: heartbeat (loop alive)
[11:21:03] [info] flip-probe: flip #380 ok=true present=3ms inter_flip_ms=43 drawcalls-since-flip=18 drawcalls-total=25554 fail-total=0 null-skips-total=0
[11:21:03] [info] flip-probe: flip #390 ok=true present=3ms inter_flip_ms=39 drawcalls-since-flip=15 drawcalls-total=25716 fail-total=0 null-skips-total=0
[11:21:04] [info] flip-probe: flip #400 ok=true present=3ms inter_flip_ms=42 drawcalls-since-flip=19 drawcalls-total=25878 fail-total=0 null-skips-total=0
[11:21:04] [info] alpha audit block 0: 2562 total drawcalls, 0 with alpha<255 (block pct_x10=0; global 0/23438 pct_x10=0); alpha-mod skipped: block=0 global=0
[11:21:04] [info] fastpath audit block 0: taken=2562 (idx8=2562) skipped=0 pct_x10=1000; global taken=23438 (idx8=23438) skipped=0 pct_x10=1000
[11:21:04] [info] primitive tally block 0: clear=200(hr=200) fill=0(hr=0) rect=0(hr=0) line=0(hr=0) tint=0 spotlight=0 (over 100 flips ending at flip 400)
[11:21:04] [info] color/alpha audit block 0: cmod_white=845 cmod_black=845 (idx=845) cmod_general=0 (idx=0) cmod_fb=0; alpha_taken=0 alpha_skipped=0 (global cmod=3102/1560/693/0 idx=1560/693 alpha=0/0)
[11:21:04] [info] phase timing block 0: drawcalls=4452 dc_total_ms=716 flip_inner_total_ms=458 inter_flip_total_ms=4469 (per-flip avg x10: dc_ms=71 fi_ms=45 if_ms=446 derived audio+engine_ms=330; per-drawcall avg us_x10=1610) [direct-vesa: presents=100 total_ms=281 avg_ms_x10=28 failed=0] [ablation: NO_DC_TIMING=0 CACHE_WINSURF=0 DIRECT_VESA=1]
[11:21:04] [info] kbd/audio block 0: kbd_irq=0 kbd_drain=0 ring_chunks=16 pump_pass=653 pic1_mask=0xb8 first_irq_ticks=0 install_ticks=0 vector_at_install=0x0083a028 pic1_mask_live=0x38 kbd_8042_stat=0x34 bios_kbd_head=0x001e bios_kbd_tail=0x001e bios_kbd_buf0=0x1970
[11:21:04] [info] dirty-rect block @flip=400: total_calls=0 dirty_rects_avg=1 dirty_pct_x10=1000 forced_full=0 first_n_force=0 threshold_exceeded=0 dirty_path_taken=0 full_flush_taken=0
[11:21:04] [info] prev-frame-diff block @flip=400: diff_calls=0 diff_rects_avg=0 diff_dirty_pct_x10=0 bbox_pct_x10=0 bbox_thresh_exceeded=0
[11:21:04] [info] flip-probe: flip #410 ok=true present=3ms inter_flip_ms=41 drawcalls-since-flip=16 drawcalls-total=26053 fail-total=0 null-skips-total=0
[11:21:05] [info] flip-probe: flip #420 ok=true present=3ms inter_flip_ms=40 drawcalls-since-flip=15 drawcalls-total=26205 fail-total=0 null-skips-total=0
[11:21:05] [info] flip-probe: flip #430 ok=true present=3ms inter_flip_ms=41 drawcalls-since-flip=15 drawcalls-total=26355 fail-total=0 null-skips-total=0
[11:21:05] [info] backdrop cache: thrashing-detect engaged (streak=184, route=direct)
[11:21:06] [info] flip-probe: flip #440 ok=true present=3ms inter_flip_ms=44 drawcalls-since-flip=4 drawcalls-total=28630 fail-total=0 null-skips-total=0
[11:21:06] [info]  >> Entering stage 17: 'Yamashita Farm'.
[11:21:06] [info] [skip-sheet-flush] cave=4
[11:21:06] [info] [load-stage] preloading entry music song=13 (cave=4)
[11:21:06] [info] opl3 backend: on_song_stop
[11:21:06] [info] MidiScheduler::load: parsed 'data/orgmid2/plant.mid' = 6246 events at 48 PPQ
[11:21:06] [info] opl3 backend: on_song_start
[11:21:06] [info] gameloop: entered (curmap=17, running=1)
[11:21:06] [info] gameloop: iter 1 ticks=53265 mapno=-1
[11:21:06] [info] mds-clear-lut: rebuilt N=240 entries (k_skip=33% k_keep=67%; curmap=17 map_size=40x16; rebuild #2 since boot)
[11:21:07] [info] gameloop: iter 2 ticks=53494 mapno=-1
[11:21:07] [info] tas: stall frame 228 ms -> contributing 1 tick (patch 0286)
[11:21:07] [info] gameloop: iter 3 ticks=53580 mapno=-1
[11:21:07] [info] flip-probe: flip #450 ok=true present=3ms inter_flip_ms=61 drawcalls-since-flip=192 drawcalls-total=31741 fail-total=0 null-skips-total=0
[11:21:08] [info] flip-probe: flip #460 ok=true present=3ms inter_flip_ms=59 drawcalls-since-flip=139 drawcalls-total=33092 fail-total=0 null-skips-total=0
[11:21:09] [info] flip-probe: flip #470 ok=true present=3ms inter_flip_ms=59 drawcalls-since-flip=141 drawcalls-total=34492 fail-total=0 null-skips-total=0
[11:21:09] [info] backdrop cache: thrashing-detect engaged (streak=4, route=direct)
[11:21:09] [info] flip-probe: flip #480 ok=true present=3ms inter_flip_ms=61 drawcalls-since-flip=133 drawcalls-total=35872 fail-total=0 null-skips-total=0
[11:21:10] [info] run_tick_fixed #900: heartbeat (loop alive)
[11:21:10] [info] flip-probe: flip #490 ok=true present=3ms inter_flip_ms=67 drawcalls-since-flip=131 drawcalls-total=37163 fail-total=0 null-skips-total=0
[11:21:10] [info] flip-probe: flip #500 ok=true present=2ms inter_flip_ms=63 drawcalls-since-flip=141 drawcalls-total=38515 fail-total=0 null-skips-total=0
[11:21:10] [info] alpha audit block 0: 11770 total drawcalls, 0 with alpha<255 (block pct_x10=0; global 0/35208 pct_x10=0); alpha-mod skipped: block=0 global=0
[11:21:10] [info] fastpath audit block 0: taken=11770 (idx8=11770) skipped=0 pct_x10=1000; global taken=35208 (idx8=35208) skipped=0 pct_x10=1000
[11:21:10] [info] primitive tally block 0: clear=202(hr=202) fill=0(hr=0) rect=0(hr=0) line=0(hr=0) tint=0 spotlight=0 (over 100 flips ending at flip 500)
[11:21:10] [info] color/alpha audit block 0: cmod_white=767 cmod_black=767 (idx=767) cmod_general=0 (idx=0) cmod_fb=0; alpha_taken=0 alpha_skipped=0 (global cmod=3869/2327/693/0 idx=2327/693 alpha=0/0)
[11:21:10] [info] phase timing block 0: drawcalls=13540 dc_total_ms=1418 flip_inner_total_ms=447 inter_flip_total_ms=6606 (per-flip avg x10: dc_ms=141 fi_ms=44 if_ms=660 derived audio+engine_ms=475; per-drawcall avg us_x10=1047) [direct-vesa: presents=100 total_ms=282 avg_ms_x10=28 failed=0] [ablation: NO_DC_TIMING=0 CACHE_WINSURF=0 DIRECT_VESA=1]
[11:21:10] [info] kbd/audio block 0: kbd_irq=0 kbd_drain=0 ring_chunks=16 pump_pass=934 pic1_mask=0xb8 first_irq_ticks=0 install_ticks=0 vector_at_install=0x0083a028 pic1_mask_live=0x38 kbd_8042_stat=0x34 bios_kbd_head=0x001e bios_kbd_tail=0x001e bios_kbd_buf0=0x1970
[11:21:10] [info] dirty-rect block @flip=500: total_calls=0 dirty_rects_avg=1 dirty_pct_x10=1000 forced_full=0 first_n_force=0 threshold_exceeded=0 dirty_path_taken=0 full_flush_taken=0
[11:21:10] [info] prev-frame-diff block @flip=500: diff_calls=0 diff_rects_avg=0 diff_dirty_pct_x10=0 bbox_pct_x10=0 bbox_thresh_exceeded=0
[11:21:11] [info] backdrop cache: thrashing-detect engaged (streak=4, route=direct)
[11:21:11] [info] flip-probe: flip #510 ok=true present=3ms inter_flip_ms=63 drawcalls-since-flip=142 drawcalls-total=39926 fail-total=0 null-skips-total=0
[11:21:12] [info] flip-probe: flip #520 ok=true present=3ms inter_flip_ms=61 drawcalls-since-flip=131 drawcalls-total=41293 fail-total=0 null-skips-total=0
[11:21:12] [info] flip-probe: flip #530 ok=true present=3ms inter_flip_ms=60 drawcalls-since-flip=121 drawcalls-total=42574 fail-total=0 null-skips-total=0
[11:21:13] [info] flip-probe: flip #540 ok=true present=3ms inter_flip_ms=53 drawcalls-since-flip=130 drawcalls-total=43859 fail-total=0 null-skips-total=0
[11:21:14] [info] flip-probe: flip #550 ok=true present=3ms inter_flip_ms=59 drawcalls-since-flip=126 drawcalls-total=45149 fail-total=0 null-skips-total=0
[11:21:14] [info] flip-probe: flip #560 ok=true present=3ms inter_flip_ms=60 drawcalls-since-flip=115 drawcalls-total=46406 fail-total=0 null-skips-total=0
[11:21:15] [info] backdrop cache: thrashing-detect engaged (streak=64, route=direct)
[11:21:15] [info] flip-probe: flip #570 ok=true present=3ms inter_flip_ms=60 drawcalls-since-flip=112 drawcalls-total=47449 fail-total=0 null-skips-total=0
[11:21:15] [info] flip-probe: flip #580 ok=true present=3ms inter_flip_ms=61 drawcalls-since-flip=118 drawcalls-total=48613 fail-total=0 null-skips-total=0
[11:21:16] [info] run_tick_fixed #1200: heartbeat (loop alive)
[11:21:16] [info] flip-probe: flip #590 ok=true present=3ms inter_flip_ms=57 drawcalls-since-flip=111 drawcalls-total=49743 fail-total=0 null-skips-total=0
[11:21:17] [info] flip-probe: flip #600 ok=true present=3ms inter_flip_ms=59 drawcalls-since-flip=112 drawcalls-total=50862 fail-total=0 null-skips-total=0
[11:21:17] [info] alpha audit block 0: 11454 total drawcalls, 0 with alpha<255 (block pct_x10=0; global 0/46662 pct_x10=0); alpha-mod skipped: block=0 global=0
[11:21:17] [info] fastpath audit block 0: taken=11454 (idx8=11454) skipped=0 pct_x10=1000; global taken=46662 (idx8=46662) skipped=0 pct_x10=1000
[11:21:17] [info] primitive tally block 0: clear=200(hr=200) fill=0(hr=0) rect=0(hr=0) line=0(hr=0) tint=0 spotlight=0 (over 100 flips ending at flip 600)
[11:21:17] [info] color/alpha audit block 0: cmod_white=793 cmod_black=793 (idx=793) cmod_general=0 (idx=0) cmod_fb=0; alpha_taken=0 alpha_skipped=0 (global cmod=4662/3120/693/0 idx=3120/693 alpha=0/0)
[11:21:17] [info] phase timing block 0: drawcalls=13244 dc_total_ms=1070 flip_inner_total_ms=458 inter_flip_total_ms=6199 (per-flip avg x10: dc_ms=107 fi_ms=45 if_ms=619 derived audio+engine_ms=467; per-drawcall avg us_x10=808) [direct-vesa: presents=100 total_ms=282 avg_ms_x10=28 failed=0] [ablation: NO_DC_TIMING=0 CACHE_WINSURF=0 DIRECT_VESA=1]
[11:21:17] [info] kbd/audio block 0: kbd_irq=0 kbd_drain=0 ring_chunks=16 pump_pass=1244 pic1_mask=0xb8 first_irq_ticks=0 install_ticks=0 vector_at_install=0x0083a028 pic1_mask_live=0x38 kbd_8042_stat=0x34 bios_kbd_head=0x001e bios_kbd_tail=0x001e bios_kbd_buf0=0x1970
[11:21:17] [info] dirty-rect block @flip=600: total_calls=0 dirty_rects_avg=1 dirty_pct_x10=1000 forced_full=0 first_n_force=0 threshold_exceeded=0 dirty_path_taken=0 full_flush_taken=0
[11:21:17] [info] prev-frame-diff block @flip=600: diff_calls=0 diff_rects_avg=0 diff_dirty_pct_x10=0 bbox_pct_x10=0 bbox_thresh_exceeded=0
[11:21:17] [info] flip-probe: flip #610 ok=true present=3ms inter_flip_ms=58 drawcalls-since-flip=108 drawcalls-total=51950 fail-total=0 null-skips-total=0
[11:21:18] [info] flip-probe: flip #620 ok=true present=3ms inter_flip_ms=60 drawcalls-since-flip=115 drawcalls-total=53058 fail-total=0 null-skips-total=0
[11:21:18] [info] backdrop cache: thrashing-detect engaged (streak=124, route=direct)
[11:21:18] [info] flip-probe: flip #630 ok=true present=2ms inter_flip_ms=61 drawcalls-since-flip=111 drawcalls-total=54176 fail-total=0 null-skips-total=0
[11:21:19] [info] flip-probe: flip #640 ok=true present=3ms inter_flip_ms=67 drawcalls-since-flip=109 drawcalls-total=55295 fail-total=0 null-skips-total=0
[11:21:19] [info] backdrop cache: thrashing-detect engaged (streak=4, route=direct)
[11:21:20] [info] flip-probe: flip #650 ok=true present=3ms inter_flip_ms=61 drawcalls-since-flip=117 drawcalls-total=56461 fail-total=0 null-skips-total=0
[11:21:20] [info] flip-probe: flip #660 ok=true present=3ms inter_flip_ms=57 drawcalls-since-flip=114 drawcalls-total=57628 fail-total=0 null-skips-total=0
[11:21:21] [info] flip-probe: flip #670 ok=true present=3ms inter_flip_ms=56 drawcalls-since-flip=117 drawcalls-total=58782 fail-total=0 null-skips-total=0
[11:21:21] [info] flip-probe: flip #680 ok=true present=3ms inter_flip_ms=57 drawcalls-since-flip=118 drawcalls-total=59963 fail-total=0 null-skips-total=0
[11:21:22] [info] flip-probe: flip #690 ok=true present=3ms inter_flip_ms=84 drawcalls-since-flip=405 drawcalls-total=62942 fail-total=0 null-skips-total=0
[11:21:22] [info]  >> Entering stage 11: 'Mimiga Village'.
[11:21:22] [info] [skip-sheet-flush] cave=5
[11:21:23] [info] [load-stage] preloading entry music song=9 (cave=5)
[11:21:23] [info] opl3 backend: on_song_stop
[11:21:23] [info] MidiScheduler::load: parsed 'data/orgmid2/mura.mid' = 7123 events at 48 PPQ
[11:21:23] [info] opl3 backend: on_song_start
[11:21:23] [info] gameloop: entered (curmap=11, running=1)
[11:21:23] [info] gameloop: iter 1 ticks=69917 mapno=-1
[11:21:23] [info] mds-clear-lut: rebuilt N=240 entries (k_skip=0% k_keep=100%; curmap=11 map_size=60x60; rebuild #3 since boot)
[11:21:23] [info] gameloop: iter 2 ticks=70007 mapno=-1
[11:21:23] [info] gameloop: iter 3 ticks=70102 mapno=-1
[11:21:23] [info] backdrop cache: thrashing-detect engaged (streak=4, route=direct)
[11:21:24] [info] flip-probe: flip #700 ok=true present=3ms inter_flip_ms=49 drawcalls-since-flip=105 drawcalls-total=65387 fail-total=0 null-skips-total=0
[11:21:24] [info] alpha audit block 0: 14308 total drawcalls, 0 with alpha<255 (block pct_x10=0; global 0/60970 pct_x10=0); alpha-mod skipped: block=0 global=0
[11:21:24] [info] fastpath audit block 0: taken=14308 (idx8=14308) skipped=0 pct_x10=1000; global taken=60970 (idx8=60970) skipped=0 pct_x10=1000
[11:21:24] [info] primitive tally block 0: clear=201(hr=201) fill=0(hr=0) rect=0(hr=0) line=0(hr=0) tint=0 spotlight=0 (over 100 flips ending at flip 700)
[11:21:24] [info] color/alpha audit block 0: cmod_white=117 cmod_black=117 (idx=117) cmod_general=0 (idx=0) cmod_fb=0; alpha_taken=0 alpha_skipped=0 (global cmod=4779/3237/693/0 idx=3237/693 alpha=0/0)
[11:21:24] [info] phase timing block 0: drawcalls=14750 dc_total_ms=1283 flip_inner_total_ms=444 inter_flip_total_ms=7232 (per-flip avg x10: dc_ms=128 fi_ms=44 if_ms=723 derived audio+engine_ms=551; per-drawcall avg us_x10=870) [direct-vesa: presents=100 total_ms=280 avg_ms_x10=28 failed=0] [ablation: NO_DC_TIMING=0 CACHE_WINSURF=0 DIRECT_VESA=1]
[11:21:24] [info] kbd/audio block 0: kbd_irq=0 kbd_drain=0 ring_chunks=16 pump_pass=1554 pic1_mask=0xb8 first_irq_ticks=0 install_ticks=0 vector_at_install=0x0083a028 pic1_mask_live=0x38 kbd_8042_stat=0x34 bios_kbd_head=0x001e bios_kbd_tail=0x001e bios_kbd_buf0=0x1970
[11:21:24] [info] dirty-rect block @flip=700: total_calls=0 dirty_rects_avg=1 dirty_pct_x10=1000 forced_full=0 first_n_force=0 threshold_exceeded=0 dirty_path_taken=0 full_flush_taken=0
[11:21:24] [info] prev-frame-diff block @flip=700: diff_calls=0 diff_rects_avg=0 diff_dirty_pct_x10=0 bbox_pct_x10=0 bbox_thresh_exceeded=0
[11:21:24] [info] flip-probe: flip #710 ok=true present=3ms inter_flip_ms=43 drawcalls-since-flip=41 drawcalls-total=65786 fail-total=0 null-skips-total=0
[11:21:25] [info] flip-probe: flip #720 ok=true present=3ms inter_flip_ms=42 drawcalls-since-flip=41 drawcalls-total=66196 fail-total=0 null-skips-total=0
[11:21:25] [info] flip-probe: flip #730 ok=true present=4ms inter_flip_ms=43 drawcalls-since-flip=41 drawcalls-total=66606 fail-total=0 null-skips-total=0
[11:21:26] [info] flip-probe: flip #740 ok=true present=3ms inter_flip_ms=44 drawcalls-since-flip=43 drawcalls-total=67020 fail-total=0 null-skips-total=0
[11:21:26] [info] flip-probe: flip #750 ok=true present=3ms inter_flip_ms=42 drawcalls-since-flip=41 drawcalls-total=67436 fail-total=0 null-skips-total=0
[11:21:26] [info] backdrop cache: thrashing-detect engaged (streak=64, route=direct)
[11:21:27] [info] flip-probe: flip #760 ok=true present=3ms inter_flip_ms=43 drawcalls-since-flip=42 drawcalls-total=67849 fail-total=0 null-skips-total=0
[11:21:27] [info] flip-probe: flip #770 ok=true present=3ms inter_flip_ms=44 drawcalls-since-flip=42 drawcalls-total=68269 fail-total=0 null-skips-total=0
[11:21:27] [info] flip-probe: flip #780 ok=true present=3ms inter_flip_ms=43 drawcalls-since-flip=42 drawcalls-total=68696 fail-total=0 null-skips-total=0
[11:21:28] [info] flip-probe: flip #790 ok=true present=2ms inter_flip_ms=44 drawcalls-since-flip=42 drawcalls-total=69116 fail-total=0 null-skips-total=0
[11:21:28] [info] flip-probe: flip #800 ok=true present=3ms inter_flip_ms=43 drawcalls-since-flip=43 drawcalls-total=69537 fail-total=0 null-skips-total=0
[11:21:28] [info] alpha audit block 0: 2750 total drawcalls, 0 with alpha<255 (block pct_x10=0; global 0/63720 pct_x10=0); alpha-mod skipped: block=0 global=0
[11:21:28] [info] fastpath audit block 0: taken=2750 (idx8=2750) skipped=0 pct_x10=1000; global taken=63720 (idx8=63720) skipped=0 pct_x10=1000
[11:21:28] [info] primitive tally block 0: clear=200(hr=200) fill=0(hr=0) rect=0(hr=0) line=0(hr=0) tint=0 spotlight=0 (over 100 flips ending at flip 800)
[11:21:28] [info] color/alpha audit block 0: cmod_white=1300 cmod_black=1300 (idx=1300) cmod_general=0 (idx=0) cmod_fb=0; alpha_taken=0 alpha_skipped=0 (global cmod=6079/4537/693/0 idx=4537/693 alpha=0/0)
[11:21:28] [info] phase timing block 0: drawcalls=5550 dc_total_ms=767 flip_inner_total_ms=458 inter_flip_total_ms=4474 (per-flip avg x10: dc_ms=76 fi_ms=45 if_ms=447 derived audio+engine_ms=326; per-drawcall avg us_x10=1382) [direct-vesa: presents=100 total_ms=281 avg_ms_x10=28 failed=0] [ablation: NO_DC_TIMING=0 CACHE_WINSURF=0 DIRECT_VESA=1]
[11:21:28] [info] kbd/audio block 0: kbd_irq=0 kbd_drain=0 ring_chunks=16 pump_pass=1778 pic1_mask=0xb8 first_irq_ticks=0 install_ticks=0 vector_at_install=0x0083a028 pic1_mask_live=0x38 kbd_8042_stat=0x34 bios_kbd_head=0x001e bios_kbd_tail=0x001e bios_kbd_buf0=0x1970
[11:21:28] [info] dirty-rect block @flip=800: total_calls=0 dirty_rects_avg=1 dirty_pct_x10=1000 forced_full=0 first_n_force=0 threshold_exceeded=0 dirty_path_taken=0 full_flush_taken=0
[11:21:28] [info] prev-frame-diff block @flip=800: diff_calls=0 diff_rects_avg=0 diff_dirty_pct_x10=0 bbox_pct_x10=0 bbox_thresh_exceeded=0
[11:21:29] [info] flip-probe: flip #810 ok=true present=3ms inter_flip_ms=43 drawcalls-since-flip=44 drawcalls-total=69970 fail-total=0 null-skips-total=0
[11:21:29] [info] backdrop cache: thrashing-detect engaged (streak=124, route=direct)
[11:21:29] [info] flip-probe: flip #820 ok=true present=3ms inter_flip_ms=41 drawcalls-since-flip=18 drawcalls-total=70176 fail-total=0 null-skips-total=0
[11:21:30] [info] flip-probe: flip #830 ok=true present=3ms inter_flip_ms=41 drawcalls-since-flip=18 drawcalls-total=70356 fail-total=0 null-skips-total=0
[11:21:30] [info] flip-probe: flip #840 ok=true present=3ms inter_flip_ms=42 drawcalls-since-flip=17 drawcalls-total=70527 fail-total=0 null-skips-total=0
[11:21:30] [info] flip-probe: flip #850 ok=true present=3ms inter_flip_ms=41 drawcalls-since-flip=17 drawcalls-total=70692 fail-total=0 null-skips-total=0
[11:21:31] [info] flip-probe: flip #860 ok=true present=3ms inter_flip_ms=39 drawcalls-since-flip=16 drawcalls-total=70856 fail-total=0 null-skips-total=0
[11:21:31] [info] flip-probe: flip #870 ok=true present=3ms inter_flip_ms=39 drawcalls-since-flip=16 drawcalls-total=71016 fail-total=0 null-skips-total=0
[11:21:31] [info] backdrop cache: thrashing-detect engaged (streak=184, route=direct)
[11:21:32] [info] flip-probe: flip #880 ok=true present=3ms inter_flip_ms=40 drawcalls-since-flip=16 drawcalls-total=71176 fail-total=0 null-skips-total=0
[11:21:32] [info] flip-probe: flip #890 ok=true present=3ms inter_flip_ms=39 drawcalls-since-flip=16 drawcalls-total=71336 fail-total=0 null-skips-total=0
[11:21:32] [info] flip-probe: flip #900 ok=true present=3ms inter_flip_ms=40 drawcalls-since-flip=21 drawcalls-total=71575 fail-total=0 null-skips-total=0
[11:21:32] [info] alpha audit block 0: 1795 total drawcalls, 0 with alpha<255 (block pct_x10=0; global 0/65515 pct_x10=0); alpha-mod skipped: block=0 global=0
[11:21:32] [info] fastpath audit block 0: taken=1795 (idx8=1795) skipped=0 pct_x10=1000; global taken=65515 (idx8=65515) skipped=0 pct_x10=1000
[11:21:32] [info] primitive tally block 0: clear=200(hr=200) fill=0(hr=0) rect=0(hr=0) line=0(hr=0) tint=0 spotlight=0 (over 100 flips ending at flip 900)
[11:21:32] [info] color/alpha audit block 0: cmod_white=143 cmod_black=143 (idx=143) cmod_general=0 (idx=0) cmod_fb=0; alpha_taken=0 alpha_skipped=0 (global cmod=6222/4680/693/0 idx=4680/693 alpha=0/0)
[11:21:32] [info] phase timing block 0: drawcalls=2281 dc_total_ms=575 flip_inner_total_ms=447 inter_flip_total_ms=4174 (per-flip avg x10: dc_ms=57 fi_ms=44 if_ms=417 derived audio+engine_ms=316; per-drawcall avg us_x10=2521) [direct-vesa: presents=100 total_ms=283 avg_ms_x10=28 failed=0] [ablation: NO_DC_TIMING=0 CACHE_WINSURF=0 DIRECT_VESA=1]
[11:21:33] [info] kbd/audio block 0: kbd_irq=0 kbd_drain=0 ring_chunks=16 pump_pass=1987 pic1_mask=0xb8 first_irq_ticks=0 install_ticks=0 vector_at_install=0x0083a028 pic1_mask_live=0x38 kbd_8042_stat=0x34 bios_kbd_head=0x001e bios_kbd_tail=0x001e bios_kbd_buf0=0x1970
[11:21:33] [info] dirty-rect block @flip=900: total_calls=0 dirty_rects_avg=1 dirty_pct_x10=1000 forced_full=0 first_n_force=0 threshold_exceeded=0 dirty_path_taken=0 full_flush_taken=0
[11:21:33] [info] prev-frame-diff block @flip=900: diff_calls=0 diff_rects_avg=0 diff_dirty_pct_x10=0 bbox_pct_x10=0 bbox_thresh_exceeded=0
[11:21:33] [info] flip-probe: flip #910 ok=true present=3ms inter_flip_ms=40 drawcalls-since-flip=20 drawcalls-total=71766 fail-total=0 null-skips-total=0
[11:21:33] [info] flip-probe: flip #920 ok=true present=3ms inter_flip_ms=40 drawcalls-since-flip=17 drawcalls-total=71954 fail-total=0 null-skips-total=0
[11:21:34] [info] flip-probe: flip #930 ok=true present=3ms inter_flip_ms=73 drawcalls-since-flip=305 drawcalls-total=73501 fail-total=0 null-skips-total=0
[11:21:34] [info]  >> Entering stage 15: 'Reservoir'.
[11:21:34] [info] [skip-sheet-flush] cave=6
[11:21:35] [info] [load-stage] preloading entry music song=9 (cave=6)
[11:21:35] [info] gameloop: entered (curmap=15, running=1)
[11:21:35] [info] gameloop: iter 1 ticks=81488 mapno=-1
[11:21:35] [info] mds-clear-lut: rebuilt N=240 entries (k_skip=13% k_keep=87%; curmap=15 map_size=40x20; rebuild #4 since boot)
[11:21:35] [info] gameloop: iter 2 ticks=81579 mapno=-1
[11:21:35] [info] gameloop: iter 3 ticks=81659 mapno=-1
[11:21:35] [info] flip-probe: flip #940 ok=true present=2ms inter_flip_ms=66 drawcalls-since-flip=261 drawcalls-total=76347 fail-total=0 null-skips-total=0
[11:21:36] [info] flip-probe: flip #950 ok=true present=3ms inter_flip_ms=38 drawcalls-since-flip=32 drawcalls-total=77156 fail-total=0 null-skips-total=0
[11:21:36] [info] flip-probe: flip #960 ok=true present=3ms inter_flip_ms=38 drawcalls-since-flip=32 drawcalls-total=77476 fail-total=0 null-skips-total=0
[11:21:36] [info] flip-probe: flip #970 ok=true present=2ms inter_flip_ms=47 drawcalls-since-flip=32 drawcalls-total=77796 fail-total=0 null-skips-total=0
[11:21:37] [info] backdrop cache: thrashing-detect engaged (streak=4, route=direct)
[11:21:37] [info] flip-probe: flip #980 ok=true present=3ms inter_flip_ms=43 drawcalls-since-flip=34 drawcalls-total=78126 fail-total=0 null-skips-total=0
[11:21:37] [info] flip-probe: flip #990 ok=true present=3ms inter_flip_ms=43 drawcalls-since-flip=33 drawcalls-total=78475 fail-total=0 null-skips-total=0
[11:21:38] [info] flip-probe: flip #1000 ok=true present=3ms inter_flip_ms=49 drawcalls-since-flip=32 drawcalls-total=78798 fail-total=0 null-skips-total=0
[11:21:38] [info] alpha audit block 0: 6529 total drawcalls, 0 with alpha<255 (block pct_x10=0; global 0/72044 pct_x10=0); alpha-mod skipped: block=0 global=0
[11:21:38] [info] fastpath audit block 0: taken=6529 (idx8=6529) skipped=0 pct_x10=1000; global taken=72044 (idx8=72044) skipped=0 pct_x10=1000
[11:21:38] [info] primitive tally block 0: clear=201(hr=201) fill=0(hr=0) rect=0(hr=0) line=0(hr=0) tint=0 spotlight=0 (over 100 flips ending at flip 1000)
[11:21:38] [info] color/alpha audit block 0: cmod_white=594 cmod_black=594 (idx=594) cmod_general=0 (idx=0) cmod_fb=0; alpha_taken=0 alpha_skipped=0 (global cmod=6816/5274/693/0 idx=5274/693 alpha=0/0)
[11:21:38] [info] phase timing block 0: drawcalls=7959 dc_total_ms=1204 flip_inner_total_ms=458 inter_flip_total_ms=5202 (per-flip avg x10: dc_ms=120 fi_ms=45 if_ms=520 derived audio+engine_ms=355; per-drawcall avg us_x10=1513) [direct-vesa: presents=100 total_ms=283 avg_ms_x10=28 failed=0] [ablation: NO_DC_TIMING=0 CACHE_WINSURF=0 DIRECT_VESA=1]
[11:21:38] [info] kbd/audio block 0: kbd_irq=0 kbd_drain=0 ring_chunks=16 pump_pass=2218 pic1_mask=0xb8 first_irq_ticks=0 install_ticks=0 vector_at_install=0x0083a028 pic1_mask_live=0x38 kbd_8042_stat=0x34 bios_kbd_head=0x001e bios_kbd_tail=0x001e bios_kbd_buf0=0x1970
[11:21:38] [info] dirty-rect block @flip=1000: total_calls=0 dirty_rects_avg=1 dirty_pct_x10=1000 forced_full=0 first_n_force=0 threshold_exceeded=0 dirty_path_taken=0 full_flush_taken=0
[11:21:38] [info] prev-frame-diff block @flip=1000: diff_calls=0 diff_rects_avg=0 diff_dirty_pct_x10=0 bbox_pct_x10=0 bbox_thresh_exceeded=0
[11:21:38] [info] flip-probe: flip #1010 ok=true present=3ms inter_flip_ms=41 drawcalls-since-flip=33 drawcalls-total=79128 fail-total=0 null-skips-total=0
[11:21:39] [info] flip-probe: flip #1020 ok=true present=3ms inter_flip_ms=41 drawcalls-since-flip=33 drawcalls-total=79458 fail-total=0 null-skips-total=0
[11:21:39] [info] tas: stall frame 210 ms -> contributing 1 tick (patch 0286)
[11:21:39] [info] flip-probe: flip #1030 ok=true present=3ms inter_flip_ms=41 drawcalls-since-flip=35 drawcalls-total=79799 fail-total=0 null-skips-total=0
[11:21:39] [info] backdrop cache: thrashing-detect engaged (streak=64, route=direct)
[11:21:40] [info] flip-probe: flip #1040 ok=true present=3ms inter_flip_ms=43 drawcalls-since-flip=37 drawcalls-total=80159 fail-total=0 null-skips-total=0
[11:21:40] [info] flip-probe: flip #1050 ok=true present=3ms inter_flip_ms=42 drawcalls-since-flip=39 drawcalls-total=80540 fail-total=0 null-skips-total=0
[11:21:40] [info] flip-probe: flip #1060 ok=true present=3ms inter_flip_ms=40 drawcalls-since-flip=18 drawcalls-total=80800 fail-total=0 null-skips-total=0
[11:21:41] [info] flip-probe: flip #1070 ok=true present=3ms inter_flip_ms=35 drawcalls-since-flip=18 drawcalls-total=80983 fail-total=0 null-skips-total=0
[11:21:41] [info] flip-probe: flip #1080 ok=true present=3ms inter_flip_ms=39 drawcalls-since-flip=17 drawcalls-total=81155 fail-total=0 null-skips-total=0
[11:21:42] [info] flip-probe: flip #1090 ok=true present=3ms inter_flip_ms=37 drawcalls-since-flip=16 drawcalls-total=81324 fail-total=0 null-skips-total=0
[11:21:42] [info] backdrop cache: thrashing-detect engaged (streak=124, route=direct)
[11:21:42] [info] flip-probe: flip #1100 ok=true present=3ms inter_flip_ms=39 drawcalls-since-flip=16 drawcalls-total=81479 fail-total=0 null-skips-total=0
[11:21:42] [info] alpha audit block 0: 2095 total drawcalls, 0 with alpha<255 (block pct_x10=0; global 0/74139 pct_x10=0); alpha-mod skipped: block=0 global=0
[11:21:42] [info] fastpath audit block 0: taken=2095 (idx8=2095) skipped=0 pct_x10=1000; global taken=74139 (idx8=74139) skipped=0 pct_x10=1000
[11:21:42] [info] primitive tally block 0: clear=200(hr=200) fill=0(hr=0) rect=0(hr=0) line=0(hr=0) tint=0 spotlight=0 (over 100 flips ending at flip 1100)
[11:21:42] [info] color/alpha audit block 0: cmod_white=486 cmod_black=486 (idx=486) cmod_general=0 (idx=0) cmod_fb=0; alpha_taken=0 alpha_skipped=0 (global cmod=7302/5760/693/0 idx=5760/693 alpha=0/0)
[11:21:42] [info] phase timing block 0: drawcalls=3267 dc_total_ms=605 flip_inner_total_ms=446 inter_flip_total_ms=4291 (per-flip avg x10: dc_ms=60 fi_ms=44 if_ms=429 derived audio+engine_ms=325; per-drawcall avg us_x10=1852) [direct-vesa: presents=100 total_ms=280 avg_ms_x10=28 failed=0] [ablation: NO_DC_TIMING=0 CACHE_WINSURF=0 DIRECT_VESA=1]
[11:21:42] [info] kbd/audio block 0: kbd_irq=0 kbd_drain=0 ring_chunks=16 pump_pass=2423 pic1_mask=0xb8 first_irq_ticks=0 install_ticks=0 vector_at_install=0x0083a028 pic1_mask_live=0x38 kbd_8042_stat=0x34 bios_kbd_head=0x001e bios_kbd_tail=0x001e bios_kbd_buf0=0x1970
[11:21:42] [info] dirty-rect block @flip=1100: total_calls=0 dirty_rects_avg=1 dirty_pct_x10=1000 forced_full=0 first_n_force=0 threshold_exceeded=0 dirty_path_taken=0 full_flush_taken=0
[11:21:42] [info] prev-frame-diff block @flip=1100: diff_calls=0 diff_rects_avg=0 diff_dirty_pct_x10=0 bbox_pct_x10=0 bbox_thresh_exceeded=0
[11:21:42] [info] flip-probe: flip #1110 ok=true present=3ms inter_flip_ms=39 drawcalls-since-flip=16 drawcalls-total=81639 fail-total=0 null-skips-total=0
[11:21:43] [info] flip-probe: flip #1120 ok=true present=3ms inter_flip_ms=39 drawcalls-since-flip=16 drawcalls-total=81792 fail-total=0 null-skips-total=0
[11:21:43] [info] flip-probe: flip #1130 ok=true present=3ms inter_flip_ms=37 drawcalls-since-flip=15 drawcalls-total=81945 fail-total=0 null-skips-total=0
[11:21:44] [info] flip-probe: flip #1140 ok=true present=2ms inter_flip_ms=38 drawcalls-since-flip=16 drawcalls-total=82102 fail-total=0 null-skips-total=0
[11:21:44] [info] backdrop cache: thrashing-detect engaged (streak=4, route=direct)
[11:21:44] [info] flip-probe: flip #1150 ok=true present=2ms inter_flip_ms=40 drawcalls-since-flip=14 drawcalls-total=82253 fail-total=0 null-skips-total=0
[11:21:44] [info] flip-probe: flip #1160 ok=true present=3ms inter_flip_ms=40 drawcalls-since-flip=14 drawcalls-total=82393 fail-total=0 null-skips-total=0
[11:21:45] [info] flip-probe: flip #1170 ok=true present=3ms inter_flip_ms=37 drawcalls-since-flip=14 drawcalls-total=82533 fail-total=0 null-skips-total=0
[11:21:45] [info] flip-probe: flip #1180 ok=true present=3ms inter_flip_ms=40 drawcalls-since-flip=14 drawcalls-total=82673 fail-total=0 null-skips-total=0
[11:21:46] [info] flip-probe: flip #1190 ok=true present=3ms inter_flip_ms=35 drawcalls-since-flip=14 drawcalls-total=82813 fail-total=0 null-skips-total=0
[11:21:46] [info] flip-probe: flip #1200 ok=true present=3ms inter_flip_ms=36 drawcalls-since-flip=14 drawcalls-total=82953 fail-total=0 null-skips-total=0
[11:21:46] [info] alpha audit block 0: 1374 total drawcalls, 0 with alpha<255 (block pct_x10=0; global 0/75513 pct_x10=0); alpha-mod skipped: block=0 global=0
[11:21:46] [info] fastpath audit block 0: taken=1374 (idx8=1374) skipped=0 pct_x10=1000; global taken=75513 (idx8=75513) skipped=0 pct_x10=1000
[11:21:46] [info] primitive tally block 0: clear=200(hr=200) fill=0(hr=0) rect=0(hr=0) line=0(hr=0) tint=0 spotlight=0 (over 100 flips ending at flip 1200)
[11:21:46] [info] phase timing block 0: drawcalls=1600 dc_total_ms=621 flip_inner_total_ms=449 inter_flip_total_ms=3956 (per-flip avg x10: dc_ms=62 fi_ms=44 if_ms=395 derived audio+engine_ms=289; per-drawcall avg us_x10=3882) [direct-vesa: presents=100 total_ms=282 avg_ms_x10=28 failed=0] [ablation: NO_DC_TIMING=0 CACHE_WINSURF=0 DIRECT_VESA=1]
[11:21:46] [info] kbd/audio block 0: kbd_irq=0 kbd_drain=0 ring_chunks=16 pump_pass=2621 pic1_mask=0xb8 first_irq_ticks=0 install_ticks=0 vector_at_install=0x0083a028 pic1_mask_live=0x38 kbd_8042_stat=0x34 bios_kbd_head=0x001e bios_kbd_tail=0x001e bios_kbd_buf0=0x1970
[11:21:46] [info] dirty-rect block @flip=1200: total_calls=0 dirty_rects_avg=1 dirty_pct_x10=1000 forced_full=0 first_n_force=0 threshold_exceeded=0 dirty_path_taken=0 full_flush_taken=0
[11:21:46] [info] prev-frame-diff block @flip=1200: diff_calls=0 diff_rects_avg=0 diff_dirty_pct_x10=0 bbox_pct_x10=0 bbox_thresh_exceeded=0
[11:21:46] [info] backdrop cache: thrashing-detect engaged (streak=64, route=direct)
[11:21:46] [info] flip-probe: flip #1210 ok=true present=3ms inter_flip_ms=38 drawcalls-since-flip=14 drawcalls-total=83093 fail-total=0 null-skips-total=0
[11:21:47] [info] flip-probe: flip #1220 ok=true present=3ms inter_flip_ms=37 drawcalls-since-flip=14 drawcalls-total=83233 fail-total=0 null-skips-total=0
[11:21:47] [info] flip-probe: flip #1230 ok=true present=3ms inter_flip_ms=38 drawcalls-since-flip=14 drawcalls-total=83373 fail-total=0 null-skips-total=0
[11:21:47] [info] flip-probe: flip #1240 ok=true present=3ms inter_flip_ms=37 drawcalls-since-flip=14 drawcalls-total=83513 fail-total=0 null-skips-total=0
[11:21:47] [info] run_tick_fixed #2700: heartbeat (loop alive)
[11:21:48] [info] flip-probe: flip #1250 ok=true present=3ms inter_flip_ms=68 drawcalls-since-flip=318 drawcalls-total=85380 fail-total=0 null-skips-total=0
[11:21:48] [info]  >> Entering stage 11: 'Mimiga Village'.
[11:21:48] [info] [skip-sheet-flush] cave=7
[11:21:49] [info] [load-stage] preloading entry music song=9 (cave=7)
[11:21:49] [info] gameloop: entered (curmap=11, running=1)
[11:21:49] [info] gameloop: iter 1 ticks=95763 mapno=-1
[11:21:49] [info] mds-clear-lut: rebuilt N=240 entries (k_skip=0% k_keep=100%; curmap=11 map_size=60x60; rebuild #5 since boot)
[11:21:49] [info] gameloop: iter 2 ticks=95853 mapno=-1
[11:21:49] [info] gameloop: iter 3 ticks=95939 mapno=-1
[11:21:49] [info] flip-probe: flip #1260 ok=true present=3ms inter_flip_ms=63 drawcalls-since-flip=196 drawcalls-total=88096 fail-total=0 null-skips-total=0
[11:21:50] [info] flip-probe: flip #1270 ok=true present=2ms inter_flip_ms=42 drawcalls-since-flip=42 drawcalls-total=88712 fail-total=0 null-skips-total=0
[11:21:50] [info] flip-probe: flip #1280 ok=true present=4ms inter_flip_ms=41 drawcalls-since-flip=42 drawcalls-total=89132 fail-total=0 null-skips-total=0
[11:21:51] [info] flip-probe: flip #1290 ok=true present=3ms inter_flip_ms=42 drawcalls-since-flip=42 drawcalls-total=89552 fail-total=0 null-skips-total=0
[11:21:51] [info] flip-probe: flip #1300 ok=true present=3ms inter_flip_ms=56 drawcalls-since-flip=53 drawcalls-total=90071 fail-total=0 null-skips-total=0
[11:21:51] [info] alpha audit block 0: 6407 total drawcalls, 0 with alpha<255 (block pct_x10=0; global 0/81920 pct_x10=0); alpha-mod skipped: block=0 global=0
[11:21:51] [info] fastpath audit block 0: taken=6407 (idx8=6407) skipped=0 pct_x10=1000; global taken=81920 (idx8=81920) skipped=0 pct_x10=1000
[11:21:51] [info] primitive tally block 0: clear=201(hr=201) fill=0(hr=0) rect=0(hr=0) line=0(hr=0) tint=0 spotlight=0 (over 100 flips ending at flip 1300)
[11:21:51] [info] color/alpha audit block 0: cmod_white=611 cmod_black=611 (idx=611) cmod_general=0 (idx=0) cmod_fb=0; alpha_taken=0 alpha_skipped=0 (global cmod=7913/6371/693/0 idx=6371/693 alpha=0/0)
[11:21:51] [info] phase timing block 0: drawcalls=7877 dc_total_ms=1215 flip_inner_total_ms=449 inter_flip_total_ms=5407 (per-flip avg x10: dc_ms=121 fi_ms=44 if_ms=540 derived audio+engine_ms=375; per-drawcall avg us_x10=1542) [direct-vesa: presents=100 total_ms=280 avg_ms_x10=28 failed=0] [ablation: NO_DC_TIMING=0 CACHE_WINSURF=0 DIRECT_VESA=1]
[11:21:51] [info] kbd/audio block 0: kbd_irq=0 kbd_drain=0 ring_chunks=16 pump_pass=2849 pic1_mask=0xb8 first_irq_ticks=0 install_ticks=0 vector_at_install=0x0083a028 pic1_mask_live=0x38 kbd_8042_stat=0x34 bios_kbd_head=0x001e bios_kbd_tail=0x001e bios_kbd_buf0=0x1970
[11:21:51] [info] dirty-rect block @flip=1300: total_calls=0 dirty_rects_avg=1 dirty_pct_x10=1000 forced_full=0 first_n_force=0 threshold_exceeded=0 dirty_path_taken=0 full_flush_taken=0
[11:21:51] [info] prev-frame-diff block @flip=1300: diff_calls=0 diff_rects_avg=0 diff_dirty_pct_x10=0 bbox_pct_x10=0 bbox_thresh_exceeded=0
[11:21:51] [info] backdrop cache: thrashing-detect engaged (streak=4, route=direct)
[11:21:52] [info] flip-probe: flip #1310 ok=true present=3ms inter_flip_ms=49 drawcalls-since-flip=46 drawcalls-total=90552 fail-total=0 null-skips-total=0
[11:21:52] [info] flip-probe: flip #1320 ok=true present=3ms inter_flip_ms=48 drawcalls-since-flip=45 drawcalls-total=91028 fail-total=0 null-skips-total=0
[11:21:53] [info] flip-probe: flip #1330 ok=true present=3ms inter_flip_ms=48 drawcalls-since-flip=45 drawcalls-total=91481 fail-total=0 null-skips-total=0
[11:21:53] [info] flip-probe: flip #1340 ok=true present=3ms inter_flip_ms=45 drawcalls-since-flip=43 drawcalls-total=91920 fail-total=0 null-skips-total=0
[11:21:54] [info] flip-probe: flip #1350 ok=true present=3ms inter_flip_ms=47 drawcalls-since-flip=45 drawcalls-total=92379 fail-total=0 null-skips-total=0
[11:21:54] [info] flip-probe: flip #1360 ok=true present=3ms inter_flip_ms=46 drawcalls-since-flip=45 drawcalls-total=92829 fail-total=0 null-skips-total=0
[11:21:54] [info] backdrop cache: thrashing-detect engaged (streak=64, route=direct)
[11:21:55] [info] flip-probe: flip #1370 ok=true present=3ms inter_flip_ms=44 drawcalls-since-flip=45 drawcalls-total=93279 fail-total=0 null-skips-total=0
[11:21:55] [info] flip-probe: flip #1380 ok=true present=3ms inter_flip_ms=39 drawcalls-since-flip=19 drawcalls-total=93547 fail-total=0 null-skips-total=0
[11:21:55] [info] flip-probe: flip #1390 ok=true present=3ms inter_flip_ms=41 drawcalls-since-flip=19 drawcalls-total=93737 fail-total=0 null-skips-total=0
[11:21:56] [info] flip-probe: flip #1400 ok=true present=3ms inter_flip_ms=41 drawcalls-since-flip=18 drawcalls-total=93919 fail-total=0 null-skips-total=0
[11:21:56] [info] alpha audit block 0: 2799 total drawcalls, 0 with alpha<255 (block pct_x10=0; global 0/84719 pct_x10=0); alpha-mod skipped: block=0 global=0
[11:21:56] [info] fastpath audit block 0: taken=2799 (idx8=2799) skipped=0 pct_x10=1000; global taken=84719 (idx8=84719) skipped=0 pct_x10=1000
[11:21:56] [info] primitive tally block 0: clear=200(hr=200) fill=0(hr=0) rect=0(hr=0) line=0(hr=0) tint=0 spotlight=0 (over 100 flips ending at flip 1400)
[11:21:56] [info] color/alpha audit block 0: cmod_white=949 cmod_black=949 (idx=949) cmod_general=0 (idx=0) cmod_fb=0; alpha_taken=0 alpha_skipped=0 (global cmod=8862/7320/693/0 idx=7320/693 alpha=0/0)
[11:21:56] [info] phase timing block 0: drawcalls=4898 dc_total_ms=736 flip_inner_total_ms=449 inter_flip_total_ms=4495 (per-flip avg x10: dc_ms=73 fi_ms=44 if_ms=449 derived audio+engine_ms=332; per-drawcall avg us_x10=1504) [direct-vesa: presents=100 total_ms=282 avg_ms_x10=28 failed=0] [ablation: NO_DC_TIMING=0 CACHE_WINSURF=0 DIRECT_VESA=1]
[11:21:56] [info] kbd/audio block 0: kbd_irq=0 kbd_drain=0 ring_chunks=16 pump_pass=3074 pic1_mask=0xb8 first_irq_ticks=0 install_ticks=0 vector_at_install=0x0083a028 pic1_mask_live=0x38 kbd_8042_stat=0x34 bios_kbd_head=0x001e bios_kbd_tail=0x001e bios_kbd_buf0=0x1970
[11:21:56] [info] dirty-rect block @flip=1400: total_calls=0 dirty_rects_avg=1 dirty_pct_x10=1000 forced_full=0 first_n_force=0 threshold_exceeded=0 dirty_path_taken=0 full_flush_taken=0
[11:21:56] [info] prev-frame-diff block @flip=1400: diff_calls=0 diff_rects_avg=0 diff_dirty_pct_x10=0 bbox_pct_x10=0 bbox_thresh_exceeded=0
[11:21:56] [info] flip-probe: flip #1410 ok=true present=3ms inter_flip_ms=40 drawcalls-since-flip=18 drawcalls-total=94099 fail-total=0 null-skips-total=0
[11:21:57] [info] flip-probe: flip #1420 ok=true present=3ms inter_flip_ms=41 drawcalls-since-flip=17 drawcalls-total=94270 fail-total=0 null-skips-total=0
[11:21:57] [info] backdrop cache: thrashing-detect engaged (streak=124, route=direct)
[11:21:57] [info] flip-probe: flip #1430 ok=true present=3ms inter_flip_ms=41 drawcalls-since-flip=18 drawcalls-total=94443 fail-total=0 null-skips-total=0
[11:21:58] [info] flip-probe: flip #1440 ok=true present=3ms inter_flip_ms=41 drawcalls-since-flip=19 drawcalls-total=94629 fail-total=0 null-skips-total=0
[11:21:58] [info] flip-probe: flip #1450 ok=true present=3ms inter_flip_ms=40 drawcalls-since-flip=19 drawcalls-total=94819 fail-total=0 null-skips-total=0
[11:21:58] [info] flip-probe: flip #1460 ok=true present=3ms inter_flip_ms=41 drawcalls-since-flip=19 drawcalls-total=95009 fail-total=0 null-skips-total=0
[11:21:59] [info] flip-probe: flip #1470 ok=true present=3ms inter_flip_ms=41 drawcalls-since-flip=18 drawcalls-total=95189 fail-total=0 null-skips-total=0
[11:21:59] [info] flip-probe: flip #1480 ok=true present=3ms inter_flip_ms=39 drawcalls-since-flip=17 drawcalls-total=95361 fail-total=0 null-skips-total=0
[11:21:59] [info] backdrop cache: thrashing-detect engaged (streak=184, route=direct)
[11:22:00] [info] flip-probe: flip #1490 ok=true present=3ms inter_flip_ms=41 drawcalls-since-flip=18 drawcalls-total=95541 fail-total=0 null-skips-total=0
[11:22:00] [info] flip-probe: flip #1500 ok=true present=3ms inter_flip_ms=41 drawcalls-since-flip=19 drawcalls-total=95725 fail-total=0 null-skips-total=0
[11:22:00] [info] alpha audit block 0: 1706 total drawcalls, 0 with alpha<255 (block pct_x10=0; global 0/86425 pct_x10=0); alpha-mod skipped: block=0 global=0
[11:22:00] [info] fastpath audit block 0: taken=1706 (idx8=1706) skipped=0 pct_x10=1000; global taken=86425 (idx8=86425) skipped=0 pct_x10=1000
[11:22:00] [info] primitive tally block 0: clear=200(hr=200) fill=0(hr=0) rect=0(hr=0) line=0(hr=0) tint=0 spotlight=0 (over 100 flips ending at flip 1500)
[11:22:00] [info] phase timing block 0: drawcalls=1906 dc_total_ms=553 flip_inner_total_ms=450 inter_flip_total_ms=4193 (per-flip avg x10: dc_ms=55 fi_ms=45 if_ms=419 derived audio+engine_ms=319; per-drawcall avg us_x10=2905) [direct-vesa: presents=100 total_ms=284 avg_ms_x10=28 failed=0] [ablation: NO_DC_TIMING=0 CACHE_WINSURF=0 DIRECT_VESA=1]
[11:22:00] [info] kbd/audio block 0: kbd_irq=0 kbd_drain=0 ring_chunks=16 pump_pass=3284 pic1_mask=0xb8 first_irq_ticks=0 install_ticks=0 vector_at_install=0x0083a028 pic1_mask_live=0x38 kbd_8042_stat=0x34 bios_kbd_head=0x001e bios_kbd_tail=0x001e bios_kbd_buf0=0x1970
[11:22:00] [info] dirty-rect block @flip=1500: total_calls=0 dirty_rects_avg=1 dirty_pct_x10=1000 forced_full=0 first_n_force=0 threshold_exceeded=0 dirty_path_taken=0 full_flush_taken=0
[11:22:00] [info] prev-frame-diff block @flip=1500: diff_calls=0 diff_rects_avg=0 diff_dirty_pct_x10=0 bbox_pct_x10=0 bbox_thresh_exceeded=0
[11:22:00] [info] flip-probe: flip #1510 ok=true present=3ms inter_flip_ms=39 drawcalls-since-flip=19 drawcalls-total=95915 fail-total=0 null-skips-total=0
[11:22:01] [info] flip-probe: flip #1520 ok=true present=2ms inter_flip_ms=42 drawcalls-since-flip=19 drawcalls-total=96105 fail-total=0 null-skips-total=0
[11:22:01] [info] flip-probe: flip #1530 ok=true present=3ms inter_flip_ms=39 drawcalls-since-flip=20 drawcalls-total=96304 fail-total=0 null-skips-total=0
[11:22:02] [info] flip-probe: flip #1540 ok=true present=2ms inter_flip_ms=40 drawcalls-since-flip=20 drawcalls-total=96504 fail-total=0 null-skips-total=0
[11:22:02] [info] backdrop cache: thrashing-detect engaged (streak=244, route=direct)
[11:22:02] [info] flip-probe: flip #1550 ok=true present=3ms inter_flip_ms=39 drawcalls-since-flip=20 drawcalls-total=96704 fail-total=0 null-skips-total=0
[11:22:03] [info] flip-probe: flip #1560 ok=true present=3ms inter_flip_ms=41 drawcalls-since-flip=17 drawcalls-total=96880 fail-total=0 null-skips-total=0
[11:22:03] [info] flip-probe: flip #1570 ok=true present=3ms inter_flip_ms=41 drawcalls-since-flip=17 drawcalls-total=97050 fail-total=0 null-skips-total=0
[11:22:03] [info] flip-probe: flip #1580 ok=true present=2ms inter_flip_ms=42 drawcalls-since-flip=18 drawcalls-total=97222 fail-total=0 null-skips-total=0
[11:22:04] [info] flip-probe: flip #1590 ok=true present=3ms inter_flip_ms=42 drawcalls-since-flip=18 drawcalls-total=97405 fail-total=0 null-skips-total=0
[11:22:04] [info] flip-probe: flip #1600 ok=true present=3ms inter_flip_ms=42 drawcalls-since-flip=17 drawcalls-total=97578 fail-total=0 null-skips-total=0
[11:22:04] [info] alpha audit block 0: 1753 total drawcalls, 0 with alpha<255 (block pct_x10=0; global 0/88178 pct_x10=0); alpha-mod skipped: block=0 global=0
[11:22:04] [info] fastpath audit block 0: taken=1753 (idx8=1753) skipped=0 pct_x10=1000; global taken=88178 (idx8=88178) skipped=0 pct_x10=1000
[11:22:04] [info] primitive tally block 0: clear=200(hr=200) fill=0(hr=0) rect=0(hr=0) line=0(hr=0) tint=0 spotlight=0 (over 100 flips ending at flip 1600)
[11:22:04] [info] phase timing block 0: drawcalls=1953 dc_total_ms=563 flip_inner_total_ms=441 inter_flip_total_ms=4204 (per-flip avg x10: dc_ms=56 fi_ms=44 if_ms=420 derived audio+engine_ms=320; per-drawcall avg us_x10=2886) [direct-vesa: presents=100 total_ms=280 avg_ms_x10=28 failed=0] [ablation: NO_DC_TIMING=0 CACHE_WINSURF=0 DIRECT_VESA=1]
[11:22:04] [info] kbd/audio block 0: kbd_irq=0 kbd_drain=0 ring_chunks=16 pump_pass=3494 pic1_mask=0xb8 first_irq_ticks=0 install_ticks=0 vector_at_install=0x0083a028 pic1_mask_live=0x38 kbd_8042_stat=0x34 bios_kbd_head=0x001e bios_kbd_tail=0x001e bios_kbd_buf0=0x1970
[11:22:04] [info] dirty-rect block @flip=1600: total_calls=0 dirty_rects_avg=1 dirty_pct_x10=1000 forced_full=0 first_n_force=0 threshold_exceeded=0 dirty_path_taken=0 full_flush_taken=0
[11:22:04] [info] prev-frame-diff block @flip=1600: diff_calls=0 diff_rects_avg=0 diff_dirty_pct_x10=0 bbox_pct_x10=0 bbox_thresh_exceeded=0
[11:22:04] [info] backdrop cache: thrashing-detect engaged (streak=304, route=direct)
[11:22:05] [info] flip-probe: flip #1610 ok=true present=3ms inter_flip_ms=41 drawcalls-since-flip=16 drawcalls-total=97740 fail-total=0 null-skips-total=0
[11:22:05] [info] flip-probe: flip #1620 ok=true present=3ms inter_flip_ms=43 drawcalls-since-flip=19 drawcalls-total=97911 fail-total=0 null-skips-total=0
[11:22:06] [info] flip-probe: flip #1630 ok=true present=3ms inter_flip_ms=44 drawcalls-since-flip=21 drawcalls-total=98105 fail-total=0 null-skips-total=0
[11:22:06] [info] flip-probe: flip #1640 ok=true present=3ms inter_flip_ms=42 drawcalls-since-flip=18 drawcalls-total=98304 fail-total=0 null-skips-total=0
[11:22:06] [info] run_tick_fixed #3600: heartbeat (loop alive)
[11:22:06] [info] flip-probe: flip #1650 ok=true present=3ms inter_flip_ms=71 drawcalls-since-flip=215 drawcalls-total=98833 fail-total=0 null-skips-total=0
[11:22:07] [info]  >> Entering stage 19: 'Assembly Hall'.
[11:22:07] [info] [skip-sheet-flush] cave=8
[11:22:08] [info] [load-stage] preloading entry music song=9 (cave=8)
[11:22:08] [info] gameloop: entered (curmap=19, running=1)
[11:22:08] [info] gameloop: iter 1 ticks=114533 mapno=-1
[11:22:08] [info] mds-clear-lut: rebuilt N=240 entries (k_skip=100% k_keep=0%; curmap=19 map_size=21x16; rebuild #6 since boot)
[11:22:08] [info] gameloop: iter 2 ticks=114632 mapno=-1
[11:22:08] [info] gameloop: iter 3 ticks=114720 mapno=-1
[11:22:08] [info] flip-probe: flip #1660 ok=true present=2ms inter_flip_ms=86 drawcalls-since-flip=463 drawcalls-total=102343 fail-total=0 null-skips-total=0
[11:22:09] [info] flip-probe: flip #1670 ok=true present=3ms inter_flip_ms=42 drawcalls-since-flip=122 drawcalls-total=104511 fail-total=0 null-skips-total=0
[11:22:09] [info] flip-probe: flip #1680 ok=true present=3ms inter_flip_ms=42 drawcalls-since-flip=122 drawcalls-total=105731 fail-total=0 null-skips-total=0
[11:22:09] [info] flip-probe: flip #1690 ok=true present=3ms inter_flip_ms=44 drawcalls-since-flip=122 drawcalls-total=106951 fail-total=0 null-skips-total=0
[11:22:10] [info] flip-probe: flip #1700 ok=true present=3ms inter_flip_ms=43 drawcalls-since-flip=125 drawcalls-total=108189 fail-total=0 null-skips-total=0
[11:22:10] [info] alpha audit block 0: 9995 total drawcalls, 0 with alpha<255 (block pct_x10=0; global 0/98173 pct_x10=0); alpha-mod skipped: block=0 global=0
[11:22:10] [info] fastpath audit block 0: taken=9995 (idx8=9995) skipped=0 pct_x10=1000; global taken=98173 (idx8=98173) skipped=0 pct_x10=1000
[11:22:10] [info] primitive tally block 0: clear=201(hr=201) fill=0(hr=0) rect=0(hr=0) line=0(hr=0) tint=0 spotlight=0 (over 100 flips ending at flip 1700)
[11:22:10] [info] color/alpha audit block 0: cmod_white=516 cmod_black=516 (idx=516) cmod_general=0 (idx=0) cmod_fb=0; alpha_taken=0 alpha_skipped=0 (global cmod=9378/7836/693/0 idx=7836/693 alpha=0/0)
[11:22:10] [info] phase timing block 0: drawcalls=11271 dc_total_ms=1280 flip_inner_total_ms=460 inter_flip_total_ms=5641 (per-flip avg x10: dc_ms=128 fi_ms=46 if_ms=564 derived audio+engine_ms=390; per-drawcall avg us_x10=1136) [direct-vesa: presents=100 total_ms=286 avg_ms_x10=28 failed=0] [ablation: NO_DC_TIMING=0 CACHE_WINSURF=0 DIRECT_VESA=1]
[11:22:10] [info] kbd/audio block 0: kbd_irq=0 kbd_drain=0 ring_chunks=16 pump_pass=3733 pic1_mask=0xb8 first_irq_ticks=0 install_ticks=0 vector_at_install=0x0083a028 pic1_mask_live=0x38 kbd_8042_stat=0x34 bios_kbd_head=0x001e bios_kbd_tail=0x001e bios_kbd_buf0=0x1970
[11:22:10] [info] dirty-rect block @flip=1700: total_calls=0 dirty_rects_avg=1 dirty_pct_x10=1000 forced_full=0 first_n_force=0 threshold_exceeded=0 dirty_path_taken=0 full_flush_taken=0
[11:22:10] [info] prev-frame-diff block @flip=1700: diff_calls=0 diff_rects_avg=0 diff_dirty_pct_x10=0 bbox_pct_x10=0 bbox_thresh_exceeded=0
[11:22:10] [info] flip-probe: flip #1710 ok=true present=3ms inter_flip_ms=43 drawcalls-since-flip=122 drawcalls-total=109414 fail-total=0 null-skips-total=0
[11:22:11] [info] flip-probe: flip #1720 ok=true present=3ms inter_flip_ms=42 drawcalls-since-flip=122 drawcalls-total=110647 fail-total=0 null-skips-total=0
[11:22:11] [info] flip-probe: flip #1730 ok=true present=3ms inter_flip_ms=44 drawcalls-since-flip=122 drawcalls-total=111867 fail-total=0 null-skips-total=0
[11:22:12] [info] flip-probe: flip #1740 ok=true present=3ms inter_flip_ms=43 drawcalls-since-flip=122 drawcalls-total=113087 fail-total=0 null-skips-total=0
[11:22:12] [info] flip-probe: flip #1750 ok=true present=3ms inter_flip_ms=42 drawcalls-since-flip=122 drawcalls-total=114307 fail-total=0 null-skips-total=0
[11:22:13] [info] flip-probe: flip #1760 ok=true present=3ms inter_flip_ms=68 drawcalls-since-flip=350 drawcalls-total=115935 fail-total=0 null-skips-total=0
[11:22:13] [info]  >> Entering stage 11: 'Mimiga Village'.
[11:22:13] [info] [skip-sheet-flush] cave=9
[11:22:14] [info] [load-stage] preloading entry music song=9 (cave=9)
[11:22:14] [info] gameloop: entered (curmap=11, running=1)
[11:22:14] [info] gameloop: iter 1 ticks=120603 mapno=-1
[11:22:14] [info] mds-clear-lut: rebuilt N=240 entries (k_skip=0% k_keep=100%; curmap=11 map_size=60x60; rebuild #7 since boot)
[11:22:14] [info] gameloop: iter 2 ticks=120704 mapno=-1
[11:22:14] [info] gameloop: iter 3 ticks=120796 mapno=-1
[11:22:14] [info] flip-probe: flip #1770 ok=true present=3ms inter_flip_ms=96 drawcalls-since-flip=384 drawcalls-total=119577 fail-total=0 null-skips-total=0
[11:22:14] [info] backdrop cache: thrashing-detect engaged (streak=4, route=direct)
[11:22:15] [info] flip-probe: flip #1780 ok=true present=3ms inter_flip_ms=43 drawcalls-since-flip=43 drawcalls-total=120862 fail-total=0 null-skips-total=0
[11:22:15] [info] flip-probe: flip #1790 ok=true present=3ms inter_flip_ms=45 drawcalls-since-flip=46 drawcalls-total=121319 fail-total=0 null-skips-total=0
[11:22:16] [info] flip-probe: flip #1800 ok=true present=3ms inter_flip_ms=47 drawcalls-since-flip=42 drawcalls-total=121753 fail-total=0 null-skips-total=0
[11:22:16] [info] alpha audit block 0: 12231 total drawcalls, 0 with alpha<255 (block pct_x10=0; global 0/110404 pct_x10=0); alpha-mod skipped: block=0 global=0
[11:22:16] [info] fastpath audit block 0: taken=12231 (idx8=12231) skipped=0 pct_x10=1000; global taken=110404 (idx8=110404) skipped=0 pct_x10=1000
[11:22:16] [info] primitive tally block 0: clear=202(hr=202) fill=0(hr=0) rect=0(hr=0) line=0(hr=0) tint=0 spotlight=0 (over 100 flips ending at flip 1800)
[11:22:16] [info] color/alpha audit block 0: cmod_white=1233 cmod_black=1233 (idx=1233) cmod_general=0 (idx=0) cmod_fb=0; alpha_taken=0 alpha_skipped=0 (global cmod=10611/9069/693/0 idx=9069/693 alpha=0/0)
[11:22:16] [info] phase timing block 0: drawcalls=14971 dc_total_ms=1567 flip_inner_total_ms=453 inter_flip_total_ms=5751 (per-flip avg x10: dc_ms=156 fi_ms=45 if_ms=575 derived audio+engine_ms=374; per-drawcall avg us_x10=1046) [direct-vesa: presents=100 total_ms=281 avg_ms_x10=28 failed=0] [ablation: NO_DC_TIMING=0 CACHE_WINSURF=0 DIRECT_VESA=1]
[11:22:16] [info] kbd/audio block 0: kbd_irq=0 kbd_drain=0 ring_chunks=16 pump_pass=3979 pic1_mask=0xb8 first_irq_ticks=0 install_ticks=0 vector_at_install=0x0083a028 pic1_mask_live=0x38 kbd_8042_stat=0x34 bios_kbd_head=0x001e bios_kbd_tail=0x001e bios_kbd_buf0=0x1970
[11:22:16] [info] dirty-rect block @flip=1800: total_calls=0 dirty_rects_avg=1 dirty_pct_x10=1000 forced_full=0 first_n_force=0 threshold_exceeded=0 dirty_path_taken=0 full_flush_taken=0
[11:22:16] [info] prev-frame-diff block @flip=1800: diff_calls=0 diff_rects_avg=0 diff_dirty_pct_x10=0 bbox_pct_x10=0 bbox_thresh_exceeded=0
[11:22:16] [info] flip-probe: flip #1810 ok=true present=3ms inter_flip_ms=44 drawcalls-since-flip=44 drawcalls-total=122185 fail-total=0 null-skips-total=0
[11:22:17] [info] flip-probe: flip #1820 ok=true present=3ms inter_flip_ms=43 drawcalls-since-flip=44 drawcalls-total=122628 fail-total=0 null-skips-total=0
[11:22:17] [info] flip-probe: flip #1830 ok=true present=2ms inter_flip_ms=45 drawcalls-since-flip=43 drawcalls-total=123060 fail-total=0 null-skips-total=0
[11:22:17] [info] backdrop cache: thrashing-detect engaged (streak=64, route=direct)
[11:22:17] [info] flip-probe: flip #1840 ok=true present=3ms inter_flip_ms=44 drawcalls-since-flip=46 drawcalls-total=123511 fail-total=0 null-skips-total=0
[11:22:18] [info] flip-probe: flip #1850 ok=true present=3ms inter_flip_ms=44 drawcalls-since-flip=45 drawcalls-total=123959 fail-total=0 null-skips-total=0
[11:22:18] [info] flip-probe: flip #1860 ok=true present=3ms inter_flip_ms=44 drawcalls-since-flip=44 drawcalls-total=124402 fail-total=0 null-skips-total=0
[11:22:19] [info] flip-probe: flip #1870 ok=true present=3ms inter_flip_ms=42 drawcalls-since-flip=44 drawcalls-total=124842 fail-total=0 null-skips-total=0
[11:22:19] [info] tas: stall frame 266 ms -> contributing 1 tick (patch 0286)
[11:22:19] [info] flip-probe: flip #1880 ok=true present=3ms inter_flip_ms=43 drawcalls-since-flip=43 drawcalls-total=125272 fail-total=0 null-skips-total=0
[11:22:20] [info] flip-probe: flip #1890 ok=true present=3ms inter_flip_ms=41 drawcalls-since-flip=17 drawcalls-total=125624 fail-total=0 null-skips-total=0
[11:22:20] [info] backdrop cache: thrashing-detect engaged (streak=124, route=direct)
[11:22:20] [info] flip-probe: flip #1900 ok=true present=3ms inter_flip_ms=41 drawcalls-since-flip=18 drawcalls-total=125800 fail-total=0 null-skips-total=0
[11:22:20] [info] alpha audit block 0: 2816 total drawcalls, 0 with alpha<255 (block pct_x10=0; global 0/113220 pct_x10=0); alpha-mod skipped: block=0 global=0
[11:22:20] [info] fastpath audit block 0: taken=2816 (idx8=2816) skipped=0 pct_x10=1000; global taken=113220 (idx8=113220) skipped=0 pct_x10=1000
[11:22:20] [info] primitive tally block 0: clear=200(hr=200) fill=0(hr=0) rect=0(hr=0) line=0(hr=0) tint=0 spotlight=0 (over 100 flips ending at flip 1900)
[11:22:20] [info] color/alpha audit block 0: cmod_white=1131 cmod_black=1131 (idx=1131) cmod_general=0 (idx=0) cmod_fb=0; alpha_taken=0 alpha_skipped=0 (global cmod=11742/10200/693/0 idx=10200/693 alpha=0/0)
[11:22:20] [info] phase timing block 0: drawcalls=5278 dc_total_ms=756 flip_inner_total_ms=666 inter_flip_total_ms=4686 (per-flip avg x10: dc_ms=75 fi_ms=66 if_ms=468 derived audio+engine_ms=327; per-drawcall avg us_x10=1433) [direct-vesa: presents=100 total_ms=282 avg_ms_x10=28 failed=0] [ablation: NO_DC_TIMING=0 CACHE_WINSURF=0 DIRECT_VESA=1]
[11:22:20] [info] kbd/audio block 0: kbd_irq=0 kbd_drain=0 ring_chunks=16 pump_pass=4201 pic1_mask=0xb8 first_irq_ticks=0 install_ticks=0 vector_at_install=0x0083a028 pic1_mask_live=0x38 kbd_8042_stat=0x34 bios_kbd_head=0x001e bios_kbd_tail=0x001e bios_kbd_buf0=0x1970
[11:22:20] [info] dirty-rect block @flip=1900: total_calls=0 dirty_rects_avg=1 dirty_pct_x10=1000 forced_full=0 first_n_force=0 threshold_exceeded=0 dirty_path_taken=0 full_flush_taken=0
[11:22:20] [info] prev-frame-diff block @flip=1900: diff_calls=0 diff_rects_avg=0 diff_dirty_pct_x10=0 bbox_pct_x10=0 bbox_thresh_exceeded=0
[11:22:21] [info] flip-probe: flip #1910 ok=true present=4ms inter_flip_ms=40 drawcalls-since-flip=18 drawcalls-total=125980 fail-total=0 null-skips-total=0
[11:22:21] [info] flip-probe: flip #1920 ok=true present=4ms inter_flip_ms=39 drawcalls-since-flip=19 drawcalls-total=126173 fail-total=0 null-skips-total=0
[11:22:22] [info] flip-probe: flip #1930 ok=true present=3ms inter_flip_ms=40 drawcalls-since-flip=15 drawcalls-total=126342 fail-total=0 null-skips-total=0
[11:22:22] [info] flip-probe: flip #1940 ok=true present=3ms inter_flip_ms=40 drawcalls-since-flip=15 drawcalls-total=126492 fail-total=0 null-skips-total=0
[11:22:23] [info] flip-probe: flip #1950 ok=true present=3ms inter_flip_ms=81 drawcalls-since-flip=356 drawcalls-total=128089 fail-total=0 null-skips-total=0
[11:22:23] [info] backdrop cache: thrashing-detect engaged (streak=184, route=direct)
[11:22:23] [info]  >> Entering stage 14: 'Shack'.
[11:22:23] [info] [skip-sheet-flush] cave=10
[11:22:23] [info] [load-stage] preloading entry music song=8 (cave=10)
[11:22:23] [info] opl3 backend: on_song_stop
[11:22:24] [info] MidiScheduler::load: parsed 'data/orgmid2/vivi.mid' = 11188 events at 48 PPQ
[11:22:24] [info] opl3 backend: on_song_start
[11:22:24] [info] gameloop: entered (curmap=14, running=1)
[11:22:24] [info] gameloop: iter 1 ticks=130522 mapno=-1
[11:22:24] [info] gameloop: iter 2 ticks=130592 mapno=-1
[11:22:24] [info] gameloop: iter 3 ticks=130669 mapno=-1
[11:22:24] [info] flip-probe: flip #1960 ok=true present=3ms inter_flip_ms=59 drawcalls-since-flip=253 drawcalls-total=131224 fail-total=0 null-skips-total=0
[11:22:25] [info] flip-probe: flip #1970 ok=true present=3ms inter_flip_ms=30 drawcalls-since-flip=24 drawcalls-total=131667 fail-total=0 null-skips-total=0
[11:22:25] [info] flip-probe: flip #1980 ok=true present=3ms inter_flip_ms=31 drawcalls-since-flip=24 drawcalls-total=131907 fail-total=0 null-skips-total=0
[11:22:25] [info] flip-probe: flip #1990 ok=true present=3ms inter_flip_ms=30 drawcalls-since-flip=24 drawcalls-total=132147 fail-total=0 null-skips-total=0
[11:22:26] [info] flip-probe: flip #2000 ok=true present=3ms inter_flip_ms=38 drawcalls-since-flip=26 drawcalls-total=132391 fail-total=0 null-skips-total=0
[11:22:26] [info] alpha audit block 0: 6303 total drawcalls, 0 with alpha<255 (block pct_x10=0; global 0/119523 pct_x10=0); alpha-mod skipped: block=0 global=0
[11:22:26] [info] fastpath audit block 0: taken=6303 (idx8=6303) skipped=0 pct_x10=1000; global taken=119523 (idx8=119523) skipped=0 pct_x10=1000
[11:22:26] [info] primitive tally block 0: clear=201(hr=201) fill=0(hr=0) rect=0(hr=0) line=0(hr=0) tint=0 spotlight=0 (over 100 flips ending at flip 2000)
[11:22:26] [info] color/alpha audit block 0: cmod_white=235 cmod_black=235 (idx=235) cmod_general=0 (idx=0) cmod_fb=0; alpha_taken=0 alpha_skipped=0 (global cmod=11977/10435/693/0 idx=10435/693 alpha=0/0)
[11:22:26] [info] phase timing block 0: drawcalls=6974 dc_total_ms=949 flip_inner_total_ms=462 inter_flip_total_ms=5265 (per-flip avg x10: dc_ms=94 fi_ms=46 if_ms=526 derived audio+engine_ms=386; per-drawcall avg us_x10=1362) [direct-vesa: presents=100 total_ms=283 avg_ms_x10=28 failed=0] [ablation: NO_DC_TIMING=0 CACHE_WINSURF=0 DIRECT_VESA=1]
[11:22:26] [info] kbd/audio block 0: kbd_irq=0 kbd_drain=0 ring_chunks=16 pump_pass=4415 pic1_mask=0xb8 first_irq_ticks=0 install_ticks=0 vector_at_install=0x0083a028 pic1_mask_live=0x38 kbd_8042_stat=0x34 bios_kbd_head=0x001e bios_kbd_tail=0x001e bios_kbd_buf0=0x1970
[11:22:26] [info] dirty-rect block @flip=2000: total_calls=0 dirty_rects_avg=1 dirty_pct_x10=1000 forced_full=0 first_n_force=0 threshold_exceeded=0 dirty_path_taken=0 full_flush_taken=0
[11:22:26] [info] prev-frame-diff block @flip=2000: diff_calls=0 diff_rects_avg=0 diff_dirty_pct_x10=0 bbox_pct_x10=0 bbox_thresh_exceeded=0
[11:22:26] [info] flip-probe: flip #2010 ok=true present=3ms inter_flip_ms=34 drawcalls-since-flip=27 drawcalls-total=132662 fail-total=0 null-skips-total=0
[11:22:26] [info] flip-probe: flip #2020 ok=true present=3ms inter_flip_ms=31 drawcalls-since-flip=24 drawcalls-total=132916 fail-total=0 null-skips-total=0
[11:22:27] [info] flip-probe: flip #2030 ok=true present=3ms inter_flip_ms=31 drawcalls-since-flip=24 drawcalls-total=133156 fail-total=0 null-skips-total=0
[11:22:27] [info] flip-probe: flip #2040 ok=true present=3ms inter_flip_ms=31 drawcalls-since-flip=24 drawcalls-total=133396 fail-total=0 null-skips-total=0
[11:22:27] [info] flip-probe: flip #2050 ok=true present=3ms inter_flip_ms=31 drawcalls-since-flip=24 drawcalls-total=133636 fail-total=0 null-skips-total=0
[11:22:28] [info] flip-probe: flip #2060 ok=true present=3ms inter_flip_ms=33 drawcalls-since-flip=24 drawcalls-total=133876 fail-total=0 null-skips-total=0
[11:22:28] [info] flip-probe: flip #2070 ok=true present=3ms inter_flip_ms=32 drawcalls-since-flip=24 drawcalls-total=134116 fail-total=0 null-skips-total=0
[11:22:28] [info] flip-probe: flip #2080 ok=true present=3ms inter_flip_ms=30 drawcalls-since-flip=14 drawcalls-total=134286 fail-total=0 null-skips-total=0
[11:22:28] [info] flip-probe: flip #2090 ok=true present=3ms inter_flip_ms=31 drawcalls-since-flip=14 drawcalls-total=134426 fail-total=0 null-skips-total=0
[11:22:29] [info] flip-probe: flip #2100 ok=true present=3ms inter_flip_ms=34 drawcalls-since-flip=43 drawcalls-total=134595 fail-total=0 null-skips-total=0
[11:22:29] [info] alpha audit block 0: 1839 total drawcalls, 0 with alpha<255 (block pct_x10=0; global 0/121362 pct_x10=0); alpha-mod skipped: block=0 global=0
[11:22:29] [info] fastpath audit block 0: taken=1839 (idx8=1839) skipped=0 pct_x10=1000; global taken=121362 (idx8=121362) skipped=0 pct_x10=1000
[11:22:29] [info] primitive tally block 0: clear=200(hr=200) fill=0(hr=0) rect=0(hr=0) line=0(hr=0) tint=0 spotlight=0 (over 100 flips ending at flip 2100)
[11:22:29] [info] color/alpha audit block 0: cmod_white=365 cmod_black=365 (idx=365) cmod_general=0 (idx=0) cmod_fb=0; alpha_taken=0 alpha_skipped=0 (global cmod=12342/10800/693/0 idx=10800/693 alpha=0/0)
[11:22:29] [info] phase timing block 0: drawcalls=2769 dc_total_ms=582 flip_inner_total_ms=446 inter_flip_total_ms=3273 (per-flip avg x10: dc_ms=58 fi_ms=44 if_ms=327 derived audio+engine_ms=225; per-drawcall avg us_x10=2105) [direct-vesa: presents=100 total_ms=280 avg_ms_x10=28 failed=0] [ablation: NO_DC_TIMING=0 CACHE_WINSURF=0 DIRECT_VESA=1]
[11:22:29] [info] kbd/audio block 0: kbd_irq=0 kbd_drain=0 ring_chunks=16 pump_pass=4578 pic1_mask=0xb8 first_irq_ticks=0 install_ticks=0 vector_at_install=0x0083a028 pic1_mask_live=0x38 kbd_8042_stat=0x34 bios_kbd_head=0x001e bios_kbd_tail=0x001e bios_kbd_buf0=0x1970
[11:22:29] [info] dirty-rect block @flip=2100: total_calls=0 dirty_rects_avg=1 dirty_pct_x10=1000 forced_full=0 first_n_force=0 threshold_exceeded=0 dirty_path_taken=0 full_flush_taken=0
[11:22:29] [info] prev-frame-diff block @flip=2100: diff_calls=0 diff_rects_avg=0 diff_dirty_pct_x10=0 bbox_pct_x10=0 bbox_thresh_exceeded=0
[11:22:29] [info]  >> Entering stage 11: 'Mimiga Village'.
[11:22:29] [info] [skip-sheet-flush] cave=11
[11:22:30] [info] [load-stage] preloading entry music song=9 (cave=11)
[11:22:30] [info] opl3 backend: on_song_stop
[11:22:30] [info] MidiScheduler::load: parsed 'data/orgmid2/mura.mid' = 7123 events at 48 PPQ
[11:22:30] [info] opl3 backend: on_song_start
[11:22:30] [info] gameloop: entered (curmap=11, running=1)
[11:22:30] [info] gameloop: iter 1 ticks=136998 mapno=-1
[11:22:30] [info] flip-probe: flip #2110 ok=true present=3ms inter_flip_ms=859 drawcalls-since-flip=382 drawcalls-total=137536 fail-total=0 null-skips-total=0
[11:22:30] [info] gameloop: iter 2 ticks=137095 mapno=-1
[11:22:30] [info] gameloop: iter 3 ticks=137182 mapno=-1
[11:22:31] [info] backdrop cache: thrashing-detect engaged (streak=4, route=direct)
[11:22:31] [info] flip-probe: flip #2120 ok=true present=3ms inter_flip_ms=41 drawcalls-since-flip=30 drawcalls-total=139540 fail-total=0 null-skips-total=0
[11:22:31] [info] flip-probe: flip #2130 ok=true present=3ms inter_flip_ms=42 drawcalls-since-flip=42 drawcalls-total=139953 fail-total=0 null-skips-total=0
[11:22:32] [info] flip-probe: flip #2140 ok=true present=3ms inter_flip_ms=42 drawcalls-since-flip=44 drawcalls-total=140387 fail-total=0 null-skips-total=0
[11:22:32] [info] flip-probe: flip #2150 ok=true present=3ms inter_flip_ms=45 drawcalls-since-flip=46 drawcalls-total=140833 fail-total=0 null-skips-total=0
[11:22:33] [info] flip-probe: flip #2160 ok=true present=3ms inter_flip_ms=44 drawcalls-since-flip=47 drawcalls-total=141304 fail-total=0 null-skips-total=0
[11:22:33] [info] flip-probe: flip #2170 ok=true present=3ms inter_flip_ms=44 drawcalls-since-flip=43 drawcalls-total=141738 fail-total=0 null-skips-total=0
[11:22:33] [info] backdrop cache: thrashing-detect engaged (streak=64, route=direct)
[11:22:34] [info] flip-probe: flip #2180 ok=true present=3ms inter_flip_ms=41 drawcalls-since-flip=43 drawcalls-total=142168 fail-total=0 null-skips-total=0
[11:22:34] [info] flip-probe: flip #2190 ok=true present=3ms inter_flip_ms=50 drawcalls-since-flip=45 drawcalls-total=142627 fail-total=0 null-skips-total=0
[11:22:34] [info] run_tick_fixed #4800: heartbeat (loop alive)
[11:22:34] [info] backdrop cache: thrashing-detect engaged (streak=4, route=direct)
[11:22:35] [info] flip-probe: flip #2200 ok=true present=3ms inter_flip_ms=45 drawcalls-since-flip=45 drawcalls-total=143077 fail-total=0 null-skips-total=0
[11:22:35] [info] alpha audit block 0: 7208 total drawcalls, 0 with alpha<255 (block pct_x10=0; global 0/128570 pct_x10=0); alpha-mod skipped: block=0 global=0
[11:22:35] [info] fastpath audit block 0: taken=7208 (idx8=7208) skipped=0 pct_x10=1000; global taken=128570 (idx8=128570) skipped=0 pct_x10=1000
[11:22:35] [info] primitive tally block 0: clear=201(hr=201) fill=0(hr=0) rect=0(hr=0) line=0(hr=0) tint=0 spotlight=0 (over 100 flips ending at flip 2200)
[11:22:35] [info] color/alpha audit block 0: cmod_white=1183 cmod_black=1183 (idx=1183) cmod_general=0 (idx=0) cmod_fb=0; alpha_taken=0 alpha_skipped=0 (global cmod=13525/11983/693/0 idx=11983/693 alpha=0/0)
[11:22:35] [info] phase timing block 0: drawcalls=9784 dc_total_ms=1163 flip_inner_total_ms=455 inter_flip_total_ms=5726 (per-flip avg x10: dc_ms=116 fi_ms=45 if_ms=572 derived audio+engine_ms=411; per-drawcall avg us_x10=1188) [direct-vesa: presents=100 total_ms=282 avg_ms_x10=28 failed=0] [ablation: NO_DC_TIMING=0 CACHE_WINSURF=0 DIRECT_VESA=1]
[11:22:35] [info] kbd/audio block 0: kbd_irq=0 kbd_drain=0 ring_chunks=16 pump_pass=4825 pic1_mask=0xb8 first_irq_ticks=0 install_ticks=0 vector_at_install=0x0083a028 pic1_mask_live=0x38 kbd_8042_stat=0x34 bios_kbd_head=0x001e bios_kbd_tail=0x001e bios_kbd_buf0=0x1970
[11:22:35] [info] dirty-rect block @flip=2200: total_calls=0 dirty_rects_avg=1 dirty_pct_x10=1000 forced_full=0 first_n_force=0 threshold_exceeded=0 dirty_path_taken=0 full_flush_taken=0
[11:22:35] [info] prev-frame-diff block @flip=2200: diff_calls=0 diff_rects_avg=0 diff_dirty_pct_x10=0 bbox_pct_x10=0 bbox_thresh_exceeded=0
[11:22:35] [info] flip-probe: flip #2210 ok=true present=3ms inter_flip_ms=46 drawcalls-since-flip=45 drawcalls-total=143527 fail-total=0 null-skips-total=0
[11:22:35] [info] flip-probe: flip #2220 ok=true present=3ms inter_flip_ms=43 drawcalls-since-flip=47 drawcalls-total=143992 fail-total=0 null-skips-total=0
[11:22:36] [info] flip-probe: flip #2230 ok=true present=2ms inter_flip_ms=48 drawcalls-since-flip=19 drawcalls-total=144421 fail-total=0 null-skips-total=0
[11:22:36] [info] backdrop cache: thrashing-detect engaged (streak=4, route=direct)
[11:22:36] [info] flip-probe: flip #2240 ok=true present=3ms inter_flip_ms=39 drawcalls-since-flip=18 drawcalls-total=144601 fail-total=0 null-skips-total=0
[11:22:37] [info] backdrop cache: thrashing-detect engaged (streak=4, route=direct)
[11:22:37] [info] flip-probe: flip #2250 ok=true present=3ms inter_flip_ms=41 drawcalls-since-flip=19 drawcalls-total=144786 fail-total=0 null-skips-total=0
[11:22:37] [info] flip-probe: flip #2260 ok=true present=3ms inter_flip_ms=41 drawcalls-since-flip=20 drawcalls-total=144983 fail-total=0 null-skips-total=0
[11:22:38] [info] flip-probe: flip #2270 ok=true present=3ms inter_flip_ms=41 drawcalls-since-flip=21 drawcalls-total=145191 fail-total=0 null-skips-total=0
[11:22:38] [info] flip-probe: flip #2280 ok=true present=2ms inter_flip_ms=41 drawcalls-since-flip=19 drawcalls-total=145389 fail-total=0 null-skips-total=0
[11:22:38] [info] flip-probe: flip #2290 ok=true present=2ms inter_flip_ms=41 drawcalls-since-flip=19 drawcalls-total=145579 fail-total=0 null-skips-total=0
[11:22:39] [info] flip-probe: flip #2300 ok=true present=3ms inter_flip_ms=40 drawcalls-since-flip=19 drawcalls-total=145769 fail-total=0 null-skips-total=0
[11:22:39] [info] alpha audit block 0: 2215 total drawcalls, 0 with alpha<255 (block pct_x10=0; global 0/130785 pct_x10=0); alpha-mod skipped: block=0 global=0
[11:22:39] [info] fastpath audit block 0: taken=2215 (idx8=2215) skipped=0 pct_x10=1000; global taken=130785 (idx8=130785) skipped=0 pct_x10=1000
[11:22:39] [info] primitive tally block 0: clear=200(hr=200) fill=0(hr=0) rect=0(hr=0) line=0(hr=0) tint=0 spotlight=0 (over 100 flips ending at flip 2300)
[11:22:39] [info] color/alpha audit block 0: cmod_white=377 cmod_black=377 (idx=377) cmod_general=0 (idx=0) cmod_fb=0; alpha_taken=0 alpha_skipped=0 (global cmod=13902/12360/693/0 idx=12360/693 alpha=0/0)
[11:22:39] [info] phase timing block 0: drawcalls=3179 dc_total_ms=684 flip_inner_total_ms=445 inter_flip_total_ms=4293 (per-flip avg x10: dc_ms=68 fi_ms=44 if_ms=429 derived audio+engine_ms=317; per-drawcall avg us_x10=2152) [direct-vesa: presents=100 total_ms=281 avg_ms_x10=28 failed=0] [ablation: NO_DC_TIMING=0 CACHE_WINSURF=0 DIRECT_VESA=1]
[11:22:39] [info] kbd/audio block 0: kbd_irq=0 kbd_drain=0 ring_chunks=16 pump_pass=5039 pic1_mask=0xb8 first_irq_ticks=0 install_ticks=0 vector_at_install=0x0083a028 pic1_mask_live=0x38 kbd_8042_stat=0x34 bios_kbd_head=0x001e bios_kbd_tail=0x001e bios_kbd_buf0=0x1970
[11:22:39] [info] dirty-rect block @flip=2300: total_calls=0 dirty_rects_avg=1 dirty_pct_x10=1000 forced_full=0 first_n_force=0 threshold_exceeded=0 dirty_path_taken=0 full_flush_taken=0
[11:22:39] [info] prev-frame-diff block @flip=2300: diff_calls=0 diff_rects_avg=0 diff_dirty_pct_x10=0 bbox_pct_x10=0 bbox_thresh_exceeded=0
[11:22:39] [info] backdrop cache: thrashing-detect engaged (streak=64, route=direct)
[11:22:39] [info] flip-probe: flip #2310 ok=true present=4ms inter_flip_ms=41 drawcalls-since-flip=19 drawcalls-total=145959 fail-total=0 null-skips-total=0
[11:22:40] [info] flip-probe: flip #2320 ok=true present=3ms inter_flip_ms=41 drawcalls-since-flip=19 drawcalls-total=146149 fail-total=0 null-skips-total=0
[11:22:40] [info] flip-probe: flip #2330 ok=true present=3ms inter_flip_ms=41 drawcalls-since-flip=19 drawcalls-total=146339 fail-total=0 null-skips-total=0
[11:22:41] [info] flip-probe: flip #2340 ok=true present=3ms inter_flip_ms=42 drawcalls-since-flip=60 drawcalls-total=146898 fail-total=0 null-skips-total=0
[11:22:41] [info] flip-probe: flip #2350 ok=true present=3ms inter_flip_ms=44 drawcalls-since-flip=60 drawcalls-total=147498 fail-total=0 null-skips-total=0
[11:22:41] [info] flip-probe: flip #2360 ok=true present=3ms inter_flip_ms=42 drawcalls-since-flip=60 drawcalls-total=148098 fail-total=0 null-skips-total=0
[11:22:42] [info] tas: end-of-replay auto-exit at tick 5140 (recording exhausted; set DOSKUTSU_TAS_REPLAY_HOLD=1 to disable + observe steady-state past recording end)
[11:22:42] [info] Script engine shutdown.
[11:22:42] [info] opl3 backend: on_song_stop
[11:22:42] [info] opl3 backend: cleared reg 0xBD chip-wide latch (wub-wub mitigation per flush-instr WAVE-46 H6)
[11:22:42] [info] opl3 backend shutdown (all 18 voices KEY-OFF unconditionally; OPL2 mode restored; chip state safe for next process)
[11:22:42] [info] Sound system shutdown
[11:22:42] [info] Renderer::Close()
[11:22:42] [info] tas: replay file closed
[11:22:42] [info] [fps-true] flips=2365 render_s=144 fps_mean=16.4 (clock-independent: flips / seconds since the FIRST flip; use THIS for the fps matrix, not inter_flip medians, which are invalid in any cell running the PIT/IRQ-0 music pump)
[RUNMANIFEST-BEGIN]
schema_version=1
environment=realhw
binary_sha12=f8d446b4b0e0
wave_tag=6C4V
scene=
env_block_sha=d2bf0a8c358a
started_utc=2026-11-19T04:24:43Z
duration_s=159
exit_code=0
fps_p50=NA
fps_p95=NA
audio_vital_status=NA
regime=NA
banner_required_hit=0
banner_required_total=0
banner_forbidden_hit=0
banner_optional_hit=0
critical_count=0
warn_count=0
[RUNMANIFEST-END]
[11:22:42] [info] [runmanifest-emit] schema=v1 env=realhw sha12=f8d446b4b0e0 dur=159s tag='6C4V' scene='' env_sha=d2bf0a8c358a (signals=0x4)
