Logger::init: wave-53 log level=INFO path='LOGS/A112.LOG'
[13:33:39] [info] config: loaded DOSKUTSU.CFG (4 keys)
[13:33:39] [info] tas: PRNG seed forced to 12345 via DOSKUTSU_TAS_PRNG_SEED
[13:33:39] [info] tas: auto-exit armed at tick 30000 via DOSKUTSU_TAS_AUTO_EXIT_TICK
[13:33:39] [info] tas: replay opened path='QA.TAS' header_seed=12345
[13:33:40] [info] data cache: DISABLED (default)
[13:33:40] [info] Joystick: skipped (default; set DOSKUTSU_USE_JOYSTICK=1 to enable -- skips SDL3-DOS gameport BIOS INT 15h polling, ~82 ms / flip on real HW)
[13:33:40] [info] Loading settings...
[13:33:40] [info] [input-bind] applied=0 invert_y=0 dos_axes=1
[13:33:40] [info] Renderer::initVideo: 8bpp mode requested via SDL_HINT_DOS_MAX_BPP=8 (wave 16); SDL3-DOS will pick the highest-bpp <= 8 mode at requested resolution
[13:33:40] [info] Renderer::initVideo: DOS resolution-label lock ENABLED (default)
[13:33:40] [info] Renderer::initVideo: using: software renderer
[13:33:42] [info] Renderer::initVideo: dirty-rect tracking ENABLED (wave 15, default ON; set SDL_HINT_DOSKUTSU_DIRTY_RECTS=0 to disable)
[13:33:42] [info] Renderer::initVideo: ablation flags: NO_DC_TIMING=0 CACHE_WINSURF=0 NO_INPUT_POLL=0 DIRECT_VESA=1
[13:33:42] [info] Renderer::initVideo: direct-VESA hot path ENABLED (default since wave 20 patch 0088; bypasses SDL_RenderPresent / SDL_UpdateWindowSurface and writes via SDL/0034's PresentFull helper; R2 mitigation handled by SDL/0034 generation counter -- no per-N-flip heartbeat needed; set SDL_HINT_DOSKUTSU_DIRECT_VESA=0 to revert)
[13:33:42] [info] Renderer::initVideo: flip-phase instrumentation DISABLED (default; set SDL_HINT_DOSKUTSU_FLIP_INSTR=1 to opt in for wave-20 Lever A diagnostic)
[13:33:42] [info] Renderer::initVideo: asm opaque-span blit lever DISABLED (default; set SDL_HINT_DOSKUTSU_ASM_BLIT=1 to opt in -- wave-51 _blit_indexed colorkey-blit lever)
[13:33:42] [info] Renderer::initVideo: blit-decomp instrumentation DISABLED (default; set SDL_HINT_DOSKUTSU_BLIT_DECOMP=1 to opt in -- wave-51 _blit_indexed sub-decomp sizing)
[13:33:42] [info] Renderer::initVideo: mds-scroll-decomp instrumentation DISABLED (default; set SDL_HINT_DOSKUTSU_MDS_DECOMP=1 to opt in -- wave-52 mode_draw_scene scrolling-block decomp)
[13:33:42] [info] Renderer::initVideo: DOSVESA pump yield: skipped (default) (per-flip explicit SDL_Delay(0) yield is always on; set SDL_HINT_DOSKUTSU_FORCE_PUMP_YIELD=1 to restore old per-pump yield)
[13:33:42] [info] Renderer::initVideo: indexed-mode (8bpp) ENABLED -- master palette + 107 per-asset remap LUTs loaded (wave 16, default ON; set SDL_HINT_DOSKUTSU_PIXEL_FORMAT_8=0 to disable)
[13:33:42] [info] Renderer::initVideo: master palette attached to window surface (format=SDL_PIXELFORMAT_INDEX8, ncolors=256)
[13:33:42] [info] Renderer::initVideo: indexed-mode smoke: idx0=(0,0,0) OK idx255=(255,0,255) OK
[13:33:42] [info] Renderer::initVideo: indexed-mode smoke: paletteRemapFor('MyChar.pbm') = present
[13:33:43] [info] Surface::loadImage palmap-diag #1: 'data/Loading.pbm' fmt=SDL_PIXELFORMAT_ABGR8888 remap=HIT -> path=truecolor
[13:33:43] [info] Renderer: prev-frame diff DISABLED (default since wave 17.6; set SDL_HINT_DOSKUTSU_PREVFRAME_DIFF=1 to opt in)
[13:33:43] [info] flip-probe: renderer=software window_ptr=8809456 colorspace=301991328 window_size=320x240 framebuffer_pixels=320x240 logical_present=320x240 mode=2
[13:33:43] [info] flip-probe: first flip ok=true present=42ms inter_flip_ms=0 drawcalls-since-flip=1 drawcalls-total=1
[13:33:43] [info] Sound system init
[13:33:43] [info] Sound system: 4-state audio enable (#31) -- music=on sfx=on (MUSIC_OFF/AUDIO_BACKEND=none -> music-off; SFX_OFF/SFX_DEVICE=none -> sfx-off; both gates are dispatch-level, the device still opens; AUDIO_OFF=1 is the device-level both-off).
[13:33:43] [info] Sound system: Tier-1 audio config (22050 Hz, 2 channels) via SDL_HINT_DOSKUTSU_AUDIO_TIER2=0 killswitch -- reverts to wave-17.6-baseline 22050 stereo, the original Cave Story 2004 spec. Trades the wave-21 Tier-2 fps gain (~+11 fps in heavy-music scenes on Pentium OverDrive 83 MHz) for full audio fidelity. Unset the env var to go back to Tier-2 default.
[13:33:43] [info] [org-hq] stereo prerender rate=22050 ch=2 (HQ Organya tier ACTIVE; opt-in via SDL_HINT_DOSKUTSU_AUDIO_TIER2=0; cache CACHE\22050_2\; real fps cost on 486-class HW).
[13:33:43] [info] Sound system: SDL_HINT_AUDIO_DEVICE_SAMPLE_FRAMES=(default -- SDL3 picks 512 at 22050 Hz)
[13:33:43] [info] Pixtone IRQ rate-divider: handed master_rate=44100 int16/s (SAMPLE_RATE=22050 x AUDIO_CHANNELS=2) to SDL for auto-RATEDIV (SDL/0074 computes shift_div from the resolved device freq).
[13:33:43] [info] Sound system: device frame-rate: requesting 22050 Hz match to master (SDL_DOSAudioSetDeviceFrameRate; SB16 opens at the engine frame rate instead of SDL's 44100 floor -- 4x less PCM/s + no resampler on the Organya/Pixtone path; killswitch SDL_HINT_DOSKUTSU_DOS_AUDIO_DEVICE_RATE_DEFAULT=0).
[13:33:43] [info] audio backend: organya (forced; Phase 10 baseline)
[13:33:43] [info] wave-13.6.1: ring_chunks=16 FORCE_PUMP_YIELD=off (set SDL_HINT_DOSKUTSU_AUDIO_RING_CHUNKS=4|8|16 to override; default 16 matches wave 13.6 behaviour)
[13:33:43] [info] MidiScheduler: MIDI source = 'orgmid2' (native-GM org2mid set; resolves to data/orgmid2/<name>.mid).
[13:33:43] [info] Sound system: idle-pause skipped (backend=organya does not qualify; only opl3 supports idle-pause per patch 0115; default OFF since patch 0119 regardless of backend).
[13:33:43] [warn] Music dir Ogg/ doesn't exist
[13:33:43] [warn] Music dir Ogg11/ doesn't exist
[13:33:43] [warn] Music dir Ogg17/ doesn't exist
[13:33:43] [warn] Music dir Ogg_ridic/ doesn't exist
[13:33:43] [info] Loading Sound FX...
[13:33:44] [info] [pxt-cache] init(): HIT (loaded cache; render skipped)
[13:33:46] [error] Lever 3 (Pixtone IRQ-mix; default ON since v1.0.1, or SDL_HINT_DOSKUTSU_PIXTONE_IRQ_MIX=1) is incompatible with SDL_HINT_DOSKUTSU_AUDIO_BACKEND=organya. L3 + ORGANYA IS KNOWN-INCOMPATIBLE (PLAY2 hang root-cause owned by v1.0.2 deep-campaign; v1.0.1 ships defensive interlock per flush-instr #135 three-front response). L3 forced OFF (hang prevention); SFX continue through SDL3_mixer path; music continues through Organya. To engage L3 cleanly set SDL_HINT_DOSKUTSU_AUDIO_BACKEND to opl3 / wb / midi-stub, or set SDL_HINT_DOSKUTSU_PIXTONE_IRQ_MIX=0 to silence this and keep Organya.
[13:33:46] [info] Organya init...
[13:33:47] [info] Organya init done
[13:34:04] [info] gus SFX gain [nx0259]: 70% (SDL_HINT_DOSKUTSU_GUS_SFX_GAIN; scales the GF1 SFX voice volume to balance against velocity/CC-scaled GUS music; default 70, clamp 0..150).
[13:34:04] [info] midi ISR tick: engine registered tick_isr callback (L2b active; default ON; set SDL_HINT_DOSKUTSU_MIDI_ISR_TICK=0 to disable)
[13:34:04] [info] organya auto-precache: ENABLED (default) (first-launch precache + in-game cold-render progress overlay; set SDL_HINT_DOSKUTSU_ORG_AUTOCACHE=0 to disable -> v1.1.0 black-screen cold-render)
[13:34:04] [info] organya auto-precache: cache complete (sentinel present) -- skipping batch; in-game overlay armed for any stray cache miss.
[13:34:04] [info] menu slide-in fixed-timestep: ENABLED (default; slide advances at 50 Hz logic rate)
[13:34:04] [info] Reading npc.tbl...
[13:34:04] [info] Loading tilekey.dat.
[13:34:04] [info] Script engine init.
[13:34:05] [info] Entering main loop...
[13:34:05] [info] audio mid-gap pump: DISABLED (default)
[13:34:05] [info] TAS fixed-timestep guard: ENABLED (default) (patch 0280; load_stage wall-clock kept out of the FT accumulator so TAS replay advances at a true 50 Hz; set SDL_HINT_DOSKUTSU_TAS_FT_GUARD=0 to disable)
[13:34:05] [info] load_stage ring+DMA silence flush: ENABLED (default) (set SDL_HINT_DOSKUTSU_LOADSTAGE_SILENCE=0 to disable)
[13:34:05] [info] load-band audio-underrun probe: DISABLED (default) (opt-in SDL_HINT_DOSKUTSU_LOADBAND_STAT=1)
[13:34:05] [info]  >> Entering stage 72: 'u'.
[13:34:05] [info] skip sheet flush: ENABLED (default) (SFXPAUSE-012 SHIPPED FIX; sprite sheets stay resident across caves so no per-cave re-decode -> no fire-frame pause; map_flush_graphics tilemap cache still flushes; set SDL_HINT_DOSKUTSU_SKIP_SHEET_FLUSH=0 to restore the old per-cave flush)
[13:34:05] [info] [skip-sheet-flush] cave=1
[13:34:05] [info] eager action sheets: ENABLED (default) (first-fire hitch fix: pre-loads the weapon bullet + hit/muzzle/trail caret sheets at stage load so the first fire/impact does not lazy-decode mid-gameplay; set SDL_HINT_DOSKUTSU_EAGER_ACTION_SHEETS=0 to restore lazy load)
[13:34:05] [info] Surface::loadImage palmap-diag #2: 'data/Bullet.pbm' fmt=SDL_PIXELFORMAT_ABGR8888 remap=HIT -> path=truecolor
[13:34:05] [info] Surface::loadImage palmap-diag #3: 'data/Arms.pbm' fmt=SDL_PIXELFORMAT_ABGR8888 remap=HIT -> path=truecolor
[13:34:05] [info] Surface::loadImage palmap-diag #4: 'data/Caret.pbm' fmt=SDL_PIXELFORMAT_ABGR8888 remap=HIT -> path=truecolor
[13:34:05] [info] Surface::loadImage palmap-diag #5: 'data/Npc/NpcSym.pbm' fmt=SDL_PIXELFORMAT_ABGR8888 remap=HIT -> path=truecolor
[13:34:06] [info] [eager-action-sheets] cave=1 sheets=4 wall_ms=985
[13:34:06] [info] Surface::loadImage palmap-diag #6: 'data/Stage/PrtWhite.pbm' fmt=SDL_PIXELFORMAT_ABGR8888 remap=HIT -> path=truecolor
[13:34:06] [info] load_stage: entry-music preload ENABLED (default) (set SDL_HINT_DOSKUTSU_PRELOAD_STAGE_MUSIC=0 to disable)
[13:34:06] [info] Surface::loadImage palmap-diag #7: 'data/bk0.pbm' fmt=SDL_PIXELFORMAT_ABGR8888 remap=HIT -> path=truecolor
[13:34:06] [info] gameloop: entered (curmap=72, running=1)
[13:34:06] [info] gameloop: iter 1 ticks=27116 mapno=-1
[13:34:06] [info] fixed-timestep: ENABLED (default; logic 50 Hz, decoupled from render)
[13:34:06] [info] map: BG skip-when-unchanged DISABLED (default) (set SDL_HINT_DOSKUTSU_BG_SKIP_WHEN_UNCHANGED=1 to enable; default OFF since wave-61 -- abandoned, it shipped a backdrop-black flicker and its +0.87 fps was below the noise floor)
[13:34:06] [info] map: skip-redundant-clear lever ENABLED (default since wave-53 promotion)
[13:34:06] [info] perf-mode: level=0 (faithful (default))
[13:34:06] [info] Surface::loadImage palmap-diag #8: 'data/Npc/NpcKings.pbm' fmt=SDL_PIXELFORMAT_ABGR8888 remap=HIT -> path=truecolor
[13:34:06] [info] audio tick-boundary pump: DISABLED (default)
[13:34:07] [info] gameloop: iter 2 ticks=27438 mapno=-1
[13:34:07] [info] gameloop: iter 3 ticks=27483 mapno=-1
[13:34:07] [info] direct-vesa: snapshot @gen=2 use_dosmemput=0 banked_multibank=0 pitches_match=1 vram_w=320 vram_h=240 vram_pitch=320 bpp=1 fb_size=76800 vram_phys=0x78000000 vram_ptr=0x77c00000
[13:34:07] [info] flip-probe: flip #10 ok=true present=3ms inter_flip_ms=23 drawcalls-since-flip=6 drawcalls-total=43 fail-total=0 null-skips-total=0
[13:34:07] [info] flip-probe: flip #20 ok=true present=3ms inter_flip_ms=23 drawcalls-since-flip=4 drawcalls-total=92 fail-total=0 null-skips-total=0
[13:34:07] [info] flip-probe: flip #30 ok=true present=3ms inter_flip_ms=43 drawcalls-since-flip=326 drawcalls-total=2707 fail-total=0 null-skips-total=0
[13:34:08] [info] flip-probe: flip #40 ok=true present=3ms inter_flip_ms=37 drawcalls-since-flip=264 drawcalls-total=5837 fail-total=0 null-skips-total=0
[13:34:08] [info] flip-probe: flip #50 ok=true present=3ms inter_flip_ms=25 drawcalls-since-flip=67 drawcalls-total=7392 fail-total=0 null-skips-total=0
[13:34:08] [info] flip-probe: flip #60 ok=true present=3ms inter_flip_ms=20 drawcalls-since-flip=4 drawcalls-total=7502 fail-total=0 null-skips-total=0
[13:34:09] [info] flip-probe: flip #70 ok=true present=3ms inter_flip_ms=21 drawcalls-since-flip=6 drawcalls-total=7557 fail-total=0 null-skips-total=0
[13:34:09] [info] flip-probe: flip #80 ok=true present=3ms inter_flip_ms=20 drawcalls-since-flip=0 drawcalls-total=7586 fail-total=0 null-skips-total=0
[13:34:09] [info] flip-probe: flip #90 ok=true present=4ms inter_flip_ms=21 drawcalls-since-flip=0 drawcalls-total=7586 fail-total=0 null-skips-total=0
[13:34:09] [info] gameloop: iter 600 ticks=30272 mapno=-1
[13:34:09] [info] title: eager-title-IO phase tag ENABLED (default) (set SDL_HINT_DOSKUTSU_EAGER_TITLE_IO=0 to disable)
[13:34:17] [info] Organya pre-render: cache HIT CURLY (11875968 bytes from CACHE; 2 ch; synth skipped).
[13:34:18] [info] audio pump-to-target: ENABLED (186 ms depth setpoint; amount-bounded depth-regulated ring refill per displayed frame; killswitch SDL_HINT_DOSKUTSU_ORG_PUMP_TARGET_MS=0).
[13:34:18] [info] pixtone multi-source probe: DISABLED (default)
[13:34:18] [info] gameloop: entered (curmap=1005, running=1)
[13:34:18] [info] gameloop: iter 1 ticks=38528 mapno=-1
[13:34:18] [info] map: backdrop cache ENABLED (default) (set SDL_HINT_DOSKUTSU_BACKDROP_CACHE=0 to disable)
[13:34:18] [info] gameloop: iter 2 ticks=39117 mapno=-1
[13:34:18] [info] gameloop: iter 3 ticks=39180 mapno=-1
[13:34:18] [info] backdrop cache: thrashing-detect engaged (streak=4, route=direct)
[13:34:18] [info] flip-probe: flip #100 ok=true present=3ms inter_flip_ms=46 drawcalls-since-flip=75 drawcalls-total=7886 fail-total=0 null-skips-total=0
[13:34:18] [info] alpha audit block 0: 7798 total drawcalls, 0 with alpha<255 (block pct_x10=0; global 0/7798 pct_x10=0); alpha-mod skipped: block=0 global=0
[13:34:18] [info] fastpath audit block 0: taken=7798 (idx8=7798) skipped=0 pct_x10=1000; global taken=7798 (idx8=7798) skipped=0 pct_x10=1000
[13:34:18] [info] primitive tally block 0: clear=220(hr=220) fill=0(hr=0) rect=0(hr=0) line=0(hr=0) tint=0 spotlight=0 (over 100 flips ending at flip 100)
[13:34:18] [info] color/alpha audit block 0: cmod_white=104 cmod_black=0 (idx=0) cmod_general=84 (idx=84) cmod_fb=0; alpha_taken=0 alpha_skipped=0 (global cmod=104/0/84/0 idx=0/84 alpha=0/0)
[13:34:18] [info] phase timing block 0: drawcalls=8209 dc_total_ms=1001 flip_inner_total_ms=819 inter_flip_total_ms=35818 (per-flip avg x10: dc_ms=100 fi_ms=81 if_ms=3581 derived audio+engine_ms=3400; per-drawcall avg us_x10=1220) [direct-vesa: presents=97 total_ms=287 avg_ms_x10=29 failed=0] [ablation: NO_DC_TIMING=0 CACHE_WINSURF=0 DIRECT_VESA=1]
[13:34:18] [info] kbd/audio block 0: kbd_irq=0 kbd_drain=0 ring_chunks=16 pump_pass=99 pic1_mask=0xb8 first_irq_ticks=0 install_ticks=0 vector_at_install=0x0083a0a0 pic1_mask_live=0x98 kbd_8042_stat=0x34 bios_kbd_head=0x002a bios_kbd_tail=0x002a bios_kbd_buf0=0x2f76
[13:34:18] [info] audio/engine split block 0: audio_mixer_calls=24 audio_mixer_ms_x10=5 engine_tick_calls=99 engine_tick_ms_x10=1097 audio_service_calls=0 audio_service_ms_x10=0 (per-flip avg; per-call us_x10: audio_mix=23680 engine_tick=1108469 audio_service=0; global ns: audio_mix=56832163 engine_tick=10973844689 audio_service=0)
[13:34:18] [info] dirty-rect block @flip=100: total_calls=0 dirty_rects_avg=0 dirty_pct_x10=990 forced_full=0 first_n_force=3 threshold_exceeded=2 dirty_path_taken=0 full_flush_taken=3
[13:34:18] [info] prev-frame-diff block @flip=100: diff_calls=0 diff_rects_avg=0 diff_dirty_pct_x10=0 bbox_pct_x10=0 bbox_thresh_exceeded=0
[13:34:19] [info] flip-probe: flip #110 ok=true present=3ms inter_flip_ms=42 drawcalls-since-flip=75 drawcalls-total=8636 fail-total=0 null-skips-total=0
[13:34:19] [info] flip-probe: flip #120 ok=true present=3ms inter_flip_ms=28 drawcalls-since-flip=75 drawcalls-total=9386 fail-total=0 null-skips-total=0
[13:34:19] [info] flip-probe: flip #130 ok=true present=3ms inter_flip_ms=25 drawcalls-since-flip=0 drawcalls-total=9986 fail-total=0 null-skips-total=0
[13:34:20] [info] Loading profile from profile.dat
[13:34:20] [error] profile_load: unable to open 'profile.dat'
[13:34:20] [info] Loading profile from profile2.dat
[13:34:20] [error] profile_load: unable to open 'profile2.dat'
[13:34:20] [info] Loading profile from profile3.dat
[13:34:20] [info] Loading profile from profile4.dat
[13:34:20] [error] profile_load: unable to open 'profile4.dat'
[13:34:20] [info] Loading profile from profile5.dat
[13:34:20] [info] flip-probe: flip #140 ok=true present=3ms inter_flip_ms=45 drawcalls-since-flip=214 drawcalls-total=10842 fail-total=0 null-skips-total=0
[13:34:20] [info] flip-probe: flip #150 ok=true present=3ms inter_flip_ms=45 drawcalls-since-flip=214 drawcalls-total=12982 fail-total=0 null-skips-total=0
[13:34:21] [info] Writing settings...
[13:34:21] [info] flip-probe: flip #160 ok=true present=3ms inter_flip_ms=25 drawcalls-since-flip=0 drawcalls-total=13846 fail-total=0 null-skips-total=0
[13:34:21] [info] flip-probe: flip #170 ok=true present=3ms inter_flip_ms=23 drawcalls-since-flip=0 drawcalls-total=13846 fail-total=0 null-skips-total=0
[13:34:21] [info] Loading profile from profile5.dat
[13:34:21] [info]  >> Entering stage 20: 'Save Point'.
[13:34:21] [info] [skip-sheet-flush] cave=2
[13:34:26] [info] Organya pre-render: cache HIT MURA (5927040 bytes from CACHE; 2 ch; synth skipped).
[13:34:26] [info] gameloop: entered (curmap=20, running=1)
[13:34:26] [info] gameloop: iter 1 ticks=46590 mapno=-1
[13:34:26] [info] TAS stall discount: ENABLED (default) (patch 0286; a replay frame over 150 ms is a load, not slow rendering, so it contributes 1 tick instead of its wall-clock; set SDL_HINT_DOSKUTSU_TAS_STALL_DISCOUNT=0 to disable)
[13:34:26] [info] TAS accumulator clamp: DISABLED (default) (patch 0281; caps the FT accumulator delta at one tick during TAS so a stalled frame cannot race the replay index; set SDL_HINT_DOSKUTSU_TAS_FT_GUARD=0 to disable)
[13:34:26] [info] gameloop: iter 2 ticks=46649 mapno=-1
[13:34:26] [info] gameloop: iter 3 ticks=46706 mapno=-1
[13:34:26] [info] flip-probe: flip #180 ok=true present=3ms inter_flip_ms=54 drawcalls-since-flip=17 drawcalls-total=13971 fail-total=0 null-skips-total=0
[13:34:26] [info] flip-probe: flip #190 ok=true present=3ms inter_flip_ms=28 drawcalls-since-flip=17 drawcalls-total=14141 fail-total=0 null-skips-total=0
[13:34:27] [info] flip-probe: flip #200 ok=true present=2ms inter_flip_ms=27 drawcalls-since-flip=17 drawcalls-total=14311 fail-total=0 null-skips-total=0
[13:34:27] [info] alpha audit block 0: 5788 total drawcalls, 0 with alpha<255 (block pct_x10=0; global 0/13586 pct_x10=0); alpha-mod skipped: block=0 global=0
[13:34:27] [info] fastpath audit block 0: taken=5788 (idx8=5788) skipped=0 pct_x10=1000; global taken=13586 (idx8=13586) skipped=0 pct_x10=1000
[13:34:27] [info] primitive tally block 0: clear=201(hr=201) fill=0(hr=0) rect=0(hr=0) line=0(hr=0) tint=0 spotlight=0 (over 100 flips ending at flip 200)
[13:34:27] [info] color/alpha audit block 0: cmod_white=1438 cmod_black=0 (idx=0) cmod_general=609 (idx=609) cmod_fb=0; alpha_taken=0 alpha_skipped=0 (global cmod=1542/0/693/0 idx=0/693 alpha=0/0)
[13:34:27] [info] phase timing block 0: drawcalls=8036 dc_total_ms=967 flip_inner_total_ms=960 inter_flip_total_ms=8142 (per-flip avg x10: dc_ms=96 fi_ms=96 if_ms=814 derived audio+engine_ms=622; per-drawcall avg us_x10=1203) [direct-vesa: presents=100 total_ms=289 avg_ms_x10=28 failed=0] [ablation: NO_DC_TIMING=0 CACHE_WINSURF=0 DIRECT_VESA=1]
[13:34:27] [info] kbd/audio block 0: kbd_irq=0 kbd_drain=0 ring_chunks=16 pump_pass=215 pic1_mask=0xb8 first_irq_ticks=0 install_ticks=0 vector_at_install=0x0083a0a0 pic1_mask_live=0x98 kbd_8042_stat=0x34 bios_kbd_head=0x002a bios_kbd_tail=0x002a bios_kbd_buf0=0x2f76
[13:34:27] [info] audio/engine split block 0: audio_mixer_calls=169 audio_mixer_ms_x10=36 engine_tick_calls=76 engine_tick_ms_x10=141 audio_service_calls=0 audio_service_ms_x10=0 (per-flip avg; per-call us_x10: audio_mix=21425 engine_tick=186110 audio_service=0; global ns: audio_mix=418929252 engine_tick=12388286767 audio_service=0)
[13:34:27] [info] dirty-rect block @flip=200: total_calls=0 dirty_rects_avg=1 dirty_pct_x10=1000 forced_full=0 first_n_force=0 threshold_exceeded=0 dirty_path_taken=0 full_flush_taken=0
[13:34:27] [info] prev-frame-diff block @flip=200: diff_calls=0 diff_rects_avg=0 diff_dirty_pct_x10=0 bbox_pct_x10=0 bbox_thresh_exceeded=0
[13:34:27] [info] flip-probe: flip #210 ok=true present=3ms inter_flip_ms=33 drawcalls-since-flip=17 drawcalls-total=14481 fail-total=0 null-skips-total=0
[13:34:27] [info] flip-probe: flip #220 ok=true present=3ms inter_flip_ms=28 drawcalls-since-flip=17 drawcalls-total=14651 fail-total=0 null-skips-total=0
[13:34:28] [info] flip-probe: flip #230 ok=true present=3ms inter_flip_ms=29 drawcalls-since-flip=66 drawcalls-total=14899 fail-total=0 null-skips-total=0
[13:34:28] [info] flip-probe: flip #240 ok=true present=3ms inter_flip_ms=60 drawcalls-since-flip=358 drawcalls-total=17935 fail-total=0 null-skips-total=0
[13:34:28] [info]  >> Entering stage 11: 'Mimiga Village'.
[13:34:28] [info] [skip-sheet-flush] cave=3
[13:34:29] [info] [load-stage] preloading entry music song=9 (cave=3)
[13:34:29] [info] gameloop: entered (curmap=11, running=1)
[13:34:29] [info] gameloop: iter 1 ticks=49547 mapno=-1
[13:34:29] [info] map: mds_clear LUT ENABLED (default) (set SDL_HINT_DOSKUTSU_MDS_CLEAR_LUT=0 to disable; default ON; patch 0144 wave-49 bandwidth lever)
[13:34:29] [info] mds-clear-lut: rebuilt N=240 entries (k_skip=0% k_keep=100%; curmap=11 map_size=60x60; rebuild #1 since boot)
[13:34:29] [info] backdrop thrash full-cover ENABLED (default) (set SDL_HINT_DOSKUTSU_THRASH_FULLCOVER=0 to disable)
[13:34:29] [info] [bd-diag] backdrop render-path diag disabled (default) (set SDL_HINT_DOSKUTSU_BACKDROP_DIAG=1 to enable)
[13:34:29] [info] gameloop: iter 2 ticks=49674 mapno=-1
[13:34:29] [info] gameloop: iter 3 ticks=49773 mapno=-1
[13:34:29] [info] backdrop cache: thrashing-detect engaged (streak=4, route=direct)
[13:34:29] [info] flip-probe: flip #250 ok=true present=3ms inter_flip_ms=52 drawcalls-since-flip=43 drawcalls-total=20048 fail-total=0 null-skips-total=0
[13:34:30] [info] flip-probe: flip #260 ok=true present=4ms inter_flip_ms=52 drawcalls-since-flip=45 drawcalls-total=20484 fail-total=0 null-skips-total=0
[13:34:30] [info] tas: stall frame 271 ms -> contributing 1 tick (patch 0286)
[13:34:31] [info] flip-probe: flip #270 ok=true present=3ms inter_flip_ms=49 drawcalls-since-flip=43 drawcalls-total=20933 fail-total=0 null-skips-total=0
[13:34:31] [info] flip-probe: flip #280 ok=true present=3ms inter_flip_ms=49 drawcalls-since-flip=43 drawcalls-total=21363 fail-total=0 null-skips-total=0
[13:34:32] [info] flip-probe: flip #290 ok=true present=3ms inter_flip_ms=47 drawcalls-since-flip=43 drawcalls-total=21793 fail-total=0 null-skips-total=0
[13:34:32] [info] flip-probe: flip #300 ok=true present=3ms inter_flip_ms=46 drawcalls-since-flip=43 drawcalls-total=22223 fail-total=0 null-skips-total=0
[13:34:32] [info] alpha audit block 0: 7086 total drawcalls, 0 with alpha<255 (block pct_x10=0; global 0/20672 pct_x10=0); alpha-mod skipped: block=0 global=0
[13:34:32] [info] fastpath audit block 0: taken=7086 (idx8=7086) skipped=0 pct_x10=1000; global taken=20672 (idx8=20672) skipped=0 pct_x10=1000
[13:34:32] [info] primitive tally block 0: clear=201(hr=201) fill=0(hr=0) rect=0(hr=0) line=0(hr=0) tint=0 spotlight=0 (over 100 flips ending at flip 300)
[13:34:32] [info] color/alpha audit block 0: cmod_white=767 cmod_black=767 (idx=767) cmod_general=0 (idx=0) cmod_fb=0; alpha_taken=0 alpha_skipped=0 (global cmod=2309/767/693/0 idx=767/693 alpha=0/0)
[13:34:32] [info] phase timing block 0: drawcalls=8826 dc_total_ms=860 flip_inner_total_ms=1245 inter_flip_total_ms=5830 (per-flip avg x10: dc_ms=86 fi_ms=124 if_ms=583 derived audio+engine_ms=373; per-drawcall avg us_x10=974) [direct-vesa: presents=100 total_ms=286 avg_ms_x10=28 failed=0] [ablation: NO_DC_TIMING=0 CACHE_WINSURF=0 DIRECT_VESA=1]
[13:34:32] [info] kbd/audio block 0: kbd_irq=0 kbd_drain=0 ring_chunks=16 pump_pass=468 pic1_mask=0xb8 first_irq_ticks=0 install_ticks=0 vector_at_install=0x0083a0a0 pic1_mask_live=0x98 kbd_8042_stat=0x34 bios_kbd_head=0x002a bios_kbd_tail=0x002a bios_kbd_buf0=0x2f76
[13:34:32] [info] [tile-speedup-stat n=100 drawtile_us=64.88 raw_blit_us=40.51 ratio=1.60]
[13:34:32] [info] audio/engine split block 0: audio_mixer_calls=236 audio_mixer_ms_x10=50 engine_tick_calls=0 engine_tick_ms_x10=0 audio_service_calls=0 audio_service_ms_x10=0 (per-flip avg; per-call us_x10: audio_mix=21605 engine_tick=0 audio_service=0; global ns: audio_mix=928811259 engine_tick=12388286767 audio_service=0)
[13:34:32] [info] dirty-rect block @flip=300: total_calls=100 dirty_rects_avg=1 dirty_pct_x10=1000 forced_full=0 first_n_force=0 threshold_exceeded=0 dirty_path_taken=0 full_flush_taken=0
[13:34:32] [info] prev-frame-diff block @flip=300: diff_calls=0 diff_rects_avg=0 diff_dirty_pct_x10=0 bbox_pct_x10=0 bbox_thresh_exceeded=0
[13:34:33] [info] backdrop cache: thrashing-detect engaged (streak=64, route=direct)
[13:34:33] [info] flip-probe: flip #310 ok=true present=3ms inter_flip_ms=49 drawcalls-since-flip=43 drawcalls-total=22753 fail-total=0 null-skips-total=0
[13:34:33] [info] flip-probe: flip #320 ok=true present=3ms inter_flip_ms=46 drawcalls-since-flip=43 drawcalls-total=23183 fail-total=0 null-skips-total=0
[13:34:34] [info] flip-probe: flip #330 ok=true present=3ms inter_flip_ms=49 drawcalls-since-flip=45 drawcalls-total=23615 fail-total=0 null-skips-total=0
[13:34:35] [info] flip-probe: flip #340 ok=true present=3ms inter_flip_ms=51 drawcalls-since-flip=43 drawcalls-total=24061 fail-total=0 null-skips-total=0
[13:34:35] [info] flip-probe: flip #350 ok=true present=3ms inter_flip_ms=50 drawcalls-since-flip=44 drawcalls-total=24492 fail-total=0 null-skips-total=0
[13:34:36] [info] flip-probe: flip #360 ok=true present=2ms inter_flip_ms=50 drawcalls-since-flip=41 drawcalls-total=24922 fail-total=0 null-skips-total=0
[13:34:36] [info] backdrop cache: thrashing-detect engaged (streak=124, route=direct)
[13:34:36] [info] flip-probe: flip #370 ok=true present=3ms inter_flip_ms=62 drawcalls-since-flip=18 drawcalls-total=25112 fail-total=0 null-skips-total=0
[13:34:37] [info] flip-probe: flip #380 ok=true present=3ms inter_flip_ms=52 drawcalls-since-flip=15 drawcalls-total=25279 fail-total=0 null-skips-total=0
[13:34:37] [info] flip-probe: flip #390 ok=true present=3ms inter_flip_ms=59 drawcalls-since-flip=15 drawcalls-total=25429 fail-total=0 null-skips-total=0
[13:34:38] [info] flip-probe: flip #400 ok=true present=3ms inter_flip_ms=77 drawcalls-since-flip=319 drawcalls-total=27411 fail-total=0 null-skips-total=0
[13:34:38] [info] alpha audit block 0: 4295 total drawcalls, 0 with alpha<255 (block pct_x10=0; global 0/24967 pct_x10=0); alpha-mod skipped: block=0 global=0
[13:34:38] [info] fastpath audit block 0: taken=4295 (idx8=4295) skipped=0 pct_x10=1000; global taken=24967 (idx8=24967) skipped=0 pct_x10=1000
[13:34:38] [info] primitive tally block 0: clear=200(hr=200) fill=0(hr=0) rect=0(hr=0) line=0(hr=0) tint=0 spotlight=0 (over 100 flips ending at flip 400)
[13:34:38] [info] color/alpha audit block 0: cmod_white=793 cmod_black=793 (idx=793) cmod_general=0 (idx=0) cmod_fb=0; alpha_taken=0 alpha_skipped=0 (global cmod=3102/1560/693/0 idx=1560/693 alpha=0/0)
[13:34:38] [info] phase timing block 0: drawcalls=6081 dc_total_ms=698 flip_inner_total_ms=1097 inter_flip_total_ms=5539 (per-flip avg x10: dc_ms=69 fi_ms=109 if_ms=553 derived audio+engine_ms=375; per-drawcall avg us_x10=1149) [direct-vesa: presents=100 total_ms=289 avg_ms_x10=28 failed=0] [ablation: NO_DC_TIMING=0 CACHE_WINSURF=0 DIRECT_VESA=1]
[13:34:38] [info] kbd/audio block 0: kbd_irq=0 kbd_drain=0 ring_chunks=16 pump_pass=744 pic1_mask=0xb8 first_irq_ticks=0 install_ticks=0 vector_at_install=0x0083a0a0 pic1_mask_live=0x98 kbd_8042_stat=0x34 bios_kbd_head=0x002a bios_kbd_tail=0x002a bios_kbd_buf0=0x2f76
[13:34:38] [info] audio/engine split block 0: audio_mixer_calls=237 audio_mixer_ms_x10=51 engine_tick_calls=0 engine_tick_ms_x10=0 audio_service_calls=0 audio_service_ms_x10=0 (per-flip avg; per-call us_x10: audio_mix=21628 engine_tick=0 audio_service=0; global ns: audio_mix=1441401980 engine_tick=12388286767 audio_service=0)
[13:34:38] [info] dirty-rect block @flip=400: total_calls=0 dirty_rects_avg=1 dirty_pct_x10=1000 forced_full=0 first_n_force=0 threshold_exceeded=0 dirty_path_taken=0 full_flush_taken=0
[13:34:38] [info] prev-frame-diff block @flip=400: diff_calls=0 diff_rects_avg=0 diff_dirty_pct_x10=0 bbox_pct_x10=0 bbox_thresh_exceeded=0
[13:34:38] [info]  >> Entering stage 17: 'Yamashita Farm'.
[13:34:38] [info] [skip-sheet-flush] cave=4
[13:34:38] [info] [load-stage] preloading entry music song=13 (cave=4)
[13:34:42] [info] Organya pre-render: cache HIT PLANT (4741632 bytes from CACHE; 2 ch; synth skipped).
[13:34:42] [info] gameloop: entered (curmap=17, running=1)
[13:34:42] [info] gameloop: iter 1 ticks=62582 mapno=-1
[13:34:42] [info] mds-clear-lut: rebuilt N=240 entries (k_skip=33% k_keep=67%; curmap=17 map_size=40x16; rebuild #2 since boot)
[13:34:42] [info] gameloop: iter 2 ticks=62795 mapno=-1
[13:34:42] [info] tas: stall frame 212 ms -> contributing 1 tick (patch 0286)
[13:34:42] [info] gameloop: iter 3 ticks=62891 mapno=-1
[13:34:43] [info] flip-probe: flip #410 ok=true present=3ms inter_flip_ms=63 drawcalls-since-flip=192 drawcalls-total=30503 fail-total=0 null-skips-total=0
[13:34:43] [info] flip-probe: flip #420 ok=true present=3ms inter_flip_ms=73 drawcalls-since-flip=134 drawcalls-total=31824 fail-total=0 null-skips-total=0
[13:34:44] [info] flip-probe: flip #430 ok=true present=3ms inter_flip_ms=93 drawcalls-since-flip=145 drawcalls-total=33235 fail-total=0 null-skips-total=0
[13:34:44] [info] backdrop cache: thrashing-detect engaged (streak=4, route=direct)
[13:34:45] [info] tas: stall frame 297 ms -> contributing 1 tick (patch 0286)
[13:34:45] [info] flip-probe: flip #440 ok=true present=3ms inter_flip_ms=84 drawcalls-since-flip=143 drawcalls-total=34620 fail-total=0 null-skips-total=0
[13:34:46] [info] flip-probe: flip #450 ok=true present=3ms inter_flip_ms=73 drawcalls-since-flip=141 drawcalls-total=36028 fail-total=0 null-skips-total=0
[13:34:46] [info] backdrop cache: thrashing-detect engaged (streak=4, route=direct)
[13:34:47] [info] flip-probe: flip #460 ok=true present=2ms inter_flip_ms=76 drawcalls-since-flip=140 drawcalls-total=37445 fail-total=0 null-skips-total=0
[13:34:47] [info] flip-probe: flip #470 ok=true present=3ms inter_flip_ms=86 drawcalls-since-flip=138 drawcalls-total=38861 fail-total=0 null-skips-total=0
[13:34:48] [info] flip-probe: flip #480 ok=true present=3ms inter_flip_ms=63 drawcalls-since-flip=131 drawcalls-total=40113 fail-total=0 null-skips-total=0
[13:34:49] [info] flip-probe: flip #490 ok=true present=3ms inter_flip_ms=55 drawcalls-since-flip=129 drawcalls-total=41400 fail-total=0 null-skips-total=0
[13:34:49] [info] flip-probe: flip #500 ok=true present=3ms inter_flip_ms=57 drawcalls-since-flip=128 drawcalls-total=42670 fail-total=0 null-skips-total=0
[13:34:49] [info] alpha audit block 0: 13885 total drawcalls, 0 with alpha<255 (block pct_x10=0; global 0/38852 pct_x10=0); alpha-mod skipped: block=0 global=0
[13:34:49] [info] fastpath audit block 0: taken=13885 (idx8=13885) skipped=0 pct_x10=1000; global taken=38852 (idx8=38852) skipped=0 pct_x10=1000
[13:34:49] [info] primitive tally block 0: clear=201(hr=201) fill=0(hr=0) rect=0(hr=0) line=0(hr=0) tint=0 spotlight=0 (over 100 flips ending at flip 500)
[13:34:49] [info] color/alpha audit block 0: cmod_white=1274 cmod_black=1274 (idx=1274) cmod_general=0 (idx=0) cmod_fb=0; alpha_taken=0 alpha_skipped=0 (global cmod=4376/2834/693/0 idx=2834/693 alpha=0/0)
[13:34:49] [info] phase timing block 0: drawcalls=16668 dc_total_ms=1104 flip_inner_total_ms=1031 inter_flip_total_ms=11450 (per-flip avg x10: dc_ms=110 fi_ms=103 if_ms=1145 derived audio+engine_ms=932; per-drawcall avg us_x10=662) [direct-vesa: presents=100 total_ms=289 avg_ms_x10=28 failed=0] [ablation: NO_DC_TIMING=0 CACHE_WINSURF=0 DIRECT_VESA=1]
[13:34:49] [info] kbd/audio block 0: kbd_irq=0 kbd_drain=0 ring_chunks=16 pump_pass=1112 pic1_mask=0xb8 first_irq_ticks=0 install_ticks=0 vector_at_install=0x0083a0a0 pic1_mask_live=0x98 kbd_8042_stat=0x34 bios_kbd_head=0x002a bios_kbd_tail=0x002a bios_kbd_buf0=0x2f76
[13:34:49] [info] audio/engine split block 0: audio_mixer_calls=339 audio_mixer_ms_x10=73 engine_tick_calls=0 engine_tick_ms_x10=0 audio_service_calls=0 audio_service_ms_x10=0 (per-flip avg; per-call us_x10: audio_mix=21632 engine_tick=0 audio_service=0; global ns: audio_mix=2174756543 engine_tick=12388286767 audio_service=0)
[13:34:49] [info] dirty-rect block @flip=500: total_calls=0 dirty_rects_avg=1 dirty_pct_x10=1000 forced_full=0 first_n_force=0 threshold_exceeded=0 dirty_path_taken=0 full_flush_taken=0
[13:34:49] [info] prev-frame-diff block @flip=500: diff_calls=0 diff_rects_avg=0 diff_dirty_pct_x10=0 bbox_pct_x10=0 bbox_thresh_exceeded=0
[13:34:50] [info] flip-probe: flip #510 ok=true present=3ms inter_flip_ms=75 drawcalls-since-flip=134 drawcalls-total=43943 fail-total=0 null-skips-total=0
[13:34:51] [info] backdrop cache: thrashing-detect engaged (streak=64, route=direct)
[13:34:51] [info] flip-probe: flip #520 ok=true present=3ms inter_flip_ms=72 drawcalls-since-flip=147 drawcalls-total=45375 fail-total=0 null-skips-total=0
[13:34:52] [info] flip-probe: flip #530 ok=true present=3ms inter_flip_ms=65 drawcalls-since-flip=109 drawcalls-total=46561 fail-total=0 null-skips-total=0
[13:34:52] [info] flip-probe: flip #540 ok=true present=3ms inter_flip_ms=60 drawcalls-since-flip=117 drawcalls-total=47679 fail-total=0 null-skips-total=0
[13:34:53] [info] flip-probe: flip #550 ok=true present=3ms inter_flip_ms=62 drawcalls-since-flip=113 drawcalls-total=48820 fail-total=0 null-skips-total=0
[13:34:54] [info] flip-probe: flip #560 ok=true present=3ms inter_flip_ms=74 drawcalls-since-flip=113 drawcalls-total=49911 fail-total=0 null-skips-total=0
[13:34:54] [info] flip-probe: flip #570 ok=true present=3ms inter_flip_ms=64 drawcalls-since-flip=107 drawcalls-total=51035 fail-total=0 null-skips-total=0
[13:34:55] [info] backdrop cache: thrashing-detect engaged (streak=124, route=direct)
[13:34:55] [info] flip-probe: flip #580 ok=true present=3ms inter_flip_ms=70 drawcalls-since-flip=116 drawcalls-total=52139 fail-total=0 null-skips-total=0
[13:34:55] [info] flip-probe: flip #590 ok=true present=2ms inter_flip_ms=62 drawcalls-since-flip=118 drawcalls-total=53319 fail-total=0 null-skips-total=0
[13:34:56] [info] flip-probe: flip #600 ok=true present=3ms inter_flip_ms=56 drawcalls-since-flip=114 drawcalls-total=54492 fail-total=0 null-skips-total=0
[13:34:56] [info] alpha audit block 0: 11436 total drawcalls, 0 with alpha<255 (block pct_x10=0; global 0/50288 pct_x10=0); alpha-mod skipped: block=0 global=0
[13:34:56] [info] fastpath audit block 0: taken=11436 (idx8=11436) skipped=0 pct_x10=1000; global taken=50288 (idx8=50288) skipped=0 pct_x10=1000
[13:34:56] [info] primitive tally block 0: clear=200(hr=200) fill=0(hr=0) rect=0(hr=0) line=0(hr=0) tint=0 spotlight=0 (over 100 flips ending at flip 600)
[13:34:56] [info] color/alpha audit block 0: cmod_white=286 cmod_black=286 (idx=286) cmod_general=0 (idx=0) cmod_fb=0; alpha_taken=0 alpha_skipped=0 (global cmod=4662/3120/693/0 idx=3120/693 alpha=0/0)
[13:34:56] [info] phase timing block 0: drawcalls=12208 dc_total_ms=722 flip_inner_total_ms=1009 inter_flip_total_ms=6801 (per-flip avg x10: dc_ms=72 fi_ms=100 if_ms=680 derived audio+engine_ms=508; per-drawcall avg us_x10=591) [direct-vesa: presents=100 total_ms=287 avg_ms_x10=28 failed=0] [ablation: NO_DC_TIMING=0 CACHE_WINSURF=0 DIRECT_VESA=1]
[13:34:56] [info] kbd/audio block 0: kbd_irq=0 kbd_drain=0 ring_chunks=16 pump_pass=1452 pic1_mask=0xb8 first_irq_ticks=0 install_ticks=0 vector_at_install=0x0083a0a0 pic1_mask_live=0x98 kbd_8042_stat=0x34 bios_kbd_head=0x002a bios_kbd_tail=0x002a bios_kbd_buf0=0x2f76
[13:34:56] [info] audio/engine split block 0: audio_mixer_calls=293 audio_mixer_ms_x10=63 engine_tick_calls=0 engine_tick_ms_x10=0 audio_service_calls=0 audio_service_ms_x10=0 (per-flip avg; per-call us_x10: audio_mix=21780 engine_tick=0 audio_service=0; global ns: audio_mix=2812938547 engine_tick=12388286767 audio_service=0)
[13:34:56] [info] dirty-rect block @flip=600: total_calls=0 dirty_rects_avg=1 dirty_pct_x10=1000 forced_full=0 first_n_force=0 threshold_exceeded=0 dirty_path_taken=0 full_flush_taken=0
[13:34:56] [info] prev-frame-diff block @flip=600: diff_calls=0 diff_rects_avg=0 diff_dirty_pct_x10=0 bbox_pct_x10=0 bbox_thresh_exceeded=0
[13:34:57] [info] flip-probe: flip #610 ok=true present=3ms inter_flip_ms=74 drawcalls-since-flip=111 drawcalls-total=55609 fail-total=0 null-skips-total=0
[13:34:57] [info] run_tick_fixed #1500: heartbeat (loop alive)
[13:34:58] [info]  >> Entering stage 11: 'Mimiga Village'.
[13:34:58] [info] [skip-sheet-flush] cave=5
[13:34:58] [info] [load-stage] preloading entry music song=9 (cave=5)
[13:35:02] [info] Organya pre-render: cache HIT MURA (5927040 bytes from CACHE; 2 ch; synth skipped).
[13:35:02] [info] gameloop: entered (curmap=11, running=1)
[13:35:02] [info] gameloop: iter 1 ticks=83069 mapno=-1
[13:35:02] [info] tas: stall frame 226 ms -> contributing 1 tick (patch 0286)
[13:35:02] [info] mds-clear-lut: rebuilt N=240 entries (k_skip=0% k_keep=100%; curmap=11 map_size=60x60; rebuild #3 since boot)
[13:35:02] [info] flip-probe: flip #620 ok=true present=3ms inter_flip_ms=4691 drawcalls-since-flip=345 drawcalls-total=58571 fail-total=0 null-skips-total=0
[13:35:02] [info] gameloop: iter 2 ticks=83188 mapno=-1
[13:35:02] [info] gameloop: iter 3 ticks=83286 mapno=-1
[13:35:03] [info] backdrop cache: thrashing-detect engaged (streak=4, route=direct)
[13:35:03] [info] flip-probe: flip #630 ok=true present=3ms inter_flip_ms=47 drawcalls-since-flip=41 drawcalls-total=60329 fail-total=0 null-skips-total=0
[13:35:04] [info] flip-probe: flip #640 ok=true present=3ms inter_flip_ms=56 drawcalls-since-flip=41 drawcalls-total=60739 fail-total=0 null-skips-total=0
[13:35:04] [info] flip-probe: flip #650 ok=true present=4ms inter_flip_ms=50 drawcalls-since-flip=41 drawcalls-total=61149 fail-total=0 null-skips-total=0
[13:35:05] [info] flip-probe: flip #660 ok=true present=3ms inter_flip_ms=63 drawcalls-since-flip=43 drawcalls-total=61561 fail-total=0 null-skips-total=0
[13:35:05] [info] flip-probe: flip #670 ok=true present=3ms inter_flip_ms=60 drawcalls-since-flip=42 drawcalls-total=61976 fail-total=0 null-skips-total=0
[13:35:06] [info] flip-probe: flip #680 ok=true present=3ms inter_flip_ms=44 drawcalls-since-flip=42 drawcalls-total=62390 fail-total=0 null-skips-total=0
[13:35:06] [info] backdrop cache: thrashing-detect engaged (streak=64, route=direct)
[13:35:06] [info] flip-probe: flip #690 ok=true present=3ms inter_flip_ms=62 drawcalls-since-flip=43 drawcalls-total=62812 fail-total=0 null-skips-total=0
[13:35:07] [info] flip-probe: flip #700 ok=true present=3ms inter_flip_ms=45 drawcalls-since-flip=42 drawcalls-total=63235 fail-total=0 null-skips-total=0
[13:35:07] [info] alpha audit block 0: 7590 total drawcalls, 0 with alpha<255 (block pct_x10=0; global 0/57878 pct_x10=0); alpha-mod skipped: block=0 global=0
[13:35:07] [info] fastpath audit block 0: taken=7590 (idx8=7590) skipped=0 pct_x10=1000; global taken=57878 (idx8=57878) skipped=0 pct_x10=1000
[13:35:07] [info] primitive tally block 0: clear=202(hr=202) fill=0(hr=0) rect=0(hr=0) line=0(hr=0) tint=0 spotlight=0 (over 100 flips ending at flip 700)
[13:35:07] [info] color/alpha audit block 0: cmod_white=1053 cmod_black=1053 (idx=1053) cmod_general=0 (idx=0) cmod_fb=0; alpha_taken=0 alpha_skipped=0 (global cmod=5715/4173/693/0 idx=4173/693 alpha=0/0)
[13:35:07] [info] phase timing block 0: drawcalls=9903 dc_total_ms=854 flip_inner_total_ms=1050 inter_flip_total_ms=10483 (per-flip avg x10: dc_ms=85 fi_ms=105 if_ms=1048 derived audio+engine_ms=858; per-drawcall avg us_x10=863) [direct-vesa: presents=100 total_ms=288 avg_ms_x10=28 failed=0] [ablation: NO_DC_TIMING=0 CACHE_WINSURF=0 DIRECT_VESA=1]
[13:35:07] [info] kbd/audio block 0: kbd_irq=0 kbd_drain=0 ring_chunks=16 pump_pass=1746 pic1_mask=0xb8 first_irq_ticks=0 install_ticks=0 vector_at_install=0x0083a0a0 pic1_mask_live=0x98 kbd_8042_stat=0x34 bios_kbd_head=0x002a bios_kbd_tail=0x002a bios_kbd_buf0=0x2f76
[13:35:07] [info] audio/engine split block 0: audio_mixer_calls=260 audio_mixer_ms_x10=56 engine_tick_calls=0 engine_tick_ms_x10=0 audio_service_calls=0 audio_service_ms_x10=0 (per-flip avg; per-call us_x10: audio_mix=21750 engine_tick=0 audio_service=0; global ns: audio_mix=3378460092 engine_tick=12388286767 audio_service=0)
[13:35:07] [info] dirty-rect block @flip=700: total_calls=0 dirty_rects_avg=1 dirty_pct_x10=1000 forced_full=0 first_n_force=0 threshold_exceeded=0 dirty_path_taken=0 full_flush_taken=0
[13:35:07] [info] prev-frame-diff block @flip=700: diff_calls=0 diff_rects_avg=0 diff_dirty_pct_x10=0 bbox_pct_x10=0 bbox_thresh_exceeded=0
[13:35:07] [info] flip-probe: flip #710 ok=true present=3ms inter_flip_ms=43 drawcalls-since-flip=42 drawcalls-total=63655 fail-total=0 null-skips-total=0
[13:35:08] [info] flip-probe: flip #720 ok=true present=3ms inter_flip_ms=61 drawcalls-since-flip=43 drawcalls-total=64083 fail-total=0 null-skips-total=0
[13:35:08] [info] run_tick_fixed #1800: heartbeat (loop alive)
[13:35:08] [info] flip-probe: flip #730 ok=true present=2ms inter_flip_ms=46 drawcalls-since-flip=44 drawcalls-total=64523 fail-total=0 null-skips-total=0
[13:35:09] [info] flip-probe: flip #740 ok=true present=3ms inter_flip_ms=43 drawcalls-since-flip=18 drawcalls-total=64937 fail-total=0 null-skips-total=0
[13:35:09] [info] backdrop cache: thrashing-detect engaged (streak=124, route=direct)
[13:35:09] [info] flip-probe: flip #750 ok=true present=3ms inter_flip_ms=42 drawcalls-since-flip=17 drawcalls-total=65108 fail-total=0 null-skips-total=0
[13:35:09] [info] flip-probe: flip #760 ok=true present=3ms inter_flip_ms=42 drawcalls-since-flip=17 drawcalls-total=65274 fail-total=0 null-skips-total=0
[13:35:10] [info] flip-probe: flip #770 ok=true present=3ms inter_flip_ms=42 drawcalls-since-flip=16 drawcalls-total=65436 fail-total=0 null-skips-total=0
[13:35:10] [info] flip-probe: flip #780 ok=true present=3ms inter_flip_ms=43 drawcalls-since-flip=16 drawcalls-total=65596 fail-total=0 null-skips-total=0
[13:35:11] [info] flip-probe: flip #790 ok=true present=3ms inter_flip_ms=43 drawcalls-since-flip=16 drawcalls-total=65756 fail-total=0 null-skips-total=0
[13:35:11] [info] flip-probe: flip #800 ok=true present=3ms inter_flip_ms=51 drawcalls-since-flip=27 drawcalls-total=65949 fail-total=0 null-skips-total=0
[13:35:11] [info] alpha audit block 0: 2107 total drawcalls, 0 with alpha<255 (block pct_x10=0; global 0/59985 pct_x10=0); alpha-mod skipped: block=0 global=0
[13:35:11] [info] fastpath audit block 0: taken=2107 (idx8=2107) skipped=0 pct_x10=1000; global taken=59985 (idx8=59985) skipped=0 pct_x10=1000
[13:35:11] [info] primitive tally block 0: clear=200(hr=200) fill=0(hr=0) rect=0(hr=0) line=0(hr=0) tint=0 spotlight=0 (over 100 flips ending at flip 800)
[13:35:11] [info] color/alpha audit block 0: cmod_white=507 cmod_black=507 (idx=507) cmod_general=0 (idx=0) cmod_fb=0; alpha_taken=0 alpha_skipped=0 (global cmod=6222/4680/693/0 idx=4680/693 alpha=0/0)
[13:35:11] [info] phase timing block 0: drawcalls=3321 dc_total_ms=568 flip_inner_total_ms=1025 inter_flip_total_ms=4626 (per-flip avg x10: dc_ms=56 fi_ms=102 if_ms=462 derived audio+engine_ms=304; per-drawcall avg us_x10=1710) [direct-vesa: presents=100 total_ms=288 avg_ms_x10=28 failed=0] [ablation: NO_DC_TIMING=0 CACHE_WINSURF=0 DIRECT_VESA=1]
[13:35:11] [info] kbd/audio block 0: kbd_irq=0 kbd_drain=0 ring_chunks=16 pump_pass=1977 pic1_mask=0xb8 first_irq_ticks=0 install_ticks=0 vector_at_install=0x0083a0a0 pic1_mask_live=0x98 kbd_8042_stat=0x34 bios_kbd_head=0x002a bios_kbd_tail=0x002a bios_kbd_buf0=0x2f76
[13:35:11] [info] audio/engine split block 0: audio_mixer_calls=199 audio_mixer_ms_x10=42 engine_tick_calls=0 engine_tick_ms_x10=0 audio_service_calls=0 audio_service_ms_x10=0 (per-flip avg; per-call us_x10: audio_mix=21595 engine_tick=0 audio_service=0; global ns: audio_mix=3808201630 engine_tick=12388286767 audio_service=0)
[13:35:11] [info] dirty-rect block @flip=800: total_calls=0 dirty_rects_avg=1 dirty_pct_x10=1000 forced_full=0 first_n_force=0 threshold_exceeded=0 dirty_path_taken=0 full_flush_taken=0
[13:35:11] [info] prev-frame-diff block @flip=800: diff_calls=0 diff_rects_avg=0 diff_dirty_pct_x10=0 bbox_pct_x10=0 bbox_thresh_exceeded=0
[13:35:12] [info] backdrop cache: thrashing-detect engaged (streak=184, route=direct)
[13:35:12] [info] flip-probe: flip #810 ok=true present=3ms inter_flip_ms=50 drawcalls-since-flip=20 drawcalls-total=66147 fail-total=0 null-skips-total=0
[13:35:12] [info] flip-probe: flip #820 ok=true present=3ms inter_flip_ms=51 drawcalls-since-flip=20 drawcalls-total=66335 fail-total=0 null-skips-total=0
[13:35:13] [info] flip-probe: flip #830 ok=true present=3ms inter_flip_ms=72 drawcalls-since-flip=305 drawcalls-total=68590 fail-total=0 null-skips-total=0
[13:35:13] [info]  >> Entering stage 15: 'Reservoir'.
[13:35:13] [info] [skip-sheet-flush] cave=6
[13:35:14] [info] [load-stage] preloading entry music song=9 (cave=6)
[13:35:14] [info] gameloop: entered (curmap=15, running=1)
[13:35:14] [info] gameloop: iter 1 ticks=94693 mapno=-1
[13:35:14] [info] mds-clear-lut: rebuilt N=240 entries (k_skip=13% k_keep=87%; curmap=15 map_size=40x20; rebuild #4 since boot)
[13:35:14] [info] gameloop: iter 2 ticks=94800 mapno=-1
[13:35:14] [info] gameloop: iter 3 ticks=94894 mapno=-1
[13:35:14] [info] flip-probe: flip #840 ok=true present=3ms inter_flip_ms=50 drawcalls-since-flip=96 drawcalls-total=70658 fail-total=0 null-skips-total=0
[13:35:15] [info] flip-probe: flip #850 ok=true present=3ms inter_flip_ms=44 drawcalls-since-flip=32 drawcalls-total=71001 fail-total=0 null-skips-total=0
[13:35:15] [info] flip-probe: flip #860 ok=true present=3ms inter_flip_ms=47 drawcalls-since-flip=32 drawcalls-total=71321 fail-total=0 null-skips-total=0
[13:35:16] [info] backdrop cache: thrashing-detect engaged (streak=4, route=direct)
[13:35:16] [info] flip-probe: flip #870 ok=true present=3ms inter_flip_ms=67 drawcalls-since-flip=34 drawcalls-total=71649 fail-total=0 null-skips-total=0
[13:35:16] [info] flip-probe: flip #880 ok=true present=3ms inter_flip_ms=51 drawcalls-since-flip=32 drawcalls-total=71990 fail-total=0 null-skips-total=0
[13:35:17] [info] flip-probe: flip #890 ok=true present=3ms inter_flip_ms=45 drawcalls-since-flip=32 drawcalls-total=72310 fail-total=0 null-skips-total=0
[13:35:17] [info] flip-probe: flip #900 ok=true present=4ms inter_flip_ms=50 drawcalls-since-flip=33 drawcalls-total=72636 fail-total=0 null-skips-total=0
[13:35:17] [info] alpha audit block 0: 5975 total drawcalls, 0 with alpha<255 (block pct_x10=0; global 0/65960 pct_x10=0); alpha-mod skipped: block=0 global=0
[13:35:17] [info] fastpath audit block 0: taken=5975 (idx8=5975) skipped=0 pct_x10=1000; global taken=65960 (idx8=65960) skipped=0 pct_x10=1000
[13:35:17] [info] primitive tally block 0: clear=202(hr=202) fill=0(hr=0) rect=0(hr=0) line=0(hr=0) tint=0 spotlight=0 (over 100 flips ending at flip 900)
[13:35:17] [info] color/alpha audit block 0: cmod_white=612 cmod_black=612 (idx=612) cmod_general=0 (idx=0) cmod_fb=0; alpha_taken=0 alpha_skipped=0 (global cmod=6834/5292/693/0 idx=5292/693 alpha=0/0)
[13:35:17] [info] phase timing block 0: drawcalls=7435 dc_total_ms=937 flip_inner_total_ms=1102 inter_flip_total_ms=6156 (per-flip avg x10: dc_ms=93 fi_ms=110 if_ms=615 derived audio+engine_ms=412; per-drawcall avg us_x10=1261) [direct-vesa: presents=100 total_ms=292 avg_ms_x10=29 failed=0] [ablation: NO_DC_TIMING=0 CACHE_WINSURF=0 DIRECT_VESA=1]
[13:35:17] [info] kbd/audio block 0: kbd_irq=0 kbd_drain=0 ring_chunks=16 pump_pass=2251 pic1_mask=0xb8 first_irq_ticks=0 install_ticks=0 vector_at_install=0x0083a0a0 pic1_mask_live=0x98 kbd_8042_stat=0x34 bios_kbd_head=0x002a bios_kbd_tail=0x002a bios_kbd_buf0=0x2f76
[13:35:17] [info] audio/engine split block 0: audio_mixer_calls=246 audio_mixer_ms_x10=53 engine_tick_calls=0 engine_tick_ms_x10=0 audio_service_calls=0 audio_service_ms_x10=0 (per-flip avg; per-call us_x10: audio_mix=21580 engine_tick=0 audio_service=0; global ns: audio_mix=4339082967 engine_tick=12388286767 audio_service=0)
[13:35:17] [info] dirty-rect block @flip=900: total_calls=0 dirty_rects_avg=1 dirty_pct_x10=1000 forced_full=0 first_n_force=0 threshold_exceeded=0 dirty_path_taken=0 full_flush_taken=0
[13:35:17] [info] prev-frame-diff block @flip=900: diff_calls=0 diff_rects_avg=0 diff_dirty_pct_x10=0 bbox_pct_x10=0 bbox_thresh_exceeded=0
[13:35:18] [info] tas: stall frame 188 ms -> contributing 1 tick (patch 0286)
[13:35:18] [info] flip-probe: flip #910 ok=true present=3ms inter_flip_ms=38 drawcalls-since-flip=34 drawcalls-total=72973 fail-total=0 null-skips-total=0
[13:35:19] [info] flip-probe: flip #920 ok=true present=3ms inter_flip_ms=65 drawcalls-since-flip=35 drawcalls-total=73313 fail-total=0 null-skips-total=0
[13:35:19] [info] backdrop cache: thrashing-detect engaged (streak=64, route=direct)
[13:35:19] [info] flip-probe: flip #930 ok=true present=3ms inter_flip_ms=45 drawcalls-since-flip=36 drawcalls-total=73669 fail-total=0 null-skips-total=0
[13:35:20] [info] flip-probe: flip #940 ok=true present=3ms inter_flip_ms=47 drawcalls-since-flip=37 drawcalls-total=74032 fail-total=0 null-skips-total=0
[13:35:20] [info] flip-probe: flip #950 ok=true present=3ms inter_flip_ms=42 drawcalls-since-flip=35 drawcalls-total=74390 fail-total=0 null-skips-total=0
[13:35:20] [info] flip-probe: flip #960 ok=true present=2ms inter_flip_ms=44 drawcalls-since-flip=17 drawcalls-total=74604 fail-total=0 null-skips-total=0
[13:35:21] [info] flip-probe: flip #970 ok=true present=3ms inter_flip_ms=41 drawcalls-since-flip=16 drawcalls-total=74766 fail-total=0 null-skips-total=0
[13:35:21] [info] flip-probe: flip #980 ok=true present=3ms inter_flip_ms=42 drawcalls-since-flip=15 drawcalls-total=74920 fail-total=0 null-skips-total=0
[13:35:22] [info] backdrop cache: thrashing-detect engaged (streak=124, route=direct)
[13:35:22] [info] flip-probe: flip #990 ok=true present=4ms inter_flip_ms=38 drawcalls-since-flip=14 drawcalls-total=75065 fail-total=0 null-skips-total=0
[13:35:22] [info] flip-probe: flip #1000 ok=true present=3ms inter_flip_ms=47 drawcalls-since-flip=14 drawcalls-total=75205 fail-total=0 null-skips-total=0
[13:35:22] [info] alpha audit block 0: 2001 total drawcalls, 0 with alpha<255 (block pct_x10=0; global 0/67961 pct_x10=0); alpha-mod skipped: block=0 global=0
[13:35:22] [info] fastpath audit block 0: taken=2001 (idx8=2001) skipped=0 pct_x10=1000; global taken=67961 (idx8=67961) skipped=0 pct_x10=1000
[13:35:22] [info] primitive tally block 0: clear=200(hr=200) fill=0(hr=0) rect=0(hr=0) line=0(hr=0) tint=0 spotlight=0 (over 100 flips ending at flip 1000)
[13:35:22] [info] color/alpha audit block 0: cmod_white=468 cmod_black=468 (idx=468) cmod_general=0 (idx=0) cmod_fb=0; alpha_taken=0 alpha_skipped=0 (global cmod=7302/5760/693/0 idx=5760/693 alpha=0/0)
[13:35:22] [info] phase timing block 0: drawcalls=3145 dc_total_ms=573 flip_inner_total_ms=1032 inter_flip_total_ms=4802 (per-flip avg x10: dc_ms=57 fi_ms=103 if_ms=480 derived audio+engine_ms=320; per-drawcall avg us_x10=1824) [direct-vesa: presents=100 total_ms=288 avg_ms_x10=28 failed=0] [ablation: NO_DC_TIMING=0 CACHE_WINSURF=0 DIRECT_VESA=1]
[13:35:22] [info] kbd/audio block 0: kbd_irq=0 kbd_drain=0 ring_chunks=16 pump_pass=2483 pic1_mask=0xb8 first_irq_ticks=0 install_ticks=0 vector_at_install=0x0083a0a0 pic1_mask_live=0x98 kbd_8042_stat=0x34 bios_kbd_head=0x002a bios_kbd_tail=0x002a bios_kbd_buf0=0x2f76
[13:35:22] [info] audio/engine split block 0: audio_mixer_calls=207 audio_mixer_ms_x10=44 engine_tick_calls=0 engine_tick_ms_x10=0 audio_service_calls=0 audio_service_ms_x10=0 (per-flip avg; per-call us_x10: audio_mix=21525 engine_tick=0 audio_service=0; global ns: audio_mix=4784660325 engine_tick=12388286767 audio_service=0)
[13:35:22] [info] dirty-rect block @flip=1000: total_calls=0 dirty_rects_avg=1 dirty_pct_x10=1000 forced_full=0 first_n_force=0 threshold_exceeded=0 dirty_path_taken=0 full_flush_taken=0
[13:35:22] [info] prev-frame-diff block @flip=1000: diff_calls=0 diff_rects_avg=0 diff_dirty_pct_x10=0 bbox_pct_x10=0 bbox_thresh_exceeded=0
[13:35:23] [info] flip-probe: flip #1010 ok=true present=3ms inter_flip_ms=42 drawcalls-since-flip=14 drawcalls-total=75345 fail-total=0 null-skips-total=0
[13:35:23] [info] backdrop cache: thrashing-detect engaged (streak=4, route=direct)
[13:35:23] [info] flip-probe: flip #1020 ok=true present=3ms inter_flip_ms=38 drawcalls-since-flip=14 drawcalls-total=75485 fail-total=0 null-skips-total=0
[13:35:24] [info] flip-probe: flip #1030 ok=true present=3ms inter_flip_ms=44 drawcalls-since-flip=14 drawcalls-total=75625 fail-total=0 null-skips-total=0
[13:35:24] [info] flip-probe: flip #1040 ok=true present=3ms inter_flip_ms=48 drawcalls-since-flip=14 drawcalls-total=75765 fail-total=0 null-skips-total=0
[13:35:25] [info] tas: stall frame 254 ms -> contributing 1 tick (patch 0286)
[13:35:25] [info] flip-probe: flip #1050 ok=true present=2ms inter_flip_ms=65 drawcalls-since-flip=14 drawcalls-total=75905 fail-total=0 null-skips-total=0
[13:35:25] [info] flip-probe: flip #1060 ok=true present=3ms inter_flip_ms=43 drawcalls-since-flip=14 drawcalls-total=76045 fail-total=0 null-skips-total=0
[13:35:26] [info] flip-probe: flip #1070 ok=true present=3ms inter_flip_ms=42 drawcalls-since-flip=14 drawcalls-total=76185 fail-total=0 null-skips-total=0
[13:35:26] [info] backdrop cache: thrashing-detect engaged (streak=64, route=direct)
[13:35:26] [info] flip-probe: flip #1080 ok=true present=3ms inter_flip_ms=44 drawcalls-since-flip=14 drawcalls-total=76325 fail-total=0 null-skips-total=0
[13:35:27] [info] flip-probe: flip #1090 ok=true present=3ms inter_flip_ms=45 drawcalls-since-flip=14 drawcalls-total=76465 fail-total=0 null-skips-total=0
[13:35:27] [info] run_tick_fixed #2700: heartbeat (loop alive)
[13:35:27] [info] flip-probe: flip #1100 ok=true present=3ms inter_flip_ms=69 drawcalls-since-flip=318 drawcalls-total=77844 fail-total=0 null-skips-total=0
[13:35:27] [info] alpha audit block 0: 2539 total drawcalls, 0 with alpha<255 (block pct_x10=0; global 0/70500 pct_x10=0); alpha-mod skipped: block=0 global=0
[13:35:27] [info] fastpath audit block 0: taken=2539 (idx8=2539) skipped=0 pct_x10=1000; global taken=70500 (idx8=70500) skipped=0 pct_x10=1000
[13:35:27] [info] primitive tally block 0: clear=200(hr=200) fill=0(hr=0) rect=0(hr=0) line=0(hr=0) tint=0 spotlight=0 (over 100 flips ending at flip 1100)
[13:35:27] [info] phase timing block 0: drawcalls=2752 dc_total_ms=595 flip_inner_total_ms=1037 inter_flip_total_ms=4969 (per-flip avg x10: dc_ms=59 fi_ms=103 if_ms=496 derived audio+engine_ms=334; per-drawcall avg us_x10=2165) [direct-vesa: presents=100 total_ms=292 avg_ms_x10=29 failed=0] [ablation: NO_DC_TIMING=0 CACHE_WINSURF=0 DIRECT_VESA=1]
[13:35:27] [info] kbd/audio block 0: kbd_irq=0 kbd_drain=0 ring_chunks=16 pump_pass=2719 pic1_mask=0xb8 first_irq_ticks=0 install_ticks=0 vector_at_install=0x0083a0a0 pic1_mask_live=0x98 kbd_8042_stat=0x34 bios_kbd_head=0x002a bios_kbd_tail=0x002a bios_kbd_buf0=0x2f76
[13:35:27] [info] audio/engine split block 0: audio_mixer_calls=210 audio_mixer_ms_x10=45 engine_tick_calls=0 engine_tick_ms_x10=0 audio_service_calls=0 audio_service_ms_x10=0 (per-flip avg; per-call us_x10: audio_mix=21643 engine_tick=0 audio_service=0; global ns: audio_mix=5239167607 engine_tick=12388286767 audio_service=0)
[13:35:27] [info] dirty-rect block @flip=1100: total_calls=0 dirty_rects_avg=1 dirty_pct_x10=1000 forced_full=0 first_n_force=0 threshold_exceeded=0 dirty_path_taken=0 full_flush_taken=0
[13:35:27] [info] prev-frame-diff block @flip=1100: diff_calls=0 diff_rects_avg=0 diff_dirty_pct_x10=0 bbox_pct_x10=0 bbox_thresh_exceeded=0
[13:35:28] [info]  >> Entering stage 11: 'Mimiga Village'.
[13:35:28] [info] [skip-sheet-flush] cave=7
[13:35:28] [info] [load-stage] preloading entry music song=9 (cave=7)
[13:35:28] [info] gameloop: entered (curmap=11, running=1)
[13:35:28] [info] gameloop: iter 1 ticks=108875 mapno=-1
[13:35:28] [info] mds-clear-lut: rebuilt N=240 entries (k_skip=0% k_keep=100%; curmap=11 map_size=60x60; rebuild #5 since boot)
[13:35:28] [info] gameloop: iter 2 ticks=108987 mapno=-1
[13:35:28] [info] gameloop: iter 3 ticks=109085 mapno=-1
[13:35:29] [info] flip-probe: flip #1110 ok=true present=3ms inter_flip_ms=78 drawcalls-since-flip=196 drawcalls-total=80562 fail-total=0 null-skips-total=0
[13:35:29] [info] flip-probe: flip #1120 ok=true present=3ms inter_flip_ms=56 drawcalls-since-flip=42 drawcalls-total=81114 fail-total=0 null-skips-total=0
[13:35:29] [info] flip-probe: flip #1130 ok=true present=4ms inter_flip_ms=45 drawcalls-since-flip=42 drawcalls-total=81534 fail-total=0 null-skips-total=0
[13:35:30] [info] flip-probe: flip #1140 ok=true present=3ms inter_flip_ms=79 drawcalls-since-flip=53 drawcalls-total=81998 fail-total=0 null-skips-total=0
[13:35:30] [info] backdrop cache: thrashing-detect engaged (streak=4, route=direct)
[13:35:31] [info] flip-probe: flip #1150 ok=true present=3ms inter_flip_ms=56 drawcalls-since-flip=49 drawcalls-total=82503 fail-total=0 null-skips-total=0
[13:35:31] [info] flip-probe: flip #1160 ok=true present=3ms inter_flip_ms=50 drawcalls-since-flip=44 drawcalls-total=82967 fail-total=0 null-skips-total=0
[13:35:32] [info] flip-probe: flip #1170 ok=true present=3ms inter_flip_ms=50 drawcalls-since-flip=45 drawcalls-total=83413 fail-total=0 null-skips-total=0
[13:35:32] [info] flip-probe: flip #1180 ok=true present=3ms inter_flip_ms=50 drawcalls-since-flip=49 drawcalls-total=83869 fail-total=0 null-skips-total=0
[13:35:33] [info] flip-probe: flip #1190 ok=true present=3ms inter_flip_ms=45 drawcalls-since-flip=45 drawcalls-total=84329 fail-total=0 null-skips-total=0
[13:35:33] [info] flip-probe: flip #1200 ok=true present=3ms inter_flip_ms=47 drawcalls-since-flip=45 drawcalls-total=84779 fail-total=0 null-skips-total=0
[13:35:33] [info] alpha audit block 0: 5587 total drawcalls, 0 with alpha<255 (block pct_x10=0; global 0/76087 pct_x10=0); alpha-mod skipped: block=0 global=0
[13:35:33] [info] fastpath audit block 0: taken=5587 (idx8=5587) skipped=0 pct_x10=1000; global taken=76087 (idx8=76087) skipped=0 pct_x10=1000
[13:35:33] [info] primitive tally block 0: clear=201(hr=201) fill=0(hr=0) rect=0(hr=0) line=0(hr=0) tint=0 spotlight=0 (over 100 flips ending at flip 1200)
[13:35:33] [info] color/alpha audit block 0: cmod_white=1248 cmod_black=1248 (idx=1248) cmod_general=0 (idx=0) cmod_fb=0; alpha_taken=0 alpha_skipped=0 (global cmod=8550/7008/693/0 idx=7008/693 alpha=0/0)
[13:35:33] [info] phase timing block 0: drawcalls=8324 dc_total_ms=999 flip_inner_total_ms=1058 inter_flip_total_ms=6111 (per-flip avg x10: dc_ms=99 fi_ms=105 if_ms=611 derived audio+engine_ms=407; per-drawcall avg us_x10=1200) [direct-vesa: presents=100 total_ms=288 avg_ms_x10=28 failed=0] [ablation: NO_DC_TIMING=0 CACHE_WINSURF=0 DIRECT_VESA=1]
[13:35:33] [info] kbd/audio block 0: kbd_irq=0 kbd_drain=0 ring_chunks=16 pump_pass=3001 pic1_mask=0xb8 first_irq_ticks=0 install_ticks=0 vector_at_install=0x0083a0a0 pic1_mask_live=0x98 kbd_8042_stat=0x34 bios_kbd_head=0x002a bios_kbd_tail=0x002a bios_kbd_buf0=0x2f76
[13:35:33] [info] audio/engine split block 0: audio_mixer_calls=253 audio_mixer_ms_x10=54 engine_tick_calls=0 engine_tick_ms_x10=0 audio_service_calls=0 audio_service_ms_x10=0 (per-flip avg; per-call us_x10: audio_mix=21660 engine_tick=0 audio_service=0; global ns: audio_mix=5787186345 engine_tick=12388286767 audio_service=0)
[13:35:33] [info] dirty-rect block @flip=1200: total_calls=0 dirty_rects_avg=1 dirty_pct_x10=1000 forced_full=0 first_n_force=0 threshold_exceeded=0 dirty_path_taken=0 full_flush_taken=0
[13:35:33] [info] prev-frame-diff block @flip=1200: diff_calls=0 diff_rects_avg=0 diff_dirty_pct_x10=0 bbox_pct_x10=0 bbox_thresh_exceeded=0
[13:35:34] [info] backdrop cache: thrashing-detect engaged (streak=64, route=direct)
[13:35:34] [info] flip-probe: flip #1210 ok=true present=3ms inter_flip_ms=50 drawcalls-since-flip=45 drawcalls-total=85229 fail-total=0 null-skips-total=0
[13:35:34] [info] flip-probe: flip #1220 ok=true present=2ms inter_flip_ms=47 drawcalls-since-flip=45 drawcalls-total=85679 fail-total=0 null-skips-total=0
[13:35:35] [info] flip-probe: flip #1230 ok=true present=3ms inter_flip_ms=55 drawcalls-since-flip=18 drawcalls-total=85964 fail-total=0 null-skips-total=0
[13:35:35] [info] flip-probe: flip #1240 ok=true present=3ms inter_flip_ms=56 drawcalls-since-flip=17 drawcalls-total=86143 fail-total=0 null-skips-total=0
[13:35:36] [info] flip-probe: flip #1250 ok=true present=3ms inter_flip_ms=47 drawcalls-since-flip=17 drawcalls-total=86313 fail-total=0 null-skips-total=0
[13:35:36] [info] flip-probe: flip #1260 ok=true present=3ms inter_flip_ms=44 drawcalls-since-flip=19 drawcalls-total=86492 fail-total=0 null-skips-total=0
[13:35:36] [info] backdrop cache: thrashing-detect engaged (streak=124, route=direct)
[13:35:37] [info] tas: stall frame 269 ms -> contributing 1 tick (patch 0286)
[13:35:37] [info] flip-probe: flip #1270 ok=true present=3ms inter_flip_ms=48 drawcalls-since-flip=19 drawcalls-total=86682 fail-total=0 null-skips-total=0
[13:35:37] [info] flip-probe: flip #1280 ok=true present=3ms inter_flip_ms=44 drawcalls-since-flip=19 drawcalls-total=86872 fail-total=0 null-skips-total=0
[13:35:38] [info] flip-probe: flip #1290 ok=true present=3ms inter_flip_ms=45 drawcalls-since-flip=18 drawcalls-total=87054 fail-total=0 null-skips-total=0
[13:35:38] [info] flip-probe: flip #1300 ok=true present=3ms inter_flip_ms=45 drawcalls-since-flip=17 drawcalls-total=87226 fail-total=0 null-skips-total=0
[13:35:38] [info] alpha audit block 0: 2035 total drawcalls, 0 with alpha<255 (block pct_x10=0; global 0/78122 pct_x10=0); alpha-mod skipped: block=0 global=0
[13:35:38] [info] fastpath audit block 0: taken=2035 (idx8=2035) skipped=0 pct_x10=1000; global taken=78122 (idx8=78122) skipped=0 pct_x10=1000
[13:35:38] [info] primitive tally block 0: clear=200(hr=200) fill=0(hr=0) rect=0(hr=0) line=0(hr=0) tint=0 spotlight=0 (over 100 flips ending at flip 1300)
[13:35:38] [info] color/alpha audit block 0: cmod_white=312 cmod_black=312 (idx=312) cmod_general=0 (idx=0) cmod_fb=0; alpha_taken=0 alpha_skipped=0 (global cmod=8862/7320/693/0 idx=7320/693 alpha=0/0)
[13:35:38] [info] phase timing block 0: drawcalls=2859 dc_total_ms=551 flip_inner_total_ms=1019 inter_flip_total_ms=5086 (per-flip avg x10: dc_ms=55 fi_ms=101 if_ms=508 derived audio+engine_ms=352; per-drawcall avg us_x10=1929) [direct-vesa: presents=100 total_ms=289 avg_ms_x10=28 failed=0] [ablation: NO_DC_TIMING=0 CACHE_WINSURF=0 DIRECT_VESA=1]
[13:35:38] [info] kbd/audio block 0: kbd_irq=0 kbd_drain=0 ring_chunks=16 pump_pass=3243 pic1_mask=0xb8 first_irq_ticks=0 install_ticks=0 vector_at_install=0x0083a0a0 pic1_mask_live=0x98 kbd_8042_stat=0x34 bios_kbd_head=0x002a bios_kbd_tail=0x002a bios_kbd_buf0=0x2f76
[13:35:38] [info] audio/engine split block 0: audio_mixer_calls=217 audio_mixer_ms_x10=46 engine_tick_calls=0 engine_tick_ms_x10=0 audio_service_calls=0 audio_service_ms_x10=0 (per-flip avg; per-call us_x10: audio_mix=21427 engine_tick=0 audio_service=0; global ns: audio_mix=6252153066 engine_tick=12388286767 audio_service=0)
[13:35:38] [info] dirty-rect block @flip=1300: total_calls=0 dirty_rects_avg=1 dirty_pct_x10=1000 forced_full=0 first_n_force=0 threshold_exceeded=0 dirty_path_taken=0 full_flush_taken=0
[13:35:38] [info] prev-frame-diff block @flip=1300: diff_calls=0 diff_rects_avg=0 diff_dirty_pct_x10=0 bbox_pct_x10=0 bbox_thresh_exceeded=0
[13:35:39] [info] flip-probe: flip #1310 ok=true present=3ms inter_flip_ms=43 drawcalls-since-flip=18 drawcalls-total=87406 fail-total=0 null-skips-total=0
[13:35:39] [info] flip-probe: flip #1320 ok=true present=3ms inter_flip_ms=47 drawcalls-since-flip=19 drawcalls-total=87593 fail-total=0 null-skips-total=0
[13:35:40] [info] run_tick_fixed #3300: heartbeat (loop alive)
[13:35:40] [info] backdrop cache: thrashing-detect engaged (streak=184, route=direct)
[13:35:40] [info] flip-probe: flip #1330 ok=true present=3ms inter_flip_ms=48 drawcalls-since-flip=19 drawcalls-total=87783 fail-total=0 null-skips-total=0
[13:35:40] [info] flip-probe: flip #1340 ok=true present=3ms inter_flip_ms=44 drawcalls-since-flip=20 drawcalls-total=87977 fail-total=0 null-skips-total=0
[13:35:41] [info] flip-probe: flip #1350 ok=true present=2ms inter_flip_ms=46 drawcalls-since-flip=20 drawcalls-total=88177 fail-total=0 null-skips-total=0
[13:35:41] [info] flip-probe: flip #1360 ok=true present=3ms inter_flip_ms=45 drawcalls-since-flip=20 drawcalls-total=88377 fail-total=0 null-skips-total=0
[13:35:42] [info] flip-probe: flip #1370 ok=true present=3ms inter_flip_ms=43 drawcalls-since-flip=17 drawcalls-total=88559 fail-total=0 null-skips-total=0
[13:35:42] [info] flip-probe: flip #1380 ok=true present=3ms inter_flip_ms=45 drawcalls-since-flip=17 drawcalls-total=88729 fail-total=0 null-skips-total=0
[13:35:42] [info] backdrop cache: thrashing-detect engaged (streak=244, route=direct)
[13:35:43] [info] flip-probe: flip #1390 ok=true present=3ms inter_flip_ms=47 drawcalls-since-flip=18 drawcalls-total=88903 fail-total=0 null-skips-total=0
[13:35:43] [info] flip-probe: flip #1400 ok=true present=3ms inter_flip_ms=45 drawcalls-since-flip=17 drawcalls-total=89084 fail-total=0 null-skips-total=0
[13:35:43] [info] alpha audit block 0: 1758 total drawcalls, 0 with alpha<255 (block pct_x10=0; global 0/79880 pct_x10=0); alpha-mod skipped: block=0 global=0
[13:35:43] [info] fastpath audit block 0: taken=1758 (idx8=1758) skipped=0 pct_x10=1000; global taken=79880 (idx8=79880) skipped=0 pct_x10=1000
[13:35:43] [info] primitive tally block 0: clear=200(hr=200) fill=0(hr=0) rect=0(hr=0) line=0(hr=0) tint=0 spotlight=0 (over 100 flips ending at flip 1400)
[13:35:43] [info] phase timing block 0: drawcalls=1958 dc_total_ms=531 flip_inner_total_ms=1021 inter_flip_total_ms=4807 (per-flip avg x10: dc_ms=53 fi_ms=102 if_ms=480 derived audio+engine_ms=325; per-drawcall avg us_x10=2716) [direct-vesa: presents=100 total_ms=295 avg_ms_x10=29 failed=0] [ablation: NO_DC_TIMING=0 CACHE_WINSURF=0 DIRECT_VESA=1]
[13:35:43] [info] kbd/audio block 0: kbd_irq=0 kbd_drain=0 ring_chunks=16 pump_pass=3483 pic1_mask=0xb8 first_irq_ticks=0 install_ticks=0 vector_at_install=0x0083a0a0 pic1_mask_live=0x98 kbd_8042_stat=0x34 bios_kbd_head=0x002a bios_kbd_tail=0x002a bios_kbd_buf0=0x2f76
[13:35:43] [info] audio/engine split block 0: audio_mixer_calls=207 audio_mixer_ms_x10=44 engine_tick_calls=0 engine_tick_ms_x10=0 audio_service_calls=0 audio_service_ms_x10=0 (per-flip avg; per-call us_x10: audio_mix=21427 engine_tick=0 audio_service=0; global ns: audio_mix=6695703075 engine_tick=12388286767 audio_service=0)
[13:35:43] [info] dirty-rect block @flip=1400: total_calls=0 dirty_rects_avg=1 dirty_pct_x10=1000 forced_full=0 first_n_force=0 threshold_exceeded=0 dirty_path_taken=0 full_flush_taken=0
[13:35:43] [info] prev-frame-diff block @flip=1400: diff_calls=0 diff_rects_avg=0 diff_dirty_pct_x10=0 bbox_pct_x10=0 bbox_thresh_exceeded=0
[13:35:44] [info] flip-probe: flip #1410 ok=true present=3ms inter_flip_ms=49 drawcalls-since-flip=16 drawcalls-total=89249 fail-total=0 null-skips-total=0
[13:35:44] [info] flip-probe: flip #1420 ok=true present=3ms inter_flip_ms=53 drawcalls-since-flip=17 drawcalls-total=89416 fail-total=0 null-skips-total=0
[13:35:45] [info] flip-probe: flip #1430 ok=true present=3ms inter_flip_ms=62 drawcalls-since-flip=20 drawcalls-total=89609 fail-total=0 null-skips-total=0
[13:35:45] [info] flip-probe: flip #1440 ok=true present=3ms inter_flip_ms=49 drawcalls-since-flip=18 drawcalls-total=89799 fail-total=0 null-skips-total=0
[13:35:46] [info] backdrop cache: thrashing-detect engaged (streak=304, route=direct)
[13:35:46] [info] flip-probe: flip #1450 ok=true present=3ms inter_flip_ms=61 drawcalls-since-flip=7 drawcalls-total=92013 fail-total=0 null-skips-total=0
[13:35:46] [info]  >> Entering stage 19: 'Assembly Hall'.
[13:35:46] [info] [skip-sheet-flush] cave=8
[13:35:47] [info] [load-stage] preloading entry music song=9 (cave=8)
[13:35:47] [info] gameloop: entered (curmap=19, running=1)
[13:35:47] [info] gameloop: iter 1 ticks=127644 mapno=-1
[13:35:47] [info] mds-clear-lut: rebuilt N=240 entries (k_skip=100% k_keep=0%; curmap=19 map_size=21x16; rebuild #6 since boot)
[13:35:47] [info] gameloop: iter 2 ticks=127731 mapno=-1
[13:35:47] [info] gameloop: iter 3 ticks=127829 mapno=-1
[13:35:47] [info] flip-probe: flip #1460 ok=true present=3ms inter_flip_ms=52 drawcalls-since-flip=111 drawcalls-total=95055 fail-total=0 null-skips-total=0
[13:35:48] [info] flip-probe: flip #1470 ok=true present=3ms inter_flip_ms=46 drawcalls-since-flip=122 drawcalls-total=96264 fail-total=0 null-skips-total=0
[13:35:48] [info] flip-probe: flip #1480 ok=true present=3ms inter_flip_ms=46 drawcalls-since-flip=122 drawcalls-total=97484 fail-total=0 null-skips-total=0
[13:35:49] [info] flip-probe: flip #1490 ok=true present=4ms inter_flip_ms=52 drawcalls-since-flip=123 drawcalls-total=98722 fail-total=0 null-skips-total=0
[13:35:49] [info] tas: stall frame 270 ms -> contributing 1 tick (patch 0286)
[13:35:50] [info] flip-probe: flip #1500 ok=true present=3ms inter_flip_ms=60 drawcalls-since-flip=123 drawcalls-total=99951 fail-total=0 null-skips-total=0
[13:35:50] [info] alpha audit block 0: 10179 total drawcalls, 0 with alpha<255 (block pct_x10=0; global 0/90059 pct_x10=0); alpha-mod skipped: block=0 global=0
[13:35:50] [info] fastpath audit block 0: taken=10179 (idx8=10179) skipped=0 pct_x10=1000; global taken=90059 (idx8=90059) skipped=0 pct_x10=1000
[13:35:50] [info] primitive tally block 0: clear=202(hr=202) fill=0(hr=0) rect=0(hr=0) line=0(hr=0) tint=0 spotlight=0 (over 100 flips ending at flip 1500)
[13:35:50] [info] color/alpha audit block 0: cmod_white=588 cmod_black=588 (idx=588) cmod_general=0 (idx=0) cmod_fb=0; alpha_taken=0 alpha_skipped=0 (global cmod=9450/7908/693/0 idx=7908/693 alpha=0/0)
[13:35:50] [info] phase timing block 0: drawcalls=11606 dc_total_ms=1044 flip_inner_total_ms=1300 inter_flip_total_ms=6634 (per-flip avg x10: dc_ms=104 fi_ms=130 if_ms=663 derived audio+engine_ms=429; per-drawcall avg us_x10=899) [direct-vesa: presents=100 total_ms=288 avg_ms_x10=28 failed=0] [ablation: NO_DC_TIMING=0 CACHE_WINSURF=0 DIRECT_VESA=1]
[13:35:50] [info] kbd/audio block 0: kbd_irq=0 kbd_drain=0 ring_chunks=16 pump_pass=3770 pic1_mask=0xb8 first_irq_ticks=0 install_ticks=0 vector_at_install=0x0083a0a0 pic1_mask_live=0x98 kbd_8042_stat=0x34 bios_kbd_head=0x002a bios_kbd_tail=0x002a bios_kbd_buf0=0x2f76
[13:35:50] [info] audio/engine split block 0: audio_mixer_calls=262 audio_mixer_ms_x10=56 engine_tick_calls=0 engine_tick_ms_x10=0 audio_service_calls=0 audio_service_ms_x10=0 (per-flip avg; per-call us_x10: audio_mix=21620 engine_tick=0 audio_service=0; global ns: audio_mix=7262168322 engine_tick=12388286767 audio_service=0)
[13:35:50] [info] dirty-rect block @flip=1500: total_calls=0 dirty_rects_avg=1 dirty_pct_x10=1000 forced_full=0 first_n_force=0 threshold_exceeded=0 dirty_path_taken=0 full_flush_taken=0
[13:35:50] [info] prev-frame-diff block @flip=1500: diff_calls=0 diff_rects_avg=0 diff_dirty_pct_x10=0 bbox_pct_x10=0 bbox_thresh_exceeded=0
[13:35:50] [info] flip-probe: flip #1510 ok=true present=3ms inter_flip_ms=46 drawcalls-since-flip=122 drawcalls-total=101172 fail-total=0 null-skips-total=0
[13:35:51] [info] flip-probe: flip #1520 ok=true present=3ms inter_flip_ms=47 drawcalls-since-flip=122 drawcalls-total=102392 fail-total=0 null-skips-total=0
[13:35:51] [info] flip-probe: flip #1530 ok=true present=3ms inter_flip_ms=56 drawcalls-since-flip=122 drawcalls-total=103612 fail-total=0 null-skips-total=0
[13:35:52] [info] flip-probe: flip #1540 ok=true present=3ms inter_flip_ms=78 drawcalls-since-flip=462 drawcalls-total=106276 fail-total=0 null-skips-total=0
[13:35:52] [info]  >> Entering stage 11: 'Mimiga Village'.
[13:35:52] [info] [skip-sheet-flush] cave=9
[13:35:53] [info] [load-stage] preloading entry music song=9 (cave=9)
[13:35:53] [info] gameloop: entered (curmap=11, running=1)
[13:35:53] [info] gameloop: iter 1 ticks=133780 mapno=-1
[13:35:53] [info] mds-clear-lut: rebuilt N=240 entries (k_skip=0% k_keep=100%; curmap=11 map_size=60x60; rebuild #7 since boot)
[13:35:53] [info] gameloop: iter 2 ticks=133890 mapno=-1
[13:35:53] [info] gameloop: iter 3 ticks=133990 mapno=-1
[13:35:53] [info] backdrop cache: thrashing-detect engaged (streak=4, route=direct)
[13:35:53] [info] flip-probe: flip #1550 ok=true present=3ms inter_flip_ms=69 drawcalls-since-flip=72 drawcalls-total=109414 fail-total=0 null-skips-total=0
[13:35:54] [info] flip-probe: flip #1560 ok=true present=3ms inter_flip_ms=55 drawcalls-since-flip=46 drawcalls-total=109850 fail-total=0 null-skips-total=0
[13:35:55] [info] flip-probe: flip #1570 ok=true present=3ms inter_flip_ms=57 drawcalls-since-flip=43 drawcalls-total=110285 fail-total=0 null-skips-total=0
[13:35:55] [info] flip-probe: flip #1580 ok=true present=3ms inter_flip_ms=49 drawcalls-since-flip=44 drawcalls-total=110718 fail-total=0 null-skips-total=0
[13:35:56] [info] flip-probe: flip #1590 ok=true present=3ms inter_flip_ms=49 drawcalls-since-flip=43 drawcalls-total=111159 fail-total=0 null-skips-total=0
[13:35:56] [info] flip-probe: flip #1600 ok=true present=3ms inter_flip_ms=50 drawcalls-since-flip=46 drawcalls-total=111592 fail-total=0 null-skips-total=0
[13:35:56] [info] alpha audit block 0: 10284 total drawcalls, 0 with alpha<255 (block pct_x10=0; global 0/100343 pct_x10=0); alpha-mod skipped: block=0 global=0
[13:35:56] [info] fastpath audit block 0: taken=10284 (idx8=10284) skipped=0 pct_x10=1000; global taken=100343 (idx8=100343) skipped=0 pct_x10=1000
[13:35:56] [info] primitive tally block 0: clear=201(hr=201) fill=0(hr=0) rect=0(hr=0) line=0(hr=0) tint=0 spotlight=0 (over 100 flips ending at flip 1600)
[13:35:56] [info] color/alpha audit block 0: cmod_white=1257 cmod_black=1257 (idx=1257) cmod_general=0 (idx=0) cmod_fb=0; alpha_taken=0 alpha_skipped=0 (global cmod=10707/9165/693/0 idx=9165/693 alpha=0/0)
[13:35:56] [info] phase timing block 0: drawcalls=13047 dc_total_ms=1101 flip_inner_total_ms=1059 inter_flip_total_ms=6412 (per-flip avg x10: dc_ms=110 fi_ms=105 if_ms=641 derived audio+engine_ms=426; per-drawcall avg us_x10=844) [direct-vesa: presents=100 total_ms=291 avg_ms_x10=29 failed=0] [ablation: NO_DC_TIMING=0 CACHE_WINSURF=0 DIRECT_VESA=1]
[13:35:56] [info] kbd/audio block 0: kbd_irq=0 kbd_drain=0 ring_chunks=16 pump_pass=4058 pic1_mask=0xb8 first_irq_ticks=0 install_ticks=0 vector_at_install=0x0083a0a0 pic1_mask_live=0x98 kbd_8042_stat=0x34 bios_kbd_head=0x002a bios_kbd_tail=0x002a bios_kbd_buf0=0x2f76
[13:35:56] [info] audio/engine split block 0: audio_mixer_calls=256 audio_mixer_ms_x10=55 engine_tick_calls=0 engine_tick_ms_x10=0 audio_service_calls=0 audio_service_ms_x10=0 (per-flip avg; per-call us_x10: audio_mix=21619 engine_tick=0 audio_service=0; global ns: audio_mix=7815639714 engine_tick=12388286767 audio_service=0)
[13:35:56] [info] dirty-rect block @flip=1600: total_calls=0 dirty_rects_avg=1 dirty_pct_x10=1000 forced_full=0 first_n_force=0 threshold_exceeded=0 dirty_path_taken=0 full_flush_taken=0
[13:35:56] [info] prev-frame-diff block @flip=1600: diff_calls=0 diff_rects_avg=0 diff_dirty_pct_x10=0 bbox_pct_x10=0 bbox_thresh_exceeded=0
[13:35:57] [info] backdrop cache: thrashing-detect engaged (streak=64, route=direct)
[13:35:57] [info] flip-probe: flip #1610 ok=true present=3ms inter_flip_ms=45 drawcalls-since-flip=45 drawcalls-total=112045 fail-total=0 null-skips-total=0
[13:35:57] [info] flip-probe: flip #1620 ok=true present=3ms inter_flip_ms=48 drawcalls-since-flip=44 drawcalls-total=112489 fail-total=0 null-skips-total=0
[13:35:58] [info] flip-probe: flip #1630 ok=true present=3ms inter_flip_ms=44 drawcalls-since-flip=44 drawcalls-total=112929 fail-total=0 null-skips-total=0
[13:35:58] [info] flip-probe: flip #1640 ok=true present=3ms inter_flip_ms=47 drawcalls-since-flip=43 drawcalls-total=113359 fail-total=0 null-skips-total=0
[13:35:59] [info] flip-probe: flip #1650 ok=true present=3ms inter_flip_ms=47 drawcalls-since-flip=43 drawcalls-total=113789 fail-total=0 null-skips-total=0
[13:35:59] [info] run_tick_fixed #4200: heartbeat (loop alive)
[13:35:59] [info] flip-probe: flip #1660 ok=true present=3ms inter_flip_ms=46 drawcalls-since-flip=44 drawcalls-total=114229 fail-total=0 null-skips-total=0
[13:36:00] [info] tas: stall frame 257 ms -> contributing 1 tick (patch 0286)
[13:36:00] [info] backdrop cache: thrashing-detect engaged (streak=124, route=direct)
[13:36:00] [info] flip-probe: flip #1670 ok=true present=3ms inter_flip_ms=71 drawcalls-since-flip=19 drawcalls-total=114492 fail-total=0 null-skips-total=0
[13:36:01] [info] flip-probe: flip #1680 ok=true present=3ms inter_flip_ms=43 drawcalls-since-flip=15 drawcalls-total=114661 fail-total=0 null-skips-total=0
[13:36:01] [info] flip-probe: flip #1690 ok=true present=3ms inter_flip_ms=46 drawcalls-since-flip=15 drawcalls-total=114811 fail-total=0 null-skips-total=0
[13:36:02] [info]  >> Entering stage 14: 'Shack'.
[13:36:02] [info] [skip-sheet-flush] cave=10
[13:36:02] [info] [load-stage] preloading entry music song=8 (cave=10)
[13:36:06] [info] Organya pre-render: cache HIT VIVI (6322176 bytes from CACHE; 2 ch; synth skipped).
[13:36:07] [info] gameloop: entered (curmap=14, running=1)
[13:36:07] [info] gameloop: iter 1 ticks=147467 mapno=-1
[13:36:07] [info] flip-probe: flip #1700 ok=true present=3ms inter_flip_ms=4758 drawcalls-since-flip=365 drawcalls-total=117488 fail-total=0 null-skips-total=0
[13:36:07] [info] alpha audit block 0: 4973 total drawcalls, 0 with alpha<255 (block pct_x10=0; global 0/105316 pct_x10=0); alpha-mod skipped: block=0 global=0
[13:36:07] [info] fastpath audit block 0: taken=4973 (idx8=4973) skipped=0 pct_x10=1000; global taken=105316 (idx8=105316) skipped=0 pct_x10=1000
[13:36:07] [info] primitive tally block 0: clear=201(hr=201) fill=0(hr=0) rect=0(hr=0) line=0(hr=0) tint=0 spotlight=0 (over 100 flips ending at flip 1700)
[13:36:07] [info] color/alpha audit block 0: cmod_white=824 cmod_black=824 (idx=824) cmod_general=0 (idx=0) cmod_fb=0; alpha_taken=0 alpha_skipped=0 (global cmod=11531/9989/693/0 idx=9989/693 alpha=0/0)
[13:36:07] [info] phase timing block 0: drawcalls=6822 dc_total_ms=738 flip_inner_total_ms=1044 inter_flip_total_ms=10415 (per-flip avg x10: dc_ms=73 fi_ms=104 if_ms=1041 derived audio+engine_ms=864; per-drawcall avg us_x10=1082) [direct-vesa: presents=100 total_ms=289 avg_ms_x10=28 failed=0] [ablation: NO_DC_TIMING=0 CACHE_WINSURF=0 DIRECT_VESA=1]
[13:36:07] [info] kbd/audio block 0: kbd_irq=0 kbd_drain=0 ring_chunks=16 pump_pass=4329 pic1_mask=0xb8 first_irq_ticks=0 install_ticks=0 vector_at_install=0x0083a0a0 pic1_mask_live=0x98 kbd_8042_stat=0x34 bios_kbd_head=0x002a bios_kbd_tail=0x002a bios_kbd_buf0=0x2f76
[13:36:07] [info] audio/engine split block 0: audio_mixer_calls=246 audio_mixer_ms_x10=53 engine_tick_calls=0 engine_tick_ms_x10=0 audio_service_calls=0 audio_service_ms_x10=0 (per-flip avg; per-call us_x10: audio_mix=21618 engine_tick=0 audio_service=0; global ns: audio_mix=8347452186 engine_tick=12388286767 audio_service=0)
[13:36:07] [info] dirty-rect block @flip=1700: total_calls=0 dirty_rects_avg=1 dirty_pct_x10=1000 forced_full=0 first_n_force=0 threshold_exceeded=0 dirty_path_taken=0 full_flush_taken=0
[13:36:07] [info] prev-frame-diff block @flip=1700: diff_calls=0 diff_rects_avg=0 diff_dirty_pct_x10=0 bbox_pct_x10=0 bbox_thresh_exceeded=0
[13:36:07] [info] gameloop: iter 2 ticks=147612 mapno=-1
[13:36:07] [info] gameloop: iter 3 ticks=147702 mapno=-1
[13:36:07] [info] flip-probe: flip #1710 ok=true present=3ms inter_flip_ms=30 drawcalls-since-flip=13 drawcalls-total=119170 fail-total=0 null-skips-total=0
[13:36:08] [info] flip-probe: flip #1720 ok=true present=3ms inter_flip_ms=30 drawcalls-since-flip=24 drawcalls-total=119410 fail-total=0 null-skips-total=0
[13:36:08] [info] flip-probe: flip #1730 ok=true present=3ms inter_flip_ms=30 drawcalls-since-flip=24 drawcalls-total=119650 fail-total=0 null-skips-total=0
[13:36:08] [info] flip-probe: flip #1740 ok=true present=3ms inter_flip_ms=36 drawcalls-since-flip=26 drawcalls-total=119898 fail-total=0 null-skips-total=0
[13:36:09] [info] flip-probe: flip #1750 ok=true present=3ms inter_flip_ms=34 drawcalls-since-flip=27 drawcalls-total=120168 fail-total=0 null-skips-total=0
[13:36:09] [info] flip-probe: flip #1760 ok=true present=3ms inter_flip_ms=43 drawcalls-since-flip=24 drawcalls-total=120412 fail-total=0 null-skips-total=0
[13:36:10] [info] flip-probe: flip #1770 ok=true present=3ms inter_flip_ms=34 drawcalls-since-flip=24 drawcalls-total=120652 fail-total=0 null-skips-total=0
[13:36:10] [info] flip-probe: flip #1780 ok=true present=3ms inter_flip_ms=37 drawcalls-since-flip=24 drawcalls-total=120892 fail-total=0 null-skips-total=0
[13:36:10] [info] run_tick_fixed #4500: heartbeat (loop alive)
[13:36:10] [info] flip-probe: flip #1790 ok=true present=3ms inter_flip_ms=31 drawcalls-since-flip=24 drawcalls-total=121132 fail-total=0 null-skips-total=0
[13:36:11] [info] flip-probe: flip #1800 ok=true present=3ms inter_flip_ms=31 drawcalls-since-flip=24 drawcalls-total=121372 fail-total=0 null-skips-total=0
[13:36:11] [info] alpha audit block 0: 3384 total drawcalls, 0 with alpha<255 (block pct_x10=0; global 0/108700 pct_x10=0); alpha-mod skipped: block=0 global=0
[13:36:11] [info] fastpath audit block 0: taken=3384 (idx8=3384) skipped=0 pct_x10=1000; global taken=108700 (idx8=108700) skipped=0 pct_x10=1000
[13:36:11] [info] primitive tally block 0: clear=200(hr=200) fill=0(hr=0) rect=0(hr=0) line=0(hr=0) tint=0 spotlight=0 (over 100 flips ending at flip 1800)
[13:36:11] [info] color/alpha audit block 0: cmod_white=500 cmod_black=500 (idx=500) cmod_general=0 (idx=0) cmod_fb=0; alpha_taken=0 alpha_skipped=0 (global cmod=12031/10489/693/0 idx=10489/693 alpha=0/0)
[13:36:11] [info] phase timing block 0: drawcalls=4584 dc_total_ms=617 flip_inner_total_ms=1064 inter_flip_total_ms=4027 (per-flip avg x10: dc_ms=61 fi_ms=106 if_ms=402 derived audio+engine_ms=235; per-drawcall avg us_x10=1347) [direct-vesa: presents=100 total_ms=283 avg_ms_x10=28 failed=0] [ablation: NO_DC_TIMING=0 CACHE_WINSURF=0 DIRECT_VESA=1]
[13:36:11] [info] kbd/audio block 0: kbd_irq=0 kbd_drain=0 ring_chunks=16 pump_pass=4533 pic1_mask=0xb8 first_irq_ticks=0 install_ticks=0 vector_at_install=0x0083a0a0 pic1_mask_live=0x98 kbd_8042_stat=0x34 bios_kbd_head=0x002a bios_kbd_tail=0x002a bios_kbd_buf0=0x2f76
[13:36:11] [info] audio/engine split block 0: audio_mixer_calls=178 audio_mixer_ms_x10=38 engine_tick_calls=0 engine_tick_ms_x10=0 audio_service_calls=0 audio_service_ms_x10=0 (per-flip avg; per-call us_x10: audio_mix=21527 engine_tick=0 audio_service=0; global ns: audio_mix=8730643328 engine_tick=12388286767 audio_service=0)
[13:36:11] [info] dirty-rect block @flip=1800: total_calls=0 dirty_rects_avg=1 dirty_pct_x10=1000 forced_full=0 first_n_force=0 threshold_exceeded=0 dirty_path_taken=0 full_flush_taken=0
[13:36:11] [info] prev-frame-diff block @flip=1800: diff_calls=0 diff_rects_avg=0 diff_dirty_pct_x10=0 bbox_pct_x10=0 bbox_thresh_exceeded=0
[13:36:11] [info] flip-probe: flip #1810 ok=true present=3ms inter_flip_ms=36 drawcalls-since-flip=24 drawcalls-total=121612 fail-total=0 null-skips-total=0
[13:36:12] [info] flip-probe: flip #1820 ok=true present=3ms inter_flip_ms=45 drawcalls-since-flip=14 drawcalls-total=121842 fail-total=0 null-skips-total=0
[13:36:12] [info] flip-probe: flip #1830 ok=true present=3ms inter_flip_ms=69 drawcalls-since-flip=355 drawcalls-total=124047 fail-total=0 null-skips-total=0
[13:36:12] [info]  >> Entering stage 11: 'Mimiga Village'.
[13:36:12] [info] [skip-sheet-flush] cave=11
[13:36:13] [info] [load-stage] preloading entry music song=9 (cave=11)
[13:36:16] [info] Organya pre-render: cache HIT MURA (5927040 bytes from CACHE; 2 ch; synth skipped).
[13:36:17] [info] gameloop: entered (curmap=11, running=1)
[13:36:17] [info] gameloop: iter 1 ticks=157509 mapno=-1
[13:36:17] [info] gameloop: iter 2 ticks=157614 mapno=-1
[13:36:17] [info] gameloop: iter 3 ticks=157714 mapno=-1
[13:36:17] [info] tas: stall frame 314 ms -> contributing 1 tick (patch 0286)
[13:36:17] [info] backdrop cache: thrashing-detect engaged (streak=4, route=direct)
[13:36:17] [info] flip-probe: flip #1840 ok=true present=4ms inter_flip_ms=82 drawcalls-since-flip=142 drawcalls-total=126754 fail-total=0 null-skips-total=0
[13:36:18] [info] flip-probe: flip #1850 ok=true present=3ms inter_flip_ms=49 drawcalls-since-flip=42 drawcalls-total=127168 fail-total=0 null-skips-total=0
[13:36:19] [info] flip-probe: flip #1860 ok=true present=3ms inter_flip_ms=55 drawcalls-since-flip=44 drawcalls-total=127601 fail-total=0 null-skips-total=0
[13:36:19] [info] flip-probe: flip #1870 ok=true present=3ms inter_flip_ms=59 drawcalls-since-flip=46 drawcalls-total=128049 fail-total=0 null-skips-total=0
[13:36:20] [info] flip-probe: flip #1880 ok=true present=3ms inter_flip_ms=50 drawcalls-since-flip=43 drawcalls-total=128509 fail-total=0 null-skips-total=0
[13:36:20] [info] flip-probe: flip #1890 ok=true present=3ms inter_flip_ms=46 drawcalls-since-flip=43 drawcalls-total=128939 fail-total=0 null-skips-total=0
[13:36:21] [info] backdrop cache: thrashing-detect engaged (streak=64, route=direct)
[13:36:21] [info] flip-probe: flip #1900 ok=true present=3ms inter_flip_ms=70 drawcalls-since-flip=46 drawcalls-total=129388 fail-total=0 null-skips-total=0
[13:36:21] [info] alpha audit block 0: 6983 total drawcalls, 0 with alpha<255 (block pct_x10=0; global 0/115683 pct_x10=0); alpha-mod skipped: block=0 global=0
[13:36:21] [info] fastpath audit block 0: taken=6983 (idx8=6983) skipped=0 pct_x10=1000; global taken=115683 (idx8=115683) skipped=0 pct_x10=1000
[13:36:21] [info] primitive tally block 0: clear=202(hr=202) fill=0(hr=0) rect=0(hr=0) line=0(hr=0) tint=0 spotlight=0 (over 100 flips ending at flip 1900)
[13:36:21] [info] color/alpha audit block 0: cmod_white=966 cmod_black=966 (idx=966) cmod_general=0 (idx=0) cmod_fb=0; alpha_taken=0 alpha_skipped=0 (global cmod=12997/11455/693/0 idx=11455/693 alpha=0/0)
[13:36:21] [info] phase timing block 0: drawcalls=9123 dc_total_ms=867 flip_inner_total_ms=1068 inter_flip_total_ms=9992 (per-flip avg x10: dc_ms=86 fi_ms=106 if_ms=999 derived audio+engine_ms=807; per-drawcall avg us_x10=950) [direct-vesa: presents=100 total_ms=288 avg_ms_x10=28 failed=0] [ablation: NO_DC_TIMING=0 CACHE_WINSURF=0 DIRECT_VESA=1]
[13:36:21] [info] kbd/audio block 0: kbd_irq=0 kbd_drain=0 ring_chunks=16 pump_pass=4796 pic1_mask=0xb8 first_irq_ticks=0 install_ticks=0 vector_at_install=0x0083a0a0 pic1_mask_live=0x98 kbd_8042_stat=0x34 bios_kbd_head=0x002a bios_kbd_tail=0x002a bios_kbd_buf0=0x2f76
[13:36:21] [info] audio/engine split block 0: audio_mixer_calls=239 audio_mixer_ms_x10=51 engine_tick_calls=0 engine_tick_ms_x10=0 audio_service_calls=0 audio_service_ms_x10=0 (per-flip avg; per-call us_x10: audio_mix=21714 engine_tick=0 audio_service=0; global ns: audio_mix=9249618673 engine_tick=12388286767 audio_service=0)
[13:36:21] [info] dirty-rect block @flip=1900: total_calls=0 dirty_rects_avg=1 dirty_pct_x10=1000 forced_full=0 first_n_force=0 threshold_exceeded=0 dirty_path_taken=0 full_flush_taken=0
[13:36:21] [info] prev-frame-diff block @flip=1900: diff_calls=0 diff_rects_avg=0 diff_dirty_pct_x10=0 bbox_pct_x10=0 bbox_thresh_exceeded=0
[13:36:21] [info] flip-probe: flip #1910 ok=true present=3ms inter_flip_ms=50 drawcalls-since-flip=45 drawcalls-total=129838 fail-total=0 null-skips-total=0
[13:36:22] [info] flip-probe: flip #1920 ok=true present=3ms inter_flip_ms=61 drawcalls-since-flip=46 drawcalls-total=130290 fail-total=0 null-skips-total=0
[13:36:22] [info] flip-probe: flip #1930 ok=true present=3ms inter_flip_ms=50 drawcalls-since-flip=46 drawcalls-total=130754 fail-total=0 null-skips-total=0
[13:36:23] [info] backdrop cache: thrashing-detect engaged (streak=4, route=direct)
[13:36:23] [info] flip-probe: flip #1940 ok=true present=3ms inter_flip_ms=50 drawcalls-since-flip=44 drawcalls-total=131198 fail-total=0 null-skips-total=0
[13:36:23] [info] flip-probe: flip #1950 ok=true present=3ms inter_flip_ms=70 drawcalls-since-flip=45 drawcalls-total=131642 fail-total=0 null-skips-total=0
[13:36:24] [info] backdrop cache: thrashing-detect engaged (streak=4, route=direct)
[13:36:24] [info] flip-probe: flip #1960 ok=true present=4ms inter_flip_ms=45 drawcalls-since-flip=20 drawcalls-total=131917 fail-total=0 null-skips-total=0
[13:36:24] [info] flip-probe: flip #1970 ok=true present=3ms inter_flip_ms=50 drawcalls-since-flip=20 drawcalls-total=132124 fail-total=0 null-skips-total=0
[13:36:25] [info] flip-probe: flip #1980 ok=true present=3ms inter_flip_ms=47 drawcalls-since-flip=19 drawcalls-total=132318 fail-total=0 null-skips-total=0
[13:36:25] [info] flip-probe: flip #1990 ok=true present=3ms inter_flip_ms=45 drawcalls-since-flip=19 drawcalls-total=132508 fail-total=0 null-skips-total=0
[13:36:26] [info] flip-probe: flip #2000 ok=true present=3ms inter_flip_ms=49 drawcalls-since-flip=19 drawcalls-total=132698 fail-total=0 null-skips-total=0
[13:36:26] [info] alpha audit block 0: 2521 total drawcalls, 0 with alpha<255 (block pct_x10=0; global 0/118204 pct_x10=0); alpha-mod skipped: block=0 global=0
[13:36:26] [info] fastpath audit block 0: taken=2521 (idx8=2521) skipped=0 pct_x10=1000; global taken=118204 (idx8=118204) skipped=0 pct_x10=1000
[13:36:26] [info] primitive tally block 0: clear=200(hr=200) fill=0(hr=0) rect=0(hr=0) line=0(hr=0) tint=0 spotlight=0 (over 100 flips ending at flip 2000)
[13:36:26] [info] color/alpha audit block 0: cmod_white=689 cmod_black=689 (idx=689) cmod_general=0 (idx=0) cmod_fb=0; alpha_taken=0 alpha_skipped=0 (global cmod=13686/12144/693/0 idx=12144/693 alpha=0/0)
[13:36:26] [info] phase timing block 0: drawcalls=4107 dc_total_ms=646 flip_inner_total_ms=1039 inter_flip_total_ms=5173 (per-flip avg x10: dc_ms=64 fi_ms=103 if_ms=517 derived audio+engine_ms=350; per-drawcall avg us_x10=1573) [direct-vesa: presents=100 total_ms=291 avg_ms_x10=29 failed=0] [ablation: NO_DC_TIMING=0 CACHE_WINSURF=0 DIRECT_VESA=1]
[13:36:26] [info] kbd/audio block 0: kbd_irq=0 kbd_drain=0 ring_chunks=16 pump_pass=5055 pic1_mask=0xb8 first_irq_ticks=0 install_ticks=0 vector_at_install=0x0083a0a0 pic1_mask_live=0x98 kbd_8042_stat=0x34 bios_kbd_head=0x002a bios_kbd_tail=0x002a bios_kbd_buf0=0x2f76
[13:36:26] [info] audio/engine split block 0: audio_mixer_calls=223 audio_mixer_ms_x10=48 engine_tick_calls=0 engine_tick_ms_x10=0 audio_service_calls=0 audio_service_ms_x10=0 (per-flip avg; per-call us_x10: audio_mix=21622 engine_tick=0 audio_service=0; global ns: audio_mix=9731796545 engine_tick=12388286767 audio_service=0)
[13:36:26] [info] dirty-rect block @flip=2000: total_calls=0 dirty_rects_avg=1 dirty_pct_x10=1000 forced_full=0 first_n_force=0 threshold_exceeded=0 dirty_path_taken=0 full_flush_taken=0
[13:36:26] [info] prev-frame-diff block @flip=2000: diff_calls=0 diff_rects_avg=0 diff_dirty_pct_x10=0 bbox_pct_x10=0 bbox_thresh_exceeded=0
[13:36:26] [info] flip-probe: flip #2010 ok=true present=3ms inter_flip_ms=45 drawcalls-since-flip=19 drawcalls-total=132888 fail-total=0 null-skips-total=0
[13:36:27] [info] backdrop cache: thrashing-detect engaged (streak=64, route=direct)
[13:36:27] [info] flip-probe: flip #2020 ok=true present=3ms inter_flip_ms=46 drawcalls-since-flip=60 drawcalls-total=133119 fail-total=0 null-skips-total=0
[13:36:27] [info] flip-probe: flip #2030 ok=true present=3ms inter_flip_ms=45 drawcalls-since-flip=60 drawcalls-total=133719 fail-total=0 null-skips-total=0
[13:36:28] [info] flip-probe: flip #2040 ok=true present=3ms inter_flip_ms=46 drawcalls-since-flip=60 drawcalls-total=134319 fail-total=0 null-skips-total=0
[13:36:29] [info] flip-probe: flip #2050 ok=true present=3ms inter_flip_ms=46 drawcalls-since-flip=60 drawcalls-total=134919 fail-total=0 null-skips-total=0
[13:36:29] [info] tas: end-of-replay auto-exit at tick 5140 (recording exhausted; set DOSKUTSU_TAS_REPLAY_HOLD=1 to disable + observe steady-state past recording end)
[13:36:29] [info] Script engine shutdown.
[13:36:29] [info] Sound system shutdown
[13:36:29] [info] Renderer::Close()
[13:36:29] [info] tas: replay file closed
[13:36:29] [info] [fps-true] flips=2053 render_s=166 fps_mean=12.3 (clock-independent: flips / seconds since the FIRST flip; use THIS for the fps matrix, not inter_flip medians, which are invalid in any cell running the PIT/IRQ-0 music pump)
[RUNMANIFEST-BEGIN]
schema_version=1
environment=realhw
binary_sha12=f8d446b4b0e0
wave_tag=A112
scene=
env_block_sha=118cd819de3e
started_utc=2026-11-19T06:38:49Z
duration_s=180
exit_code=0
fps_p50=NA
fps_p95=NA
audio_vital_status=NA
regime=NA
banner_required_hit=0
banner_required_total=0
banner_forbidden_hit=0
banner_optional_hit=0
critical_count=0
warn_count=0
[RUNMANIFEST-END]
[13:36:29] [info] [runmanifest-emit] schema=v1 env=realhw sha12=f8d446b4b0e0 dur=180s tag='A112' scene='' env_sha=118cd819de3e (signals=0x4)
