Logger::init: wave-53 log level=INFO path='LOGS/GXH1.LOG'
[22:36:24] [info] config: loaded DOSKUTSU.CFG (4 keys)
[22:36:24] [info] [cpu-witness] vendor=GenuineIntel cpuid=1 family=5 model=3 stepping=2 mhz_est=83 fpu=1 class=586 (boot-time attestation of the running CPU; MHZ_486_LOOP_DIV=16400 mirrors SETUP)
[22:36:24] [info] tas: PRNG seed forced to 12345 via DOSKUTSU_TAS_PRNG_SEED
[22:36:24] [info] tas: auto-exit armed at tick 30000 via DOSKUTSU_TAS_AUTO_EXIT_TICK
[22:36:24] [info] tas: replay opened path='QA.TAS' header_seed=12345
[22:36:25] [info] data cache: DISABLED (default)
[22:36:25] [info] Joystick: skipped (default; set DOSKUTSU_USE_JOYSTICK=1 to enable -- skips SDL3-DOS gameport BIOS INT 15h polling, ~82 ms / flip on real HW)
[22:36:25] [info] Loading settings...
[22:36:25] [info] [input-bind] applied=0 invert_y=0 dos_axes=1
[22:36:25] [info] Renderer::initVideo: 8bpp mode requested via SDL_HINT_DOS_MAX_BPP=8 (wave 16); SDL3-DOS will pick the highest-bpp <= 8 mode at requested resolution
[22:36:25] [info] Renderer::initVideo: DOS resolution-label lock ENABLED (default)
[22:36:26] [info] center-oversized: not needed (surface matches the logical screen) surface=320x240 logical=320x240 offset=0,0
[22:36:26] [info] Renderer::initVideo: using: software renderer
[22:36:27] [info] Renderer::initVideo: dirty-rect tracking ENABLED (wave 15, default ON; set SDL_HINT_DOSKUTSU_DIRTY_RECTS=0 to disable)
[22:36:27] [info] Renderer::initVideo: ablation flags: NO_DC_TIMING=0 CACHE_WINSURF=0 NO_INPUT_POLL=0 DIRECT_VESA=1
[22:36:27] [info] Renderer::initVideo: direct-VESA hot path ENABLED (default since wave 20 patch 0088; bypasses SDL_RenderPresent / SDL_UpdateWindowSurface and writes via SDL/0034's PresentFull helper; R2 mitigation handled by SDL/0034 generation counter -- no per-N-flip heartbeat needed; set SDL_HINT_DOSKUTSU_DIRECT_VESA=0 to revert)
[22:36:27] [info] Renderer::initVideo: flip-phase instrumentation DISABLED (default; set SDL_HINT_DOSKUTSU_FLIP_INSTR=1 to opt in for wave-20 Lever A diagnostic)
[22:36:27] [info] Renderer::initVideo: asm opaque-span blit lever DISABLED (default; set SDL_HINT_DOSKUTSU_ASM_BLIT=1 to opt in -- wave-51 _blit_indexed colorkey-blit lever)
[22:36:27] [info] Renderer::initVideo: blit-decomp instrumentation DISABLED (default; set SDL_HINT_DOSKUTSU_BLIT_DECOMP=1 to opt in -- wave-51 _blit_indexed sub-decomp sizing)
[22:36:27] [info] Renderer::initVideo: mds-scroll-decomp instrumentation DISABLED (default; set SDL_HINT_DOSKUTSU_MDS_DECOMP=1 to opt in -- wave-52 mode_draw_scene scrolling-block decomp)
[22:36:27] [info] Renderer::initVideo: DOSVESA pump yield: skipped (default) (per-flip explicit SDL_Delay(0) yield is always on; set SDL_HINT_DOSKUTSU_FORCE_PUMP_YIELD=1 to restore old per-pump yield)
[22:36:27] [info] Renderer::initVideo: indexed-mode (8bpp) ENABLED -- master palette + 107 per-asset remap LUTs loaded (wave 16, default ON; set SDL_HINT_DOSKUTSU_PIXEL_FORMAT_8=0 to disable)
[22:36:27] [info] Renderer::initVideo: master palette attached to window surface (format=SDL_PIXELFORMAT_INDEX8, ncolors=256)
[22:36:27] [info] Renderer::initVideo: indexed-mode smoke: idx0=(0,0,0) OK idx255=(255,0,255) OK
[22:36:27] [info] Renderer::initVideo: indexed-mode smoke: paletteRemapFor('MyChar.pbm') = present
[22:36:28] [info] Surface::loadImage palmap-diag #1: 'data/Loading.pbm' fmt=SDL_PIXELFORMAT_ABGR8888 remap=HIT -> path=truecolor
[22:36:28] [info] Renderer: prev-frame diff DISABLED (default since wave 17.6; set SDL_HINT_DOSKUTSU_PREVFRAME_DIFF=1 to opt in)
[22:36:28] [info] flip-probe: renderer=software window_ptr=8826768 colorspace=301991328 window_size=320x240 framebuffer_pixels=320x240 logical_present=320x240 mode=2
[22:36:28] [info] flip-probe: first flip ok=true present=43ms inter_flip_ms=0 drawcalls-since-flip=1 drawcalls-total=1
[22:36:28] [info] Sound system init
[22:36:28] [info] Sound system: 4-state audio enable (#31) -- music=on sfx=on (MUSIC_OFF/AUDIO_BACKEND=none -> music-off; SFX_OFF/SFX_DEVICE=none -> sfx-off; both gates are dispatch-level, the device still opens; AUDIO_OFF=1 is the device-level both-off).
[22:36:28] [info] Sound system: Tier-1 audio config (22050 Hz, 2 channels) via SDL_HINT_DOSKUTSU_AUDIO_TIER2=0 killswitch -- reverts to wave-17.6-baseline 22050 stereo, the original Cave Story 2004 spec. Trades the wave-21 Tier-2 fps gain (~+11 fps in heavy-music scenes on Pentium OverDrive 83 MHz) for full audio fidelity. Unset the env var to go back to Tier-2 default.
[22:36:28] [info] [org-hq] stereo prerender rate=22050 ch=2 (HQ Organya tier ACTIVE; opt-in via SDL_HINT_DOSKUTSU_AUDIO_TIER2=0; cache CACHE\22050_2\; real fps cost on 486-class HW).
[22:36:28] [info] Sound system: SDL_HINT_AUDIO_DEVICE_SAMPLE_FRAMES=(default -- SDL3 picks 512 at 22050 Hz)
[22:36:28] [info] Pixtone IRQ rate-divider: handed master_rate=44100 int16/s (SAMPLE_RATE=22050 x AUDIO_CHANNELS=2) to SDL for auto-RATEDIV (SDL/0074 computes shift_div from the resolved device freq).
[22:36:28] [info] Sound system: device frame-rate: requesting 22050 Hz match to master (SDL_DOSAudioSetDeviceFrameRate; SB16 opens at the engine frame rate instead of SDL's 44100 floor -- 4x less PCM/s + no resampler on the Organya/Pixtone path; killswitch SDL_HINT_DOSKUTSU_DOS_AUDIO_DEVICE_RATE_DEFAULT=0).
[22:36:28] [info] audio backend: organya (forced; Phase 10 baseline)
[22:36:28] [info] wave-13.6.1: ring_chunks=16 FORCE_PUMP_YIELD=off (set SDL_HINT_DOSKUTSU_AUDIO_RING_CHUNKS=4|8|16 to override; default 16 matches wave 13.6 behaviour)
[22:36:28] [info] MidiScheduler: MIDI source = 'orgmid2' (native-GM org2mid set; resolves to data/orgmid2/<name>.mid).
[22:36:28] [info] Sound system: idle-pause skipped (backend=organya does not qualify; only opl3 supports idle-pause per patch 0115; default OFF since patch 0119 regardless of backend).
[22:36:28] [warn] Music dir Ogg/ doesn't exist
[22:36:28] [warn] Music dir Ogg11/ doesn't exist
[22:36:28] [warn] Music dir Ogg17/ doesn't exist
[22:36:28] [warn] Music dir Ogg_ridic/ doesn't exist
[22:36:28] [info] Loading Sound FX...
[22:36:29] [info] [pxt-cache] init(): HIT (loaded cache; render skipped)
[22:36:31] [error] Lever 3 (Pixtone IRQ-mix; default ON since v1.0.1, or SDL_HINT_DOSKUTSU_PIXTONE_IRQ_MIX=1) is incompatible with SDL_HINT_DOSKUTSU_AUDIO_BACKEND=organya. L3 + ORGANYA IS KNOWN-INCOMPATIBLE (PLAY2 hang root-cause owned by v1.0.2 deep-campaign; v1.0.1 ships defensive interlock per flush-instr #135 three-front response). L3 forced OFF (hang prevention); SFX continue through SDL3_mixer path; music continues through Organya. To engage L3 cleanly set SDL_HINT_DOSKUTSU_AUDIO_BACKEND to opl3 / wb / midi-stub, or set SDL_HINT_DOSKUTSU_PIXTONE_IRQ_MIX=0 to silence this and keep Organya.
[22:36:31] [info] Organya init...
[22:36:32] [info] Organya init done
[22:36:40] [info] gus SFX gain [nx0259]: 70% (SDL_HINT_DOSKUTSU_GUS_SFX_GAIN; scales the GF1 SFX voice volume to balance against velocity/CC-scaled GUS music; default 70, clamp 0..150).
[22:36:40] [info] midi ISR tick: engine registered tick_isr callback (L2b active; default ON; set SDL_HINT_DOSKUTSU_MIDI_ISR_TICK=0 to disable)
[22:36:40] [info] organya auto-precache: ENABLED (default) (first-launch precache + in-game cold-render progress overlay; set SDL_HINT_DOSKUTSU_ORG_AUTOCACHE=0 to disable -> v1.1.0 black-screen cold-render)
[22:36:40] [info] organya auto-precache: cache complete (sentinel present) -- skipping batch; in-game overlay armed for any stray cache miss.
[22:36:40] [info] menu slide-in fixed-timestep: ENABLED (default; slide advances at 50 Hz logic rate)
[22:36:40] [info] Reading npc.tbl...
[22:36:40] [info] Loading tilekey.dat.
[22:36:40] [info] Script engine init.
[22:36:41] [info] Entering main loop...
[22:36:41] [info] audio mid-gap pump: DISABLED (default)
[22:36:41] [info] TAS fixed-timestep guard: ENABLED (default) (patch 0280; load_stage wall-clock kept out of the FT accumulator so TAS replay advances at a true 50 Hz; set SDL_HINT_DOSKUTSU_TAS_FT_GUARD=0 to disable)
[22:36:41] [info] load_stage ring+DMA silence flush: ENABLED (default) (set SDL_HINT_DOSKUTSU_LOADSTAGE_SILENCE=0 to disable)
[22:36:41] [info] load-band audio-underrun probe: DISABLED (default) (opt-in SDL_HINT_DOSKUTSU_LOADBAND_STAT=1)
[22:36:41] [info]  >> Entering stage 72: 'u'.
[22:36:41] [info] skip sheet flush: ENABLED (default) (SFXPAUSE-012 SHIPPED FIX; sprite sheets stay resident across caves so no per-cave re-decode -> no fire-frame pause; map_flush_graphics tilemap cache still flushes; set SDL_HINT_DOSKUTSU_SKIP_SHEET_FLUSH=0 to restore the old per-cave flush)
[22:36:41] [info] [skip-sheet-flush] cave=1
[22:36:41] [info] eager action sheets: ENABLED (default) (first-fire hitch fix: pre-loads the weapon bullet + hit/muzzle/trail caret sheets at stage load so the first fire/impact does not lazy-decode mid-gameplay; set SDL_HINT_DOSKUTSU_EAGER_ACTION_SHEETS=0 to restore lazy load)
[22:36:41] [info] Surface::loadImage palmap-diag #2: 'data/Bullet.pbm' fmt=SDL_PIXELFORMAT_ABGR8888 remap=HIT -> path=truecolor
[22:36:41] [info] Surface::loadImage palmap-diag #3: 'data/Arms.pbm' fmt=SDL_PIXELFORMAT_ABGR8888 remap=HIT -> path=truecolor
[22:36:41] [info] Surface::loadImage palmap-diag #4: 'data/Caret.pbm' fmt=SDL_PIXELFORMAT_ABGR8888 remap=HIT -> path=truecolor
[22:36:42] [info] Surface::loadImage palmap-diag #5: 'data/Npc/NpcSym.pbm' fmt=SDL_PIXELFORMAT_ABGR8888 remap=HIT -> path=truecolor
[22:36:42] [info] [eager-action-sheets] cave=1 sheets=4 wall_ms=1035
[22:36:42] [info] Surface::loadImage palmap-diag #6: 'data/Stage/PrtWhite.pbm' fmt=SDL_PIXELFORMAT_ABGR8888 remap=HIT -> path=truecolor
[22:36:42] [info] load_stage: entry-music preload ENABLED (default) (set SDL_HINT_DOSKUTSU_PRELOAD_STAGE_MUSIC=0 to disable)
[22:36:42] [info] Surface::loadImage palmap-diag #7: 'data/bk0.pbm' fmt=SDL_PIXELFORMAT_ABGR8888 remap=HIT -> path=truecolor
[22:36:42] [info] gameloop: entered (curmap=72, running=1)
[22:36:42] [info] gameloop: iter 1 ticks=17957 mapno=-1
[22:36:42] [info] fixed-timestep: ENABLED (default; logic 50 Hz, decoupled from render)
[22:36:42] [info] map: BG skip-when-unchanged DISABLED (default) (set SDL_HINT_DOSKUTSU_BG_SKIP_WHEN_UNCHANGED=1 to enable; default OFF since wave-61 -- abandoned, it shipped a backdrop-black flicker and its +0.87 fps was below the noise floor)
[22:36:42] [info] map: skip-redundant-clear lever ENABLED (default since wave-53 promotion)
[22:36:42] [info] perf-mode: level=0 (faithful (default))
[22:36:42] [info] Surface::loadImage palmap-diag #8: 'data/Npc/NpcKings.pbm' fmt=SDL_PIXELFORMAT_ABGR8888 remap=HIT -> path=truecolor
[22:36:43] [info] audio tick-boundary pump: DISABLED (default)
[22:36:43] [info] gameloop: iter 2 ticks=18283 mapno=-1
[22:36:43] [info] gameloop: iter 3 ticks=18332 mapno=-1
[22:36:43] [info] direct-vesa: snapshot @gen=2 use_dosmemput=0 banked_multibank=0 pitches_match=1 vram_w=320 vram_h=240 vram_pitch=320 bpp=1 fb_size=76800 vram_phys=0x78000000 vram_ptr=0x77c00000
[22:36:43] [info] flip-probe: flip #10 ok=true present=3ms inter_flip_ms=23 drawcalls-since-flip=6 drawcalls-total=43 fail-total=0 null-skips-total=0
[22:36:43] [info] flip-probe: flip #20 ok=true present=3ms inter_flip_ms=23 drawcalls-since-flip=4 drawcalls-total=92 fail-total=0 null-skips-total=0
[22:36:44] [info] flip-probe: flip #30 ok=true present=3ms inter_flip_ms=43 drawcalls-since-flip=326 drawcalls-total=2707 fail-total=0 null-skips-total=0
[22:36:44] [info] flip-probe: flip #40 ok=true present=3ms inter_flip_ms=37 drawcalls-since-flip=264 drawcalls-total=5837 fail-total=0 null-skips-total=0
[22:36:44] [info] flip-probe: flip #50 ok=true present=3ms inter_flip_ms=25 drawcalls-since-flip=67 drawcalls-total=7392 fail-total=0 null-skips-total=0
[22:36:45] [info] flip-probe: flip #60 ok=true present=3ms inter_flip_ms=21 drawcalls-since-flip=4 drawcalls-total=7502 fail-total=0 null-skips-total=0
[22:36:45] [info] flip-probe: flip #70 ok=true present=3ms inter_flip_ms=21 drawcalls-since-flip=6 drawcalls-total=7557 fail-total=0 null-skips-total=0
[22:36:45] [info] flip-probe: flip #80 ok=true present=3ms inter_flip_ms=20 drawcalls-since-flip=0 drawcalls-total=7586 fail-total=0 null-skips-total=0
[22:36:45] [info] flip-probe: flip #90 ok=true present=3ms inter_flip_ms=22 drawcalls-since-flip=0 drawcalls-total=7586 fail-total=0 null-skips-total=0
[22:36:45] [info] title: eager-title-IO phase tag ENABLED (default) (set SDL_HINT_DOSKUTSU_EAGER_TITLE_IO=0 to disable)
[22:36:45] [info] [music-dispatch] tick=95 song=24 (prev 0)
[22:36:54] [info] Organya pre-render: cache HIT CURLY (11875968 bytes from CACHE; 2 ch; synth skipped).
[22:36:54] [info] audio pump-to-target: ENABLED (186 ms depth setpoint; amount-bounded depth-regulated ring refill per displayed frame; killswitch SDL_HINT_DOSKUTSU_ORG_PUMP_TARGET_MS=0).
[22:36:54] [info] pixtone multi-source probe: DISABLED (default)
[22:36:54] [info] gameloop: entered (curmap=1005, running=1)
[22:36:54] [info] gameloop: iter 1 ticks=29542 mapno=-1
[22:36:54] [info] map: backdrop cache ENABLED (default) (set SDL_HINT_DOSKUTSU_BACKDROP_CACHE=0 to disable)
[22:36:54] [info] gameloop: iter 2 ticks=30118 mapno=-1
[22:36:55] [info] gameloop: iter 3 ticks=30183 mapno=-1
[22:36:55] [info] backdrop cache: thrashing-detect engaged (streak=4, route=direct)
[22:36:55] [info] flip-probe: flip #100 ok=true present=3ms inter_flip_ms=46 drawcalls-since-flip=75 drawcalls-total=7886 fail-total=0 null-skips-total=0
[22:36:55] [info] alpha audit block 0: 7798 total drawcalls, 0 with alpha<255 (block pct_x10=0; global 0/7798 pct_x10=0); alpha-mod skipped: block=0 global=0
[22:36:55] [info] fastpath audit block 0: taken=7798 (idx8=7798) skipped=0 pct_x10=1000; global taken=7798 (idx8=7798) skipped=0 pct_x10=1000
[22:36:55] [info] primitive tally block 0: clear=220(hr=220) fill=0(hr=0) rect=0(hr=0) line=0(hr=0) tint=0 spotlight=0 (over 100 flips ending at flip 100)
[22:36:55] [info] color/alpha audit block 0: cmod_white=104 cmod_black=0 (idx=0) cmod_general=84 (idx=84) cmod_fb=0; alpha_taken=0 alpha_skipped=0 (global cmod=104/0/84/0 idx=0/84 alpha=0/0)
[22:36:55] [info] phase timing block 0: drawcalls=8209 dc_total_ms=971 flip_inner_total_ms=910 inter_flip_total_ms=26902 (per-flip avg x10: dc_ms=97 fi_ms=91 if_ms=2690 derived audio+engine_ms=2502; per-drawcall avg us_x10=1183) [direct-vesa: presents=97 total_ms=298 avg_ms_x10=30 failed=0] [ablation: NO_DC_TIMING=0 CACHE_WINSURF=0 DIRECT_VESA=1]
[22:36:55] [info] kbd/audio block 0: kbd_irq=0 kbd_drain=0 ring_chunks=16 pump_pass=99 pic1_mask=0xb8 first_irq_ticks=0 install_ticks=0 vector_at_install=0x0083e430 pic1_mask_live=0x98 kbd_8042_stat=0x34 bios_kbd_head=0x0030 bios_kbd_tail=0x0030 bios_kbd_buf0=0x1e61
[22:36:55] [info] audio/engine split block 0: audio_mixer_calls=23 audio_mixer_ms_x10=5 engine_tick_calls=99 engine_tick_ms_x10=1125 audio_service_calls=0 audio_service_ms_x10=0 (per-flip avg; per-call us_x10: audio_mix=24069 engine_tick=1137237 audio_service=0; global ns: audio_mix=55358789 engine_tick=11258651668 audio_service=0)
[22:36:55] [info] dirty-rect block @flip=100: total_calls=0 dirty_rects_avg=0 dirty_pct_x10=990 forced_full=0 first_n_force=3 threshold_exceeded=2 dirty_path_taken=0 full_flush_taken=3
[22:36:55] [info] prev-frame-diff block @flip=100: diff_calls=0 diff_rects_avg=0 diff_dirty_pct_x10=0 bbox_pct_x10=0 bbox_thresh_exceeded=0
[22:36:55] [info] flip-probe: flip #110 ok=true present=3ms inter_flip_ms=29 drawcalls-since-flip=75 drawcalls-total=8636 fail-total=0 null-skips-total=0
[22:36:55] [info] flip-probe: flip #120 ok=true present=3ms inter_flip_ms=35 drawcalls-since-flip=75 drawcalls-total=9386 fail-total=0 null-skips-total=0
[22:36:56] [info] flip-probe: flip #130 ok=true present=3ms inter_flip_ms=26 drawcalls-since-flip=0 drawcalls-total=9986 fail-total=0 null-skips-total=0
[22:36:56] [info] Loading profile from profile.dat
[22:36:56] [error] profile_load: unable to open 'profile.dat'
[22:36:56] [info] Loading profile from profile2.dat
[22:36:56] [error] profile_load: unable to open 'profile2.dat'
[22:36:56] [info] Loading profile from profile3.dat
[22:36:56] [info] Loading profile from profile4.dat
[22:36:56] [error] profile_load: unable to open 'profile4.dat'
[22:36:56] [info] Loading profile from profile5.dat
[22:36:56] [info] flip-probe: flip #140 ok=true present=3ms inter_flip_ms=44 drawcalls-since-flip=210 drawcalls-total=10826 fail-total=0 null-skips-total=0
[22:36:57] [info] flip-probe: flip #150 ok=true present=4ms inter_flip_ms=37 drawcalls-since-flip=210 drawcalls-total=12926 fail-total=0 null-skips-total=0
[22:36:57] [info] Writing settings...
[22:36:57] [info] flip-probe: flip #160 ok=true present=3ms inter_flip_ms=26 drawcalls-since-flip=0 drawcalls-total=13774 fail-total=0 null-skips-total=0
[22:36:57] [info] flip-probe: flip #170 ok=true present=3ms inter_flip_ms=21 drawcalls-since-flip=0 drawcalls-total=13774 fail-total=0 null-skips-total=0
[22:36:57] [info] [music-dispatch] tick=175 song=0 (prev 24)
[22:36:58] [info] Loading profile from profile5.dat
[22:36:58] [info]  >> Entering stage 20: 'Save Point'.
[22:36:58] [info] [skip-sheet-flush] cave=2
[22:36:58] [info] [music-dispatch] tick=175 song=8 (prev 0)
[22:37:03] [info] Organya pre-render: cache HIT VIVI (6322176 bytes from CACHE; 2 ch; synth skipped).
[22:37:03] [info] gameloop: entered (curmap=20, running=1)
[22:37:03] [info] gameloop: iter 1 ticks=38321 mapno=-1
[22:37:03] [info] TAS stall discount: ENABLED (default) (patch 0286; a replay frame over 150 ms is a load, not slow rendering, so it contributes 1 tick instead of its wall-clock; set SDL_HINT_DOSKUTSU_TAS_STALL_DISCOUNT=0 to disable)
[22:37:03] [info] TAS accumulator clamp: DISABLED (default) (patch 0281; caps the FT accumulator delta at one tick during TAS so a stalled frame cannot race the replay index; set SDL_HINT_DOSKUTSU_TAS_FT_GUARD=0 to disable)
[22:37:03] [info] gameloop: iter 2 ticks=38390 mapno=-1
[22:37:03] [info] gameloop: iter 3 ticks=38446 mapno=-1
[22:37:03] [info] flip-probe: flip #180 ok=true present=3ms inter_flip_ms=51 drawcalls-since-flip=16 drawcalls-total=13896 fail-total=0 null-skips-total=0
[22:37:03] [info] flip-probe: flip #190 ok=true present=3ms inter_flip_ms=26 drawcalls-since-flip=16 drawcalls-total=14056 fail-total=0 null-skips-total=0
[22:37:04] [info] flip-probe: flip #200 ok=true present=3ms inter_flip_ms=27 drawcalls-since-flip=16 drawcalls-total=14216 fail-total=0 null-skips-total=0
[22:37:04] [info] alpha audit block 0: 5693 total drawcalls, 0 with alpha<255 (block pct_x10=0; global 0/13491 pct_x10=0); alpha-mod skipped: block=0 global=0
[22:37:04] [info] fastpath audit block 0: taken=5693 (idx8=5693) skipped=0 pct_x10=1000; global taken=13491 (idx8=13491) skipped=0 pct_x10=1000
[22:37:04] [info] primitive tally block 0: clear=201(hr=201) fill=0(hr=0) rect=0(hr=0) line=0(hr=0) tint=0 spotlight=0 (over 100 flips ending at flip 200)
[22:37:04] [info] color/alpha audit block 0: cmod_white=1402 cmod_black=0 (idx=0) cmod_general=609 (idx=609) cmod_fb=0; alpha_taken=0 alpha_skipped=0 (global cmod=1506/0/693/0 idx=0/693 alpha=0/0)
[22:37:04] [info] phase timing block 0: drawcalls=7905 dc_total_ms=931 flip_inner_total_ms=975 inter_flip_total_ms=8852 (per-flip avg x10: dc_ms=93 fi_ms=97 if_ms=885 derived audio+engine_ms=695; per-drawcall avg us_x10=1177) [direct-vesa: presents=100 total_ms=303 avg_ms_x10=30 failed=0] [ablation: NO_DC_TIMING=0 CACHE_WINSURF=0 DIRECT_VESA=1]
[22:37:04] [info] kbd/audio block 0: kbd_irq=0 kbd_drain=0 ring_chunks=16 pump_pass=214 pic1_mask=0xb8 first_irq_ticks=0 install_ticks=0 vector_at_install=0x0083e430 pic1_mask_live=0x98 kbd_8042_stat=0x34 bios_kbd_head=0x0030 bios_kbd_tail=0x0030 bios_kbd_buf0=0x1e61
[22:37:04] [info] audio/engine split block 0: audio_mixer_calls=167 audio_mixer_ms_x10=36 engine_tick_calls=76 engine_tick_ms_x10=159 audio_service_calls=0 audio_service_ms_x10=0 (per-flip avg; per-call us_x10: audio_mix=21702 engine_tick=210049 audio_service=0; global ns: audio_mix=417788603 engine_tick=12855029414 audio_service=0)
[22:37:04] [info] dirty-rect block @flip=200: total_calls=0 dirty_rects_avg=1 dirty_pct_x10=1000 forced_full=0 first_n_force=0 threshold_exceeded=0 dirty_path_taken=0 full_flush_taken=0
[22:37:04] [info] prev-frame-diff block @flip=200: diff_calls=0 diff_rects_avg=0 diff_dirty_pct_x10=0 bbox_pct_x10=0 bbox_thresh_exceeded=0
[22:37:04] [info] flip-probe: flip #210 ok=true present=3ms inter_flip_ms=26 drawcalls-since-flip=16 drawcalls-total=14376 fail-total=0 null-skips-total=0
[22:37:04] [info] flip-probe: flip #220 ok=true present=3ms inter_flip_ms=37 drawcalls-since-flip=16 drawcalls-total=14536 fail-total=0 null-skips-total=0
[22:37:05] [info] flip-probe: flip #230 ok=true present=3ms inter_flip_ms=26 drawcalls-since-flip=16 drawcalls-total=14696 fail-total=0 null-skips-total=0
[22:37:05] [info] flip-probe: flip #240 ok=true present=3ms inter_flip_ms=62 drawcalls-since-flip=358 drawcalls-total=17308 fail-total=0 null-skips-total=0
[22:37:05] [info]  >> Entering stage 11: 'Mimiga Village'.
[22:37:05] [info] [skip-sheet-flush] cave=3
[22:37:06] [info] [load-stage] preloading entry music song=9 (cave=3)
[22:37:06] [info] [music-dispatch] tick=297 song=9 (prev 8)
[22:37:10] [info] Organya pre-render: cache HIT MURA (5927040 bytes from CACHE; 2 ch; synth skipped).
[22:37:10] [info] gameloop: entered (curmap=11, running=1)
[22:37:10] [info] gameloop: iter 1 ticks=45425 mapno=-1
[22:37:10] [info] map: mds_clear LUT ENABLED (default) (set SDL_HINT_DOSKUTSU_MDS_CLEAR_LUT=0 to disable; default ON; patch 0144 wave-49 bandwidth lever)
[22:37:10] [info] mds-clear-lut: rebuilt N=240 entries (k_skip=0% k_keep=100%; curmap=11 map_size=60x60; rebuild #1 since boot)
[22:37:10] [info] backdrop thrash full-cover ENABLED (default) (set SDL_HINT_DOSKUTSU_THRASH_FULLCOVER=0 to disable)
[22:37:10] [info] [bd-diag] backdrop render-path diag disabled (default) (set SDL_HINT_DOSKUTSU_BACKDROP_DIAG=1 to enable)
[22:37:10] [info] gameloop: iter 2 ticks=45688 mapno=-1
[22:37:10] [info] tas: stall frame 263 ms -> contributing 1 tick (patch 0286)
[22:37:10] [info] gameloop: iter 3 ticks=45791 mapno=-1
[22:37:11] [info] backdrop cache: thrashing-detect engaged (streak=4, route=direct)
[22:37:11] [info] flip-probe: flip #250 ok=true present=3ms inter_flip_ms=79 drawcalls-since-flip=177 drawcalls-total=20430 fail-total=0 null-skips-total=0
[22:37:11] [info] flip-probe: flip #260 ok=true present=4ms inter_flip_ms=46 drawcalls-since-flip=43 drawcalls-total=20875 fail-total=0 null-skips-total=0
[22:37:12] [info] flip-probe: flip #270 ok=true present=3ms inter_flip_ms=56 drawcalls-since-flip=45 drawcalls-total=21327 fail-total=0 null-skips-total=0
[22:37:12] [info] flip-probe: flip #280 ok=true present=3ms inter_flip_ms=60 drawcalls-since-flip=42 drawcalls-total=21750 fail-total=0 null-skips-total=0
[22:37:13] [info] flip-probe: flip #290 ok=true present=3ms inter_flip_ms=47 drawcalls-since-flip=42 drawcalls-total=22170 fail-total=0 null-skips-total=0
[22:37:13] [info] flip-probe: flip #300 ok=true present=3ms inter_flip_ms=45 drawcalls-since-flip=42 drawcalls-total=22590 fail-total=0 null-skips-total=0
[22:37:13] [info] alpha audit block 0: 7576 total drawcalls, 0 with alpha<255 (block pct_x10=0; global 0/21067 pct_x10=0); alpha-mod skipped: block=0 global=0
[22:37:13] [info] fastpath audit block 0: taken=7576 (idx8=7576) skipped=0 pct_x10=1000; global taken=21067 (idx8=21067) skipped=0 pct_x10=1000
[22:37:13] [info] primitive tally block 0: clear=201(hr=201) fill=0(hr=0) rect=0(hr=0) line=0(hr=0) tint=0 spotlight=0 (over 100 flips ending at flip 300)
[22:37:13] [info] color/alpha audit block 0: cmod_white=741 cmod_black=741 (idx=741) cmod_general=0 (idx=0) cmod_fb=0; alpha_taken=0 alpha_skipped=0 (global cmod=2247/741/693/0 idx=741/693 alpha=0/0)
[22:37:13] [info] phase timing block 0: drawcalls=9265 dc_total_ms=875 flip_inner_total_ms=1056 inter_flip_total_ms=9714 (per-flip avg x10: dc_ms=87 fi_ms=105 if_ms=971 derived audio+engine_ms=779; per-drawcall avg us_x10=945) [direct-vesa: presents=100 total_ms=304 avg_ms_x10=30 failed=0] [ablation: NO_DC_TIMING=0 CACHE_WINSURF=0 DIRECT_VESA=1]
[22:37:13] [info] kbd/audio block 0: kbd_irq=0 kbd_drain=0 ring_chunks=16 pump_pass=454 pic1_mask=0xb8 first_irq_ticks=0 install_ticks=0 vector_at_install=0x0083e430 pic1_mask_live=0x98 kbd_8042_stat=0x34 bios_kbd_head=0x0030 bios_kbd_tail=0x0030 bios_kbd_buf0=0x1e61
[22:37:13] [info] [tile-speedup-stat n=100 drawtile_us=48.39 raw_blit_us=51.18 ratio=0.95]
[22:37:13] [info] audio/engine split block 0: audio_mixer_calls=221 audio_mixer_ms_x10=47 engine_tick_calls=0 engine_tick_ms_x10=0 audio_service_calls=0 audio_service_ms_x10=0 (per-flip avg; per-call us_x10: audio_mix=21671 engine_tick=0 audio_service=0; global ns: audio_mix=896728078 engine_tick=12855029414 audio_service=0)
[22:37:13] [info] dirty-rect block @flip=300: total_calls=100 dirty_rects_avg=1 dirty_pct_x10=1000 forced_full=0 first_n_force=0 threshold_exceeded=0 dirty_path_taken=0 full_flush_taken=0
[22:37:13] [info] prev-frame-diff block @flip=300: diff_calls=0 diff_rects_avg=0 diff_dirty_pct_x10=0 bbox_pct_x10=0 bbox_thresh_exceeded=0
[22:37:14] [info] backdrop cache: thrashing-detect engaged (streak=64, route=direct)
[22:37:14] [info] flip-probe: flip #310 ok=true present=3ms inter_flip_ms=53 drawcalls-since-flip=42 drawcalls-total=23110 fail-total=0 null-skips-total=0
[22:37:14] [info] flip-probe: flip #320 ok=true present=3ms inter_flip_ms=46 drawcalls-since-flip=43 drawcalls-total=23537 fail-total=0 null-skips-total=0
[22:37:15] [info] flip-probe: flip #330 ok=true present=3ms inter_flip_ms=47 drawcalls-since-flip=43 drawcalls-total=23967 fail-total=0 null-skips-total=0
[22:37:15] [info] flip-probe: flip #340 ok=true present=3ms inter_flip_ms=67 drawcalls-since-flip=45 drawcalls-total=24403 fail-total=0 null-skips-total=0
[22:37:16] [info] flip-probe: flip #350 ok=true present=3ms inter_flip_ms=43 drawcalls-since-flip=42 drawcalls-total=24831 fail-total=0 null-skips-total=0
[22:37:16] [info] flip-probe: flip #360 ok=true present=3ms inter_flip_ms=67 drawcalls-since-flip=44 drawcalls-total=25255 fail-total=0 null-skips-total=0
[22:37:17] [info] backdrop cache: thrashing-detect engaged (streak=124, route=direct)
[22:37:17] [info] flip-probe: flip #370 ok=true present=3ms inter_flip_ms=53 drawcalls-since-flip=14 drawcalls-total=25481 fail-total=0 null-skips-total=0
[22:37:17] [info] flip-probe: flip #380 ok=true present=3ms inter_flip_ms=61 drawcalls-since-flip=17 drawcalls-total=25643 fail-total=0 null-skips-total=0
[22:37:18] [info] flip-probe: flip #390 ok=true present=3ms inter_flip_ms=58 drawcalls-since-flip=14 drawcalls-total=25791 fail-total=0 null-skips-total=0
[22:37:19] [info] flip-probe: flip #400 ok=true present=3ms inter_flip_ms=47 drawcalls-since-flip=14 drawcalls-total=25931 fail-total=0 null-skips-total=0
[22:37:19] [info] alpha audit block 0: 2422 total drawcalls, 0 with alpha<255 (block pct_x10=0; global 0/23489 pct_x10=0); alpha-mod skipped: block=0 global=0
[22:37:19] [info] fastpath audit block 0: taken=2422 (idx8=2422) skipped=0 pct_x10=1000; global taken=23489 (idx8=23489) skipped=0 pct_x10=1000
[22:37:19] [info] primitive tally block 0: clear=200(hr=200) fill=0(hr=0) rect=0(hr=0) line=0(hr=0) tint=0 spotlight=0 (over 100 flips ending at flip 400)
[22:37:19] [info] color/alpha audit block 0: cmod_white=819 cmod_black=819 (idx=819) cmod_general=0 (idx=0) cmod_fb=0; alpha_taken=0 alpha_skipped=0 (global cmod=3066/1560/693/0 idx=1560/693 alpha=0/0)
[22:37:19] [info] phase timing block 0: drawcalls=4260 dc_total_ms=604 flip_inner_total_ms=1124 inter_flip_total_ms=5264 (per-flip avg x10: dc_ms=60 fi_ms=112 if_ms=526 derived audio+engine_ms=354; per-drawcall avg us_x10=1419) [direct-vesa: presents=100 total_ms=308 avg_ms_x10=30 failed=0] [ablation: NO_DC_TIMING=0 CACHE_WINSURF=0 DIRECT_VESA=1]
[22:37:19] [info] kbd/audio block 0: kbd_irq=0 kbd_drain=0 ring_chunks=16 pump_pass=717 pic1_mask=0xb8 first_irq_ticks=0 install_ticks=0 vector_at_install=0x0083e430 pic1_mask_live=0x98 kbd_8042_stat=0x34 bios_kbd_head=0x0030 bios_kbd_tail=0x0030 bios_kbd_buf0=0x1e61
[22:37:19] [info] audio/engine split block 0: audio_mixer_calls=227 audio_mixer_ms_x10=49 engine_tick_calls=0 engine_tick_ms_x10=0 audio_service_calls=0 audio_service_ms_x10=0 (per-flip avg; per-call us_x10: audio_mix=21778 engine_tick=0 audio_service=0; global ns: audio_mix=1391089358 engine_tick=12855029414 audio_service=0)
[22:37:19] [info] dirty-rect block @flip=400: total_calls=0 dirty_rects_avg=1 dirty_pct_x10=1000 forced_full=0 first_n_force=0 threshold_exceeded=0 dirty_path_taken=0 full_flush_taken=0
[22:37:19] [info] prev-frame-diff block @flip=400: diff_calls=0 diff_rects_avg=0 diff_dirty_pct_x10=0 bbox_pct_x10=0 bbox_thresh_exceeded=0
[22:37:19] [info]  >> Entering stage 17: 'Yamashita Farm'.
[22:37:19] [info] [skip-sheet-flush] cave=4
[22:37:19] [info] [load-stage] preloading entry music song=13 (cave=4)
[22:37:20] [info] [music-dispatch] tick=752 song=13 (prev 9)
[22:37:23] [info] Organya pre-render: cache HIT PLANT (4741632 bytes from CACHE; 2 ch; synth skipped).
[22:37:23] [info] gameloop: entered (curmap=17, running=1)
[22:37:23] [info] gameloop: iter 1 ticks=58573 mapno=-1
[22:37:23] [info] mds-clear-lut: rebuilt N=240 entries (k_skip=33% k_keep=67%; curmap=17 map_size=40x16; rebuild #2 since boot)
[22:37:23] [info] flip-probe: flip #410 ok=true present=3ms inter_flip_ms=3964 drawcalls-since-flip=400 drawcalls-total=28242 fail-total=0 null-skips-total=0
[22:37:23] [info] gameloop: iter 2 ticks=58792 mapno=-1
[22:37:23] [info] tas: stall frame 218 ms -> contributing 1 tick (patch 0286)
[22:37:23] [info] gameloop: iter 3 ticks=58881 mapno=-1
[22:37:24] [info] flip-probe: flip #420 ok=true present=4ms inter_flip_ms=54 drawcalls-since-flip=131 drawcalls-total=31081 fail-total=0 null-skips-total=0
[22:37:25] [info] flip-probe: flip #430 ok=true present=3ms inter_flip_ms=63 drawcalls-since-flip=135 drawcalls-total=32426 fail-total=0 null-skips-total=0
[22:37:25] [info] flip-probe: flip #440 ok=true present=3ms inter_flip_ms=77 drawcalls-since-flip=129 drawcalls-total=33806 fail-total=0 null-skips-total=0
[22:37:25] [info] backdrop cache: thrashing-detect engaged (streak=4, route=direct)
[22:37:26] [info] flip-probe: flip #450 ok=true present=3ms inter_flip_ms=58 drawcalls-since-flip=131 drawcalls-total=35095 fail-total=0 null-skips-total=0
[22:37:26] [info] run_tick_fixed #900: heartbeat (loop alive)
[22:37:27] [info] flip-probe: flip #460 ok=true present=4ms inter_flip_ms=70 drawcalls-since-flip=142 drawcalls-total=36474 fail-total=0 null-skips-total=0
[22:37:28] [info] flip-probe: flip #470 ok=true present=3ms inter_flip_ms=77 drawcalls-since-flip=141 drawcalls-total=37941 fail-total=0 null-skips-total=0
[22:37:28] [info] flip-probe: flip #480 ok=true present=4ms inter_flip_ms=70 drawcalls-since-flip=136 drawcalls-total=39304 fail-total=0 null-skips-total=0
[22:37:29] [info] backdrop cache: thrashing-detect engaged (streak=4, route=direct)
[22:37:29] [info] flip-probe: flip #490 ok=true present=3ms inter_flip_ms=73 drawcalls-since-flip=138 drawcalls-total=40600 fail-total=0 null-skips-total=0
[22:37:30] [info] flip-probe: flip #500 ok=true present=3ms inter_flip_ms=56 drawcalls-since-flip=135 drawcalls-total=41918 fail-total=0 null-skips-total=0
[22:37:30] [info] alpha audit block 0: 14704 total drawcalls, 0 with alpha<255 (block pct_x10=0; global 0/38193 pct_x10=0); alpha-mod skipped: block=0 global=0
[22:37:30] [info] fastpath audit block 0: taken=14704 (idx8=14704) skipped=0 pct_x10=1000; global taken=38193 (idx8=38193) skipped=0 pct_x10=1000
[22:37:30] [info] primitive tally block 0: clear=202(hr=202) fill=0(hr=0) rect=0(hr=0) line=0(hr=0) tint=0 spotlight=0 (over 100 flips ending at flip 500)
[22:37:30] [info] color/alpha audit block 0: cmod_white=1183 cmod_black=1183 (idx=1183) cmod_general=0 (idx=0) cmod_fb=0; alpha_taken=0 alpha_skipped=0 (global cmod=4249/2743/693/0 idx=2743/693 alpha=0/0)
[22:37:30] [info] phase timing block 0: drawcalls=17307 dc_total_ms=1127 flip_inner_total_ms=1287 inter_flip_total_ms=11251 (per-flip avg x10: dc_ms=112 fi_ms=128 if_ms=1125 derived audio+engine_ms=885; per-drawcall avg us_x10=651) [direct-vesa: presents=100 total_ms=301 avg_ms_x10=30 failed=0] [ablation: NO_DC_TIMING=0 CACHE_WINSURF=0 DIRECT_VESA=1]
[22:37:30] [info] kbd/audio block 0: kbd_irq=0 kbd_drain=0 ring_chunks=16 pump_pass=1080 pic1_mask=0xb8 first_irq_ticks=0 install_ticks=0 vector_at_install=0x0083e430 pic1_mask_live=0x98 kbd_8042_stat=0x34 bios_kbd_head=0x0030 bios_kbd_tail=0x0030 bios_kbd_buf0=0x1e61
[22:37:30] [info] audio/engine split block 0: audio_mixer_calls=325 audio_mixer_ms_x10=70 engine_tick_calls=0 engine_tick_ms_x10=0 audio_service_calls=0 audio_service_ms_x10=0 (per-flip avg; per-call us_x10: audio_mix=21679 engine_tick=0 audio_service=0; global ns: audio_mix=2095686319 engine_tick=12855029414 audio_service=0)
[22:37:30] [info] dirty-rect block @flip=500: total_calls=0 dirty_rects_avg=1 dirty_pct_x10=1000 forced_full=0 first_n_force=0 threshold_exceeded=0 dirty_path_taken=0 full_flush_taken=0
[22:37:30] [info] prev-frame-diff block @flip=500: diff_calls=0 diff_rects_avg=0 diff_dirty_pct_x10=0 bbox_pct_x10=0 bbox_thresh_exceeded=0
[22:37:30] [info] tas: stall frame 347 ms -> contributing 1 tick (patch 0286)
[22:37:31] [info] flip-probe: flip #510 ok=true present=4ms inter_flip_ms=54 drawcalls-since-flip=131 drawcalls-total=43220 fail-total=0 null-skips-total=0
[22:37:31] [info] flip-probe: flip #520 ok=true present=3ms inter_flip_ms=66 drawcalls-since-flip=128 drawcalls-total=44477 fail-total=0 null-skips-total=0
[22:37:32] [info] flip-probe: flip #530 ok=true present=3ms inter_flip_ms=72 drawcalls-since-flip=106 drawcalls-total=45773 fail-total=0 null-skips-total=0
[22:37:33] [info] flip-probe: flip #540 ok=true present=3ms inter_flip_ms=63 drawcalls-since-flip=111 drawcalls-total=46882 fail-total=0 null-skips-total=0
[22:37:33] [info] backdrop cache: thrashing-detect engaged (streak=64, route=direct)
[22:37:33] [info] flip-probe: flip #550 ok=true present=3ms inter_flip_ms=59 drawcalls-since-flip=101 drawcalls-total=47957 fail-total=0 null-skips-total=0
[22:37:34] [info] flip-probe: flip #560 ok=true present=3ms inter_flip_ms=56 drawcalls-since-flip=107 drawcalls-total=48993 fail-total=0 null-skips-total=0
[22:37:35] [info] flip-probe: flip #570 ok=true present=3ms inter_flip_ms=64 drawcalls-since-flip=114 drawcalls-total=50123 fail-total=0 null-skips-total=0
[22:37:35] [info] flip-probe: flip #580 ok=true present=3ms inter_flip_ms=68 drawcalls-since-flip=107 drawcalls-total=51224 fail-total=0 null-skips-total=0
[22:37:36] [info] flip-probe: flip #590 ok=true present=3ms inter_flip_ms=79 drawcalls-since-flip=97 drawcalls-total=52272 fail-total=0 null-skips-total=0
[22:37:36] [info] backdrop cache: thrashing-detect engaged (streak=4, route=direct)
[22:37:37] [info] flip-probe: flip #600 ok=true present=3ms inter_flip_ms=58 drawcalls-since-flip=109 drawcalls-total=53377 fail-total=0 null-skips-total=0
[22:37:37] [info] alpha audit block 0: 10982 total drawcalls, 0 with alpha<255 (block pct_x10=0; global 0/49175 pct_x10=0); alpha-mod skipped: block=0 global=0
[22:37:37] [info] fastpath audit block 0: taken=10982 (idx8=10982) skipped=0 pct_x10=1000; global taken=49175 (idx8=49175) skipped=0 pct_x10=1000
[22:37:37] [info] primitive tally block 0: clear=200(hr=200) fill=0(hr=0) rect=0(hr=0) line=0(hr=0) tint=0 spotlight=0 (over 100 flips ending at flip 600)
[22:37:37] [info] color/alpha audit block 0: cmod_white=377 cmod_black=377 (idx=377) cmod_general=0 (idx=0) cmod_fb=0; alpha_taken=0 alpha_skipped=0 (global cmod=4626/3120/693/0 idx=3120/693 alpha=0/0)
[22:37:37] [info] phase timing block 0: drawcalls=11940 dc_total_ms=713 flip_inner_total_ms=1039 inter_flip_total_ms=6783 (per-flip avg x10: dc_ms=71 fi_ms=103 if_ms=678 derived audio+engine_ms=504; per-drawcall avg us_x10=597) [direct-vesa: presents=100 total_ms=306 avg_ms_x10=30 failed=0] [ablation: NO_DC_TIMING=0 CACHE_WINSURF=0 DIRECT_VESA=1]
[22:37:37] [info] kbd/audio block 0: kbd_irq=0 kbd_drain=0 ring_chunks=16 pump_pass=1403 pic1_mask=0xb8 first_irq_ticks=0 install_ticks=0 vector_at_install=0x0083e430 pic1_mask_live=0x98 kbd_8042_stat=0x34 bios_kbd_head=0x0030 bios_kbd_tail=0x0030 bios_kbd_buf0=0x1e61
[22:37:37] [info] audio/engine split block 0: audio_mixer_calls=286 audio_mixer_ms_x10=62 engine_tick_calls=0 engine_tick_ms_x10=0 audio_service_calls=0 audio_service_ms_x10=0 (per-flip avg; per-call us_x10: audio_mix=21775 engine_tick=0 audio_service=0; global ns: audio_mix=2718461598 engine_tick=12855029414 audio_service=0)
[22:37:37] [info] dirty-rect block @flip=600: total_calls=0 dirty_rects_avg=1 dirty_pct_x10=1000 forced_full=0 first_n_force=0 threshold_exceeded=0 dirty_path_taken=0 full_flush_taken=0
[22:37:37] [info] prev-frame-diff block @flip=600: diff_calls=0 diff_rects_avg=0 diff_dirty_pct_x10=0 bbox_pct_x10=0 bbox_thresh_exceeded=0
[22:37:37] [info] flip-probe: flip #610 ok=true present=3ms inter_flip_ms=67 drawcalls-since-flip=112 drawcalls-total=54509 fail-total=0 null-skips-total=0
[22:37:38] [info] flip-probe: flip #620 ok=true present=4ms inter_flip_ms=66 drawcalls-since-flip=120 drawcalls-total=55686 fail-total=0 null-skips-total=0
[22:37:39] [info] flip-probe: flip #630 ok=true present=3ms inter_flip_ms=75 drawcalls-since-flip=380 drawcalls-total=57615 fail-total=0 null-skips-total=0
[22:37:39] [info]  >> Entering stage 11: 'Mimiga Village'.
[22:37:39] [info] [skip-sheet-flush] cave=5
[22:37:39] [info] [load-stage] preloading entry music song=9 (cave=5)
[22:37:39] [info] [music-dispatch] tick=1524 song=9 (prev 13)
[22:37:43] [info] Organya pre-render: cache HIT MURA (5927040 bytes from CACHE; 2 ch; synth skipped).
[22:37:44] [info] gameloop: entered (curmap=11, running=1)
[22:37:44] [info] gameloop: iter 1 ticks=79199 mapno=-1
[22:37:44] [info] mds-clear-lut: rebuilt N=240 entries (k_skip=0% k_keep=100%; curmap=11 map_size=60x60; rebuild #3 since boot)
[22:37:44] [info] gameloop: iter 2 ticks=79301 mapno=-1
[22:37:44] [info] gameloop: iter 3 ticks=79406 mapno=-1
[22:37:44] [info] backdrop cache: thrashing-detect engaged (streak=4, route=direct)
[22:37:44] [info] flip-probe: flip #640 ok=true present=3ms inter_flip_ms=84 drawcalls-since-flip=270 drawcalls-total=61013 fail-total=0 null-skips-total=0
[22:37:45] [info] flip-probe: flip #650 ok=true present=4ms inter_flip_ms=45 drawcalls-since-flip=40 drawcalls-total=61718 fail-total=0 null-skips-total=0
[22:37:45] [info] flip-probe: flip #660 ok=true present=3ms inter_flip_ms=51 drawcalls-since-flip=40 drawcalls-total=62118 fail-total=0 null-skips-total=0
[22:37:46] [info] flip-probe: flip #670 ok=true present=3ms inter_flip_ms=53 drawcalls-since-flip=40 drawcalls-total=62518 fail-total=0 null-skips-total=0
[22:37:46] [info] flip-probe: flip #680 ok=true present=3ms inter_flip_ms=47 drawcalls-since-flip=42 drawcalls-total=62924 fail-total=0 null-skips-total=0
[22:37:47] [info] flip-probe: flip #690 ok=true present=3ms inter_flip_ms=56 drawcalls-since-flip=40 drawcalls-total=63328 fail-total=0 null-skips-total=0
[22:37:47] [info] backdrop cache: thrashing-detect engaged (streak=64, route=direct)
[22:37:47] [info] flip-probe: flip #700 ok=true present=3ms inter_flip_ms=52 drawcalls-since-flip=41 drawcalls-total=63734 fail-total=0 null-skips-total=0
[22:37:47] [info] alpha audit block 0: 9412 total drawcalls, 0 with alpha<255 (block pct_x10=0; global 0/58587 pct_x10=0); alpha-mod skipped: block=0 global=0
[22:37:47] [info] fastpath audit block 0: taken=9412 (idx8=9412) skipped=0 pct_x10=1000; global taken=58587 (idx8=58587) skipped=0 pct_x10=1000
[22:37:47] [info] primitive tally block 0: clear=201(hr=201) fill=0(hr=0) rect=0(hr=0) line=0(hr=0) tint=0 spotlight=0 (over 100 flips ending at flip 700)
[22:37:47] [info] color/alpha audit block 0: cmod_white=845 cmod_black=845 (idx=845) cmod_general=0 (idx=0) cmod_fb=0; alpha_taken=0 alpha_skipped=0 (global cmod=5471/3965/693/0 idx=3965/693 alpha=0/0)
[22:37:47] [info] phase timing block 0: drawcalls=11306 dc_total_ms=843 flip_inner_total_ms=1047 inter_flip_total_ms=10695 (per-flip avg x10: dc_ms=84 fi_ms=104 if_ms=1069 derived audio+engine_ms=881; per-drawcall avg us_x10=745) [direct-vesa: presents=100 total_ms=307 avg_ms_x10=30 failed=0] [ablation: NO_DC_TIMING=0 CACHE_WINSURF=0 DIRECT_VESA=1]
[22:37:47] [info] kbd/audio block 0: kbd_irq=0 kbd_drain=0 ring_chunks=16 pump_pass=1704 pic1_mask=0xb8 first_irq_ticks=0 install_ticks=0 vector_at_install=0x0083e430 pic1_mask_live=0x98 kbd_8042_stat=0x34 bios_kbd_head=0x0030 bios_kbd_tail=0x0030 bios_kbd_buf0=0x1e61
[22:37:47] [info] audio/engine split block 0: audio_mixer_calls=271 audio_mixer_ms_x10=59 engine_tick_calls=0 engine_tick_ms_x10=0 audio_service_calls=0 audio_service_ms_x10=0 (per-flip avg; per-call us_x10: audio_mix=21890 engine_tick=0 audio_service=0; global ns: audio_mix=3311694824 engine_tick=12855029414 audio_service=0)
[22:37:47] [info] dirty-rect block @flip=700: total_calls=0 dirty_rects_avg=1 dirty_pct_x10=1000 forced_full=0 first_n_force=0 threshold_exceeded=0 dirty_path_taken=0 full_flush_taken=0
[22:37:47] [info] prev-frame-diff block @flip=700: diff_calls=0 diff_rects_avg=0 diff_dirty_pct_x10=0 bbox_pct_x10=0 bbox_thresh_exceeded=0
[22:37:48] [info] flip-probe: flip #710 ok=true present=3ms inter_flip_ms=45 drawcalls-since-flip=41 drawcalls-total=64149 fail-total=0 null-skips-total=0
[22:37:48] [info] flip-probe: flip #720 ok=true present=3ms inter_flip_ms=44 drawcalls-since-flip=41 drawcalls-total=64559 fail-total=0 null-skips-total=0
[22:37:49] [info] flip-probe: flip #730 ok=true present=3ms inter_flip_ms=47 drawcalls-since-flip=44 drawcalls-total=64972 fail-total=0 null-skips-total=0
[22:37:49] [info] run_tick_fixed #1800: heartbeat (loop alive)
[22:37:49] [info] flip-probe: flip #740 ok=true present=3ms inter_flip_ms=51 drawcalls-since-flip=44 drawcalls-total=65412 fail-total=0 null-skips-total=0
[22:37:50] [info] flip-probe: flip #750 ok=true present=3ms inter_flip_ms=45 drawcalls-since-flip=44 drawcalls-total=65852 fail-total=0 null-skips-total=0
[22:37:50] [info] backdrop cache: thrashing-detect engaged (streak=124, route=direct)
[22:37:50] [info] flip-probe: flip #760 ok=true present=3ms inter_flip_ms=41 drawcalls-since-flip=18 drawcalls-total=66162 fail-total=0 null-skips-total=0
[22:37:51] [info] flip-probe: flip #770 ok=true present=3ms inter_flip_ms=43 drawcalls-since-flip=16 drawcalls-total=66331 fail-total=0 null-skips-total=0
[22:37:51] [info] flip-probe: flip #780 ok=true present=4ms inter_flip_ms=43 drawcalls-since-flip=17 drawcalls-total=66498 fail-total=0 null-skips-total=0
[22:37:51] [info] flip-probe: flip #790 ok=true present=3ms inter_flip_ms=36 drawcalls-since-flip=16 drawcalls-total=66659 fail-total=0 null-skips-total=0
[22:37:52] [info] flip-probe: flip #800 ok=true present=3ms inter_flip_ms=42 drawcalls-since-flip=16 drawcalls-total=66819 fail-total=0 null-skips-total=0
[22:37:52] [info] alpha audit block 0: 2270 total drawcalls, 0 with alpha<255 (block pct_x10=0; global 0/60857 pct_x10=0); alpha-mod skipped: block=0 global=0
[22:37:52] [info] fastpath audit block 0: taken=2270 (idx8=2270) skipped=0 pct_x10=1000; global taken=60857 (idx8=60857) skipped=0 pct_x10=1000
[22:37:52] [info] primitive tally block 0: clear=200(hr=200) fill=0(hr=0) rect=0(hr=0) line=0(hr=0) tint=0 spotlight=0 (over 100 flips ending at flip 800)
[22:37:52] [info] color/alpha audit block 0: cmod_white=715 cmod_black=715 (idx=715) cmod_general=0 (idx=0) cmod_fb=0; alpha_taken=0 alpha_skipped=0 (global cmod=6186/4680/693/0 idx=4680/693 alpha=0/0)
[22:37:52] [info] phase timing block 0: drawcalls=3900 dc_total_ms=588 flip_inner_total_ms=1034 inter_flip_total_ms=4614 (per-flip avg x10: dc_ms=58 fi_ms=103 if_ms=461 derived audio+engine_ms=300; per-drawcall avg us_x10=1508) [direct-vesa: presents=100 total_ms=303 avg_ms_x10=30 failed=0] [ablation: NO_DC_TIMING=0 CACHE_WINSURF=0 DIRECT_VESA=1]
[22:37:52] [info] kbd/audio block 0: kbd_irq=0 kbd_drain=0 ring_chunks=16 pump_pass=1935 pic1_mask=0xb8 first_irq_ticks=0 install_ticks=0 vector_at_install=0x0083e430 pic1_mask_live=0x98 kbd_8042_stat=0x34 bios_kbd_head=0x0030 bios_kbd_tail=0x0030 bios_kbd_buf0=0x1e61
[22:37:52] [info] audio/engine split block 0: audio_mixer_calls=199 audio_mixer_ms_x10=43 engine_tick_calls=0 engine_tick_ms_x10=0 audio_service_calls=0 audio_service_ms_x10=0 (per-flip avg; per-call us_x10: audio_mix=21744 engine_tick=0 audio_service=0; global ns: audio_mix=3744406565 engine_tick=12855029414 audio_service=0)
[22:37:52] [info] dirty-rect block @flip=800: total_calls=0 dirty_rects_avg=1 dirty_pct_x10=1000 forced_full=0 first_n_force=0 threshold_exceeded=0 dirty_path_taken=0 full_flush_taken=0
[22:37:52] [info] prev-frame-diff block @flip=800: diff_calls=0 diff_rects_avg=0 diff_dirty_pct_x10=0 bbox_pct_x10=0 bbox_thresh_exceeded=0
[22:37:52] [info] flip-probe: flip #810 ok=true present=3ms inter_flip_ms=42 drawcalls-since-flip=16 drawcalls-total=66979 fail-total=0 null-skips-total=0
[22:37:53] [info] backdrop cache: thrashing-detect engaged (streak=184, route=direct)
[22:37:53] [info] flip-probe: flip #820 ok=true present=3ms inter_flip_ms=60 drawcalls-since-flip=21 drawcalls-total=67202 fail-total=0 null-skips-total=0
[22:37:53] [info] flip-probe: flip #830 ok=true present=4ms inter_flip_ms=47 drawcalls-since-flip=20 drawcalls-total=67397 fail-total=0 null-skips-total=0
[22:37:54] [info] flip-probe: flip #840 ok=true present=4ms inter_flip_ms=40 drawcalls-since-flip=20 drawcalls-total=67585 fail-total=0 null-skips-total=0
[22:37:54] [info] flip-probe: flip #850 ok=true present=3ms inter_flip_ms=68 drawcalls-since-flip=306 drawcalls-total=70000 fail-total=0 null-skips-total=0
[22:37:55] [info]  >> Entering stage 15: 'Reservoir'.
[22:37:55] [info] [skip-sheet-flush] cave=6
[22:37:55] [info] [load-stage] preloading entry music song=9 (cave=6)
[22:37:55] [info] gameloop: entered (curmap=15, running=1)
[22:37:55] [info] gameloop: iter 1 ticks=90582 mapno=-1
[22:37:55] [info] tas: stall frame 229 ms -> contributing 1 tick (patch 0286)
[22:37:55] [info] mds-clear-lut: rebuilt N=240 entries (k_skip=13% k_keep=87%; curmap=15 map_size=40x20; rebuild #4 since boot)
[22:37:55] [info] gameloop: iter 2 ticks=90911 mapno=-1
[22:37:55] [info] gameloop: iter 3 ticks=91002 mapno=-1
[22:37:56] [info] run_tick_fixed #2100: heartbeat (loop alive)
[22:37:56] [info] flip-probe: flip #860 ok=true present=3ms inter_flip_ms=52 drawcalls-since-flip=66 drawcalls-total=72205 fail-total=0 null-skips-total=0
[22:37:56] [info] flip-probe: flip #870 ok=true present=3ms inter_flip_ms=47 drawcalls-since-flip=31 drawcalls-total=72505 fail-total=0 null-skips-total=0
[22:37:57] [info] flip-probe: flip #880 ok=true present=4ms inter_flip_ms=45 drawcalls-since-flip=31 drawcalls-total=72815 fail-total=0 null-skips-total=0
[22:37:57] [info] backdrop cache: thrashing-detect engaged (streak=4, route=direct)
[22:37:57] [info] flip-probe: flip #890 ok=true present=3ms inter_flip_ms=63 drawcalls-since-flip=33 drawcalls-total=73133 fail-total=0 null-skips-total=0
[22:37:58] [info] flip-probe: flip #900 ok=true present=3ms inter_flip_ms=48 drawcalls-since-flip=32 drawcalls-total=73465 fail-total=0 null-skips-total=0
[22:37:58] [info] alpha audit block 0: 6105 total drawcalls, 0 with alpha<255 (block pct_x10=0; global 0/66962 pct_x10=0); alpha-mod skipped: block=0 global=0
[22:37:58] [info] fastpath audit block 0: taken=6105 (idx8=6105) skipped=0 pct_x10=1000; global taken=66962 (idx8=66962) skipped=0 pct_x10=1000
[22:37:58] [info] primitive tally block 0: clear=201(hr=201) fill=0(hr=0) rect=0(hr=0) line=0(hr=0) tint=0 spotlight=0 (over 100 flips ending at flip 900)
[22:37:58] [info] color/alpha audit block 0: cmod_white=441 cmod_black=441 (idx=441) cmod_general=0 (idx=0) cmod_fb=0; alpha_taken=0 alpha_skipped=0 (global cmod=6627/5121/693/0 idx=5121/693 alpha=0/0)
[22:37:58] [info] phase timing block 0: drawcalls=7222 dc_total_ms=915 flip_inner_total_ms=1112 inter_flip_total_ms=6041 (per-flip avg x10: dc_ms=91 fi_ms=111 if_ms=604 derived audio+engine_ms=402; per-drawcall avg us_x10=1268) [direct-vesa: presents=100 total_ms=306 avg_ms_x10=30 failed=0] [ablation: NO_DC_TIMING=0 CACHE_WINSURF=0 DIRECT_VESA=1]
[22:37:58] [info] kbd/audio block 0: kbd_irq=0 kbd_drain=0 ring_chunks=16 pump_pass=2204 pic1_mask=0xb8 first_irq_ticks=0 install_ticks=0 vector_at_install=0x0083e430 pic1_mask_live=0x98 kbd_8042_stat=0x34 bios_kbd_head=0x0030 bios_kbd_tail=0x0030 bios_kbd_buf0=0x1e61
[22:37:58] [info] audio/engine split block 0: audio_mixer_calls=241 audio_mixer_ms_x10=52 engine_tick_calls=0 engine_tick_ms_x10=0 audio_service_calls=0 audio_service_ms_x10=0 (per-flip avg; per-call us_x10: audio_mix=21869 engine_tick=0 audio_service=0; global ns: audio_mix=4271453621 engine_tick=12855029414 audio_service=0)
[22:37:58] [info] dirty-rect block @flip=900: total_calls=0 dirty_rects_avg=1 dirty_pct_x10=1000 forced_full=0 first_n_force=0 threshold_exceeded=0 dirty_path_taken=0 full_flush_taken=0
[22:37:58] [info] prev-frame-diff block @flip=900: diff_calls=0 diff_rects_avg=0 diff_dirty_pct_x10=0 bbox_pct_x10=0 bbox_thresh_exceeded=0
[22:37:58] [info] flip-probe: flip #910 ok=true present=3ms inter_flip_ms=46 drawcalls-since-flip=32 drawcalls-total=73776 fail-total=0 null-skips-total=0
[22:37:59] [info] flip-probe: flip #920 ok=true present=4ms inter_flip_ms=44 drawcalls-since-flip=34 drawcalls-total=74115 fail-total=0 null-skips-total=0
[22:37:59] [info] flip-probe: flip #930 ok=true present=3ms inter_flip_ms=44 drawcalls-since-flip=34 drawcalls-total=74464 fail-total=0 null-skips-total=0
[22:38:00] [info] flip-probe: flip #940 ok=true present=3ms inter_flip_ms=46 drawcalls-since-flip=34 drawcalls-total=74801 fail-total=0 null-skips-total=0
[22:38:00] [info] backdrop cache: thrashing-detect engaged (streak=64, route=direct)
[22:38:00] [info] flip-probe: flip #950 ok=true present=3ms inter_flip_ms=44 drawcalls-since-flip=35 drawcalls-total=75149 fail-total=0 null-skips-total=0
[22:38:01] [info] flip-probe: flip #960 ok=true present=4ms inter_flip_ms=44 drawcalls-since-flip=35 drawcalls-total=75499 fail-total=0 null-skips-total=0
[22:38:01] [info] flip-probe: flip #970 ok=true present=3ms inter_flip_ms=44 drawcalls-since-flip=35 drawcalls-total=75845 fail-total=0 null-skips-total=0
[22:38:02] [info] flip-probe: flip #980 ok=true present=3ms inter_flip_ms=43 drawcalls-since-flip=16 drawcalls-total=76023 fail-total=0 null-skips-total=0
[22:38:02] [info] run_tick_fixed #2400: heartbeat (loop alive)
[22:38:02] [info] flip-probe: flip #990 ok=true present=4ms inter_flip_ms=38 drawcalls-since-flip=16 drawcalls-total=76181 fail-total=0 null-skips-total=0
[22:38:03] [info] flip-probe: flip #1000 ok=true present=3ms inter_flip_ms=49 drawcalls-since-flip=15 drawcalls-total=76331 fail-total=0 null-skips-total=0
[22:38:03] [info] alpha audit block 0: 2127 total drawcalls, 0 with alpha<255 (block pct_x10=0; global 0/69089 pct_x10=0); alpha-mod skipped: block=0 global=0
[22:38:03] [info] fastpath audit block 0: taken=2127 (idx8=2127) skipped=0 pct_x10=1000; global taken=69089 (idx8=69089) skipped=0 pct_x10=1000
[22:38:03] [info] primitive tally block 0: clear=200(hr=200) fill=0(hr=0) rect=0(hr=0) line=0(hr=0) tint=0 spotlight=0 (over 100 flips ending at flip 1000)
[22:38:03] [info] color/alpha audit block 0: cmod_white=639 cmod_black=639 (idx=639) cmod_general=0 (idx=0) cmod_fb=0; alpha_taken=0 alpha_skipped=0 (global cmod=7266/5760/693/0 idx=5760/693 alpha=0/0)
[22:38:03] [info] phase timing block 0: drawcalls=3605 dc_total_ms=543 flip_inner_total_ms=1060 inter_flip_total_ms=4660 (per-flip avg x10: dc_ms=54 fi_ms=106 if_ms=466 derived audio+engine_ms=306; per-drawcall avg us_x10=1508) [direct-vesa: presents=100 total_ms=304 avg_ms_x10=30 failed=0] [ablation: NO_DC_TIMING=0 CACHE_WINSURF=0 DIRECT_VESA=1]
[22:38:03] [info] kbd/audio block 0: kbd_irq=0 kbd_drain=0 ring_chunks=16 pump_pass=2437 pic1_mask=0xb8 first_irq_ticks=0 install_ticks=0 vector_at_install=0x0083e430 pic1_mask_live=0x98 kbd_8042_stat=0x34 bios_kbd_head=0x0030 bios_kbd_tail=0x0030 bios_kbd_buf0=0x1e61
[22:38:03] [info] audio/engine split block 0: audio_mixer_calls=201 audio_mixer_ms_x10=43 engine_tick_calls=0 engine_tick_ms_x10=0 audio_service_calls=0 audio_service_ms_x10=0 (per-flip avg; per-call us_x10: audio_mix=21816 engine_tick=0 audio_service=0; global ns: audio_mix=4709970847 engine_tick=12855029414 audio_service=0)
[22:38:03] [info] dirty-rect block @flip=1000: total_calls=0 dirty_rects_avg=1 dirty_pct_x10=1000 forced_full=0 first_n_force=0 threshold_exceeded=0 dirty_path_taken=0 full_flush_taken=0
[22:38:03] [info] prev-frame-diff block @flip=1000: diff_calls=0 diff_rects_avg=0 diff_dirty_pct_x10=0 bbox_pct_x10=0 bbox_thresh_exceeded=0
[22:38:03] [info] backdrop cache: thrashing-detect engaged (streak=124, route=direct)
[22:38:03] [info] flip-probe: flip #1010 ok=true present=4ms inter_flip_ms=36 drawcalls-since-flip=14 drawcalls-total=76482 fail-total=0 null-skips-total=0
[22:38:04] [info] flip-probe: flip #1020 ok=true present=4ms inter_flip_ms=51 drawcalls-since-flip=14 drawcalls-total=76622 fail-total=0 null-skips-total=0
[22:38:04] [info] flip-probe: flip #1030 ok=true present=3ms inter_flip_ms=52 drawcalls-since-flip=13 drawcalls-total=76753 fail-total=0 null-skips-total=0
[22:38:04] [info] backdrop cache: thrashing-detect engaged (streak=4, route=direct)
[22:38:04] [info] flip-probe: flip #1040 ok=true present=3ms inter_flip_ms=44 drawcalls-since-flip=13 drawcalls-total=76883 fail-total=0 null-skips-total=0
[22:38:05] [info] flip-probe: flip #1050 ok=true present=3ms inter_flip_ms=44 drawcalls-since-flip=13 drawcalls-total=77013 fail-total=0 null-skips-total=0
[22:38:05] [info] flip-probe: flip #1060 ok=true present=3ms inter_flip_ms=44 drawcalls-since-flip=13 drawcalls-total=77143 fail-total=0 null-skips-total=0
[22:38:06] [info] flip-probe: flip #1070 ok=true present=4ms inter_flip_ms=49 drawcalls-since-flip=24 drawcalls-total=77372 fail-total=0 null-skips-total=0
[22:38:06] [info] flip-probe: flip #1080 ok=true present=3ms inter_flip_ms=49 drawcalls-since-flip=18 drawcalls-total=77591 fail-total=0 null-skips-total=0
[22:38:07] [info] flip-probe: flip #1090 ok=true present=3ms inter_flip_ms=45 drawcalls-since-flip=17 drawcalls-total=77774 fail-total=0 null-skips-total=0
[22:38:07] [info] backdrop cache: thrashing-detect engaged (streak=64, route=direct)
[22:38:07] [info] flip-probe: flip #1100 ok=true present=3ms inter_flip_ms=47 drawcalls-since-flip=13 drawcalls-total=77914 fail-total=0 null-skips-total=0
[22:38:07] [info] alpha audit block 0: 1483 total drawcalls, 0 with alpha<255 (block pct_x10=0; global 0/70572 pct_x10=0); alpha-mod skipped: block=0 global=0
[22:38:07] [info] fastpath audit block 0: taken=1483 (idx8=1483) skipped=0 pct_x10=1000; global taken=70572 (idx8=70572) skipped=0 pct_x10=1000
[22:38:07] [info] primitive tally block 0: clear=200(hr=200) fill=0(hr=0) rect=0(hr=0) line=0(hr=0) tint=0 spotlight=0 (over 100 flips ending at flip 1100)
[22:38:07] [info] phase timing block 0: drawcalls=1705 dc_total_ms=588 flip_inner_total_ms=1065 inter_flip_total_ms=4758 (per-flip avg x10: dc_ms=58 fi_ms=106 if_ms=475 derived audio+engine_ms=311; per-drawcall avg us_x10=3449) [direct-vesa: presents=100 total_ms=306 avg_ms_x10=30 failed=0] [ablation: NO_DC_TIMING=0 CACHE_WINSURF=0 DIRECT_VESA=1]
[22:38:07] [info] kbd/audio block 0: kbd_irq=0 kbd_drain=0 ring_chunks=16 pump_pass=2675 pic1_mask=0xb8 first_irq_ticks=0 install_ticks=0 vector_at_install=0x0083e430 pic1_mask_live=0x98 kbd_8042_stat=0x34 bios_kbd_head=0x0030 bios_kbd_tail=0x0030 bios_kbd_buf0=0x1e61
[22:38:07] [info] audio/engine split block 0: audio_mixer_calls=205 audio_mixer_ms_x10=44 engine_tick_calls=0 engine_tick_ms_x10=0 audio_service_calls=0 audio_service_ms_x10=0 (per-flip avg; per-call us_x10: audio_mix=21738 engine_tick=0 audio_service=0; global ns: audio_mix=5155606038 engine_tick=12855029414 audio_service=0)
[22:38:07] [info] dirty-rect block @flip=1100: total_calls=0 dirty_rects_avg=1 dirty_pct_x10=1000 forced_full=0 first_n_force=0 threshold_exceeded=0 dirty_path_taken=0 full_flush_taken=0
[22:38:07] [info] prev-frame-diff block @flip=1100: diff_calls=0 diff_rects_avg=0 diff_dirty_pct_x10=0 bbox_pct_x10=0 bbox_thresh_exceeded=0
[22:38:08] [info] flip-probe: flip #1110 ok=true present=3ms inter_flip_ms=44 drawcalls-since-flip=13 drawcalls-total=78044 fail-total=0 null-skips-total=0
[22:38:08] [info] run_tick_fixed #2700: heartbeat (loop alive)
[22:38:08] [info] flip-probe: flip #1120 ok=true present=3ms inter_flip_ms=79 drawcalls-since-flip=318 drawcalls-total=80349 fail-total=0 null-skips-total=0
[22:38:09] [info]  >> Entering stage 11: 'Mimiga Village'.
[22:38:09] [info] [skip-sheet-flush] cave=7
[22:38:09] [info] [load-stage] preloading entry music song=9 (cave=7)
[22:38:09] [info] gameloop: entered (curmap=11, running=1)
[22:38:09] [info] gameloop: iter 1 ticks=104588 mapno=-1
[22:38:09] [info] mds-clear-lut: rebuilt N=240 entries (k_skip=0% k_keep=100%; curmap=11 map_size=60x60; rebuild #5 since boot)
[22:38:09] [info] gameloop: iter 2 ticks=104687 mapno=-1
[22:38:09] [info] gameloop: iter 3 ticks=104784 mapno=-1
[22:38:10] [info] flip-probe: flip #1130 ok=true present=3ms inter_flip_ms=59 drawcalls-since-flip=107 drawcalls-total=82696 fail-total=0 null-skips-total=0
[22:38:10] [info] flip-probe: flip #1140 ok=true present=3ms inter_flip_ms=45 drawcalls-since-flip=42 drawcalls-total=83111 fail-total=0 null-skips-total=0
[22:38:11] [info] flip-probe: flip #1150 ok=true present=3ms inter_flip_ms=45 drawcalls-since-flip=42 drawcalls-total=83531 fail-total=0 null-skips-total=0
[22:38:11] [info] flip-probe: flip #1160 ok=true present=3ms inter_flip_ms=56 drawcalls-since-flip=54 drawcalls-total=84007 fail-total=0 null-skips-total=0
[22:38:11] [info] backdrop cache: thrashing-detect engaged (streak=4, route=direct)
[22:38:12] [info] flip-probe: flip #1170 ok=true present=3ms inter_flip_ms=63 drawcalls-since-flip=50 drawcalls-total=84526 fail-total=0 null-skips-total=0
[22:38:12] [info] flip-probe: flip #1180 ok=true present=4ms inter_flip_ms=55 drawcalls-since-flip=45 drawcalls-total=84995 fail-total=0 null-skips-total=0
[22:38:13] [info] flip-probe: flip #1190 ok=true present=3ms inter_flip_ms=50 drawcalls-since-flip=45 drawcalls-total=85446 fail-total=0 null-skips-total=0
[22:38:13] [info] flip-probe: flip #1200 ok=true present=3ms inter_flip_ms=50 drawcalls-since-flip=46 drawcalls-total=85887 fail-total=0 null-skips-total=0
[22:38:13] [info] alpha audit block 0: 6859 total drawcalls, 0 with alpha<255 (block pct_x10=0; global 0/77431 pct_x10=0); alpha-mod skipped: block=0 global=0
[22:38:13] [info] fastpath audit block 0: taken=6859 (idx8=6859) skipped=0 pct_x10=1000; global taken=77431 (idx8=77431) skipped=0 pct_x10=1000
[22:38:13] [info] primitive tally block 0: clear=201(hr=201) fill=0(hr=0) rect=0(hr=0) line=0(hr=0) tint=0 spotlight=0 (over 100 flips ending at flip 1200)
[22:38:13] [info] color/alpha audit block 0: cmod_white=1014 cmod_black=1014 (idx=1014) cmod_general=0 (idx=0) cmod_fb=0; alpha_taken=0 alpha_skipped=0 (global cmod=8280/6774/693/0 idx=6774/693 alpha=0/0)
[22:38:13] [info] phase timing block 0: drawcalls=9129 dc_total_ms=1023 flip_inner_total_ms=1076 inter_flip_total_ms=6030 (per-flip avg x10: dc_ms=102 fi_ms=107 if_ms=603 derived audio+engine_ms=394; per-drawcall avg us_x10=1121) [direct-vesa: presents=100 total_ms=306 avg_ms_x10=30 failed=0] [ablation: NO_DC_TIMING=0 CACHE_WINSURF=0 DIRECT_VESA=1]
[22:38:13] [info] kbd/audio block 0: kbd_irq=0 kbd_drain=0 ring_chunks=16 pump_pass=2953 pic1_mask=0xb8 first_irq_ticks=0 install_ticks=0 vector_at_install=0x0083e430 pic1_mask_live=0x98 kbd_8042_stat=0x34 bios_kbd_head=0x0030 bios_kbd_tail=0x0030 bios_kbd_buf0=0x1e61
[22:38:13] [info] audio/engine split block 0: audio_mixer_calls=248 audio_mixer_ms_x10=53 engine_tick_calls=0 engine_tick_ms_x10=0 audio_service_calls=0 audio_service_ms_x10=0 (per-flip avg; per-call us_x10: audio_mix=21675 engine_tick=0 audio_service=0; global ns: audio_mix=5693146064 engine_tick=12855029414 audio_service=0)
[22:38:13] [info] dirty-rect block @flip=1200: total_calls=0 dirty_rects_avg=1 dirty_pct_x10=1000 forced_full=0 first_n_force=0 threshold_exceeded=0 dirty_path_taken=0 full_flush_taken=0
[22:38:13] [info] prev-frame-diff block @flip=1200: diff_calls=0 diff_rects_avg=0 diff_dirty_pct_x10=0 bbox_pct_x10=0 bbox_thresh_exceeded=0
[22:38:14] [info] flip-probe: flip #1210 ok=true present=3ms inter_flip_ms=59 drawcalls-since-flip=44 drawcalls-total=86329 fail-total=0 null-skips-total=0
[22:38:14] [info] flip-probe: flip #1220 ok=true present=3ms inter_flip_ms=48 drawcalls-since-flip=44 drawcalls-total=86769 fail-total=0 null-skips-total=0
[22:38:15] [info] backdrop cache: thrashing-detect engaged (streak=64, route=direct)
[22:38:15] [info] flip-probe: flip #1230 ok=true present=3ms inter_flip_ms=51 drawcalls-since-flip=44 drawcalls-total=87209 fail-total=0 null-skips-total=0
[22:38:15] [info] flip-probe: flip #1240 ok=true present=3ms inter_flip_ms=45 drawcalls-since-flip=44 drawcalls-total=87649 fail-total=0 null-skips-total=0
[22:38:16] [info] flip-probe: flip #1250 ok=true present=3ms inter_flip_ms=45 drawcalls-since-flip=17 drawcalls-total=87871 fail-total=0 null-skips-total=0
[22:38:16] [info] flip-probe: flip #1260 ok=true present=4ms inter_flip_ms=46 drawcalls-since-flip=16 drawcalls-total=88040 fail-total=0 null-skips-total=0
[22:38:17] [info] flip-probe: flip #1270 ok=true present=4ms inter_flip_ms=38 drawcalls-since-flip=16 drawcalls-total=88200 fail-total=0 null-skips-total=0
[22:38:17] [info] flip-probe: flip #1280 ok=true present=3ms inter_flip_ms=44 drawcalls-since-flip=18 drawcalls-total=88369 fail-total=0 null-skips-total=0
[22:38:17] [info] backdrop cache: thrashing-detect engaged (streak=124, route=direct)
[22:38:18] [info] flip-probe: flip #1290 ok=true present=3ms inter_flip_ms=46 drawcalls-since-flip=18 drawcalls-total=88549 fail-total=0 null-skips-total=0
[22:38:18] [info] flip-probe: flip #1300 ok=true present=3ms inter_flip_ms=44 drawcalls-since-flip=18 drawcalls-total=88729 fail-total=0 null-skips-total=0
[22:38:18] [info] alpha audit block 0: 2196 total drawcalls, 0 with alpha<255 (block pct_x10=0; global 0/79627 pct_x10=0); alpha-mod skipped: block=0 global=0
[22:38:18] [info] fastpath audit block 0: taken=2196 (idx8=2196) skipped=0 pct_x10=1000; global taken=79627 (idx8=79627) skipped=0 pct_x10=1000
[22:38:18] [info] primitive tally block 0: clear=200(hr=200) fill=0(hr=0) rect=0(hr=0) line=0(hr=0) tint=0 spotlight=0 (over 100 flips ending at flip 1300)
[22:38:18] [info] color/alpha audit block 0: cmod_white=546 cmod_black=546 (idx=546) cmod_general=0 (idx=0) cmod_fb=0; alpha_taken=0 alpha_skipped=0 (global cmod=8826/7320/693/0 idx=7320/693 alpha=0/0)
[22:38:18] [info] phase timing block 0: drawcalls=3488 dc_total_ms=577 flip_inner_total_ms=1240 inter_flip_total_ms=4847 (per-flip avg x10: dc_ms=57 fi_ms=124 if_ms=484 derived audio+engine_ms=303; per-drawcall avg us_x10=1654) [direct-vesa: presents=100 total_ms=306 avg_ms_x10=30 failed=0] [ablation: NO_DC_TIMING=0 CACHE_WINSURF=0 DIRECT_VESA=1]
[22:38:18] [info] kbd/audio block 0: kbd_irq=0 kbd_drain=0 ring_chunks=16 pump_pass=3195 pic1_mask=0xb8 first_irq_ticks=0 install_ticks=0 vector_at_install=0x0083e430 pic1_mask_live=0x98 kbd_8042_stat=0x34 bios_kbd_head=0x0030 bios_kbd_tail=0x0030 bios_kbd_buf0=0x1e61
[22:38:18] [info] audio/engine split block 0: audio_mixer_calls=209 audio_mixer_ms_x10=45 engine_tick_calls=0 engine_tick_ms_x10=0 audio_service_calls=0 audio_service_ms_x10=0 (per-flip avg; per-call us_x10: audio_mix=21680 engine_tick=0 audio_service=0; global ns: audio_mix=6146273847 engine_tick=12855029414 audio_service=0)
[22:38:18] [info] dirty-rect block @flip=1300: total_calls=0 dirty_rects_avg=1 dirty_pct_x10=1000 forced_full=0 first_n_force=0 threshold_exceeded=0 dirty_path_taken=0 full_flush_taken=0
[22:38:18] [info] prev-frame-diff block @flip=1300: diff_calls=0 diff_rects_avg=0 diff_dirty_pct_x10=0 bbox_pct_x10=0 bbox_thresh_exceeded=0
[22:38:18] [info] tas: stall frame 323 ms -> contributing 1 tick (patch 0286)
[22:38:19] [info] flip-probe: flip #1310 ok=true present=3ms inter_flip_ms=45 drawcalls-since-flip=17 drawcalls-total=88902 fail-total=0 null-skips-total=0
[22:38:19] [info] flip-probe: flip #1320 ok=true present=3ms inter_flip_ms=45 drawcalls-since-flip=17 drawcalls-total=89065 fail-total=0 null-skips-total=0
[22:38:20] [info] flip-probe: flip #1330 ok=true present=3ms inter_flip_ms=45 drawcalls-since-flip=17 drawcalls-total=89235 fail-total=0 null-skips-total=0
[22:38:20] [info] flip-probe: flip #1340 ok=true present=3ms inter_flip_ms=48 drawcalls-since-flip=18 drawcalls-total=89413 fail-total=0 null-skips-total=0
[22:38:21] [info] backdrop cache: thrashing-detect engaged (streak=184, route=direct)
[22:38:21] [info] run_tick_fixed #3300: heartbeat (loop alive)
[22:38:21] [info] flip-probe: flip #1350 ok=true present=3ms inter_flip_ms=51 drawcalls-since-flip=18 drawcalls-total=89593 fail-total=0 null-skips-total=0
[22:38:21] [info] flip-probe: flip #1360 ok=true present=3ms inter_flip_ms=47 drawcalls-since-flip=19 drawcalls-total=89776 fail-total=0 null-skips-total=0
[22:38:22] [info] flip-probe: flip #1370 ok=true present=3ms inter_flip_ms=47 drawcalls-since-flip=20 drawcalls-total=89974 fail-total=0 null-skips-total=0
[22:38:22] [info] flip-probe: flip #1380 ok=true present=3ms inter_flip_ms=43 drawcalls-since-flip=20 drawcalls-total=90174 fail-total=0 null-skips-total=0
[22:38:23] [info] flip-probe: flip #1390 ok=true present=3ms inter_flip_ms=43 drawcalls-since-flip=16 drawcalls-total=90352 fail-total=0 null-skips-total=0
[22:38:23] [info] flip-probe: flip #1400 ok=true present=3ms inter_flip_ms=47 drawcalls-since-flip=16 drawcalls-total=90512 fail-total=0 null-skips-total=0
[22:38:23] [info] alpha audit block 0: 1683 total drawcalls, 0 with alpha<255 (block pct_x10=0; global 0/81310 pct_x10=0); alpha-mod skipped: block=0 global=0
[22:38:23] [info] fastpath audit block 0: taken=1683 (idx8=1683) skipped=0 pct_x10=1000; global taken=81310 (idx8=81310) skipped=0 pct_x10=1000
[22:38:23] [info] primitive tally block 0: clear=200(hr=200) fill=0(hr=0) rect=0(hr=0) line=0(hr=0) tint=0 spotlight=0 (over 100 flips ending at flip 1400)
[22:38:23] [info] phase timing block 0: drawcalls=1883 dc_total_ms=523 flip_inner_total_ms=1047 inter_flip_total_ms=5015 (per-flip avg x10: dc_ms=52 fi_ms=104 if_ms=501 derived audio+engine_ms=345; per-drawcall avg us_x10=2777) [direct-vesa: presents=100 total_ms=303 avg_ms_x10=30 failed=0] [ablation: NO_DC_TIMING=0 CACHE_WINSURF=0 DIRECT_VESA=1]
[22:38:23] [info] kbd/audio block 0: kbd_irq=0 kbd_drain=0 ring_chunks=16 pump_pass=3431 pic1_mask=0xb8 first_irq_ticks=0 install_ticks=0 vector_at_install=0x0083e430 pic1_mask_live=0x98 kbd_8042_stat=0x34 bios_kbd_head=0x0030 bios_kbd_tail=0x0030 bios_kbd_buf0=0x1e61
[22:38:23] [info] audio/engine split block 0: audio_mixer_calls=212 audio_mixer_ms_x10=46 engine_tick_calls=0 engine_tick_ms_x10=0 audio_service_calls=0 audio_service_ms_x10=0 (per-flip avg; per-call us_x10: audio_mix=22047 engine_tick=0 audio_service=0; global ns: audio_mix=6613685297 engine_tick=12855029414 audio_service=0)
[22:38:23] [info] dirty-rect block @flip=1400: total_calls=0 dirty_rects_avg=1 dirty_pct_x10=1000 forced_full=0 first_n_force=0 threshold_exceeded=0 dirty_path_taken=0 full_flush_taken=0
[22:38:23] [info] prev-frame-diff block @flip=1400: diff_calls=0 diff_rects_avg=0 diff_dirty_pct_x10=0 bbox_pct_x10=0 bbox_thresh_exceeded=0
[22:38:23] [info] backdrop cache: thrashing-detect engaged (streak=244, route=direct)
[22:38:24] [info] flip-probe: flip #1410 ok=true present=3ms inter_flip_ms=46 drawcalls-since-flip=18 drawcalls-total=90678 fail-total=0 null-skips-total=0
[22:38:24] [info] flip-probe: flip #1420 ok=true present=3ms inter_flip_ms=45 drawcalls-since-flip=16 drawcalls-total=90847 fail-total=0 null-skips-total=0
[22:38:25] [info] flip-probe: flip #1430 ok=true present=3ms inter_flip_ms=45 drawcalls-since-flip=15 drawcalls-total=91004 fail-total=0 null-skips-total=0
[22:38:25] [info] flip-probe: flip #1440 ok=true present=3ms inter_flip_ms=45 drawcalls-since-flip=16 drawcalls-total=91159 fail-total=0 null-skips-total=0
[22:38:26] [info] flip-probe: flip #1450 ok=true present=3ms inter_flip_ms=65 drawcalls-since-flip=20 drawcalls-total=91339 fail-total=0 null-skips-total=0
[22:38:26] [info] flip-probe: flip #1460 ok=true present=3ms inter_flip_ms=49 drawcalls-since-flip=17 drawcalls-total=91524 fail-total=0 null-skips-total=0
[22:38:27] [info] backdrop cache: thrashing-detect engaged (streak=304, route=direct)
[22:38:27] [info] flip-probe: flip #1470 ok=true present=3ms inter_flip_ms=74 drawcalls-since-flip=359 drawcalls-total=93437 fail-total=0 null-skips-total=0
[22:38:27] [info]  >> Entering stage 19: 'Assembly Hall'.
[22:38:27] [info] [skip-sheet-flush] cave=8
[22:38:28] [info] [load-stage] preloading entry music song=9 (cave=8)
[22:38:28] [info] gameloop: entered (curmap=19, running=1)
[22:38:28] [info] gameloop: iter 1 ticks=123366 mapno=-1
[22:38:28] [info] mds-clear-lut: rebuilt N=240 entries (k_skip=100% k_keep=0%; curmap=19 map_size=21x16; rebuild #6 since boot)
[22:38:28] [info] gameloop: iter 2 ticks=123472 mapno=-1
[22:38:28] [info] gameloop: iter 3 ticks=123549 mapno=-1
[22:38:28] [info] flip-probe: flip #1480 ok=true present=3ms inter_flip_ms=64 drawcalls-since-flip=195 drawcalls-total=96599 fail-total=0 null-skips-total=0
[22:38:29] [info] flip-probe: flip #1490 ok=true present=3ms inter_flip_ms=46 drawcalls-since-flip=121 drawcalls-total=97803 fail-total=0 null-skips-total=0
[22:38:29] [info] flip-probe: flip #1500 ok=true present=4ms inter_flip_ms=53 drawcalls-since-flip=121 drawcalls-total=99013 fail-total=0 null-skips-total=0
[22:38:29] [info] alpha audit block 0: 8077 total drawcalls, 0 with alpha<255 (block pct_x10=0; global 0/89387 pct_x10=0); alpha-mod skipped: block=0 global=0
[22:38:29] [info] fastpath audit block 0: taken=8077 (idx8=8077) skipped=0 pct_x10=1000; global taken=89387 (idx8=89387) skipped=0 pct_x10=1000
[22:38:29] [info] primitive tally block 0: clear=202(hr=202) fill=0(hr=0) rect=0(hr=0) line=0(hr=0) tint=0 spotlight=0 (over 100 flips ending at flip 1500)
[22:38:29] [info] color/alpha audit block 0: cmod_white=324 cmod_black=324 (idx=324) cmod_general=0 (idx=0) cmod_fb=0; alpha_taken=0 alpha_skipped=0 (global cmod=9150/7644/693/0 idx=7644/693 alpha=0/0)
[22:38:29] [info] phase timing block 0: drawcalls=8954 dc_total_ms=869 flip_inner_total_ms=1080 inter_flip_total_ms=6121 (per-flip avg x10: dc_ms=86 fi_ms=108 if_ms=612 derived audio+engine_ms=418; per-drawcall avg us_x10=971) [direct-vesa: presents=100 total_ms=304 avg_ms_x10=30 failed=0] [ablation: NO_DC_TIMING=0 CACHE_WINSURF=0 DIRECT_VESA=1]
[22:38:29] [info] kbd/audio block 0: kbd_irq=0 kbd_drain=0 ring_chunks=16 pump_pass=3706 pic1_mask=0xb8 first_irq_ticks=0 install_ticks=0 vector_at_install=0x0083e430 pic1_mask_live=0x98 kbd_8042_stat=0x34 bios_kbd_head=0x0030 bios_kbd_tail=0x0030 bios_kbd_buf0=0x1e61
[22:38:29] [info] audio/engine split block 0: audio_mixer_calls=244 audio_mixer_ms_x10=53 engine_tick_calls=0 engine_tick_ms_x10=0 audio_service_calls=0 audio_service_ms_x10=0 (per-flip avg; per-call us_x10: audio_mix=21961 engine_tick=0 audio_service=0; global ns: audio_mix=7149539902 engine_tick=12855029414 audio_service=0)
[22:38:29] [info] dirty-rect block @flip=1500: total_calls=0 dirty_rects_avg=1 dirty_pct_x10=1000 forced_full=0 first_n_force=0 threshold_exceeded=0 dirty_path_taken=0 full_flush_taken=0
[22:38:29] [info] prev-frame-diff block @flip=1500: diff_calls=0 diff_rects_avg=0 diff_dirty_pct_x10=0 bbox_pct_x10=0 bbox_thresh_exceeded=0
[22:38:30] [info] flip-probe: flip #1510 ok=true present=3ms inter_flip_ms=53 drawcalls-since-flip=124 drawcalls-total=100240 fail-total=0 null-skips-total=0
[22:38:30] [info] flip-probe: flip #1520 ok=true present=3ms inter_flip_ms=69 drawcalls-since-flip=123 drawcalls-total=101457 fail-total=0 null-skips-total=0
[22:38:31] [info] flip-probe: flip #1530 ok=true present=3ms inter_flip_ms=47 drawcalls-since-flip=121 drawcalls-total=102672 fail-total=0 null-skips-total=0
[22:38:32] [info] flip-probe: flip #1540 ok=true present=4ms inter_flip_ms=55 drawcalls-since-flip=121 drawcalls-total=103882 fail-total=0 null-skips-total=0
[22:38:32] [info] flip-probe: flip #1550 ok=true present=3ms inter_flip_ms=46 drawcalls-since-flip=121 drawcalls-total=105092 fail-total=0 null-skips-total=0
[22:38:33] [info] flip-probe: flip #1560 ok=true present=3ms inter_flip_ms=62 drawcalls-since-flip=318 drawcalls-total=106601 fail-total=0 null-skips-total=0
[22:38:33] [info]  >> Entering stage 11: 'Mimiga Village'.
[22:38:33] [info] [skip-sheet-flush] cave=9
[22:38:34] [info] [load-stage] preloading entry music song=9 (cave=9)
[22:38:34] [info] gameloop: entered (curmap=11, running=1)
[22:38:34] [info] gameloop: iter 1 ticks=129266 mapno=-1
[22:38:34] [info] mds-clear-lut: rebuilt N=240 entries (k_skip=0% k_keep=100%; curmap=11 map_size=60x60; rebuild #7 since boot)
[22:38:34] [info] gameloop: iter 2 ticks=129368 mapno=-1
[22:38:34] [info] gameloop: iter 3 ticks=129474 mapno=-1
[22:38:34] [info] flip-probe: flip #1570 ok=true present=3ms inter_flip_ms=106 drawcalls-since-flip=384 drawcalls-total=110571 fail-total=0 null-skips-total=0
[22:38:34] [info] backdrop cache: thrashing-detect engaged (streak=4, route=direct)
[22:38:35] [info] flip-probe: flip #1580 ok=true present=4ms inter_flip_ms=49 drawcalls-since-flip=44 drawcalls-total=111767 fail-total=0 null-skips-total=0
[22:38:35] [info] flip-probe: flip #1590 ok=true present=3ms inter_flip_ms=64 drawcalls-since-flip=42 drawcalls-total=112210 fail-total=0 null-skips-total=0
[22:38:36] [info] flip-probe: flip #1600 ok=true present=3ms inter_flip_ms=46 drawcalls-since-flip=42 drawcalls-total=112626 fail-total=0 null-skips-total=0
[22:38:36] [info] alpha audit block 0: 12280 total drawcalls, 0 with alpha<255 (block pct_x10=0; global 0/101667 pct_x10=0); alpha-mod skipped: block=0 global=0
[22:38:36] [info] fastpath audit block 0: taken=12280 (idx8=12280) skipped=0 pct_x10=1000; global taken=101667 (idx8=101667) skipped=0 pct_x10=1000
[22:38:36] [info] primitive tally block 0: clear=201(hr=201) fill=0(hr=0) rect=0(hr=0) line=0(hr=0) tint=0 spotlight=0 (over 100 flips ending at flip 1600)
[22:38:36] [info] color/alpha audit block 0: cmod_white=1233 cmod_black=1233 (idx=1233) cmod_general=0 (idx=0) cmod_fb=0; alpha_taken=0 alpha_skipped=0 (global cmod=10383/8877/693/0 idx=8877/693 alpha=0/0)
[22:38:36] [info] phase timing block 0: drawcalls=15017 dc_total_ms=1163 flip_inner_total_ms=1097 inter_flip_total_ms=6414 (per-flip avg x10: dc_ms=116 fi_ms=109 if_ms=641 derived audio+engine_ms=416; per-drawcall avg us_x10=775) [direct-vesa: presents=100 total_ms=301 avg_ms_x10=30 failed=0] [ablation: NO_DC_TIMING=0 CACHE_WINSURF=0 DIRECT_VESA=1]
[22:38:36] [info] kbd/audio block 0: kbd_irq=0 kbd_drain=0 ring_chunks=16 pump_pass=3994 pic1_mask=0xb8 first_irq_ticks=0 install_ticks=0 vector_at_install=0x0083e430 pic1_mask_live=0x98 kbd_8042_stat=0x34 bios_kbd_head=0x0030 bios_kbd_tail=0x0030 bios_kbd_buf0=0x1e61
[22:38:36] [info] audio/engine split block 0: audio_mixer_calls=258 audio_mixer_ms_x10=56 engine_tick_calls=0 engine_tick_ms_x10=0 audio_service_calls=0 audio_service_ms_x10=0 (per-flip avg; per-call us_x10: audio_mix=21887 engine_tick=0 audio_service=0; global ns: audio_mix=7714249332 engine_tick=12855029414 audio_service=0)
[22:38:36] [info] dirty-rect block @flip=1600: total_calls=0 dirty_rects_avg=1 dirty_pct_x10=1000 forced_full=0 first_n_force=0 threshold_exceeded=0 dirty_path_taken=0 full_flush_taken=0
[22:38:36] [info] prev-frame-diff block @flip=1600: diff_calls=0 diff_rects_avg=0 diff_dirty_pct_x10=0 bbox_pct_x10=0 bbox_thresh_exceeded=0
[22:38:36] [info] flip-probe: flip #1610 ok=true present=3ms inter_flip_ms=48 drawcalls-since-flip=43 drawcalls-total=113057 fail-total=0 null-skips-total=0
[22:38:37] [info] flip-probe: flip #1620 ok=true present=4ms inter_flip_ms=55 drawcalls-since-flip=42 drawcalls-total=113480 fail-total=0 null-skips-total=0
[22:38:37] [info] flip-probe: flip #1630 ok=true present=3ms inter_flip_ms=49 drawcalls-since-flip=44 drawcalls-total=113920 fail-total=0 null-skips-total=0
[22:38:37] [info] backdrop cache: thrashing-detect engaged (streak=64, route=direct)
[22:38:38] [info] flip-probe: flip #1640 ok=true present=4ms inter_flip_ms=49 drawcalls-since-flip=44 drawcalls-total=114359 fail-total=0 null-skips-total=0
[22:38:38] [info] flip-probe: flip #1650 ok=true present=3ms inter_flip_ms=46 drawcalls-since-flip=43 drawcalls-total=114789 fail-total=0 null-skips-total=0
[22:38:39] [info] flip-probe: flip #1660 ok=true present=3ms inter_flip_ms=46 drawcalls-since-flip=42 drawcalls-total=115215 fail-total=0 null-skips-total=0
[22:38:39] [info] flip-probe: flip #1670 ok=true present=3ms inter_flip_ms=49 drawcalls-since-flip=42 drawcalls-total=115635 fail-total=0 null-skips-total=0
[22:38:40] [info] flip-probe: flip #1680 ok=true present=4ms inter_flip_ms=44 drawcalls-since-flip=43 drawcalls-total=116058 fail-total=0 null-skips-total=0
[22:38:40] [info] flip-probe: flip #1690 ok=true present=3ms inter_flip_ms=45 drawcalls-since-flip=17 drawcalls-total=116410 fail-total=0 null-skips-total=0
[22:38:40] [info] backdrop cache: thrashing-detect engaged (streak=124, route=direct)
[22:38:41] [info] flip-probe: flip #1700 ok=true present=3ms inter_flip_ms=50 drawcalls-since-flip=16 drawcalls-total=116589 fail-total=0 null-skips-total=0
[22:38:41] [info] alpha audit block 0: 2732 total drawcalls, 0 with alpha<255 (block pct_x10=0; global 0/104399 pct_x10=0); alpha-mod skipped: block=0 global=0
[22:38:41] [info] fastpath audit block 0: taken=2732 (idx8=2732) skipped=0 pct_x10=1000; global taken=104399 (idx8=104399) skipped=0 pct_x10=1000
[22:38:41] [info] primitive tally block 0: clear=200(hr=200) fill=0(hr=0) rect=0(hr=0) line=0(hr=0) tint=0 spotlight=0 (over 100 flips ending at flip 1700)
[22:38:41] [info] color/alpha audit block 0: cmod_white=1131 cmod_black=1131 (idx=1131) cmod_general=0 (idx=0) cmod_fb=0; alpha_taken=0 alpha_skipped=0 (global cmod=11514/10008/693/0 idx=10008/693 alpha=0/0)
[22:38:41] [info] phase timing block 0: drawcalls=5194 dc_total_ms=624 flip_inner_total_ms=1061 inter_flip_total_ms=5045 (per-flip avg x10: dc_ms=62 fi_ms=106 if_ms=504 derived audio+engine_ms=336; per-drawcall avg us_x10=1202) [direct-vesa: presents=100 total_ms=303 avg_ms_x10=30 failed=0] [ablation: NO_DC_TIMING=0 CACHE_WINSURF=0 DIRECT_VESA=1]
[22:38:41] [info] kbd/audio block 0: kbd_irq=0 kbd_drain=0 ring_chunks=16 pump_pass=4246 pic1_mask=0xb8 first_irq_ticks=0 install_ticks=0 vector_at_install=0x0083e430 pic1_mask_live=0x98 kbd_8042_stat=0x34 bios_kbd_head=0x0030 bios_kbd_tail=0x0030 bios_kbd_buf0=0x1e61
[22:38:41] [info] audio/engine split block 0: audio_mixer_calls=217 audio_mixer_ms_x10=47 engine_tick_calls=0 engine_tick_ms_x10=0 audio_service_calls=0 audio_service_ms_x10=0 (per-flip avg; per-call us_x10: audio_mix=22022 engine_tick=0 audio_service=0; global ns: audio_mix=8192137000 engine_tick=12855029414 audio_service=0)
[22:38:41] [info] dirty-rect block @flip=1700: total_calls=0 dirty_rects_avg=1 dirty_pct_x10=1000 forced_full=0 first_n_force=0 threshold_exceeded=0 dirty_path_taken=0 full_flush_taken=0
[22:38:41] [info] prev-frame-diff block @flip=1700: diff_calls=0 diff_rects_avg=0 diff_dirty_pct_x10=0 bbox_pct_x10=0 bbox_thresh_exceeded=0
[22:38:41] [info] tas: stall frame 329 ms -> contributing 1 tick (patch 0286)
[22:38:42] [info] flip-probe: flip #1710 ok=true present=3ms inter_flip_ms=53 drawcalls-since-flip=14 drawcalls-total=116741 fail-total=0 null-skips-total=0
[22:38:42] [info] flip-probe: flip #1720 ok=true present=3ms inter_flip_ms=66 drawcalls-since-flip=212 drawcalls-total=117211 fail-total=0 null-skips-total=0
[22:38:43] [info]  >> Entering stage 14: 'Shack'.
[22:38:43] [info] [skip-sheet-flush] cave=10
[22:38:43] [info] [load-stage] preloading entry music song=8 (cave=10)
[22:38:43] [info] [music-dispatch] tick=4328 song=8 (prev 9)
[22:38:47] [info] Organya pre-render: cache HIT VIVI (6322176 bytes from CACHE; 2 ch; synth skipped).
[22:38:48] [info] gameloop: entered (curmap=14, running=1)
[22:38:48] [info] gameloop: iter 1 ticks=143235 mapno=-1
[22:38:48] [info] gameloop: iter 2 ticks=143325 mapno=-1
[22:38:48] [info] gameloop: iter 3 ticks=143412 mapno=-1
[22:38:48] [info] flip-probe: flip #1730 ok=true present=3ms inter_flip_ms=87 drawcalls-since-flip=365 drawcalls-total=120054 fail-total=0 null-skips-total=0
[22:38:48] [info] flip-probe: flip #1740 ok=true present=3ms inter_flip_ms=29 drawcalls-since-flip=13 drawcalls-total=121412 fail-total=0 null-skips-total=0
[22:38:49] [info] flip-probe: flip #1750 ok=true present=3ms inter_flip_ms=32 drawcalls-since-flip=23 drawcalls-total=121642 fail-total=0 null-skips-total=0
[22:38:49] [info] flip-probe: flip #1760 ok=true present=3ms inter_flip_ms=36 drawcalls-since-flip=23 drawcalls-total=121872 fail-total=0 null-skips-total=0
[22:38:49] [info] flip-probe: flip #1770 ok=true present=3ms inter_flip_ms=36 drawcalls-since-flip=25 drawcalls-total=122110 fail-total=0 null-skips-total=0
[22:38:50] [info] flip-probe: flip #1780 ok=true present=4ms inter_flip_ms=42 drawcalls-since-flip=26 drawcalls-total=122372 fail-total=0 null-skips-total=0
[22:38:50] [info] flip-probe: flip #1790 ok=true present=4ms inter_flip_ms=40 drawcalls-since-flip=23 drawcalls-total=122606 fail-total=0 null-skips-total=0
[22:38:51] [info] flip-probe: flip #1800 ok=true present=3ms inter_flip_ms=36 drawcalls-since-flip=23 drawcalls-total=122836 fail-total=0 null-skips-total=0
[22:38:51] [info] alpha audit block 0: 5855 total drawcalls, 0 with alpha<255 (block pct_x10=0; global 0/110254 pct_x10=0); alpha-mod skipped: block=0 global=0
[22:38:51] [info] fastpath audit block 0: taken=5855 (idx8=5855) skipped=0 pct_x10=1000; global taken=110254 (idx8=110254) skipped=0 pct_x10=1000
[22:38:51] [info] primitive tally block 0: clear=202(hr=202) fill=0(hr=0) rect=0(hr=0) line=0(hr=0) tint=0 spotlight=0 (over 100 flips ending at flip 1800)
[22:38:51] [info] color/alpha audit block 0: cmod_white=365 cmod_black=365 (idx=365) cmod_general=0 (idx=0) cmod_fb=0; alpha_taken=0 alpha_skipped=0 (global cmod=11879/10373/693/0 idx=10373/693 alpha=0/0)
[22:38:51] [info] phase timing block 0: drawcalls=6787 dc_total_ms=722 flip_inner_total_ms=1089 inter_flip_total_ms=9831 (per-flip avg x10: dc_ms=72 fi_ms=108 if_ms=983 derived audio+engine_ms=803; per-drawcall avg us_x10=1064) [direct-vesa: presents=100 total_ms=299 avg_ms_x10=29 failed=0] [ablation: NO_DC_TIMING=0 CACHE_WINSURF=0 DIRECT_VESA=1]
[22:38:51] [info] kbd/audio block 0: kbd_irq=0 kbd_drain=0 ring_chunks=16 pump_pass=4476 pic1_mask=0xb8 first_irq_ticks=0 install_ticks=0 vector_at_install=0x0083e430 pic1_mask_live=0x98 kbd_8042_stat=0x34 bios_kbd_head=0x0030 bios_kbd_tail=0x0030 bios_kbd_buf0=0x1e61
[22:38:51] [info] audio/engine split block 0: audio_mixer_calls=216 audio_mixer_ms_x10=46 engine_tick_calls=0 engine_tick_ms_x10=0 audio_service_calls=0 audio_service_ms_x10=0 (per-flip avg; per-call us_x10: audio_mix=21682 engine_tick=0 audio_service=0; global ns: audio_mix=8660484612 engine_tick=12855029414 audio_service=0)
[22:38:51] [info] dirty-rect block @flip=1800: total_calls=0 dirty_rects_avg=1 dirty_pct_x10=1000 forced_full=0 first_n_force=0 threshold_exceeded=0 dirty_path_taken=0 full_flush_taken=0
[22:38:51] [info] prev-frame-diff block @flip=1800: diff_calls=0 diff_rects_avg=0 diff_dirty_pct_x10=0 bbox_pct_x10=0 bbox_thresh_exceeded=0
[22:38:51] [info] flip-probe: flip #1810 ok=true present=3ms inter_flip_ms=32 drawcalls-since-flip=23 drawcalls-total=123066 fail-total=0 null-skips-total=0
[22:38:51] [info] flip-probe: flip #1820 ok=true present=3ms inter_flip_ms=32 drawcalls-since-flip=23 drawcalls-total=123296 fail-total=0 null-skips-total=0
[22:38:52] [info] flip-probe: flip #1830 ok=true present=3ms inter_flip_ms=36 drawcalls-since-flip=23 drawcalls-total=123526 fail-total=0 null-skips-total=0
[22:38:52] [info] flip-probe: flip #1840 ok=true present=3ms inter_flip_ms=42 drawcalls-since-flip=23 drawcalls-total=123756 fail-total=0 null-skips-total=0
[22:38:52] [info] flip-probe: flip #1850 ok=true present=3ms inter_flip_ms=39 drawcalls-since-flip=13 drawcalls-total=123956 fail-total=0 null-skips-total=0
[22:38:53] [info] flip-probe: flip #1860 ok=true present=3ms inter_flip_ms=64 drawcalls-since-flip=355 drawcalls-total=125476 fail-total=0 null-skips-total=0
[22:38:53] [info]  >> Entering stage 11: 'Mimiga Village'.
[22:38:53] [info] [skip-sheet-flush] cave=11
[22:38:54] [info] [load-stage] preloading entry music song=9 (cave=11)
[22:38:54] [info] [music-dispatch] tick=4610 song=9 (prev 8)
[22:38:58] [info] Organya pre-render: cache HIT MURA (5927040 bytes from CACHE; 2 ch; synth skipped).
[22:38:58] [info] gameloop: entered (curmap=11, running=1)
[22:38:58] [info] gameloop: iter 1 ticks=153522 mapno=-1
[22:38:58] [info] gameloop: iter 2 ticks=153618 mapno=-1
[22:38:58] [info] gameloop: iter 3 ticks=153723 mapno=-1
[22:38:58] [info] backdrop cache: thrashing-detect engaged (streak=4, route=direct)
[22:38:58] [info] flip-probe: flip #1870 ok=true present=3ms inter_flip_ms=86 drawcalls-since-flip=322 drawcalls-total=128749 fail-total=0 null-skips-total=0
[22:38:59] [info] flip-probe: flip #1880 ok=true present=3ms inter_flip_ms=49 drawcalls-since-flip=40 drawcalls-total=129317 fail-total=0 null-skips-total=0
[22:38:59] [info] flip-probe: flip #1890 ok=true present=3ms inter_flip_ms=49 drawcalls-since-flip=43 drawcalls-total=129736 fail-total=0 null-skips-total=0
[22:39:00] [info] flip-probe: flip #1900 ok=true present=3ms inter_flip_ms=52 drawcalls-since-flip=45 drawcalls-total=130168 fail-total=0 null-skips-total=0
[22:39:00] [info] alpha audit block 0: 6607 total drawcalls, 0 with alpha<255 (block pct_x10=0; global 0/116861 pct_x10=0); alpha-mod skipped: block=0 global=0
[22:39:00] [info] fastpath audit block 0: taken=6607 (idx8=6607) skipped=0 pct_x10=1000; global taken=116861 (idx8=116861) skipped=0 pct_x10=1000
[22:39:00] [info] primitive tally block 0: clear=201(hr=201) fill=0(hr=0) rect=0(hr=0) line=0(hr=0) tint=0 spotlight=0 (over 100 flips ending at flip 1900)
[22:39:00] [info] color/alpha audit block 0: cmod_white=690 cmod_black=690 (idx=690) cmod_general=0 (idx=0) cmod_fb=0; alpha_taken=0 alpha_skipped=0 (global cmod=12569/11063/693/0 idx=11063/693 alpha=0/0)
[22:39:00] [info] phase timing block 0: drawcalls=8191 dc_total_ms=791 flip_inner_total_ms=1055 inter_flip_total_ms=9321 (per-flip avg x10: dc_ms=79 fi_ms=105 if_ms=932 derived audio+engine_ms=748; per-drawcall avg us_x10=966) [direct-vesa: presents=100 total_ms=300 avg_ms_x10=30 failed=0] [ablation: NO_DC_TIMING=0 CACHE_WINSURF=0 DIRECT_VESA=1]
[22:39:00] [info] kbd/audio block 0: kbd_irq=0 kbd_drain=0 ring_chunks=16 pump_pass=4709 pic1_mask=0xb8 first_irq_ticks=0 install_ticks=0 vector_at_install=0x0083e430 pic1_mask_live=0x98 kbd_8042_stat=0x34 bios_kbd_head=0x0030 bios_kbd_tail=0x0030 bios_kbd_buf0=0x1e61
[22:39:00] [info] audio/engine split block 0: audio_mixer_calls=211 audio_mixer_ms_x10=45 engine_tick_calls=0 engine_tick_ms_x10=0 audio_service_calls=0 audio_service_ms_x10=0 (per-flip avg; per-call us_x10: audio_mix=21706 engine_tick=0 audio_service=0; global ns: audio_mix=9118500161 engine_tick=12855029414 audio_service=0)
[22:39:00] [info] dirty-rect block @flip=1900: total_calls=0 dirty_rects_avg=1 dirty_pct_x10=1000 forced_full=0 first_n_force=0 threshold_exceeded=0 dirty_path_taken=0 full_flush_taken=0
[22:39:00] [info] prev-frame-diff block @flip=1900: diff_calls=0 diff_rects_avg=0 diff_dirty_pct_x10=0 bbox_pct_x10=0 bbox_thresh_exceeded=0
[22:39:01] [info] flip-probe: flip #1910 ok=true present=3ms inter_flip_ms=46 drawcalls-since-flip=43 drawcalls-total=130621 fail-total=0 null-skips-total=0
[22:39:01] [info] flip-probe: flip #1920 ok=true present=3ms inter_flip_ms=47 drawcalls-since-flip=42 drawcalls-total=131041 fail-total=0 null-skips-total=0
[22:39:02] [info] backdrop cache: thrashing-detect engaged (streak=64, route=direct)
[22:39:02] [info] flip-probe: flip #1930 ok=true present=4ms inter_flip_ms=63 drawcalls-since-flip=45 drawcalls-total=131478 fail-total=0 null-skips-total=0
[22:39:02] [info] run_tick_fixed #4800: heartbeat (loop alive)
[22:39:02] [info] flip-probe: flip #1940 ok=true present=4ms inter_flip_ms=47 drawcalls-since-flip=44 drawcalls-total=131919 fail-total=0 null-skips-total=0
[22:39:03] [info] flip-probe: flip #1950 ok=true present=4ms inter_flip_ms=49 drawcalls-since-flip=44 drawcalls-total=132359 fail-total=0 null-skips-total=0
[22:39:03] [info] flip-probe: flip #1960 ok=true present=3ms inter_flip_ms=46 drawcalls-since-flip=46 drawcalls-total=132813 fail-total=0 null-skips-total=0
[22:39:04] [info] backdrop cache: thrashing-detect engaged (streak=4, route=direct)
[22:39:04] [info] flip-probe: flip #1970 ok=true present=3ms inter_flip_ms=48 drawcalls-since-flip=43 drawcalls-total=133254 fail-total=0 null-skips-total=0
[22:39:04] [info] flip-probe: flip #1980 ok=true present=3ms inter_flip_ms=45 drawcalls-since-flip=44 drawcalls-total=133685 fail-total=0 null-skips-total=0
[22:39:05] [info] backdrop cache: thrashing-detect engaged (streak=4, route=direct)
[22:39:05] [info] flip-probe: flip #1990 ok=true present=4ms inter_flip_ms=45 drawcalls-since-flip=19 drawcalls-total=133999 fail-total=0 null-skips-total=0
[22:39:05] [info] flip-probe: flip #2000 ok=true present=4ms inter_flip_ms=54 drawcalls-since-flip=20 drawcalls-total=134196 fail-total=0 null-skips-total=0
[22:39:05] [info] alpha audit block 0: 2823 total drawcalls, 0 with alpha<255 (block pct_x10=0; global 0/119684 pct_x10=0); alpha-mod skipped: block=0 global=0
[22:39:05] [info] fastpath audit block 0: taken=2823 (idx8=2823) skipped=0 pct_x10=1000; global taken=119684 (idx8=119684) skipped=0 pct_x10=1000
[22:39:05] [info] primitive tally block 0: clear=200(hr=200) fill=0(hr=0) rect=0(hr=0) line=0(hr=0) tint=0 spotlight=0 (over 100 flips ending at flip 2000)
[22:39:05] [info] color/alpha audit block 0: cmod_white=1105 cmod_black=1105 (idx=1105) cmod_general=0 (idx=0) cmod_fb=0; alpha_taken=0 alpha_skipped=0 (global cmod=13674/12168/693/0 idx=12168/693 alpha=0/0)
[22:39:05] [info] phase timing block 0: drawcalls=5241 dc_total_ms=677 flip_inner_total_ms=1066 inter_flip_total_ms=5370 (per-flip avg x10: dc_ms=67 fi_ms=106 if_ms=537 derived audio+engine_ms=364; per-drawcall avg us_x10=1292) [direct-vesa: presents=100 total_ms=304 avg_ms_x10=30 failed=0] [ablation: NO_DC_TIMING=0 CACHE_WINSURF=0 DIRECT_VESA=1]
[22:39:05] [info] kbd/audio block 0: kbd_irq=0 kbd_drain=0 ring_chunks=16 pump_pass=4977 pic1_mask=0xb8 first_irq_ticks=0 install_ticks=0 vector_at_install=0x0083e430 pic1_mask_live=0x98 kbd_8042_stat=0x34 bios_kbd_head=0x0030 bios_kbd_tail=0x0030 bios_kbd_buf0=0x1e61
[22:39:05] [info] audio/engine split block 0: audio_mixer_calls=231 audio_mixer_ms_x10=50 engine_tick_calls=0 engine_tick_ms_x10=0 audio_service_calls=0 audio_service_ms_x10=0 (per-flip avg; per-call us_x10: audio_mix=21677 engine_tick=0 audio_service=0; global ns: audio_mix=9619250265 engine_tick=12855029414 audio_service=0)
[22:39:05] [info] dirty-rect block @flip=2000: total_calls=0 dirty_rects_avg=1 dirty_pct_x10=1000 forced_full=0 first_n_force=0 threshold_exceeded=0 dirty_path_taken=0 full_flush_taken=0
[22:39:05] [info] prev-frame-diff block @flip=2000: diff_calls=0 diff_rects_avg=0 diff_dirty_pct_x10=0 bbox_pct_x10=0 bbox_thresh_exceeded=0
[22:39:06] [info] flip-probe: flip #2010 ok=true present=3ms inter_flip_ms=45 drawcalls-since-flip=18 drawcalls-total=134381 fail-total=0 null-skips-total=0
[22:39:06] [info] flip-probe: flip #2020 ok=true present=3ms inter_flip_ms=43 drawcalls-since-flip=18 drawcalls-total=134561 fail-total=0 null-skips-total=0
[22:39:07] [info] flip-probe: flip #2030 ok=true present=3ms inter_flip_ms=48 drawcalls-since-flip=18 drawcalls-total=134741 fail-total=0 null-skips-total=0
[22:39:07] [info] flip-probe: flip #2040 ok=true present=3ms inter_flip_ms=39 drawcalls-since-flip=18 drawcalls-total=134921 fail-total=0 null-skips-total=0
[22:39:08] [info] backdrop cache: thrashing-detect engaged (streak=64, route=direct)
[22:39:08] [info] flip-probe: flip #2050 ok=true present=3ms inter_flip_ms=45 drawcalls-since-flip=18 drawcalls-total=135101 fail-total=0 null-skips-total=0
[22:39:08] [info] run_tick_fixed #5100: heartbeat (loop alive)
[22:39:08] [info] flip-probe: flip #2060 ok=true present=3ms inter_flip_ms=45 drawcalls-since-flip=59 drawcalls-total=135609 fail-total=0 null-skips-total=0
[22:39:09] [info] flip-probe: flip #2070 ok=true present=3ms inter_flip_ms=57 drawcalls-since-flip=59 drawcalls-total=136199 fail-total=0 null-skips-total=0
[22:39:09] [info] flip-probe: flip #2080 ok=true present=3ms inter_flip_ms=45 drawcalls-since-flip=59 drawcalls-total=136789 fail-total=0 null-skips-total=0
[22:39:09] [info] tas: end-of-replay auto-exit at tick 5140 (recording exhausted; set DOSKUTSU_TAS_REPLAY_HOLD=1 to disable + observe steady-state past recording end)
[22:39:09] [info] Script engine shutdown.
[22:39:10] [info] Sound system shutdown
[22:39:10] [info] Renderer::Close()
[22:39:10] [info] tas: replay file closed
[22:39:10] [info] [fps-true] flips=2086 render_s=162 fps_mean=12.8 (clock-independent: flips / seconds since the FIRST flip; use THIS for the fps matrix, not inter_flip medians, which are invalid in any cell running the PIT/IRQ-0 music pump)
[RUNMANIFEST-BEGIN]
schema_version=2
environment=realhw
binary_sha12=UNKNOWN
binary_sha12_src=unknown
build_sha12=1f79ce20e4ee
organya_cache_key=1f79ce20e4ee
wave_tag=GXH1
scene=
env_block_sha=89698e867b8d
started_rtc_local=2026-11-21T20:31:10
duration_s=176
exit_code=0
fps_true_flips=2086
fps_true_render_s=162
reel_ticks=5140
reel_game_seconds=102.8
per_loop_fps=20.2
overhead_s=60
music_pump_active=0
cpu_vendor=GenuineIntel
cpu_have_cpuid=1
cpu_family=5
cpu_model=3
cpu_stepping=2
cpu_mhz_est=83
cpu_has_fpu=1
cpu_class=586
audio_backend=organya
video_logical_wxh=320x240
video_logical_bpp=8
video_vram_kb=4096
video_lfb_or_banked=lfb
audio_is_sb16=1
audio_dsp_ver=4.13
audio_dma_path=16bit-high
audio_force_8bit=0
audio_dma_channel=5
fps_p50=21.2
fps_p95=13.5
fps_sample_n=208
fps_sample_interval=10
pump_clock_state=no-pump
audio_vital_status=NA
regime=NA
banner_required_hit=0
banner_required_total=0
banner_forbidden_hit=0
banner_optional_hit=0
critical_count=0
warn_count=0
perstage_count=12
perstage_00=stage:72 ticks:95 flips:95 fps:50.0
perstage_01=stage:1005 ticks:80 flips:80 fps:50.0
perstage_02=stage:20 ticks:122 flips:67 fps:27.4
perstage_03=stage:11 ticks:455 flips:166 fps:18.2
perstage_04=stage:17 ticks:772 flips:226 fps:14.6
perstage_05=stage:11 ticks:546 flips:216 fps:19.7
perstage_06=stage:15 ticks:666 flips:271 fps:20.3
perstage_07=stage:11 ticks:893 flips:351 fps:19.6
perstage_08=stage:19 ticks:263 flips:94 fps:17.8
perstage_09=stage:11 ticks:436 flips:160 fps:18.3
perstage_10=stage:14 ticks:282 flips:138 fps:24.4
perstage_11=stage:11 ticks:530 flips:221 fps:20.8
[RUNMANIFEST-END]
[22:39:10] [info] [runmanifest-emit] schema=v2 env=realhw binary_sha12=UNKNOWN(unknown) build_sha12=1f79ce20e4ee per_loop_fps=20.2 overhead_s=60 pump=0 dur=176s tag='GXH1' scene='' (signals=0x4)
