Logger::init: wave-53 log level=INFO path='LOGS/GXH2.LOG'
[22:39:24] [info] config: loaded DOSKUTSU.CFG (4 keys)
[22:39:24] [info] [cpu-witness] vendor=GenuineIntel cpuid=1 family=5 model=3 stepping=2 mhz_est=83 fpu=1 class=586 (boot-time attestation of the running CPU; MHZ_486_LOOP_DIV=16400 mirrors SETUP)
[22:39:24] [info] tas: PRNG seed forced to 12345 via DOSKUTSU_TAS_PRNG_SEED
[22:39:24] [info] tas: auto-exit armed at tick 30000 via DOSKUTSU_TAS_AUTO_EXIT_TICK
[22:39:24] [info] tas: replay opened path='QA.TAS' header_seed=12345
[22:39:25] [info] data cache: DISABLED (default)
[22:39:25] [info] Joystick: skipped (default; set DOSKUTSU_USE_JOYSTICK=1 to enable -- skips SDL3-DOS gameport BIOS INT 15h polling, ~82 ms / flip on real HW)
[22:39:25] [info] Loading settings...
[22:39:25] [info] [input-bind] applied=0 invert_y=0 dos_axes=1
[22:39:25] [info] Renderer::initVideo: 8bpp mode requested via SDL_HINT_DOS_MAX_BPP=8 (wave 16); SDL3-DOS will pick the highest-bpp <= 8 mode at requested resolution
[22:39:25] [info] Renderer::initVideo: DOS resolution-label lock ENABLED (default)
[22:39:26] [info] center-oversized: not needed (surface matches the logical screen) surface=320x240 logical=320x240 offset=0,0
[22:39:26] [info] Renderer::initVideo: using: software renderer
[22:39:27] [info] Renderer::initVideo: dirty-rect tracking ENABLED (wave 15, default ON; set SDL_HINT_DOSKUTSU_DIRTY_RECTS=0 to disable)
[22:39:27] [info] Renderer::initVideo: ablation flags: NO_DC_TIMING=0 CACHE_WINSURF=0 NO_INPUT_POLL=0 DIRECT_VESA=1
[22:39:27] [info] Renderer::initVideo: direct-VESA hot path ENABLED (default since wave 20 patch 0088; bypasses SDL_RenderPresent / SDL_UpdateWindowSurface and writes via SDL/0034's PresentFull helper; R2 mitigation handled by SDL/0034 generation counter -- no per-N-flip heartbeat needed; set SDL_HINT_DOSKUTSU_DIRECT_VESA=0 to revert)
[22:39:27] [info] Renderer::initVideo: flip-phase instrumentation DISABLED (default; set SDL_HINT_DOSKUTSU_FLIP_INSTR=1 to opt in for wave-20 Lever A diagnostic)
[22:39:27] [info] Renderer::initVideo: asm opaque-span blit lever DISABLED (default; set SDL_HINT_DOSKUTSU_ASM_BLIT=1 to opt in -- wave-51 _blit_indexed colorkey-blit lever)
[22:39:27] [info] Renderer::initVideo: blit-decomp instrumentation DISABLED (default; set SDL_HINT_DOSKUTSU_BLIT_DECOMP=1 to opt in -- wave-51 _blit_indexed sub-decomp sizing)
[22:39:27] [info] Renderer::initVideo: mds-scroll-decomp instrumentation DISABLED (default; set SDL_HINT_DOSKUTSU_MDS_DECOMP=1 to opt in -- wave-52 mode_draw_scene scrolling-block decomp)
[22:39:27] [info] Renderer::initVideo: DOSVESA pump yield: skipped (default) (per-flip explicit SDL_Delay(0) yield is always on; set SDL_HINT_DOSKUTSU_FORCE_PUMP_YIELD=1 to restore old per-pump yield)
[22:39:27] [info] Renderer::initVideo: indexed-mode (8bpp) ENABLED -- master palette + 107 per-asset remap LUTs loaded (wave 16, default ON; set SDL_HINT_DOSKUTSU_PIXEL_FORMAT_8=0 to disable)
[22:39:27] [info] Renderer::initVideo: master palette attached to window surface (format=SDL_PIXELFORMAT_INDEX8, ncolors=256)
[22:39:27] [info] Renderer::initVideo: indexed-mode smoke: idx0=(0,0,0) OK idx255=(255,0,255) OK
[22:39:27] [info] Renderer::initVideo: indexed-mode smoke: paletteRemapFor('MyChar.pbm') = present
[22:39:28] [info] Surface::loadImage palmap-diag #1: 'data/Loading.pbm' fmt=SDL_PIXELFORMAT_ABGR8888 remap=HIT -> path=truecolor
[22:39:28] [info] Renderer: prev-frame diff DISABLED (default since wave 17.6; set SDL_HINT_DOSKUTSU_PREVFRAME_DIFF=1 to opt in)
[22:39:28] [info] flip-probe: renderer=software window_ptr=8826768 colorspace=301991328 window_size=320x240 framebuffer_pixels=320x240 logical_present=320x240 mode=2
[22:39:28] [info] flip-probe: first flip ok=true present=43ms inter_flip_ms=0 drawcalls-since-flip=1 drawcalls-total=1
[22:39:28] [info] Sound system init
[22:39:28] [info] Sound system: 4-state audio enable (#31) -- music=on sfx=on (MUSIC_OFF/AUDIO_BACKEND=none -> music-off; SFX_OFF/SFX_DEVICE=none -> sfx-off; both gates are dispatch-level, the device still opens; AUDIO_OFF=1 is the device-level both-off).
[22:39:28] [info] Sound system: Tier-1 audio config (22050 Hz, 2 channels) via SDL_HINT_DOSKUTSU_AUDIO_TIER2=0 killswitch -- reverts to wave-17.6-baseline 22050 stereo, the original Cave Story 2004 spec. Trades the wave-21 Tier-2 fps gain (~+11 fps in heavy-music scenes on Pentium OverDrive 83 MHz) for full audio fidelity. Unset the env var to go back to Tier-2 default.
[22:39:28] [info] [org-hq] stereo prerender rate=22050 ch=2 (HQ Organya tier ACTIVE; opt-in via SDL_HINT_DOSKUTSU_AUDIO_TIER2=0; cache CACHE\22050_2\; real fps cost on 486-class HW).
[22:39:28] [info] Sound system: SDL_HINT_AUDIO_DEVICE_SAMPLE_FRAMES=(default -- SDL3 picks 512 at 22050 Hz)
[22:39:28] [info] Pixtone IRQ rate-divider: handed master_rate=44100 int16/s (SAMPLE_RATE=22050 x AUDIO_CHANNELS=2) to SDL for auto-RATEDIV (SDL/0074 computes shift_div from the resolved device freq).
[22:39:28] [info] Sound system: device frame-rate: requesting 22050 Hz match to master (SDL_DOSAudioSetDeviceFrameRate; SB16 opens at the engine frame rate instead of SDL's 44100 floor -- 4x less PCM/s + no resampler on the Organya/Pixtone path; killswitch SDL_HINT_DOSKUTSU_DOS_AUDIO_DEVICE_RATE_DEFAULT=0).
[22:39:28] [info] audio backend: organya (forced; Phase 10 baseline)
[22:39:28] [info] wave-13.6.1: ring_chunks=16 FORCE_PUMP_YIELD=off (set SDL_HINT_DOSKUTSU_AUDIO_RING_CHUNKS=4|8|16 to override; default 16 matches wave 13.6 behaviour)
[22:39:28] [info] MidiScheduler: MIDI source = 'orgmid2' (native-GM org2mid set; resolves to data/orgmid2/<name>.mid).
[22:39:28] [info] Sound system: idle-pause skipped (backend=organya does not qualify; only opl3 supports idle-pause per patch 0115; default OFF since patch 0119 regardless of backend).
[22:39:28] [warn] Music dir Ogg/ doesn't exist
[22:39:28] [warn] Music dir Ogg11/ doesn't exist
[22:39:29] [warn] Music dir Ogg17/ doesn't exist
[22:39:29] [warn] Music dir Ogg_ridic/ doesn't exist
[22:39:29] [info] Loading Sound FX...
[22:39:29] [info] [pxt-cache] init(): HIT (loaded cache; render skipped)
[22:39:31] [error] Lever 3 (Pixtone IRQ-mix; default ON since v1.0.1, or SDL_HINT_DOSKUTSU_PIXTONE_IRQ_MIX=1) is incompatible with SDL_HINT_DOSKUTSU_AUDIO_BACKEND=organya. L3 + ORGANYA IS KNOWN-INCOMPATIBLE (PLAY2 hang root-cause owned by v1.0.2 deep-campaign; v1.0.1 ships defensive interlock per flush-instr #135 three-front response). L3 forced OFF (hang prevention); SFX continue through SDL3_mixer path; music continues through Organya. To engage L3 cleanly set SDL_HINT_DOSKUTSU_AUDIO_BACKEND to opl3 / wb / midi-stub, or set SDL_HINT_DOSKUTSU_PIXTONE_IRQ_MIX=0 to silence this and keep Organya.
[22:39:31] [info] Organya init...
[22:39:32] [info] Organya init done
[22:39:40] [info] gus SFX gain [nx0259]: 70% (SDL_HINT_DOSKUTSU_GUS_SFX_GAIN; scales the GF1 SFX voice volume to balance against velocity/CC-scaled GUS music; default 70, clamp 0..150).
[22:39:40] [info] midi ISR tick: engine registered tick_isr callback (L2b active; default ON; set SDL_HINT_DOSKUTSU_MIDI_ISR_TICK=0 to disable)
[22:39:40] [info] organya auto-precache: ENABLED (default) (first-launch precache + in-game cold-render progress overlay; set SDL_HINT_DOSKUTSU_ORG_AUTOCACHE=0 to disable -> v1.1.0 black-screen cold-render)
[22:39:40] [info] organya auto-precache: cache complete (sentinel present) -- skipping batch; in-game overlay armed for any stray cache miss.
[22:39:40] [info] menu slide-in fixed-timestep: ENABLED (default; slide advances at 50 Hz logic rate)
[22:39:40] [info] Reading npc.tbl...
[22:39:40] [info] Loading tilekey.dat.
[22:39:40] [info] Script engine init.
[22:39:41] [info] Entering main loop...
[22:39:41] [info] audio mid-gap pump: DISABLED (default)
[22:39:41] [info] TAS fixed-timestep guard: ENABLED (default) (patch 0280; load_stage wall-clock kept out of the FT accumulator so TAS replay advances at a true 50 Hz; set SDL_HINT_DOSKUTSU_TAS_FT_GUARD=0 to disable)
[22:39:41] [info] load_stage ring+DMA silence flush: ENABLED (default) (set SDL_HINT_DOSKUTSU_LOADSTAGE_SILENCE=0 to disable)
[22:39:41] [info] load-band audio-underrun probe: DISABLED (default) (opt-in SDL_HINT_DOSKUTSU_LOADBAND_STAT=1)
[22:39:41] [info]  >> Entering stage 72: 'u'.
[22:39:41] [info] skip sheet flush: ENABLED (default) (SFXPAUSE-012 SHIPPED FIX; sprite sheets stay resident across caves so no per-cave re-decode -> no fire-frame pause; map_flush_graphics tilemap cache still flushes; set SDL_HINT_DOSKUTSU_SKIP_SHEET_FLUSH=0 to restore the old per-cave flush)
[22:39:41] [info] [skip-sheet-flush] cave=1
[22:39:41] [info] eager action sheets: ENABLED (default) (first-fire hitch fix: pre-loads the weapon bullet + hit/muzzle/trail caret sheets at stage load so the first fire/impact does not lazy-decode mid-gameplay; set SDL_HINT_DOSKUTSU_EAGER_ACTION_SHEETS=0 to restore lazy load)
[22:39:41] [info] Surface::loadImage palmap-diag #2: 'data/Bullet.pbm' fmt=SDL_PIXELFORMAT_ABGR8888 remap=HIT -> path=truecolor
[22:39:41] [info] Surface::loadImage palmap-diag #3: 'data/Arms.pbm' fmt=SDL_PIXELFORMAT_ABGR8888 remap=HIT -> path=truecolor
[22:39:41] [info] Surface::loadImage palmap-diag #4: 'data/Caret.pbm' fmt=SDL_PIXELFORMAT_ABGR8888 remap=HIT -> path=truecolor
[22:39:42] [info] Surface::loadImage palmap-diag #5: 'data/Npc/NpcSym.pbm' fmt=SDL_PIXELFORMAT_ABGR8888 remap=HIT -> path=truecolor
[22:39:42] [info] [eager-action-sheets] cave=1 sheets=4 wall_ms=1099
[22:39:42] [info] Surface::loadImage palmap-diag #6: 'data/Stage/PrtWhite.pbm' fmt=SDL_PIXELFORMAT_ABGR8888 remap=HIT -> path=truecolor
[22:39:42] [info] load_stage: entry-music preload ENABLED (default) (set SDL_HINT_DOSKUTSU_PRELOAD_STAGE_MUSIC=0 to disable)
[22:39:42] [info] Surface::loadImage palmap-diag #7: 'data/bk0.pbm' fmt=SDL_PIXELFORMAT_ABGR8888 remap=HIT -> path=truecolor
[22:39:42] [info] gameloop: entered (curmap=72, running=1)
[22:39:42] [info] gameloop: iter 1 ticks=17961 mapno=-1
[22:39:42] [info] fixed-timestep: ENABLED (default; logic 50 Hz, decoupled from render)
[22:39:42] [info] map: BG skip-when-unchanged DISABLED (default) (set SDL_HINT_DOSKUTSU_BG_SKIP_WHEN_UNCHANGED=1 to enable; default OFF since wave-61 -- abandoned, it shipped a backdrop-black flicker and its +0.87 fps was below the noise floor)
[22:39:42] [info] map: skip-redundant-clear lever ENABLED (default since wave-53 promotion)
[22:39:42] [info] perf-mode: level=0 (faithful (default))
[22:39:43] [info] Surface::loadImage palmap-diag #8: 'data/Npc/NpcKings.pbm' fmt=SDL_PIXELFORMAT_ABGR8888 remap=HIT -> path=truecolor
[22:39:43] [info] audio tick-boundary pump: DISABLED (default)
[22:39:43] [info] gameloop: iter 2 ticks=18294 mapno=-1
[22:39:43] [info] gameloop: iter 3 ticks=18343 mapno=-1
[22:39:43] [info] direct-vesa: snapshot @gen=2 use_dosmemput=0 banked_multibank=0 pitches_match=1 vram_w=320 vram_h=240 vram_pitch=320 bpp=1 fb_size=76800 vram_phys=0x78000000 vram_ptr=0x77c00000
[22:39:43] [info] flip-probe: flip #10 ok=true present=3ms inter_flip_ms=24 drawcalls-since-flip=6 drawcalls-total=43 fail-total=0 null-skips-total=0
[22:39:43] [info] flip-probe: flip #20 ok=true present=3ms inter_flip_ms=23 drawcalls-since-flip=4 drawcalls-total=92 fail-total=0 null-skips-total=0
[22:39:44] [info] flip-probe: flip #30 ok=true present=3ms inter_flip_ms=42 drawcalls-since-flip=326 drawcalls-total=2707 fail-total=0 null-skips-total=0
[22:39:44] [info] flip-probe: flip #40 ok=true present=3ms inter_flip_ms=36 drawcalls-since-flip=264 drawcalls-total=5837 fail-total=0 null-skips-total=0
[22:39:44] [info] flip-probe: flip #50 ok=true present=3ms inter_flip_ms=25 drawcalls-since-flip=67 drawcalls-total=7392 fail-total=0 null-skips-total=0
[22:39:45] [info] flip-probe: flip #60 ok=true present=3ms inter_flip_ms=22 drawcalls-since-flip=4 drawcalls-total=7502 fail-total=0 null-skips-total=0
[22:39:45] [info] flip-probe: flip #70 ok=true present=3ms inter_flip_ms=21 drawcalls-since-flip=6 drawcalls-total=7557 fail-total=0 null-skips-total=0
[22:39:45] [info] flip-probe: flip #80 ok=true present=3ms inter_flip_ms=22 drawcalls-since-flip=0 drawcalls-total=7586 fail-total=0 null-skips-total=0
[22:39:45] [info] flip-probe: flip #90 ok=true present=4ms inter_flip_ms=20 drawcalls-since-flip=0 drawcalls-total=7586 fail-total=0 null-skips-total=0
[22:39:45] [info] title: eager-title-IO phase tag ENABLED (default) (set SDL_HINT_DOSKUTSU_EAGER_TITLE_IO=0 to disable)
[22:39:45] [info] [music-dispatch] tick=95 song=24 (prev 0)
[22:39:54] [info] Organya pre-render: cache HIT CURLY (11875968 bytes from CACHE; 2 ch; synth skipped).
[22:39:54] [info] audio pump-to-target: ENABLED (186 ms depth setpoint; amount-bounded depth-regulated ring refill per displayed frame; killswitch SDL_HINT_DOSKUTSU_ORG_PUMP_TARGET_MS=0).
[22:39:54] [info] pixtone multi-source probe: DISABLED (default)
[22:39:54] [info] gameloop: entered (curmap=1005, running=1)
[22:39:54] [info] gameloop: iter 1 ticks=29558 mapno=-1
[22:39:54] [info] map: backdrop cache ENABLED (default) (set SDL_HINT_DOSKUTSU_BACKDROP_CACHE=0 to disable)
[22:39:55] [info] gameloop: iter 2 ticks=30140 mapno=-1
[22:39:55] [info] gameloop: iter 3 ticks=30202 mapno=-1
[22:39:55] [info] backdrop cache: thrashing-detect engaged (streak=4, route=direct)
[22:39:55] [info] flip-probe: flip #100 ok=true present=3ms inter_flip_ms=46 drawcalls-since-flip=75 drawcalls-total=7886 fail-total=0 null-skips-total=0
[22:39:55] [info] alpha audit block 0: 7798 total drawcalls, 0 with alpha<255 (block pct_x10=0; global 0/7798 pct_x10=0); alpha-mod skipped: block=0 global=0
[22:39:55] [info] fastpath audit block 0: taken=7798 (idx8=7798) skipped=0 pct_x10=1000; global taken=7798 (idx8=7798) skipped=0 pct_x10=1000
[22:39:55] [info] primitive tally block 0: clear=220(hr=220) fill=0(hr=0) rect=0(hr=0) line=0(hr=0) tint=0 spotlight=0 (over 100 flips ending at flip 100)
[22:39:55] [info] color/alpha audit block 0: cmod_white=104 cmod_black=0 (idx=0) cmod_general=84 (idx=84) cmod_fb=0; alpha_taken=0 alpha_skipped=0 (global cmod=104/0/84/0 idx=0/84 alpha=0/0)
[22:39:55] [info] phase timing block 0: drawcalls=8209 dc_total_ms=969 flip_inner_total_ms=701 inter_flip_total_ms=26910 (per-flip avg x10: dc_ms=96 fi_ms=70 if_ms=2691 derived audio+engine_ms=2525; per-drawcall avg us_x10=1181) [direct-vesa: presents=97 total_ms=300 avg_ms_x10=30 failed=0] [ablation: NO_DC_TIMING=0 CACHE_WINSURF=0 DIRECT_VESA=1]
[22:39:55] [info] kbd/audio block 0: kbd_irq=0 kbd_drain=0 ring_chunks=16 pump_pass=99 pic1_mask=0xb8 first_irq_ticks=0 install_ticks=0 vector_at_install=0x0083e430 pic1_mask_live=0x98 kbd_8042_stat=0x34 bios_kbd_head=0x0030 bios_kbd_tail=0x0030 bios_kbd_buf0=0x1e61
[22:39:55] [info] audio/engine split block 0: audio_mixer_calls=23 audio_mixer_ms_x10=5 engine_tick_calls=99 engine_tick_ms_x10=1126 audio_service_calls=0 audio_service_ms_x10=0 (per-flip avg; per-call us_x10: audio_mix=23978 engine_tick=1138029 audio_service=0; global ns: audio_mix=55150942 engine_tick=11266489547 audio_service=0)
[22:39:55] [info] dirty-rect block @flip=100: total_calls=0 dirty_rects_avg=0 dirty_pct_x10=990 forced_full=0 first_n_force=3 threshold_exceeded=2 dirty_path_taken=0 full_flush_taken=3
[22:39:55] [info] prev-frame-diff block @flip=100: diff_calls=0 diff_rects_avg=0 diff_dirty_pct_x10=0 bbox_pct_x10=0 bbox_thresh_exceeded=0
[22:39:55] [info] flip-probe: flip #110 ok=true present=3ms inter_flip_ms=35 drawcalls-since-flip=75 drawcalls-total=8636 fail-total=0 null-skips-total=0
[22:39:55] [info] flip-probe: flip #120 ok=true present=3ms inter_flip_ms=29 drawcalls-since-flip=75 drawcalls-total=9386 fail-total=0 null-skips-total=0
[22:39:56] [info] flip-probe: flip #130 ok=true present=3ms inter_flip_ms=26 drawcalls-since-flip=0 drawcalls-total=9986 fail-total=0 null-skips-total=0
[22:39:56] [info] Loading profile from profile.dat
[22:39:56] [error] profile_load: unable to open 'profile.dat'
[22:39:56] [info] Loading profile from profile2.dat
[22:39:56] [error] profile_load: unable to open 'profile2.dat'
[22:39:56] [info] Loading profile from profile3.dat
[22:39:56] [info] Loading profile from profile4.dat
[22:39:56] [error] profile_load: unable to open 'profile4.dat'
[22:39:56] [info] Loading profile from profile5.dat
[22:39:56] [info] flip-probe: flip #140 ok=true present=4ms inter_flip_ms=37 drawcalls-since-flip=210 drawcalls-total=10826 fail-total=0 null-skips-total=0
[22:39:57] [info] flip-probe: flip #150 ok=true present=3ms inter_flip_ms=44 drawcalls-since-flip=210 drawcalls-total=12926 fail-total=0 null-skips-total=0
[22:39:57] [info] Writing settings...
[22:39:57] [info] flip-probe: flip #160 ok=true present=3ms inter_flip_ms=26 drawcalls-since-flip=0 drawcalls-total=13774 fail-total=0 null-skips-total=0
[22:39:57] [info] flip-probe: flip #170 ok=true present=3ms inter_flip_ms=20 drawcalls-since-flip=0 drawcalls-total=13774 fail-total=0 null-skips-total=0
[22:39:58] [info] [music-dispatch] tick=175 song=0 (prev 24)
[22:39:58] [info] Loading profile from profile5.dat
[22:39:58] [info]  >> Entering stage 20: 'Save Point'.
[22:39:58] [info] [skip-sheet-flush] cave=2
[22:39:58] [info] [music-dispatch] tick=175 song=8 (prev 0)
[22:40:03] [info] Organya pre-render: cache HIT VIVI (6322176 bytes from CACHE; 2 ch; synth skipped).
[22:40:03] [info] gameloop: entered (curmap=20, running=1)
[22:40:03] [info] gameloop: iter 1 ticks=38090 mapno=-1
[22:40:03] [info] TAS stall discount: ENABLED (default) (patch 0286; a replay frame over 150 ms is a load, not slow rendering, so it contributes 1 tick instead of its wall-clock; set SDL_HINT_DOSKUTSU_TAS_STALL_DISCOUNT=0 to disable)
[22:40:03] [info] TAS accumulator clamp: DISABLED (default) (patch 0281; caps the FT accumulator delta at one tick during TAS so a stalled frame cannot race the replay index; set SDL_HINT_DOSKUTSU_TAS_FT_GUARD=0 to disable)
[22:40:03] [info] gameloop: iter 2 ticks=38155 mapno=-1
[22:40:03] [info] gameloop: iter 3 ticks=38215 mapno=-1
[22:40:03] [info] flip-probe: flip #180 ok=true present=3ms inter_flip_ms=45 drawcalls-since-flip=16 drawcalls-total=13896 fail-total=0 null-skips-total=0
[22:40:03] [info] flip-probe: flip #190 ok=true present=3ms inter_flip_ms=34 drawcalls-since-flip=16 drawcalls-total=14056 fail-total=0 null-skips-total=0
[22:40:03] [info] flip-probe: flip #200 ok=true present=3ms inter_flip_ms=27 drawcalls-since-flip=16 drawcalls-total=14216 fail-total=0 null-skips-total=0
[22:40:03] [info] alpha audit block 0: 5693 total drawcalls, 0 with alpha<255 (block pct_x10=0; global 0/13491 pct_x10=0); alpha-mod skipped: block=0 global=0
[22:40:03] [info] fastpath audit block 0: taken=5693 (idx8=5693) skipped=0 pct_x10=1000; global taken=13491 (idx8=13491) skipped=0 pct_x10=1000
[22:40:03] [info] primitive tally block 0: clear=201(hr=201) fill=0(hr=0) rect=0(hr=0) line=0(hr=0) tint=0 spotlight=0 (over 100 flips ending at flip 200)
[22:40:03] [info] color/alpha audit block 0: cmod_white=1402 cmod_black=0 (idx=0) cmod_general=609 (idx=609) cmod_fb=0; alpha_taken=0 alpha_skipped=0 (global cmod=1506/0/693/0 idx=0/693 alpha=0/0)
[22:40:03] [info] phase timing block 0: drawcalls=7905 dc_total_ms=929 flip_inner_total_ms=980 inter_flip_total_ms=8592 (per-flip avg x10: dc_ms=92 fi_ms=98 if_ms=859 derived audio+engine_ms=669; per-drawcall avg us_x10=1175) [direct-vesa: presents=100 total_ms=303 avg_ms_x10=30 failed=0] [ablation: NO_DC_TIMING=0 CACHE_WINSURF=0 DIRECT_VESA=1]
[22:40:03] [info] kbd/audio block 0: kbd_irq=0 kbd_drain=0 ring_chunks=16 pump_pass=214 pic1_mask=0xb8 first_irq_ticks=0 install_ticks=0 vector_at_install=0x0083e430 pic1_mask_live=0x98 kbd_8042_stat=0x34 bios_kbd_head=0x0030 bios_kbd_tail=0x0030 bios_kbd_buf0=0x1e61
[22:40:03] [info] audio/engine split block 0: audio_mixer_calls=166 audio_mixer_ms_x10=36 engine_tick_calls=76 engine_tick_ms_x10=138 audio_service_calls=0 audio_service_ms_x10=0 (per-flip avg; per-call us_x10: audio_mix=21720 engine_tick=182599 audio_service=0; global ns: audio_mix=415715151 engine_tick=12654245792 audio_service=0)
[22:40:03] [info] dirty-rect block @flip=200: total_calls=0 dirty_rects_avg=1 dirty_pct_x10=1000 forced_full=0 first_n_force=0 threshold_exceeded=0 dirty_path_taken=0 full_flush_taken=0
[22:40:03] [info] prev-frame-diff block @flip=200: diff_calls=0 diff_rects_avg=0 diff_dirty_pct_x10=0 bbox_pct_x10=0 bbox_thresh_exceeded=0
[22:40:04] [info] flip-probe: flip #210 ok=true present=3ms inter_flip_ms=26 drawcalls-since-flip=16 drawcalls-total=14376 fail-total=0 null-skips-total=0
[22:40:04] [info] flip-probe: flip #220 ok=true present=3ms inter_flip_ms=37 drawcalls-since-flip=16 drawcalls-total=14536 fail-total=0 null-skips-total=0
[22:40:04] [info] flip-probe: flip #230 ok=true present=3ms inter_flip_ms=28 drawcalls-since-flip=16 drawcalls-total=14696 fail-total=0 null-skips-total=0
[22:40:05] [info] flip-probe: flip #240 ok=true present=3ms inter_flip_ms=62 drawcalls-since-flip=358 drawcalls-total=17180 fail-total=0 null-skips-total=0
[22:40:05] [info]  >> Entering stage 11: 'Mimiga Village'.
[22:40:05] [info] [skip-sheet-flush] cave=3
[22:40:05] [info] [load-stage] preloading entry music song=9 (cave=3)
[22:40:05] [info] [music-dispatch] tick=296 song=9 (prev 8)
[22:40:10] [info] Organya pre-render: cache HIT MURA (5927040 bytes from CACHE; 2 ch; synth skipped).
[22:40:10] [info] gameloop: entered (curmap=11, running=1)
[22:40:10] [info] gameloop: iter 1 ticks=45167 mapno=-1
[22:40:10] [info] map: mds_clear LUT ENABLED (default) (set SDL_HINT_DOSKUTSU_MDS_CLEAR_LUT=0 to disable; default ON; patch 0144 wave-49 bandwidth lever)
[22:40:10] [info] mds-clear-lut: rebuilt N=240 entries (k_skip=0% k_keep=100%; curmap=11 map_size=60x60; rebuild #1 since boot)
[22:40:10] [info] backdrop thrash full-cover ENABLED (default) (set SDL_HINT_DOSKUTSU_THRASH_FULLCOVER=0 to disable)
[22:40:10] [info] [bd-diag] backdrop render-path diag disabled (default) (set SDL_HINT_DOSKUTSU_BACKDROP_DIAG=1 to enable)
[22:40:10] [info] gameloop: iter 2 ticks=45645 mapno=-1
[22:40:10] [info] tas: stall frame 478 ms -> contributing 1 tick (patch 0286)
[22:40:10] [info] gameloop: iter 3 ticks=45748 mapno=-1
[22:40:11] [info] backdrop cache: thrashing-detect engaged (streak=4, route=direct)
[22:40:11] [info] flip-probe: flip #250 ok=true present=3ms inter_flip_ms=80 drawcalls-since-flip=177 drawcalls-total=20302 fail-total=0 null-skips-total=0
[22:40:11] [info] flip-probe: flip #260 ok=true present=3ms inter_flip_ms=46 drawcalls-since-flip=43 drawcalls-total=20731 fail-total=0 null-skips-total=0
[22:40:12] [info] flip-probe: flip #270 ok=true present=3ms inter_flip_ms=57 drawcalls-since-flip=45 drawcalls-total=21184 fail-total=0 null-skips-total=0
[22:40:12] [info] flip-probe: flip #280 ok=true present=3ms inter_flip_ms=54 drawcalls-since-flip=42 drawcalls-total=21610 fail-total=0 null-skips-total=0
[22:40:13] [info] flip-probe: flip #290 ok=true present=3ms inter_flip_ms=47 drawcalls-since-flip=42 drawcalls-total=22030 fail-total=0 null-skips-total=0
[22:40:13] [info] flip-probe: flip #300 ok=true present=3ms inter_flip_ms=48 drawcalls-since-flip=42 drawcalls-total=22450 fail-total=0 null-skips-total=0
[22:40:13] [info] alpha audit block 0: 7436 total drawcalls, 0 with alpha<255 (block pct_x10=0; global 0/20927 pct_x10=0); alpha-mod skipped: block=0 global=0
[22:40:13] [info] fastpath audit block 0: taken=7436 (idx8=7436) skipped=0 pct_x10=1000; global taken=20927 (idx8=20927) skipped=0 pct_x10=1000
[22:40:13] [info] primitive tally block 0: clear=201(hr=201) fill=0(hr=0) rect=0(hr=0) line=0(hr=0) tint=0 spotlight=0 (over 100 flips ending at flip 300)
[22:40:13] [info] color/alpha audit block 0: cmod_white=741 cmod_black=741 (idx=741) cmod_general=0 (idx=0) cmod_fb=0; alpha_taken=0 alpha_skipped=0 (global cmod=2247/741/693/0 idx=741/693 alpha=0/0)
[22:40:13] [info] phase timing block 0: drawcalls=9125 dc_total_ms=862 flip_inner_total_ms=1055 inter_flip_total_ms=9921 (per-flip avg x10: dc_ms=86 fi_ms=105 if_ms=992 derived audio+engine_ms=801; per-drawcall avg us_x10=945) [direct-vesa: presents=100 total_ms=303 avg_ms_x10=30 failed=0] [ablation: NO_DC_TIMING=0 CACHE_WINSURF=0 DIRECT_VESA=1]
[22:40:13] [info] kbd/audio block 0: kbd_irq=0 kbd_drain=0 ring_chunks=16 pump_pass=454 pic1_mask=0xb8 first_irq_ticks=0 install_ticks=0 vector_at_install=0x0083e430 pic1_mask_live=0x98 kbd_8042_stat=0x34 bios_kbd_head=0x0030 bios_kbd_tail=0x0030 bios_kbd_buf0=0x1e61
[22:40:13] [info] [tile-speedup-stat n=100 drawtile_us=48.37 raw_blit_us=51.27 ratio=0.94]
[22:40:13] [info] audio/engine split block 0: audio_mixer_calls=220 audio_mixer_ms_x10=47 engine_tick_calls=0 engine_tick_ms_x10=0 audio_service_calls=0 audio_service_ms_x10=0 (per-flip avg; per-call us_x10: audio_mix=21784 engine_tick=0 audio_service=0; global ns: audio_mix=894979805 engine_tick=12654245792 audio_service=0)
[22:40:13] [info] dirty-rect block @flip=300: total_calls=100 dirty_rects_avg=1 dirty_pct_x10=1000 forced_full=0 first_n_force=0 threshold_exceeded=0 dirty_path_taken=0 full_flush_taken=0
[22:40:13] [info] prev-frame-diff block @flip=300: diff_calls=0 diff_rects_avg=0 diff_dirty_pct_x10=0 bbox_pct_x10=0 bbox_thresh_exceeded=0
[22:40:14] [info] backdrop cache: thrashing-detect engaged (streak=64, route=direct)
[22:40:14] [info] flip-probe: flip #310 ok=true present=3ms inter_flip_ms=53 drawcalls-since-flip=42 drawcalls-total=22970 fail-total=0 null-skips-total=0
[22:40:14] [info] flip-probe: flip #320 ok=true present=3ms inter_flip_ms=46 drawcalls-since-flip=43 drawcalls-total=23396 fail-total=0 null-skips-total=0
[22:40:15] [info] flip-probe: flip #330 ok=true present=4ms inter_flip_ms=45 drawcalls-since-flip=43 drawcalls-total=23826 fail-total=0 null-skips-total=0
[22:40:15] [info] flip-probe: flip #340 ok=true present=3ms inter_flip_ms=68 drawcalls-since-flip=45 drawcalls-total=24262 fail-total=0 null-skips-total=0
[22:40:16] [info] flip-probe: flip #350 ok=true present=3ms inter_flip_ms=43 drawcalls-since-flip=42 drawcalls-total=24689 fail-total=0 null-skips-total=0
[22:40:16] [info] run_tick_fixed #600: heartbeat (loop alive)
[22:40:16] [info] flip-probe: flip #360 ok=true present=4ms inter_flip_ms=69 drawcalls-since-flip=43 drawcalls-total=25116 fail-total=0 null-skips-total=0
[22:40:17] [info] backdrop cache: thrashing-detect engaged (streak=124, route=direct)
[22:40:17] [info] flip-probe: flip #370 ok=true present=3ms inter_flip_ms=50 drawcalls-since-flip=14 drawcalls-total=25341 fail-total=0 null-skips-total=0
[22:40:18] [info] flip-probe: flip #380 ok=true present=3ms inter_flip_ms=51 drawcalls-since-flip=17 drawcalls-total=25506 fail-total=0 null-skips-total=0
[22:40:18] [info] flip-probe: flip #390 ok=true present=3ms inter_flip_ms=51 drawcalls-since-flip=14 drawcalls-total=25654 fail-total=0 null-skips-total=0
[22:40:19] [info] flip-probe: flip #400 ok=true present=3ms inter_flip_ms=46 drawcalls-since-flip=14 drawcalls-total=25794 fail-total=0 null-skips-total=0
[22:40:19] [info] alpha audit block 0: 2425 total drawcalls, 0 with alpha<255 (block pct_x10=0; global 0/23352 pct_x10=0); alpha-mod skipped: block=0 global=0
[22:40:19] [info] fastpath audit block 0: taken=2425 (idx8=2425) skipped=0 pct_x10=1000; global taken=23352 (idx8=23352) skipped=0 pct_x10=1000
[22:40:19] [info] primitive tally block 0: clear=200(hr=200) fill=0(hr=0) rect=0(hr=0) line=0(hr=0) tint=0 spotlight=0 (over 100 flips ending at flip 400)
[22:40:19] [info] color/alpha audit block 0: cmod_white=819 cmod_black=819 (idx=819) cmod_general=0 (idx=0) cmod_fb=0; alpha_taken=0 alpha_skipped=0 (global cmod=3066/1560/693/0 idx=1560/693 alpha=0/0)
[22:40:19] [info] phase timing block 0: drawcalls=4263 dc_total_ms=603 flip_inner_total_ms=1120 inter_flip_total_ms=5312 (per-flip avg x10: dc_ms=60 fi_ms=112 if_ms=531 derived audio+engine_ms=359; per-drawcall avg us_x10=1414) [direct-vesa: presents=100 total_ms=304 avg_ms_x10=30 failed=0] [ablation: NO_DC_TIMING=0 CACHE_WINSURF=0 DIRECT_VESA=1]
[22:40:19] [info] kbd/audio block 0: kbd_irq=0 kbd_drain=0 ring_chunks=16 pump_pass=719 pic1_mask=0xb8 first_irq_ticks=0 install_ticks=0 vector_at_install=0x0083e430 pic1_mask_live=0x98 kbd_8042_stat=0x34 bios_kbd_head=0x0030 bios_kbd_tail=0x0030 bios_kbd_buf0=0x1e61
[22:40:19] [info] audio/engine split block 0: audio_mixer_calls=228 audio_mixer_ms_x10=49 engine_tick_calls=0 engine_tick_ms_x10=0 audio_service_calls=0 audio_service_ms_x10=0 (per-flip avg; per-call us_x10: audio_mix=21721 engine_tick=0 audio_service=0; global ns: audio_mix=1390231153 engine_tick=12654245792 audio_service=0)
[22:40:19] [info] dirty-rect block @flip=400: total_calls=0 dirty_rects_avg=1 dirty_pct_x10=1000 forced_full=0 first_n_force=0 threshold_exceeded=0 dirty_path_taken=0 full_flush_taken=0
[22:40:19] [info] prev-frame-diff block @flip=400: diff_calls=0 diff_rects_avg=0 diff_dirty_pct_x10=0 bbox_pct_x10=0 bbox_thresh_exceeded=0
[22:40:19] [info]  >> Entering stage 17: 'Yamashita Farm'.
[22:40:19] [info] [skip-sheet-flush] cave=4
[22:40:20] [info] [load-stage] preloading entry music song=13 (cave=4)
[22:40:20] [info] [music-dispatch] tick=752 song=13 (prev 9)
[22:40:23] [info] Organya pre-render: cache HIT PLANT (4741632 bytes from CACHE; 2 ch; synth skipped).
[22:40:23] [info] gameloop: entered (curmap=17, running=1)
[22:40:23] [info] gameloop: iter 1 ticks=58559 mapno=-1
[22:40:23] [info] mds-clear-lut: rebuilt N=240 entries (k_skip=33% k_keep=67%; curmap=17 map_size=40x16; rebuild #2 since boot)
[22:40:23] [info] gameloop: iter 2 ticks=58767 mapno=-1
[22:40:23] [info] tas: stall frame 207 ms -> contributing 1 tick (patch 0286)
[22:40:23] [info] flip-probe: flip #410 ok=true present=3ms inter_flip_ms=94 drawcalls-since-flip=400 drawcalls-total=28590 fail-total=0 null-skips-total=0
[22:40:23] [info] gameloop: iter 3 ticks=58866 mapno=-1
[22:40:24] [info] flip-probe: flip #420 ok=true present=3ms inter_flip_ms=60 drawcalls-since-flip=133 drawcalls-total=31161 fail-total=0 null-skips-total=0
[22:40:25] [info] flip-probe: flip #430 ok=true present=3ms inter_flip_ms=62 drawcalls-since-flip=133 drawcalls-total=32527 fail-total=0 null-skips-total=0
[22:40:25] [info] backdrop cache: thrashing-detect engaged (streak=4, route=direct)
[22:40:25] [info] flip-probe: flip #440 ok=true present=3ms inter_flip_ms=82 drawcalls-since-flip=129 drawcalls-total=33884 fail-total=0 null-skips-total=0
[22:40:26] [info] flip-probe: flip #450 ok=true present=3ms inter_flip_ms=65 drawcalls-since-flip=138 drawcalls-total=35242 fail-total=0 null-skips-total=0
[22:40:26] [info] run_tick_fixed #900: heartbeat (loop alive)
[22:40:27] [info] flip-probe: flip #460 ok=true present=3ms inter_flip_ms=65 drawcalls-since-flip=141 drawcalls-total=36616 fail-total=0 null-skips-total=0
[22:40:28] [info] flip-probe: flip #470 ok=true present=3ms inter_flip_ms=70 drawcalls-since-flip=141 drawcalls-total=38036 fail-total=0 null-skips-total=0
[22:40:28] [info] flip-probe: flip #480 ok=true present=3ms inter_flip_ms=82 drawcalls-since-flip=135 drawcalls-total=39419 fail-total=0 null-skips-total=0
[22:40:29] [info] flip-probe: flip #490 ok=true present=3ms inter_flip_ms=61 drawcalls-since-flip=132 drawcalls-total=40694 fail-total=0 null-skips-total=0
[22:40:30] [info] backdrop cache: thrashing-detect engaged (streak=64, route=direct)
[22:40:30] [info] flip-probe: flip #500 ok=true present=3ms inter_flip_ms=67 drawcalls-since-flip=126 drawcalls-total=42009 fail-total=0 null-skips-total=0
[22:40:30] [info] alpha audit block 0: 14919 total drawcalls, 0 with alpha<255 (block pct_x10=0; global 0/38271 pct_x10=0); alpha-mod skipped: block=0 global=0
[22:40:30] [info] fastpath audit block 0: taken=14919 (idx8=14919) skipped=0 pct_x10=1000; global taken=38271 (idx8=38271) skipped=0 pct_x10=1000
[22:40:30] [info] primitive tally block 0: clear=201(hr=201) fill=0(hr=0) rect=0(hr=0) line=0(hr=0) tint=0 spotlight=0 (over 100 flips ending at flip 500)
[22:40:30] [info] color/alpha audit block 0: cmod_white=1196 cmod_black=1196 (idx=1196) cmod_general=0 (idx=0) cmod_fb=0; alpha_taken=0 alpha_skipped=0 (global cmod=4262/2756/693/0 idx=2756/693 alpha=0/0)
[22:40:30] [info] phase timing block 0: drawcalls=17543 dc_total_ms=1111 flip_inner_total_ms=1064 inter_flip_total_ms=11200 (per-flip avg x10: dc_ms=111 fi_ms=106 if_ms=1120 derived audio+engine_ms=903; per-drawcall avg us_x10=633) [direct-vesa: presents=100 total_ms=304 avg_ms_x10=30 failed=0] [ablation: NO_DC_TIMING=0 CACHE_WINSURF=0 DIRECT_VESA=1]
[22:40:30] [info] kbd/audio block 0: kbd_irq=0 kbd_drain=0 ring_chunks=16 pump_pass=1078 pic1_mask=0xb8 first_irq_ticks=0 install_ticks=0 vector_at_install=0x0083e430 pic1_mask_live=0x98 kbd_8042_stat=0x34 bios_kbd_head=0x0030 bios_kbd_tail=0x0030 bios_kbd_buf0=0x1e61
[22:40:30] [info] audio/engine split block 0: audio_mixer_calls=324 audio_mixer_ms_x10=70 engine_tick_calls=0 engine_tick_ms_x10=0 audio_service_calls=0 audio_service_ms_x10=0 (per-flip avg; per-call us_x10: audio_mix=21721 engine_tick=0 audio_service=0; global ns: audio_mix=2093999223 engine_tick=12654245792 audio_service=0)
[22:40:30] [info] dirty-rect block @flip=500: total_calls=0 dirty_rects_avg=1 dirty_pct_x10=1000 forced_full=0 first_n_force=0 threshold_exceeded=0 dirty_path_taken=0 full_flush_taken=0
[22:40:30] [info] prev-frame-diff block @flip=500: diff_calls=0 diff_rects_avg=0 diff_dirty_pct_x10=0 bbox_pct_x10=0 bbox_thresh_exceeded=0
[22:40:31] [info] flip-probe: flip #510 ok=true present=3ms inter_flip_ms=70 drawcalls-since-flip=127 drawcalls-total=43260 fail-total=0 null-skips-total=0
[22:40:31] [info] flip-probe: flip #520 ok=true present=3ms inter_flip_ms=67 drawcalls-since-flip=139 drawcalls-total=44530 fail-total=0 null-skips-total=0
[22:40:32] [info] flip-probe: flip #530 ok=true present=3ms inter_flip_ms=61 drawcalls-since-flip=115 drawcalls-total=45903 fail-total=0 null-skips-total=0
[22:40:33] [info] flip-probe: flip #540 ok=true present=3ms inter_flip_ms=63 drawcalls-since-flip=111 drawcalls-total=47042 fail-total=0 null-skips-total=0
[22:40:33] [info] flip-probe: flip #550 ok=true present=3ms inter_flip_ms=74 drawcalls-since-flip=110 drawcalls-total=48147 fail-total=0 null-skips-total=0
[22:40:34] [info] backdrop cache: thrashing-detect engaged (streak=124, route=direct)
[22:40:34] [info] flip-probe: flip #560 ok=true present=3ms inter_flip_ms=61 drawcalls-since-flip=102 drawcalls-total=49202 fail-total=0 null-skips-total=0
[22:40:34] [info] flip-probe: flip #570 ok=true present=4ms inter_flip_ms=62 drawcalls-since-flip=108 drawcalls-total=50248 fail-total=0 null-skips-total=0
[22:40:35] [info] flip-probe: flip #580 ok=true present=3ms inter_flip_ms=69 drawcalls-since-flip=111 drawcalls-total=51366 fail-total=0 null-skips-total=0
[22:40:36] [info] flip-probe: flip #590 ok=true present=3ms inter_flip_ms=74 drawcalls-since-flip=114 drawcalls-total=52461 fail-total=0 null-skips-total=0
[22:40:37] [info] flip-probe: flip #600 ok=true present=3ms inter_flip_ms=63 drawcalls-since-flip=121 drawcalls-total=53631 fail-total=0 null-skips-total=0
[22:40:37] [info] alpha audit block 0: 11158 total drawcalls, 0 with alpha<255 (block pct_x10=0; global 0/49429 pct_x10=0); alpha-mod skipped: block=0 global=0
[22:40:37] [info] fastpath audit block 0: taken=11158 (idx8=11158) skipped=0 pct_x10=1000; global taken=49429 (idx8=49429) skipped=0 pct_x10=1000
[22:40:37] [info] primitive tally block 0: clear=200(hr=200) fill=0(hr=0) rect=0(hr=0) line=0(hr=0) tint=0 spotlight=0 (over 100 flips ending at flip 600)
[22:40:37] [info] color/alpha audit block 0: cmod_white=364 cmod_black=364 (idx=364) cmod_general=0 (idx=0) cmod_fb=0; alpha_taken=0 alpha_skipped=0 (global cmod=4626/3120/693/0 idx=3120/693 alpha=0/0)
[22:40:37] [info] phase timing block 0: drawcalls=12100 dc_total_ms=765 flip_inner_total_ms=1031 inter_flip_total_ms=6730 (per-flip avg x10: dc_ms=76 fi_ms=103 if_ms=673 derived audio+engine_ms=494; per-drawcall avg us_x10=632) [direct-vesa: presents=100 total_ms=306 avg_ms_x10=30 failed=0] [ablation: NO_DC_TIMING=0 CACHE_WINSURF=0 DIRECT_VESA=1]
[22:40:37] [info] kbd/audio block 0: kbd_irq=0 kbd_drain=0 ring_chunks=16 pump_pass=1415 pic1_mask=0xb8 first_irq_ticks=0 install_ticks=0 vector_at_install=0x0083e430 pic1_mask_live=0x98 kbd_8042_stat=0x34 bios_kbd_head=0x0030 bios_kbd_tail=0x0030 bios_kbd_buf0=0x1e61
[22:40:37] [info] audio/engine split block 0: audio_mixer_calls=290 audio_mixer_ms_x10=63 engine_tick_calls=0 engine_tick_ms_x10=0 audio_service_calls=0 audio_service_ms_x10=0 (per-flip avg; per-call us_x10: audio_mix=21731 engine_tick=0 audio_service=0; global ns: audio_mix=2724208405 engine_tick=12654245792 audio_service=0)
[22:40:37] [info] dirty-rect block @flip=600: total_calls=0 dirty_rects_avg=1 dirty_pct_x10=1000 forced_full=0 first_n_force=0 threshold_exceeded=0 dirty_path_taken=0 full_flush_taken=0
[22:40:37] [info] prev-frame-diff block @flip=600: diff_calls=0 diff_rects_avg=0 diff_dirty_pct_x10=0 bbox_pct_x10=0 bbox_thresh_exceeded=0
[22:40:37] [info] flip-probe: flip #610 ok=true present=3ms inter_flip_ms=56 drawcalls-since-flip=115 drawcalls-total=54784 fail-total=0 null-skips-total=0
[22:40:38] [info] flip-probe: flip #620 ok=true present=4ms inter_flip_ms=71 drawcalls-since-flip=114 drawcalls-total=55926 fail-total=0 null-skips-total=0
[22:40:39] [info] flip-probe: flip #630 ok=true present=3ms inter_flip_ms=73 drawcalls-since-flip=107 drawcalls-total=58932 fail-total=0 null-skips-total=0
[22:40:39] [info]  >> Entering stage 11: 'Mimiga Village'.
[22:40:39] [info] [skip-sheet-flush] cave=5
[22:40:39] [info] [load-stage] preloading entry music song=9 (cave=5)
[22:40:39] [info] [music-dispatch] tick=1522 song=9 (prev 13)
[22:40:43] [info] Organya pre-render: cache HIT MURA (5927040 bytes from CACHE; 2 ch; synth skipped).
[22:40:43] [info] gameloop: entered (curmap=11, running=1)
[22:40:43] [info] gameloop: iter 1 ticks=79043 mapno=-1
[22:40:44] [info] mds-clear-lut: rebuilt N=240 entries (k_skip=0% k_keep=100%; curmap=11 map_size=60x60; rebuild #3 since boot)
[22:40:44] [info] gameloop: iter 2 ticks=79152 mapno=-1
[22:40:44] [info] gameloop: iter 3 ticks=79249 mapno=-1
[22:40:44] [info] backdrop cache: thrashing-detect engaged (streak=4, route=direct)
[22:40:44] [info] flip-probe: flip #640 ok=true present=3ms inter_flip_ms=48 drawcalls-since-flip=40 drawcalls-total=60992 fail-total=0 null-skips-total=0
[22:40:45] [info] flip-probe: flip #650 ok=true present=3ms inter_flip_ms=50 drawcalls-since-flip=40 drawcalls-total=61392 fail-total=0 null-skips-total=0
[22:40:45] [info] flip-probe: flip #660 ok=true present=4ms inter_flip_ms=47 drawcalls-since-flip=40 drawcalls-total=61792 fail-total=0 null-skips-total=0
[22:40:46] [info] flip-probe: flip #670 ok=true present=4ms inter_flip_ms=47 drawcalls-since-flip=40 drawcalls-total=62192 fail-total=0 null-skips-total=0
[22:40:46] [info] flip-probe: flip #680 ok=true present=3ms inter_flip_ms=47 drawcalls-since-flip=40 drawcalls-total=62596 fail-total=0 null-skips-total=0
[22:40:47] [info] flip-probe: flip #690 ok=true present=3ms inter_flip_ms=43 drawcalls-since-flip=40 drawcalls-total=62998 fail-total=0 null-skips-total=0
[22:40:47] [info] backdrop cache: thrashing-detect engaged (streak=64, route=direct)
[22:40:47] [info] flip-probe: flip #700 ok=true present=3ms inter_flip_ms=47 drawcalls-since-flip=41 drawcalls-total=63408 fail-total=0 null-skips-total=0
[22:40:47] [info] alpha audit block 0: 8767 total drawcalls, 0 with alpha<255 (block pct_x10=0; global 0/58196 pct_x10=0); alpha-mod skipped: block=0 global=0
[22:40:47] [info] fastpath audit block 0: taken=8767 (idx8=8767) skipped=0 pct_x10=1000; global taken=58196 (idx8=58196) skipped=0 pct_x10=1000
[22:40:47] [info] primitive tally block 0: clear=201(hr=201) fill=0(hr=0) rect=0(hr=0) line=0(hr=0) tint=0 spotlight=0 (over 100 flips ending at flip 700)
[22:40:47] [info] color/alpha audit block 0: cmod_white=910 cmod_black=910 (idx=910) cmod_general=0 (idx=0) cmod_fb=0; alpha_taken=0 alpha_skipped=0 (global cmod=5536/4030/693/0 idx=4030/693 alpha=0/0)
[22:40:47] [info] phase timing block 0: drawcalls=10823 dc_total_ms=990 flip_inner_total_ms=1063 inter_flip_total_ms=10860 (per-flip avg x10: dc_ms=99 fi_ms=106 if_ms=1086 derived audio+engine_ms=881; per-drawcall avg us_x10=914) [direct-vesa: presents=100 total_ms=307 avg_ms_x10=30 failed=0] [ablation: NO_DC_TIMING=0 CACHE_WINSURF=0 DIRECT_VESA=1]
[22:40:47] [info] kbd/audio block 0: kbd_irq=0 kbd_drain=0 ring_chunks=16 pump_pass=1715 pic1_mask=0xb8 first_irq_ticks=0 install_ticks=0 vector_at_install=0x0083e430 pic1_mask_live=0x98 kbd_8042_stat=0x34 bios_kbd_head=0x0030 bios_kbd_tail=0x0030 bios_kbd_buf0=0x1e61
[22:40:47] [info] audio/engine split block 0: audio_mixer_calls=267 audio_mixer_ms_x10=58 engine_tick_calls=0 engine_tick_ms_x10=0 audio_service_calls=0 audio_service_ms_x10=0 (per-flip avg; per-call us_x10: audio_mix=21767 engine_tick=0 audio_service=0; global ns: audio_mix=3305409906 engine_tick=12654245792 audio_service=0)
[22:40:47] [info] dirty-rect block @flip=700: total_calls=0 dirty_rects_avg=1 dirty_pct_x10=1000 forced_full=0 first_n_force=0 threshold_exceeded=0 dirty_path_taken=0 full_flush_taken=0
[22:40:47] [info] prev-frame-diff block @flip=700: diff_calls=0 diff_rects_avg=0 diff_dirty_pct_x10=0 bbox_pct_x10=0 bbox_thresh_exceeded=0
[22:40:48] [info] flip-probe: flip #710 ok=true present=3ms inter_flip_ms=46 drawcalls-since-flip=41 drawcalls-total=63823 fail-total=0 null-skips-total=0
[22:40:48] [info] flip-probe: flip #720 ok=true present=3ms inter_flip_ms=44 drawcalls-since-flip=41 drawcalls-total=64233 fail-total=0 null-skips-total=0
[22:40:49] [info] flip-probe: flip #730 ok=true present=3ms inter_flip_ms=46 drawcalls-since-flip=44 drawcalls-total=64658 fail-total=0 null-skips-total=0
[22:40:49] [info] flip-probe: flip #740 ok=true present=3ms inter_flip_ms=46 drawcalls-since-flip=44 drawcalls-total=65098 fail-total=0 null-skips-total=0
[22:40:50] [info] flip-probe: flip #750 ok=true present=3ms inter_flip_ms=45 drawcalls-since-flip=44 drawcalls-total=65538 fail-total=0 null-skips-total=0
[22:40:50] [info] backdrop cache: thrashing-detect engaged (streak=124, route=direct)
[22:40:50] [info] flip-probe: flip #760 ok=true present=4ms inter_flip_ms=42 drawcalls-since-flip=17 drawcalls-total=65714 fail-total=0 null-skips-total=0
[22:40:51] [info] flip-probe: flip #770 ok=true present=3ms inter_flip_ms=35 drawcalls-since-flip=17 drawcalls-total=65880 fail-total=0 null-skips-total=0
[22:40:51] [info] flip-probe: flip #780 ok=true present=3ms inter_flip_ms=47 drawcalls-since-flip=16 drawcalls-total=66047 fail-total=0 null-skips-total=0
[22:40:52] [info] flip-probe: flip #790 ok=true present=3ms inter_flip_ms=42 drawcalls-since-flip=16 drawcalls-total=66207 fail-total=0 null-skips-total=0
[22:40:52] [info] flip-probe: flip #800 ok=true present=3ms inter_flip_ms=42 drawcalls-since-flip=16 drawcalls-total=66367 fail-total=0 null-skips-total=0
[22:40:52] [info] alpha audit block 0: 2209 total drawcalls, 0 with alpha<255 (block pct_x10=0; global 0/60405 pct_x10=0); alpha-mod skipped: block=0 global=0
[22:40:52] [info] fastpath audit block 0: taken=2209 (idx8=2209) skipped=0 pct_x10=1000; global taken=60405 (idx8=60405) skipped=0 pct_x10=1000
[22:40:52] [info] primitive tally block 0: clear=200(hr=200) fill=0(hr=0) rect=0(hr=0) line=0(hr=0) tint=0 spotlight=0 (over 100 flips ending at flip 800)
[22:40:52] [info] color/alpha audit block 0: cmod_white=650 cmod_black=650 (idx=650) cmod_general=0 (idx=0) cmod_fb=0; alpha_taken=0 alpha_skipped=0 (global cmod=6186/4680/693/0 idx=4680/693 alpha=0/0)
[22:40:52] [info] phase timing block 0: drawcalls=3709 dc_total_ms=578 flip_inner_total_ms=1020 inter_flip_total_ms=4553 (per-flip avg x10: dc_ms=57 fi_ms=102 if_ms=455 derived audio+engine_ms=296; per-drawcall avg us_x10=1559) [direct-vesa: presents=100 total_ms=303 avg_ms_x10=30 failed=0] [ablation: NO_DC_TIMING=0 CACHE_WINSURF=0 DIRECT_VESA=1]
[22:40:52] [info] kbd/audio block 0: kbd_irq=0 kbd_drain=0 ring_chunks=16 pump_pass=1943 pic1_mask=0xb8 first_irq_ticks=0 install_ticks=0 vector_at_install=0x0083e430 pic1_mask_live=0x98 kbd_8042_stat=0x34 bios_kbd_head=0x0030 bios_kbd_tail=0x0030 bios_kbd_buf0=0x1e61
[22:40:52] [info] audio/engine split block 0: audio_mixer_calls=196 audio_mixer_ms_x10=42 engine_tick_calls=0 engine_tick_ms_x10=0 audio_service_calls=0 audio_service_ms_x10=0 (per-flip avg; per-call us_x10: audio_mix=21752 engine_tick=0 audio_service=0; global ns: audio_mix=3731766366 engine_tick=12654245792 audio_service=0)
[22:40:52] [info] dirty-rect block @flip=800: total_calls=0 dirty_rects_avg=1 dirty_pct_x10=1000 forced_full=0 first_n_force=0 threshold_exceeded=0 dirty_path_taken=0 full_flush_taken=0
[22:40:52] [info] prev-frame-diff block @flip=800: diff_calls=0 diff_rects_avg=0 diff_dirty_pct_x10=0 bbox_pct_x10=0 bbox_thresh_exceeded=0
[22:40:52] [info] flip-probe: flip #810 ok=true present=3ms inter_flip_ms=43 drawcalls-since-flip=16 drawcalls-total=66527 fail-total=0 null-skips-total=0
[22:40:53] [info] backdrop cache: thrashing-detect engaged (streak=184, route=direct)
[22:40:53] [info] flip-probe: flip #820 ok=true present=3ms inter_flip_ms=54 drawcalls-since-flip=27 drawcalls-total=66797 fail-total=0 null-skips-total=0
[22:40:54] [info] flip-probe: flip #830 ok=true present=3ms inter_flip_ms=44 drawcalls-since-flip=24 drawcalls-total=67046 fail-total=0 null-skips-total=0
[22:40:54] [info] flip-probe: flip #840 ok=true present=3ms inter_flip_ms=53 drawcalls-since-flip=216 drawcalls-total=67813 fail-total=0 null-skips-total=0
[22:40:55] [info]  >> Entering stage 15: 'Reservoir'.
[22:40:55] [info] [skip-sheet-flush] cave=6
[22:40:55] [info] [load-stage] preloading entry music song=9 (cave=6)
[22:40:55] [info] gameloop: entered (curmap=15, running=1)
[22:40:55] [info] gameloop: iter 1 ticks=90476 mapno=-1
[22:40:55] [info] mds-clear-lut: rebuilt N=240 entries (k_skip=13% k_keep=87%; curmap=15 map_size=40x20; rebuild #4 since boot)
[22:40:55] [info] gameloop: iter 2 ticks=90575 mapno=-1
[22:40:55] [info] gameloop: iter 3 ticks=90666 mapno=-1
[22:40:55] [info] flip-probe: flip #850 ok=true present=3ms inter_flip_ms=91 drawcalls-since-flip=336 drawcalls-total=70618 fail-total=0 null-skips-total=0
[22:40:56] [info] flip-probe: flip #860 ok=true present=3ms inter_flip_ms=44 drawcalls-since-flip=31 drawcalls-total=71938 fail-total=0 null-skips-total=0
[22:40:56] [info] flip-probe: flip #870 ok=true present=3ms inter_flip_ms=43 drawcalls-since-flip=31 drawcalls-total=72248 fail-total=0 null-skips-total=0
[22:40:57] [info] flip-probe: flip #880 ok=true present=3ms inter_flip_ms=62 drawcalls-since-flip=31 drawcalls-total=72558 fail-total=0 null-skips-total=0
[22:40:57] [info] backdrop cache: thrashing-detect engaged (streak=4, route=direct)
[22:40:57] [info] flip-probe: flip #890 ok=true present=3ms inter_flip_ms=50 drawcalls-since-flip=34 drawcalls-total=72888 fail-total=0 null-skips-total=0
[22:40:58] [info] flip-probe: flip #900 ok=true present=3ms inter_flip_ms=48 drawcalls-since-flip=31 drawcalls-total=73208 fail-total=0 null-skips-total=0
[22:40:58] [info] alpha audit block 0: 6264 total drawcalls, 0 with alpha<255 (block pct_x10=0; global 0/66669 pct_x10=0); alpha-mod skipped: block=0 global=0
[22:40:58] [info] fastpath audit block 0: taken=6264 (idx8=6264) skipped=0 pct_x10=1000; global taken=66669 (idx8=66669) skipped=0 pct_x10=1000
[22:40:58] [info] primitive tally block 0: clear=201(hr=201) fill=0(hr=0) rect=0(hr=0) line=0(hr=0) tint=0 spotlight=0 (over 100 flips ending at flip 900)
[22:40:58] [info] color/alpha audit block 0: cmod_white=477 cmod_black=477 (idx=477) cmod_general=0 (idx=0) cmod_fb=0; alpha_taken=0 alpha_skipped=0 (global cmod=6663/5157/693/0 idx=5157/693 alpha=0/0)
[22:40:58] [info] phase timing block 0: drawcalls=7454 dc_total_ms=935 flip_inner_total_ms=1110 inter_flip_total_ms=5899 (per-flip avg x10: dc_ms=93 fi_ms=111 if_ms=589 derived audio+engine_ms=385; per-drawcall avg us_x10=1254) [direct-vesa: presents=100 total_ms=303 avg_ms_x10=30 failed=0] [ablation: NO_DC_TIMING=0 CACHE_WINSURF=0 DIRECT_VESA=1]
[22:40:58] [info] kbd/audio block 0: kbd_irq=0 kbd_drain=0 ring_chunks=16 pump_pass=2214 pic1_mask=0xb8 first_irq_ticks=0 install_ticks=0 vector_at_install=0x0083e430 pic1_mask_live=0x98 kbd_8042_stat=0x34 bios_kbd_head=0x0030 bios_kbd_tail=0x0030 bios_kbd_buf0=0x1e61
[22:40:58] [info] audio/engine split block 0: audio_mixer_calls=244 audio_mixer_ms_x10=53 engine_tick_calls=0 engine_tick_ms_x10=0 audio_service_calls=0 audio_service_ms_x10=0 (per-flip avg; per-call us_x10: audio_mix=21819 engine_tick=0 audio_service=0; global ns: audio_mix=4264165500 engine_tick=12654245792 audio_service=0)
[22:40:58] [info] dirty-rect block @flip=900: total_calls=0 dirty_rects_avg=1 dirty_pct_x10=1000 forced_full=0 first_n_force=0 threshold_exceeded=0 dirty_path_taken=0 full_flush_taken=0
[22:40:58] [info] prev-frame-diff block @flip=900: diff_calls=0 diff_rects_avg=0 diff_dirty_pct_x10=0 bbox_pct_x10=0 bbox_thresh_exceeded=0
[22:40:58] [info] flip-probe: flip #910 ok=true present=3ms inter_flip_ms=46 drawcalls-since-flip=32 drawcalls-total=73522 fail-total=0 null-skips-total=0
[22:40:59] [info] flip-probe: flip #920 ok=true present=3ms inter_flip_ms=44 drawcalls-since-flip=33 drawcalls-total=73841 fail-total=0 null-skips-total=0
[22:40:59] [info] flip-probe: flip #930 ok=true present=3ms inter_flip_ms=42 drawcalls-since-flip=33 drawcalls-total=74171 fail-total=0 null-skips-total=0
[22:41:00] [info] flip-probe: flip #940 ok=true present=3ms inter_flip_ms=38 drawcalls-since-flip=34 drawcalls-total=74516 fail-total=0 null-skips-total=0
[22:41:00] [info] backdrop cache: thrashing-detect engaged (streak=64, route=direct)
[22:41:00] [info] flip-probe: flip #950 ok=true present=3ms inter_flip_ms=44 drawcalls-since-flip=35 drawcalls-total=74865 fail-total=0 null-skips-total=0
[22:41:01] [info] flip-probe: flip #960 ok=true present=4ms inter_flip_ms=42 drawcalls-since-flip=34 drawcalls-total=75211 fail-total=0 null-skips-total=0
[22:41:01] [info] flip-probe: flip #970 ok=true present=3ms inter_flip_ms=41 drawcalls-since-flip=17 drawcalls-total=75497 fail-total=0 null-skips-total=0
[22:41:02] [info] flip-probe: flip #980 ok=true present=3ms inter_flip_ms=43 drawcalls-since-flip=18 drawcalls-total=75672 fail-total=0 null-skips-total=0
[22:41:02] [info] flip-probe: flip #990 ok=true present=3ms inter_flip_ms=43 drawcalls-since-flip=17 drawcalls-total=75842 fail-total=0 null-skips-total=0
[22:41:02] [info] flip-probe: flip #1000 ok=true present=3ms inter_flip_ms=50 drawcalls-since-flip=14 drawcalls-total=75993 fail-total=0 null-skips-total=0
[22:41:02] [info] alpha audit block 0: 2082 total drawcalls, 0 with alpha<255 (block pct_x10=0; global 0/68751 pct_x10=0); alpha-mod skipped: block=0 global=0
[22:41:03] [info] fastpath audit block 0: taken=2082 (idx8=2082) skipped=0 pct_x10=1000; global taken=68751 (idx8=68751) skipped=0 pct_x10=1000
[22:41:03] [info] primitive tally block 0: clear=200(hr=200) fill=0(hr=0) rect=0(hr=0) line=0(hr=0) tint=0 spotlight=0 (over 100 flips ending at flip 1000)
[22:41:03] [info] color/alpha audit block 0: cmod_white=603 cmod_black=603 (idx=603) cmod_general=0 (idx=0) cmod_fb=0; alpha_taken=0 alpha_skipped=0 (global cmod=7266/5760/693/0 idx=5760/693 alpha=0/0)
[22:41:03] [info] phase timing block 0: drawcalls=3488 dc_total_ms=541 flip_inner_total_ms=1046 inter_flip_total_ms=4617 (per-flip avg x10: dc_ms=54 fi_ms=104 if_ms=461 derived audio+engine_ms=303; per-drawcall avg us_x10=1551) [direct-vesa: presents=100 total_ms=304 avg_ms_x10=30 failed=0] [ablation: NO_DC_TIMING=0 CACHE_WINSURF=0 DIRECT_VESA=1]
[22:41:03] [info] kbd/audio block 0: kbd_irq=0 kbd_drain=0 ring_chunks=16 pump_pass=2445 pic1_mask=0xb8 first_irq_ticks=0 install_ticks=0 vector_at_install=0x0083e430 pic1_mask_live=0x98 kbd_8042_stat=0x34 bios_kbd_head=0x0030 bios_kbd_tail=0x0030 bios_kbd_buf0=0x1e61
[22:41:03] [info] audio/engine split block 0: audio_mixer_calls=199 audio_mixer_ms_x10=43 engine_tick_calls=0 engine_tick_ms_x10=0 audio_service_calls=0 audio_service_ms_x10=0 (per-flip avg; per-call us_x10: audio_mix=21877 engine_tick=0 audio_service=0; global ns: audio_mix=4699526473 engine_tick=12654245792 audio_service=0)
[22:41:03] [info] dirty-rect block @flip=1000: total_calls=0 dirty_rects_avg=1 dirty_pct_x10=1000 forced_full=0 first_n_force=0 threshold_exceeded=0 dirty_path_taken=0 full_flush_taken=0
[22:41:03] [info] prev-frame-diff block @flip=1000: diff_calls=0 diff_rects_avg=0 diff_dirty_pct_x10=0 bbox_pct_x10=0 bbox_thresh_exceeded=0
[22:41:03] [info] tas: stall frame 328 ms -> contributing 1 tick (patch 0286)
[22:41:03] [info] backdrop cache: thrashing-detect engaged (streak=124, route=direct)
[22:41:03] [info] flip-probe: flip #1010 ok=true present=3ms inter_flip_ms=49 drawcalls-since-flip=14 drawcalls-total=76131 fail-total=0 null-skips-total=0
[22:41:04] [info] flip-probe: flip #1020 ok=true present=3ms inter_flip_ms=43 drawcalls-since-flip=16 drawcalls-total=76287 fail-total=0 null-skips-total=0
[22:41:04] [info] flip-probe: flip #1030 ok=true present=3ms inter_flip_ms=47 drawcalls-since-flip=15 drawcalls-total=76443 fail-total=0 null-skips-total=0
[22:41:04] [info] backdrop cache: thrashing-detect engaged (streak=4, route=direct)
[22:41:05] [info] flip-probe: flip #1040 ok=true present=3ms inter_flip_ms=43 drawcalls-since-flip=13 drawcalls-total=76579 fail-total=0 null-skips-total=0
[22:41:05] [info] flip-probe: flip #1050 ok=true present=3ms inter_flip_ms=45 drawcalls-since-flip=13 drawcalls-total=76709 fail-total=0 null-skips-total=0
[22:41:06] [info] flip-probe: flip #1060 ok=true present=3ms inter_flip_ms=44 drawcalls-since-flip=13 drawcalls-total=76839 fail-total=0 null-skips-total=0
[22:41:06] [info] flip-probe: flip #1070 ok=true present=3ms inter_flip_ms=37 drawcalls-since-flip=13 drawcalls-total=76969 fail-total=0 null-skips-total=0
[22:41:06] [info] flip-probe: flip #1080 ok=true present=3ms inter_flip_ms=43 drawcalls-since-flip=13 drawcalls-total=77099 fail-total=0 null-skips-total=0
[22:41:07] [info] flip-probe: flip #1090 ok=true present=3ms inter_flip_ms=41 drawcalls-since-flip=13 drawcalls-total=77229 fail-total=0 null-skips-total=0
[22:41:07] [info] backdrop cache: thrashing-detect engaged (streak=64, route=direct)
[22:41:07] [info] flip-probe: flip #1100 ok=true present=3ms inter_flip_ms=37 drawcalls-since-flip=13 drawcalls-total=77359 fail-total=0 null-skips-total=0
[22:41:07] [info] alpha audit block 0: 1266 total drawcalls, 0 with alpha<255 (block pct_x10=0; global 0/70017 pct_x10=0); alpha-mod skipped: block=0 global=0
[22:41:07] [info] fastpath audit block 0: taken=1266 (idx8=1266) skipped=0 pct_x10=1000; global taken=70017 (idx8=70017) skipped=0 pct_x10=1000
[22:41:07] [info] primitive tally block 0: clear=200(hr=200) fill=0(hr=0) rect=0(hr=0) line=0(hr=0) tint=0 spotlight=0 (over 100 flips ending at flip 1100)
[22:41:07] [info] phase timing block 0: drawcalls=1491 dc_total_ms=596 flip_inner_total_ms=1029 inter_flip_total_ms=4885 (per-flip avg x10: dc_ms=59 fi_ms=102 if_ms=488 derived audio+engine_ms=327; per-drawcall avg us_x10=4000) [direct-vesa: presents=100 total_ms=305 avg_ms_x10=30 failed=0] [ablation: NO_DC_TIMING=0 CACHE_WINSURF=0 DIRECT_VESA=1]
[22:41:07] [info] kbd/audio block 0: kbd_irq=0 kbd_drain=0 ring_chunks=16 pump_pass=2674 pic1_mask=0xb8 first_irq_ticks=0 install_ticks=0 vector_at_install=0x0083e430 pic1_mask_live=0x98 kbd_8042_stat=0x34 bios_kbd_head=0x0030 bios_kbd_tail=0x0030 bios_kbd_buf0=0x1e61
[22:41:07] [info] audio/engine split block 0: audio_mixer_calls=206 audio_mixer_ms_x10=44 engine_tick_calls=0 engine_tick_ms_x10=0 audio_service_calls=0 audio_service_ms_x10=0 (per-flip avg; per-call us_x10: audio_mix=21620 engine_tick=0 audio_service=0; global ns: audio_mix=5144916106 engine_tick=12654245792 audio_service=0)
[22:41:07] [info] dirty-rect block @flip=1100: total_calls=0 dirty_rects_avg=1 dirty_pct_x10=1000 forced_full=0 first_n_force=0 threshold_exceeded=0 dirty_path_taken=0 full_flush_taken=0
[22:41:07] [info] prev-frame-diff block @flip=1100: diff_calls=0 diff_rects_avg=0 diff_dirty_pct_x10=0 bbox_pct_x10=0 bbox_thresh_exceeded=0
[22:41:08] [info] flip-probe: flip #1110 ok=true present=3ms inter_flip_ms=45 drawcalls-since-flip=13 drawcalls-total=77489 fail-total=0 null-skips-total=0
[22:41:08] [info] run_tick_fixed #2700: heartbeat (loop alive)
[22:41:08] [info] flip-probe: flip #1120 ok=true present=3ms inter_flip_ms=68 drawcalls-since-flip=318 drawcalls-total=79749 fail-total=0 null-skips-total=0
[22:41:09] [info]  >> Entering stage 11: 'Mimiga Village'.
[22:41:09] [info] [skip-sheet-flush] cave=7
[22:41:09] [info] [load-stage] preloading entry music song=9 (cave=7)
[22:41:09] [info] gameloop: entered (curmap=11, running=1)
[22:41:09] [info] gameloop: iter 1 ticks=104556 mapno=-1
[22:41:09] [info] mds-clear-lut: rebuilt N=240 entries (k_skip=0% k_keep=100%; curmap=11 map_size=60x60; rebuild #5 since boot)
[22:41:09] [info] gameloop: iter 2 ticks=104656 mapno=-1
[22:41:09] [info] gameloop: iter 3 ticks=104751 mapno=-1
[22:41:10] [info] flip-probe: flip #1130 ok=true present=3ms inter_flip_ms=50 drawcalls-since-flip=107 drawcalls-total=82141 fail-total=0 null-skips-total=0
[22:41:10] [info] flip-probe: flip #1140 ok=true present=3ms inter_flip_ms=45 drawcalls-since-flip=42 drawcalls-total=82571 fail-total=0 null-skips-total=0
[22:41:11] [info] flip-probe: flip #1150 ok=true present=3ms inter_flip_ms=45 drawcalls-since-flip=42 drawcalls-total=82991 fail-total=0 null-skips-total=0
[22:41:11] [info] flip-probe: flip #1160 ok=true present=3ms inter_flip_ms=64 drawcalls-since-flip=51 drawcalls-total=83464 fail-total=0 null-skips-total=0
[22:41:12] [info] backdrop cache: thrashing-detect engaged (streak=4, route=direct)
[22:41:12] [info] flip-probe: flip #1170 ok=true present=3ms inter_flip_ms=70 drawcalls-since-flip=48 drawcalls-total=83950 fail-total=0 null-skips-total=0
[22:41:12] [info] flip-probe: flip #1180 ok=true present=3ms inter_flip_ms=46 drawcalls-since-flip=44 drawcalls-total=84413 fail-total=0 null-skips-total=0
[22:41:13] [info] flip-probe: flip #1190 ok=true present=3ms inter_flip_ms=48 drawcalls-since-flip=44 drawcalls-total=84859 fail-total=0 null-skips-total=0
[22:41:13] [info] flip-probe: flip #1200 ok=true present=3ms inter_flip_ms=49 drawcalls-since-flip=46 drawcalls-total=85294 fail-total=0 null-skips-total=0
[22:41:13] [info] alpha audit block 0: 6821 total drawcalls, 0 with alpha<255 (block pct_x10=0; global 0/76838 pct_x10=0); alpha-mod skipped: block=0 global=0
[22:41:13] [info] fastpath audit block 0: taken=6821 (idx8=6821) skipped=0 pct_x10=1000; global taken=76838 (idx8=76838) skipped=0 pct_x10=1000
[22:41:13] [info] primitive tally block 0: clear=201(hr=201) fill=0(hr=0) rect=0(hr=0) line=0(hr=0) tint=0 spotlight=0 (over 100 flips ending at flip 1200)
[22:41:13] [info] color/alpha audit block 0: cmod_white=1014 cmod_black=1014 (idx=1014) cmod_general=0 (idx=0) cmod_fb=0; alpha_taken=0 alpha_skipped=0 (global cmod=8280/6774/693/0 idx=6774/693 alpha=0/0)
[22:41:13] [info] phase timing block 0: drawcalls=9092 dc_total_ms=1024 flip_inner_total_ms=1076 inter_flip_total_ms=6019 (per-flip avg x10: dc_ms=102 fi_ms=107 if_ms=601 derived audio+engine_ms=392; per-drawcall avg us_x10=1126) [direct-vesa: presents=100 total_ms=302 avg_ms_x10=30 failed=0] [ablation: NO_DC_TIMING=0 CACHE_WINSURF=0 DIRECT_VESA=1]
[22:41:13] [info] kbd/audio block 0: kbd_irq=0 kbd_drain=0 ring_chunks=16 pump_pass=2951 pic1_mask=0xb8 first_irq_ticks=0 install_ticks=0 vector_at_install=0x0083e430 pic1_mask_live=0x98 kbd_8042_stat=0x34 bios_kbd_head=0x0030 bios_kbd_tail=0x0030 bios_kbd_buf0=0x1e61
[22:41:13] [info] audio/engine split block 0: audio_mixer_calls=246 audio_mixer_ms_x10=53 engine_tick_calls=0 engine_tick_ms_x10=0 audio_service_calls=0 audio_service_ms_x10=0 (per-flip avg; per-call us_x10: audio_mix=21744 engine_tick=0 audio_service=0; global ns: audio_mix=5679827016 engine_tick=12654245792 audio_service=0)
[22:41:13] [info] dirty-rect block @flip=1200: total_calls=0 dirty_rects_avg=1 dirty_pct_x10=1000 forced_full=0 first_n_force=0 threshold_exceeded=0 dirty_path_taken=0 full_flush_taken=0
[22:41:13] [info] prev-frame-diff block @flip=1200: diff_calls=0 diff_rects_avg=0 diff_dirty_pct_x10=0 bbox_pct_x10=0 bbox_thresh_exceeded=0
[22:41:14] [info] flip-probe: flip #1210 ok=true present=3ms inter_flip_ms=49 drawcalls-since-flip=44 drawcalls-total=85737 fail-total=0 null-skips-total=0
[22:41:14] [info] run_tick_fixed #3000: heartbeat (loop alive)
[22:41:14] [info] flip-probe: flip #1220 ok=true present=3ms inter_flip_ms=47 drawcalls-since-flip=44 drawcalls-total=86177 fail-total=0 null-skips-total=0
[22:41:15] [info] backdrop cache: thrashing-detect engaged (streak=64, route=direct)
[22:41:15] [info] flip-probe: flip #1230 ok=true present=3ms inter_flip_ms=50 drawcalls-since-flip=44 drawcalls-total=86617 fail-total=0 null-skips-total=0
[22:41:15] [info] flip-probe: flip #1240 ok=true present=3ms inter_flip_ms=46 drawcalls-since-flip=44 drawcalls-total=87057 fail-total=0 null-skips-total=0
[22:41:16] [info] flip-probe: flip #1250 ok=true present=3ms inter_flip_ms=45 drawcalls-since-flip=17 drawcalls-total=87280 fail-total=0 null-skips-total=0
[22:41:16] [info] flip-probe: flip #1260 ok=true present=4ms inter_flip_ms=46 drawcalls-since-flip=16 drawcalls-total=87449 fail-total=0 null-skips-total=0
[22:41:17] [info] flip-probe: flip #1270 ok=true present=4ms inter_flip_ms=38 drawcalls-since-flip=16 drawcalls-total=87609 fail-total=0 null-skips-total=0
[22:41:17] [info] flip-probe: flip #1280 ok=true present=3ms inter_flip_ms=47 drawcalls-since-flip=18 drawcalls-total=87777 fail-total=0 null-skips-total=0
[22:41:18] [info] backdrop cache: thrashing-detect engaged (streak=124, route=direct)
[22:41:18] [info] flip-probe: flip #1290 ok=true present=3ms inter_flip_ms=45 drawcalls-since-flip=18 drawcalls-total=87957 fail-total=0 null-skips-total=0
[22:41:18] [info] flip-probe: flip #1300 ok=true present=4ms inter_flip_ms=50 drawcalls-since-flip=18 drawcalls-total=88137 fail-total=0 null-skips-total=0
[22:41:18] [info] alpha audit block 0: 2197 total drawcalls, 0 with alpha<255 (block pct_x10=0; global 0/79035 pct_x10=0); alpha-mod skipped: block=0 global=0
[22:41:18] [info] fastpath audit block 0: taken=2197 (idx8=2197) skipped=0 pct_x10=1000; global taken=79035 (idx8=79035) skipped=0 pct_x10=1000
[22:41:18] [info] primitive tally block 0: clear=200(hr=200) fill=0(hr=0) rect=0(hr=0) line=0(hr=0) tint=0 spotlight=0 (over 100 flips ending at flip 1300)
[22:41:18] [info] color/alpha audit block 0: cmod_white=546 cmod_black=546 (idx=546) cmod_general=0 (idx=0) cmod_fb=0; alpha_taken=0 alpha_skipped=0 (global cmod=8826/7320/693/0 idx=7320/693 alpha=0/0)
[22:41:18] [info] phase timing block 0: drawcalls=3489 dc_total_ms=575 flip_inner_total_ms=1031 inter_flip_total_ms=4872 (per-flip avg x10: dc_ms=57 fi_ms=103 if_ms=487 derived audio+engine_ms=327; per-drawcall avg us_x10=1649) [direct-vesa: presents=100 total_ms=308 avg_ms_x10=30 failed=0] [ablation: NO_DC_TIMING=0 CACHE_WINSURF=0 DIRECT_VESA=1]
[22:41:18] [info] kbd/audio block 0: kbd_irq=0 kbd_drain=0 ring_chunks=16 pump_pass=3194 pic1_mask=0xb8 first_irq_ticks=0 install_ticks=0 vector_at_install=0x0083e430 pic1_mask_live=0x98 kbd_8042_stat=0x34 bios_kbd_head=0x0030 bios_kbd_tail=0x0030 bios_kbd_buf0=0x1e61
[22:41:18] [info] audio/engine split block 0: audio_mixer_calls=210 audio_mixer_ms_x10=45 engine_tick_calls=0 engine_tick_ms_x10=0 audio_service_calls=0 audio_service_ms_x10=0 (per-flip avg; per-call us_x10: audio_mix=21737 engine_tick=0 audio_service=0; global ns: audio_mix=6136323098 engine_tick=12654245792 audio_service=0)
[22:41:18] [info] dirty-rect block @flip=1300: total_calls=0 dirty_rects_avg=1 dirty_pct_x10=1000 forced_full=0 first_n_force=0 threshold_exceeded=0 dirty_path_taken=0 full_flush_taken=0
[22:41:18] [info] prev-frame-diff block @flip=1300: diff_calls=0 diff_rects_avg=0 diff_dirty_pct_x10=0 bbox_pct_x10=0 bbox_thresh_exceeded=0
[22:41:19] [info] flip-probe: flip #1310 ok=true present=3ms inter_flip_ms=44 drawcalls-since-flip=17 drawcalls-total=88309 fail-total=0 null-skips-total=0
[22:41:19] [info] flip-probe: flip #1320 ok=true present=3ms inter_flip_ms=45 drawcalls-since-flip=17 drawcalls-total=88471 fail-total=0 null-skips-total=0
[22:41:20] [info] flip-probe: flip #1330 ok=true present=3ms inter_flip_ms=45 drawcalls-since-flip=17 drawcalls-total=88641 fail-total=0 null-skips-total=0
[22:41:20] [info] flip-probe: flip #1340 ok=true present=3ms inter_flip_ms=39 drawcalls-since-flip=18 drawcalls-total=88820 fail-total=0 null-skips-total=0
[22:41:20] [info] backdrop cache: thrashing-detect engaged (streak=184, route=direct)
[22:41:21] [info] flip-probe: flip #1350 ok=true present=3ms inter_flip_ms=51 drawcalls-since-flip=18 drawcalls-total=89000 fail-total=0 null-skips-total=0
[22:41:21] [info] flip-probe: flip #1360 ok=true present=3ms inter_flip_ms=53 drawcalls-since-flip=19 drawcalls-total=89183 fail-total=0 null-skips-total=0
[22:41:22] [info] flip-probe: flip #1370 ok=true present=4ms inter_flip_ms=38 drawcalls-since-flip=20 drawcalls-total=89382 fail-total=0 null-skips-total=0
[22:41:22] [info] flip-probe: flip #1380 ok=true present=4ms inter_flip_ms=45 drawcalls-since-flip=20 drawcalls-total=89582 fail-total=0 null-skips-total=0
[22:41:23] [info] flip-probe: flip #1390 ok=true present=3ms inter_flip_ms=42 drawcalls-since-flip=16 drawcalls-total=89759 fail-total=0 null-skips-total=0
[22:41:23] [info] flip-probe: flip #1400 ok=true present=3ms inter_flip_ms=45 drawcalls-since-flip=16 drawcalls-total=89919 fail-total=0 null-skips-total=0
[22:41:23] [info] alpha audit block 0: 1682 total drawcalls, 0 with alpha<255 (block pct_x10=0; global 0/80717 pct_x10=0); alpha-mod skipped: block=0 global=0
[22:41:23] [info] fastpath audit block 0: taken=1682 (idx8=1682) skipped=0 pct_x10=1000; global taken=80717 (idx8=80717) skipped=0 pct_x10=1000
[22:41:23] [info] primitive tally block 0: clear=200(hr=200) fill=0(hr=0) rect=0(hr=0) line=0(hr=0) tint=0 spotlight=0 (over 100 flips ending at flip 1400)
[22:41:23] [info] phase timing block 0: drawcalls=1882 dc_total_ms=523 flip_inner_total_ms=1036 inter_flip_total_ms=4772 (per-flip avg x10: dc_ms=52 fi_ms=103 if_ms=477 derived audio+engine_ms=322; per-drawcall avg us_x10=2782) [direct-vesa: presents=100 total_ms=303 avg_ms_x10=30 failed=0] [ablation: NO_DC_TIMING=0 CACHE_WINSURF=0 DIRECT_VESA=1]
[22:41:23] [info] kbd/audio block 0: kbd_irq=0 kbd_drain=0 ring_chunks=16 pump_pass=3433 pic1_mask=0xb8 first_irq_ticks=0 install_ticks=0 vector_at_install=0x0083e430 pic1_mask_live=0x98 kbd_8042_stat=0x34 bios_kbd_head=0x0030 bios_kbd_tail=0x0030 bios_kbd_buf0=0x1e61
[22:41:23] [info] audio/engine split block 0: audio_mixer_calls=206 audio_mixer_ms_x10=44 engine_tick_calls=0 engine_tick_ms_x10=0 audio_service_calls=0 audio_service_ms_x10=0 (per-flip avg; per-call us_x10: audio_mix=21721 engine_tick=0 audio_service=0; global ns: audio_mix=6583785346 engine_tick=12654245792 audio_service=0)
[22:41:23] [info] dirty-rect block @flip=1400: total_calls=0 dirty_rects_avg=1 dirty_pct_x10=1000 forced_full=0 first_n_force=0 threshold_exceeded=0 dirty_path_taken=0 full_flush_taken=0
[22:41:23] [info] prev-frame-diff block @flip=1400: diff_calls=0 diff_rects_avg=0 diff_dirty_pct_x10=0 bbox_pct_x10=0 bbox_thresh_exceeded=0
[22:41:23] [info] backdrop cache: thrashing-detect engaged (streak=244, route=direct)
[22:41:24] [info] flip-probe: flip #1410 ok=true present=3ms inter_flip_ms=48 drawcalls-since-flip=18 drawcalls-total=90085 fail-total=0 null-skips-total=0
[22:41:24] [info] flip-probe: flip #1420 ok=true present=3ms inter_flip_ms=45 drawcalls-since-flip=16 drawcalls-total=90253 fail-total=0 null-skips-total=0
[22:41:25] [info] flip-probe: flip #1430 ok=true present=3ms inter_flip_ms=45 drawcalls-since-flip=15 drawcalls-total=90409 fail-total=0 null-skips-total=0
[22:41:25] [info] flip-probe: flip #1440 ok=true present=3ms inter_flip_ms=49 drawcalls-since-flip=16 drawcalls-total=90565 fail-total=0 null-skips-total=0
[22:41:26] [info] flip-probe: flip #1450 ok=true present=4ms inter_flip_ms=52 drawcalls-since-flip=19 drawcalls-total=90747 fail-total=0 null-skips-total=0
[22:41:26] [info] flip-probe: flip #1460 ok=true present=3ms inter_flip_ms=46 drawcalls-since-flip=17 drawcalls-total=90927 fail-total=0 null-skips-total=0
[22:41:26] [info] backdrop cache: thrashing-detect engaged (streak=304, route=direct)
[22:41:27] [info] flip-probe: flip #1470 ok=true present=3ms inter_flip_ms=82 drawcalls-since-flip=359 drawcalls-total=93182 fail-total=0 null-skips-total=0
[22:41:27] [info]  >> Entering stage 19: 'Assembly Hall'.
[22:41:27] [info] [skip-sheet-flush] cave=8
[22:41:27] [info] [load-stage] preloading entry music song=9 (cave=8)
[22:41:28] [info] gameloop: entered (curmap=19, running=1)
[22:41:28] [info] gameloop: iter 1 ticks=123089 mapno=-1
[22:41:28] [info] mds-clear-lut: rebuilt N=240 entries (k_skip=100% k_keep=0%; curmap=19 map_size=21x16; rebuild #6 since boot)
[22:41:28] [info] gameloop: iter 2 ticks=123410 mapno=-1
[22:41:28] [info] tas: stall frame 319 ms -> contributing 1 tick (patch 0286)
[22:41:28] [info] gameloop: iter 3 ticks=123505 mapno=-1
[22:41:28] [info] flip-probe: flip #1480 ok=true present=3ms inter_flip_ms=62 drawcalls-since-flip=195 drawcalls-total=96416 fail-total=0 null-skips-total=0
[22:41:29] [info] flip-probe: flip #1490 ok=true present=4ms inter_flip_ms=46 drawcalls-since-flip=121 drawcalls-total=97608 fail-total=0 null-skips-total=0
[22:41:29] [info] flip-probe: flip #1500 ok=true present=3ms inter_flip_ms=44 drawcalls-since-flip=121 drawcalls-total=98818 fail-total=0 null-skips-total=0
[22:41:29] [info] alpha audit block 0: 8463 total drawcalls, 0 with alpha<255 (block pct_x10=0; global 0/89180 pct_x10=0); alpha-mod skipped: block=0 global=0
[22:41:29] [info] fastpath audit block 0: taken=8463 (idx8=8463) skipped=0 pct_x10=1000; global taken=89180 (idx8=89180) skipped=0 pct_x10=1000
[22:41:29] [info] primitive tally block 0: clear=202(hr=202) fill=0(hr=0) rect=0(hr=0) line=0(hr=0) tint=0 spotlight=0 (over 100 flips ending at flip 1500)
[22:41:29] [info] color/alpha audit block 0: cmod_white=336 cmod_black=336 (idx=336) cmod_general=0 (idx=0) cmod_fb=0; alpha_taken=0 alpha_skipped=0 (global cmod=9162/7656/693/0 idx=7656/693 alpha=0/0)
[22:41:29] [info] phase timing block 0: drawcalls=9365 dc_total_ms=1106 flip_inner_total_ms=1072 inter_flip_total_ms=6421 (per-flip avg x10: dc_ms=110 fi_ms=107 if_ms=642 derived audio+engine_ms=425; per-drawcall avg us_x10=1181) [direct-vesa: presents=100 total_ms=305 avg_ms_x10=30 failed=0] [ablation: NO_DC_TIMING=0 CACHE_WINSURF=0 DIRECT_VESA=1]
[22:41:29] [info] kbd/audio block 0: kbd_irq=0 kbd_drain=0 ring_chunks=16 pump_pass=3707 pic1_mask=0xb8 first_irq_ticks=0 install_ticks=0 vector_at_install=0x0083e430 pic1_mask_live=0x98 kbd_8042_stat=0x34 bios_kbd_head=0x0030 bios_kbd_tail=0x0030 bios_kbd_buf0=0x1e61
[22:41:29] [info] audio/engine split block 0: audio_mixer_calls=248 audio_mixer_ms_x10=54 engine_tick_calls=0 engine_tick_ms_x10=0 audio_service_calls=0 audio_service_ms_x10=0 (per-flip avg; per-call us_x10: audio_mix=21929 engine_tick=0 audio_service=0; global ns: audio_mix=7127627864 engine_tick=12654245792 audio_service=0)
[22:41:29] [info] dirty-rect block @flip=1500: total_calls=0 dirty_rects_avg=1 dirty_pct_x10=1000 forced_full=0 first_n_force=0 threshold_exceeded=0 dirty_path_taken=0 full_flush_taken=0
[22:41:29] [info] prev-frame-diff block @flip=1500: diff_calls=0 diff_rects_avg=0 diff_dirty_pct_x10=0 bbox_pct_x10=0 bbox_thresh_exceeded=0
[22:41:30] [info] flip-probe: flip #1510 ok=true present=3ms inter_flip_ms=51 drawcalls-since-flip=123 drawcalls-total=100047 fail-total=0 null-skips-total=0
[22:41:31] [info] flip-probe: flip #1520 ok=true present=4ms inter_flip_ms=69 drawcalls-since-flip=123 drawcalls-total=101264 fail-total=0 null-skips-total=0
[22:41:31] [info] flip-probe: flip #1530 ok=true present=3ms inter_flip_ms=46 drawcalls-since-flip=121 drawcalls-total=102479 fail-total=0 null-skips-total=0
[22:41:32] [info] flip-probe: flip #1540 ok=true present=3ms inter_flip_ms=48 drawcalls-since-flip=121 drawcalls-total=103689 fail-total=0 null-skips-total=0
[22:41:32] [info] flip-probe: flip #1550 ok=true present=3ms inter_flip_ms=52 drawcalls-since-flip=121 drawcalls-total=104899 fail-total=0 null-skips-total=0
[22:41:33] [info] flip-probe: flip #1560 ok=true present=3ms inter_flip_ms=67 drawcalls-since-flip=318 drawcalls-total=106488 fail-total=0 null-skips-total=0
[22:41:33] [info]  >> Entering stage 11: 'Mimiga Village'.
[22:41:33] [info] [skip-sheet-flush] cave=9
[22:41:34] [info] [load-stage] preloading entry music song=9 (cave=9)
[22:41:34] [info] gameloop: entered (curmap=11, running=1)
[22:41:34] [info] gameloop: iter 1 ticks=129309 mapno=-1
[22:41:34] [info] mds-clear-lut: rebuilt N=240 entries (k_skip=0% k_keep=100%; curmap=11 map_size=60x60; rebuild #7 since boot)
[22:41:34] [info] gameloop: iter 2 ticks=129399 mapno=-1
[22:41:34] [info] gameloop: iter 3 ticks=129507 mapno=-1
[22:41:34] [info] flip-probe: flip #1570 ok=true present=3ms inter_flip_ms=109 drawcalls-since-flip=384 drawcalls-total=110482 fail-total=0 null-skips-total=0
[22:41:34] [info] backdrop cache: thrashing-detect engaged (streak=4, route=direct)
[22:41:35] [info] flip-probe: flip #1580 ok=true present=3ms inter_flip_ms=59 drawcalls-since-flip=44 drawcalls-total=111678 fail-total=0 null-skips-total=0
[22:41:35] [info] flip-probe: flip #1590 ok=true present=3ms inter_flip_ms=44 drawcalls-since-flip=42 drawcalls-total=112121 fail-total=0 null-skips-total=0
[22:41:36] [info] flip-probe: flip #1600 ok=true present=3ms inter_flip_ms=47 drawcalls-since-flip=42 drawcalls-total=112537 fail-total=0 null-skips-total=0
[22:41:36] [info] alpha audit block 0: 12386 total drawcalls, 0 with alpha<255 (block pct_x10=0; global 0/101566 pct_x10=0); alpha-mod skipped: block=0 global=0
[22:41:36] [info] fastpath audit block 0: taken=12386 (idx8=12386) skipped=0 pct_x10=1000; global taken=101566 (idx8=101566) skipped=0 pct_x10=1000
[22:41:36] [info] primitive tally block 0: clear=201(hr=201) fill=0(hr=0) rect=0(hr=0) line=0(hr=0) tint=0 spotlight=0 (over 100 flips ending at flip 1600)
[22:41:36] [info] color/alpha audit block 0: cmod_white=1233 cmod_black=1233 (idx=1233) cmod_general=0 (idx=0) cmod_fb=0; alpha_taken=0 alpha_skipped=0 (global cmod=10395/8889/693/0 idx=8889/693 alpha=0/0)
[22:41:36] [info] phase timing block 0: drawcalls=15123 dc_total_ms=1180 flip_inner_total_ms=1102 inter_flip_total_ms=6390 (per-flip avg x10: dc_ms=118 fi_ms=110 if_ms=639 derived audio+engine_ms=411; per-drawcall avg us_x10=780) [direct-vesa: presents=100 total_ms=308 avg_ms_x10=30 failed=0] [ablation: NO_DC_TIMING=0 CACHE_WINSURF=0 DIRECT_VESA=1]
[22:41:36] [info] kbd/audio block 0: kbd_irq=0 kbd_drain=0 ring_chunks=16 pump_pass=3993 pic1_mask=0xb8 first_irq_ticks=0 install_ticks=0 vector_at_install=0x0083e430 pic1_mask_live=0x98 kbd_8042_stat=0x34 bios_kbd_head=0x0030 bios_kbd_tail=0x0030 bios_kbd_buf0=0x1e61
[22:41:36] [info] audio/engine split block 0: audio_mixer_calls=255 audio_mixer_ms_x10=55 engine_tick_calls=0 engine_tick_ms_x10=0 audio_service_calls=0 audio_service_ms_x10=0 (per-flip avg; per-call us_x10: audio_mix=21758 engine_tick=0 audio_service=0; global ns: audio_mix=7682467868 engine_tick=12654245792 audio_service=0)
[22:41:36] [info] dirty-rect block @flip=1600: total_calls=0 dirty_rects_avg=1 dirty_pct_x10=1000 forced_full=0 first_n_force=0 threshold_exceeded=0 dirty_path_taken=0 full_flush_taken=0
[22:41:36] [info] prev-frame-diff block @flip=1600: diff_calls=0 diff_rects_avg=0 diff_dirty_pct_x10=0 bbox_pct_x10=0 bbox_thresh_exceeded=0
[22:41:36] [info] flip-probe: flip #1610 ok=true present=3ms inter_flip_ms=45 drawcalls-since-flip=44 drawcalls-total=112968 fail-total=0 null-skips-total=0
[22:41:37] [info] flip-probe: flip #1620 ok=true present=3ms inter_flip_ms=47 drawcalls-since-flip=42 drawcalls-total=113392 fail-total=0 null-skips-total=0
[22:41:37] [info] flip-probe: flip #1630 ok=true present=3ms inter_flip_ms=46 drawcalls-since-flip=45 drawcalls-total=113833 fail-total=0 null-skips-total=0
[22:41:37] [info] backdrop cache: thrashing-detect engaged (streak=64, route=direct)
[22:41:38] [info] flip-probe: flip #1640 ok=true present=3ms inter_flip_ms=47 drawcalls-since-flip=44 drawcalls-total=114272 fail-total=0 null-skips-total=0
[22:41:38] [info] flip-probe: flip #1650 ok=true present=3ms inter_flip_ms=46 drawcalls-since-flip=43 drawcalls-total=114702 fail-total=0 null-skips-total=0
[22:41:39] [info] flip-probe: flip #1660 ok=true present=3ms inter_flip_ms=48 drawcalls-since-flip=42 drawcalls-total=115129 fail-total=0 null-skips-total=0
[22:41:39] [info] flip-probe: flip #1670 ok=true present=4ms inter_flip_ms=46 drawcalls-since-flip=42 drawcalls-total=115549 fail-total=0 null-skips-total=0
[22:41:40] [info] flip-probe: flip #1680 ok=true present=3ms inter_flip_ms=46 drawcalls-since-flip=43 drawcalls-total=115972 fail-total=0 null-skips-total=0
[22:41:40] [info] flip-probe: flip #1690 ok=true present=3ms inter_flip_ms=45 drawcalls-since-flip=17 drawcalls-total=116324 fail-total=0 null-skips-total=0
[22:41:40] [info] backdrop cache: thrashing-detect engaged (streak=124, route=direct)
[22:41:41] [info] flip-probe: flip #1700 ok=true present=3ms inter_flip_ms=60 drawcalls-since-flip=18 drawcalls-total=116503 fail-total=0 null-skips-total=0
[22:41:41] [info] alpha audit block 0: 2735 total drawcalls, 0 with alpha<255 (block pct_x10=0; global 0/104301 pct_x10=0); alpha-mod skipped: block=0 global=0
[22:41:41] [info] fastpath audit block 0: taken=2735 (idx8=2735) skipped=0 pct_x10=1000; global taken=104301 (idx8=104301) skipped=0 pct_x10=1000
[22:41:41] [info] primitive tally block 0: clear=200(hr=200) fill=0(hr=0) rect=0(hr=0) line=0(hr=0) tint=0 spotlight=0 (over 100 flips ending at flip 1700)
[22:41:41] [info] color/alpha audit block 0: cmod_white=1131 cmod_black=1131 (idx=1131) cmod_general=0 (idx=0) cmod_fb=0; alpha_taken=0 alpha_skipped=0 (global cmod=11526/10020/693/0 idx=10020/693 alpha=0/0)
[22:41:41] [info] phase timing block 0: drawcalls=5197 dc_total_ms=625 flip_inner_total_ms=1055 inter_flip_total_ms=5094 (per-flip avg x10: dc_ms=62 fi_ms=105 if_ms=509 derived audio+engine_ms=342; per-drawcall avg us_x10=1203) [direct-vesa: presents=100 total_ms=304 avg_ms_x10=30 failed=0] [ablation: NO_DC_TIMING=0 CACHE_WINSURF=0 DIRECT_VESA=1]
[22:41:41] [info] kbd/audio block 0: kbd_irq=0 kbd_drain=0 ring_chunks=16 pump_pass=4247 pic1_mask=0xb8 first_irq_ticks=0 install_ticks=0 vector_at_install=0x0083e430 pic1_mask_live=0x98 kbd_8042_stat=0x34 bios_kbd_head=0x0030 bios_kbd_tail=0x0030 bios_kbd_buf0=0x1e61
[22:41:41] [info] audio/engine split block 0: audio_mixer_calls=220 audio_mixer_ms_x10=48 engine_tick_calls=0 engine_tick_ms_x10=0 audio_service_calls=0 audio_service_ms_x10=0 (per-flip avg; per-call us_x10: audio_mix=21888 engine_tick=0 audio_service=0; global ns: audio_mix=8164010458 engine_tick=12654245792 audio_service=0)
[22:41:41] [info] dirty-rect block @flip=1700: total_calls=0 dirty_rects_avg=1 dirty_pct_x10=1000 forced_full=0 first_n_force=0 threshold_exceeded=0 dirty_path_taken=0 full_flush_taken=0
[22:41:41] [info] prev-frame-diff block @flip=1700: diff_calls=0 diff_rects_avg=0 diff_dirty_pct_x10=0 bbox_pct_x10=0 bbox_thresh_exceeded=0
[22:41:42] [info] flip-probe: flip #1710 ok=true present=3ms inter_flip_ms=48 drawcalls-since-flip=14 drawcalls-total=116650 fail-total=0 null-skips-total=0
[22:41:42] [info] flip-probe: flip #1720 ok=true present=3ms inter_flip_ms=78 drawcalls-since-flip=332 drawcalls-total=117522 fail-total=0 null-skips-total=0
[22:41:42] [info]  >> Entering stage 14: 'Shack'.
[22:41:42] [info] [skip-sheet-flush] cave=10
[22:41:43] [info] [load-stage] preloading entry music song=8 (cave=10)
[22:41:43] [info] [music-dispatch] tick=4326 song=8 (prev 9)
[22:41:47] [info] Organya pre-render: cache HIT VIVI (6322176 bytes from CACHE; 2 ch; synth skipped).
[22:41:47] [info] gameloop: entered (curmap=14, running=1)
[22:41:47] [info] gameloop: iter 1 ticks=142938 mapno=-1
[22:41:47] [info] gameloop: iter 2 ticks=143019 mapno=-1
[22:41:48] [info] gameloop: iter 3 ticks=143105 mapno=-1
[22:41:48] [info] flip-probe: flip #1730 ok=true present=3ms inter_flip_ms=77 drawcalls-since-flip=353 drawcalls-total=120763 fail-total=0 null-skips-total=0
[22:41:48] [info] flip-probe: flip #1740 ok=true present=3ms inter_flip_ms=36 drawcalls-since-flip=23 drawcalls-total=121461 fail-total=0 null-skips-total=0
[22:41:49] [info] flip-probe: flip #1750 ok=true present=4ms inter_flip_ms=40 drawcalls-since-flip=23 drawcalls-total=121691 fail-total=0 null-skips-total=0
[22:41:49] [info] flip-probe: flip #1760 ok=true present=3ms inter_flip_ms=30 drawcalls-since-flip=23 drawcalls-total=121921 fail-total=0 null-skips-total=0
[22:41:49] [info] flip-probe: flip #1770 ok=true present=3ms inter_flip_ms=44 drawcalls-since-flip=25 drawcalls-total=122161 fail-total=0 null-skips-total=0
[22:41:50] [info] flip-probe: flip #1780 ok=true present=3ms inter_flip_ms=42 drawcalls-since-flip=24 drawcalls-total=122421 fail-total=0 null-skips-total=0
[22:41:50] [info] flip-probe: flip #1790 ok=true present=3ms inter_flip_ms=33 drawcalls-since-flip=23 drawcalls-total=122654 fail-total=0 null-skips-total=0
[22:41:50] [info] flip-probe: flip #1800 ok=true present=3ms inter_flip_ms=37 drawcalls-since-flip=23 drawcalls-total=122884 fail-total=0 null-skips-total=0
[22:41:51] [info] alpha audit block 0: 5981 total drawcalls, 0 with alpha<255 (block pct_x10=0; global 0/110282 pct_x10=0); alpha-mod skipped: block=0 global=0
[22:41:51] [info] fastpath audit block 0: taken=5981 (idx8=5981) skipped=0 pct_x10=1000; global taken=110282 (idx8=110282) skipped=0 pct_x10=1000
[22:41:51] [info] primitive tally block 0: clear=201(hr=201) fill=0(hr=0) rect=0(hr=0) line=0(hr=0) tint=0 spotlight=0 (over 100 flips ending at flip 1800)
[22:41:51] [info] color/alpha audit block 0: cmod_white=375 cmod_black=375 (idx=375) cmod_general=0 (idx=0) cmod_fb=0; alpha_taken=0 alpha_skipped=0 (global cmod=11901/10395/693/0 idx=10395/693 alpha=0/0)
[22:41:51] [info] phase timing block 0: drawcalls=6932 dc_total_ms=729 flip_inner_total_ms=1077 inter_flip_total_ms=9559 (per-flip avg x10: dc_ms=72 fi_ms=107 if_ms=955 derived audio+engine_ms=776; per-drawcall avg us_x10=1052) [direct-vesa: presents=100 total_ms=299 avg_ms_x10=29 failed=0] [ablation: NO_DC_TIMING=0 CACHE_WINSURF=0 DIRECT_VESA=1]
[22:41:51] [info] kbd/audio block 0: kbd_irq=0 kbd_drain=0 ring_chunks=16 pump_pass=4478 pic1_mask=0xb8 first_irq_ticks=0 install_ticks=0 vector_at_install=0x0083e430 pic1_mask_live=0x98 kbd_8042_stat=0x34 bios_kbd_head=0x0030 bios_kbd_tail=0x0030 bios_kbd_buf0=0x1e61
[22:41:51] [info] audio/engine split block 0: audio_mixer_calls=208 audio_mixer_ms_x10=45 engine_tick_calls=0 engine_tick_ms_x10=0 audio_service_calls=0 audio_service_ms_x10=0 (per-flip avg; per-call us_x10: audio_mix=21663 engine_tick=0 audio_service=0; global ns: audio_mix=8614602156 engine_tick=12654245792 audio_service=0)
[22:41:51] [info] dirty-rect block @flip=1800: total_calls=0 dirty_rects_avg=1 dirty_pct_x10=1000 forced_full=0 first_n_force=0 threshold_exceeded=0 dirty_path_taken=0 full_flush_taken=0
[22:41:51] [info] prev-frame-diff block @flip=1800: diff_calls=0 diff_rects_avg=0 diff_dirty_pct_x10=0 bbox_pct_x10=0 bbox_thresh_exceeded=0
[22:41:51] [info] flip-probe: flip #1810 ok=true present=3ms inter_flip_ms=41 drawcalls-since-flip=23 drawcalls-total=123114 fail-total=0 null-skips-total=0
[22:41:51] [info] flip-probe: flip #1820 ok=true present=3ms inter_flip_ms=37 drawcalls-since-flip=23 drawcalls-total=123344 fail-total=0 null-skips-total=0
[22:41:52] [info] flip-probe: flip #1830 ok=true present=3ms inter_flip_ms=38 drawcalls-since-flip=23 drawcalls-total=123574 fail-total=0 null-skips-total=0
[22:41:52] [info] flip-probe: flip #1840 ok=true present=4ms inter_flip_ms=37 drawcalls-since-flip=23 drawcalls-total=123804 fail-total=0 null-skips-total=0
[22:41:52] [info] flip-probe: flip #1850 ok=true present=4ms inter_flip_ms=30 drawcalls-since-flip=13 drawcalls-total=123984 fail-total=0 null-skips-total=0
[22:41:53] [info] flip-probe: flip #1860 ok=true present=3ms inter_flip_ms=66 drawcalls-since-flip=355 drawcalls-total=125906 fail-total=0 null-skips-total=0
[22:41:53] [info]  >> Entering stage 11: 'Mimiga Village'.
[22:41:53] [info] [skip-sheet-flush] cave=11
[22:41:54] [info] [load-stage] preloading entry music song=9 (cave=11)
[22:41:54] [info] [music-dispatch] tick=4611 song=9 (prev 8)
[22:41:58] [info] Organya pre-render: cache HIT MURA (5927040 bytes from CACHE; 2 ch; synth skipped).
[22:41:58] [info] gameloop: entered (curmap=11, running=1)
[22:41:58] [info] gameloop: iter 1 ticks=153482 mapno=-1
[22:41:58] [info] gameloop: iter 2 ticks=153577 mapno=-1
[22:41:58] [info] gameloop: iter 3 ticks=153683 mapno=-1
[22:41:58] [info] backdrop cache: thrashing-detect engaged (streak=4, route=direct)
[22:41:59] [info] flip-probe: flip #1870 ok=true present=3ms inter_flip_ms=77 drawcalls-since-flip=206 drawcalls-total=129030 fail-total=0 null-skips-total=0
[22:41:59] [info] flip-probe: flip #1880 ok=true present=4ms inter_flip_ms=44 drawcalls-since-flip=41 drawcalls-total=129445 fail-total=0 null-skips-total=0
[22:42:00] [info] flip-probe: flip #1890 ok=true present=3ms inter_flip_ms=48 drawcalls-since-flip=43 drawcalls-total=129866 fail-total=0 null-skips-total=0
[22:42:00] [info] flip-probe: flip #1900 ok=true present=3ms inter_flip_ms=54 drawcalls-since-flip=45 drawcalls-total=130302 fail-total=0 null-skips-total=0
[22:42:00] [info] alpha audit block 0: 6689 total drawcalls, 0 with alpha<255 (block pct_x10=0; global 0/116971 pct_x10=0); alpha-mod skipped: block=0 global=0
[22:42:00] [info] fastpath audit block 0: taken=6689 (idx8=6689) skipped=0 pct_x10=1000; global taken=116971 (idx8=116971) skipped=0 pct_x10=1000
[22:42:00] [info] primitive tally block 0: clear=201(hr=201) fill=0(hr=0) rect=0(hr=0) line=0(hr=0) tint=0 spotlight=0 (over 100 flips ending at flip 1900)
[22:42:00] [info] color/alpha audit block 0: cmod_white=693 cmod_black=693 (idx=693) cmod_general=0 (idx=0) cmod_fb=0; alpha_taken=0 alpha_skipped=0 (global cmod=12594/11088/693/0 idx=11088/693 alpha=0/0)
[22:42:00] [info] phase timing block 0: drawcalls=8279 dc_total_ms=795 flip_inner_total_ms=1052 inter_flip_total_ms=9564 (per-flip avg x10: dc_ms=79 fi_ms=105 if_ms=956 derived audio+engine_ms=772; per-drawcall avg us_x10=961) [direct-vesa: presents=100 total_ms=302 avg_ms_x10=30 failed=0] [ablation: NO_DC_TIMING=0 CACHE_WINSURF=0 DIRECT_VESA=1]
[22:42:00] [info] kbd/audio block 0: kbd_irq=0 kbd_drain=0 ring_chunks=16 pump_pass=4713 pic1_mask=0xb8 first_irq_ticks=0 install_ticks=0 vector_at_install=0x0083e430 pic1_mask_live=0x98 kbd_8042_stat=0x34 bios_kbd_head=0x0030 bios_kbd_tail=0x0030 bios_kbd_buf0=0x1e61
[22:42:00] [info] audio/engine split block 0: audio_mixer_calls=212 audio_mixer_ms_x10=46 engine_tick_calls=0 engine_tick_ms_x10=0 audio_service_calls=0 audio_service_ms_x10=0 (per-flip avg; per-call us_x10: audio_mix=21709 engine_tick=0 audio_service=0; global ns: audio_mix=9074847057 engine_tick=12654245792 audio_service=0)
[22:42:00] [info] dirty-rect block @flip=1900: total_calls=0 dirty_rects_avg=1 dirty_pct_x10=1000 forced_full=0 first_n_force=0 threshold_exceeded=0 dirty_path_taken=0 full_flush_taken=0
[22:42:00] [info] prev-frame-diff block @flip=1900: diff_calls=0 diff_rects_avg=0 diff_dirty_pct_x10=0 bbox_pct_x10=0 bbox_thresh_exceeded=0
[22:42:01] [info] flip-probe: flip #1910 ok=true present=3ms inter_flip_ms=64 drawcalls-since-flip=42 drawcalls-total=130748 fail-total=0 null-skips-total=0
[22:42:01] [info] flip-probe: flip #1920 ok=true present=3ms inter_flip_ms=47 drawcalls-since-flip=42 drawcalls-total=131168 fail-total=0 null-skips-total=0
[22:42:02] [info] backdrop cache: thrashing-detect engaged (streak=64, route=direct)
[22:42:02] [info] flip-probe: flip #1930 ok=true present=3ms inter_flip_ms=54 drawcalls-since-flip=44 drawcalls-total=131610 fail-total=0 null-skips-total=0
[22:42:02] [info] run_tick_fixed #4800: heartbeat (loop alive)
[22:42:02] [info] backdrop cache: thrashing-detect engaged (streak=4, route=direct)
[22:42:02] [info] flip-probe: flip #1940 ok=true present=3ms inter_flip_ms=56 drawcalls-since-flip=44 drawcalls-total=132050 fail-total=0 null-skips-total=0
[22:42:03] [info] flip-probe: flip #1950 ok=true present=3ms inter_flip_ms=47 drawcalls-since-flip=45 drawcalls-total=132492 fail-total=0 null-skips-total=0
[22:42:03] [info] flip-probe: flip #1960 ok=true present=3ms inter_flip_ms=50 drawcalls-since-flip=45 drawcalls-total=132946 fail-total=0 null-skips-total=0
[22:42:04] [info] backdrop cache: thrashing-detect engaged (streak=4, route=direct)
[22:42:04] [info] flip-probe: flip #1970 ok=true present=3ms inter_flip_ms=48 drawcalls-since-flip=43 drawcalls-total=133382 fail-total=0 null-skips-total=0
[22:42:04] [info] backdrop cache: thrashing-detect engaged (streak=4, route=direct)
[22:42:05] [info] flip-probe: flip #1980 ok=true present=4ms inter_flip_ms=45 drawcalls-since-flip=44 drawcalls-total=133817 fail-total=0 null-skips-total=0
[22:42:05] [info] flip-probe: flip #1990 ok=true present=3ms inter_flip_ms=52 drawcalls-since-flip=20 drawcalls-total=134110 fail-total=0 null-skips-total=0
[22:42:06] [info] flip-probe: flip #2000 ok=true present=3ms inter_flip_ms=51 drawcalls-since-flip=19 drawcalls-total=134306 fail-total=0 null-skips-total=0
[22:42:06] [info] alpha audit block 0: 2812 total drawcalls, 0 with alpha<255 (block pct_x10=0; global 0/119783 pct_x10=0); alpha-mod skipped: block=0 global=0
[22:42:06] [info] fastpath audit block 0: taken=2812 (idx8=2812) skipped=0 pct_x10=1000; global taken=119783 (idx8=119783) skipped=0 pct_x10=1000
[22:42:06] [info] primitive tally block 0: clear=200(hr=200) fill=0(hr=0) rect=0(hr=0) line=0(hr=0) tint=0 spotlight=0 (over 100 flips ending at flip 2000)
[22:42:06] [info] color/alpha audit block 0: cmod_white=1092 cmod_black=1092 (idx=1092) cmod_general=0 (idx=0) cmod_fb=0; alpha_taken=0 alpha_skipped=0 (global cmod=13686/12180/693/0 idx=12180/693 alpha=0/0)
[22:42:06] [info] phase timing block 0: drawcalls=5209 dc_total_ms=699 flip_inner_total_ms=1083 inter_flip_total_ms=5449 (per-flip avg x10: dc_ms=69 fi_ms=108 if_ms=544 derived audio+engine_ms=367; per-drawcall avg us_x10=1343) [direct-vesa: presents=100 total_ms=306 avg_ms_x10=30 failed=0] [ablation: NO_DC_TIMING=0 CACHE_WINSURF=0 DIRECT_VESA=1]
[22:42:06] [info] kbd/audio block 0: kbd_irq=0 kbd_drain=0 ring_chunks=16 pump_pass=4986 pic1_mask=0xb8 first_irq_ticks=0 install_ticks=0 vector_at_install=0x0083e430 pic1_mask_live=0x98 kbd_8042_stat=0x34 bios_kbd_head=0x0030 bios_kbd_tail=0x0030 bios_kbd_buf0=0x1e61
[22:42:06] [info] audio/engine split block 0: audio_mixer_calls=235 audio_mixer_ms_x10=51 engine_tick_calls=0 engine_tick_ms_x10=0 audio_service_calls=0 audio_service_ms_x10=0 (per-flip avg; per-call us_x10: audio_mix=21884 engine_tick=0 audio_service=0; global ns: audio_mix=9589133237 engine_tick=12654245792 audio_service=0)
[22:42:06] [info] dirty-rect block @flip=2000: total_calls=0 dirty_rects_avg=1 dirty_pct_x10=1000 forced_full=0 first_n_force=0 threshold_exceeded=0 dirty_path_taken=0 full_flush_taken=0
[22:42:06] [info] prev-frame-diff block @flip=2000: diff_calls=0 diff_rects_avg=0 diff_dirty_pct_x10=0 bbox_pct_x10=0 bbox_thresh_exceeded=0
[22:42:06] [info] flip-probe: flip #2010 ok=true present=3ms inter_flip_ms=40 drawcalls-since-flip=18 drawcalls-total=134487 fail-total=0 null-skips-total=0
[22:42:07] [info] flip-probe: flip #2020 ok=true present=3ms inter_flip_ms=46 drawcalls-since-flip=18 drawcalls-total=134667 fail-total=0 null-skips-total=0
[22:42:07] [info] flip-probe: flip #2030 ok=true present=3ms inter_flip_ms=45 drawcalls-since-flip=18 drawcalls-total=134847 fail-total=0 null-skips-total=0
[22:42:07] [info] backdrop cache: thrashing-detect engaged (streak=64, route=direct)
[22:42:07] [info] flip-probe: flip #2040 ok=true present=3ms inter_flip_ms=48 drawcalls-since-flip=18 drawcalls-total=135027 fail-total=0 null-skips-total=0
[22:42:08] [info] run_tick_fixed #5100: heartbeat (loop alive)
[22:42:08] [info] flip-probe: flip #2050 ok=true present=3ms inter_flip_ms=40 drawcalls-since-flip=59 drawcalls-total=135248 fail-total=0 null-skips-total=0
[22:42:08] [info] flip-probe: flip #2060 ok=true present=3ms inter_flip_ms=46 drawcalls-since-flip=59 drawcalls-total=135838 fail-total=0 null-skips-total=0
[22:42:09] [info] flip-probe: flip #2070 ok=true present=4ms inter_flip_ms=45 drawcalls-since-flip=59 drawcalls-total=136428 fail-total=0 null-skips-total=0
[22:42:09] [info] flip-probe: flip #2080 ok=true present=3ms inter_flip_ms=45 drawcalls-since-flip=59 drawcalls-total=137018 fail-total=0 null-skips-total=0
[22:42:10] [info] tas: end-of-replay auto-exit at tick 5140 (recording exhausted; set DOSKUTSU_TAS_REPLAY_HOLD=1 to disable + observe steady-state past recording end)
[22:42:10] [info] Script engine shutdown.
[22:42:10] [info] Sound system shutdown
[22:42:10] [info] Renderer::Close()
[22:42:10] [info] tas: replay file closed
[22:42:10] [info] [fps-true] flips=2083 render_s=162 fps_mean=12.8 (clock-independent: flips / seconds since the FIRST flip; use THIS for the fps matrix, not inter_flip medians, which are invalid in any cell running the PIT/IRQ-0 music pump)
[RUNMANIFEST-BEGIN]
schema_version=2
environment=realhw
binary_sha12=UNKNOWN
binary_sha12_src=unknown
build_sha12=1f79ce20e4ee
organya_cache_key=1f79ce20e4ee
wave_tag=GXH2
scene=
env_block_sha=0b5002c700ea
started_rtc_local=2026-11-21T20:32:50
duration_s=176
exit_code=0
fps_true_flips=2083
fps_true_render_s=162
reel_ticks=5140
reel_game_seconds=102.8
per_loop_fps=20.2
overhead_s=60
music_pump_active=0
cpu_vendor=GenuineIntel
cpu_have_cpuid=1
cpu_family=5
cpu_model=3
cpu_stepping=2
cpu_mhz_est=83
cpu_has_fpu=1
cpu_class=586
audio_backend=organya
video_logical_wxh=320x240
video_logical_bpp=8
video_vram_kb=4096
video_lfb_or_banked=lfb
audio_is_sb16=1
audio_dsp_ver=4.13
audio_dma_path=16bit-high
audio_force_8bit=0
audio_dma_channel=5
fps_p50=21.7
fps_p95=13.5
fps_sample_n=208
fps_sample_interval=10
pump_clock_state=no-pump
audio_vital_status=NA
regime=NA
banner_required_hit=0
banner_required_total=0
banner_forbidden_hit=0
banner_optional_hit=0
critical_count=0
warn_count=0
perstage_count=12
perstage_00=stage:72 ticks:95 flips:95 fps:50.0
perstage_01=stage:1005 ticks:80 flips:80 fps:50.0
perstage_02=stage:20 ticks:121 flips:67 fps:27.6
perstage_03=stage:11 ticks:456 flips:165 fps:18.0
perstage_04=stage:17 ticks:770 flips:222 fps:14.4
perstage_05=stage:11 ticks:549 flips:217 fps:19.7
perstage_06=stage:15 ticks:665 flips:275 fps:20.6
perstage_07=stage:11 ticks:894 flips:350 fps:19.5
perstage_08=stage:19 ticks:263 flips:95 fps:18.0
perstage_09=stage:11 ticks:433 flips:158 fps:18.2
perstage_10=stage:14 ticks:285 flips:139 fps:24.3
perstage_11=stage:11 ticks:529 flips:219 fps:20.6
[RUNMANIFEST-END]
[22:42:10] [info] [runmanifest-emit] schema=v2 env=realhw binary_sha12=UNKNOWN(unknown) build_sha12=1f79ce20e4ee per_loop_fps=20.2 overhead_s=60 pump=0 dur=176s tag='GXH2' scene='' (signals=0x4)
