Logger::init: wave-53 log level=INFO path='LOGS/AXH1.LOG'
[16:42:12] [info] config: loaded DOSKUTSU.CFG (4 keys)
[16:42:13] [info] [cpu-witness] vendor=AuthenticAMD cpuid=1 family=4 model=14 stepping=4 mhz_est=91 fpu=1 class=486_mid (boot-time attestation of the running CPU; MHZ_486_LOOP_DIV=16400 mirrors SETUP)
[16:42:13] [info] tas: PRNG seed forced to 12345 via DOSKUTSU_TAS_PRNG_SEED
[16:42:13] [info] tas: auto-exit armed at tick 30000 via DOSKUTSU_TAS_AUTO_EXIT_TICK
[16:42:13] [info] tas: replay opened path='QA.TAS' header_seed=12345
[16:42:13] [info] data cache: DISABLED (default)
[16:42:13] [info] Joystick: skipped (default; set DOSKUTSU_USE_JOYSTICK=1 to enable -- skips SDL3-DOS gameport BIOS INT 15h polling, ~82 ms / flip on real HW)
[16:42:13] [info] Loading settings...
[16:42:13] [info] [input-bind] applied=0 invert_y=0 dos_axes=1
[16:42:13] [info] Renderer::initVideo: 8bpp mode requested via SDL_HINT_DOS_MAX_BPP=8 (wave 16); SDL3-DOS will pick the highest-bpp <= 8 mode at requested resolution
[16:42:13] [info] Renderer::initVideo: DOS resolution-label lock ENABLED (default)
[16:42:14] [info] center-oversized: not needed (surface matches the logical screen) surface=320x240 logical=320x240 offset=0,0
[16:42:14] [info] Renderer::initVideo: using: software renderer
[16:42:16] [info] Renderer::initVideo: dirty-rect tracking ENABLED (wave 15, default ON; set SDL_HINT_DOSKUTSU_DIRTY_RECTS=0 to disable)
[16:42:16] [info] Renderer::initVideo: ablation flags: NO_DC_TIMING=0 CACHE_WINSURF=0 NO_INPUT_POLL=0 DIRECT_VESA=1
[16:42:16] [info] Renderer::initVideo: direct-VESA hot path ENABLED (default since wave 20 patch 0088; bypasses SDL_RenderPresent / SDL_UpdateWindowSurface and writes via SDL/0034's PresentFull helper; R2 mitigation handled by SDL/0034 generation counter -- no per-N-flip heartbeat needed; set SDL_HINT_DOSKUTSU_DIRECT_VESA=0 to revert)
[16:42:16] [info] Renderer::initVideo: flip-phase instrumentation DISABLED (default; set SDL_HINT_DOSKUTSU_FLIP_INSTR=1 to opt in for wave-20 Lever A diagnostic)
[16:42:16] [info] Renderer::initVideo: asm opaque-span blit lever DISABLED (default; set SDL_HINT_DOSKUTSU_ASM_BLIT=1 to opt in -- wave-51 _blit_indexed colorkey-blit lever)
[16:42:16] [info] Renderer::initVideo: blit-decomp instrumentation DISABLED (default; set SDL_HINT_DOSKUTSU_BLIT_DECOMP=1 to opt in -- wave-51 _blit_indexed sub-decomp sizing)
[16:42:16] [info] Renderer::initVideo: mds-scroll-decomp instrumentation DISABLED (default; set SDL_HINT_DOSKUTSU_MDS_DECOMP=1 to opt in -- wave-52 mode_draw_scene scrolling-block decomp)
[16:42:16] [info] Renderer::initVideo: DOSVESA pump yield: skipped (default) (per-flip explicit SDL_Delay(0) yield is always on; set SDL_HINT_DOSKUTSU_FORCE_PUMP_YIELD=1 to restore old per-pump yield)
[16:42:16] [info] Renderer::initVideo: indexed-mode (8bpp) ENABLED -- master palette + 107 per-asset remap LUTs loaded (wave 16, default ON; set SDL_HINT_DOSKUTSU_PIXEL_FORMAT_8=0 to disable)
[16:42:16] [info] Renderer::initVideo: master palette attached to window surface (format=SDL_PIXELFORMAT_INDEX8, ncolors=256)
[16:42:16] [info] Renderer::initVideo: indexed-mode smoke: idx0=(0,0,0) OK idx255=(255,0,255) OK
[16:42:16] [info] Renderer::initVideo: indexed-mode smoke: paletteRemapFor('MyChar.pbm') = present
[16:42:16] [info] Surface::loadImage palmap-diag #1: 'data/Loading.pbm' fmt=SDL_PIXELFORMAT_ABGR8888 remap=HIT -> path=truecolor
[16:42:16] [info] Renderer: prev-frame diff DISABLED (default since wave 17.6; set SDL_HINT_DOSKUTSU_PREVFRAME_DIFF=1 to opt in)
[16:42:16] [info] flip-probe: renderer=software window_ptr=8826760 colorspace=301991328 window_size=320x240 framebuffer_pixels=320x240 logical_present=320x240 mode=2
[16:42:16] [info] flip-probe: first flip ok=true present=42ms inter_flip_ms=0 drawcalls-since-flip=1 drawcalls-total=1
[16:42:16] [info] Sound system init
[16:42:16] [info] Sound system: 4-state audio enable (#31) -- music=on sfx=on (MUSIC_OFF/AUDIO_BACKEND=none -> music-off; SFX_OFF/SFX_DEVICE=none -> sfx-off; both gates are dispatch-level, the device still opens; AUDIO_OFF=1 is the device-level both-off).
[16:42:16] [info] Sound system: Tier-1 audio config (22050 Hz, 2 channels) via SDL_HINT_DOSKUTSU_AUDIO_TIER2=0 killswitch -- reverts to wave-17.6-baseline 22050 stereo, the original Cave Story 2004 spec. Trades the wave-21 Tier-2 fps gain (~+11 fps in heavy-music scenes on Pentium OverDrive 83 MHz) for full audio fidelity. Unset the env var to go back to Tier-2 default.
[16:42:16] [info] [org-hq] stereo prerender rate=22050 ch=2 (HQ Organya tier ACTIVE; opt-in via SDL_HINT_DOSKUTSU_AUDIO_TIER2=0; cache CACHE\22050_2\; real fps cost on 486-class HW).
[16:42:16] [info] Sound system: SDL_HINT_AUDIO_DEVICE_SAMPLE_FRAMES=(default -- SDL3 picks 512 at 22050 Hz)
[16:42:16] [info] Pixtone IRQ rate-divider: handed master_rate=44100 int16/s (SAMPLE_RATE=22050 x AUDIO_CHANNELS=2) to SDL for auto-RATEDIV (SDL/0074 computes shift_div from the resolved device freq).
[16:42:16] [info] Sound system: device frame-rate: requesting 22050 Hz match to master (SDL_DOSAudioSetDeviceFrameRate; SB16 opens at the engine frame rate instead of SDL's 44100 floor -- 4x less PCM/s + no resampler on the Organya/Pixtone path; killswitch SDL_HINT_DOSKUTSU_DOS_AUDIO_DEVICE_RATE_DEFAULT=0).
[16:42:16] [info] audio backend: organya (forced; Phase 10 baseline)
[16:42:16] [info] wave-13.6.1: ring_chunks=16 FORCE_PUMP_YIELD=off (set SDL_HINT_DOSKUTSU_AUDIO_RING_CHUNKS=4|8|16 to override; default 16 matches wave 13.6 behaviour)
[16:42:17] [info] MidiScheduler: MIDI source = 'orgmid2' (native-GM org2mid set; resolves to data/orgmid2/<name>.mid).
[16:42:17] [info] Sound system: idle-pause skipped (backend=organya does not qualify; only opl3 supports idle-pause per patch 0115; default OFF since patch 0119 regardless of backend).
[16:42:17] [warn] Music dir Ogg/ doesn't exist
[16:42:17] [warn] Music dir Ogg11/ doesn't exist
[16:42:17] [warn] Music dir Ogg17/ doesn't exist
[16:42:17] [warn] Music dir Ogg_ridic/ doesn't exist
[16:42:17] [info] Loading Sound FX...
[16:42:17] [info] [pxt-cache] init(): HIT (loaded cache; render skipped)
[16:42:20] [error] Lever 3 (Pixtone IRQ-mix; default ON since v1.0.1, or SDL_HINT_DOSKUTSU_PIXTONE_IRQ_MIX=1) is incompatible with SDL_HINT_DOSKUTSU_AUDIO_BACKEND=organya. L3 + ORGANYA IS KNOWN-INCOMPATIBLE (PLAY2 hang root-cause owned by v1.0.2 deep-campaign; v1.0.1 ships defensive interlock per flush-instr #135 three-front response). L3 forced OFF (hang prevention); SFX continue through SDL3_mixer path; music continues through Organya. To engage L3 cleanly set SDL_HINT_DOSKUTSU_AUDIO_BACKEND to opl3 / wb / midi-stub, or set SDL_HINT_DOSKUTSU_PIXTONE_IRQ_MIX=0 to silence this and keep Organya.
[16:42:20] [info] Organya init...
[16:42:20] [info] Organya init done
[16:42:38] [info] gus SFX gain [nx0259]: 70% (SDL_HINT_DOSKUTSU_GUS_SFX_GAIN; scales the GF1 SFX voice volume to balance against velocity/CC-scaled GUS music; default 70, clamp 0..150).
[16:42:38] [info] midi ISR tick: engine registered tick_isr callback (L2b active; default ON; set SDL_HINT_DOSKUTSU_MIDI_ISR_TICK=0 to disable)
[16:42:38] [info] organya auto-precache: ENABLED (default) (first-launch precache + in-game cold-render progress overlay; set SDL_HINT_DOSKUTSU_ORG_AUTOCACHE=0 to disable -> v1.1.0 black-screen cold-render)
[16:42:38] [info] organya auto-precache: cache complete (sentinel present) -- skipping batch; in-game overlay armed for any stray cache miss.
[16:42:38] [info] menu slide-in fixed-timestep: ENABLED (default; slide advances at 50 Hz logic rate)
[16:42:38] [info] Reading npc.tbl...
[16:42:38] [info] Loading tilekey.dat.
[16:42:38] [info] Script engine init.
[16:42:38] [info] Entering main loop...
[16:42:38] [info] audio mid-gap pump: DISABLED (default)
[16:42:38] [info] TAS fixed-timestep guard: ENABLED (default) (patch 0280; load_stage wall-clock kept out of the FT accumulator so TAS replay advances at a true 50 Hz; set SDL_HINT_DOSKUTSU_TAS_FT_GUARD=0 to disable)
[16:42:38] [info] load_stage ring+DMA silence flush: ENABLED (default) (set SDL_HINT_DOSKUTSU_LOADSTAGE_SILENCE=0 to disable)
[16:42:38] [info] load-band audio-underrun probe: DISABLED (default) (opt-in SDL_HINT_DOSKUTSU_LOADBAND_STAT=1)
[16:42:38] [info]  >> Entering stage 72: 'u'.
[16:42:38] [info] skip sheet flush: ENABLED (default) (SFXPAUSE-012 SHIPPED FIX; sprite sheets stay resident across caves so no per-cave re-decode -> no fire-frame pause; map_flush_graphics tilemap cache still flushes; set SDL_HINT_DOSKUTSU_SKIP_SHEET_FLUSH=0 to restore the old per-cave flush)
[16:42:38] [info] [skip-sheet-flush] cave=1
[16:42:38] [info] eager action sheets: ENABLED (default) (first-fire hitch fix: pre-loads the weapon bullet + hit/muzzle/trail caret sheets at stage load so the first fire/impact does not lazy-decode mid-gameplay; set SDL_HINT_DOSKUTSU_EAGER_ACTION_SHEETS=0 to restore lazy load)
[16:42:38] [info] Surface::loadImage palmap-diag #2: 'data/Bullet.pbm' fmt=SDL_PIXELFORMAT_ABGR8888 remap=HIT -> path=truecolor
[16:42:38] [info] Surface::loadImage palmap-diag #3: 'data/Arms.pbm' fmt=SDL_PIXELFORMAT_ABGR8888 remap=HIT -> path=truecolor
[16:42:39] [info] Surface::loadImage palmap-diag #4: 'data/Caret.pbm' fmt=SDL_PIXELFORMAT_ABGR8888 remap=HIT -> path=truecolor
[16:42:39] [info] Surface::loadImage palmap-diag #5: 'data/Npc/NpcSym.pbm' fmt=SDL_PIXELFORMAT_ABGR8888 remap=HIT -> path=truecolor
[16:42:39] [info] [eager-action-sheets] cave=1 sheets=4 wall_ms=984
[16:42:39] [info] Surface::loadImage palmap-diag #6: 'data/Stage/PrtWhite.pbm' fmt=SDL_PIXELFORMAT_ABGR8888 remap=HIT -> path=truecolor
[16:42:40] [info] load_stage: entry-music preload ENABLED (default) (set SDL_HINT_DOSKUTSU_PRELOAD_STAGE_MUSIC=0 to disable)
[16:42:40] [info] Surface::loadImage palmap-diag #7: 'data/bk0.pbm' fmt=SDL_PIXELFORMAT_ABGR8888 remap=HIT -> path=truecolor
[16:42:40] [info] gameloop: entered (curmap=72, running=1)
[16:42:40] [info] gameloop: iter 1 ticks=26946 mapno=-1
[16:42:40] [info] fixed-timestep: ENABLED (default; logic 50 Hz, decoupled from render)
[16:42:40] [info] map: BG skip-when-unchanged DISABLED (default) (set SDL_HINT_DOSKUTSU_BG_SKIP_WHEN_UNCHANGED=1 to enable; default OFF since wave-61 -- abandoned, it shipped a backdrop-black flicker and its +0.87 fps was below the noise floor)
[16:42:40] [info] map: skip-redundant-clear lever ENABLED (default since wave-53 promotion)
[16:42:40] [info] perf-mode: level=0 (faithful (default))
[16:42:40] [info] Surface::loadImage palmap-diag #8: 'data/Npc/NpcKings.pbm' fmt=SDL_PIXELFORMAT_ABGR8888 remap=HIT -> path=truecolor
[16:42:40] [info] audio tick-boundary pump: DISABLED (default)
[16:42:40] [info] gameloop: iter 2 ticks=27267 mapno=-1
[16:42:40] [info] gameloop: iter 3 ticks=27314 mapno=-1
[16:42:40] [info] direct-vesa: snapshot @gen=2 use_dosmemput=0 banked_multibank=0 pitches_match=1 vram_w=320 vram_h=240 vram_pitch=320 bpp=1 fb_size=76800 vram_phys=0x78000000 vram_ptr=0x77c00000
[16:42:40] [info] flip-probe: flip #10 ok=true present=3ms inter_flip_ms=24 drawcalls-since-flip=6 drawcalls-total=43 fail-total=0 null-skips-total=0
[16:42:40] [info] flip-probe: flip #20 ok=true present=3ms inter_flip_ms=23 drawcalls-since-flip=4 drawcalls-total=92 fail-total=0 null-skips-total=0
[16:42:41] [info] flip-probe: flip #30 ok=true present=3ms inter_flip_ms=45 drawcalls-since-flip=326 drawcalls-total=2707 fail-total=0 null-skips-total=0
[16:42:41] [info] flip-probe: flip #40 ok=true present=3ms inter_flip_ms=39 drawcalls-since-flip=264 drawcalls-total=5837 fail-total=0 null-skips-total=0
[16:42:42] [info] flip-probe: flip #50 ok=true present=3ms inter_flip_ms=25 drawcalls-since-flip=67 drawcalls-total=7392 fail-total=0 null-skips-total=0
[16:42:42] [info] flip-probe: flip #60 ok=true present=3ms inter_flip_ms=21 drawcalls-since-flip=4 drawcalls-total=7502 fail-total=0 null-skips-total=0
[16:42:42] [info] flip-probe: flip #70 ok=true present=3ms inter_flip_ms=22 drawcalls-since-flip=6 drawcalls-total=7557 fail-total=0 null-skips-total=0
[16:42:42] [info] flip-probe: flip #80 ok=true present=3ms inter_flip_ms=20 drawcalls-since-flip=0 drawcalls-total=7586 fail-total=0 null-skips-total=0
[16:42:43] [info] flip-probe: flip #90 ok=true present=3ms inter_flip_ms=21 drawcalls-since-flip=0 drawcalls-total=7586 fail-total=0 null-skips-total=0
[16:42:43] [info] title: eager-title-IO phase tag ENABLED (default) (set SDL_HINT_DOSKUTSU_EAGER_TITLE_IO=0 to disable)
[16:42:43] [info] [music-dispatch] tick=95 song=24 (prev 0)
[16:42:51] [info] Organya pre-render: cache HIT CURLY (11875968 bytes from CACHE; 2 ch; synth skipped).
[16:42:51] [info] audio pump-to-target: ENABLED (186 ms depth setpoint; amount-bounded depth-regulated ring refill per displayed frame; killswitch SDL_HINT_DOSKUTSU_ORG_PUMP_TARGET_MS=0).
[16:42:51] [info] pixtone multi-source probe: DISABLED (default)
[16:42:51] [info] gameloop: entered (curmap=1005, running=1)
[16:42:51] [info] gameloop: iter 1 ticks=38210 mapno=-1
[16:42:51] [info] map: backdrop cache ENABLED (default) (set SDL_HINT_DOSKUTSU_BACKDROP_CACHE=0 to disable)
[16:42:52] [info] gameloop: iter 2 ticks=38786 mapno=-1
[16:42:52] [info] gameloop: iter 3 ticks=38852 mapno=-1
[16:42:52] [info] backdrop cache: thrashing-detect engaged (streak=4, route=direct)
[16:42:52] [info] flip-probe: flip #100 ok=true present=3ms inter_flip_ms=52 drawcalls-since-flip=75 drawcalls-total=7886 fail-total=0 null-skips-total=0
[16:42:52] [info] alpha audit block 0: 7798 total drawcalls, 0 with alpha<255 (block pct_x10=0; global 0/7798 pct_x10=0); alpha-mod skipped: block=0 global=0
[16:42:52] [info] fastpath audit block 0: taken=7798 (idx8=7798) skipped=0 pct_x10=1000; global taken=7798 (idx8=7798) skipped=0 pct_x10=1000
[16:42:52] [info] primitive tally block 0: clear=220(hr=220) fill=0(hr=0) rect=0(hr=0) line=0(hr=0) tint=0 spotlight=0 (over 100 flips ending at flip 100)
[16:42:52] [info] color/alpha audit block 0: cmod_white=104 cmod_black=0 (idx=0) cmod_general=84 (idx=84) cmod_fb=0; alpha_taken=0 alpha_skipped=0 (global cmod=104/0/84/0 idx=0/84 alpha=0/0)
[16:42:52] [info] phase timing block 0: drawcalls=8209 dc_total_ms=1006 flip_inner_total_ms=662 inter_flip_total_ms=35653 (per-flip avg x10: dc_ms=100 fi_ms=66 if_ms=3565 derived audio+engine_ms=3399; per-drawcall avg us_x10=1226) [direct-vesa: presents=97 total_ms=283 avg_ms_x10=29 failed=0] [ablation: NO_DC_TIMING=0 CACHE_WINSURF=0 DIRECT_VESA=1]
[16:42:52] [info] kbd/audio block 0: kbd_irq=0 kbd_drain=0 ring_chunks=16 pump_pass=99 pic1_mask=0xb8 first_irq_ticks=0 install_ticks=0 vector_at_install=0x0083e420 pic1_mask_live=0x98 kbd_8042_stat=0x34 bios_kbd_head=0x003a bios_kbd_tail=0x003a bios_kbd_buf0=0x1c0d
[16:42:52] [info] audio/engine split block 0: audio_mixer_calls=24 audio_mixer_ms_x10=5 engine_tick_calls=99 engine_tick_ms_x10=1097 audio_service_calls=0 audio_service_ms_x10=0 (per-flip avg; per-call us_x10: audio_mix=23405 engine_tick=1108699 audio_service=0; global ns: audio_mix=56174257 engine_tick=10976128497 audio_service=0)
[16:42:52] [info] dirty-rect block @flip=100: total_calls=0 dirty_rects_avg=0 dirty_pct_x10=990 forced_full=0 first_n_force=3 threshold_exceeded=2 dirty_path_taken=0 full_flush_taken=3
[16:42:52] [info] prev-frame-diff block @flip=100: diff_calls=0 diff_rects_avg=0 diff_dirty_pct_x10=0 bbox_pct_x10=0 bbox_thresh_exceeded=0
[16:42:52] [info] flip-probe: flip #110 ok=true present=3ms inter_flip_ms=35 drawcalls-since-flip=75 drawcalls-total=8636 fail-total=0 null-skips-total=0
[16:42:52] [info] flip-probe: flip #120 ok=true present=3ms inter_flip_ms=29 drawcalls-since-flip=75 drawcalls-total=9386 fail-total=0 null-skips-total=0
[16:42:53] [info] flip-probe: flip #130 ok=true present=3ms inter_flip_ms=26 drawcalls-since-flip=0 drawcalls-total=9986 fail-total=0 null-skips-total=0
[16:42:53] [info] Loading profile from profile.dat
[16:42:53] [error] profile_load: unable to open 'profile.dat'
[16:42:53] [info] Loading profile from profile2.dat
[16:42:53] [error] profile_load: unable to open 'profile2.dat'
[16:42:53] [info] Loading profile from profile3.dat
[16:42:53] [info] Loading profile from profile4.dat
[16:42:53] [error] profile_load: unable to open 'profile4.dat'
[16:42:53] [info] Loading profile from profile5.dat
[16:42:53] [info] flip-probe: flip #140 ok=true present=3ms inter_flip_ms=46 drawcalls-since-flip=210 drawcalls-total=10826 fail-total=0 null-skips-total=0
[16:42:54] [info] flip-probe: flip #150 ok=true present=3ms inter_flip_ms=46 drawcalls-since-flip=210 drawcalls-total=12926 fail-total=0 null-skips-total=0
[16:42:54] [info] Writing settings...
[16:42:54] [info] flip-probe: flip #160 ok=true present=3ms inter_flip_ms=26 drawcalls-since-flip=0 drawcalls-total=13774 fail-total=0 null-skips-total=0
[16:42:54] [info] flip-probe: flip #170 ok=true present=3ms inter_flip_ms=21 drawcalls-since-flip=0 drawcalls-total=13774 fail-total=0 null-skips-total=0
[16:42:55] [info] [music-dispatch] tick=175 song=0 (prev 24)
[16:42:55] [info] Loading profile from profile5.dat
[16:42:55] [info]  >> Entering stage 20: 'Save Point'.
[16:42:55] [info] [skip-sheet-flush] cave=2
[16:42:55] [info] [music-dispatch] tick=175 song=8 (prev 0)
[16:42:59] [info] Organya pre-render: cache HIT VIVI (6322176 bytes from CACHE; 2 ch; synth skipped).
[16:42:59] [info] gameloop: entered (curmap=20, running=1)
[16:42:59] [info] gameloop: iter 1 ticks=46573 mapno=-1
[16:42:59] [info] TAS stall discount: ENABLED (default) (patch 0286; a replay frame over 150 ms is a load, not slow rendering, so it contributes 1 tick instead of its wall-clock; set SDL_HINT_DOSKUTSU_TAS_STALL_DISCOUNT=0 to disable)
[16:42:59] [info] TAS accumulator clamp: DISABLED (default) (patch 0281; caps the FT accumulator delta at one tick during TAS so a stalled frame cannot race the replay index; set SDL_HINT_DOSKUTSU_TAS_FT_GUARD=0 to disable)
[16:42:59] [info] gameloop: iter 2 ticks=46642 mapno=-1
[16:42:59] [info] gameloop: iter 3 ticks=46698 mapno=-1
[16:43:00] [info] flip-probe: flip #180 ok=true present=3ms inter_flip_ms=53 drawcalls-since-flip=16 drawcalls-total=13896 fail-total=0 null-skips-total=0
[16:43:00] [info] flip-probe: flip #190 ok=true present=3ms inter_flip_ms=34 drawcalls-since-flip=16 drawcalls-total=14056 fail-total=0 null-skips-total=0
[16:43:00] [info] flip-probe: flip #200 ok=true present=3ms inter_flip_ms=29 drawcalls-since-flip=16 drawcalls-total=14216 fail-total=0 null-skips-total=0
[16:43:00] [info] alpha audit block 0: 5693 total drawcalls, 0 with alpha<255 (block pct_x10=0; global 0/13491 pct_x10=0); alpha-mod skipped: block=0 global=0
[16:43:00] [info] fastpath audit block 0: taken=5693 (idx8=5693) skipped=0 pct_x10=1000; global taken=13491 (idx8=13491) skipped=0 pct_x10=1000
[16:43:00] [info] primitive tally block 0: clear=201(hr=201) fill=0(hr=0) rect=0(hr=0) line=0(hr=0) tint=0 spotlight=0 (over 100 flips ending at flip 200)
[16:43:00] [info] color/alpha audit block 0: cmod_white=1402 cmod_black=0 (idx=0) cmod_general=609 (idx=609) cmod_fb=0; alpha_taken=0 alpha_skipped=0 (global cmod=1506/0/693/0 idx=0/693 alpha=0/0)
[16:43:00] [info] phase timing block 0: drawcalls=7905 dc_total_ms=984 flip_inner_total_ms=973 inter_flip_total_ms=8447 (per-flip avg x10: dc_ms=98 fi_ms=97 if_ms=844 derived audio+engine_ms=649; per-drawcall avg us_x10=1244) [direct-vesa: presents=100 total_ms=286 avg_ms_x10=28 failed=0] [ablation: NO_DC_TIMING=0 CACHE_WINSURF=0 DIRECT_VESA=1]
[16:43:00] [info] kbd/audio block 0: kbd_irq=0 kbd_drain=0 ring_chunks=16 pump_pass=215 pic1_mask=0xb8 first_irq_ticks=0 install_ticks=0 vector_at_install=0x0083e420 pic1_mask_live=0x98 kbd_8042_stat=0x34 bios_kbd_head=0x003a bios_kbd_tail=0x003a bios_kbd_buf0=0x1c0d
[16:43:00] [info] audio/engine split block 0: audio_mixer_calls=170 audio_mixer_ms_x10=35 engine_tick_calls=76 engine_tick_ms_x10=144 audio_service_calls=0 audio_service_ms_x10=0 (per-flip avg; per-call us_x10: audio_mix=21023 engine_tick=190344 audio_service=0; global ns: audio_mix=413565433 engine_tick=12422744265 audio_service=0)
[16:43:00] [info] dirty-rect block @flip=200: total_calls=0 dirty_rects_avg=1 dirty_pct_x10=1000 forced_full=0 first_n_force=0 threshold_exceeded=0 dirty_path_taken=0 full_flush_taken=0
[16:43:00] [info] prev-frame-diff block @flip=200: diff_calls=0 diff_rects_avg=0 diff_dirty_pct_x10=0 bbox_pct_x10=0 bbox_thresh_exceeded=0
[16:43:01] [info] flip-probe: flip #210 ok=true present=3ms inter_flip_ms=26 drawcalls-since-flip=16 drawcalls-total=14376 fail-total=0 null-skips-total=0
[16:43:01] [info] flip-probe: flip #220 ok=true present=3ms inter_flip_ms=37 drawcalls-since-flip=16 drawcalls-total=14536 fail-total=0 null-skips-total=0
[16:43:01] [info] flip-probe: flip #230 ok=true present=3ms inter_flip_ms=32 drawcalls-since-flip=66 drawcalls-total=14746 fail-total=0 null-skips-total=0
[16:43:02] [info] flip-probe: flip #240 ok=true present=3ms inter_flip_ms=64 drawcalls-since-flip=358 drawcalls-total=17726 fail-total=0 null-skips-total=0
[16:43:02] [info]  >> Entering stage 11: 'Mimiga Village'.
[16:43:02] [info] [skip-sheet-flush] cave=3
[16:43:02] [info] [load-stage] preloading entry music song=9 (cave=3)
[16:43:02] [info] [music-dispatch] tick=296 song=9 (prev 8)
[16:43:06] [info] Organya pre-render: cache HIT MURA (5927040 bytes from CACHE; 2 ch; synth skipped).
[16:43:06] [info] gameloop: entered (curmap=11, running=1)
[16:43:06] [info] gameloop: iter 1 ticks=53448 mapno=-1
[16:43:06] [info] map: mds_clear LUT ENABLED (default) (set SDL_HINT_DOSKUTSU_MDS_CLEAR_LUT=0 to disable; default ON; patch 0144 wave-49 bandwidth lever)
[16:43:06] [info] mds-clear-lut: rebuilt N=240 entries (k_skip=0% k_keep=100%; curmap=11 map_size=60x60; rebuild #1 since boot)
[16:43:06] [info] backdrop thrash full-cover ENABLED (default) (set SDL_HINT_DOSKUTSU_THRASH_FULLCOVER=0 to disable)
[16:43:06] [info] [bd-diag] backdrop render-path diag disabled (default) (set SDL_HINT_DOSKUTSU_BACKDROP_DIAG=1 to enable)
[16:43:06] [info] gameloop: iter 2 ticks=53707 mapno=-1
[16:43:07] [info] tas: stall frame 472 ms -> contributing 1 tick (patch 0286)
[16:43:07] [info] gameloop: iter 3 ticks=54024 mapno=-1
[16:43:07] [info] backdrop cache: thrashing-detect engaged (streak=4, route=direct)
[16:43:07] [info] flip-probe: flip #250 ok=true present=3ms inter_flip_ms=68 drawcalls-since-flip=33 drawcalls-total=20238 fail-total=0 null-skips-total=0
[16:43:08] [info] flip-probe: flip #260 ok=true present=3ms inter_flip_ms=61 drawcalls-since-flip=45 drawcalls-total=20665 fail-total=0 null-skips-total=0
[16:43:08] [info] backdrop cache: thrashing-detect engaged (streak=4, route=direct)
[16:43:09] [info] flip-probe: flip #270 ok=true present=3ms inter_flip_ms=47 drawcalls-since-flip=43 drawcalls-total=21113 fail-total=0 null-skips-total=0
[16:43:09] [info] flip-probe: flip #280 ok=true present=3ms inter_flip_ms=47 drawcalls-since-flip=42 drawcalls-total=21533 fail-total=0 null-skips-total=0
[16:43:10] [info] flip-probe: flip #290 ok=true present=4ms inter_flip_ms=53 drawcalls-since-flip=42 drawcalls-total=21953 fail-total=0 null-skips-total=0
[16:43:10] [info] flip-probe: flip #300 ok=true present=2ms inter_flip_ms=52 drawcalls-since-flip=42 drawcalls-total=22373 fail-total=0 null-skips-total=0
[16:43:10] [info] alpha audit block 0: 7331 total drawcalls, 0 with alpha<255 (block pct_x10=0; global 0/20822 pct_x10=0); alpha-mod skipped: block=0 global=0
[16:43:10] [info] fastpath audit block 0: taken=7331 (idx8=7331) skipped=0 pct_x10=1000; global taken=20822 (idx8=20822) skipped=0 pct_x10=1000
[16:43:10] [info] primitive tally block 0: clear=201(hr=201) fill=0(hr=0) rect=0(hr=0) line=0(hr=0) tint=0 spotlight=0 (over 100 flips ending at flip 300)
[16:43:10] [info] color/alpha audit block 0: cmod_white=767 cmod_black=767 (idx=767) cmod_general=0 (idx=0) cmod_fb=0; alpha_taken=0 alpha_skipped=0 (global cmod=2273/767/693/0 idx=767/693 alpha=0/0)
[16:43:10] [info] phase timing block 0: drawcalls=9076 dc_total_ms=885 flip_inner_total_ms=1038 inter_flip_total_ms=9866 (per-flip avg x10: dc_ms=88 fi_ms=103 if_ms=986 derived audio+engine_ms=795; per-drawcall avg us_x10=976) [direct-vesa: presents=100 total_ms=288 avg_ms_x10=28 failed=0] [ablation: NO_DC_TIMING=0 CACHE_WINSURF=0 DIRECT_VESA=1]
[16:43:10] [info] kbd/audio block 0: kbd_irq=0 kbd_drain=0 ring_chunks=16 pump_pass=463 pic1_mask=0xb8 first_irq_ticks=0 install_ticks=0 vector_at_install=0x0083e420 pic1_mask_live=0x98 kbd_8042_stat=0x34 bios_kbd_head=0x003a bios_kbd_tail=0x003a bios_kbd_buf0=0x1c0d
[16:43:10] [info] [tile-speedup-stat n=100 drawtile_us=55.67 raw_blit_us=40.61 ratio=1.37]
[16:43:10] [info] audio/engine split block 0: audio_mixer_calls=227 audio_mixer_ms_x10=47 engine_tick_calls=0 engine_tick_ms_x10=0 audio_service_calls=0 audio_service_ms_x10=0 (per-flip avg; per-call us_x10: audio_mix=21057 engine_tick=0 audio_service=0; global ns: audio_mix=891562063 engine_tick=12422744265 audio_service=0)
[16:43:10] [info] dirty-rect block @flip=300: total_calls=100 dirty_rects_avg=1 dirty_pct_x10=1000 forced_full=0 first_n_force=0 threshold_exceeded=0 dirty_path_taken=0 full_flush_taken=0
[16:43:10] [info] prev-frame-diff block @flip=300: diff_calls=0 diff_rects_avg=0 diff_dirty_pct_x10=0 bbox_pct_x10=0 bbox_thresh_exceeded=0
[16:43:11] [info] flip-probe: flip #310 ok=true present=3ms inter_flip_ms=48 drawcalls-since-flip=42 drawcalls-total=22893 fail-total=0 null-skips-total=0
[16:43:11] [info] flip-probe: flip #320 ok=true present=3ms inter_flip_ms=51 drawcalls-since-flip=43 drawcalls-total=23322 fail-total=0 null-skips-total=0
[16:43:11] [info] backdrop cache: thrashing-detect engaged (streak=64, route=direct)
[16:43:12] [info] flip-probe: flip #330 ok=true present=3ms inter_flip_ms=45 drawcalls-since-flip=43 drawcalls-total=23752 fail-total=0 null-skips-total=0
[16:43:12] [info] flip-probe: flip #340 ok=true present=3ms inter_flip_ms=64 drawcalls-since-flip=43 drawcalls-total=24191 fail-total=0 null-skips-total=0
[16:43:13] [info] flip-probe: flip #350 ok=true present=3ms inter_flip_ms=48 drawcalls-since-flip=41 drawcalls-total=24610 fail-total=0 null-skips-total=0
[16:43:13] [info] flip-probe: flip #360 ok=true present=3ms inter_flip_ms=49 drawcalls-since-flip=41 drawcalls-total=25034 fail-total=0 null-skips-total=0
[16:43:14] [info] flip-probe: flip #370 ok=true present=2ms inter_flip_ms=62 drawcalls-since-flip=16 drawcalls-total=25208 fail-total=0 null-skips-total=0
[16:43:14] [info] flip-probe: flip #380 ok=true present=3ms inter_flip_ms=48 drawcalls-since-flip=15 drawcalls-total=25371 fail-total=0 null-skips-total=0
[16:43:15] [info] backdrop cache: thrashing-detect engaged (streak=124, route=direct)
[16:43:15] [info] flip-probe: flip #390 ok=true present=3ms inter_flip_ms=46 drawcalls-since-flip=14 drawcalls-total=25511 fail-total=0 null-skips-total=0
[16:43:16] [info] flip-probe: flip #400 ok=true present=3ms inter_flip_ms=75 drawcalls-since-flip=319 drawcalls-total=26881 fail-total=0 null-skips-total=0
[16:43:16] [info] alpha audit block 0: 3615 total drawcalls, 0 with alpha<255 (block pct_x10=0; global 0/24437 pct_x10=0); alpha-mod skipped: block=0 global=0
[16:43:16] [info] fastpath audit block 0: taken=3615 (idx8=3615) skipped=0 pct_x10=1000; global taken=24437 (idx8=24437) skipped=0 pct_x10=1000
[16:43:16] [info] primitive tally block 0: clear=200(hr=200) fill=0(hr=0) rect=0(hr=0) line=0(hr=0) tint=0 spotlight=0 (over 100 flips ending at flip 400)
[16:43:16] [info] color/alpha audit block 0: cmod_white=793 cmod_black=793 (idx=793) cmod_general=0 (idx=0) cmod_fb=0; alpha_taken=0 alpha_skipped=0 (global cmod=3066/1560/693/0 idx=1560/693 alpha=0/0)
[16:43:16] [info] phase timing block 0: drawcalls=5401 dc_total_ms=649 flip_inner_total_ms=1095 inter_flip_total_ms=5490 (per-flip avg x10: dc_ms=64 fi_ms=109 if_ms=549 derived audio+engine_ms=376; per-drawcall avg us_x10=1203) [direct-vesa: presents=100 total_ms=288 avg_ms_x10=28 failed=0] [ablation: NO_DC_TIMING=0 CACHE_WINSURF=0 DIRECT_VESA=1]
[16:43:16] [info] kbd/audio block 0: kbd_irq=0 kbd_drain=0 ring_chunks=16 pump_pass=736 pic1_mask=0xb8 first_irq_ticks=0 install_ticks=0 vector_at_install=0x0083e420 pic1_mask_live=0x98 kbd_8042_stat=0x34 bios_kbd_head=0x003a bios_kbd_tail=0x003a bios_kbd_buf0=0x1c0d
[16:43:16] [info] audio/engine split block 0: audio_mixer_calls=236 audio_mixer_ms_x10=49 engine_tick_calls=0 engine_tick_ms_x10=0 audio_service_calls=0 audio_service_ms_x10=0 (per-flip avg; per-call us_x10: audio_mix=21163 engine_tick=0 audio_service=0; global ns: audio_mix=1391023176 engine_tick=12422744265 audio_service=0)
[16:43:16] [info] dirty-rect block @flip=400: total_calls=0 dirty_rects_avg=1 dirty_pct_x10=1000 forced_full=0 first_n_force=0 threshold_exceeded=0 dirty_path_taken=0 full_flush_taken=0
[16:43:16] [info] prev-frame-diff block @flip=400: diff_calls=0 diff_rects_avg=0 diff_dirty_pct_x10=0 bbox_pct_x10=0 bbox_thresh_exceeded=0
[16:43:16] [info]  >> Entering stage 17: 'Yamashita Farm'.
[16:43:16] [info] [skip-sheet-flush] cave=4
[16:43:16] [info] [load-stage] preloading entry music song=13 (cave=4)
[16:43:16] [info] [music-dispatch] tick=751 song=13 (prev 9)
[16:43:19] [info] Organya pre-render: cache HIT PLANT (4741632 bytes from CACHE; 2 ch; synth skipped).
[16:43:19] [info] gameloop: entered (curmap=17, running=1)
[16:43:19] [info] gameloop: iter 1 ticks=66654 mapno=-1
[16:43:19] [info] mds-clear-lut: rebuilt N=240 entries (k_skip=33% k_keep=67%; curmap=17 map_size=40x16; rebuild #2 since boot)
[16:43:20] [info] gameloop: iter 2 ticks=66846 mapno=-1
[16:43:20] [info] tas: stall frame 192 ms -> contributing 1 tick (patch 0286)
[16:43:20] [info] gameloop: iter 3 ticks=66941 mapno=-1
[16:43:20] [info] flip-probe: flip #410 ok=true present=3ms inter_flip_ms=84 drawcalls-since-flip=266 drawcalls-total=30129 fail-total=0 null-skips-total=0
[16:43:21] [info] flip-probe: flip #420 ok=true present=3ms inter_flip_ms=69 drawcalls-since-flip=135 drawcalls-total=31523 fail-total=0 null-skips-total=0
[16:43:21] [info] flip-probe: flip #430 ok=true present=3ms inter_flip_ms=64 drawcalls-since-flip=141 drawcalls-total=32890 fail-total=0 null-skips-total=0
[16:43:22] [info] backdrop cache: thrashing-detect engaged (streak=4, route=direct)
[16:43:22] [info] flip-probe: flip #440 ok=true present=3ms inter_flip_ms=84 drawcalls-since-flip=128 drawcalls-total=34198 fail-total=0 null-skips-total=0
[16:43:23] [info] flip-probe: flip #450 ok=true present=3ms inter_flip_ms=66 drawcalls-since-flip=138 drawcalls-total=35540 fail-total=0 null-skips-total=0
[16:43:24] [info] flip-probe: flip #460 ok=true present=3ms inter_flip_ms=98 drawcalls-since-flip=150 drawcalls-total=37009 fail-total=0 null-skips-total=0
[16:43:25] [info] flip-probe: flip #470 ok=true present=2ms inter_flip_ms=64 drawcalls-since-flip=133 drawcalls-total=38394 fail-total=0 null-skips-total=0
[16:43:25] [info] flip-probe: flip #480 ok=true present=3ms inter_flip_ms=62 drawcalls-since-flip=123 drawcalls-total=39701 fail-total=0 null-skips-total=0
[16:43:26] [info] flip-probe: flip #490 ok=true present=3ms inter_flip_ms=62 drawcalls-since-flip=134 drawcalls-total=41012 fail-total=0 null-skips-total=0
[16:43:26] [info] backdrop cache: thrashing-detect engaged (streak=64, route=direct)
[16:43:27] [info] flip-probe: flip #500 ok=true present=3ms inter_flip_ms=56 drawcalls-since-flip=130 drawcalls-total=42326 fail-total=0 null-skips-total=0
[16:43:27] [info] alpha audit block 0: 14084 total drawcalls, 0 with alpha<255 (block pct_x10=0; global 0/38521 pct_x10=0); alpha-mod skipped: block=0 global=0
[16:43:27] [info] fastpath audit block 0: taken=14084 (idx8=14084) skipped=0 pct_x10=1000; global taken=38521 (idx8=38521) skipped=0 pct_x10=1000
[16:43:27] [info] primitive tally block 0: clear=201(hr=201) fill=0(hr=0) rect=0(hr=0) line=0(hr=0) tint=0 spotlight=0 (over 100 flips ending at flip 500)
[16:43:27] [info] color/alpha audit block 0: cmod_white=1261 cmod_black=1261 (idx=1261) cmod_general=0 (idx=0) cmod_fb=0; alpha_taken=0 alpha_skipped=0 (global cmod=4327/2821/693/0 idx=2821/693 alpha=0/0)
[16:43:27] [info] phase timing block 0: drawcalls=16837 dc_total_ms=1079 flip_inner_total_ms=1061 inter_flip_total_ms=11135 (per-flip avg x10: dc_ms=107 fi_ms=106 if_ms=1113 derived audio+engine_ms=900; per-drawcall avg us_x10=641) [direct-vesa: presents=100 total_ms=288 avg_ms_x10=28 failed=0] [ablation: NO_DC_TIMING=0 CACHE_WINSURF=0 DIRECT_VESA=1]
[16:43:27] [info] kbd/audio block 0: kbd_irq=0 kbd_drain=0 ring_chunks=16 pump_pass=1103 pic1_mask=0xb8 first_irq_ticks=0 install_ticks=0 vector_at_install=0x0083e420 pic1_mask_live=0x98 kbd_8042_stat=0x34 bios_kbd_head=0x003a bios_kbd_tail=0x003a bios_kbd_buf0=0x1c0d
[16:43:27] [info] audio/engine split block 0: audio_mixer_calls=326 audio_mixer_ms_x10=69 engine_tick_calls=0 engine_tick_ms_x10=0 audio_service_calls=0 audio_service_ms_x10=0 (per-flip avg; per-call us_x10: audio_mix=21247 engine_tick=0 audio_service=0; global ns: audio_mix=2083692340 engine_tick=12422744265 audio_service=0)
[16:43:27] [info] dirty-rect block @flip=500: total_calls=0 dirty_rects_avg=1 dirty_pct_x10=1000 forced_full=0 first_n_force=0 threshold_exceeded=0 dirty_path_taken=0 full_flush_taken=0
[16:43:27] [info] prev-frame-diff block @flip=500: diff_calls=0 diff_rects_avg=0 diff_dirty_pct_x10=0 bbox_pct_x10=0 bbox_thresh_exceeded=0
[16:43:27] [info] flip-probe: flip #510 ok=true present=3ms inter_flip_ms=64 drawcalls-since-flip=126 drawcalls-total=43582 fail-total=0 null-skips-total=0
[16:43:28] [info] flip-probe: flip #520 ok=true present=3ms inter_flip_ms=83 drawcalls-since-flip=132 drawcalls-total=44900 fail-total=0 null-skips-total=0
[16:43:29] [info] flip-probe: flip #530 ok=true present=3ms inter_flip_ms=58 drawcalls-since-flip=113 drawcalls-total=46088 fail-total=0 null-skips-total=0
[16:43:29] [info] flip-probe: flip #540 ok=true present=3ms inter_flip_ms=60 drawcalls-since-flip=100 drawcalls-total=47159 fail-total=0 null-skips-total=0
[16:43:30] [info] flip-probe: flip #550 ok=true present=3ms inter_flip_ms=64 drawcalls-since-flip=108 drawcalls-total=48202 fail-total=0 null-skips-total=0
[16:43:30] [info] backdrop cache: thrashing-detect engaged (streak=124, route=direct)
[16:43:31] [info] flip-probe: flip #560 ok=true present=3ms inter_flip_ms=69 drawcalls-since-flip=116 drawcalls-total=49334 fail-total=0 null-skips-total=0
[16:43:31] [info] flip-probe: flip #570 ok=true present=3ms inter_flip_ms=63 drawcalls-since-flip=108 drawcalls-total=50424 fail-total=0 null-skips-total=0
[16:43:32] [info] flip-probe: flip #580 ok=true present=3ms inter_flip_ms=61 drawcalls-since-flip=100 drawcalls-total=51463 fail-total=0 null-skips-total=0
[16:43:33] [info] flip-probe: flip #590 ok=true present=3ms inter_flip_ms=54 drawcalls-since-flip=111 drawcalls-total=52568 fail-total=0 null-skips-total=0
[16:43:33] [info] flip-probe: flip #600 ok=true present=3ms inter_flip_ms=57 drawcalls-since-flip=114 drawcalls-total=53703 fail-total=0 null-skips-total=0
[16:43:33] [info] alpha audit block 0: 10978 total drawcalls, 0 with alpha<255 (block pct_x10=0; global 0/49499 pct_x10=0); alpha-mod skipped: block=0 global=0
[16:43:33] [info] fastpath audit block 0: taken=10978 (idx8=10978) skipped=0 pct_x10=1000; global taken=49499 (idx8=49499) skipped=0 pct_x10=1000
[16:43:33] [info] primitive tally block 0: clear=200(hr=200) fill=0(hr=0) rect=0(hr=0) line=0(hr=0) tint=0 spotlight=0 (over 100 flips ending at flip 600)
[16:43:33] [info] color/alpha audit block 0: cmod_white=299 cmod_black=299 (idx=299) cmod_general=0 (idx=0) cmod_fb=0; alpha_taken=0 alpha_skipped=0 (global cmod=4626/3120/693/0 idx=3120/693 alpha=0/0)
[16:43:33] [info] phase timing block 0: drawcalls=11776 dc_total_ms=707 flip_inner_total_ms=1022 inter_flip_total_ms=6624 (per-flip avg x10: dc_ms=70 fi_ms=102 if_ms=662 derived audio+engine_ms=490; per-drawcall avg us_x10=600) [direct-vesa: presents=100 total_ms=289 avg_ms_x10=28 failed=0] [ablation: NO_DC_TIMING=0 CACHE_WINSURF=0 DIRECT_VESA=1]
[16:43:33] [info] kbd/audio block 0: kbd_irq=0 kbd_drain=0 ring_chunks=16 pump_pass=1434 pic1_mask=0xb8 first_irq_ticks=0 install_ticks=0 vector_at_install=0x0083e420 pic1_mask_live=0x98 kbd_8042_stat=0x34 bios_kbd_head=0x003a bios_kbd_tail=0x003a bios_kbd_buf0=0x1c0d
[16:43:33] [info] audio/engine split block 0: audio_mixer_calls=286 audio_mixer_ms_x10=60 engine_tick_calls=0 engine_tick_ms_x10=0 audio_service_calls=0 audio_service_ms_x10=0 (per-flip avg; per-call us_x10: audio_mix=21268 engine_tick=0 audio_service=0; global ns: audio_mix=2691976091 engine_tick=12422744265 audio_service=0)
[16:43:33] [info] dirty-rect block @flip=600: total_calls=0 dirty_rects_avg=1 dirty_pct_x10=1000 forced_full=0 first_n_force=0 threshold_exceeded=0 dirty_path_taken=0 full_flush_taken=0
[16:43:33] [info] prev-frame-diff block @flip=600: diff_calls=0 diff_rects_avg=0 diff_dirty_pct_x10=0 bbox_pct_x10=0 bbox_thresh_exceeded=0
[16:43:34] [info] flip-probe: flip #610 ok=true present=3ms inter_flip_ms=62 drawcalls-since-flip=123 drawcalls-total=54887 fail-total=0 null-skips-total=0
[16:43:34] [info] backdrop cache: thrashing-detect engaged (streak=184, route=direct)
[16:43:35] [info] flip-probe: flip #620 ok=true present=3ms inter_flip_ms=85 drawcalls-since-flip=409 drawcalls-total=57083 fail-total=0 null-skips-total=0
[16:43:35] [info]  >> Entering stage 11: 'Mimiga Village'.
[16:43:35] [info] [skip-sheet-flush] cave=5
[16:43:36] [info] [load-stage] preloading entry music song=9 (cave=5)
[16:43:36] [info] [music-dispatch] tick=1523 song=9 (prev 13)
[16:43:40] [info] Organya pre-render: cache HIT MURA (5927040 bytes from CACHE; 2 ch; synth skipped).
[16:43:40] [info] gameloop: entered (curmap=11, running=1)
[16:43:40] [info] gameloop: iter 1 ticks=86921 mapno=-1
[16:43:40] [info] mds-clear-lut: rebuilt N=240 entries (k_skip=0% k_keep=100%; curmap=11 map_size=60x60; rebuild #3 since boot)
[16:43:40] [info] gameloop: iter 2 ticks=87022 mapno=-1
[16:43:40] [info] gameloop: iter 3 ticks=87127 mapno=-1
[16:43:40] [info] backdrop cache: thrashing-detect engaged (streak=4, route=direct)
[16:43:40] [info] flip-probe: flip #630 ok=true present=3ms inter_flip_ms=81 drawcalls-since-flip=195 drawcalls-total=60263 fail-total=0 null-skips-total=0
[16:43:41] [info] flip-probe: flip #640 ok=true present=3ms inter_flip_ms=47 drawcalls-since-flip=40 drawcalls-total=60783 fail-total=0 null-skips-total=0
[16:43:41] [info] flip-probe: flip #650 ok=true present=3ms inter_flip_ms=49 drawcalls-since-flip=40 drawcalls-total=61183 fail-total=0 null-skips-total=0
[16:43:42] [info] flip-probe: flip #660 ok=true present=3ms inter_flip_ms=49 drawcalls-since-flip=40 drawcalls-total=61583 fail-total=0 null-skips-total=0
[16:43:42] [info] flip-probe: flip #670 ok=true present=3ms inter_flip_ms=47 drawcalls-since-flip=40 drawcalls-total=61989 fail-total=0 null-skips-total=0
[16:43:43] [info] flip-probe: flip #680 ok=true present=3ms inter_flip_ms=49 drawcalls-since-flip=40 drawcalls-total=62394 fail-total=0 null-skips-total=0
[16:43:43] [info] backdrop cache: thrashing-detect engaged (streak=64, route=direct)
[16:43:43] [info] flip-probe: flip #690 ok=true present=3ms inter_flip_ms=54 drawcalls-since-flip=41 drawcalls-total=62800 fail-total=0 null-skips-total=0
[16:43:44] [info] flip-probe: flip #700 ok=true present=3ms inter_flip_ms=45 drawcalls-since-flip=42 drawcalls-total=63215 fail-total=0 null-skips-total=0
[16:43:44] [info] alpha audit block 0: 8424 total drawcalls, 0 with alpha<255 (block pct_x10=0; global 0/57923 pct_x10=0); alpha-mod skipped: block=0 global=0
[16:43:44] [info] fastpath audit block 0: taken=8424 (idx8=8424) skipped=0 pct_x10=1000; global taken=57923 (idx8=57923) skipped=0 pct_x10=1000
[16:43:44] [info] primitive tally block 0: clear=201(hr=201) fill=0(hr=0) rect=0(hr=0) line=0(hr=0) tint=0 spotlight=0 (over 100 flips ending at flip 700)
[16:43:44] [info] color/alpha audit block 0: cmod_white=988 cmod_black=988 (idx=988) cmod_general=0 (idx=0) cmod_fb=0; alpha_taken=0 alpha_skipped=0 (global cmod=5614/4108/693/0 idx=4108/693 alpha=0/0)
[16:43:44] [info] phase timing block 0: drawcalls=10604 dc_total_ms=852 flip_inner_total_ms=1027 inter_flip_total_ms=10576 (per-flip avg x10: dc_ms=85 fi_ms=102 if_ms=1057 derived audio+engine_ms=870; per-drawcall avg us_x10=803) [direct-vesa: presents=100 total_ms=291 avg_ms_x10=29 failed=0] [ablation: NO_DC_TIMING=0 CACHE_WINSURF=0 DIRECT_VESA=1]
[16:43:44] [info] kbd/audio block 0: kbd_irq=0 kbd_drain=0 ring_chunks=16 pump_pass=1730 pic1_mask=0xb8 first_irq_ticks=0 install_ticks=0 vector_at_install=0x0083e420 pic1_mask_live=0x98 kbd_8042_stat=0x34 bios_kbd_head=0x003a bios_kbd_tail=0x003a bios_kbd_buf0=0x1c0d
[16:43:44] [info] audio/engine split block 0: audio_mixer_calls=263 audio_mixer_ms_x10=55 engine_tick_calls=0 engine_tick_ms_x10=0 audio_service_calls=0 audio_service_ms_x10=0 (per-flip avg; per-call us_x10: audio_mix=21173 engine_tick=0 audio_service=0; global ns: audio_mix=3248841769 engine_tick=12422744265 audio_service=0)
[16:43:44] [info] dirty-rect block @flip=700: total_calls=0 dirty_rects_avg=1 dirty_pct_x10=1000 forced_full=0 first_n_force=0 threshold_exceeded=0 dirty_path_taken=0 full_flush_taken=0
[16:43:44] [info] prev-frame-diff block @flip=700: diff_calls=0 diff_rects_avg=0 diff_dirty_pct_x10=0 bbox_pct_x10=0 bbox_thresh_exceeded=0
[16:43:44] [info] flip-probe: flip #710 ok=true present=3ms inter_flip_ms=53 drawcalls-since-flip=41 drawcalls-total=63625 fail-total=0 null-skips-total=0
[16:43:45] [info] flip-probe: flip #720 ok=true present=3ms inter_flip_ms=47 drawcalls-since-flip=44 drawcalls-total=64041 fail-total=0 null-skips-total=0
[16:43:45] [info] run_tick_fixed #1800: heartbeat (loop alive)
[16:43:45] [info] flip-probe: flip #730 ok=true present=3ms inter_flip_ms=46 drawcalls-since-flip=44 drawcalls-total=64481 fail-total=0 null-skips-total=0
[16:43:46] [info] flip-probe: flip #740 ok=true present=3ms inter_flip_ms=43 drawcalls-since-flip=44 drawcalls-total=64921 fail-total=0 null-skips-total=0
[16:43:46] [info] backdrop cache: thrashing-detect engaged (streak=124, route=direct)
[16:43:46] [info] flip-probe: flip #750 ok=true present=4ms inter_flip_ms=37 drawcalls-since-flip=17 drawcalls-total=65203 fail-total=0 null-skips-total=0
[16:43:47] [info] flip-probe: flip #760 ok=true present=3ms inter_flip_ms=42 drawcalls-since-flip=16 drawcalls-total=65370 fail-total=0 null-skips-total=0
[16:43:47] [info] flip-probe: flip #770 ok=true present=3ms inter_flip_ms=44 drawcalls-since-flip=16 drawcalls-total=65538 fail-total=0 null-skips-total=0
[16:43:48] [info] flip-probe: flip #780 ok=true present=3ms inter_flip_ms=43 drawcalls-since-flip=16 drawcalls-total=65698 fail-total=0 null-skips-total=0
[16:43:48] [info] flip-probe: flip #790 ok=true present=3ms inter_flip_ms=43 drawcalls-since-flip=16 drawcalls-total=65858 fail-total=0 null-skips-total=0
[16:43:48] [info] flip-probe: flip #800 ok=true present=3ms inter_flip_ms=43 drawcalls-since-flip=16 drawcalls-total=66018 fail-total=0 null-skips-total=0
[16:43:48] [info] alpha audit block 0: 2131 total drawcalls, 0 with alpha<255 (block pct_x10=0; global 0/60054 pct_x10=0); alpha-mod skipped: block=0 global=0
[16:43:48] [info] fastpath audit block 0: taken=2131 (idx8=2131) skipped=0 pct_x10=1000; global taken=60054 (idx8=60054) skipped=0 pct_x10=1000
[16:43:48] [info] primitive tally block 0: clear=200(hr=200) fill=0(hr=0) rect=0(hr=0) line=0(hr=0) tint=0 spotlight=0 (over 100 flips ending at flip 800)
[16:43:48] [info] color/alpha audit block 0: cmod_white=572 cmod_black=572 (idx=572) cmod_general=0 (idx=0) cmod_fb=0; alpha_taken=0 alpha_skipped=0 (global cmod=6186/4680/693/0 idx=4680/693 alpha=0/0)
[16:43:48] [info] phase timing block 0: drawcalls=3475 dc_total_ms=578 flip_inner_total_ms=1015 inter_flip_total_ms=4595 (per-flip avg x10: dc_ms=57 fi_ms=101 if_ms=459 derived audio+engine_ms=301; per-drawcall avg us_x10=1665) [direct-vesa: presents=100 total_ms=287 avg_ms_x10=28 failed=0] [ablation: NO_DC_TIMING=0 CACHE_WINSURF=0 DIRECT_VESA=1]
[16:43:48] [info] kbd/audio block 0: kbd_irq=0 kbd_drain=0 ring_chunks=16 pump_pass=1960 pic1_mask=0xb8 first_irq_ticks=0 install_ticks=0 vector_at_install=0x0083e420 pic1_mask_live=0x98 kbd_8042_stat=0x34 bios_kbd_head=0x003a bios_kbd_tail=0x003a bios_kbd_buf0=0x1c0d
[16:43:48] [info] audio/engine split block 0: audio_mixer_calls=198 audio_mixer_ms_x10=41 engine_tick_calls=0 engine_tick_ms_x10=0 audio_service_calls=0 audio_service_ms_x10=0 (per-flip avg; per-call us_x10: audio_mix=21045 engine_tick=0 audio_service=0; global ns: audio_mix=3665534130 engine_tick=12422744265 audio_service=0)
[16:43:48] [info] dirty-rect block @flip=800: total_calls=0 dirty_rects_avg=1 dirty_pct_x10=1000 forced_full=0 first_n_force=0 threshold_exceeded=0 dirty_path_taken=0 full_flush_taken=0
[16:43:49] [info] prev-frame-diff block @flip=800: diff_calls=0 diff_rects_avg=0 diff_dirty_pct_x10=0 bbox_pct_x10=0 bbox_thresh_exceeded=0
[16:43:49] [info] backdrop cache: thrashing-detect engaged (streak=184, route=direct)
[16:43:49] [info] flip-probe: flip #810 ok=true present=3ms inter_flip_ms=64 drawcalls-since-flip=20 drawcalls-total=66240 fail-total=0 null-skips-total=0
[16:43:50] [info] flip-probe: flip #820 ok=true present=3ms inter_flip_ms=46 drawcalls-since-flip=20 drawcalls-total=66430 fail-total=0 null-skips-total=0
[16:43:50] [info] flip-probe: flip #830 ok=true present=3ms inter_flip_ms=56 drawcalls-since-flip=171 drawcalls-total=66957 fail-total=0 null-skips-total=0
[16:43:51] [info]  >> Entering stage 15: 'Reservoir'.
[16:43:51] [info] [skip-sheet-flush] cave=6
[16:43:51] [info] [load-stage] preloading entry music song=9 (cave=6)
[16:43:51] [info] gameloop: entered (curmap=15, running=1)
[16:43:51] [info] gameloop: iter 1 ticks=98338 mapno=-1
[16:43:51] [info] mds-clear-lut: rebuilt N=240 entries (k_skip=13% k_keep=87%; curmap=15 map_size=40x20; rebuild #4 since boot)
[16:43:51] [info] gameloop: iter 2 ticks=98437 mapno=-1
[16:43:51] [info] flip-probe: flip #840 ok=true present=3ms inter_flip_ms=93 drawcalls-since-flip=336 drawcalls-total=69642 fail-total=0 null-skips-total=0
[16:43:51] [info] gameloop: iter 3 ticks=98535 mapno=-1
[16:43:52] [info] run_tick_fixed #2100: heartbeat (loop alive)
[16:43:52] [info] flip-probe: flip #850 ok=true present=3ms inter_flip_ms=44 drawcalls-since-flip=31 drawcalls-total=71282 fail-total=0 null-skips-total=0
[16:43:52] [info] flip-probe: flip #860 ok=true present=2ms inter_flip_ms=44 drawcalls-since-flip=31 drawcalls-total=71592 fail-total=0 null-skips-total=0
[16:43:53] [info] flip-probe: flip #870 ok=true present=3ms inter_flip_ms=57 drawcalls-since-flip=31 drawcalls-total=71902 fail-total=0 null-skips-total=0
[16:43:53] [info] backdrop cache: thrashing-detect engaged (streak=4, route=direct)
[16:43:53] [info] flip-probe: flip #880 ok=true present=3ms inter_flip_ms=61 drawcalls-since-flip=35 drawcalls-total=72229 fail-total=0 null-skips-total=0
[16:43:54] [info] flip-probe: flip #890 ok=true present=3ms inter_flip_ms=45 drawcalls-since-flip=31 drawcalls-total=72552 fail-total=0 null-skips-total=0
[16:43:54] [info] flip-probe: flip #900 ok=true present=2ms inter_flip_ms=48 drawcalls-since-flip=31 drawcalls-total=72862 fail-total=0 null-skips-total=0
[16:43:54] [info] alpha audit block 0: 6186 total drawcalls, 0 with alpha<255 (block pct_x10=0; global 0/66240 pct_x10=0); alpha-mod skipped: block=0 global=0
[16:43:54] [info] fastpath audit block 0: taken=6186 (idx8=6186) skipped=0 pct_x10=1000; global taken=66240 (idx8=66240) skipped=0 pct_x10=1000
[16:43:54] [info] primitive tally block 0: clear=201(hr=201) fill=0(hr=0) rect=0(hr=0) line=0(hr=0) tint=0 spotlight=0 (over 100 flips ending at flip 900)
[16:43:54] [info] color/alpha audit block 0: cmod_white=558 cmod_black=558 (idx=558) cmod_general=0 (idx=0) cmod_fb=0; alpha_taken=0 alpha_skipped=0 (global cmod=6744/5238/693/0 idx=5238/693 alpha=0/0)
[16:43:54] [info] phase timing block 0: drawcalls=7538 dc_total_ms=938 flip_inner_total_ms=1101 inter_flip_total_ms=5963 (per-flip avg x10: dc_ms=93 fi_ms=110 if_ms=596 derived audio+engine_ms=393; per-drawcall avg us_x10=1244) [direct-vesa: presents=100 total_ms=290 avg_ms_x10=29 failed=0] [ablation: NO_DC_TIMING=0 CACHE_WINSURF=0 DIRECT_VESA=1]
[16:43:54] [info] kbd/audio block 0: kbd_irq=0 kbd_drain=0 ring_chunks=16 pump_pass=2235 pic1_mask=0xb8 first_irq_ticks=0 install_ticks=0 vector_at_install=0x0083e420 pic1_mask_live=0x98 kbd_8042_stat=0x34 bios_kbd_head=0x003a bios_kbd_tail=0x003a bios_kbd_buf0=0x1c0d
[16:43:54] [info] audio/engine split block 0: audio_mixer_calls=247 audio_mixer_ms_x10=52 engine_tick_calls=0 engine_tick_ms_x10=0 audio_service_calls=0 audio_service_ms_x10=0 (per-flip avg; per-call us_x10: audio_mix=21208 engine_tick=0 audio_service=0; global ns: audio_mix=4189384676 engine_tick=12422744265 audio_service=0)
[16:43:54] [info] dirty-rect block @flip=900: total_calls=0 dirty_rects_avg=1 dirty_pct_x10=1000 forced_full=0 first_n_force=0 threshold_exceeded=0 dirty_path_taken=0 full_flush_taken=0
[16:43:54] [info] prev-frame-diff block @flip=900: diff_calls=0 diff_rects_avg=0 diff_dirty_pct_x10=0 bbox_pct_x10=0 bbox_thresh_exceeded=0
[16:43:55] [info] flip-probe: flip #910 ok=true present=3ms inter_flip_ms=43 drawcalls-since-flip=33 drawcalls-total=73185 fail-total=0 null-skips-total=0
[16:43:55] [info] flip-probe: flip #920 ok=true present=3ms inter_flip_ms=45 drawcalls-since-flip=35 drawcalls-total=73533 fail-total=0 null-skips-total=0
[16:43:56] [info] flip-probe: flip #930 ok=true present=3ms inter_flip_ms=57 drawcalls-since-flip=35 drawcalls-total=73883 fail-total=0 null-skips-total=0
[16:43:56] [info] backdrop cache: thrashing-detect engaged (streak=64, route=direct)
[16:43:56] [info] flip-probe: flip #940 ok=true present=3ms inter_flip_ms=43 drawcalls-since-flip=35 drawcalls-total=74237 fail-total=0 null-skips-total=0
[16:43:57] [info] flip-probe: flip #950 ok=true present=3ms inter_flip_ms=45 drawcalls-since-flip=36 drawcalls-total=74594 fail-total=0 null-skips-total=0
[16:43:57] [info] flip-probe: flip #960 ok=true present=3ms inter_flip_ms=43 drawcalls-since-flip=16 drawcalls-total=74906 fail-total=0 null-skips-total=0
[16:43:58] [info] flip-probe: flip #970 ok=true present=2ms inter_flip_ms=38 drawcalls-since-flip=16 drawcalls-total=75073 fail-total=0 null-skips-total=0
[16:43:58] [info] flip-probe: flip #980 ok=true present=3ms inter_flip_ms=43 drawcalls-since-flip=16 drawcalls-total=75229 fail-total=0 null-skips-total=0
[16:43:59] [info] flip-probe: flip #990 ok=true present=3ms inter_flip_ms=42 drawcalls-since-flip=15 drawcalls-total=75384 fail-total=0 null-skips-total=0
[16:43:59] [info] backdrop cache: thrashing-detect engaged (streak=124, route=direct)
[16:43:59] [info] flip-probe: flip #1000 ok=true present=3ms inter_flip_ms=47 drawcalls-since-flip=13 drawcalls-total=75525 fail-total=0 null-skips-total=0
[16:43:59] [info] alpha audit block 0: 2041 total drawcalls, 0 with alpha<255 (block pct_x10=0; global 0/68281 pct_x10=0); alpha-mod skipped: block=0 global=0
[16:43:59] [info] fastpath audit block 0: taken=2041 (idx8=2041) skipped=0 pct_x10=1000; global taken=68281 (idx8=68281) skipped=0 pct_x10=1000
[16:43:59] [info] primitive tally block 0: clear=200(hr=200) fill=0(hr=0) rect=0(hr=0) line=0(hr=0) tint=0 spotlight=0 (over 100 flips ending at flip 1000)
[16:43:59] [info] color/alpha audit block 0: cmod_white=522 cmod_black=522 (idx=522) cmod_general=0 (idx=0) cmod_fb=0; alpha_taken=0 alpha_skipped=0 (global cmod=7266/5760/693/0 idx=5760/693 alpha=0/0)
[16:43:59] [info] phase timing block 0: drawcalls=3285 dc_total_ms=533 flip_inner_total_ms=1034 inter_flip_total_ms=4575 (per-flip avg x10: dc_ms=53 fi_ms=103 if_ms=457 derived audio+engine_ms=301; per-drawcall avg us_x10=1622) [direct-vesa: presents=100 total_ms=286 avg_ms_x10=28 failed=0] [ablation: NO_DC_TIMING=0 CACHE_WINSURF=0 DIRECT_VESA=1]
[16:43:59] [info] kbd/audio block 0: kbd_irq=0 kbd_drain=0 ring_chunks=16 pump_pass=2464 pic1_mask=0xb8 first_irq_ticks=0 install_ticks=0 vector_at_install=0x0083e420 pic1_mask_live=0x98 kbd_8042_stat=0x34 bios_kbd_head=0x003a bios_kbd_tail=0x003a bios_kbd_buf0=0x1c0d
[16:43:59] [info] audio/engine split block 0: audio_mixer_calls=197 audio_mixer_ms_x10=41 engine_tick_calls=0 engine_tick_ms_x10=0 audio_service_calls=0 audio_service_ms_x10=0 (per-flip avg; per-call us_x10: audio_mix=21287 engine_tick=0 audio_service=0; global ns: audio_mix=4608744714 engine_tick=12422744265 audio_service=0)
[16:43:59] [info] dirty-rect block @flip=1000: total_calls=0 dirty_rects_avg=1 dirty_pct_x10=1000 forced_full=0 first_n_force=0 threshold_exceeded=0 dirty_path_taken=0 full_flush_taken=0
[16:43:59] [info] prev-frame-diff block @flip=1000: diff_calls=0 diff_rects_avg=0 diff_dirty_pct_x10=0 bbox_pct_x10=0 bbox_thresh_exceeded=0
[16:43:59] [info] tas: stall frame 317 ms -> contributing 1 tick (patch 0286)
[16:44:00] [info] flip-probe: flip #1010 ok=true present=4ms inter_flip_ms=35 drawcalls-since-flip=13 drawcalls-total=75655 fail-total=0 null-skips-total=0
[16:44:00] [info] flip-probe: flip #1020 ok=true present=3ms inter_flip_ms=53 drawcalls-since-flip=13 drawcalls-total=75785 fail-total=0 null-skips-total=0
[16:44:00] [info] backdrop cache: thrashing-detect engaged (streak=4, route=direct)
[16:44:01] [info] flip-probe: flip #1030 ok=true present=3ms inter_flip_ms=47 drawcalls-since-flip=13 drawcalls-total=75915 fail-total=0 null-skips-total=0
[16:44:01] [info] flip-probe: flip #1040 ok=true present=3ms inter_flip_ms=39 drawcalls-since-flip=13 drawcalls-total=76045 fail-total=0 null-skips-total=0
[16:44:02] [info] flip-probe: flip #1050 ok=true present=3ms inter_flip_ms=45 drawcalls-since-flip=13 drawcalls-total=76175 fail-total=0 null-skips-total=0
[16:44:02] [info] flip-probe: flip #1060 ok=true present=3ms inter_flip_ms=42 drawcalls-since-flip=13 drawcalls-total=76305 fail-total=0 null-skips-total=0
[16:44:02] [info] flip-probe: flip #1070 ok=true present=3ms inter_flip_ms=42 drawcalls-since-flip=13 drawcalls-total=76435 fail-total=0 null-skips-total=0
[16:44:03] [info] flip-probe: flip #1080 ok=true present=3ms inter_flip_ms=36 drawcalls-since-flip=13 drawcalls-total=76565 fail-total=0 null-skips-total=0
[16:44:03] [info] backdrop cache: thrashing-detect engaged (streak=64, route=direct)
[16:44:03] [info] flip-probe: flip #1090 ok=true present=3ms inter_flip_ms=60 drawcalls-since-flip=13 drawcalls-total=76695 fail-total=0 null-skips-total=0
[16:44:04] [info] flip-probe: flip #1100 ok=true present=3ms inter_flip_ms=47 drawcalls-since-flip=13 drawcalls-total=76825 fail-total=0 null-skips-total=0
[16:44:04] [info] alpha audit block 0: 1200 total drawcalls, 0 with alpha<255 (block pct_x10=0; global 0/69481 pct_x10=0); alpha-mod skipped: block=0 global=0
[16:44:04] [info] fastpath audit block 0: taken=1200 (idx8=1200) skipped=0 pct_x10=1000; global taken=69481 (idx8=69481) skipped=0 pct_x10=1000
[16:44:04] [info] primitive tally block 0: clear=200(hr=200) fill=0(hr=0) rect=0(hr=0) line=0(hr=0) tint=0 spotlight=0 (over 100 flips ending at flip 1100)
[16:44:04] [info] phase timing block 0: drawcalls=1421 dc_total_ms=569 flip_inner_total_ms=1025 inter_flip_total_ms=4767 (per-flip avg x10: dc_ms=56 fi_ms=102 if_ms=476 derived audio+engine_ms=318; per-drawcall avg us_x10=4007) [direct-vesa: presents=100 total_ms=289 avg_ms_x10=28 failed=0] [ablation: NO_DC_TIMING=0 CACHE_WINSURF=0 DIRECT_VESA=1]
[16:44:04] [info] kbd/audio block 0: kbd_irq=0 kbd_drain=0 ring_chunks=16 pump_pass=2687 pic1_mask=0xb8 first_irq_ticks=0 install_ticks=0 vector_at_install=0x0083e420 pic1_mask_live=0x98 kbd_8042_stat=0x34 bios_kbd_head=0x003a bios_kbd_tail=0x003a bios_kbd_buf0=0x1c0d
[16:44:04] [info] audio/engine split block 0: audio_mixer_calls=201 audio_mixer_ms_x10=42 engine_tick_calls=0 engine_tick_ms_x10=0 audio_service_calls=0 audio_service_ms_x10=0 (per-flip avg; per-call us_x10: audio_mix=21165 engine_tick=0 audio_service=0; global ns: audio_mix=5034179265 engine_tick=12422744265 audio_service=0)
[16:44:04] [info] dirty-rect block @flip=1100: total_calls=0 dirty_rects_avg=1 dirty_pct_x10=1000 forced_full=0 first_n_force=0 threshold_exceeded=0 dirty_path_taken=0 full_flush_taken=0
[16:44:04] [info] prev-frame-diff block @flip=1100: diff_calls=0 diff_rects_avg=0 diff_dirty_pct_x10=0 bbox_pct_x10=0 bbox_thresh_exceeded=0
[16:44:04] [info] flip-probe: flip #1110 ok=true present=3ms inter_flip_ms=58 drawcalls-since-flip=273 drawcalls-total=77865 fail-total=0 null-skips-total=0
[16:44:05] [info]  >> Entering stage 11: 'Mimiga Village'.
[16:44:05] [info] [skip-sheet-flush] cave=7
[16:44:05] [info] [load-stage] preloading entry music song=9 (cave=7)
[16:44:05] [info] gameloop: entered (curmap=11, running=1)
[16:44:05] [info] gameloop: iter 1 ticks=112412 mapno=-1
[16:44:05] [info] mds-clear-lut: rebuilt N=240 entries (k_skip=0% k_keep=100%; curmap=11 map_size=60x60; rebuild #5 since boot)
[16:44:05] [info] gameloop: iter 2 ticks=112519 mapno=-1
[16:44:05] [info] gameloop: iter 3 ticks=112615 mapno=-1
[16:44:06] [info] flip-probe: flip #1120 ok=true present=3ms inter_flip_ms=88 drawcalls-since-flip=332 drawcalls-total=80786 fail-total=0 null-skips-total=0
[16:44:06] [info] flip-probe: flip #1130 ok=true present=3ms inter_flip_ms=45 drawcalls-since-flip=42 drawcalls-total=81726 fail-total=0 null-skips-total=0
[16:44:07] [info] flip-probe: flip #1140 ok=true present=2ms inter_flip_ms=49 drawcalls-since-flip=42 drawcalls-total=82146 fail-total=0 null-skips-total=0
[16:44:07] [info] flip-probe: flip #1150 ok=true present=3ms inter_flip_ms=78 drawcalls-since-flip=53 drawcalls-total=82588 fail-total=0 null-skips-total=0
[16:44:08] [info] backdrop cache: thrashing-detect engaged (streak=4, route=direct)
[16:44:08] [info] flip-probe: flip #1160 ok=true present=3ms inter_flip_ms=66 drawcalls-since-flip=51 drawcalls-total=83106 fail-total=0 null-skips-total=0
[16:44:08] [info] flip-probe: flip #1170 ok=true present=3ms inter_flip_ms=50 drawcalls-since-flip=46 drawcalls-total=83563 fail-total=0 null-skips-total=0
[16:44:09] [info] flip-probe: flip #1180 ok=true present=3ms inter_flip_ms=47 drawcalls-since-flip=43 drawcalls-total=83990 fail-total=0 null-skips-total=0
[16:44:09] [info] flip-probe: flip #1190 ok=true present=3ms inter_flip_ms=47 drawcalls-since-flip=41 drawcalls-total=84420 fail-total=0 null-skips-total=0
[16:44:10] [info] flip-probe: flip #1200 ok=true present=3ms inter_flip_ms=46 drawcalls-since-flip=44 drawcalls-total=84866 fail-total=0 null-skips-total=0
[16:44:10] [info] alpha audit block 0: 6849 total drawcalls, 0 with alpha<255 (block pct_x10=0; global 0/76330 pct_x10=0); alpha-mod skipped: block=0 global=0
[16:44:10] [info] fastpath audit block 0: taken=6849 (idx8=6849) skipped=0 pct_x10=1000; global taken=76330 (idx8=76330) skipped=0 pct_x10=1000
[16:44:10] [info] primitive tally block 0: clear=201(hr=201) fill=0(hr=0) rect=0(hr=0) line=0(hr=0) tint=0 spotlight=0 (over 100 flips ending at flip 1200)
[16:44:10] [info] color/alpha audit block 0: cmod_white=1092 cmod_black=1092 (idx=1092) cmod_general=0 (idx=0) cmod_fb=0; alpha_taken=0 alpha_skipped=0 (global cmod=8358/6852/693/0 idx=6852/693 alpha=0/0)
[16:44:10] [info] phase timing block 0: drawcalls=9274 dc_total_ms=1035 flip_inner_total_ms=1062 inter_flip_total_ms=6098 (per-flip avg x10: dc_ms=103 fi_ms=106 if_ms=609 derived audio+engine_ms=400; per-drawcall avg us_x10=1117) [direct-vesa: presents=100 total_ms=287 avg_ms_x10=28 failed=0] [ablation: NO_DC_TIMING=0 CACHE_WINSURF=0 DIRECT_VESA=1]
[16:44:10] [info] kbd/audio block 0: kbd_irq=0 kbd_drain=0 ring_chunks=16 pump_pass=2968 pic1_mask=0xb8 first_irq_ticks=0 install_ticks=0 vector_at_install=0x0083e420 pic1_mask_live=0x98 kbd_8042_stat=0x34 bios_kbd_head=0x003a bios_kbd_tail=0x003a bios_kbd_buf0=0x1c0d
[16:44:10] [info] audio/engine split block 0: audio_mixer_calls=252 audio_mixer_ms_x10=53 engine_tick_calls=0 engine_tick_ms_x10=0 audio_service_calls=0 audio_service_ms_x10=0 (per-flip avg; per-call us_x10: audio_mix=21190 engine_tick=0 audio_service=0; global ns: audio_mix=5568167436 engine_tick=12422744265 audio_service=0)
[16:44:10] [info] dirty-rect block @flip=1200: total_calls=0 dirty_rects_avg=1 dirty_pct_x10=1000 forced_full=0 first_n_force=0 threshold_exceeded=0 dirty_path_taken=0 full_flush_taken=0
[16:44:10] [info] prev-frame-diff block @flip=1200: diff_calls=0 diff_rects_avg=0 diff_dirty_pct_x10=0 bbox_pct_x10=0 bbox_thresh_exceeded=0
[16:44:10] [info] flip-probe: flip #1210 ok=true present=3ms inter_flip_ms=47 drawcalls-since-flip=44 drawcalls-total=85306 fail-total=0 null-skips-total=0
[16:44:11] [info] run_tick_fixed #3000: heartbeat (loop alive)
[16:44:11] [info] backdrop cache: thrashing-detect engaged (streak=64, route=direct)
[16:44:11] [info] flip-probe: flip #1220 ok=true present=4ms inter_flip_ms=53 drawcalls-since-flip=44 drawcalls-total=85746 fail-total=0 null-skips-total=0
[16:44:11] [info] flip-probe: flip #1230 ok=true present=3ms inter_flip_ms=46 drawcalls-since-flip=44 drawcalls-total=86186 fail-total=0 null-skips-total=0
[16:44:12] [info] flip-probe: flip #1240 ok=true present=3ms inter_flip_ms=45 drawcalls-since-flip=17 drawcalls-total=86516 fail-total=0 null-skips-total=0
[16:44:12] [info] flip-probe: flip #1250 ok=true present=3ms inter_flip_ms=53 drawcalls-since-flip=17 drawcalls-total=86686 fail-total=0 null-skips-total=0
[16:44:13] [info] flip-probe: flip #1260 ok=true present=3ms inter_flip_ms=43 drawcalls-since-flip=16 drawcalls-total=86848 fail-total=0 null-skips-total=0
[16:44:13] [info] flip-probe: flip #1270 ok=true present=3ms inter_flip_ms=45 drawcalls-since-flip=17 drawcalls-total=87012 fail-total=0 null-skips-total=0
[16:44:14] [info] backdrop cache: thrashing-detect engaged (streak=124, route=direct)
[16:44:14] [info] flip-probe: flip #1280 ok=true present=3ms inter_flip_ms=44 drawcalls-since-flip=18 drawcalls-total=87189 fail-total=0 null-skips-total=0
[16:44:14] [info] flip-probe: flip #1290 ok=true present=3ms inter_flip_ms=45 drawcalls-since-flip=18 drawcalls-total=87369 fail-total=0 null-skips-total=0
[16:44:15] [info] flip-probe: flip #1300 ok=true present=3ms inter_flip_ms=46 drawcalls-since-flip=17 drawcalls-total=87546 fail-total=0 null-skips-total=0
[16:44:15] [info] alpha audit block 0: 2112 total drawcalls, 0 with alpha<255 (block pct_x10=0; global 0/78442 pct_x10=0); alpha-mod skipped: block=0 global=0
[16:44:15] [info] fastpath audit block 0: taken=2112 (idx8=2112) skipped=0 pct_x10=1000; global taken=78442 (idx8=78442) skipped=0 pct_x10=1000
[16:44:15] [info] primitive tally block 0: clear=200(hr=200) fill=0(hr=0) rect=0(hr=0) line=0(hr=0) tint=0 spotlight=0 (over 100 flips ending at flip 1300)
[16:44:15] [info] color/alpha audit block 0: cmod_white=468 cmod_black=468 (idx=468) cmod_general=0 (idx=0) cmod_fb=0; alpha_taken=0 alpha_skipped=0 (global cmod=8826/7320/693/0 idx=7320/693 alpha=0/0)
[16:44:15] [info] phase timing block 0: drawcalls=3248 dc_total_ms=566 flip_inner_total_ms=1011 inter_flip_total_ms=4825 (per-flip avg x10: dc_ms=56 fi_ms=101 if_ms=482 derived audio+engine_ms=325; per-drawcall avg us_x10=1743) [direct-vesa: presents=100 total_ms=289 avg_ms_x10=28 failed=0] [ablation: NO_DC_TIMING=0 CACHE_WINSURF=0 DIRECT_VESA=1]
[16:44:15] [info] kbd/audio block 0: kbd_irq=0 kbd_drain=0 ring_chunks=16 pump_pass=3210 pic1_mask=0xb8 first_irq_ticks=0 install_ticks=0 vector_at_install=0x0083e420 pic1_mask_live=0x98 kbd_8042_stat=0x34 bios_kbd_head=0x003a bios_kbd_tail=0x003a bios_kbd_buf0=0x1c0d
[16:44:15] [info] audio/engine split block 0: audio_mixer_calls=208 audio_mixer_ms_x10=43 engine_tick_calls=0 engine_tick_ms_x10=0 audio_service_calls=0 audio_service_ms_x10=0 (per-flip avg; per-call us_x10: audio_mix=21137 engine_tick=0 audio_service=0; global ns: audio_mix=6007820295 engine_tick=12422744265 audio_service=0)
[16:44:15] [info] dirty-rect block @flip=1300: total_calls=0 dirty_rects_avg=1 dirty_pct_x10=1000 forced_full=0 first_n_force=0 threshold_exceeded=0 dirty_path_taken=0 full_flush_taken=0
[16:44:15] [info] prev-frame-diff block @flip=1300: diff_calls=0 diff_rects_avg=0 diff_dirty_pct_x10=0 bbox_pct_x10=0 bbox_thresh_exceeded=0
[16:44:15] [info] flip-probe: flip #1310 ok=true present=3ms inter_flip_ms=45 drawcalls-since-flip=16 drawcalls-total=87711 fail-total=0 null-skips-total=0
[16:44:16] [info] flip-probe: flip #1320 ok=true present=3ms inter_flip_ms=47 drawcalls-since-flip=17 drawcalls-total=87879 fail-total=0 null-skips-total=0
[16:44:16] [info] flip-probe: flip #1330 ok=true present=3ms inter_flip_ms=45 drawcalls-since-flip=18 drawcalls-total=88054 fail-total=0 null-skips-total=0
[16:44:16] [info] backdrop cache: thrashing-detect engaged (streak=184, route=direct)
[16:44:17] [info] flip-probe: flip #1340 ok=true present=3ms inter_flip_ms=44 drawcalls-since-flip=18 drawcalls-total=88234 fail-total=0 null-skips-total=0
[16:44:17] [info] flip-probe: flip #1350 ok=true present=3ms inter_flip_ms=48 drawcalls-since-flip=18 drawcalls-total=88414 fail-total=0 null-skips-total=0
[16:44:18] [info] flip-probe: flip #1360 ok=true present=3ms inter_flip_ms=47 drawcalls-since-flip=20 drawcalls-total=88609 fail-total=0 null-skips-total=0
[16:44:18] [info] flip-probe: flip #1370 ok=true present=3ms inter_flip_ms=43 drawcalls-since-flip=20 drawcalls-total=88809 fail-total=0 null-skips-total=0
[16:44:18] [info] flip-probe: flip #1380 ok=true present=3ms inter_flip_ms=48 drawcalls-since-flip=16 drawcalls-total=89002 fail-total=0 null-skips-total=0
[16:44:19] [info] flip-probe: flip #1390 ok=true present=3ms inter_flip_ms=45 drawcalls-since-flip=16 drawcalls-total=89162 fail-total=0 null-skips-total=0
[16:44:19] [info] backdrop cache: thrashing-detect engaged (streak=244, route=direct)
[16:44:19] [info] flip-probe: flip #1400 ok=true present=3ms inter_flip_ms=48 drawcalls-since-flip=16 drawcalls-total=89322 fail-total=0 null-skips-total=0
[16:44:19] [info] alpha audit block 0: 1676 total drawcalls, 0 with alpha<255 (block pct_x10=0; global 0/80118 pct_x10=0); alpha-mod skipped: block=0 global=0
[16:44:19] [info] fastpath audit block 0: taken=1676 (idx8=1676) skipped=0 pct_x10=1000; global taken=80118 (idx8=80118) skipped=0 pct_x10=1000
[16:44:19] [info] primitive tally block 0: clear=200(hr=200) fill=0(hr=0) rect=0(hr=0) line=0(hr=0) tint=0 spotlight=0 (over 100 flips ending at flip 1400)
[16:44:19] [info] phase timing block 0: drawcalls=1876 dc_total_ms=521 flip_inner_total_ms=1014 inter_flip_total_ms=4764 (per-flip avg x10: dc_ms=52 fi_ms=101 if_ms=476 derived audio+engine_ms=323; per-drawcall avg us_x10=2779) [direct-vesa: presents=100 total_ms=290 avg_ms_x10=29 failed=0] [ablation: NO_DC_TIMING=0 CACHE_WINSURF=0 DIRECT_VESA=1]
[16:44:19] [info] kbd/audio block 0: kbd_irq=0 kbd_drain=0 ring_chunks=16 pump_pass=3448 pic1_mask=0xb8 first_irq_ticks=0 install_ticks=0 vector_at_install=0x0083e420 pic1_mask_live=0x98 kbd_8042_stat=0x34 bios_kbd_head=0x003a bios_kbd_tail=0x003a bios_kbd_buf0=0x1c0d
[16:44:19] [info] audio/engine split block 0: audio_mixer_calls=205 audio_mixer_ms_x10=43 engine_tick_calls=0 engine_tick_ms_x10=0 audio_service_calls=0 audio_service_ms_x10=0 (per-flip avg; per-call us_x10: audio_mix=21094 engine_tick=0 audio_service=0; global ns: audio_mix=6440257144 engine_tick=12422744265 audio_service=0)
[16:44:20] [info] dirty-rect block @flip=1400: total_calls=0 dirty_rects_avg=1 dirty_pct_x10=1000 forced_full=0 first_n_force=0 threshold_exceeded=0 dirty_path_taken=0 full_flush_taken=0
[16:44:20] [info] prev-frame-diff block @flip=1400: diff_calls=0 diff_rects_avg=0 diff_dirty_pct_x10=0 bbox_pct_x10=0 bbox_thresh_exceeded=0
[16:44:20] [info] flip-probe: flip #1410 ok=true present=2ms inter_flip_ms=48 drawcalls-since-flip=17 drawcalls-total=89494 fail-total=0 null-skips-total=0
[16:44:21] [info] flip-probe: flip #1420 ok=true present=3ms inter_flip_ms=45 drawcalls-since-flip=16 drawcalls-total=89655 fail-total=0 null-skips-total=0
[16:44:21] [info] flip-probe: flip #1430 ok=true present=3ms inter_flip_ms=45 drawcalls-since-flip=16 drawcalls-total=89807 fail-total=0 null-skips-total=0
[16:44:21] [info] flip-probe: flip #1440 ok=true present=3ms inter_flip_ms=49 drawcalls-since-flip=17 drawcalls-total=89976 fail-total=0 null-skips-total=0
[16:44:22] [info] flip-probe: flip #1450 ok=true present=3ms inter_flip_ms=47 drawcalls-since-flip=17 drawcalls-total=90166 fail-total=0 null-skips-total=0
[16:44:22] [info] backdrop cache: thrashing-detect engaged (streak=304, route=direct)
[16:44:23] [info] flip-probe: flip #1460 ok=true present=3ms inter_flip_ms=79 drawcalls-since-flip=335 drawcalls-total=91069 fail-total=0 null-skips-total=0
[16:44:23] [info]  >> Entering stage 19: 'Assembly Hall'.
[16:44:23] [info] [skip-sheet-flush] cave=8
[16:44:24] [info] [load-stage] preloading entry music song=9 (cave=8)
[16:44:24] [info] gameloop: entered (curmap=19, running=1)
[16:44:24] [info] gameloop: iter 1 ticks=130893 mapno=-1
[16:44:24] [info] mds-clear-lut: rebuilt N=240 entries (k_skip=100% k_keep=0%; curmap=19 map_size=21x16; rebuild #6 since boot)
[16:44:24] [info] gameloop: iter 2 ticks=131000 mapno=-1
[16:44:24] [info] gameloop: iter 3 ticks=131096 mapno=-1
[16:44:24] [info] tas: stall frame 296 ms -> contributing 1 tick (patch 0286)
[16:44:24] [info] flip-probe: flip #1470 ok=true present=3ms inter_flip_ms=87 drawcalls-since-flip=459 drawcalls-total=94823 fail-total=0 null-skips-total=0
[16:44:25] [info] flip-probe: flip #1480 ok=true present=3ms inter_flip_ms=46 drawcalls-since-flip=121 drawcalls-total=96439 fail-total=0 null-skips-total=0
[16:44:25] [info] flip-probe: flip #1490 ok=true present=2ms inter_flip_ms=41 drawcalls-since-flip=121 drawcalls-total=97649 fail-total=0 null-skips-total=0
[16:44:26] [info] flip-probe: flip #1500 ok=true present=3ms inter_flip_ms=51 drawcalls-since-flip=123 drawcalls-total=98863 fail-total=0 null-skips-total=0
[16:44:26] [info] alpha audit block 0: 9021 total drawcalls, 0 with alpha<255 (block pct_x10=0; global 0/89139 pct_x10=0); alpha-mod skipped: block=0 global=0
[16:44:26] [info] fastpath audit block 0: taken=9021 (idx8=9021) skipped=0 pct_x10=1000; global taken=89139 (idx8=89139) skipped=0 pct_x10=1000
[16:44:26] [info] primitive tally block 0: clear=201(hr=201) fill=0(hr=0) rect=0(hr=0) line=0(hr=0) tint=0 spotlight=0 (over 100 flips ending at flip 1500)
[16:44:26] [info] color/alpha audit block 0: cmod_white=420 cmod_black=420 (idx=420) cmod_general=0 (idx=0) cmod_fb=0; alpha_taken=0 alpha_skipped=0 (global cmod=9246/7740/693/0 idx=7740/693 alpha=0/0)
[16:44:26] [info] phase timing block 0: drawcalls=10097 dc_total_ms=937 flip_inner_total_ms=1070 inter_flip_total_ms=6423 (per-flip avg x10: dc_ms=93 fi_ms=107 if_ms=642 derived audio+engine_ms=442; per-drawcall avg us_x10=928) [direct-vesa: presents=100 total_ms=288 avg_ms_x10=28 failed=0] [ablation: NO_DC_TIMING=0 CACHE_WINSURF=0 DIRECT_VESA=1]
[16:44:26] [info] kbd/audio block 0: kbd_irq=0 kbd_drain=0 ring_chunks=16 pump_pass=3723 pic1_mask=0xb8 first_irq_ticks=0 install_ticks=0 vector_at_install=0x0083e420 pic1_mask_live=0x98 kbd_8042_stat=0x34 bios_kbd_head=0x003a bios_kbd_tail=0x003a bios_kbd_buf0=0x1c0d
[16:44:26] [info] audio/engine split block 0: audio_mixer_calls=249 audio_mixer_ms_x10=52 engine_tick_calls=0 engine_tick_ms_x10=0 audio_service_calls=0 audio_service_ms_x10=0 (per-flip avg; per-call us_x10: audio_mix=21175 engine_tick=0 audio_service=0; global ns: audio_mix=6967529650 engine_tick=12422744265 audio_service=0)
[16:44:26] [info] dirty-rect block @flip=1500: total_calls=0 dirty_rects_avg=1 dirty_pct_x10=1000 forced_full=0 first_n_force=0 threshold_exceeded=0 dirty_path_taken=0 full_flush_taken=0
[16:44:26] [info] prev-frame-diff block @flip=1500: diff_calls=0 diff_rects_avg=0 diff_dirty_pct_x10=0 bbox_pct_x10=0 bbox_thresh_exceeded=0
[16:44:26] [info] flip-probe: flip #1510 ok=true present=3ms inter_flip_ms=53 drawcalls-since-flip=121 drawcalls-total=100084 fail-total=0 null-skips-total=0
[16:44:27] [info] flip-probe: flip #1520 ok=true present=3ms inter_flip_ms=50 drawcalls-since-flip=121 drawcalls-total=101303 fail-total=0 null-skips-total=0
[16:44:28] [info] flip-probe: flip #1530 ok=true present=3ms inter_flip_ms=46 drawcalls-since-flip=121 drawcalls-total=102513 fail-total=0 null-skips-total=0
[16:44:28] [info] flip-probe: flip #1540 ok=true present=3ms inter_flip_ms=48 drawcalls-since-flip=121 drawcalls-total=103723 fail-total=0 null-skips-total=0
[16:44:29] [info] flip-probe: flip #1550 ok=true present=2ms inter_flip_ms=50 drawcalls-since-flip=121 drawcalls-total=104933 fail-total=0 null-skips-total=0
[16:44:29] [info] flip-probe: flip #1560 ok=true present=2ms inter_flip_ms=61 drawcalls-since-flip=110 drawcalls-total=108441 fail-total=0 null-skips-total=0
[16:44:29] [info]  >> Entering stage 11: 'Mimiga Village'.
[16:44:29] [info] [skip-sheet-flush] cave=9
[16:44:30] [info] [load-stage] preloading entry music song=9 (cave=9)
[16:44:30] [info] gameloop: entered (curmap=11, running=1)
[16:44:30] [info] gameloop: iter 1 ticks=137107 mapno=-1
[16:44:30] [info] mds-clear-lut: rebuilt N=240 entries (k_skip=0% k_keep=100%; curmap=11 map_size=60x60; rebuild #7 since boot)
[16:44:30] [info] gameloop: iter 2 ticks=137216 mapno=-1
[16:44:30] [info] gameloop: iter 3 ticks=137320 mapno=-1
[16:44:30] [info] backdrop cache: thrashing-detect engaged (streak=4, route=direct)
[16:44:31] [info] flip-probe: flip #1570 ok=true present=3ms inter_flip_ms=55 drawcalls-since-flip=42 drawcalls-total=110579 fail-total=0 null-skips-total=0
[16:44:31] [info] flip-probe: flip #1580 ok=true present=3ms inter_flip_ms=71 drawcalls-since-flip=45 drawcalls-total=111026 fail-total=0 null-skips-total=0
[16:44:32] [info] flip-probe: flip #1590 ok=true present=2ms inter_flip_ms=47 drawcalls-since-flip=42 drawcalls-total=111442 fail-total=0 null-skips-total=0
[16:44:32] [info] flip-probe: flip #1600 ok=true present=3ms inter_flip_ms=47 drawcalls-since-flip=43 drawcalls-total=111868 fail-total=0 null-skips-total=0
[16:44:32] [info] alpha audit block 0: 11665 total drawcalls, 0 with alpha<255 (block pct_x10=0; global 0/100804 pct_x10=0); alpha-mod skipped: block=0 global=0
[16:44:32] [info] fastpath audit block 0: taken=11665 (idx8=11665) skipped=0 pct_x10=1000; global taken=100804 (idx8=100804) skipped=0 pct_x10=1000
[16:44:32] [info] primitive tally block 0: clear=201(hr=201) fill=0(hr=0) rect=0(hr=0) line=0(hr=0) tint=0 spotlight=0 (over 100 flips ending at flip 1600)
[16:44:32] [info] color/alpha audit block 0: cmod_white=1240 cmod_black=1240 (idx=1240) cmod_general=0 (idx=0) cmod_fb=0; alpha_taken=0 alpha_skipped=0 (global cmod=10486/8980/693/0 idx=8980/693 alpha=0/0)
[16:44:32] [info] phase timing block 0: drawcalls=14411 dc_total_ms=1160 flip_inner_total_ms=1085 inter_flip_total_ms=6489 (per-flip avg x10: dc_ms=116 fi_ms=108 if_ms=648 derived audio+engine_ms=424; per-drawcall avg us_x10=805) [direct-vesa: presents=100 total_ms=289 avg_ms_x10=28 failed=0] [ablation: NO_DC_TIMING=0 CACHE_WINSURF=0 DIRECT_VESA=1]
[16:44:32] [info] kbd/audio block 0: kbd_irq=0 kbd_drain=0 ring_chunks=16 pump_pass=4015 pic1_mask=0xb8 first_irq_ticks=0 install_ticks=0 vector_at_install=0x0083e420 pic1_mask_live=0x98 kbd_8042_stat=0x34 bios_kbd_head=0x003a bios_kbd_tail=0x003a bios_kbd_buf0=0x1c0d
[16:44:32] [info] audio/engine split block 0: audio_mixer_calls=261 audio_mixer_ms_x10=55 engine_tick_calls=0 engine_tick_ms_x10=0 audio_service_calls=0 audio_service_ms_x10=0 (per-flip avg; per-call us_x10: audio_mix=21081 engine_tick=0 audio_service=0; global ns: audio_mix=7517755106 engine_tick=12422744265 audio_service=0)
[16:44:32] [info] dirty-rect block @flip=1600: total_calls=0 dirty_rects_avg=1 dirty_pct_x10=1000 forced_full=0 first_n_force=0 threshold_exceeded=0 dirty_path_taken=0 full_flush_taken=0
[16:44:32] [info] prev-frame-diff block @flip=1600: diff_calls=0 diff_rects_avg=0 diff_dirty_pct_x10=0 bbox_pct_x10=0 bbox_thresh_exceeded=0
[16:44:33] [info] flip-probe: flip #1610 ok=true present=3ms inter_flip_ms=45 drawcalls-since-flip=42 drawcalls-total=112294 fail-total=0 null-skips-total=0
[16:44:33] [info] flip-probe: flip #1620 ok=true present=3ms inter_flip_ms=49 drawcalls-since-flip=45 drawcalls-total=112732 fail-total=0 null-skips-total=0
[16:44:34] [info] backdrop cache: thrashing-detect engaged (streak=64, route=direct)
[16:44:34] [info] flip-probe: flip #1630 ok=true present=3ms inter_flip_ms=44 drawcalls-since-flip=44 drawcalls-total=113171 fail-total=0 null-skips-total=0
[16:44:34] [info] flip-probe: flip #1640 ok=true present=3ms inter_flip_ms=49 drawcalls-since-flip=43 drawcalls-total=113604 fail-total=0 null-skips-total=0
[16:44:35] [info] flip-probe: flip #1650 ok=true present=3ms inter_flip_ms=46 drawcalls-since-flip=42 drawcalls-total=114031 fail-total=0 null-skips-total=0
[16:44:35] [info] flip-probe: flip #1660 ok=true present=3ms inter_flip_ms=46 drawcalls-since-flip=42 drawcalls-total=114451 fail-total=0 null-skips-total=0
[16:44:36] [info] flip-probe: flip #1670 ok=true present=3ms inter_flip_ms=49 drawcalls-since-flip=43 drawcalls-total=114873 fail-total=0 null-skips-total=0
[16:44:36] [info] run_tick_fixed #4200: heartbeat (loop alive)
[16:44:36] [info] flip-probe: flip #1680 ok=true present=3ms inter_flip_ms=47 drawcalls-since-flip=43 drawcalls-total=115303 fail-total=0 null-skips-total=0
[16:44:37] [info] backdrop cache: thrashing-detect engaged (streak=124, route=direct)
[16:44:37] [info] flip-probe: flip #1690 ok=true present=3ms inter_flip_ms=53 drawcalls-since-flip=18 drawcalls-total=115481 fail-total=0 null-skips-total=0
[16:44:37] [info] flip-probe: flip #1700 ok=true present=3ms inter_flip_ms=45 drawcalls-since-flip=14 drawcalls-total=115635 fail-total=0 null-skips-total=0
[16:44:37] [info] alpha audit block 0: 2627 total drawcalls, 0 with alpha<255 (block pct_x10=0; global 0/103431 pct_x10=0); alpha-mod skipped: block=0 global=0
[16:44:38] [info] fastpath audit block 0: taken=2627 (idx8=2627) skipped=0 pct_x10=1000; global taken=103431 (idx8=103431) skipped=0 pct_x10=1000
[16:44:38] [info] primitive tally block 0: clear=200(hr=200) fill=0(hr=0) rect=0(hr=0) line=0(hr=0) tint=0 spotlight=0 (over 100 flips ending at flip 1700)
[16:44:38] [info] color/alpha audit block 0: cmod_white=1040 cmod_black=1040 (idx=1040) cmod_general=0 (idx=0) cmod_fb=0; alpha_taken=0 alpha_skipped=0 (global cmod=11526/10020/693/0 idx=10020/693 alpha=0/0)
[16:44:38] [info] phase timing block 0: drawcalls=4907 dc_total_ms=621 flip_inner_total_ms=1046 inter_flip_total_ms=5134 (per-flip avg x10: dc_ms=62 fi_ms=104 if_ms=513 derived audio+engine_ms=347; per-drawcall avg us_x10=1266) [direct-vesa: presents=100 total_ms=286 avg_ms_x10=28 failed=0] [ablation: NO_DC_TIMING=0 CACHE_WINSURF=0 DIRECT_VESA=1]
[16:44:38] [info] kbd/audio block 0: kbd_irq=0 kbd_drain=0 ring_chunks=16 pump_pass=4272 pic1_mask=0xb8 first_irq_ticks=0 install_ticks=0 vector_at_install=0x0083e420 pic1_mask_live=0x98 kbd_8042_stat=0x34 bios_kbd_head=0x003a bios_kbd_tail=0x003a bios_kbd_buf0=0x1c0d
[16:44:38] [info] audio/engine split block 0: audio_mixer_calls=221 audio_mixer_ms_x10=46 engine_tick_calls=0 engine_tick_ms_x10=0 audio_service_calls=0 audio_service_ms_x10=0 (per-flip avg; per-call us_x10: audio_mix=21041 engine_tick=0 audio_service=0; global ns: audio_mix=7982781332 engine_tick=12422744265 audio_service=0)
[16:44:38] [info] dirty-rect block @flip=1700: total_calls=0 dirty_rects_avg=1 dirty_pct_x10=1000 forced_full=0 first_n_force=0 threshold_exceeded=0 dirty_path_taken=0 full_flush_taken=0
[16:44:38] [info] prev-frame-diff block @flip=1700: diff_calls=0 diff_rects_avg=0 diff_dirty_pct_x10=0 bbox_pct_x10=0 bbox_thresh_exceeded=0
[16:44:38] [info] flip-probe: flip #1710 ok=true present=3ms inter_flip_ms=74 drawcalls-since-flip=244 drawcalls-total=116189 fail-total=0 null-skips-total=0
[16:44:39] [info]  >> Entering stage 14: 'Shack'.
[16:44:39] [info] [skip-sheet-flush] cave=10
[16:44:39] [info] [load-stage] preloading entry music song=8 (cave=10)
[16:44:39] [info] [music-dispatch] tick=4326 song=8 (prev 9)
[16:44:43] [info] Organya pre-render: cache HIT VIVI (6322176 bytes from CACHE; 2 ch; synth skipped).
[16:44:43] [info] gameloop: entered (curmap=14, running=1)
[16:44:43] [info] gameloop: iter 1 ticks=150521 mapno=-1
[16:44:43] [info] gameloop: iter 2 ticks=150604 mapno=-1
[16:44:43] [info] gameloop: iter 3 ticks=150690 mapno=-1
[16:44:44] [info] flip-probe: flip #1720 ok=true present=3ms inter_flip_ms=82 drawcalls-since-flip=365 drawcalls-total=119409 fail-total=0 null-skips-total=0
[16:44:44] [info] flip-probe: flip #1730 ok=true present=3ms inter_flip_ms=31 drawcalls-since-flip=23 drawcalls-total=120359 fail-total=0 null-skips-total=0
[16:44:44] [info] flip-probe: flip #1740 ok=true present=3ms inter_flip_ms=32 drawcalls-since-flip=23 drawcalls-total=120589 fail-total=0 null-skips-total=0
[16:44:45] [info] flip-probe: flip #1750 ok=true present=3ms inter_flip_ms=38 drawcalls-since-flip=23 drawcalls-total=120819 fail-total=0 null-skips-total=0
[16:44:45] [info] flip-probe: flip #1760 ok=true present=3ms inter_flip_ms=34 drawcalls-since-flip=25 drawcalls-total=121057 fail-total=0 null-skips-total=0
[16:44:46] [info] flip-probe: flip #1770 ok=true present=3ms inter_flip_ms=40 drawcalls-since-flip=26 drawcalls-total=121317 fail-total=0 null-skips-total=0
[16:44:46] [info] flip-probe: flip #1780 ok=true present=3ms inter_flip_ms=42 drawcalls-since-flip=23 drawcalls-total=121551 fail-total=0 null-skips-total=0
[16:44:46] [info] flip-probe: flip #1790 ok=true present=3ms inter_flip_ms=31 drawcalls-since-flip=23 drawcalls-total=121781 fail-total=0 null-skips-total=0
[16:44:47] [info] flip-probe: flip #1800 ok=true present=3ms inter_flip_ms=37 drawcalls-since-flip=23 drawcalls-total=122011 fail-total=0 null-skips-total=0
[16:44:47] [info] alpha audit block 0: 5940 total drawcalls, 0 with alpha<255 (block pct_x10=0; global 0/109371 pct_x10=0); alpha-mod skipped: block=0 global=0
[16:44:47] [info] fastpath audit block 0: taken=5940 (idx8=5940) skipped=0 pct_x10=1000; global taken=109371 (idx8=109371) skipped=0 pct_x10=1000
[16:44:47] [info] primitive tally block 0: clear=201(hr=201) fill=0(hr=0) rect=0(hr=0) line=0(hr=0) tint=0 spotlight=0 (over 100 flips ending at flip 1800)
[16:44:47] [info] color/alpha audit block 0: cmod_white=420 cmod_black=420 (idx=420) cmod_general=0 (idx=0) cmod_fb=0; alpha_taken=0 alpha_skipped=0 (global cmod=11946/10440/693/0 idx=10440/693 alpha=0/0)
[16:44:47] [info] phase timing block 0: drawcalls=6981 dc_total_ms=732 flip_inner_total_ms=1064 inter_flip_total_ms=9184 (per-flip avg x10: dc_ms=73 fi_ms=106 if_ms=918 derived audio+engine_ms=739; per-drawcall avg us_x10=1049) [direct-vesa: presents=100 total_ms=284 avg_ms_x10=28 failed=0] [ablation: NO_DC_TIMING=0 CACHE_WINSURF=0 DIRECT_VESA=1]
[16:44:47] [info] kbd/audio block 0: kbd_irq=0 kbd_drain=0 ring_chunks=16 pump_pass=4495 pic1_mask=0xb8 first_irq_ticks=0 install_ticks=0 vector_at_install=0x0083e420 pic1_mask_live=0x98 kbd_8042_stat=0x34 bios_kbd_head=0x003a bios_kbd_tail=0x003a bios_kbd_buf0=0x1c0d
[16:44:47] [info] audio/engine split block 0: audio_mixer_calls=202 audio_mixer_ms_x10=42 engine_tick_calls=0 engine_tick_ms_x10=0 audio_service_calls=0 audio_service_ms_x10=0 (per-flip avg; per-call us_x10: audio_mix=21046 engine_tick=0 audio_service=0; global ns: audio_mix=8407915002 engine_tick=12422744265 audio_service=0)
[16:44:47] [info] dirty-rect block @flip=1800: total_calls=0 dirty_rects_avg=1 dirty_pct_x10=1000 forced_full=0 first_n_force=0 threshold_exceeded=0 dirty_path_taken=0 full_flush_taken=0
[16:44:47] [info] prev-frame-diff block @flip=1800: diff_calls=0 diff_rects_avg=0 diff_dirty_pct_x10=0 bbox_pct_x10=0 bbox_thresh_exceeded=0
[16:44:47] [info] run_tick_fixed #4500: heartbeat (loop alive)
[16:44:47] [info] flip-probe: flip #1810 ok=true present=2ms inter_flip_ms=41 drawcalls-since-flip=23 drawcalls-total=122241 fail-total=0 null-skips-total=0
[16:44:47] [info] flip-probe: flip #1820 ok=true present=3ms inter_flip_ms=37 drawcalls-since-flip=23 drawcalls-total=122471 fail-total=0 null-skips-total=0
[16:44:48] [info] flip-probe: flip #1830 ok=true present=3ms inter_flip_ms=31 drawcalls-since-flip=23 drawcalls-total=122701 fail-total=0 null-skips-total=0
[16:44:48] [info] flip-probe: flip #1840 ok=true present=3ms inter_flip_ms=42 drawcalls-since-flip=13 drawcalls-total=122891 fail-total=0 null-skips-total=0
[16:44:49] [info] flip-probe: flip #1850 ok=true present=3ms inter_flip_ms=66 drawcalls-since-flip=355 drawcalls-total=124599 fail-total=0 null-skips-total=0
[16:44:49] [info]  >> Entering stage 11: 'Mimiga Village'.
[16:44:49] [info] [skip-sheet-flush] cave=11
[16:44:50] [info] [load-stage] preloading entry music song=9 (cave=11)
[16:44:50] [info] [music-dispatch] tick=4609 song=9 (prev 8)
[16:44:53] [info] Organya pre-render: cache HIT MURA (5927040 bytes from CACHE; 2 ch; synth skipped).
[16:44:54] [info] gameloop: entered (curmap=11, running=1)
[16:44:54] [info] gameloop: iter 1 ticks=160830 mapno=-1
[16:44:54] [info] gameloop: iter 2 ticks=160933 mapno=-1
[16:44:54] [info] gameloop: iter 3 ticks=161031 mapno=-1
[16:44:54] [info] backdrop cache: thrashing-detect engaged (streak=4, route=direct)
[16:44:54] [info] flip-probe: flip #1860 ok=true present=3ms inter_flip_ms=84 drawcalls-since-flip=142 drawcalls-total=127631 fail-total=0 null-skips-total=0
[16:44:55] [info] flip-probe: flip #1870 ok=true present=3ms inter_flip_ms=49 drawcalls-since-flip=41 drawcalls-total=128036 fail-total=0 null-skips-total=0
[16:44:55] [info] flip-probe: flip #1880 ok=true present=3ms inter_flip_ms=45 drawcalls-since-flip=43 drawcalls-total=128458 fail-total=0 null-skips-total=0
[16:44:56] [info] flip-probe: flip #1890 ok=true present=3ms inter_flip_ms=54 drawcalls-since-flip=45 drawcalls-total=128894 fail-total=0 null-skips-total=0
[16:44:56] [info] flip-probe: flip #1900 ok=true present=3ms inter_flip_ms=45 drawcalls-since-flip=43 drawcalls-total=129347 fail-total=0 null-skips-total=0
[16:44:56] [info] alpha audit block 0: 6512 total drawcalls, 0 with alpha<255 (block pct_x10=0; global 0/115883 pct_x10=0); alpha-mod skipped: block=0 global=0
[16:44:56] [info] fastpath audit block 0: taken=6512 (idx8=6512) skipped=0 pct_x10=1000; global taken=115883 (idx8=115883) skipped=0 pct_x10=1000
[16:44:56] [info] primitive tally block 0: clear=201(hr=201) fill=0(hr=0) rect=0(hr=0) line=0(hr=0) tint=0 spotlight=0 (over 100 flips ending at flip 1900)
[16:44:56] [info] color/alpha audit block 0: cmod_white=778 cmod_black=778 (idx=778) cmod_general=0 (idx=0) cmod_fb=0; alpha_taken=0 alpha_skipped=0 (global cmod=12724/11218/693/0 idx=11218/693 alpha=0/0)
[16:44:56] [info] phase timing block 0: drawcalls=8274 dc_total_ms=809 flip_inner_total_ms=1055 inter_flip_total_ms=9598 (per-flip avg x10: dc_ms=80 fi_ms=105 if_ms=959 derived audio+engine_ms=774; per-drawcall avg us_x10=978) [direct-vesa: presents=100 total_ms=286 avg_ms_x10=28 failed=0] [ablation: NO_DC_TIMING=0 CACHE_WINSURF=0 DIRECT_VESA=1]
[16:44:56] [info] kbd/audio block 0: kbd_irq=0 kbd_drain=0 ring_chunks=16 pump_pass=4742 pic1_mask=0xb8 first_irq_ticks=0 install_ticks=0 vector_at_install=0x0083e420 pic1_mask_live=0x98 kbd_8042_stat=0x34 bios_kbd_head=0x003a bios_kbd_tail=0x003a bios_kbd_buf0=0x1c0d
[16:44:56] [info] audio/engine split block 0: audio_mixer_calls=221 audio_mixer_ms_x10=46 engine_tick_calls=0 engine_tick_ms_x10=0 audio_service_calls=0 audio_service_ms_x10=0 (per-flip avg; per-call us_x10: audio_mix=21265 engine_tick=0 audio_service=0; global ns: audio_mix=8877892709 engine_tick=12422744265 audio_service=0)
[16:44:56] [info] dirty-rect block @flip=1900: total_calls=0 dirty_rects_avg=1 dirty_pct_x10=1000 forced_full=0 first_n_force=0 threshold_exceeded=0 dirty_path_taken=0 full_flush_taken=0
[16:44:56] [info] prev-frame-diff block @flip=1900: diff_calls=0 diff_rects_avg=0 diff_dirty_pct_x10=0 bbox_pct_x10=0 bbox_thresh_exceeded=0
[16:44:57] [info] flip-probe: flip #1910 ok=true present=3ms inter_flip_ms=46 drawcalls-since-flip=42 drawcalls-total=129767 fail-total=0 null-skips-total=0
[16:44:57] [info] backdrop cache: thrashing-detect engaged (streak=64, route=direct)
[16:44:57] [info] flip-probe: flip #1920 ok=true present=3ms inter_flip_ms=52 drawcalls-since-flip=45 drawcalls-total=130209 fail-total=0 null-skips-total=0
[16:44:58] [info] flip-probe: flip #1930 ok=true present=3ms inter_flip_ms=59 drawcalls-since-flip=44 drawcalls-total=130649 fail-total=0 null-skips-total=0
[16:44:58] [info] flip-probe: flip #1940 ok=true present=3ms inter_flip_ms=48 drawcalls-since-flip=45 drawcalls-total=131090 fail-total=0 null-skips-total=0
[16:44:59] [info] flip-probe: flip #1950 ok=true present=3ms inter_flip_ms=51 drawcalls-since-flip=45 drawcalls-total=131545 fail-total=0 null-skips-total=0
[16:45:00] [info] flip-probe: flip #1960 ok=true present=3ms inter_flip_ms=55 drawcalls-since-flip=43 drawcalls-total=131983 fail-total=0 null-skips-total=0
[16:45:00] [info] flip-probe: flip #1970 ok=true present=3ms inter_flip_ms=48 drawcalls-since-flip=44 drawcalls-total=132414 fail-total=0 null-skips-total=0
[16:45:01] [info] flip-probe: flip #1980 ok=true present=3ms inter_flip_ms=55 drawcalls-since-flip=19 drawcalls-total=132701 fail-total=0 null-skips-total=0
[16:45:01] [info] backdrop cache: thrashing-detect engaged (streak=4, route=direct)
[16:45:01] [info] flip-probe: flip #1990 ok=true present=3ms inter_flip_ms=46 drawcalls-since-flip=20 drawcalls-total=132898 fail-total=0 null-skips-total=0
[16:45:01] [info] flip-probe: flip #2000 ok=true present=3ms inter_flip_ms=53 drawcalls-since-flip=18 drawcalls-total=133087 fail-total=0 null-skips-total=0
[16:45:01] [info] alpha audit block 0: 2678 total drawcalls, 0 with alpha<255 (block pct_x10=0; global 0/118561 pct_x10=0); alpha-mod skipped: block=0 global=0
[16:45:01] [info] fastpath audit block 0: taken=2678 (idx8=2678) skipped=0 pct_x10=1000; global taken=118561 (idx8=118561) skipped=0 pct_x10=1000
[16:45:01] [info] primitive tally block 0: clear=200(hr=200) fill=0(hr=0) rect=0(hr=0) line=0(hr=0) tint=0 spotlight=0 (over 100 flips ending at flip 2000)
[16:45:01] [info] color/alpha audit block 0: cmod_white=962 cmod_black=962 (idx=962) cmod_general=0 (idx=0) cmod_fb=0; alpha_taken=0 alpha_skipped=0 (global cmod=13686/12180/693/0 idx=12180/693 alpha=0/0)
[16:45:02] [info] phase timing block 0: drawcalls=4806 dc_total_ms=643 flip_inner_total_ms=1048 inter_flip_total_ms=5203 (per-flip avg x10: dc_ms=64 fi_ms=104 if_ms=520 derived audio+engine_ms=352; per-drawcall avg us_x10=1339) [direct-vesa: presents=100 total_ms=288 avg_ms_x10=28 failed=0] [ablation: NO_DC_TIMING=0 CACHE_WINSURF=0 DIRECT_VESA=1]
[16:45:02] [info] kbd/audio block 0: kbd_irq=0 kbd_drain=0 ring_chunks=16 pump_pass=5002 pic1_mask=0xb8 first_irq_ticks=0 install_ticks=0 vector_at_install=0x0083e420 pic1_mask_live=0x98 kbd_8042_stat=0x34 bios_kbd_head=0x003a bios_kbd_tail=0x003a bios_kbd_buf0=0x1c0d
[16:45:02] [info] audio/engine split block 0: audio_mixer_calls=224 audio_mixer_ms_x10=47 engine_tick_calls=0 engine_tick_ms_x10=0 audio_service_calls=0 audio_service_ms_x10=0 (per-flip avg; per-call us_x10: audio_mix=21058 engine_tick=0 audio_service=0; global ns: audio_mix=9349607803 engine_tick=12422744265 audio_service=0)
[16:45:02] [info] dirty-rect block @flip=2000: total_calls=0 dirty_rects_avg=1 dirty_pct_x10=1000 forced_full=0 first_n_force=0 threshold_exceeded=0 dirty_path_taken=0 full_flush_taken=0
[16:45:02] [info] prev-frame-diff block @flip=2000: diff_calls=0 diff_rects_avg=0 diff_dirty_pct_x10=0 bbox_pct_x10=0 bbox_thresh_exceeded=0
[16:45:02] [info] flip-probe: flip #2010 ok=true present=3ms inter_flip_ms=44 drawcalls-since-flip=18 drawcalls-total=133267 fail-total=0 null-skips-total=0
[16:45:03] [info] flip-probe: flip #2020 ok=true present=3ms inter_flip_ms=45 drawcalls-since-flip=18 drawcalls-total=133447 fail-total=0 null-skips-total=0
[16:45:03] [info] flip-probe: flip #2030 ok=true present=3ms inter_flip_ms=48 drawcalls-since-flip=18 drawcalls-total=133627 fail-total=0 null-skips-total=0
[16:45:03] [info] flip-probe: flip #2040 ok=true present=3ms inter_flip_ms=45 drawcalls-since-flip=18 drawcalls-total=133807 fail-total=0 null-skips-total=0
[16:45:03] [info] run_tick_fixed #5100: heartbeat (loop alive)
[16:45:03] [info] backdrop cache: thrashing-detect engaged (streak=64, route=direct)
[16:45:04] [info] flip-probe: flip #2050 ok=true present=3ms inter_flip_ms=46 drawcalls-since-flip=59 drawcalls-total=134315 fail-total=0 null-skips-total=0
[16:45:04] [info] flip-probe: flip #2060 ok=true present=3ms inter_flip_ms=55 drawcalls-since-flip=59 drawcalls-total=134905 fail-total=0 null-skips-total=0
[16:45:05] [info] flip-probe: flip #2070 ok=true present=3ms inter_flip_ms=45 drawcalls-since-flip=59 drawcalls-total=135495 fail-total=0 null-skips-total=0
[16:45:05] [info] tas: end-of-replay auto-exit at tick 5140 (recording exhausted; set DOSKUTSU_TAS_REPLAY_HOLD=1 to disable + observe steady-state past recording end)
[16:45:05] [info] Script engine shutdown.
[16:45:05] [info] Sound system shutdown
[16:45:05] [info] Renderer::Close()
[16:45:05] [info] tas: replay file closed
[16:45:06] [info] [fps-true] flips=2076 render_s=170 fps_mean=12.2 (clock-independent: flips / seconds since the FIRST flip; use THIS for the fps matrix, not inter_flip medians, which are invalid in any cell running the PIT/IRQ-0 music pump)
[RUNMANIFEST-BEGIN]
schema_version=2
environment=realhw
binary_sha12=UNKNOWN
binary_sha12_src=unknown
build_sha12=1f79ce20e4ee
organya_cache_key=1f79ce20e4ee
wave_tag=AXH1
scene=
env_block_sha=41f2cc877f9f
started_rtc_local=2026-11-21T14:36:42
duration_s=184
exit_code=0
fps_true_flips=2076
fps_true_render_s=170
reel_ticks=5140
reel_game_seconds=102.8
per_loop_fps=20.1
overhead_s=68
music_pump_active=0
cpu_vendor=AuthenticAMD
cpu_have_cpuid=1
cpu_family=4
cpu_model=14
cpu_stepping=4
cpu_mhz_est=91
cpu_has_fpu=1
cpu_class=486_mid
audio_backend=organya
video_logical_wxh=320x240
video_logical_bpp=8
video_vram_kb=4096
video_lfb_or_banked=lfb
audio_is_sb16=1
audio_dsp_ver=4.13
audio_dma_path=16bit-high
audio_force_8bit=0
audio_dma_channel=5
fps_p50=21.2
fps_p95=12.6
fps_sample_n=207
fps_sample_interval=10
pump_clock_state=no-pump
audio_vital_status=NA
regime=NA
banner_required_hit=0
banner_required_total=0
banner_forbidden_hit=0
banner_optional_hit=0
critical_count=0
warn_count=0
perstage_count=12
perstage_00=stage:72 ticks:95 flips:95 fps:50.0
perstage_01=stage:1005 ticks:80 flips:80 fps:50.0
perstage_02=stage:20 ticks:121 flips:65 fps:26.8
perstage_03=stage:11 ticks:455 flips:162 fps:17.8
perstage_04=stage:17 ticks:772 flips:221 fps:14.3
perstage_05=stage:11 ticks:548 flips:214 fps:19.5
perstage_06=stage:15 ticks:665 flips:278 fps:20.9
perstage_07=stage:11 ticks:892 flips:349 fps:19.5
perstage_08=stage:19 ticks:264 flips:95 fps:17.9
perstage_09=stage:11 ticks:434 flips:156 fps:17.9
perstage_10=stage:14 ticks:283 flips:138 fps:24.3
perstage_11=stage:11 ticks:531 flips:222 fps:20.9
[RUNMANIFEST-END]
[16:45:06] [info] [runmanifest-emit] schema=v2 env=realhw binary_sha12=UNKNOWN(unknown) build_sha12=1f79ce20e4ee per_loop_fps=20.1 overhead_s=68 pump=0 dur=184s tag='AXH1' scene='' (signals=0x4)
