DOSVESA-CTRL: VBE 3.0  total_vram=4096_KB  oem_sw_rev=0x0607
DOSVESA-CTRL: oem_string='Universal VESA VBE 6.70'
DOSVESA-CTRL: oem_vendor='SciTech Software, Inc.'  product='SciTech Display Doctor(tm)'  rev='6.7'
DOSVESA-CTRL: 40 modes enumerated:
   0x01F9 0x01F8 0x01F5 0x01F3 0x0100 0x01E9 0x01E6 0x01E4 0x01D9 0x01D6 0x01D4 0x01C9 0x01C6 0x01C4 0x01B8 0x01B5
   0x01B3 0x0102 0x0104 0x0106 0x0101 0x0103 0x0105 0x0107 0x01ED 0x0110 0x0113 0x0116 0x0119 0x0111 0x0114 0x0117
   0x011A 0x0112 0x0115 0x0118 0x011B 0x01B0 0x01AE 0x01AC
s3-vga-detect: 0x3C6 round-trip failed (incl. after SDAC reset) but VBE 0x4F00 returned VESA signature -> treating as usable graphics device (VBE fallback)
cirrus-lfb-aperture-bug: NOT detected (oem='SciTech Software, Inc.' product='SciTech Display Doctor(tm)' vram=4096KB) -> LFB path remains enabled (reason: no fingerprint match)
DOSVESA-MODELIST: enumerating 40 BIOS-reported modes (lever 0b diagnostic)
  mode 0x01F9:  320x200  bpp=8  planes=1 model=4 attrs=0x019B lfb=1 sup=1 gfx=1 color=1 pitch=320 pages=63 win_seg=0xA000 win_size=64KB win_gran=64KB win_attr=0x07 lfb_addr=0x78000000
  mode 0x01F8:  320x240  bpp=8  planes=1 model=4 attrs=0x019B lfb=1 sup=1 gfx=1 color=1 pitch=320 pages=31 win_seg=0xA000 win_size=64KB win_gran=64KB win_attr=0x07 lfb_addr=0x78000000
  mode 0x01F5:  400x300  bpp=8  planes=1 model=4 attrs=0x019B lfb=1 sup=1 gfx=1 color=1 pitch=400 pages=31 win_seg=0xA000 win_size=64KB win_gran=64KB win_attr=0x07 lfb_addr=0x78000000
  mode 0x01F3:  512x384  bpp=8  planes=1 model=4 attrs=0x019B lfb=1 sup=1 gfx=1 color=1 pitch=512 pages=20 win_seg=0xA000 win_size=64KB win_gran=64KB win_attr=0x07 lfb_addr=0x78000000
  mode 0x0100:  640x400  bpp=8  planes=1 model=4 attrs=0x019B lfb=1 sup=1 gfx=1 color=1 pitch=640 pages=15 win_seg=0xA000 win_size=64KB win_gran=64KB win_attr=0x07 lfb_addr=0x78000000
  mode 0x01E9:  320x240  bpp=15 planes=1 model=6 attrs=0x019B lfb=1 sup=1 gfx=1 color=1 pitch=640 pages=20 win_seg=0xA000 win_size=64KB win_gran=64KB win_attr=0x07 lfb_addr=0x78000000
  mode 0x01E6:  400x300  bpp=15 planes=1 model=6 attrs=0x019B lfb=1 sup=1 gfx=1 color=1 pitch=800 pages=15 win_seg=0xA000 win_size=64KB win_gran=64KB win_attr=0x07 lfb_addr=0x78000000
  mode 0x01E4:  512x384  bpp=15 planes=1 model=6 attrs=0x019B lfb=1 sup=1 gfx=1 color=1 pitch=1024 pages=9 win_seg=0xA000 win_size=64KB win_gran=64KB win_attr=0x07 lfb_addr=0x78000000
  mode 0x01D9:  320x240  bpp=16 planes=1 model=6 attrs=0x019B lfb=1 sup=1 gfx=1 color=1 pitch=640 pages=20 win_seg=0xA000 win_size=64KB win_gran=64KB win_attr=0x07 lfb_addr=0x78000000
  mode 0x01D6:  400x300  bpp=16 planes=1 model=6 attrs=0x019B lfb=1 sup=1 gfx=1 color=1 pitch=800 pages=15 win_seg=0xA000 win_size=64KB win_gran=64KB win_attr=0x07 lfb_addr=0x78000000
  mode 0x01D4:  512x384  bpp=16 planes=1 model=6 attrs=0x019B lfb=1 sup=1 gfx=1 color=1 pitch=1024 pages=9 win_seg=0xA000 win_size=64KB win_gran=64KB win_attr=0x07 lfb_addr=0x78000000
  mode 0x01C9:  320x240  bpp=24 planes=1 model=6 attrs=0x019B lfb=1 sup=1 gfx=1 color=1 pitch=960 pages=15 win_seg=0xA000 win_size=64KB win_gran=64KB win_attr=0x07 lfb_addr=0x78000000
  mode 0x01C6:  400x300  bpp=24 planes=1 model=6 attrs=0x019B lfb=1 sup=1 gfx=1 color=1 pitch=1200 pages=9 win_seg=0xA000 win_size=64KB win_gran=64KB win_attr=0x07 lfb_addr=0x78000000
  mode 0x01C4:  512x384  bpp=24 planes=1 model=6 attrs=0x019B lfb=1 sup=1 gfx=1 color=1 pitch=1536 pages=6 win_seg=0xA000 win_size=64KB win_gran=64KB win_attr=0x07 lfb_addr=0x78000000
  mode 0x01B8:  320x240  bpp=32 planes=1 model=6 attrs=0x019B lfb=1 sup=1 gfx=1 color=1 pitch=1280 pages=11 win_seg=0xA000 win_size=64KB win_gran=64KB win_attr=0x07 lfb_addr=0x78000000
  mode 0x01B5:  400x300  bpp=32 planes=1 model=6 attrs=0x019B lfb=1 sup=1 gfx=1 color=1 pitch=1600 pages=7 win_seg=0xA000 win_size=64KB win_gran=64KB win_attr=0x07 lfb_addr=0x78000000
  mode 0x01B3:  512x384  bpp=32 planes=1 model=6 attrs=0x019B lfb=1 sup=1 gfx=1 color=1 pitch=2048 pages=4 win_seg=0xA000 win_size=64KB win_gran=64KB win_attr=0x07 lfb_addr=0x78000000
  mode 0x0102:  800x600  bpp=4  planes=4 model=3 attrs=0x001B lfb=0 sup=1 gfx=1 color=1 pitch=100 pages=3 win_seg=0xA000 win_size=64KB win_gran=64KB win_attr=0x07 lfb_addr=0x00000000
  mode 0x0104: 1024x768  bpp=4  planes=4 model=3 attrs=0x001B lfb=0 sup=1 gfx=1 color=1 pitch=128 pages=1 win_seg=0xA000 win_size=64KB win_gran=64KB win_attr=0x07 lfb_addr=0x00000000
  mode 0x0106: 1280x1024 bpp=4  planes=4 model=3 attrs=0x001B lfb=0 sup=1 gfx=1 color=1 pitch=160 pages=0 win_seg=0xA000 win_size=64KB win_gran=64KB win_attr=0x07 lfb_addr=0x00000000
  mode 0x0101:  640x480  bpp=8  planes=1 model=4 attrs=0x019B lfb=1 sup=1 gfx=1 color=1 pitch=640 pages=11 win_seg=0xA000 win_size=64KB win_gran=64KB win_attr=0x07 lfb_addr=0x78000000
  mode 0x0103:  800x600  bpp=8  planes=1 model=4 attrs=0x019B lfb=1 sup=1 gfx=1 color=1 pitch=800 pages=7 win_seg=0xA000 win_size=64KB win_gran=64KB win_attr=0x07 lfb_addr=0x78000000
  mode 0x0105: 1024x768  bpp=8  planes=1 model=4 attrs=0x019B lfb=1 sup=1 gfx=1 color=1 pitch=1024 pages=4 win_seg=0xA000 win_size=64KB win_gran=64KB win_attr=0x07 lfb_addr=0x78000000
  mode 0x0107: 1280x1024 bpp=8  planes=1 model=4 attrs=0x019B lfb=1 sup=1 gfx=1 color=1 pitch=1280 pages=2 win_seg=0xA000 win_size=64KB win_gran=64KB win_attr=0x07 lfb_addr=0x78000000
  mode 0x01ED: 1600x1200 bpp=8  planes=1 model=4 attrs=0x019B lfb=1 sup=1 gfx=1 color=1 pitch=1600 pages=1 win_seg=0xA000 win_size=64KB win_gran=64KB win_attr=0x07 lfb_addr=0x78000000
  mode 0x0110:  640x480  bpp=15 planes=1 model=6 attrs=0x019B lfb=1 sup=1 gfx=1 color=1 pitch=1280 pages=5 win_seg=0xA000 win_size=64KB win_gran=64KB win_attr=0x07 lfb_addr=0x78000000
  mode 0x0113:  800x600  bpp=15 planes=1 model=6 attrs=0x019B lfb=1 sup=1 gfx=1 color=1 pitch=1600 pages=3 win_seg=0xA000 win_size=64KB win_gran=64KB win_attr=0x07 lfb_addr=0x78000000
  mode 0x0116: 1024x768  bpp=15 planes=1 model=6 attrs=0x019B lfb=1 sup=1 gfx=1 color=1 pitch=2048 pages=1 win_seg=0xA000 win_size=64KB win_gran=64KB win_attr=0x07 lfb_addr=0x78000000
  mode 0x0119: 1280x1024 bpp=15 planes=1 model=6 attrs=0x019B lfb=1 sup=1 gfx=1 color=1 pitch=2560 pages=0 win_seg=0xA000 win_size=64KB win_gran=64KB win_attr=0x07 lfb_addr=0x78000000
  mode 0x0111:  640x480  bpp=16 planes=1 model=6 attrs=0x019B lfb=1 sup=1 gfx=1 color=1 pitch=1280 pages=5 win_seg=0xA000 win_size=64KB win_gran=64KB win_attr=0x07 lfb_addr=0x78000000
  mode 0x0114:  800x600  bpp=16 planes=1 model=6 attrs=0x019B lfb=1 sup=1 gfx=1 color=1 pitch=1600 pages=3 win_seg=0xA000 win_size=64KB win_gran=64KB win_attr=0x07 lfb_addr=0x78000000
  mode 0x0117: 1024x768  bpp=16 planes=1 model=6 attrs=0x019B lfb=1 sup=1 gfx=1 color=1 pitch=2048 pages=1 win_seg=0xA000 win_size=64KB win_gran=64KB win_attr=0x07 lfb_addr=0x78000000
  mode 0x011A: 1280x1024 bpp=16 planes=1 model=6 attrs=0x019B lfb=1 sup=1 gfx=1 color=1 pitch=2560 pages=0 win_seg=0xA000 win_size=64KB win_gran=64KB win_attr=0x07 lfb_addr=0x78000000
  mode 0x0112:  640x480  bpp=24 planes=1 model=6 attrs=0x019B lfb=1 sup=1 gfx=1 color=1 pitch=1920 pages=3 win_seg=0xA000 win_size=64KB win_gran=64KB win_attr=0x07 lfb_addr=0x78000000
  mode 0x0115:  800x600  bpp=24 planes=1 model=6 attrs=0x019B lfb=1 sup=1 gfx=1 color=1 pitch=2400 pages=1 win_seg=0xA000 win_size=64KB win_gran=64KB win_attr=0x07 lfb_addr=0x78000000
  mode 0x0118: 1024x768  bpp=24 planes=1 model=6 attrs=0x019B lfb=1 sup=1 gfx=1 color=1 pitch=3072 pages=0 win_seg=0xA000 win_size=64KB win_gran=64KB win_attr=0x07 lfb_addr=0x78000000
  mode 0x011B: 1280x1024 bpp=24 planes=1 model=6 attrs=0x019B lfb=1 sup=1 gfx=1 color=1 pitch=3840 pages=0 win_seg=0xA000 win_size=64KB win_gran=64KB win_attr=0x07 lfb_addr=0x78000000
  mode 0x01B0:  640x480  bpp=32 planes=1 model=6 attrs=0x019B lfb=1 sup=1 gfx=1 color=1 pitch=2560 pages=2 win_seg=0xA000 win_size=64KB win_gran=64KB win_attr=0x07 lfb_addr=0x78000000
  mode 0x01AE:  800x600  bpp=32 planes=1 model=6 attrs=0x019B lfb=1 sup=1 gfx=1 color=1 pitch=3200 pages=1 win_seg=0xA000 win_size=64KB win_gran=64KB win_attr=0x07 lfb_addr=0x78000000
  mode 0x01AC: 1024x768  bpp=32 planes=1 model=6 attrs=0x019B lfb=1 sup=1 gfx=1 color=1 pitch=4096 pages=0 win_seg=0xA000 win_size=64KB win_gran=64KB win_attr=0x07 lfb_addr=0x78000000
DOSVESA-MODELIST: end of BIOS-reported mode dump
mode-set #1 (entry): requested id=0x01F8 320x240 8bpp fmt=0x13000801 (prev id=0xFFFFFFFF)
[lifecycle] InvalidateCachedFramebuffer: pre-state direct_fb=0 vram_ptr=0 surface=0 lfb_surface=0 fb_size=0
LFB-decision #1: hint_allow_direct=1 hint_prefer_lfb=1 lfb_available=1 is_banked_usable=1 -> use_lfb=1
DOSVESA-MODESET: id=0x01F8 320x240 8bpp pitch=320 attr=0x019B memmodel=4 has_lfb=1 use_lfb=1 banked=0 lfb_addr=0x78000000 win_seg=0xA000 win_size=64KB win_gran=64KB win_attr=0x07 win_func=0xC94D183A hint_direct_fb=1 hint_prefer_lfb=1
WAVE16-3-LFB-FORCE: hint=unset use_lfb=1 lfb_addr=0x78000000 fb_size=76800
WAVE16-MODESET: requested_max_bpp=8 actual_bpp=8 mode=0x01F8 320x240 pitch=320 raw_bytes_per_frame=76800 padded_bytes_per_frame=76800 fb_base=LFB
display-start GET (pre-set): X=0 Y=0 (offset=0) ax=0x004F
display-start SET attempt: X=0 Y=0 ax=0x004F
display-start GET (post-set): X=0 Y=0 (offset=0) ax=0x004F
mode-set #1 (exit ok): banked_mode=0 mapping.size=4194304 page_flip=0
mode-set #2 (entry): requested id=0x01F8 320x240 8bpp fmt=0x13000801 (prev id=0x1F8)
mode-set #2 (no-op): mode_id matches current, returning true
[lifecycle] CheckWindowPixelSizeChanged: window=84aaf8 got 320x240 (last_pixel=0x0) -> WILL-SEND-PIXEL_SIZE_CHANGED event
[lifecycle] OnWindowPixelSizeChanged: window=84aaf8 setting surface_valid=false (was 0) old surface=0
[lifecycle] CheckWindowPixelSizeChanged: window=84aaf8 got 320x240 (last_pixel=320x240) -> no-op (sizes match) event
[lifecycle] GetWindowSurface: window=84aaf8 surface_valid=0 existing=0 (will destroy+recreate)
sdl: SDL/0115 BANK-GRAN-FIX ENABLED (banked multi-bank walk recomputes bank=offset/gran each step; correct for WinGranularity<WinSize cards; g2k gran==size degenerates to the prior bank++ walk; killswitch SDL_HINT_DOSKUTSU_BANK_GRAN_FIX=0)
sdl: SDL/0116 VBLANK-BOUND ENABLED (mainline WaitForVBlank spins are guard-capped; a mode whose retrace bit never toggles yields a finite stall + fall-through instead of an infinite HW-IO hang; killswitch SDL_HINT_DOSKUTSU_VBLANK_BOUND=0)
[lifecycle] CreateWindowFramebuffer #1 (entry): window=84aaf8 pre-clear fb_state surface=0 lfb_surface=0 direct_fb=0 vram_ptr=0 fb_size=0 vram_w=0 vram_h=0 -> SDL_zero next
[lifecycle] CreateWindowFramebuffer #1 (exit fast): direct_fb=1 use_dosmemput=0 vram_ptr=77c00000 vram_phys=0x78000000 fb_size=76800 vram_w=320 vram_h=240
[lifecycle] GetWindowSurface: window=84aaf8 new surface=87ad98 (320x240)
[lifecycle] GetWindowSurface (cached) #1: window=84aaf8 existing=87ad98
mode-set #3 (entry): requested id=0x0101 640x480 8bpp fmt=0x13000801 (prev id=0x1F8)
mode-set #3 (suppressed by PIN_WINDOW_TO_NATIVE_MODE hint): requested 640x480 differs from active 320x240 (current id=0x1F8) -> returning true without VBE mode-set
[lifecycle] CheckWindowPixelSizeChanged: window=84aaf8 got 320x240 (last_pixel=320x240) -> no-op (sizes match) event
[lifecycle] UpdateWindowFramebuffer #1: window=84aaf8 direct_fb=1 vram_ptr=77c00000 surface=867bf0 lfb_surface=0 fb_size=76800 vram_w=320 vram_h=240 window->surface=87ad98 window->surface_valid=1
DOSVESA-FB-INIT: direct_fb=1 use_dosmemput=0 banked_multibank=0 pitches_match=1 fb_size=76800 bpp=1 src_pitch=320 vram_pitch=320 vram_w=320 vram_h=240 vram_phys=0x78000000 vram_ptr=0x77c00000 win_base=0x00000000 win_gran=0 win_size=0 pixels=0x00867cf8
WAVE16-FB-FIRSTFLUSH: bytes_per_pixel=1 fb_size_bytes=76800 src_pitch=320 vram_pitch=320 pitches_match=1 use_dosmemput=0 (expected ~half of wave-15 16bpp baseline at 8bpp)
DOSVESA-FB-CALL #1: guard=1 numrects=1 src[0..15]= 00 00 00 00 00 00 00 00 00 00 00 00 00 00 00 00
DOSVESA-FB-VRAM  00 00 00 00 00 00 00 00 00 00 00 00 00 00 00 00
sw-updatesurface-detail #1: 25.968 ms
sw-renderpresent-detail #1: 29.560 ms
sw-present-detail #1: queue_flush=0.033 ms render_present=33.124 ms total=33.158 ms
[lifecycle] GetWindowSurface (cached) #2: window=84aaf8 existing=87ad98
audio: SDL/0112 GUS GF1 detect: present=1 base=0x240 irq=7 dma=3 dram=1024KB voices=32 rate=19293Hz
audio: SDL/0112 GUS device up: base=0x240 irq=7 dma=3 voices=32 rate=19293Hz dram=1024KB upload=pio
audio: SDL/0114 GF1 voice pool = 27 music + 5 sfx (GUS_SFX_VOICES; total 32)
audio: SDL/0110 OPL timer pump STARTED hz=120 div=9943 us_per_tick=8333 (PIT ch0 reprogrammed; BIOS INT8 chained ~every 6 fast ticks -> 18.2065 Hz; tick_cb=registered)
audio: SDL/0118 [pcspk] square-wave SFX ENABLED (PIT ch2 mode-3; ch0 pump 120 Hz gates note duration; ring depth 4; killswitch SDL_HINT_DOSKUTSU_PCSPK_SFX=0 -> v1.5.0 music-only byte-identical)
sw-updatesurface-detail #2: 2564623.958 ms
sw-renderpresent-detail #2: 2564623.714 ms
sw-present-detail #2: queue_flush=0.013 ms render_present=2564622.877 ms total=2564622.891 ms
[lifecycle] GetWindowSurface (cached) #3: window=84aaf8 existing=87ad98
sw-updatesurface-detail #3: 5.578 ms
sw-renderpresent-detail #3: 5.119 ms
sw-present-detail #3: queue_flush=0.011 ms render_present=3.890 ms total=3.902 ms
[lifecycle] GetWindowSurface (cached) #4: window=84aaf8 existing=87ad98
[lifecycle] GetWindowSurface (cached) #5: window=84aaf8 existing=87ad98
[lifecycle] GetWindowSurface (cached) #1000: window=84aaf8 existing=87ad98
[lifecycle] GetWindowSurface (cached) #2000: window=84aaf8 existing=87ad98
engine-shutdown[1/8]: pre-game.tsc->Close
engine-shutdown[2/8]: pre-game.close
engine-shutdown[3/8]: pre-Carets::close
engine-shutdown[4/8]: pre-input_close
engine-shutdown[5/8]: pre-textbox.Deinit
engine-shutdown[6/8]: pre-SoundManager::shutdown
snd-shutdown[-1/6]: SDL_DOSOplTimerPumpStop (restore PIT ch0; no-op off the AdLib path)
audio: SDL/0110 OPL timer pump STOPPED (PIT ch0 restored to 18.2065 Hz; IRQ-0 unhooked; timer left unmasked); SDL/0118 PC-speaker restored (ch2+0x61)
snd-shutdown[0/6]: pre-MidiScheduler::silence_for_shutdown
snd-shutdown[1/6]: pre-MidiScheduler::shutdown
snd-shutdown[2/6]: pre-Organya::shutdown
snd-shutdown[3/6]: pre-Pixtone::shutdown
snd-shutdown[3.5/6]: SDL_DOSAudioBeginShutdown (flips SDL/0050 quiescence gate disable; avoids device->lock contention freeze)
audio: SDL_DOSAudioBeginShutdown -- gate disabled for shutdown lock-handoff (engine pre-empted SDL/0050 GetDeviceBuf quiescence walk before MIX_DestroyMixer)
audio: SDL/0066 hard-park ENGAGED -- DOSSOUNDBLASTER_WaitDevice will SDL_Delay-loop outside device->lock until device->shutdown is set, removing the audio-thread race with main's SDL_DestroyAudioStream(output_stream) teardown
snd-shutdown[4/6]: pre-MIX_DestroyMixer (conditional on _mixer)
snd-shutdown[5/6]: pre-MIX_Quit
snd-shutdown[6/6]: post-MIX_Quit; SoundManager::shutdown body complete; returning to engine-shutdown[7/8]
engine-shutdown[7/8]: pre-Renderer::close
[lifecycle] CheckWindowPixelSizeChanged: window=84aaf8 got 320x240 (last_pixel=320x240) -> no-op (sizes match) event
engine-shutdown[8/8]: pre-SDL_Quit
engine-shutdown[final]: post-SDL_Quit; engine teardown complete; control returning to main()
