DOSVESA-CTRL: VBE 2.0  total_vram=2048_KB  oem_sw_rev=0x0100
DOSVESA-CTRL: oem_string='ATI MACH64'
DOSVESA-CTRL: oem_vendor='ATI Technologies Inc.'  product='MACH64CT'  rev='01.00'
DOSVESA-CTRL: 22 modes enumerated:
   0x0100 0x0101 0x0110 0x0111 0x0112 0x006A 0x0102 0x0103 0x0113 0x0114 0x0115 0x0104 0x0105 0x0116 0x0117 0x0118
   0x0107 0x0119 0x011A 0x011B 0x0102 0x006A
cirrus-lfb-aperture-bug: NOT detected (oem='ATI Technologies Inc.' product='MACH64CT' vram=2048KB) -> LFB path remains enabled (reason: no fingerprint match)
DOSVESA-MODELIST: enumerating 22 BIOS-reported modes (lever 0b diagnostic)
  mode 0x0100:  640x400  bpp=8  planes=1 model=4 attrs=0x00BB lfb=1 sup=1 gfx=1 color=1 pitch=640 pages=0 win_seg=0xA000 win_size=64KB win_gran=64KB win_attr=0x05 lfb_addr=0x78000000
  mode 0x0101:  640x480  bpp=8  planes=1 model=4 attrs=0x00BB lfb=1 sup=1 gfx=1 color=1 pitch=640 pages=0 win_seg=0xA000 win_size=64KB win_gran=64KB win_attr=0x05 lfb_addr=0x78000000
  mode 0x0110:  640x480  bpp=15 planes=1 model=6 attrs=0x00BB lfb=1 sup=1 gfx=1 color=1 pitch=1280 pages=0 win_seg=0xA000 win_size=64KB win_gran=64KB win_attr=0x05 lfb_addr=0x78000000
  mode 0x0111:  640x480  bpp=16 planes=1 model=6 attrs=0x00BB lfb=1 sup=1 gfx=1 color=1 pitch=1280 pages=0 win_seg=0xA000 win_size=64KB win_gran=64KB win_attr=0x05 lfb_addr=0x78000000
  mode 0x0112:  640x480  bpp=24 planes=1 model=6 attrs=0x00BB lfb=1 sup=1 gfx=1 color=1 pitch=1920 pages=0 win_seg=0xA000 win_size=64KB win_gran=64KB win_attr=0x05 lfb_addr=0x78000000
  mode 0x006A:  800x600  bpp=4  planes=4 model=3 attrs=0x001B lfb=0 sup=1 gfx=1 color=1 pitch=100 pages=3 win_seg=0xA000 win_size=64KB win_gran=64KB win_attr=0x05 lfb_addr=0x00000000
  mode 0x0102:  800x600  bpp=4  planes=4 model=3 attrs=0x001B lfb=0 sup=1 gfx=1 color=1 pitch=100 pages=3 win_seg=0xA000 win_size=64KB win_gran=64KB win_attr=0x05 lfb_addr=0x00000000
  mode 0x0103:  800x600  bpp=8  planes=1 model=4 attrs=0x00BB lfb=1 sup=1 gfx=1 color=1 pitch=800 pages=0 win_seg=0xA000 win_size=64KB win_gran=64KB win_attr=0x05 lfb_addr=0x78000000
  mode 0x0113:  800x600  bpp=15 planes=1 model=6 attrs=0x00BB lfb=1 sup=1 gfx=1 color=1 pitch=1600 pages=0 win_seg=0xA000 win_size=64KB win_gran=64KB win_attr=0x05 lfb_addr=0x78000000
  mode 0x0114:  800x600  bpp=16 planes=1 model=6 attrs=0x00BB lfb=1 sup=1 gfx=1 color=1 pitch=1600 pages=0 win_seg=0xA000 win_size=64KB win_gran=64KB win_attr=0x05 lfb_addr=0x78000000
  mode 0x0115:  800x600  bpp=24 planes=1 model=6 attrs=0x00BB lfb=1 sup=1 gfx=1 color=1 pitch=2400 pages=0 win_seg=0xA000 win_size=64KB win_gran=64KB win_attr=0x05 lfb_addr=0x78000000
  mode 0x0104: 1024x768  bpp=4  planes=4 model=3 attrs=0x001B lfb=0 sup=1 gfx=1 color=1 pitch=128 pages=0 win_seg=0xA000 win_size=64KB win_gran=64KB win_attr=0x05 lfb_addr=0x00000000
  mode 0x0105: 1024x768  bpp=8  planes=1 model=4 attrs=0x00BB lfb=1 sup=1 gfx=1 color=1 pitch=1024 pages=0 win_seg=0xA000 win_size=64KB win_gran=64KB win_attr=0x05 lfb_addr=0x78000000
  mode 0x0116: 1024x768  bpp=15 planes=1 model=6 attrs=0x00BB lfb=1 sup=1 gfx=1 color=1 pitch=2048 pages=0 win_seg=0xA000 win_size=64KB win_gran=64KB win_attr=0x05 lfb_addr=0x78000000
  mode 0x0117: 1024x768  bpp=16 planes=1 model=6 attrs=0x00BB lfb=1 sup=1 gfx=1 color=1 pitch=2048 pages=0 win_seg=0xA000 win_size=64KB win_gran=64KB win_attr=0x05 lfb_addr=0x78000000
  mode 0x0118:    8x1    bpp=24 planes=1 model=6 attrs=0x00BA lfb=1 sup=0 gfx=1 color=1 pitch=24 pages=0 win_seg=0xA000 win_size=64KB win_gran=64KB win_attr=0x05 lfb_addr=0x78000000
  mode 0x0107: 1280x1024 bpp=8  planes=1 model=4 attrs=0x00BB lfb=1 sup=1 gfx=1 color=1 pitch=1280 pages=0 win_seg=0xA000 win_size=64KB win_gran=64KB win_attr=0x05 lfb_addr=0x78000000
  mode 0x0119:    8x1    bpp=15 planes=1 model=6 attrs=0x00BA lfb=1 sup=0 gfx=1 color=1 pitch=16 pages=0 win_seg=0xA000 win_size=64KB win_gran=64KB win_attr=0x05 lfb_addr=0x78000000
  mode 0x011A:    8x1    bpp=16 planes=1 model=6 attrs=0x00BA lfb=1 sup=0 gfx=1 color=1 pitch=16 pages=0 win_seg=0xA000 win_size=64KB win_gran=64KB win_attr=0x05 lfb_addr=0x78000000
  mode 0x011B:    8x1    bpp=24 planes=1 model=6 attrs=0x00BA lfb=1 sup=0 gfx=1 color=1 pitch=24 pages=0 win_seg=0xA000 win_size=64KB win_gran=64KB win_attr=0x05 lfb_addr=0x78000000
  mode 0x0102:  800x600  bpp=4  planes=4 model=3 attrs=0x001B lfb=0 sup=1 gfx=1 color=1 pitch=100 pages=3 win_seg=0xA000 win_size=64KB win_gran=64KB win_attr=0x05 lfb_addr=0x00000000
  mode 0x006A:  800x600  bpp=4  planes=4 model=3 attrs=0x001B lfb=0 sup=1 gfx=1 color=1 pitch=100 pages=3 win_seg=0xA000 win_size=64KB win_gran=64KB win_attr=0x05 lfb_addr=0x00000000
DOSVESA-MODELIST: end of BIOS-reported mode dump
