DOSVESA-CTRL: VBE 2.0  total_vram=2048_KB  oem_sw_rev=0x0100
DOSVESA-CTRL: oem_string='ATI MACH64'
DOSVESA-CTRL: oem_vendor='ATI Technologies Inc.'  product='MACH64CT'  rev='01.00'
DOSVESA-CTRL: 22 modes enumerated:
   0x0100 0x0101 0x0110 0x0111 0x0112 0x006A 0x0102 0x0103 0x0113 0x0114 0x0115 0x0104 0x0105 0x0116 0x0117 0x0118
   0x0107 0x0119 0x011A 0x011B 0x0102 0x006A
cirrus-lfb-aperture-bug: NOT detected (oem='ATI Technologies Inc.' product='MACH64CT' vram=2048KB) -> LFB path remains enabled (reason: no fingerprint match)
DOSVESA-MODELIST: enumerating 22 BIOS-reported modes (lever 0b diagnostic)
  mode 0x0100:  640x400  bpp=8  planes=1 model=4 attrs=0x00BB lfb=1 sup=1 gfx=1 color=1 pitch=640 pages=0 win_seg=0xA000 win_size=64KB win_gran=64KB win_attr=0x05 lfb_addr=0x78000000
  mode 0x0101:  640x480  bpp=8  planes=1 model=4 attrs=0x00BB lfb=1 sup=1 gfx=1 color=1 pitch=640 pages=0 win_seg=0xA000 win_size=64KB win_gran=64KB win_attr=0x05 lfb_addr=0x78000000
  mode 0x0110:  640x480  bpp=15 planes=1 model=6 attrs=0x00BB lfb=1 sup=1 gfx=1 color=1 pitch=1280 pages=0 win_seg=0xA000 win_size=64KB win_gran=64KB win_attr=0x05 lfb_addr=0x78000000
  mode 0x0111:  640x480  bpp=16 planes=1 model=6 attrs=0x00BB lfb=1 sup=1 gfx=1 color=1 pitch=1280 pages=0 win_seg=0xA000 win_size=64KB win_gran=64KB win_attr=0x05 lfb_addr=0x78000000
  mode 0x0112:  640x480  bpp=24 planes=1 model=6 attrs=0x00BB lfb=1 sup=1 gfx=1 color=1 pitch=1920 pages=0 win_seg=0xA000 win_size=64KB win_gran=64KB win_attr=0x05 lfb_addr=0x78000000
  mode 0x006A:  800x600  bpp=4  planes=4 model=3 attrs=0x001B lfb=0 sup=1 gfx=1 color=1 pitch=100 pages=3 win_seg=0xA000 win_size=64KB win_gran=64KB win_attr=0x05 lfb_addr=0x00000000
  mode 0x0102:  800x600  bpp=4  planes=4 model=3 attrs=0x001B lfb=0 sup=1 gfx=1 color=1 pitch=100 pages=3 win_seg=0xA000 win_size=64KB win_gran=64KB win_attr=0x05 lfb_addr=0x00000000
  mode 0x0103:  800x600  bpp=8  planes=1 model=4 attrs=0x00BB lfb=1 sup=1 gfx=1 color=1 pitch=800 pages=0 win_seg=0xA000 win_size=64KB win_gran=64KB win_attr=0x05 lfb_addr=0x78000000
  mode 0x0113:  800x600  bpp=15 planes=1 model=6 attrs=0x00BB lfb=1 sup=1 gfx=1 color=1 pitch=1600 pages=0 win_seg=0xA000 win_size=64KB win_gran=64KB win_attr=0x05 lfb_addr=0x78000000
  mode 0x0114:  800x600  bpp=16 planes=1 model=6 attrs=0x00BB lfb=1 sup=1 gfx=1 color=1 pitch=1600 pages=0 win_seg=0xA000 win_size=64KB win_gran=64KB win_attr=0x05 lfb_addr=0x78000000
  mode 0x0115:  800x600  bpp=24 planes=1 model=6 attrs=0x00BB lfb=1 sup=1 gfx=1 color=1 pitch=2400 pages=0 win_seg=0xA000 win_size=64KB win_gran=64KB win_attr=0x05 lfb_addr=0x78000000
  mode 0x0104: 1024x768  bpp=4  planes=4 model=3 attrs=0x001B lfb=0 sup=1 gfx=1 color=1 pitch=128 pages=0 win_seg=0xA000 win_size=64KB win_gran=64KB win_attr=0x05 lfb_addr=0x00000000
  mode 0x0105: 1024x768  bpp=8  planes=1 model=4 attrs=0x00BB lfb=1 sup=1 gfx=1 color=1 pitch=1024 pages=0 win_seg=0xA000 win_size=64KB win_gran=64KB win_attr=0x05 lfb_addr=0x78000000
  mode 0x0116: 1024x768  bpp=15 planes=1 model=6 attrs=0x00BB lfb=1 sup=1 gfx=1 color=1 pitch=2048 pages=0 win_seg=0xA000 win_size=64KB win_gran=64KB win_attr=0x05 lfb_addr=0x78000000
  mode 0x0117: 1024x768  bpp=16 planes=1 model=6 attrs=0x00BB lfb=1 sup=1 gfx=1 color=1 pitch=2048 pages=0 win_seg=0xA000 win_size=64KB win_gran=64KB win_attr=0x05 lfb_addr=0x78000000
  mode 0x0118:    8x1    bpp=24 planes=1 model=6 attrs=0x00BA lfb=1 sup=0 gfx=1 color=1 pitch=24 pages=0 win_seg=0xA000 win_size=64KB win_gran=64KB win_attr=0x05 lfb_addr=0x78000000
  mode 0x0107: 1280x1024 bpp=8  planes=1 model=4 attrs=0x00BB lfb=1 sup=1 gfx=1 color=1 pitch=1280 pages=0 win_seg=0xA000 win_size=64KB win_gran=64KB win_attr=0x05 lfb_addr=0x78000000
  mode 0x0119:    8x1    bpp=15 planes=1 model=6 attrs=0x00BA lfb=1 sup=0 gfx=1 color=1 pitch=16 pages=0 win_seg=0xA000 win_size=64KB win_gran=64KB win_attr=0x05 lfb_addr=0x78000000
  mode 0x011A:    8x1    bpp=16 planes=1 model=6 attrs=0x00BA lfb=1 sup=0 gfx=1 color=1 pitch=16 pages=0 win_seg=0xA000 win_size=64KB win_gran=64KB win_attr=0x05 lfb_addr=0x78000000
  mode 0x011B:    8x1    bpp=24 planes=1 model=6 attrs=0x00BA lfb=1 sup=0 gfx=1 color=1 pitch=24 pages=0 win_seg=0xA000 win_size=64KB win_gran=64KB win_attr=0x05 lfb_addr=0x78000000
  mode 0x0102:  800x600  bpp=4  planes=4 model=3 attrs=0x001B lfb=0 sup=1 gfx=1 color=1 pitch=100 pages=3 win_seg=0xA000 win_size=64KB win_gran=64KB win_attr=0x05 lfb_addr=0x00000000
  mode 0x006A:  800x600  bpp=4  planes=4 model=3 attrs=0x001B lfb=0 sup=1 gfx=1 color=1 pitch=100 pages=3 win_seg=0xA000 win_size=64KB win_gran=64KB win_attr=0x05 lfb_addr=0x00000000
DOSVESA-MODELIST: end of BIOS-reported mode dump
audio: SDL/0106 SB DMA-path decision: is_sb16=0 force_8bit=0 dsp_ver=2 highdma=5 -> 8-bit-low-DMA path
mode-set #1 (entry): requested id=0x0101 640x480 8bpp fmt=0x13000801 (prev id=0xFFFFFFFF)
[lifecycle] InvalidateCachedFramebuffer: pre-state direct_fb=0 vram_ptr=0 surface=0 lfb_surface=0 fb_size=0
LFB-decision #1: hint_allow_direct=1 hint_prefer_lfb=1 lfb_available=1 is_banked_usable=1 -> use_lfb=1
DOSVESA-DACWIDTH: 4F08.get ax=0x0000 supported=0 width_bits=-1 writer_assumes=6 (width=8 + 6-bit writes == washed-out palette; -1 == BIOS lacks 4F08, 6-bit VBE default assumed; read-only diagnostic, palette write path unchanged)
DOSVESA-MODESET: id=0x0101 640x480 8bpp pitch=640 attr=0x00BB memmodel=4 has_lfb=1 use_lfb=1 banked=0 lfb_addr=0x78000000 win_seg=0xA000 win_size=64KB win_gran=64KB win_attr=0x05 win_func=0xC0004EDE hint_direct_fb=1 hint_prefer_lfb=1
WAVE16-3-LFB-FORCE: hint=unset use_lfb=1 lfb_addr=0x78000000 fb_size=307200
WAVE16-MODESET: requested_max_bpp=8 actual_bpp=8 mode=0x0101 640x480 pitch=640 raw_bytes_per_frame=307200 padded_bytes_per_frame=307200 fb_base=LFB
display-start GET (pre-set): X=0 Y=0 (offset=0) ax=0x004F
display-start SET attempt: X=0 Y=0 ax=0x004F
display-start GET (post-set): X=0 Y=0 (offset=0) ax=0x004F
mode-set #1 (exit ok): banked_mode=0 mapping.size=2097152 page_flip=0
mode-set #2 (entry): requested id=0x0101 640x480 8bpp fmt=0x13000801 (prev id=0x101)
mode-set #2 (no-op): mode_id matches current, returning true
[lifecycle] CheckWindowPixelSizeChanged: window=86aa20 got 640x480 (last_pixel=0x0) -> WILL-SEND-PIXEL_SIZE_CHANGED event
[lifecycle] OnWindowPixelSizeChanged: window=86aa20 setting surface_valid=false (was 0) old surface=0
[lifecycle] CheckWindowPixelSizeChanged: window=86aa20 got 640x480 (last_pixel=640x480) -> no-op (sizes match) event
[lifecycle] GetWindowSurface: window=86aa20 surface_valid=0 existing=0 (will destroy+recreate)
sdl: SDL/0115 BANK-GRAN-FIX ENABLED (banked multi-bank walk recomputes bank=offset/gran each step; correct for WinGranularity<WinSize cards; g2k gran==size degenerates to the prior bank++ walk; killswitch SDL_HINT_DOSKUTSU_BANK_GRAN_FIX=0)
sdl: SDL/0116 VBLANK-BOUND ENABLED (mainline WaitForVBlank spins are guard-capped; a mode whose retrace bit never toggles yields a finite stall + fall-through instead of an infinite HW-IO hang; killswitch SDL_HINT_DOSKUTSU_VBLANK_BOUND=0)
[lifecycle] CreateWindowFramebuffer #1 (entry): window=86aa20 pre-clear fb_state surface=0 lfb_surface=0 direct_fb=0 vram_ptr=0 fb_size=0 vram_w=0 vram_h=0 -> SDL_zero next
[lifecycle] CreateWindowFramebuffer #1 (exit fast): direct_fb=1 use_dosmemput=0 vram_ptr=77c00000 vram_phys=0x78000000 fb_size=307200 vram_w=640 vram_h=480
[lifecycle] GetWindowSurface: window=86aa20 new surface=8b7450 (640x480)
[lifecycle] GetWindowSurface (cached) #1: window=86aa20 existing=8b7450
mode-set #3 (entry): requested id=0x0101 640x480 8bpp fmt=0x13000801 (prev id=0x101)
mode-set #3 (no-op): mode_id matches current, returning true
[lifecycle] CheckWindowPixelSizeChanged: window=86aa20 got 640x480 (last_pixel=640x480) -> no-op (sizes match) event
[lifecycle] UpdateWindowFramebuffer #1: window=86aa20 direct_fb=1 vram_ptr=77c00000 surface=83c590 lfb_surface=0 fb_size=307200 vram_w=640 vram_h=480 window->surface=8b7450 window->surface_valid=1
DOSVESA-FB-INIT: direct_fb=1 use_dosmemput=0 banked_multibank=0 pitches_match=1 fb_size=307200 bpp=1 src_pitch=640 vram_pitch=640 vram_w=640 vram_h=480 vram_phys=0x78000000 vram_ptr=0x77c00000 win_base=0x00000000 win_gran=0 win_size=0 pixels=0x0086bff8
WAVE16-FB-FIRSTFLUSH: bytes_per_pixel=1 fb_size_bytes=307200 src_pitch=640 vram_pitch=640 pitches_match=1 use_dosmemput=0 (expected ~half of wave-15 16bpp baseline at 8bpp)
DOSVESA-FB-CALL #1: guard=1 numrects=1 src[0..15]= 00 00 00 00 00 00 00 00 00 00 00 00 00 00 00 00
DOSVESA-FB-VRAM  00 00 00 00 00 00 00 00 00 00 00 00 00 00 00 00
sw-updatesurface-detail #1: 44.437 ms
sw-renderpresent-detail #1: 48.639 ms
sw-present-detail #1: queue_flush=3.377 ms render_present=52.829 ms total=56.206 ms
[lifecycle] GetWindowSurface (cached) #2: window=86aa20 existing=8b7450
audio: SDL/0067 SDL_DOSAudioPump export available (engine may call from main thread to mid-gap-service the audio ring; safety: no renderer / no SDL_PumpEvents / engine-callback re-entry bounded to scalar slot bookkeeping)
audio: SDL/0068 SDL_DOSAudioPump TryLock+timeout backstop active (100 ms cap; cooperative-scheduler starvation guard)
audio: SDL/0086 in-band COOP_YIELD ENABLED (default-ON) -- Bug-5 organya cooperative-scheduler monopoly fix (WaitDevice room-path DOS_Yield; audio thread yields to main per chunk)
audio: SDL/0069 cumulative silent-IRQ counter export: ENABLED (doskutsu_audio_silent_irq_count; monotonic; Pixtone multi-source probe hypothesis-C signal)
audio: SDL/0070 v2 Pixtone probe pix_active histogram + irq_delta fold-in: rides on FINE_INSTR=1 (extends [sdl-audiocb] block emit; no new env var)
audio: SDL/0071 pixtone IRQ-mix: ENABLED (default-ON since v1.0.1; set SDL_HINT_DOSKUTSU_PIXTONE_IRQ_MIX=0 to disable; Pixtone PCM mixed directly in IRQ-5 ISR; cooperative-scheduler bypassed for SFX path; Bug 2 hypothesis-C structural fix per LEVER3-PIXTONE-IRQ-MIX-DESIGN.md; v5 mix-headroom=1 bits / -6 dB; supports up to 4 concurrent SFX without clip; tune via SDL_HINT_DOSKUTSU_PIXTONE_IRQ_HEADROOM=0|1|2|3)
audio: SDL/0072 midi tick from ISR: ENABLED (default-ON since v1.0.1; set SDL_HINT_DOSKUTSU_MIDI_ISR_TICK=0 to disable; MidiScheduler::tick piggybacks the SB16 IRQ-5 at ~43 Hz Tier-2; render-rate decoupling for MIDI tempo; Bug 4 music-tempo-wobble structural fix per LEVER2B-MIDI-ISR-TICK-DESIGN.md; engine registers callback via SDL_DOSMidiTickRegister)
audio: SDL/0054 Shape A silence-detect active (default); PlayDevice scans mix-result for all-silence + skips ring write when silent -> ring drains via IRQ -> auto-engage path can fire on silent gameplay. Pixtone SFX still flow via mixer-tick.
audio: SDL/0054 silence-detect Shape A active (default; bytewise scan; SFX-correct)
audio: SDL/0058 Shape A mechanism histogram OFF (set SDL_HINT_DOSKUTSU_SILENCE_HISTO=1 to engage)
audio: SDL/0063 WaitDevice ring-drain timeout active (default; ~1000 ms backstop; quit-to-DOS teardown deadlock guard + WaitDevice-originated DSP resume)
audio: SDL/0066 audio-thread hard-park active (default; teardown lock-handoff guard; SDL_DOSAudioBeginShutdown will park audio thread in WaitDevice before MIX_DestroyMixer device close)
audio: SDL/0055 P12 SDL-side audio brackets OFF (set BOTH SDL_HINT_DOSKUTSU_FLIP_INSTR=1 and SDL_HINT_DOSKUTSU_P12_AUDIO_INSTR=1 to engage)
audio: SDL/0090 device-rate setter default: 22050 -> 11025 Hz (SDL_DOSAudioSetDeviceFrameRate from SoundManager; SB16 DSP 0x41 will program 11025; resampler collapses to channel-dup; set SDL_HINT_DOSKUTSU_DOS_AUDIO_DEVICE_RATE_DEFAULT=0 to revert to the 44100 floor)
audio: SDL/0073 rate-diag: req_freq=44100 req_ch=2 dev_freq=11025 dev_ch=1 sample_frames=256 buffer_size=256 dsp0x41_hz=11025 block_size=127 isr_chunk=256
audio: SDL/0074 RATEDIV auto: dev_freq=11025 master_rate=11025 divider=1 shift_div=0 (env override=none)
audio: SDL/0106 OpenDevice DMA programmed: path=8-bit-low-DMA dma_ch=1 (low/byte ports 0x00-0x0F) dma_buflen=512 fmt=0x8 ch=1 freq=11025 Hz irq=5 ack_port=0x22E silence=0x80
audio: SDL/0108 pixtone IRQ-mix format: U8-mono (device is_16bit=0 channels=1) -- 8-bit path: Pixtone PCM converted to U8 centered on 0x80 (SDL/0108 fix)
audio IRQ timer: 8253 PIT counter 0 (486-class fallback, ~838 ns/tick)
audio: SDL/0106 DSP start seq (8-bit): 0xD1(spkr-on) 0x40 tc=166 (rate=11025 effective=11025) 0x48 block_size=255 (bytes-1) 0x1C(8-bit autoinit)
audio: SDL/0107 8-bit channel mode: ch=1 (MONO) tc=166 effective=11025 Hz stereo_bit=no ring_silence_primed=yes (killswitch SDL_HINT_DOSKUTSU_AUDIO_SB_8BIT_STEREO=1 restores SB-Pro stereo)
audio: SDL/0106 OpenDevice SUCCESS path=8-bit-low-DMA dma_ch=1 irq=5 irq_count_at_open=0
audio: SDL/0092 FlushRingSilence -- ring+DMA zeroed (silence_frames_flushed=4608 = ring_frames=4096 + dma_frames=512; ring_bytes=4096 dma_bytes=512; pixtone_quiesced=0) ring+DMA silence quiesce
sw-updatesurface-detail #2: 15.257 ms
sw-renderpresent-detail #2: 20.545 ms
sw-present-detail #2: queue_flush=6.376 ms render_present=24.821 ms total=31.198 ms
[lifecycle] GetWindowSurface (cached) #3: window=86aa20 existing=8b7450
sw-updatesurface-detail #3: 15.434 ms
sw-renderpresent-detail #3: 19.854 ms
sw-present-detail #3: queue_flush=3.457 ms render_present=24.167 ms total=27.624 ms
[lifecycle] GetWindowSurface (cached) #4: window=86aa20 existing=8b7450
[lifecycle] GetWindowSurface (cached) #5: window=86aa20 existing=8b7450
[lifecycle] UpdateWindowFramebuffer #100: window=86aa20 direct_fb=1 vram_ptr=77c00000 surface=83c590 lfb_surface=0 fb_size=307200 vram_w=640 vram_h=480 window->surface=8b7450 window->surface_valid=1
DOSVESA-FB-CALL #100: guard=1 numrects=1 src[0..15]= 00 00 00 00 00 00 00 00 00 00 00 00 00 00 00 00
DOSVESA-FB-VRAM  00 00 00 00 00 00 00 00 00 00 00 00 00 00 00 00
WAVE16-FB-FLUSH-AUDIT @flush=100: switches/flush avg=0.00 (min=0 max=0) bytes/flush avg=0 (min=0 max=0) fb_size=307200 win_size=0 win_gran=0 multibank=0 [over 100 flushes]
fastpath-timing block @flush=100: dpmi_ms_avg=0.128 (min=0.014 max=5.616) copy_ms_avg=4.966 (min=4.400 max=32.652) post_ms_avg=0.194 (min=0.024 max=11.015) total_ms_avg=5.289 (min=4.443 max=44.279) [over 100 flushes]
audio: SDL/0073 rate-meas: irqs=0 elapsed_ms=167959 irq_hz=0 hw_frame_rate=0
audio: SDL/0092 FlushRingSilence -- ring+DMA zeroed (silence_frames_flushed=4608 = ring_frames=4096 + dma_frames=512; ring_bytes=4096 dma_bytes=512; pixtone_quiesced=1) ring+DMA silence quiesce
[lifecycle] UpdateWindowFramebuffer #200: window=86aa20 direct_fb=1 vram_ptr=77c00000 surface=83c590 lfb_surface=0 fb_size=307200 vram_w=640 vram_h=480 window->surface=8b7450 window->surface_valid=1
DOSVESA-FB-CALL #200: guard=1 numrects=1 src[0..15]= 00 00 00 00 00 00 00 00 00 00 00 00 00 00 00 00
DOSVESA-FB-VRAM  00 00 00 00 00 00 00 00 00 00 00 00 00 00 00 00
WAVE16-FB-FLUSH-AUDIT @flush=200: switches/flush avg=0.00 (min=0 max=0) bytes/flush avg=0 (min=0 max=0) fb_size=307200 win_size=0 win_gran=0 multibank=0 [over 100 flushes]
fastpath-timing block @flush=200: dpmi_ms_avg=0.072 (min=0.015 max=5.580) copy_ms_avg=4.461 (min=4.405 max=9.136) post_ms_avg=0.133 (min=0.024 max=10.966) total_ms_avg=4.668 (min=4.446 max=25.682) [over 100 flushes]
audio: SDL/0092 FlushRingSilence -- ring+DMA zeroed (silence_frames_flushed=4608 = ring_frames=4096 + dma_frames=512; ring_bytes=4096 dma_bytes=512; pixtone_quiesced=1) ring+DMA silence quiesce
[lifecycle] UpdateWindowFramebuffer #300: window=86aa20 direct_fb=1 vram_ptr=77c00000 surface=83c590 lfb_surface=0 fb_size=307200 vram_w=640 vram_h=480 window->surface=8b7450 window->surface_valid=1
DOSVESA-FB-CALL #300: guard=1 numrects=1 src[0..15]= 00 00 00 00 00 00 00 00 00 00 00 00 00 00 00 00
DOSVESA-FB-VRAM  00 00 00 00 00 00 00 00 00 00 00 00 00 00 00 00
WAVE16-FB-FLUSH-AUDIT @flush=300: switches/flush avg=0.00 (min=0 max=0) bytes/flush avg=0 (min=0 max=0) fb_size=307200 win_size=0 win_gran=0 multibank=0 [over 100 flushes]
fastpath-timing block @flush=300: dpmi_ms_avg=0.072 (min=0.016 max=5.562) copy_ms_avg=4.482 (min=4.401 max=10.116) post_ms_avg=0.148 (min=0.024 max=12.440) total_ms_avg=4.704 (min=4.444 max=28.119) [over 100 flushes]
audio: SDL/0073 rate-meas: irqs=0 elapsed_ms=131597 irq_hz=0 hw_frame_rate=0
[lifecycle] UpdateWindowFramebuffer #400: window=86aa20 direct_fb=1 vram_ptr=77c00000 surface=83c590 lfb_surface=0 fb_size=307200 vram_w=640 vram_h=480 window->surface=8b7450 window->surface_valid=1
DOSVESA-FB-CALL #400: guard=1 numrects=1 src[0..15]= 00 00 00 00 00 00 00 00 00 00 00 00 00 00 00 00
DOSVESA-FB-VRAM  00 00 00 00 00 00 00 00 00 00 00 00 00 00 00 00
WAVE16-FB-FLUSH-AUDIT @flush=400: switches/flush avg=0.00 (min=0 max=0) bytes/flush avg=0 (min=0 max=0) fb_size=307200 win_size=0 win_gran=0 multibank=0 [over 100 flushes]
fastpath-timing block @flush=400: dpmi_ms_avg=0.095 (min=0.016 max=7.908) copy_ms_avg=4.466 (min=4.405 max=9.041) post_ms_avg=0.129 (min=0.024 max=10.548) total_ms_avg=4.692 (min=4.446 max=27.497) [over 100 flushes]
[lifecycle] UpdateWindowFramebuffer #500: window=86aa20 direct_fb=1 vram_ptr=77c00000 surface=83c590 lfb_surface=0 fb_size=307200 vram_w=640 vram_h=480 window->surface=8b7450 window->surface_valid=1
DOSVESA-FB-CALL #500: guard=1 numrects=1 src[0..15]= 00 00 00 00 00 00 00 00 00 00 00 00 00 00 00 00
DOSVESA-FB-VRAM  00 00 00 00 00 00 00 00 00 00 00 00 00 00 00 00
WAVE16-FB-FLUSH-AUDIT @flush=500: switches/flush avg=0.00 (min=0 max=0) bytes/flush avg=0 (min=0 max=0) fb_size=307200 win_size=0 win_gran=0 multibank=0 [over 100 flushes]
fastpath-timing block @flush=500: dpmi_ms_avg=0.067 (min=0.016 max=5.106) copy_ms_avg=4.476 (min=4.404 max=9.045) post_ms_avg=0.145 (min=0.024 max=12.138) total_ms_avg=4.691 (min=4.446 max=26.290) [over 100 flushes]
audio: SDL/0073 rate-meas: irqs=0 elapsed_ms=71422 irq_hz=0 hw_frame_rate=0
[lifecycle] UpdateWindowFramebuffer #600: window=86aa20 direct_fb=1 vram_ptr=77c00000 surface=83c590 lfb_surface=0 fb_size=307200 vram_w=640 vram_h=480 window->surface=8b7450 window->surface_valid=1
DOSVESA-FB-CALL #600: guard=1 numrects=1 src[0..15]= 00 00 00 00 00 00 00 00 00 00 00 00 00 00 00 00
DOSVESA-FB-VRAM  00 00 00 00 00 00 00 00 00 00 00 00 00 00 00 00
WAVE16-FB-FLUSH-AUDIT @flush=600: switches/flush avg=0.00 (min=0 max=0) bytes/flush avg=0 (min=0 max=0) fb_size=307200 win_size=0 win_gran=0 multibank=0 [over 100 flushes]
fastpath-timing block @flush=600: dpmi_ms_avg=0.094 (min=0.016 max=7.722) copy_ms_avg=4.477 (min=4.405 max=9.044) post_ms_avg=0.130 (min=0.024 max=10.436) total_ms_avg=4.703 (min=4.447 max=27.203) [over 100 flushes]
[lifecycle] UpdateWindowFramebuffer #700: window=86aa20 direct_fb=1 vram_ptr=77c00000 surface=83c590 lfb_surface=0 fb_size=307200 vram_w=640 vram_h=480 window->surface=8b7450 window->surface_valid=1
DOSVESA-FB-CALL #700: guard=1 numrects=1 src[0..15]= 00 00 00 00 00 00 00 00 00 00 00 00 00 00 00 00
DOSVESA-FB-VRAM  00 00 00 00 00 00 00 00 00 00 00 00 00 00 00 00
WAVE16-FB-FLUSH-AUDIT @flush=700: switches/flush avg=0.00 (min=0 max=0) bytes/flush avg=0 (min=0 max=0) fb_size=307200 win_size=0 win_gran=0 multibank=0 [over 100 flushes]
fastpath-timing block @flush=700: dpmi_ms_avg=0.082 (min=0.016 max=6.527) copy_ms_avg=4.474 (min=4.405 max=9.172) post_ms_avg=0.168 (min=0.024 max=14.437) total_ms_avg=4.725 (min=4.448 max=30.138) [over 100 flushes]
audio: SDL/0092 FlushRingSilence -- ring+DMA zeroed (silence_frames_flushed=4608 = ring_frames=4096 + dma_frames=512; ring_bytes=4096 dma_bytes=512; pixtone_quiesced=5) ring+DMA silence quiesce
audio: SDL/0073 rate-meas: irqs=0 elapsed_ms=100499 irq_hz=0 hw_frame_rate=0
[lifecycle] UpdateWindowFramebuffer #800: window=86aa20 direct_fb=1 vram_ptr=77c00000 surface=83c590 lfb_surface=0 fb_size=307200 vram_w=640 vram_h=480 window->surface=8b7450 window->surface_valid=1
DOSVESA-FB-CALL #800: guard=1 numrects=1 src[0..15]= 00 00 00 00 00 00 00 00 00 00 00 00 00 00 00 00
DOSVESA-FB-VRAM  00 00 00 00 00 00 00 00 00 00 00 00 00 00 00 00
WAVE16-FB-FLUSH-AUDIT @flush=800: switches/flush avg=0.00 (min=0 max=0) bytes/flush avg=0 (min=0 max=0) fb_size=307200 win_size=0 win_gran=0 multibank=0 [over 100 flushes]
fastpath-timing block @flush=800: dpmi_ms_avg=0.065 (min=0.015 max=4.881) copy_ms_avg=4.469 (min=4.405 max=9.217) post_ms_avg=0.136 (min=0.024 max=11.199) total_ms_avg=4.672 (min=4.448 max=25.297) [over 100 flushes]
[lifecycle] UpdateWindowFramebuffer #900: window=86aa20 direct_fb=1 vram_ptr=77c00000 surface=83c590 lfb_surface=0 fb_size=307200 vram_w=640 vram_h=480 window->surface=8b7450 window->surface_valid=1
DOSVESA-FB-CALL #900: guard=1 numrects=1 src[0..15]= 00 00 00 00 00 00 00 00 00 00 00 00 00 00 00 00
DOSVESA-FB-VRAM  00 00 00 00 00 00 00 00 00 00 00 00 00 00 00 00
WAVE16-FB-FLUSH-AUDIT @flush=900: switches/flush avg=0.00 (min=0 max=0) bytes/flush avg=0 (min=0 max=0) fb_size=307200 win_size=0 win_gran=0 multibank=0 [over 100 flushes]
fastpath-timing block @flush=900: dpmi_ms_avg=0.086 (min=0.016 max=7.015) copy_ms_avg=4.466 (min=4.406 max=9.206) post_ms_avg=0.118 (min=0.024 max=9.469) total_ms_avg=4.673 (min=4.449 max=25.691) [over 100 flushes]
audio: SDL/0073 rate-meas: irqs=0 elapsed_ms=130295 irq_hz=0 hw_frame_rate=0
[lifecycle] GetWindowSurface (cached) #1000: window=86aa20 existing=8b7450
[lifecycle] UpdateWindowFramebuffer #1000: window=86aa20 direct_fb=1 vram_ptr=77c00000 surface=83c590 lfb_surface=0 fb_size=307200 vram_w=640 vram_h=480 window->surface=8b7450 window->surface_valid=1
DOSVESA-FB-CALL #1000: guard=1 numrects=1 src[0..15]= 00 00 00 00 00 00 00 00 00 00 00 00 00 00 00 00
DOSVESA-FB-VRAM  00 00 00 00 00 00 00 00 00 00 00 00 00 00 00 00
WAVE16-FB-FLUSH-AUDIT @flush=1000: switches/flush avg=0.00 (min=0 max=0) bytes/flush avg=0 (min=0 max=0) fb_size=307200 win_size=0 win_gran=0 multibank=0 [over 100 flushes]
fastpath-timing block @flush=1000: dpmi_ms_avg=0.087 (min=0.016 max=7.062) copy_ms_avg=4.488 (min=4.404 max=10.966) post_ms_avg=0.118 (min=0.024 max=9.458) total_ms_avg=4.695 (min=4.446 max=27.487) [over 100 flushes]
[lifecycle] UpdateWindowFramebuffer #1100: window=86aa20 direct_fb=1 vram_ptr=77c00000 surface=83c590 lfb_surface=0 fb_size=307200 vram_w=640 vram_h=480 window->surface=8b7450 window->surface_valid=1
DOSVESA-FB-CALL #1100: guard=1 numrects=1 src[0..15]= 00 00 00 00 00 00 00 00 00 00 00 00 00 00 00 00
DOSVESA-FB-VRAM  00 00 00 00 00 00 00 00 00 00 00 00 00 00 00 00
WAVE16-FB-FLUSH-AUDIT @flush=1100: switches/flush avg=0.00 (min=0 max=0) bytes/flush avg=0 (min=0 max=0) fb_size=307200 win_size=0 win_gran=0 multibank=0 [over 100 flushes]
fastpath-timing block @flush=1100: dpmi_ms_avg=0.086 (min=0.016 max=7.008) copy_ms_avg=4.470 (min=4.405 max=9.202) post_ms_avg=0.117 (min=0.024 max=9.361) total_ms_avg=4.676 (min=4.446 max=25.572) [over 100 flushes]
audio: SDL/0073 rate-meas: irqs=0 elapsed_ms=81293 irq_hz=0 hw_frame_rate=0
[lifecycle] UpdateWindowFramebuffer #1200: window=86aa20 direct_fb=1 vram_ptr=77c00000 surface=83c590 lfb_surface=0 fb_size=307200 vram_w=640 vram_h=480 window->surface=8b7450 window->surface_valid=1
DOSVESA-FB-CALL #1200: guard=1 numrects=1 src[0..15]= 00 00 00 00 00 00 00 00 00 00 00 00 00 00 00 00
DOSVESA-FB-VRAM  00 00 00 00 00 00 00 00 00 00 00 00 00 00 00 00
WAVE16-FB-FLUSH-AUDIT @flush=1200: switches/flush avg=0.00 (min=0 max=0) bytes/flush avg=0 (min=0 max=0) fb_size=307200 win_size=0 win_gran=0 multibank=0 [over 100 flushes]
fastpath-timing block @flush=1200: dpmi_ms_avg=0.064 (min=0.016 max=4.772) copy_ms_avg=4.480 (min=4.405 max=10.919) post_ms_avg=0.132 (min=0.024 max=10.803) total_ms_avg=4.678 (min=4.446 max=26.495) [over 100 flushes]
[lifecycle] UpdateWindowFramebuffer #1300: window=86aa20 direct_fb=1 vram_ptr=77c00000 surface=83c590 lfb_surface=0 fb_size=307200 vram_w=640 vram_h=480 window->surface=8b7450 window->surface_valid=1
DOSVESA-FB-CALL #1300: guard=1 numrects=1 src[0..15]= 00 00 00 00 00 00 00 00 00 00 00 00 00 00 00 00
DOSVESA-FB-VRAM  00 00 00 00 00 00 00 00 00 00 00 00 00 00 00 00
WAVE16-FB-FLUSH-AUDIT @flush=1300: switches/flush avg=0.00 (min=0 max=0) bytes/flush avg=0 (min=0 max=0) fb_size=307200 win_size=0 win_gran=0 multibank=0 [over 100 flushes]
fastpath-timing block @flush=1300: dpmi_ms_avg=0.065 (min=0.016 max=4.876) copy_ms_avg=4.476 (min=4.405 max=10.185) post_ms_avg=0.151 (min=0.024 max=12.687) total_ms_avg=4.694 (min=4.447 max=27.749) [over 100 flushes]
audio: SDL/0073 rate-meas: irqs=0 elapsed_ms=106508 irq_hz=0 hw_frame_rate=0
[lifecycle] UpdateWindowFramebuffer #1400: window=86aa20 direct_fb=1 vram_ptr=77c00000 surface=83c590 lfb_surface=0 fb_size=307200 vram_w=640 vram_h=480 window->surface=8b7450 window->surface_valid=1
DOSVESA-FB-CALL #1400: guard=1 numrects=1 src[0..15]= 00 00 00 00 00 00 00 00 00 00 00 00 00 00 00 00
DOSVESA-FB-VRAM  00 00 00 00 00 00 00 00 00 00 00 00 00 00 00 00
WAVE16-FB-FLUSH-AUDIT @flush=1400: switches/flush avg=0.00 (min=0 max=0) bytes/flush avg=0 (min=0 max=0) fb_size=307200 win_size=0 win_gran=0 multibank=0 [over 100 flushes]
fastpath-timing block @flush=1400: dpmi_ms_avg=0.101 (min=0.016 max=8.245) copy_ms_avg=4.470 (min=4.405 max=9.039) post_ms_avg=0.128 (min=0.024 max=10.480) total_ms_avg=4.701 (min=4.446 max=27.765) [over 100 flushes]
[lifecycle] UpdateWindowFramebuffer #1500: window=86aa20 direct_fb=1 vram_ptr=77c00000 surface=83c590 lfb_surface=0 fb_size=307200 vram_w=640 vram_h=480 window->surface=8b7450 window->surface_valid=1
DOSVESA-FB-CALL #1500: guard=1 numrects=1 src[0..15]= 00 00 00 00 00 00 00 00 00 00 00 00 00 00 00 00
DOSVESA-FB-VRAM  00 00 00 00 00 00 00 00 00 00 00 00 00 00 00 00
WAVE16-FB-FLUSH-AUDIT @flush=1500: switches/flush avg=0.00 (min=0 max=0) bytes/flush avg=0 (min=0 max=0) fb_size=307200 win_size=0 win_gran=0 multibank=0 [over 100 flushes]
fastpath-timing block @flush=1500: dpmi_ms_avg=0.067 (min=0.016 max=5.100) copy_ms_avg=4.483 (min=4.405 max=9.104) post_ms_avg=0.144 (min=0.024 max=12.044) total_ms_avg=4.697 (min=4.446 max=26.249) [over 100 flushes]
audio: SDL/0092 FlushRingSilence -- ring+DMA zeroed (silence_frames_flushed=4608 = ring_frames=4096 + dma_frames=512; ring_bytes=4096 dma_bytes=512; pixtone_quiesced=4) ring+DMA silence quiesce
audio: SDL/0073 rate-meas: irqs=0 elapsed_ms=155408 irq_hz=0 hw_frame_rate=0
[lifecycle] UpdateWindowFramebuffer #1600: window=86aa20 direct_fb=1 vram_ptr=77c00000 surface=83c590 lfb_surface=0 fb_size=307200 vram_w=640 vram_h=480 window->surface=8b7450 window->surface_valid=1
DOSVESA-FB-CALL #1600: guard=1 numrects=1 src[0..15]= 00 00 00 00 00 00 00 00 00 00 00 00 00 00 00 00
DOSVESA-FB-VRAM  00 00 00 00 00 00 00 00 00 00 00 00 00 00 00 00
WAVE16-FB-FLUSH-AUDIT @flush=1600: switches/flush avg=0.00 (min=0 max=0) bytes/flush avg=0 (min=0 max=0) fb_size=307200 win_size=0 win_gran=0 multibank=0 [over 100 flushes]
fastpath-timing block @flush=1600: dpmi_ms_avg=0.069 (min=0.016 max=5.259) copy_ms_avg=4.473 (min=4.404 max=9.195) post_ms_avg=0.149 (min=0.024 max=12.493) total_ms_avg=4.692 (min=4.446 max=26.948) [over 100 flushes]
[lifecycle] UpdateWindowFramebuffer #1700: window=86aa20 direct_fb=1 vram_ptr=77c00000 surface=83c590 lfb_surface=0 fb_size=307200 vram_w=640 vram_h=480 window->surface=8b7450 window->surface_valid=1
DOSVESA-FB-CALL #1700: guard=1 numrects=1 src[0..15]= 00 00 00 00 00 00 00 00 00 00 00 00 00 00 00 00
DOSVESA-FB-VRAM  00 00 00 00 00 00 00 00 00 00 00 00 00 00 00 00
WAVE16-FB-FLUSH-AUDIT @flush=1700: switches/flush avg=0.00 (min=0 max=0) bytes/flush avg=0 (min=0 max=0) fb_size=307200 win_size=0 win_gran=0 multibank=0 [over 100 flushes]
fastpath-timing block @flush=1700: dpmi_ms_avg=0.083 (min=0.016 max=6.667) copy_ms_avg=4.485 (min=4.405 max=10.618) post_ms_avg=0.119 (min=0.024 max=9.556) total_ms_avg=4.689 (min=4.446 max=26.842) [over 100 flushes]
audio: SDL/0073 rate-meas: irqs=0 elapsed_ms=51736 irq_hz=0 hw_frame_rate=0
[lifecycle] UpdateWindowFramebuffer #1800: window=86aa20 direct_fb=1 vram_ptr=77c00000 surface=83c590 lfb_surface=0 fb_size=307200 vram_w=640 vram_h=480 window->surface=8b7450 window->surface_valid=1
DOSVESA-FB-CALL #1800: guard=1 numrects=1 src[0..15]= 00 00 00 00 00 00 00 00 00 00 00 00 00 00 00 00
DOSVESA-FB-VRAM  00 00 00 00 00 00 00 00 00 00 00 00 00 00 00 00
WAVE16-FB-FLUSH-AUDIT @flush=1800: switches/flush avg=0.00 (min=0 max=0) bytes/flush avg=0 (min=0 max=0) fb_size=307200 win_size=0 win_gran=0 multibank=0 [over 100 flushes]
fastpath-timing block @flush=1800: dpmi_ms_avg=0.069 (min=0.016 max=5.273) copy_ms_avg=4.472 (min=4.405 max=9.221) post_ms_avg=0.136 (min=0.024 max=11.222) total_ms_avg=4.679 (min=4.446 max=25.716) [over 100 flushes]
[lifecycle] UpdateWindowFramebuffer #1900: window=86aa20 direct_fb=1 vram_ptr=77c00000 surface=83c590 lfb_surface=0 fb_size=307200 vram_w=640 vram_h=480 window->surface=8b7450 window->surface_valid=1
DOSVESA-FB-CALL #1900: guard=1 numrects=1 src[0..15]= 00 00 00 00 00 00 00 00 00 00 00 00 00 00 00 00
DOSVESA-FB-VRAM  00 00 00 00 00 00 00 00 00 00 00 00 00 00 00 00
WAVE16-FB-FLUSH-AUDIT @flush=1900: switches/flush avg=0.00 (min=0 max=0) bytes/flush avg=0 (min=0 max=0) fb_size=307200 win_size=0 win_gran=0 multibank=0 [over 100 flushes]
fastpath-timing block @flush=1900: dpmi_ms_avg=0.087 (min=0.016 max=7.019) copy_ms_avg=4.474 (min=4.404 max=9.212) post_ms_avg=0.118 (min=0.024 max=9.466) total_ms_avg=4.680 (min=4.445 max=25.698) [over 100 flushes]
audio: SDL/0073 rate-meas: irqs=0 elapsed_ms=57033 irq_hz=0 hw_frame_rate=0
[lifecycle] GetWindowSurface (cached) #2000: window=86aa20 existing=8b7450
[lifecycle] UpdateWindowFramebuffer #2000: window=86aa20 direct_fb=1 vram_ptr=77c00000 surface=83c590 lfb_surface=0 fb_size=307200 vram_w=640 vram_h=480 window->surface=8b7450 window->surface_valid=1
DOSVESA-FB-CALL #2000: guard=1 numrects=1 src[0..15]= 00 00 00 00 00 00 00 00 00 00 00 00 00 00 00 00
DOSVESA-FB-VRAM  00 00 00 00 00 00 00 00 00 00 00 00 00 00 00 00
WAVE16-FB-FLUSH-AUDIT @flush=2000: switches/flush avg=0.00 (min=0 max=0) bytes/flush avg=0 (min=0 max=0) fb_size=307200 win_size=0 win_gran=0 multibank=0 [over 100 flushes]
fastpath-timing block @flush=2000: dpmi_ms_avg=0.069 (min=0.016 max=5.264) copy_ms_avg=4.488 (min=4.406 max=11.093) post_ms_avg=0.118 (min=0.024 max=9.466) total_ms_avg=4.677 (min=4.448 max=25.825) [over 100 flushes]
audio: SDL/0092 FlushRingSilence -- ring+DMA zeroed (silence_frames_flushed=4608 = ring_frames=4096 + dma_frames=512; ring_bytes=4096 dma_bytes=512; pixtone_quiesced=5) ring+DMA silence quiesce
[lifecycle] UpdateWindowFramebuffer #2100: window=86aa20 direct_fb=1 vram_ptr=77c00000 surface=83c590 lfb_surface=0 fb_size=307200 vram_w=640 vram_h=480 window->surface=8b7450 window->surface_valid=1
DOSVESA-FB-CALL #2100: guard=1 numrects=1 src[0..15]= 00 00 00 00 00 00 00 00 00 00 00 00 00 00 00 00
DOSVESA-FB-VRAM  00 00 00 00 00 00 00 00 00 00 00 00 00 00 00 00
WAVE16-FB-FLUSH-AUDIT @flush=2100: switches/flush avg=0.00 (min=0 max=0) bytes/flush avg=0 (min=0 max=0) fb_size=307200 win_size=0 win_gran=0 multibank=0 [over 100 flushes]
fastpath-timing block @flush=2100: dpmi_ms_avg=0.070 (min=0.016 max=5.324) copy_ms_avg=4.467 (min=4.404 max=9.209) post_ms_avg=0.136 (min=0.024 max=11.196) total_ms_avg=4.674 (min=4.447 max=25.730) [over 100 flushes]
audio: SDL/0073 rate-meas: irqs=0 elapsed_ms=112701 irq_hz=0 hw_frame_rate=0
[lifecycle] UpdateWindowFramebuffer #2200: window=86aa20 direct_fb=1 vram_ptr=77c00000 surface=83c590 lfb_surface=0 fb_size=307200 vram_w=640 vram_h=480 window->surface=8b7450 window->surface_valid=1
DOSVESA-FB-CALL #2200: guard=1 numrects=1 src[0..15]= 00 00 00 00 00 00 00 00 00 00 00 00 00 00 00 00
DOSVESA-FB-VRAM  00 00 00 00 00 00 00 00 00 00 00 00 00 00 00 00
WAVE16-FB-FLUSH-AUDIT @flush=2200: switches/flush avg=0.00 (min=0 max=0) bytes/flush avg=0 (min=0 max=0) fb_size=307200 win_size=0 win_gran=0 multibank=0 [over 100 flushes]
fastpath-timing block @flush=2200: dpmi_ms_avg=0.086 (min=0.016 max=7.020) copy_ms_avg=4.464 (min=4.406 max=9.172) post_ms_avg=2.276 (min=0.024 max=225.241) total_ms_avg=6.829 (min=4.448 max=241.435) [over 100 flushes]
[lifecycle] UpdateWindowFramebuffer #2300: window=86aa20 direct_fb=1 vram_ptr=77c00000 surface=83c590 lfb_surface=0 fb_size=307200 vram_w=640 vram_h=480 window->surface=8b7450 window->surface_valid=1
DOSVESA-FB-CALL #2300: guard=1 numrects=1 src[0..15]= 00 00 00 00 00 00 00 00 00 00 00 00 00 00 00 00
DOSVESA-FB-VRAM  00 00 00 00 00 00 00 00 00 00 00 00 00 00 00 00
WAVE16-FB-FLUSH-AUDIT @flush=2300: switches/flush avg=0.00 (min=0 max=0) bytes/flush avg=0 (min=0 max=0) fb_size=307200 win_size=0 win_gran=0 multibank=0 [over 100 flushes]
fastpath-timing block @flush=2300: dpmi_ms_avg=0.091 (min=0.016 max=7.491) copy_ms_avg=4.490 (min=4.405 max=11.141) post_ms_avg=0.118 (min=0.024 max=9.464) total_ms_avg=4.702 (min=4.448 max=28.098) [over 100 flushes]
audio: SDL/0073 rate-meas: irqs=0 elapsed_ms=38419 irq_hz=0 hw_frame_rate=0
[lifecycle] UpdateWindowFramebuffer #2400: window=86aa20 direct_fb=1 vram_ptr=77c00000 surface=83c590 lfb_surface=0 fb_size=307200 vram_w=640 vram_h=480 window->surface=8b7450 window->surface_valid=1
DOSVESA-FB-CALL #2400: guard=1 numrects=1 src[0..15]= 00 00 00 00 00 00 00 00 00 00 00 00 00 00 00 00
DOSVESA-FB-VRAM  00 00 00 00 00 00 00 00 00 00 00 00 00 00 00 00
WAVE16-FB-FLUSH-AUDIT @flush=2400: switches/flush avg=0.00 (min=0 max=0) bytes/flush avg=0 (min=0 max=0) fb_size=307200 win_size=0 win_gran=0 multibank=0 [over 100 flushes]
fastpath-timing block @flush=2400: dpmi_ms_avg=0.070 (min=0.016 max=5.331) copy_ms_avg=4.466 (min=4.406 max=9.053) post_ms_avg=0.131 (min=0.024 max=10.705) total_ms_avg=4.668 (min=4.448 max=25.090) [over 100 flushes]
[lifecycle] UpdateWindowFramebuffer #2500: window=86aa20 direct_fb=1 vram_ptr=77c00000 surface=83c590 lfb_surface=0 fb_size=307200 vram_w=640 vram_h=480 window->surface=8b7450 window->surface_valid=1
DOSVESA-FB-CALL #2500: guard=1 numrects=1 src[0..15]= 00 00 00 00 00 00 00 00 00 00 00 00 00 00 00 00
DOSVESA-FB-VRAM  00 00 00 00 00 00 00 00 00 00 00 00 00 00 00 00
WAVE16-FB-FLUSH-AUDIT @flush=2500: switches/flush avg=0.00 (min=0 max=0) bytes/flush avg=0 (min=0 max=0) fb_size=307200 win_size=0 win_gran=0 multibank=0 [over 100 flushes]
fastpath-timing block @flush=2500: dpmi_ms_avg=0.062 (min=0.016 max=4.577) copy_ms_avg=4.499 (min=4.405 max=12.056) post_ms_avg=0.115 (min=0.024 max=9.135) total_ms_avg=4.678 (min=4.448 max=25.769) [over 100 flushes]
audio: SDL/0073 rate-meas: irqs=0 elapsed_ms=32192 irq_hz=0 hw_frame_rate=0
[lifecycle] UpdateWindowFramebuffer #2600: window=86aa20 direct_fb=1 vram_ptr=77c00000 surface=83c590 lfb_surface=0 fb_size=307200 vram_w=640 vram_h=480 window->surface=8b7450 window->surface_valid=1
DOSVESA-FB-CALL #2600: guard=1 numrects=1 src[0..15]= 00 00 00 00 00 00 00 00 00 00 00 00 00 00 00 00
DOSVESA-FB-VRAM  00 00 00 00 00 00 00 00 00 00 00 00 00 00 00 00
WAVE16-FB-FLUSH-AUDIT @flush=2600: switches/flush avg=0.00 (min=0 max=0) bytes/flush avg=0 (min=0 max=0) fb_size=307200 win_size=0 win_gran=0 multibank=0 [over 100 flushes]
fastpath-timing block @flush=2600: dpmi_ms_avg=0.062 (min=0.016 max=4.592) copy_ms_avg=4.480 (min=4.405 max=10.068) post_ms_avg=0.141 (min=0.024 max=11.690) total_ms_avg=4.685 (min=4.447 max=26.352) [over 100 flushes]
audio: SDL/0092 FlushRingSilence -- ring+DMA zeroed (silence_frames_flushed=4608 = ring_frames=4096 + dma_frames=512; ring_bytes=4096 dma_bytes=512; pixtone_quiesced=5) ring+DMA silence quiesce
[lifecycle] UpdateWindowFramebuffer #2700: window=86aa20 direct_fb=1 vram_ptr=77c00000 surface=83c590 lfb_surface=0 fb_size=307200 vram_w=640 vram_h=480 window->surface=8b7450 window->surface_valid=1
DOSVESA-FB-CALL #2700: guard=1 numrects=1 src[0..15]= 00 00 00 00 00 00 00 00 00 00 00 00 00 00 00 00
DOSVESA-FB-VRAM  00 00 00 00 00 00 00 00 00 00 00 00 00 00 00 00
WAVE16-FB-FLUSH-AUDIT @flush=2700: switches/flush avg=0.00 (min=0 max=0) bytes/flush avg=0 (min=0 max=0) fb_size=307200 win_size=0 win_gran=0 multibank=0 [over 100 flushes]
fastpath-timing block @flush=2700: dpmi_ms_avg=0.111 (min=0.016 max=9.474) copy_ms_avg=4.469 (min=4.404 max=9.219) post_ms_avg=0.151 (min=0.024 max=12.665) total_ms_avg=4.733 (min=4.447 max=31.359) [over 100 flushes]
audio: SDL/0073 rate-meas: irqs=0 elapsed_ms=119658 irq_hz=0 hw_frame_rate=0
[lifecycle] UpdateWindowFramebuffer #2800: window=86aa20 direct_fb=1 vram_ptr=77c00000 surface=83c590 lfb_surface=0 fb_size=307200 vram_w=640 vram_h=480 window->surface=8b7450 window->surface_valid=1
DOSVESA-FB-CALL #2800: guard=1 numrects=1 src[0..15]= 00 00 00 00 00 00 00 00 00 00 00 00 00 00 00 00
DOSVESA-FB-VRAM  00 00 00 00 00 00 00 00 00 00 00 00 00 00 00 00
WAVE16-FB-FLUSH-AUDIT @flush=2800: switches/flush avg=0.00 (min=0 max=0) bytes/flush avg=0 (min=0 max=0) fb_size=307200 win_size=0 win_gran=0 multibank=0 [over 100 flushes]
fastpath-timing block @flush=2800: dpmi_ms_avg=0.081 (min=0.016 max=6.508) copy_ms_avg=4.480 (min=4.406 max=9.211) post_ms_avg=0.118 (min=0.024 max=9.403) total_ms_avg=4.681 (min=4.448 max=25.123) [over 100 flushes]
[lifecycle] UpdateWindowFramebuffer #2900: window=86aa20 direct_fb=1 vram_ptr=77c00000 surface=83c590 lfb_surface=0 fb_size=307200 vram_w=640 vram_h=480 window->surface=8b7450 window->surface_valid=1
DOSVESA-FB-CALL #2900: guard=1 numrects=1 src[0..15]= 00 00 00 00 00 00 00 00 00 00 00 00 00 00 00 00
DOSVESA-FB-VRAM  00 00 00 00 00 00 00 00 00 00 00 00 00 00 00 00
WAVE16-FB-FLUSH-AUDIT @flush=2900: switches/flush avg=0.00 (min=0 max=0) bytes/flush avg=0 (min=0 max=0) fb_size=307200 win_size=0 win_gran=0 multibank=0 [over 100 flushes]
fastpath-timing block @flush=2900: dpmi_ms_avg=0.066 (min=0.016 max=4.767) copy_ms_avg=4.472 (min=4.405 max=9.207) post_ms_avg=2.289 (min=0.024 max=226.483) total_ms_avg=6.828 (min=4.448 max=240.459) [over 100 flushes]
audio: SDL/0073 rate-meas: irqs=0 elapsed_ms=48700 irq_hz=0 hw_frame_rate=0
[lifecycle] GetWindowSurface (cached) #3000: window=86aa20 existing=8b7450
[lifecycle] UpdateWindowFramebuffer #3000: window=86aa20 direct_fb=1 vram_ptr=77c00000 surface=83c590 lfb_surface=0 fb_size=307200 vram_w=640 vram_h=480 window->surface=8b7450 window->surface_valid=1
DOSVESA-FB-CALL #3000: guard=1 numrects=1 src[0..15]= 00 00 00 00 00 00 00 00 00 00 00 00 00 00 00 00
DOSVESA-FB-VRAM  00 00 00 00 00 00 00 00 00 00 00 00 00 00 00 00
WAVE16-FB-FLUSH-AUDIT @flush=3000: switches/flush avg=0.00 (min=0 max=0) bytes/flush avg=0 (min=0 max=0) fb_size=307200 win_size=0 win_gran=0 multibank=0 [over 100 flushes]
fastpath-timing block @flush=3000: dpmi_ms_avg=0.081 (min=0.016 max=6.496) copy_ms_avg=4.464 (min=4.405 max=9.206) post_ms_avg=0.136 (min=0.024 max=11.203) total_ms_avg=4.682 (min=4.448 max=26.907) [over 100 flushes]
[lifecycle] UpdateWindowFramebuffer #3100: window=86aa20 direct_fb=1 vram_ptr=77c00000 surface=83c590 lfb_surface=0 fb_size=307200 vram_w=640 vram_h=480 window->surface=8b7450 window->surface_valid=1
DOSVESA-FB-CALL #3100: guard=1 numrects=1 src[0..15]= 00 00 00 00 00 00 00 00 00 00 00 00 00 00 00 00
DOSVESA-FB-VRAM  00 00 00 00 00 00 00 00 00 00 00 00 00 00 00 00
WAVE16-FB-FLUSH-AUDIT @flush=3100: switches/flush avg=0.00 (min=0 max=0) bytes/flush avg=0 (min=0 max=0) fb_size=307200 win_size=0 win_gran=0 multibank=0 [over 100 flushes]
fastpath-timing block @flush=3100: dpmi_ms_avg=0.081 (min=0.016 max=6.427) copy_ms_avg=4.485 (min=4.404 max=11.003) post_ms_avg=0.118 (min=0.024 max=9.393) total_ms_avg=4.685 (min=4.446 max=26.824) [over 100 flushes]
audio: SDL/0073 rate-meas: irqs=0 elapsed_ms=44752 irq_hz=0 hw_frame_rate=0
[lifecycle] UpdateWindowFramebuffer #3200: window=86aa20 direct_fb=1 vram_ptr=77c00000 surface=83c590 lfb_surface=0 fb_size=307200 vram_w=640 vram_h=480 window->surface=8b7450 window->surface_valid=1
DOSVESA-FB-CALL #3200: guard=1 numrects=1 src[0..15]= 00 00 00 00 00 00 00 00 00 00 00 00 00 00 00 00
DOSVESA-FB-VRAM  00 00 00 00 00 00 00 00 00 00 00 00 00 00 00 00
WAVE16-FB-FLUSH-AUDIT @flush=3200: switches/flush avg=0.00 (min=0 max=0) bytes/flush avg=0 (min=0 max=0) fb_size=307200 win_size=0 win_gran=0 multibank=0 [over 100 flushes]
fastpath-timing block @flush=3200: dpmi_ms_avg=0.064 (min=0.016 max=4.781) copy_ms_avg=4.469 (min=4.405 max=9.221) post_ms_avg=0.136 (min=0.024 max=11.224) total_ms_avg=4.671 (min=4.447 max=25.227) [over 100 flushes]
[lifecycle] UpdateWindowFramebuffer #3300: window=86aa20 direct_fb=1 vram_ptr=77c00000 surface=83c590 lfb_surface=0 fb_size=307200 vram_w=640 vram_h=480 window->surface=8b7450 window->surface_valid=1
DOSVESA-FB-CALL #3300: guard=1 numrects=1 src[0..15]= 00 00 00 00 00 00 00 00 00 00 00 00 00 00 00 00
DOSVESA-FB-VRAM  00 00 00 00 00 00 00 00 00 00 00 00 00 00 00 00
WAVE16-FB-FLUSH-AUDIT @flush=3300: switches/flush avg=0.00 (min=0 max=0) bytes/flush avg=0 (min=0 max=0) fb_size=307200 win_size=0 win_gran=0 multibank=0 [over 100 flushes]
fastpath-timing block @flush=3300: dpmi_ms_avg=0.064 (min=0.016 max=4.720) copy_ms_avg=4.495 (min=4.404 max=11.881) post_ms_avg=2.283 (min=0.024 max=225.943) total_ms_avg=6.844 (min=4.447 max=242.545) [over 100 flushes]
audio: SDL/0073 rate-meas: irqs=0 elapsed_ms=58343 irq_hz=0 hw_frame_rate=0
[lifecycle] UpdateWindowFramebuffer #3400: window=86aa20 direct_fb=1 vram_ptr=77c00000 surface=83c590 lfb_surface=0 fb_size=307200 vram_w=640 vram_h=480 window->surface=8b7450 window->surface_valid=1
DOSVESA-FB-CALL #3400: guard=1 numrects=1 src[0..15]= 00 00 00 00 00 00 00 00 00 00 00 00 00 00 00 00
DOSVESA-FB-VRAM  00 00 00 00 00 00 00 00 00 00 00 00 00 00 00 00
WAVE16-FB-FLUSH-AUDIT @flush=3400: switches/flush avg=0.00 (min=0 max=0) bytes/flush avg=0 (min=0 max=0) fb_size=307200 win_size=0 win_gran=0 multibank=0 [over 100 flushes]
fastpath-timing block @flush=3400: dpmi_ms_avg=0.062 (min=0.016 max=4.579) copy_ms_avg=4.484 (min=4.404 max=10.402) post_ms_avg=0.145 (min=0.024 max=12.164) total_ms_avg=4.694 (min=4.447 max=27.145) [over 100 flushes]
[lifecycle] UpdateWindowFramebuffer #3500: window=86aa20 direct_fb=1 vram_ptr=77c00000 surface=83c590 lfb_surface=0 fb_size=307200 vram_w=640 vram_h=480 window->surface=8b7450 window->surface_valid=1
DOSVESA-FB-CALL #3500: guard=1 numrects=1 src[0..15]= 00 00 00 00 00 00 00 00 00 00 00 00 00 00 00 00
DOSVESA-FB-VRAM  00 00 00 00 00 00 00 00 00 00 00 00 00 00 00 00
WAVE16-FB-FLUSH-AUDIT @flush=3500: switches/flush avg=0.00 (min=0 max=0) bytes/flush avg=0 (min=0 max=0) fb_size=307200 win_size=0 win_gran=0 multibank=0 [over 100 flushes]
fastpath-timing block @flush=3500: dpmi_ms_avg=0.092 (min=0.016 max=7.549) copy_ms_avg=4.464 (min=4.405 max=9.028) post_ms_avg=0.129 (min=0.024 max=10.526) total_ms_avg=4.686 (min=4.447 max=27.104) [over 100 flushes]
audio: SDL/0092 FlushRingSilence -- ring+DMA zeroed (silence_frames_flushed=4608 = ring_frames=4096 + dma_frames=512; ring_bytes=4096 dma_bytes=512; pixtone_quiesced=6) ring+DMA silence quiesce
audio: SDL/0073 rate-meas: irqs=0 elapsed_ms=127742 irq_hz=0 hw_frame_rate=0
[lifecycle] UpdateWindowFramebuffer #3600: window=86aa20 direct_fb=1 vram_ptr=77c00000 surface=83c590 lfb_surface=0 fb_size=307200 vram_w=640 vram_h=480 window->surface=8b7450 window->surface_valid=1
DOSVESA-FB-CALL #3600: guard=1 numrects=1 src[0..15]= 00 00 00 00 00 00 00 00 00 00 00 00 00 00 00 00
DOSVESA-FB-VRAM  00 00 00 00 00 00 00 00 00 00 00 00 00 00 00 00
WAVE16-FB-FLUSH-AUDIT @flush=3600: switches/flush avg=0.00 (min=0 max=0) bytes/flush avg=0 (min=0 max=0) fb_size=307200 win_size=0 win_gran=0 multibank=0 [over 100 flushes]
fastpath-timing block @flush=3600: dpmi_ms_avg=0.081 (min=0.016 max=6.499) copy_ms_avg=4.486 (min=4.402 max=10.657) post_ms_avg=0.118 (min=0.024 max=9.474) total_ms_avg=4.688 (min=4.445 max=26.631) [over 100 flushes]
[lifecycle] UpdateWindowFramebuffer #3700: window=86aa20 direct_fb=1 vram_ptr=77c00000 surface=83c590 lfb_surface=0 fb_size=307200 vram_w=640 vram_h=480 window->surface=8b7450 window->surface_valid=1
DOSVESA-FB-CALL #3700: guard=1 numrects=1 src[0..15]= 00 00 00 00 00 00 00 00 00 00 00 00 00 00 00 00
DOSVESA-FB-VRAM  00 00 00 00 00 00 00 00 00 00 00 00 00 00 00 00
WAVE16-FB-FLUSH-AUDIT @flush=3700: switches/flush avg=0.00 (min=0 max=0) bytes/flush avg=0 (min=0 max=0) fb_size=307200 win_size=0 win_gran=0 multibank=0 [over 100 flushes]
fastpath-timing block @flush=3700: dpmi_ms_avg=0.069 (min=0.016 max=5.220) copy_ms_avg=4.473 (min=4.403 max=10.145) post_ms_avg=0.136 (min=0.024 max=11.234) total_ms_avg=4.679 (min=4.446 max=26.601) [over 100 flushes]
audio: SDL/0073 rate-meas: irqs=0 elapsed_ms=78357 irq_hz=0 hw_frame_rate=0
audio: SDL/0092 FlushRingSilence -- ring+DMA zeroed (silence_frames_flushed=4608 = ring_frames=4096 + dma_frames=512; ring_bytes=4096 dma_bytes=512; pixtone_quiesced=5) ring+DMA silence quiesce
[lifecycle] UpdateWindowFramebuffer #3800: window=86aa20 direct_fb=1 vram_ptr=77c00000 surface=83c590 lfb_surface=0 fb_size=307200 vram_w=640 vram_h=480 window->surface=8b7450 window->surface_valid=1
DOSVESA-FB-CALL #3800: guard=1 numrects=1 src[0..15]= 00 00 00 00 00 00 00 00 00 00 00 00 00 00 00 00
DOSVESA-FB-VRAM  00 00 00 00 00 00 00 00 00 00 00 00 00 00 00 00
WAVE16-FB-FLUSH-AUDIT @flush=3800: switches/flush avg=0.00 (min=0 max=0) bytes/flush avg=0 (min=0 max=0) fb_size=307200 win_size=0 win_gran=0 multibank=0 [over 100 flushes]
fastpath-timing block @flush=3800: dpmi_ms_avg=0.068 (min=0.016 max=5.198) copy_ms_avg=4.471 (min=4.402 max=9.201) post_ms_avg=0.137 (min=0.024 max=11.193) total_ms_avg=4.679 (min=4.444 max=25.593) [over 100 flushes]
[lifecycle] UpdateWindowFramebuffer #3900: window=86aa20 direct_fb=1 vram_ptr=77c00000 surface=83c590 lfb_surface=0 fb_size=307200 vram_w=640 vram_h=480 window->surface=8b7450 window->surface_valid=1
DOSVESA-FB-CALL #3900: guard=1 numrects=1 src[0..15]= 00 00 00 00 00 00 00 00 00 00 00 00 00 00 00 00
DOSVESA-FB-VRAM  00 00 00 00 00 00 00 00 00 00 00 00 00 00 00 00
WAVE16-FB-FLUSH-AUDIT @flush=3900: switches/flush avg=0.00 (min=0 max=0) bytes/flush avg=0 (min=0 max=0) fb_size=307200 win_size=0 win_gran=0 multibank=0 [over 100 flushes]
fastpath-timing block @flush=3900: dpmi_ms_avg=0.082 (min=0.016 max=6.524) copy_ms_avg=4.469 (min=4.405 max=9.200) post_ms_avg=0.118 (min=0.024 max=9.407) total_ms_avg=4.671 (min=4.448 max=25.132) [over 100 flushes]
audio: SDL/0073 rate-meas: irqs=0 elapsed_ms=138319 irq_hz=0 hw_frame_rate=0
[lifecycle] GetWindowSurface (cached) #4000: window=86aa20 existing=8b7450
[lifecycle] UpdateWindowFramebuffer #4000: window=86aa20 direct_fb=1 vram_ptr=77c00000 surface=83c590 lfb_surface=0 fb_size=307200 vram_w=640 vram_h=480 window->surface=8b7450 window->surface_valid=1
DOSVESA-FB-CALL #4000: guard=1 numrects=1 src[0..15]= 00 00 00 00 00 00 00 00 00 00 00 00 00 00 00 00
DOSVESA-FB-VRAM  00 00 00 00 00 00 00 00 00 00 00 00 00 00 00 00
WAVE16-FB-FLUSH-AUDIT @flush=4000: switches/flush avg=0.00 (min=0 max=0) bytes/flush avg=0 (min=0 max=0) fb_size=307200 win_size=0 win_gran=0 multibank=0 [over 100 flushes]
fastpath-timing block @flush=4000: dpmi_ms_avg=0.063 (min=0.016 max=4.698) copy_ms_avg=4.478 (min=4.405 max=9.198) post_ms_avg=0.135 (min=0.024 max=11.182) total_ms_avg=4.679 (min=4.447 max=25.080) [over 100 flushes]
[lifecycle] UpdateWindowFramebuffer #4100: window=86aa20 direct_fb=1 vram_ptr=77c00000 surface=83c590 lfb_surface=0 fb_size=307200 vram_w=640 vram_h=480 window->surface=8b7450 window->surface_valid=1
DOSVESA-FB-CALL #4100: guard=1 numrects=1 src[0..15]= 00 00 00 00 00 00 00 00 00 00 00 00 00 00 00 00
DOSVESA-FB-VRAM  00 00 00 00 00 00 00 00 00 00 00 00 00 00 00 00
WAVE16-FB-FLUSH-AUDIT @flush=4100: switches/flush avg=0.00 (min=0 max=0) bytes/flush avg=0 (min=0 max=0) fb_size=307200 win_size=0 win_gran=0 multibank=0 [over 100 flushes]
fastpath-timing block @flush=4100: dpmi_ms_avg=0.098 (min=0.016 max=8.173) copy_ms_avg=4.474 (min=4.405 max=9.201) post_ms_avg=0.118 (min=0.024 max=9.434) total_ms_avg=4.692 (min=4.446 max=26.809) [over 100 flushes]
audio: SDL/0073 rate-meas: irqs=0 elapsed_ms=44958 irq_hz=0 hw_frame_rate=0
[lifecycle] UpdateWindowFramebuffer #4200: window=86aa20 direct_fb=1 vram_ptr=77c00000 surface=83c590 lfb_surface=0 fb_size=307200 vram_w=640 vram_h=480 window->surface=8b7450 window->surface_valid=1
DOSVESA-FB-CALL #4200: guard=1 numrects=1 src[0..15]= 00 00 00 00 00 00 00 00 00 00 00 00 00 00 00 00
DOSVESA-FB-VRAM  00 00 00 00 00 00 00 00 00 00 00 00 00 00 00 00
WAVE16-FB-FLUSH-AUDIT @flush=4200: switches/flush avg=0.00 (min=0 max=0) bytes/flush avg=0 (min=0 max=0) fb_size=307200 win_size=0 win_gran=0 multibank=0 [over 100 flushes]
fastpath-timing block @flush=4200: dpmi_ms_avg=0.080 (min=0.016 max=6.393) copy_ms_avg=4.511 (min=4.404 max=13.177) post_ms_avg=0.131 (min=0.024 max=10.758) total_ms_avg=4.725 (min=4.446 max=30.329) [over 100 flushes]
audio: SDL/0092 FlushRingSilence -- ring+DMA zeroed (silence_frames_flushed=4608 = ring_frames=4096 + dma_frames=512; ring_bytes=4096 dma_bytes=512; pixtone_quiesced=6) ring+DMA silence quiesce
[lifecycle] UpdateWindowFramebuffer #4300: window=86aa20 direct_fb=1 vram_ptr=77c00000 surface=83c590 lfb_surface=0 fb_size=307200 vram_w=640 vram_h=480 window->surface=8b7450 window->surface_valid=1
DOSVESA-FB-CALL #4300: guard=1 numrects=1 src[0..15]= 00 00 00 00 00 00 00 00 00 00 00 00 00 00 00 00
DOSVESA-FB-VRAM  00 00 00 00 00 00 00 00 00 00 00 00 00 00 00 00
WAVE16-FB-FLUSH-AUDIT @flush=4300: switches/flush avg=0.00 (min=0 max=0) bytes/flush avg=0 (min=0 max=0) fb_size=307200 win_size=0 win_gran=0 multibank=0 [over 100 flushes]
fastpath-timing block @flush=4300: dpmi_ms_avg=0.084 (min=0.015 max=6.831) copy_ms_avg=4.470 (min=4.401 max=9.269) post_ms_avg=0.145 (min=0.023 max=12.180) total_ms_avg=4.702 (min=4.445 max=28.280) [over 100 flushes]
audio: SDL/0073 rate-meas: irqs=0 elapsed_ms=116007 irq_hz=0 hw_frame_rate=0
[lifecycle] UpdateWindowFramebuffer #4400: window=86aa20 direct_fb=1 vram_ptr=77c00000 surface=83c590 lfb_surface=0 fb_size=307200 vram_w=640 vram_h=480 window->surface=8b7450 window->surface_valid=1
DOSVESA-FB-CALL #4400: guard=1 numrects=1 src[0..15]= 00 00 00 00 00 00 00 00 00 00 00 00 00 00 00 00
DOSVESA-FB-VRAM  00 00 00 00 00 00 00 00 00 00 00 00 00 00 00 00
WAVE16-FB-FLUSH-AUDIT @flush=4400: switches/flush avg=0.00 (min=0 max=0) bytes/flush avg=0 (min=0 max=0) fb_size=307200 win_size=0 win_gran=0 multibank=0 [over 100 flushes]
fastpath-timing block @flush=4400: dpmi_ms_avg=0.092 (min=0.016 max=7.545) copy_ms_avg=4.465 (min=4.404 max=9.041) post_ms_avg=0.146 (min=0.024 max=12.182) total_ms_avg=4.705 (min=4.446 max=28.769) [over 100 flushes]
[lifecycle] UpdateWindowFramebuffer #4500: window=86aa20 direct_fb=1 vram_ptr=77c00000 surface=83c590 lfb_surface=0 fb_size=307200 vram_w=640 vram_h=480 window->surface=8b7450 window->surface_valid=1
DOSVESA-FB-CALL #4500: guard=1 numrects=1 src[0..15]= 00 00 00 00 00 00 00 00 00 00 00 00 00 00 00 00
DOSVESA-FB-VRAM  00 00 00 00 00 00 00 00 00 00 00 00 00 00 00 00
WAVE16-FB-FLUSH-AUDIT @flush=4500: switches/flush avg=0.00 (min=0 max=0) bytes/flush avg=0 (min=0 max=0) fb_size=307200 win_size=0 win_gran=0 multibank=0 [over 100 flushes]
fastpath-timing block @flush=4500: dpmi_ms_avg=0.064 (min=0.016 max=4.596) copy_ms_avg=4.494 (min=4.402 max=11.647) post_ms_avg=0.114 (min=0.024 max=9.013) total_ms_avg=4.674 (min=4.443 max=25.258) [over 100 flushes]
audio: SDL/0092 FlushRingSilence -- ring+DMA zeroed (silence_frames_flushed=4608 = ring_frames=4096 + dma_frames=512; ring_bytes=4096 dma_bytes=512; pixtone_quiesced=5) ring+DMA silence quiesce
audio: SDL/0073 rate-meas: irqs=0 elapsed_ms=115820 irq_hz=0 hw_frame_rate=0
[lifecycle] UpdateWindowFramebuffer #4600: window=86aa20 direct_fb=1 vram_ptr=77c00000 surface=83c590 lfb_surface=0 fb_size=307200 vram_w=640 vram_h=480 window->surface=8b7450 window->surface_valid=1
DOSVESA-FB-CALL #4600: guard=1 numrects=1 src[0..15]= 00 00 00 00 00 00 00 00 00 00 00 00 00 00 00 00
DOSVESA-FB-VRAM  00 00 00 00 00 00 00 00 00 00 00 00 00 00 00 00
WAVE16-FB-FLUSH-AUDIT @flush=4600: switches/flush avg=0.00 (min=0 max=0) bytes/flush avg=0 (min=0 max=0) fb_size=307200 win_size=0 win_gran=0 multibank=0 [over 100 flushes]
fastpath-timing block @flush=4600: dpmi_ms_avg=0.078 (min=0.016 max=6.136) copy_ms_avg=4.491 (min=4.405 max=10.969) post_ms_avg=0.134 (min=0.024 max=10.978) total_ms_avg=4.704 (min=4.447 max=28.084) [over 100 flushes]
[lifecycle] UpdateWindowFramebuffer #4700: window=86aa20 direct_fb=1 vram_ptr=77c00000 surface=83c590 lfb_surface=0 fb_size=307200 vram_w=640 vram_h=480 window->surface=8b7450 window->surface_valid=1
DOSVESA-FB-CALL #4700: guard=1 numrects=1 src[0..15]= 00 00 00 00 00 00 00 00 00 00 00 00 00 00 00 00
DOSVESA-FB-VRAM  00 00 00 00 00 00 00 00 00 00 00 00 00 00 00 00
WAVE16-FB-FLUSH-AUDIT @flush=4700: switches/flush avg=0.00 (min=0 max=0) bytes/flush avg=0 (min=0 max=0) fb_size=307200 win_size=0 win_gran=0 multibank=0 [over 100 flushes]
fastpath-timing block @flush=4700: dpmi_ms_avg=2.230 (min=0.016 max=221.381) copy_ms_avg=4.469 (min=4.405 max=9.203) post_ms_avg=0.136 (min=0.024 max=11.193) total_ms_avg=6.836 (min=4.447 max=241.778) [over 100 flushes]
audio: SDL/0073 rate-meas: irqs=0 elapsed_ms=54963 irq_hz=0 hw_frame_rate=0
[lifecycle] UpdateWindowFramebuffer #4800: window=86aa20 direct_fb=1 vram_ptr=77c00000 surface=83c590 lfb_surface=0 fb_size=307200 vram_w=640 vram_h=480 window->surface=8b7450 window->surface_valid=1
DOSVESA-FB-CALL #4800: guard=1 numrects=1 src[0..15]= 00 00 00 00 00 00 00 00 00 00 00 00 00 00 00 00
DOSVESA-FB-VRAM  00 00 00 00 00 00 00 00 00 00 00 00 00 00 00 00
WAVE16-FB-FLUSH-AUDIT @flush=4800: switches/flush avg=0.00 (min=0 max=0) bytes/flush avg=0 (min=0 max=0) fb_size=307200 win_size=0 win_gran=0 multibank=0 [over 100 flushes]
fastpath-timing block @flush=4800: dpmi_ms_avg=0.064 (min=0.016 max=4.756) copy_ms_avg=4.491 (min=4.405 max=10.939) post_ms_avg=0.118 (min=0.024 max=9.454) total_ms_avg=4.675 (min=4.446 max=25.150) [over 100 flushes]
[lifecycle] UpdateWindowFramebuffer #4900: window=86aa20 direct_fb=1 vram_ptr=77c00000 surface=83c590 lfb_surface=0 fb_size=307200 vram_w=640 vram_h=480 window->surface=8b7450 window->surface_valid=1
DOSVESA-FB-CALL #4900: guard=1 numrects=1 src[0..15]= 00 00 00 00 00 00 00 00 00 00 00 00 00 00 00 00
DOSVESA-FB-VRAM  00 00 00 00 00 00 00 00 00 00 00 00 00 00 00 00
WAVE16-FB-FLUSH-AUDIT @flush=4900: switches/flush avg=0.00 (min=0 max=0) bytes/flush avg=0 (min=0 max=0) fb_size=307200 win_size=0 win_gran=0 multibank=0 [over 100 flushes]
fastpath-timing block @flush=4900: dpmi_ms_avg=0.063 (min=0.016 max=4.692) copy_ms_avg=4.476 (min=4.405 max=9.453) post_ms_avg=0.136 (min=0.024 max=11.176) total_ms_avg=4.677 (min=4.447 max=25.322) [over 100 flushes]
audio: SDL/0073 rate-meas: irqs=0 elapsed_ms=53211 irq_hz=0 hw_frame_rate=0
[lifecycle] GetWindowSurface (cached) #5000: window=86aa20 existing=8b7450
[lifecycle] UpdateWindowFramebuffer #5000: window=86aa20 direct_fb=1 vram_ptr=77c00000 surface=83c590 lfb_surface=0 fb_size=307200 vram_w=640 vram_h=480 window->surface=8b7450 window->surface_valid=1
DOSVESA-FB-CALL #5000: guard=1 numrects=1 src[0..15]= 00 00 00 00 00 00 00 00 00 00 00 00 00 00 00 00
DOSVESA-FB-VRAM  00 00 00 00 00 00 00 00 00 00 00 00 00 00 00 00
WAVE16-FB-FLUSH-AUDIT @flush=5000: switches/flush avg=0.00 (min=0 max=0) bytes/flush avg=0 (min=0 max=0) fb_size=307200 win_size=0 win_gran=0 multibank=0 [over 100 flushes]
fastpath-timing block @flush=5000: dpmi_ms_avg=0.083 (min=0.016 max=6.621) copy_ms_avg=4.472 (min=4.403 max=9.191) post_ms_avg=0.118 (min=0.024 max=9.446) total_ms_avg=4.674 (min=4.446 max=25.259) [over 100 flushes]
engine-shutdown[1/8]: pre-game.tsc->Close
engine-shutdown[2/8]: pre-game.close
engine-shutdown[3/8]: pre-Carets::close
engine-shutdown[4/8]: pre-input_close
engine-shutdown[5/8]: pre-textbox.Deinit
engine-shutdown[6/8]: pre-SoundManager::shutdown
snd-shutdown[-1/6]: SDL_DOSOplTimerPumpStop (restore PIT ch0; no-op off the AdLib path)
snd-shutdown[0/6]: pre-MidiScheduler::silence_for_shutdown
snd-shutdown[1/6]: pre-MidiScheduler::shutdown
audio: SDL/0079 TL=0x3F sweep applied (18 voices x 2 ops, max attenuation -48 dB) on OPL3 chip-state teardown -- wub-wub fix part B engaged
snd-shutdown[2/6]: pre-Organya::shutdown
snd-shutdown[3/6]: pre-Pixtone::shutdown
snd-shutdown[3.5/6]: SDL_DOSAudioBeginShutdown (flips SDL/0050 quiescence gate disable; avoids device->lock contention freeze)
audio: SDL_DOSAudioBeginShutdown -- gate disabled for shutdown lock-handoff (engine pre-empted SDL/0050 GetDeviceBuf quiescence walk before MIX_DestroyMixer)
audio: SDL/0066 hard-park ENGAGED -- DOSSOUNDBLASTER_WaitDevice will SDL_Delay-loop outside device->lock until device->shutdown is set, removing the audio-thread race with main's SDL_DestroyAudioStream(output_stream) teardown
snd-shutdown[4/6]: pre-MIX_DestroyMixer (conditional on _mixer)
mix-destroy[1]: pre-MIX_StopAllTracks
mix-destroy[2]: pre-track-destroy-loop
mix-destroy[3]: pre-group-destroy-loop
mix-destroy[3.group]: pre-MIX_DestroyGroup (Nth line == Nth group)
mix-destroy[4]: pre-SDL_RemoveEventWatch
mix-destroy[5]: pre-SDL_DestroyAudioStream(output_stream)
adstream-destroy[1]: pre-SDL_DestroyProperties
adstream-destroy[2]: pre-OnAudioStreamDestroy
adstream-destroy[3]: pre-SDL_CloseAudioDevice (simplified-stream device close)
adstream-destroy[4]: SDL_CloseAudioDevice pre-ObtainLogicalAudioDevice
adstream-destroy[5]: pre-DestroyLogicalAudioDevice
adstream-destroy[6]: pre-ClosePhysicalAudioDevice
adstream-destroy[7]: ClosePhysicalAudioDevice pre-SerializePhysicalDeviceClose
adstream-destroy[8]: pre-set-device-shutdown=1
adstream-destroy[9]: pre-SDL_WaitThread (audio playback-thread join)
adstream-destroy[10]: pre-impl.CloseDevice (DOSSOUNDBLASTER_CloseDevice)
audio: SDL/0106 CloseDevice: total IRQ-5 fires this run = 0 (0 == DMA-IRQ never armed; the pumps never ran)
audio: SDL/0106 CloseDevice WB/MPU witness: mpu_write_count=0 drr_poll_cap_hits=0
audio close: pre-disable-pcm (was_force_paused=0)
audio close: post-disable-pcm
audio close: pre-irq-unhook
audio close: post-irq-unhook
audio close: pre-dma-mask
audio close: post-dma-mask
adstream-destroy[11]: device close returned; pre-stream-free (HANG CLEARED if this logs)
mix-destroy[6]: pre-SDL_DestroyProperties
mix-destroy[7]: pre-SDL_QuitSubSystem(AUDIO)
mix-destroy[8]: post-QuitSubSystem; MIX_DestroyMixer body complete
snd-shutdown[5/6]: pre-MIX_Quit
snd-shutdown[6/6]: post-MIX_Quit; SoundManager::shutdown body complete; returning to engine-shutdown[7/8]
engine-shutdown[7/8]: pre-Renderer::close
[lifecycle] CheckWindowPixelSizeChanged: window=86aa20 got 640x480 (last_pixel=640x480) -> no-op (sizes match) event
engine-shutdown[8/8]: pre-SDL_Quit
adstream-destroy[7]: ClosePhysicalAudioDevice pre-SerializePhysicalDeviceClose
adstream-destroy[8]: pre-set-device-shutdown=1
engine-shutdown[final]: post-SDL_Quit; engine teardown complete; control returning to main()
