Logger::init: wave-53 log level=INFO path='LOGS/P22A.LOG'
[17:02:53] [info] config: loaded DOSKUTSU.CFG (20 keys)
[17:02:53] [warn] config: AUDIO_BACKEND=opl3 (DOSKUTSU.CFG) OVERRIDDEN by env SDL_HINT_DOSKUTSU_AUDIO_BACKEND=adlib -- the environment beats the config file by design (env > file > default), so SETUP's value is NOT in effect. Clear the stale value with `SET SDL_HINT_DOSKUTSU_AUDIO_BACKEND=` (empty) and relaunch if you meant the saved setting to apply.
[17:02:53] [info] tas: auto-exit armed at tick 3000 via DOSKUTSU_TAS_AUTO_EXIT_TICK
[17:02:53] [info] tas: replay opened path='PLAY.TAS' header_seed=0
[17:02:53] [info] AUDIO_BACKEND=adlib -- omitting SDL_INIT_AUDIO (no Sound Blaster on a native-AdLib config; the OPL chip is driven by direct port I/O + the PIT/IRQ-0 music pump). SoundManager::init() STILL RUNS (unlike AUDIO_OFF) to bring up the OPL2 backend. MUSIC ONLY -- no PCM SFX on a DAC-less AdLib card.
[17:02:53] [info] data cache: DISABLED (default)
[17:02:53] [info] Joystick: skipped (default; set DOSKUTSU_USE_JOYSTICK=1 to enable -- skips SDL3-DOS gameport BIOS INT 15h polling, ~82 ms / flip on real HW)
[17:02:53] [info] Loading settings...
[17:02:53] [error] Couldn't open file settings.dat.
[17:02:53] [info] No saved settings; using defaults.
[17:02:53] [info] [input-bind] applied=0 invert_y=0 dos_axes=1
[17:02:53] [info] Renderer::initVideo: 8bpp mode requested via SDL_HINT_DOS_MAX_BPP=8 (wave 16); SDL3-DOS will pick the highest-bpp <= 8 mode at requested resolution
[17:02:53] [info] Renderer::initVideo: DOS resolution-label lock ENABLED (default)
[17:02:53] [info] Renderer::initVideo: using: software renderer
[17:02:55] [info] Renderer::initVideo: dirty-rect tracking ENABLED (wave 15, default ON; set SDL_HINT_DOSKUTSU_DIRTY_RECTS=0 to disable)
[17:02:55] [info] Renderer::initVideo: ablation flags: NO_DC_TIMING=0 CACHE_WINSURF=0 NO_INPUT_POLL=0 DIRECT_VESA=1
[17:02:55] [info] Renderer::initVideo: direct-VESA hot path ENABLED (default since wave 20 patch 0088; bypasses SDL_RenderPresent / SDL_UpdateWindowSurface and writes via SDL/0034's PresentFull helper; R2 mitigation handled by SDL/0034 generation counter -- no per-N-flip heartbeat needed; set SDL_HINT_DOSKUTSU_DIRECT_VESA=0 to revert)
[17:02:55] [info] Renderer::initVideo: flip-phase instrumentation DISABLED (default; set SDL_HINT_DOSKUTSU_FLIP_INSTR=1 to opt in for wave-20 Lever A diagnostic)
[17:02:55] [info] Renderer::initVideo: asm opaque-span blit lever DISABLED (default; set SDL_HINT_DOSKUTSU_ASM_BLIT=1 to opt in -- wave-51 _blit_indexed colorkey-blit lever)
[17:02:55] [info] Renderer::initVideo: blit-decomp instrumentation DISABLED (default; set SDL_HINT_DOSKUTSU_BLIT_DECOMP=1 to opt in -- wave-51 _blit_indexed sub-decomp sizing)
[17:02:55] [info] Renderer::initVideo: mds-scroll-decomp instrumentation DISABLED (default; set SDL_HINT_DOSKUTSU_MDS_DECOMP=1 to opt in -- wave-52 mode_draw_scene scrolling-block decomp)
[17:02:55] [info] Renderer::initVideo: DOSVESA pump yield: skipped (default) (per-flip explicit SDL_Delay(0) yield is always on; set SDL_HINT_DOSKUTSU_FORCE_PUMP_YIELD=1 to restore old per-pump yield)
[17:02:55] [info] Renderer::initVideo: indexed-mode (8bpp) ENABLED -- master palette + 107 per-asset remap LUTs loaded (wave 16, default ON; set SDL_HINT_DOSKUTSU_PIXEL_FORMAT_8=0 to disable)
[17:02:55] [info] Renderer::initVideo: master palette attached to window surface (format=SDL_PIXELFORMAT_INDEX8, ncolors=256)
[17:02:55] [info] Renderer::initVideo: indexed-mode smoke: idx0=(0,0,0) OK idx255=(255,0,255) OK
[17:02:55] [info] Renderer::initVideo: indexed-mode smoke: paletteRemapFor('MyChar.pbm') = present
[17:02:55] [info] Surface::loadImage palmap-diag #1: 'data/Loading.pbm' fmt=SDL_PIXELFORMAT_ABGR8888 remap=HIT -> path=truecolor
[17:02:55] [info] Renderer: prev-frame diff DISABLED (default since wave 17.6; set SDL_HINT_DOSKUTSU_PREVFRAME_DIFF=1 to opt in)
[17:02:55] [info] flip-probe: renderer=software window_ptr=8697560 colorspace=301991328 window_size=320x240 framebuffer_pixels=320x240 logical_present=320x240 mode=2
[17:02:55] [info] flip-probe: first flip ok=true present=7ms inter_flip_ms=0 drawcalls-since-flip=1 drawcalls-total=1
[17:02:55] [info] Sound system init
[17:02:55] [info] Sound system: AdLib (OPL2) path -- AUDIO_BACKEND=adlib. Skipping SB16 + SDL_mixer bring-up (no SDL_INIT_AUDIO); music via native OPL2 FM on the PIT/IRQ-0 pump. MUSIC ONLY: a DAC-less AdLib card has no PCM SFX. See docs/internal/ADLIB-NATIVE-DESIGN.md.
[17:02:55] [info] Sound system: AdLib PC-speaker SFX beeps -- engine SFX->beep mapping WIRED (patch 0264; SDL owns default-ON killswitch SDL_HINT_DOSKUTSU_PCSPK_SFX=0 to disable). See docs/internal/ADLIB-PCSPK-SFX-DESIGN.md.
[17:02:55] [info] Sound system: 4-state audio enable (#31) -- music=on sfx=on (MUSIC_OFF/AUDIO_BACKEND=none -> music-off; SFX_OFF/SFX_DEVICE=none -> sfx-off; both gates are dispatch-level, the device still opens; AUDIO_OFF=1 is the device-level both-off).
[17:02:55] [info] Sound system: Tier-2 audio config (default since wave 21 patch 0093; 11025 Hz, 1 channel, buffer pinned to 256 frames). Measured savings on g2k Pentium OverDrive 83 MHz (W21A): heavy-music scenes ~+11 fps vs Tier-1 baseline (measured -10 to -15 ms/flip post-0094 audio fix; W21A's pre-fix -26.6 ms figure was inflated by stereo-vs-mono playback bug, see patch 0094). Audio quality is reduced vs Tier-1 (mono, 11025 Hz, simple-average L+R downmix) but recognizable; user accepted the trade per direction 2026-05-05. Set SDL_HINT_DOSKUTSU_AUDIO_TIER2=0 to revert to Tier-1 22050 stereo (full Cave Story 2004 audio quality; trades fps for fidelity).
[17:02:55] [info] Sound system: SDL_HINT_AUDIO_DEVICE_SAMPLE_FRAMES=256
[17:02:55] [info] Pixtone IRQ rate-divider: handed master_rate=11025 int16/s (SAMPLE_RATE=11025 x AUDIO_CHANNELS=1) to SDL for auto-RATEDIV (SDL/0074 computes shift_div from the resolved device freq).
[17:02:55] [info] Sound system: device frame-rate: requesting 11025 Hz match to master (SDL_DOSAudioSetDeviceFrameRate; SB16 opens at the engine frame rate instead of SDL's 44100 floor -- 4x less PCM/s + no resampler on the Organya/Pixtone path; killswitch SDL_HINT_DOSKUTSU_DOS_AUDIO_DEVICE_RATE_DEFAULT=0).
[17:02:55] [info] audio backend: adlib (Campaign 2 -- native OPL2 FM synthesis on a no-Sound-Blaster card; 9-voice single-bank allocator; music clock = PIT/IRQ-0 OPL pump, NOT SB IRQ-5). MUSIC ONLY -- no PCM SFX on a DAC-less AdLib card. SoundManager::init probes OPL2 at 0x388 via the Adlib timer-1 sequence; if absent, music is silent (the game still runs). Reuses data/opl3bank.dat (DMXOPL GM bank).
[17:02:55] [info] Sound system: AdLib path -- no SB16 mixer (music via the PIT pump; SFX disabled on this no-SB out-of-band path).
[17:02:55] [info] wave-13.6.1: ring_chunks=16 FORCE_PUMP_YIELD=off (set SDL_HINT_DOSKUTSU_AUDIO_RING_CHUNKS=4|8|16 to override; default 16 matches wave 13.6 behaviour)
[17:02:55] [info] MidiScheduler: MIDI source = 'orgmid2' (native-GM org2mid set; resolves to data/orgmid2/<name>.mid).
[17:02:55] [info] opl2 backend probing for OPL chip (Adlib timer-1 sequence on 0x388)...
[17:02:55] [info] opl2 backend: opl3bank.dat loaded 128 programs from 'data/opl3bank.dat' (1536 bytes). OPL2 ignores the SBI panning nibble; programs >= 128 fall back to the 8-patch family bucket; drum channel uses PATCH_DRUM.
[17:02:55] [info] opl2 backend ready (OPL2 detected; 9-voice single-bank allocator armed; bank=runtime opl3bank.dat ACTIVE; clock = PIT/IRQ-0 OPL music pump, NOT SB IRQ-5; MUSIC ONLY -- no PCM SFX on a DAC-less AdLib card).
[17:02:55] [info] Sound system: MidiScheduler armed with MidiBackendOpl2 (Campaign 2 AdLib -- native OPL2 FM, 9-voice single bank). Music dispatch routes via SMF parser + OPL2 voice allocator; the clock is the PIT/IRQ-0 OPL pump (SDL/0110), NOT the SB IRQ-5. MUSIC ONLY -- no Pixtone PCM SFX on a DAC-less card.
[17:02:55] [info] Sound system: idle-pause skipped (backend=adlib does not qualify; only opl3 supports idle-pause per patch 0115; default OFF since patch 0119 regardless of backend).
[17:02:55] [warn] Music dir Ogg/ doesn't exist
[17:02:55] [warn] Music dir Ogg11/ doesn't exist
[17:02:55] [warn] Music dir Ogg17/ doesn't exist
[17:02:55] [warn] Music dir Ogg_ridic/ doesn't exist
[17:02:55] [info] Sound system: AdLib path -- skipping Pixtone/SFX/Organya/mixer init (no SDL audio device; MUSIC ONLY -- a DAC-less AdLib card has no PCM SFX). No MIX_CreateTrack / SFX-render attempts; runtime SFX calls no-op.
[17:02:55] [info] adlib: music pump STARTED at 120 Hz (PIT ch0 / IRQ-0 drives MidiScheduler::tick_isr; BIOS 18.2 Hz tick chained; restored on exit). This is the music clock on a no-SB card.
[17:02:55] [info] menu slide-in fixed-timestep: ENABLED (default; slide advances at 50 Hz logic rate)
[17:02:55] [info] Reading npc.tbl...
[17:02:55] [info] Loading tilekey.dat.
[17:02:55] [info] Script engine init.
[17:02:55] [info] Entering main loop...
[17:02:55] [info] audio mid-gap pump: DISABLED (default)
[17:02:55] [info] TAS fixed-timestep guard: ENABLED (default) (patch 0280; load_stage wall-clock kept out of the FT accumulator so TAS replay advances at a true 50 Hz; set SDL_HINT_DOSKUTSU_TAS_FT_GUARD=0 to disable)
[17:02:55] [info] load_stage ring+DMA silence flush: ENABLED (default) (set SDL_HINT_DOSKUTSU_LOADSTAGE_SILENCE=0 to disable)
[17:02:55] [info] load-band audio-underrun probe: DISABLED (default) (opt-in SDL_HINT_DOSKUTSU_LOADBAND_STAT=1)
[17:02:55] [info]  >> Entering stage 72: 'u'.
[17:02:55] [info] skip sheet flush: ENABLED (default) (SFXPAUSE-012 SHIPPED FIX; sprite sheets stay resident across caves so no per-cave re-decode -> no fire-frame pause; map_flush_graphics tilemap cache still flushes; set SDL_HINT_DOSKUTSU_SKIP_SHEET_FLUSH=0 to restore the old per-cave flush)
[17:02:55] [info] [skip-sheet-flush] cave=1
[17:02:55] [info] eager action sheets: ENABLED (default) (first-fire hitch fix: pre-loads the weapon bullet + hit/muzzle/trail caret sheets at stage load so the first fire/impact does not lazy-decode mid-gameplay; set SDL_HINT_DOSKUTSU_EAGER_ACTION_SHEETS=0 to restore lazy load)
[17:02:55] [info] Surface::loadImage palmap-diag #2: 'data/Bullet.pbm' fmt=SDL_PIXELFORMAT_ABGR8888 remap=HIT -> path=truecolor
[17:02:55] [info] Surface::loadImage palmap-diag #3: 'data/Arms.pbm' fmt=SDL_PIXELFORMAT_ABGR8888 remap=HIT -> path=truecolor
[17:02:56] [info] Surface::loadImage palmap-diag #4: 'data/Caret.pbm' fmt=SDL_PIXELFORMAT_ABGR8888 remap=HIT -> path=truecolor
[17:02:56] [info] Surface::loadImage palmap-diag #5: 'data/Npc/NpcSym.pbm' fmt=SDL_PIXELFORMAT_ABGR8888 remap=HIT -> path=truecolor
[17:02:56] [info] [eager-action-sheets] cave=1 sheets=4 wall_ms=524
[17:02:56] [info] Surface::loadImage palmap-diag #6: 'data/Stage/PrtWhite.pbm' fmt=SDL_PIXELFORMAT_ABGR8888 remap=HIT -> path=truecolor
[17:02:56] [info] load_stage: entry-music preload ENABLED (default) (set SDL_HINT_DOSKUTSU_PRELOAD_STAGE_MUSIC=0 to disable)
[17:02:56] [info] Surface::loadImage palmap-diag #7: 'data/bk0.pbm' fmt=SDL_PIXELFORMAT_ABGR8888 remap=HIT -> path=truecolor
[17:02:56] [info] gameloop: entered (curmap=72, running=1)
[17:02:56] [info] gameloop: iter 1 ticks=2846 mapno=-1
[17:02:56] [info] fixed-timestep: ENABLED (default; logic 50 Hz, decoupled from render)
[17:02:56] [info] map: BG skip-when-unchanged DISABLED (default) (set SDL_HINT_DOSKUTSU_BG_SKIP_WHEN_UNCHANGED=1 to enable; default OFF since wave-61 -- abandoned, it shipped a backdrop-black flicker and its +0.87 fps was below the noise floor)
[17:02:56] [info] map: skip-redundant-clear lever ENABLED (default since wave-53 promotion)
[17:02:56] [info] perf-mode: level=0 (faithful (default))
[17:02:56] [info] Surface::loadImage palmap-diag #8: 'data/Npc/NpcKings.pbm' fmt=SDL_PIXELFORMAT_ABGR8888 remap=HIT -> path=truecolor
[17:02:56] [info] audio tick-boundary pump: DISABLED (default)
[17:02:56] [info] gameloop: iter 2 ticks=2950 mapno=-1
[17:02:56] [info] gameloop: iter 3 ticks=2970 mapno=-1
[17:02:56] [info] direct-vesa: snapshot @gen=2 use_dosmemput=0 banked_multibank=0 pitches_match=1 vram_w=320 vram_h=240 vram_pitch=320 bpp=1 fb_size=76800 vram_phys=0xe0000000 vram_ptr=0xdfc00000
[17:02:56] [info] flip-probe: flip #10 ok=true present=1ms inter_flip_ms=20 drawcalls-since-flip=6 drawcalls-total=43 fail-total=0 null-skips-total=0
[17:02:56] [info] gameloop: iter 600 ticks=3171 mapno=-1
[17:02:56] [info] flip-probe: flip #20 ok=true present=1ms inter_flip_ms=20 drawcalls-since-flip=4 drawcalls-total=92 fail-total=0 null-skips-total=0
[17:02:56] [info] gameloop: iter 1200 ticks=3351 mapno=-1
[17:02:57] [info] flip-probe: flip #30 ok=true present=1ms inter_flip_ms=40 drawcalls-since-flip=326 drawcalls-total=2707 fail-total=0 null-skips-total=0
[17:02:57] [info] flip-probe: flip #40 ok=true present=0ms inter_flip_ms=36 drawcalls-since-flip=264 drawcalls-total=5837 fail-total=0 null-skips-total=0
[17:02:57] [info] flip-probe: flip #50 ok=true present=1ms inter_flip_ms=21 drawcalls-since-flip=67 drawcalls-total=7392 fail-total=0 null-skips-total=0
[17:02:58] [info] flip-probe: flip #60 ok=true present=1ms inter_flip_ms=19 drawcalls-since-flip=4 drawcalls-total=7502 fail-total=0 null-skips-total=0
[17:02:58] [info] gameloop: iter 1800 ticks=4698 mapno=-1
[17:02:58] [info] flip-probe: flip #70 ok=true present=1ms inter_flip_ms=19 drawcalls-since-flip=6 drawcalls-total=7557 fail-total=0 null-skips-total=0
[17:02:58] [info] flip-probe: flip #80 ok=true present=1ms inter_flip_ms=20 drawcalls-since-flip=4 drawcalls-total=7607 fail-total=0 null-skips-total=0
[17:02:58] [info] gameloop: iter 2400 ticks=5018 mapno=-1
[17:02:58] [info] flip-probe: flip #90 ok=true present=0ms inter_flip_ms=21 drawcalls-since-flip=7 drawcalls-total=7662 fail-total=0 null-skips-total=0
[17:02:58] [info] gameloop: iter 3000 ticks=5318 mapno=-1
[17:02:58] [info] flip-probe: flip #100 ok=true present=1ms inter_flip_ms=19 drawcalls-since-flip=4 drawcalls-total=7712 fail-total=0 null-skips-total=0
[17:02:58] [info] alpha audit block 0: 7712 total drawcalls, 0 with alpha<255 (block pct_x10=0; global 0/7712 pct_x10=0); alpha-mod skipped: block=0 global=0
[17:02:58] [info] fastpath audit block 0: taken=7712 (idx8=7712) skipped=0 pct_x10=1000; global taken=7712 (idx8=7712) skipped=0 pct_x10=1000
[17:02:58] [info] primitive tally block 0: clear=220(hr=220) fill=0(hr=0) rect=0(hr=0) line=0(hr=0) tint=0 spotlight=0 (over 100 flips ending at flip 100)
[17:02:58] [info] phase timing block 0: drawcalls=7932 dc_total_ms=609 flip_inner_total_ms=94 inter_flip_total_ms=3339 (per-flip avg x10: dc_ms=60 fi_ms=9 if_ms=333 derived audio+engine_ms=264; per-drawcall avg us_x10=768) [direct-vesa: presents=97 total_ms=61 avg_ms_x10=6 failed=0] [ablation: NO_DC_TIMING=0 CACHE_WINSURF=0 DIRECT_VESA=1]
[17:02:58] [info] kbd/audio block 0: kbd_irq=0 kbd_drain=0 ring_chunks=16 pump_pass=99 pic1_mask=0xf8 first_irq_ticks=0 install_ticks=0 vector_at_install=0x0083aaf0 pic1_mask_live=0xf8 kbd_8042_stat=0x1c bios_kbd_head=0x001e bios_kbd_tail=0x001e bios_kbd_buf0=0x0000
[17:02:58] [info] audio/engine split block 0: audio_mixer_calls=0 audio_mixer_ms_x10=0 engine_tick_calls=99 engine_tick_ms_x10=227 audio_service_calls=0 audio_service_ms_x10=0 (per-flip avg; per-call us_x10: audio_mix=0 engine_tick=229333 audio_service=0; global ns: audio_mix=0 engine_tick=2270396757 audio_service=0)
[17:02:58] [info] pixtone multi-source probe: DISABLED (default)
[17:02:58] [info] dirty-rect block @flip=100: total_calls=0 dirty_rects_avg=0 dirty_pct_x10=990 forced_full=0 first_n_force=3 threshold_exceeded=2 dirty_path_taken=0 full_flush_taken=3
[17:02:58] [info] prev-frame-diff block @flip=100: diff_calls=0 diff_rects_avg=0 diff_dirty_pct_x10=0 bbox_pct_x10=0 bbox_thresh_exceeded=0
[17:02:59] [info] flip-probe: flip #110 ok=true present=0ms inter_flip_ms=20 drawcalls-since-flip=6 drawcalls-total=7767 fail-total=0 null-skips-total=0
[17:02:59] [info] gameloop: iter 3600 ticks=5669 mapno=-1
[17:02:59] [info] flip-probe: flip #120 ok=true present=1ms inter_flip_ms=20 drawcalls-since-flip=4 drawcalls-total=7817 fail-total=0 null-skips-total=0
[17:02:59] [info] flip-probe: flip #130 ok=true present=0ms inter_flip_ms=20 drawcalls-since-flip=7 drawcalls-total=7872 fail-total=0 null-skips-total=0
[17:02:59] [info] gameloop: iter 4200 ticks=5969 mapno=-1
[17:02:59] [info] flip-probe: flip #140 ok=true present=1ms inter_flip_ms=20 drawcalls-since-flip=4 drawcalls-total=7922 fail-total=0 null-skips-total=0
[17:02:59] [info] gameloop: iter 4800 ticks=6249 mapno=-1
[17:02:59] [info] flip-probe: flip #150 ok=true present=1ms inter_flip_ms=21 drawcalls-since-flip=6 drawcalls-total=7977 fail-total=0 null-skips-total=0
[17:03:00] [info] flip-probe: flip #160 ok=true present=1ms inter_flip_ms=21 drawcalls-since-flip=4 drawcalls-total=8027 fail-total=0 null-skips-total=0
[17:03:00] [info] gameloop: iter 5400 ticks=6612 mapno=-1
[17:03:00] [info] flip-probe: flip #170 ok=true present=0ms inter_flip_ms=21 drawcalls-since-flip=7 drawcalls-total=8082 fail-total=0 null-skips-total=0
[17:03:00] [info] gameloop: iter 6000 ticks=6853 mapno=-1
[17:03:00] [info] flip-probe: flip #180 ok=true present=1ms inter_flip_ms=20 drawcalls-since-flip=4 drawcalls-total=8132 fail-total=0 null-skips-total=0
[17:03:00] [info] gameloop: iter 6600 ticks=7154 mapno=-1
[17:03:00] [info] flip-probe: flip #190 ok=true present=0ms inter_flip_ms=21 drawcalls-since-flip=6 drawcalls-total=8187 fail-total=0 null-skips-total=0
[17:03:01] [info] flip-probe: flip #200 ok=true present=1ms inter_flip_ms=20 drawcalls-since-flip=4 drawcalls-total=8237 fail-total=0 null-skips-total=0
[17:03:01] [info] alpha audit block 0: 525 total drawcalls, 0 with alpha<255 (block pct_x10=0; global 0/8237 pct_x10=0); alpha-mod skipped: block=0 global=0
[17:03:01] [info] fastpath audit block 0: taken=525 (idx8=525) skipped=0 pct_x10=1000; global taken=8237 (idx8=8237) skipped=0 pct_x10=1000
[17:03:01] [info] primitive tally block 0: clear=200(hr=200) fill=0(hr=0) rect=0(hr=0) line=0(hr=0) tint=0 spotlight=0 (over 100 flips ending at flip 200)
[17:03:01] [info] phase timing block 0: drawcalls=725 dc_total_ms=196 flip_inner_total_ms=82 inter_flip_total_ms=2017 (per-flip avg x10: dc_ms=19 fi_ms=8 if_ms=201 derived audio+engine_ms=174; per-drawcall avg us_x10=2708) [direct-vesa: presents=100 total_ms=61 avg_ms_x10=6 failed=0] [ablation: NO_DC_TIMING=0 CACHE_WINSURF=0 DIRECT_VESA=1]
[17:03:01] [info] kbd/audio block 0: kbd_irq=0 kbd_drain=0 ring_chunks=16 pump_pass=199 pic1_mask=0xf8 first_irq_ticks=0 install_ticks=0 vector_at_install=0x0083aaf0 pic1_mask_live=0xf8 kbd_8042_stat=0x1c bios_kbd_head=0x001e bios_kbd_tail=0x001e bios_kbd_buf0=0x0000
[17:03:01] [info] audio/engine split block 0: audio_mixer_calls=0 audio_mixer_ms_x10=0 engine_tick_calls=100 engine_tick_ms_x10=168 audio_service_calls=0 audio_service_ms_x10=0 (per-flip avg; per-call us_x10: audio_mix=0 engine_tick=168192 audio_service=0; global ns: audio_mix=0 engine_tick=3952318183 audio_service=0)
[17:03:01] [info] dirty-rect block @flip=200: total_calls=0 dirty_rects_avg=1 dirty_pct_x10=1000 forced_full=0 first_n_force=0 threshold_exceeded=0 dirty_path_taken=0 full_flush_taken=0
[17:03:01] [info] prev-frame-diff block @flip=200: diff_calls=0 diff_rects_avg=0 diff_dirty_pct_x10=0 bbox_pct_x10=0 bbox_thresh_exceeded=0
[17:03:01] [info] gameloop: iter 7200 ticks=7465 mapno=-1
[17:03:01] [info] flip-probe: flip #210 ok=true present=0ms inter_flip_ms=21 drawcalls-since-flip=7 drawcalls-total=8292 fail-total=0 null-skips-total=0
[17:03:01] [info] gameloop: iter 7800 ticks=7727 mapno=-1
[17:03:01] [info] flip-probe: flip #220 ok=true present=1ms inter_flip_ms=20 drawcalls-since-flip=4 drawcalls-total=8342 fail-total=0 null-skips-total=0
[17:03:01] [info] flip-probe: flip #230 ok=true present=1ms inter_flip_ms=20 drawcalls-since-flip=6 drawcalls-total=8397 fail-total=0 null-skips-total=0
[17:03:01] [info] gameloop: iter 8400 ticks=8067 mapno=-1
[17:03:01] [info] flip-probe: flip #240 ok=true present=1ms inter_flip_ms=20 drawcalls-since-flip=4 drawcalls-total=8447 fail-total=0 null-skips-total=0
[17:03:01] [info] gameloop: iter 9000 ticks=8369 mapno=-1
[17:03:01] [info] flip-probe: flip #250 ok=true present=0ms inter_flip_ms=22 drawcalls-since-flip=7 drawcalls-total=8502 fail-total=0 null-skips-total=0
[17:03:02] [info] flip-probe: flip #260 ok=true present=1ms inter_flip_ms=20 drawcalls-since-flip=4 drawcalls-total=8552 fail-total=0 null-skips-total=0
[17:03:02] [info] gameloop: iter 9600 ticks=8649 mapno=-1
[17:03:02] [info] flip-probe: flip #270 ok=true present=1ms inter_flip_ms=19 drawcalls-since-flip=6 drawcalls-total=8607 fail-total=0 null-skips-total=0
[17:03:02] [info] gameloop: iter 10200 ticks=8949 mapno=-1
[17:03:02] [info] flip-probe: flip #280 ok=true present=1ms inter_flip_ms=20 drawcalls-since-flip=4 drawcalls-total=8657 fail-total=0 null-skips-total=0
[17:03:02] [info] flip-probe: flip #290 ok=true present=0ms inter_flip_ms=21 drawcalls-since-flip=7 drawcalls-total=8712 fail-total=0 null-skips-total=0
[17:03:02] [info] gameloop: iter 10800 ticks=9230 mapno=-1
[17:03:02] [info] flip-probe: flip #300 ok=true present=1ms inter_flip_ms=20 drawcalls-since-flip=4 drawcalls-total=8762 fail-total=0 null-skips-total=0
[17:03:02] [info] alpha audit block 0: 525 total drawcalls, 0 with alpha<255 (block pct_x10=0; global 0/8762 pct_x10=0); alpha-mod skipped: block=0 global=0
[17:03:02] [info] fastpath audit block 0: taken=525 (idx8=525) skipped=0 pct_x10=1000; global taken=8762 (idx8=8762) skipped=0 pct_x10=1000
[17:03:03] [info] primitive tally block 0: clear=200(hr=200) fill=0(hr=0) rect=0(hr=0) line=0(hr=0) tint=0 spotlight=0 (over 100 flips ending at flip 300)
[17:03:03] [info] phase timing block 0: drawcalls=725 dc_total_ms=196 flip_inner_total_ms=81 inter_flip_total_ms=2015 (per-flip avg x10: dc_ms=19 fi_ms=8 if_ms=201 derived audio+engine_ms=174; per-drawcall avg us_x10=2708) [direct-vesa: presents=100 total_ms=61 avg_ms_x10=6 failed=0] [ablation: NO_DC_TIMING=0 CACHE_WINSURF=0 DIRECT_VESA=1]
[17:03:03] [info] kbd/audio block 0: kbd_irq=0 kbd_drain=0 ring_chunks=16 pump_pass=299 pic1_mask=0xf8 first_irq_ticks=0 install_ticks=0 vector_at_install=0x0083aaf0 pic1_mask_live=0xf8 kbd_8042_stat=0x1c bios_kbd_head=0x001e bios_kbd_tail=0x001e bios_kbd_buf0=0x0000
[17:03:03] [info] [tile-speedup-stat n=100 drawtile_us=63.29 raw_blit_us=68.58 ratio=0.92]
[17:03:03] [info] audio/engine split block 0: audio_mixer_calls=0 audio_mixer_ms_x10=0 engine_tick_calls=100 engine_tick_ms_x10=168 audio_service_calls=0 audio_service_ms_x10=0 (per-flip avg; per-call us_x10: audio_mix=0 engine_tick=168221 audio_service=0; global ns: audio_mix=0 engine_tick=5634537129 audio_service=0)
[17:03:03] [info] dirty-rect block @flip=300: total_calls=100 dirty_rects_avg=1 dirty_pct_x10=1000 forced_full=0 first_n_force=0 threshold_exceeded=0 dirty_path_taken=0 full_flush_taken=0
[17:03:03] [info] prev-frame-diff block @flip=300: diff_calls=0 diff_rects_avg=0 diff_dirty_pct_x10=0 bbox_pct_x10=0 bbox_thresh_exceeded=0
[17:03:03] [info] run_tick #300: heartbeat (loop alive)
[17:03:03] [info] gameloop: iter 11400 ticks=9554 mapno=-1
[17:03:03] [info] flip-probe: flip #310 ok=true present=0ms inter_flip_ms=20 drawcalls-since-flip=6 drawcalls-total=8917 fail-total=0 null-skips-total=0
[17:03:03] [info] flip-probe: flip #320 ok=true present=1ms inter_flip_ms=20 drawcalls-since-flip=4 drawcalls-total=8967 fail-total=0 null-skips-total=0
[17:03:03] [info] gameloop: iter 12000 ticks=9835 mapno=-1
[17:03:03] [info] flip-probe: flip #330 ok=true present=0ms inter_flip_ms=21 drawcalls-since-flip=7 drawcalls-total=9022 fail-total=0 null-skips-total=0
[17:03:03] [info] gameloop: iter 12600 ticks=10095 mapno=-1
[17:03:03] [info] flip-probe: flip #340 ok=true present=1ms inter_flip_ms=20 drawcalls-since-flip=4 drawcalls-total=9072 fail-total=0 null-skips-total=0
