DOSVESA-CTRL: VBE 2.0  total_vram=2048_KB  oem_sw_rev=0x0200
DOSVESA-CTRL: oem_string='S3 Incorporated. Trio64'
DOSVESA-CTRL: oem_vendor='DOSBox Development Team'  product='DOSBox - The DOS Emulator'  rev='2'
DOSVESA-CTRL: 53 modes enumerated:
   0x0100 0x0101 0x0102 0x0103 0x0104 0x0105 0x0106 0x0107 0x0108 0x0109 0x010A 0x010B 0x010C 0x010D 0x010E 0x0110
   0x0111 0x0113 0x0114 0x0116 0x0117 0x010F 0x0112 0x0115 0x01F0 0x01F1 0x01F2 0x0151 0x0153 0x015C 0x0159 0x015D
   0x015A 0x0160 0x0161 0x0162 0x0165 0x0136 0x0170 0x0172 0x0175 0x0190 0x0201 0x0202 0x0203 0x0204 0x0205 0x0206
   0x0207 0x0208 0x0209 0x020A 0x0213
cirrus-lfb-aperture-bug: NOT detected (oem='DOSBox Development Team' product='DOSBox - The DOS Emulator' vram=2048KB) -> LFB path remains enabled (reason: no fingerprint match)
DOSVESA-MODELIST: enumerating 53 BIOS-reported modes (lever 0b diagnostic)
  mode 0x0100:  640x400  bpp=8  planes=1 model=4 attrs=0x009B lfb=1 sup=1 gfx=1 color=1 pitch=640 pages=7 win_seg=0xA000 win_size=64KB win_gran=64KB win_attr=0x07 lfb_addr=0xE0000000
  mode 0x0101:  640x480  bpp=8  planes=1 model=4 attrs=0x009B lfb=1 sup=1 gfx=1 color=1 pitch=640 pages=5 win_seg=0xA000 win_size=64KB win_gran=64KB win_attr=0x07 lfb_addr=0xE0000000
  mode 0x0102:  800x600  bpp=4  planes=4 model=3 attrs=0x001B lfb=0 sup=1 gfx=1 color=1 pitch=100 pages=7 win_seg=0xA000 win_size=64KB win_gran=64KB win_attr=0x07 lfb_addr=0x00000000
  mode 0x0103:  800x600  bpp=8  planes=1 model=4 attrs=0x009B lfb=1 sup=1 gfx=1 color=1 pitch=800 pages=3 win_seg=0xA000 win_size=64KB win_gran=64KB win_attr=0x07 lfb_addr=0xE0000000
  mode 0x0104: 1024x768  bpp=4  planes=4 model=3 attrs=0x001B lfb=0 sup=1 gfx=1 color=1 pitch=128 pages=3 win_seg=0xA000 win_size=64KB win_gran=64KB win_attr=0x07 lfb_addr=0x00000000
  mode 0x0105: 1024x768  bpp=8  planes=1 model=4 attrs=0x009B lfb=1 sup=1 gfx=1 color=1 pitch=1024 pages=1 win_seg=0xA000 win_size=64KB win_gran=64KB win_attr=0x07 lfb_addr=0xE0000000
  mode 0x0106: 1280x1024 bpp=4  planes=4 model=3 attrs=0x001B lfb=0 sup=1 gfx=1 color=1 pitch=160 pages=1 win_seg=0xA000 win_size=64KB win_gran=64KB win_attr=0x07 lfb_addr=0x00000000
  mode 0x0107: 1280x1024 bpp=8  planes=1 model=4 attrs=0x009B lfb=1 sup=1 gfx=1 color=1 pitch=1280 pages=0 win_seg=0xA000 win_size=64KB win_gran=64KB win_attr=0x07 lfb_addr=0xE0000000
  mode 0x0108:   80x60   bpp=4  planes=1 model=0 attrs=0x000F lfb=0 sup=1 gfx=0 color=1 pitch=160 pages=31 win_seg=0xB800 win_size=32KB win_gran=32KB win_attr=0x07 lfb_addr=0x00000000
  mode 0x0109:  132x25   bpp=4  planes=1 model=0 attrs=0x000F lfb=0 sup=1 gfx=0 color=1 pitch=264 pages=31 win_seg=0xB800 win_size=32KB win_gran=32KB win_attr=0x07 lfb_addr=0x00000000
  mode 0x010A:  132x43   bpp=4  planes=1 model=0 attrs=0x000F lfb=0 sup=1 gfx=0 color=1 pitch=264 pages=15 win_seg=0xB800 win_size=32KB win_gran=32KB win_attr=0x07 lfb_addr=0x00000000
  mode 0x010B:  132x50   bpp=4  planes=1 model=0 attrs=0x000F lfb=0 sup=1 gfx=0 color=1 pitch=264 pages=31 win_seg=0xB800 win_size=32KB win_gran=32KB win_attr=0x07 lfb_addr=0x00000000
  mode 0x010C:  132x60   bpp=4  planes=1 model=0 attrs=0x000F lfb=0 sup=1 gfx=0 color=1 pitch=264 pages=31 win_seg=0xB800 win_size=32KB win_gran=32KB win_attr=0x07 lfb_addr=0x00000000
  mode 0x010D:  320x200  bpp=15 planes=1 model=6 attrs=0x009B lfb=1 sup=1 gfx=1 color=1 pitch=640 pages=15 win_seg=0xA000 win_size=64KB win_gran=64KB win_attr=0x07 lfb_addr=0xE0000000
  mode 0x010E:  320x200  bpp=16 planes=1 model=6 attrs=0x009B lfb=1 sup=1 gfx=1 color=1 pitch=640 pages=15 win_seg=0xA000 win_size=64KB win_gran=64KB win_attr=0x07 lfb_addr=0xE0000000
  mode 0x0110:  640x480  bpp=15 planes=1 model=6 attrs=0x009B lfb=1 sup=1 gfx=1 color=1 pitch=1280 pages=2 win_seg=0xA000 win_size=64KB win_gran=64KB win_attr=0x07 lfb_addr=0xE0000000
  mode 0x0111:  640x480  bpp=16 planes=1 model=6 attrs=0x009B lfb=1 sup=1 gfx=1 color=1 pitch=1280 pages=2 win_seg=0xA000 win_size=64KB win_gran=64KB win_attr=0x07 lfb_addr=0xE0000000
  mode 0x0113:  800x600  bpp=15 planes=1 model=6 attrs=0x009B lfb=1 sup=1 gfx=1 color=1 pitch=1600 pages=1 win_seg=0xA000 win_size=64KB win_gran=64KB win_attr=0x07 lfb_addr=0xE0000000
  mode 0x0114:  800x600  bpp=16 planes=1 model=6 attrs=0x009B lfb=1 sup=1 gfx=1 color=1 pitch=1600 pages=1 win_seg=0xA000 win_size=64KB win_gran=64KB win_attr=0x07 lfb_addr=0xE0000000
  mode 0x0116: 1024x768  bpp=15 planes=1 model=6 attrs=0x009B lfb=1 sup=1 gfx=1 color=1 pitch=2048 pages=0 win_seg=0xA000 win_size=64KB win_gran=64KB win_attr=0x07 lfb_addr=0xE0000000
  mode 0x0117: 1024x768  bpp=16 planes=1 model=6 attrs=0x009B lfb=1 sup=1 gfx=1 color=1 pitch=2048 pages=0 win_seg=0xA000 win_size=64KB win_gran=64KB win_attr=0x07 lfb_addr=0xE0000000
  mode 0x010F:  320x200  bpp=32 planes=1 model=6 attrs=0x009B lfb=1 sup=1 gfx=1 color=1 pitch=1280 pages=7 win_seg=0xA000 win_size=64KB win_gran=64KB win_attr=0x07 lfb_addr=0xE0000000
  mode 0x0112:  640x480  bpp=32 planes=1 model=6 attrs=0x009B lfb=1 sup=1 gfx=1 color=1 pitch=2560 pages=0 win_seg=0xA000 win_size=64KB win_gran=64KB win_attr=0x07 lfb_addr=0xE0000000
  mode 0x0115:  800x600  bpp=32 planes=1 model=6 attrs=0x009B lfb=1 sup=1 gfx=1 color=1 pitch=3200 pages=0 win_seg=0xA000 win_size=64KB win_gran=64KB win_attr=0x07 lfb_addr=0xE0000000
  mode 0x01F0:  320x200  bpp=32 planes=1 model=6 attrs=0x009B lfb=1 sup=1 gfx=1 color=1 pitch=1280 pages=7 win_seg=0xA000 win_size=64KB win_gran=64KB win_attr=0x07 lfb_addr=0xE0000000
  mode 0x01F1:  640x480  bpp=32 planes=1 model=6 attrs=0x009B lfb=1 sup=1 gfx=1 color=1 pitch=2560 pages=0 win_seg=0xA000 win_size=64KB win_gran=64KB win_attr=0x07 lfb_addr=0xE0000000
  mode 0x01F2:  800x600  bpp=32 planes=1 model=6 attrs=0x009B lfb=1 sup=1 gfx=1 color=1 pitch=3200 pages=0 win_seg=0xA000 win_size=64KB win_gran=64KB win_attr=0x07 lfb_addr=0xE0000000
  mode 0x0151:  320x240  bpp=8  planes=1 model=4 attrs=0x009B lfb=1 sup=1 gfx=1 color=1 pitch=320 pages=15 win_seg=0xA000 win_size=64KB win_gran=64KB win_attr=0x07 lfb_addr=0xE0000000
  mode 0x0153:  320x200  bpp=8  planes=1 model=4 attrs=0x009B lfb=1 sup=1 gfx=1 color=1 pitch=320 pages=31 win_seg=0xA000 win_size=64KB win_gran=64KB win_attr=0x07 lfb_addr=0xE0000000
  mode 0x015C:  512x384  bpp=8  planes=1 model=4 attrs=0x009B lfb=1 sup=1 gfx=1 color=1 pitch=512 pages=9 win_seg=0xA000 win_size=64KB win_gran=64KB win_attr=0x07 lfb_addr=0xE0000000
  mode 0x0159:  400x300  bpp=8  planes=1 model=4 attrs=0x009B lfb=1 sup=1 gfx=1 color=1 pitch=400 pages=15 win_seg=0xA000 win_size=64KB win_gran=64KB win_attr=0x07 lfb_addr=0xE0000000
  mode 0x015D:  512x384  bpp=16 planes=1 model=6 attrs=0x009B lfb=1 sup=1 gfx=1 color=1 pitch=1024 pages=4 win_seg=0xA000 win_size=64KB win_gran=64KB win_attr=0x07 lfb_addr=0xE0000000
  mode 0x015A:  400x300  bpp=16 planes=1 model=6 attrs=0x009B lfb=1 sup=1 gfx=1 color=1 pitch=800 pages=7 win_seg=0xA000 win_size=64KB win_gran=64KB win_attr=0x07 lfb_addr=0xE0000000
  mode 0x0160:  320x240  bpp=15 planes=1 model=6 attrs=0x009B lfb=1 sup=1 gfx=1 color=1 pitch=640 pages=9 win_seg=0xA000 win_size=64KB win_gran=64KB win_attr=0x07 lfb_addr=0xE0000000
  mode 0x0161:  320x400  bpp=15 planes=1 model=6 attrs=0x009B lfb=1 sup=1 gfx=1 color=1 pitch=640 pages=7 win_seg=0xA000 win_size=64KB win_gran=64KB win_attr=0x07 lfb_addr=0xE0000000
  mode 0x0162:  320x480  bpp=15 planes=1 model=6 attrs=0x009B lfb=1 sup=1 gfx=1 color=1 pitch=640 pages=5 win_seg=0xA000 win_size=64KB win_gran=64KB win_attr=0x07 lfb_addr=0xE0000000
  mode 0x0165:  640x400  bpp=15 planes=1 model=6 attrs=0x009B lfb=1 sup=1 gfx=1 color=1 pitch=1280 pages=3 win_seg=0xA000 win_size=64KB win_gran=64KB win_attr=0x07 lfb_addr=0xE0000000
  mode 0x0136:  320x240  bpp=16 planes=1 model=6 attrs=0x009B lfb=1 sup=1 gfx=1 color=1 pitch=640 pages=9 win_seg=0xA000 win_size=64KB win_gran=64KB win_attr=0x07 lfb_addr=0xE0000000
  mode 0x0170:  320x240  bpp=16 planes=1 model=6 attrs=0x009B lfb=1 sup=1 gfx=1 color=1 pitch=640 pages=9 win_seg=0xA000 win_size=64KB win_gran=64KB win_attr=0x07 lfb_addr=0xE0000000
  mode 0x0172:  320x480  bpp=16 planes=1 model=6 attrs=0x009B lfb=1 sup=1 gfx=1 color=1 pitch=640 pages=5 win_seg=0xA000 win_size=64KB win_gran=64KB win_attr=0x07 lfb_addr=0xE0000000
  mode 0x0175:  640x400  bpp=16 planes=1 model=6 attrs=0x009B lfb=1 sup=1 gfx=1 color=1 pitch=1280 pages=3 win_seg=0xA000 win_size=64KB win_gran=64KB win_attr=0x07 lfb_addr=0xE0000000
  mode 0x0190:  320x240  bpp=32 planes=1 model=6 attrs=0x009B lfb=1 sup=1 gfx=1 color=1 pitch=1280 pages=5 win_seg=0xA000 win_size=64KB win_gran=64KB win_attr=0x07 lfb_addr=0xE0000000
  mode 0x0201:  640x480  bpp=8  planes=1 model=4 attrs=0x009B lfb=1 sup=1 gfx=1 color=1 pitch=640 pages=5 win_seg=0xA000 win_size=64KB win_gran=64KB win_attr=0x07 lfb_addr=0xE0000000
  mode 0x0202:  800x600  bpp=4  planes=1 model=4 attrs=0x009B lfb=1 sup=1 gfx=1 color=1 pitch=400 pages=7 win_seg=0xA000 win_size=64KB win_gran=64KB win_attr=0x07 lfb_addr=0xE0000000
  mode 0x0203:  800x600  bpp=8  planes=1 model=4 attrs=0x009B lfb=1 sup=1 gfx=1 color=1 pitch=800 pages=3 win_seg=0xA000 win_size=64KB win_gran=64KB win_attr=0x07 lfb_addr=0xE0000000
  mode 0x0204: 1024x768  bpp=4  planes=1 model=4 attrs=0x009B lfb=1 sup=1 gfx=1 color=1 pitch=512 pages=4 win_seg=0xA000 win_size=64KB win_gran=64KB win_attr=0x07 lfb_addr=0xE0000000
  mode 0x0205: 1024x768  bpp=8  planes=1 model=4 attrs=0x009B lfb=1 sup=1 gfx=1 color=1 pitch=1024 pages=1 win_seg=0xA000 win_size=64KB win_gran=64KB win_attr=0x07 lfb_addr=0xE0000000
  mode 0x0206: 1280x960  bpp=4  planes=1 model=4 attrs=0x009B lfb=1 sup=1 gfx=1 color=1 pitch=640 pages=2 win_seg=0xA000 win_size=64KB win_gran=64KB win_attr=0x07 lfb_addr=0xE0000000
  mode 0x0207: 1152x864  bpp=8  planes=1 model=4 attrs=0x009B lfb=1 sup=1 gfx=1 color=1 pitch=1152 pages=1 win_seg=0xA000 win_size=64KB win_gran=64KB win_attr=0x07 lfb_addr=0xE0000000
  mode 0x0208: 1280x1024 bpp=4  planes=1 model=4 attrs=0x009B lfb=1 sup=1 gfx=1 color=1 pitch=640 pages=2 win_seg=0xA000 win_size=64KB win_gran=64KB win_attr=0x07 lfb_addr=0xE0000000
  mode 0x0209: 1152x864  bpp=15 planes=1 model=6 attrs=0x009B lfb=1 sup=1 gfx=1 color=1 pitch=2304 pages=0 win_seg=0xA000 win_size=64KB win_gran=64KB win_attr=0x07 lfb_addr=0xE0000000
  mode 0x020A: 1152x864  bpp=16 planes=1 model=6 attrs=0x009B lfb=1 sup=1 gfx=1 color=1 pitch=2304 pages=0 win_seg=0xA000 win_size=64KB win_gran=64KB win_attr=0x07 lfb_addr=0xE0000000
  mode 0x0213:  640x400  bpp=32 planes=1 model=6 attrs=0x009B lfb=1 sup=1 gfx=1 color=1 pitch=2560 pages=1 win_seg=0xA000 win_size=64KB win_gran=64KB win_attr=0x07 lfb_addr=0xE0000000
DOSVESA-MODELIST: end of BIOS-reported mode dump
mode-set #1 (entry): requested id=0x0151 320x240 8bpp fmt=0x13000801 (prev id=0xFFFFFFFF)
[lifecycle] InvalidateCachedFramebuffer: pre-state direct_fb=0 vram_ptr=0 surface=0 lfb_surface=0 fb_size=0
LFB-decision #1: hint_allow_direct=1 hint_prefer_lfb=1 lfb_available=1 is_banked_usable=1 -> use_lfb=1
DOSVESA-DACWIDTH: 4F08.get ax=0x004F supported=1 width_bits=6 writer_assumes=6 (width=8 + 6-bit writes == washed-out palette; -1 == BIOS lacks 4F08, 6-bit VBE default assumed; read-only diagnostic, palette write path unchanged)
DOSVESA-MODESET: id=0x0151 320x240 8bpp pitch=320 attr=0x009B memmodel=4 has_lfb=1 use_lfb=1 banked=0 lfb_addr=0xE0000000 win_seg=0xA000 win_size=64KB win_gran=64KB win_attr=0x07 win_func=0xC0000197 hint_direct_fb=1 hint_prefer_lfb=1
WAVE16-3-LFB-FORCE: hint=unset use_lfb=1 lfb_addr=0xE0000000 fb_size=76800
WAVE16-MODESET: requested_max_bpp=8 actual_bpp=8 mode=0x0151 320x240 pitch=320 raw_bytes_per_frame=76800 padded_bytes_per_frame=76800 fb_base=LFB
display-start GET (pre-set): X=0 Y=0 (offset=0) ax=0x004F
display-start SET attempt: X=0 Y=0 ax=0x004F
display-start GET (post-set): X=0 Y=0 (offset=0) ax=0x004F
mode-set #1 (exit ok): banked_mode=0 mapping.size=2097152 page_flip=0
mode-set #2 (entry): requested id=0x0151 320x240 8bpp fmt=0x13000801 (prev id=0x151)
mode-set #2 (no-op): mode_id matches current, returning true
[lifecycle] CheckWindowPixelSizeChanged: window=84b6d8 got 320x240 (last_pixel=0x0) -> WILL-SEND-PIXEL_SIZE_CHANGED event
[lifecycle] OnWindowPixelSizeChanged: window=84b6d8 setting surface_valid=false (was 0) old surface=0
[lifecycle] CheckWindowPixelSizeChanged: window=84b6d8 got 320x240 (last_pixel=320x240) -> no-op (sizes match) event
[lifecycle] GetWindowSurface: window=84b6d8 surface_valid=0 existing=0 (will destroy+recreate)
sdl: SDL/0115 BANK-GRAN-FIX ENABLED (banked multi-bank walk recomputes bank=offset/gran each step; correct for WinGranularity<WinSize cards; g2k gran==size degenerates to the prior bank++ walk; killswitch SDL_HINT_DOSKUTSU_BANK_GRAN_FIX=0)
sdl: SDL/0116 VBLANK-BOUND ENABLED (mainline WaitForVBlank spins are guard-capped; a mode whose retrace bit never toggles yields a finite stall + fall-through instead of an infinite HW-IO hang; killswitch SDL_HINT_DOSKUTSU_VBLANK_BOUND=0)
[lifecycle] CreateWindowFramebuffer #1 (entry): window=84b6d8 pre-clear fb_state surface=0 lfb_surface=0 direct_fb=0 vram_ptr=0 fb_size=0 vram_w=0 vram_h=0 -> SDL_zero next
[lifecycle] CreateWindowFramebuffer #1 (exit fast): direct_fb=1 use_dosmemput=0 vram_ptr=dfc00000 vram_phys=0xe0000000 fb_size=76800 vram_w=320 vram_h=240
[lifecycle] GetWindowSurface: window=84b6d8 new surface=87bb98 (320x240)
[lifecycle] GetWindowSurface (cached) #1: window=84b6d8 existing=87bb98
mode-set #3 (entry): requested id=0x0101 640x480 8bpp fmt=0x13000801 (prev id=0x151)
mode-set #3 (suppressed by PIN_WINDOW_TO_NATIVE_MODE hint): requested 640x480 differs from active 320x240 (current id=0x151) -> returning true without VBE mode-set
[lifecycle] CheckWindowPixelSizeChanged: window=84b6d8 got 320x240 (last_pixel=320x240) -> no-op (sizes match) event
[lifecycle] UpdateWindowFramebuffer #1: window=84b6d8 direct_fb=1 vram_ptr=dfc00000 surface=838c50 lfb_surface=0 fb_size=76800 vram_w=320 vram_h=240 window->surface=87bb98 window->surface_valid=1
DOSVESA-FB-INIT: direct_fb=1 use_dosmemput=0 banked_multibank=0 pitches_match=1 fb_size=76800 bpp=1 src_pitch=320 vram_pitch=320 vram_w=320 vram_h=240 vram_phys=0xe0000000 vram_ptr=0xdfc00000 win_base=0x00000000 win_gran=0 win_size=0 pixels=0x00868b18
WAVE16-FB-FIRSTFLUSH: bytes_per_pixel=1 fb_size_bytes=76800 src_pitch=320 vram_pitch=320 pitches_match=1 use_dosmemput=0 (expected ~half of wave-15 16bpp baseline at 8bpp)
DOSVESA-FB-CALL #1: guard=1 numrects=1 src[0..15]= 00 00 00 00 00 00 00 00 00 00 00 00 00 00 00 00
DOSVESA-FB-VRAM  00 00 00 00 00 00 00 00 00 00 00 00 00 00 00 00
sw-updatesurface-detail #1: 3.514 ms
sw-renderpresent-detail #1: 3.636 ms
sw-present-detail #1: queue_flush=0.006 ms render_present=3.750 ms total=3.757 ms
[lifecycle] GetWindowSurface (cached) #2: window=84b6d8 existing=87bb98
audio: SDL/0110 OPL2 chip init (9 voices, single bank 0x388/0x389; no OPL3 0x105/0x104; WSE on; 0xBD cleared)
audio: SDL/0110 OPL timer pump STARTED hz=120 div=9943 us_per_tick=8333 (PIT ch0 reprogrammed; BIOS INT8 chained ~every 6 fast ticks -> 18.2065 Hz; tick_cb=registered)
audio: SDL/0118 [pcspk] square-wave SFX ENABLED (PIT ch2 mode-3; ch0 pump 120 Hz gates note duration; ring depth 4; killswitch SDL_HINT_DOSKUTSU_PCSPK_SFX=0 -> v1.5.0 music-only byte-identical)
audio: SDL/0122 pump-aware timebase ENABLED (PIT ch0 MODE 2; SDL_GetPerformanceCounter derived from the IRQ-0 period counter, rebased at PumpStart perf_base=2484703; killswitch SDL_HINT_DOSKUTSU_PUMP_TIMEBASE=0 -> MODE 3 + uclock staircase)
sw-updatesurface-detail #2: 0.637 ms
sw-renderpresent-detail #2: 0.802 ms
sw-present-detail #2: queue_flush=0.005 ms render_present=1.002 ms total=1.007 ms
[lifecycle] GetWindowSurface (cached) #3: window=84b6d8 existing=87bb98
sw-updatesurface-detail #3: 0.637 ms
sw-renderpresent-detail #3: 0.755 ms
sw-present-detail #3: queue_flush=0.004 ms render_present=0.868 ms total=0.872 ms
[lifecycle] GetWindowSurface (cached) #4: window=84b6d8 existing=87bb98
[lifecycle] GetWindowSurface (cached) #5: window=84b6d8 existing=87bb98
