Logger::init: wave-53 log level=INFO path='LOGS/5112.LOG'
[16:13:39] [info] config: loaded DOSKUTSU.CFG (4 keys)
[16:13:39] [info] tas: PRNG seed forced to 12345 via DOSKUTSU_TAS_PRNG_SEED
[16:13:39] [info] tas: auto-exit armed at tick 30000 via DOSKUTSU_TAS_AUTO_EXIT_TICK
[16:13:39] [info] tas: replay opened path='QA.TAS' header_seed=12345
[16:13:40] [info] data cache: DISABLED (default)
[16:13:40] [info] Joystick: skipped (default; set DOSKUTSU_USE_JOYSTICK=1 to enable -- skips SDL3-DOS gameport BIOS INT 15h polling, ~82 ms / flip on real HW)
[16:13:40] [info] Loading settings...
[16:13:40] [info] [input-bind] applied=0 invert_y=0 dos_axes=1
[16:13:40] [info] Renderer::initVideo: 8bpp mode requested via SDL_HINT_DOS_MAX_BPP=8 (wave 16); SDL3-DOS will pick the highest-bpp <= 8 mode at requested resolution
[16:13:40] [info] Renderer::initVideo: DOS resolution-label lock ENABLED (default)
[16:13:40] [info] Renderer::initVideo: using: software renderer
[16:13:43] [info] Renderer::initVideo: dirty-rect tracking ENABLED (wave 15, default ON; set SDL_HINT_DOSKUTSU_DIRTY_RECTS=0 to disable)
[16:13:43] [info] Renderer::initVideo: ablation flags: NO_DC_TIMING=0 CACHE_WINSURF=0 NO_INPUT_POLL=0 DIRECT_VESA=1
[16:13:43] [info] Renderer::initVideo: direct-VESA hot path ENABLED (default since wave 20 patch 0088; bypasses SDL_RenderPresent / SDL_UpdateWindowSurface and writes via SDL/0034's PresentFull helper; R2 mitigation handled by SDL/0034 generation counter -- no per-N-flip heartbeat needed; set SDL_HINT_DOSKUTSU_DIRECT_VESA=0 to revert)
[16:13:43] [info] Renderer::initVideo: flip-phase instrumentation DISABLED (default; set SDL_HINT_DOSKUTSU_FLIP_INSTR=1 to opt in for wave-20 Lever A diagnostic)
[16:13:44] [info] Renderer::initVideo: asm opaque-span blit lever DISABLED (default; set SDL_HINT_DOSKUTSU_ASM_BLIT=1 to opt in -- wave-51 _blit_indexed colorkey-blit lever)
[16:13:44] [info] Renderer::initVideo: blit-decomp instrumentation DISABLED (default; set SDL_HINT_DOSKUTSU_BLIT_DECOMP=1 to opt in -- wave-51 _blit_indexed sub-decomp sizing)
[16:13:44] [info] Renderer::initVideo: mds-scroll-decomp instrumentation DISABLED (default; set SDL_HINT_DOSKUTSU_MDS_DECOMP=1 to opt in -- wave-52 mode_draw_scene scrolling-block decomp)
[16:13:44] [info] Renderer::initVideo: DOSVESA pump yield: skipped (default) (per-flip explicit SDL_Delay(0) yield is always on; set SDL_HINT_DOSKUTSU_FORCE_PUMP_YIELD=1 to restore old per-pump yield)
[16:13:44] [info] Renderer::initVideo: indexed-mode (8bpp) ENABLED -- master palette + 107 per-asset remap LUTs loaded (wave 16, default ON; set SDL_HINT_DOSKUTSU_PIXEL_FORMAT_8=0 to disable)
[16:13:44] [info] Renderer::initVideo: master palette attached to window surface (format=SDL_PIXELFORMAT_INDEX8, ncolors=256)
[16:13:44] [info] Renderer::initVideo: indexed-mode smoke: idx0=(0,0,0) OK idx255=(255,0,255) OK
[16:13:44] [info] Renderer::initVideo: indexed-mode smoke: paletteRemapFor('MyChar.pbm') = present
[16:13:44] [info] Surface::loadImage palmap-diag #1: 'data/Loading.pbm' fmt=SDL_PIXELFORMAT_ABGR8888 remap=HIT -> path=truecolor
[16:13:44] [info] Renderer: prev-frame diff DISABLED (default since wave 17.6; set SDL_HINT_DOSKUTSU_PREVFRAME_DIFF=1 to opt in)
[16:13:44] [info] flip-probe: renderer=software window_ptr=8809456 colorspace=301991328 window_size=320x240 framebuffer_pixels=320x240 logical_present=320x240 mode=2
[16:13:44] [info] flip-probe: first flip ok=true present=57ms inter_flip_ms=0 drawcalls-since-flip=1 drawcalls-total=1
[16:13:44] [info] Sound system init
[16:13:44] [info] Sound system: 4-state audio enable (#31) -- music=on sfx=on (MUSIC_OFF/AUDIO_BACKEND=none -> music-off; SFX_OFF/SFX_DEVICE=none -> sfx-off; both gates are dispatch-level, the device still opens; AUDIO_OFF=1 is the device-level both-off).
[16:13:44] [info] Sound system: Tier-1 audio config (22050 Hz, 2 channels) via SDL_HINT_DOSKUTSU_AUDIO_TIER2=0 killswitch -- reverts to wave-17.6-baseline 22050 stereo, the original Cave Story 2004 spec. Trades the wave-21 Tier-2 fps gain (~+11 fps in heavy-music scenes on Pentium OverDrive 83 MHz) for full audio fidelity. Unset the env var to go back to Tier-2 default.
[16:13:45] [info] [org-hq] stereo prerender rate=22050 ch=2 (HQ Organya tier ACTIVE; opt-in via SDL_HINT_DOSKUTSU_AUDIO_TIER2=0; cache CACHE\22050_2\; real fps cost on 486-class HW).
[16:13:45] [info] Sound system: SDL_HINT_AUDIO_DEVICE_SAMPLE_FRAMES=(default -- SDL3 picks 512 at 22050 Hz)
[16:13:45] [info] Pixtone IRQ rate-divider: handed master_rate=44100 int16/s (SAMPLE_RATE=22050 x AUDIO_CHANNELS=2) to SDL for auto-RATEDIV (SDL/0074 computes shift_div from the resolved device freq).
[16:13:45] [info] Sound system: device frame-rate: requesting 22050 Hz match to master (SDL_DOSAudioSetDeviceFrameRate; SB16 opens at the engine frame rate instead of SDL's 44100 floor -- 4x less PCM/s + no resampler on the Organya/Pixtone path; killswitch SDL_HINT_DOSKUTSU_DOS_AUDIO_DEVICE_RATE_DEFAULT=0).
[16:13:45] [info] audio backend: organya (forced; Phase 10 baseline)
[16:13:45] [info] wave-13.6.1: ring_chunks=16 FORCE_PUMP_YIELD=off (set SDL_HINT_DOSKUTSU_AUDIO_RING_CHUNKS=4|8|16 to override; default 16 matches wave 13.6 behaviour)
[16:13:45] [info] MidiScheduler: MIDI source = 'orgmid2' (native-GM org2mid set; resolves to data/orgmid2/<name>.mid).
[16:13:45] [info] Sound system: idle-pause skipped (backend=organya does not qualify; only opl3 supports idle-pause per patch 0115; default OFF since patch 0119 regardless of backend).
[16:13:45] [warn] Music dir Ogg/ doesn't exist
[16:13:45] [warn] Music dir Ogg11/ doesn't exist
[16:13:45] [warn] Music dir Ogg17/ doesn't exist
[16:13:45] [warn] Music dir Ogg_ridic/ doesn't exist
[16:13:45] [info] Loading Sound FX...
[16:13:46] [info] [pxt-cache] init(): HIT (loaded cache; render skipped)
[16:13:51] [error] Lever 3 (Pixtone IRQ-mix; default ON since v1.0.1, or SDL_HINT_DOSKUTSU_PIXTONE_IRQ_MIX=1) is incompatible with SDL_HINT_DOSKUTSU_AUDIO_BACKEND=organya. L3 + ORGANYA IS KNOWN-INCOMPATIBLE (PLAY2 hang root-cause owned by v1.0.2 deep-campaign; v1.0.1 ships defensive interlock per flush-instr #135 three-front response). L3 forced OFF (hang prevention); SFX continue through SDL3_mixer path; music continues through Organya. To engage L3 cleanly set SDL_HINT_DOSKUTSU_AUDIO_BACKEND to opl3 / wb / midi-stub, or set SDL_HINT_DOSKUTSU_PIXTONE_IRQ_MIX=0 to silence this and keep Organya.
[16:13:51] [info] Organya init...
[16:13:52] [info] Organya init done
[16:14:35] [info] gus SFX gain [nx0259]: 70% (SDL_HINT_DOSKUTSU_GUS_SFX_GAIN; scales the GF1 SFX voice volume to balance against velocity/CC-scaled GUS music; default 70, clamp 0..150).
[16:14:35] [info] midi ISR tick: engine registered tick_isr callback (L2b active; default ON; set SDL_HINT_DOSKUTSU_MIDI_ISR_TICK=0 to disable)
[16:14:35] [info] organya auto-precache: ENABLED (default) (first-launch precache + in-game cold-render progress overlay; set SDL_HINT_DOSKUTSU_ORG_AUTOCACHE=0 to disable -> v1.1.0 black-screen cold-render)
[16:14:35] [info] organya auto-precache: cache complete (sentinel present) -- skipping batch; in-game overlay armed for any stray cache miss.
[16:14:35] [info] menu slide-in fixed-timestep: ENABLED (default; slide advances at 50 Hz logic rate)
[16:14:35] [info] Reading npc.tbl...
[16:14:35] [info] Loading tilekey.dat.
[16:14:35] [info] Script engine init.
[16:14:36] [info] Entering main loop...
[16:14:36] [info] audio mid-gap pump: DISABLED (default)
[16:14:36] [info] TAS fixed-timestep guard: ENABLED (default) (patch 0280; load_stage wall-clock kept out of the FT accumulator so TAS replay advances at a true 50 Hz; set SDL_HINT_DOSKUTSU_TAS_FT_GUARD=0 to disable)
[16:14:36] [info] load_stage ring+DMA silence flush: ENABLED (default) (set SDL_HINT_DOSKUTSU_LOADSTAGE_SILENCE=0 to disable)
[16:14:36] [info] load-band audio-underrun probe: DISABLED (default) (opt-in SDL_HINT_DOSKUTSU_LOADBAND_STAT=1)
[16:14:36] [info]  >> Entering stage 72: 'u'.
[16:14:36] [info] skip sheet flush: ENABLED (default) (SFXPAUSE-012 SHIPPED FIX; sprite sheets stay resident across caves so no per-cave re-decode -> no fire-frame pause; map_flush_graphics tilemap cache still flushes; set SDL_HINT_DOSKUTSU_SKIP_SHEET_FLUSH=0 to restore the old per-cave flush)
[16:14:36] [info] [skip-sheet-flush] cave=1
[16:14:36] [info] eager action sheets: ENABLED (default) (first-fire hitch fix: pre-loads the weapon bullet + hit/muzzle/trail caret sheets at stage load so the first fire/impact does not lazy-decode mid-gameplay; set SDL_HINT_DOSKUTSU_EAGER_ACTION_SHEETS=0 to restore lazy load)
[16:14:36] [info] Surface::loadImage palmap-diag #2: 'data/Bullet.pbm' fmt=SDL_PIXELFORMAT_ABGR8888 remap=HIT -> path=truecolor
[16:14:36] [info] Surface::loadImage palmap-diag #3: 'data/Arms.pbm' fmt=SDL_PIXELFORMAT_ABGR8888 remap=HIT -> path=truecolor
[16:14:37] [info] Surface::loadImage palmap-diag #4: 'data/Caret.pbm' fmt=SDL_PIXELFORMAT_ABGR8888 remap=HIT -> path=truecolor
[16:14:37] [info] Surface::loadImage palmap-diag #5: 'data/Npc/NpcSym.pbm' fmt=SDL_PIXELFORMAT_ABGR8888 remap=HIT -> path=truecolor
[16:14:37] [info] [eager-action-sheets] cave=1 sheets=4 wall_ms=1609
[16:14:38] [info] Surface::loadImage palmap-diag #6: 'data/Stage/PrtWhite.pbm' fmt=SDL_PIXELFORMAT_ABGR8888 remap=HIT -> path=truecolor
[16:14:38] [info] load_stage: entry-music preload ENABLED (default) (set SDL_HINT_DOSKUTSU_PRELOAD_STAGE_MUSIC=0 to disable)
[16:14:38] [info] Surface::loadImage palmap-diag #7: 'data/bk0.pbm' fmt=SDL_PIXELFORMAT_ABGR8888 remap=HIT -> path=truecolor
[16:14:39] [info] gameloop: entered (curmap=72, running=1)
[16:14:39] [info] gameloop: iter 1 ticks=59609 mapno=-1
[16:14:39] [info] fixed-timestep: ENABLED (default; logic 50 Hz, decoupled from render)
[16:14:39] [info] map: BG skip-when-unchanged DISABLED (default) (set SDL_HINT_DOSKUTSU_BG_SKIP_WHEN_UNCHANGED=1 to enable; default OFF since wave-61 -- abandoned, it shipped a backdrop-black flicker and its +0.87 fps was below the noise floor)
[16:14:39] [info] map: skip-redundant-clear lever ENABLED (default since wave-53 promotion)
[16:14:39] [info] perf-mode: level=0 (faithful (default))
[16:14:39] [info] Surface::loadImage palmap-diag #8: 'data/Npc/NpcKings.pbm' fmt=SDL_PIXELFORMAT_ABGR8888 remap=HIT -> path=truecolor
[16:14:39] [info] audio tick-boundary pump: DISABLED (default)
[16:14:39] [info] gameloop: iter 2 ticks=60131 mapno=-1
[16:14:39] [info] gameloop: iter 3 ticks=60199 mapno=-1
[16:14:39] [info] direct-vesa: snapshot @gen=2 use_dosmemput=0 banked_multibank=0 pitches_match=1 vram_w=320 vram_h=240 vram_pitch=320 bpp=1 fb_size=76800 vram_phys=0x78000000 vram_ptr=0x77c00000
[16:14:39] [info] flip-probe: flip #10 ok=true present=4ms inter_flip_ms=41 drawcalls-since-flip=6 drawcalls-total=43 fail-total=0 null-skips-total=0
[16:14:40] [info] flip-probe: flip #20 ok=true present=5ms inter_flip_ms=40 drawcalls-since-flip=4 drawcalls-total=92 fail-total=0 null-skips-total=0
[16:14:41] [info] flip-probe: flip #30 ok=true present=4ms inter_flip_ms=85 drawcalls-since-flip=326 drawcalls-total=2707 fail-total=0 null-skips-total=0
[16:14:42] [info] flip-probe: flip #40 ok=true present=4ms inter_flip_ms=77 drawcalls-since-flip=264 drawcalls-total=5837 fail-total=0 null-skips-total=0
[16:14:42] [info] flip-probe: flip #50 ok=true present=4ms inter_flip_ms=47 drawcalls-since-flip=67 drawcalls-total=7392 fail-total=0 null-skips-total=0
[16:14:43] [info] flip-probe: flip #60 ok=true present=5ms inter_flip_ms=38 drawcalls-since-flip=4 drawcalls-total=7502 fail-total=0 null-skips-total=0
[16:14:43] [info] flip-probe: flip #70 ok=true present=4ms inter_flip_ms=38 drawcalls-since-flip=6 drawcalls-total=7557 fail-total=0 null-skips-total=0
[16:14:43] [info] flip-probe: flip #80 ok=true present=4ms inter_flip_ms=21 drawcalls-since-flip=0 drawcalls-total=7586 fail-total=0 null-skips-total=0
[16:14:44] [info] flip-probe: flip #90 ok=true present=5ms inter_flip_ms=19 drawcalls-since-flip=0 drawcalls-total=7586 fail-total=0 null-skips-total=0
[16:14:44] [info] title: eager-title-IO phase tag ENABLED (default) (set SDL_HINT_DOSKUTSU_EAGER_TITLE_IO=0 to disable)
[16:14:54] [info] Organya pre-render: cache HIT CURLY (11875968 bytes from CACHE; 2 ch; synth skipped).
[16:14:55] [info] audio pump-to-target: ENABLED (186 ms depth setpoint; amount-bounded depth-regulated ring refill per displayed frame; killswitch SDL_HINT_DOSKUTSU_ORG_PUMP_TARGET_MS=0).
[16:14:55] [info] pixtone multi-source probe: DISABLED (default)
[16:14:55] [info] gameloop: entered (curmap=1005, running=1)
[16:14:55] [info] gameloop: iter 1 ticks=75932 mapno=-1
[16:14:55] [info] map: backdrop cache ENABLED (default) (set SDL_HINT_DOSKUTSU_BACKDROP_CACHE=0 to disable)
[16:14:56] [info] gameloop: iter 2 ticks=77062 mapno=-1
[16:14:56] [info] gameloop: iter 3 ticks=77167 mapno=-1
[16:14:56] [info] backdrop cache: thrashing-detect engaged (streak=4, route=direct)
[16:14:56] [info] flip-probe: flip #100 ok=true present=5ms inter_flip_ms=98 drawcalls-since-flip=75 drawcalls-total=7886 fail-total=0 null-skips-total=0
[16:14:56] [info] alpha audit block 0: 7798 total drawcalls, 0 with alpha<255 (block pct_x10=0; global 0/7798 pct_x10=0); alpha-mod skipped: block=0 global=0
[16:14:56] [info] fastpath audit block 0: taken=7798 (idx8=7798) skipped=0 pct_x10=1000; global taken=7798 (idx8=7798) skipped=0 pct_x10=1000
[16:14:56] [info] primitive tally block 0: clear=220(hr=220) fill=0(hr=0) rect=0(hr=0) line=0(hr=0) tint=0 spotlight=0 (over 100 flips ending at flip 100)
[16:14:56] [info] color/alpha audit block 0: cmod_white=104 cmod_black=0 (idx=0) cmod_general=84 (idx=84) cmod_fb=0; alpha_taken=0 alpha_skipped=0 (global cmod=104/0/84/0 idx=0/84 alpha=0/0)
[16:14:56] [info] phase timing block 0: drawcalls=8209 dc_total_ms=1887 flip_inner_total_ms=871 inter_flip_total_ms=71876 (per-flip avg x10: dc_ms=188 fi_ms=87 if_ms=7187 derived audio+engine_ms=6912; per-drawcall avg us_x10=2299) [direct-vesa: presents=97 total_ms=410 avg_ms_x10=42 failed=0] [ablation: NO_DC_TIMING=0 CACHE_WINSURF=0 DIRECT_VESA=1]
[16:14:56] [info] kbd/audio block 0: kbd_irq=0 kbd_drain=0 ring_chunks=16 pump_pass=99 pic1_mask=0xb8 first_irq_ticks=0 install_ticks=0 vector_at_install=0x0083a0a0 pic1_mask_live=0x98 kbd_8042_stat=0x34 bios_kbd_head=0x0022 bios_kbd_tail=0x0022 bios_kbd_buf0=0x1c0d
[16:14:56] [info] audio/engine split block 0: audio_mixer_calls=26 audio_mixer_ms_x10=12 engine_tick_calls=99 engine_tick_ms_x10=1644 audio_service_calls=0 audio_service_ms_x10=0 (per-flip avg; per-call us_x10: audio_mix=46772 engine_tick=1660752 audio_service=0; global ns: audio_mix=121607804 engine_tick=16441447215 audio_service=0)
[16:14:56] [info] dirty-rect block @flip=100: total_calls=0 dirty_rects_avg=0 dirty_pct_x10=990 forced_full=0 first_n_force=3 threshold_exceeded=2 dirty_path_taken=0 full_flush_taken=3
[16:14:56] [info] prev-frame-diff block @flip=100: diff_calls=0 diff_rects_avg=0 diff_dirty_pct_x10=0 bbox_pct_x10=0 bbox_thresh_exceeded=0
[16:14:57] [info] flip-probe: flip #110 ok=true present=4ms inter_flip_ms=69 drawcalls-since-flip=75 drawcalls-total=8636 fail-total=0 null-skips-total=0
[16:14:58] [info] flip-probe: flip #120 ok=true present=4ms inter_flip_ms=69 drawcalls-since-flip=75 drawcalls-total=9386 fail-total=0 null-skips-total=0
[16:14:59] [info] flip-probe: flip #130 ok=true present=4ms inter_flip_ms=41 drawcalls-since-flip=0 drawcalls-total=9986 fail-total=0 null-skips-total=0
[16:14:59] [info] Loading profile from profile.dat
[16:14:59] [error] profile_load: unable to open 'profile.dat'
[16:14:59] [info] Loading profile from profile2.dat
[16:14:59] [error] profile_load: unable to open 'profile2.dat'
[16:14:59] [info] Loading profile from profile3.dat
[16:14:59] [info] Loading profile from profile4.dat
[16:14:59] [error] profile_load: unable to open 'profile4.dat'
[16:14:59] [info] Loading profile from profile5.dat
[16:15:00] [info] flip-probe: flip #140 ok=true present=5ms inter_flip_ms=118 drawcalls-since-flip=214 drawcalls-total=10842 fail-total=0 null-skips-total=0
[16:15:01] [info] flip-probe: flip #150 ok=true present=4ms inter_flip_ms=119 drawcalls-since-flip=214 drawcalls-total=12982 fail-total=0 null-skips-total=0
[16:15:01] [info] Writing settings...
[16:15:02] [info] flip-probe: flip #160 ok=true present=5ms inter_flip_ms=51 drawcalls-since-flip=0 drawcalls-total=13846 fail-total=0 null-skips-total=0
[16:15:02] [info] flip-probe: flip #170 ok=true present=4ms inter_flip_ms=22 drawcalls-since-flip=0 drawcalls-total=13846 fail-total=0 null-skips-total=0
[16:15:02] [info] Loading profile from profile5.dat
[16:15:02] [info]  >> Entering stage 20: 'Save Point'.
[16:15:02] [info] [skip-sheet-flush] cave=2
[16:15:09] [info] Organya pre-render: cache HIT MURA (5927040 bytes from CACHE; 2 ch; synth skipped).
[16:15:09] [info] gameloop: entered (curmap=20, running=1)
[16:15:09] [info] gameloop: iter 1 ticks=89818 mapno=-1
[16:15:09] [info] TAS stall discount: ENABLED (default) (patch 0286; a replay frame over 150 ms is a load, not slow rendering, so it contributes 1 tick instead of its wall-clock; set SDL_HINT_DOSKUTSU_TAS_STALL_DISCOUNT=0 to disable)
[16:15:09] [info] TAS accumulator clamp: DISABLED (default) (patch 0281; caps the FT accumulator delta at one tick during TAS so a stalled frame cannot race the replay index; set SDL_HINT_DOSKUTSU_TAS_FT_GUARD=0 to disable)
[16:15:09] [info] gameloop: iter 2 ticks=89938 mapno=-1
[16:15:09] [info] gameloop: iter 3 ticks=90047 mapno=-1
[16:15:09] [info] flip-probe: flip #180 ok=true present=4ms inter_flip_ms=101 drawcalls-since-flip=17 drawcalls-total=13971 fail-total=0 null-skips-total=0
[16:15:10] [info] flip-probe: flip #190 ok=true present=4ms inter_flip_ms=111 drawcalls-since-flip=17 drawcalls-total=14141 fail-total=0 null-skips-total=0
[16:15:11] [info] flip-probe: flip #200 ok=true present=4ms inter_flip_ms=150 drawcalls-since-flip=358 drawcalls-total=15748 fail-total=0 null-skips-total=0
[16:15:11] [info] alpha audit block 0: 7225 total drawcalls, 0 with alpha<255 (block pct_x10=0; global 0/15023 pct_x10=0); alpha-mod skipped: block=0 global=0
[16:15:11] [info] fastpath audit block 0: taken=7225 (idx8=7225) skipped=0 pct_x10=1000; global taken=15023 (idx8=15023) skipped=0 pct_x10=1000
[16:15:11] [info] primitive tally block 0: clear=201(hr=201) fill=0(hr=0) rect=0(hr=0) line=0(hr=0) tint=0 spotlight=0 (over 100 flips ending at flip 200)
[16:15:11] [info] color/alpha audit block 0: cmod_white=1438 cmod_black=0 (idx=0) cmod_general=609 (idx=609) cmod_fb=0; alpha_taken=0 alpha_skipped=0 (global cmod=1542/0/693/0 idx=0/693 alpha=0/0)
[16:15:11] [info] phase timing block 0: drawcalls=9473 dc_total_ms=1932 flip_inner_total_ms=1679 inter_flip_total_ms=15067 (per-flip avg x10: dc_ms=193 fi_ms=167 if_ms=1506 derived audio+engine_ms=1146; per-drawcall avg us_x10=2040) [direct-vesa: presents=100 total_ms=413 avg_ms_x10=41 failed=0] [ablation: NO_DC_TIMING=0 CACHE_WINSURF=0 DIRECT_VESA=1]
[16:15:11] [info] kbd/audio block 0: kbd_irq=0 kbd_drain=0 ring_chunks=16 pump_pass=289 pic1_mask=0xb8 first_irq_ticks=0 install_ticks=0 vector_at_install=0x0083a0a0 pic1_mask_live=0x98 kbd_8042_stat=0x34 bios_kbd_head=0x0022 bios_kbd_tail=0x0022 bios_kbd_buf0=0x1c0d
[16:15:11] [info] audio/engine split block 0: audio_mixer_calls=348 audio_mixer_ms_x10=150 engine_tick_calls=76 engine_tick_ms_x10=271 audio_service_calls=0 audio_service_ms_x10=0 (per-flip avg; per-call us_x10: audio_mix=43276 engine_tick=357033 audio_service=0; global ns: audio_mix=1627613618 engine_tick=19154902019 audio_service=0)
[16:15:11] [info] dirty-rect block @flip=200: total_calls=0 dirty_rects_avg=1 dirty_pct_x10=1000 forced_full=0 first_n_force=0 threshold_exceeded=0 dirty_path_taken=0 full_flush_taken=0
[16:15:11] [info] prev-frame-diff block @flip=200: diff_calls=0 diff_rects_avg=0 diff_dirty_pct_x10=0 bbox_pct_x10=0 bbox_thresh_exceeded=0
[16:15:11] [info] tas: stall frame 239 ms -> contributing 1 tick (patch 0286)
[16:15:12] [info] tas: stall frame 154 ms -> contributing 1 tick (patch 0286)
[16:15:12] [info] tas: stall frame 151 ms -> contributing 1 tick (patch 0286)
[16:15:12] [info] tas: stall frame 150 ms -> contributing 1 tick (patch 0286)
[16:15:12] [info] run_tick_fixed #300: heartbeat (loop alive)
[16:15:12] [info]  >> Entering stage 11: 'Mimiga Village'.
[16:15:12] [info] [skip-sheet-flush] cave=3
[16:15:13] [info] [load-stage] preloading entry music song=9 (cave=3)
[16:15:13] [info] gameloop: entered (curmap=11, running=1)
[16:15:13] [info] gameloop: iter 1 ticks=94019 mapno=-1
[16:15:13] [info] map: mds_clear LUT ENABLED (default) (set SDL_HINT_DOSKUTSU_MDS_CLEAR_LUT=0 to disable; default ON; patch 0144 wave-49 bandwidth lever)
[16:15:13] [info] mds-clear-lut: rebuilt N=240 entries (k_skip=0% k_keep=100%; curmap=11 map_size=60x60; rebuild #1 since boot)
[16:15:13] [info] backdrop thrash full-cover ENABLED (default) (set SDL_HINT_DOSKUTSU_THRASH_FULLCOVER=0 to disable)
[16:15:13] [info] [bd-diag] backdrop render-path diag disabled (default) (set SDL_HINT_DOSKUTSU_BACKDROP_DIAG=1 to enable)
[16:15:13] [info] gameloop: iter 2 ticks=94197 mapno=-1
[16:15:13] [info] tas: stall frame 393 ms -> contributing 1 tick (patch 0286)
[16:15:13] [info] gameloop: iter 3 ticks=94586 mapno=-1
[16:15:13] [info] tas: stall frame 172 ms -> contributing 1 tick (patch 0286)
[16:15:14] [info] tas: stall frame 166 ms -> contributing 1 tick (patch 0286)
[16:15:14] [info] tas: stall frame 164 ms -> contributing 1 tick (patch 0286)
[16:15:14] [info] flip-probe: flip #210 ok=true present=5ms inter_flip_ms=164 drawcalls-since-flip=384 drawcalls-total=18754 fail-total=0 null-skips-total=0
[16:15:14] [info] tas: stall frame 171 ms -> contributing 1 tick (patch 0286)
[16:15:14] [info] tas: stall frame 165 ms -> contributing 1 tick (patch 0286)
[16:15:14] [info] tas: stall frame 166 ms -> contributing 1 tick (patch 0286)
[16:15:14] [info] tas: stall frame 164 ms -> contributing 1 tick (patch 0286)
[16:15:15] [info] tas: stall frame 163 ms -> contributing 1 tick (patch 0286)
[16:15:15] [info] tas: stall frame 186 ms -> contributing 1 tick (patch 0286)
[16:15:15] [info] tas: stall frame 180 ms -> contributing 1 tick (patch 0286)
[16:15:15] [info] tas: stall frame 157 ms -> contributing 1 tick (patch 0286)
[16:15:15] [info] tas: stall frame 166 ms -> contributing 1 tick (patch 0286)
[16:15:16] [info] flip-probe: flip #220 ok=true present=4ms inter_flip_ms=153 drawcalls-since-flip=300 drawcalls-total=22386 fail-total=0 null-skips-total=0
[16:15:16] [info] tas: stall frame 159 ms -> contributing 1 tick (patch 0286)
[16:15:16] [info] tas: stall frame 158 ms -> contributing 1 tick (patch 0286)
[16:15:16] [info] backdrop cache: thrashing-detect engaged (streak=4, route=direct)
[16:15:17] [info] tas: stall frame 153 ms -> contributing 1 tick (patch 0286)
[16:15:17] [info] flip-probe: flip #230 ok=true present=5ms inter_flip_ms=152 drawcalls-since-flip=47 drawcalls-total=23286 fail-total=0 null-skips-total=0
[16:15:17] [info] tas: stall frame 160 ms -> contributing 1 tick (patch 0286)
[16:15:18] [info] tas: stall frame 153 ms -> contributing 1 tick (patch 0286)
[16:15:18] [info] flip-probe: flip #240 ok=true present=4ms inter_flip_ms=131 drawcalls-since-flip=43 drawcalls-total=23731 fail-total=0 null-skips-total=0
[16:15:20] [info] flip-probe: flip #250 ok=true present=5ms inter_flip_ms=132 drawcalls-since-flip=43 drawcalls-total=24161 fail-total=0 null-skips-total=0
[16:15:21] [info] flip-probe: flip #260 ok=true present=4ms inter_flip_ms=86 drawcalls-since-flip=43 drawcalls-total=24591 fail-total=0 null-skips-total=0
[16:15:22] [info] flip-probe: flip #270 ok=true present=4ms inter_flip_ms=162 drawcalls-since-flip=46 drawcalls-total=25028 fail-total=0 null-skips-total=0
[16:15:22] [info] tas: stall frame 168 ms -> contributing 1 tick (patch 0286)
[16:15:23] [info] flip-probe: flip #280 ok=true present=4ms inter_flip_ms=142 drawcalls-since-flip=44 drawcalls-total=25466 fail-total=0 null-skips-total=0
[16:15:23] [info] tas: stall frame 153 ms -> contributing 1 tick (patch 0286)
[16:15:24] [info] tas: stall frame 171 ms -> contributing 1 tick (patch 0286)
[16:15:24] [info] tas: stall frame 154 ms -> contributing 1 tick (patch 0286)
[16:15:24] [info] backdrop cache: thrashing-detect engaged (streak=64, route=direct)
[16:15:25] [info] flip-probe: flip #290 ok=true present=5ms inter_flip_ms=141 drawcalls-since-flip=43 drawcalls-total=25894 fail-total=0 null-skips-total=0
[16:15:25] [info] tas: stall frame 156 ms -> contributing 1 tick (patch 0286)
[16:15:26] [info] flip-probe: flip #300 ok=true present=4ms inter_flip_ms=123 drawcalls-since-flip=41 drawcalls-total=26320 fail-total=0 null-skips-total=0
[16:15:26] [info] alpha audit block 0: 9242 total drawcalls, 0 with alpha<255 (block pct_x10=0; global 0/24265 pct_x10=0); alpha-mod skipped: block=0 global=0
[16:15:26] [info] fastpath audit block 0: taken=9242 (idx8=9242) skipped=0 pct_x10=1000; global taken=24265 (idx8=24265) skipped=0 pct_x10=1000
[16:15:26] [info] primitive tally block 0: clear=202(hr=202) fill=0(hr=0) rect=0(hr=0) line=0(hr=0) tint=0 spotlight=0 (over 100 flips ending at flip 300)
[16:15:26] [info] color/alpha audit block 0: cmod_white=1235 cmod_black=1235 (idx=1235) cmod_general=0 (idx=0) cmod_fb=0; alpha_taken=0 alpha_skipped=0 (global cmod=2777/1235/693/0 idx=1235/693 alpha=0/0)
[16:15:26] [info] phase timing block 0: drawcalls=11934 dc_total_ms=1974 flip_inner_total_ms=1731 inter_flip_total_ms=14596 (per-flip avg x10: dc_ms=197 fi_ms=173 if_ms=1459 derived audio+engine_ms=1089; per-drawcall avg us_x10=1654) [direct-vesa: presents=100 total_ms=410 avg_ms_x10=41 failed=0] [ablation: NO_DC_TIMING=0 CACHE_WINSURF=0 DIRECT_VESA=1]
[16:15:26] [info] kbd/audio block 0: kbd_irq=0 kbd_drain=0 ring_chunks=16 pump_pass=696 pic1_mask=0xb8 first_irq_ticks=0 install_ticks=0 vector_at_install=0x0083a0a0 pic1_mask_live=0x98 kbd_8042_stat=0x34 bios_kbd_head=0x0022 bios_kbd_tail=0x0022 bios_kbd_buf0=0x1c0d
[16:15:26] [info] [tile-speedup-stat n=100 drawtile_us=142.40 raw_blit_us=92.68 ratio=1.54]
[16:15:26] [info] audio/engine split block 0: audio_mixer_calls=456 audio_mixer_ms_x10=197 engine_tick_calls=0 engine_tick_ms_x10=0 audio_service_calls=0 audio_service_ms_x10=0 (per-flip avg; per-call us_x10: audio_mix=43356 engine_tick=0 audio_service=0; global ns: audio_mix=3604671559 engine_tick=19154902019 audio_service=0)
[16:15:26] [info] dirty-rect block @flip=300: total_calls=100 dirty_rects_avg=1 dirty_pct_x10=1000 forced_full=0 first_n_force=0 threshold_exceeded=0 dirty_path_taken=0 full_flush_taken=0
[16:15:26] [info] prev-frame-diff block @flip=300: diff_calls=0 diff_rects_avg=0 diff_dirty_pct_x10=0 bbox_pct_x10=0 bbox_thresh_exceeded=0
[16:15:26] [info] tas: stall frame 244 ms -> contributing 1 tick (patch 0286)
[16:15:27] [info] tas: stall frame 159 ms -> contributing 1 tick (patch 0286)
[16:15:27] [info] tas: stall frame 173 ms -> contributing 1 tick (patch 0286)
[16:15:27] [info] flip-probe: flip #310 ok=true present=4ms inter_flip_ms=161 drawcalls-since-flip=345 drawcalls-total=28035 fail-total=0 null-skips-total=0
[16:15:27] [info] tas: stall frame 168 ms -> contributing 1 tick (patch 0286)
[16:15:28] [info] tas: stall frame 162 ms -> contributing 1 tick (patch 0286)
[16:15:28] [info] tas: stall frame 160 ms -> contributing 1 tick (patch 0286)
[16:15:28] [info] tas: stall frame 160 ms -> contributing 1 tick (patch 0286)
[16:15:28] [info] tas: stall frame 164 ms -> contributing 1 tick (patch 0286)
[16:15:28] [info]  >> Entering stage 17: 'Yamashita Farm'.
[16:15:28] [info] [skip-sheet-flush] cave=4
[16:15:29] [info] [load-stage] preloading entry music song=13 (cave=4)
[16:15:33] [info] Organya pre-render: cache HIT PLANT (4741632 bytes from CACHE; 2 ch; synth skipped).
[16:15:33] [info] gameloop: entered (curmap=17, running=1)
[16:15:33] [info] gameloop: iter 1 ticks=114542 mapno=-1
[16:15:33] [info] mds-clear-lut: rebuilt N=240 entries (k_skip=33% k_keep=67%; curmap=17 map_size=40x16; rebuild #2 since boot)
[16:15:34] [info] gameloop: iter 2 ticks=114911 mapno=-1
[16:15:34] [info] tas: stall frame 367 ms -> contributing 1 tick (patch 0286)
[16:15:34] [info] gameloop: iter 3 ticks=115083 mapno=-1
[16:15:34] [info] tas: stall frame 171 ms -> contributing 1 tick (patch 0286)
[16:15:34] [info] flip-probe: flip #320 ok=true present=4ms inter_flip_ms=171 drawcalls-since-flip=403 drawcalls-total=31026 fail-total=0 null-skips-total=0
[16:15:34] [info] tas: stall frame 172 ms -> contributing 1 tick (patch 0286)
[16:15:34] [info] tas: stall frame 164 ms -> contributing 1 tick (patch 0286)
[16:15:34] [info] tas: stall frame 163 ms -> contributing 1 tick (patch 0286)
[16:15:35] [info] tas: stall frame 173 ms -> contributing 1 tick (patch 0286)
[16:15:35] [info] tas: stall frame 173 ms -> contributing 1 tick (patch 0286)
[16:15:35] [info] tas: stall frame 170 ms -> contributing 1 tick (patch 0286)
[16:15:35] [info] tas: stall frame 165 ms -> contributing 1 tick (patch 0286)
[16:15:35] [info] tas: stall frame 161 ms -> contributing 1 tick (patch 0286)
[16:15:36] [info] tas: stall frame 159 ms -> contributing 1 tick (patch 0286)
[16:15:36] [info] flip-probe: flip #330 ok=true present=4ms inter_flip_ms=158 drawcalls-since-flip=356 drawcalls-total=34988 fail-total=0 null-skips-total=0
[16:15:36] [info] tas: stall frame 164 ms -> contributing 1 tick (patch 0286)
[16:15:36] [info] tas: stall frame 156 ms -> contributing 1 tick (patch 0286)
[16:15:36] [info] tas: stall frame 154 ms -> contributing 1 tick (patch 0286)
[16:15:37] [info] tas: stall frame 153 ms -> contributing 1 tick (patch 0286)
[16:15:37] [info] flip-probe: flip #340 ok=true present=4ms inter_flip_ms=155 drawcalls-since-flip=141 drawcalls-total=36978 fail-total=0 null-skips-total=0
[16:15:37] [info] tas: stall frame 162 ms -> contributing 1 tick (patch 0286)
[16:15:38] [info] tas: stall frame 157 ms -> contributing 1 tick (patch 0286)
[16:15:38] [info] tas: stall frame 151 ms -> contributing 1 tick (patch 0286)
[16:15:38] [info] tas: stall frame 154 ms -> contributing 1 tick (patch 0286)
[16:15:38] [info] tas: stall frame 155 ms -> contributing 1 tick (patch 0286)
[16:15:39] [info] flip-probe: flip #350 ok=true present=5ms inter_flip_ms=124 drawcalls-since-flip=147 drawcalls-total=38407 fail-total=0 null-skips-total=0
[16:15:39] [info] tas: stall frame 182 ms -> contributing 1 tick (patch 0286)
[16:15:39] [info] tas: stall frame 179 ms -> contributing 1 tick (patch 0286)
[16:15:39] [info] tas: stall frame 180 ms -> contributing 1 tick (patch 0286)
[16:15:40] [info] tas: stall frame 171 ms -> contributing 1 tick (patch 0286)
[16:15:40] [info] backdrop cache: thrashing-detect engaged (streak=4, route=direct)
[16:15:40] [info] tas: stall frame 158 ms -> contributing 1 tick (patch 0286)
[16:15:40] [info] flip-probe: flip #360 ok=true present=4ms inter_flip_ms=181 drawcalls-since-flip=134 drawcalls-total=39730 fail-total=0 null-skips-total=0
[16:15:40] [info] tas: stall frame 189 ms -> contributing 1 tick (patch 0286)
[16:15:40] [info] tas: stall frame 154 ms -> contributing 1 tick (patch 0286)
[16:15:41] [info] tas: stall frame 162 ms -> contributing 1 tick (patch 0286)
[16:15:41] [info] tas: stall frame 151 ms -> contributing 1 tick (patch 0286)
[16:15:41] [info] tas: stall frame 163 ms -> contributing 1 tick (patch 0286)
[16:15:42] [info] tas: stall frame 156 ms -> contributing 1 tick (patch 0286)
[16:15:42] [info] flip-probe: flip #370 ok=true present=4ms inter_flip_ms=152 drawcalls-since-flip=143 drawcalls-total=41121 fail-total=0 null-skips-total=0
[16:15:42] [info] tas: stall frame 157 ms -> contributing 1 tick (patch 0286)
[16:15:42] [info] tas: stall frame 158 ms -> contributing 1 tick (patch 0286)
[16:15:42] [info] tas: stall frame 158 ms -> contributing 1 tick (patch 0286)
[16:15:42] [info] tas: stall frame 172 ms -> contributing 1 tick (patch 0286)
[16:15:43] [info] tas: stall frame 152 ms -> contributing 1 tick (patch 0286)
[16:15:43] [info] tas: stall frame 196 ms -> contributing 1 tick (patch 0286)
[16:15:43] [info] tas: stall frame 150 ms -> contributing 1 tick (patch 0286)
[16:15:43] [info] flip-probe: flip #380 ok=true present=4ms inter_flip_ms=135 drawcalls-since-flip=145 drawcalls-total=42598 fail-total=0 null-skips-total=0
[16:15:43] [info] tas: stall frame 157 ms -> contributing 1 tick (patch 0286)
[16:15:44] [info] tas: stall frame 169 ms -> contributing 1 tick (patch 0286)
[16:15:44] [info] tas: stall frame 162 ms -> contributing 1 tick (patch 0286)
[16:15:44] [info] tas: stall frame 156 ms -> contributing 1 tick (patch 0286)
[16:15:44] [info] tas: stall frame 154 ms -> contributing 1 tick (patch 0286)
[16:15:45] [info] tas: stall frame 164 ms -> contributing 1 tick (patch 0286)
[16:15:45] [info] flip-probe: flip #390 ok=true present=5ms inter_flip_ms=147 drawcalls-since-flip=143 drawcalls-total=44050 fail-total=0 null-skips-total=0
[16:15:45] [info] tas: stall frame 154 ms -> contributing 1 tick (patch 0286)
[16:15:45] [info] tas: stall frame 155 ms -> contributing 1 tick (patch 0286)
[16:15:45] [info] tas: stall frame 349 ms -> contributing 1 tick (patch 0286)
[16:15:46] [info] tas: stall frame 151 ms -> contributing 1 tick (patch 0286)
[16:15:46] [info] tas: stall frame 168 ms -> contributing 1 tick (patch 0286)
[16:15:46] [info] tas: stall frame 163 ms -> contributing 1 tick (patch 0286)
[16:15:46] [info] flip-probe: flip #400 ok=true present=4ms inter_flip_ms=134 drawcalls-since-flip=136 drawcalls-total=45424 fail-total=0 null-skips-total=0
[16:15:46] [info] alpha audit block 0: 17704 total drawcalls, 0 with alpha<255 (block pct_x10=0; global 0/41969 pct_x10=0); alpha-mod skipped: block=0 global=0
[16:15:46] [info] fastpath audit block 0: taken=17704 (idx8=17704) skipped=0 pct_x10=1000; global taken=41969 (idx8=41969) skipped=0 pct_x10=1000
[16:15:46] [info] primitive tally block 0: clear=202(hr=202) fill=0(hr=0) rect=0(hr=0) line=0(hr=0) tint=0 spotlight=0 (over 100 flips ending at flip 400)
[16:15:46] [info] color/alpha audit block 0: cmod_white=1300 cmod_black=1300 (idx=1300) cmod_general=0 (idx=0) cmod_fb=0; alpha_taken=0 alpha_skipped=0 (global cmod=4077/2535/693/0 idx=2535/693 alpha=0/0)
[16:15:46] [info] phase timing block 0: drawcalls=20545 dc_total_ms=2596 flip_inner_total_ms=1686 inter_flip_total_ms=20434 (per-flip avg x10: dc_ms=259 fi_ms=168 if_ms=2043 derived audio+engine_ms=1616; per-drawcall avg us_x10=1263) [direct-vesa: presents=100 total_ms=414 avg_ms_x10=41 failed=0] [ablation: NO_DC_TIMING=0 CACHE_WINSURF=0 DIRECT_VESA=1]
[16:15:46] [info] kbd/audio block 0: kbd_irq=0 kbd_drain=0 ring_chunks=16 pump_pass=1011 pic1_mask=0xb8 first_irq_ticks=0 install_ticks=0 vector_at_install=0x0083a0a0 pic1_mask_live=0x98 kbd_8042_stat=0x34 bios_kbd_head=0x0022 bios_kbd_tail=0x0022 bios_kbd_buf0=0x1c0d
[16:15:46] [info] audio/engine split block 0: audio_mixer_calls=456 audio_mixer_ms_x10=197 engine_tick_calls=0 engine_tick_ms_x10=0 audio_service_calls=0 audio_service_ms_x10=0 (per-flip avg; per-call us_x10: audio_mix=43278 engine_tick=0 audio_service=0; global ns: audio_mix=5578174297 engine_tick=19154902019 audio_service=0)
[16:15:46] [info] dirty-rect block @flip=400: total_calls=0 dirty_rects_avg=1 dirty_pct_x10=1000 forced_full=0 first_n_force=0 threshold_exceeded=0 dirty_path_taken=0 full_flush_taken=0
[16:15:46] [info] prev-frame-diff block @flip=400: diff_calls=0 diff_rects_avg=0 diff_dirty_pct_x10=0 bbox_pct_x10=0 bbox_thresh_exceeded=0
[16:15:46] [info] tas: stall frame 219 ms -> contributing 1 tick (patch 0286)
[16:15:47] [info] tas: stall frame 179 ms -> contributing 1 tick (patch 0286)
[16:15:47] [info] tas: stall frame 157 ms -> contributing 1 tick (patch 0286)
[16:15:48] [info] tas: stall frame 150 ms -> contributing 1 tick (patch 0286)
[16:15:48] [info] flip-probe: flip #410 ok=true present=5ms inter_flip_ms=151 drawcalls-since-flip=137 drawcalls-total=46708 fail-total=0 null-skips-total=0
[16:15:48] [info] tas: stall frame 157 ms -> contributing 1 tick (patch 0286)
[16:15:48] [info] tas: stall frame 150 ms -> contributing 1 tick (patch 0286)
[16:15:48] [info] tas: stall frame 161 ms -> contributing 1 tick (patch 0286)
[16:15:49] [info] tas: stall frame 158 ms -> contributing 1 tick (patch 0286)
[16:15:49] [info] backdrop cache: thrashing-detect engaged (streak=64, route=direct)
[16:15:49] [info] flip-probe: flip #420 ok=true present=4ms inter_flip_ms=149 drawcalls-since-flip=133 drawcalls-total=48032 fail-total=0 null-skips-total=0
[16:15:49] [info] tas: stall frame 156 ms -> contributing 1 tick (patch 0286)
[16:15:50] [info] tas: stall frame 158 ms -> contributing 1 tick (patch 0286)
[16:15:50] [info] tas: stall frame 157 ms -> contributing 1 tick (patch 0286)
[16:15:50] [info] tas: stall frame 156 ms -> contributing 1 tick (patch 0286)
[16:15:51] [info] tas: stall frame 161 ms -> contributing 1 tick (patch 0286)
[16:15:51] [info] flip-probe: flip #430 ok=true present=5ms inter_flip_ms=144 drawcalls-since-flip=123 drawcalls-total=49356 fail-total=0 null-skips-total=0
[16:15:51] [info] tas: stall frame 152 ms -> contributing 1 tick (patch 0286)
[16:15:51] [info] tas: stall frame 151 ms -> contributing 1 tick (patch 0286)
[16:15:51] [info] tas: stall frame 150 ms -> contributing 1 tick (patch 0286)
[16:15:51] [info] tas: stall frame 168 ms -> contributing 1 tick (patch 0286)
[16:15:52] [info] tas: stall frame 162 ms -> contributing 1 tick (patch 0286)
[16:15:52] [info] backdrop cache: thrashing-detect engaged (streak=4, route=direct)
[16:15:52] [info] tas: stall frame 158 ms -> contributing 1 tick (patch 0286)
[16:15:52] [info] flip-probe: flip #440 ok=true present=5ms inter_flip_ms=110 drawcalls-since-flip=106 drawcalls-total=50568 fail-total=0 null-skips-total=0
[16:15:52] [info] tas: stall frame 158 ms -> contributing 1 tick (patch 0286)
[16:15:53] [info] tas: stall frame 155 ms -> contributing 1 tick (patch 0286)
[16:15:53] [info] tas: stall frame 153 ms -> contributing 1 tick (patch 0286)
[16:15:53] [info] tas: stall frame 160 ms -> contributing 1 tick (patch 0286)
[16:15:54] [info] flip-probe: flip #450 ok=true present=5ms inter_flip_ms=140 drawcalls-since-flip=114 drawcalls-total=51711 fail-total=0 null-skips-total=0
[16:15:54] [info] tas: stall frame 159 ms -> contributing 1 tick (patch 0286)
[16:15:54] [info] tas: stall frame 159 ms -> contributing 1 tick (patch 0286)
[16:15:55] [info] tas: stall frame 151 ms -> contributing 1 tick (patch 0286)
[16:15:55] [info] flip-probe: flip #460 ok=true present=5ms inter_flip_ms=145 drawcalls-since-flip=110 drawcalls-total=52820 fail-total=0 null-skips-total=0
[16:15:55] [info] tas: stall frame 155 ms -> contributing 1 tick (patch 0286)
[16:15:56] [info] tas: stall frame 150 ms -> contributing 1 tick (patch 0286)
[16:15:56] [info] tas: stall frame 151 ms -> contributing 1 tick (patch 0286)
[16:15:56] [info] flip-probe: flip #470 ok=true present=5ms inter_flip_ms=126 drawcalls-since-flip=116 drawcalls-total=53965 fail-total=0 null-skips-total=0
[16:15:57] [info] tas: stall frame 152 ms -> contributing 1 tick (patch 0286)
[16:15:57] [info] tas: stall frame 150 ms -> contributing 1 tick (patch 0286)
[16:15:58] [info] tas: stall frame 155 ms -> contributing 1 tick (patch 0286)
[16:15:58] [info] flip-probe: flip #480 ok=true present=4ms inter_flip_ms=127 drawcalls-since-flip=113 drawcalls-total=55087 fail-total=0 null-skips-total=0
[16:15:58] [info] tas: stall frame 152 ms -> contributing 1 tick (patch 0286)
[16:15:58] [info] tas: stall frame 150 ms -> contributing 1 tick (patch 0286)
[16:15:59] [info] tas: stall frame 151 ms -> contributing 1 tick (patch 0286)
[16:15:59] [info] tas: stall frame 158 ms -> contributing 1 tick (patch 0286)
[16:15:59] [info] flip-probe: flip #490 ok=true present=4ms inter_flip_ms=156 drawcalls-since-flip=110 drawcalls-total=56195 fail-total=0 null-skips-total=0
[16:15:59] [info] tas: stall frame 164 ms -> contributing 1 tick (patch 0286)
[16:16:00] [info] tas: stall frame 157 ms -> contributing 1 tick (patch 0286)
[16:16:00] [info] tas: stall frame 155 ms -> contributing 1 tick (patch 0286)
[16:16:00] [info] tas: stall frame 158 ms -> contributing 1 tick (patch 0286)
[16:16:00] [info] backdrop cache: thrashing-detect engaged (streak=64, route=direct)
[16:16:01] [info] tas: stall frame 167 ms -> contributing 1 tick (patch 0286)
[16:16:01] [info] tas: stall frame 157 ms -> contributing 1 tick (patch 0286)
[16:16:01] [info] flip-probe: flip #500 ok=true present=5ms inter_flip_ms=125 drawcalls-since-flip=122 drawcalls-total=57362 fail-total=0 null-skips-total=0
[16:16:01] [info] alpha audit block 0: 11357 total drawcalls, 0 with alpha<255 (block pct_x10=0; global 0/53326 pct_x10=0); alpha-mod skipped: block=0 global=0
[16:16:01] [info] fastpath audit block 0: taken=11357 (idx8=11357) skipped=0 pct_x10=1000; global taken=53326 (idx8=53326) skipped=0 pct_x10=1000
[16:16:01] [info] primitive tally block 0: clear=200(hr=200) fill=0(hr=0) rect=0(hr=0) line=0(hr=0) tint=0 spotlight=0 (over 100 flips ending at flip 500)
[16:16:01] [info] color/alpha audit block 0: cmod_white=481 cmod_black=481 (idx=481) cmod_general=0 (idx=0) cmod_fb=0; alpha_taken=0 alpha_skipped=0 (global cmod=4558/3016/693/0 idx=3016/693 alpha=0/0)
[16:16:01] [info] phase timing block 0: drawcalls=12523 dc_total_ms=1419 flip_inner_total_ms=1642 inter_flip_total_ms=14398 (per-flip avg x10: dc_ms=141 fi_ms=164 if_ms=1439 derived audio+engine_ms=1134; per-drawcall avg us_x10=1133) [direct-vesa: presents=100 total_ms=412 avg_ms_x10=41 failed=0] [ablation: NO_DC_TIMING=0 CACHE_WINSURF=0 DIRECT_VESA=1]
[16:16:01] [info] kbd/audio block 0: kbd_irq=0 kbd_drain=0 ring_chunks=16 pump_pass=1393 pic1_mask=0xb8 first_irq_ticks=0 install_ticks=0 vector_at_install=0x0083a0a0 pic1_mask_live=0x98 kbd_8042_stat=0x34 bios_kbd_head=0x0022 bios_kbd_tail=0x0022 bios_kbd_buf0=0x1c0d
[16:16:01] [info] audio/engine split block 0: audio_mixer_calls=456 audio_mixer_ms_x10=197 engine_tick_calls=0 engine_tick_ms_x10=0 audio_service_calls=0 audio_service_ms_x10=0 (per-flip avg; per-call us_x10: audio_mix=43265 engine_tick=0 audio_service=0; global ns: audio_mix=7551102105 engine_tick=19154902019 audio_service=0)
[16:16:01] [info] dirty-rect block @flip=500: total_calls=0 dirty_rects_avg=1 dirty_pct_x10=1000 forced_full=0 first_n_force=0 threshold_exceeded=0 dirty_path_taken=0 full_flush_taken=0
[16:16:01] [info] prev-frame-diff block @flip=500: diff_calls=0 diff_rects_avg=0 diff_dirty_pct_x10=0 bbox_pct_x10=0 bbox_thresh_exceeded=0
[16:16:01] [info] tas: stall frame 215 ms -> contributing 1 tick (patch 0286)
[16:16:01] [info] tas: stall frame 169 ms -> contributing 1 tick (patch 0286)
[16:16:01] [info] tas: stall frame 150 ms -> contributing 1 tick (patch 0286)
[16:16:02] [info] flip-probe: flip #510 ok=true present=4ms inter_flip_ms=150 drawcalls-since-flip=118 drawcalls-total=58542 fail-total=0 null-skips-total=0
[16:16:02] [info] tas: stall frame 156 ms -> contributing 1 tick (patch 0286)
[16:16:02] [info] tas: stall frame 180 ms -> contributing 1 tick (patch 0286)
[16:16:03] [info] tas: stall frame 158 ms -> contributing 1 tick (patch 0286)
[16:16:03] [info] tas: stall frame 156 ms -> contributing 1 tick (patch 0286)
[16:16:03] [info] tas: stall frame 156 ms -> contributing 1 tick (patch 0286)
[16:16:04] [info] flip-probe: flip #520 ok=true present=5ms inter_flip_ms=157 drawcalls-since-flip=119 drawcalls-total=59718 fail-total=0 null-skips-total=0
[16:16:04] [info] tas: stall frame 165 ms -> contributing 1 tick (patch 0286)
[16:16:04] [info] tas: stall frame 156 ms -> contributing 1 tick (patch 0286)
[16:16:04] [info] tas: stall frame 153 ms -> contributing 1 tick (patch 0286)
[16:16:05] [info] tas: stall frame 153 ms -> contributing 1 tick (patch 0286)
[16:16:05] [info] tas: stall frame 156 ms -> contributing 1 tick (patch 0286)
[16:16:05] [info] tas: stall frame 171 ms -> contributing 1 tick (patch 0286)
[16:16:05] [info] flip-probe: flip #530 ok=true present=4ms inter_flip_ms=135 drawcalls-since-flip=403 drawcalls-total=61944 fail-total=0 null-skips-total=0
[16:16:05] [info] tas: stall frame 174 ms -> contributing 1 tick (patch 0286)
[16:16:06] [info] tas: stall frame 179 ms -> contributing 1 tick (patch 0286)
[16:16:06] [info] tas: stall frame 164 ms -> contributing 1 tick (patch 0286)
[16:16:06] [info] tas: stall frame 164 ms -> contributing 1 tick (patch 0286)
[16:16:06] [info] tas: stall frame 165 ms -> contributing 1 tick (patch 0286)
[16:16:06] [info] tas: stall frame 164 ms -> contributing 1 tick (patch 0286)
[16:16:06] [info]  >> Entering stage 11: 'Mimiga Village'.
[16:16:06] [info] [skip-sheet-flush] cave=5
[16:16:07] [info] [load-stage] preloading entry music song=9 (cave=5)
[16:16:12] [info] Organya pre-render: cache HIT MURA (5927040 bytes from CACHE; 2 ch; synth skipped).
[16:16:13] [info] gameloop: entered (curmap=11, running=1)
[16:16:13] [info] gameloop: iter 1 ticks=153676 mapno=-1
[16:16:13] [info] mds-clear-lut: rebuilt N=240 entries (k_skip=0% k_keep=100%; curmap=11 map_size=60x60; rebuild #3 since boot)
[16:16:13] [info] gameloop: iter 2 ticks=154043 mapno=-1
[16:16:13] [info] tas: stall frame 369 ms -> contributing 1 tick (patch 0286)
[16:16:13] [info] flip-probe: flip #540 ok=true present=4ms inter_flip_ms=169 drawcalls-since-flip=345 drawcalls-total=65256 fail-total=0 null-skips-total=0
[16:16:13] [info] gameloop: iter 3 ticks=154220 mapno=-1
[16:16:13] [info] tas: stall frame 173 ms -> contributing 1 tick (patch 0286)
[16:16:13] [info] tas: stall frame 158 ms -> contributing 1 tick (patch 0286)
[16:16:13] [info] tas: stall frame 158 ms -> contributing 1 tick (patch 0286)
[16:16:14] [info] tas: stall frame 161 ms -> contributing 1 tick (patch 0286)
[16:16:14] [info] tas: stall frame 157 ms -> contributing 1 tick (patch 0286)
[16:16:14] [info] tas: stall frame 163 ms -> contributing 1 tick (patch 0286)
[16:16:14] [info] tas: stall frame 157 ms -> contributing 1 tick (patch 0286)
[16:16:14] [info] tas: stall frame 159 ms -> contributing 1 tick (patch 0286)
[16:16:15] [info] tas: stall frame 175 ms -> contributing 1 tick (patch 0286)
[16:16:15] [info] flip-probe: flip #550 ok=true present=4ms inter_flip_ms=170 drawcalls-since-flip=300 drawcalls-total=68661 fail-total=0 null-skips-total=0
[16:16:15] [info] tas: stall frame 177 ms -> contributing 1 tick (patch 0286)
[16:16:15] [info] tas: stall frame 150 ms -> contributing 1 tick (patch 0286)
[16:16:15] [info] tas: stall frame 159 ms -> contributing 1 tick (patch 0286)
[16:16:15] [info] tas: stall frame 151 ms -> contributing 1 tick (patch 0286)
[16:16:16] [info] backdrop cache: thrashing-detect engaged (streak=4, route=direct)
[16:16:16] [info] flip-probe: flip #560 ok=true present=4ms inter_flip_ms=123 drawcalls-since-flip=41 drawcalls-total=70010 fail-total=0 null-skips-total=0
[16:16:17] [info] flip-probe: flip #570 ok=true present=5ms inter_flip_ms=132 drawcalls-since-flip=41 drawcalls-total=70420 fail-total=0 null-skips-total=0
[16:16:19] [info] flip-probe: flip #580 ok=true present=4ms inter_flip_ms=124 drawcalls-since-flip=41 drawcalls-total=70835 fail-total=0 null-skips-total=0
[16:16:20] [info] flip-probe: flip #590 ok=true present=4ms inter_flip_ms=123 drawcalls-since-flip=42 drawcalls-total=71254 fail-total=0 null-skips-total=0
[16:16:21] [info] flip-probe: flip #600 ok=true present=4ms inter_flip_ms=119 drawcalls-since-flip=43 drawcalls-total=71675 fail-total=0 null-skips-total=0
[16:16:21] [info] alpha audit block 0: 13407 total drawcalls, 0 with alpha<255 (block pct_x10=0; global 0/66733 pct_x10=0); alpha-mod skipped: block=0 global=0
[16:16:21] [info] fastpath audit block 0: taken=13407 (idx8=13407) skipped=0 pct_x10=1000; global taken=66733 (idx8=66733) skipped=0 pct_x10=1000
[16:16:21] [info] primitive tally block 0: clear=202(hr=202) fill=0(hr=0) rect=0(hr=0) line=0(hr=0) tint=0 spotlight=0 (over 100 flips ending at flip 600)
[16:16:21] [info] color/alpha audit block 0: cmod_white=806 cmod_black=806 (idx=806) cmod_general=0 (idx=0) cmod_fb=0; alpha_taken=0 alpha_skipped=0 (global cmod=5364/3822/693/0 idx=3822/693 alpha=0/0)
[16:16:21] [info] phase timing block 0: drawcalls=15239 dc_total_ms=2139 flip_inner_total_ms=1642 inter_flip_total_ms=20242 (per-flip avg x10: dc_ms=213 fi_ms=164 if_ms=2024 derived audio+engine_ms=1647; per-drawcall avg us_x10=1403) [direct-vesa: presents=100 total_ms=410 avg_ms_x10=41 failed=0] [ablation: NO_DC_TIMING=0 CACHE_WINSURF=0 DIRECT_VESA=1]
[16:16:21] [info] kbd/audio block 0: kbd_irq=0 kbd_drain=0 ring_chunks=16 pump_pass=1780 pic1_mask=0xb8 first_irq_ticks=0 install_ticks=0 vector_at_install=0x0083a0a0 pic1_mask_live=0x98 kbd_8042_stat=0x34 bios_kbd_head=0x0022 bios_kbd_tail=0x0022 bios_kbd_buf0=0x1c0d
[16:16:21] [info] audio/engine split block 0: audio_mixer_calls=456 audio_mixer_ms_x10=197 engine_tick_calls=0 engine_tick_ms_x10=0 audio_service_calls=0 audio_service_ms_x10=0 (per-flip avg; per-call us_x10: audio_mix=43318 engine_tick=0 audio_service=0; global ns: audio_mix=9526423528 engine_tick=19154902019 audio_service=0)
[16:16:21] [info] dirty-rect block @flip=600: total_calls=0 dirty_rects_avg=1 dirty_pct_x10=1000 forced_full=0 first_n_force=0 threshold_exceeded=0 dirty_path_taken=0 full_flush_taken=0
[16:16:21] [info] prev-frame-diff block @flip=600: diff_calls=0 diff_rects_avg=0 diff_dirty_pct_x10=0 bbox_pct_x10=0 bbox_thresh_exceeded=0
[16:16:21] [info] tas: stall frame 210 ms -> contributing 1 tick (patch 0286)
[16:16:22] [info] flip-probe: flip #610 ok=true present=4ms inter_flip_ms=122 drawcalls-since-flip=44 drawcalls-total=72111 fail-total=0 null-skips-total=0
[16:16:23] [info] backdrop cache: thrashing-detect engaged (streak=64, route=direct)
[16:16:24] [info] flip-probe: flip #620 ok=true present=4ms inter_flip_ms=85 drawcalls-since-flip=42 drawcalls-total=72543 fail-total=0 null-skips-total=0
[16:16:25] [info] flip-probe: flip #630 ok=true present=5ms inter_flip_ms=119 drawcalls-since-flip=42 drawcalls-total=72966 fail-total=0 null-skips-total=0
[16:16:26] [info] tas: stall frame 173 ms -> contributing 1 tick (patch 0286)
[16:16:26] [info] flip-probe: flip #640 ok=true present=4ms inter_flip_ms=143 drawcalls-since-flip=53 drawcalls-total=73408 fail-total=0 null-skips-total=0
[16:16:26] [info] tas: stall frame 155 ms -> contributing 1 tick (patch 0286)
[16:16:27] [info] tas: stall frame 153 ms -> contributing 1 tick (patch 0286)
[16:16:27] [info] tas: stall frame 153 ms -> contributing 1 tick (patch 0286)
[16:16:27] [info] flip-probe: flip #650 ok=true present=4ms inter_flip_ms=122 drawcalls-since-flip=46 drawcalls-total=73877 fail-total=0 null-skips-total=0
[16:16:28] [info] tas: stall frame 150 ms -> contributing 1 tick (patch 0286)
[16:16:28] [info] tas: stall frame 153 ms -> contributing 1 tick (patch 0286)
[16:16:29] [info] flip-probe: flip #660 ok=true present=4ms inter_flip_ms=157 drawcalls-since-flip=305 drawcalls-total=75512 fail-total=0 null-skips-total=0
[16:16:29] [info] tas: stall frame 164 ms -> contributing 1 tick (patch 0286)
[16:16:29] [info] tas: stall frame 160 ms -> contributing 1 tick (patch 0286)
[16:16:29] [info] tas: stall frame 154 ms -> contributing 1 tick (patch 0286)
[16:16:29] [info] tas: stall frame 157 ms -> contributing 1 tick (patch 0286)
[16:16:29] [info] tas: stall frame 154 ms -> contributing 1 tick (patch 0286)
[16:16:30] [info] tas: stall frame 156 ms -> contributing 1 tick (patch 0286)
[16:16:30] [info]  >> Entering stage 15: 'Reservoir'.
[16:16:30] [info] [skip-sheet-flush] cave=6
[16:16:30] [info] [load-stage] preloading entry music song=9 (cave=6)
[16:16:30] [info] gameloop: entered (curmap=15, running=1)
[16:16:30] [info] gameloop: iter 1 ticks=171558 mapno=-1
[16:16:31] [info] mds-clear-lut: rebuilt N=240 entries (k_skip=13% k_keep=87%; curmap=15 map_size=40x20; rebuild #4 since boot)
[16:16:31] [info] gameloop: iter 2 ticks=171736 mapno=-1
[16:16:31] [info] tas: stall frame 176 ms -> contributing 1 tick (patch 0286)
[16:16:31] [info] gameloop: iter 3 ticks=171900 mapno=-1
[16:16:31] [info] tas: stall frame 164 ms -> contributing 1 tick (patch 0286)
[16:16:31] [info] flip-probe: flip #670 ok=true present=4ms inter_flip_ms=164 drawcalls-since-flip=336 drawcalls-total=78355 fail-total=0 null-skips-total=0
[16:16:31] [info] tas: stall frame 165 ms -> contributing 1 tick (patch 0286)
[16:16:31] [info] tas: stall frame 155 ms -> contributing 1 tick (patch 0286)
[16:16:31] [info] tas: stall frame 155 ms -> contributing 1 tick (patch 0286)
[16:16:31] [info] tas: stall frame 157 ms -> contributing 1 tick (patch 0286)
[16:16:32] [info] tas: stall frame 157 ms -> contributing 1 tick (patch 0286)
[16:16:32] [info] tas: stall frame 157 ms -> contributing 1 tick (patch 0286)
[16:16:32] [info] tas: stall frame 161 ms -> contributing 1 tick (patch 0286)
[16:16:32] [info] tas: stall frame 153 ms -> contributing 1 tick (patch 0286)
[16:16:32] [info] tas: stall frame 152 ms -> contributing 1 tick (patch 0286)
[16:16:33] [info] flip-probe: flip #680 ok=true present=4ms inter_flip_ms=149 drawcalls-since-flip=291 drawcalls-total=81625 fail-total=0 null-skips-total=0
[16:16:33] [info] tas: stall frame 157 ms -> contributing 1 tick (patch 0286)
[16:16:34] [info] flip-probe: flip #690 ok=true present=4ms inter_flip_ms=112 drawcalls-since-flip=32 drawcalls-total=82471 fail-total=0 null-skips-total=0
[16:16:34] [info] backdrop cache: thrashing-detect engaged (streak=4, route=direct)
[16:16:35] [info] tas: stall frame 163 ms -> contributing 1 tick (patch 0286)
[16:16:35] [info] flip-probe: flip #700 ok=true present=5ms inter_flip_ms=135 drawcalls-since-flip=35 drawcalls-total=82800 fail-total=0 null-skips-total=0
[16:16:35] [info] alpha audit block 0: 9974 total drawcalls, 0 with alpha<255 (block pct_x10=0; global 0/76707 pct_x10=0); alpha-mod skipped: block=0 global=0
[16:16:35] [info] fastpath audit block 0: taken=9974 (idx8=9974) skipped=0 pct_x10=1000; global taken=76707 (idx8=76707) skipped=0 pct_x10=1000
[16:16:35] [info] primitive tally block 0: clear=201(hr=201) fill=0(hr=0) rect=0(hr=0) line=0(hr=0) tint=0 spotlight=0 (over 100 flips ending at flip 700)
[16:16:35] [info] color/alpha audit block 0: cmod_white=1051 cmod_black=1051 (idx=1051) cmod_general=0 (idx=0) cmod_fb=0; alpha_taken=0 alpha_skipped=0 (global cmod=6415/4873/693/0 idx=4873/693 alpha=0/0)
[16:16:35] [info] phase timing block 0: drawcalls=12306 dc_total_ms=2068 flip_inner_total_ms=1712 inter_flip_total_ms=13941 (per-flip avg x10: dc_ms=206 fi_ms=171 if_ms=1394 derived audio+engine_ms=1017; per-drawcall avg us_x10=1680) [direct-vesa: presents=100 total_ms=412 avg_ms_x10=41 failed=0] [ablation: NO_DC_TIMING=0 CACHE_WINSURF=0 DIRECT_VESA=1]
[16:16:35] [info] kbd/audio block 0: kbd_irq=0 kbd_drain=0 ring_chunks=16 pump_pass=2180 pic1_mask=0xb8 first_irq_ticks=0 install_ticks=0 vector_at_install=0x0083a0a0 pic1_mask_live=0x98 kbd_8042_stat=0x34 bios_kbd_head=0x0022 bios_kbd_tail=0x0022 bios_kbd_buf0=0x1c0d
[16:16:35] [info] audio/engine split block 0: audio_mixer_calls=456 audio_mixer_ms_x10=197 engine_tick_calls=0 engine_tick_ms_x10=0 audio_service_calls=0 audio_service_ms_x10=0 (per-flip avg; per-call us_x10: audio_mix=43393 engine_tick=0 audio_service=0; global ns: audio_mix=11505161009 engine_tick=19154902019 audio_service=0)
[16:16:35] [info] dirty-rect block @flip=700: total_calls=0 dirty_rects_avg=1 dirty_pct_x10=1000 forced_full=0 first_n_force=0 threshold_exceeded=0 dirty_path_taken=0 full_flush_taken=0
[16:16:35] [info] prev-frame-diff block @flip=700: diff_calls=0 diff_rects_avg=0 diff_dirty_pct_x10=0 bbox_pct_x10=0 bbox_thresh_exceeded=0
[16:16:35] [info] tas: stall frame 225 ms -> contributing 1 tick (patch 0286)
[16:16:36] [info] flip-probe: flip #710 ok=true present=4ms inter_flip_ms=79 drawcalls-since-flip=32 drawcalls-total=83134 fail-total=0 null-skips-total=0
[16:16:37] [info] tas: stall frame 348 ms -> contributing 1 tick (patch 0286)
[16:16:38] [info] flip-probe: flip #720 ok=true present=4ms inter_flip_ms=114 drawcalls-since-flip=33 drawcalls-total=83457 fail-total=0 null-skips-total=0
[16:16:39] [info] flip-probe: flip #730 ok=true present=5ms inter_flip_ms=126 drawcalls-since-flip=36 drawcalls-total=83805 fail-total=0 null-skips-total=0
[16:16:40] [info] flip-probe: flip #740 ok=true present=4ms inter_flip_ms=118 drawcalls-since-flip=36 drawcalls-total=84164 fail-total=0 null-skips-total=0
[16:16:41] [info] run_tick_fixed #2400: heartbeat (loop alive)
[16:16:41] [info] flip-probe: flip #750 ok=true present=5ms inter_flip_ms=117 drawcalls-since-flip=34 drawcalls-total=84511 fail-total=0 null-skips-total=0
[16:16:42] [info] backdrop cache: thrashing-detect engaged (streak=64, route=direct)
[16:16:42] [info] flip-probe: flip #760 ok=true present=5ms inter_flip_ms=117 drawcalls-since-flip=35 drawcalls-total=84848 fail-total=0 null-skips-total=0
[16:16:43] [info] tas: stall frame 334 ms -> contributing 1 tick (patch 0286)
[16:16:44] [info] flip-probe: flip #770 ok=true present=4ms inter_flip_ms=123 drawcalls-since-flip=32 drawcalls-total=85187 fail-total=0 null-skips-total=0
[16:16:44] [info] backdrop cache: thrashing-detect engaged (streak=4, route=direct)
[16:16:45] [info] flip-probe: flip #780 ok=true present=4ms inter_flip_ms=119 drawcalls-since-flip=32 drawcalls-total=85512 fail-total=0 null-skips-total=0
[16:16:45] [info] tas: stall frame 154 ms -> contributing 1 tick (patch 0286)
[16:16:45] [info] tas: stall frame 163 ms -> contributing 1 tick (patch 0286)
[16:16:46] [info] flip-probe: flip #790 ok=true present=4ms inter_flip_ms=141 drawcalls-since-flip=23 drawcalls-total=85876 fail-total=0 null-skips-total=0
[16:16:47] [info] flip-probe: flip #800 ok=true present=4ms inter_flip_ms=75 drawcalls-since-flip=14 drawcalls-total=86069 fail-total=0 null-skips-total=0
[16:16:47] [info] alpha audit block 0: 2386 total drawcalls, 0 with alpha<255 (block pct_x10=0; global 0/79093 pct_x10=0); alpha-mod skipped: block=0 global=0
[16:16:47] [info] fastpath audit block 0: taken=2386 (idx8=2386) skipped=0 pct_x10=1000; global taken=79093 (idx8=79093) skipped=0 pct_x10=1000
[16:16:47] [info] primitive tally block 0: clear=200(hr=200) fill=0(hr=0) rect=0(hr=0) line=0(hr=0) tint=0 spotlight=0 (over 100 flips ending at flip 800)
[16:16:47] [info] color/alpha audit block 0: cmod_white=783 cmod_black=783 (idx=783) cmod_general=0 (idx=0) cmod_fb=0; alpha_taken=0 alpha_skipped=0 (global cmod=7198/5656/693/0 idx=5656/693 alpha=0/0)
[16:16:47] [info] phase timing block 0: drawcalls=4162 dc_total_ms=998 flip_inner_total_ms=1721 inter_flip_total_ms=12319 (per-flip avg x10: dc_ms=99 fi_ms=172 if_ms=1231 derived audio+engine_ms=960; per-drawcall avg us_x10=2398) [direct-vesa: presents=100 total_ms=412 avg_ms_x10=41 failed=0] [ablation: NO_DC_TIMING=0 CACHE_WINSURF=0 DIRECT_VESA=1]
[16:16:47] [info] kbd/audio block 0: kbd_irq=0 kbd_drain=0 ring_chunks=16 pump_pass=2665 pic1_mask=0xb8 first_irq_ticks=0 install_ticks=0 vector_at_install=0x0083a0a0 pic1_mask_live=0x98 kbd_8042_stat=0x34 bios_kbd_head=0x0022 bios_kbd_tail=0x0022 bios_kbd_buf0=0x1c0d
[16:16:47] [info] audio/engine split block 0: audio_mixer_calls=452 audio_mixer_ms_x10=195 engine_tick_calls=0 engine_tick_ms_x10=0 audio_service_calls=0 audio_service_ms_x10=0 (per-flip avg; per-call us_x10: audio_mix=43322 engine_tick=0 audio_service=0; global ns: audio_mix=13463344176 engine_tick=19154902019 audio_service=0)
[16:16:47] [info] dirty-rect block @flip=800: total_calls=0 dirty_rects_avg=1 dirty_pct_x10=1000 forced_full=0 first_n_force=0 threshold_exceeded=0 dirty_path_taken=0 full_flush_taken=0
[16:16:47] [info] prev-frame-diff block @flip=800: diff_calls=0 diff_rects_avg=0 diff_dirty_pct_x10=0 bbox_pct_x10=0 bbox_thresh_exceeded=0
[16:16:47] [info] tas: stall frame 175 ms -> contributing 1 tick (patch 0286)
[16:16:49] [info] flip-probe: flip #810 ok=true present=4ms inter_flip_ms=139 drawcalls-since-flip=228 drawcalls-total=86562 fail-total=0 null-skips-total=0
[16:16:49] [info] tas: stall frame 151 ms -> contributing 1 tick (patch 0286)
[16:16:49] [info] tas: stall frame 159 ms -> contributing 1 tick (patch 0286)
[16:16:49] [info] tas: stall frame 152 ms -> contributing 1 tick (patch 0286)
[16:16:49] [info] tas: stall frame 152 ms -> contributing 1 tick (patch 0286)
[16:16:49] [info] tas: stall frame 153 ms -> contributing 1 tick (patch 0286)
[16:16:50] [info] tas: stall frame 154 ms -> contributing 1 tick (patch 0286)
[16:16:50] [info] tas: stall frame 153 ms -> contributing 1 tick (patch 0286)
[16:16:50] [info] tas: stall frame 153 ms -> contributing 1 tick (patch 0286)
[16:16:50] [info] flip-probe: flip #820 ok=true present=4ms inter_flip_ms=110 drawcalls-since-flip=3 drawcalls-total=89412 fail-total=0 null-skips-total=0
[16:16:50] [info]  >> Entering stage 11: 'Mimiga Village'.
[16:16:50] [info] [skip-sheet-flush] cave=7
[16:16:51] [info] [load-stage] preloading entry music song=9 (cave=7)
[16:16:51] [info] gameloop: entered (curmap=11, running=1)
[16:16:51] [info] gameloop: iter 1 ticks=191952 mapno=-1
[16:16:51] [info] mds-clear-lut: rebuilt N=240 entries (k_skip=0% k_keep=100%; curmap=11 map_size=60x60; rebuild #5 since boot)
[16:16:51] [info] gameloop: iter 2 ticks=192127 mapno=-1
[16:16:51] [info] tas: stall frame 176 ms -> contributing 1 tick (patch 0286)
[16:16:51] [info] gameloop: iter 3 ticks=192294 mapno=-1
[16:16:51] [info] tas: stall frame 167 ms -> contributing 1 tick (patch 0286)
[16:16:51] [info] tas: stall frame 158 ms -> contributing 1 tick (patch 0286)
[16:16:52] [info] tas: stall frame 157 ms -> contributing 1 tick (patch 0286)
[16:16:52] [info] tas: stall frame 157 ms -> contributing 1 tick (patch 0286)
[16:16:52] [info] tas: stall frame 158 ms -> contributing 1 tick (patch 0286)
[16:16:52] [info] tas: stall frame 163 ms -> contributing 1 tick (patch 0286)
[16:16:52] [info] tas: stall frame 161 ms -> contributing 1 tick (patch 0286)
[16:16:52] [info] flip-probe: flip #830 ok=true present=5ms inter_flip_ms=159 drawcalls-since-flip=331 drawcalls-total=92722 fail-total=0 null-skips-total=0
[16:16:52] [info] tas: stall frame 171 ms -> contributing 1 tick (patch 0286)
[16:16:53] [info] tas: stall frame 157 ms -> contributing 1 tick (patch 0286)
[16:16:53] [info] tas: stall frame 155 ms -> contributing 1 tick (patch 0286)
[16:16:53] [info] tas: stall frame 152 ms -> contributing 1 tick (patch 0286)
[16:16:53] [info] tas: stall frame 151 ms -> contributing 1 tick (patch 0286)
[16:16:54] [info] flip-probe: flip #840 ok=true present=4ms inter_flip_ms=120 drawcalls-since-flip=42 drawcalls-total=94674 fail-total=0 null-skips-total=0
[16:16:55] [info] flip-probe: flip #850 ok=true present=4ms inter_flip_ms=151 drawcalls-since-flip=53 drawcalls-total=95105 fail-total=0 null-skips-total=0
[16:16:55] [info] tas: stall frame 162 ms -> contributing 1 tick (patch 0286)
[16:16:55] [info] tas: stall frame 150 ms -> contributing 1 tick (patch 0286)
[16:16:56] [info] tas: stall frame 165 ms -> contributing 1 tick (patch 0286)
[16:16:56] [info] tas: stall frame 158 ms -> contributing 1 tick (patch 0286)
[16:16:56] [info] tas: stall frame 157 ms -> contributing 1 tick (patch 0286)
[16:16:56] [info] backdrop cache: thrashing-detect engaged (streak=4, route=direct)
[16:16:56] [info] flip-probe: flip #860 ok=true present=4ms inter_flip_ms=136 drawcalls-since-flip=49 drawcalls-total=95626 fail-total=0 null-skips-total=0
[16:16:58] [info] flip-probe: flip #870 ok=true present=4ms inter_flip_ms=125 drawcalls-since-flip=43 drawcalls-total=96083 fail-total=0 null-skips-total=0
[16:16:59] [info] flip-probe: flip #880 ok=true present=5ms inter_flip_ms=124 drawcalls-since-flip=46 drawcalls-total=96532 fail-total=0 null-skips-total=0
[16:17:00] [info] run_tick_fixed #3000: heartbeat (loop alive)
[16:17:00] [info] flip-probe: flip #890 ok=true present=4ms inter_flip_ms=85 drawcalls-since-flip=45 drawcalls-total=96982 fail-total=0 null-skips-total=0
[16:17:01] [info] flip-probe: flip #900 ok=true present=5ms inter_flip_ms=129 drawcalls-since-flip=44 drawcalls-total=97431 fail-total=0 null-skips-total=0
[16:17:01] [info] alpha audit block 0: 10222 total drawcalls, 0 with alpha<255 (block pct_x10=0; global 0/89315 pct_x10=0); alpha-mod skipped: block=0 global=0
[16:17:01] [info] fastpath audit block 0: taken=10222 (idx8=10222) skipped=0 pct_x10=1000; global taken=89315 (idx8=89315) skipped=0 pct_x10=1000
[16:17:01] [info] primitive tally block 0: clear=201(hr=201) fill=0(hr=0) rect=0(hr=0) line=0(hr=0) tint=0 spotlight=0 (over 100 flips ending at flip 900)
[16:17:01] [info] color/alpha audit block 0: cmod_white=1040 cmod_black=1040 (idx=1040) cmod_general=0 (idx=0) cmod_fb=0; alpha_taken=0 alpha_skipped=0 (global cmod=8238/6696/693/0 idx=6696/693 alpha=0/0)
[16:17:01] [info] phase timing block 0: drawcalls=12541 dc_total_ms=2152 flip_inner_total_ms=1689 inter_flip_total_ms=14088 (per-flip avg x10: dc_ms=215 fi_ms=168 if_ms=1408 derived audio+engine_ms=1025; per-drawcall avg us_x10=1716) [direct-vesa: presents=100 total_ms=413 avg_ms_x10=41 failed=0] [ablation: NO_DC_TIMING=0 CACHE_WINSURF=0 DIRECT_VESA=1]
[16:17:01] [info] kbd/audio block 0: kbd_irq=0 kbd_drain=0 ring_chunks=16 pump_pass=3060 pic1_mask=0xb8 first_irq_ticks=0 install_ticks=0 vector_at_install=0x0083a0a0 pic1_mask_live=0x98 kbd_8042_stat=0x34 bios_kbd_head=0x0022 bios_kbd_tail=0x0022 bios_kbd_buf0=0x1c0d
[16:17:01] [info] audio/engine split block 0: audio_mixer_calls=456 audio_mixer_ms_x10=197 engine_tick_calls=0 engine_tick_ms_x10=0 audio_service_calls=0 audio_service_ms_x10=0 (per-flip avg; per-call us_x10: audio_mix=43273 engine_tick=0 audio_service=0; global ns: audio_mix=15436632365 engine_tick=19154902019 audio_service=0)
[16:17:01] [info] dirty-rect block @flip=900: total_calls=0 dirty_rects_avg=1 dirty_pct_x10=1000 forced_full=0 first_n_force=0 threshold_exceeded=0 dirty_path_taken=0 full_flush_taken=0
[16:17:01] [info] prev-frame-diff block @flip=900: diff_calls=0 diff_rects_avg=0 diff_dirty_pct_x10=0 bbox_pct_x10=0 bbox_thresh_exceeded=0
[16:17:01] [info] tas: stall frame 226 ms -> contributing 1 tick (patch 0286)
[16:17:03] [info] flip-probe: flip #910 ok=true present=4ms inter_flip_ms=122 drawcalls-since-flip=43 drawcalls-total=97869 fail-total=0 null-skips-total=0
[16:17:04] [info] backdrop cache: thrashing-detect engaged (streak=64, route=direct)
[16:17:04] [info] flip-probe: flip #920 ok=true present=4ms inter_flip_ms=123 drawcalls-since-flip=45 drawcalls-total=98306 fail-total=0 null-skips-total=0
[16:17:05] [info] flip-probe: flip #930 ok=true present=4ms inter_flip_ms=122 drawcalls-since-flip=44 drawcalls-total=98755 fail-total=0 null-skips-total=0
[16:17:06] [info] flip-probe: flip #940 ok=true present=4ms inter_flip_ms=129 drawcalls-since-flip=44 drawcalls-total=99191 fail-total=0 null-skips-total=0
[16:17:07] [info] flip-probe: flip #950 ok=true present=4ms inter_flip_ms=117 drawcalls-since-flip=19 drawcalls-total=99377 fail-total=0 null-skips-total=0
[16:17:09] [info] flip-probe: flip #960 ok=true present=4ms inter_flip_ms=121 drawcalls-since-flip=20 drawcalls-total=99572 fail-total=0 null-skips-total=0
[16:17:10] [info] flip-probe: flip #970 ok=true present=5ms inter_flip_ms=119 drawcalls-since-flip=17 drawcalls-total=99766 fail-total=0 null-skips-total=0
[16:17:11] [info] backdrop cache: thrashing-detect engaged (streak=124, route=direct)
[16:17:11] [info] flip-probe: flip #980 ok=true present=4ms inter_flip_ms=82 drawcalls-since-flip=18 drawcalls-total=99938 fail-total=0 null-skips-total=0
[16:17:12] [info] flip-probe: flip #990 ok=true present=4ms inter_flip_ms=119 drawcalls-since-flip=16 drawcalls-total=100113 fail-total=0 null-skips-total=0
[16:17:13] [info] tas: stall frame 157 ms -> contributing 1 tick (patch 0286)
[16:17:13] [info] flip-probe: flip #1000 ok=true present=4ms inter_flip_ms=137 drawcalls-since-flip=18 drawcalls-total=100287 fail-total=0 null-skips-total=0
[16:17:13] [info] alpha audit block 0: 2236 total drawcalls, 0 with alpha<255 (block pct_x10=0; global 0/91551 pct_x10=0); alpha-mod skipped: block=0 global=0
[16:17:13] [info] fastpath audit block 0: taken=2236 (idx8=2236) skipped=0 pct_x10=1000; global taken=91551 (idx8=91551) skipped=0 pct_x10=1000
[16:17:13] [info] primitive tally block 0: clear=200(hr=200) fill=0(hr=0) rect=0(hr=0) line=0(hr=0) tint=0 spotlight=0 (over 100 flips ending at flip 1000)
[16:17:13] [info] color/alpha audit block 0: cmod_white=520 cmod_black=520 (idx=520) cmod_general=0 (idx=0) cmod_fb=0; alpha_taken=0 alpha_skipped=0 (global cmod=8758/7216/693/0 idx=7216/693 alpha=0/0)
[16:17:14] [info] phase timing block 0: drawcalls=3476 dc_total_ms=922 flip_inner_total_ms=1883 inter_flip_total_ms=12045 (per-flip avg x10: dc_ms=92 fi_ms=188 if_ms=1204 derived audio+engine_ms=924; per-drawcall avg us_x10=2653) [direct-vesa: presents=100 total_ms=413 avg_ms_x10=41 failed=0] [ablation: NO_DC_TIMING=0 CACHE_WINSURF=0 DIRECT_VESA=1]
[16:17:14] [info] kbd/audio block 0: kbd_irq=0 kbd_drain=0 ring_chunks=16 pump_pass=3549 pic1_mask=0xb8 first_irq_ticks=0 install_ticks=0 vector_at_install=0x0083a0a0 pic1_mask_live=0x98 kbd_8042_stat=0x34 bios_kbd_head=0x0022 bios_kbd_tail=0x0022 bios_kbd_buf0=0x1c0d
[16:17:14] [info] audio/engine split block 0: audio_mixer_calls=456 audio_mixer_ms_x10=197 engine_tick_calls=0 engine_tick_ms_x10=0 audio_service_calls=0 audio_service_ms_x10=0 (per-flip avg; per-call us_x10: audio_mix=43280 engine_tick=0 audio_service=0; global ns: audio_mix=17410218089 engine_tick=19154902019 audio_service=0)
[16:17:14] [info] dirty-rect block @flip=1000: total_calls=0 dirty_rects_avg=1 dirty_pct_x10=1000 forced_full=0 first_n_force=0 threshold_exceeded=0 dirty_path_taken=0 full_flush_taken=0
[16:17:14] [info] prev-frame-diff block @flip=1000: diff_calls=0 diff_rects_avg=0 diff_dirty_pct_x10=0 bbox_pct_x10=0 bbox_thresh_exceeded=0
[16:17:14] [info] tas: stall frame 427 ms -> contributing 1 tick (patch 0286)
[16:17:14] [info] tas: stall frame 153 ms -> contributing 1 tick (patch 0286)
[16:17:15] [info] flip-probe: flip #1010 ok=true present=4ms inter_flip_ms=127 drawcalls-since-flip=19 drawcalls-total=100481 fail-total=0 null-skips-total=0
[16:17:15] [info] run_tick_fixed #3600: heartbeat (loop alive)
[16:17:15] [info] tas: stall frame 161 ms -> contributing 1 tick (patch 0286)
[16:17:15] [info] tas: stall frame 158 ms -> contributing 1 tick (patch 0286)
[16:17:16] [info] tas: stall frame 162 ms -> contributing 1 tick (patch 0286)
[16:17:16] [info] tas: stall frame 169 ms -> contributing 1 tick (patch 0286)
[16:17:16] [info] tas: stall frame 166 ms -> contributing 1 tick (patch 0286)
[16:17:16] [info] tas: stall frame 169 ms -> contributing 1 tick (patch 0286)
[16:17:16] [info] tas: stall frame 164 ms -> contributing 1 tick (patch 0286)
[16:17:17] [info] flip-probe: flip #1020 ok=true present=4ms inter_flip_ms=164 drawcalls-since-flip=359 drawcalls-total=103487 fail-total=0 null-skips-total=0
[16:17:17] [info] tas: stall frame 171 ms -> contributing 1 tick (patch 0286)
[16:17:17] [info] tas: stall frame 166 ms -> contributing 1 tick (patch 0286)
[16:17:17] [info] tas: stall frame 164 ms -> contributing 1 tick (patch 0286)
[16:17:17] [info] tas: stall frame 165 ms -> contributing 1 tick (patch 0286)
[16:17:17] [info] tas: stall frame 164 ms -> contributing 1 tick (patch 0286)
[16:17:18] [info]  >> Entering stage 19: 'Assembly Hall'.
[16:17:18] [info] [skip-sheet-flush] cave=8
[16:17:18] [info] [load-stage] preloading entry music song=9 (cave=8)
[16:17:19] [info] gameloop: entered (curmap=19, running=1)
[16:17:19] [info] gameloop: iter 1 ticks=219715 mapno=-1
[16:17:19] [info] mds-clear-lut: rebuilt N=240 entries (k_skip=100% k_keep=0%; curmap=19 map_size=21x16; rebuild #6 since boot)
[16:17:19] [info] gameloop: iter 2 ticks=219905 mapno=-1
[16:17:19] [info] tas: stall frame 189 ms -> contributing 1 tick (patch 0286)
[16:17:19] [info] gameloop: iter 3 ticks=220090 mapno=-1
[16:17:19] [info] tas: stall frame 184 ms -> contributing 1 tick (patch 0286)
[16:17:19] [info] tas: stall frame 170 ms -> contributing 1 tick (patch 0286)
[16:17:19] [info] flip-probe: flip #1030 ok=true present=4ms inter_flip_ms=169 drawcalls-since-flip=463 drawcalls-total=106789 fail-total=0 null-skips-total=0
[16:17:19] [info] tas: stall frame 177 ms -> contributing 1 tick (patch 0286)
[16:17:19] [info] tas: stall frame 168 ms -> contributing 1 tick (patch 0286)
[16:17:20] [info] tas: stall frame 168 ms -> contributing 1 tick (patch 0286)
[16:17:20] [info] tas: stall frame 170 ms -> contributing 1 tick (patch 0286)
[16:17:20] [info] tas: stall frame 169 ms -> contributing 1 tick (patch 0286)
[16:17:20] [info] tas: stall frame 169 ms -> contributing 1 tick (patch 0286)
[16:17:20] [info] tas: stall frame 168 ms -> contributing 1 tick (patch 0286)
[16:17:21] [info] tas: stall frame 165 ms -> contributing 1 tick (patch 0286)
[16:17:21] [info] tas: stall frame 163 ms -> contributing 1 tick (patch 0286)
[16:17:21] [info] flip-probe: flip #1040 ok=true present=4ms inter_flip_ms=163 drawcalls-since-flip=423 drawcalls-total=111339 fail-total=0 null-skips-total=0
[16:17:21] [info] tas: stall frame 172 ms -> contributing 1 tick (patch 0286)
[16:17:21] [info] tas: stall frame 159 ms -> contributing 1 tick (patch 0286)
[16:17:21] [info] tas: stall frame 153 ms -> contributing 1 tick (patch 0286)
[16:17:22] [info] flip-probe: flip #1050 ok=true present=4ms inter_flip_ms=123 drawcalls-since-flip=122 drawcalls-total=113392 fail-total=0 null-skips-total=0
[16:17:24] [info] flip-probe: flip #1060 ok=true present=5ms inter_flip_ms=140 drawcalls-since-flip=125 drawcalls-total=114622 fail-total=0 null-skips-total=0
[16:17:24] [info] tas: stall frame 162 ms -> contributing 1 tick (patch 0286)
[16:17:24] [info] tas: stall frame 155 ms -> contributing 1 tick (patch 0286)
[16:17:25] [info] flip-probe: flip #1070 ok=true present=4ms inter_flip_ms=83 drawcalls-since-flip=122 drawcalls-total=115852 fail-total=0 null-skips-total=0
[16:17:26] [info] flip-probe: flip #1080 ok=true present=4ms inter_flip_ms=126 drawcalls-since-flip=122 drawcalls-total=117072 fail-total=0 null-skips-total=0
[16:17:27] [info] tas: stall frame 157 ms -> contributing 1 tick (patch 0286)
[16:17:27] [info] tas: stall frame 165 ms -> contributing 1 tick (patch 0286)
[16:17:27] [info] flip-probe: flip #1090 ok=true present=4ms inter_flip_ms=170 drawcalls-since-flip=462 drawcalls-total=119444 fail-total=0 null-skips-total=0
[16:17:27] [info] tas: stall frame 176 ms -> contributing 1 tick (patch 0286)
[16:17:27] [info] tas: stall frame 169 ms -> contributing 1 tick (patch 0286)
[16:17:28] [info] tas: stall frame 169 ms -> contributing 1 tick (patch 0286)
[16:17:28] [info] tas: stall frame 167 ms -> contributing 1 tick (patch 0286)
[16:17:28] [info] tas: stall frame 172 ms -> contributing 1 tick (patch 0286)
[16:17:28] [info] tas: stall frame 167 ms -> contributing 1 tick (patch 0286)
[16:17:28] [info] tas: stall frame 168 ms -> contributing 1 tick (patch 0286)
[16:17:29] [info] tas: stall frame 165 ms -> contributing 1 tick (patch 0286)
[16:17:29] [info]  >> Entering stage 11: 'Mimiga Village'.
[16:17:29] [info] [skip-sheet-flush] cave=9
[16:17:30] [info] [load-stage] preloading entry music song=9 (cave=9)
[16:17:30] [info] gameloop: entered (curmap=11, running=1)
[16:17:30] [info] gameloop: iter 1 ticks=230963 mapno=-1
[16:17:30] [info] mds-clear-lut: rebuilt N=240 entries (k_skip=0% k_keep=100%; curmap=11 map_size=60x60; rebuild #7 since boot)
[16:17:30] [info] flip-probe: flip #1100 ok=true present=4ms inter_flip_ms=1319 drawcalls-since-flip=384 drawcalls-total=123634 fail-total=0 null-skips-total=0
[16:17:30] [info] alpha audit block 0: 22358 total drawcalls, 0 with alpha<255 (block pct_x10=0; global 0/113909 pct_x10=0); alpha-mod skipped: block=0 global=0
[16:17:30] [info] fastpath audit block 0: taken=22358 (idx8=22358) skipped=0 pct_x10=1000; global taken=113909 (idx8=113909) skipped=0 pct_x10=1000
[16:17:30] [info] primitive tally block 0: clear=203(hr=203) fill=0(hr=0) rect=0(hr=0) line=0(hr=0) tint=0 spotlight=0 (over 100 flips ending at flip 1100)
[16:17:30] [info] color/alpha audit block 0: cmod_white=889 cmod_black=889 (idx=889) cmod_general=0 (idx=0) cmod_fb=0; alpha_taken=0 alpha_skipped=0 (global cmod=9647/8105/693/0 idx=8105/693 alpha=0/0)
[16:17:30] [info] phase timing block 0: drawcalls=24413 dc_total_ms=3222 flip_inner_total_ms=1707 inter_flip_total_ms=16653 (per-flip avg x10: dc_ms=322 fi_ms=170 if_ms=1665 derived audio+engine_ms=1173; per-drawcall avg us_x10=1319) [direct-vesa: presents=100 total_ms=414 avg_ms_x10=41 failed=0] [ablation: NO_DC_TIMING=0 CACHE_WINSURF=0 DIRECT_VESA=1]
[16:17:30] [info] kbd/audio block 0: kbd_irq=0 kbd_drain=0 ring_chunks=16 pump_pass=3892 pic1_mask=0xb8 first_irq_ticks=0 install_ticks=0 vector_at_install=0x0083a0a0 pic1_mask_live=0x98 kbd_8042_stat=0x34 bios_kbd_head=0x0022 bios_kbd_tail=0x0022 bios_kbd_buf0=0x1c0d
[16:17:30] [info] audio/engine split block 0: audio_mixer_calls=456 audio_mixer_ms_x10=197 engine_tick_calls=0 engine_tick_ms_x10=0 audio_service_calls=0 audio_service_ms_x10=0 (per-flip avg; per-call us_x10: audio_mix=43231 engine_tick=0 audio_service=0; global ns: audio_mix=19381571120 engine_tick=19154902019 audio_service=0)
[16:17:30] [info] dirty-rect block @flip=1100: total_calls=0 dirty_rects_avg=1 dirty_pct_x10=1000 forced_full=0 first_n_force=0 threshold_exceeded=0 dirty_path_taken=0 full_flush_taken=0
[16:17:30] [info] prev-frame-diff block @flip=1100: diff_calls=0 diff_rects_avg=0 diff_dirty_pct_x10=0 bbox_pct_x10=0 bbox_thresh_exceeded=0
[16:17:30] [info] gameloop: iter 2 ticks=231242 mapno=-1
[16:17:30] [info] tas: stall frame 278 ms -> contributing 1 tick (patch 0286)
[16:17:30] [info] gameloop: iter 3 ticks=231414 mapno=-1
[16:17:30] [info] tas: stall frame 172 ms -> contributing 1 tick (patch 0286)
[16:17:30] [info] tas: stall frame 164 ms -> contributing 1 tick (patch 0286)
[16:17:31] [info] tas: stall frame 165 ms -> contributing 1 tick (patch 0286)
[16:17:31] [info] tas: stall frame 164 ms -> contributing 1 tick (patch 0286)
[16:17:31] [info] tas: stall frame 167 ms -> contributing 1 tick (patch 0286)
[16:17:31] [info] tas: stall frame 182 ms -> contributing 1 tick (patch 0286)
[16:17:31] [info] tas: stall frame 179 ms -> contributing 1 tick (patch 0286)
[16:17:32] [info] tas: stall frame 165 ms -> contributing 1 tick (patch 0286)
[16:17:32] [info] flip-probe: flip #1110 ok=true present=4ms inter_flip_ms=164 drawcalls-since-flip=380 drawcalls-total=127470 fail-total=0 null-skips-total=0
[16:17:32] [info] tas: stall frame 171 ms -> contributing 1 tick (patch 0286)
[16:17:32] [info] tas: stall frame 174 ms -> contributing 1 tick (patch 0286)
[16:17:32] [info] tas: stall frame 160 ms -> contributing 1 tick (patch 0286)
[16:17:32] [info] tas: stall frame 158 ms -> contributing 1 tick (patch 0286)
[16:17:32] [info] tas: stall frame 166 ms -> contributing 1 tick (patch 0286)
[16:17:33] [info] tas: stall frame 150 ms -> contributing 1 tick (patch 0286)
[16:17:33] [info] backdrop cache: thrashing-detect engaged (streak=4, route=direct)
[16:17:33] [info] flip-probe: flip #1120 ok=true present=4ms inter_flip_ms=141 drawcalls-since-flip=45 drawcalls-total=129526 fail-total=0 null-skips-total=0
[16:17:33] [info] tas: stall frame 152 ms -> contributing 1 tick (patch 0286)
[16:17:33] [info] tas: stall frame 161 ms -> contributing 1 tick (patch 0286)
[16:17:34] [info] tas: stall frame 151 ms -> contributing 1 tick (patch 0286)
[16:17:34] [info] tas: stall frame 157 ms -> contributing 1 tick (patch 0286)
[16:17:35] [info] flip-probe: flip #1130 ok=true present=5ms inter_flip_ms=120 drawcalls-since-flip=42 drawcalls-total=129975 fail-total=0 null-skips-total=0
[16:17:36] [info] flip-probe: flip #1140 ok=true present=4ms inter_flip_ms=121 drawcalls-since-flip=44 drawcalls-total=130410 fail-total=0 null-skips-total=0
[16:17:37] [info] flip-probe: flip #1150 ok=true present=4ms inter_flip_ms=121 drawcalls-since-flip=45 drawcalls-total=130852 fail-total=0 null-skips-total=0
[16:17:38] [info] flip-probe: flip #1160 ok=true present=4ms inter_flip_ms=86 drawcalls-since-flip=44 drawcalls-total=131295 fail-total=0 null-skips-total=0
[16:17:39] [info] flip-probe: flip #1170 ok=true present=4ms inter_flip_ms=152 drawcalls-since-flip=43 drawcalls-total=131727 fail-total=0 null-skips-total=0
[16:17:39] [info] tas: stall frame 158 ms -> contributing 1 tick (patch 0286)
[16:17:40] [info] backdrop cache: thrashing-detect engaged (streak=64, route=direct)
[16:17:41] [info] flip-probe: flip #1180 ok=true present=4ms inter_flip_ms=123 drawcalls-since-flip=44 drawcalls-total=132164 fail-total=0 null-skips-total=0
[16:17:41] [info] tas: stall frame 346 ms -> contributing 1 tick (patch 0286)
[16:17:42] [info] tas: stall frame 164 ms -> contributing 1 tick (patch 0286)
[16:17:42] [info] flip-probe: flip #1190 ok=true present=5ms inter_flip_ms=122 drawcalls-since-flip=42 drawcalls-total=132603 fail-total=0 null-skips-total=0
[16:17:43] [info] tas: stall frame 165 ms -> contributing 1 tick (patch 0286)
[16:17:43] [info] tas: stall frame 182 ms -> contributing 1 tick (patch 0286)
[16:17:43] [info] tas: stall frame 164 ms -> contributing 1 tick (patch 0286)
[16:17:44] [info] flip-probe: flip #1200 ok=true present=4ms inter_flip_ms=163 drawcalls-since-flip=358 drawcalls-total=134106 fail-total=0 null-skips-total=0
[16:17:44] [info] alpha audit block 0: 9072 total drawcalls, 0 with alpha<255 (block pct_x10=0; global 0/122981 pct_x10=0); alpha-mod skipped: block=0 global=0
[16:17:44] [info] fastpath audit block 0: taken=9072 (idx8=9072) skipped=0 pct_x10=1000; global taken=122981 (idx8=122981) skipped=0 pct_x10=1000
[16:17:44] [info] primitive tally block 0: clear=200(hr=200) fill=0(hr=0) rect=0(hr=0) line=0(hr=0) tint=0 spotlight=0 (over 100 flips ending at flip 1200)
[16:17:44] [info] color/alpha audit block 0: cmod_white=1300 cmod_black=1300 (idx=1300) cmod_general=0 (idx=0) cmod_fb=0; alpha_taken=0 alpha_skipped=0 (global cmod=10947/9405/693/0 idx=9405/693 alpha=0/0)
[16:17:44] [info] phase timing block 0: drawcalls=11890 dc_total_ms=1915 flip_inner_total_ms=1921 inter_flip_total_ms=13593 (per-flip avg x10: dc_ms=191 fi_ms=192 if_ms=1359 derived audio+engine_ms=976; per-drawcall avg us_x10=1611) [direct-vesa: presents=100 total_ms=410 avg_ms_x10=41 failed=0] [ablation: NO_DC_TIMING=0 CACHE_WINSURF=0 DIRECT_VESA=1]
[16:17:44] [info] kbd/audio block 0: kbd_irq=0 kbd_drain=0 ring_chunks=16 pump_pass=4306 pic1_mask=0xb8 first_irq_ticks=0 install_ticks=0 vector_at_install=0x0083a0a0 pic1_mask_live=0x98 kbd_8042_stat=0x34 bios_kbd_head=0x0022 bios_kbd_tail=0x0022 bios_kbd_buf0=0x1c0d
[16:17:44] [info] audio/engine split block 0: audio_mixer_calls=456 audio_mixer_ms_x10=197 engine_tick_calls=0 engine_tick_ms_x10=0 audio_service_calls=0 audio_service_ms_x10=0 (per-flip avg; per-call us_x10: audio_mix=43356 engine_tick=0 audio_service=0; global ns: audio_mix=21358604745 engine_tick=19154902019 audio_service=0)
[16:17:44] [info] dirty-rect block @flip=1200: total_calls=0 dirty_rects_avg=1 dirty_pct_x10=1000 forced_full=0 first_n_force=0 threshold_exceeded=0 dirty_path_taken=0 full_flush_taken=0
[16:17:44] [info] prev-frame-diff block @flip=1200: diff_calls=0 diff_rects_avg=0 diff_dirty_pct_x10=0 bbox_pct_x10=0 bbox_thresh_exceeded=0
[16:17:44] [info] tas: stall frame 252 ms -> contributing 1 tick (patch 0286)
[16:17:44] [info] tas: stall frame 164 ms -> contributing 1 tick (patch 0286)
[16:17:44] [info] tas: stall frame 167 ms -> contributing 1 tick (patch 0286)
[16:17:44] [info] tas: stall frame 169 ms -> contributing 1 tick (patch 0286)
[16:17:44] [info] tas: stall frame 164 ms -> contributing 1 tick (patch 0286)
[16:17:45] [info] tas: stall frame 172 ms -> contributing 1 tick (patch 0286)
[16:17:45] [info] tas: stall frame 171 ms -> contributing 1 tick (patch 0286)
[16:17:45] [info] tas: stall frame 167 ms -> contributing 1 tick (patch 0286)
[16:17:45] [info] tas: stall frame 169 ms -> contributing 1 tick (patch 0286)
[16:17:45] [info] flip-probe: flip #1210 ok=true present=4ms inter_flip_ms=169 drawcalls-since-flip=382 drawcalls-total=137910 fail-total=0 null-skips-total=0
[16:17:45] [info] tas: stall frame 177 ms -> contributing 1 tick (patch 0286)
[16:17:46] [info] tas: stall frame 168 ms -> contributing 1 tick (patch 0286)
[16:17:46] [info] tas: stall frame 167 ms -> contributing 1 tick (patch 0286)
[16:17:46] [info] tas: stall frame 168 ms -> contributing 1 tick (patch 0286)
[16:17:46] [info]  >> Entering stage 14: 'Shack'.
[16:17:46] [info] [skip-sheet-flush] cave=10
[16:17:47] [info] [load-stage] preloading entry music song=8 (cave=10)
[16:17:52] [info] Organya pre-render: cache HIT VIVI (6322176 bytes from CACHE; 2 ch; synth skipped).
[16:17:53] [info] gameloop: entered (curmap=14, running=1)
[16:17:53] [info] gameloop: iter 1 ticks=253753 mapno=-1
[16:17:53] [info] gameloop: iter 2 ticks=253907 mapno=-1
[16:17:53] [info] tas: stall frame 154 ms -> contributing 1 tick (patch 0286)
[16:17:53] [info] gameloop: iter 3 ticks=254069 mapno=-1
[16:17:53] [info] tas: stall frame 161 ms -> contributing 1 tick (patch 0286)
[16:17:53] [info] tas: stall frame 153 ms -> contributing 1 tick (patch 0286)
[16:17:53] [info] tas: stall frame 155 ms -> contributing 1 tick (patch 0286)
[16:17:53] [info] flip-probe: flip #1220 ok=true present=5ms inter_flip_ms=154 drawcalls-since-flip=365 drawcalls-total=140941 fail-total=0 null-skips-total=0
[16:17:53] [info] tas: stall frame 162 ms -> contributing 1 tick (patch 0286)
[16:17:54] [info] tas: stall frame 154 ms -> contributing 1 tick (patch 0286)
[16:17:54] [info] tas: stall frame 154 ms -> contributing 1 tick (patch 0286)
[16:17:54] [info] tas: stall frame 155 ms -> contributing 1 tick (patch 0286)
[16:17:54] [info] tas: stall frame 155 ms -> contributing 1 tick (patch 0286)
[16:17:54] [info] tas: stall frame 157 ms -> contributing 1 tick (patch 0286)
[16:17:55] [info] tas: stall frame 151 ms -> contributing 1 tick (patch 0286)
[16:17:55] [info] flip-probe: flip #1230 ok=true present=5ms inter_flip_ms=110 drawcalls-since-flip=73 drawcalls-total=144115 fail-total=0 null-skips-total=0
[16:17:56] [info] flip-probe: flip #1240 ok=true present=4ms inter_flip_ms=106 drawcalls-since-flip=24 drawcalls-total=144344 fail-total=0 null-skips-total=0
[16:17:57] [info] flip-probe: flip #1250 ok=true present=4ms inter_flip_ms=71 drawcalls-since-flip=24 drawcalls-total=144600 fail-total=0 null-skips-total=0
[16:17:58] [info] flip-probe: flip #1260 ok=true present=5ms inter_flip_ms=115 drawcalls-since-flip=24 drawcalls-total=144840 fail-total=0 null-skips-total=0
[16:17:59] [info] flip-probe: flip #1270 ok=true present=4ms inter_flip_ms=110 drawcalls-since-flip=24 drawcalls-total=145080 fail-total=0 null-skips-total=0
[16:18:00] [info] tas: stall frame 161 ms -> contributing 1 tick (patch 0286)
[16:18:00] [info] tas: stall frame 154 ms -> contributing 1 tick (patch 0286)
[16:18:00] [info] tas: stall frame 156 ms -> contributing 1 tick (patch 0286)
[16:18:01] [info] flip-probe: flip #1280 ok=true present=4ms inter_flip_ms=155 drawcalls-since-flip=365 drawcalls-total=147030 fail-total=0 null-skips-total=0
[16:18:01] [info] tas: stall frame 163 ms -> contributing 1 tick (patch 0286)
[16:18:01] [info] tas: stall frame 154 ms -> contributing 1 tick (patch 0286)
[16:18:01] [info] tas: stall frame 154 ms -> contributing 1 tick (patch 0286)
[16:18:01] [info] tas: stall frame 154 ms -> contributing 1 tick (patch 0286)
[16:18:01] [info] tas: stall frame 154 ms -> contributing 1 tick (patch 0286)
[16:18:01] [info] tas: stall frame 154 ms -> contributing 1 tick (patch 0286)
[16:18:02] [info]  >> Entering stage 11: 'Mimiga Village'.
[16:18:02] [info] [skip-sheet-flush] cave=11
[16:18:02] [info] [load-stage] preloading entry music song=9 (cave=11)
[16:18:07] [info] Organya pre-render: cache HIT MURA (5927040 bytes from CACHE; 2 ch; synth skipped).
[16:18:08] [info] gameloop: entered (curmap=11, running=1)
[16:18:08] [info] gameloop: iter 1 ticks=268715 mapno=-1
[16:18:08] [info] gameloop: iter 2 ticks=268895 mapno=-1
[16:18:08] [info] tas: stall frame 179 ms -> contributing 1 tick (patch 0286)
[16:18:08] [info] gameloop: iter 3 ticks=269066 mapno=-1
[16:18:08] [info] tas: stall frame 173 ms -> contributing 1 tick (patch 0286)
[16:18:08] [info] flip-probe: flip #1290 ok=true present=4ms inter_flip_ms=176 drawcalls-since-flip=382 drawcalls-total=150379 fail-total=0 null-skips-total=0
[16:18:08] [info] tas: stall frame 173 ms -> contributing 1 tick (patch 0286)
[16:18:08] [info] tas: stall frame 174 ms -> contributing 1 tick (patch 0286)
[16:18:08] [info] tas: stall frame 163 ms -> contributing 1 tick (patch 0286)
[16:18:09] [info] tas: stall frame 168 ms -> contributing 1 tick (patch 0286)
[16:18:09] [info] tas: stall frame 164 ms -> contributing 1 tick (patch 0286)
[16:18:09] [info] tas: stall frame 180 ms -> contributing 1 tick (patch 0286)
[16:18:09] [info] tas: stall frame 181 ms -> contributing 1 tick (patch 0286)
[16:18:09] [info] tas: stall frame 170 ms -> contributing 1 tick (patch 0286)
[16:18:10] [info] tas: stall frame 161 ms -> contributing 1 tick (patch 0286)
[16:18:10] [info] flip-probe: flip #1300 ok=true present=4ms inter_flip_ms=158 drawcalls-since-flip=342 drawcalls-total=154119 fail-total=0 null-skips-total=0
[16:18:10] [info] alpha audit block 0: 19261 total drawcalls, 0 with alpha<255 (block pct_x10=0; global 0/142242 pct_x10=0); alpha-mod skipped: block=0 global=0
[16:18:10] [info] fastpath audit block 0: taken=19261 (idx8=19261) skipped=0 pct_x10=1000; global taken=142242 (idx8=142242) skipped=0 pct_x10=1000
[16:18:10] [info] primitive tally block 0: clear=203(hr=203) fill=0(hr=0) rect=0(hr=0) line=0(hr=0) tint=0 spotlight=0 (over 100 flips ending at flip 1300)
[16:18:10] [info] color/alpha audit block 0: cmod_white=724 cmod_black=724 (idx=724) cmod_general=0 (idx=0) cmod_fb=0; alpha_taken=0 alpha_skipped=0 (global cmod=11671/10129/693/0 idx=10129/693 alpha=0/0)
[16:18:10] [info] phase timing block 0: drawcalls=20925 dc_total_ms=2966 flip_inner_total_ms=1683 inter_flip_total_ms=26151 (per-flip avg x10: dc_ms=296 fi_ms=168 if_ms=2615 derived audio+engine_ms=2151; per-drawcall avg us_x10=1417) [direct-vesa: presents=100 total_ms=412 avg_ms_x10=41 failed=0] [ablation: NO_DC_TIMING=0 CACHE_WINSURF=0 DIRECT_VESA=1]
[16:18:10] [info] kbd/audio block 0: kbd_irq=0 kbd_drain=0 ring_chunks=16 pump_pass=4628 pic1_mask=0xb8 first_irq_ticks=0 install_ticks=0 vector_at_install=0x0083a0a0 pic1_mask_live=0x98 kbd_8042_stat=0x34 bios_kbd_head=0x0022 bios_kbd_tail=0x0022 bios_kbd_buf0=0x1c0d
[16:18:10] [info] audio/engine split block 0: audio_mixer_calls=456 audio_mixer_ms_x10=198 engine_tick_calls=0 engine_tick_ms_x10=0 audio_service_calls=0 audio_service_ms_x10=0 (per-flip avg; per-call us_x10: audio_mix=43439 engine_tick=0 audio_service=0; global ns: audio_mix=23339459286 engine_tick=19154902019 audio_service=0)
[16:18:10] [info] dirty-rect block @flip=1300: total_calls=0 dirty_rects_avg=1 dirty_pct_x10=1000 forced_full=0 first_n_force=0 threshold_exceeded=0 dirty_path_taken=0 full_flush_taken=0
[16:18:10] [info] prev-frame-diff block @flip=1300: diff_calls=0 diff_rects_avg=0 diff_dirty_pct_x10=0 bbox_pct_x10=0 bbox_thresh_exceeded=0
[16:18:10] [info] tas: stall frame 250 ms -> contributing 1 tick (patch 0286)
[16:18:10] [info] tas: stall frame 166 ms -> contributing 1 tick (patch 0286)
[16:18:10] [info] tas: stall frame 151 ms -> contributing 1 tick (patch 0286)
[16:18:10] [info] tas: stall frame 158 ms -> contributing 1 tick (patch 0286)
[16:18:11] [info] backdrop cache: thrashing-detect engaged (streak=4, route=direct)
[16:18:11] [info] flip-probe: flip #1310 ok=true present=5ms inter_flip_ms=122 drawcalls-since-flip=42 drawcalls-total=155532 fail-total=0 null-skips-total=0
[16:18:12] [info] flip-probe: flip #1320 ok=true present=4ms inter_flip_ms=142 drawcalls-since-flip=46 drawcalls-total=155970 fail-total=0 null-skips-total=0
[16:18:12] [info] tas: stall frame 153 ms -> contributing 1 tick (patch 0286)
[16:18:14] [info] flip-probe: flip #1330 ok=true present=4ms inter_flip_ms=122 drawcalls-since-flip=43 drawcalls-total=156420 fail-total=0 null-skips-total=0
[16:18:15] [info] tas: stall frame 360 ms -> contributing 1 tick (patch 0286)
[16:18:15] [info] tas: stall frame 151 ms -> contributing 1 tick (patch 0286)
[16:18:15] [info] flip-probe: flip #1340 ok=true present=5ms inter_flip_ms=87 drawcalls-since-flip=45 drawcalls-total=156870 fail-total=0 null-skips-total=0
[16:18:17] [info] flip-probe: flip #1350 ok=true present=4ms inter_flip_ms=120 drawcalls-since-flip=46 drawcalls-total=157321 fail-total=0 null-skips-total=0
[16:18:18] [info] flip-probe: flip #1360 ok=true present=4ms inter_flip_ms=120 drawcalls-since-flip=44 drawcalls-total=157777 fail-total=0 null-skips-total=0
[16:18:19] [info] backdrop cache: thrashing-detect engaged (streak=64, route=direct)
[16:18:19] [info] flip-probe: flip #1370 ok=true present=4ms inter_flip_ms=123 drawcalls-since-flip=46 drawcalls-total=158223 fail-total=0 null-skips-total=0
[16:18:20] [info] flip-probe: flip #1380 ok=true present=5ms inter_flip_ms=122 drawcalls-since-flip=45 drawcalls-total=158685 fail-total=0 null-skips-total=0
[16:18:21] [info] flip-probe: flip #1390 ok=true present=5ms inter_flip_ms=122 drawcalls-since-flip=45 drawcalls-total=159135 fail-total=0 null-skips-total=0
[16:18:22] [info] flip-probe: flip #1400 ok=true present=4ms inter_flip_ms=123 drawcalls-since-flip=45 drawcalls-total=159585 fail-total=0 null-skips-total=0
[16:18:22] [info] alpha audit block 0: 4066 total drawcalls, 0 with alpha<255 (block pct_x10=0; global 0/146308 pct_x10=0); alpha-mod skipped: block=0 global=0
[16:18:22] [info] fastpath audit block 0: taken=4066 (idx8=4066) skipped=0 pct_x10=1000; global taken=146308 (idx8=146308) skipped=0 pct_x10=1000
[16:18:23] [info] primitive tally block 0: clear=200(hr=200) fill=0(hr=0) rect=0(hr=0) line=0(hr=0) tint=0 spotlight=0 (over 100 flips ending at flip 1400)
[16:18:23] [info] color/alpha audit block 0: cmod_white=1300 cmod_black=1300 (idx=1300) cmod_general=0 (idx=0) cmod_fb=0; alpha_taken=0 alpha_skipped=0 (global cmod=12971/11429/693/0 idx=11429/693 alpha=0/0)
[16:18:23] [info] phase timing block 0: drawcalls=6873 dc_total_ms=1274 flip_inner_total_ms=1678 inter_flip_total_ms=12697 (per-flip avg x10: dc_ms=127 fi_ms=167 if_ms=1269 derived audio+engine_ms=975; per-drawcall avg us_x10=1853) [direct-vesa: presents=100 total_ms=413 avg_ms_x10=41 failed=0] [ablation: NO_DC_TIMING=0 CACHE_WINSURF=0 DIRECT_VESA=1]
[16:18:23] [info] kbd/audio block 0: kbd_irq=0 kbd_drain=0 ring_chunks=16 pump_pass=5102 pic1_mask=0xb8 first_irq_ticks=0 install_ticks=0 vector_at_install=0x0083a0a0 pic1_mask_live=0x98 kbd_8042_stat=0x34 bios_kbd_head=0x0022 bios_kbd_tail=0x0022 bios_kbd_buf0=0x1c0d
[16:18:23] [info] audio/engine split block 0: audio_mixer_calls=456 audio_mixer_ms_x10=197 engine_tick_calls=0 engine_tick_ms_x10=0 audio_service_calls=0 audio_service_ms_x10=0 (per-flip avg; per-call us_x10: audio_mix=43395 engine_tick=0 audio_service=0; global ns: audio_mix=25318281425 engine_tick=19154902019 audio_service=0)
[16:18:23] [info] dirty-rect block @flip=1400: total_calls=0 dirty_rects_avg=1 dirty_pct_x10=1000 forced_full=0 first_n_force=0 threshold_exceeded=0 dirty_path_taken=0 full_flush_taken=0
[16:18:23] [info] prev-frame-diff block @flip=1400: diff_calls=0 diff_rects_avg=0 diff_dirty_pct_x10=0 bbox_pct_x10=0 bbox_thresh_exceeded=0
[16:18:23] [info] tas: stall frame 205 ms -> contributing 1 tick (patch 0286)
[16:18:24] [info] flip-probe: flip #1410 ok=true present=4ms inter_flip_ms=112 drawcalls-since-flip=60 drawcalls-total=160155 fail-total=0 null-skips-total=0
[16:18:25] [info] flip-probe: flip #1420 ok=true present=4ms inter_flip_ms=132 drawcalls-since-flip=60 drawcalls-total=160755 fail-total=0 null-skips-total=0
[16:18:26] [info] backdrop cache: thrashing-detect engaged (streak=124, route=direct)
[16:18:26] [info] flip-probe: flip #1430 ok=true present=4ms inter_flip_ms=73 drawcalls-since-flip=60 drawcalls-total=161355 fail-total=0 null-skips-total=0
[16:18:27] [info] tas: end-of-replay auto-exit at tick 5140 (recording exhausted; set DOSKUTSU_TAS_REPLAY_HOLD=1 to disable + observe steady-state past recording end)
[16:18:27] [info] Script engine shutdown.
[16:18:27] [info] Sound system shutdown
[16:18:27] [info] Renderer::Close()
[16:18:27] [info] tas: replay file closed
[16:18:27] [info] [fps-true] flips=1436 render_s=283 fps_mean=5.0 (clock-independent: flips / seconds since the FIRST flip; use THIS for the fps matrix, not inter_flip medians, which are invalid in any cell running the PIT/IRQ-0 music pump)
[RUNMANIFEST-BEGIN]
schema_version=1
environment=realhw
binary_sha12=f8d446b4b0e0
wave_tag=5112
scene=
env_block_sha=d9fd247cf6fa
started_utc=2026-11-19T09:18:49Z
duration_s=298
exit_code=0
fps_p50=NA
fps_p95=NA
audio_vital_status=NA
regime=NA
banner_required_hit=0
banner_required_total=0
banner_forbidden_hit=0
banner_optional_hit=0
critical_count=0
warn_count=0
[RUNMANIFEST-END]
[16:18:27] [info] [runmanifest-emit] schema=v1 env=realhw sha12=f8d446b4b0e0 dur=298s tag='5112' scene='' env_sha=d9fd247cf6fa (signals=0x4)
