Logger::init: wave-53 log level=INFO path='LOGS/516.LOG'
[16:01:20] [info] config: loaded DOSKUTSU.CFG (1 keys)
[16:01:20] [info] tas: PRNG seed forced to 12345 via DOSKUTSU_TAS_PRNG_SEED
[16:01:20] [info] tas: auto-exit armed at tick 30000 via DOSKUTSU_TAS_AUTO_EXIT_TICK
[16:01:20] [info] tas: replay opened path='QA.TAS' header_seed=12345
[16:01:21] [info] data cache: DISABLED (default)
[16:01:21] [info] Joystick: skipped (default; set DOSKUTSU_USE_JOYSTICK=1 to enable -- skips SDL3-DOS gameport BIOS INT 15h polling, ~82 ms / flip on real HW)
[16:01:21] [info] Loading settings...
[16:01:21] [info] [input-bind] applied=0 invert_y=0 dos_axes=1
[16:01:21] [info] Renderer::initVideo: 8bpp mode requested via SDL_HINT_DOS_MAX_BPP=8 (wave 16); SDL3-DOS will pick the highest-bpp <= 8 mode at requested resolution
[16:01:21] [info] Renderer::initVideo: DOS resolution-label lock ENABLED (default)
[16:01:22] [info] Renderer::initVideo: using: software renderer
[16:01:25] [info] Renderer::initVideo: dirty-rect tracking ENABLED (wave 15, default ON; set SDL_HINT_DOSKUTSU_DIRTY_RECTS=0 to disable)
[16:01:25] [info] Renderer::initVideo: ablation flags: NO_DC_TIMING=0 CACHE_WINSURF=0 NO_INPUT_POLL=0 DIRECT_VESA=1
[16:01:25] [info] Renderer::initVideo: direct-VESA hot path ENABLED (default since wave 20 patch 0088; bypasses SDL_RenderPresent / SDL_UpdateWindowSurface and writes via SDL/0034's PresentFull helper; R2 mitigation handled by SDL/0034 generation counter -- no per-N-flip heartbeat needed; set SDL_HINT_DOSKUTSU_DIRECT_VESA=0 to revert)
[16:01:25] [info] Renderer::initVideo: flip-phase instrumentation DISABLED (default; set SDL_HINT_DOSKUTSU_FLIP_INSTR=1 to opt in for wave-20 Lever A diagnostic)
[16:01:25] [info] Renderer::initVideo: asm opaque-span blit lever DISABLED (default; set SDL_HINT_DOSKUTSU_ASM_BLIT=1 to opt in -- wave-51 _blit_indexed colorkey-blit lever)
[16:01:25] [info] Renderer::initVideo: blit-decomp instrumentation DISABLED (default; set SDL_HINT_DOSKUTSU_BLIT_DECOMP=1 to opt in -- wave-51 _blit_indexed sub-decomp sizing)
[16:01:25] [info] Renderer::initVideo: mds-scroll-decomp instrumentation DISABLED (default; set SDL_HINT_DOSKUTSU_MDS_DECOMP=1 to opt in -- wave-52 mode_draw_scene scrolling-block decomp)
[16:01:25] [info] Renderer::initVideo: DOSVESA pump yield: skipped (default) (per-flip explicit SDL_Delay(0) yield is always on; set SDL_HINT_DOSKUTSU_FORCE_PUMP_YIELD=1 to restore old per-pump yield)
[16:01:25] [info] Renderer::initVideo: indexed-mode (8bpp) ENABLED -- master palette + 107 per-asset remap LUTs loaded (wave 16, default ON; set SDL_HINT_DOSKUTSU_PIXEL_FORMAT_8=0 to disable)
[16:01:25] [info] Renderer::initVideo: master palette attached to window surface (format=SDL_PIXELFORMAT_INDEX8, ncolors=256)
[16:01:25] [info] Renderer::initVideo: indexed-mode smoke: idx0=(0,0,0) OK idx255=(255,0,255) OK
[16:01:25] [info] Renderer::initVideo: indexed-mode smoke: paletteRemapFor('MyChar.pbm') = present
[16:01:26] [info] Surface::loadImage palmap-diag #1: 'data/Loading.pbm' fmt=SDL_PIXELFORMAT_ABGR8888 remap=HIT -> path=truecolor
[16:01:26] [info] Renderer: prev-frame diff DISABLED (default since wave 17.6; set SDL_HINT_DOSKUTSU_PREVFRAME_DIFF=1 to opt in)
[16:01:26] [info] flip-probe: renderer=software window_ptr=8809144 colorspace=301991328 window_size=320x240 framebuffer_pixels=320x240 logical_present=320x240 mode=2
[16:01:26] [info] flip-probe: first flip ok=true present=55ms inter_flip_ms=0 drawcalls-since-flip=1 drawcalls-total=1
[16:01:26] [info] Sound system init
[16:01:26] [info] Sound system: 4-state audio enable (#31) -- music=on sfx=on (MUSIC_OFF/AUDIO_BACKEND=none -> music-off; SFX_OFF/SFX_DEVICE=none -> sfx-off; both gates are dispatch-level, the device still opens; AUDIO_OFF=1 is the device-level both-off).
[16:01:26] [info] Sound system: Tier-2 audio config (default since wave 21 patch 0093; 11025 Hz, 1 channel, buffer pinned to 256 frames). Measured savings on g2k Pentium OverDrive 83 MHz (W21A): heavy-music scenes ~+11 fps vs Tier-1 baseline (measured -10 to -15 ms/flip post-0094 audio fix; W21A's pre-fix -26.6 ms figure was inflated by stereo-vs-mono playback bug, see patch 0094). Audio quality is reduced vs Tier-1 (mono, 11025 Hz, simple-average L+R downmix) but recognizable; user accepted the trade per direction 2026-05-05. Set SDL_HINT_DOSKUTSU_AUDIO_TIER2=0 to revert to Tier-1 22050 stereo (full Cave Story 2004 audio quality; trades fps for fidelity).
[16:01:26] [info] Sound system: SDL_HINT_AUDIO_DEVICE_SAMPLE_FRAMES=256
[16:01:26] [info] Pixtone IRQ rate-divider: handed master_rate=11025 int16/s (SAMPLE_RATE=11025 x AUDIO_CHANNELS=1) to SDL for auto-RATEDIV (SDL/0074 computes shift_div from the resolved device freq).
[16:01:26] [info] Sound system: device frame-rate: requesting 11025 Hz match to master (SDL_DOSAudioSetDeviceFrameRate; SB16 opens at the engine frame rate instead of SDL's 44100 floor -- 4x less PCM/s + no resampler on the Organya/Pixtone path; killswitch SDL_HINT_DOSKUTSU_DOS_AUDIO_DEVICE_RATE_DEFAULT=0).
[16:01:26] [info] audio backend: opl3 (default since wave 46 patch 0139; +8.77 fps vs organya at Mimiga BK_PARALLAX per WAVE-44-OPL3-LOG-ANALYSIS; operator perceptual preference). Probes OPL3 via Adlib timer-1 sequence at SoundManager::init; on probe failure falls back gracefully to organya. Override via SDL_HINT_DOSKUTSU_AUDIO_BACKEND=organya for Cave Story 2004 original synth. Pixtone SFX continues on SB16 DAC unchanged.
[16:01:26] [info] wave-13.6.1: ring_chunks=16 FORCE_PUMP_YIELD=off (set SDL_HINT_DOSKUTSU_AUDIO_RING_CHUNKS=4|8|16 to override; default 16 matches wave 13.6 behaviour)
[16:01:26] [info] MidiScheduler: MIDI source = 'orgmid2' (native-GM org2mid set; resolves to data/orgmid2/<name>.mid).
[16:01:26] [info] opl3 backend probing for OPL3 chip (Adlib timer-1 sequence)...
[16:01:26] [info] opl3 backend: opl3bank.dat loaded 128 programs from 'data/opl3bank.dat' (v1; 1536 bytes payload). Per-program GM patches now use the runtime bank; programs >= 128 fall back to 8-patch family bucket. Drum channel (MIDI ch 9) unchanged (uses PATCH_DRUM regardless of bank loading).
[16:01:26] [info] opl3 backend ready (OPL3 detected via Adlib timer-1; InitChip applied 18 x 2-op layout; voice allocator armed). Patch bank state: runtime opl3bank.dat ACTIVE (loaded_count=128; programs >= loaded_count fall back to 8-patch placeholder covering GM family categories piano/mallet/organ/guitar/strings/brass/reed/pad). Phase 10.5 path: ship a fuller community bank as data/opl3bank.dat (DOPL3v1 format; 12-byte SBI records per GM program; loader at MidiBackendOpl3 ctor).
[16:01:26] [info] opl3 backend: PATCH_ORGAN + PATCH_MALLET RR=8 (medium release; wub-wub fix per patch 0171; was RR=0 in slot 0103 placeholder -- KEY-OFF couldn't silence; H6 reg 0xBD wave-47 falsified; H1+H5/RR=0 byte-level bug root per WAVE-46/47 analysis)
[16:01:26] [info] Sound system: MidiScheduler armed with MidiBackendOpl3 (patch 0103 Phase 10 Stage 4). Music dispatch routes via SMF parser + 18 x 2-op OPL3 voice allocator + small inline patch bank (community-sourced from Apogee Sound System / AdLib SBI public-domain refs). Pixtone SFX still active on SB16 DAC.
[16:01:26] [info] Sound system: idle-pause skipped (default OFF since patch 0119; backend=opl3 would qualify but operator did not opt-in via SDL_HINT_DOSKUTSU_IDLE_PAUSE=1). DSP stays in continuous-stream mode. Re-enable for an A/B iter once SDL/0037 ForcePause non-engagement is rooted out (task #17).
[16:01:27] [warn] Music dir Ogg/ doesn't exist
[16:01:27] [warn] Music dir Ogg11/ doesn't exist
[16:01:27] [warn] Music dir Ogg17/ doesn't exist
[16:01:27] [warn] Music dir Ogg_ridic/ doesn't exist
[16:01:27] [info] Loading Sound FX...
[16:01:28] [info] [pxt-cache] init(): HIT (loaded cache; render skipped)
[16:01:39] [info] Organya init...
[16:01:41] [info] Organya init done
[16:01:57] [info] gus SFX gain [nx0259]: 70% (SDL_HINT_DOSKUTSU_GUS_SFX_GAIN; scales the GF1 SFX voice volume to balance against velocity/CC-scaled GUS music; default 70, clamp 0..150).
[16:01:57] [info] pixtone IRQ-mix: ENABLED (default; SDL backend engaged; set SDL_HINT_DOSKUTSU_PIXTONE_IRQ_MIX=0 to disable)
[16:01:57] [info] Pixtone::setVolume: L3 active -- mid-play SFX volume updates are no-op in v1 (v2 candidate: SDL_DOSPixtoneSetGain API). gain_x256=256 stored for subsequent SDL_DOSPixtoneStart calls; currently-playing L3 channels unaffected.
[16:01:57] [info] midi ISR tick: engine registered tick_isr callback (L2b active; default ON; set SDL_HINT_DOSKUTSU_MIDI_ISR_TICK=0 to disable)
[16:01:57] [info] menu slide-in fixed-timestep: ENABLED (default; slide advances at 50 Hz logic rate)
[16:01:57] [info] Reading npc.tbl...
[16:01:57] [info] Loading tilekey.dat.
[16:01:57] [info] Script engine init.
[16:01:58] [info] Entering main loop...
[16:01:58] [info] audio mid-gap pump: DISABLED (default)
[16:01:58] [info] TAS fixed-timestep guard: ENABLED (default) (patch 0280; load_stage wall-clock kept out of the FT accumulator so TAS replay advances at a true 50 Hz; set SDL_HINT_DOSKUTSU_TAS_FT_GUARD=0 to disable)
[16:01:58] [info] load_stage ring+DMA silence flush: ENABLED (default) (set SDL_HINT_DOSKUTSU_LOADSTAGE_SILENCE=0 to disable)
[16:01:58] [info] load-band audio-underrun probe: DISABLED (default) (opt-in SDL_HINT_DOSKUTSU_LOADBAND_STAT=1)
[16:01:58] [info]  >> Entering stage 72: 'u'.
[16:01:58] [info] skip sheet flush: ENABLED (default) (SFXPAUSE-012 SHIPPED FIX; sprite sheets stay resident across caves so no per-cave re-decode -> no fire-frame pause; map_flush_graphics tilemap cache still flushes; set SDL_HINT_DOSKUTSU_SKIP_SHEET_FLUSH=0 to restore the old per-cave flush)
[16:01:58] [info] [skip-sheet-flush] cave=1
[16:01:58] [info] eager action sheets: ENABLED (default) (first-fire hitch fix: pre-loads the weapon bullet + hit/muzzle/trail caret sheets at stage load so the first fire/impact does not lazy-decode mid-gameplay; set SDL_HINT_DOSKUTSU_EAGER_ACTION_SHEETS=0 to restore lazy load)
[16:01:58] [info] Surface::loadImage palmap-diag #2: 'data/Bullet.pbm' fmt=SDL_PIXELFORMAT_ABGR8888 remap=HIT -> path=truecolor
[16:01:58] [info] Surface::loadImage palmap-diag #3: 'data/Arms.pbm' fmt=SDL_PIXELFORMAT_ABGR8888 remap=HIT -> path=truecolor
[16:01:59] [info] Surface::loadImage palmap-diag #4: 'data/Caret.pbm' fmt=SDL_PIXELFORMAT_ABGR8888 remap=HIT -> path=truecolor
[16:01:59] [info] Surface::loadImage palmap-diag #5: 'data/Npc/NpcSym.pbm' fmt=SDL_PIXELFORMAT_ABGR8888 remap=HIT -> path=truecolor
[16:01:59] [info] [eager-action-sheets] cave=1 sheets=4 wall_ms=1831
[16:02:00] [info] Surface::loadImage palmap-diag #6: 'data/Stage/PrtWhite.pbm' fmt=SDL_PIXELFORMAT_ABGR8888 remap=HIT -> path=truecolor
[16:02:00] [info] load_stage: entry-music preload ENABLED (default) (set SDL_HINT_DOSKUTSU_PRELOAD_STAGE_MUSIC=0 to disable)
[16:02:00] [info] Surface::loadImage palmap-diag #7: 'data/bk0.pbm' fmt=SDL_PIXELFORMAT_ABGR8888 remap=HIT -> path=truecolor
[16:02:01] [info] gameloop: entered (curmap=72, running=1)
[16:02:01] [info] gameloop: iter 1 ticks=40564 mapno=-1
[16:02:01] [info] fixed-timestep: ENABLED (default; logic 50 Hz, decoupled from render)
[16:02:01] [info] map: BG skip-when-unchanged DISABLED (default) (set SDL_HINT_DOSKUTSU_BG_SKIP_WHEN_UNCHANGED=1 to enable; default OFF since wave-61 -- abandoned, it shipped a backdrop-black flicker and its +0.87 fps was below the noise floor)
[16:02:01] [info] map: skip-redundant-clear lever ENABLED (default since wave-53 promotion)
[16:02:01] [info] perf-mode: level=0 (faithful (default))
[16:02:01] [info] Surface::loadImage palmap-diag #8: 'data/Npc/NpcKings.pbm' fmt=SDL_PIXELFORMAT_ABGR8888 remap=HIT -> path=truecolor
[16:02:01] [info] audio tick-boundary pump: DISABLED (default)
[16:02:01] [info] gameloop: iter 2 ticks=41065 mapno=-1
[16:02:01] [info] gameloop: iter 3 ticks=41135 mapno=-1
[16:02:01] [info] direct-vesa: snapshot @gen=2 use_dosmemput=0 banked_multibank=0 pitches_match=1 vram_w=320 vram_h=240 vram_pitch=320 bpp=1 fb_size=76800 vram_phys=0x78000000 vram_ptr=0x77c00000
[16:02:01] [info] flip-probe: flip #10 ok=true present=4ms inter_flip_ms=44 drawcalls-since-flip=6 drawcalls-total=43 fail-total=0 null-skips-total=0
[16:02:02] [info] flip-probe: flip #20 ok=true present=4ms inter_flip_ms=44 drawcalls-since-flip=4 drawcalls-total=92 fail-total=0 null-skips-total=0
[16:02:03] [info] flip-probe: flip #30 ok=true present=4ms inter_flip_ms=90 drawcalls-since-flip=326 drawcalls-total=2707 fail-total=0 null-skips-total=0
[16:02:04] [info] flip-probe: flip #40 ok=true present=4ms inter_flip_ms=81 drawcalls-since-flip=264 drawcalls-total=5837 fail-total=0 null-skips-total=0
[16:02:04] [info] flip-probe: flip #50 ok=true present=4ms inter_flip_ms=51 drawcalls-since-flip=67 drawcalls-total=7392 fail-total=0 null-skips-total=0
[16:02:05] [info] flip-probe: flip #60 ok=true present=4ms inter_flip_ms=42 drawcalls-since-flip=4 drawcalls-total=7502 fail-total=0 null-skips-total=0
[16:02:05] [info] flip-probe: flip #70 ok=true present=4ms inter_flip_ms=41 drawcalls-since-flip=6 drawcalls-total=7557 fail-total=0 null-skips-total=0
[16:02:06] [info] flip-probe: flip #80 ok=true present=4ms inter_flip_ms=20 drawcalls-since-flip=0 drawcalls-total=7586 fail-total=0 null-skips-total=0
[16:02:06] [info] flip-probe: flip #90 ok=true present=4ms inter_flip_ms=20 drawcalls-since-flip=0 drawcalls-total=7586 fail-total=0 null-skips-total=0
[16:02:06] [info] title: eager-title-IO phase tag ENABLED (default) (set SDL_HINT_DOSKUTSU_EAGER_TITLE_IO=0 to disable)
[16:02:07] [warn] MidiScheduler::_refresh_isr_buffer: track has 27749 events; ISR buffer is 16384 (truncated; events after 16384 will not dispatch under L2b ON -- the engine-thread tick() path still uses _events directly under L2b OFF)
[16:02:07] [info] MidiScheduler::load: parsed 'data/orgmid2/curly.mid' = 27749 events at 48 PPQ
[16:02:07] [info] opl3 backend: on_song_start
[16:02:07] [info] gameloop: entered (curmap=1005, running=1)
[16:02:07] [info] gameloop: iter 1 ticks=47278 mapno=-1
[16:02:07] [info] map: backdrop cache ENABLED (default) (set SDL_HINT_DOSKUTSU_BACKDROP_CACHE=0 to disable)
[16:02:08] [info] gameloop: iter 2 ticks=48305 mapno=-1
[16:02:08] [info] gameloop: iter 3 ticks=48356 mapno=-1
[16:02:08] [info] backdrop cache: thrashing-detect engaged (streak=4, route=direct)
[16:02:08] [info] flip-probe: flip #100 ok=true present=5ms inter_flip_ms=44 drawcalls-since-flip=75 drawcalls-total=7886 fail-total=0 null-skips-total=0
[16:02:08] [info] alpha audit block 0: 7798 total drawcalls, 0 with alpha<255 (block pct_x10=0; global 0/7798 pct_x10=0); alpha-mod skipped: block=0 global=0
[16:02:08] [info] fastpath audit block 0: taken=7798 (idx8=7798) skipped=0 pct_x10=1000; global taken=7798 (idx8=7798) skipped=0 pct_x10=1000
[16:02:09] [info] primitive tally block 0: clear=220(hr=220) fill=0(hr=0) rect=0(hr=0) line=0(hr=0) tint=0 spotlight=0 (over 100 flips ending at flip 100)
[16:02:09] [info] color/alpha audit block 0: cmod_white=104 cmod_black=0 (idx=0) cmod_general=84 (idx=84) cmod_fb=0; alpha_taken=0 alpha_skipped=0 (global cmod=104/0/84/0 idx=0/84 alpha=0/0)
[16:02:09] [info] phase timing block 0: drawcalls=8209 dc_total_ms=1910 flip_inner_total_ms=739 inter_flip_total_ms=42678 (per-flip avg x10: dc_ms=191 fi_ms=73 if_ms=4267 derived audio+engine_ms=4003; per-drawcall avg us_x10=2327) [direct-vesa: presents=97 total_ms=388 avg_ms_x10=40 failed=0] [ablation: NO_DC_TIMING=0 CACHE_WINSURF=0 DIRECT_VESA=1]
[16:02:09] [info] kbd/audio block 0: kbd_irq=0 kbd_drain=0 ring_chunks=16 pump_pass=99 pic1_mask=0xb8 first_irq_ticks=0 install_ticks=0 vector_at_install=0x0084a008 pic1_mask_live=0x98 kbd_8042_stat=0x34 bios_kbd_head=0x0022 bios_kbd_tail=0x0022 bios_kbd_buf0=0x1c0d
[16:02:09] [info] audio/engine split block 0: audio_mixer_calls=0 audio_mixer_ms_x10=0 engine_tick_calls=99 engine_tick_ms_x10=692 audio_service_calls=0 audio_service_ms_x10=0 (per-flip avg; per-call us_x10: audio_mix=0 engine_tick=699446 audio_service=0; global ns: audio_mix=0 engine_tick=6924520190 audio_service=0)
[16:02:09] [info] pixtone multi-source probe: DISABLED (default)
[16:02:09] [info] dirty-rect block @flip=100: total_calls=0 dirty_rects_avg=0 dirty_pct_x10=990 forced_full=0 first_n_force=3 threshold_exceeded=2 dirty_path_taken=0 full_flush_taken=3
[16:02:09] [info] prev-frame-diff block @flip=100: diff_calls=0 diff_rects_avg=0 diff_dirty_pct_x10=0 bbox_pct_x10=0 bbox_thresh_exceeded=0
[16:02:09] [info] flip-probe: flip #110 ok=true present=4ms inter_flip_ms=37 drawcalls-since-flip=75 drawcalls-total=8636 fail-total=0 null-skips-total=0
[16:02:09] [info] flip-probe: flip #120 ok=true present=4ms inter_flip_ms=37 drawcalls-since-flip=75 drawcalls-total=9386 fail-total=0 null-skips-total=0
[16:02:10] [info] flip-probe: flip #130 ok=true present=4ms inter_flip_ms=19 drawcalls-since-flip=0 drawcalls-total=9986 fail-total=0 null-skips-total=0
[16:02:10] [info] Loading profile from profile.dat
[16:02:10] [error] profile_load: unable to open 'profile.dat'
[16:02:10] [info] Loading profile from profile2.dat
[16:02:10] [error] profile_load: unable to open 'profile2.dat'
[16:02:10] [info] Loading profile from profile3.dat
[16:02:10] [info] Loading profile from profile4.dat
[16:02:10] [error] profile_load: unable to open 'profile4.dat'
[16:02:10] [info] Loading profile from profile5.dat
[16:02:10] [info] flip-probe: flip #140 ok=true present=4ms inter_flip_ms=64 drawcalls-since-flip=214 drawcalls-total=10842 fail-total=0 null-skips-total=0
[16:02:11] [info] flip-probe: flip #150 ok=true present=4ms inter_flip_ms=64 drawcalls-since-flip=214 drawcalls-total=12982 fail-total=0 null-skips-total=0
[16:02:11] [info] Writing settings...
[16:02:11] [info] flip-probe: flip #160 ok=true present=4ms inter_flip_ms=19 drawcalls-since-flip=0 drawcalls-total=13846 fail-total=0 null-skips-total=0
[16:02:12] [info] flip-probe: flip #170 ok=true present=4ms inter_flip_ms=20 drawcalls-since-flip=0 drawcalls-total=13846 fail-total=0 null-skips-total=0
[16:02:12] [info] opl3 backend: on_song_stop
[16:02:12] [info] Loading profile from profile5.dat
[16:02:12] [info]  >> Entering stage 20: 'Save Point'.
[16:02:12] [info] [skip-sheet-flush] cave=2
[16:02:13] [info] MidiScheduler::load: parsed 'data/orgmid2/mura.mid' = 7123 events at 48 PPQ
[16:02:13] [info] opl3 backend: on_song_start
[16:02:13] [info] gameloop: entered (curmap=20, running=1)
[16:02:13] [info] gameloop: iter 1 ticks=52973 mapno=-1
[16:02:13] [info] TAS stall discount: ENABLED (default) (patch 0286; a replay frame over 150 ms is a load, not slow rendering, so it contributes 1 tick instead of its wall-clock; set SDL_HINT_DOSKUTSU_TAS_STALL_DISCOUNT=0 to disable)
[16:02:13] [info] TAS accumulator clamp: DISABLED (default) (patch 0281; caps the FT accumulator delta at one tick during TAS so a stalled frame cannot race the replay index; set SDL_HINT_DOSKUTSU_TAS_FT_GUARD=0 to disable)
[16:02:13] [info] gameloop: iter 2 ticks=53029 mapno=-1
[16:02:13] [info] gameloop: iter 3 ticks=53079 mapno=-1
[16:02:13] [info] flip-probe: flip #180 ok=true present=4ms inter_flip_ms=43 drawcalls-since-flip=17 drawcalls-total=13971 fail-total=0 null-skips-total=0
[16:02:14] [info] flip-probe: flip #190 ok=true present=4ms inter_flip_ms=45 drawcalls-since-flip=17 drawcalls-total=14141 fail-total=0 null-skips-total=0
[16:02:14] [info] flip-probe: flip #200 ok=true present=4ms inter_flip_ms=46 drawcalls-since-flip=17 drawcalls-total=14311 fail-total=0 null-skips-total=0
[16:02:14] [info] alpha audit block 0: 5788 total drawcalls, 0 with alpha<255 (block pct_x10=0; global 0/13586 pct_x10=0); alpha-mod skipped: block=0 global=0
[16:02:14] [info] fastpath audit block 0: taken=5788 (idx8=5788) skipped=0 pct_x10=1000; global taken=13586 (idx8=13586) skipped=0 pct_x10=1000
[16:02:14] [info] primitive tally block 0: clear=201(hr=201) fill=0(hr=0) rect=0(hr=0) line=0(hr=0) tint=0 spotlight=0 (over 100 flips ending at flip 200)
[16:02:14] [info] color/alpha audit block 0: cmod_white=1438 cmod_black=0 (idx=0) cmod_general=609 (idx=609) cmod_fb=0; alpha_taken=0 alpha_skipped=0 (global cmod=1542/0/693/0 idx=0/693 alpha=0/0)
[16:02:14] [info] phase timing block 0: drawcalls=8036 dc_total_ms=1727 flip_inner_total_ms=630 inter_flip_total_ms=5598 (per-flip avg x10: dc_ms=172 fi_ms=63 if_ms=559 derived audio+engine_ms=324; per-drawcall avg us_x10=2149) [direct-vesa: presents=100 total_ms=396 avg_ms_x10=39 failed=0] [ablation: NO_DC_TIMING=0 CACHE_WINSURF=0 DIRECT_VESA=1]
[16:02:14] [info] kbd/audio block 0: kbd_irq=0 kbd_drain=0 ring_chunks=16 pump_pass=226 pic1_mask=0xb8 first_irq_ticks=0 install_ticks=0 vector_at_install=0x0084a008 pic1_mask_live=0x98 kbd_8042_stat=0x34 bios_kbd_head=0x0022 bios_kbd_tail=0x0022 bios_kbd_buf0=0x1c0d
[16:02:14] [info] audio/engine split block 0: audio_mixer_calls=0 audio_mixer_ms_x10=0 engine_tick_calls=76 engine_tick_ms_x10=240 audio_service_calls=0 audio_service_ms_x10=0 (per-flip avg; per-call us_x10: audio_mix=0 engine_tick=316936 audio_service=0; global ns: audio_mix=0 engine_tick=9333240579 audio_service=0)
[16:02:14] [info] dirty-rect block @flip=200: total_calls=0 dirty_rects_avg=1 dirty_pct_x10=1000 forced_full=0 first_n_force=0 threshold_exceeded=0 dirty_path_taken=0 full_flush_taken=0
[16:02:14] [info] prev-frame-diff block @flip=200: diff_calls=0 diff_rects_avg=0 diff_dirty_pct_x10=0 bbox_pct_x10=0 bbox_thresh_exceeded=0
[16:02:15] [info] flip-probe: flip #210 ok=true present=4ms inter_flip_ms=43 drawcalls-since-flip=17 drawcalls-total=14481 fail-total=0 null-skips-total=0
[16:02:15] [info] flip-probe: flip #220 ok=true present=4ms inter_flip_ms=95 drawcalls-since-flip=346 drawcalls-total=15504 fail-total=0 null-skips-total=0
[16:02:15] [info]  >> Entering stage 11: 'Mimiga Village'.
[16:02:15] [info] [skip-sheet-flush] cave=3
[16:02:16] [info] [load-stage] preloading entry music song=9 (cave=3)
[16:02:16] [info] gameloop: entered (curmap=11, running=1)
[16:02:16] [info] gameloop: iter 1 ticks=56232 mapno=-1
[16:02:16] [info] map: mds_clear LUT ENABLED (default) (set SDL_HINT_DOSKUTSU_MDS_CLEAR_LUT=0 to disable; default ON; patch 0144 wave-49 bandwidth lever)
[16:02:16] [info] mds-clear-lut: rebuilt N=240 entries (k_skip=0% k_keep=100%; curmap=11 map_size=60x60; rebuild #1 since boot)
[16:02:16] [info] backdrop thrash full-cover ENABLED (default) (set SDL_HINT_DOSKUTSU_THRASH_FULLCOVER=0 to disable)
[16:02:16] [info] [bd-diag] backdrop render-path diag disabled (default) (set SDL_HINT_DOSKUTSU_BACKDROP_DIAG=1 to enable)
[16:02:16] [info] gameloop: iter 2 ticks=56393 mapno=-1
[16:02:17] [info] tas: stall frame 374 ms -> contributing 1 tick (patch 0286)
[16:02:17] [info] gameloop: iter 3 ticks=56727 mapno=-1
[16:02:17] [info] flip-probe: flip #230 ok=true present=4ms inter_flip_ms=113 drawcalls-since-flip=272 drawcalls-total=18764 fail-total=0 null-skips-total=0
[16:02:17] [info] backdrop cache: thrashing-detect engaged (streak=4, route=direct)
[16:02:18] [info] flip-probe: flip #240 ok=true present=4ms inter_flip_ms=67 drawcalls-since-flip=45 drawcalls-total=19251 fail-total=0 null-skips-total=0
[16:02:18] [info] backdrop cache: thrashing-detect engaged (streak=4, route=direct)
[16:02:19] [info] flip-probe: flip #250 ok=true present=4ms inter_flip_ms=64 drawcalls-since-flip=44 drawcalls-total=19706 fail-total=0 null-skips-total=0
[16:02:19] [info] flip-probe: flip #260 ok=true present=4ms inter_flip_ms=64 drawcalls-since-flip=43 drawcalls-total=20136 fail-total=0 null-skips-total=0
[16:02:20] [info] flip-probe: flip #270 ok=true present=4ms inter_flip_ms=63 drawcalls-since-flip=43 drawcalls-total=20566 fail-total=0 null-skips-total=0
[16:02:20] [info] flip-probe: flip #280 ok=true present=4ms inter_flip_ms=63 drawcalls-since-flip=43 drawcalls-total=20996 fail-total=0 null-skips-total=0
[16:02:21] [info] flip-probe: flip #290 ok=true present=4ms inter_flip_ms=68 drawcalls-since-flip=43 drawcalls-total=21426 fail-total=0 null-skips-total=0
[16:02:22] [info] flip-probe: flip #300 ok=true present=5ms inter_flip_ms=69 drawcalls-since-flip=45 drawcalls-total=21858 fail-total=0 null-skips-total=0
[16:02:22] [info] alpha audit block 0: 6483 total drawcalls, 0 with alpha<255 (block pct_x10=0; global 0/20069 pct_x10=0); alpha-mod skipped: block=0 global=0
[16:02:22] [info] fastpath audit block 0: taken=6483 (idx8=6483) skipped=0 pct_x10=1000; global taken=20069 (idx8=20069) skipped=0 pct_x10=1000
[16:02:22] [info] primitive tally block 0: clear=201(hr=201) fill=0(hr=0) rect=0(hr=0) line=0(hr=0) tint=0 spotlight=0 (over 100 flips ending at flip 300)
[16:02:22] [info] color/alpha audit block 0: cmod_white=988 cmod_black=988 (idx=988) cmod_general=0 (idx=0) cmod_fb=0; alpha_taken=0 alpha_skipped=0 (global cmod=2530/988/693/0 idx=988/693 alpha=0/0)
[16:02:22] [info] phase timing block 0: drawcalls=8670 dc_total_ms=1547 flip_inner_total_ms=636 inter_flip_total_ms=7727 (per-flip avg x10: dc_ms=154 fi_ms=63 if_ms=772 derived audio+engine_ms=555; per-drawcall avg us_x10=1784) [direct-vesa: presents=100 total_ms=390 avg_ms_x10=39 failed=0] [ablation: NO_DC_TIMING=0 CACHE_WINSURF=0 DIRECT_VESA=1]
[16:02:22] [info] kbd/audio block 0: kbd_irq=0 kbd_drain=0 ring_chunks=16 pump_pass=549 pic1_mask=0xb8 first_irq_ticks=0 install_ticks=0 vector_at_install=0x0084a008 pic1_mask_live=0x98 kbd_8042_stat=0x34 bios_kbd_head=0x0022 bios_kbd_tail=0x0022 bios_kbd_buf0=0x1c0d
[16:02:22] [info] [tile-speedup-stat n=100 drawtile_us=156.88 raw_blit_us=98.59 ratio=1.59]
[16:02:22] [info] dirty-rect block @flip=300: total_calls=100 dirty_rects_avg=1 dirty_pct_x10=1000 forced_full=0 first_n_force=0 threshold_exceeded=0 dirty_path_taken=0 full_flush_taken=0
[16:02:22] [info] prev-frame-diff block @flip=300: diff_calls=0 diff_rects_avg=0 diff_dirty_pct_x10=0 bbox_pct_x10=0 bbox_thresh_exceeded=0
[16:02:22] [info] tas: stall frame 177 ms -> contributing 1 tick (patch 0286)
[16:02:22] [info] backdrop cache: thrashing-detect engaged (streak=64, route=direct)
[16:02:23] [info] flip-probe: flip #310 ok=true present=4ms inter_flip_ms=64 drawcalls-since-flip=43 drawcalls-total=22403 fail-total=0 null-skips-total=0
[16:02:23] [info] flip-probe: flip #320 ok=true present=5ms inter_flip_ms=70 drawcalls-since-flip=44 drawcalls-total=22837 fail-total=0 null-skips-total=0
[16:02:24] [info] flip-probe: flip #330 ok=true present=4ms inter_flip_ms=65 drawcalls-since-flip=43 drawcalls-total=23256 fail-total=0 null-skips-total=0
[16:02:24] [info] flip-probe: flip #340 ok=true present=4ms inter_flip_ms=64 drawcalls-since-flip=42 drawcalls-total=23692 fail-total=0 null-skips-total=0
[16:02:25] [info] flip-probe: flip #350 ok=true present=4ms inter_flip_ms=59 drawcalls-since-flip=15 drawcalls-total=23947 fail-total=0 null-skips-total=0
[16:02:26] [info] flip-probe: flip #360 ok=true present=5ms inter_flip_ms=108 drawcalls-since-flip=319 drawcalls-total=25516 fail-total=0 null-skips-total=0
[16:02:26] [info]  >> Entering stage 17: 'Yamashita Farm'.
[16:02:26] [info] [skip-sheet-flush] cave=4
[16:02:27] [info] [load-stage] preloading entry music song=13 (cave=4)
[16:02:27] [info] opl3 backend: on_song_stop
[16:02:27] [info] MidiScheduler::load: parsed 'data/orgmid2/plant.mid' = 6246 events at 48 PPQ
[16:02:27] [info] opl3 backend: on_song_start
[16:02:27] [info] gameloop: entered (curmap=17, running=1)
[16:02:27] [info] gameloop: iter 1 ticks=66989 mapno=-1
[16:02:27] [info] mds-clear-lut: rebuilt N=240 entries (k_skip=33% k_keep=67%; curmap=17 map_size=40x16; rebuild #2 since boot)
[16:02:27] [info] gameloop: iter 2 ticks=67303 mapno=-1
[16:02:27] [info] tas: stall frame 312 ms -> contributing 1 tick (patch 0286)
[16:02:27] [info] gameloop: iter 3 ticks=67421 mapno=-1
[16:02:28] [info] flip-probe: flip #370 ok=true present=4ms inter_flip_ms=86 drawcalls-since-flip=149 drawcalls-total=28492 fail-total=0 null-skips-total=0
[16:02:29] [info] flip-probe: flip #380 ok=true present=4ms inter_flip_ms=88 drawcalls-since-flip=142 drawcalls-total=29844 fail-total=0 null-skips-total=0
[16:02:30] [info] backdrop cache: thrashing-detect engaged (streak=4, route=direct)
[16:02:30] [info] flip-probe: flip #390 ok=true present=5ms inter_flip_ms=105 drawcalls-since-flip=140 drawcalls-total=31237 fail-total=0 null-skips-total=0
[16:02:30] [info] run_tick_fixed #900: heartbeat (loop alive)
[16:02:31] [info] flip-probe: flip #400 ok=true present=4ms inter_flip_ms=96 drawcalls-since-flip=140 drawcalls-total=32645 fail-total=0 null-skips-total=0
[16:02:31] [info] alpha audit block 0: 9621 total drawcalls, 0 with alpha<255 (block pct_x10=0; global 0/29690 pct_x10=0); alpha-mod skipped: block=0 global=0
[16:02:31] [info] fastpath audit block 0: taken=9621 (idx8=9621) skipped=0 pct_x10=1000; global taken=29690 (idx8=29690) skipped=0 pct_x10=1000
[16:02:31] [info] primitive tally block 0: clear=201(hr=201) fill=0(hr=0) rect=0(hr=0) line=0(hr=0) tint=0 spotlight=0 (over 100 flips ending at flip 400)
[16:02:31] [info] color/alpha audit block 0: cmod_white=1066 cmod_black=1066 (idx=1066) cmod_general=0 (idx=0) cmod_fb=0; alpha_taken=0 alpha_skipped=0 (global cmod=3596/2054/693/0 idx=2054/693 alpha=0/0)
[16:02:31] [info] phase timing block 0: drawcalls=11977 dc_total_ms=1783 flip_inner_total_ms=658 inter_flip_total_ms=9228 (per-flip avg x10: dc_ms=178 fi_ms=65 if_ms=922 derived audio+engine_ms=679; per-drawcall avg us_x10=1488) [direct-vesa: presents=100 total_ms=404 avg_ms_x10=40 failed=0] [ablation: NO_DC_TIMING=0 CACHE_WINSURF=0 DIRECT_VESA=1]
[16:02:31] [info] kbd/audio block 0: kbd_irq=0 kbd_drain=0 ring_chunks=16 pump_pass=935 pic1_mask=0xb8 first_irq_ticks=0 install_ticks=0 vector_at_install=0x0084a008 pic1_mask_live=0x98 kbd_8042_stat=0x34 bios_kbd_head=0x0022 bios_kbd_tail=0x0022 bios_kbd_buf0=0x1c0d
[16:02:31] [info] dirty-rect block @flip=400: total_calls=0 dirty_rects_avg=1 dirty_pct_x10=1000 forced_full=0 first_n_force=0 threshold_exceeded=0 dirty_path_taken=0 full_flush_taken=0
[16:02:31] [info] prev-frame-diff block @flip=400: diff_calls=0 diff_rects_avg=0 diff_dirty_pct_x10=0 bbox_pct_x10=0 bbox_thresh_exceeded=0
[16:02:31] [info] tas: stall frame 170 ms -> contributing 1 tick (patch 0286)
[16:02:32] [info] flip-probe: flip #410 ok=true present=4ms inter_flip_ms=99 drawcalls-since-flip=141 drawcalls-total=34061 fail-total=0 null-skips-total=0
[16:02:33] [info] flip-probe: flip #420 ok=true present=4ms inter_flip_ms=106 drawcalls-since-flip=123 drawcalls-total=35425 fail-total=0 null-skips-total=0
[16:02:33] [info] backdrop cache: thrashing-detect engaged (streak=4, route=direct)
[16:02:34] [info] flip-probe: flip #430 ok=true present=4ms inter_flip_ms=89 drawcalls-since-flip=129 drawcalls-total=36702 fail-total=0 null-skips-total=0
[16:02:35] [info] flip-probe: flip #440 ok=true present=4ms inter_flip_ms=98 drawcalls-since-flip=118 drawcalls-total=37968 fail-total=0 null-skips-total=0
[16:02:36] [info] flip-probe: flip #450 ok=true present=5ms inter_flip_ms=102 drawcalls-since-flip=144 drawcalls-total=39295 fail-total=0 null-skips-total=0
[16:02:36] [info] backdrop cache: thrashing-detect engaged (streak=4, route=direct)
[16:02:37] [info] flip-probe: flip #460 ok=true present=5ms inter_flip_ms=98 drawcalls-since-flip=136 drawcalls-total=40722 fail-total=0 null-skips-total=0
[16:02:38] [info] flip-probe: flip #470 ok=true present=4ms inter_flip_ms=98 drawcalls-since-flip=140 drawcalls-total=42114 fail-total=0 null-skips-total=0
[16:02:39] [info] flip-probe: flip #480 ok=true present=4ms inter_flip_ms=99 drawcalls-since-flip=140 drawcalls-total=43485 fail-total=0 null-skips-total=0
[16:02:40] [info] flip-probe: flip #490 ok=true present=4ms inter_flip_ms=93 drawcalls-since-flip=104 drawcalls-total=44632 fail-total=0 null-skips-total=0
[16:02:41] [info] flip-probe: flip #500 ok=true present=5ms inter_flip_ms=85 drawcalls-since-flip=118 drawcalls-total=45808 fail-total=0 null-skips-total=0
[16:02:41] [info] alpha audit block 0: 11997 total drawcalls, 0 with alpha<255 (block pct_x10=0; global 0/41687 pct_x10=0); alpha-mod skipped: block=0 global=0
[16:02:41] [info] fastpath audit block 0: taken=11997 (idx8=11997) skipped=0 pct_x10=1000; global taken=41687 (idx8=41687) skipped=0 pct_x10=1000
[16:02:41] [info] primitive tally block 0: clear=200(hr=200) fill=0(hr=0) rect=0(hr=0) line=0(hr=0) tint=0 spotlight=0 (over 100 flips ending at flip 500)
[16:02:41] [info] color/alpha audit block 0: cmod_white=1066 cmod_black=1066 (idx=1066) cmod_general=0 (idx=0) cmod_fb=0; alpha_taken=0 alpha_skipped=0 (global cmod=4662/3120/693/0 idx=3120/693 alpha=0/0)
[16:02:41] [info] phase timing block 0: drawcalls=14337 dc_total_ms=1566 flip_inner_total_ms=653 inter_flip_total_ms=9698 (per-flip avg x10: dc_ms=156 fi_ms=65 if_ms=969 derived audio+engine_ms=748; per-drawcall avg us_x10=1092) [direct-vesa: presents=100 total_ms=393 avg_ms_x10=39 failed=0] [ablation: NO_DC_TIMING=0 CACHE_WINSURF=0 DIRECT_VESA=1]
[16:02:41] [info] kbd/audio block 0: kbd_irq=0 kbd_drain=0 ring_chunks=16 pump_pass=1415 pic1_mask=0xb8 first_irq_ticks=0 install_ticks=0 vector_at_install=0x0084a008 pic1_mask_live=0x98 kbd_8042_stat=0x34 bios_kbd_head=0x0022 bios_kbd_tail=0x0022 bios_kbd_buf0=0x1c0d
[16:02:41] [info] dirty-rect block @flip=500: total_calls=0 dirty_rects_avg=1 dirty_pct_x10=1000 forced_full=0 first_n_force=0 threshold_exceeded=0 dirty_path_taken=0 full_flush_taken=0
[16:02:41] [info] prev-frame-diff block @flip=500: diff_calls=0 diff_rects_avg=0 diff_dirty_pct_x10=0 bbox_pct_x10=0 bbox_thresh_exceeded=0
[16:02:41] [info] tas: stall frame 168 ms -> contributing 1 tick (patch 0286)
[16:02:42] [info] flip-probe: flip #510 ok=true present=4ms inter_flip_ms=85 drawcalls-since-flip=111 drawcalls-total=46979 fail-total=0 null-skips-total=0
[16:02:42] [info] backdrop cache: thrashing-detect engaged (streak=64, route=direct)
[16:02:43] [info] flip-probe: flip #520 ok=true present=4ms inter_flip_ms=113 drawcalls-since-flip=341 drawcalls-total=48562 fail-total=0 null-skips-total=0
[16:02:43] [info]  >> Entering stage 11: 'Mimiga Village'.
[16:02:43] [info] [skip-sheet-flush] cave=5
[16:02:44] [info] [load-stage] preloading entry music song=9 (cave=5)
[16:02:44] [info] opl3 backend: on_song_stop
[16:02:44] [info] MidiScheduler::load: parsed 'data/orgmid2/mura.mid' = 7123 events at 48 PPQ
[16:02:44] [info] opl3 backend: on_song_start
[16:02:44] [info] gameloop: entered (curmap=11, running=1)
[16:02:44] [info] gameloop: iter 1 ticks=84103 mapno=-1
[16:02:44] [info] mds-clear-lut: rebuilt N=240 entries (k_skip=0% k_keep=100%; curmap=11 map_size=60x60; rebuild #3 since boot)
[16:02:44] [info] gameloop: iter 2 ticks=84240 mapno=-1
[16:02:44] [info] gameloop: iter 3 ticks=84360 mapno=-1
[16:02:45] [info] flip-probe: flip #530 ok=true present=4ms inter_flip_ms=105 drawcalls-since-flip=225 drawcalls-total=51523 fail-total=0 null-skips-total=0
[16:02:45] [info] backdrop cache: thrashing-detect engaged (streak=4, route=direct)
[16:02:45] [info] flip-probe: flip #540 ok=true present=4ms inter_flip_ms=62 drawcalls-since-flip=41 drawcalls-total=52065 fail-total=0 null-skips-total=0
[16:02:46] [info] flip-probe: flip #550 ok=true present=4ms inter_flip_ms=64 drawcalls-since-flip=41 drawcalls-total=52475 fail-total=0 null-skips-total=0
[16:02:47] [info] flip-probe: flip #560 ok=true present=4ms inter_flip_ms=61 drawcalls-since-flip=43 drawcalls-total=52887 fail-total=0 null-skips-total=0
[16:02:47] [info] flip-probe: flip #570 ok=true present=4ms inter_flip_ms=63 drawcalls-since-flip=41 drawcalls-total=53303 fail-total=0 null-skips-total=0
[16:02:48] [info] flip-probe: flip #580 ok=true present=4ms inter_flip_ms=65 drawcalls-since-flip=42 drawcalls-total=53719 fail-total=0 null-skips-total=0
[16:02:49] [info] flip-probe: flip #590 ok=true present=4ms inter_flip_ms=63 drawcalls-since-flip=42 drawcalls-total=54141 fail-total=0 null-skips-total=0
[16:02:49] [info] backdrop cache: thrashing-detect engaged (streak=64, route=direct)
[16:02:49] [info] flip-probe: flip #600 ok=true present=4ms inter_flip_ms=63 drawcalls-since-flip=42 drawcalls-total=54561 fail-total=0 null-skips-total=0
[16:02:49] [info] alpha audit block 0: 7678 total drawcalls, 0 with alpha<255 (block pct_x10=0; global 0/49365 pct_x10=0); alpha-mod skipped: block=0 global=0
[16:02:49] [info] fastpath audit block 0: taken=7678 (idx8=7678) skipped=0 pct_x10=1000; global taken=49365 (idx8=49365) skipped=0 pct_x10=1000
[16:02:49] [info] primitive tally block 0: clear=202(hr=202) fill=0(hr=0) rect=0(hr=0) line=0(hr=0) tint=0 spotlight=0 (over 100 flips ending at flip 600)
[16:02:49] [info] color/alpha audit block 0: cmod_white=975 cmod_black=975 (idx=975) cmod_general=0 (idx=0) cmod_fb=0; alpha_taken=0 alpha_skipped=0 (global cmod=5637/4095/693/0 idx=4095/693 alpha=0/0)
[16:02:49] [info] phase timing block 0: drawcalls=9835 dc_total_ms=1501 flip_inner_total_ms=644 inter_flip_total_ms=8457 (per-flip avg x10: dc_ms=150 fi_ms=64 if_ms=845 derived audio+engine_ms=631; per-drawcall avg us_x10=1527) [direct-vesa: presents=100 total_ms=392 avg_ms_x10=39 failed=0] [ablation: NO_DC_TIMING=0 CACHE_WINSURF=0 DIRECT_VESA=1]
[16:02:49] [info] kbd/audio block 0: kbd_irq=0 kbd_drain=0 ring_chunks=16 pump_pass=1773 pic1_mask=0xb8 first_irq_ticks=0 install_ticks=0 vector_at_install=0x0084a008 pic1_mask_live=0x98 kbd_8042_stat=0x34 bios_kbd_head=0x0022 bios_kbd_tail=0x0022 bios_kbd_buf0=0x1c0d
[16:02:49] [info] dirty-rect block @flip=600: total_calls=0 dirty_rects_avg=1 dirty_pct_x10=1000 forced_full=0 first_n_force=0 threshold_exceeded=0 dirty_path_taken=0 full_flush_taken=0
[16:02:49] [info] prev-frame-diff block @flip=600: diff_calls=0 diff_rects_avg=0 diff_dirty_pct_x10=0 bbox_pct_x10=0 bbox_thresh_exceeded=0
[16:02:50] [info] flip-probe: flip #610 ok=true present=4ms inter_flip_ms=64 drawcalls-since-flip=44 drawcalls-total=54993 fail-total=0 null-skips-total=0
[16:02:51] [info] flip-probe: flip #620 ok=true present=4ms inter_flip_ms=61 drawcalls-since-flip=44 drawcalls-total=55433 fail-total=0 null-skips-total=0
[16:02:51] [info] flip-probe: flip #630 ok=true present=4ms inter_flip_ms=61 drawcalls-since-flip=43 drawcalls-total=55866 fail-total=0 null-skips-total=0
[16:02:52] [info] flip-probe: flip #640 ok=true present=5ms inter_flip_ms=63 drawcalls-since-flip=42 drawcalls-total=56291 fail-total=0 null-skips-total=0
[16:02:52] [info] flip-probe: flip #650 ok=true present=4ms inter_flip_ms=59 drawcalls-since-flip=16 drawcalls-total=56581 fail-total=0 null-skips-total=0
[16:02:52] [info] backdrop cache: thrashing-detect engaged (streak=124, route=direct)
[16:02:53] [info] flip-probe: flip #660 ok=true present=4ms inter_flip_ms=59 drawcalls-since-flip=16 drawcalls-total=56741 fail-total=0 null-skips-total=0
[16:02:54] [info] flip-probe: flip #670 ok=true present=4ms inter_flip_ms=62 drawcalls-since-flip=22 drawcalls-total=56980 fail-total=0 null-skips-total=0
[16:02:54] [info] flip-probe: flip #680 ok=true present=4ms inter_flip_ms=58 drawcalls-since-flip=20 drawcalls-total=57171 fail-total=0 null-skips-total=0
[16:02:55] [info] flip-probe: flip #690 ok=true present=4ms inter_flip_ms=106 drawcalls-since-flip=305 drawcalls-total=58550 fail-total=0 null-skips-total=0
[16:02:55] [info]  >> Entering stage 15: 'Reservoir'.
[16:02:55] [info] [skip-sheet-flush] cave=6
[16:02:56] [info] [load-stage] preloading entry music song=9 (cave=6)
[16:02:56] [info] gameloop: entered (curmap=15, running=1)
[16:02:56] [info] gameloop: iter 1 ticks=96026 mapno=-1
[16:02:56] [info] tas: stall frame 231 ms -> contributing 1 tick (patch 0286)
[16:02:56] [info] mds-clear-lut: rebuilt N=240 entries (k_skip=13% k_keep=87%; curmap=15 map_size=40x20; rebuild #4 since boot)
[16:02:56] [info] gameloop: iter 2 ticks=96163 mapno=-1
[16:02:56] [info] gameloop: iter 3 ticks=96273 mapno=-1
[16:02:57] [info] flip-probe: flip #700 ok=true present=4ms inter_flip_ms=54 drawcalls-since-flip=21 drawcalls-total=60663 fail-total=0 null-skips-total=0
[16:02:57] [info] alpha audit block 0: 5345 total drawcalls, 0 with alpha<255 (block pct_x10=0; global 0/54710 pct_x10=0); alpha-mod skipped: block=0 global=0
[16:02:57] [info] fastpath audit block 0: taken=5345 (idx8=5345) skipped=0 pct_x10=1000; global taken=54710 (idx8=54710) skipped=0 pct_x10=1000
[16:02:57] [info] primitive tally block 0: clear=201(hr=201) fill=0(hr=0) rect=0(hr=0) line=0(hr=0) tint=0 spotlight=0 (over 100 flips ending at flip 700)
[16:02:57] [info] color/alpha audit block 0: cmod_white=657 cmod_black=657 (idx=657) cmod_general=0 (idx=0) cmod_fb=0; alpha_taken=0 alpha_skipped=0 (global cmod=6294/4752/693/0 idx=4752/693 alpha=0/0)
[16:02:57] [info] phase timing block 0: drawcalls=6868 dc_total_ms=1343 flip_inner_total_ms=643 inter_flip_total_ms=7607 (per-flip avg x10: dc_ms=134 fi_ms=64 if_ms=760 derived audio+engine_ms=562; per-drawcall avg us_x10=1956) [direct-vesa: presents=100 total_ms=399 avg_ms_x10=39 failed=0] [ablation: NO_DC_TIMING=0 CACHE_WINSURF=0 DIRECT_VESA=1]
[16:02:57] [info] kbd/audio block 0: kbd_irq=0 kbd_drain=0 ring_chunks=16 pump_pass=2106 pic1_mask=0xb8 first_irq_ticks=0 install_ticks=0 vector_at_install=0x0084a008 pic1_mask_live=0x98 kbd_8042_stat=0x34 bios_kbd_head=0x0022 bios_kbd_tail=0x0022 bios_kbd_buf0=0x1c0d
[16:02:57] [info] dirty-rect block @flip=700: total_calls=0 dirty_rects_avg=1 dirty_pct_x10=1000 forced_full=0 first_n_force=0 threshold_exceeded=0 dirty_path_taken=0 full_flush_taken=0
[16:02:57] [info] prev-frame-diff block @flip=700: diff_calls=0 diff_rects_avg=0 diff_dirty_pct_x10=0 bbox_pct_x10=0 bbox_thresh_exceeded=0
[16:02:57] [info] flip-probe: flip #710 ok=true present=4ms inter_flip_ms=57 drawcalls-since-flip=32 drawcalls-total=60983 fail-total=0 null-skips-total=0
[16:02:58] [info] flip-probe: flip #720 ok=true present=4ms inter_flip_ms=67 drawcalls-since-flip=32 drawcalls-total=61303 fail-total=0 null-skips-total=0
[16:02:58] [info] backdrop cache: thrashing-detect engaged (streak=4, route=direct)
[16:02:59] [info] flip-probe: flip #730 ok=true present=4ms inter_flip_ms=60 drawcalls-since-flip=35 drawcalls-total=61650 fail-total=0 null-skips-total=0
[16:02:59] [info] flip-probe: flip #740 ok=true present=3ms inter_flip_ms=57 drawcalls-since-flip=32 drawcalls-total=61972 fail-total=0 null-skips-total=0
[16:03:00] [info] flip-probe: flip #750 ok=true present=4ms inter_flip_ms=58 drawcalls-since-flip=33 drawcalls-total=62304 fail-total=0 null-skips-total=0
[16:03:00] [info] tas: stall frame 278 ms -> contributing 1 tick (patch 0286)
[16:03:01] [info] flip-probe: flip #760 ok=true present=4ms inter_flip_ms=57 drawcalls-since-flip=35 drawcalls-total=62647 fail-total=0 null-skips-total=0
[16:03:01] [info] flip-probe: flip #770 ok=true present=4ms inter_flip_ms=59 drawcalls-since-flip=36 drawcalls-total=63006 fail-total=0 null-skips-total=0
[16:03:02] [info] flip-probe: flip #780 ok=true present=4ms inter_flip_ms=58 drawcalls-since-flip=36 drawcalls-total=63369 fail-total=0 null-skips-total=0
[16:03:02] [info] backdrop cache: thrashing-detect engaged (streak=64, route=direct)
[16:03:02] [info] flip-probe: flip #790 ok=true present=4ms inter_flip_ms=58 drawcalls-since-flip=35 drawcalls-total=63719 fail-total=0 null-skips-total=0
[16:03:03] [info] flip-probe: flip #800 ok=true present=4ms inter_flip_ms=55 drawcalls-since-flip=34 drawcalls-total=64060 fail-total=0 null-skips-total=0
[16:03:03] [info] alpha audit block 0: 2397 total drawcalls, 0 with alpha<255 (block pct_x10=0; global 0/57107 pct_x10=0); alpha-mod skipped: block=0 global=0
[16:03:03] [info] fastpath audit block 0: taken=2397 (idx8=2397) skipped=0 pct_x10=1000; global taken=57107 (idx8=57107) skipped=0 pct_x10=1000
[16:03:03] [info] primitive tally block 0: clear=200(hr=200) fill=0(hr=0) rect=0(hr=0) line=0(hr=0) tint=0 spotlight=0 (over 100 flips ending at flip 800)
[16:03:03] [info] color/alpha audit block 0: cmod_white=900 cmod_black=900 (idx=900) cmod_general=0 (idx=0) cmod_fb=0; alpha_taken=0 alpha_skipped=0 (global cmod=7194/5652/693/0 idx=5652/693 alpha=0/0)
[16:03:03] [info] phase timing block 0: drawcalls=4417 dc_total_ms=1035 flip_inner_total_ms=650 inter_flip_total_ms=6097 (per-flip avg x10: dc_ms=103 fi_ms=65 if_ms=609 derived audio+engine_ms=441; per-drawcall avg us_x10=2344) [direct-vesa: presents=100 total_ms=394 avg_ms_x10=39 failed=0] [ablation: NO_DC_TIMING=0 CACHE_WINSURF=0 DIRECT_VESA=1]
[16:03:03] [info] kbd/audio block 0: kbd_irq=0 kbd_drain=0 ring_chunks=16 pump_pass=2398 pic1_mask=0xb8 first_irq_ticks=0 install_ticks=0 vector_at_install=0x0084a008 pic1_mask_live=0x98 kbd_8042_stat=0x34 bios_kbd_head=0x0022 bios_kbd_tail=0x0022 bios_kbd_buf0=0x1c0d
[16:03:03] [info] dirty-rect block @flip=800: total_calls=0 dirty_rects_avg=1 dirty_pct_x10=1000 forced_full=0 first_n_force=0 threshold_exceeded=0 dirty_path_taken=0 full_flush_taken=0
[16:03:03] [info] prev-frame-diff block @flip=800: diff_calls=0 diff_rects_avg=0 diff_dirty_pct_x10=0 bbox_pct_x10=0 bbox_thresh_exceeded=0
[16:03:03] [info] flip-probe: flip #810 ok=true present=4ms inter_flip_ms=55 drawcalls-since-flip=33 drawcalls-total=64391 fail-total=0 null-skips-total=0
[16:03:04] [info] flip-probe: flip #820 ok=true present=4ms inter_flip_ms=52 drawcalls-since-flip=14 drawcalls-total=64575 fail-total=0 null-skips-total=0
[16:03:05] [info] flip-probe: flip #830 ok=true present=4ms inter_flip_ms=63 drawcalls-since-flip=14 drawcalls-total=64715 fail-total=0 null-skips-total=0
[16:03:05] [info] flip-probe: flip #840 ok=true present=4ms inter_flip_ms=64 drawcalls-since-flip=17 drawcalls-total=64876 fail-total=0 null-skips-total=0
[16:03:05] [info] backdrop cache: thrashing-detect engaged (streak=4, route=direct)
[16:03:06] [info] flip-probe: flip #850 ok=true present=4ms inter_flip_ms=56 drawcalls-since-flip=14 drawcalls-total=65036 fail-total=0 null-skips-total=0
[16:03:06] [info] flip-probe: flip #860 ok=true present=4ms inter_flip_ms=55 drawcalls-since-flip=14 drawcalls-total=65176 fail-total=0 null-skips-total=0
[16:03:07] [info] flip-probe: flip #870 ok=true present=3ms inter_flip_ms=61 drawcalls-since-flip=25 drawcalls-total=65398 fail-total=0 null-skips-total=0
[16:03:07] [info] flip-probe: flip #880 ok=true present=4ms inter_flip_ms=58 drawcalls-since-flip=25 drawcalls-total=65645 fail-total=0 null-skips-total=0
[16:03:08] [info] flip-probe: flip #890 ok=true present=4ms inter_flip_ms=55 drawcalls-since-flip=14 drawcalls-total=65833 fail-total=0 null-skips-total=0
[16:03:09] [info] flip-probe: flip #900 ok=true present=4ms inter_flip_ms=50 drawcalls-since-flip=14 drawcalls-total=65973 fail-total=0 null-skips-total=0
[16:03:09] [info] alpha audit block 0: 1705 total drawcalls, 0 with alpha<255 (block pct_x10=0; global 0/58812 pct_x10=0); alpha-mod skipped: block=0 global=0
[16:03:09] [info] fastpath audit block 0: taken=1705 (idx8=1705) skipped=0 pct_x10=1000; global taken=58812 (idx8=58812) skipped=0 pct_x10=1000
[16:03:09] [info] primitive tally block 0: clear=200(hr=200) fill=0(hr=0) rect=0(hr=0) line=0(hr=0) tint=0 spotlight=0 (over 100 flips ending at flip 900)
[16:03:09] [info] color/alpha audit block 0: cmod_white=108 cmod_black=108 (idx=108) cmod_general=0 (idx=0) cmod_fb=0; alpha_taken=0 alpha_skipped=0 (global cmod=7302/5760/693/0 idx=5760/693 alpha=0/0)
[16:03:09] [info] phase timing block 0: drawcalls=2139 dc_total_ms=829 flip_inner_total_ms=641 inter_flip_total_ms=5651 (per-flip avg x10: dc_ms=82 fi_ms=64 if_ms=565 derived audio+engine_ms=419; per-drawcall avg us_x10=3879) [direct-vesa: presents=100 total_ms=398 avg_ms_x10=39 failed=0] [ablation: NO_DC_TIMING=0 CACHE_WINSURF=0 DIRECT_VESA=1]
[16:03:09] [info] kbd/audio block 0: kbd_irq=0 kbd_drain=0 ring_chunks=16 pump_pass=2680 pic1_mask=0xb8 first_irq_ticks=0 install_ticks=0 vector_at_install=0x0084a008 pic1_mask_live=0x98 kbd_8042_stat=0x34 bios_kbd_head=0x0022 bios_kbd_tail=0x0022 bios_kbd_buf0=0x1c0d
[16:03:09] [info] dirty-rect block @flip=900: total_calls=0 dirty_rects_avg=1 dirty_pct_x10=1000 forced_full=0 first_n_force=0 threshold_exceeded=0 dirty_path_taken=0 full_flush_taken=0
[16:03:09] [info] prev-frame-diff block @flip=900: diff_calls=0 diff_rects_avg=0 diff_dirty_pct_x10=0 bbox_pct_x10=0 bbox_thresh_exceeded=0
[16:03:09] [info] backdrop cache: thrashing-detect engaged (streak=64, route=direct)
[16:03:09] [info] flip-probe: flip #910 ok=true present=4ms inter_flip_ms=88 drawcalls-since-flip=243 drawcalls-total=66635 fail-total=0 null-skips-total=0
[16:03:10] [info]  >> Entering stage 11: 'Mimiga Village'.
[16:03:10] [info] [skip-sheet-flush] cave=7
[16:03:10] [info] [load-stage] preloading entry music song=9 (cave=7)
[16:03:10] [info] gameloop: entered (curmap=11, running=1)
[16:03:10] [info] gameloop: iter 1 ticks=110401 mapno=-1
[16:03:10] [info] mds-clear-lut: rebuilt N=240 entries (k_skip=0% k_keep=100%; curmap=11 map_size=60x60; rebuild #5 since boot)
[16:03:11] [info] gameloop: iter 2 ticks=110530 mapno=-1
[16:03:11] [info] gameloop: iter 3 ticks=110649 mapno=-1
[16:03:11] [info] flip-probe: flip #920 ok=true present=4ms inter_flip_ms=96 drawcalls-since-flip=241 drawcalls-total=69460 fail-total=0 null-skips-total=0
[16:03:12] [info] flip-probe: flip #930 ok=true present=4ms inter_flip_ms=61 drawcalls-since-flip=42 drawcalls-total=70042 fail-total=0 null-skips-total=0
[16:03:12] [info] flip-probe: flip #940 ok=true present=4ms inter_flip_ms=61 drawcalls-since-flip=42 drawcalls-total=70462 fail-total=0 null-skips-total=0
[16:03:13] [info] backdrop cache: thrashing-detect engaged (streak=4, route=direct)
[16:03:13] [info] flip-probe: flip #950 ok=true present=4ms inter_flip_ms=72 drawcalls-since-flip=50 drawcalls-total=70977 fail-total=0 null-skips-total=0
[16:03:14] [info] flip-probe: flip #960 ok=true present=4ms inter_flip_ms=63 drawcalls-since-flip=47 drawcalls-total=71440 fail-total=0 null-skips-total=0
[16:03:14] [info] flip-probe: flip #970 ok=true present=5ms inter_flip_ms=64 drawcalls-since-flip=44 drawcalls-total=71877 fail-total=0 null-skips-total=0
[16:03:15] [info] flip-probe: flip #980 ok=true present=4ms inter_flip_ms=68 drawcalls-since-flip=46 drawcalls-total=72335 fail-total=0 null-skips-total=0
[16:03:16] [info] flip-probe: flip #990 ok=true present=4ms inter_flip_ms=65 drawcalls-since-flip=45 drawcalls-total=72785 fail-total=0 null-skips-total=0
[16:03:16] [info] flip-probe: flip #1000 ok=true present=4ms inter_flip_ms=75 drawcalls-since-flip=45 drawcalls-total=73235 fail-total=0 null-skips-total=0
[16:03:16] [info] alpha audit block 0: 6057 total drawcalls, 0 with alpha<255 (block pct_x10=0; global 0/64869 pct_x10=0); alpha-mod skipped: block=0 global=0
[16:03:16] [info] fastpath audit block 0: taken=6057 (idx8=6057) skipped=0 pct_x10=1000; global taken=64869 (idx8=64869) skipped=0 pct_x10=1000
[16:03:16] [info] primitive tally block 0: clear=201(hr=201) fill=0(hr=0) rect=0(hr=0) line=0(hr=0) tint=0 spotlight=0 (over 100 flips ending at flip 1000)
[16:03:16] [info] color/alpha audit block 0: cmod_white=1105 cmod_black=1105 (idx=1105) cmod_general=0 (idx=0) cmod_fb=0; alpha_taken=0 alpha_skipped=0 (global cmod=8407/6865/693/0 idx=6865/693 alpha=0/0)
[16:03:16] [info] phase timing block 0: drawcalls=8501 dc_total_ms=1631 flip_inner_total_ms=656 inter_flip_total_ms=7722 (per-flip avg x10: dc_ms=163 fi_ms=65 if_ms=772 derived audio+engine_ms=544; per-drawcall avg us_x10=1919) [direct-vesa: presents=100 total_ms=393 avg_ms_x10=39 failed=0] [ablation: NO_DC_TIMING=0 CACHE_WINSURF=0 DIRECT_VESA=1]
[16:03:16] [info] kbd/audio block 0: kbd_irq=0 kbd_drain=0 ring_chunks=16 pump_pass=3027 pic1_mask=0xb8 first_irq_ticks=0 install_ticks=0 vector_at_install=0x0084a008 pic1_mask_live=0x98 kbd_8042_stat=0x34 bios_kbd_head=0x0022 bios_kbd_tail=0x0022 bios_kbd_buf0=0x1c0d
[16:03:16] [info] dirty-rect block @flip=1000: total_calls=0 dirty_rects_avg=1 dirty_pct_x10=1000 forced_full=0 first_n_force=0 threshold_exceeded=0 dirty_path_taken=0 full_flush_taken=0
[16:03:16] [info] prev-frame-diff block @flip=1000: diff_calls=0 diff_rects_avg=0 diff_dirty_pct_x10=0 bbox_pct_x10=0 bbox_thresh_exceeded=0
[16:03:17] [info] backdrop cache: thrashing-detect engaged (streak=64, route=direct)
[16:03:17] [info] flip-probe: flip #1010 ok=true present=4ms inter_flip_ms=66 drawcalls-since-flip=44 drawcalls-total=73684 fail-total=0 null-skips-total=0
[16:03:18] [info] flip-probe: flip #1020 ok=true present=4ms inter_flip_ms=65 drawcalls-since-flip=44 drawcalls-total=74124 fail-total=0 null-skips-total=0
[16:03:18] [info] flip-probe: flip #1030 ok=true present=4ms inter_flip_ms=63 drawcalls-since-flip=43 drawcalls-total=74556 fail-total=0 null-skips-total=0
[16:03:19] [info] flip-probe: flip #1040 ok=true present=4ms inter_flip_ms=59 drawcalls-since-flip=19 drawcalls-total=74867 fail-total=0 null-skips-total=0
[16:03:19] [info] flip-probe: flip #1050 ok=true present=5ms inter_flip_ms=59 drawcalls-since-flip=19 drawcalls-total=75057 fail-total=0 null-skips-total=0
[16:03:20] [info] flip-probe: flip #1060 ok=true present=4ms inter_flip_ms=61 drawcalls-since-flip=18 drawcalls-total=75243 fail-total=0 null-skips-total=0
[16:03:21] [info] backdrop cache: thrashing-detect engaged (streak=124, route=direct)
[16:03:21] [info] flip-probe: flip #1070 ok=true present=4ms inter_flip_ms=60 drawcalls-since-flip=18 drawcalls-total=75417 fail-total=0 null-skips-total=0
[16:03:21] [info] flip-probe: flip #1080 ok=true present=4ms inter_flip_ms=58 drawcalls-since-flip=18 drawcalls-total=75597 fail-total=0 null-skips-total=0
[16:03:22] [info] flip-probe: flip #1090 ok=true present=4ms inter_flip_ms=61 drawcalls-since-flip=19 drawcalls-total=75787 fail-total=0 null-skips-total=0
[16:03:22] [info] flip-probe: flip #1100 ok=true present=4ms inter_flip_ms=61 drawcalls-since-flip=20 drawcalls-total=75978 fail-total=0 null-skips-total=0
[16:03:22] [info] alpha audit block 0: 2188 total drawcalls, 0 with alpha<255 (block pct_x10=0; global 0/67057 pct_x10=0); alpha-mod skipped: block=0 global=0
[16:03:22] [info] fastpath audit block 0: taken=2188 (idx8=2188) skipped=0 pct_x10=1000; global taken=67057 (idx8=67057) skipped=0 pct_x10=1000
[16:03:22] [info] primitive tally block 0: clear=200(hr=200) fill=0(hr=0) rect=0(hr=0) line=0(hr=0) tint=0 spotlight=0 (over 100 flips ending at flip 1100)
[16:03:22] [info] color/alpha audit block 0: cmod_white=455 cmod_black=455 (idx=455) cmod_general=0 (idx=0) cmod_fb=0; alpha_taken=0 alpha_skipped=0 (global cmod=8862/7320/693/0 idx=7320/693 alpha=0/0)
[16:03:22] [info] phase timing block 0: drawcalls=3298 dc_total_ms=878 flip_inner_total_ms=633 inter_flip_total_ms=6154 (per-flip avg x10: dc_ms=87 fi_ms=63 if_ms=615 derived audio+engine_ms=465; per-drawcall avg us_x10=2664) [direct-vesa: presents=100 total_ms=392 avg_ms_x10=39 failed=0] [ablation: NO_DC_TIMING=0 CACHE_WINSURF=0 DIRECT_VESA=1]
[16:03:22] [info] kbd/audio block 0: kbd_irq=0 kbd_drain=0 ring_chunks=16 pump_pass=3335 pic1_mask=0xb8 first_irq_ticks=0 install_ticks=0 vector_at_install=0x0084a008 pic1_mask_live=0x98 kbd_8042_stat=0x34 bios_kbd_head=0x0022 bios_kbd_tail=0x0022 bios_kbd_buf0=0x1c0d
[16:03:22] [info] dirty-rect block @flip=1100: total_calls=0 dirty_rects_avg=1 dirty_pct_x10=1000 forced_full=0 first_n_force=0 threshold_exceeded=0 dirty_path_taken=0 full_flush_taken=0
[16:03:22] [info] prev-frame-diff block @flip=1100: diff_calls=0 diff_rects_avg=0 diff_dirty_pct_x10=0 bbox_pct_x10=0 bbox_thresh_exceeded=0
[16:03:23] [info] flip-probe: flip #1110 ok=true present=4ms inter_flip_ms=61 drawcalls-since-flip=20 drawcalls-total=76178 fail-total=0 null-skips-total=0
[16:03:24] [info] flip-probe: flip #1120 ok=true present=4ms inter_flip_ms=61 drawcalls-since-flip=17 drawcalls-total=76375 fail-total=0 null-skips-total=0
[16:03:24] [info] backdrop cache: thrashing-detect engaged (streak=184, route=direct)
[16:03:24] [info] flip-probe: flip #1130 ok=true present=4ms inter_flip_ms=66 drawcalls-since-flip=17 drawcalls-total=76545 fail-total=0 null-skips-total=0
[16:03:25] [info] flip-probe: flip #1140 ok=true present=4ms inter_flip_ms=62 drawcalls-since-flip=18 drawcalls-total=76718 fail-total=0 null-skips-total=0
[16:03:26] [info] flip-probe: flip #1150 ok=true present=4ms inter_flip_ms=61 drawcalls-since-flip=17 drawcalls-total=76896 fail-total=0 null-skips-total=0
[16:03:26] [info] flip-probe: flip #1160 ok=true present=4ms inter_flip_ms=60 drawcalls-since-flip=16 drawcalls-total=77060 fail-total=0 null-skips-total=0
[16:03:27] [info] flip-probe: flip #1170 ok=true present=4ms inter_flip_ms=61 drawcalls-since-flip=18 drawcalls-total=77237 fail-total=0 null-skips-total=0
[16:03:27] [info] flip-probe: flip #1180 ok=true present=4ms inter_flip_ms=60 drawcalls-since-flip=18 drawcalls-total=77436 fail-total=0 null-skips-total=0
[16:03:28] [info] backdrop cache: thrashing-detect engaged (streak=244, route=direct)
[16:03:28] [info] flip-probe: flip #1190 ok=true present=4ms inter_flip_ms=115 drawcalls-since-flip=359 drawcalls-total=78871 fail-total=0 null-skips-total=0
[16:03:28] [info]  >> Entering stage 19: 'Assembly Hall'.
[16:03:28] [info] [skip-sheet-flush] cave=8
[16:03:29] [info] [load-stage] preloading entry music song=9 (cave=8)
[16:03:29] [info] gameloop: entered (curmap=19, running=1)
[16:03:29] [info] gameloop: iter 1 ticks=129400 mapno=-1
[16:03:29] [info] mds-clear-lut: rebuilt N=240 entries (k_skip=100% k_keep=0%; curmap=19 map_size=21x16; rebuild #6 since boot)
[16:03:30] [info] gameloop: iter 2 ticks=129536 mapno=-1
[16:03:30] [info] gameloop: iter 3 ticks=129662 mapno=-1
[16:03:30] [info] flip-probe: flip #1200 ok=true present=4ms inter_flip_ms=61 drawcalls-since-flip=135 drawcalls-total=81793 fail-total=0 null-skips-total=0
[16:03:30] [info] alpha audit block 0: 5631 total drawcalls, 0 with alpha<255 (block pct_x10=0; global 0/72688 pct_x10=0); alpha-mod skipped: block=0 global=0
[16:03:30] [info] fastpath audit block 0: taken=5631 (idx8=5631) skipped=0 pct_x10=1000; global taken=72688 (idx8=72688) skipped=0 pct_x10=1000
[16:03:30] [info] primitive tally block 0: clear=202(hr=202) fill=0(hr=0) rect=0(hr=0) line=0(hr=0) tint=0 spotlight=0 (over 100 flips ending at flip 1200)
[16:03:30] [info] color/alpha audit block 0: cmod_white=84 cmod_black=84 (idx=84) cmod_general=0 (idx=0) cmod_fb=0; alpha_taken=0 alpha_skipped=0 (global cmod=8946/7404/693/0 idx=7404/693 alpha=0/0)
[16:03:30] [info] phase timing block 0: drawcalls=6008 dc_total_ms=1252 flip_inner_total_ms=645 inter_flip_total_ms=7732 (per-flip avg x10: dc_ms=125 fi_ms=64 if_ms=773 derived audio+engine_ms=584; per-drawcall avg us_x10=2085) [direct-vesa: presents=100 total_ms=392 avg_ms_x10=39 failed=0] [ablation: NO_DC_TIMING=0 CACHE_WINSURF=0 DIRECT_VESA=1]
[16:03:30] [info] kbd/audio block 0: kbd_irq=0 kbd_drain=0 ring_chunks=16 pump_pass=3662 pic1_mask=0xb8 first_irq_ticks=0 install_ticks=0 vector_at_install=0x0084a008 pic1_mask_live=0x98 kbd_8042_stat=0x34 bios_kbd_head=0x0022 bios_kbd_tail=0x0022 bios_kbd_buf0=0x1c0d
[16:03:30] [info] dirty-rect block @flip=1200: total_calls=0 dirty_rects_avg=1 dirty_pct_x10=1000 forced_full=0 first_n_force=0 threshold_exceeded=0 dirty_path_taken=0 full_flush_taken=0
[16:03:30] [info] prev-frame-diff block @flip=1200: diff_calls=0 diff_rects_avg=0 diff_dirty_pct_x10=0 bbox_pct_x10=0 bbox_thresh_exceeded=0
[16:03:30] [info] tas: stall frame 349 ms -> contributing 1 tick (patch 0286)
[16:03:31] [info] flip-probe: flip #1210 ok=true present=4ms inter_flip_ms=60 drawcalls-since-flip=122 drawcalls-total=83003 fail-total=0 null-skips-total=0
[16:03:32] [info] flip-probe: flip #1220 ok=true present=4ms inter_flip_ms=59 drawcalls-since-flip=122 drawcalls-total=84223 fail-total=0 null-skips-total=0
[16:03:32] [info] flip-probe: flip #1230 ok=true present=4ms inter_flip_ms=59 drawcalls-since-flip=122 drawcalls-total=85462 fail-total=0 null-skips-total=0
[16:03:33] [info] flip-probe: flip #1240 ok=true present=4ms inter_flip_ms=59 drawcalls-since-flip=122 drawcalls-total=86692 fail-total=0 null-skips-total=0
[16:03:33] [info] flip-probe: flip #1250 ok=true present=4ms inter_flip_ms=59 drawcalls-since-flip=122 drawcalls-total=87912 fail-total=0 null-skips-total=0
[16:03:34] [info] flip-probe: flip #1260 ok=true present=4ms inter_flip_ms=58 drawcalls-since-flip=122 drawcalls-total=89132 fail-total=0 null-skips-total=0
[16:03:35] [info] flip-probe: flip #1270 ok=true present=4ms inter_flip_ms=82 drawcalls-since-flip=286 drawcalls-total=90588 fail-total=0 null-skips-total=0
[16:03:35] [info]  >> Entering stage 11: 'Mimiga Village'.
[16:03:35] [info] [skip-sheet-flush] cave=9
[16:03:36] [info] [load-stage] preloading entry music song=9 (cave=9)
[16:03:36] [info] gameloop: entered (curmap=11, running=1)
[16:03:36] [info] gameloop: iter 1 ticks=136132 mapno=-1
[16:03:36] [info] mds-clear-lut: rebuilt N=240 entries (k_skip=0% k_keep=100%; curmap=11 map_size=60x60; rebuild #7 since boot)
[16:03:36] [info] gameloop: iter 2 ticks=136269 mapno=-1
[16:03:36] [info] gameloop: iter 3 ticks=136393 mapno=-1
[16:03:37] [info] flip-probe: flip #1280 ok=true present=4ms inter_flip_ms=129 drawcalls-since-flip=380 drawcalls-total=94148 fail-total=0 null-skips-total=0
[16:03:37] [info] backdrop cache: thrashing-detect engaged (streak=4, route=direct)
[16:03:37] [info] flip-probe: flip #1290 ok=true present=4ms inter_flip_ms=66 drawcalls-since-flip=46 drawcalls-total=94938 fail-total=0 null-skips-total=0
[16:03:38] [info] flip-probe: flip #1300 ok=true present=4ms inter_flip_ms=66 drawcalls-since-flip=42 drawcalls-total=95377 fail-total=0 null-skips-total=0
[16:03:38] [info] alpha audit block 0: 12260 total drawcalls, 0 with alpha<255 (block pct_x10=0; global 0/84948 pct_x10=0); alpha-mod skipped: block=0 global=0
[16:03:38] [info] fastpath audit block 0: taken=12260 (idx8=12260) skipped=0 pct_x10=1000; global taken=84948 (idx8=84948) skipped=0 pct_x10=1000
[16:03:38] [info] primitive tally block 0: clear=202(hr=202) fill=0(hr=0) rect=0(hr=0) line=0(hr=0) tint=0 spotlight=0 (over 100 flips ending at flip 1300)
[16:03:38] [info] color/alpha audit block 0: cmod_white=1224 cmod_black=1224 (idx=1224) cmod_general=0 (idx=0) cmod_fb=0; alpha_taken=0 alpha_skipped=0 (global cmod=10170/8628/693/0 idx=8628/693 alpha=0/0)
[16:03:38] [info] phase timing block 0: drawcalls=14991 dc_total_ms=2100 flip_inner_total_ms=644 inter_flip_total_ms=7923 (per-flip avg x10: dc_ms=210 fi_ms=64 if_ms=792 derived audio+engine_ms=518; per-drawcall avg us_x10=1401) [direct-vesa: presents=100 total_ms=396 avg_ms_x10=39 failed=0] [ablation: NO_DC_TIMING=0 CACHE_WINSURF=0 DIRECT_VESA=1]
[16:03:38] [info] kbd/audio block 0: kbd_irq=0 kbd_drain=0 ring_chunks=16 pump_pass=3981 pic1_mask=0xb8 first_irq_ticks=0 install_ticks=0 vector_at_install=0x0084a008 pic1_mask_live=0x98 kbd_8042_stat=0x34 bios_kbd_head=0x0022 bios_kbd_tail=0x0022 bios_kbd_buf0=0x1c0d
[16:03:38] [info] dirty-rect block @flip=1300: total_calls=0 dirty_rects_avg=1 dirty_pct_x10=1000 forced_full=0 first_n_force=0 threshold_exceeded=0 dirty_path_taken=0 full_flush_taken=0
[16:03:38] [info] prev-frame-diff block @flip=1300: diff_calls=0 diff_rects_avg=0 diff_dirty_pct_x10=0 bbox_pct_x10=0 bbox_thresh_exceeded=0
[16:03:39] [info] flip-probe: flip #1310 ok=true present=4ms inter_flip_ms=64 drawcalls-since-flip=44 drawcalls-total=95812 fail-total=0 null-skips-total=0
[16:03:39] [info] flip-probe: flip #1320 ok=true present=4ms inter_flip_ms=65 drawcalls-since-flip=43 drawcalls-total=96249 fail-total=0 null-skips-total=0
[16:03:40] [info] flip-probe: flip #1330 ok=true present=4ms inter_flip_ms=64 drawcalls-since-flip=45 drawcalls-total=96700 fail-total=0 null-skips-total=0
[16:03:41] [info] flip-probe: flip #1340 ok=true present=4ms inter_flip_ms=63 drawcalls-since-flip=44 drawcalls-total=97145 fail-total=0 null-skips-total=0
[16:03:41] [info] backdrop cache: thrashing-detect engaged (streak=64, route=direct)
[16:03:41] [info] flip-probe: flip #1350 ok=true present=4ms inter_flip_ms=66 drawcalls-since-flip=43 drawcalls-total=97583 fail-total=0 null-skips-total=0
[16:03:42] [info] flip-probe: flip #1360 ok=true present=4ms inter_flip_ms=62 drawcalls-since-flip=43 drawcalls-total=98013 fail-total=0 null-skips-total=0
[16:03:42] [info] run_tick_fixed #4200: heartbeat (loop alive)
[16:03:43] [info] flip-probe: flip #1370 ok=true present=4ms inter_flip_ms=63 drawcalls-since-flip=44 drawcalls-total=98450 fail-total=0 null-skips-total=0
[16:03:43] [info] flip-probe: flip #1380 ok=true present=4ms inter_flip_ms=65 drawcalls-since-flip=45 drawcalls-total=98896 fail-total=0 null-skips-total=0
[16:03:44] [info] flip-probe: flip #1390 ok=true present=4ms inter_flip_ms=65 drawcalls-since-flip=41 drawcalls-total=99320 fail-total=0 null-skips-total=0
[16:03:45] [info] flip-probe: flip #1400 ok=true present=4ms inter_flip_ms=116 drawcalls-since-flip=356 drawcalls-total=100462 fail-total=0 null-skips-total=0
[16:03:45] [info] alpha audit block 0: 3737 total drawcalls, 0 with alpha<255 (block pct_x10=0; global 0/88685 pct_x10=0); alpha-mod skipped: block=0 global=0
[16:03:45] [info] fastpath audit block 0: taken=3737 (idx8=3737) skipped=0 pct_x10=1000; global taken=88685 (idx8=88685) skipped=0 pct_x10=1000
[16:03:45] [info] primitive tally block 0: clear=200(hr=200) fill=0(hr=0) rect=0(hr=0) line=0(hr=0) tint=0 spotlight=0 (over 100 flips ending at flip 1400)
[16:03:45] [info] color/alpha audit block 0: cmod_white=1248 cmod_black=1248 (idx=1248) cmod_general=0 (idx=0) cmod_fb=0; alpha_taken=0 alpha_skipped=0 (global cmod=11418/9876/693/0 idx=9876/693 alpha=0/0)
[16:03:45] [info] phase timing block 0: drawcalls=6433 dc_total_ms=1167 flip_inner_total_ms=658 inter_flip_total_ms=6611 (per-flip avg x10: dc_ms=116 fi_ms=65 if_ms=661 derived audio+engine_ms=480; per-drawcall avg us_x10=1814) [direct-vesa: presents=100 total_ms=396 avg_ms_x10=39 failed=0] [ablation: NO_DC_TIMING=0 CACHE_WINSURF=0 DIRECT_VESA=1]
[16:03:45] [info] kbd/audio block 0: kbd_irq=0 kbd_drain=0 ring_chunks=16 pump_pass=4309 pic1_mask=0xb8 first_irq_ticks=0 install_ticks=0 vector_at_install=0x0084a008 pic1_mask_live=0x98 kbd_8042_stat=0x34 bios_kbd_head=0x0022 bios_kbd_tail=0x0022 bios_kbd_buf0=0x1c0d
[16:03:45] [info] dirty-rect block @flip=1400: total_calls=0 dirty_rects_avg=1 dirty_pct_x10=1000 forced_full=0 first_n_force=0 threshold_exceeded=0 dirty_path_taken=0 full_flush_taken=0
[16:03:45] [info] prev-frame-diff block @flip=1400: diff_calls=0 diff_rects_avg=0 diff_dirty_pct_x10=0 bbox_pct_x10=0 bbox_thresh_exceeded=0
[16:03:45] [info] tas: stall frame 197 ms -> contributing 1 tick (patch 0286)
[16:03:45] [info] backdrop cache: thrashing-detect engaged (streak=124, route=direct)
[16:03:45] [info]  >> Entering stage 14: 'Shack'.
[16:03:45] [info] [skip-sheet-flush] cave=10
[16:03:46] [info] [load-stage] preloading entry music song=8 (cave=10)
[16:03:46] [info] opl3 backend: on_song_stop
[16:03:46] [info] MidiScheduler::load: parsed 'data/orgmid2/vivi.mid' = 11188 events at 48 PPQ
[16:03:46] [info] opl3 backend: on_song_start
[16:03:46] [info] gameloop: entered (curmap=14, running=1)
[16:03:46] [info] gameloop: iter 1 ticks=146418 mapno=-1
[16:03:47] [info] gameloop: iter 2 ticks=146524 mapno=-1
[16:03:47] [info] gameloop: iter 3 ticks=146635 mapno=-1
[16:03:47] [info] flip-probe: flip #1410 ok=true present=4ms inter_flip_ms=86 drawcalls-since-flip=253 drawcalls-total=103239 fail-total=0 null-skips-total=0
[16:03:47] [info] flip-probe: flip #1420 ok=true present=4ms inter_flip_ms=45 drawcalls-since-flip=24 drawcalls-total=103531 fail-total=0 null-skips-total=0
[16:03:48] [info] flip-probe: flip #1430 ok=true present=3ms inter_flip_ms=46 drawcalls-since-flip=24 drawcalls-total=103771 fail-total=0 null-skips-total=0
[16:03:48] [info] flip-probe: flip #1440 ok=true present=4ms inter_flip_ms=51 drawcalls-since-flip=27 drawcalls-total=104026 fail-total=0 null-skips-total=0
[16:03:49] [info] flip-probe: flip #1450 ok=true present=4ms inter_flip_ms=45 drawcalls-since-flip=24 drawcalls-total=104289 fail-total=0 null-skips-total=0
[16:03:49] [info] flip-probe: flip #1460 ok=true present=4ms inter_flip_ms=46 drawcalls-since-flip=24 drawcalls-total=104529 fail-total=0 null-skips-total=0
[16:03:50] [info] flip-probe: flip #1470 ok=true present=4ms inter_flip_ms=46 drawcalls-since-flip=24 drawcalls-total=104769 fail-total=0 null-skips-total=0
[16:03:50] [info] run_tick_fixed #4500: heartbeat (loop alive)
[16:03:50] [info] flip-probe: flip #1480 ok=true present=4ms inter_flip_ms=48 drawcalls-since-flip=24 drawcalls-total=105009 fail-total=0 null-skips-total=0
[16:03:51] [info] flip-probe: flip #1490 ok=true present=5ms inter_flip_ms=44 drawcalls-since-flip=24 drawcalls-total=105249 fail-total=0 null-skips-total=0
[16:03:51] [info] flip-probe: flip #1500 ok=true present=4ms inter_flip_ms=45 drawcalls-since-flip=24 drawcalls-total=105489 fail-total=0 null-skips-total=0
[16:03:51] [info] alpha audit block 0: 4547 total drawcalls, 0 with alpha<255 (block pct_x10=0; global 0/93232 pct_x10=0); alpha-mod skipped: block=0 global=0
[16:03:51] [info] fastpath audit block 0: taken=4547 (idx8=4547) skipped=0 pct_x10=1000; global taken=93232 (idx8=93232) skipped=0 pct_x10=1000
[16:03:51] [info] primitive tally block 0: clear=202(hr=202) fill=0(hr=0) rect=0(hr=0) line=0(hr=0) tint=0 spotlight=0 (over 100 flips ending at flip 1500)
[16:03:51] [info] color/alpha audit block 0: cmod_white=475 cmod_black=475 (idx=475) cmod_general=0 (idx=0) cmod_fb=0; alpha_taken=0 alpha_skipped=0 (global cmod=11893/10351/693/0 idx=10351/693 alpha=0/0)
[16:03:51] [info] phase timing block 0: drawcalls=5699 dc_total_ms=1156 flip_inner_total_ms=629 inter_flip_total_ms=6468 (per-flip avg x10: dc_ms=115 fi_ms=62 if_ms=646 derived audio+engine_ms=469; per-drawcall avg us_x10=2029) [direct-vesa: presents=100 total_ms=387 avg_ms_x10=38 failed=0] [ablation: NO_DC_TIMING=0 CACHE_WINSURF=0 DIRECT_VESA=1]
[16:03:51] [info] kbd/audio block 0: kbd_irq=0 kbd_drain=0 ring_chunks=16 pump_pass=4564 pic1_mask=0xb8 first_irq_ticks=0 install_ticks=0 vector_at_install=0x0084a008 pic1_mask_live=0x98 kbd_8042_stat=0x34 bios_kbd_head=0x0022 bios_kbd_tail=0x0022 bios_kbd_buf0=0x1c0d
[16:03:51] [info] dirty-rect block @flip=1500: total_calls=0 dirty_rects_avg=1 dirty_pct_x10=1000 forced_full=0 first_n_force=0 threshold_exceeded=0 dirty_path_taken=0 full_flush_taken=0
[16:03:51] [info] prev-frame-diff block @flip=1500: diff_calls=0 diff_rects_avg=0 diff_dirty_pct_x10=0 bbox_pct_x10=0 bbox_thresh_exceeded=0
[16:03:52] [info] flip-probe: flip #1510 ok=true present=4ms inter_flip_ms=103 drawcalls-since-flip=365 drawcalls-total=107296 fail-total=0 null-skips-total=0
[16:03:52] [info]  >> Entering stage 11: 'Mimiga Village'.
[16:03:52] [info] [skip-sheet-flush] cave=11
[16:03:53] [info] [load-stage] preloading entry music song=9 (cave=11)
[16:03:53] [info] opl3 backend: on_song_stop
[16:03:53] [info] MidiScheduler::load: parsed 'data/orgmid2/mura.mid' = 7123 events at 48 PPQ
[16:03:53] [info] opl3 backend: on_song_start
[16:03:53] [info] gameloop: entered (curmap=11, running=1)
[16:03:53] [info] gameloop: iter 1 ticks=153049 mapno=-1
[16:03:53] [info] gameloop: iter 2 ticks=153179 mapno=-1
[16:03:53] [info] gameloop: iter 3 ticks=153304 mapno=-1
[16:03:54] [info] backdrop cache: thrashing-detect engaged (streak=4, route=direct)
[16:03:54] [info] flip-probe: flip #1520 ok=true present=4ms inter_flip_ms=60 drawcalls-since-flip=30 drawcalls-total=109646 fail-total=0 null-skips-total=0
[16:03:55] [info] flip-probe: flip #1530 ok=true present=4ms inter_flip_ms=60 drawcalls-since-flip=43 drawcalls-total=110063 fail-total=0 null-skips-total=0
[16:03:55] [info] flip-probe: flip #1540 ok=true present=4ms inter_flip_ms=66 drawcalls-since-flip=46 drawcalls-total=110504 fail-total=0 null-skips-total=0
[16:03:56] [info] flip-probe: flip #1550 ok=true present=5ms inter_flip_ms=64 drawcalls-since-flip=44 drawcalls-total=110968 fail-total=0 null-skips-total=0
[16:03:56] [info] flip-probe: flip #1560 ok=true present=4ms inter_flip_ms=62 drawcalls-since-flip=43 drawcalls-total=111398 fail-total=0 null-skips-total=0
[16:03:57] [info] flip-probe: flip #1570 ok=true present=4ms inter_flip_ms=71 drawcalls-since-flip=45 drawcalls-total=111851 fail-total=0 null-skips-total=0
[16:03:57] [info] backdrop cache: thrashing-detect engaged (streak=4, route=direct)
[16:03:58] [info] flip-probe: flip #1580 ok=true present=4ms inter_flip_ms=64 drawcalls-since-flip=45 drawcalls-total=112301 fail-total=0 null-skips-total=0
[16:03:58] [info] flip-probe: flip #1590 ok=true present=4ms inter_flip_ms=62 drawcalls-since-flip=47 drawcalls-total=112760 fail-total=0 null-skips-total=0
[16:03:59] [info] flip-probe: flip #1600 ok=true present=5ms inter_flip_ms=59 drawcalls-since-flip=44 drawcalls-total=113213 fail-total=0 null-skips-total=0
[16:03:59] [info] alpha audit block 0: 6432 total drawcalls, 0 with alpha<255 (block pct_x10=0; global 0/99664 pct_x10=0); alpha-mod skipped: block=0 global=0
[16:03:59] [info] fastpath audit block 0: taken=6432 (idx8=6432) skipped=0 pct_x10=1000; global taken=99664 (idx8=99664) skipped=0 pct_x10=1000
[16:03:59] [info] primitive tally block 0: clear=201(hr=201) fill=0(hr=0) rect=0(hr=0) line=0(hr=0) tint=0 spotlight=0 (over 100 flips ending at flip 1600)
[16:03:59] [info] color/alpha audit block 0: cmod_white=1204 cmod_black=1204 (idx=1204) cmod_general=0 (idx=0) cmod_fb=0; alpha_taken=0 alpha_skipped=0 (global cmod=13097/11555/693/0 idx=11555/693 alpha=0/0)
[16:03:59] [info] phase timing block 0: drawcalls=9051 dc_total_ms=1540 flip_inner_total_ms=649 inter_flip_total_ms=7873 (per-flip avg x10: dc_ms=154 fi_ms=64 if_ms=787 derived audio+engine_ms=569; per-drawcall avg us_x10=1702) [direct-vesa: presents=100 total_ms=393 avg_ms_x10=39 failed=0] [ablation: NO_DC_TIMING=0 CACHE_WINSURF=0 DIRECT_VESA=1]
[16:03:59] [info] kbd/audio block 0: kbd_irq=0 kbd_drain=0 ring_chunks=16 pump_pass=4901 pic1_mask=0xb8 first_irq_ticks=0 install_ticks=0 vector_at_install=0x0084a008 pic1_mask_live=0x98 kbd_8042_stat=0x34 bios_kbd_head=0x0022 bios_kbd_tail=0x0022 bios_kbd_buf0=0x1c0d
[16:03:59] [info] dirty-rect block @flip=1600: total_calls=0 dirty_rects_avg=1 dirty_pct_x10=1000 forced_full=0 first_n_force=0 threshold_exceeded=0 dirty_path_taken=0 full_flush_taken=0
[16:03:59] [info] prev-frame-diff block @flip=1600: diff_calls=0 diff_rects_avg=0 diff_dirty_pct_x10=0 bbox_pct_x10=0 bbox_thresh_exceeded=0
[16:03:59] [info] backdrop cache: thrashing-detect engaged (streak=4, route=direct)
[16:04:00] [info] flip-probe: flip #1610 ok=true present=4ms inter_flip_ms=62 drawcalls-since-flip=45 drawcalls-total=113658 fail-total=0 null-skips-total=0
[16:04:00] [info] flip-probe: flip #1620 ok=true present=4ms inter_flip_ms=60 drawcalls-since-flip=47 drawcalls-total=114120 fail-total=0 null-skips-total=0
[16:04:01] [info] flip-probe: flip #1630 ok=true present=4ms inter_flip_ms=62 drawcalls-since-flip=45 drawcalls-total=114579 fail-total=0 null-skips-total=0
[16:04:02] [info] flip-probe: flip #1640 ok=true present=4ms inter_flip_ms=60 drawcalls-since-flip=19 drawcalls-total=114821 fail-total=0 null-skips-total=0
[16:04:02] [info] flip-probe: flip #1650 ok=true present=4ms inter_flip_ms=60 drawcalls-since-flip=19 drawcalls-total=115011 fail-total=0 null-skips-total=0
[16:04:03] [info] flip-probe: flip #1660 ok=true present=4ms inter_flip_ms=60 drawcalls-since-flip=19 drawcalls-total=115201 fail-total=0 null-skips-total=0
[16:04:03] [info] backdrop cache: thrashing-detect engaged (streak=64, route=direct)
[16:04:03] [info] flip-probe: flip #1670 ok=true present=5ms inter_flip_ms=58 drawcalls-since-flip=60 drawcalls-total=115555 fail-total=0 null-skips-total=0
[16:04:04] [info] flip-probe: flip #1680 ok=true present=4ms inter_flip_ms=58 drawcalls-since-flip=60 drawcalls-total=116155 fail-total=0 null-skips-total=0
[16:04:05] [info] flip-probe: flip #1690 ok=true present=4ms inter_flip_ms=58 drawcalls-since-flip=60 drawcalls-total=116755 fail-total=0 null-skips-total=0
[16:04:05] [info] flip-probe: flip #1700 ok=true present=4ms inter_flip_ms=58 drawcalls-since-flip=60 drawcalls-total=117355 fail-total=0 null-skips-total=0
[16:04:05] [info] alpha audit block 0: 3626 total drawcalls, 0 with alpha<255 (block pct_x10=0; global 0/103290 pct_x10=0); alpha-mod skipped: block=0 global=0
[16:04:05] [info] fastpath audit block 0: taken=3626 (idx8=3626) skipped=0 pct_x10=1000; global taken=103290 (idx8=103290) skipped=0 pct_x10=1000
[16:04:05] [info] primitive tally block 0: clear=200(hr=200) fill=0(hr=0) rect=0(hr=0) line=0(hr=0) tint=34 spotlight=0 (over 100 flips ending at flip 1700)
[16:04:05] [info] color/alpha audit block 0: cmod_white=1164 cmod_black=416 (idx=416) cmod_general=0 (idx=0) cmod_fb=0; alpha_taken=0 alpha_skipped=0 (global cmod=14261/11971/693/0 idx=11971/693 alpha=0/0)
[16:04:05] [info] phase timing block 0: drawcalls=5445 dc_total_ms=1150 flip_inner_total_ms=858 inter_flip_total_ms=6092 (per-flip avg x10: dc_ms=115 fi_ms=85 if_ms=609 derived audio+engine_ms=409; per-drawcall avg us_x10=2113) [direct-vesa: presents=100 total_ms=393 avg_ms_x10=39 failed=0] [ablation: NO_DC_TIMING=0 CACHE_WINSURF=0 DIRECT_VESA=1]
[16:04:05] [info] kbd/audio block 0: kbd_irq=0 kbd_drain=0 ring_chunks=16 pump_pass=5140 pic1_mask=0xb8 first_irq_ticks=0 install_ticks=0 vector_at_install=0x0084a008 pic1_mask_live=0x98 kbd_8042_stat=0x34 bios_kbd_head=0x0022 bios_kbd_tail=0x0022 bios_kbd_buf0=0x1c0d
[16:04:05] [info] dirty-rect block @flip=1700: total_calls=0 dirty_rects_avg=1 dirty_pct_x10=1000 forced_full=0 first_n_force=0 threshold_exceeded=0 dirty_path_taken=0 full_flush_taken=0
[16:04:05] [info] prev-frame-diff block @flip=1700: diff_calls=0 diff_rects_avg=0 diff_dirty_pct_x10=0 bbox_pct_x10=0 bbox_thresh_exceeded=0
[16:04:05] [info] tas: end-of-replay auto-exit at tick 5140 (recording exhausted; set DOSKUTSU_TAS_REPLAY_HOLD=1 to disable + observe steady-state past recording end)
[16:04:05] [info] Script engine shutdown.
[16:04:05] [info] opl3 backend: on_song_stop
[16:04:05] [info] opl3 backend: cleared reg 0xBD chip-wide latch (wub-wub mitigation per flush-instr WAVE-46 H6)
[16:04:05] [info] opl3 backend shutdown (all 18 voices KEY-OFF unconditionally; OPL2 mode restored; chip state safe for next process)
[16:04:06] [info] Sound system shutdown
[16:04:06] [info] Renderer::Close()
[16:04:06] [info] tas: replay file closed
[16:04:06] [info] [fps-true] flips=1700 render_s=160 fps_mean=10.6 (clock-independent: flips / seconds since the FIRST flip; use THIS for the fps matrix, not inter_flip medians, which are invalid in any cell running the PIT/IRQ-0 music pump)
[RUNMANIFEST-BEGIN]
schema_version=1
environment=realhw
binary_sha12=f8d446b4b0e0
wave_tag=516
scene=
env_block_sha=bd13aa2be124
started_utc=2026-11-19T22:42:54Z
duration_s=176
exit_code=0
fps_p50=NA
fps_p95=NA
audio_vital_status=NA
regime=NA
banner_required_hit=0
banner_required_total=0
banner_forbidden_hit=0
banner_optional_hit=0
critical_count=0
warn_count=0
[RUNMANIFEST-END]
[16:04:06] [info] [runmanifest-emit] schema=v1 env=realhw sha12=f8d446b4b0e0 dur=176s tag='516' scene='' env_sha=bd13aa2be124 (signals=0x4)
