Logger::init: wave-53 log level=INFO path='LOGS/522.LOG'
[15:18:34] [info] config: loaded DOSKUTSU.CFG (4 keys)
[15:18:34] [info] tas: PRNG seed forced to 12345 via DOSKUTSU_TAS_PRNG_SEED
[15:18:34] [info] tas: auto-exit armed at tick 30000 via DOSKUTSU_TAS_AUTO_EXIT_TICK
[15:18:34] [info] tas: replay opened path='QA.TAS' header_seed=12345
[15:18:34] [info] AUDIO_BACKEND=gus -- bridged ULTRASND='240,3,3,7,7' ULTRADIR='C:\ULTRASND' from env into the GUS SDL hints (SDL reads hints, not env).
[15:18:34] [info] AUDIO_BACKEND=gus -- bridged 2 GUS_* diag/probe hint(s) from DOS env into the SDL hint table (DOSBox-X env-read workaround).
[15:18:34] [info] AUDIO_BACKEND=gus -- omitting SDL_INIT_AUDIO (no Sound Blaster on a Gravis Ultrasound config; the GF1 is driven out-of-band via the SDL/0112 exports + the PIT/IRQ-0 music pump). SoundManager::init() STILL RUNS (unlike AUDIO_OFF) to bring up the GF1 backend. MUSIC ONLY this phase (#27) -- GF1 SFX = #28.
[15:18:35] [info] data cache: DISABLED (default)
[15:18:35] [info] Joystick: skipped (default; set DOSKUTSU_USE_JOYSTICK=1 to enable -- skips SDL3-DOS gameport BIOS INT 15h polling, ~82 ms / flip on real HW)
[15:18:35] [info] Loading settings...
[15:18:35] [info] [input-bind] applied=0 invert_y=0 dos_axes=1
[15:18:35] [info] Renderer::initVideo: 8bpp mode requested via SDL_HINT_DOS_MAX_BPP=8 (wave 16); SDL3-DOS will pick the highest-bpp <= 8 mode at requested resolution
[15:18:35] [info] Renderer::initVideo: DOS resolution-label lock ENABLED (default)
[15:18:36] [info] Renderer::initVideo: using: software renderer
[15:18:39] [info] Renderer::initVideo: dirty-rect tracking ENABLED (wave 15, default ON; set SDL_HINT_DOSKUTSU_DIRTY_RECTS=0 to disable)
[15:18:39] [info] Renderer::initVideo: ablation flags: NO_DC_TIMING=0 CACHE_WINSURF=0 NO_INPUT_POLL=0 DIRECT_VESA=1
[15:18:39] [info] Renderer::initVideo: direct-VESA hot path ENABLED (default since wave 20 patch 0088; bypasses SDL_RenderPresent / SDL_UpdateWindowSurface and writes via SDL/0034's PresentFull helper; R2 mitigation handled by SDL/0034 generation counter -- no per-N-flip heartbeat needed; set SDL_HINT_DOSKUTSU_DIRECT_VESA=0 to revert)
[15:18:39] [info] Renderer::initVideo: flip-phase instrumentation DISABLED (default; set SDL_HINT_DOSKUTSU_FLIP_INSTR=1 to opt in for wave-20 Lever A diagnostic)
[15:18:39] [info] Renderer::initVideo: asm opaque-span blit lever DISABLED (default; set SDL_HINT_DOSKUTSU_ASM_BLIT=1 to opt in -- wave-51 _blit_indexed colorkey-blit lever)
[15:18:39] [info] Renderer::initVideo: blit-decomp instrumentation DISABLED (default; set SDL_HINT_DOSKUTSU_BLIT_DECOMP=1 to opt in -- wave-51 _blit_indexed sub-decomp sizing)
[15:18:39] [info] Renderer::initVideo: mds-scroll-decomp instrumentation DISABLED (default; set SDL_HINT_DOSKUTSU_MDS_DECOMP=1 to opt in -- wave-52 mode_draw_scene scrolling-block decomp)
[15:18:39] [info] Renderer::initVideo: DOSVESA pump yield: skipped (default) (per-flip explicit SDL_Delay(0) yield is always on; set SDL_HINT_DOSKUTSU_FORCE_PUMP_YIELD=1 to restore old per-pump yield)
[15:18:39] [info] Renderer::initVideo: indexed-mode (8bpp) ENABLED -- master palette + 107 per-asset remap LUTs loaded (wave 16, default ON; set SDL_HINT_DOSKUTSU_PIXEL_FORMAT_8=0 to disable)
[15:18:39] [info] Renderer::initVideo: master palette attached to window surface (format=SDL_PIXELFORMAT_INDEX8, ncolors=256)
[15:18:39] [info] Renderer::initVideo: indexed-mode smoke: idx0=(0,0,0) OK idx255=(255,0,255) OK
[15:18:39] [info] Renderer::initVideo: indexed-mode smoke: paletteRemapFor('MyChar.pbm') = present
[15:18:40] [info] Surface::loadImage palmap-diag #1: 'data/Loading.pbm' fmt=SDL_PIXELFORMAT_ABGR8888 remap=HIT -> path=truecolor
[15:18:40] [info] Renderer: prev-frame diff DISABLED (default since wave 17.6; set SDL_HINT_DOSKUTSU_PREVFRAME_DIFF=1 to opt in)
[15:18:40] [info] flip-probe: renderer=software window_ptr=8695544 colorspace=301991328 window_size=320x240 framebuffer_pixels=320x240 logical_present=320x240 mode=2
[15:18:40] [info] flip-probe: first flip ok=true present=54ms inter_flip_ms=0 drawcalls-since-flip=1 drawcalls-total=1
[15:18:40] [info] Sound system init
[15:18:40] [info] Sound system: GUS (GF1) path -- AUDIO_BACKEND=gus. Skipping SB16 + SDL_mixer bring-up (no SDL_INIT_AUDIO); music via native GF1 wavetable on the PIT/IRQ-0 pump. MUSIC ONLY this phase (#27) -- GF1 SFX = #28. See docs/internal/GUS-NATIVE-DESIGN.md.
[15:18:40] [info] Sound system: 4-state audio enable (#31) -- music=on sfx=on (MUSIC_OFF/AUDIO_BACKEND=none -> music-off; SFX_OFF/SFX_DEVICE=none -> sfx-off; both gates are dispatch-level, the device still opens; AUDIO_OFF=1 is the device-level both-off).
[15:18:40] [info] Sound system: Tier-2 audio config (default since wave 21 patch 0093; 11025 Hz, 1 channel, buffer pinned to 256 frames). Measured savings on g2k Pentium OverDrive 83 MHz (W21A): heavy-music scenes ~+11 fps vs Tier-1 baseline (measured -10 to -15 ms/flip post-0094 audio fix; W21A's pre-fix -26.6 ms figure was inflated by stereo-vs-mono playback bug, see patch 0094). Audio quality is reduced vs Tier-1 (mono, 11025 Hz, simple-average L+R downmix) but recognizable; user accepted the trade per direction 2026-05-05. Set SDL_HINT_DOSKUTSU_AUDIO_TIER2=0 to revert to Tier-1 22050 stereo (full Cave Story 2004 audio quality; trades fps for fidelity).
[15:18:40] [info] Sound system: SDL_HINT_AUDIO_DEVICE_SAMPLE_FRAMES=256
[15:18:40] [info] Pixtone IRQ rate-divider: handed master_rate=11025 int16/s (SAMPLE_RATE=11025 x AUDIO_CHANNELS=1) to SDL for auto-RATEDIV (SDL/0074 computes shift_div from the resolved device freq).
[15:18:40] [info] Sound system: device frame-rate: requesting 11025 Hz match to master (SDL_DOSAudioSetDeviceFrameRate; SB16 opens at the engine frame rate instead of SDL's 44100 floor -- 4x less PCM/s + no resampler on the Organya/Pixtone path; killswitch SDL_HINT_DOSKUTSU_DOS_AUDIO_DEVICE_RATE_DEFAULT=0).
[15:18:40] [info] audio backend: gus (Campaign 3 -- native Gravis Ultrasound GF1 wavetable music; GM instruments render on GF1 hardware voices from .pat samples uploaded to card DRAM; music clock = PIT/IRQ-0 pump, NOT SB IRQ-5). MUSIC ONLY this phase. SoundManager::init brings up the GF1 via SDL_DOSGusInit; if absent, music is silent (the game still runs). Reads GM .pat from ULTRADIR (Gravis stock set). See docs/internal/GUS-NATIVE-DESIGN.md.
[15:18:40] [info] Sound system: GUS (GF1) path -- no SB16 mixer (music via the PIT pump; SFX disabled on this no-SB out-of-band path).
[15:18:40] [info] wave-13.6.1: ring_chunks=16 FORCE_PUMP_YIELD=off (set SDL_HINT_DOSKUTSU_AUDIO_RING_CHUNKS=4|8|16 to override; default 16 matches wave 13.6 behaviour)
[15:18:40] [info] MidiScheduler: MIDI source = 'orgmid2' (native-GM org2mid set; resolves to data/orgmid2/<name>.mid).
[15:18:40] [info] gus backend: bringing up the GF1 (SDL_DOSGusInit -- parses ULTRASND, GF1 reset, DRAM sizing, voice/rate program, IRQ hook)...
[15:18:40] [info] gus backend ready: GF1 detected, 20 voices @ 30870 Hz, 1024 KB DRAM. Clock = PIT/IRQ-0 pump (SDL/0110), NOT SB IRQ-5. GM instruments load lazily per song from ULTRADIR .pat (Gravis stock set). MUSIC ONLY this phase (#27); GF1 SFX = #28.
[15:18:40] [info] gus backend: release-ramp ENABLED (default) -- software note-off volume fade over 12 ticks (GUS_RELEASE; the GF1 has no hardware ramp).
[15:18:40] [info] gus backend: multisample ENABLED (default) -- per-note .pat sample selection (up to 8 resident/instrument; GUS_MULTISAMPLE; =0 = single nearest-middle-C sample, patch 0245 behavior).
[15:18:40] [info] Sound system: MidiScheduler armed with MidiBackendGus (Campaign 3 GUS -- native GF1 wavetable, GM .pat instruments in card DRAM). Music dispatch routes via SMF parser + GF1 voice allocator; the clock is the PIT/IRQ-0 pump (SDL/0110), NOT the SB IRQ-5. MUSIC ONLY this phase -- no Pixtone SFX yet (GF1 SFX = #28).
[15:18:40] [info] Sound system: idle-pause skipped (backend=gus does not qualify; only opl3 supports idle-pause per patch 0115; default OFF since patch 0119 regardless of backend).
[15:18:40] [warn] Music dir Ogg/ doesn't exist
[15:18:40] [warn] Music dir Ogg11/ doesn't exist
[15:18:40] [warn] Music dir Ogg17/ doesn't exist
[15:18:41] [warn] Music dir Ogg_ridic/ doesn't exist
[15:18:41] [info] gus SFX DRAM-straddle diag [nx0256]: per-slot 256KB-bank-boundary observability active (GUS_DIAG-gated; init-time, memory-only).
[15:18:41] [info] Loading Sound FX (GUS / GF1 DRAM)... SFX budget = 640 KB of 1024 KB (reserving 384 KB for the song's .pat set -- music-priority).
[15:18:41] [info] gus SFX rendersafe [nx0257]: OFF (default) (SDL_HINT_DOSKUTSU_GUS_SFX_RENDERSAFE; opt-in pre-render budget skip; per-substep load/render instrumentation rides on GUS_DIAG).
[15:18:41] [info] gus SFX voice routing [nx0259]: SFX allocate from the reserved GF1 voice slice (SDL/0114 partition); music voices protected.
[15:18:41] [info] gus SFX gain [nx0259]: 70% (SDL_HINT_DOSKUTSU_GUS_SFX_GAIN; scales the GF1 SFX voice volume to balance against velocity/CC-scaled GUS music; default 70, clamp 0..150).
[15:18:41] [info] [pxt-cache] initGusSfx(): HIT (loaded cache; render skipped)
[15:18:48] [info] gus SFX: uploaded 66 of 117 .pxt to GF1 DRAM (8-bit unsigned mono @ 22050 Hz; 0 failed; 14 skipped over the music-priority budget). Persistent SFX bank = 637 KB DRAM (the MidiBackendGus per-song .pat residency preserves it via its auto-snapshotted keep-mark at first song start; the reserve above it always fits a song's instruments).
[15:18:48] [info] pixtone IRQ-mix: DISABLED (L3 requested but SDL backend refused; likely Organya audio backend selected -- falling back to SDL3_mixer for SFX. To engage L3 set SDL_HINT_DOSKUTSU_AUDIO_BACKEND to opl3 / wb / midi-stub.)
[15:18:48] [info] Sound system: GUS path -- Pixtone SFX uploaded to GF1 voices (#28); music via MidiBackendGus on the same shared GF1 voice pool. No SDL3_mixer / Organya.
[15:18:48] [info] gus: music pump STARTED at 120 Hz (PIT ch0 / IRQ-0 drives MidiScheduler::tick_isr; BIOS 18.2 Hz tick chained; restored on exit). This is the music clock on a no-SB card.
[15:18:48] [info] menu slide-in fixed-timestep: ENABLED (default; slide advances at 50 Hz logic rate)
[15:18:48] [info] Reading npc.tbl...
[15:18:48] [info] Loading tilekey.dat.
[15:18:48] [info] Script engine init.
[15:18:49] [info] Entering main loop...
[15:18:49] [info] audio mid-gap pump: DISABLED (default)
[15:18:49] [info] TAS fixed-timestep guard: ENABLED (default) (patch 0280; load_stage wall-clock kept out of the FT accumulator so TAS replay advances at a true 50 Hz; set SDL_HINT_DOSKUTSU_TAS_FT_GUARD=0 to disable)
[15:18:49] [info] load_stage ring+DMA silence flush: ENABLED (default) (set SDL_HINT_DOSKUTSU_LOADSTAGE_SILENCE=0 to disable)
[15:18:49] [info] load-band audio-underrun probe: DISABLED (default) (opt-in SDL_HINT_DOSKUTSU_LOADBAND_STAT=1)
[15:18:49] [info]  >> Entering stage 72: 'u'.
[15:18:49] [info] skip sheet flush: ENABLED (default) (SFXPAUSE-012 SHIPPED FIX; sprite sheets stay resident across caves so no per-cave re-decode -> no fire-frame pause; map_flush_graphics tilemap cache still flushes; set SDL_HINT_DOSKUTSU_SKIP_SHEET_FLUSH=0 to restore the old per-cave flush)
[15:18:49] [info] [skip-sheet-flush] cave=1
[15:18:49] [info] eager action sheets: ENABLED (default) (first-fire hitch fix: pre-loads the weapon bullet + hit/muzzle/trail caret sheets at stage load so the first fire/impact does not lazy-decode mid-gameplay; set SDL_HINT_DOSKUTSU_EAGER_ACTION_SHEETS=0 to restore lazy load)
[15:18:49] [info] Surface::loadImage palmap-diag #2: 'data/Bullet.pbm' fmt=SDL_PIXELFORMAT_ABGR8888 remap=HIT -> path=truecolor
[15:18:49] [info] Surface::loadImage palmap-diag #3: 'data/Arms.pbm' fmt=SDL_PIXELFORMAT_ABGR8888 remap=HIT -> path=truecolor
[15:18:49] [info] Surface::loadImage palmap-diag #4: 'data/Caret.pbm' fmt=SDL_PIXELFORMAT_ABGR8888 remap=HIT -> path=truecolor
[15:18:50] [info] Surface::loadImage palmap-diag #5: 'data/Npc/NpcSym.pbm' fmt=SDL_PIXELFORMAT_ABGR8888 remap=HIT -> path=truecolor
[15:18:50] [info] [eager-action-sheets] cave=1 sheets=4 wall_ms=1378
[15:18:50] [info] Surface::loadImage palmap-diag #6: 'data/Stage/PrtWhite.pbm' fmt=SDL_PIXELFORMAT_ABGR8888 remap=HIT -> path=truecolor
[15:18:51] [info] load_stage: entry-music preload ENABLED (default) (set SDL_HINT_DOSKUTSU_PRELOAD_STAGE_MUSIC=0 to disable)
[15:18:51] [info] Surface::loadImage palmap-diag #7: 'data/bk0.pbm' fmt=SDL_PIXELFORMAT_ABGR8888 remap=HIT -> path=truecolor
[15:18:51] [info] gameloop: entered (curmap=72, running=1)
[15:18:51] [info] gameloop: iter 1 ticks=17129 mapno=-1
[15:18:51] [info] fixed-timestep: ENABLED (default; logic 50 Hz, decoupled from render)
[15:18:51] [info] map: BG skip-when-unchanged DISABLED (default) (set SDL_HINT_DOSKUTSU_BG_SKIP_WHEN_UNCHANGED=1 to enable; default OFF since wave-61 -- abandoned, it shipped a backdrop-black flicker and its +0.87 fps was below the noise floor)
[15:18:51] [info] map: skip-redundant-clear lever ENABLED (default since wave-53 promotion)
[15:18:51] [info] perf-mode: level=0 (faithful (default))
[15:18:51] [info] Surface::loadImage palmap-diag #8: 'data/Npc/NpcKings.pbm' fmt=SDL_PIXELFORMAT_ABGR8888 remap=HIT -> path=truecolor
[15:18:52] [info] audio tick-boundary pump: DISABLED (default)
[15:18:52] [info] gameloop: iter 2 ticks=17574 mapno=-1
[15:18:52] [info] gameloop: iter 3 ticks=17847 mapno=-1
[15:18:52] [info] direct-vesa: snapshot @gen=2 use_dosmemput=0 banked_multibank=0 pitches_match=1 vram_w=320 vram_h=240 vram_pitch=320 bpp=1 fb_size=76800 vram_phys=0x78000000 vram_ptr=0x77c00000
[15:18:52] [info] flip-probe: flip #10 ok=true present=-1ms inter_flip_ms=54 drawcalls-since-flip=6 drawcalls-total=43 fail-total=0 null-skips-total=0
[15:18:53] [info] flip-probe: flip #20 ok=true present=-1ms inter_flip_ms=54 drawcalls-since-flip=4 drawcalls-total=92 fail-total=0 null-skips-total=0
[15:18:54] [info] flip-probe: flip #30 ok=true present=-1ms inter_flip_ms=53 drawcalls-since-flip=326 drawcalls-total=2707 fail-total=0 null-skips-total=0
[15:18:54] [info] flip-probe: flip #40 ok=true present=-1ms inter_flip_ms=111 drawcalls-since-flip=264 drawcalls-total=5837 fail-total=0 null-skips-total=0
[15:18:55] [info] flip-probe: flip #50 ok=true present=-1ms inter_flip_ms=59 drawcalls-since-flip=67 drawcalls-total=7392 fail-total=0 null-skips-total=0
[15:18:55] [info] flip-probe: flip #60 ok=true present=-1ms inter_flip_ms=60 drawcalls-since-flip=4 drawcalls-total=7502 fail-total=0 null-skips-total=0
[15:18:56] [info] flip-probe: flip #70 ok=true present=0ms inter_flip_ms=59 drawcalls-since-flip=6 drawcalls-total=7557 fail-total=0 null-skips-total=0
[15:18:57] [info] flip-probe: flip #80 ok=true present=8ms inter_flip_ms=47 drawcalls-since-flip=0 drawcalls-total=7586 fail-total=0 null-skips-total=0
[15:18:57] [info] flip-probe: flip #90 ok=true present=-1ms inter_flip_ms=53 drawcalls-since-flip=0 drawcalls-total=7586 fail-total=0 null-skips-total=0
[15:18:57] [info] title: eager-title-IO phase tag ENABLED (default) (set SDL_HINT_DOSKUTSU_EAGER_TITLE_IO=0 to disable)
[15:18:58] [warn] MidiScheduler::_refresh_isr_buffer: track has 27749 events; ISR buffer is 16384 (truncated; events after 16384 will not dispatch under L2b ON -- the engine-thread tick() path still uses _events directly under L2b OFF)
[15:18:58] [info] MidiScheduler::load: parsed 'data/orgmid2/curly.mid' = 27749 events at 48 PPQ
[15:18:58] [info] gus backend: SFX-bank keep-mark = 652752 bytes DRAM (per-song .pat residency preserves [0,652752); music uploads above it).
[15:18:59] [info] gus .pat 'acpiano': 5 sample(s) -> 5 resident (multisample).
[15:19:00] [info] gus .pat 'epiano1': 1 sample(s) -> 1 resident (multisample).
[15:19:00] [info] gus .pat 'acbass': 1 sample(s) -> 1 resident (multisample).
[15:19:00] [info] gus .pat 'altosax': 3 sample(s) -> 3 resident (multisample).
[15:19:00] [info] gus .pat 'flute': 3 sample(s) -> 3 resident (multisample).
[15:19:01] [info] gus .pat 'sqrwave': 1 sample(s) -> 1 resident (multisample).
[15:19:01] [info] gus .pat 'calliope': 1 sample(s) -> 1 resident (multisample).
[15:19:02] [info] gus .pat 'warmpad': 1 sample(s) -> 1 resident (multisample).
[15:19:02] [info] gus .pat 'kick1': 1 sample(s) -> 1 resident (drum/single).
[15:19:02] [info] gus .pat 'snare1': 1 sample(s) -> 1 resident (drum/single).
[15:19:03] [info] gus .pat 'hihatcl': 1 sample(s) -> 1 resident (drum/single).
[15:19:03] [info] gus .pat 'hihatop': 1 sample(s) -> 1 resident (drum/single).
[15:19:03] [info] gus backend: on_song_start -- uploaded 12 instruments (0 missing/silent) into 1014 KB DRAM for this song; 20 subsamples resident, 0 instrument(s) K-capped/DRAM-truncated (multisample on).
[15:19:03] [info] gameloop: entered (curmap=1005, running=1)
[15:19:03] [info] gameloop: iter 1 ticks=29384 mapno=-1
[15:19:03] [info] map: backdrop cache ENABLED (default) (set SDL_HINT_DOSKUTSU_BACKDROP_CACHE=0 to disable)
[15:19:04] [info] gameloop: iter 2 ticks=30371 mapno=-1
[15:19:04] [info] gameloop: iter 3 ticks=30422 mapno=-1
[15:19:04] [info] backdrop cache: thrashing-detect engaged (streak=4, route=direct)
[15:19:04] [info] flip-probe: flip #100 ok=true present=0ms inter_flip_ms=53 drawcalls-since-flip=75 drawcalls-total=7886 fail-total=0 null-skips-total=0
[15:19:04] [info] alpha audit block 0: 7798 total drawcalls, 0 with alpha<255 (block pct_x10=0; global 0/7798 pct_x10=0); alpha-mod skipped: block=0 global=0
[15:19:04] [info] fastpath audit block 0: taken=7798 (idx8=7798) skipped=0 pct_x10=1000; global taken=7798 (idx8=7798) skipped=0 pct_x10=1000
[15:19:04] [info] primitive tally block 0: clear=220(hr=220) fill=0(hr=0) rect=0(hr=0) line=0(hr=0) tint=0 spotlight=0 (over 100 flips ending at flip 100)
[15:19:04] [info] color/alpha audit block 0: cmod_white=104 cmod_black=0 (idx=0) cmod_general=84 (idx=84) cmod_fb=0; alpha_taken=0 alpha_skipped=0 (global cmod=104/0/84/0 idx=0/84 alpha=0/0)
[15:19:04] [info] phase timing block 0: drawcalls=8209 dc_total_ms=1212 flip_inner_total_ms=340 inter_flip_total_ms=24792 (per-flip avg x10: dc_ms=121 fi_ms=34 if_ms=2479 derived audio+engine_ms=2324; per-drawcall avg us_x10=1476) [direct-vesa: presents=97 total_ms=51 avg_ms_x10=5 failed=0] [ablation: NO_DC_TIMING=0 CACHE_WINSURF=0 DIRECT_VESA=1]
[15:19:05] [info] kbd/audio block 0: kbd_irq=0 kbd_drain=0 ring_chunks=16 pump_pass=99 pic1_mask=0xb8 first_irq_ticks=0 install_ticks=0 vector_at_install=0x0083a5f8 pic1_mask_live=0xb8 kbd_8042_stat=0x34 bios_kbd_head=0x0026 bios_kbd_tail=0x0026 bios_kbd_buf0=0x3920
[15:19:05] [info] audio/engine split block 0: audio_mixer_calls=0 audio_mixer_ms_x10=0 engine_tick_calls=99 engine_tick_ms_x10=952 audio_service_calls=0 audio_service_ms_x10=0 (per-flip avg; per-call us_x10: audio_mix=0 engine_tick=962614 audio_service=0; global ns: audio_mix=0 engine_tick=9529886515 audio_service=0)
[15:19:05] [info] pixtone multi-source probe: DISABLED (default)
[15:19:05] [info] dirty-rect block @flip=100: total_calls=0 dirty_rects_avg=0 dirty_pct_x10=990 forced_full=0 first_n_force=3 threshold_exceeded=2 dirty_path_taken=0 full_flush_taken=3
[15:19:05] [info] prev-frame-diff block @flip=100: diff_calls=0 diff_rects_avg=0 diff_dirty_pct_x10=0 bbox_pct_x10=0 bbox_thresh_exceeded=0
[15:19:05] [info] flip-probe: flip #110 ok=true present=-1ms inter_flip_ms=55 drawcalls-since-flip=75 drawcalls-total=8636 fail-total=0 null-skips-total=0
[15:19:06] [info] flip-probe: flip #120 ok=true present=0ms inter_flip_ms=55 drawcalls-since-flip=75 drawcalls-total=9386 fail-total=0 null-skips-total=0
[15:19:06] [info] flip-probe: flip #130 ok=true present=0ms inter_flip_ms=51 drawcalls-since-flip=0 drawcalls-total=9986 fail-total=0 null-skips-total=0
[15:19:06] [info] Loading profile from profile.dat
[15:19:06] [error] profile_load: unable to open 'profile.dat'
[15:19:06] [info] Loading profile from profile2.dat
[15:19:07] [error] profile_load: unable to open 'profile2.dat'
[15:19:07] [info] Loading profile from profile3.dat
[15:19:07] [info] Loading profile from profile4.dat
[15:19:07] [error] profile_load: unable to open 'profile4.dat'
[15:19:07] [info] Loading profile from profile5.dat
[15:19:07] [info] flip-probe: flip #140 ok=true present=1ms inter_flip_ms=48 drawcalls-since-flip=214 drawcalls-total=10842 fail-total=0 null-skips-total=0
[15:19:08] [info] flip-probe: flip #150 ok=true present=-1ms inter_flip_ms=49 drawcalls-since-flip=214 drawcalls-total=12982 fail-total=0 null-skips-total=0
[15:19:08] [info] Writing settings...
[15:19:08] [info] flip-probe: flip #160 ok=true present=-1ms inter_flip_ms=54 drawcalls-since-flip=0 drawcalls-total=13846 fail-total=0 null-skips-total=0
[15:19:09] [info] flip-probe: flip #170 ok=true present=0ms inter_flip_ms=56 drawcalls-since-flip=0 drawcalls-total=13846 fail-total=0 null-skips-total=0
[15:19:09] [info] gus backend: on_song_stop (all voices stopped).
[15:19:09] [info] Loading profile from profile5.dat
[15:19:09] [info]  >> Entering stage 20: 'Save Point'.
[15:19:09] [info] [skip-sheet-flush] cave=2
[15:19:10] [info] MidiScheduler::load: parsed 'data/orgmid2/mura.mid' = 7123 events at 48 PPQ
[15:19:11] [info] gus .pat 'acpiano': 5 sample(s) -> 5 resident (multisample).
[15:19:12] [info] gus .pat 'epiano1': 1 sample(s) -> 1 resident (multisample).
[15:19:12] [info] gus .pat 'acbass': 1 sample(s) -> 1 resident (multisample).
[15:19:12] [info] gus .pat 'altosax': 3 sample(s) -> 3 resident (multisample).
[15:19:12] [info] gus .pat 'flute': 3 sample(s) -> 3 resident (multisample).
[15:19:13] [info] gus .pat 'sqrwave': 1 sample(s) -> 1 resident (multisample).
[15:19:13] [info] gus .pat 'calliope': 1 sample(s) -> 1 resident (multisample).
[15:19:14] [info] gus .pat 'warmpad': 1 sample(s) -> 1 resident (multisample).
[15:19:14] [info] gus .pat 'kick1': 1 sample(s) -> 1 resident (drum/single).
[15:19:14] [info] gus .pat 'snare1': 1 sample(s) -> 1 resident (drum/single).
[15:19:14] [info] gus .pat 'hihatcl': 1 sample(s) -> 1 resident (drum/single).
[15:19:15] [info] gus .pat 'tommid2': 1 sample(s) -> 1 resident (drum/single).
[15:19:15] [warn] gus backend: 'hihatop.pat' DRAM upload failed (full?); instrument silent. dram_size=1048576 bytes.
[15:19:15] [info] gus backend: on_song_start -- uploaded 12 instruments (1 missing/silent) into 1019 KB DRAM for this song; 20 subsamples resident, 0 instrument(s) K-capped/DRAM-truncated (multisample on).
[15:19:15] [info] gameloop: entered (curmap=20, running=1)
[15:19:15] [info] gameloop: iter 1 ticks=40972 mapno=-1
[15:19:15] [info] TAS stall discount: ENABLED (default) (patch 0286; a replay frame over 150 ms is a load, not slow rendering, so it contributes 1 tick instead of its wall-clock; set SDL_HINT_DOSKUTSU_TAS_STALL_DISCOUNT=0 to disable)
[15:19:15] [info] TAS accumulator clamp: DISABLED (default) (patch 0281; caps the FT accumulator delta at one tick during TAS so a stalled frame cannot race the replay index; set SDL_HINT_DOSKUTSU_TAS_FT_GUARD=0 to disable)
[15:19:15] [info] gameloop: iter 2 ticks=41027 mapno=-1
[15:19:15] [info] gameloop: iter 3 ticks=41077 mapno=-1
[15:19:15] [info] flip-probe: flip #180 ok=true present=-1ms inter_flip_ms=60 drawcalls-since-flip=17 drawcalls-total=13971 fail-total=0 null-skips-total=0
[15:19:15] [info] flip-probe: flip #190 ok=true present=0ms inter_flip_ms=0 drawcalls-since-flip=17 drawcalls-total=14141 fail-total=0 null-skips-total=0
[15:19:16] [info] flip-probe: flip #200 ok=true present=0ms inter_flip_ms=50 drawcalls-since-flip=17 drawcalls-total=14311 fail-total=0 null-skips-total=0
[15:19:16] [info] alpha audit block 0: 5788 total drawcalls, 0 with alpha<255 (block pct_x10=0; global 0/13586 pct_x10=0); alpha-mod skipped: block=0 global=0
[15:19:16] [info] fastpath audit block 0: taken=5788 (idx8=5788) skipped=0 pct_x10=1000; global taken=13586 (idx8=13586) skipped=0 pct_x10=1000
[15:19:16] [info] primitive tally block 0: clear=201(hr=201) fill=0(hr=0) rect=0(hr=0) line=0(hr=0) tint=0 spotlight=0 (over 100 flips ending at flip 200)
[15:19:16] [info] color/alpha audit block 0: cmod_white=1438 cmod_black=0 (idx=0) cmod_general=609 (idx=609) cmod_fb=0; alpha_taken=0 alpha_skipped=0 (global cmod=1542/0/693/0 idx=0/693 alpha=0/0)
[15:19:16] [info] phase timing block 0: drawcalls=8036 dc_total_ms=1361 flip_inner_total_ms=506 inter_flip_total_ms=11426 (per-flip avg x10: dc_ms=136 fi_ms=50 if_ms=1142 derived audio+engine_ms=956; per-drawcall avg us_x10=1694) [direct-vesa: presents=100 total_ms=206 avg_ms_x10=20 failed=0] [ablation: NO_DC_TIMING=0 CACHE_WINSURF=0 DIRECT_VESA=1]
[15:19:16] [info] kbd/audio block 0: kbd_irq=0 kbd_drain=0 ring_chunks=16 pump_pass=221 pic1_mask=0xb8 first_irq_ticks=0 install_ticks=0 vector_at_install=0x0083a5f8 pic1_mask_live=0xb8 kbd_8042_stat=0x34 bios_kbd_head=0x0026 bios_kbd_tail=0x0026 bios_kbd_buf0=0x3920
[15:19:16] [info] audio/engine split block 0: audio_mixer_calls=0 audio_mixer_ms_x10=0 engine_tick_calls=76 engine_tick_ms_x10=146 audio_service_calls=0 audio_service_ms_x10=0 (per-flip avg; per-call us_x10: audio_mix=0 engine_tick=192363 audio_service=0; global ns: audio_mix=0 engine_tick=10991846990 audio_service=0)
[15:19:16] [info] dirty-rect block @flip=200: total_calls=0 dirty_rects_avg=1 dirty_pct_x10=1000 forced_full=0 first_n_force=0 threshold_exceeded=0 dirty_path_taken=0 full_flush_taken=0
[15:19:16] [info] prev-frame-diff block @flip=200: diff_calls=0 diff_rects_avg=0 diff_dirty_pct_x10=0 bbox_pct_x10=0 bbox_thresh_exceeded=0
[15:19:16] [info] flip-probe: flip #210 ok=true present=0ms inter_flip_ms=62 drawcalls-since-flip=17 drawcalls-total=14481 fail-total=0 null-skips-total=0
[15:19:17] [info] flip-probe: flip #220 ok=true present=-1ms inter_flip_ms=58 drawcalls-since-flip=66 drawcalls-total=14700 fail-total=0 null-skips-total=0
[15:19:17] [info]  >> Entering stage 11: 'Mimiga Village'.
[15:19:17] [info] [skip-sheet-flush] cave=3
[15:19:18] [info] [load-stage] preloading entry music song=9 (cave=3)
[15:19:18] [info] gameloop: entered (curmap=11, running=1)
[15:19:18] [info] gameloop: iter 1 ticks=44207 mapno=-1
[15:19:18] [info] map: mds_clear LUT ENABLED (default) (set SDL_HINT_DOSKUTSU_MDS_CLEAR_LUT=0 to disable; default ON; patch 0144 wave-49 bandwidth lever)
[15:19:18] [info] mds-clear-lut: rebuilt N=240 entries (k_skip=0% k_keep=100%; curmap=11 map_size=60x60; rebuild #1 since boot)
[15:19:18] [info] backdrop thrash full-cover ENABLED (default) (set SDL_HINT_DOSKUTSU_THRASH_FULLCOVER=0 to disable)
[15:19:18] [info] [bd-diag] backdrop render-path diag disabled (default) (set SDL_HINT_DOSKUTSU_BACKDROP_DIAG=1 to enable)
[15:19:18] [info] gameloop: iter 2 ticks=44536 mapno=-1
[15:19:18] [info] tas: stall frame 330 ms -> contributing 1 tick (patch 0286)
[15:19:19] [info] flip-probe: flip #230 ok=true present=-1ms inter_flip_ms=110 drawcalls-since-flip=384 drawcalls-total=17537 fail-total=0 null-skips-total=0
[15:19:19] [info] gameloop: iter 3 ticks=44708 mapno=-1
[15:19:19] [info] tas: stall frame 165 ms -> contributing 1 tick (patch 0286)
[15:19:19] [info] backdrop cache: thrashing-detect engaged (streak=4, route=direct)
[15:19:20] [info] flip-probe: flip #240 ok=true present=-1ms inter_flip_ms=54 drawcalls-since-flip=43 drawcalls-total=19614 fail-total=0 null-skips-total=0
[15:19:20] [info] flip-probe: flip #250 ok=true present=7ms inter_flip_ms=50 drawcalls-since-flip=46 drawcalls-total=20057 fail-total=0 null-skips-total=0
[15:19:21] [info] flip-probe: flip #260 ok=true present=-1ms inter_flip_ms=54 drawcalls-since-flip=43 drawcalls-total=20504 fail-total=0 null-skips-total=0
[15:19:21] [info] flip-probe: flip #270 ok=true present=-1ms inter_flip_ms=62 drawcalls-since-flip=43 drawcalls-total=20934 fail-total=0 null-skips-total=0
[15:19:22] [info] flip-probe: flip #280 ok=true present=0ms inter_flip_ms=55 drawcalls-since-flip=43 drawcalls-total=21364 fail-total=0 null-skips-total=0
[15:19:22] [info] flip-probe: flip #290 ok=true present=-1ms inter_flip_ms=54 drawcalls-since-flip=43 drawcalls-total=21794 fail-total=0 null-skips-total=0
[15:19:23] [info] backdrop cache: thrashing-detect engaged (streak=64, route=direct)
[15:19:23] [info] flip-probe: flip #300 ok=true present=-1ms inter_flip_ms=54 drawcalls-since-flip=43 drawcalls-total=22224 fail-total=0 null-skips-total=0
[15:19:23] [info] alpha audit block 0: 6905 total drawcalls, 0 with alpha<255 (block pct_x10=0; global 0/20491 pct_x10=0); alpha-mod skipped: block=0 global=0
[15:19:23] [info] fastpath audit block 0: taken=6905 (idx8=6905) skipped=0 pct_x10=1000; global taken=20491 (idx8=20491) skipped=0 pct_x10=1000
[15:19:23] [info] primitive tally block 0: clear=201(hr=201) fill=0(hr=0) rect=0(hr=0) line=0(hr=0) tint=0 spotlight=0 (over 100 flips ending at flip 300)
[15:19:23] [info] color/alpha audit block 0: cmod_white=936 cmod_black=936 (idx=936) cmod_general=0 (idx=0) cmod_fb=0; alpha_taken=0 alpha_skipped=0 (global cmod=2478/936/693/0 idx=936/693 alpha=0/0)
[15:19:23] [info] phase timing block 0: drawcalls=8985 dc_total_ms=1353 flip_inner_total_ms=378 inter_flip_total_ms=7088 (per-flip avg x10: dc_ms=135 fi_ms=37 if_ms=708 derived audio+engine_ms=536; per-drawcall avg us_x10=1506) [direct-vesa: presents=100 total_ms=246 avg_ms_x10=24 failed=0] [ablation: NO_DC_TIMING=0 CACHE_WINSURF=0 DIRECT_VESA=1]
[15:19:23] [info] kbd/audio block 0: kbd_irq=0 kbd_drain=0 ring_chunks=16 pump_pass=512 pic1_mask=0xb8 first_irq_ticks=0 install_ticks=0 vector_at_install=0x0083a5f8 pic1_mask_live=0xb8 kbd_8042_stat=0x34 bios_kbd_head=0x0026 bios_kbd_tail=0x0026 bios_kbd_buf0=0x3920
[15:19:23] [info] [tile-speedup-stat n=100 drawtile_us=22.95 raw_blit_us=184467440737036.09 ratio=0.00]
[15:19:23] [info] dirty-rect block @flip=300: total_calls=100 dirty_rects_avg=1 dirty_pct_x10=1000 forced_full=0 first_n_force=0 threshold_exceeded=0 dirty_path_taken=0 full_flush_taken=0
[15:19:23] [info] prev-frame-diff block @flip=300: diff_calls=0 diff_rects_avg=0 diff_dirty_pct_x10=0 bbox_pct_x10=0 bbox_thresh_exceeded=0
[15:19:23] [info] tas: stall frame 166 ms -> contributing 1 tick (patch 0286)
[15:19:24] [info] flip-probe: flip #310 ok=true present=0ms inter_flip_ms=52 drawcalls-since-flip=43 drawcalls-total=22754 fail-total=0 null-skips-total=0
[15:19:24] [info] flip-probe: flip #320 ok=true present=54ms inter_flip_ms=55 drawcalls-since-flip=44 drawcalls-total=23204 fail-total=0 null-skips-total=0
[15:19:25] [info] flip-probe: flip #330 ok=true present=-1ms inter_flip_ms=54 drawcalls-since-flip=44 drawcalls-total=23635 fail-total=0 null-skips-total=0
[15:19:25] [info] flip-probe: flip #340 ok=true present=-1ms inter_flip_ms=54 drawcalls-since-flip=41 drawcalls-total=24067 fail-total=0 null-skips-total=0
[15:19:26] [info] flip-probe: flip #350 ok=true present=-1ms inter_flip_ms=52 drawcalls-since-flip=18 drawcalls-total=24438 fail-total=0 null-skips-total=0
[15:19:26] [info] backdrop cache: thrashing-detect engaged (streak=124, route=direct)
[15:19:27] [info] flip-probe: flip #360 ok=true present=8ms inter_flip_ms=54 drawcalls-since-flip=15 drawcalls-total=24608 fail-total=0 null-skips-total=0
[15:19:27] [info] flip-probe: flip #370 ok=true present=0ms inter_flip_ms=54 drawcalls-since-flip=15 drawcalls-total=24758 fail-total=0 null-skips-total=0
[15:19:28] [info] flip-probe: flip #380 ok=true present=-1ms inter_flip_ms=115 drawcalls-since-flip=319 drawcalls-total=26616 fail-total=0 null-skips-total=0
[15:19:28] [info]  >> Entering stage 17: 'Yamashita Farm'.
[15:19:28] [info] [skip-sheet-flush] cave=4
[15:19:29] [info] [load-stage] preloading entry music song=13 (cave=4)
[15:19:29] [info] gus backend: on_song_stop (all voices stopped).
[15:19:29] [info] MidiScheduler::load: parsed 'data/orgmid2/plant.mid' = 6246 events at 48 PPQ
[15:19:30] [info] gus .pat 'acpiano': 5 sample(s) -> 5 resident (multisample).
[15:19:30] [info] gus .pat 'epiano1': 1 sample(s) -> 1 resident (multisample).
[15:19:30] [info] gus .pat 'acbass': 1 sample(s) -> 1 resident (multisample).
[15:19:30] [info] gus .pat 'altosax': 3 sample(s) -> 3 resident (multisample).
[15:19:31] [info] gus .pat 'flute': 3 sample(s) -> 3 resident (multisample).
[15:19:31] [info] gus .pat 'sqrwave': 1 sample(s) -> 1 resident (multisample).
[15:19:32] [info] gus .pat 'calliope': 1 sample(s) -> 1 resident (multisample).
[15:19:32] [info] gus .pat 'warmpad': 1 sample(s) -> 1 resident (multisample).
[15:19:33] [info] gus .pat 'kick1': 1 sample(s) -> 1 resident (drum/single).
[15:19:33] [info] gus .pat 'snare1': 1 sample(s) -> 1 resident (drum/single).
[15:19:33] [info] gus .pat 'hihatcl': 1 sample(s) -> 1 resident (drum/single).
[15:19:33] [info] gus .pat 'hihatop': 1 sample(s) -> 1 resident (drum/single).
[15:19:33] [info] gus backend: on_song_start -- uploaded 12 instruments (0 missing/silent) into 1014 KB DRAM for this song; 20 subsamples resident, 0 instrument(s) K-capped/DRAM-truncated (multisample on).
[15:19:33] [info] gameloop: entered (curmap=17, running=1)
[15:19:33] [info] gameloop: iter 1 ticks=59532 mapno=-1
[15:19:33] [info] mds-clear-lut: rebuilt N=240 entries (k_skip=33% k_keep=67%; curmap=17 map_size=40x16; rebuild #2 since boot)
[15:19:34] [info] gameloop: iter 2 ticks=59812 mapno=-1
[15:19:34] [info] tas: stall frame 328 ms -> contributing 1 tick (patch 0286)
[15:19:34] [info] gameloop: iter 3 ticks=59917 mapno=-1
[15:19:35] [info] flip-probe: flip #390 ok=true present=-1ms inter_flip_ms=112 drawcalls-since-flip=133 drawcalls-total=29475 fail-total=0 null-skips-total=0
[15:19:35] [info] flip-probe: flip #400 ok=true present=-1ms inter_flip_ms=58 drawcalls-since-flip=144 drawcalls-total=30874 fail-total=0 null-skips-total=0
[15:19:35] [info] alpha audit block 0: 7679 total drawcalls, 0 with alpha<255 (block pct_x10=0; global 0/28170 pct_x10=0); alpha-mod skipped: block=0 global=0
[15:19:35] [info] fastpath audit block 0: taken=7679 (idx8=7679) skipped=0 pct_x10=1000; global taken=28170 (idx8=28170) skipped=0 pct_x10=1000
[15:19:35] [info] primitive tally block 0: clear=201(hr=201) fill=0(hr=0) rect=0(hr=0) line=0(hr=0) tint=0 spotlight=0 (over 100 flips ending at flip 400)
[15:19:35] [info] color/alpha audit block 0: cmod_white=871 cmod_black=871 (idx=871) cmod_general=0 (idx=0) cmod_fb=0; alpha_taken=0 alpha_skipped=0 (global cmod=3349/1807/693/0 idx=1807/693 alpha=0/0)
[15:19:35] [info] phase timing block 0: drawcalls=9641 dc_total_ms=1640 flip_inner_total_ms=422 inter_flip_total_ms=12358 (per-flip avg x10: dc_ms=164 fi_ms=42 if_ms=1235 derived audio+engine_ms=1029; per-drawcall avg us_x10=1701) [direct-vesa: presents=100 total_ms=369 avg_ms_x10=36 failed=0] [ablation: NO_DC_TIMING=0 CACHE_WINSURF=0 DIRECT_VESA=1]
[15:19:35] [info] kbd/audio block 0: kbd_irq=0 kbd_drain=0 ring_chunks=16 pump_pass=827 pic1_mask=0xb8 first_irq_ticks=0 install_ticks=0 vector_at_install=0x0083a5f8 pic1_mask_live=0xb8 kbd_8042_stat=0x34 bios_kbd_head=0x0026 bios_kbd_tail=0x0026 bios_kbd_buf0=0x3920
[15:19:35] [info] dirty-rect block @flip=400: total_calls=0 dirty_rects_avg=1 dirty_pct_x10=1000 forced_full=0 first_n_force=0 threshold_exceeded=0 dirty_path_taken=0 full_flush_taken=0
[15:19:35] [info] prev-frame-diff block @flip=400: diff_calls=0 diff_rects_avg=0 diff_dirty_pct_x10=0 bbox_pct_x10=0 bbox_thresh_exceeded=0
[15:19:35] [info] tas: stall frame 172 ms -> contributing 1 tick (patch 0286)
[15:19:36] [info] backdrop cache: thrashing-detect engaged (streak=4, route=direct)
[15:19:36] [info] flip-probe: flip #410 ok=true present=-1ms inter_flip_ms=53 drawcalls-since-flip=129 drawcalls-total=32273 fail-total=0 null-skips-total=0
[15:19:37] [info] flip-probe: flip #420 ok=true present=-1ms inter_flip_ms=58 drawcalls-since-flip=141 drawcalls-total=33635 fail-total=0 null-skips-total=0
[15:19:38] [info] flip-probe: flip #430 ok=true present=-1ms inter_flip_ms=107 drawcalls-since-flip=149 drawcalls-total=35101 fail-total=0 null-skips-total=0
[15:19:38] [info] backdrop cache: thrashing-detect engaged (streak=4, route=direct)
[15:19:39] [info] flip-probe: flip #440 ok=true present=-1ms inter_flip_ms=112 drawcalls-since-flip=133 drawcalls-total=36487 fail-total=0 null-skips-total=0
[15:19:40] [info] flip-probe: flip #450 ok=true present=7ms inter_flip_ms=110 drawcalls-since-flip=137 drawcalls-total=37776 fail-total=0 null-skips-total=0
[15:19:41] [info] flip-probe: flip #460 ok=true present=0ms inter_flip_ms=62 drawcalls-since-flip=136 drawcalls-total=39104 fail-total=0 null-skips-total=0
[15:19:42] [info] backdrop cache: thrashing-detect engaged (streak=4, route=direct)
[15:19:42] [info] flip-probe: flip #470 ok=true present=-1ms inter_flip_ms=60 drawcalls-since-flip=127 drawcalls-total=40419 fail-total=0 null-skips-total=0
[15:19:43] [info] flip-probe: flip #480 ok=true present=-1ms inter_flip_ms=109 drawcalls-since-flip=142 drawcalls-total=41767 fail-total=0 null-skips-total=0
[15:19:43] [info] flip-probe: flip #490 ok=true present=8ms inter_flip_ms=105 drawcalls-since-flip=135 drawcalls-total=43143 fail-total=0 null-skips-total=0
[15:19:44] [info] flip-probe: flip #500 ok=true present=0ms inter_flip_ms=109 drawcalls-since-flip=142 drawcalls-total=44545 fail-total=0 null-skips-total=0
[15:19:44] [info] alpha audit block 0: 12271 total drawcalls, 0 with alpha<255 (block pct_x10=0; global 0/40441 pct_x10=0); alpha-mod skipped: block=0 global=0
[15:19:44] [info] fastpath audit block 0: taken=12271 (idx8=12271) skipped=0 pct_x10=1000; global taken=40441 (idx8=40441) skipped=0 pct_x10=1000
[15:19:44] [info] primitive tally block 0: clear=200(hr=200) fill=0(hr=0) rect=0(hr=0) line=0(hr=0) tint=0 spotlight=0 (over 100 flips ending at flip 500)
[15:19:44] [info] color/alpha audit block 0: cmod_white=1300 cmod_black=1300 (idx=1300) cmod_general=0 (idx=0) cmod_fb=0; alpha_taken=0 alpha_skipped=0 (global cmod=4649/3107/693/0 idx=3107/693 alpha=0/0)
[15:19:44] [info] phase timing block 0: drawcalls=15104 dc_total_ms=1999 flip_inner_total_ms=530 inter_flip_total_ms=9007 (per-flip avg x10: dc_ms=199 fi_ms=53 if_ms=900 derived audio+engine_ms=648; per-drawcall avg us_x10=1323) [direct-vesa: presents=100 total_ms=278 avg_ms_x10=27 failed=0] [ablation: NO_DC_TIMING=0 CACHE_WINSURF=0 DIRECT_VESA=1]
[15:19:44] [info] kbd/audio block 0: kbd_irq=0 kbd_drain=0 ring_chunks=16 pump_pass=1267 pic1_mask=0xb8 first_irq_ticks=0 install_ticks=0 vector_at_install=0x0083a5f8 pic1_mask_live=0xb8 kbd_8042_stat=0x34 bios_kbd_head=0x0026 bios_kbd_tail=0x0026 bios_kbd_buf0=0x3920
[15:19:44] [info] dirty-rect block @flip=500: total_calls=0 dirty_rects_avg=1 dirty_pct_x10=1000 forced_full=0 first_n_force=0 threshold_exceeded=0 dirty_path_taken=0 full_flush_taken=0
[15:19:44] [info] prev-frame-diff block @flip=500: diff_calls=0 diff_rects_avg=0 diff_dirty_pct_x10=0 bbox_pct_x10=0 bbox_thresh_exceeded=0
[15:19:44] [info] tas: stall frame 168 ms -> contributing 1 tick (patch 0286)
[15:19:45] [info] flip-probe: flip #510 ok=true present=-1ms inter_flip_ms=59 drawcalls-since-flip=112 drawcalls-total=45704 fail-total=0 null-skips-total=0
[15:19:46] [info] flip-probe: flip #520 ok=true present=-1ms inter_flip_ms=107 drawcalls-since-flip=111 drawcalls-total=46822 fail-total=0 null-skips-total=0
[15:19:47] [info] backdrop cache: thrashing-detect engaged (streak=64, route=direct)
[15:19:47] [info] flip-probe: flip #530 ok=true present=0ms inter_flip_ms=60 drawcalls-since-flip=122 drawcalls-total=47966 fail-total=0 null-skips-total=0
[15:19:48] [info] flip-probe: flip #540 ok=true present=-1ms inter_flip_ms=59 drawcalls-since-flip=117 drawcalls-total=49137 fail-total=0 null-skips-total=0
[15:19:49] [info] flip-probe: flip #550 ok=true present=0ms inter_flip_ms=60 drawcalls-since-flip=115 drawcalls-total=50310 fail-total=0 null-skips-total=0
[15:19:49] [info] tas: stall frame 163 ms -> contributing 1 tick (patch 0286)
[15:19:50] [info] flip-probe: flip #560 ok=true present=0ms inter_flip_ms=114 drawcalls-since-flip=401 drawcalls-total=52855 fail-total=0 null-skips-total=0
[15:19:50] [info]  >> Entering stage 11: 'Mimiga Village'.
[15:19:50] [info] [skip-sheet-flush] cave=5
[15:19:50] [info] [load-stage] preloading entry music song=9 (cave=5)
[15:19:50] [info] gus backend: on_song_stop (all voices stopped).
[15:19:50] [info] MidiScheduler::load: parsed 'data/orgmid2/mura.mid' = 7123 events at 48 PPQ
[15:19:51] [info] gus .pat 'acpiano': 5 sample(s) -> 5 resident (multisample).
[15:19:52] [info] gus .pat 'epiano1': 1 sample(s) -> 1 resident (multisample).
[15:19:52] [info] gus .pat 'acbass': 1 sample(s) -> 1 resident (multisample).
[15:19:52] [info] gus .pat 'altosax': 3 sample(s) -> 3 resident (multisample).
[15:19:53] [info] gus .pat 'flute': 3 sample(s) -> 3 resident (multisample).
[15:19:53] [info] gus .pat 'sqrwave': 1 sample(s) -> 1 resident (multisample).
[15:19:54] [info] gus .pat 'calliope': 1 sample(s) -> 1 resident (multisample).
[15:19:54] [info] gus .pat 'warmpad': 1 sample(s) -> 1 resident (multisample).
[15:19:54] [info] gus .pat 'kick1': 1 sample(s) -> 1 resident (drum/single).
[15:19:55] [info] gus .pat 'snare1': 1 sample(s) -> 1 resident (drum/single).
[15:19:55] [info] gus .pat 'hihatcl': 1 sample(s) -> 1 resident (drum/single).
[15:19:55] [info] gus .pat 'tommid2': 1 sample(s) -> 1 resident (drum/single).
[15:19:55] [warn] gus backend: 'hihatop.pat' DRAM upload failed (full?); instrument silent. dram_size=1048576 bytes.
[15:19:55] [info] gus backend: on_song_start -- uploaded 12 instruments (1 missing/silent) into 1019 KB DRAM for this song; 20 subsamples resident, 0 instrument(s) K-capped/DRAM-truncated (multisample on).
[15:19:55] [info] gameloop: entered (curmap=11, running=1)
[15:19:55] [info] gameloop: iter 1 ticks=81450 mapno=-1
[15:19:55] [info] mds-clear-lut: rebuilt N=240 entries (k_skip=0% k_keep=100%; curmap=11 map_size=60x60; rebuild #3 since boot)
[15:19:56] [info] gameloop: iter 2 ticks=81559 mapno=-1
[15:19:56] [info] tas: stall frame 169 ms -> contributing 1 tick (patch 0286)
[15:19:56] [info] gameloop: iter 3 ticks=81722 mapno=-1
[15:19:56] [info] backdrop cache: thrashing-detect engaged (streak=4, route=direct)
[15:19:56] [info] flip-probe: flip #570 ok=true present=-1ms inter_flip_ms=51 drawcalls-since-flip=120 drawcalls-total=55637 fail-total=0 null-skips-total=0
[15:19:57] [info] flip-probe: flip #580 ok=true present=0ms inter_flip_ms=54 drawcalls-since-flip=41 drawcalls-total=56081 fail-total=0 null-skips-total=0
[15:19:57] [info] flip-probe: flip #590 ok=true present=0ms inter_flip_ms=55 drawcalls-since-flip=41 drawcalls-total=56491 fail-total=0 null-skips-total=0
[15:19:58] [info] flip-probe: flip #600 ok=true present=-1ms inter_flip_ms=52 drawcalls-since-flip=41 drawcalls-total=56901 fail-total=0 null-skips-total=0
[15:19:58] [info] alpha audit block 0: 11749 total drawcalls, 0 with alpha<255 (block pct_x10=0; global 0/52190 pct_x10=0); alpha-mod skipped: block=0 global=0
[15:19:58] [info] fastpath audit block 0: taken=11749 (idx8=11749) skipped=0 pct_x10=1000; global taken=52190 (idx8=52190) skipped=0 pct_x10=1000
[15:19:58] [info] primitive tally block 0: clear=201(hr=201) fill=0(hr=0) rect=0(hr=0) line=0(hr=0) tint=0 spotlight=0 (over 100 flips ending at flip 600)
[15:19:58] [info] color/alpha audit block 0: cmod_white=507 cmod_black=507 (idx=507) cmod_general=0 (idx=0) cmod_fb=0; alpha_taken=0 alpha_skipped=0 (global cmod=5156/3614/693/0 idx=3614/693 alpha=0/0)
[15:19:58] [info] phase timing block 0: drawcalls=12970 dc_total_ms=1178 flip_inner_total_ms=791 inter_flip_total_ms=13621 (per-flip avg x10: dc_ms=117 fi_ms=79 if_ms=1362 derived audio+engine_ms=1166; per-drawcall avg us_x10=908) [direct-vesa: presents=100 total_ms=606 avg_ms_x10=60 failed=0] [ablation: NO_DC_TIMING=0 CACHE_WINSURF=0 DIRECT_VESA=1]
[15:19:58] [info] kbd/audio block 0: kbd_irq=0 kbd_drain=0 ring_chunks=16 pump_pass=1641 pic1_mask=0xb8 first_irq_ticks=0 install_ticks=0 vector_at_install=0x0083a5f8 pic1_mask_live=0xb8 kbd_8042_stat=0x34 bios_kbd_head=0x0026 bios_kbd_tail=0x0026 bios_kbd_buf0=0x3920
[15:19:58] [info] dirty-rect block @flip=600: total_calls=0 dirty_rects_avg=1 dirty_pct_x10=1000 forced_full=0 first_n_force=0 threshold_exceeded=0 dirty_path_taken=0 full_flush_taken=0
[15:19:58] [info] prev-frame-diff block @flip=600: diff_calls=0 diff_rects_avg=0 diff_dirty_pct_x10=0 bbox_pct_x10=0 bbox_thresh_exceeded=0
[15:19:59] [info] flip-probe: flip #610 ok=true present=8ms inter_flip_ms=54 drawcalls-since-flip=42 drawcalls-total=57321 fail-total=0 null-skips-total=0
[15:19:59] [info] flip-probe: flip #620 ok=true present=-1ms inter_flip_ms=56 drawcalls-since-flip=42 drawcalls-total=57736 fail-total=0 null-skips-total=0
[15:20:00] [info] backdrop cache: thrashing-detect engaged (streak=64, route=direct)
[15:20:00] [info] flip-probe: flip #630 ok=true present=55ms inter_flip_ms=48 drawcalls-since-flip=43 drawcalls-total=58161 fail-total=0 null-skips-total=0
[15:20:00] [info] flip-probe: flip #640 ok=true present=-1ms inter_flip_ms=57 drawcalls-since-flip=42 drawcalls-total=58581 fail-total=0 null-skips-total=0
[15:20:01] [info] flip-probe: flip #650 ok=true present=0ms inter_flip_ms=51 drawcalls-since-flip=43 drawcalls-total=59005 fail-total=0 null-skips-total=0
[15:20:01] [info] run_tick_fixed #1800: heartbeat (loop alive)
[15:20:01] [info] flip-probe: flip #660 ok=true present=0ms inter_flip_ms=57 drawcalls-since-flip=44 drawcalls-total=59443 fail-total=0 null-skips-total=0
[15:20:02] [info] flip-probe: flip #670 ok=true present=-1ms inter_flip_ms=58 drawcalls-since-flip=44 drawcalls-total=59883 fail-total=0 null-skips-total=0
[15:20:03] [info] flip-probe: flip #680 ok=true present=7ms inter_flip_ms=48 drawcalls-since-flip=42 drawcalls-total=60310 fail-total=0 null-skips-total=0
[15:20:03] [info] backdrop cache: thrashing-detect engaged (streak=124, route=direct)
[15:20:03] [info] flip-probe: flip #690 ok=true present=-1ms inter_flip_ms=56 drawcalls-since-flip=16 drawcalls-total=60528 fail-total=0 null-skips-total=0
[15:20:04] [info] flip-probe: flip #700 ok=true present=0ms inter_flip_ms=60 drawcalls-since-flip=16 drawcalls-total=60688 fail-total=0 null-skips-total=0
[15:20:04] [info] alpha audit block 0: 2621 total drawcalls, 0 with alpha<255 (block pct_x10=0; global 0/54811 pct_x10=0); alpha-mod skipped: block=0 global=0
[15:20:04] [info] fastpath audit block 0: taken=2621 (idx8=2621) skipped=0 pct_x10=1000; global taken=54811 (idx8=54811) skipped=0 pct_x10=1000
[15:20:04] [info] primitive tally block 0: clear=200(hr=200) fill=0(hr=0) rect=0(hr=0) line=0(hr=0) tint=0 spotlight=0 (over 100 flips ending at flip 700)
[15:20:04] [info] color/alpha audit block 0: cmod_white=1066 cmod_black=1066 (idx=1066) cmod_general=0 (idx=0) cmod_fb=0; alpha_taken=0 alpha_skipped=0 (global cmod=6222/4680/693/0 idx=4680/693 alpha=0/0)
[15:20:04] [info] phase timing block 0: drawcalls=4953 dc_total_ms=739 flip_inner_total_ms=254 inter_flip_total_ms=5771 (per-flip avg x10: dc_ms=73 fi_ms=25 if_ms=577 derived audio+engine_ms=479; per-drawcall avg us_x10=1492) [direct-vesa: presents=100 total_ms=166 avg_ms_x10=16 failed=0] [ablation: NO_DC_TIMING=0 CACHE_WINSURF=0 DIRECT_VESA=1]
[15:20:04] [info] kbd/audio block 0: kbd_irq=0 kbd_drain=0 ring_chunks=16 pump_pass=1929 pic1_mask=0xb8 first_irq_ticks=0 install_ticks=0 vector_at_install=0x0083a5f8 pic1_mask_live=0xb8 kbd_8042_stat=0x34 bios_kbd_head=0x0026 bios_kbd_tail=0x0026 bios_kbd_buf0=0x3920
[15:20:04] [info] dirty-rect block @flip=700: total_calls=0 dirty_rects_avg=1 dirty_pct_x10=1000 forced_full=0 first_n_force=0 threshold_exceeded=0 dirty_path_taken=0 full_flush_taken=0
[15:20:04] [info] prev-frame-diff block @flip=700: diff_calls=0 diff_rects_avg=0 diff_dirty_pct_x10=0 bbox_pct_x10=0 bbox_thresh_exceeded=0
[15:20:04] [info] flip-probe: flip #710 ok=true present=-1ms inter_flip_ms=60 drawcalls-since-flip=16 drawcalls-total=60848 fail-total=0 null-skips-total=0
[15:20:05] [info] flip-probe: flip #720 ok=true present=-1ms inter_flip_ms=51 drawcalls-since-flip=27 drawcalls-total=61085 fail-total=0 null-skips-total=0
[15:20:05] [info] flip-probe: flip #730 ok=true present=-1ms inter_flip_ms=55 drawcalls-since-flip=19 drawcalls-total=61342 fail-total=0 null-skips-total=0
[15:20:06] [info] flip-probe: flip #740 ok=true present=-1ms inter_flip_ms=56 drawcalls-since-flip=140 drawcalls-total=61737 fail-total=0 null-skips-total=0
[15:20:07] [info]  >> Entering stage 15: 'Reservoir'.
[15:20:07] [info] [skip-sheet-flush] cave=6
[15:20:07] [info] [load-stage] preloading entry music song=9 (cave=6)
[15:20:07] [info] gameloop: entered (curmap=15, running=1)
[15:20:07] [info] gameloop: iter 1 ticks=93311 mapno=-1
[15:20:07] [info] mds-clear-lut: rebuilt N=240 entries (k_skip=13% k_keep=87%; curmap=15 map_size=40x20; rebuild #4 since boot)
[15:20:07] [info] gameloop: iter 2 ticks=93422 mapno=-1
[15:20:07] [info] gameloop: iter 3 ticks=93535 mapno=-1
[15:20:08] [info] flip-probe: flip #750 ok=true present=-1ms inter_flip_ms=111 drawcalls-since-flip=336 drawcalls-total=64340 fail-total=0 null-skips-total=0
[15:20:08] [info] flip-probe: flip #760 ok=true present=-1ms inter_flip_ms=50 drawcalls-since-flip=32 drawcalls-total=65329 fail-total=0 null-skips-total=0
[15:20:09] [info] flip-probe: flip #770 ok=true present=-1ms inter_flip_ms=56 drawcalls-since-flip=32 drawcalls-total=65649 fail-total=0 null-skips-total=0
[15:20:09] [info] backdrop cache: thrashing-detect engaged (streak=4, route=direct)
[15:20:09] [info] flip-probe: flip #780 ok=true present=0ms inter_flip_ms=61 drawcalls-since-flip=34 drawcalls-total=65971 fail-total=0 null-skips-total=0
[15:20:10] [info] flip-probe: flip #790 ok=true present=0ms inter_flip_ms=50 drawcalls-since-flip=35 drawcalls-total=66318 fail-total=0 null-skips-total=0
[15:20:10] [info] flip-probe: flip #800 ok=true present=0ms inter_flip_ms=53 drawcalls-since-flip=33 drawcalls-total=66646 fail-total=0 null-skips-total=0
[15:20:10] [info] alpha audit block 0: 5381 total drawcalls, 0 with alpha<255 (block pct_x10=0; global 0/60192 pct_x10=0); alpha-mod skipped: block=0 global=0
[15:20:10] [info] fastpath audit block 0: taken=5381 (idx8=5381) skipped=0 pct_x10=1000; global taken=60192 (idx8=60192) skipped=0 pct_x10=1000
[15:20:10] [info] primitive tally block 0: clear=201(hr=201) fill=0(hr=0) rect=0(hr=0) line=0(hr=0) tint=0 spotlight=0 (over 100 flips ending at flip 800)
[15:20:10] [info] color/alpha audit block 0: cmod_white=477 cmod_black=477 (idx=477) cmod_general=0 (idx=0) cmod_fb=0; alpha_taken=0 alpha_skipped=0 (global cmod=6699/5157/693/0 idx=5157/693 alpha=0/0)
[15:20:10] [info] phase timing block 0: drawcalls=6568 dc_total_ms=1468 flip_inner_total_ms=298 inter_flip_total_ms=6587 (per-flip avg x10: dc_ms=146 fi_ms=29 if_ms=658 derived audio+engine_ms=483; per-drawcall avg us_x10=2235) [direct-vesa: presents=100 total_ms=220 avg_ms_x10=22 failed=0] [ablation: NO_DC_TIMING=0 CACHE_WINSURF=0 DIRECT_VESA=1]
[15:20:10] [info] kbd/audio block 0: kbd_irq=0 kbd_drain=0 ring_chunks=16 pump_pass=2223 pic1_mask=0xb8 first_irq_ticks=0 install_ticks=0 vector_at_install=0x0083a5f8 pic1_mask_live=0xb8 kbd_8042_stat=0x34 bios_kbd_head=0x0026 bios_kbd_tail=0x0026 bios_kbd_buf0=0x3920
[15:20:10] [info] dirty-rect block @flip=800: total_calls=0 dirty_rects_avg=1 dirty_pct_x10=1000 forced_full=0 first_n_force=0 threshold_exceeded=0 dirty_path_taken=0 full_flush_taken=0
[15:20:10] [info] prev-frame-diff block @flip=800: diff_calls=0 diff_rects_avg=0 diff_dirty_pct_x10=0 bbox_pct_x10=0 bbox_thresh_exceeded=0
[15:20:11] [info] flip-probe: flip #810 ok=true present=0ms inter_flip_ms=60 drawcalls-since-flip=35 drawcalls-total=66992 fail-total=0 null-skips-total=0
[15:20:11] [info] flip-probe: flip #820 ok=true present=-1ms inter_flip_ms=56 drawcalls-since-flip=33 drawcalls-total=67324 fail-total=0 null-skips-total=0
[15:20:12] [info] flip-probe: flip #830 ok=true present=0ms inter_flip_ms=56 drawcalls-since-flip=34 drawcalls-total=67659 fail-total=0 null-skips-total=0
[15:20:12] [info] backdrop cache: thrashing-detect engaged (streak=64, route=direct)
[15:20:13] [info] flip-probe: flip #840 ok=true present=-1ms inter_flip_ms=58 drawcalls-since-flip=37 drawcalls-total=68012 fail-total=0 null-skips-total=0
[15:20:13] [info] flip-probe: flip #850 ok=true present=-1ms inter_flip_ms=55 drawcalls-since-flip=38 drawcalls-total=68392 fail-total=0 null-skips-total=0
[15:20:14] [info] flip-probe: flip #860 ok=true present=-1ms inter_flip_ms=57 drawcalls-since-flip=34 drawcalls-total=68756 fail-total=0 null-skips-total=0
[15:20:14] [info] flip-probe: flip #870 ok=true present=8ms inter_flip_ms=54 drawcalls-since-flip=15 drawcalls-total=69037 fail-total=0 null-skips-total=0
[15:20:14] [info] tas: stall frame 281 ms -> contributing 1 tick (patch 0286)
[15:20:15] [info] flip-probe: flip #880 ok=true present=-1ms inter_flip_ms=50 drawcalls-since-flip=16 drawcalls-total=69196 fail-total=0 null-skips-total=0
[15:20:15] [info] flip-probe: flip #890 ok=true present=54ms inter_flip_ms=53 drawcalls-since-flip=17 drawcalls-total=69366 fail-total=0 null-skips-total=0
[15:20:16] [info] flip-probe: flip #900 ok=true present=-1ms inter_flip_ms=56 drawcalls-since-flip=17 drawcalls-total=69530 fail-total=0 null-skips-total=0
[15:20:16] [info] alpha audit block 0: 2181 total drawcalls, 0 with alpha<255 (block pct_x10=0; global 0/62373 pct_x10=0); alpha-mod skipped: block=0 global=0
[15:20:16] [info] fastpath audit block 0: taken=2181 (idx8=2181) skipped=0 pct_x10=1000; global taken=62373 (idx8=62373) skipped=0 pct_x10=1000
[15:20:16] [info] primitive tally block 0: clear=200(hr=200) fill=0(hr=0) rect=0(hr=0) line=0(hr=0) tint=0 spotlight=0 (over 100 flips ending at flip 900)
[15:20:16] [info] color/alpha audit block 0: cmod_white=603 cmod_black=603 (idx=603) cmod_general=0 (idx=0) cmod_fb=0; alpha_taken=0 alpha_skipped=0 (global cmod=7302/5760/693/0 idx=5760/693 alpha=0/0)
[15:20:16] [info] phase timing block 0: drawcalls=3596 dc_total_ms=809 flip_inner_total_ms=1015 inter_flip_total_ms=5548 (per-flip avg x10: dc_ms=80 fi_ms=101 if_ms=554 derived audio+engine_ms=373; per-drawcall avg us_x10=2250) [direct-vesa: presents=100 total_ms=675 avg_ms_x10=67 failed=0] [ablation: NO_DC_TIMING=0 CACHE_WINSURF=0 DIRECT_VESA=1]
[15:20:16] [info] kbd/audio block 0: kbd_irq=0 kbd_drain=0 ring_chunks=16 pump_pass=2487 pic1_mask=0xb8 first_irq_ticks=0 install_ticks=0 vector_at_install=0x0083a5f8 pic1_mask_live=0xb8 kbd_8042_stat=0x34 bios_kbd_head=0x0026 bios_kbd_tail=0x0026 bios_kbd_buf0=0x3920
[15:20:16] [info] dirty-rect block @flip=900: total_calls=0 dirty_rects_avg=1 dirty_pct_x10=1000 forced_full=0 first_n_force=0 threshold_exceeded=0 dirty_path_taken=0 full_flush_taken=0
[15:20:16] [info] prev-frame-diff block @flip=900: diff_calls=0 diff_rects_avg=0 diff_dirty_pct_x10=0 bbox_pct_x10=0 bbox_thresh_exceeded=0
[15:20:16] [info] flip-probe: flip #910 ok=true present=-1ms inter_flip_ms=55 drawcalls-since-flip=15 drawcalls-total=69682 fail-total=0 null-skips-total=0
[15:20:17] [info] backdrop cache: thrashing-detect engaged (streak=4, route=direct)
[15:20:17] [info] flip-probe: flip #920 ok=true present=-1ms inter_flip_ms=0 drawcalls-since-flip=14 drawcalls-total=69825 fail-total=0 null-skips-total=0
[15:20:17] [info] flip-probe: flip #930 ok=true present=-1ms inter_flip_ms=59 drawcalls-since-flip=14 drawcalls-total=69965 fail-total=0 null-skips-total=0
[15:20:18] [info] flip-probe: flip #940 ok=true present=-1ms inter_flip_ms=55 drawcalls-since-flip=14 drawcalls-total=70105 fail-total=0 null-skips-total=0
[15:20:18] [info] flip-probe: flip #950 ok=true present=-1ms inter_flip_ms=56 drawcalls-since-flip=14 drawcalls-total=70245 fail-total=0 null-skips-total=0
[15:20:19] [info] flip-probe: flip #960 ok=true present=-1ms inter_flip_ms=52 drawcalls-since-flip=14 drawcalls-total=70385 fail-total=0 null-skips-total=0
[15:20:19] [info] flip-probe: flip #970 ok=true present=54ms inter_flip_ms=-2 drawcalls-since-flip=14 drawcalls-total=70525 fail-total=0 null-skips-total=0
[15:20:19] [info] backdrop cache: thrashing-detect engaged (streak=64, route=direct)
[15:20:20] [info] flip-probe: flip #980 ok=true present=-1ms inter_flip_ms=55 drawcalls-since-flip=14 drawcalls-total=70665 fail-total=0 null-skips-total=0
[15:20:20] [info] flip-probe: flip #990 ok=true present=7ms inter_flip_ms=54 drawcalls-since-flip=318 drawcalls-total=71755 fail-total=0 null-skips-total=0
[15:20:21] [info]  >> Entering stage 11: 'Mimiga Village'.
[15:20:21] [info] [skip-sheet-flush] cave=7
[15:20:21] [info] [load-stage] preloading entry music song=9 (cave=7)
[15:20:22] [info] gameloop: entered (curmap=11, running=1)
[15:20:22] [info] gameloop: iter 1 ticks=107647 mapno=-1
[15:20:22] [info] mds-clear-lut: rebuilt N=240 entries (k_skip=0% k_keep=100%; curmap=11 map_size=60x60; rebuild #5 since boot)
[15:20:22] [info] gameloop: iter 2 ticks=107761 mapno=-1
[15:20:22] [info] gameloop: iter 3 ticks=107866 mapno=-1
[15:20:22] [info] flip-probe: flip #1000 ok=true present=8ms inter_flip_ms=108 drawcalls-since-flip=196 drawcalls-total=74488 fail-total=0 null-skips-total=0
[15:20:22] [info] alpha audit block 0: 4780 total drawcalls, 0 with alpha<255 (block pct_x10=0; global 0/67153 pct_x10=0); alpha-mod skipped: block=0 global=0
[15:20:22] [info] fastpath audit block 0: taken=4780 (idx8=4780) skipped=0 pct_x10=1000; global taken=67153 (idx8=67153) skipped=0 pct_x10=1000
[15:20:22] [info] primitive tally block 0: clear=201(hr=201) fill=0(hr=0) rect=0(hr=0) line=0(hr=0) tint=0 spotlight=0 (over 100 flips ending at flip 1000)
[15:20:22] [info] color/alpha audit block 0: cmod_white=78 cmod_black=78 (idx=78) cmod_general=0 (idx=0) cmod_fb=0; alpha_taken=0 alpha_skipped=0 (global cmod=7380/5838/693/0 idx=5838/693 alpha=0/0)
[15:20:22] [info] phase timing block 0: drawcalls=5153 dc_total_ms=1132 flip_inner_total_ms=280 inter_flip_total_ms=6313 (per-flip avg x10: dc_ms=113 fi_ms=28 if_ms=631 derived audio+engine_ms=490; per-drawcall avg us_x10=2197) [direct-vesa: presents=100 total_ms=158 avg_ms_x10=15 failed=0] [ablation: NO_DC_TIMING=0 CACHE_WINSURF=0 DIRECT_VESA=1]
[15:20:22] [info] kbd/audio block 0: kbd_irq=0 kbd_drain=0 ring_chunks=16 pump_pass=2759 pic1_mask=0xb8 first_irq_ticks=0 install_ticks=0 vector_at_install=0x0083a5f8 pic1_mask_live=0xb8 kbd_8042_stat=0x34 bios_kbd_head=0x0026 bios_kbd_tail=0x0026 bios_kbd_buf0=0x3920
[15:20:22] [info] dirty-rect block @flip=1000: total_calls=0 dirty_rects_avg=1 dirty_pct_x10=1000 forced_full=0 first_n_force=0 threshold_exceeded=0 dirty_path_taken=0 full_flush_taken=0
[15:20:22] [info] prev-frame-diff block @flip=1000: diff_calls=0 diff_rects_avg=0 diff_dirty_pct_x10=0 bbox_pct_x10=0 bbox_thresh_exceeded=0
[15:20:22] [info] tas: stall frame 165 ms -> contributing 1 tick (patch 0286)
[15:20:23] [info] flip-probe: flip #1010 ok=true present=-1ms inter_flip_ms=48 drawcalls-since-flip=42 drawcalls-total=75115 fail-total=0 null-skips-total=0
[15:20:23] [info] flip-probe: flip #1020 ok=true present=0ms inter_flip_ms=59 drawcalls-since-flip=42 drawcalls-total=75535 fail-total=0 null-skips-total=0
[15:20:24] [info] flip-probe: flip #1030 ok=true present=-1ms inter_flip_ms=57 drawcalls-since-flip=54 drawcalls-total=76023 fail-total=0 null-skips-total=0
[15:20:24] [info] backdrop cache: thrashing-detect engaged (streak=4, route=direct)
[15:20:25] [info] flip-probe: flip #1040 ok=true present=-1ms inter_flip_ms=59 drawcalls-since-flip=45 drawcalls-total=76506 fail-total=0 null-skips-total=0
[15:20:25] [info] flip-probe: flip #1050 ok=true present=-1ms inter_flip_ms=57 drawcalls-since-flip=44 drawcalls-total=76957 fail-total=0 null-skips-total=0
[15:20:26] [info] flip-probe: flip #1060 ok=true present=-1ms inter_flip_ms=50 drawcalls-since-flip=44 drawcalls-total=77396 fail-total=0 null-skips-total=0
[15:20:26] [info] flip-probe: flip #1070 ok=true present=-1ms inter_flip_ms=62 drawcalls-since-flip=45 drawcalls-total=77848 fail-total=0 null-skips-total=0
[15:20:27] [info] flip-probe: flip #1080 ok=true present=0ms inter_flip_ms=54 drawcalls-since-flip=45 drawcalls-total=78298 fail-total=0 null-skips-total=0
[15:20:28] [info] flip-probe: flip #1090 ok=true present=-1ms inter_flip_ms=48 drawcalls-since-flip=45 drawcalls-total=78748 fail-total=0 null-skips-total=0
[15:20:28] [info] backdrop cache: thrashing-detect engaged (streak=64, route=direct)
[15:20:28] [info] flip-probe: flip #1100 ok=true present=0ms inter_flip_ms=53 drawcalls-since-flip=45 drawcalls-total=79198 fail-total=0 null-skips-total=0
[15:20:28] [info] alpha audit block 0: 3310 total drawcalls, 0 with alpha<255 (block pct_x10=0; global 0/70463 pct_x10=0); alpha-mod skipped: block=0 global=0
[15:20:28] [info] fastpath audit block 0: taken=3310 (idx8=3310) skipped=0 pct_x10=1000; global taken=70463 (idx8=70463) skipped=0 pct_x10=1000
[15:20:28] [info] primitive tally block 0: clear=200(hr=200) fill=0(hr=0) rect=0(hr=0) line=0(hr=0) tint=0 spotlight=0 (over 100 flips ending at flip 1100)
[15:20:28] [info] color/alpha audit block 0: cmod_white=1300 cmod_black=1300 (idx=1300) cmod_general=0 (idx=0) cmod_fb=0; alpha_taken=0 alpha_skipped=0 (global cmod=8680/7138/693/0 idx=7138/693 alpha=0/0)
[15:20:28] [info] phase timing block 0: drawcalls=6143 dc_total_ms=1036 flip_inner_total_ms=284 inter_flip_total_ms=5989 (per-flip avg x10: dc_ms=103 fi_ms=28 if_ms=598 derived audio+engine_ms=467; per-drawcall avg us_x10=1686) [direct-vesa: presents=100 total_ms=131 avg_ms_x10=13 failed=0] [ablation: NO_DC_TIMING=0 CACHE_WINSURF=0 DIRECT_VESA=1]
[15:20:28] [info] kbd/audio block 0: kbd_irq=0 kbd_drain=0 ring_chunks=16 pump_pass=3054 pic1_mask=0xb8 first_irq_ticks=0 install_ticks=0 vector_at_install=0x0083a5f8 pic1_mask_live=0xb8 kbd_8042_stat=0x34 bios_kbd_head=0x0026 bios_kbd_tail=0x0026 bios_kbd_buf0=0x3920
[15:20:28] [info] dirty-rect block @flip=1100: total_calls=0 dirty_rects_avg=1 dirty_pct_x10=1000 forced_full=0 first_n_force=0 threshold_exceeded=0 dirty_path_taken=0 full_flush_taken=0
[15:20:28] [info] prev-frame-diff block @flip=1100: diff_calls=0 diff_rects_avg=0 diff_dirty_pct_x10=0 bbox_pct_x10=0 bbox_thresh_exceeded=0
[15:20:29] [info] flip-probe: flip #1110 ok=true present=-1ms inter_flip_ms=59 drawcalls-since-flip=44 drawcalls-total=79639 fail-total=0 null-skips-total=0
[15:20:29] [info] flip-probe: flip #1120 ok=true present=0ms inter_flip_ms=55 drawcalls-since-flip=17 drawcalls-total=79918 fail-total=0 null-skips-total=0
[15:20:30] [info] flip-probe: flip #1130 ok=true present=54ms inter_flip_ms=-4 drawcalls-since-flip=18 drawcalls-total=80092 fail-total=0 null-skips-total=0
[15:20:30] [info] flip-probe: flip #1140 ok=true present=-1ms inter_flip_ms=60 drawcalls-since-flip=19 drawcalls-total=80280 fail-total=0 null-skips-total=0
[15:20:31] [info] flip-probe: flip #1150 ok=true present=-1ms inter_flip_ms=57 drawcalls-since-flip=19 drawcalls-total=80470 fail-total=0 null-skips-total=0
[15:20:31] [info] backdrop cache: thrashing-detect engaged (streak=124, route=direct)
[15:20:32] [info] flip-probe: flip #1160 ok=true present=7ms inter_flip_ms=48 drawcalls-since-flip=18 drawcalls-total=80653 fail-total=0 null-skips-total=0
[15:20:32] [info] flip-probe: flip #1170 ok=true present=-1ms inter_flip_ms=56 drawcalls-since-flip=18 drawcalls-total=80827 fail-total=0 null-skips-total=0
[15:20:33] [info] flip-probe: flip #1180 ok=true present=-1ms inter_flip_ms=52 drawcalls-since-flip=18 drawcalls-total=81007 fail-total=0 null-skips-total=0
[15:20:33] [info] flip-probe: flip #1190 ok=true present=-1ms inter_flip_ms=58 drawcalls-since-flip=19 drawcalls-total=81197 fail-total=0 null-skips-total=0
[15:20:34] [info] flip-probe: flip #1200 ok=true present=55ms inter_flip_ms=0 drawcalls-since-flip=19 drawcalls-total=81387 fail-total=0 null-skips-total=0
[15:20:34] [info] alpha audit block 0: 1907 total drawcalls, 0 with alpha<255 (block pct_x10=0; global 0/72370 pct_x10=0); alpha-mod skipped: block=0 global=0
[15:20:34] [info] fastpath audit block 0: taken=1907 (idx8=1907) skipped=0 pct_x10=1000; global taken=72370 (idx8=72370) skipped=0 pct_x10=1000
[15:20:34] [info] primitive tally block 0: clear=200(hr=200) fill=0(hr=0) rect=0(hr=0) line=0(hr=0) tint=0 spotlight=0 (over 100 flips ending at flip 1200)
[15:20:34] [info] color/alpha audit block 0: cmod_white=182 cmod_black=182 (idx=182) cmod_general=0 (idx=0) cmod_fb=0; alpha_taken=0 alpha_skipped=0 (global cmod=8862/7320/693/0 idx=7320/693 alpha=0/0)
[15:20:34] [info] phase timing block 0: drawcalls=2471 dc_total_ms=727 flip_inner_total_ms=382 inter_flip_total_ms=5494 (per-flip avg x10: dc_ms=72 fi_ms=38 if_ms=549 derived audio+engine_ms=439; per-drawcall avg us_x10=2942) [direct-vesa: presents=100 total_ms=402 avg_ms_x10=40 failed=0] [ablation: NO_DC_TIMING=0 CACHE_WINSURF=0 DIRECT_VESA=1]
[15:20:34] [info] kbd/audio block 0: kbd_irq=0 kbd_drain=0 ring_chunks=16 pump_pass=3332 pic1_mask=0xb8 first_irq_ticks=0 install_ticks=0 vector_at_install=0x0083a5f8 pic1_mask_live=0xb8 kbd_8042_stat=0x34 bios_kbd_head=0x0026 bios_kbd_tail=0x0026 bios_kbd_buf0=0x3920
[15:20:34] [info] dirty-rect block @flip=1200: total_calls=0 dirty_rects_avg=1 dirty_pct_x10=1000 forced_full=0 first_n_force=0 threshold_exceeded=0 dirty_path_taken=0 full_flush_taken=0
[15:20:34] [info] prev-frame-diff block @flip=1200: diff_calls=0 diff_rects_avg=0 diff_dirty_pct_x10=0 bbox_pct_x10=0 bbox_thresh_exceeded=0
[15:20:34] [info] tas: stall frame 331 ms -> contributing 1 tick (patch 0286)
[15:20:34] [info] flip-probe: flip #1210 ok=true present=0ms inter_flip_ms=58 drawcalls-since-flip=20 drawcalls-total=81587 fail-total=0 null-skips-total=0
[15:20:35] [info] backdrop cache: thrashing-detect engaged (streak=184, route=direct)
[15:20:35] [info] flip-probe: flip #1220 ok=true present=-1ms inter_flip_ms=108 drawcalls-since-flip=20 drawcalls-total=81787 fail-total=0 null-skips-total=0
[15:20:36] [info] flip-probe: flip #1230 ok=true present=0ms inter_flip_ms=54 drawcalls-since-flip=17 drawcalls-total=81972 fail-total=0 null-skips-total=0
[15:20:36] [info] flip-probe: flip #1240 ok=true present=-1ms inter_flip_ms=50 drawcalls-since-flip=17 drawcalls-total=82142 fail-total=0 null-skips-total=0
[15:20:37] [info] flip-probe: flip #1250 ok=true present=0ms inter_flip_ms=52 drawcalls-since-flip=19 drawcalls-total=82320 fail-total=0 null-skips-total=0
[15:20:37] [info] flip-probe: flip #1260 ok=true present=-1ms inter_flip_ms=57 drawcalls-since-flip=17 drawcalls-total=82496 fail-total=0 null-skips-total=0
[15:20:38] [info] flip-probe: flip #1270 ok=true present=-1ms inter_flip_ms=55 drawcalls-since-flip=16 drawcalls-total=82659 fail-total=0 null-skips-total=0
[15:20:38] [info] backdrop cache: thrashing-detect engaged (streak=244, route=direct)
[15:20:38] [info] flip-probe: flip #1280 ok=true present=0ms inter_flip_ms=61 drawcalls-since-flip=19 drawcalls-total=82837 fail-total=0 null-skips-total=0
[15:20:39] [info] flip-probe: flip #1290 ok=true present=-1ms inter_flip_ms=58 drawcalls-since-flip=20 drawcalls-total=83039 fail-total=0 null-skips-total=0
[15:20:39] [info] flip-probe: flip #1300 ok=true present=-1ms inter_flip_ms=54 drawcalls-since-flip=183 drawcalls-total=83459 fail-total=0 null-skips-total=0
[15:20:39] [info] alpha audit block 0: 1972 total drawcalls, 0 with alpha<255 (block pct_x10=0; global 0/74342 pct_x10=0); alpha-mod skipped: block=0 global=0
[15:20:39] [info] fastpath audit block 0: taken=1972 (idx8=1972) skipped=0 pct_x10=1000; global taken=74342 (idx8=74342) skipped=0 pct_x10=1000
[15:20:39] [info] primitive tally block 0: clear=200(hr=200) fill=0(hr=0) rect=0(hr=0) line=0(hr=0) tint=0 spotlight=0 (over 100 flips ending at flip 1300)
[15:20:39] [info] phase timing block 0: drawcalls=2172 dc_total_ms=516 flip_inner_total_ms=502 inter_flip_total_ms=5766 (per-flip avg x10: dc_ms=51 fi_ms=50 if_ms=576 derived audio+engine_ms=475; per-drawcall avg us_x10=2377) [direct-vesa: presents=100 total_ms=360 avg_ms_x10=36 failed=0] [ablation: NO_DC_TIMING=0 CACHE_WINSURF=0 DIRECT_VESA=1]
[15:20:39] [info] kbd/audio block 0: kbd_irq=0 kbd_drain=0 ring_chunks=16 pump_pass=3602 pic1_mask=0xb8 first_irq_ticks=0 install_ticks=0 vector_at_install=0x0083a5f8 pic1_mask_live=0xb8 kbd_8042_stat=0x34 bios_kbd_head=0x0026 bios_kbd_tail=0x0026 bios_kbd_buf0=0x3920
[15:20:39] [info] dirty-rect block @flip=1300: total_calls=0 dirty_rects_avg=1 dirty_pct_x10=1000 forced_full=0 first_n_force=0 threshold_exceeded=0 dirty_path_taken=0 full_flush_taken=0
[15:20:39] [info] prev-frame-diff block @flip=1300: diff_calls=0 diff_rects_avg=0 diff_dirty_pct_x10=0 bbox_pct_x10=0 bbox_thresh_exceeded=0
[15:20:40] [info] tas: stall frame 163 ms -> contributing 1 tick (patch 0286)
[15:20:40] [info]  >> Entering stage 19: 'Assembly Hall'.
[15:20:40] [info] [skip-sheet-flush] cave=8
[15:20:41] [info] [load-stage] preloading entry music song=9 (cave=8)
[15:20:41] [info] gameloop: entered (curmap=19, running=1)
[15:20:41] [info] gameloop: iter 1 ticks=127255 mapno=-1
[15:20:41] [info] mds-clear-lut: rebuilt N=240 entries (k_skip=100% k_keep=0%; curmap=19 map_size=21x16; rebuild #6 since boot)
[15:20:41] [info] gameloop: iter 2 ticks=127370 mapno=-1
[15:20:41] [info] tas: stall frame 162 ms -> contributing 1 tick (patch 0286)
[15:20:41] [info] gameloop: iter 3 ticks=127530 mapno=-1
[15:20:42] [info] flip-probe: flip #1310 ok=true present=-1ms inter_flip_ms=165 drawcalls-since-flip=463 drawcalls-total=86805 fail-total=0 null-skips-total=0
[15:20:42] [info] flip-probe: flip #1320 ok=true present=-1ms inter_flip_ms=5 drawcalls-since-flip=122 drawcalls-total=89051 fail-total=0 null-skips-total=0
[15:20:43] [info] flip-probe: flip #1330 ok=true present=0ms inter_flip_ms=51 drawcalls-since-flip=122 drawcalls-total=90271 fail-total=0 null-skips-total=0
[15:20:43] [info] flip-probe: flip #1340 ok=true present=-1ms inter_flip_ms=59 drawcalls-since-flip=125 drawcalls-total=91502 fail-total=0 null-skips-total=0
[15:20:44] [info] flip-probe: flip #1350 ok=true present=-1ms inter_flip_ms=56 drawcalls-since-flip=122 drawcalls-total=92733 fail-total=0 null-skips-total=0
[15:20:44] [info] flip-probe: flip #1360 ok=true present=-1ms inter_flip_ms=55 drawcalls-since-flip=122 drawcalls-total=93964 fail-total=0 null-skips-total=0
[15:20:45] [info] flip-probe: flip #1370 ok=true present=7ms inter_flip_ms=48 drawcalls-since-flip=122 drawcalls-total=95184 fail-total=0 null-skips-total=0
[15:20:46] [info] flip-probe: flip #1380 ok=true present=-1ms inter_flip_ms=52 drawcalls-since-flip=122 drawcalls-total=96404 fail-total=0 null-skips-total=0
[15:20:46] [info] flip-probe: flip #1390 ok=true present=2ms inter_flip_ms=111 drawcalls-since-flip=378 drawcalls-total=98116 fail-total=0 null-skips-total=0
[15:20:47] [info]  >> Entering stage 11: 'Mimiga Village'.
[15:20:47] [info] [skip-sheet-flush] cave=9
[15:20:48] [info] [load-stage] preloading entry music song=9 (cave=9)
[15:20:48] [info] gameloop: entered (curmap=11, running=1)
[15:20:48] [info] gameloop: iter 1 ticks=133735 mapno=-1
[15:20:48] [info] mds-clear-lut: rebuilt N=240 entries (k_skip=0% k_keep=100%; curmap=11 map_size=60x60; rebuild #7 since boot)
[15:20:48] [info] gameloop: iter 2 ticks=133851 mapno=-1
[15:20:48] [info] tas: stall frame 167 ms -> contributing 1 tick (patch 0286)
[15:20:48] [info] gameloop: iter 3 ticks=134013 mapno=-1
[15:20:48] [info] flip-probe: flip #1400 ok=true present=-1ms inter_flip_ms=105 drawcalls-since-flip=360 drawcalls-total=101966 fail-total=0 null-skips-total=0
[15:20:48] [info] alpha audit block 0: 17286 total drawcalls, 0 with alpha<255 (block pct_x10=0; global 0/91628 pct_x10=0); alpha-mod skipped: block=0 global=0
[15:20:48] [info] fastpath audit block 0: taken=17286 (idx8=17286) skipped=0 pct_x10=1000; global taken=91628 (idx8=91628) skipped=0 pct_x10=1000
[15:20:48] [info] primitive tally block 0: clear=202(hr=202) fill=0(hr=0) rect=0(hr=0) line=0(hr=0) tint=0 spotlight=0 (over 100 flips ending at flip 1400)
[15:20:48] [info] color/alpha audit block 0: cmod_white=1121 cmod_black=1121 (idx=1121) cmod_general=0 (idx=0) cmod_fb=0; alpha_taken=0 alpha_skipped=0 (global cmod=9983/8441/693/0 idx=8441/693 alpha=0/0)
[15:20:48] [info] phase timing block 0: drawcalls=19823 dc_total_ms=2509 flip_inner_total_ms=611 inter_flip_total_ms=8844 (per-flip avg x10: dc_ms=250 fi_ms=61 if_ms=884 derived audio+engine_ms=573; per-drawcall avg us_x10=1265) [direct-vesa: presents=100 total_ms=410 avg_ms_x10=41 failed=0] [ablation: NO_DC_TIMING=0 CACHE_WINSURF=0 DIRECT_VESA=1]
[15:20:48] [info] kbd/audio block 0: kbd_irq=0 kbd_drain=0 ring_chunks=16 pump_pass=3911 pic1_mask=0xb8 first_irq_ticks=0 install_ticks=0 vector_at_install=0x0083a5f8 pic1_mask_live=0xb8 kbd_8042_stat=0x34 bios_kbd_head=0x0026 bios_kbd_tail=0x0026 bios_kbd_buf0=0x3920
[15:20:48] [info] dirty-rect block @flip=1400: total_calls=0 dirty_rects_avg=1 dirty_pct_x10=1000 forced_full=0 first_n_force=0 threshold_exceeded=0 dirty_path_taken=0 full_flush_taken=0
[15:20:48] [info] prev-frame-diff block @flip=1400: diff_calls=0 diff_rects_avg=0 diff_dirty_pct_x10=0 bbox_pct_x10=0 bbox_thresh_exceeded=0
[15:20:48] [info] tas: stall frame 164 ms -> contributing 1 tick (patch 0286)
[15:20:49] [info] backdrop cache: thrashing-detect engaged (streak=4, route=direct)
[15:20:49] [info] flip-probe: flip #1410 ok=true present=-1ms inter_flip_ms=53 drawcalls-since-flip=45 drawcalls-total=102752 fail-total=0 null-skips-total=0
[15:20:50] [info] flip-probe: flip #1420 ok=true present=-1ms inter_flip_ms=55 drawcalls-since-flip=42 drawcalls-total=103199 fail-total=0 null-skips-total=0
[15:20:50] [info] flip-probe: flip #1430 ok=true present=-1ms inter_flip_ms=57 drawcalls-since-flip=43 drawcalls-total=103627 fail-total=0 null-skips-total=0
[15:20:51] [info] flip-probe: flip #1440 ok=true present=0ms inter_flip_ms=50 drawcalls-since-flip=44 drawcalls-total=104069 fail-total=0 null-skips-total=0
[15:20:51] [info] flip-probe: flip #1450 ok=true present=7ms inter_flip_ms=55 drawcalls-since-flip=46 drawcalls-total=104505 fail-total=0 null-skips-total=0
[15:20:52] [info] flip-probe: flip #1460 ok=true present=-1ms inter_flip_ms=55 drawcalls-since-flip=44 drawcalls-total=104957 fail-total=0 null-skips-total=0
[15:20:52] [info] backdrop cache: thrashing-detect engaged (streak=64, route=direct)
[15:20:53] [info] flip-probe: flip #1470 ok=true present=0ms inter_flip_ms=113 drawcalls-since-flip=44 drawcalls-total=105400 fail-total=0 null-skips-total=0
[15:20:53] [info] flip-probe: flip #1480 ok=true present=-1ms inter_flip_ms=55 drawcalls-since-flip=43 drawcalls-total=105837 fail-total=0 null-skips-total=0
[15:20:54] [info] flip-probe: flip #1490 ok=true present=55ms inter_flip_ms=59 drawcalls-since-flip=43 drawcalls-total=106267 fail-total=0 null-skips-total=0
[15:20:54] [info] run_tick_fixed #4200: heartbeat (loop alive)
[15:20:54] [info] flip-probe: flip #1500 ok=true present=-1ms inter_flip_ms=53 drawcalls-since-flip=44 drawcalls-total=106703 fail-total=0 null-skips-total=0
[15:20:54] [info] alpha audit block 0: 3337 total drawcalls, 0 with alpha<255 (block pct_x10=0; global 0/94965 pct_x10=0); alpha-mod skipped: block=0 global=0
[15:20:54] [info] fastpath audit block 0: taken=3337 (idx8=3337) skipped=0 pct_x10=1000; global taken=94965 (idx8=94965) skipped=0 pct_x10=1000
[15:20:54] [info] primitive tally block 0: clear=200(hr=200) fill=0(hr=0) rect=0(hr=0) line=0(hr=0) tint=0 spotlight=0 (over 100 flips ending at flip 1500)
[15:20:54] [info] color/alpha audit block 0: cmod_white=1300 cmod_black=1300 (idx=1300) cmod_general=0 (idx=0) cmod_fb=0; alpha_taken=0 alpha_skipped=0 (global cmod=11283/9741/693/0 idx=9741/693 alpha=0/0)
[15:20:54] [info] phase timing block 0: drawcalls=6138 dc_total_ms=1193 flip_inner_total_ms=615 inter_flip_total_ms=5930 (per-flip avg x10: dc_ms=119 fi_ms=61 if_ms=593 derived audio+engine_ms=413; per-drawcall avg us_x10=1945) [direct-vesa: presents=100 total_ms=154 avg_ms_x10=15 failed=0] [ablation: NO_DC_TIMING=0 CACHE_WINSURF=0 DIRECT_VESA=1]
[15:20:54] [info] kbd/audio block 0: kbd_irq=0 kbd_drain=0 ring_chunks=16 pump_pass=4205 pic1_mask=0xb8 first_irq_ticks=0 install_ticks=0 vector_at_install=0x0083a5f8 pic1_mask_live=0xb8 kbd_8042_stat=0x34 bios_kbd_head=0x0026 bios_kbd_tail=0x0026 bios_kbd_buf0=0x3920
[15:20:54] [info] dirty-rect block @flip=1500: total_calls=0 dirty_rects_avg=1 dirty_pct_x10=1000 forced_full=0 first_n_force=0 threshold_exceeded=0 dirty_path_taken=0 full_flush_taken=0
[15:20:54] [info] prev-frame-diff block @flip=1500: diff_calls=0 diff_rects_avg=0 diff_dirty_pct_x10=0 bbox_pct_x10=0 bbox_thresh_exceeded=0
[15:20:54] [info] tas: stall frame 333 ms -> contributing 1 tick (patch 0286)
[15:20:55] [info] flip-probe: flip #1510 ok=true present=-1ms inter_flip_ms=55 drawcalls-since-flip=45 drawcalls-total=107148 fail-total=0 null-skips-total=0
[15:20:56] [info] flip-probe: flip #1520 ok=true present=0ms inter_flip_ms=61 drawcalls-since-flip=16 drawcalls-total=107459 fail-total=0 null-skips-total=0
[15:20:56] [info] backdrop cache: thrashing-detect engaged (streak=124, route=direct)
[15:20:56] [info] flip-probe: flip #1530 ok=true present=-1ms inter_flip_ms=56 drawcalls-since-flip=15 drawcalls-total=107610 fail-total=0 null-skips-total=0
[15:20:57] [info] flip-probe: flip #1540 ok=true present=-1ms inter_flip_ms=58 drawcalls-since-flip=4 drawcalls-total=109512 fail-total=0 null-skips-total=0
[15:20:57] [info]  >> Entering stage 14: 'Shack'.
[15:20:57] [info] [skip-sheet-flush] cave=10
[15:20:58] [info] [load-stage] preloading entry music song=8 (cave=10)
[15:20:58] [info] gus backend: on_song_stop (all voices stopped).
[15:20:58] [info] MidiScheduler::load: parsed 'data/orgmid2/vivi.mid' = 11188 events at 48 PPQ
[15:20:59] [info] gus .pat 'acpiano': 5 sample(s) -> 5 resident (multisample).
[15:20:59] [info] gus .pat 'epiano1': 1 sample(s) -> 1 resident (multisample).
[15:20:59] [info] gus .pat 'acbass': 1 sample(s) -> 1 resident (multisample).
[15:21:00] [info] gus .pat 'altosax': 3 sample(s) -> 3 resident (multisample).
[15:21:00] [info] gus .pat 'flute': 3 sample(s) -> 3 resident (multisample).
[15:21:01] [info] gus .pat 'sqrwave': 1 sample(s) -> 1 resident (multisample).
[15:21:01] [info] gus .pat 'calliope': 1 sample(s) -> 1 resident (multisample).
[15:21:02] [info] gus .pat 'warmpad': 1 sample(s) -> 1 resident (multisample).
[15:21:02] [info] gus .pat 'kick1': 1 sample(s) -> 1 resident (drum/single).
[15:21:02] [info] gus .pat 'snare1': 1 sample(s) -> 1 resident (drum/single).
[15:21:02] [info] gus .pat 'hihatcl': 1 sample(s) -> 1 resident (drum/single).
[15:21:03] [info] gus .pat 'tommid2': 1 sample(s) -> 1 resident (drum/single).
[15:21:03] [warn] gus backend: 'hihatop.pat' DRAM upload failed (full?); instrument silent. dram_size=1048576 bytes.
[15:21:03] [info] gus backend: on_song_start -- uploaded 12 instruments (1 missing/silent) into 1019 KB DRAM for this song; 20 subsamples resident, 0 instrument(s) K-capped/DRAM-truncated (multisample on).
[15:21:03] [info] gameloop: entered (curmap=14, running=1)
[15:21:03] [info] gameloop: iter 1 ticks=148843 mapno=-1
[15:21:03] [info] gameloop: iter 2 ticks=148895 mapno=-1
[15:21:03] [info] gameloop: iter 3 ticks=149006 mapno=-1
[15:21:03] [info] flip-probe: flip #1550 ok=true present=-1ms inter_flip_ms=60 drawcalls-since-flip=25 drawcalls-total=111717 fail-total=0 null-skips-total=0
[15:21:04] [info] flip-probe: flip #1560 ok=true present=-1ms inter_flip_ms=48 drawcalls-since-flip=24 drawcalls-total=111935 fail-total=0 null-skips-total=0
[15:21:04] [info] flip-probe: flip #1570 ok=true present=-1ms inter_flip_ms=60 drawcalls-since-flip=24 drawcalls-total=112175 fail-total=0 null-skips-total=0
[15:21:05] [info] flip-probe: flip #1580 ok=true present=-1ms inter_flip_ms=55 drawcalls-since-flip=27 drawcalls-total=112430 fail-total=0 null-skips-total=0
[15:21:05] [info] flip-probe: flip #1590 ok=true present=-1ms inter_flip_ms=-2 drawcalls-since-flip=25 drawcalls-total=112698 fail-total=0 null-skips-total=0
[15:21:06] [info] flip-probe: flip #1600 ok=true present=0ms inter_flip_ms=51 drawcalls-since-flip=24 drawcalls-total=112940 fail-total=0 null-skips-total=0
[15:21:06] [info] alpha audit block 0: 5706 total drawcalls, 0 with alpha<255 (block pct_x10=0; global 0/100671 pct_x10=0); alpha-mod skipped: block=0 global=0
[15:21:06] [info] fastpath audit block 0: taken=5706 (idx8=5706) skipped=0 pct_x10=1000; global taken=100671 (idx8=100671) skipped=0 pct_x10=1000
[15:21:06] [info] primitive tally block 0: clear=202(hr=202) fill=0(hr=0) rect=0(hr=0) line=0(hr=0) tint=0 spotlight=0 (over 100 flips ending at flip 1600)
[15:21:06] [info] color/alpha audit block 0: cmod_white=490 cmod_black=490 (idx=490) cmod_general=0 (idx=0) cmod_fb=0; alpha_taken=0 alpha_skipped=0 (global cmod=11773/10231/693/0 idx=10231/693 alpha=0/0)
[15:21:06] [info] phase timing block 0: drawcalls=6888 dc_total_ms=1224 flip_inner_total_ms=445 inter_flip_total_ms=11315 (per-flip avg x10: dc_ms=122 fi_ms=44 if_ms=1131 derived audio+engine_ms=965; per-drawcall avg us_x10=1777) [direct-vesa: presents=100 total_ms=310 avg_ms_x10=31 failed=0] [ablation: NO_DC_TIMING=0 CACHE_WINSURF=0 DIRECT_VESA=1]
[15:21:06] [info] kbd/audio block 0: kbd_irq=0 kbd_drain=0 ring_chunks=16 pump_pass=4465 pic1_mask=0xb8 first_irq_ticks=0 install_ticks=0 vector_at_install=0x0083a5f8 pic1_mask_live=0xb8 kbd_8042_stat=0x34 bios_kbd_head=0x0026 bios_kbd_tail=0x0026 bios_kbd_buf0=0x3920
[15:21:06] [info] dirty-rect block @flip=1600: total_calls=0 dirty_rects_avg=1 dirty_pct_x10=1000 forced_full=0 first_n_force=0 threshold_exceeded=0 dirty_path_taken=0 full_flush_taken=0
[15:21:06] [info] prev-frame-diff block @flip=1600: diff_calls=0 diff_rects_avg=0 diff_dirty_pct_x10=0 bbox_pct_x10=0 bbox_thresh_exceeded=0
[15:21:06] [info] flip-probe: flip #1610 ok=true present=0ms inter_flip_ms=60 drawcalls-since-flip=24 drawcalls-total=113180 fail-total=0 null-skips-total=0
[15:21:06] [info] run_tick_fixed #4500: heartbeat (loop alive)
[15:21:06] [info] flip-probe: flip #1620 ok=true present=-1ms inter_flip_ms=53 drawcalls-since-flip=24 drawcalls-total=113420 fail-total=0 null-skips-total=0
[15:21:07] [info] flip-probe: flip #1630 ok=true present=-1ms inter_flip_ms=52 drawcalls-since-flip=24 drawcalls-total=113660 fail-total=0 null-skips-total=0
[15:21:07] [info] flip-probe: flip #1640 ok=true present=-1ms inter_flip_ms=5 drawcalls-since-flip=24 drawcalls-total=113900 fail-total=0 null-skips-total=0
[15:21:08] [info] flip-probe: flip #1650 ok=true present=-1ms inter_flip_ms=60 drawcalls-since-flip=24 drawcalls-total=114140 fail-total=0 null-skips-total=0
[15:21:08] [info] flip-probe: flip #1660 ok=true present=-1ms inter_flip_ms=51 drawcalls-since-flip=365 drawcalls-total=116512 fail-total=0 null-skips-total=0
[15:21:08] [info]  >> Entering stage 11: 'Mimiga Village'.
[15:21:08] [info] [skip-sheet-flush] cave=11
[15:21:09] [info] [load-stage] preloading entry music song=9 (cave=11)
[15:21:09] [info] gus backend: on_song_stop (all voices stopped).
[15:21:09] [info] MidiScheduler::load: parsed 'data/orgmid2/mura.mid' = 7123 events at 48 PPQ
[15:21:10] [info] gus .pat 'acpiano': 5 sample(s) -> 5 resident (multisample).
[15:21:11] [info] gus .pat 'epiano1': 1 sample(s) -> 1 resident (multisample).
[15:21:11] [info] gus .pat 'acbass': 1 sample(s) -> 1 resident (multisample).
[15:21:11] [info] gus .pat 'altosax': 3 sample(s) -> 3 resident (multisample).
[15:21:12] [info] gus .pat 'flute': 3 sample(s) -> 3 resident (multisample).
[15:21:12] [info] gus .pat 'sqrwave': 1 sample(s) -> 1 resident (multisample).
[15:21:12] [info] gus .pat 'calliope': 1 sample(s) -> 1 resident (multisample).
[15:21:13] [info] gus .pat 'warmpad': 1 sample(s) -> 1 resident (multisample).
[15:21:13] [info] gus .pat 'kick1': 1 sample(s) -> 1 resident (drum/single).
[15:21:13] [info] gus .pat 'snare1': 1 sample(s) -> 1 resident (drum/single).
[15:21:14] [info] gus .pat 'hihatcl': 1 sample(s) -> 1 resident (drum/single).
[15:21:14] [info] gus .pat 'tommid2': 1 sample(s) -> 1 resident (drum/single).
[15:21:14] [warn] gus backend: 'hihatop.pat' DRAM upload failed (full?); instrument silent. dram_size=1048576 bytes.
[15:21:14] [info] gus backend: on_song_start -- uploaded 12 instruments (1 missing/silent) into 1019 KB DRAM for this song; 20 subsamples resident, 0 instrument(s) K-capped/DRAM-truncated (multisample on).
[15:21:14] [info] gameloop: entered (curmap=11, running=1)
[15:21:14] [info] gameloop: iter 1 ticks=160210 mapno=-1
[15:21:14] [info] gameloop: iter 2 ticks=160326 mapno=-1
[15:21:14] [info] gameloop: iter 3 ticks=160431 mapno=-1
[15:21:15] [info] tas: stall frame 161 ms -> contributing 1 tick (patch 0286)
[15:21:15] [info] backdrop cache: thrashing-detect engaged (streak=4, route=direct)
[15:21:15] [info] flip-probe: flip #1670 ok=true present=-1ms inter_flip_ms=51 drawcalls-since-flip=30 drawcalls-total=118831 fail-total=0 null-skips-total=0
[15:21:16] [info] flip-probe: flip #1680 ok=true present=0ms inter_flip_ms=52 drawcalls-since-flip=43 drawcalls-total=119247 fail-total=0 null-skips-total=0
[15:21:16] [info] flip-probe: flip #1690 ok=true present=-1ms inter_flip_ms=53 drawcalls-since-flip=44 drawcalls-total=119686 fail-total=0 null-skips-total=0
[15:21:17] [info] flip-probe: flip #1700 ok=true present=-1ms inter_flip_ms=113 drawcalls-since-flip=47 drawcalls-total=120155 fail-total=0 null-skips-total=0
[15:21:17] [info] alpha audit block 0: 6364 total drawcalls, 0 with alpha<255 (block pct_x10=0; global 0/107035 pct_x10=0); alpha-mod skipped: block=0 global=0
[15:21:17] [info] fastpath audit block 0: taken=6364 (idx8=6364) skipped=0 pct_x10=1000; global taken=107035 (idx8=107035) skipped=0 pct_x10=1000
[15:21:17] [info] primitive tally block 0: clear=201(hr=201) fill=0(hr=0) rect=0(hr=0) line=0(hr=0) tint=0 spotlight=0 (over 100 flips ending at flip 1700)
[15:21:17] [info] color/alpha audit block 0: cmod_white=812 cmod_black=812 (idx=812) cmod_general=0 (idx=0) cmod_fb=0; alpha_taken=0 alpha_skipped=0 (global cmod=12585/11043/693/0 idx=11043/693 alpha=0/0)
[15:21:17] [info] phase timing block 0: drawcalls=8197 dc_total_ms=1660 flip_inner_total_ms=266 inter_flip_total_ms=11261 (per-flip avg x10: dc_ms=166 fi_ms=26 if_ms=1126 derived audio+engine_ms=934; per-drawcall avg us_x10=2025) [direct-vesa: presents=100 total_ms=151 avg_ms_x10=15 failed=0] [ablation: NO_DC_TIMING=0 CACHE_WINSURF=0 DIRECT_VESA=1]
[15:21:17] [info] kbd/audio block 0: kbd_irq=0 kbd_drain=0 ring_chunks=16 pump_pass=4732 pic1_mask=0xb8 first_irq_ticks=0 install_ticks=0 vector_at_install=0x0083a5f8 pic1_mask_live=0xb8 kbd_8042_stat=0x34 bios_kbd_head=0x0026 bios_kbd_tail=0x0026 bios_kbd_buf0=0x3920
[15:21:17] [info] dirty-rect block @flip=1700: total_calls=0 dirty_rects_avg=1 dirty_pct_x10=1000 forced_full=0 first_n_force=0 threshold_exceeded=0 dirty_path_taken=0 full_flush_taken=0
[15:21:17] [info] prev-frame-diff block @flip=1700: diff_calls=0 diff_rects_avg=0 diff_dirty_pct_x10=0 bbox_pct_x10=0 bbox_thresh_exceeded=0
[15:21:17] [info] tas: stall frame 157 ms -> contributing 1 tick (patch 0286)
[15:21:17] [info] flip-probe: flip #1710 ok=true present=0ms inter_flip_ms=54 drawcalls-since-flip=43 drawcalls-total=120594 fail-total=0 null-skips-total=0
[15:21:18] [info] flip-probe: flip #1720 ok=true present=55ms inter_flip_ms=55 drawcalls-since-flip=46 drawcalls-total=121031 fail-total=0 null-skips-total=0
[15:21:19] [info] flip-probe: flip #1730 ok=true present=-1ms inter_flip_ms=55 drawcalls-since-flip=45 drawcalls-total=121486 fail-total=0 null-skips-total=0
[15:21:19] [info] backdrop cache: thrashing-detect engaged (streak=4, route=direct)
[15:21:19] [info] flip-probe: flip #1740 ok=true present=7ms inter_flip_ms=53 drawcalls-since-flip=45 drawcalls-total=121936 fail-total=0 null-skips-total=0
[15:21:20] [info] flip-probe: flip #1750 ok=true present=0ms inter_flip_ms=56 drawcalls-since-flip=46 drawcalls-total=122397 fail-total=0 null-skips-total=0
[15:21:20] [info] flip-probe: flip #1760 ok=true present=-1ms inter_flip_ms=52 drawcalls-since-flip=44 drawcalls-total=122847 fail-total=0 null-skips-total=0
[15:21:21] [info] flip-probe: flip #1770 ok=true present=-1ms inter_flip_ms=55 drawcalls-since-flip=45 drawcalls-total=123290 fail-total=0 null-skips-total=0
[15:21:21] [info] flip-probe: flip #1780 ok=true present=55ms inter_flip_ms=51 drawcalls-since-flip=46 drawcalls-total=123746 fail-total=0 null-skips-total=0
[15:21:22] [info] flip-probe: flip #1790 ok=true present=-1ms inter_flip_ms=52 drawcalls-since-flip=20 drawcalls-total=123979 fail-total=0 null-skips-total=0
[15:21:22] [info] backdrop cache: thrashing-detect engaged (streak=64, route=direct)
[15:21:23] [info] flip-probe: flip #1800 ok=true present=0ms inter_flip_ms=54 drawcalls-since-flip=19 drawcalls-total=124172 fail-total=0 null-skips-total=0
[15:21:23] [info] alpha audit block 0: 2864 total drawcalls, 0 with alpha<255 (block pct_x10=0; global 0/109899 pct_x10=0); alpha-mod skipped: block=0 global=0
[15:21:23] [info] fastpath audit block 0: taken=2864 (idx8=2864) skipped=0 pct_x10=1000; global taken=109899 (idx8=109899) skipped=0 pct_x10=1000
[15:21:23] [info] primitive tally block 0: clear=200(hr=200) fill=0(hr=0) rect=0(hr=0) line=0(hr=0) tint=0 spotlight=0 (over 100 flips ending at flip 1800)
[15:21:23] [info] color/alpha audit block 0: cmod_white=1053 cmod_black=1053 (idx=1053) cmod_general=0 (idx=0) cmod_fb=0; alpha_taken=0 alpha_skipped=0 (global cmod=13638/12096/693/0 idx=12096/693 alpha=0/0)
[15:21:23] [info] phase timing block 0: drawcalls=5174 dc_total_ms=922 flip_inner_total_ms=265 inter_flip_total_ms=5715 (per-flip avg x10: dc_ms=92 fi_ms=26 if_ms=571 derived audio+engine_ms=453; per-drawcall avg us_x10=1782) [direct-vesa: presents=100 total_ms=120 avg_ms_x10=12 failed=0] [ablation: NO_DC_TIMING=0 CACHE_WINSURF=0 DIRECT_VESA=1]
[15:21:23] [info] kbd/audio block 0: kbd_irq=0 kbd_drain=0 ring_chunks=16 pump_pass=5014 pic1_mask=0xb8 first_irq_ticks=0 install_ticks=0 vector_at_install=0x0083a5f8 pic1_mask_live=0xb8 kbd_8042_stat=0x34 bios_kbd_head=0x0026 bios_kbd_tail=0x0026 bios_kbd_buf0=0x3920
[15:21:23] [info] dirty-rect block @flip=1800: total_calls=0 dirty_rects_avg=1 dirty_pct_x10=1000 forced_full=0 first_n_force=0 threshold_exceeded=0 dirty_path_taken=0 full_flush_taken=0
[15:21:23] [info] prev-frame-diff block @flip=1800: diff_calls=0 diff_rects_avg=0 diff_dirty_pct_x10=0 bbox_pct_x10=0 bbox_thresh_exceeded=0
[15:21:23] [info] flip-probe: flip #1810 ok=true present=-1ms inter_flip_ms=62 drawcalls-since-flip=19 drawcalls-total=124362 fail-total=0 null-skips-total=0
[15:21:24] [info] flip-probe: flip #1820 ok=true present=-1ms inter_flip_ms=54 drawcalls-since-flip=19 drawcalls-total=124552 fail-total=0 null-skips-total=0
[15:21:24] [info] flip-probe: flip #1830 ok=true present=54ms inter_flip_ms=-1 drawcalls-since-flip=19 drawcalls-total=124742 fail-total=0 null-skips-total=0
[15:21:25] [info] flip-probe: flip #1840 ok=true present=0ms inter_flip_ms=53 drawcalls-since-flip=60 drawcalls-total=125219 fail-total=0 null-skips-total=0
[15:21:25] [info] flip-probe: flip #1850 ok=true present=-1ms inter_flip_ms=54 drawcalls-since-flip=60 drawcalls-total=125819 fail-total=0 null-skips-total=0
[15:21:25] [info] backdrop cache: thrashing-detect engaged (streak=124, route=direct)
[15:21:26] [info] flip-probe: flip #1860 ok=true present=-1ms inter_flip_ms=61 drawcalls-since-flip=60 drawcalls-total=126419 fail-total=0 null-skips-total=0
[15:21:26] [info] tas: end-of-replay auto-exit at tick 5140 (recording exhausted; set DOSKUTSU_TAS_REPLAY_HOLD=1 to disable + observe steady-state past recording end)
[15:21:26] [info] Script engine shutdown.
[15:21:26] [info] gus backend: on_song_stop (all voices stopped).
[15:21:26] [info] gus backend shutdown (all voices stopped; GF1 in reset).
[15:21:26] [info] Organya init...
[15:21:28] [info] Organya init done
[15:21:28] [info] Sound system shutdown
[15:21:28] [info] Renderer::Close()
[15:21:28] [info] tas: replay file closed
[15:21:28] [info] [fps-true] flips=1867 render_s=168 fps_mean=11.1 (clock-independent: flips / seconds since the FIRST flip; use THIS for the fps matrix, not inter_flip medians, which are invalid in any cell running the PIT/IRQ-0 music pump)
[RUNMANIFEST-BEGIN]
schema_version=1
environment=realhw
binary_sha12=f8d446b4b0e0
wave_tag=522
scene=
env_block_sha=40ea3f7e6dd1
started_utc=2026-11-19T08:22:40Z
duration_s=184
exit_code=0
fps_p50=NA
fps_p95=NA
audio_vital_status=NA
regime=NA
banner_required_hit=0
banner_required_total=0
banner_forbidden_hit=0
banner_optional_hit=0
critical_count=0
warn_count=0
[RUNMANIFEST-END]
[15:21:28] [info] [runmanifest-emit] schema=v1 env=realhw sha12=f8d446b4b0e0 dur=184s tag='522' scene='' env_sha=40ea3f7e6dd1 (signals=0x4)
