Logger::init: wave-53 log level=INFO path='LOGS/523A.LOG'
[15:21:44] [info] config: loaded DOSKUTSU.CFG (4 keys)
[15:21:44] [info] tas: PRNG seed forced to 12345 via DOSKUTSU_TAS_PRNG_SEED
[15:21:44] [info] tas: auto-exit armed at tick 30000 via DOSKUTSU_TAS_AUTO_EXIT_TICK
[15:21:44] [info] tas: replay opened path='QA.TAS' header_seed=12345
[15:21:44] [info] AUDIO_BACKEND=gus -- bridged ULTRASND='240,3,3,7,7' ULTRADIR='C:\ULTRASND' from env into the GUS SDL hints (SDL reads hints, not env).
[15:21:44] [info] AUDIO_BACKEND=gus -- bridged 2 GUS_* diag/probe hint(s) from DOS env into the SDL hint table (DOSBox-X env-read workaround).
[15:21:44] [info] AUDIO_BACKEND=gus -- omitting SDL_INIT_AUDIO (no Sound Blaster on a Gravis Ultrasound config; the GF1 is driven out-of-band via the SDL/0112 exports + the PIT/IRQ-0 music pump). SoundManager::init() STILL RUNS (unlike AUDIO_OFF) to bring up the GF1 backend. MUSIC ONLY this phase (#27) -- GF1 SFX = #28.
[15:21:45] [info] data cache: DISABLED (default)
[15:21:45] [info] Joystick: skipped (default; set DOSKUTSU_USE_JOYSTICK=1 to enable -- skips SDL3-DOS gameport BIOS INT 15h polling, ~82 ms / flip on real HW)
[15:21:45] [info] Loading settings...
[15:21:45] [info] [input-bind] applied=0 invert_y=0 dos_axes=1
[15:21:45] [info] Renderer::initVideo: 8bpp mode requested via SDL_HINT_DOS_MAX_BPP=8 (wave 16); SDL3-DOS will pick the highest-bpp <= 8 mode at requested resolution
[15:21:45] [info] Renderer::initVideo: DOS resolution-label lock ENABLED (default)
[15:21:45] [info] Renderer::initVideo: using: software renderer
[15:21:48] [info] Renderer::initVideo: dirty-rect tracking ENABLED (wave 15, default ON; set SDL_HINT_DOSKUTSU_DIRTY_RECTS=0 to disable)
[15:21:48] [info] Renderer::initVideo: ablation flags: NO_DC_TIMING=0 CACHE_WINSURF=0 NO_INPUT_POLL=0 DIRECT_VESA=1
[15:21:48] [info] Renderer::initVideo: direct-VESA hot path ENABLED (default since wave 20 patch 0088; bypasses SDL_RenderPresent / SDL_UpdateWindowSurface and writes via SDL/0034's PresentFull helper; R2 mitigation handled by SDL/0034 generation counter -- no per-N-flip heartbeat needed; set SDL_HINT_DOSKUTSU_DIRECT_VESA=0 to revert)
[15:21:48] [info] Renderer::initVideo: flip-phase instrumentation DISABLED (default; set SDL_HINT_DOSKUTSU_FLIP_INSTR=1 to opt in for wave-20 Lever A diagnostic)
[15:21:48] [info] Renderer::initVideo: asm opaque-span blit lever DISABLED (default; set SDL_HINT_DOSKUTSU_ASM_BLIT=1 to opt in -- wave-51 _blit_indexed colorkey-blit lever)
[15:21:48] [info] Renderer::initVideo: blit-decomp instrumentation DISABLED (default; set SDL_HINT_DOSKUTSU_BLIT_DECOMP=1 to opt in -- wave-51 _blit_indexed sub-decomp sizing)
[15:21:48] [info] Renderer::initVideo: mds-scroll-decomp instrumentation DISABLED (default; set SDL_HINT_DOSKUTSU_MDS_DECOMP=1 to opt in -- wave-52 mode_draw_scene scrolling-block decomp)
[15:21:48] [info] Renderer::initVideo: DOSVESA pump yield: skipped (default) (per-flip explicit SDL_Delay(0) yield is always on; set SDL_HINT_DOSKUTSU_FORCE_PUMP_YIELD=1 to restore old per-pump yield)
[15:21:48] [info] Renderer::initVideo: indexed-mode (8bpp) ENABLED -- master palette + 107 per-asset remap LUTs loaded (wave 16, default ON; set SDL_HINT_DOSKUTSU_PIXEL_FORMAT_8=0 to disable)
[15:21:48] [info] Renderer::initVideo: master palette attached to window surface (format=SDL_PIXELFORMAT_INDEX8, ncolors=256)
[15:21:49] [info] Renderer::initVideo: indexed-mode smoke: idx0=(0,0,0) OK idx255=(255,0,255) OK
[15:21:49] [info] Renderer::initVideo: indexed-mode smoke: paletteRemapFor('MyChar.pbm') = present
[15:21:49] [info] Surface::loadImage palmap-diag #1: 'data/Loading.pbm' fmt=SDL_PIXELFORMAT_ABGR8888 remap=HIT -> path=truecolor
[15:21:49] [info] Renderer: prev-frame diff DISABLED (default since wave 17.6; set SDL_HINT_DOSKUTSU_PREVFRAME_DIFF=1 to opt in)
[15:21:49] [info] flip-probe: renderer=software window_ptr=8695544 colorspace=301991328 window_size=320x240 framebuffer_pixels=320x240 logical_present=320x240 mode=2
[15:21:49] [info] flip-probe: first flip ok=true present=55ms inter_flip_ms=0 drawcalls-since-flip=1 drawcalls-total=1
[15:21:49] [info] Sound system init
[15:21:49] [info] Sound system: GUS (GF1) path -- AUDIO_BACKEND=gus. Skipping SB16 + SDL_mixer bring-up (no SDL_INIT_AUDIO); music via native GF1 wavetable on the PIT/IRQ-0 pump. MUSIC ONLY this phase (#27) -- GF1 SFX = #28. See docs/internal/GUS-NATIVE-DESIGN.md.
[15:21:50] [info] Sound system: 4-state audio enable (#31) -- music=on sfx=on (MUSIC_OFF/AUDIO_BACKEND=none -> music-off; SFX_OFF/SFX_DEVICE=none -> sfx-off; both gates are dispatch-level, the device still opens; AUDIO_OFF=1 is the device-level both-off).
[15:21:50] [info] Sound system: Tier-2 audio config (default since wave 21 patch 0093; 11025 Hz, 1 channel, buffer pinned to 256 frames). Measured savings on g2k Pentium OverDrive 83 MHz (W21A): heavy-music scenes ~+11 fps vs Tier-1 baseline (measured -10 to -15 ms/flip post-0094 audio fix; W21A's pre-fix -26.6 ms figure was inflated by stereo-vs-mono playback bug, see patch 0094). Audio quality is reduced vs Tier-1 (mono, 11025 Hz, simple-average L+R downmix) but recognizable; user accepted the trade per direction 2026-05-05. Set SDL_HINT_DOSKUTSU_AUDIO_TIER2=0 to revert to Tier-1 22050 stereo (full Cave Story 2004 audio quality; trades fps for fidelity).
[15:21:50] [info] Sound system: SDL_HINT_AUDIO_DEVICE_SAMPLE_FRAMES=256
[15:21:50] [info] Pixtone IRQ rate-divider: handed master_rate=11025 int16/s (SAMPLE_RATE=11025 x AUDIO_CHANNELS=1) to SDL for auto-RATEDIV (SDL/0074 computes shift_div from the resolved device freq).
[15:21:50] [info] Sound system: device frame-rate: requesting 11025 Hz match to master (SDL_DOSAudioSetDeviceFrameRate; SB16 opens at the engine frame rate instead of SDL's 44100 floor -- 4x less PCM/s + no resampler on the Organya/Pixtone path; killswitch SDL_HINT_DOSKUTSU_DOS_AUDIO_DEVICE_RATE_DEFAULT=0).
[15:21:50] [info] audio backend: gus (Campaign 3 -- native Gravis Ultrasound GF1 wavetable music; GM instruments render on GF1 hardware voices from .pat samples uploaded to card DRAM; music clock = PIT/IRQ-0 pump, NOT SB IRQ-5). MUSIC ONLY this phase. SoundManager::init brings up the GF1 via SDL_DOSGusInit; if absent, music is silent (the game still runs). Reads GM .pat from ULTRADIR (Gravis stock set). See docs/internal/GUS-NATIVE-DESIGN.md.
[15:21:50] [info] Sound system: GUS (GF1) path -- no SB16 mixer (music via the PIT pump; SFX disabled on this no-SB out-of-band path).
[15:21:50] [info] wave-13.6.1: ring_chunks=16 FORCE_PUMP_YIELD=off (set SDL_HINT_DOSKUTSU_AUDIO_RING_CHUNKS=4|8|16 to override; default 16 matches wave 13.6 behaviour)
[15:21:50] [info] MidiScheduler: MIDI source = 'orgmid2' (native-GM org2mid set; resolves to data/orgmid2/<name>.mid).
[15:21:50] [info] gus backend: bringing up the GF1 (SDL_DOSGusInit -- parses ULTRASND, GF1 reset, DRAM sizing, voice/rate program, IRQ hook)...
[15:21:50] [info] gus backend ready: GF1 detected, 14 voices @ 44100 Hz, 1024 KB DRAM. Clock = PIT/IRQ-0 pump (SDL/0110), NOT SB IRQ-5. GM instruments load lazily per song from ULTRADIR .pat (Gravis stock set). MUSIC ONLY this phase (#27); GF1 SFX = #28.
[15:21:50] [info] gus backend: release-ramp ENABLED (default) -- software note-off volume fade over 12 ticks (GUS_RELEASE; the GF1 has no hardware ramp).
[15:21:50] [info] gus backend: multisample ENABLED (default) -- per-note .pat sample selection (up to 8 resident/instrument; GUS_MULTISAMPLE; =0 = single nearest-middle-C sample, patch 0245 behavior).
[15:21:50] [info] Sound system: MidiScheduler armed with MidiBackendGus (Campaign 3 GUS -- native GF1 wavetable, GM .pat instruments in card DRAM). Music dispatch routes via SMF parser + GF1 voice allocator; the clock is the PIT/IRQ-0 pump (SDL/0110), NOT the SB IRQ-5. MUSIC ONLY this phase -- no Pixtone SFX yet (GF1 SFX = #28).
[15:21:50] [info] Sound system: idle-pause skipped (backend=gus does not qualify; only opl3 supports idle-pause per patch 0115; default OFF since patch 0119 regardless of backend).
[15:21:50] [warn] Music dir Ogg/ doesn't exist
[15:21:50] [warn] Music dir Ogg11/ doesn't exist
[15:21:50] [warn] Music dir Ogg17/ doesn't exist
[15:21:50] [warn] Music dir Ogg_ridic/ doesn't exist
[15:21:50] [info] gus SFX DRAM-straddle diag [nx0256]: per-slot 256KB-bank-boundary observability active (GUS_DIAG-gated; init-time, memory-only).
[15:21:50] [info] Loading Sound FX (GUS / GF1 DRAM)... SFX budget = 640 KB of 1024 KB (reserving 384 KB for the song's .pat set -- music-priority).
[15:21:50] [info] gus SFX rendersafe [nx0257]: OFF (default) (SDL_HINT_DOSKUTSU_GUS_SFX_RENDERSAFE; opt-in pre-render budget skip; per-substep load/render instrumentation rides on GUS_DIAG).
[15:21:50] [info] gus SFX voice routing [nx0259]: SFX allocate from the reserved GF1 voice slice (SDL/0114 partition); music voices protected.
[15:21:50] [info] gus SFX gain [nx0259]: 70% (SDL_HINT_DOSKUTSU_GUS_SFX_GAIN; scales the GF1 SFX voice volume to balance against velocity/CC-scaled GUS music; default 70, clamp 0..150).
[15:21:51] [info] [pxt-cache] initGusSfx(): HIT (loaded cache; render skipped)
[15:21:57] [info] gus SFX: uploaded 66 of 117 .pxt to GF1 DRAM (8-bit unsigned mono @ 22050 Hz; 0 failed; 14 skipped over the music-priority budget). Persistent SFX bank = 637 KB DRAM (the MidiBackendGus per-song .pat residency preserves it via its auto-snapshotted keep-mark at first song start; the reserve above it always fits a song's instruments).
[15:21:57] [info] pixtone IRQ-mix: DISABLED (L3 requested but SDL backend refused; likely Organya audio backend selected -- falling back to SDL3_mixer for SFX. To engage L3 set SDL_HINT_DOSKUTSU_AUDIO_BACKEND to opl3 / wb / midi-stub.)
[15:21:58] [info] Sound system: GUS path -- Pixtone SFX uploaded to GF1 voices (#28); music via MidiBackendGus on the same shared GF1 voice pool. No SDL3_mixer / Organya.
[15:21:58] [info] gus: music pump STARTED at 120 Hz (PIT ch0 / IRQ-0 drives MidiScheduler::tick_isr; BIOS 18.2 Hz tick chained; restored on exit). This is the music clock on a no-SB card.
[15:21:58] [info] menu slide-in fixed-timestep: ENABLED (default; slide advances at 50 Hz logic rate)
[15:21:58] [info] Reading npc.tbl...
[15:21:58] [info] Loading tilekey.dat.
[15:21:58] [info] Script engine init.
[15:21:58] [info] Entering main loop...
[15:21:58] [info] audio mid-gap pump: DISABLED (default)
[15:21:58] [info] TAS fixed-timestep guard: ENABLED (default) (patch 0280; load_stage wall-clock kept out of the FT accumulator so TAS replay advances at a true 50 Hz; set SDL_HINT_DOSKUTSU_TAS_FT_GUARD=0 to disable)
[15:21:58] [info] load_stage ring+DMA silence flush: ENABLED (default) (set SDL_HINT_DOSKUTSU_LOADSTAGE_SILENCE=0 to disable)
[15:21:58] [info] load-band audio-underrun probe: DISABLED (default) (opt-in SDL_HINT_DOSKUTSU_LOADBAND_STAT=1)
[15:21:58] [info]  >> Entering stage 72: 'u'.
[15:21:58] [info] skip sheet flush: ENABLED (default) (SFXPAUSE-012 SHIPPED FIX; sprite sheets stay resident across caves so no per-cave re-decode -> no fire-frame pause; map_flush_graphics tilemap cache still flushes; set SDL_HINT_DOSKUTSU_SKIP_SHEET_FLUSH=0 to restore the old per-cave flush)
[15:21:58] [info] [skip-sheet-flush] cave=1
[15:21:58] [info] eager action sheets: ENABLED (default) (first-fire hitch fix: pre-loads the weapon bullet + hit/muzzle/trail caret sheets at stage load so the first fire/impact does not lazy-decode mid-gameplay; set SDL_HINT_DOSKUTSU_EAGER_ACTION_SHEETS=0 to restore lazy load)
[15:21:58] [info] Surface::loadImage palmap-diag #2: 'data/Bullet.pbm' fmt=SDL_PIXELFORMAT_ABGR8888 remap=HIT -> path=truecolor
[15:21:59] [info] Surface::loadImage palmap-diag #3: 'data/Arms.pbm' fmt=SDL_PIXELFORMAT_ABGR8888 remap=HIT -> path=truecolor
[15:21:59] [info] Surface::loadImage palmap-diag #4: 'data/Caret.pbm' fmt=SDL_PIXELFORMAT_ABGR8888 remap=HIT -> path=truecolor
[15:22:00] [info] Surface::loadImage palmap-diag #5: 'data/Npc/NpcSym.pbm' fmt=SDL_PIXELFORMAT_ABGR8888 remap=HIT -> path=truecolor
[15:22:00] [info] [eager-action-sheets] cave=1 sheets=4 wall_ms=1368
[15:22:00] [info] Surface::loadImage palmap-diag #6: 'data/Stage/PrtWhite.pbm' fmt=SDL_PIXELFORMAT_ABGR8888 remap=HIT -> path=truecolor
[15:22:01] [info] load_stage: entry-music preload ENABLED (default) (set SDL_HINT_DOSKUTSU_PRELOAD_STAGE_MUSIC=0 to disable)
[15:22:01] [info] Surface::loadImage palmap-diag #7: 'data/bk0.pbm' fmt=SDL_PIXELFORMAT_ABGR8888 remap=HIT -> path=truecolor
[15:22:01] [info] gameloop: entered (curmap=72, running=1)
[15:22:01] [info] gameloop: iter 1 ticks=17123 mapno=-1
[15:22:01] [info] fixed-timestep: ENABLED (default; logic 50 Hz, decoupled from render)
[15:22:01] [info] map: BG skip-when-unchanged DISABLED (default) (set SDL_HINT_DOSKUTSU_BG_SKIP_WHEN_UNCHANGED=1 to enable; default OFF since wave-61 -- abandoned, it shipped a backdrop-black flicker and its +0.87 fps was below the noise floor)
[15:22:01] [info] map: skip-redundant-clear lever ENABLED (default since wave-53 promotion)
[15:22:01] [info] perf-mode: level=0 (faithful (default))
[15:22:01] [info] Surface::loadImage palmap-diag #8: 'data/Npc/NpcKings.pbm' fmt=SDL_PIXELFORMAT_ABGR8888 remap=HIT -> path=truecolor
[15:22:01] [info] audio tick-boundary pump: DISABLED (default)
[15:22:01] [info] gameloop: iter 2 ticks=17617 mapno=-1
[15:22:02] [info] gameloop: iter 3 ticks=17890 mapno=-1
[15:22:02] [info] direct-vesa: snapshot @gen=2 use_dosmemput=0 banked_multibank=0 pitches_match=1 vram_w=320 vram_h=240 vram_pitch=320 bpp=1 fb_size=76800 vram_phys=0x78000000 vram_ptr=0x77c00000
[15:22:02] [info] flip-probe: flip #10 ok=true present=0ms inter_flip_ms=54 drawcalls-since-flip=6 drawcalls-total=43 fail-total=0 null-skips-total=0
[15:22:02] [info] flip-probe: flip #20 ok=true present=0ms inter_flip_ms=53 drawcalls-since-flip=4 drawcalls-total=92 fail-total=0 null-skips-total=0
[15:22:03] [info] flip-probe: flip #30 ok=true present=-1ms inter_flip_ms=55 drawcalls-since-flip=326 drawcalls-total=2707 fail-total=0 null-skips-total=0
[15:22:04] [info] flip-probe: flip #40 ok=true present=55ms inter_flip_ms=55 drawcalls-since-flip=264 drawcalls-total=5837 fail-total=0 null-skips-total=0
[15:22:05] [info] flip-probe: flip #50 ok=true present=0ms inter_flip_ms=58 drawcalls-since-flip=67 drawcalls-total=7392 fail-total=0 null-skips-total=0
[15:22:05] [info] flip-probe: flip #60 ok=true present=0ms inter_flip_ms=52 drawcalls-since-flip=4 drawcalls-total=7502 fail-total=0 null-skips-total=0
[15:22:06] [info] flip-probe: flip #70 ok=true present=0ms inter_flip_ms=55 drawcalls-since-flip=6 drawcalls-total=7557 fail-total=0 null-skips-total=0
[15:22:06] [info] flip-probe: flip #80 ok=true present=-1ms inter_flip_ms=58 drawcalls-since-flip=0 drawcalls-total=7586 fail-total=0 null-skips-total=0
[15:22:07] [info] flip-probe: flip #90 ok=true present=-1ms inter_flip_ms=56 drawcalls-since-flip=0 drawcalls-total=7586 fail-total=0 null-skips-total=0
[15:22:07] [info] title: eager-title-IO phase tag ENABLED (default) (set SDL_HINT_DOSKUTSU_EAGER_TITLE_IO=0 to disable)
[15:22:08] [warn] MidiScheduler::_refresh_isr_buffer: track has 27749 events; ISR buffer is 16384 (truncated; events after 16384 will not dispatch under L2b ON -- the engine-thread tick() path still uses _events directly under L2b OFF)
[15:22:08] [info] MidiScheduler::load: parsed 'data/orgmid2/curly.mid' = 27749 events at 48 PPQ
[15:22:08] [info] gus backend: SFX-bank keep-mark = 652752 bytes DRAM (per-song .pat residency preserves [0,652752); music uploads above it).
[15:22:09] [info] gus .pat 'acpiano': 5 sample(s) -> 5 resident (multisample).
[15:22:09] [info] gus .pat 'epiano1': 1 sample(s) -> 1 resident (multisample).
[15:22:09] [info] gus .pat 'acbass': 1 sample(s) -> 1 resident (multisample).
[15:22:10] [info] gus .pat 'altosax': 3 sample(s) -> 3 resident (multisample).
[15:22:10] [info] gus .pat 'flute': 3 sample(s) -> 3 resident (multisample).
[15:22:11] [info] gus .pat 'sqrwave': 1 sample(s) -> 1 resident (multisample).
[15:22:11] [info] gus .pat 'calliope': 1 sample(s) -> 1 resident (multisample).
[15:22:12] [info] gus .pat 'warmpad': 1 sample(s) -> 1 resident (multisample).
[15:22:12] [info] gus .pat 'kick1': 1 sample(s) -> 1 resident (drum/single).
[15:22:12] [info] gus .pat 'snare1': 1 sample(s) -> 1 resident (drum/single).
[15:22:12] [info] gus .pat 'hihatcl': 1 sample(s) -> 1 resident (drum/single).
[15:22:13] [info] gus .pat 'hihatop': 1 sample(s) -> 1 resident (drum/single).
[15:22:13] [info] gus backend: on_song_start -- uploaded 12 instruments (0 missing/silent) into 1014 KB DRAM for this song; 20 subsamples resident, 0 instrument(s) K-capped/DRAM-truncated (multisample on).
[15:22:13] [info] gameloop: entered (curmap=1005, running=1)
[15:22:13] [info] gameloop: iter 1 ticks=29487 mapno=-1
[15:22:13] [info] map: backdrop cache ENABLED (default) (set SDL_HINT_DOSKUTSU_BACKDROP_CACHE=0 to disable)
[15:22:14] [info] gameloop: iter 2 ticks=30474 mapno=-1
[15:22:14] [info] gameloop: iter 3 ticks=30525 mapno=-1
[15:22:14] [info] backdrop cache: thrashing-detect engaged (streak=4, route=direct)
[15:22:14] [info] flip-probe: flip #100 ok=true present=7ms inter_flip_ms=-2 drawcalls-since-flip=75 drawcalls-total=7886 fail-total=0 null-skips-total=0
[15:22:14] [info] alpha audit block 0: 7798 total drawcalls, 0 with alpha<255 (block pct_x10=0; global 0/7798 pct_x10=0); alpha-mod skipped: block=0 global=0
[15:22:14] [info] fastpath audit block 0: taken=7798 (idx8=7798) skipped=0 pct_x10=1000; global taken=7798 (idx8=7798) skipped=0 pct_x10=1000
[15:22:14] [info] primitive tally block 0: clear=220(hr=220) fill=0(hr=0) rect=0(hr=0) line=0(hr=0) tint=0 spotlight=0 (over 100 flips ending at flip 100)
[15:22:14] [info] color/alpha audit block 0: cmod_white=104 cmod_black=0 (idx=0) cmod_general=84 (idx=84) cmod_fb=0; alpha_taken=0 alpha_skipped=0 (global cmod=104/0/84/0 idx=0/84 alpha=0/0)
[15:22:14] [info] phase timing block 0: drawcalls=8209 dc_total_ms=1264 flip_inner_total_ms=725 inter_flip_total_ms=24880 (per-flip avg x10: dc_ms=126 fi_ms=72 if_ms=2488 derived audio+engine_ms=2290; per-drawcall avg us_x10=1540) [direct-vesa: presents=97 total_ms=295 avg_ms_x10=30 failed=0] [ablation: NO_DC_TIMING=0 CACHE_WINSURF=0 DIRECT_VESA=1]
[15:22:14] [info] kbd/audio block 0: kbd_irq=0 kbd_drain=0 ring_chunks=16 pump_pass=99 pic1_mask=0xb8 first_irq_ticks=0 install_ticks=0 vector_at_install=0x0083a5f8 pic1_mask_live=0xb8 kbd_8042_stat=0x34 bios_kbd_head=0x0026 bios_kbd_tail=0x0026 bios_kbd_buf0=0x3920
[15:22:14] [info] audio/engine split block 0: audio_mixer_calls=0 audio_mixer_ms_x10=0 engine_tick_calls=99 engine_tick_ms_x10=928 audio_service_calls=0 audio_service_ms_x10=0 (per-flip avg; per-call us_x10: audio_mix=0 engine_tick=937570 audio_service=0; global ns: audio_mix=0 engine_tick=9281944055 audio_service=0)
[15:22:14] [info] pixtone multi-source probe: DISABLED (default)
[15:22:14] [info] dirty-rect block @flip=100: total_calls=0 dirty_rects_avg=0 dirty_pct_x10=990 forced_full=0 first_n_force=3 threshold_exceeded=2 dirty_path_taken=0 full_flush_taken=3
[15:22:14] [info] prev-frame-diff block @flip=100: diff_calls=0 diff_rects_avg=0 diff_dirty_pct_x10=0 bbox_pct_x10=0 bbox_thresh_exceeded=0
[15:22:15] [info] flip-probe: flip #110 ok=true present=0ms inter_flip_ms=56 drawcalls-since-flip=75 drawcalls-total=8636 fail-total=0 null-skips-total=0
[15:22:15] [info] flip-probe: flip #120 ok=true present=-1ms inter_flip_ms=58 drawcalls-since-flip=75 drawcalls-total=9386 fail-total=0 null-skips-total=0
[15:22:16] [info] flip-probe: flip #130 ok=true present=-1ms inter_flip_ms=51 drawcalls-since-flip=0 drawcalls-total=9986 fail-total=0 null-skips-total=0
[15:22:16] [info] Loading profile from profile.dat
[15:22:16] [error] profile_load: unable to open 'profile.dat'
[15:22:16] [info] Loading profile from profile2.dat
[15:22:16] [error] profile_load: unable to open 'profile2.dat'
[15:22:16] [info] Loading profile from profile3.dat
[15:22:16] [info] Loading profile from profile4.dat
[15:22:16] [error] profile_load: unable to open 'profile4.dat'
[15:22:16] [info] Loading profile from profile5.dat
[15:22:17] [info] flip-probe: flip #140 ok=true present=-1ms inter_flip_ms=58 drawcalls-since-flip=214 drawcalls-total=10842 fail-total=0 null-skips-total=0
[15:22:17] [info] flip-probe: flip #150 ok=true present=-1ms inter_flip_ms=57 drawcalls-since-flip=214 drawcalls-total=12982 fail-total=0 null-skips-total=0
[15:22:18] [info] Writing settings...
[15:22:18] [info] flip-probe: flip #160 ok=true present=-1ms inter_flip_ms=55 drawcalls-since-flip=0 drawcalls-total=13846 fail-total=0 null-skips-total=0
[15:22:18] [info] flip-probe: flip #170 ok=true present=0ms inter_flip_ms=52 drawcalls-since-flip=0 drawcalls-total=13846 fail-total=0 null-skips-total=0
[15:22:19] [info] gus backend: on_song_stop (all voices stopped).
[15:22:19] [info] Loading profile from profile5.dat
[15:22:19] [info]  >> Entering stage 20: 'Save Point'.
[15:22:19] [info] [skip-sheet-flush] cave=2
[15:22:20] [info] MidiScheduler::load: parsed 'data/orgmid2/mura.mid' = 7123 events at 48 PPQ
[15:22:21] [info] gus .pat 'acpiano': 5 sample(s) -> 5 resident (multisample).
[15:22:21] [info] gus .pat 'epiano1': 1 sample(s) -> 1 resident (multisample).
[15:22:22] [info] gus .pat 'acbass': 1 sample(s) -> 1 resident (multisample).
[15:22:22] [info] gus .pat 'altosax': 3 sample(s) -> 3 resident (multisample).
[15:22:22] [info] gus .pat 'flute': 3 sample(s) -> 3 resident (multisample).
[15:22:23] [info] gus .pat 'sqrwave': 1 sample(s) -> 1 resident (multisample).
[15:22:23] [info] gus .pat 'calliope': 1 sample(s) -> 1 resident (multisample).
[15:22:24] [info] gus .pat 'warmpad': 1 sample(s) -> 1 resident (multisample).
[15:22:24] [info] gus .pat 'kick1': 1 sample(s) -> 1 resident (drum/single).
[15:22:24] [info] gus .pat 'snare1': 1 sample(s) -> 1 resident (drum/single).
[15:22:24] [info] gus .pat 'hihatcl': 1 sample(s) -> 1 resident (drum/single).
[15:22:25] [info] gus .pat 'tommid2': 1 sample(s) -> 1 resident (drum/single).
[15:22:25] [warn] gus backend: 'hihatop.pat' DRAM upload failed (full?); instrument silent. dram_size=1048576 bytes.
[15:22:25] [info] gus backend: on_song_start -- uploaded 12 instruments (1 missing/silent) into 1019 KB DRAM for this song; 20 subsamples resident, 0 instrument(s) K-capped/DRAM-truncated (multisample on).
[15:22:25] [info] gameloop: entered (curmap=20, running=1)
[15:22:25] [info] gameloop: iter 1 ticks=41128 mapno=-1
[15:22:25] [info] TAS stall discount: ENABLED (default) (patch 0286; a replay frame over 150 ms is a load, not slow rendering, so it contributes 1 tick instead of its wall-clock; set SDL_HINT_DOSKUTSU_TAS_STALL_DISCOUNT=0 to disable)
[15:22:25] [info] TAS accumulator clamp: DISABLED (default) (patch 0281; caps the FT accumulator delta at one tick during TAS so a stalled frame cannot race the replay index; set SDL_HINT_DOSKUTSU_TAS_FT_GUARD=0 to disable)
[15:22:25] [info] gameloop: iter 2 ticks=41128 mapno=-1
[15:22:25] [info] gameloop: iter 3 ticks=41183 mapno=-1
[15:22:25] [info] flip-probe: flip #180 ok=true present=55ms inter_flip_ms=5 drawcalls-since-flip=17 drawcalls-total=14028 fail-total=0 null-skips-total=0
[15:22:25] [info] flip-probe: flip #190 ok=true present=-1ms inter_flip_ms=62 drawcalls-since-flip=17 drawcalls-total=14198 fail-total=0 null-skips-total=0
[15:22:26] [info] flip-probe: flip #200 ok=true present=-1ms inter_flip_ms=55 drawcalls-since-flip=17 drawcalls-total=14368 fail-total=0 null-skips-total=0
[15:22:26] [info] alpha audit block 0: 5824 total drawcalls, 0 with alpha<255 (block pct_x10=0; global 0/13622 pct_x10=0); alpha-mod skipped: block=0 global=0
[15:22:26] [info] fastpath audit block 0: taken=5824 (idx8=5824) skipped=0 pct_x10=1000; global taken=13622 (idx8=13622) skipped=0 pct_x10=1000
[15:22:26] [info] primitive tally block 0: clear=202(hr=202) fill=0(hr=0) rect=0(hr=0) line=0(hr=0) tint=0 spotlight=0 (over 100 flips ending at flip 200)
[15:22:26] [info] color/alpha audit block 0: cmod_white=1464 cmod_black=0 (idx=0) cmod_general=630 (idx=630) cmod_fb=0; alpha_taken=0 alpha_skipped=0 (global cmod=1568/0/714/0 idx=0/714 alpha=0/0)
[15:22:26] [info] phase timing block 0: drawcalls=8120 dc_total_ms=1251 flip_inner_total_ms=489 inter_flip_total_ms=11484 (per-flip avg x10: dc_ms=125 fi_ms=48 if_ms=1148 derived audio+engine_ms=975; per-drawcall avg us_x10=1540) [direct-vesa: presents=100 total_ms=222 avg_ms_x10=22 failed=0] [ablation: NO_DC_TIMING=0 CACHE_WINSURF=0 DIRECT_VESA=1]
[15:22:26] [info] kbd/audio block 0: kbd_irq=0 kbd_drain=0 ring_chunks=16 pump_pass=219 pic1_mask=0xb8 first_irq_ticks=0 install_ticks=0 vector_at_install=0x0083a5f8 pic1_mask_live=0xb8 kbd_8042_stat=0x34 bios_kbd_head=0x0026 bios_kbd_tail=0x0026 bios_kbd_buf0=0x3920
[15:22:26] [info] audio/engine split block 0: audio_mixer_calls=0 audio_mixer_ms_x10=0 engine_tick_calls=76 engine_tick_ms_x10=139 audio_service_calls=0 audio_service_ms_x10=0 (per-flip avg; per-call us_x10: audio_mix=0 engine_tick=183582 audio_service=0; global ns: audio_mix=0 engine_tick=10677170260 audio_service=0)
[15:22:26] [info] dirty-rect block @flip=200: total_calls=0 dirty_rects_avg=1 dirty_pct_x10=1000 forced_full=0 first_n_force=0 threshold_exceeded=0 dirty_path_taken=0 full_flush_taken=0
[15:22:26] [info] prev-frame-diff block @flip=200: diff_calls=0 diff_rects_avg=0 diff_dirty_pct_x10=0 bbox_pct_x10=0 bbox_thresh_exceeded=0
[15:22:26] [info] tas: stall frame 166 ms -> contributing 1 tick (patch 0286)
[15:22:26] [info] flip-probe: flip #210 ok=true present=-1ms inter_flip_ms=51 drawcalls-since-flip=17 drawcalls-total=14538 fail-total=0 null-skips-total=0
[15:22:27] [info] flip-probe: flip #220 ok=true present=0ms inter_flip_ms=59 drawcalls-since-flip=17 drawcalls-total=14708 fail-total=0 null-skips-total=0
[15:22:27] [info] flip-probe: flip #230 ok=true present=0ms inter_flip_ms=56 drawcalls-since-flip=358 drawcalls-total=16429 fail-total=0 null-skips-total=0
[15:22:27] [info]  >> Entering stage 11: 'Mimiga Village'.
[15:22:27] [info] [skip-sheet-flush] cave=3
[15:22:28] [info] [load-stage] preloading entry music song=9 (cave=3)
[15:22:28] [info] gameloop: entered (curmap=11, running=1)
[15:22:28] [info] gameloop: iter 1 ticks=44585 mapno=-1
[15:22:28] [info] map: mds_clear LUT ENABLED (default) (set SDL_HINT_DOSKUTSU_MDS_CLEAR_LUT=0 to disable; default ON; patch 0144 wave-49 bandwidth lever)
[15:22:28] [info] mds-clear-lut: rebuilt N=240 entries (k_skip=0% k_keep=100%; curmap=11 map_size=60x60; rebuild #1 since boot)
[15:22:28] [info] backdrop thrash full-cover ENABLED (default) (set SDL_HINT_DOSKUTSU_THRASH_FULLCOVER=0 to disable)
[15:22:28] [info] [bd-diag] backdrop render-path diag disabled (default) (set SDL_HINT_DOSKUTSU_BACKDROP_DIAG=1 to enable)
[15:22:28] [info] run_tick_fixed #300: heartbeat (loop alive)
[15:22:28] [info] gameloop: iter 2 ticks=44751 mapno=-1
[15:22:28] [info] tas: stall frame 165 ms -> contributing 1 tick (patch 0286)
[15:22:28] [info] gameloop: iter 3 ticks=44865 mapno=-1
[15:22:29] [info] backdrop cache: thrashing-detect engaged (streak=4, route=direct)
[15:22:29] [info] flip-probe: flip #240 ok=true present=-1ms inter_flip_ms=57 drawcalls-since-flip=116 drawcalls-total=19447 fail-total=0 null-skips-total=0
[15:22:30] [info] flip-probe: flip #250 ok=true present=0ms inter_flip_ms=56 drawcalls-since-flip=45 drawcalls-total=19874 fail-total=0 null-skips-total=0
[15:22:30] [info] flip-probe: flip #260 ok=true present=-1ms inter_flip_ms=50 drawcalls-since-flip=44 drawcalls-total=20328 fail-total=0 null-skips-total=0
[15:22:31] [info] flip-probe: flip #270 ok=true present=55ms inter_flip_ms=55 drawcalls-since-flip=43 drawcalls-total=20758 fail-total=0 null-skips-total=0
[15:22:31] [info] flip-probe: flip #280 ok=true present=0ms inter_flip_ms=57 drawcalls-since-flip=43 drawcalls-total=21188 fail-total=0 null-skips-total=0
[15:22:32] [info] flip-probe: flip #290 ok=true present=-1ms inter_flip_ms=62 drawcalls-since-flip=43 drawcalls-total=21618 fail-total=0 null-skips-total=0
[15:22:32] [info] backdrop cache: thrashing-detect engaged (streak=64, route=direct)
[15:22:32] [info] flip-probe: flip #300 ok=true present=-1ms inter_flip_ms=54 drawcalls-since-flip=43 drawcalls-total=22048 fail-total=0 null-skips-total=0
[15:22:32] [info] alpha audit block 0: 6742 total drawcalls, 0 with alpha<255 (block pct_x10=0; global 0/20364 pct_x10=0); alpha-mod skipped: block=0 global=0
[15:22:33] [info] fastpath audit block 0: taken=6742 (idx8=6742) skipped=0 pct_x10=1000; global taken=20364 (idx8=20364) skipped=0 pct_x10=1000
[15:22:33] [info] primitive tally block 0: clear=201(hr=201) fill=0(hr=0) rect=0(hr=0) line=0(hr=0) tint=0 spotlight=0 (over 100 flips ending at flip 300)
[15:22:33] [info] color/alpha audit block 0: cmod_white=871 cmod_black=871 (idx=871) cmod_general=0 (idx=0) cmod_fb=0; alpha_taken=0 alpha_skipped=0 (global cmod=2439/871/714/0 idx=871/714 alpha=0/0)
[15:22:33] [info] phase timing block 0: drawcalls=8691 dc_total_ms=1227 flip_inner_total_ms=306 inter_flip_total_ms=6811 (per-flip avg x10: dc_ms=122 fi_ms=30 if_ms=681 derived audio+engine_ms=529; per-drawcall avg us_x10=1412) [direct-vesa: presents=100 total_ms=142 avg_ms_x10=14 failed=0] [ablation: NO_DC_TIMING=0 CACHE_WINSURF=0 DIRECT_VESA=1]
[15:22:33] [info] kbd/audio block 0: kbd_irq=0 kbd_drain=0 ring_chunks=16 pump_pass=504 pic1_mask=0xb8 first_irq_ticks=0 install_ticks=0 vector_at_install=0x0083a5f8 pic1_mask_live=0xb8 kbd_8042_stat=0x34 bios_kbd_head=0x0026 bios_kbd_tail=0x0026 bios_kbd_buf0=0x3920
[15:22:33] [info] [tile-speedup-stat n=100 drawtile_us=576.54 raw_blit_us=184467440737032.12 ratio=0.00]
[15:22:33] [info] dirty-rect block @flip=300: total_calls=100 dirty_rects_avg=1 dirty_pct_x10=1000 forced_full=0 first_n_force=0 threshold_exceeded=0 dirty_path_taken=0 full_flush_taken=0
[15:22:33] [info] prev-frame-diff block @flip=300: diff_calls=0 diff_rects_avg=0 diff_dirty_pct_x10=0 bbox_pct_x10=0 bbox_thresh_exceeded=0
[15:22:33] [info] tas: stall frame 158 ms -> contributing 1 tick (patch 0286)
[15:22:33] [info] flip-probe: flip #310 ok=true present=-1ms inter_flip_ms=56 drawcalls-since-flip=43 drawcalls-total=22578 fail-total=0 null-skips-total=0
[15:22:34] [info] flip-probe: flip #320 ok=true present=0ms inter_flip_ms=50 drawcalls-since-flip=46 drawcalls-total=23022 fail-total=0 null-skips-total=0
[15:22:34] [info] flip-probe: flip #330 ok=true present=7ms inter_flip_ms=50 drawcalls-since-flip=44 drawcalls-total=23457 fail-total=0 null-skips-total=0
[15:22:35] [info] flip-probe: flip #340 ok=true present=-1ms inter_flip_ms=106 drawcalls-since-flip=42 drawcalls-total=23891 fail-total=0 null-skips-total=0
[15:22:35] [info] flip-probe: flip #350 ok=true present=0ms inter_flip_ms=55 drawcalls-since-flip=43 drawcalls-total=24307 fail-total=0 null-skips-total=0
[15:22:36] [info] backdrop cache: thrashing-detect engaged (streak=124, route=direct)
[15:22:36] [info] flip-probe: flip #360 ok=true present=-1ms inter_flip_ms=56 drawcalls-since-flip=16 drawcalls-total=24562 fail-total=0 null-skips-total=0
[15:22:37] [info] flip-probe: flip #370 ok=true present=-1ms inter_flip_ms=56 drawcalls-since-flip=15 drawcalls-total=24714 fail-total=0 null-skips-total=0
[15:22:37] [info] flip-probe: flip #380 ok=true present=-1ms inter_flip_ms=106 drawcalls-since-flip=319 drawcalls-total=25814 fail-total=0 null-skips-total=0
[15:22:38] [info]  >> Entering stage 17: 'Yamashita Farm'.
[15:22:38] [info] [skip-sheet-flush] cave=4
[15:22:38] [info] [load-stage] preloading entry music song=13 (cave=4)
[15:22:38] [info] gus backend: on_song_stop (all voices stopped).
[15:22:39] [info] MidiScheduler::load: parsed 'data/orgmid2/plant.mid' = 6246 events at 48 PPQ
[15:22:40] [info] gus .pat 'acpiano': 5 sample(s) -> 5 resident (multisample).
[15:22:40] [info] gus .pat 'epiano1': 1 sample(s) -> 1 resident (multisample).
[15:22:40] [info] gus .pat 'acbass': 1 sample(s) -> 1 resident (multisample).
[15:22:40] [info] gus .pat 'altosax': 3 sample(s) -> 3 resident (multisample).
[15:22:41] [info] gus .pat 'flute': 3 sample(s) -> 3 resident (multisample).
[15:22:41] [info] gus .pat 'sqrwave': 1 sample(s) -> 1 resident (multisample).
[15:22:42] [info] gus .pat 'calliope': 1 sample(s) -> 1 resident (multisample).
[15:22:42] [info] gus .pat 'warmpad': 1 sample(s) -> 1 resident (multisample).
[15:22:42] [info] gus .pat 'kick1': 1 sample(s) -> 1 resident (drum/single).
[15:22:43] [info] gus .pat 'snare1': 1 sample(s) -> 1 resident (drum/single).
[15:22:43] [info] gus .pat 'hihatcl': 1 sample(s) -> 1 resident (drum/single).
[15:22:43] [info] gus .pat 'hihatop': 1 sample(s) -> 1 resident (drum/single).
[15:22:43] [info] gus backend: on_song_start -- uploaded 12 instruments (0 missing/silent) into 1014 KB DRAM for this song; 20 subsamples resident, 0 instrument(s) K-capped/DRAM-truncated (multisample on).
[15:22:43] [info] gameloop: entered (curmap=17, running=1)
[15:22:43] [info] gameloop: iter 1 ticks=59586 mapno=-1
[15:22:43] [info] mds-clear-lut: rebuilt N=240 entries (k_skip=33% k_keep=67%; curmap=17 map_size=40x16; rebuild #2 since boot)
[15:22:44] [info] gameloop: iter 2 ticks=59912 mapno=-1
[15:22:44] [info] tas: stall frame 275 ms -> contributing 1 tick (patch 0286)
[15:22:44] [info] gameloop: iter 3 ticks=60022 mapno=-1
[15:22:44] [info] flip-probe: flip #390 ok=true present=0ms inter_flip_ms=109 drawcalls-since-flip=269 drawcalls-total=29014 fail-total=0 null-skips-total=0
[15:22:45] [info] flip-probe: flip #400 ok=true present=0ms inter_flip_ms=48 drawcalls-since-flip=142 drawcalls-total=30442 fail-total=0 null-skips-total=0
[15:22:45] [info] alpha audit block 0: 7397 total drawcalls, 0 with alpha<255 (block pct_x10=0; global 0/27761 pct_x10=0); alpha-mod skipped: block=0 global=0
[15:22:45] [info] fastpath audit block 0: taken=7397 (idx8=7397) skipped=0 pct_x10=1000; global taken=27761 (idx8=27761) skipped=0 pct_x10=1000
[15:22:45] [info] primitive tally block 0: clear=201(hr=201) fill=0(hr=0) rect=0(hr=0) line=0(hr=0) tint=0 spotlight=0 (over 100 flips ending at flip 400)
[15:22:45] [info] color/alpha audit block 0: cmod_white=897 cmod_black=897 (idx=897) cmod_general=0 (idx=0) cmod_fb=0; alpha_taken=0 alpha_skipped=0 (global cmod=3336/1768/714/0 idx=1768/714 alpha=0/0)
[15:22:45] [info] phase timing block 0: drawcalls=9408 dc_total_ms=1633 flip_inner_total_ms=253 inter_flip_total_ms=12354 (per-flip avg x10: dc_ms=163 fi_ms=25 if_ms=1235 derived audio+engine_ms=1047; per-drawcall avg us_x10=1736) [direct-vesa: presents=100 total_ms=188 avg_ms_x10=18 failed=0] [ablation: NO_DC_TIMING=0 CACHE_WINSURF=0 DIRECT_VESA=1]
[15:22:45] [info] kbd/audio block 0: kbd_irq=0 kbd_drain=0 ring_chunks=16 pump_pass=822 pic1_mask=0xb8 first_irq_ticks=0 install_ticks=0 vector_at_install=0x0083a5f8 pic1_mask_live=0xb8 kbd_8042_stat=0x34 bios_kbd_head=0x0026 bios_kbd_tail=0x0026 bios_kbd_buf0=0x3920
[15:22:45] [info] dirty-rect block @flip=400: total_calls=0 dirty_rects_avg=1 dirty_pct_x10=1000 forced_full=0 first_n_force=0 threshold_exceeded=0 dirty_path_taken=0 full_flush_taken=0
[15:22:45] [info] prev-frame-diff block @flip=400: diff_calls=0 diff_rects_avg=0 diff_dirty_pct_x10=0 bbox_pct_x10=0 bbox_thresh_exceeded=0
[15:22:45] [info] tas: stall frame 165 ms -> contributing 1 tick (patch 0286)
[15:22:46] [info] flip-probe: flip #410 ok=true present=0ms inter_flip_ms=104 drawcalls-since-flip=128 drawcalls-total=31865 fail-total=0 null-skips-total=0
[15:22:46] [info] backdrop cache: thrashing-detect engaged (streak=4, route=direct)
[15:22:47] [info] run_tick_fixed #900: heartbeat (loop alive)
[15:22:47] [info] flip-probe: flip #420 ok=true present=-1ms inter_flip_ms=60 drawcalls-since-flip=139 drawcalls-total=33202 fail-total=0 null-skips-total=0
[15:22:48] [info] flip-probe: flip #430 ok=true present=0ms inter_flip_ms=56 drawcalls-since-flip=147 drawcalls-total=34661 fail-total=0 null-skips-total=0
[15:22:49] [info] flip-probe: flip #440 ok=true present=-1ms inter_flip_ms=108 drawcalls-since-flip=135 drawcalls-total=36078 fail-total=0 null-skips-total=0
[15:22:49] [info] flip-probe: flip #450 ok=true present=-1ms inter_flip_ms=117 drawcalls-since-flip=121 drawcalls-total=37371 fail-total=0 null-skips-total=0
[15:22:49] [info] backdrop cache: thrashing-detect engaged (streak=4, route=direct)
[15:22:50] [info] flip-probe: flip #460 ok=true present=-1ms inter_flip_ms=106 drawcalls-since-flip=133 drawcalls-total=38681 fail-total=0 null-skips-total=0
[15:22:51] [info] flip-probe: flip #470 ok=true present=0ms inter_flip_ms=103 drawcalls-since-flip=122 drawcalls-total=40003 fail-total=0 null-skips-total=0
[15:22:52] [info] flip-probe: flip #480 ok=true present=-1ms inter_flip_ms=108 drawcalls-since-flip=138 drawcalls-total=41333 fail-total=0 null-skips-total=0
[15:22:53] [info] flip-probe: flip #490 ok=true present=-1ms inter_flip_ms=104 drawcalls-since-flip=135 drawcalls-total=42733 fail-total=0 null-skips-total=0
[15:22:54] [info] flip-probe: flip #500 ok=true present=0ms inter_flip_ms=110 drawcalls-since-flip=142 drawcalls-total=44115 fail-total=0 null-skips-total=0
[15:22:54] [info] alpha audit block 0: 12273 total drawcalls, 0 with alpha<255 (block pct_x10=0; global 0/40034 pct_x10=0); alpha-mod skipped: block=0 global=0
[15:22:54] [info] fastpath audit block 0: taken=12273 (idx8=12273) skipped=0 pct_x10=1000; global taken=40034 (idx8=40034) skipped=0 pct_x10=1000
[15:22:54] [info] primitive tally block 0: clear=200(hr=200) fill=0(hr=0) rect=0(hr=0) line=0(hr=0) tint=0 spotlight=0 (over 100 flips ending at flip 500)
[15:22:54] [info] color/alpha audit block 0: cmod_white=1300 cmod_black=1300 (idx=1300) cmod_general=0 (idx=0) cmod_fb=0; alpha_taken=0 alpha_skipped=0 (global cmod=4636/3068/714/0 idx=3068/714 alpha=0/0)
[15:22:54] [info] phase timing block 0: drawcalls=15087 dc_total_ms=1509 flip_inner_total_ms=675 inter_flip_total_ms=8903 (per-flip avg x10: dc_ms=150 fi_ms=67 if_ms=890 derived audio+engine_ms=673; per-drawcall avg us_x10=1000) [direct-vesa: presents=100 total_ms=481 avg_ms_x10=48 failed=0] [ablation: NO_DC_TIMING=0 CACHE_WINSURF=0 DIRECT_VESA=1]
[15:22:54] [info] kbd/audio block 0: kbd_irq=0 kbd_drain=0 ring_chunks=16 pump_pass=1257 pic1_mask=0xb8 first_irq_ticks=0 install_ticks=0 vector_at_install=0x0083a5f8 pic1_mask_live=0xb8 kbd_8042_stat=0x34 bios_kbd_head=0x0026 bios_kbd_tail=0x0026 bios_kbd_buf0=0x3920
[15:22:54] [info] dirty-rect block @flip=500: total_calls=0 dirty_rects_avg=1 dirty_pct_x10=1000 forced_full=0 first_n_force=0 threshold_exceeded=0 dirty_path_taken=0 full_flush_taken=0
[15:22:54] [info] prev-frame-diff block @flip=500: diff_calls=0 diff_rects_avg=0 diff_dirty_pct_x10=0 bbox_pct_x10=0 bbox_thresh_exceeded=0
[15:22:54] [info] tas: stall frame 160 ms -> contributing 1 tick (patch 0286)
[15:22:55] [info] flip-probe: flip #510 ok=true present=8ms inter_flip_ms=107 drawcalls-since-flip=113 drawcalls-total=45360 fail-total=0 null-skips-total=0
[15:22:55] [info] backdrop cache: thrashing-detect engaged (streak=64, route=direct)
[15:22:55] [info] flip-probe: flip #520 ok=true present=-1ms inter_flip_ms=52 drawcalls-since-flip=109 drawcalls-total=46478 fail-total=0 null-skips-total=0
[15:22:56] [info] backdrop cache: thrashing-detect engaged (streak=4, route=direct)
[15:22:56] [info] flip-probe: flip #530 ok=true present=-1ms inter_flip_ms=114 drawcalls-since-flip=122 drawcalls-total=47589 fail-total=0 null-skips-total=0
[15:22:57] [info] flip-probe: flip #540 ok=true present=-1ms inter_flip_ms=54 drawcalls-since-flip=116 drawcalls-total=48780 fail-total=0 null-skips-total=0
[15:22:58] [info] flip-probe: flip #550 ok=true present=-1ms inter_flip_ms=49 drawcalls-since-flip=118 drawcalls-total=49956 fail-total=0 null-skips-total=0
[15:22:59] [info] flip-probe: flip #560 ok=true present=-1ms inter_flip_ms=110 drawcalls-since-flip=404 drawcalls-total=51901 fail-total=0 null-skips-total=0
[15:22:59] [info] tas: stall frame 165 ms -> contributing 1 tick (patch 0286)
[15:22:59] [info]  >> Entering stage 11: 'Mimiga Village'.
[15:22:59] [info] [skip-sheet-flush] cave=5
[15:23:00] [info] [load-stage] preloading entry music song=9 (cave=5)
[15:23:00] [info] gus backend: on_song_stop (all voices stopped).
[15:23:00] [info] MidiScheduler::load: parsed 'data/orgmid2/mura.mid' = 7123 events at 48 PPQ
[15:23:01] [info] gus .pat 'acpiano': 5 sample(s) -> 5 resident (multisample).
[15:23:01] [info] gus .pat 'epiano1': 1 sample(s) -> 1 resident (multisample).
[15:23:02] [info] gus .pat 'acbass': 1 sample(s) -> 1 resident (multisample).
[15:23:02] [info] gus .pat 'altosax': 3 sample(s) -> 3 resident (multisample).
[15:23:02] [info] gus .pat 'flute': 3 sample(s) -> 3 resident (multisample).
[15:23:03] [info] gus .pat 'sqrwave': 1 sample(s) -> 1 resident (multisample).
[15:23:03] [info] gus .pat 'calliope': 1 sample(s) -> 1 resident (multisample).
[15:23:04] [info] gus .pat 'warmpad': 1 sample(s) -> 1 resident (multisample).
[15:23:04] [info] gus .pat 'kick1': 1 sample(s) -> 1 resident (drum/single).
[15:23:04] [info] gus .pat 'snare1': 1 sample(s) -> 1 resident (drum/single).
[15:23:04] [info] gus .pat 'hihatcl': 1 sample(s) -> 1 resident (drum/single).
[15:23:05] [info] gus .pat 'tommid2': 1 sample(s) -> 1 resident (drum/single).
[15:23:05] [warn] gus backend: 'hihatop.pat' DRAM upload failed (full?); instrument silent. dram_size=1048576 bytes.
[15:23:05] [info] gus backend: on_song_start -- uploaded 12 instruments (1 missing/silent) into 1019 KB DRAM for this song; 20 subsamples resident, 0 instrument(s) K-capped/DRAM-truncated (multisample on).
[15:23:05] [info] gameloop: entered (curmap=11, running=1)
[15:23:05] [info] gameloop: iter 1 ticks=81495 mapno=-1
[15:23:05] [info] mds-clear-lut: rebuilt N=240 entries (k_skip=0% k_keep=100%; curmap=11 map_size=60x60; rebuild #3 since boot)
[15:23:05] [info] gameloop: iter 2 ticks=81609 mapno=-1
[15:23:05] [info] gameloop: iter 3 ticks=81721 mapno=-1
[15:23:06] [info] flip-probe: flip #570 ok=true present=0ms inter_flip_ms=108 drawcalls-since-flip=240 drawcalls-total=55208 fail-total=0 null-skips-total=0
[15:23:06] [info] backdrop cache: thrashing-detect engaged (streak=4, route=direct)
[15:23:06] [info] flip-probe: flip #580 ok=true present=-1ms inter_flip_ms=56 drawcalls-since-flip=41 drawcalls-total=55791 fail-total=0 null-skips-total=0
[15:23:07] [info] flip-probe: flip #590 ok=true present=0ms inter_flip_ms=53 drawcalls-since-flip=41 drawcalls-total=56201 fail-total=0 null-skips-total=0
[15:23:07] [info] flip-probe: flip #600 ok=true present=8ms inter_flip_ms=54 drawcalls-since-flip=41 drawcalls-total=56611 fail-total=0 null-skips-total=0
[15:23:07] [info] alpha audit block 0: 11889 total drawcalls, 0 with alpha<255 (block pct_x10=0; global 0/51923 pct_x10=0); alpha-mod skipped: block=0 global=0
[15:23:07] [info] fastpath audit block 0: taken=11889 (idx8=11889) skipped=0 pct_x10=1000; global taken=51923 (idx8=51923) skipped=0 pct_x10=1000
[15:23:07] [info] primitive tally block 0: clear=201(hr=201) fill=0(hr=0) rect=0(hr=0) line=0(hr=0) tint=0 spotlight=0 (over 100 flips ending at flip 600)
[15:23:07] [info] color/alpha audit block 0: cmod_white=507 cmod_black=507 (idx=507) cmod_general=0 (idx=0) cmod_fb=0; alpha_taken=0 alpha_skipped=0 (global cmod=5143/3575/714/0 idx=3575/714 alpha=0/0)
[15:23:07] [info] phase timing block 0: drawcalls=13113 dc_total_ms=1453 flip_inner_total_ms=316 inter_flip_total_ms=13671 (per-flip avg x10: dc_ms=145 fi_ms=31 if_ms=1367 derived audio+engine_ms=1191; per-drawcall avg us_x10=1108) [direct-vesa: presents=100 total_ms=143 avg_ms_x10=14 failed=0] [ablation: NO_DC_TIMING=0 CACHE_WINSURF=0 DIRECT_VESA=1]
[15:23:07] [info] kbd/audio block 0: kbd_irq=0 kbd_drain=0 ring_chunks=16 pump_pass=1638 pic1_mask=0xb8 first_irq_ticks=0 install_ticks=0 vector_at_install=0x0083a5f8 pic1_mask_live=0xb8 kbd_8042_stat=0x34 bios_kbd_head=0x0026 bios_kbd_tail=0x0026 bios_kbd_buf0=0x3920
[15:23:07] [info] dirty-rect block @flip=600: total_calls=0 dirty_rects_avg=1 dirty_pct_x10=1000 forced_full=0 first_n_force=0 threshold_exceeded=0 dirty_path_taken=0 full_flush_taken=0
[15:23:07] [info] prev-frame-diff block @flip=600: diff_calls=0 diff_rects_avg=0 diff_dirty_pct_x10=0 bbox_pct_x10=0 bbox_thresh_exceeded=0
[15:23:08] [info] tas: stall frame 169 ms -> contributing 1 tick (patch 0286)
[15:23:08] [info] flip-probe: flip #610 ok=true present=0ms inter_flip_ms=49 drawcalls-since-flip=41 drawcalls-total=57033 fail-total=0 null-skips-total=0
[15:23:09] [info] flip-probe: flip #620 ok=true present=0ms inter_flip_ms=56 drawcalls-since-flip=42 drawcalls-total=57447 fail-total=0 null-skips-total=0
[15:23:09] [info] flip-probe: flip #630 ok=true present=0ms inter_flip_ms=50 drawcalls-since-flip=43 drawcalls-total=57868 fail-total=0 null-skips-total=0
[15:23:09] [info] backdrop cache: thrashing-detect engaged (streak=64, route=direct)
[15:23:10] [info] flip-probe: flip #640 ok=true present=55ms inter_flip_ms=54 drawcalls-since-flip=42 drawcalls-total=58291 fail-total=0 null-skips-total=0
[15:23:10] [info] flip-probe: flip #650 ok=true present=-1ms inter_flip_ms=56 drawcalls-since-flip=43 drawcalls-total=58712 fail-total=0 null-skips-total=0
[15:23:11] [info] flip-probe: flip #660 ok=true present=54ms inter_flip_ms=62 drawcalls-since-flip=44 drawcalls-total=59146 fail-total=0 null-skips-total=0
[15:23:12] [info] flip-probe: flip #670 ok=true present=-1ms inter_flip_ms=55 drawcalls-since-flip=44 drawcalls-total=59586 fail-total=0 null-skips-total=0
[15:23:12] [info] flip-probe: flip #680 ok=true present=0ms inter_flip_ms=54 drawcalls-since-flip=43 drawcalls-total=60020 fail-total=0 null-skips-total=0
[15:23:13] [info] flip-probe: flip #690 ok=true present=-1ms inter_flip_ms=60 drawcalls-since-flip=17 drawcalls-total=60317 fail-total=0 null-skips-total=0
[15:23:13] [info] backdrop cache: thrashing-detect engaged (streak=124, route=direct)
[15:23:13] [info] flip-probe: flip #700 ok=true present=-1ms inter_flip_ms=50 drawcalls-since-flip=16 drawcalls-total=60477 fail-total=0 null-skips-total=0
[15:23:13] [info] alpha audit block 0: 2661 total drawcalls, 0 with alpha<255 (block pct_x10=0; global 0/54584 pct_x10=0); alpha-mod skipped: block=0 global=0
[15:23:13] [info] fastpath audit block 0: taken=2661 (idx8=2661) skipped=0 pct_x10=1000; global taken=54584 (idx8=54584) skipped=0 pct_x10=1000
[15:23:13] [info] primitive tally block 0: clear=200(hr=200) fill=0(hr=0) rect=0(hr=0) line=0(hr=0) tint=0 spotlight=0 (over 100 flips ending at flip 700)
[15:23:13] [info] color/alpha audit block 0: cmod_white=1105 cmod_black=1105 (idx=1105) cmod_general=0 (idx=0) cmod_fb=0; alpha_taken=0 alpha_skipped=0 (global cmod=6248/4680/714/0 idx=4680/714 alpha=0/0)
[15:23:13] [info] phase timing block 0: drawcalls=5071 dc_total_ms=833 flip_inner_total_ms=221 inter_flip_total_ms=5825 (per-flip avg x10: dc_ms=83 fi_ms=22 if_ms=582 derived audio+engine_ms=477; per-drawcall avg us_x10=1643) [direct-vesa: presents=100 total_ms=228 avg_ms_x10=22 failed=0] [ablation: NO_DC_TIMING=0 CACHE_WINSURF=0 DIRECT_VESA=1]
[15:23:13] [info] kbd/audio block 0: kbd_irq=0 kbd_drain=0 ring_chunks=16 pump_pass=1922 pic1_mask=0xb8 first_irq_ticks=0 install_ticks=0 vector_at_install=0x0083a5f8 pic1_mask_live=0xb8 kbd_8042_stat=0x34 bios_kbd_head=0x0026 bios_kbd_tail=0x0026 bios_kbd_buf0=0x3920
[15:23:13] [info] dirty-rect block @flip=700: total_calls=0 dirty_rects_avg=1 dirty_pct_x10=1000 forced_full=0 first_n_force=0 threshold_exceeded=0 dirty_path_taken=0 full_flush_taken=0
[15:23:13] [info] prev-frame-diff block @flip=700: diff_calls=0 diff_rects_avg=0 diff_dirty_pct_x10=0 bbox_pct_x10=0 bbox_thresh_exceeded=0
[15:23:14] [info] flip-probe: flip #710 ok=true present=0ms inter_flip_ms=-3 drawcalls-since-flip=16 drawcalls-total=60637 fail-total=0 null-skips-total=0
[15:23:14] [info] flip-probe: flip #720 ok=true present=-1ms inter_flip_ms=50 drawcalls-since-flip=27 drawcalls-total=60830 fail-total=0 null-skips-total=0
[15:23:15] [info] flip-probe: flip #730 ok=true present=-1ms inter_flip_ms=59 drawcalls-since-flip=20 drawcalls-total=61039 fail-total=0 null-skips-total=0
[15:23:15] [info] flip-probe: flip #740 ok=true present=-1ms inter_flip_ms=0 drawcalls-since-flip=20 drawcalls-total=61227 fail-total=0 null-skips-total=0
[15:23:16] [info] flip-probe: flip #750 ok=true present=-1ms inter_flip_ms=113 drawcalls-since-flip=305 drawcalls-total=63182 fail-total=0 null-skips-total=0
[15:23:16] [info] backdrop cache: thrashing-detect engaged (streak=184, route=direct)
[15:23:16] [info]  >> Entering stage 15: 'Reservoir'.
[15:23:16] [info] [skip-sheet-flush] cave=6
[15:23:17] [info] [load-stage] preloading entry music song=9 (cave=6)
[15:23:17] [info] gameloop: entered (curmap=15, running=1)
[15:23:17] [info] gameloop: iter 1 ticks=93365 mapno=-1
[15:23:17] [info] mds-clear-lut: rebuilt N=240 entries (k_skip=13% k_keep=87%; curmap=15 map_size=40x20; rebuild #4 since boot)
[15:23:17] [info] gameloop: iter 2 ticks=93474 mapno=-1
[15:23:17] [info] gameloop: iter 3 ticks=93580 mapno=-1
[15:23:18] [info] flip-probe: flip #760 ok=true present=-1ms inter_flip_ms=-2 drawcalls-since-flip=32 drawcalls-total=65142 fail-total=0 null-skips-total=0
[15:23:18] [info] flip-probe: flip #770 ok=true present=55ms inter_flip_ms=-2 drawcalls-since-flip=32 drawcalls-total=65462 fail-total=0 null-skips-total=0
[15:23:19] [info] flip-probe: flip #780 ok=true present=0ms inter_flip_ms=58 drawcalls-since-flip=32 drawcalls-total=65782 fail-total=0 null-skips-total=0
[15:23:19] [info] backdrop cache: thrashing-detect engaged (streak=4, route=direct)
[15:23:19] [info] flip-probe: flip #790 ok=true present=0ms inter_flip_ms=56 drawcalls-since-flip=36 drawcalls-total=66122 fail-total=0 null-skips-total=0
[15:23:20] [info] flip-probe: flip #800 ok=true present=0ms inter_flip_ms=57 drawcalls-since-flip=32 drawcalls-total=66454 fail-total=0 null-skips-total=0
[15:23:20] [info] alpha audit block 0: 5436 total drawcalls, 0 with alpha<255 (block pct_x10=0; global 0/60020 pct_x10=0); alpha-mod skipped: block=0 global=0
[15:23:20] [info] fastpath audit block 0: taken=5436 (idx8=5436) skipped=0 pct_x10=1000; global taken=60020 (idx8=60020) skipped=0 pct_x10=1000
[15:23:20] [info] primitive tally block 0: clear=201(hr=201) fill=0(hr=0) rect=0(hr=0) line=0(hr=0) tint=0 spotlight=0 (over 100 flips ending at flip 800)
[15:23:20] [info] color/alpha audit block 0: cmod_white=441 cmod_black=441 (idx=441) cmod_general=0 (idx=0) cmod_fb=0; alpha_taken=0 alpha_skipped=0 (global cmod=6689/5121/714/0 idx=5121/714 alpha=0/0)
[15:23:20] [info] phase timing block 0: drawcalls=6551 dc_total_ms=1153 flip_inner_total_ms=325 inter_flip_total_ms=6595 (per-flip avg x10: dc_ms=115 fi_ms=32 if_ms=659 derived audio+engine_ms=512; per-drawcall avg us_x10=1760) [direct-vesa: presents=100 total_ms=181 avg_ms_x10=18 failed=0] [ablation: NO_DC_TIMING=0 CACHE_WINSURF=0 DIRECT_VESA=1]
[15:23:20] [info] kbd/audio block 0: kbd_irq=0 kbd_drain=0 ring_chunks=16 pump_pass=2213 pic1_mask=0xb8 first_irq_ticks=0 install_ticks=0 vector_at_install=0x0083a5f8 pic1_mask_live=0xb8 kbd_8042_stat=0x34 bios_kbd_head=0x0026 bios_kbd_tail=0x0026 bios_kbd_buf0=0x3920
[15:23:20] [info] dirty-rect block @flip=800: total_calls=0 dirty_rects_avg=1 dirty_pct_x10=1000 forced_full=0 first_n_force=0 threshold_exceeded=0 dirty_path_taken=0 full_flush_taken=0
[15:23:20] [info] prev-frame-diff block @flip=800: diff_calls=0 diff_rects_avg=0 diff_dirty_pct_x10=0 bbox_pct_x10=0 bbox_thresh_exceeded=0
[15:23:20] [info] flip-probe: flip #810 ok=true present=-1ms inter_flip_ms=4 drawcalls-since-flip=32 drawcalls-total=66774 fail-total=0 null-skips-total=0
[15:23:21] [info] tas: stall frame 269 ms -> contributing 1 tick (patch 0286)
[15:23:21] [info] flip-probe: flip #820 ok=true present=0ms inter_flip_ms=54 drawcalls-since-flip=33 drawcalls-total=67096 fail-total=0 null-skips-total=0
[15:23:22] [info] flip-probe: flip #830 ok=true present=-1ms inter_flip_ms=57 drawcalls-since-flip=33 drawcalls-total=67426 fail-total=0 null-skips-total=0
[15:23:22] [info] flip-probe: flip #840 ok=true present=-1ms inter_flip_ms=62 drawcalls-since-flip=35 drawcalls-total=67768 fail-total=0 null-skips-total=0
[15:23:22] [info] backdrop cache: thrashing-detect engaged (streak=64, route=direct)
[15:23:23] [info] tas: stall frame 276 ms -> contributing 1 tick (patch 0286)
[15:23:23] [info] flip-probe: flip #850 ok=true present=-1ms inter_flip_ms=56 drawcalls-since-flip=36 drawcalls-total=68119 fail-total=0 null-skips-total=0
[15:23:24] [info] flip-probe: flip #860 ok=true present=0ms inter_flip_ms=55 drawcalls-since-flip=37 drawcalls-total=68494 fail-total=0 null-skips-total=0
[15:23:24] [info] flip-probe: flip #870 ok=true present=55ms inter_flip_ms=-1 drawcalls-since-flip=35 drawcalls-total=68860 fail-total=0 null-skips-total=0
[15:23:24] [info] run_tick_fixed #2400: heartbeat (loop alive)
[15:23:25] [info] flip-probe: flip #880 ok=true present=-1ms inter_flip_ms=58 drawcalls-since-flip=15 drawcalls-total=69031 fail-total=0 null-skips-total=0
[15:23:25] [info] flip-probe: flip #890 ok=true present=-1ms inter_flip_ms=56 drawcalls-since-flip=15 drawcalls-total=69181 fail-total=0 null-skips-total=0
[15:23:26] [info] flip-probe: flip #900 ok=true present=-1ms inter_flip_ms=56 drawcalls-since-flip=16 drawcalls-total=69326 fail-total=0 null-skips-total=0
[15:23:26] [info] alpha audit block 0: 2133 total drawcalls, 0 with alpha<255 (block pct_x10=0; global 0/62153 pct_x10=0); alpha-mod skipped: block=0 global=0
[15:23:26] [info] fastpath audit block 0: taken=2133 (idx8=2133) skipped=0 pct_x10=1000; global taken=62153 (idx8=62153) skipped=0 pct_x10=1000
[15:23:26] [info] primitive tally block 0: clear=200(hr=200) fill=0(hr=0) rect=0(hr=0) line=0(hr=0) tint=0 spotlight=0 (over 100 flips ending at flip 900)
[15:23:26] [info] color/alpha audit block 0: cmod_white=639 cmod_black=639 (idx=639) cmod_general=0 (idx=0) cmod_fb=0; alpha_taken=0 alpha_skipped=0 (global cmod=7328/5760/714/0 idx=5760/714 alpha=0/0)
[15:23:26] [info] phase timing block 0: drawcalls=3615 dc_total_ms=720 flip_inner_total_ms=303 inter_flip_total_ms=5712 (per-flip avg x10: dc_ms=72 fi_ms=30 if_ms=571 derived audio+engine_ms=469; per-drawcall avg us_x10=1994) [direct-vesa: presents=100 total_ms=179 avg_ms_x10=17 failed=0] [ablation: NO_DC_TIMING=0 CACHE_WINSURF=0 DIRECT_VESA=1]
[15:23:26] [info] kbd/audio block 0: kbd_irq=0 kbd_drain=0 ring_chunks=16 pump_pass=2474 pic1_mask=0xb8 first_irq_ticks=0 install_ticks=0 vector_at_install=0x0083a5f8 pic1_mask_live=0xb8 kbd_8042_stat=0x34 bios_kbd_head=0x0026 bios_kbd_tail=0x0026 bios_kbd_buf0=0x3920
[15:23:26] [info] dirty-rect block @flip=900: total_calls=0 dirty_rects_avg=1 dirty_pct_x10=1000 forced_full=0 first_n_force=0 threshold_exceeded=0 dirty_path_taken=0 full_flush_taken=0
[15:23:26] [info] prev-frame-diff block @flip=900: diff_calls=0 diff_rects_avg=0 diff_dirty_pct_x10=0 bbox_pct_x10=0 bbox_thresh_exceeded=0
[15:23:26] [info] flip-probe: flip #910 ok=true present=0ms inter_flip_ms=53 drawcalls-since-flip=17 drawcalls-total=69496 fail-total=0 null-skips-total=0
[15:23:26] [info] backdrop cache: thrashing-detect engaged (streak=4, route=direct)
[15:23:27] [info] flip-probe: flip #920 ok=true present=7ms inter_flip_ms=55 drawcalls-since-flip=14 drawcalls-total=69653 fail-total=0 null-skips-total=0
[15:23:27] [info] flip-probe: flip #930 ok=true present=-1ms inter_flip_ms=49 drawcalls-since-flip=14 drawcalls-total=69796 fail-total=0 null-skips-total=0
[15:23:28] [info] flip-probe: flip #940 ok=true present=-1ms inter_flip_ms=60 drawcalls-since-flip=14 drawcalls-total=69936 fail-total=0 null-skips-total=0
[15:23:28] [info] flip-probe: flip #950 ok=true present=7ms inter_flip_ms=54 drawcalls-since-flip=14 drawcalls-total=70076 fail-total=0 null-skips-total=0
[15:23:29] [info] flip-probe: flip #960 ok=true present=-1ms inter_flip_ms=54 drawcalls-since-flip=14 drawcalls-total=70216 fail-total=0 null-skips-total=0
[15:23:29] [info] flip-probe: flip #970 ok=true present=0ms inter_flip_ms=51 drawcalls-since-flip=14 drawcalls-total=70356 fail-total=0 null-skips-total=0
[15:23:29] [info] backdrop cache: thrashing-detect engaged (streak=64, route=direct)
[15:23:30] [info] flip-probe: flip #980 ok=true present=-1ms inter_flip_ms=59 drawcalls-since-flip=14 drawcalls-total=70496 fail-total=0 null-skips-total=0
[15:23:30] [info] run_tick_fixed #2700: heartbeat (loop alive)
[15:23:30] [info] flip-probe: flip #990 ok=true present=-1ms inter_flip_ms=53 drawcalls-since-flip=14 drawcalls-total=70636 fail-total=0 null-skips-total=0
[15:23:31] [info]  >> Entering stage 11: 'Mimiga Village'.
[15:23:31] [info] [skip-sheet-flush] cave=7
[15:23:31] [info] [load-stage] preloading entry music song=9 (cave=7)
[15:23:32] [info] gameloop: entered (curmap=11, running=1)
[15:23:32] [info] gameloop: iter 1 ticks=107920 mapno=-1
[15:23:32] [info] mds-clear-lut: rebuilt N=240 entries (k_skip=0% k_keep=100%; curmap=11 map_size=60x60; rebuild #5 since boot)
[15:23:32] [info] flip-probe: flip #1000 ok=true present=0ms inter_flip_ms=879 drawcalls-since-flip=331 drawcalls-total=72749 fail-total=0 null-skips-total=0
[15:23:32] [info] alpha audit block 0: 3310 total drawcalls, 0 with alpha<255 (block pct_x10=0; global 0/65463 pct_x10=0); alpha-mod skipped: block=0 global=0
[15:23:32] [info] fastpath audit block 0: taken=3310 (idx8=3310) skipped=0 pct_x10=1000; global taken=65463 (idx8=65463) skipped=0 pct_x10=1000
[15:23:32] [info] primitive tally block 0: clear=202(hr=202) fill=0(hr=0) rect=0(hr=0) line=0(hr=0) tint=0 spotlight=0 (over 100 flips ending at flip 1000)
[15:23:32] [info] color/alpha audit block 0: cmod_white=13 cmod_black=13 (idx=13) cmod_general=0 (idx=0) cmod_fb=0; alpha_taken=0 alpha_skipped=0 (global cmod=7341/5773/714/0 idx=5773/714 alpha=0/0)
[15:23:32] [info] phase timing block 0: drawcalls=3553 dc_total_ms=1085 flip_inner_total_ms=424 inter_flip_total_ms=6097 (per-flip avg x10: dc_ms=108 fi_ms=42 if_ms=609 derived audio+engine_ms=459; per-drawcall avg us_x10=3056) [direct-vesa: presents=100 total_ms=280 avg_ms_x10=28 failed=0] [ablation: NO_DC_TIMING=0 CACHE_WINSURF=0 DIRECT_VESA=1]
[15:23:32] [info] kbd/audio block 0: kbd_irq=0 kbd_drain=0 ring_chunks=16 pump_pass=2736 pic1_mask=0xb8 first_irq_ticks=0 install_ticks=0 vector_at_install=0x0083a5f8 pic1_mask_live=0xb8 kbd_8042_stat=0x34 bios_kbd_head=0x0026 bios_kbd_tail=0x0026 bios_kbd_buf0=0x3920
[15:23:32] [info] dirty-rect block @flip=1000: total_calls=0 dirty_rects_avg=1 dirty_pct_x10=1000 forced_full=0 first_n_force=0 threshold_exceeded=0 dirty_path_taken=0 full_flush_taken=0
[15:23:32] [info] prev-frame-diff block @flip=1000: diff_calls=0 diff_rects_avg=0 diff_dirty_pct_x10=0 bbox_pct_x10=0 bbox_thresh_exceeded=0
[15:23:32] [info] gameloop: iter 2 ticks=108139 mapno=-1
[15:23:32] [info] tas: stall frame 213 ms -> contributing 1 tick (patch 0286)
[15:23:32] [info] gameloop: iter 3 ticks=108194 mapno=-1
[15:23:33] [info] flip-probe: flip #1010 ok=true present=0ms inter_flip_ms=49 drawcalls-since-flip=42 drawcalls-total=74821 fail-total=0 null-skips-total=0
[15:23:33] [info] flip-probe: flip #1020 ok=true present=0ms inter_flip_ms=56 drawcalls-since-flip=42 drawcalls-total=75241 fail-total=0 null-skips-total=0
[15:23:34] [info] flip-probe: flip #1030 ok=true present=0ms inter_flip_ms=51 drawcalls-since-flip=53 drawcalls-total=75672 fail-total=0 null-skips-total=0
[15:23:34] [info] backdrop cache: thrashing-detect engaged (streak=4, route=direct)
[15:23:34] [info] flip-probe: flip #1040 ok=true present=-1ms inter_flip_ms=61 drawcalls-since-flip=49 drawcalls-total=76184 fail-total=0 null-skips-total=0
[15:23:35] [info] flip-probe: flip #1050 ok=true present=0ms inter_flip_ms=60 drawcalls-since-flip=48 drawcalls-total=76652 fail-total=0 null-skips-total=0
[15:23:36] [info] flip-probe: flip #1060 ok=true present=0ms inter_flip_ms=52 drawcalls-since-flip=46 drawcalls-total=77103 fail-total=0 null-skips-total=0
[15:23:36] [info] flip-probe: flip #1070 ok=true present=8ms inter_flip_ms=49 drawcalls-since-flip=47 drawcalls-total=77558 fail-total=0 null-skips-total=0
[15:23:37] [info] flip-probe: flip #1080 ok=true present=-1ms inter_flip_ms=57 drawcalls-since-flip=45 drawcalls-total=78011 fail-total=0 null-skips-total=0
[15:23:37] [info] run_tick_fixed #3000: heartbeat (loop alive)
[15:23:37] [info] flip-probe: flip #1090 ok=true present=-1ms inter_flip_ms=56 drawcalls-since-flip=45 drawcalls-total=78461 fail-total=0 null-skips-total=0
[15:23:38] [info] backdrop cache: thrashing-detect engaged (streak=64, route=direct)
[15:23:38] [info] flip-probe: flip #1100 ok=true present=8ms inter_flip_ms=52 drawcalls-since-flip=45 drawcalls-total=78911 fail-total=0 null-skips-total=0
[15:23:38] [info] alpha audit block 0: 4762 total drawcalls, 0 with alpha<255 (block pct_x10=0; global 0/70225 pct_x10=0); alpha-mod skipped: block=0 global=0
[15:23:38] [info] fastpath audit block 0: taken=4762 (idx8=4762) skipped=0 pct_x10=1000; global taken=70225 (idx8=70225) skipped=0 pct_x10=1000
[15:23:38] [info] primitive tally block 0: clear=200(hr=200) fill=0(hr=0) rect=0(hr=0) line=0(hr=0) tint=0 spotlight=0 (over 100 flips ending at flip 1100)
[15:23:38] [info] color/alpha audit block 0: cmod_white=1300 cmod_black=1300 (idx=1300) cmod_general=0 (idx=0) cmod_fb=0; alpha_taken=0 alpha_skipped=0 (global cmod=8641/7073/714/0 idx=7073/714 alpha=0/0)
[15:23:38] [info] phase timing block 0: drawcalls=7599 dc_total_ms=1124 flip_inner_total_ms=166 inter_flip_total_ms=6254 (per-flip avg x10: dc_ms=112 fi_ms=16 if_ms=625 derived audio+engine_ms=497; per-drawcall avg us_x10=1479) [direct-vesa: presents=100 total_ms=2 avg_ms_x10=0 failed=0] [ablation: NO_DC_TIMING=0 CACHE_WINSURF=0 DIRECT_VESA=1]
[15:23:38] [info] kbd/audio block 0: kbd_irq=0 kbd_drain=0 ring_chunks=16 pump_pass=3042 pic1_mask=0xb8 first_irq_ticks=0 install_ticks=0 vector_at_install=0x0083a5f8 pic1_mask_live=0xb8 kbd_8042_stat=0x34 bios_kbd_head=0x0026 bios_kbd_tail=0x0026 bios_kbd_buf0=0x3920
[15:23:38] [info] dirty-rect block @flip=1100: total_calls=0 dirty_rects_avg=1 dirty_pct_x10=1000 forced_full=0 first_n_force=0 threshold_exceeded=0 dirty_path_taken=0 full_flush_taken=0
[15:23:38] [info] prev-frame-diff block @flip=1100: diff_calls=0 diff_rects_avg=0 diff_dirty_pct_x10=0 bbox_pct_x10=0 bbox_thresh_exceeded=0
[15:23:38] [info] flip-probe: flip #1110 ok=true present=0ms inter_flip_ms=52 drawcalls-since-flip=44 drawcalls-total=79356 fail-total=0 null-skips-total=0
[15:23:39] [info] flip-probe: flip #1120 ok=true present=0ms inter_flip_ms=51 drawcalls-since-flip=17 drawcalls-total=79769 fail-total=0 null-skips-total=0
[15:23:40] [info] flip-probe: flip #1130 ok=true present=-1ms inter_flip_ms=55 drawcalls-since-flip=17 drawcalls-total=79939 fail-total=0 null-skips-total=0
[15:23:40] [info] flip-probe: flip #1140 ok=true present=-1ms inter_flip_ms=49 drawcalls-since-flip=19 drawcalls-total=80122 fail-total=0 null-skips-total=0
[15:23:41] [info] flip-probe: flip #1150 ok=true present=55ms inter_flip_ms=58 drawcalls-since-flip=19 drawcalls-total=80312 fail-total=0 null-skips-total=0
[15:23:41] [info] backdrop cache: thrashing-detect engaged (streak=124, route=direct)
[15:23:41] [info] flip-probe: flip #1160 ok=true present=7ms inter_flip_ms=50 drawcalls-since-flip=18 drawcalls-total=80498 fail-total=0 null-skips-total=0
[15:23:42] [info] flip-probe: flip #1170 ok=true present=0ms inter_flip_ms=55 drawcalls-since-flip=17 drawcalls-total=80673 fail-total=0 null-skips-total=0
[15:23:42] [info] flip-probe: flip #1180 ok=true present=0ms inter_flip_ms=48 drawcalls-since-flip=18 drawcalls-total=80851 fail-total=0 null-skips-total=0
[15:23:43] [info] flip-probe: flip #1190 ok=true present=8ms inter_flip_ms=48 drawcalls-since-flip=19 drawcalls-total=81037 fail-total=0 null-skips-total=0
[15:23:43] [info] run_tick_fixed #3300: heartbeat (loop alive)
[15:23:43] [info] tas: stall frame 278 ms -> contributing 1 tick (patch 0286)
[15:23:44] [info] flip-probe: flip #1200 ok=true present=-1ms inter_flip_ms=58 drawcalls-since-flip=19 drawcalls-total=81227 fail-total=0 null-skips-total=0
[15:23:44] [info] alpha audit block 0: 1969 total drawcalls, 0 with alpha<255 (block pct_x10=0; global 0/72194 pct_x10=0); alpha-mod skipped: block=0 global=0
[15:23:44] [info] fastpath audit block 0: taken=1969 (idx8=1969) skipped=0 pct_x10=1000; global taken=72194 (idx8=72194) skipped=0 pct_x10=1000
[15:23:44] [info] primitive tally block 0: clear=200(hr=200) fill=0(hr=0) rect=0(hr=0) line=0(hr=0) tint=0 spotlight=0 (over 100 flips ending at flip 1200)
[15:23:44] [info] color/alpha audit block 0: cmod_white=247 cmod_black=247 (idx=247) cmod_general=0 (idx=0) cmod_fb=0; alpha_taken=0 alpha_skipped=0 (global cmod=8888/7320/714/0 idx=7320/714 alpha=0/0)
[15:23:44] [info] phase timing block 0: drawcalls=2663 dc_total_ms=896 flip_inner_total_ms=499 inter_flip_total_ms=5775 (per-flip avg x10: dc_ms=89 fi_ms=49 if_ms=577 derived audio+engine_ms=439; per-drawcall avg us_x10=3367) [direct-vesa: presents=100 total_ms=348 avg_ms_x10=34 failed=0] [ablation: NO_DC_TIMING=0 CACHE_WINSURF=0 DIRECT_VESA=1]
[15:23:44] [info] kbd/audio block 0: kbd_irq=0 kbd_drain=0 ring_chunks=16 pump_pass=3317 pic1_mask=0xb8 first_irq_ticks=0 install_ticks=0 vector_at_install=0x0083a5f8 pic1_mask_live=0xb8 kbd_8042_stat=0x34 bios_kbd_head=0x0026 bios_kbd_tail=0x0026 bios_kbd_buf0=0x3920
[15:23:44] [info] dirty-rect block @flip=1200: total_calls=0 dirty_rects_avg=1 dirty_pct_x10=1000 forced_full=0 first_n_force=0 threshold_exceeded=0 dirty_path_taken=0 full_flush_taken=0
[15:23:44] [info] prev-frame-diff block @flip=1200: diff_calls=0 diff_rects_avg=0 diff_dirty_pct_x10=0 bbox_pct_x10=0 bbox_thresh_exceeded=0
[15:23:44] [info] flip-probe: flip #1210 ok=true present=-1ms inter_flip_ms=48 drawcalls-since-flip=20 drawcalls-total=81423 fail-total=0 null-skips-total=0
[15:23:45] [info] backdrop cache: thrashing-detect engaged (streak=184, route=direct)
[15:23:45] [info] flip-probe: flip #1220 ok=true present=-1ms inter_flip_ms=52 drawcalls-since-flip=20 drawcalls-total=81623 fail-total=0 null-skips-total=0
[15:23:45] [info] flip-probe: flip #1230 ok=true present=-1ms inter_flip_ms=51 drawcalls-since-flip=17 drawcalls-total=81814 fail-total=0 null-skips-total=0
[15:23:46] [info] flip-probe: flip #1240 ok=true present=-1ms inter_flip_ms=52 drawcalls-since-flip=17 drawcalls-total=81984 fail-total=0 null-skips-total=0
[15:23:46] [info] flip-probe: flip #1250 ok=true present=-1ms inter_flip_ms=59 drawcalls-since-flip=18 drawcalls-total=82157 fail-total=0 null-skips-total=0
[15:23:47] [info] flip-probe: flip #1260 ok=true present=-1ms inter_flip_ms=57 drawcalls-since-flip=17 drawcalls-total=82336 fail-total=0 null-skips-total=0
[15:23:48] [info] flip-probe: flip #1270 ok=true present=0ms inter_flip_ms=54 drawcalls-since-flip=16 drawcalls-total=82502 fail-total=0 null-skips-total=0
[15:23:48] [info] backdrop cache: thrashing-detect engaged (streak=244, route=direct)
[15:23:48] [info] flip-probe: flip #1280 ok=true present=-1ms inter_flip_ms=53 drawcalls-since-flip=19 drawcalls-total=82671 fail-total=0 null-skips-total=0
[15:23:49] [info] flip-probe: flip #1290 ok=true present=0ms inter_flip_ms=54 drawcalls-since-flip=22 drawcalls-total=82872 fail-total=0 null-skips-total=0
[15:23:49] [info] flip-probe: flip #1300 ok=true present=0ms inter_flip_ms=61 drawcalls-since-flip=18 drawcalls-total=83059 fail-total=0 null-skips-total=0
[15:23:49] [info] alpha audit block 0: 1732 total drawcalls, 0 with alpha<255 (block pct_x10=0; global 0/73926 pct_x10=0); alpha-mod skipped: block=0 global=0
[15:23:49] [info] fastpath audit block 0: taken=1732 (idx8=1732) skipped=0 pct_x10=1000; global taken=73926 (idx8=73926) skipped=0 pct_x10=1000
[15:23:49] [info] primitive tally block 0: clear=200(hr=200) fill=0(hr=0) rect=0(hr=0) line=0(hr=0) tint=0 spotlight=0 (over 100 flips ending at flip 1300)
[15:23:49] [info] phase timing block 0: drawcalls=1932 dc_total_ms=975 flip_inner_total_ms=47 inter_flip_total_ms=5547 (per-flip avg x10: dc_ms=97 fi_ms=4 if_ms=554 derived audio+engine_ms=453; per-drawcall avg us_x10=5046) [direct-vesa: presents=100 total_ms=15 avg_ms_x10=1 failed=0] [ablation: NO_DC_TIMING=0 CACHE_WINSURF=0 DIRECT_VESA=1]
[15:23:49] [info] kbd/audio block 0: kbd_irq=0 kbd_drain=0 ring_chunks=16 pump_pass=3594 pic1_mask=0xb8 first_irq_ticks=0 install_ticks=0 vector_at_install=0x0083a5f8 pic1_mask_live=0xb8 kbd_8042_stat=0x34 bios_kbd_head=0x0026 bios_kbd_tail=0x0026 bios_kbd_buf0=0x3920
[15:23:49] [info] dirty-rect block @flip=1300: total_calls=0 dirty_rects_avg=1 dirty_pct_x10=1000 forced_full=0 first_n_force=0 threshold_exceeded=0 dirty_path_taken=0 full_flush_taken=0
[15:23:49] [info] prev-frame-diff block @flip=1300: diff_calls=0 diff_rects_avg=0 diff_dirty_pct_x10=0 bbox_pct_x10=0 bbox_thresh_exceeded=0
[15:23:50] [info]  >> Entering stage 19: 'Assembly Hall'.
[15:23:50] [info] [skip-sheet-flush] cave=8
[15:23:51] [info] [load-stage] preloading entry music song=9 (cave=8)
[15:23:51] [info] gameloop: entered (curmap=19, running=1)
[15:23:51] [info] gameloop: iter 1 ticks=127362 mapno=-1
[15:23:51] [info] mds-clear-lut: rebuilt N=240 entries (k_skip=100% k_keep=0%; curmap=19 map_size=21x16; rebuild #6 since boot)
[15:23:51] [info] gameloop: iter 2 ticks=127469 mapno=-1
[15:23:51] [info] gameloop: iter 3 ticks=127578 mapno=-1
[15:23:51] [info] flip-probe: flip #1310 ok=true present=-1ms inter_flip_ms=110 drawcalls-since-flip=463 drawcalls-total=86173 fail-total=0 null-skips-total=0
[15:23:52] [info] flip-probe: flip #1320 ok=true present=-1ms inter_flip_ms=55 drawcalls-since-flip=122 drawcalls-total=87813 fail-total=0 null-skips-total=0
[15:23:52] [info] flip-probe: flip #1330 ok=true present=-1ms inter_flip_ms=52 drawcalls-since-flip=122 drawcalls-total=89033 fail-total=0 null-skips-total=0
[15:23:53] [info] flip-probe: flip #1340 ok=true present=-1ms inter_flip_ms=57 drawcalls-since-flip=125 drawcalls-total=90266 fail-total=0 null-skips-total=0
[15:23:54] [info] flip-probe: flip #1350 ok=true present=-1ms inter_flip_ms=58 drawcalls-since-flip=124 drawcalls-total=91496 fail-total=0 null-skips-total=0
[15:23:54] [info] flip-probe: flip #1360 ok=true present=-1ms inter_flip_ms=56 drawcalls-since-flip=122 drawcalls-total=92723 fail-total=0 null-skips-total=0
[15:23:55] [info] flip-probe: flip #1370 ok=true present=-1ms inter_flip_ms=55 drawcalls-since-flip=122 drawcalls-total=93943 fail-total=0 null-skips-total=0
[15:23:55] [info] flip-probe: flip #1380 ok=true present=0ms inter_flip_ms=51 drawcalls-since-flip=122 drawcalls-total=95163 fail-total=0 null-skips-total=0
[15:23:56] [info] flip-probe: flip #1390 ok=true present=0ms inter_flip_ms=111 drawcalls-since-flip=462 drawcalls-total=97415 fail-total=0 null-skips-total=0
[15:23:56] [info]  >> Entering stage 11: 'Mimiga Village'.
[15:23:56] [info] [skip-sheet-flush] cave=9
[15:23:57] [info] [load-stage] preloading entry music song=9 (cave=9)
[15:23:57] [info] gameloop: entered (curmap=11, running=1)
[15:23:57] [info] gameloop: iter 1 ticks=133731 mapno=-1
[15:23:57] [info] mds-clear-lut: rebuilt N=240 entries (k_skip=0% k_keep=100%; curmap=11 map_size=60x60; rebuild #7 since boot)
[15:23:57] [info] gameloop: iter 2 ticks=133842 mapno=-1
[15:23:58] [info] gameloop: iter 3 ticks=133949 mapno=-1
[15:23:58] [info] tas: stall frame 168 ms -> contributing 1 tick (patch 0286)
[15:23:58] [info] backdrop cache: thrashing-detect engaged (streak=4, route=direct)
[15:23:58] [info] flip-probe: flip #1400 ok=true present=-1ms inter_flip_ms=59 drawcalls-since-flip=176 drawcalls-total=100947 fail-total=0 null-skips-total=0
[15:23:58] [info] alpha audit block 0: 16666 total drawcalls, 0 with alpha<255 (block pct_x10=0; global 0/90592 pct_x10=0); alpha-mod skipped: block=0 global=0
[15:23:58] [info] fastpath audit block 0: taken=16666 (idx8=16666) skipped=0 pct_x10=1000; global taken=90592 (idx8=90592) skipped=0 pct_x10=1000
[15:23:58] [info] primitive tally block 0: clear=202(hr=202) fill=0(hr=0) rect=0(hr=0) line=0(hr=0) tint=0 spotlight=0 (over 100 flips ending at flip 1400)
[15:23:58] [info] color/alpha audit block 0: cmod_white=1122 cmod_black=1122 (idx=1122) cmod_general=0 (idx=0) cmod_fb=0; alpha_taken=0 alpha_skipped=0 (global cmod=10010/8442/714/0 idx=8442/714 alpha=0/0)
[15:23:58] [info] phase timing block 0: drawcalls=19204 dc_total_ms=2691 flip_inner_total_ms=460 inter_flip_total_ms=8786 (per-flip avg x10: dc_ms=269 fi_ms=46 if_ms=878 derived audio+engine_ms=563; per-drawcall avg us_x10=1401) [direct-vesa: presents=100 total_ms=368 avg_ms_x10=36 failed=0] [ablation: NO_DC_TIMING=0 CACHE_WINSURF=0 DIRECT_VESA=1]
[15:23:58] [info] kbd/audio block 0: kbd_irq=0 kbd_drain=0 ring_chunks=16 pump_pass=3919 pic1_mask=0xb8 first_irq_ticks=0 install_ticks=0 vector_at_install=0x0083a5f8 pic1_mask_live=0xb8 kbd_8042_stat=0x34 bios_kbd_head=0x0026 bios_kbd_tail=0x0026 bios_kbd_buf0=0x3920
[15:23:58] [info] dirty-rect block @flip=1400: total_calls=0 dirty_rects_avg=1 dirty_pct_x10=1000 forced_full=0 first_n_force=0 threshold_exceeded=0 dirty_path_taken=0 full_flush_taken=0
[15:23:58] [info] prev-frame-diff block @flip=1400: diff_calls=0 diff_rects_avg=0 diff_dirty_pct_x10=0 bbox_pct_x10=0 bbox_thresh_exceeded=0
[15:23:58] [info] tas: stall frame 164 ms -> contributing 1 tick (patch 0286)
[15:23:59] [info] flip-probe: flip #1410 ok=true present=0ms inter_flip_ms=53 drawcalls-since-flip=46 drawcalls-total=101484 fail-total=0 null-skips-total=0
[15:23:59] [info] flip-probe: flip #1420 ok=true present=-1ms inter_flip_ms=54 drawcalls-since-flip=42 drawcalls-total=101929 fail-total=0 null-skips-total=0
[15:24:00] [info] flip-probe: flip #1430 ok=true present=-1ms inter_flip_ms=54 drawcalls-since-flip=44 drawcalls-total=102358 fail-total=0 null-skips-total=0
[15:24:00] [info] flip-probe: flip #1440 ok=true present=0ms inter_flip_ms=53 drawcalls-since-flip=44 drawcalls-total=102800 fail-total=0 null-skips-total=0
[15:24:01] [info] flip-probe: flip #1450 ok=true present=55ms inter_flip_ms=57 drawcalls-since-flip=46 drawcalls-total=103236 fail-total=0 null-skips-total=0
[15:24:02] [info] backdrop cache: thrashing-detect engaged (streak=64, route=direct)
[15:24:02] [info] flip-probe: flip #1460 ok=true present=0ms inter_flip_ms=55 drawcalls-since-flip=45 drawcalls-total=103689 fail-total=0 null-skips-total=0
[15:24:02] [info] flip-probe: flip #1470 ok=true present=-1ms inter_flip_ms=54 drawcalls-since-flip=44 drawcalls-total=104133 fail-total=0 null-skips-total=0
[15:24:03] [info] flip-probe: flip #1480 ok=true present=-1ms inter_flip_ms=57 drawcalls-since-flip=43 drawcalls-total=104570 fail-total=0 null-skips-total=0
[15:24:03] [info] flip-probe: flip #1490 ok=true present=0ms inter_flip_ms=52 drawcalls-since-flip=43 drawcalls-total=105000 fail-total=0 null-skips-total=0
[15:24:04] [info] flip-probe: flip #1500 ok=true present=-1ms inter_flip_ms=54 drawcalls-since-flip=44 drawcalls-total=105437 fail-total=0 null-skips-total=0
[15:24:04] [info] alpha audit block 0: 3090 total drawcalls, 0 with alpha<255 (block pct_x10=0; global 0/93682 pct_x10=0); alpha-mod skipped: block=0 global=0
[15:24:04] [info] fastpath audit block 0: taken=3090 (idx8=3090) skipped=0 pct_x10=1000; global taken=93682 (idx8=93682) skipped=0 pct_x10=1000
[15:24:04] [info] primitive tally block 0: clear=200(hr=200) fill=0(hr=0) rect=0(hr=0) line=0(hr=0) tint=0 spotlight=0 (over 100 flips ending at flip 1500)
[15:24:04] [info] color/alpha audit block 0: cmod_white=1300 cmod_black=1300 (idx=1300) cmod_general=0 (idx=0) cmod_fb=0; alpha_taken=0 alpha_skipped=0 (global cmod=11310/9742/714/0 idx=9742/714 alpha=0/0)
[15:24:04] [info] phase timing block 0: drawcalls=5890 dc_total_ms=572 flip_inner_total_ms=457 inter_flip_total_ms=5877 (per-flip avg x10: dc_ms=57 fi_ms=45 if_ms=587 derived audio+engine_ms=485; per-drawcall avg us_x10=972) [direct-vesa: presents=100 total_ms=148 avg_ms_x10=14 failed=0] [ablation: NO_DC_TIMING=0 CACHE_WINSURF=0 DIRECT_VESA=1]
[15:24:04] [info] kbd/audio block 0: kbd_irq=0 kbd_drain=0 ring_chunks=16 pump_pass=4206 pic1_mask=0xb8 first_irq_ticks=0 install_ticks=0 vector_at_install=0x0083a5f8 pic1_mask_live=0xb8 kbd_8042_stat=0x34 bios_kbd_head=0x0026 bios_kbd_tail=0x0026 bios_kbd_buf0=0x3920
[15:24:04] [info] dirty-rect block @flip=1500: total_calls=0 dirty_rects_avg=1 dirty_pct_x10=1000 forced_full=0 first_n_force=0 threshold_exceeded=0 dirty_path_taken=0 full_flush_taken=0
[15:24:04] [info] prev-frame-diff block @flip=1500: diff_calls=0 diff_rects_avg=0 diff_dirty_pct_x10=0 bbox_pct_x10=0 bbox_thresh_exceeded=0
[15:24:04] [info] tas: stall frame 331 ms -> contributing 1 tick (patch 0286)
[15:24:05] [info] flip-probe: flip #1510 ok=true present=0ms inter_flip_ms=57 drawcalls-since-flip=45 drawcalls-total=105880 fail-total=0 null-skips-total=0
[15:24:05] [info] backdrop cache: thrashing-detect engaged (streak=124, route=direct)
[15:24:05] [info] flip-probe: flip #1520 ok=true present=0ms inter_flip_ms=50 drawcalls-since-flip=16 drawcalls-total=106162 fail-total=0 null-skips-total=0
[15:24:06] [info] flip-probe: flip #1530 ok=true present=-1ms inter_flip_ms=108 drawcalls-since-flip=15 drawcalls-total=106313 fail-total=0 null-skips-total=0
[15:24:07] [info] flip-probe: flip #1540 ok=true present=0ms inter_flip_ms=112 drawcalls-since-flip=4 drawcalls-total=108396 fail-total=0 null-skips-total=0
[15:24:07] [info]  >> Entering stage 14: 'Shack'.
[15:24:07] [info] [skip-sheet-flush] cave=10
[15:24:07] [info] [load-stage] preloading entry music song=8 (cave=10)
[15:24:07] [info] gus backend: on_song_stop (all voices stopped).
[15:24:08] [info] MidiScheduler::load: parsed 'data/orgmid2/vivi.mid' = 11188 events at 48 PPQ
[15:24:09] [info] gus .pat 'acpiano': 5 sample(s) -> 5 resident (multisample).
[15:24:09] [info] gus .pat 'epiano1': 1 sample(s) -> 1 resident (multisample).
[15:24:09] [info] gus .pat 'acbass': 1 sample(s) -> 1 resident (multisample).
[15:24:09] [info] gus .pat 'altosax': 3 sample(s) -> 3 resident (multisample).
[15:24:10] [info] gus .pat 'flute': 3 sample(s) -> 3 resident (multisample).
[15:24:10] [info] gus .pat 'sqrwave': 1 sample(s) -> 1 resident (multisample).
[15:24:11] [info] gus .pat 'calliope': 1 sample(s) -> 1 resident (multisample).
[15:24:11] [info] gus .pat 'warmpad': 1 sample(s) -> 1 resident (multisample).
[15:24:11] [info] gus .pat 'kick1': 1 sample(s) -> 1 resident (drum/single).
[15:24:12] [info] gus .pat 'snare1': 1 sample(s) -> 1 resident (drum/single).
[15:24:12] [info] gus .pat 'hihatcl': 1 sample(s) -> 1 resident (drum/single).
[15:24:12] [info] gus .pat 'tommid2': 1 sample(s) -> 1 resident (drum/single).
[15:24:12] [warn] gus backend: 'hihatop.pat' DRAM upload failed (full?); instrument silent. dram_size=1048576 bytes.
[15:24:12] [info] gus backend: on_song_start -- uploaded 12 instruments (1 missing/silent) into 1019 KB DRAM for this song; 20 subsamples resident, 0 instrument(s) K-capped/DRAM-truncated (multisample on).
[15:24:12] [info] gameloop: entered (curmap=14, running=1)
[15:24:12] [info] gameloop: iter 1 ticks=148781 mapno=-1
[15:24:12] [info] gameloop: iter 2 ticks=148888 mapno=-1
[15:24:13] [info] gameloop: iter 3 ticks=149005 mapno=-1
[15:24:13] [info] flip-probe: flip #1550 ok=true present=-1ms inter_flip_ms=52 drawcalls-since-flip=13 drawcalls-total=110258 fail-total=0 null-skips-total=0
[15:24:13] [info] flip-probe: flip #1560 ok=true present=-1ms inter_flip_ms=60 drawcalls-since-flip=24 drawcalls-total=110498 fail-total=0 null-skips-total=0
[15:24:14] [info] flip-probe: flip #1570 ok=true present=-1ms inter_flip_ms=53 drawcalls-since-flip=24 drawcalls-total=110738 fail-total=0 null-skips-total=0
[15:24:14] [info] flip-probe: flip #1580 ok=true present=55ms inter_flip_ms=-3 drawcalls-since-flip=27 drawcalls-total=110996 fail-total=0 null-skips-total=0
[15:24:15] [info] flip-probe: flip #1590 ok=true present=8ms inter_flip_ms=52 drawcalls-since-flip=25 drawcalls-total=111260 fail-total=0 null-skips-total=0
[15:24:15] [info] flip-probe: flip #1600 ok=true present=-1ms inter_flip_ms=56 drawcalls-since-flip=24 drawcalls-total=111500 fail-total=0 null-skips-total=0
[15:24:15] [info] alpha audit block 0: 5541 total drawcalls, 0 with alpha<255 (block pct_x10=0; global 0/99223 pct_x10=0); alpha-mod skipped: block=0 global=0
[15:24:15] [info] fastpath audit block 0: taken=5541 (idx8=5541) skipped=0 pct_x10=1000; global taken=99223 (idx8=99223) skipped=0 pct_x10=1000
[15:24:15] [info] primitive tally block 0: clear=201(hr=201) fill=0(hr=0) rect=0(hr=0) line=0(hr=0) tint=0 spotlight=0 (over 100 flips ending at flip 1600)
[15:24:15] [info] color/alpha audit block 0: cmod_white=482 cmod_black=482 (idx=482) cmod_general=0 (idx=0) cmod_fb=0; alpha_taken=0 alpha_skipped=0 (global cmod=11792/10224/714/0 idx=10224/714 alpha=0/0)
[15:24:15] [info] phase timing block 0: drawcalls=6706 dc_total_ms=1212 flip_inner_total_ms=544 inter_flip_total_ms=11315 (per-flip avg x10: dc_ms=121 fi_ms=54 if_ms=1131 derived audio+engine_ms=956; per-drawcall avg us_x10=1808) [direct-vesa: presents=100 total_ms=487 avg_ms_x10=48 failed=0] [ablation: NO_DC_TIMING=0 CACHE_WINSURF=0 DIRECT_VESA=1]
[15:24:15] [info] kbd/audio block 0: kbd_irq=0 kbd_drain=0 ring_chunks=16 pump_pass=4469 pic1_mask=0xb8 first_irq_ticks=0 install_ticks=0 vector_at_install=0x0083a5f8 pic1_mask_live=0xb8 kbd_8042_stat=0x34 bios_kbd_head=0x0026 bios_kbd_tail=0x0026 bios_kbd_buf0=0x3920
[15:24:15] [info] dirty-rect block @flip=1600: total_calls=0 dirty_rects_avg=1 dirty_pct_x10=1000 forced_full=0 first_n_force=0 threshold_exceeded=0 dirty_path_taken=0 full_flush_taken=0
[15:24:15] [info] prev-frame-diff block @flip=1600: diff_calls=0 diff_rects_avg=0 diff_dirty_pct_x10=0 bbox_pct_x10=0 bbox_thresh_exceeded=0
[15:24:16] [info] flip-probe: flip #1610 ok=true present=-1ms inter_flip_ms=57 drawcalls-since-flip=24 drawcalls-total=111740 fail-total=0 null-skips-total=0
[15:24:16] [info] flip-probe: flip #1620 ok=true present=0ms inter_flip_ms=52 drawcalls-since-flip=24 drawcalls-total=111980 fail-total=0 null-skips-total=0
[15:24:17] [info] flip-probe: flip #1630 ok=true present=7ms inter_flip_ms=48 drawcalls-since-flip=24 drawcalls-total=112220 fail-total=0 null-skips-total=0
[15:24:17] [info] flip-probe: flip #1640 ok=true present=-1ms inter_flip_ms=52 drawcalls-since-flip=24 drawcalls-total=112460 fail-total=0 null-skips-total=0
[15:24:17] [info] flip-probe: flip #1650 ok=true present=-1ms inter_flip_ms=56 drawcalls-since-flip=24 drawcalls-total=112700 fail-total=0 null-skips-total=0
[15:24:18] [info]  >> Entering stage 11: 'Mimiga Village'.
[15:24:18] [info] [skip-sheet-flush] cave=11
[15:24:19] [info] [load-stage] preloading entry music song=9 (cave=11)
[15:24:19] [info] gus backend: on_song_stop (all voices stopped).
[15:24:19] [info] MidiScheduler::load: parsed 'data/orgmid2/mura.mid' = 7123 events at 48 PPQ
[15:24:20] [info] gus .pat 'acpiano': 5 sample(s) -> 5 resident (multisample).
[15:24:20] [info] gus .pat 'epiano1': 1 sample(s) -> 1 resident (multisample).
[15:24:20] [info] gus .pat 'acbass': 1 sample(s) -> 1 resident (multisample).
[15:24:21] [info] gus .pat 'altosax': 3 sample(s) -> 3 resident (multisample).
[15:24:21] [info] gus .pat 'flute': 3 sample(s) -> 3 resident (multisample).
[15:24:22] [info] gus .pat 'sqrwave': 1 sample(s) -> 1 resident (multisample).
[15:24:22] [info] gus .pat 'calliope': 1 sample(s) -> 1 resident (multisample).
[15:24:22] [info] gus .pat 'warmpad': 1 sample(s) -> 1 resident (multisample).
[15:24:23] [info] gus .pat 'kick1': 1 sample(s) -> 1 resident (drum/single).
[15:24:23] [info] gus .pat 'snare1': 1 sample(s) -> 1 resident (drum/single).
[15:24:23] [info] gus .pat 'hihatcl': 1 sample(s) -> 1 resident (drum/single).
[15:24:23] [info] gus .pat 'tommid2': 1 sample(s) -> 1 resident (drum/single).
[15:24:24] [warn] gus backend: 'hihatop.pat' DRAM upload failed (full?); instrument silent. dram_size=1048576 bytes.
[15:24:24] [info] gus backend: on_song_start -- uploaded 12 instruments (1 missing/silent) into 1019 KB DRAM for this song; 20 subsamples resident, 0 instrument(s) K-capped/DRAM-truncated (multisample on).
[15:24:24] [info] gameloop: entered (curmap=11, running=1)
[15:24:24] [info] gameloop: iter 1 ticks=160099 mapno=-1
[15:24:24] [info] flip-probe: flip #1660 ok=true present=-1ms inter_flip_ms=5875 drawcalls-since-flip=382 drawcalls-total=115343 fail-total=0 null-skips-total=0
[15:24:24] [info] gameloop: iter 2 ticks=160265 mapno=-1
[15:24:24] [info] gameloop: iter 3 ticks=160368 mapno=-1
[15:24:24] [info] backdrop cache: thrashing-detect engaged (streak=4, route=direct)
[15:24:25] [info] flip-probe: flip #1670 ok=true present=-1ms inter_flip_ms=63 drawcalls-since-flip=41 drawcalls-total=116976 fail-total=0 null-skips-total=0
[15:24:25] [info] flip-probe: flip #1680 ok=true present=-1ms inter_flip_ms=54 drawcalls-since-flip=44 drawcalls-total=117402 fail-total=0 null-skips-total=0
[15:24:26] [info] flip-probe: flip #1690 ok=true present=0ms inter_flip_ms=57 drawcalls-since-flip=46 drawcalls-total=117846 fail-total=0 null-skips-total=0
[15:24:26] [info] flip-probe: flip #1700 ok=true present=0ms inter_flip_ms=54 drawcalls-since-flip=44 drawcalls-total=118309 fail-total=0 null-skips-total=0
[15:24:26] [info] alpha audit block 0: 5940 total drawcalls, 0 with alpha<255 (block pct_x10=0; global 0/105163 pct_x10=0); alpha-mod skipped: block=0 global=0
[15:24:26] [info] fastpath audit block 0: taken=5940 (idx8=5940) skipped=0 pct_x10=1000; global taken=105163 (idx8=105163) skipped=0 pct_x10=1000
[15:24:26] [info] primitive tally block 0: clear=201(hr=201) fill=0(hr=0) rect=0(hr=0) line=0(hr=0) tint=0 spotlight=0 (over 100 flips ending at flip 1700)
[15:24:26] [info] color/alpha audit block 0: cmod_white=828 cmod_black=828 (idx=828) cmod_general=0 (idx=0) cmod_fb=0; alpha_taken=0 alpha_skipped=0 (global cmod=12620/11052/714/0 idx=11052/714 alpha=0/0)
[15:24:26] [info] phase timing block 0: drawcalls=7802 dc_total_ms=1205 flip_inner_total_ms=470 inter_flip_total_ms=11200 (per-flip avg x10: dc_ms=120 fi_ms=47 if_ms=1120 derived audio+engine_ms=953; per-drawcall avg us_x10=1545) [direct-vesa: presents=100 total_ms=351 avg_ms_x10=35 failed=0] [ablation: NO_DC_TIMING=0 CACHE_WINSURF=0 DIRECT_VESA=1]
[15:24:26] [info] kbd/audio block 0: kbd_irq=0 kbd_drain=0 ring_chunks=16 pump_pass=4741 pic1_mask=0xb8 first_irq_ticks=0 install_ticks=0 vector_at_install=0x0083a5f8 pic1_mask_live=0xb8 kbd_8042_stat=0x34 bios_kbd_head=0x0026 bios_kbd_tail=0x0026 bios_kbd_buf0=0x3920
[15:24:26] [info] dirty-rect block @flip=1700: total_calls=0 dirty_rects_avg=1 dirty_pct_x10=1000 forced_full=0 first_n_force=0 threshold_exceeded=0 dirty_path_taken=0 full_flush_taken=0
[15:24:26] [info] prev-frame-diff block @flip=1700: diff_calls=0 diff_rects_avg=0 diff_dirty_pct_x10=0 bbox_pct_x10=0 bbox_thresh_exceeded=0
[15:24:27] [info] flip-probe: flip #1710 ok=true present=-1ms inter_flip_ms=60 drawcalls-since-flip=43 drawcalls-total=118739 fail-total=0 null-skips-total=0
[15:24:28] [info] flip-probe: flip #1720 ok=true present=-1ms inter_flip_ms=55 drawcalls-since-flip=45 drawcalls-total=119195 fail-total=0 null-skips-total=0
[15:24:28] [info] backdrop cache: thrashing-detect engaged (streak=64, route=direct)
[15:24:28] [info] flip-probe: flip #1730 ok=true present=-1ms inter_flip_ms=52 drawcalls-since-flip=45 drawcalls-total=119645 fail-total=0 null-skips-total=0
[15:24:29] [info] flip-probe: flip #1740 ok=true present=0ms inter_flip_ms=52 drawcalls-since-flip=46 drawcalls-total=120099 fail-total=0 null-skips-total=0
[15:24:29] [info] flip-probe: flip #1750 ok=true present=-1ms inter_flip_ms=57 drawcalls-since-flip=45 drawcalls-total=120561 fail-total=0 null-skips-total=0
[15:24:30] [info] backdrop cache: thrashing-detect engaged (streak=4, route=direct)
[15:24:30] [info] flip-probe: flip #1760 ok=true present=0ms inter_flip_ms=51 drawcalls-since-flip=44 drawcalls-total=121002 fail-total=0 null-skips-total=0
[15:24:31] [info] backdrop cache: thrashing-detect engaged (streak=4, route=direct)
[15:24:31] [info] flip-probe: flip #1770 ok=true present=-1ms inter_flip_ms=54 drawcalls-since-flip=46 drawcalls-total=121450 fail-total=0 null-skips-total=0
[15:24:31] [info] flip-probe: flip #1780 ok=true present=0ms inter_flip_ms=57 drawcalls-since-flip=21 drawcalls-total=121889 fail-total=0 null-skips-total=0
[15:24:32] [info] flip-probe: flip #1790 ok=true present=7ms inter_flip_ms=49 drawcalls-since-flip=19 drawcalls-total=122087 fail-total=0 null-skips-total=0
[15:24:32] [info] flip-probe: flip #1800 ok=true present=-1ms inter_flip_ms=62 drawcalls-since-flip=19 drawcalls-total=122277 fail-total=0 null-skips-total=0
[15:24:32] [info] alpha audit block 0: 2841 total drawcalls, 0 with alpha<255 (block pct_x10=0; global 0/108004 pct_x10=0); alpha-mod skipped: block=0 global=0
[15:24:32] [info] fastpath audit block 0: taken=2841 (idx8=2841) skipped=0 pct_x10=1000; global taken=108004 (idx8=108004) skipped=0 pct_x10=1000
[15:24:32] [info] primitive tally block 0: clear=200(hr=200) fill=0(hr=0) rect=0(hr=0) line=0(hr=0) tint=0 spotlight=0 (over 100 flips ending at flip 1800)
[15:24:32] [info] color/alpha audit block 0: cmod_white=1027 cmod_black=1027 (idx=1027) cmod_general=0 (idx=0) cmod_fb=0; alpha_taken=0 alpha_skipped=0 (global cmod=13647/12079/714/0 idx=12079/714 alpha=0/0)
[15:24:32] [info] phase timing block 0: drawcalls=5106 dc_total_ms=948 flip_inner_total_ms=191 inter_flip_total_ms=5830 (per-flip avg x10: dc_ms=94 fi_ms=19 if_ms=583 derived audio+engine_ms=470; per-drawcall avg us_x10=1857) [direct-vesa: presents=100 total_ms=123 avg_ms_x10=12 failed=0] [ablation: NO_DC_TIMING=0 CACHE_WINSURF=0 DIRECT_VESA=1]
[15:24:32] [info] kbd/audio block 0: kbd_irq=0 kbd_drain=0 ring_chunks=16 pump_pass=5032 pic1_mask=0xb8 first_irq_ticks=0 install_ticks=0 vector_at_install=0x0083a5f8 pic1_mask_live=0xb8 kbd_8042_stat=0x34 bios_kbd_head=0x0026 bios_kbd_tail=0x0026 bios_kbd_buf0=0x3920
[15:24:32] [info] dirty-rect block @flip=1800: total_calls=0 dirty_rects_avg=1 dirty_pct_x10=1000 forced_full=0 first_n_force=0 threshold_exceeded=0 dirty_path_taken=0 full_flush_taken=0
[15:24:32] [info] prev-frame-diff block @flip=1800: diff_calls=0 diff_rects_avg=0 diff_dirty_pct_x10=0 bbox_pct_x10=0 bbox_thresh_exceeded=0
[15:24:33] [info] flip-probe: flip #1810 ok=true present=7ms inter_flip_ms=47 drawcalls-since-flip=19 drawcalls-total=122467 fail-total=0 null-skips-total=0
[15:24:33] [info] flip-probe: flip #1820 ok=true present=55ms inter_flip_ms=-2 drawcalls-since-flip=19 drawcalls-total=122657 fail-total=0 null-skips-total=0
[15:24:34] [info] backdrop cache: thrashing-detect engaged (streak=64, route=direct)
[15:24:34] [info] flip-probe: flip #1830 ok=true present=-1ms inter_flip_ms=52 drawcalls-since-flip=60 drawcalls-total=122970 fail-total=0 null-skips-total=0
[15:24:34] [info] flip-probe: flip #1840 ok=true present=-1ms inter_flip_ms=53 drawcalls-since-flip=60 drawcalls-total=123570 fail-total=0 null-skips-total=0
[15:24:35] [info] flip-probe: flip #1850 ok=true present=-1ms inter_flip_ms=53 drawcalls-since-flip=60 drawcalls-total=124170 fail-total=0 null-skips-total=0
[15:24:36] [info] flip-probe: flip #1860 ok=true present=0ms inter_flip_ms=52 drawcalls-since-flip=60 drawcalls-total=124770 fail-total=0 null-skips-total=0
[15:24:36] [info] tas: end-of-replay auto-exit at tick 5140 (recording exhausted; set DOSKUTSU_TAS_REPLAY_HOLD=1 to disable + observe steady-state past recording end)
[15:24:36] [info] Script engine shutdown.
[15:24:36] [info] gus backend: on_song_stop (all voices stopped).
[15:24:36] [info] gus backend shutdown (all voices stopped; GF1 in reset).
[15:24:36] [info] Organya init...
[15:24:37] [info] Organya init done
[15:24:37] [info] Sound system shutdown
[15:24:37] [info] Renderer::Close()
[15:24:38] [info] tas: replay file closed
[15:24:38] [info] [fps-true] flips=1861 render_s=169 fps_mean=11.0 (clock-independent: flips / seconds since the FIRST flip; use THIS for the fps matrix, not inter_flip medians, which are invalid in any cell running the PIT/IRQ-0 music pump)
[RUNMANIFEST-BEGIN]
schema_version=1
environment=realhw
binary_sha12=f8d446b4b0e0
wave_tag=523A
scene=
env_block_sha=459a4726287b
started_utc=2026-11-19T08:26:53Z
duration_s=185
exit_code=0
fps_p50=NA
fps_p95=NA
audio_vital_status=NA
regime=NA
banner_required_hit=0
banner_required_total=0
banner_forbidden_hit=0
banner_optional_hit=0
critical_count=0
warn_count=0
[RUNMANIFEST-END]
[15:24:38] [info] [runmanifest-emit] schema=v1 env=realhw sha12=f8d446b4b0e0 dur=185s tag='523A' scene='' env_sha=459a4726287b (signals=0x4)
