Logger::init: wave-53 log level=INFO path='LOGS/531.LOG'
[15:03:30] [info] config: loaded DOSKUTSU.CFG (3 keys)
[15:03:30] [info] tas: PRNG seed forced to 12345 via DOSKUTSU_TAS_PRNG_SEED
[15:03:30] [info] tas: auto-exit armed at tick 30000 via DOSKUTSU_TAS_AUTO_EXIT_TICK
[15:03:30] [info] tas: replay opened path='QA.TAS' header_seed=12345
[15:03:31] [info] data cache: DISABLED (default)
[15:03:31] [info] Joystick: skipped (default; set DOSKUTSU_USE_JOYSTICK=1 to enable -- skips SDL3-DOS gameport BIOS INT 15h polling, ~82 ms / flip on real HW)
[15:03:31] [info] Loading settings...
[15:03:31] [info] [input-bind] applied=0 invert_y=0 dos_axes=1
[15:03:31] [info] Renderer::initVideo: 8bpp mode requested via SDL_HINT_DOS_MAX_BPP=8 (wave 16); SDL3-DOS will pick the highest-bpp <= 8 mode at requested resolution
[15:03:31] [info] Renderer::initVideo: DOS resolution-label lock ENABLED (default)
[15:03:32] [info] Renderer::initVideo: using: software renderer
[15:03:35] [info] Renderer::initVideo: dirty-rect tracking ENABLED (wave 15, default ON; set SDL_HINT_DOSKUTSU_DIRTY_RECTS=0 to disable)
[15:03:35] [info] Renderer::initVideo: ablation flags: NO_DC_TIMING=0 CACHE_WINSURF=0 NO_INPUT_POLL=0 DIRECT_VESA=1
[15:03:35] [info] Renderer::initVideo: direct-VESA hot path ENABLED (default since wave 20 patch 0088; bypasses SDL_RenderPresent / SDL_UpdateWindowSurface and writes via SDL/0034's PresentFull helper; R2 mitigation handled by SDL/0034 generation counter -- no per-N-flip heartbeat needed; set SDL_HINT_DOSKUTSU_DIRECT_VESA=0 to revert)
[15:03:35] [info] Renderer::initVideo: flip-phase instrumentation DISABLED (default; set SDL_HINT_DOSKUTSU_FLIP_INSTR=1 to opt in for wave-20 Lever A diagnostic)
[15:03:35] [info] Renderer::initVideo: asm opaque-span blit lever DISABLED (default; set SDL_HINT_DOSKUTSU_ASM_BLIT=1 to opt in -- wave-51 _blit_indexed colorkey-blit lever)
[15:03:35] [info] Renderer::initVideo: blit-decomp instrumentation DISABLED (default; set SDL_HINT_DOSKUTSU_BLIT_DECOMP=1 to opt in -- wave-51 _blit_indexed sub-decomp sizing)
[15:03:35] [info] Renderer::initVideo: mds-scroll-decomp instrumentation DISABLED (default; set SDL_HINT_DOSKUTSU_MDS_DECOMP=1 to opt in -- wave-52 mode_draw_scene scrolling-block decomp)
[15:03:35] [info] Renderer::initVideo: DOSVESA pump yield: skipped (default) (per-flip explicit SDL_Delay(0) yield is always on; set SDL_HINT_DOSKUTSU_FORCE_PUMP_YIELD=1 to restore old per-pump yield)
[15:03:35] [info] Renderer::initVideo: indexed-mode (8bpp) ENABLED -- master palette + 107 per-asset remap LUTs loaded (wave 16, default ON; set SDL_HINT_DOSKUTSU_PIXEL_FORMAT_8=0 to disable)
[15:03:35] [info] Renderer::initVideo: master palette attached to window surface (format=SDL_PIXELFORMAT_INDEX8, ncolors=256)
[15:03:35] [info] Renderer::initVideo: indexed-mode smoke: idx0=(0,0,0) OK idx255=(255,0,255) OK
[15:03:35] [info] Renderer::initVideo: indexed-mode smoke: paletteRemapFor('MyChar.pbm') = present
[15:03:36] [info] Surface::loadImage palmap-diag #1: 'data/Loading.pbm' fmt=SDL_PIXELFORMAT_ABGR8888 remap=HIT -> path=truecolor
[15:03:36] [info] Renderer: prev-frame diff DISABLED (default since wave 17.6; set SDL_HINT_DOSKUTSU_PREVFRAME_DIFF=1 to opt in)
[15:03:36] [info] flip-probe: renderer=software window_ptr=8809312 colorspace=301991328 window_size=320x240 framebuffer_pixels=320x240 logical_present=320x240 mode=2
[15:03:36] [info] flip-probe: first flip ok=true present=58ms inter_flip_ms=0 drawcalls-since-flip=1 drawcalls-total=1
[15:03:36] [info] Sound system init
[15:03:36] [info] Sound system: 4-state audio enable (#31) -- music=on sfx=on (MUSIC_OFF/AUDIO_BACKEND=none -> music-off; SFX_OFF/SFX_DEVICE=none -> sfx-off; both gates are dispatch-level, the device still opens; AUDIO_OFF=1 is the device-level both-off).
[15:03:36] [info] Sound system: Tier-2 audio config (default since wave 21 patch 0093; 11025 Hz, 1 channel, buffer pinned to 256 frames). Measured savings on g2k Pentium OverDrive 83 MHz (W21A): heavy-music scenes ~+11 fps vs Tier-1 baseline (measured -10 to -15 ms/flip post-0094 audio fix; W21A's pre-fix -26.6 ms figure was inflated by stereo-vs-mono playback bug, see patch 0094). Audio quality is reduced vs Tier-1 (mono, 11025 Hz, simple-average L+R downmix) but recognizable; user accepted the trade per direction 2026-05-05. Set SDL_HINT_DOSKUTSU_AUDIO_TIER2=0 to revert to Tier-1 22050 stereo (full Cave Story 2004 audio quality; trades fps for fidelity).
[15:03:36] [info] Sound system: SDL_HINT_AUDIO_DEVICE_SAMPLE_FRAMES=256
[15:03:36] [info] Pixtone IRQ rate-divider: handed master_rate=11025 int16/s (SAMPLE_RATE=11025 x AUDIO_CHANNELS=1) to SDL for auto-RATEDIV (SDL/0074 computes shift_div from the resolved device freq).
[15:03:36] [info] Sound system: device frame-rate: requesting 11025 Hz match to master (SDL_DOSAudioSetDeviceFrameRate; SB16 opens at the engine frame rate instead of SDL's 44100 floor -- 4x less PCM/s + no resampler on the Organya/Pixtone path; killswitch SDL_HINT_DOSKUTSU_DOS_AUDIO_DEVICE_RATE_DEFAULT=0).
[15:03:36] [info] audio backend: opl3 (Phase 10 Stage 4 -- concrete OPL3 FM synthesis backend via SDL/0037+ OPL3 helpers; MidiScheduler routes music dispatch through 18 x 2-op voice allocator + small inline patch bank). SoundManager::init will probe OPL3 via Adlib timer-1 sequence + fall back to organya gracefully if the chip is absent. Pixtone SFX still active on SB16 DAC.
[15:03:36] [info] wave-13.6.1: ring_chunks=16 FORCE_PUMP_YIELD=off (set SDL_HINT_DOSKUTSU_AUDIO_RING_CHUNKS=4|8|16 to override; default 16 matches wave 13.6 behaviour)
[15:03:36] [info] MidiScheduler: MIDI source = 'orgmid2' (native-GM org2mid set; resolves to data/orgmid2/<name>.mid).
[15:03:36] [info] opl3 backend probing for OPL3 chip (Adlib timer-1 sequence)...
[15:03:36] [info] opl3 backend: opl3bank.dat loaded 128 programs from 'data/opl3bank.dat' (v1; 1536 bytes payload). Per-program GM patches now use the runtime bank; programs >= 128 fall back to 8-patch family bucket. Drum channel (MIDI ch 9) unchanged (uses PATCH_DRUM regardless of bank loading).
[15:03:36] [info] opl3 backend ready (OPL3 detected via Adlib timer-1; InitChip applied 18 x 2-op layout; voice allocator armed). Patch bank state: runtime opl3bank.dat ACTIVE (loaded_count=128; programs >= loaded_count fall back to 8-patch placeholder covering GM family categories piano/mallet/organ/guitar/strings/brass/reed/pad). Phase 10.5 path: ship a fuller community bank as data/opl3bank.dat (DOPL3v1 format; 12-byte SBI records per GM program; loader at MidiBackendOpl3 ctor).
[15:03:36] [info] opl3 backend: PATCH_ORGAN + PATCH_MALLET RR=8 (medium release; wub-wub fix per patch 0171; was RR=0 in slot 0103 placeholder -- KEY-OFF couldn't silence; H6 reg 0xBD wave-47 falsified; H1+H5/RR=0 byte-level bug root per WAVE-46/47 analysis)
[15:03:36] [info] Sound system: MidiScheduler armed with MidiBackendOpl3 (patch 0103 Phase 10 Stage 4). Music dispatch routes via SMF parser + 18 x 2-op OPL3 voice allocator + small inline patch bank (community-sourced from Apogee Sound System / AdLib SBI public-domain refs). Pixtone SFX still active on SB16 DAC.
[15:03:36] [info] Sound system: idle-pause skipped (default OFF since patch 0119; backend=opl3 would qualify but operator did not opt-in via SDL_HINT_DOSKUTSU_IDLE_PAUSE=1). DSP stays in continuous-stream mode. Re-enable for an A/B iter once SDL/0037 ForcePause non-engagement is rooted out (task #17).
[15:03:37] [warn] Music dir Ogg/ doesn't exist
[15:03:37] [warn] Music dir Ogg11/ doesn't exist
[15:03:37] [warn] Music dir Ogg17/ doesn't exist
[15:03:37] [warn] Music dir Ogg_ridic/ doesn't exist
[15:03:37] [info] Loading Sound FX...
[15:03:38] [info] [pxt-cache] init(): HIT (loaded cache; render skipped)
[15:03:49] [info] Organya init...
[15:03:50] [info] Organya init done
[15:04:07] [info] gus SFX gain [nx0259]: 70% (SDL_HINT_DOSKUTSU_GUS_SFX_GAIN; scales the GF1 SFX voice volume to balance against velocity/CC-scaled GUS music; default 70, clamp 0..150).
[15:04:07] [info] pixtone IRQ-mix: ENABLED (default; SDL backend engaged; set SDL_HINT_DOSKUTSU_PIXTONE_IRQ_MIX=0 to disable)
[15:04:07] [info] Pixtone::setVolume: L3 active -- mid-play SFX volume updates are no-op in v1 (v2 candidate: SDL_DOSPixtoneSetGain API). gain_x256=256 stored for subsequent SDL_DOSPixtoneStart calls; currently-playing L3 channels unaffected.
[15:04:07] [info] midi ISR tick: engine registered tick_isr callback (L2b active; default ON; set SDL_HINT_DOSKUTSU_MIDI_ISR_TICK=0 to disable)
[15:04:07] [info] menu slide-in fixed-timestep: ENABLED (default; slide advances at 50 Hz logic rate)
[15:04:07] [info] Reading npc.tbl...
[15:04:07] [info] Loading tilekey.dat.
[15:04:07] [info] Script engine init.
[15:04:07] [info] Entering main loop...
[15:04:07] [info] audio mid-gap pump: DISABLED (default)
[15:04:07] [info] TAS fixed-timestep guard: ENABLED (default) (patch 0280; load_stage wall-clock kept out of the FT accumulator so TAS replay advances at a true 50 Hz; set SDL_HINT_DOSKUTSU_TAS_FT_GUARD=0 to disable)
[15:04:07] [info] load_stage ring+DMA silence flush: ENABLED (default) (set SDL_HINT_DOSKUTSU_LOADSTAGE_SILENCE=0 to disable)
[15:04:07] [info] load-band audio-underrun probe: DISABLED (default) (opt-in SDL_HINT_DOSKUTSU_LOADBAND_STAT=1)
[15:04:08] [info]  >> Entering stage 72: 'u'.
[15:04:08] [info] skip sheet flush: ENABLED (default) (SFXPAUSE-012 SHIPPED FIX; sprite sheets stay resident across caves so no per-cave re-decode -> no fire-frame pause; map_flush_graphics tilemap cache still flushes; set SDL_HINT_DOSKUTSU_SKIP_SHEET_FLUSH=0 to restore the old per-cave flush)
[15:04:08] [info] [skip-sheet-flush] cave=1
[15:04:08] [info] eager action sheets: ENABLED (default) (first-fire hitch fix: pre-loads the weapon bullet + hit/muzzle/trail caret sheets at stage load so the first fire/impact does not lazy-decode mid-gameplay; set SDL_HINT_DOSKUTSU_EAGER_ACTION_SHEETS=0 to restore lazy load)
[15:04:08] [info] Surface::loadImage palmap-diag #2: 'data/Bullet.pbm' fmt=SDL_PIXELFORMAT_ABGR8888 remap=HIT -> path=truecolor
[15:04:08] [info] Surface::loadImage palmap-diag #3: 'data/Arms.pbm' fmt=SDL_PIXELFORMAT_ABGR8888 remap=HIT -> path=truecolor
[15:04:09] [info] Surface::loadImage palmap-diag #4: 'data/Caret.pbm' fmt=SDL_PIXELFORMAT_ABGR8888 remap=HIT -> path=truecolor
[15:04:09] [info] Surface::loadImage palmap-diag #5: 'data/Npc/NpcSym.pbm' fmt=SDL_PIXELFORMAT_ABGR8888 remap=HIT -> path=truecolor
[15:04:09] [info] [eager-action-sheets] cave=1 sheets=4 wall_ms=1657
[15:04:09] [info] Surface::loadImage palmap-diag #6: 'data/Stage/PrtWhite.pbm' fmt=SDL_PIXELFORMAT_ABGR8888 remap=HIT -> path=truecolor
[15:04:10] [info] load_stage: entry-music preload ENABLED (default) (set SDL_HINT_DOSKUTSU_PRELOAD_STAGE_MUSIC=0 to disable)
[15:04:10] [info] Surface::loadImage palmap-diag #7: 'data/bk0.pbm' fmt=SDL_PIXELFORMAT_ABGR8888 remap=HIT -> path=truecolor
[15:04:10] [info] gameloop: entered (curmap=72, running=1)
[15:04:10] [info] gameloop: iter 1 ticks=40111 mapno=-1
[15:04:10] [info] fixed-timestep: ENABLED (default; logic 50 Hz, decoupled from render)
[15:04:10] [info] map: BG skip-when-unchanged DISABLED (default) (set SDL_HINT_DOSKUTSU_BG_SKIP_WHEN_UNCHANGED=1 to enable; default OFF since wave-61 -- abandoned, it shipped a backdrop-black flicker and its +0.87 fps was below the noise floor)
[15:04:10] [info] map: skip-redundant-clear lever ENABLED (default since wave-53 promotion)
[15:04:10] [info] perf-mode: level=0 (faithful (default))
[15:04:11] [info] Surface::loadImage palmap-diag #8: 'data/Npc/NpcKings.pbm' fmt=SDL_PIXELFORMAT_ABGR8888 remap=HIT -> path=truecolor
[15:04:11] [info] audio tick-boundary pump: DISABLED (default)
[15:04:11] [info] gameloop: iter 2 ticks=40610 mapno=-1
[15:04:11] [info] gameloop: iter 3 ticks=40675 mapno=-1
[15:04:11] [info] direct-vesa: snapshot @gen=2 use_dosmemput=0 banked_multibank=0 pitches_match=1 vram_w=320 vram_h=240 vram_pitch=320 bpp=1 fb_size=76800 vram_phys=0x78000000 vram_ptr=0x77c00000
[15:04:11] [info] flip-probe: flip #10 ok=true present=4ms inter_flip_ms=40 drawcalls-since-flip=6 drawcalls-total=43 fail-total=0 null-skips-total=0
[15:04:12] [info] flip-probe: flip #20 ok=true present=4ms inter_flip_ms=40 drawcalls-since-flip=4 drawcalls-total=92 fail-total=0 null-skips-total=0
[15:04:12] [info] flip-probe: flip #30 ok=true present=4ms inter_flip_ms=81 drawcalls-since-flip=326 drawcalls-total=2707 fail-total=0 null-skips-total=0
[15:04:13] [info] flip-probe: flip #40 ok=true present=3ms inter_flip_ms=74 drawcalls-since-flip=264 drawcalls-total=5837 fail-total=0 null-skips-total=0
[15:04:14] [info] flip-probe: flip #50 ok=true present=4ms inter_flip_ms=46 drawcalls-since-flip=67 drawcalls-total=7392 fail-total=0 null-skips-total=0
[15:04:14] [info] flip-probe: flip #60 ok=true present=4ms inter_flip_ms=37 drawcalls-since-flip=4 drawcalls-total=7502 fail-total=0 null-skips-total=0
[15:04:15] [info] flip-probe: flip #70 ok=true present=4ms inter_flip_ms=37 drawcalls-since-flip=6 drawcalls-total=7557 fail-total=0 null-skips-total=0
[15:04:15] [info] flip-probe: flip #80 ok=true present=4ms inter_flip_ms=20 drawcalls-since-flip=0 drawcalls-total=7586 fail-total=0 null-skips-total=0
[15:04:15] [info] flip-probe: flip #90 ok=true present=4ms inter_flip_ms=20 drawcalls-since-flip=0 drawcalls-total=7586 fail-total=0 null-skips-total=0
[15:04:15] [info] title: eager-title-IO phase tag ENABLED (default) (set SDL_HINT_DOSKUTSU_EAGER_TITLE_IO=0 to disable)
[15:04:16] [warn] MidiScheduler::_refresh_isr_buffer: track has 27749 events; ISR buffer is 16384 (truncated; events after 16384 will not dispatch under L2b ON -- the engine-thread tick() path still uses _events directly under L2b OFF)
[15:04:16] [info] MidiScheduler::load: parsed 'data/orgmid2/curly.mid' = 27749 events at 48 PPQ
[15:04:16] [info] opl3 backend: on_song_start
[15:04:17] [info] gameloop: entered (curmap=1005, running=1)
[15:04:17] [info] gameloop: iter 1 ticks=46311 mapno=-1
[15:04:17] [info] map: backdrop cache ENABLED (default) (set SDL_HINT_DOSKUTSU_BACKDROP_CACHE=0 to disable)
[15:04:18] [info] gameloop: iter 2 ticks=47340 mapno=-1
[15:04:18] [info] gameloop: iter 3 ticks=47389 mapno=-1
[15:04:18] [info] backdrop cache: thrashing-detect engaged (streak=4, route=direct)
[15:04:18] [info] flip-probe: flip #100 ok=true present=3ms inter_flip_ms=44 drawcalls-since-flip=75 drawcalls-total=7886 fail-total=0 null-skips-total=0
[15:04:18] [info] alpha audit block 0: 7798 total drawcalls, 0 with alpha<255 (block pct_x10=0; global 0/7798 pct_x10=0); alpha-mod skipped: block=0 global=0
[15:04:18] [info] fastpath audit block 0: taken=7798 (idx8=7798) skipped=0 pct_x10=1000; global taken=7798 (idx8=7798) skipped=0 pct_x10=1000
[15:04:18] [info] primitive tally block 0: clear=220(hr=220) fill=0(hr=0) rect=0(hr=0) line=0(hr=0) tint=0 spotlight=0 (over 100 flips ending at flip 100)
[15:04:18] [info] color/alpha audit block 0: cmod_white=104 cmod_black=0 (idx=0) cmod_general=84 (idx=84) cmod_fb=0; alpha_taken=0 alpha_skipped=0 (global cmod=104/0/84/0 idx=0/84 alpha=0/0)
[15:04:18] [info] phase timing block 0: drawcalls=8209 dc_total_ms=1805 flip_inner_total_ms=695 inter_flip_total_ms=41995 (per-flip avg x10: dc_ms=180 fi_ms=69 if_ms=4199 derived audio+engine_ms=3950; per-drawcall avg us_x10=2199) [direct-vesa: presents=97 total_ms=378 avg_ms_x10=38 failed=0] [ablation: NO_DC_TIMING=0 CACHE_WINSURF=0 DIRECT_VESA=1]
[15:04:18] [info] kbd/audio block 0: kbd_irq=0 kbd_drain=0 ring_chunks=16 pump_pass=99 pic1_mask=0xb8 first_irq_ticks=0 install_ticks=0 vector_at_install=0x0083a028 pic1_mask_live=0x38 kbd_8042_stat=0x34 bios_kbd_head=0x0026 bios_kbd_tail=0x0026 bios_kbd_buf0=0x3920
[15:04:18] [info] audio/engine split block 0: audio_mixer_calls=0 audio_mixer_ms_x10=0 engine_tick_calls=99 engine_tick_ms_x10=645 audio_service_calls=0 audio_service_ms_x10=0 (per-flip avg; per-call us_x10: audio_mix=0 engine_tick=652005 audio_service=0; global ns: audio_mix=0 engine_tick=6454854256 audio_service=0)
[15:04:18] [info] pixtone multi-source probe: DISABLED (default)
[15:04:18] [info] dirty-rect block @flip=100: total_calls=0 dirty_rects_avg=0 dirty_pct_x10=990 forced_full=0 first_n_force=3 threshold_exceeded=2 dirty_path_taken=0 full_flush_taken=3
[15:04:18] [info] prev-frame-diff block @flip=100: diff_calls=0 diff_rects_avg=0 diff_dirty_pct_x10=0 bbox_pct_x10=0 bbox_thresh_exceeded=0
[15:04:18] [info] flip-probe: flip #110 ok=true present=4ms inter_flip_ms=35 drawcalls-since-flip=75 drawcalls-total=8636 fail-total=0 null-skips-total=0
[15:04:19] [info] flip-probe: flip #120 ok=true present=4ms inter_flip_ms=36 drawcalls-since-flip=75 drawcalls-total=9386 fail-total=0 null-skips-total=0
[15:04:19] [info] flip-probe: flip #130 ok=true present=4ms inter_flip_ms=20 drawcalls-since-flip=0 drawcalls-total=9986 fail-total=0 null-skips-total=0
[15:04:19] [info] Loading profile from profile.dat
[15:04:19] [error] profile_load: unable to open 'profile.dat'
[15:04:19] [info] Loading profile from profile2.dat
[15:04:19] [error] profile_load: unable to open 'profile2.dat'
[15:04:19] [info] Loading profile from profile3.dat
[15:04:19] [info] Loading profile from profile4.dat
[15:04:19] [error] profile_load: unable to open 'profile4.dat'
[15:04:19] [info] Loading profile from profile5.dat
[15:04:20] [info] flip-probe: flip #140 ok=true present=4ms inter_flip_ms=61 drawcalls-since-flip=214 drawcalls-total=10842 fail-total=0 null-skips-total=0
[15:04:20] [info] flip-probe: flip #150 ok=true present=5ms inter_flip_ms=61 drawcalls-since-flip=214 drawcalls-total=12982 fail-total=0 null-skips-total=0
[15:04:20] [info] Writing settings...
[15:04:21] [info] flip-probe: flip #160 ok=true present=4ms inter_flip_ms=20 drawcalls-since-flip=0 drawcalls-total=13846 fail-total=0 null-skips-total=0
[15:04:21] [info] flip-probe: flip #170 ok=true present=4ms inter_flip_ms=20 drawcalls-since-flip=0 drawcalls-total=13846 fail-total=0 null-skips-total=0
[15:04:21] [info] opl3 backend: on_song_stop
[15:04:21] [info] Loading profile from profile5.dat
[15:04:21] [info]  >> Entering stage 20: 'Save Point'.
[15:04:21] [info] [skip-sheet-flush] cave=2
[15:04:22] [info] MidiScheduler::load: parsed 'data/orgmid2/mura.mid' = 7123 events at 48 PPQ
[15:04:22] [info] opl3 backend: on_song_start
[15:04:22] [info] gameloop: entered (curmap=20, running=1)
[15:04:22] [info] gameloop: iter 1 ticks=52139 mapno=-1
[15:04:22] [info] TAS stall discount: ENABLED (default) (patch 0286; a replay frame over 150 ms is a load, not slow rendering, so it contributes 1 tick instead of its wall-clock; set SDL_HINT_DOSKUTSU_TAS_STALL_DISCOUNT=0 to disable)
[15:04:22] [info] TAS accumulator clamp: DISABLED (default) (patch 0281; caps the FT accumulator delta at one tick during TAS so a stalled frame cannot race the replay index; set SDL_HINT_DOSKUTSU_TAS_FT_GUARD=0 to disable)
[15:04:22] [info] gameloop: iter 2 ticks=52192 mapno=-1
[15:04:22] [info] gameloop: iter 3 ticks=52238 mapno=-1
[15:04:23] [info] flip-probe: flip #180 ok=true present=4ms inter_flip_ms=41 drawcalls-since-flip=17 drawcalls-total=13971 fail-total=0 null-skips-total=0
[15:04:23] [info] flip-probe: flip #190 ok=true present=4ms inter_flip_ms=41 drawcalls-since-flip=17 drawcalls-total=14141 fail-total=0 null-skips-total=0
[15:04:23] [info] flip-probe: flip #200 ok=true present=4ms inter_flip_ms=41 drawcalls-since-flip=17 drawcalls-total=14311 fail-total=0 null-skips-total=0
[15:04:23] [info] alpha audit block 0: 5788 total drawcalls, 0 with alpha<255 (block pct_x10=0; global 0/13586 pct_x10=0); alpha-mod skipped: block=0 global=0
[15:04:23] [info] fastpath audit block 0: taken=5788 (idx8=5788) skipped=0 pct_x10=1000; global taken=13586 (idx8=13586) skipped=0 pct_x10=1000
[15:04:23] [info] primitive tally block 0: clear=201(hr=201) fill=0(hr=0) rect=0(hr=0) line=0(hr=0) tint=0 spotlight=0 (over 100 flips ending at flip 200)
[15:04:23] [info] color/alpha audit block 0: cmod_white=1438 cmod_black=0 (idx=0) cmod_general=609 (idx=609) cmod_fb=0; alpha_taken=0 alpha_skipped=0 (global cmod=1542/0/693/0 idx=0/693 alpha=0/0)
[15:04:23] [info] phase timing block 0: drawcalls=8036 dc_total_ms=1667 flip_inner_total_ms=581 inter_flip_total_ms=5665 (per-flip avg x10: dc_ms=166 fi_ms=58 if_ms=566 derived audio+engine_ms=342; per-drawcall avg us_x10=2075) [direct-vesa: presents=100 total_ms=383 avg_ms_x10=38 failed=0] [ablation: NO_DC_TIMING=0 CACHE_WINSURF=0 DIRECT_VESA=1]
[15:04:23] [info] kbd/audio block 0: kbd_irq=0 kbd_drain=0 ring_chunks=16 pump_pass=223 pic1_mask=0xb8 first_irq_ticks=0 install_ticks=0 vector_at_install=0x0083a028 pic1_mask_live=0x38 kbd_8042_stat=0x34 bios_kbd_head=0x0026 bios_kbd_tail=0x0026 bios_kbd_buf0=0x3920
[15:04:23] [info] audio/engine split block 0: audio_mixer_calls=0 audio_mixer_ms_x10=0 engine_tick_calls=76 engine_tick_ms_x10=256 audio_service_calls=0 audio_service_ms_x10=0 (per-flip avg; per-call us_x10: audio_mix=0 engine_tick=336858 audio_service=0; global ns: audio_mix=0 engine_tick=9014978459 audio_service=0)
[15:04:23] [info] dirty-rect block @flip=200: total_calls=0 dirty_rects_avg=1 dirty_pct_x10=1000 forced_full=0 first_n_force=0 threshold_exceeded=0 dirty_path_taken=0 full_flush_taken=0
[15:04:23] [info] prev-frame-diff block @flip=200: diff_calls=0 diff_rects_avg=0 diff_dirty_pct_x10=0 bbox_pct_x10=0 bbox_thresh_exceeded=0
[15:04:24] [info] flip-probe: flip #210 ok=true present=3ms inter_flip_ms=41 drawcalls-since-flip=17 drawcalls-total=14481 fail-total=0 null-skips-total=0
[15:04:24] [info] flip-probe: flip #220 ok=true present=5ms inter_flip_ms=53 drawcalls-since-flip=118 drawcalls-total=14801 fail-total=0 null-skips-total=0
[15:04:25] [info]  >> Entering stage 11: 'Mimiga Village'.
[15:04:25] [info] [skip-sheet-flush] cave=3
[15:04:25] [info] [load-stage] preloading entry music song=9 (cave=3)
[15:04:26] [info] gameloop: entered (curmap=11, running=1)
[15:04:26] [info] gameloop: iter 1 ticks=55395 mapno=-1
[15:04:26] [info] map: mds_clear LUT ENABLED (default) (set SDL_HINT_DOSKUTSU_MDS_CLEAR_LUT=0 to disable; default ON; patch 0144 wave-49 bandwidth lever)
[15:04:26] [info] mds-clear-lut: rebuilt N=240 entries (k_skip=0% k_keep=100%; curmap=11 map_size=60x60; rebuild #1 since boot)
[15:04:26] [info] backdrop thrash full-cover ENABLED (default) (set SDL_HINT_DOSKUTSU_THRASH_FULLCOVER=0 to disable)
[15:04:26] [info] [bd-diag] backdrop render-path diag disabled (default) (set SDL_HINT_DOSKUTSU_BACKDROP_DIAG=1 to enable)
[15:04:26] [info] gameloop: iter 2 ticks=55546 mapno=-1
[15:04:26] [info] tas: stall frame 150 ms -> contributing 1 tick (patch 0286)
[15:04:26] [info] gameloop: iter 3 ticks=55657 mapno=-1
[15:04:26] [info] flip-probe: flip #230 ok=true present=4ms inter_flip_ms=117 drawcalls-since-flip=384 drawcalls-total=17923 fail-total=0 null-skips-total=0
[15:04:26] [info] backdrop cache: thrashing-detect engaged (streak=4, route=direct)
[15:04:27] [info] flip-probe: flip #240 ok=true present=4ms inter_flip_ms=57 drawcalls-since-flip=43 drawcalls-total=19318 fail-total=0 null-skips-total=0
[15:04:27] [info] flip-probe: flip #250 ok=true present=4ms inter_flip_ms=64 drawcalls-since-flip=46 drawcalls-total=19771 fail-total=0 null-skips-total=0
[15:04:28] [info] flip-probe: flip #260 ok=true present=5ms inter_flip_ms=60 drawcalls-since-flip=43 drawcalls-total=20205 fail-total=0 null-skips-total=0
[15:04:29] [info] flip-probe: flip #270 ok=true present=4ms inter_flip_ms=61 drawcalls-since-flip=43 drawcalls-total=20635 fail-total=0 null-skips-total=0
[15:04:29] [info] flip-probe: flip #280 ok=true present=4ms inter_flip_ms=60 drawcalls-since-flip=43 drawcalls-total=21065 fail-total=0 null-skips-total=0
[15:04:30] [info] flip-probe: flip #290 ok=true present=4ms inter_flip_ms=60 drawcalls-since-flip=43 drawcalls-total=21495 fail-total=0 null-skips-total=0
[15:04:30] [info] backdrop cache: thrashing-detect engaged (streak=64, route=direct)
[15:04:31] [info] flip-probe: flip #300 ok=true present=4ms inter_flip_ms=60 drawcalls-since-flip=43 drawcalls-total=21925 fail-total=0 null-skips-total=0
[15:04:31] [info] alpha audit block 0: 6592 total drawcalls, 0 with alpha<255 (block pct_x10=0; global 0/20178 pct_x10=0); alpha-mod skipped: block=0 global=0
[15:04:31] [info] fastpath audit block 0: taken=6592 (idx8=6592) skipped=0 pct_x10=1000; global taken=20178 (idx8=20178) skipped=0 pct_x10=1000
[15:04:31] [info] primitive tally block 0: clear=201(hr=201) fill=0(hr=0) rect=0(hr=0) line=0(hr=0) tint=0 spotlight=0 (over 100 flips ending at flip 300)
[15:04:31] [info] color/alpha audit block 0: cmod_white=949 cmod_black=949 (idx=949) cmod_general=0 (idx=0) cmod_fb=0; alpha_taken=0 alpha_skipped=0 (global cmod=2491/949/693/0 idx=949/693 alpha=0/0)
[15:04:31] [info] phase timing block 0: drawcalls=8697 dc_total_ms=1430 flip_inner_total_ms=589 inter_flip_total_ms=7116 (per-flip avg x10: dc_ms=143 fi_ms=58 if_ms=711 derived audio+engine_ms=510; per-drawcall avg us_x10=1644) [direct-vesa: presents=100 total_ms=382 avg_ms_x10=38 failed=0] [ablation: NO_DC_TIMING=0 CACHE_WINSURF=0 DIRECT_VESA=1]
[15:04:31] [info] kbd/audio block 0: kbd_irq=0 kbd_drain=0 ring_chunks=16 pump_pass=531 pic1_mask=0xb8 first_irq_ticks=0 install_ticks=0 vector_at_install=0x0083a028 pic1_mask_live=0x38 kbd_8042_stat=0x34 bios_kbd_head=0x0026 bios_kbd_tail=0x0026 bios_kbd_buf0=0x3920
[15:04:31] [info] [tile-speedup-stat n=100 drawtile_us=144.07 raw_blit_us=98.52 ratio=1.46]
[15:04:31] [info] dirty-rect block @flip=300: total_calls=100 dirty_rects_avg=1 dirty_pct_x10=1000 forced_full=0 first_n_force=0 threshold_exceeded=0 dirty_path_taken=0 full_flush_taken=0
[15:04:31] [info] prev-frame-diff block @flip=300: diff_calls=0 diff_rects_avg=0 diff_dirty_pct_x10=0 bbox_pct_x10=0 bbox_thresh_exceeded=0
[15:04:31] [info] tas: stall frame 168 ms -> contributing 1 tick (patch 0286)
[15:04:31] [info] flip-probe: flip #310 ok=true present=4ms inter_flip_ms=61 drawcalls-since-flip=46 drawcalls-total=22466 fail-total=0 null-skips-total=0
[15:04:32] [info] flip-probe: flip #320 ok=true present=4ms inter_flip_ms=61 drawcalls-since-flip=43 drawcalls-total=22903 fail-total=0 null-skips-total=0
[15:04:32] [info] flip-probe: flip #330 ok=true present=4ms inter_flip_ms=63 drawcalls-since-flip=42 drawcalls-total=23335 fail-total=0 null-skips-total=0
[15:04:33] [info] flip-probe: flip #340 ok=true present=3ms inter_flip_ms=64 drawcalls-since-flip=43 drawcalls-total=23752 fail-total=0 null-skips-total=0
[15:04:34] [info] flip-probe: flip #350 ok=true present=3ms inter_flip_ms=57 drawcalls-since-flip=15 drawcalls-total=24105 fail-total=0 null-skips-total=0
[15:04:34] [info] backdrop cache: thrashing-detect engaged (streak=124, route=direct)
[15:04:34] [info] flip-probe: flip #360 ok=true present=4ms inter_flip_ms=55 drawcalls-since-flip=15 drawcalls-total=24255 fail-total=0 null-skips-total=0
[15:04:35] [info] flip-probe: flip #370 ok=true present=4ms inter_flip_ms=60 drawcalls-since-flip=4 drawcalls-total=26042 fail-total=0 null-skips-total=0
[15:04:35] [info]  >> Entering stage 17: 'Yamashita Farm'.
[15:04:35] [info] [skip-sheet-flush] cave=4
[15:04:36] [info] [load-stage] preloading entry music song=13 (cave=4)
[15:04:36] [info] opl3 backend: on_song_stop
[15:04:36] [info] MidiScheduler::load: parsed 'data/orgmid2/plant.mid' = 6246 events at 48 PPQ
[15:04:36] [info] opl3 backend: on_song_start
[15:04:36] [info] gameloop: entered (curmap=17, running=1)
[15:04:36] [info] gameloop: iter 1 ticks=65769 mapno=-1
[15:04:36] [info] mds-clear-lut: rebuilt N=240 entries (k_skip=33% k_keep=67%; curmap=17 map_size=40x16; rebuild #2 since boot)
[15:04:36] [info] gameloop: iter 2 ticks=66064 mapno=-1
[15:04:36] [info] tas: stall frame 295 ms -> contributing 1 tick (patch 0286)
[15:04:36] [info] gameloop: iter 3 ticks=66174 mapno=-1
[15:04:37] [info] flip-probe: flip #380 ok=true present=4ms inter_flip_ms=82 drawcalls-since-flip=132 drawcalls-total=29061 fail-total=0 null-skips-total=0
[15:04:38] [info] flip-probe: flip #390 ok=true present=4ms inter_flip_ms=84 drawcalls-since-flip=142 drawcalls-total=30450 fail-total=0 null-skips-total=0
[15:04:39] [info] backdrop cache: thrashing-detect engaged (streak=4, route=direct)
[15:04:39] [info] flip-probe: flip #400 ok=true present=4ms inter_flip_ms=87 drawcalls-since-flip=130 drawcalls-total=31809 fail-total=0 null-skips-total=0
[15:04:39] [info] alpha audit block 0: 8783 total drawcalls, 0 with alpha<255 (block pct_x10=0; global 0/28961 pct_x10=0); alpha-mod skipped: block=0 global=0
[15:04:39] [info] fastpath audit block 0: taken=8783 (idx8=8783) skipped=0 pct_x10=1000; global taken=28961 (idx8=28961) skipped=0 pct_x10=1000
[15:04:39] [info] primitive tally block 0: clear=201(hr=201) fill=0(hr=0) rect=0(hr=0) line=0(hr=0) tint=0 spotlight=0 (over 100 flips ending at flip 400)
[15:04:39] [info] color/alpha audit block 0: cmod_white=1001 cmod_black=1001 (idx=1001) cmod_general=0 (idx=0) cmod_fb=0; alpha_taken=0 alpha_skipped=0 (global cmod=3492/1950/693/0 idx=1950/693 alpha=0/0)
[15:04:39] [info] phase timing block 0: drawcalls=11011 dc_total_ms=1641 flip_inner_total_ms=597 inter_flip_total_ms=8509 (per-flip avg x10: dc_ms=164 fi_ms=59 if_ms=850 derived audio+engine_ms=627; per-drawcall avg us_x10=1490) [direct-vesa: presents=100 total_ms=386 avg_ms_x10=38 failed=0] [ablation: NO_DC_TIMING=0 CACHE_WINSURF=0 DIRECT_VESA=1]
[15:04:39] [info] kbd/audio block 0: kbd_irq=0 kbd_drain=0 ring_chunks=16 pump_pass=884 pic1_mask=0xb8 first_irq_ticks=0 install_ticks=0 vector_at_install=0x0083a028 pic1_mask_live=0x38 kbd_8042_stat=0x34 bios_kbd_head=0x0026 bios_kbd_tail=0x0026 bios_kbd_buf0=0x3920
[15:04:39] [info] dirty-rect block @flip=400: total_calls=0 dirty_rects_avg=1 dirty_pct_x10=1000 forced_full=0 first_n_force=0 threshold_exceeded=0 dirty_path_taken=0 full_flush_taken=0
[15:04:39] [info] prev-frame-diff block @flip=400: diff_calls=0 diff_rects_avg=0 diff_dirty_pct_x10=0 bbox_pct_x10=0 bbox_thresh_exceeded=0
[15:04:39] [info] tas: stall frame 163 ms -> contributing 1 tick (patch 0286)
[15:04:40] [info] flip-probe: flip #410 ok=true present=4ms inter_flip_ms=84 drawcalls-since-flip=137 drawcalls-total=33117 fail-total=0 null-skips-total=0
[15:04:41] [info] flip-probe: flip #420 ok=true present=5ms inter_flip_ms=96 drawcalls-since-flip=143 drawcalls-total=34525 fail-total=0 null-skips-total=0
[15:04:42] [info] flip-probe: flip #430 ok=true present=4ms inter_flip_ms=88 drawcalls-since-flip=128 drawcalls-total=35875 fail-total=0 null-skips-total=0
[15:04:43] [info] flip-probe: flip #440 ok=true present=4ms inter_flip_ms=84 drawcalls-since-flip=129 drawcalls-total=37152 fail-total=0 null-skips-total=0
[15:04:44] [info] flip-probe: flip #450 ok=true present=3ms inter_flip_ms=85 drawcalls-since-flip=128 drawcalls-total=38440 fail-total=0 null-skips-total=0
[15:04:44] [info] backdrop cache: thrashing-detect engaged (streak=64, route=direct)
[15:04:45] [info] flip-probe: flip #460 ok=true present=3ms inter_flip_ms=90 drawcalls-since-flip=136 drawcalls-total=39703 fail-total=0 null-skips-total=0
[15:04:45] [info] flip-probe: flip #470 ok=true present=4ms inter_flip_ms=95 drawcalls-since-flip=137 drawcalls-total=41115 fail-total=0 null-skips-total=0
[15:04:46] [info] flip-probe: flip #480 ok=true present=3ms inter_flip_ms=95 drawcalls-since-flip=138 drawcalls-total=42495 fail-total=0 null-skips-total=0
[15:04:47] [info] flip-probe: flip #490 ok=true present=4ms inter_flip_ms=93 drawcalls-since-flip=137 drawcalls-total=43844 fail-total=0 null-skips-total=0
[15:04:48] [info] flip-probe: flip #500 ok=true present=4ms inter_flip_ms=84 drawcalls-since-flip=111 drawcalls-total=44962 fail-total=0 null-skips-total=0
[15:04:48] [info] alpha audit block 0: 11883 total drawcalls, 0 with alpha<255 (block pct_x10=0; global 0/40844 pct_x10=0); alpha-mod skipped: block=0 global=0
[15:04:48] [info] fastpath audit block 0: taken=11883 (idx8=11883) skipped=0 pct_x10=1000; global taken=40844 (idx8=40844) skipped=0 pct_x10=1000
[15:04:48] [info] primitive tally block 0: clear=200(hr=200) fill=0(hr=0) rect=0(hr=0) line=0(hr=0) tint=0 spotlight=0 (over 100 flips ending at flip 500)
[15:04:48] [info] color/alpha audit block 0: cmod_white=1170 cmod_black=1170 (idx=1170) cmod_general=0 (idx=0) cmod_fb=0; alpha_taken=0 alpha_skipped=0 (global cmod=4662/3120/693/0 idx=3120/693 alpha=0/0)
[15:04:48] [info] phase timing block 0: drawcalls=14423 dc_total_ms=1476 flip_inner_total_ms=588 inter_flip_total_ms=9124 (per-flip avg x10: dc_ms=147 fi_ms=58 if_ms=912 derived audio+engine_ms=707; per-drawcall avg us_x10=1023) [direct-vesa: presents=100 total_ms=382 avg_ms_x10=38 failed=0] [ablation: NO_DC_TIMING=0 CACHE_WINSURF=0 DIRECT_VESA=1]
[15:04:48] [info] kbd/audio block 0: kbd_irq=0 kbd_drain=0 ring_chunks=16 pump_pass=1333 pic1_mask=0xb8 first_irq_ticks=0 install_ticks=0 vector_at_install=0x0083a028 pic1_mask_live=0x38 kbd_8042_stat=0x34 bios_kbd_head=0x0026 bios_kbd_tail=0x0026 bios_kbd_buf0=0x3920
[15:04:48] [info] dirty-rect block @flip=500: total_calls=0 dirty_rects_avg=1 dirty_pct_x10=1000 forced_full=0 first_n_force=0 threshold_exceeded=0 dirty_path_taken=0 full_flush_taken=0
[15:04:48] [info] prev-frame-diff block @flip=500: diff_calls=0 diff_rects_avg=0 diff_dirty_pct_x10=0 bbox_pct_x10=0 bbox_thresh_exceeded=0
[15:04:48] [info] tas: stall frame 166 ms -> contributing 1 tick (patch 0286)
[15:04:49] [info] flip-probe: flip #510 ok=true present=4ms inter_flip_ms=84 drawcalls-since-flip=103 drawcalls-total=46064 fail-total=0 null-skips-total=0
[15:04:50] [info] backdrop cache: thrashing-detect engaged (streak=124, route=direct)
[15:04:50] [info] flip-probe: flip #520 ok=true present=4ms inter_flip_ms=83 drawcalls-since-flip=116 drawcalls-total=47241 fail-total=0 null-skips-total=0
[15:04:51] [info] flip-probe: flip #530 ok=true present=3ms inter_flip_ms=81 drawcalls-since-flip=117 drawcalls-total=48396 fail-total=0 null-skips-total=0
[15:04:52] [info] flip-probe: flip #540 ok=true present=4ms inter_flip_ms=106 drawcalls-since-flip=345 drawcalls-total=50044 fail-total=0 null-skips-total=0
[15:04:52] [info]  >> Entering stage 11: 'Mimiga Village'.
[15:04:52] [info] [skip-sheet-flush] cave=5
[15:04:53] [info] [load-stage] preloading entry music song=9 (cave=5)
[15:04:53] [info] opl3 backend: on_song_stop
[15:04:53] [info] MidiScheduler::load: parsed 'data/orgmid2/mura.mid' = 7123 events at 48 PPQ
[15:04:53] [info] opl3 backend: on_song_start
[15:04:53] [info] gameloop: entered (curmap=11, running=1)
[15:04:53] [info] gameloop: iter 1 ticks=83138 mapno=-1
[15:04:53] [info] tas: stall frame 234 ms -> contributing 1 tick (patch 0286)
[15:04:53] [info] mds-clear-lut: rebuilt N=240 entries (k_skip=0% k_keep=100%; curmap=11 map_size=60x60; rebuild #3 since boot)
[15:04:54] [info] gameloop: iter 2 ticks=83272 mapno=-1
[15:04:54] [info] gameloop: iter 3 ticks=83384 mapno=-1
[15:04:54] [info] flip-probe: flip #550 ok=true present=4ms inter_flip_ms=99 drawcalls-since-flip=225 drawcalls-total=53029 fail-total=0 null-skips-total=0
[15:04:54] [info] backdrop cache: thrashing-detect engaged (streak=4, route=direct)
[15:04:55] [info] flip-probe: flip #560 ok=true present=4ms inter_flip_ms=60 drawcalls-since-flip=41 drawcalls-total=53582 fail-total=0 null-skips-total=0
[15:04:55] [info] flip-probe: flip #570 ok=true present=4ms inter_flip_ms=60 drawcalls-since-flip=41 drawcalls-total=53992 fail-total=0 null-skips-total=0
[15:04:56] [info] flip-probe: flip #580 ok=true present=5ms inter_flip_ms=61 drawcalls-since-flip=41 drawcalls-total=54402 fail-total=0 null-skips-total=0
[15:04:56] [info] flip-probe: flip #590 ok=true present=4ms inter_flip_ms=59 drawcalls-since-flip=42 drawcalls-total=54818 fail-total=0 null-skips-total=0
[15:04:57] [info] flip-probe: flip #600 ok=true present=4ms inter_flip_ms=63 drawcalls-since-flip=42 drawcalls-total=55234 fail-total=0 null-skips-total=0
[15:04:57] [info] alpha audit block 0: 9457 total drawcalls, 0 with alpha<255 (block pct_x10=0; global 0/50301 pct_x10=0); alpha-mod skipped: block=0 global=0
[15:04:57] [info] fastpath audit block 0: taken=9457 (idx8=9457) skipped=0 pct_x10=1000; global taken=50301 (idx8=50301) skipped=0 pct_x10=1000
[15:04:57] [info] primitive tally block 0: clear=202(hr=202) fill=0(hr=0) rect=0(hr=0) line=0(hr=0) tint=0 spotlight=0 (over 100 flips ending at flip 600)
[15:04:57] [info] color/alpha audit block 0: cmod_white=715 cmod_black=715 (idx=715) cmod_general=0 (idx=0) cmod_fb=0; alpha_taken=0 alpha_skipped=0 (global cmod=5377/3835/693/0 idx=3835/693 alpha=0/0)
[15:04:57] [info] phase timing block 0: drawcalls=11094 dc_total_ms=1460 flip_inner_total_ms=591 inter_flip_total_ms=8881 (per-flip avg x10: dc_ms=146 fi_ms=59 if_ms=888 derived audio+engine_ms=683; per-drawcall avg us_x10=1316) [direct-vesa: presents=100 total_ms=382 avg_ms_x10=38 failed=0] [ablation: NO_DC_TIMING=0 CACHE_WINSURF=0 DIRECT_VESA=1]
[15:04:57] [info] kbd/audio block 0: kbd_irq=0 kbd_drain=0 ring_chunks=16 pump_pass=1707 pic1_mask=0xb8 first_irq_ticks=0 install_ticks=0 vector_at_install=0x0083a028 pic1_mask_live=0x38 kbd_8042_stat=0x34 bios_kbd_head=0x0026 bios_kbd_tail=0x0026 bios_kbd_buf0=0x3920
[15:04:57] [info] dirty-rect block @flip=600: total_calls=0 dirty_rects_avg=1 dirty_pct_x10=1000 forced_full=0 first_n_force=0 threshold_exceeded=0 dirty_path_taken=0 full_flush_taken=0
[15:04:57] [info] prev-frame-diff block @flip=600: diff_calls=0 diff_rects_avg=0 diff_dirty_pct_x10=0 bbox_pct_x10=0 bbox_thresh_exceeded=0
[15:04:58] [info] flip-probe: flip #610 ok=true present=4ms inter_flip_ms=57 drawcalls-since-flip=42 drawcalls-total=55656 fail-total=0 null-skips-total=0
[15:04:58] [info] backdrop cache: thrashing-detect engaged (streak=64, route=direct)
[15:04:58] [info] flip-probe: flip #620 ok=true present=5ms inter_flip_ms=59 drawcalls-since-flip=42 drawcalls-total=56076 fail-total=0 null-skips-total=0
[15:04:59] [info] flip-probe: flip #630 ok=true present=4ms inter_flip_ms=62 drawcalls-since-flip=44 drawcalls-total=56505 fail-total=0 null-skips-total=0
[15:05:00] [info] flip-probe: flip #640 ok=true present=4ms inter_flip_ms=57 drawcalls-since-flip=44 drawcalls-total=56945 fail-total=0 null-skips-total=0
[15:05:00] [info] flip-probe: flip #650 ok=true present=4ms inter_flip_ms=57 drawcalls-since-flip=43 drawcalls-total=57381 fail-total=0 null-skips-total=0
[15:05:01] [info] flip-probe: flip #660 ok=true present=3ms inter_flip_ms=61 drawcalls-since-flip=43 drawcalls-total=57808 fail-total=0 null-skips-total=0
[15:05:01] [info] flip-probe: flip #670 ok=true present=3ms inter_flip_ms=55 drawcalls-since-flip=16 drawcalls-total=58100 fail-total=0 null-skips-total=0
[15:05:01] [info] backdrop cache: thrashing-detect engaged (streak=124, route=direct)
[15:05:02] [info] flip-probe: flip #680 ok=true present=4ms inter_flip_ms=52 drawcalls-since-flip=16 drawcalls-total=58260 fail-total=0 null-skips-total=0
[15:05:02] [info] flip-probe: flip #690 ok=true present=4ms inter_flip_ms=60 drawcalls-since-flip=27 drawcalls-total=58442 fail-total=0 null-skips-total=0
[15:05:03] [info] flip-probe: flip #700 ok=true present=4ms inter_flip_ms=57 drawcalls-since-flip=17 drawcalls-total=58657 fail-total=0 null-skips-total=0
[15:05:03] [info] alpha audit block 0: 2478 total drawcalls, 0 with alpha<255 (block pct_x10=0; global 0/52779 pct_x10=0); alpha-mod skipped: block=0 global=0
[15:05:03] [info] fastpath audit block 0: taken=2478 (idx8=2478) skipped=0 pct_x10=1000; global taken=52779 (idx8=52779) skipped=0 pct_x10=1000
[15:05:03] [info] primitive tally block 0: clear=200(hr=200) fill=0(hr=0) rect=0(hr=0) line=0(hr=0) tint=0 spotlight=0 (over 100 flips ending at flip 700)
[15:05:03] [info] color/alpha audit block 0: cmod_white=845 cmod_black=845 (idx=845) cmod_general=0 (idx=0) cmod_fb=0; alpha_taken=0 alpha_skipped=0 (global cmod=6222/4680/693/0 idx=4680/693 alpha=0/0)
[15:05:03] [info] phase timing block 0: drawcalls=4368 dc_total_ms=930 flip_inner_total_ms=587 inter_flip_total_ms=5928 (per-flip avg x10: dc_ms=93 fi_ms=58 if_ms=592 derived audio+engine_ms=441; per-drawcall avg us_x10=2130) [direct-vesa: presents=100 total_ms=382 avg_ms_x10=38 failed=0] [ablation: NO_DC_TIMING=0 CACHE_WINSURF=0 DIRECT_VESA=1]
[15:05:03] [info] kbd/audio block 0: kbd_irq=0 kbd_drain=0 ring_chunks=16 pump_pass=2004 pic1_mask=0xb8 first_irq_ticks=0 install_ticks=0 vector_at_install=0x0083a028 pic1_mask_live=0x38 kbd_8042_stat=0x34 bios_kbd_head=0x0026 bios_kbd_tail=0x0026 bios_kbd_buf0=0x3920
[15:05:03] [info] dirty-rect block @flip=700: total_calls=0 dirty_rects_avg=1 dirty_pct_x10=1000 forced_full=0 first_n_force=0 threshold_exceeded=0 dirty_path_taken=0 full_flush_taken=0
[15:05:03] [info] prev-frame-diff block @flip=700: diff_calls=0 diff_rects_avg=0 diff_dirty_pct_x10=0 bbox_pct_x10=0 bbox_thresh_exceeded=0
[15:05:04] [info] flip-probe: flip #710 ok=true present=4ms inter_flip_ms=56 drawcalls-since-flip=20 drawcalls-total=58845 fail-total=0 null-skips-total=0
[15:05:04] [info]  >> Entering stage 15: 'Reservoir'.
[15:05:04] [info] [skip-sheet-flush] cave=6
[15:05:05] [info] [load-stage] preloading entry music song=9 (cave=6)
[15:05:05] [info] gameloop: entered (curmap=15, running=1)
[15:05:05] [info] gameloop: iter 1 ticks=94775 mapno=-1
[15:05:05] [info] mds-clear-lut: rebuilt N=240 entries (k_skip=13% k_keep=87%; curmap=15 map_size=40x20; rebuild #4 since boot)
[15:05:05] [info] flip-probe: flip #720 ok=true present=4ms inter_flip_ms=840 drawcalls-since-flip=336 drawcalls-total=60801 fail-total=0 null-skips-total=0
[15:05:05] [info] gameloop: iter 2 ticks=94899 mapno=-1
[15:05:05] [info] gameloop: iter 3 ticks=95005 mapno=-1
[15:05:06] [info] flip-probe: flip #730 ok=true present=4ms inter_flip_ms=50 drawcalls-since-flip=32 drawcalls-total=62458 fail-total=0 null-skips-total=0
[15:05:06] [info] flip-probe: flip #740 ok=true present=4ms inter_flip_ms=51 drawcalls-since-flip=32 drawcalls-total=62778 fail-total=0 null-skips-total=0
[15:05:07] [info] flip-probe: flip #750 ok=true present=4ms inter_flip_ms=63 drawcalls-since-flip=32 drawcalls-total=63098 fail-total=0 null-skips-total=0
[15:05:07] [info] backdrop cache: thrashing-detect engaged (streak=4, route=direct)
[15:05:08] [info] flip-probe: flip #760 ok=true present=4ms inter_flip_ms=53 drawcalls-since-flip=35 drawcalls-total=63445 fail-total=0 null-skips-total=0
[15:05:08] [info] flip-probe: flip #770 ok=true present=4ms inter_flip_ms=53 drawcalls-since-flip=32 drawcalls-total=63767 fail-total=0 null-skips-total=0
[15:05:09] [info] flip-probe: flip #780 ok=true present=4ms inter_flip_ms=56 drawcalls-since-flip=32 drawcalls-total=64087 fail-total=0 null-skips-total=0
[15:05:09] [info] tas: stall frame 276 ms -> contributing 1 tick (patch 0286)
[15:05:09] [info] flip-probe: flip #790 ok=true present=4ms inter_flip_ms=57 drawcalls-since-flip=35 drawcalls-total=64424 fail-total=0 null-skips-total=0
[15:05:10] [info] flip-probe: flip #800 ok=true present=3ms inter_flip_ms=60 drawcalls-since-flip=38 drawcalls-total=64791 fail-total=0 null-skips-total=0
[15:05:10] [info] alpha audit block 0: 5305 total drawcalls, 0 with alpha<255 (block pct_x10=0; global 0/58084 pct_x10=0); alpha-mod skipped: block=0 global=0
[15:05:10] [info] fastpath audit block 0: taken=5305 (idx8=5305) skipped=0 pct_x10=1000; global taken=58084 (idx8=58084) skipped=0 pct_x10=1000
[15:05:10] [info] primitive tally block 0: clear=202(hr=202) fill=0(hr=0) rect=0(hr=0) line=0(hr=0) tint=0 spotlight=0 (over 100 flips ending at flip 800)
[15:05:10] [info] color/alpha audit block 0: cmod_white=729 cmod_black=729 (idx=729) cmod_general=0 (idx=0) cmod_fb=0; alpha_taken=0 alpha_skipped=0 (global cmod=6951/5409/693/0 idx=5409/693 alpha=0/0)
[15:05:10] [info] phase timing block 0: drawcalls=6996 dc_total_ms=1384 flip_inner_total_ms=596 inter_flip_total_ms=7061 (per-flip avg x10: dc_ms=138 fi_ms=59 if_ms=706 derived audio+engine_ms=509; per-drawcall avg us_x10=1978) [direct-vesa: presents=100 total_ms=383 avg_ms_x10=38 failed=0] [ablation: NO_DC_TIMING=0 CACHE_WINSURF=0 DIRECT_VESA=1]
[15:05:10] [info] kbd/audio block 0: kbd_irq=0 kbd_drain=0 ring_chunks=16 pump_pass=2306 pic1_mask=0xb8 first_irq_ticks=0 install_ticks=0 vector_at_install=0x0083a028 pic1_mask_live=0x38 kbd_8042_stat=0x34 bios_kbd_head=0x0026 bios_kbd_tail=0x0026 bios_kbd_buf0=0x3920
[15:05:10] [info] dirty-rect block @flip=800: total_calls=0 dirty_rects_avg=1 dirty_pct_x10=1000 forced_full=0 first_n_force=0 threshold_exceeded=0 dirty_path_taken=0 full_flush_taken=0
[15:05:10] [info] prev-frame-diff block @flip=800: diff_calls=0 diff_rects_avg=0 diff_dirty_pct_x10=0 bbox_pct_x10=0 bbox_thresh_exceeded=0
[15:05:11] [info] flip-probe: flip #810 ok=true present=4ms inter_flip_ms=55 drawcalls-since-flip=36 drawcalls-total=65161 fail-total=0 null-skips-total=0
[15:05:11] [info] backdrop cache: thrashing-detect engaged (streak=64, route=direct)
[15:05:11] [info] flip-probe: flip #820 ok=true present=3ms inter_flip_ms=58 drawcalls-since-flip=36 drawcalls-total=65523 fail-total=0 null-skips-total=0
[15:05:12] [info] flip-probe: flip #830 ok=true present=4ms inter_flip_ms=58 drawcalls-since-flip=35 drawcalls-total=65874 fail-total=0 null-skips-total=0
[15:05:12] [info] flip-probe: flip #840 ok=true present=4ms inter_flip_ms=52 drawcalls-since-flip=16 drawcalls-total=66196 fail-total=0 null-skips-total=0
[15:05:13] [info] flip-probe: flip #850 ok=true present=4ms inter_flip_ms=55 drawcalls-since-flip=16 drawcalls-total=66356 fail-total=0 null-skips-total=0
[15:05:13] [info] flip-probe: flip #860 ok=true present=3ms inter_flip_ms=51 drawcalls-since-flip=15 drawcalls-total=66511 fail-total=0 null-skips-total=0
[15:05:14] [info] flip-probe: flip #870 ok=true present=4ms inter_flip_ms=48 drawcalls-since-flip=15 drawcalls-total=66668 fail-total=0 null-skips-total=0
[15:05:14] [info] backdrop cache: thrashing-detect engaged (streak=4, route=direct)
[15:05:14] [info] flip-probe: flip #880 ok=true present=4ms inter_flip_ms=54 drawcalls-since-flip=14 drawcalls-total=66815 fail-total=0 null-skips-total=0
[15:05:15] [info] flip-probe: flip #890 ok=true present=3ms inter_flip_ms=52 drawcalls-since-flip=14 drawcalls-total=66955 fail-total=0 null-skips-total=0
[15:05:16] [info] flip-probe: flip #900 ok=true present=4ms inter_flip_ms=52 drawcalls-since-flip=14 drawcalls-total=67095 fail-total=0 null-skips-total=0
[15:05:16] [info] alpha audit block 0: 1853 total drawcalls, 0 with alpha<255 (block pct_x10=0; global 0/59937 pct_x10=0); alpha-mod skipped: block=0 global=0
[15:05:16] [info] fastpath audit block 0: taken=1853 (idx8=1853) skipped=0 pct_x10=1000; global taken=59937 (idx8=59937) skipped=0 pct_x10=1000
[15:05:16] [info] primitive tally block 0: clear=200(hr=200) fill=0(hr=0) rect=0(hr=0) line=0(hr=0) tint=0 spotlight=0 (over 100 flips ending at flip 900)
[15:05:16] [info] color/alpha audit block 0: cmod_white=351 cmod_black=351 (idx=351) cmod_general=0 (idx=0) cmod_fb=0; alpha_taken=0 alpha_skipped=0 (global cmod=7302/5760/693/0 idx=5760/693 alpha=0/0)
[15:05:16] [info] phase timing block 0: drawcalls=2773 dc_total_ms=861 flip_inner_total_ms=582 inter_flip_total_ms=5519 (per-flip avg x10: dc_ms=86 fi_ms=58 if_ms=551 derived audio+engine_ms=407; per-drawcall avg us_x10=3104) [direct-vesa: presents=100 total_ms=382 avg_ms_x10=38 failed=0] [ablation: NO_DC_TIMING=0 CACHE_WINSURF=0 DIRECT_VESA=1]
[15:05:16] [info] kbd/audio block 0: kbd_irq=0 kbd_drain=0 ring_chunks=16 pump_pass=2582 pic1_mask=0xb8 first_irq_ticks=0 install_ticks=0 vector_at_install=0x0083a028 pic1_mask_live=0x38 kbd_8042_stat=0x34 bios_kbd_head=0x0026 bios_kbd_tail=0x0026 bios_kbd_buf0=0x3920
[15:05:16] [info] dirty-rect block @flip=900: total_calls=0 dirty_rects_avg=1 dirty_pct_x10=1000 forced_full=0 first_n_force=0 threshold_exceeded=0 dirty_path_taken=0 full_flush_taken=0
[15:05:16] [info] prev-frame-diff block @flip=900: diff_calls=0 diff_rects_avg=0 diff_dirty_pct_x10=0 bbox_pct_x10=0 bbox_thresh_exceeded=0
[15:05:16] [info] flip-probe: flip #910 ok=true present=4ms inter_flip_ms=51 drawcalls-since-flip=14 drawcalls-total=67235 fail-total=0 null-skips-total=0
[15:05:17] [info] flip-probe: flip #920 ok=true present=4ms inter_flip_ms=51 drawcalls-since-flip=14 drawcalls-total=67375 fail-total=0 null-skips-total=0
[15:05:17] [info] flip-probe: flip #930 ok=true present=4ms inter_flip_ms=53 drawcalls-since-flip=14 drawcalls-total=67515 fail-total=0 null-skips-total=0
[15:05:17] [info] backdrop cache: thrashing-detect engaged (streak=64, route=direct)
[15:05:18] [info] flip-probe: flip #940 ok=true present=5ms inter_flip_ms=49 drawcalls-since-flip=14 drawcalls-total=67655 fail-total=0 null-skips-total=0
[15:05:18] [info] run_tick_fixed #2700: heartbeat (loop alive)
[15:05:18] [info] flip-probe: flip #950 ok=true present=4ms inter_flip_ms=89 drawcalls-since-flip=288 drawcalls-total=68576 fail-total=0 null-skips-total=0
[15:05:19] [info]  >> Entering stage 11: 'Mimiga Village'.
[15:05:19] [info] [skip-sheet-flush] cave=7
[15:05:19] [info] [load-stage] preloading entry music song=9 (cave=7)
[15:05:19] [info] gameloop: entered (curmap=11, running=1)
[15:05:19] [info] gameloop: iter 1 ticks=109101 mapno=-1
[15:05:19] [info] mds-clear-lut: rebuilt N=240 entries (k_skip=0% k_keep=100%; curmap=11 map_size=60x60; rebuild #5 since boot)
[15:05:19] [info] gameloop: iter 2 ticks=109222 mapno=-1
[15:05:20] [info] gameloop: iter 3 ticks=109333 mapno=-1
[15:05:20] [info] flip-probe: flip #960 ok=true present=5ms inter_flip_ms=80 drawcalls-since-flip=166 drawcalls-total=71249 fail-total=0 null-skips-total=0
[15:05:21] [info] flip-probe: flip #970 ok=true present=4ms inter_flip_ms=57 drawcalls-since-flip=42 drawcalls-total=71707 fail-total=0 null-skips-total=0
[15:05:21] [info] flip-probe: flip #980 ok=true present=4ms inter_flip_ms=57 drawcalls-since-flip=42 drawcalls-total=72127 fail-total=0 null-skips-total=0
[15:05:22] [info] flip-probe: flip #990 ok=true present=4ms inter_flip_ms=80 drawcalls-since-flip=53 drawcalls-total=72644 fail-total=0 null-skips-total=0
[15:05:22] [info] backdrop cache: thrashing-detect engaged (streak=4, route=direct)
[15:05:23] [info] flip-probe: flip #1000 ok=true present=4ms inter_flip_ms=68 drawcalls-since-flip=44 drawcalls-total=73121 fail-total=0 null-skips-total=0
[15:05:23] [info] alpha audit block 0: 5328 total drawcalls, 0 with alpha<255 (block pct_x10=0; global 0/65265 pct_x10=0); alpha-mod skipped: block=0 global=0
[15:05:23] [info] fastpath audit block 0: taken=5328 (idx8=5328) skipped=0 pct_x10=1000; global taken=65265 (idx8=65265) skipped=0 pct_x10=1000
[15:05:23] [info] primitive tally block 0: clear=201(hr=201) fill=0(hr=0) rect=0(hr=0) line=0(hr=0) tint=0 spotlight=0 (over 100 flips ending at flip 1000)
[15:05:23] [info] color/alpha audit block 0: cmod_white=598 cmod_black=598 (idx=598) cmod_general=0 (idx=0) cmod_fb=0; alpha_taken=0 alpha_skipped=0 (global cmod=7900/6358/693/0 idx=6358/693 alpha=0/0)
[15:05:23] [info] phase timing block 0: drawcalls=6761 dc_total_ms=1407 flip_inner_total_ms=606 inter_flip_total_ms=6955 (per-flip avg x10: dc_ms=140 fi_ms=60 if_ms=695 derived audio+engine_ms=495; per-drawcall avg us_x10=2081) [direct-vesa: presents=100 total_ms=385 avg_ms_x10=38 failed=0] [ablation: NO_DC_TIMING=0 CACHE_WINSURF=0 DIRECT_VESA=1]
[15:05:23] [info] kbd/audio block 0: kbd_irq=0 kbd_drain=0 ring_chunks=16 pump_pass=2889 pic1_mask=0xb8 first_irq_ticks=0 install_ticks=0 vector_at_install=0x0083a028 pic1_mask_live=0x38 kbd_8042_stat=0x34 bios_kbd_head=0x0026 bios_kbd_tail=0x0026 bios_kbd_buf0=0x3920
[15:05:23] [info] dirty-rect block @flip=1000: total_calls=0 dirty_rects_avg=1 dirty_pct_x10=1000 forced_full=0 first_n_force=0 threshold_exceeded=0 dirty_path_taken=0 full_flush_taken=0
[15:05:23] [info] prev-frame-diff block @flip=1000: diff_calls=0 diff_rects_avg=0 diff_dirty_pct_x10=0 bbox_pct_x10=0 bbox_thresh_exceeded=0
[15:05:23] [info] flip-probe: flip #1010 ok=true present=4ms inter_flip_ms=62 drawcalls-since-flip=45 drawcalls-total=73572 fail-total=0 null-skips-total=0
[15:05:24] [info] flip-probe: flip #1020 ok=true present=4ms inter_flip_ms=62 drawcalls-since-flip=46 drawcalls-total=74023 fail-total=0 null-skips-total=0
[15:05:24] [info] flip-probe: flip #1030 ok=true present=4ms inter_flip_ms=58 drawcalls-since-flip=45 drawcalls-total=74475 fail-total=0 null-skips-total=0
[15:05:25] [info] flip-probe: flip #1040 ok=true present=4ms inter_flip_ms=61 drawcalls-since-flip=45 drawcalls-total=74925 fail-total=0 null-skips-total=0
[15:05:26] [info] flip-probe: flip #1050 ok=true present=3ms inter_flip_ms=59 drawcalls-since-flip=45 drawcalls-total=75375 fail-total=0 null-skips-total=0
[15:05:26] [info] backdrop cache: thrashing-detect engaged (streak=64, route=direct)
[15:05:26] [info] flip-probe: flip #1060 ok=true present=4ms inter_flip_ms=59 drawcalls-since-flip=44 drawcalls-total=75819 fail-total=0 null-skips-total=0
[15:05:27] [info] flip-probe: flip #1070 ok=true present=4ms inter_flip_ms=60 drawcalls-since-flip=43 drawcalls-total=76257 fail-total=0 null-skips-total=0
[15:05:27] [info] flip-probe: flip #1080 ok=true present=4ms inter_flip_ms=54 drawcalls-since-flip=18 drawcalls-total=76532 fail-total=0 null-skips-total=0
[15:05:28] [info] flip-probe: flip #1090 ok=true present=3ms inter_flip_ms=58 drawcalls-since-flip=19 drawcalls-total=76718 fail-total=0 null-skips-total=0
[15:05:29] [info] flip-probe: flip #1100 ok=true present=4ms inter_flip_ms=55 drawcalls-since-flip=19 drawcalls-total=76908 fail-total=0 null-skips-total=0
[15:05:29] [info] alpha audit block 0: 2725 total drawcalls, 0 with alpha<255 (block pct_x10=0; global 0/67990 pct_x10=0); alpha-mod skipped: block=0 global=0
[15:05:29] [info] fastpath audit block 0: taken=2725 (idx8=2725) skipped=0 pct_x10=1000; global taken=67990 (idx8=67990) skipped=0 pct_x10=1000
[15:05:29] [info] primitive tally block 0: clear=200(hr=200) fill=0(hr=0) rect=0(hr=0) line=0(hr=0) tint=0 spotlight=0 (over 100 flips ending at flip 1100)
[15:05:29] [info] color/alpha audit block 0: cmod_white=962 cmod_black=962 (idx=962) cmod_general=0 (idx=0) cmod_fb=0; alpha_taken=0 alpha_skipped=0 (global cmod=8862/7320/693/0 idx=7320/693 alpha=0/0)
[15:05:29] [info] phase timing block 0: drawcalls=4849 dc_total_ms=959 flip_inner_total_ms=583 inter_flip_total_ms=6041 (per-flip avg x10: dc_ms=95 fi_ms=58 if_ms=604 derived audio+engine_ms=451; per-drawcall avg us_x10=1977) [direct-vesa: presents=100 total_ms=381 avg_ms_x10=38 failed=0] [ablation: NO_DC_TIMING=0 CACHE_WINSURF=0 DIRECT_VESA=1]
[15:05:29] [info] kbd/audio block 0: kbd_irq=0 kbd_drain=0 ring_chunks=16 pump_pass=3192 pic1_mask=0xb8 first_irq_ticks=0 install_ticks=0 vector_at_install=0x0083a028 pic1_mask_live=0x38 kbd_8042_stat=0x34 bios_kbd_head=0x0026 bios_kbd_tail=0x0026 bios_kbd_buf0=0x3920
[15:05:29] [info] dirty-rect block @flip=1100: total_calls=0 dirty_rects_avg=1 dirty_pct_x10=1000 forced_full=0 first_n_force=0 threshold_exceeded=0 dirty_path_taken=0 full_flush_taken=0
[15:05:29] [info] prev-frame-diff block @flip=1100: diff_calls=0 diff_rects_avg=0 diff_dirty_pct_x10=0 bbox_pct_x10=0 bbox_thresh_exceeded=0
[15:05:29] [info] flip-probe: flip #1110 ok=true present=4ms inter_flip_ms=57 drawcalls-since-flip=18 drawcalls-total=77090 fail-total=0 null-skips-total=0
[15:05:29] [info] backdrop cache: thrashing-detect engaged (streak=124, route=direct)
[15:05:30] [info] flip-probe: flip #1120 ok=true present=5ms inter_flip_ms=53 drawcalls-since-flip=18 drawcalls-total=77264 fail-total=0 null-skips-total=0
[15:05:30] [info] flip-probe: flip #1130 ok=true present=4ms inter_flip_ms=57 drawcalls-since-flip=19 drawcalls-total=77446 fail-total=0 null-skips-total=0
[15:05:31] [info] run_tick_fixed #3300: heartbeat (loop alive)
[15:05:31] [info] flip-probe: flip #1140 ok=true present=4ms inter_flip_ms=57 drawcalls-since-flip=19 drawcalls-total=77636 fail-total=0 null-skips-total=0
[15:05:31] [info] flip-probe: flip #1150 ok=true present=4ms inter_flip_ms=58 drawcalls-since-flip=20 drawcalls-total=77828 fail-total=0 null-skips-total=0
[15:05:32] [info] flip-probe: flip #1160 ok=true present=4ms inter_flip_ms=57 drawcalls-since-flip=20 drawcalls-total=78028 fail-total=0 null-skips-total=0
[15:05:32] [info] tas: stall frame 277 ms -> contributing 1 tick (patch 0286)
[15:05:33] [info] flip-probe: flip #1170 ok=true present=4ms inter_flip_ms=59 drawcalls-since-flip=20 drawcalls-total=78228 fail-total=0 null-skips-total=0
[15:05:33] [info] backdrop cache: thrashing-detect engaged (streak=184, route=direct)
[15:05:33] [info] flip-probe: flip #1180 ok=true present=4ms inter_flip_ms=59 drawcalls-since-flip=17 drawcalls-total=78401 fail-total=0 null-skips-total=0
[15:05:34] [info] flip-probe: flip #1190 ok=true present=4ms inter_flip_ms=57 drawcalls-since-flip=17 drawcalls-total=78571 fail-total=0 null-skips-total=0
[15:05:35] [info] flip-probe: flip #1200 ok=true present=4ms inter_flip_ms=57 drawcalls-since-flip=18 drawcalls-total=78753 fail-total=0 null-skips-total=0
[15:05:35] [info] alpha audit block 0: 1745 total drawcalls, 0 with alpha<255 (block pct_x10=0; global 0/69735 pct_x10=0); alpha-mod skipped: block=0 global=0
[15:05:35] [info] fastpath audit block 0: taken=1745 (idx8=1745) skipped=0 pct_x10=1000; global taken=69735 (idx8=69735) skipped=0 pct_x10=1000
[15:05:35] [info] primitive tally block 0: clear=200(hr=200) fill=0(hr=0) rect=0(hr=0) line=0(hr=0) tint=0 spotlight=0 (over 100 flips ending at flip 1200)
[15:05:35] [info] phase timing block 0: drawcalls=1945 dc_total_ms=744 flip_inner_total_ms=805 inter_flip_total_ms=5978 (per-flip avg x10: dc_ms=74 fi_ms=80 if_ms=597 derived audio+engine_ms=443; per-drawcall avg us_x10=3827) [direct-vesa: presents=100 total_ms=384 avg_ms_x10=38 failed=0] [ablation: NO_DC_TIMING=0 CACHE_WINSURF=0 DIRECT_VESA=1]
[15:05:35] [info] kbd/audio block 0: kbd_irq=0 kbd_drain=0 ring_chunks=16 pump_pass=3478 pic1_mask=0xb8 first_irq_ticks=0 install_ticks=0 vector_at_install=0x0083a028 pic1_mask_live=0x38 kbd_8042_stat=0x34 bios_kbd_head=0x0026 bios_kbd_tail=0x0026 bios_kbd_buf0=0x3920
[15:05:35] [info] dirty-rect block @flip=1200: total_calls=0 dirty_rects_avg=1 dirty_pct_x10=1000 forced_full=0 first_n_force=0 threshold_exceeded=0 dirty_path_taken=0 full_flush_taken=0
[15:05:35] [info] prev-frame-diff block @flip=1200: diff_calls=0 diff_rects_avg=0 diff_dirty_pct_x10=0 bbox_pct_x10=0 bbox_thresh_exceeded=0
[15:05:35] [info] flip-probe: flip #1210 ok=true present=4ms inter_flip_ms=57 drawcalls-since-flip=16 drawcalls-total=78920 fail-total=0 null-skips-total=0
[15:05:36] [info] flip-probe: flip #1220 ok=true present=4ms inter_flip_ms=61 drawcalls-since-flip=19 drawcalls-total=79089 fail-total=0 null-skips-total=0
[15:05:36] [info] flip-probe: flip #1230 ok=true present=4ms inter_flip_ms=58 drawcalls-since-flip=22 drawcalls-total=79287 fail-total=0 null-skips-total=0
[15:05:36] [info] backdrop cache: thrashing-detect engaged (streak=244, route=direct)
[15:05:37] [info] flip-probe: flip #1240 ok=true present=4ms inter_flip_ms=62 drawcalls-since-flip=47 drawcalls-total=79501 fail-total=0 null-skips-total=0
[15:05:38] [info]  >> Entering stage 19: 'Assembly Hall'.
[15:05:38] [info] [skip-sheet-flush] cave=8
[15:05:38] [info] [load-stage] preloading entry music song=9 (cave=8)
[15:05:39] [info] gameloop: entered (curmap=19, running=1)
[15:05:39] [info] gameloop: iter 1 ticks=128359 mapno=-1
[15:05:39] [info] mds-clear-lut: rebuilt N=240 entries (k_skip=100% k_keep=0%; curmap=19 map_size=21x16; rebuild #6 since boot)
[15:05:39] [info] gameloop: iter 2 ticks=128490 mapno=-1
[15:05:39] [info] gameloop: iter 3 ticks=128606 mapno=-1
[15:05:39] [info] flip-probe: flip #1250 ok=true present=4ms inter_flip_ms=115 drawcalls-since-flip=463 drawcalls-total=82747 fail-total=0 null-skips-total=0
[15:05:40] [info] flip-probe: flip #1260 ok=true present=4ms inter_flip_ms=55 drawcalls-since-flip=122 drawcalls-total=84580 fail-total=0 null-skips-total=0
[15:05:40] [info] flip-probe: flip #1270 ok=true present=4ms inter_flip_ms=57 drawcalls-since-flip=122 drawcalls-total=85800 fail-total=0 null-skips-total=0
[15:05:41] [info] flip-probe: flip #1280 ok=true present=4ms inter_flip_ms=59 drawcalls-since-flip=124 drawcalls-total=87038 fail-total=0 null-skips-total=0
[15:05:41] [info] flip-probe: flip #1290 ok=true present=4ms inter_flip_ms=59 drawcalls-since-flip=124 drawcalls-total=88267 fail-total=0 null-skips-total=0
[15:05:42] [info] flip-probe: flip #1300 ok=true present=5ms inter_flip_ms=56 drawcalls-since-flip=122 drawcalls-total=89490 fail-total=0 null-skips-total=0
[15:05:42] [info] alpha audit block 0: 10001 total drawcalls, 0 with alpha<255 (block pct_x10=0; global 0/79736 pct_x10=0); alpha-mod skipped: block=0 global=0
[15:05:42] [info] fastpath audit block 0: taken=10001 (idx8=10001) skipped=0 pct_x10=1000; global taken=79736 (idx8=79736) skipped=0 pct_x10=1000
[15:05:42] [info] primitive tally block 0: clear=201(hr=201) fill=0(hr=0) rect=0(hr=0) line=0(hr=0) tint=0 spotlight=0 (over 100 flips ending at flip 1300)
[15:05:42] [info] color/alpha audit block 0: cmod_white=636 cmod_black=636 (idx=636) cmod_general=0 (idx=0) cmod_fb=0; alpha_taken=0 alpha_skipped=0 (global cmod=9498/7956/693/0 idx=7956/693 alpha=0/0)
[15:05:42] [info] phase timing block 0: drawcalls=11527 dc_total_ms=1670 flip_inner_total_ms=586 inter_flip_total_ms=7456 (per-flip avg x10: dc_ms=167 fi_ms=58 if_ms=745 derived audio+engine_ms=520; per-drawcall avg us_x10=1448) [direct-vesa: presents=100 total_ms=381 avg_ms_x10=38 failed=0] [ablation: NO_DC_TIMING=0 CACHE_WINSURF=0 DIRECT_VESA=1]
[15:05:42] [info] kbd/audio block 0: kbd_irq=0 kbd_drain=0 ring_chunks=16 pump_pass=3796 pic1_mask=0xb8 first_irq_ticks=0 install_ticks=0 vector_at_install=0x0083a028 pic1_mask_live=0x38 kbd_8042_stat=0x34 bios_kbd_head=0x0026 bios_kbd_tail=0x0026 bios_kbd_buf0=0x3920
[15:05:42] [info] dirty-rect block @flip=1300: total_calls=0 dirty_rects_avg=1 dirty_pct_x10=1000 forced_full=0 first_n_force=0 threshold_exceeded=0 dirty_path_taken=0 full_flush_taken=0
[15:05:42] [info] prev-frame-diff block @flip=1300: diff_calls=0 diff_rects_avg=0 diff_dirty_pct_x10=0 bbox_pct_x10=0 bbox_thresh_exceeded=0
[15:05:43] [info] flip-probe: flip #1310 ok=true present=4ms inter_flip_ms=57 drawcalls-since-flip=122 drawcalls-total=90710 fail-total=0 null-skips-total=0
[15:05:43] [info] flip-probe: flip #1320 ok=true present=4ms inter_flip_ms=56 drawcalls-since-flip=122 drawcalls-total=91930 fail-total=0 null-skips-total=0
[15:05:44] [info]  >> Entering stage 11: 'Mimiga Village'.
[15:05:44] [info] [skip-sheet-flush] cave=9
[15:05:45] [info] [load-stage] preloading entry music song=9 (cave=9)
[15:05:45] [info] gameloop: entered (curmap=11, running=1)
[15:05:45] [info] gameloop: iter 1 ticks=134669 mapno=-1
[15:05:45] [info] mds-clear-lut: rebuilt N=240 entries (k_skip=0% k_keep=100%; curmap=11 map_size=60x60; rebuild #7 since boot)
[15:05:45] [info] gameloop: iter 2 ticks=134797 mapno=-1
[15:05:45] [info] flip-probe: flip #1330 ok=true present=4ms inter_flip_ms=119 drawcalls-since-flip=384 drawcalls-total=95322 fail-total=0 null-skips-total=0
[15:05:45] [info] gameloop: iter 3 ticks=134923 mapno=-1
[15:05:46] [info] backdrop cache: thrashing-detect engaged (streak=4, route=direct)
[15:05:46] [info] flip-probe: flip #1340 ok=true present=5ms inter_flip_ms=60 drawcalls-since-flip=45 drawcalls-total=96792 fail-total=0 null-skips-total=0
[15:05:47] [info] flip-probe: flip #1350 ok=true present=4ms inter_flip_ms=62 drawcalls-since-flip=43 drawcalls-total=97244 fail-total=0 null-skips-total=0
[15:05:47] [info] flip-probe: flip #1360 ok=true present=4ms inter_flip_ms=61 drawcalls-since-flip=43 drawcalls-total=97671 fail-total=0 null-skips-total=0
[15:05:48] [info] flip-probe: flip #1370 ok=true present=4ms inter_flip_ms=59 drawcalls-since-flip=44 drawcalls-total=98113 fail-total=0 null-skips-total=0
[15:05:48] [info] flip-probe: flip #1380 ok=true present=4ms inter_flip_ms=62 drawcalls-since-flip=46 drawcalls-total=98549 fail-total=0 null-skips-total=0
[15:05:49] [info] flip-probe: flip #1390 ok=true present=4ms inter_flip_ms=61 drawcalls-since-flip=44 drawcalls-total=99001 fail-total=0 null-skips-total=0
[15:05:49] [info] backdrop cache: thrashing-detect engaged (streak=64, route=direct)
[15:05:50] [info] flip-probe: flip #1400 ok=true present=4ms inter_flip_ms=61 drawcalls-since-flip=44 drawcalls-total=99443 fail-total=0 null-skips-total=0
[15:05:50] [info] alpha audit block 0: 8581 total drawcalls, 0 with alpha<255 (block pct_x10=0; global 0/88317 pct_x10=0); alpha-mod skipped: block=0 global=0
[15:05:50] [info] fastpath audit block 0: taken=8581 (idx8=8581) skipped=0 pct_x10=1000; global taken=88317 (idx8=88317) skipped=0 pct_x10=1000
[15:05:50] [info] primitive tally block 0: clear=201(hr=201) fill=0(hr=0) rect=0(hr=0) line=0(hr=0) tint=0 spotlight=0 (over 100 flips ending at flip 1400)
[15:05:50] [info] color/alpha audit block 0: cmod_white=1272 cmod_black=1272 (idx=1272) cmod_general=0 (idx=0) cmod_fb=0; alpha_taken=0 alpha_skipped=0 (global cmod=10770/9228/693/0 idx=9228/693 alpha=0/0)
[15:05:50] [info] phase timing block 0: drawcalls=11359 dc_total_ms=1653 flip_inner_total_ms=594 inter_flip_total_ms=7722 (per-flip avg x10: dc_ms=165 fi_ms=59 if_ms=772 derived audio+engine_ms=548; per-drawcall avg us_x10=1455) [direct-vesa: presents=100 total_ms=379 avg_ms_x10=37 failed=0] [ablation: NO_DC_TIMING=0 CACHE_WINSURF=0 DIRECT_VESA=1]
[15:05:50] [info] kbd/audio block 0: kbd_irq=0 kbd_drain=0 ring_chunks=16 pump_pass=4122 pic1_mask=0xb8 first_irq_ticks=0 install_ticks=0 vector_at_install=0x0083a028 pic1_mask_live=0x38 kbd_8042_stat=0x34 bios_kbd_head=0x0026 bios_kbd_tail=0x0026 bios_kbd_buf0=0x3920
[15:05:50] [info] dirty-rect block @flip=1400: total_calls=0 dirty_rects_avg=1 dirty_pct_x10=1000 forced_full=0 first_n_force=0 threshold_exceeded=0 dirty_path_taken=0 full_flush_taken=0
[15:05:50] [info] prev-frame-diff block @flip=1400: diff_calls=0 diff_rects_avg=0 diff_dirty_pct_x10=0 bbox_pct_x10=0 bbox_thresh_exceeded=0
[15:05:50] [info] flip-probe: flip #1410 ok=true present=4ms inter_flip_ms=60 drawcalls-since-flip=43 drawcalls-total=99877 fail-total=0 null-skips-total=0
[15:05:51] [info] flip-probe: flip #1420 ok=true present=4ms inter_flip_ms=58 drawcalls-since-flip=43 drawcalls-total=100307 fail-total=0 null-skips-total=0
[15:05:52] [info] flip-probe: flip #1430 ok=true present=4ms inter_flip_ms=61 drawcalls-since-flip=44 drawcalls-total=100746 fail-total=0 null-skips-total=0
[15:05:52] [info] flip-probe: flip #1440 ok=true present=4ms inter_flip_ms=63 drawcalls-since-flip=45 drawcalls-total=101196 fail-total=0 null-skips-total=0
[15:05:53] [info] flip-probe: flip #1450 ok=true present=4ms inter_flip_ms=53 drawcalls-since-flip=15 drawcalls-total=101564 fail-total=0 null-skips-total=0
[15:05:53] [info] backdrop cache: thrashing-detect engaged (streak=124, route=direct)
[15:05:53] [info] flip-probe: flip #1460 ok=true present=4ms inter_flip_ms=107 drawcalls-since-flip=356 drawcalls-total=102683 fail-total=0 null-skips-total=0
[15:05:54] [info]  >> Entering stage 14: 'Shack'.
[15:05:54] [info] [skip-sheet-flush] cave=10
[15:05:55] [info] [load-stage] preloading entry music song=8 (cave=10)
[15:05:55] [info] opl3 backend: on_song_stop
[15:05:55] [info] MidiScheduler::load: parsed 'data/orgmid2/vivi.mid' = 11188 events at 48 PPQ
[15:05:55] [info] opl3 backend: on_song_start
[15:05:55] [info] gameloop: entered (curmap=14, running=1)
[15:05:55] [info] gameloop: iter 1 ticks=144809 mapno=-1
[15:05:55] [info] gameloop: iter 2 ticks=144905 mapno=-1
[15:05:55] [info] gameloop: iter 3 ticks=145007 mapno=-1
[15:05:56] [info] flip-probe: flip #1470 ok=true present=4ms inter_flip_ms=70 drawcalls-since-flip=189 drawcalls-total=105357 fail-total=0 null-skips-total=0
[15:05:56] [info] flip-probe: flip #1480 ok=true present=4ms inter_flip_ms=42 drawcalls-since-flip=24 drawcalls-total=105625 fail-total=0 null-skips-total=0
[15:05:57] [info] flip-probe: flip #1490 ok=true present=4ms inter_flip_ms=45 drawcalls-since-flip=24 drawcalls-total=105865 fail-total=0 null-skips-total=0
[15:05:57] [info] flip-probe: flip #1500 ok=true present=5ms inter_flip_ms=46 drawcalls-since-flip=28 drawcalls-total=106117 fail-total=0 null-skips-total=0
[15:05:57] [info] alpha audit block 0: 5806 total drawcalls, 0 with alpha<255 (block pct_x10=0; global 0/94123 pct_x10=0); alpha-mod skipped: block=0 global=0
[15:05:57] [info] fastpath audit block 0: taken=5806 (idx8=5806) skipped=0 pct_x10=1000; global taken=94123 (idx8=94123) skipped=0 pct_x10=1000
[15:05:57] [info] primitive tally block 0: clear=202(hr=202) fill=0(hr=0) rect=0(hr=0) line=0(hr=0) tint=0 spotlight=0 (over 100 flips ending at flip 1500)
[15:05:57] [info] color/alpha audit block 0: cmod_white=804 cmod_black=804 (idx=804) cmod_general=0 (idx=0) cmod_fb=0; alpha_taken=0 alpha_skipped=0 (global cmod=11574/10032/693/0 idx=10032/693 alpha=0/0)
[15:05:57] [info] phase timing block 0: drawcalls=7616 dc_total_ms=1272 flip_inner_total_ms=593 inter_flip_total_ms=7245 (per-flip avg x10: dc_ms=127 fi_ms=59 if_ms=724 derived audio+engine_ms=538; per-drawcall avg us_x10=1671) [direct-vesa: presents=100 total_ms=388 avg_ms_x10=38 failed=0] [ablation: NO_DC_TIMING=0 CACHE_WINSURF=0 DIRECT_VESA=1]
[15:05:57] [info] kbd/audio block 0: kbd_irq=0 kbd_drain=0 ring_chunks=16 pump_pass=4422 pic1_mask=0xb8 first_irq_ticks=0 install_ticks=0 vector_at_install=0x0083a028 pic1_mask_live=0x38 kbd_8042_stat=0x34 bios_kbd_head=0x0026 bios_kbd_tail=0x0026 bios_kbd_buf0=0x3920
[15:05:57] [info] dirty-rect block @flip=1500: total_calls=0 dirty_rects_avg=1 dirty_pct_x10=1000 forced_full=0 first_n_force=0 threshold_exceeded=0 dirty_path_taken=0 full_flush_taken=0
[15:05:57] [info] prev-frame-diff block @flip=1500: diff_calls=0 diff_rects_avg=0 diff_dirty_pct_x10=0 bbox_pct_x10=0 bbox_thresh_exceeded=0
[15:05:57] [info] flip-probe: flip #1510 ok=true present=4ms inter_flip_ms=43 drawcalls-since-flip=25 drawcalls-total=106380 fail-total=0 null-skips-total=0
[15:05:58] [info] flip-probe: flip #1520 ok=true present=4ms inter_flip_ms=46 drawcalls-since-flip=24 drawcalls-total=106620 fail-total=0 null-skips-total=0
[15:05:58] [info] flip-probe: flip #1530 ok=true present=4ms inter_flip_ms=43 drawcalls-since-flip=24 drawcalls-total=106860 fail-total=0 null-skips-total=0
[15:05:59] [info] flip-probe: flip #1540 ok=true present=4ms inter_flip_ms=43 drawcalls-since-flip=24 drawcalls-total=107100 fail-total=0 null-skips-total=0
[15:05:59] [info] flip-probe: flip #1550 ok=true present=4ms inter_flip_ms=43 drawcalls-since-flip=24 drawcalls-total=107340 fail-total=0 null-skips-total=0
[15:06:00] [info] flip-probe: flip #1560 ok=true present=4ms inter_flip_ms=43 drawcalls-since-flip=24 drawcalls-total=107580 fail-total=0 null-skips-total=0
[15:06:00] [info] flip-probe: flip #1570 ok=true present=4ms inter_flip_ms=53 drawcalls-since-flip=97 drawcalls-total=107922 fail-total=0 null-skips-total=0
[15:06:01] [info]  >> Entering stage 11: 'Mimiga Village'.
[15:06:01] [info] [skip-sheet-flush] cave=11
[15:06:01] [info] [load-stage] preloading entry music song=9 (cave=11)
[15:06:01] [info] opl3 backend: on_song_stop
[15:06:01] [info] MidiScheduler::load: parsed 'data/orgmid2/mura.mid' = 7123 events at 48 PPQ
[15:06:02] [info] opl3 backend: on_song_start
[15:06:02] [info] gameloop: entered (curmap=11, running=1)
[15:06:02] [info] gameloop: iter 1 ticks=151426 mapno=-1
[15:06:02] [info] gameloop: iter 2 ticks=151542 mapno=-1
[15:06:02] [info] gameloop: iter 3 ticks=151658 mapno=-1
[15:06:02] [info] flip-probe: flip #1580 ok=true present=4ms inter_flip_ms=129 drawcalls-since-flip=382 drawcalls-total=111031 fail-total=0 null-skips-total=0
[15:06:02] [info] backdrop cache: thrashing-detect engaged (streak=4, route=direct)
[15:06:03] [info] flip-probe: flip #1590 ok=true present=3ms inter_flip_ms=59 drawcalls-since-flip=42 drawcalls-total=112127 fail-total=0 null-skips-total=0
[15:06:03] [info] flip-probe: flip #1600 ok=true present=4ms inter_flip_ms=58 drawcalls-since-flip=44 drawcalls-total=112560 fail-total=0 null-skips-total=0
[15:06:03] [info] alpha audit block 0: 5736 total drawcalls, 0 with alpha<255 (block pct_x10=0; global 0/99859 pct_x10=0); alpha-mod skipped: block=0 global=0
[15:06:03] [info] fastpath audit block 0: taken=5736 (idx8=5736) skipped=0 pct_x10=1000; global taken=99859 (idx8=99859) skipped=0 pct_x10=1000
[15:06:03] [info] primitive tally block 0: clear=201(hr=201) fill=0(hr=0) rect=0(hr=0) line=0(hr=0) tint=0 spotlight=0 (over 100 flips ending at flip 1600)
[15:06:03] [info] color/alpha audit block 0: cmod_white=684 cmod_black=684 (idx=684) cmod_general=0 (idx=0) cmod_fb=0; alpha_taken=0 alpha_skipped=0 (global cmod=12258/10716/693/0 idx=10716/693 alpha=0/0)
[15:06:03] [info] phase timing block 0: drawcalls=7310 dc_total_ms=1268 flip_inner_total_ms=591 inter_flip_total_ms=6450 (per-flip avg x10: dc_ms=126 fi_ms=59 if_ms=645 derived audio+engine_ms=460; per-drawcall avg us_x10=1734) [direct-vesa: presents=100 total_ms=384 avg_ms_x10=38 failed=0] [ablation: NO_DC_TIMING=0 CACHE_WINSURF=0 DIRECT_VESA=1]
[15:06:03] [info] kbd/audio block 0: kbd_irq=0 kbd_drain=0 ring_chunks=16 pump_pass=4693 pic1_mask=0xb8 first_irq_ticks=0 install_ticks=0 vector_at_install=0x0083a028 pic1_mask_live=0x38 kbd_8042_stat=0x34 bios_kbd_head=0x0026 bios_kbd_tail=0x0026 bios_kbd_buf0=0x3920
[15:06:03] [info] dirty-rect block @flip=1600: total_calls=0 dirty_rects_avg=1 dirty_pct_x10=1000 forced_full=0 first_n_force=0 threshold_exceeded=0 dirty_path_taken=0 full_flush_taken=0
[15:06:03] [info] prev-frame-diff block @flip=1600: diff_calls=0 diff_rects_avg=0 diff_dirty_pct_x10=0 bbox_pct_x10=0 bbox_thresh_exceeded=0
[15:06:04] [info] flip-probe: flip #1610 ok=true present=4ms inter_flip_ms=65 drawcalls-since-flip=47 drawcalls-total=113020 fail-total=0 null-skips-total=0
[15:06:05] [info] flip-probe: flip #1620 ok=true present=3ms inter_flip_ms=58 drawcalls-since-flip=43 drawcalls-total=113461 fail-total=0 null-skips-total=0
[15:06:05] [info] flip-probe: flip #1630 ok=true present=4ms inter_flip_ms=60 drawcalls-since-flip=46 drawcalls-total=113901 fail-total=0 null-skips-total=0
[15:06:06] [info] flip-probe: flip #1640 ok=true present=5ms inter_flip_ms=57 drawcalls-since-flip=45 drawcalls-total=114355 fail-total=0 null-skips-total=0
[15:06:06] [info] backdrop cache: thrashing-detect engaged (streak=64, route=direct)
[15:06:07] [info] flip-probe: flip #1650 ok=true present=4ms inter_flip_ms=60 drawcalls-since-flip=45 drawcalls-total=114805 fail-total=0 null-skips-total=0
[15:06:07] [info] flip-probe: flip #1660 ok=true present=4ms inter_flip_ms=61 drawcalls-since-flip=46 drawcalls-total=115268 fail-total=0 null-skips-total=0
[15:06:08] [info] flip-probe: flip #1670 ok=true present=3ms inter_flip_ms=59 drawcalls-since-flip=44 drawcalls-total=115714 fail-total=0 null-skips-total=0
[15:06:08] [info] flip-probe: flip #1680 ok=true present=4ms inter_flip_ms=60 drawcalls-since-flip=45 drawcalls-total=116159 fail-total=0 null-skips-total=0
[15:06:09] [info] flip-probe: flip #1690 ok=true present=4ms inter_flip_ms=60 drawcalls-since-flip=47 drawcalls-total=116621 fail-total=0 null-skips-total=0
[15:06:09] [info] tas: stall frame 282 ms -> contributing 1 tick (patch 0286)
[15:06:10] [info] flip-probe: flip #1700 ok=true present=5ms inter_flip_ms=53 drawcalls-since-flip=19 drawcalls-total=117006 fail-total=0 null-skips-total=0
[15:06:10] [info] alpha audit block 0: 3085 total drawcalls, 0 with alpha<255 (block pct_x10=0; global 0/102944 pct_x10=0); alpha-mod skipped: block=0 global=0
[15:06:10] [info] fastpath audit block 0: taken=3085 (idx8=3085) skipped=0 pct_x10=1000; global taken=102944 (idx8=102944) skipped=0 pct_x10=1000
[15:06:10] [info] primitive tally block 0: clear=200(hr=200) fill=0(hr=0) rect=0(hr=0) line=0(hr=0) tint=0 spotlight=0 (over 100 flips ending at flip 1700)
[15:06:10] [info] color/alpha audit block 0: cmod_white=1261 cmod_black=1261 (idx=1261) cmod_general=0 (idx=0) cmod_fb=0; alpha_taken=0 alpha_skipped=0 (global cmod=13519/11977/693/0 idx=11977/693 alpha=0/0)
[15:06:10] [info] phase timing block 0: drawcalls=5807 dc_total_ms=1042 flip_inner_total_ms=805 inter_flip_total_ms=6327 (per-flip avg x10: dc_ms=104 fi_ms=80 if_ms=632 derived audio+engine_ms=448; per-drawcall avg us_x10=1795) [direct-vesa: presents=100 total_ms=383 avg_ms_x10=38 failed=0] [ablation: NO_DC_TIMING=0 CACHE_WINSURF=0 DIRECT_VESA=1]
[15:06:10] [info] kbd/audio block 0: kbd_irq=0 kbd_drain=0 ring_chunks=16 pump_pass=4996 pic1_mask=0xb8 first_irq_ticks=0 install_ticks=0 vector_at_install=0x0083a028 pic1_mask_live=0x38 kbd_8042_stat=0x34 bios_kbd_head=0x0026 bios_kbd_tail=0x0026 bios_kbd_buf0=0x3920
[15:06:10] [info] dirty-rect block @flip=1700: total_calls=0 dirty_rects_avg=1 dirty_pct_x10=1000 forced_full=0 first_n_force=0 threshold_exceeded=0 dirty_path_taken=0 full_flush_taken=0
[15:06:10] [info] prev-frame-diff block @flip=1700: diff_calls=0 diff_rects_avg=0 diff_dirty_pct_x10=0 bbox_pct_x10=0 bbox_thresh_exceeded=0
[15:06:10] [info] backdrop cache: thrashing-detect engaged (streak=124, route=direct)
[15:06:10] [info] flip-probe: flip #1710 ok=true present=4ms inter_flip_ms=50 drawcalls-since-flip=19 drawcalls-total=117196 fail-total=0 null-skips-total=0
[15:06:11] [info] flip-probe: flip #1720 ok=true present=3ms inter_flip_ms=57 drawcalls-since-flip=19 drawcalls-total=117386 fail-total=0 null-skips-total=0
[15:06:11] [info] flip-probe: flip #1730 ok=true present=4ms inter_flip_ms=57 drawcalls-since-flip=19 drawcalls-total=117576 fail-total=0 null-skips-total=0
[15:06:12] [info] flip-probe: flip #1740 ok=true present=4ms inter_flip_ms=56 drawcalls-since-flip=60 drawcalls-total=117848 fail-total=0 null-skips-total=0
[15:06:13] [info] flip-probe: flip #1750 ok=true present=4ms inter_flip_ms=57 drawcalls-since-flip=60 drawcalls-total=118448 fail-total=0 null-skips-total=0
[15:06:13] [info] flip-probe: flip #1760 ok=true present=4ms inter_flip_ms=56 drawcalls-since-flip=60 drawcalls-total=119048 fail-total=0 null-skips-total=0
[15:06:13] [info] backdrop cache: thrashing-detect engaged (streak=184, route=direct)
[15:06:14] [info] flip-probe: flip #1770 ok=true present=4ms inter_flip_ms=56 drawcalls-since-flip=60 drawcalls-total=119648 fail-total=0 null-skips-total=0
[15:06:14] [info] tas: end-of-replay auto-exit at tick 5140 (recording exhausted; set DOSKUTSU_TAS_REPLAY_HOLD=1 to disable + observe steady-state past recording end)
[15:06:14] [info] Script engine shutdown.
[15:06:14] [info] opl3 backend: on_song_stop
[15:06:14] [info] opl3 backend: cleared reg 0xBD chip-wide latch (wub-wub mitigation per flush-instr WAVE-46 H6)
[15:06:14] [info] opl3 backend shutdown (all 18 voices KEY-OFF unconditionally; OPL2 mode restored; chip state safe for next process)
[15:06:14] [info] Sound system shutdown
[15:06:14] [info] Renderer::Close()
[15:06:14] [info] tas: replay file closed
[15:06:14] [info] [fps-true] flips=1772 render_s=158 fps_mean=11.2 (clock-independent: flips / seconds since the FIRST flip; use THIS for the fps matrix, not inter_flip medians, which are invalid in any cell running the PIT/IRQ-0 music pump)
[RUNMANIFEST-BEGIN]
schema_version=1
environment=realhw
binary_sha12=f8d446b4b0e0
wave_tag=531
scene=
env_block_sha=48f299c83f66
started_utc=2026-11-19T08:06:40Z
duration_s=174
exit_code=0
fps_p50=NA
fps_p95=NA
audio_vital_status=NA
regime=NA
banner_required_hit=0
banner_required_total=0
banner_forbidden_hit=0
banner_optional_hit=0
critical_count=0
warn_count=0
[RUNMANIFEST-END]
[15:06:14] [info] [runmanifest-emit] schema=v1 env=realhw sha12=f8d446b4b0e0 dur=174s tag='531' scene='' env_sha=48f299c83f66 (signals=0x4)
