Logger::init: wave-53 log level=INFO path='LOGS/541.LOG'
[15:28:04] [info] config: loaded DOSKUTSU.CFG (2 keys)
[15:28:04] [info] tas: PRNG seed forced to 12345 via DOSKUTSU_TAS_PRNG_SEED
[15:28:04] [info] tas: auto-exit armed at tick 30000 via DOSKUTSU_TAS_AUTO_EXIT_TICK
[15:28:04] [info] tas: replay opened path='QA.TAS' header_seed=12345
[15:28:04] [info] AUDIO_BACKEND=adlib -- omitting SDL_INIT_AUDIO (no Sound Blaster on a native-AdLib config; the OPL chip is driven by direct port I/O + the PIT/IRQ-0 music pump). SoundManager::init() STILL RUNS (unlike AUDIO_OFF) to bring up the OPL2 backend. MUSIC ONLY -- no PCM SFX on a DAC-less AdLib card.
[15:28:05] [info] data cache: DISABLED (default)
[15:28:05] [info] Joystick: skipped (default; set DOSKUTSU_USE_JOYSTICK=1 to enable -- skips SDL3-DOS gameport BIOS INT 15h polling, ~82 ms / flip on real HW)
[15:28:05] [info] Loading settings...
[15:28:05] [info] [input-bind] applied=0 invert_y=0 dos_axes=1
[15:28:05] [info] Renderer::initVideo: 8bpp mode requested via SDL_HINT_DOS_MAX_BPP=8 (wave 16); SDL3-DOS will pick the highest-bpp <= 8 mode at requested resolution
[15:28:05] [info] Renderer::initVideo: DOS resolution-label lock ENABLED (default)
[15:28:05] [info] Renderer::initVideo: using: software renderer
[15:28:09] [info] Renderer::initVideo: dirty-rect tracking ENABLED (wave 15, default ON; set SDL_HINT_DOSKUTSU_DIRTY_RECTS=0 to disable)
[15:28:09] [info] Renderer::initVideo: ablation flags: NO_DC_TIMING=0 CACHE_WINSURF=0 NO_INPUT_POLL=0 DIRECT_VESA=1
[15:28:09] [info] Renderer::initVideo: direct-VESA hot path ENABLED (default since wave 20 patch 0088; bypasses SDL_RenderPresent / SDL_UpdateWindowSurface and writes via SDL/0034's PresentFull helper; R2 mitigation handled by SDL/0034 generation counter -- no per-N-flip heartbeat needed; set SDL_HINT_DOSKUTSU_DIRECT_VESA=0 to revert)
[15:28:09] [info] Renderer::initVideo: flip-phase instrumentation DISABLED (default; set SDL_HINT_DOSKUTSU_FLIP_INSTR=1 to opt in for wave-20 Lever A diagnostic)
[15:28:09] [info] Renderer::initVideo: asm opaque-span blit lever DISABLED (default; set SDL_HINT_DOSKUTSU_ASM_BLIT=1 to opt in -- wave-51 _blit_indexed colorkey-blit lever)
[15:28:09] [info] Renderer::initVideo: blit-decomp instrumentation DISABLED (default; set SDL_HINT_DOSKUTSU_BLIT_DECOMP=1 to opt in -- wave-51 _blit_indexed sub-decomp sizing)
[15:28:09] [info] Renderer::initVideo: mds-scroll-decomp instrumentation DISABLED (default; set SDL_HINT_DOSKUTSU_MDS_DECOMP=1 to opt in -- wave-52 mode_draw_scene scrolling-block decomp)
[15:28:09] [info] Renderer::initVideo: DOSVESA pump yield: skipped (default) (per-flip explicit SDL_Delay(0) yield is always on; set SDL_HINT_DOSKUTSU_FORCE_PUMP_YIELD=1 to restore old per-pump yield)
[15:28:09] [info] Renderer::initVideo: indexed-mode (8bpp) ENABLED -- master palette + 107 per-asset remap LUTs loaded (wave 16, default ON; set SDL_HINT_DOSKUTSU_PIXEL_FORMAT_8=0 to disable)
[15:28:09] [info] Renderer::initVideo: master palette attached to window surface (format=SDL_PIXELFORMAT_INDEX8, ncolors=256)
[15:28:09] [info] Renderer::initVideo: indexed-mode smoke: idx0=(0,0,0) OK idx255=(255,0,255) OK
[15:28:09] [info] Renderer::initVideo: indexed-mode smoke: paletteRemapFor('MyChar.pbm') = present
[15:28:10] [info] Surface::loadImage palmap-diag #1: 'data/Loading.pbm' fmt=SDL_PIXELFORMAT_ABGR8888 remap=HIT -> path=truecolor
[15:28:10] [info] Renderer: prev-frame diff DISABLED (default since wave 17.6; set SDL_HINT_DOSKUTSU_PREVFRAME_DIFF=1 to opt in)
[15:28:10] [info] flip-probe: renderer=software window_ptr=8808304 colorspace=301991328 window_size=320x240 framebuffer_pixels=320x240 logical_present=320x240 mode=2
[15:28:10] [info] flip-probe: first flip ok=true present=55ms inter_flip_ms=0 drawcalls-since-flip=1 drawcalls-total=1
[15:28:10] [info] Sound system init
[15:28:10] [info] Sound system: AdLib (OPL2) path -- AUDIO_BACKEND=adlib. Skipping SB16 + SDL_mixer bring-up (no SDL_INIT_AUDIO); music via native OPL2 FM on the PIT/IRQ-0 pump. MUSIC ONLY: a DAC-less AdLib card has no PCM SFX. See docs/internal/ADLIB-NATIVE-DESIGN.md.
[15:28:10] [info] Sound system: AdLib PC-speaker SFX beeps -- engine SFX->beep mapping WIRED (patch 0264; SDL owns default-ON killswitch SDL_HINT_DOSKUTSU_PCSPK_SFX=0 to disable). See docs/internal/ADLIB-PCSPK-SFX-DESIGN.md.
[15:28:10] [info] Sound system: 4-state audio enable (#31) -- music=on sfx=on (MUSIC_OFF/AUDIO_BACKEND=none -> music-off; SFX_OFF/SFX_DEVICE=none -> sfx-off; both gates are dispatch-level, the device still opens; AUDIO_OFF=1 is the device-level both-off).
[15:28:10] [info] Sound system: Tier-2 audio config (default since wave 21 patch 0093; 11025 Hz, 1 channel, buffer pinned to 256 frames). Measured savings on g2k Pentium OverDrive 83 MHz (W21A): heavy-music scenes ~+11 fps vs Tier-1 baseline (measured -10 to -15 ms/flip post-0094 audio fix; W21A's pre-fix -26.6 ms figure was inflated by stereo-vs-mono playback bug, see patch 0094). Audio quality is reduced vs Tier-1 (mono, 11025 Hz, simple-average L+R downmix) but recognizable; user accepted the trade per direction 2026-05-05. Set SDL_HINT_DOSKUTSU_AUDIO_TIER2=0 to revert to Tier-1 22050 stereo (full Cave Story 2004 audio quality; trades fps for fidelity).
[15:28:10] [info] Sound system: SDL_HINT_AUDIO_DEVICE_SAMPLE_FRAMES=256
[15:28:10] [info] Pixtone IRQ rate-divider: handed master_rate=11025 int16/s (SAMPLE_RATE=11025 x AUDIO_CHANNELS=1) to SDL for auto-RATEDIV (SDL/0074 computes shift_div from the resolved device freq).
[15:28:10] [info] Sound system: device frame-rate: requesting 11025 Hz match to master (SDL_DOSAudioSetDeviceFrameRate; SB16 opens at the engine frame rate instead of SDL's 44100 floor -- 4x less PCM/s + no resampler on the Organya/Pixtone path; killswitch SDL_HINT_DOSKUTSU_DOS_AUDIO_DEVICE_RATE_DEFAULT=0).
[15:28:10] [info] audio backend: adlib (Campaign 2 -- native OPL2 FM synthesis on a no-Sound-Blaster card; 9-voice single-bank allocator; music clock = PIT/IRQ-0 OPL pump, NOT SB IRQ-5). MUSIC ONLY -- no PCM SFX on a DAC-less AdLib card. SoundManager::init probes OPL2 at 0x388 via the Adlib timer-1 sequence; if absent, music is silent (the game still runs). Reuses data/opl3bank.dat (DMXOPL GM bank).
[15:28:10] [info] Sound system: AdLib path -- no SB16 mixer (music via the PIT pump; SFX disabled on this no-SB out-of-band path).
[15:28:10] [info] wave-13.6.1: ring_chunks=16 FORCE_PUMP_YIELD=off (set SDL_HINT_DOSKUTSU_AUDIO_RING_CHUNKS=4|8|16 to override; default 16 matches wave 13.6 behaviour)
[15:28:10] [info] MidiScheduler: MIDI source = 'orgmid2' (native-GM org2mid set; resolves to data/orgmid2/<name>.mid).
[15:28:10] [info] opl2 backend probing for OPL chip (Adlib timer-1 sequence on 0x388)...
[15:28:10] [info] opl2 backend: opl3bank.dat loaded 128 programs from 'data/opl3bank.dat' (1536 bytes). OPL2 ignores the SBI panning nibble; programs >= 128 fall back to the 8-patch family bucket; drum channel uses PATCH_DRUM.
[15:28:10] [info] opl2 backend ready (OPL2 detected; 9-voice single-bank allocator armed; bank=runtime opl3bank.dat ACTIVE; clock = PIT/IRQ-0 OPL music pump, NOT SB IRQ-5; MUSIC ONLY -- no PCM SFX on a DAC-less AdLib card).
[15:28:10] [info] Sound system: MidiScheduler armed with MidiBackendOpl2 (Campaign 2 AdLib -- native OPL2 FM, 9-voice single bank). Music dispatch routes via SMF parser + OPL2 voice allocator; the clock is the PIT/IRQ-0 OPL pump (SDL/0110), NOT the SB IRQ-5. MUSIC ONLY -- no Pixtone PCM SFX on a DAC-less card.
[15:28:10] [info] Sound system: idle-pause skipped (backend=adlib does not qualify; only opl3 supports idle-pause per patch 0115; default OFF since patch 0119 regardless of backend).
[15:28:10] [warn] Music dir Ogg/ doesn't exist
[15:28:10] [warn] Music dir Ogg11/ doesn't exist
[15:28:10] [warn] Music dir Ogg17/ doesn't exist
[15:28:10] [warn] Music dir Ogg_ridic/ doesn't exist
[15:28:11] [info] Sound system: AdLib path -- skipping Pixtone/SFX/Organya/mixer init (no SDL audio device; MUSIC ONLY -- a DAC-less AdLib card has no PCM SFX). No MIX_CreateTrack / SFX-render attempts; runtime SFX calls no-op.
[15:28:11] [info] adlib: music pump STARTED at 120 Hz (PIT ch0 / IRQ-0 drives MidiScheduler::tick_isr; BIOS 18.2 Hz tick chained; restored on exit). This is the music clock on a no-SB card.
[15:28:11] [info] menu slide-in fixed-timestep: ENABLED (default; slide advances at 50 Hz logic rate)
[15:28:11] [info] Reading npc.tbl...
[15:28:11] [info] Loading tilekey.dat.
[15:28:11] [info] Script engine init.
[15:28:11] [info] Entering main loop...
[15:28:11] [info] audio mid-gap pump: DISABLED (default)
[15:28:11] [info] TAS fixed-timestep guard: ENABLED (default) (patch 0280; load_stage wall-clock kept out of the FT accumulator so TAS replay advances at a true 50 Hz; set SDL_HINT_DOSKUTSU_TAS_FT_GUARD=0 to disable)
[15:28:11] [info] load_stage ring+DMA silence flush: ENABLED (default) (set SDL_HINT_DOSKUTSU_LOADSTAGE_SILENCE=0 to disable)
[15:28:11] [info] load-band audio-underrun probe: DISABLED (default) (opt-in SDL_HINT_DOSKUTSU_LOADBAND_STAT=1)
[15:28:11] [info]  >> Entering stage 72: 'u'.
[15:28:11] [info] skip sheet flush: ENABLED (default) (SFXPAUSE-012 SHIPPED FIX; sprite sheets stay resident across caves so no per-cave re-decode -> no fire-frame pause; map_flush_graphics tilemap cache still flushes; set SDL_HINT_DOSKUTSU_SKIP_SHEET_FLUSH=0 to restore the old per-cave flush)
[15:28:11] [info] [skip-sheet-flush] cave=1
[15:28:11] [info] eager action sheets: ENABLED (default) (first-fire hitch fix: pre-loads the weapon bullet + hit/muzzle/trail caret sheets at stage load so the first fire/impact does not lazy-decode mid-gameplay; set SDL_HINT_DOSKUTSU_EAGER_ACTION_SHEETS=0 to restore lazy load)
[15:28:12] [info] Surface::loadImage palmap-diag #2: 'data/Bullet.pbm' fmt=SDL_PIXELFORMAT_ABGR8888 remap=HIT -> path=truecolor
[15:28:12] [info] Surface::loadImage palmap-diag #3: 'data/Arms.pbm' fmt=SDL_PIXELFORMAT_ABGR8888 remap=HIT -> path=truecolor
[15:28:12] [info] Surface::loadImage palmap-diag #4: 'data/Caret.pbm' fmt=SDL_PIXELFORMAT_ABGR8888 remap=HIT -> path=truecolor
[15:28:13] [info] Surface::loadImage palmap-diag #5: 'data/Npc/NpcSym.pbm' fmt=SDL_PIXELFORMAT_ABGR8888 remap=HIT -> path=truecolor
[15:28:13] [info] [eager-action-sheets] cave=1 sheets=4 wall_ms=1424
[15:28:13] [info] Surface::loadImage palmap-diag #6: 'data/Stage/PrtWhite.pbm' fmt=SDL_PIXELFORMAT_ABGR8888 remap=HIT -> path=truecolor
[15:28:14] [info] load_stage: entry-music preload ENABLED (default) (set SDL_HINT_DOSKUTSU_PRELOAD_STAGE_MUSIC=0 to disable)
[15:28:14] [info] Surface::loadImage palmap-diag #7: 'data/bk0.pbm' fmt=SDL_PIXELFORMAT_ABGR8888 remap=HIT -> path=truecolor
[15:28:14] [info] gameloop: entered (curmap=72, running=1)
[15:28:14] [info] gameloop: iter 1 ticks=10107 mapno=-1
[15:28:14] [info] fixed-timestep: ENABLED (default; logic 50 Hz, decoupled from render)
[15:28:14] [info] map: BG skip-when-unchanged DISABLED (default) (set SDL_HINT_DOSKUTSU_BG_SKIP_WHEN_UNCHANGED=1 to enable; default OFF since wave-61 -- abandoned, it shipped a backdrop-black flicker and its +0.87 fps was below the noise floor)
[15:28:14] [info] map: skip-redundant-clear lever ENABLED (default since wave-53 promotion)
[15:28:14] [info] perf-mode: level=0 (faithful (default))
[15:28:14] [info] Surface::loadImage palmap-diag #8: 'data/Npc/NpcKings.pbm' fmt=SDL_PIXELFORMAT_ABGR8888 remap=HIT -> path=truecolor
[15:28:14] [info] audio tick-boundary pump: DISABLED (default)
[15:28:14] [info] gameloop: iter 2 ticks=10601 mapno=-1
[15:28:14] [info] gameloop: iter 3 ticks=10658 mapno=-1
[15:28:14] [info] direct-vesa: snapshot @gen=2 use_dosmemput=0 banked_multibank=0 pitches_match=1 vram_w=320 vram_h=240 vram_pitch=320 bpp=1 fb_size=76800 vram_phys=0x78000000 vram_ptr=0x77c00000
[15:28:15] [info] flip-probe: flip #10 ok=true present=-1ms inter_flip_ms=57 drawcalls-since-flip=6 drawcalls-total=43 fail-total=0 null-skips-total=0
[15:28:15] [info] flip-probe: flip #20 ok=true present=-1ms inter_flip_ms=56 drawcalls-since-flip=4 drawcalls-total=92 fail-total=0 null-skips-total=0
[15:28:16] [info] flip-probe: flip #30 ok=true present=0ms inter_flip_ms=112 drawcalls-since-flip=326 drawcalls-total=2707 fail-total=0 null-skips-total=0
[15:28:17] [info] flip-probe: flip #40 ok=true present=-1ms inter_flip_ms=59 drawcalls-since-flip=264 drawcalls-total=5837 fail-total=0 null-skips-total=0
[15:28:18] [info] flip-probe: flip #50 ok=true present=-1ms inter_flip_ms=55 drawcalls-since-flip=67 drawcalls-total=7392 fail-total=0 null-skips-total=0
[15:28:18] [info] flip-probe: flip #60 ok=true present=0ms inter_flip_ms=53 drawcalls-since-flip=4 drawcalls-total=7502 fail-total=0 null-skips-total=0
[15:28:19] [info] flip-probe: flip #70 ok=true present=0ms inter_flip_ms=62 drawcalls-since-flip=6 drawcalls-total=7557 fail-total=0 null-skips-total=0
[15:28:19] [info] flip-probe: flip #80 ok=true present=8ms inter_flip_ms=47 drawcalls-since-flip=0 drawcalls-total=7586 fail-total=0 null-skips-total=0
[15:28:20] [info] flip-probe: flip #90 ok=true present=-1ms inter_flip_ms=56 drawcalls-since-flip=0 drawcalls-total=7586 fail-total=0 null-skips-total=0
[15:28:20] [info] title: eager-title-IO phase tag ENABLED (default) (set SDL_HINT_DOSKUTSU_EAGER_TITLE_IO=0 to disable)
[15:28:21] [warn] MidiScheduler::_refresh_isr_buffer: track has 27749 events; ISR buffer is 16384 (truncated; events after 16384 will not dispatch under L2b ON -- the engine-thread tick() path still uses _events directly under L2b OFF)
[15:28:21] [info] MidiScheduler::load: parsed 'data/orgmid2/curly.mid' = 27749 events at 48 PPQ
[15:28:21] [info] opl2 backend: on_song_start
[15:28:21] [info] gameloop: entered (curmap=1005, running=1)
[15:28:21] [info] gameloop: iter 1 ticks=17682 mapno=-1
[15:28:21] [info] map: backdrop cache ENABLED (default) (set SDL_HINT_DOSKUTSU_BACKDROP_CACHE=0 to disable)
[15:28:22] [info] gameloop: iter 2 ticks=18725 mapno=-1
[15:28:22] [info] gameloop: iter 3 ticks=18728 mapno=-1
[15:28:23] [info] backdrop cache: thrashing-detect engaged (streak=4, route=direct)
[15:28:23] [info] flip-probe: flip #100 ok=true present=8ms inter_flip_ms=48 drawcalls-since-flip=75 drawcalls-total=7886 fail-total=0 null-skips-total=0
[15:28:23] [info] alpha audit block 0: 7798 total drawcalls, 0 with alpha<255 (block pct_x10=0; global 0/7798 pct_x10=0); alpha-mod skipped: block=0 global=0
[15:28:23] [info] fastpath audit block 0: taken=7798 (idx8=7798) skipped=0 pct_x10=1000; global taken=7798 (idx8=7798) skipped=0 pct_x10=1000
[15:28:23] [info] primitive tally block 0: clear=220(hr=220) fill=0(hr=0) rect=0(hr=0) line=0(hr=0) tint=0 spotlight=0 (over 100 flips ending at flip 100)
[15:28:23] [info] color/alpha audit block 0: cmod_white=104 cmod_black=0 (idx=0) cmod_general=84 (idx=84) cmod_fb=0; alpha_taken=0 alpha_skipped=0 (global cmod=104/0/84/0 idx=0/84 alpha=0/0)
[15:28:23] [info] phase timing block 0: drawcalls=8209 dc_total_ms=1241 flip_inner_total_ms=213 inter_flip_total_ms=12963 (per-flip avg x10: dc_ms=124 fi_ms=21 if_ms=1296 derived audio+engine_ms=1151; per-drawcall avg us_x10=1511) [direct-vesa: presents=97 total_ms=124 avg_ms_x10=12 failed=0] [ablation: NO_DC_TIMING=0 CACHE_WINSURF=0 DIRECT_VESA=1]
[15:28:23] [info] kbd/audio block 0: kbd_irq=0 kbd_drain=0 ring_chunks=16 pump_pass=99 pic1_mask=0xb8 first_irq_ticks=0 install_ticks=0 vector_at_install=0x0084a080 pic1_mask_live=0xb8 kbd_8042_stat=0x34 bios_kbd_head=0x0026 bios_kbd_tail=0x0026 bios_kbd_buf0=0x3920
[15:28:23] [info] audio/engine split block 0: audio_mixer_calls=0 audio_mixer_ms_x10=0 engine_tick_calls=99 engine_tick_ms_x10=518 audio_service_calls=0 audio_service_ms_x10=0 (per-flip avg; per-call us_x10: audio_mix=0 engine_tick=524110 audio_service=0; global ns: audio_mix=0 engine_tick=5188689047 audio_service=0)
[15:28:23] [info] pixtone multi-source probe: DISABLED (default)
[15:28:23] [info] dirty-rect block @flip=100: total_calls=0 dirty_rects_avg=0 dirty_pct_x10=990 forced_full=0 first_n_force=3 threshold_exceeded=2 dirty_path_taken=0 full_flush_taken=3
[15:28:23] [info] prev-frame-diff block @flip=100: diff_calls=0 diff_rects_avg=0 diff_dirty_pct_x10=0 bbox_pct_x10=0 bbox_thresh_exceeded=0
[15:28:23] [info] flip-probe: flip #110 ok=true present=-1ms inter_flip_ms=52 drawcalls-since-flip=75 drawcalls-total=8636 fail-total=0 null-skips-total=0
[15:28:24] [info] flip-probe: flip #120 ok=true present=-1ms inter_flip_ms=55 drawcalls-since-flip=75 drawcalls-total=9386 fail-total=0 null-skips-total=0
[15:28:24] [info] flip-probe: flip #130 ok=true present=0ms inter_flip_ms=52 drawcalls-since-flip=0 drawcalls-total=9986 fail-total=0 null-skips-total=0
[15:28:25] [info] Loading profile from profile.dat
[15:28:25] [error] profile_load: unable to open 'profile.dat'
[15:28:25] [info] Loading profile from profile2.dat
[15:28:25] [error] profile_load: unable to open 'profile2.dat'
[15:28:25] [info] Loading profile from profile3.dat
[15:28:25] [info] Loading profile from profile4.dat
[15:28:25] [error] profile_load: unable to open 'profile4.dat'
[15:28:25] [info] Loading profile from profile5.dat
[15:28:25] [info] flip-probe: flip #140 ok=true present=-1ms inter_flip_ms=56 drawcalls-since-flip=214 drawcalls-total=10842 fail-total=0 null-skips-total=0
[15:28:26] [info] flip-probe: flip #150 ok=true present=-1ms inter_flip_ms=58 drawcalls-since-flip=214 drawcalls-total=12982 fail-total=0 null-skips-total=0
[15:28:26] [info] Writing settings...
[15:28:26] [info] flip-probe: flip #160 ok=true present=-1ms inter_flip_ms=54 drawcalls-since-flip=0 drawcalls-total=13846 fail-total=0 null-skips-total=0
[15:28:27] [info] flip-probe: flip #170 ok=true present=-1ms inter_flip_ms=57 drawcalls-since-flip=0 drawcalls-total=13846 fail-total=0 null-skips-total=0
[15:28:27] [info] opl2 backend: on_song_stop
[15:28:27] [info] Loading profile from profile5.dat
[15:28:27] [info]  >> Entering stage 20: 'Save Point'.
[15:28:27] [info] [skip-sheet-flush] cave=2
[15:28:28] [info] MidiScheduler::load: parsed 'data/orgmid2/mura.mid' = 7123 events at 48 PPQ
[15:28:28] [info] opl2 backend: on_song_start
[15:28:28] [info] gameloop: entered (curmap=20, running=1)
[15:28:28] [info] gameloop: iter 1 ticks=24658 mapno=-1
[15:28:28] [info] TAS stall discount: ENABLED (default) (patch 0286; a replay frame over 150 ms is a load, not slow rendering, so it contributes 1 tick instead of its wall-clock; set SDL_HINT_DOSKUTSU_TAS_STALL_DISCOUNT=0 to disable)
[15:28:28] [info] TAS accumulator clamp: DISABLED (default) (patch 0281; caps the FT accumulator delta at one tick during TAS so a stalled frame cannot race the replay index; set SDL_HINT_DOSKUTSU_TAS_FT_GUARD=0 to disable)
[15:28:28] [info] gameloop: iter 2 ticks=24716 mapno=-1
[15:28:28] [info] gameloop: iter 3 ticks=24772 mapno=-1
[15:28:29] [info] flip-probe: flip #180 ok=true present=-1ms inter_flip_ms=52 drawcalls-since-flip=17 drawcalls-total=13971 fail-total=0 null-skips-total=0
[15:28:29] [info] flip-probe: flip #190 ok=true present=8ms inter_flip_ms=-7 drawcalls-since-flip=17 drawcalls-total=14141 fail-total=0 null-skips-total=0
[15:28:29] [info] flip-probe: flip #200 ok=true present=-1ms inter_flip_ms=55 drawcalls-since-flip=17 drawcalls-total=14311 fail-total=0 null-skips-total=0
[15:28:29] [info] alpha audit block 0: 5788 total drawcalls, 0 with alpha<255 (block pct_x10=0; global 0/13586 pct_x10=0); alpha-mod skipped: block=0 global=0
[15:28:29] [info] fastpath audit block 0: taken=5788 (idx8=5788) skipped=0 pct_x10=1000; global taken=13586 (idx8=13586) skipped=0 pct_x10=1000
[15:28:29] [info] primitive tally block 0: clear=201(hr=201) fill=0(hr=0) rect=0(hr=0) line=0(hr=0) tint=0 spotlight=0 (over 100 flips ending at flip 200)
[15:28:29] [info] color/alpha audit block 0: cmod_white=1438 cmod_black=0 (idx=0) cmod_general=609 (idx=609) cmod_fb=0; alpha_taken=0 alpha_skipped=0 (global cmod=1542/0/693/0 idx=0/693 alpha=0/0)
[15:28:29] [info] phase timing block 0: drawcalls=8036 dc_total_ms=1117 flip_inner_total_ms=413 inter_flip_total_ms=6815 (per-flip avg x10: dc_ms=111 fi_ms=41 if_ms=681 derived audio+engine_ms=529; per-drawcall avg us_x10=1391) [direct-vesa: presents=100 total_ms=193 avg_ms_x10=19 failed=0] [ablation: NO_DC_TIMING=0 CACHE_WINSURF=0 DIRECT_VESA=1]
[15:28:29] [info] kbd/audio block 0: kbd_irq=0 kbd_drain=0 ring_chunks=16 pump_pass=222 pic1_mask=0xb8 first_irq_ticks=0 install_ticks=0 vector_at_install=0x0084a080 pic1_mask_live=0xb8 kbd_8042_stat=0x34 bios_kbd_head=0x0026 bios_kbd_tail=0x0026 bios_kbd_buf0=0x3920
[15:28:29] [info] audio/engine split block 0: audio_mixer_calls=0 audio_mixer_ms_x10=0 engine_tick_calls=76 engine_tick_ms_x10=132 audio_service_calls=0 audio_service_ms_x10=0 (per-flip avg; per-call us_x10: audio_mix=0 engine_tick=174334 audio_service=0; global ns: audio_mix=0 engine_tick=6513634150 audio_service=0)
[15:28:29] [info] dirty-rect block @flip=200: total_calls=0 dirty_rects_avg=1 dirty_pct_x10=1000 forced_full=0 first_n_force=0 threshold_exceeded=0 dirty_path_taken=0 full_flush_taken=0
[15:28:29] [info] prev-frame-diff block @flip=200: diff_calls=0 diff_rects_avg=0 diff_dirty_pct_x10=0 bbox_pct_x10=0 bbox_thresh_exceeded=0
[15:28:30] [info] flip-probe: flip #210 ok=true present=8ms inter_flip_ms=51 drawcalls-since-flip=17 drawcalls-total=14481 fail-total=0 null-skips-total=0
[15:28:30] [info] flip-probe: flip #220 ok=true present=-1ms inter_flip_ms=55 drawcalls-since-flip=150 drawcalls-total=14833 fail-total=0 null-skips-total=0
[15:28:31] [info]  >> Entering stage 11: 'Mimiga Village'.
[15:28:31] [info] [skip-sheet-flush] cave=3
[15:28:31] [info] [load-stage] preloading entry music song=9 (cave=3)
[15:28:32] [info] gameloop: entered (curmap=11, running=1)
[15:28:32] [info] gameloop: iter 1 ticks=27904 mapno=-1
[15:28:32] [info] map: mds_clear LUT ENABLED (default) (set SDL_HINT_DOSKUTSU_MDS_CLEAR_LUT=0 to disable; default ON; patch 0144 wave-49 bandwidth lever)
[15:28:32] [info] mds-clear-lut: rebuilt N=240 entries (k_skip=0% k_keep=100%; curmap=11 map_size=60x60; rebuild #1 since boot)
[15:28:32] [info] backdrop thrash full-cover ENABLED (default) (set SDL_HINT_DOSKUTSU_THRASH_FULLCOVER=0 to disable)
[15:28:32] [info] [bd-diag] backdrop render-path diag disabled (default) (set SDL_HINT_DOSKUTSU_BACKDROP_DIAG=1 to enable)
[15:28:32] [info] gameloop: iter 2 ticks=28013 mapno=-1
[15:28:32] [info] tas: stall frame 158 ms -> contributing 1 tick (patch 0286)
[15:28:32] [info] run_tick_fixed #300: heartbeat (loop alive)
[15:28:32] [info] gameloop: iter 3 ticks=28178 mapno=-1
[15:28:32] [info] flip-probe: flip #230 ok=true present=-1ms inter_flip_ms=170 drawcalls-since-flip=384 drawcalls-total=17955 fail-total=0 null-skips-total=0
[15:28:32] [info] backdrop cache: thrashing-detect engaged (streak=4, route=direct)
[15:28:33] [info] tas: stall frame 277 ms -> contributing 1 tick (patch 0286)
[15:28:33] [info] flip-probe: flip #240 ok=true present=7ms inter_flip_ms=51 drawcalls-since-flip=43 drawcalls-total=19203 fail-total=0 null-skips-total=0
[15:28:34] [info] flip-probe: flip #250 ok=true present=-1ms inter_flip_ms=61 drawcalls-since-flip=46 drawcalls-total=19653 fail-total=0 null-skips-total=0
[15:28:34] [info] flip-probe: flip #260 ok=true present=8ms inter_flip_ms=49 drawcalls-since-flip=43 drawcalls-total=20092 fail-total=0 null-skips-total=0
[15:28:35] [info] flip-probe: flip #270 ok=true present=-1ms inter_flip_ms=57 drawcalls-since-flip=43 drawcalls-total=20522 fail-total=0 null-skips-total=0
[15:28:35] [info] flip-probe: flip #280 ok=true present=-1ms inter_flip_ms=50 drawcalls-since-flip=43 drawcalls-total=20952 fail-total=0 null-skips-total=0
[15:28:36] [info] flip-probe: flip #290 ok=true present=0ms inter_flip_ms=52 drawcalls-since-flip=43 drawcalls-total=21382 fail-total=0 null-skips-total=0
[15:28:36] [info] backdrop cache: thrashing-detect engaged (streak=64, route=direct)
[15:28:37] [info] flip-probe: flip #300 ok=true present=-1ms inter_flip_ms=58 drawcalls-since-flip=43 drawcalls-total=21812 fail-total=0 null-skips-total=0
[15:28:37] [info] alpha audit block 0: 6479 total drawcalls, 0 with alpha<255 (block pct_x10=0; global 0/20065 pct_x10=0); alpha-mod skipped: block=0 global=0
[15:28:37] [info] fastpath audit block 0: taken=6479 (idx8=6479) skipped=0 pct_x10=1000; global taken=20065 (idx8=20065) skipped=0 pct_x10=1000
[15:28:37] [info] primitive tally block 0: clear=201(hr=201) fill=0(hr=0) rect=0(hr=0) line=0(hr=0) tint=0 spotlight=0 (over 100 flips ending at flip 300)
[15:28:37] [info] color/alpha audit block 0: cmod_white=949 cmod_black=949 (idx=949) cmod_general=0 (idx=0) cmod_fb=0; alpha_taken=0 alpha_skipped=0 (global cmod=2491/949/693/0 idx=949/693 alpha=0/0)
[15:28:37] [info] phase timing block 0: drawcalls=8584 dc_total_ms=1110 flip_inner_total_ms=455 inter_flip_total_ms=7199 (per-flip avg x10: dc_ms=111 fi_ms=45 if_ms=719 derived audio+engine_ms=563; per-drawcall avg us_x10=1293) [direct-vesa: presents=100 total_ms=368 avg_ms_x10=36 failed=0] [ablation: NO_DC_TIMING=0 CACHE_WINSURF=0 DIRECT_VESA=1]
[15:28:37] [info] kbd/audio block 0: kbd_irq=0 kbd_drain=0 ring_chunks=16 pump_pass=523 pic1_mask=0xb8 first_irq_ticks=0 install_ticks=0 vector_at_install=0x0084a080 pic1_mask_live=0xb8 kbd_8042_stat=0x34 bios_kbd_head=0x0026 bios_kbd_tail=0x0026 bios_kbd_buf0=0x3920
[15:28:37] [info] [tile-speedup-stat n=100 drawtile_us=581.96 raw_blit_us=26.58 ratio=21.89]
[15:28:37] [info] dirty-rect block @flip=300: total_calls=100 dirty_rects_avg=1 dirty_pct_x10=1000 forced_full=0 first_n_force=0 threshold_exceeded=0 dirty_path_taken=0 full_flush_taken=0
[15:28:37] [info] prev-frame-diff block @flip=300: diff_calls=0 diff_rects_avg=0 diff_dirty_pct_x10=0 bbox_pct_x10=0 bbox_thresh_exceeded=0
[15:28:37] [info] tas: stall frame 167 ms -> contributing 1 tick (patch 0286)
[15:28:37] [info] flip-probe: flip #310 ok=true present=0ms inter_flip_ms=52 drawcalls-since-flip=45 drawcalls-total=22348 fail-total=0 null-skips-total=0
[15:28:38] [info] flip-probe: flip #320 ok=true present=0ms inter_flip_ms=60 drawcalls-since-flip=43 drawcalls-total=22791 fail-total=0 null-skips-total=0
[15:28:38] [info] flip-probe: flip #330 ok=true present=-1ms inter_flip_ms=60 drawcalls-since-flip=44 drawcalls-total=23226 fail-total=0 null-skips-total=0
[15:28:39] [info] flip-probe: flip #340 ok=true present=0ms inter_flip_ms=50 drawcalls-since-flip=41 drawcalls-total=23644 fail-total=0 null-skips-total=0
[15:28:40] [info] flip-probe: flip #350 ok=true present=-1ms inter_flip_ms=61 drawcalls-since-flip=17 drawcalls-total=24003 fail-total=0 null-skips-total=0
[15:28:40] [info] backdrop cache: thrashing-detect engaged (streak=124, route=direct)
[15:28:40] [info] flip-probe: flip #360 ok=true present=-1ms inter_flip_ms=52 drawcalls-since-flip=15 drawcalls-total=24156 fail-total=0 null-skips-total=0
[15:28:41] [info] flip-probe: flip #370 ok=true present=-1ms inter_flip_ms=110 drawcalls-since-flip=259 drawcalls-total=24843 fail-total=0 null-skips-total=0
[15:28:41] [info]  >> Entering stage 17: 'Yamashita Farm'.
[15:28:41] [info] [skip-sheet-flush] cave=4
[15:28:42] [info] [load-stage] preloading entry music song=13 (cave=4)
[15:28:42] [info] opl2 backend: on_song_stop
[15:28:42] [info] MidiScheduler::load: parsed 'data/orgmid2/plant.mid' = 6246 events at 48 PPQ
[15:28:42] [info] opl2 backend: on_song_start
[15:28:42] [info] gameloop: entered (curmap=17, running=1)
[15:28:42] [info] gameloop: iter 1 ticks=38499 mapno=-1
[15:28:42] [info] mds-clear-lut: rebuilt N=240 entries (k_skip=33% k_keep=67%; curmap=17 map_size=40x16; rebuild #2 since boot)
[15:28:43] [info] gameloop: iter 2 ticks=38835 mapno=-1
[15:28:43] [info] tas: stall frame 329 ms -> contributing 1 tick (patch 0286)
[15:28:43] [info] gameloop: iter 3 ticks=38944 mapno=-1
[15:28:43] [info] flip-probe: flip #380 ok=true present=0ms inter_flip_ms=105 drawcalls-since-flip=368 drawcalls-total=28095 fail-total=0 null-skips-total=0
[15:28:44] [info] flip-probe: flip #390 ok=true present=-1ms inter_flip_ms=109 drawcalls-since-flip=132 drawcalls-total=29684 fail-total=0 null-skips-total=0
[15:28:45] [info] flip-probe: flip #400 ok=true present=-1ms inter_flip_ms=118 drawcalls-since-flip=129 drawcalls-total=31087 fail-total=0 null-skips-total=0
[15:28:45] [info] alpha audit block 0: 8239 total drawcalls, 0 with alpha<255 (block pct_x10=0; global 0/28304 pct_x10=0); alpha-mod skipped: block=0 global=0
[15:28:45] [info] fastpath audit block 0: taken=8239 (idx8=8239) skipped=0 pct_x10=1000; global taken=28304 (idx8=28304) skipped=0 pct_x10=1000
[15:28:45] [info] primitive tally block 0: clear=201(hr=201) fill=0(hr=0) rect=0(hr=0) line=0(hr=0) tint=0 spotlight=0 (over 100 flips ending at flip 400)
[15:28:45] [info] color/alpha audit block 0: cmod_white=936 cmod_black=936 (idx=936) cmod_general=0 (idx=0) cmod_fb=0; alpha_taken=0 alpha_skipped=0 (global cmod=3427/1885/693/0 idx=1885/693 alpha=0/0)
[15:28:45] [info] phase timing block 0: drawcalls=10337 dc_total_ms=1571 flip_inner_total_ms=519 inter_flip_total_ms=8130 (per-flip avg x10: dc_ms=157 fi_ms=51 if_ms=813 derived audio+engine_ms=605; per-drawcall avg us_x10=1520) [direct-vesa: presents=100 total_ms=405 avg_ms_x10=40 failed=0] [ablation: NO_DC_TIMING=0 CACHE_WINSURF=0 DIRECT_VESA=1]
[15:28:45] [info] kbd/audio block 0: kbd_irq=0 kbd_drain=0 ring_chunks=16 pump_pass=857 pic1_mask=0xb8 first_irq_ticks=0 install_ticks=0 vector_at_install=0x0084a080 pic1_mask_live=0xb8 kbd_8042_stat=0x34 bios_kbd_head=0x0026 bios_kbd_tail=0x0026 bios_kbd_buf0=0x3920
[15:28:45] [info] dirty-rect block @flip=400: total_calls=0 dirty_rects_avg=1 dirty_pct_x10=1000 forced_full=0 first_n_force=0 threshold_exceeded=0 dirty_path_taken=0 full_flush_taken=0
[15:28:45] [info] prev-frame-diff block @flip=400: diff_calls=0 diff_rects_avg=0 diff_dirty_pct_x10=0 bbox_pct_x10=0 bbox_thresh_exceeded=0
[15:28:45] [info] tas: stall frame 169 ms -> contributing 1 tick (patch 0286)
[15:28:45] [info] backdrop cache: thrashing-detect engaged (streak=4, route=direct)
[15:28:46] [info] flip-probe: flip #410 ok=true present=-1ms inter_flip_ms=111 drawcalls-since-flip=141 drawcalls-total=32469 fail-total=0 null-skips-total=0
[15:28:46] [info] run_tick_fixed #900: heartbeat (loop alive)
[15:28:47] [info] flip-probe: flip #420 ok=true present=-1ms inter_flip_ms=107 drawcalls-since-flip=144 drawcalls-total=33876 fail-total=0 null-skips-total=0
[15:28:48] [info] flip-probe: flip #430 ok=true present=0ms inter_flip_ms=111 drawcalls-since-flip=143 drawcalls-total=35291 fail-total=0 null-skips-total=0
[15:28:48] [info] flip-probe: flip #440 ok=true present=0ms inter_flip_ms=107 drawcalls-since-flip=122 drawcalls-total=36610 fail-total=0 null-skips-total=0
[15:28:48] [info] backdrop cache: thrashing-detect engaged (streak=4, route=direct)
[15:28:49] [info] flip-probe: flip #450 ok=true present=-1ms inter_flip_ms=112 drawcalls-since-flip=129 drawcalls-total=37888 fail-total=0 null-skips-total=0
[15:28:50] [info] flip-probe: flip #460 ok=true present=-1ms inter_flip_ms=110 drawcalls-since-flip=132 drawcalls-total=39168 fail-total=0 null-skips-total=0
[15:28:51] [info] flip-probe: flip #470 ok=true present=-1ms inter_flip_ms=112 drawcalls-since-flip=138 drawcalls-total=40467 fail-total=0 null-skips-total=0
[15:28:52] [info] run_tick_fixed #1200: heartbeat (loop alive)
[15:28:52] [info] tas: stall frame 324 ms -> contributing 1 tick (patch 0286)
[15:28:52] [info] backdrop cache: thrashing-detect engaged (streak=4, route=direct)
[15:28:52] [info] flip-probe: flip #480 ok=true present=55ms inter_flip_ms=56 drawcalls-since-flip=138 drawcalls-total=41904 fail-total=0 null-skips-total=0
[15:28:53] [info] flip-probe: flip #490 ok=true present=-1ms inter_flip_ms=117 drawcalls-since-flip=141 drawcalls-total=43276 fail-total=0 null-skips-total=0
[15:28:54] [info] flip-probe: flip #500 ok=true present=7ms inter_flip_ms=47 drawcalls-since-flip=108 drawcalls-total=44540 fail-total=0 null-skips-total=0
[15:28:54] [info] alpha audit block 0: 12118 total drawcalls, 0 with alpha<255 (block pct_x10=0; global 0/40422 pct_x10=0); alpha-mod skipped: block=0 global=0
[15:28:54] [info] fastpath audit block 0: taken=12118 (idx8=12118) skipped=0 pct_x10=1000; global taken=40422 (idx8=40422) skipped=0 pct_x10=1000
[15:28:54] [info] primitive tally block 0: clear=200(hr=200) fill=0(hr=0) rect=0(hr=0) line=0(hr=0) tint=0 spotlight=0 (over 100 flips ending at flip 500)
[15:28:54] [info] color/alpha audit block 0: cmod_white=1235 cmod_black=1235 (idx=1235) cmod_general=0 (idx=0) cmod_fb=0; alpha_taken=0 alpha_skipped=0 (global cmod=4662/3120/693/0 idx=3120/693 alpha=0/0)
[15:28:54] [info] phase timing block 0: drawcalls=14796 dc_total_ms=1575 flip_inner_total_ms=502 inter_flip_total_ms=9274 (per-flip avg x10: dc_ms=157 fi_ms=50 if_ms=927 derived audio+engine_ms=720; per-drawcall avg us_x10=1064) [direct-vesa: presents=100 total_ms=419 avg_ms_x10=41 failed=0] [ablation: NO_DC_TIMING=0 CACHE_WINSURF=0 DIRECT_VESA=1]
[15:28:54] [info] kbd/audio block 0: kbd_irq=0 kbd_drain=0 ring_chunks=16 pump_pass=1301 pic1_mask=0xb8 first_irq_ticks=0 install_ticks=0 vector_at_install=0x0084a080 pic1_mask_live=0xb8 kbd_8042_stat=0x34 bios_kbd_head=0x0026 bios_kbd_tail=0x0026 bios_kbd_buf0=0x3920
[15:28:54] [info] dirty-rect block @flip=500: total_calls=0 dirty_rects_avg=1 dirty_pct_x10=1000 forced_full=0 first_n_force=0 threshold_exceeded=0 dirty_path_taken=0 full_flush_taken=0
[15:28:54] [info] prev-frame-diff block @flip=500: diff_calls=0 diff_rects_avg=0 diff_dirty_pct_x10=0 bbox_pct_x10=0 bbox_thresh_exceeded=0
[15:28:54] [info] tas: stall frame 163 ms -> contributing 1 tick (patch 0286)
[15:28:55] [info] flip-probe: flip #510 ok=true present=55ms inter_flip_ms=59 drawcalls-since-flip=116 drawcalls-total=45660 fail-total=0 null-skips-total=0
[15:28:56] [info] flip-probe: flip #520 ok=true present=-1ms inter_flip_ms=53 drawcalls-since-flip=116 drawcalls-total=46759 fail-total=0 null-skips-total=0
[15:28:57] [info] flip-probe: flip #530 ok=true present=-1ms inter_flip_ms=107 drawcalls-since-flip=120 drawcalls-total=47936 fail-total=0 null-skips-total=0
[15:28:57] [info] backdrop cache: thrashing-detect engaged (streak=64, route=direct)
[15:28:57] [info] flip-probe: flip #540 ok=true present=-1ms inter_flip_ms=55 drawcalls-since-flip=115 drawcalls-total=49099 fail-total=0 null-skips-total=0
[15:28:58] [info] run_tick_fixed #1500: heartbeat (loop alive)
[15:28:58] [info] flip-probe: flip #550 ok=true present=-1ms inter_flip_ms=108 drawcalls-since-flip=401 drawcalls-total=50979 fail-total=0 null-skips-total=0
[15:28:58] [info] tas: stall frame 169 ms -> contributing 1 tick (patch 0286)
[15:28:59] [info]  >> Entering stage 11: 'Mimiga Village'.
[15:28:59] [info] [skip-sheet-flush] cave=5
[15:28:59] [info] [load-stage] preloading entry music song=9 (cave=5)
[15:28:59] [info] opl2 backend: on_song_stop
[15:28:59] [info] MidiScheduler::load: parsed 'data/orgmid2/mura.mid' = 7123 events at 48 PPQ
[15:28:59] [info] opl2 backend: on_song_start
[15:29:00] [info] gameloop: entered (curmap=11, running=1)
[15:29:00] [info] gameloop: iter 1 ticks=55970 mapno=-1
[15:29:00] [info] mds-clear-lut: rebuilt N=240 entries (k_skip=0% k_keep=100%; curmap=11 map_size=60x60; rebuild #3 since boot)
[15:29:00] [info] gameloop: iter 2 ticks=56075 mapno=-1
[15:29:00] [info] gameloop: iter 3 ticks=56184 mapno=-1
[15:29:00] [info] backdrop cache: thrashing-detect engaged (streak=4, route=direct)
[15:29:00] [info] flip-probe: flip #560 ok=true present=0ms inter_flip_ms=51 drawcalls-since-flip=135 drawcalls-total=53948 fail-total=0 null-skips-total=0
[15:29:01] [info] flip-probe: flip #570 ok=true present=8ms inter_flip_ms=54 drawcalls-since-flip=41 drawcalls-total=54377 fail-total=0 null-skips-total=0
[15:29:01] [info] flip-probe: flip #580 ok=true present=7ms inter_flip_ms=50 drawcalls-since-flip=41 drawcalls-total=54787 fail-total=0 null-skips-total=0
[15:29:02] [info] flip-probe: flip #590 ok=true present=-1ms inter_flip_ms=107 drawcalls-since-flip=41 drawcalls-total=55197 fail-total=0 null-skips-total=0
[15:29:03] [info] flip-probe: flip #600 ok=true present=-1ms inter_flip_ms=56 drawcalls-since-flip=42 drawcalls-total=55613 fail-total=0 null-skips-total=0
[15:29:03] [info] alpha audit block 0: 10375 total drawcalls, 0 with alpha<255 (block pct_x10=0; global 0/50797 pct_x10=0); alpha-mod skipped: block=0 global=0
[15:29:03] [info] fastpath audit block 0: taken=10375 (idx8=10375) skipped=0 pct_x10=1000; global taken=50797 (idx8=50797) skipped=0 pct_x10=1000
[15:29:03] [info] primitive tally block 0: clear=201(hr=201) fill=0(hr=0) rect=0(hr=0) line=0(hr=0) tint=0 spotlight=0 (over 100 flips ending at flip 600)
[15:29:03] [info] color/alpha audit block 0: cmod_white=598 cmod_black=598 (idx=598) cmod_general=0 (idx=0) cmod_fb=0; alpha_taken=0 alpha_skipped=0 (global cmod=5260/3718/693/0 idx=3718/693 alpha=0/0)
[15:29:03] [info] phase timing block 0: drawcalls=11777 dc_total_ms=1658 flip_inner_total_ms=565 inter_flip_total_ms=8682 (per-flip avg x10: dc_ms=165 fi_ms=56 if_ms=868 derived audio+engine_ms=647; per-drawcall avg us_x10=1408) [direct-vesa: presents=100 total_ms=372 avg_ms_x10=37 failed=0] [ablation: NO_DC_TIMING=0 CACHE_WINSURF=0 DIRECT_VESA=1]
[15:29:03] [info] kbd/audio block 0: kbd_irq=0 kbd_drain=0 ring_chunks=16 pump_pass=1671 pic1_mask=0xb8 first_irq_ticks=0 install_ticks=0 vector_at_install=0x0084a080 pic1_mask_live=0xb8 kbd_8042_stat=0x34 bios_kbd_head=0x0026 bios_kbd_tail=0x0026 bios_kbd_buf0=0x3920
[15:29:03] [info] dirty-rect block @flip=600: total_calls=0 dirty_rects_avg=1 dirty_pct_x10=1000 forced_full=0 first_n_force=0 threshold_exceeded=0 dirty_path_taken=0 full_flush_taken=0
[15:29:03] [info] prev-frame-diff block @flip=600: diff_calls=0 diff_rects_avg=0 diff_dirty_pct_x10=0 bbox_pct_x10=0 bbox_thresh_exceeded=0
[15:29:03] [info] tas: stall frame 164 ms -> contributing 1 tick (patch 0286)
[15:29:03] [info] flip-probe: flip #610 ok=true present=-1ms inter_flip_ms=56 drawcalls-since-flip=42 drawcalls-total=56027 fail-total=0 null-skips-total=0
[15:29:04] [info] backdrop cache: thrashing-detect engaged (streak=64, route=direct)
[15:29:04] [info] flip-probe: flip #620 ok=true present=0ms inter_flip_ms=53 drawcalls-since-flip=43 drawcalls-total=56451 fail-total=0 null-skips-total=0
[15:29:04] [info] flip-probe: flip #630 ok=true present=0ms inter_flip_ms=59 drawcalls-since-flip=42 drawcalls-total=56873 fail-total=0 null-skips-total=0
[15:29:05] [info] flip-probe: flip #640 ok=true present=8ms inter_flip_ms=48 drawcalls-since-flip=43 drawcalls-total=57296 fail-total=0 null-skips-total=0
[15:29:06] [info] flip-probe: flip #650 ok=true present=-1ms inter_flip_ms=58 drawcalls-since-flip=44 drawcalls-total=57733 fail-total=0 null-skips-total=0
[15:29:06] [info] flip-probe: flip #660 ok=true present=-1ms inter_flip_ms=50 drawcalls-since-flip=44 drawcalls-total=58173 fail-total=0 null-skips-total=0
[15:29:07] [info] flip-probe: flip #670 ok=true present=55ms inter_flip_ms=51 drawcalls-since-flip=42 drawcalls-total=58602 fail-total=0 null-skips-total=0
[15:29:07] [info] backdrop cache: thrashing-detect engaged (streak=124, route=direct)
[15:29:07] [info] flip-probe: flip #680 ok=true present=0ms inter_flip_ms=59 drawcalls-since-flip=16 drawcalls-total=58872 fail-total=0 null-skips-total=0
[15:29:08] [info] flip-probe: flip #690 ok=true present=-1ms inter_flip_ms=55 drawcalls-since-flip=16 drawcalls-total=59032 fail-total=0 null-skips-total=0
[15:29:08] [info] flip-probe: flip #700 ok=true present=-1ms inter_flip_ms=54 drawcalls-since-flip=16 drawcalls-total=59192 fail-total=0 null-skips-total=0
[15:29:08] [info] alpha audit block 0: 2517 total drawcalls, 0 with alpha<255 (block pct_x10=0; global 0/53314 pct_x10=0); alpha-mod skipped: block=0 global=0
[15:29:08] [info] fastpath audit block 0: taken=2517 (idx8=2517) skipped=0 pct_x10=1000; global taken=53314 (idx8=53314) skipped=0 pct_x10=1000
[15:29:09] [info] primitive tally block 0: clear=200(hr=200) fill=0(hr=0) rect=0(hr=0) line=0(hr=0) tint=0 spotlight=0 (over 100 flips ending at flip 700)
[15:29:09] [info] color/alpha audit block 0: cmod_white=962 cmod_black=962 (idx=962) cmod_general=0 (idx=0) cmod_fb=0; alpha_taken=0 alpha_skipped=0 (global cmod=6222/4680/693/0 idx=4680/693 alpha=0/0)
[15:29:09] [info] phase timing block 0: drawcalls=4641 dc_total_ms=593 flip_inner_total_ms=440 inter_flip_total_ms=5825 (per-flip avg x10: dc_ms=59 fi_ms=44 if_ms=582 derived audio+engine_ms=479; per-drawcall avg us_x10=1278) [direct-vesa: presents=100 total_ms=122 avg_ms_x10=12 failed=0] [ablation: NO_DC_TIMING=0 CACHE_WINSURF=0 DIRECT_VESA=1]
[15:29:09] [info] kbd/audio block 0: kbd_irq=0 kbd_drain=0 ring_chunks=16 pump_pass=1955 pic1_mask=0xb8 first_irq_ticks=0 install_ticks=0 vector_at_install=0x0084a080 pic1_mask_live=0xb8 kbd_8042_stat=0x34 bios_kbd_head=0x0026 bios_kbd_tail=0x0026 bios_kbd_buf0=0x3920
[15:29:09] [info] dirty-rect block @flip=700: total_calls=0 dirty_rects_avg=1 dirty_pct_x10=1000 forced_full=0 first_n_force=0 threshold_exceeded=0 dirty_path_taken=0 full_flush_taken=0
[15:29:09] [info] prev-frame-diff block @flip=700: diff_calls=0 diff_rects_avg=0 diff_dirty_pct_x10=0 bbox_pct_x10=0 bbox_thresh_exceeded=0
[15:29:09] [info] tas: stall frame 387 ms -> contributing 1 tick (patch 0286)
[15:29:09] [info] flip-probe: flip #710 ok=true present=-1ms inter_flip_ms=54 drawcalls-since-flip=27 drawcalls-total=59396 fail-total=0 null-skips-total=0
[15:29:10] [info] flip-probe: flip #720 ok=true present=0ms inter_flip_ms=61 drawcalls-since-flip=23 drawcalls-total=59661 fail-total=0 null-skips-total=0
[15:29:10] [info] flip-probe: flip #730 ok=true present=-1ms inter_flip_ms=56 drawcalls-since-flip=20 drawcalls-total=59865 fail-total=0 null-skips-total=0
[15:29:11] [info]  >> Entering stage 15: 'Reservoir'.
[15:29:11] [info] [skip-sheet-flush] cave=6
[15:29:12] [info] [load-stage] preloading entry music song=9 (cave=6)
[15:29:12] [info] gameloop: entered (curmap=15, running=1)
[15:29:12] [info] gameloop: iter 1 ticks=68159 mapno=-1
[15:29:12] [info] mds-clear-lut: rebuilt N=240 entries (k_skip=13% k_keep=87%; curmap=15 map_size=40x20; rebuild #4 since boot)
[15:29:12] [info] flip-probe: flip #740 ok=true present=-1ms inter_flip_ms=824 drawcalls-since-flip=336 drawcalls-total=62046 fail-total=0 null-skips-total=0
[15:29:12] [info] gameloop: iter 2 ticks=68273 mapno=-1
[15:29:12] [info] gameloop: iter 3 ticks=68384 mapno=-1
[15:29:13] [info] flip-probe: flip #750 ok=true present=-1ms inter_flip_ms=57 drawcalls-since-flip=32 drawcalls-total=63748 fail-total=0 null-skips-total=0
[15:29:13] [info] flip-probe: flip #760 ok=true present=0ms inter_flip_ms=58 drawcalls-since-flip=32 drawcalls-total=64068 fail-total=0 null-skips-total=0
[15:29:14] [info] flip-probe: flip #770 ok=true present=0ms inter_flip_ms=55 drawcalls-since-flip=32 drawcalls-total=64388 fail-total=0 null-skips-total=0
[15:29:14] [info] backdrop cache: thrashing-detect engaged (streak=4, route=direct)
[15:29:14] [info] flip-probe: flip #780 ok=true present=-1ms inter_flip_ms=59 drawcalls-since-flip=35 drawcalls-total=64734 fail-total=0 null-skips-total=0
[15:29:15] [info] flip-probe: flip #790 ok=true present=-1ms inter_flip_ms=50 drawcalls-since-flip=32 drawcalls-total=65057 fail-total=0 null-skips-total=0
[15:29:15] [info] flip-probe: flip #800 ok=true present=0ms inter_flip_ms=113 drawcalls-since-flip=33 drawcalls-total=65383 fail-total=0 null-skips-total=0
[15:29:15] [info] alpha audit block 0: 5542 total drawcalls, 0 with alpha<255 (block pct_x10=0; global 0/58856 pct_x10=0); alpha-mod skipped: block=0 global=0
[15:29:15] [info] fastpath audit block 0: taken=5542 (idx8=5542) skipped=0 pct_x10=1000; global taken=58856 (idx8=58856) skipped=0 pct_x10=1000
[15:29:15] [info] primitive tally block 0: clear=201(hr=201) fill=0(hr=0) rect=0(hr=0) line=0(hr=0) tint=0 spotlight=0 (over 100 flips ending at flip 800)
[15:29:15] [info] color/alpha audit block 0: cmod_white=549 cmod_black=549 (idx=549) cmod_general=0 (idx=0) cmod_fb=0; alpha_taken=0 alpha_skipped=0 (global cmod=6771/5229/693/0 idx=5229/693 alpha=0/0)
[15:29:15] [info] phase timing block 0: drawcalls=6872 dc_total_ms=1425 flip_inner_total_ms=159 inter_flip_total_ms=7031 (per-flip avg x10: dc_ms=142 fi_ms=15 if_ms=703 derived audio+engine_ms=546; per-drawcall avg us_x10=2074) [direct-vesa: presents=100 total_ms=86 avg_ms_x10=8 failed=0] [ablation: NO_DC_TIMING=0 CACHE_WINSURF=0 DIRECT_VESA=1]
[15:29:15] [info] kbd/audio block 0: kbd_irq=0 kbd_drain=0 ring_chunks=16 pump_pass=2250 pic1_mask=0xb8 first_irq_ticks=0 install_ticks=0 vector_at_install=0x0084a080 pic1_mask_live=0xb8 kbd_8042_stat=0x34 bios_kbd_head=0x0026 bios_kbd_tail=0x0026 bios_kbd_buf0=0x3920
[15:29:16] [info] dirty-rect block @flip=800: total_calls=0 dirty_rects_avg=1 dirty_pct_x10=1000 forced_full=0 first_n_force=0 threshold_exceeded=0 dirty_path_taken=0 full_flush_taken=0
[15:29:16] [info] prev-frame-diff block @flip=800: diff_calls=0 diff_rects_avg=0 diff_dirty_pct_x10=0 bbox_pct_x10=0 bbox_thresh_exceeded=0
[15:29:16] [info] tas: stall frame 274 ms -> contributing 1 tick (patch 0286)
[15:29:16] [info] flip-probe: flip #810 ok=true present=-1ms inter_flip_ms=59 drawcalls-since-flip=35 drawcalls-total=65731 fail-total=0 null-skips-total=0
[15:29:17] [info] flip-probe: flip #820 ok=true present=-1ms inter_flip_ms=52 drawcalls-since-flip=35 drawcalls-total=66085 fail-total=0 null-skips-total=0
[15:29:17] [info] flip-probe: flip #830 ok=true present=-1ms inter_flip_ms=54 drawcalls-since-flip=35 drawcalls-total=66439 fail-total=0 null-skips-total=0
[15:29:17] [info] backdrop cache: thrashing-detect engaged (streak=64, route=direct)
[15:29:18] [info] flip-probe: flip #840 ok=true present=0ms inter_flip_ms=57 drawcalls-since-flip=35 drawcalls-total=66789 fail-total=0 null-skips-total=0
[15:29:18] [info] flip-probe: flip #850 ok=true present=-1ms inter_flip_ms=54 drawcalls-since-flip=34 drawcalls-total=67133 fail-total=0 null-skips-total=0
[15:29:19] [info] flip-probe: flip #860 ok=true present=-1ms inter_flip_ms=49 drawcalls-since-flip=15 drawcalls-total=67450 fail-total=0 null-skips-total=0
[15:29:20] [info] flip-probe: flip #870 ok=true present=-1ms inter_flip_ms=50 drawcalls-since-flip=15 drawcalls-total=67600 fail-total=0 null-skips-total=0
[15:29:20] [info] flip-probe: flip #880 ok=true present=-1ms inter_flip_ms=53 drawcalls-since-flip=14 drawcalls-total=67744 fail-total=0 null-skips-total=0
[15:29:21] [info] flip-probe: flip #890 ok=true present=-1ms inter_flip_ms=55 drawcalls-since-flip=17 drawcalls-total=67904 fail-total=0 null-skips-total=0
[15:29:21] [info] backdrop cache: thrashing-detect engaged (streak=4, route=direct)
[15:29:21] [info] flip-probe: flip #900 ok=true present=-1ms inter_flip_ms=56 drawcalls-since-flip=17 drawcalls-total=68074 fail-total=0 null-skips-total=0
[15:29:21] [info] alpha audit block 0: 2060 total drawcalls, 0 with alpha<255 (block pct_x10=0; global 0/60916 pct_x10=0); alpha-mod skipped: block=0 global=0
[15:29:21] [info] fastpath audit block 0: taken=2060 (idx8=2060) skipped=0 pct_x10=1000; global taken=60916 (idx8=60916) skipped=0 pct_x10=1000
[15:29:21] [info] primitive tally block 0: clear=200(hr=200) fill=0(hr=0) rect=0(hr=0) line=0(hr=0) tint=0 spotlight=0 (over 100 flips ending at flip 900)
[15:29:21] [info] color/alpha audit block 0: cmod_white=531 cmod_black=531 (idx=531) cmod_general=0 (idx=0) cmod_fb=0; alpha_taken=0 alpha_skipped=0 (global cmod=7302/5760/693/0 idx=5760/693 alpha=0/0)
[15:29:21] [info] phase timing block 0: drawcalls=3342 dc_total_ms=683 flip_inner_total_ms=207 inter_flip_total_ms=5656 (per-flip avg x10: dc_ms=68 fi_ms=20 if_ms=565 derived audio+engine_ms=477; per-drawcall avg us_x10=2045) [direct-vesa: presents=100 total_ms=157 avg_ms_x10=15 failed=0] [ablation: NO_DC_TIMING=0 CACHE_WINSURF=0 DIRECT_VESA=1]
[15:29:21] [info] kbd/audio block 0: kbd_irq=0 kbd_drain=0 ring_chunks=16 pump_pass=2520 pic1_mask=0xb8 first_irq_ticks=0 install_ticks=0 vector_at_install=0x0084a080 pic1_mask_live=0xb8 kbd_8042_stat=0x34 bios_kbd_head=0x0026 bios_kbd_tail=0x0026 bios_kbd_buf0=0x3920
[15:29:21] [info] dirty-rect block @flip=900: total_calls=0 dirty_rects_avg=1 dirty_pct_x10=1000 forced_full=0 first_n_force=0 threshold_exceeded=0 dirty_path_taken=0 full_flush_taken=0
[15:29:21] [info] prev-frame-diff block @flip=900: diff_calls=0 diff_rects_avg=0 diff_dirty_pct_x10=0 bbox_pct_x10=0 bbox_thresh_exceeded=0
[15:29:22] [info] flip-probe: flip #910 ok=true present=-1ms inter_flip_ms=51 drawcalls-since-flip=14 drawcalls-total=68216 fail-total=0 null-skips-total=0
[15:29:22] [info] flip-probe: flip #920 ok=true present=-1ms inter_flip_ms=55 drawcalls-since-flip=14 drawcalls-total=68356 fail-total=0 null-skips-total=0
[15:29:23] [info] flip-probe: flip #930 ok=true present=55ms inter_flip_ms=-1 drawcalls-since-flip=14 drawcalls-total=68496 fail-total=0 null-skips-total=0
[15:29:23] [info] flip-probe: flip #940 ok=true present=-7ms inter_flip_ms=59 drawcalls-since-flip=14 drawcalls-total=68636 fail-total=0 null-skips-total=0
[15:29:24] [info] flip-probe: flip #950 ok=true present=0ms inter_flip_ms=54 drawcalls-since-flip=14 drawcalls-total=68776 fail-total=0 null-skips-total=0
[15:29:24] [info] backdrop cache: thrashing-detect engaged (streak=64, route=direct)
[15:29:24] [info] flip-probe: flip #960 ok=true present=-1ms inter_flip_ms=59 drawcalls-since-flip=14 drawcalls-total=68916 fail-total=0 null-skips-total=0
[15:29:25] [info] flip-probe: flip #970 ok=true present=-1ms inter_flip_ms=62 drawcalls-since-flip=14 drawcalls-total=69056 fail-total=0 null-skips-total=0
[15:29:25] [info]  >> Entering stage 11: 'Mimiga Village'.
[15:29:25] [info] [skip-sheet-flush] cave=7
[15:29:26] [info] [load-stage] preloading entry music song=9 (cave=7)
[15:29:26] [info] gameloop: entered (curmap=11, running=1)
[15:29:26] [info] gameloop: iter 1 ticks=82496 mapno=-1
[15:29:26] [info] mds-clear-lut: rebuilt N=240 entries (k_skip=0% k_keep=100%; curmap=11 map_size=60x60; rebuild #5 since boot)
[15:29:26] [info] flip-probe: flip #980 ok=true present=-1ms inter_flip_ms=826 drawcalls-since-flip=331 drawcalls-total=71364 fail-total=0 null-skips-total=0
[15:29:26] [info] gameloop: iter 2 ticks=82658 mapno=-1
[15:29:26] [info] tas: stall frame 159 ms -> contributing 1 tick (patch 0286)
[15:29:26] [info] gameloop: iter 3 ticks=82772 mapno=-1
[15:29:27] [info] flip-probe: flip #990 ok=true present=-1ms inter_flip_ms=62 drawcalls-since-flip=42 drawcalls-total=73301 fail-total=0 null-skips-total=0
[15:29:28] [info] flip-probe: flip #1000 ok=true present=-1ms inter_flip_ms=55 drawcalls-since-flip=42 drawcalls-total=73721 fail-total=0 null-skips-total=0
[15:29:28] [info] alpha audit block 0: 5274 total drawcalls, 0 with alpha<255 (block pct_x10=0; global 0/66190 pct_x10=0); alpha-mod skipped: block=0 global=0
[15:29:28] [info] fastpath audit block 0: taken=5274 (idx8=5274) skipped=0 pct_x10=1000; global taken=66190 (idx8=66190) skipped=0 pct_x10=1000
[15:29:28] [info] primitive tally block 0: clear=201(hr=201) fill=0(hr=0) rect=0(hr=0) line=0(hr=0) tint=0 spotlight=0 (over 100 flips ending at flip 1000)
[15:29:28] [info] color/alpha audit block 0: cmod_white=273 cmod_black=273 (idx=273) cmod_general=0 (idx=0) cmod_fb=0; alpha_taken=0 alpha_skipped=0 (global cmod=7575/6033/693/0 idx=6033/693 alpha=0/0)
[15:29:28] [info] phase timing block 0: drawcalls=6042 dc_total_ms=1039 flip_inner_total_ms=376 inter_flip_total_ms=6593 (per-flip avg x10: dc_ms=103 fi_ms=37 if_ms=659 derived audio+engine_ms=519; per-drawcall avg us_x10=1721) [direct-vesa: presents=100 total_ms=291 avg_ms_x10=29 failed=0] [ablation: NO_DC_TIMING=0 CACHE_WINSURF=0 DIRECT_VESA=1]
[15:29:28] [info] kbd/audio block 0: kbd_irq=0 kbd_drain=0 ring_chunks=16 pump_pass=2804 pic1_mask=0xb8 first_irq_ticks=0 install_ticks=0 vector_at_install=0x0084a080 pic1_mask_live=0xb8 kbd_8042_stat=0x34 bios_kbd_head=0x0026 bios_kbd_tail=0x0026 bios_kbd_buf0=0x3920
[15:29:28] [info] dirty-rect block @flip=1000: total_calls=0 dirty_rects_avg=1 dirty_pct_x10=1000 forced_full=0 first_n_force=0 threshold_exceeded=0 dirty_path_taken=0 full_flush_taken=0
[15:29:28] [info] prev-frame-diff block @flip=1000: diff_calls=0 diff_rects_avg=0 diff_dirty_pct_x10=0 bbox_pct_x10=0 bbox_thresh_exceeded=0
[15:29:28] [info] tas: stall frame 167 ms -> contributing 1 tick (patch 0286)
[15:29:28] [info] tas: stall frame 443 ms -> contributing 1 tick (patch 0286)
[15:29:29] [info] flip-probe: flip #1010 ok=true present=-1ms inter_flip_ms=60 drawcalls-since-flip=53 drawcalls-total=74163 fail-total=0 null-skips-total=0
[15:29:29] [info] backdrop cache: thrashing-detect engaged (streak=4, route=direct)
[15:29:30] [info] flip-probe: flip #1020 ok=true present=-1ms inter_flip_ms=108 drawcalls-since-flip=47 drawcalls-total=74683 fail-total=0 null-skips-total=0
[15:29:30] [info] flip-probe: flip #1030 ok=true present=-1ms inter_flip_ms=113 drawcalls-since-flip=46 drawcalls-total=75136 fail-total=0 null-skips-total=0
[15:29:31] [info] flip-probe: flip #1040 ok=true present=-1ms inter_flip_ms=54 drawcalls-since-flip=44 drawcalls-total=75566 fail-total=0 null-skips-total=0
[15:29:31] [info] flip-probe: flip #1050 ok=true present=-1ms inter_flip_ms=52 drawcalls-since-flip=47 drawcalls-total=76008 fail-total=0 null-skips-total=0
[15:29:32] [info] flip-probe: flip #1060 ok=true present=0ms inter_flip_ms=54 drawcalls-since-flip=45 drawcalls-total=76460 fail-total=0 null-skips-total=0
[15:29:32] [info] flip-probe: flip #1070 ok=true present=-1ms inter_flip_ms=54 drawcalls-since-flip=45 drawcalls-total=76910 fail-total=0 null-skips-total=0
[15:29:33] [info] backdrop cache: thrashing-detect engaged (streak=64, route=direct)
[15:29:33] [info] flip-probe: flip #1080 ok=true present=-1ms inter_flip_ms=61 drawcalls-since-flip=45 drawcalls-total=77360 fail-total=0 null-skips-total=0
[15:29:34] [info] flip-probe: flip #1090 ok=true present=-1ms inter_flip_ms=115 drawcalls-since-flip=44 drawcalls-total=77805 fail-total=0 null-skips-total=0
[15:29:34] [info] flip-probe: flip #1100 ok=true present=-1ms inter_flip_ms=49 drawcalls-since-flip=17 drawcalls-total=78218 fail-total=0 null-skips-total=0
[15:29:34] [info] alpha audit block 0: 3110 total drawcalls, 0 with alpha<255 (block pct_x10=0; global 0/69300 pct_x10=0); alpha-mod skipped: block=0 global=0
[15:29:34] [info] fastpath audit block 0: taken=3110 (idx8=3110) skipped=0 pct_x10=1000; global taken=69300 (idx8=69300) skipped=0 pct_x10=1000
[15:29:34] [info] primitive tally block 0: clear=200(hr=200) fill=0(hr=0) rect=0(hr=0) line=0(hr=0) tint=0 spotlight=0 (over 100 flips ending at flip 1100)
[15:29:34] [info] color/alpha audit block 0: cmod_white=1287 cmod_black=1287 (idx=1287) cmod_general=0 (idx=0) cmod_fb=0; alpha_taken=0 alpha_skipped=0 (global cmod=8862/7320/693/0 idx=7320/693 alpha=0/0)
[15:29:34] [info] phase timing block 0: drawcalls=5901 dc_total_ms=786 flip_inner_total_ms=415 inter_flip_total_ms=6529 (per-flip avg x10: dc_ms=78 fi_ms=41 if_ms=652 derived audio+engine_ms=533; per-drawcall avg us_x10=1332) [direct-vesa: presents=100 total_ms=268 avg_ms_x10=26 failed=0] [ablation: NO_DC_TIMING=0 CACHE_WINSURF=0 DIRECT_VESA=1]
[15:29:34] [info] kbd/audio block 0: kbd_irq=0 kbd_drain=0 ring_chunks=16 pump_pass=3103 pic1_mask=0xb8 first_irq_ticks=0 install_ticks=0 vector_at_install=0x0084a080 pic1_mask_live=0xb8 kbd_8042_stat=0x34 bios_kbd_head=0x0026 bios_kbd_tail=0x0026 bios_kbd_buf0=0x3920
[15:29:34] [info] dirty-rect block @flip=1100: total_calls=0 dirty_rects_avg=1 dirty_pct_x10=1000 forced_full=0 first_n_force=0 threshold_exceeded=0 dirty_path_taken=0 full_flush_taken=0
[15:29:34] [info] prev-frame-diff block @flip=1100: diff_calls=0 diff_rects_avg=0 diff_dirty_pct_x10=0 bbox_pct_x10=0 bbox_thresh_exceeded=0
[15:29:34] [info] tas: stall frame 158 ms -> contributing 1 tick (patch 0286)
[15:29:35] [info] flip-probe: flip #1110 ok=true present=0ms inter_flip_ms=52 drawcalls-since-flip=17 drawcalls-total=78388 fail-total=0 null-skips-total=0
[15:29:35] [info] flip-probe: flip #1120 ok=true present=-1ms inter_flip_ms=57 drawcalls-since-flip=19 drawcalls-total=78570 fail-total=0 null-skips-total=0
[15:29:36] [info] flip-probe: flip #1130 ok=true present=0ms inter_flip_ms=52 drawcalls-since-flip=19 drawcalls-total=78760 fail-total=0 null-skips-total=0
[15:29:36] [info] backdrop cache: thrashing-detect engaged (streak=124, route=direct)
[15:29:37] [info] flip-probe: flip #1140 ok=true present=0ms inter_flip_ms=58 drawcalls-since-flip=18 drawcalls-total=78947 fail-total=0 null-skips-total=0
[15:29:37] [info] flip-probe: flip #1150 ok=true present=-1ms inter_flip_ms=60 drawcalls-since-flip=17 drawcalls-total=79122 fail-total=0 null-skips-total=0
[15:29:38] [info] flip-probe: flip #1160 ok=true present=-1ms inter_flip_ms=51 drawcalls-since-flip=18 drawcalls-total=79301 fail-total=0 null-skips-total=0
[15:29:38] [info] flip-probe: flip #1170 ok=true present=55ms inter_flip_ms=-2 drawcalls-since-flip=19 drawcalls-total=79488 fail-total=0 null-skips-total=0
[15:29:39] [info] flip-probe: flip #1180 ok=true present=-1ms inter_flip_ms=57 drawcalls-since-flip=19 drawcalls-total=79678 fail-total=0 null-skips-total=0
[15:29:39] [info] flip-probe: flip #1190 ok=true present=0ms inter_flip_ms=59 drawcalls-since-flip=20 drawcalls-total=79875 fail-total=0 null-skips-total=0
[15:29:40] [info] backdrop cache: thrashing-detect engaged (streak=184, route=direct)
[15:29:40] [info] flip-probe: flip #1200 ok=true present=-1ms inter_flip_ms=53 drawcalls-since-flip=20 drawcalls-total=80075 fail-total=0 null-skips-total=0
[15:29:40] [info] alpha audit block 0: 1757 total drawcalls, 0 with alpha<255 (block pct_x10=0; global 0/71057 pct_x10=0); alpha-mod skipped: block=0 global=0
[15:29:40] [info] fastpath audit block 0: taken=1757 (idx8=1757) skipped=0 pct_x10=1000; global taken=71057 (idx8=71057) skipped=0 pct_x10=1000
[15:29:40] [info] primitive tally block 0: clear=200(hr=200) fill=0(hr=0) rect=0(hr=0) line=0(hr=0) tint=0 spotlight=0 (over 100 flips ending at flip 1200)
[15:29:40] [info] phase timing block 0: drawcalls=1957 dc_total_ms=876 flip_inner_total_ms=326 inter_flip_total_ms=5661 (per-flip avg x10: dc_ms=87 fi_ms=32 if_ms=566 derived audio+engine_ms=447; per-drawcall avg us_x10=4477) [direct-vesa: presents=100 total_ms=268 avg_ms_x10=26 failed=0] [ablation: NO_DC_TIMING=0 CACHE_WINSURF=0 DIRECT_VESA=1]
[15:29:40] [info] kbd/audio block 0: kbd_irq=0 kbd_drain=0 ring_chunks=16 pump_pass=3378 pic1_mask=0xb8 first_irq_ticks=0 install_ticks=0 vector_at_install=0x0084a080 pic1_mask_live=0xb8 kbd_8042_stat=0x34 bios_kbd_head=0x0026 bios_kbd_tail=0x0026 bios_kbd_buf0=0x3920
[15:29:40] [info] dirty-rect block @flip=1200: total_calls=0 dirty_rects_avg=1 dirty_pct_x10=1000 forced_full=0 first_n_force=0 threshold_exceeded=0 dirty_path_taken=0 full_flush_taken=0
[15:29:40] [info] prev-frame-diff block @flip=1200: diff_calls=0 diff_rects_avg=0 diff_dirty_pct_x10=0 bbox_pct_x10=0 bbox_thresh_exceeded=0
[15:29:41] [info] flip-probe: flip #1210 ok=true present=-1ms inter_flip_ms=50 drawcalls-since-flip=17 drawcalls-total=80257 fail-total=0 null-skips-total=0
[15:29:41] [info] flip-probe: flip #1220 ok=true present=-1ms inter_flip_ms=60 drawcalls-since-flip=17 drawcalls-total=80427 fail-total=0 null-skips-total=0
[15:29:42] [info] flip-probe: flip #1230 ok=true present=0ms inter_flip_ms=54 drawcalls-since-flip=18 drawcalls-total=80605 fail-total=0 null-skips-total=0
[15:29:42] [info] flip-probe: flip #1240 ok=true present=0ms inter_flip_ms=50 drawcalls-since-flip=17 drawcalls-total=80780 fail-total=0 null-skips-total=0
[15:29:43] [info] flip-probe: flip #1250 ok=true present=-1ms inter_flip_ms=51 drawcalls-since-flip=17 drawcalls-total=80943 fail-total=0 null-skips-total=0
[15:29:43] [info] backdrop cache: thrashing-detect engaged (streak=244, route=direct)
[15:29:43] [info] flip-probe: flip #1260 ok=true present=-1ms inter_flip_ms=53 drawcalls-since-flip=20 drawcalls-total=81126 fail-total=0 null-skips-total=0
[15:29:44] [info] flip-probe: flip #1270 ok=true present=-1ms inter_flip_ms=110 drawcalls-since-flip=18 drawcalls-total=81326 fail-total=0 null-skips-total=0
[15:29:45] [info] flip-probe: flip #1280 ok=true present=-1ms inter_flip_ms=111 drawcalls-since-flip=359 drawcalls-total=82589 fail-total=0 null-skips-total=0
[15:29:45] [info]  >> Entering stage 19: 'Assembly Hall'.
[15:29:45] [info] [skip-sheet-flush] cave=8
[15:29:46] [info] [load-stage] preloading entry music song=9 (cave=8)
[15:29:46] [info] gameloop: entered (curmap=19, running=1)
[15:29:46] [info] gameloop: iter 1 ticks=102327 mapno=-1
[15:29:46] [info] mds-clear-lut: rebuilt N=240 entries (k_skip=100% k_keep=0%; curmap=19 map_size=21x16; rebuild #6 since boot)
[15:29:46] [info] gameloop: iter 2 ticks=102433 mapno=-1
[15:29:46] [info] gameloop: iter 3 ticks=102544 mapno=-1
[15:29:47] [info] flip-probe: flip #1290 ok=true present=8ms inter_flip_ms=52 drawcalls-since-flip=115 drawcalls-total=85815 fail-total=0 null-skips-total=0
[15:29:47] [info] flip-probe: flip #1300 ok=true present=8ms inter_flip_ms=48 drawcalls-since-flip=122 drawcalls-total=87024 fail-total=0 null-skips-total=0
[15:29:47] [info] alpha audit block 0: 6645 total drawcalls, 0 with alpha<255 (block pct_x10=0; global 0/77702 pct_x10=0); alpha-mod skipped: block=0 global=0
[15:29:47] [info] fastpath audit block 0: taken=6645 (idx8=6645) skipped=0 pct_x10=1000; global taken=77702 (idx8=77702) skipped=0 pct_x10=1000
[15:29:47] [info] primitive tally block 0: clear=201(hr=201) fill=0(hr=0) rect=0(hr=0) line=0(hr=0) tint=0 spotlight=0 (over 100 flips ending at flip 1300)
[15:29:47] [info] color/alpha audit block 0: cmod_white=204 cmod_black=204 (idx=204) cmod_general=0 (idx=0) cmod_fb=0; alpha_taken=0 alpha_skipped=0 (global cmod=9066/7524/693/0 idx=7524/693 alpha=0/0)
[15:29:47] [info] phase timing block 0: drawcalls=7271 dc_total_ms=774 flip_inner_total_ms=507 inter_flip_total_ms=7301 (per-flip avg x10: dc_ms=77 fi_ms=50 if_ms=730 derived audio+engine_ms=603; per-drawcall avg us_x10=1064) [direct-vesa: presents=100 total_ms=389 avg_ms_x10=38 failed=0] [ablation: NO_DC_TIMING=0 CACHE_WINSURF=0 DIRECT_VESA=1]
[15:29:47] [info] kbd/audio block 0: kbd_irq=0 kbd_drain=0 ring_chunks=16 pump_pass=3689 pic1_mask=0xb8 first_irq_ticks=0 install_ticks=0 vector_at_install=0x0084a080 pic1_mask_live=0xb8 kbd_8042_stat=0x34 bios_kbd_head=0x0026 bios_kbd_tail=0x0026 bios_kbd_buf0=0x3920
[15:29:47] [info] dirty-rect block @flip=1300: total_calls=0 dirty_rects_avg=1 dirty_pct_x10=1000 forced_full=0 first_n_force=0 threshold_exceeded=0 dirty_path_taken=0 full_flush_taken=0
[15:29:47] [info] prev-frame-diff block @flip=1300: diff_calls=0 diff_rects_avg=0 diff_dirty_pct_x10=0 bbox_pct_x10=0 bbox_thresh_exceeded=0
[15:29:48] [info] flip-probe: flip #1310 ok=true present=-1ms inter_flip_ms=50 drawcalls-since-flip=124 drawcalls-total=88246 fail-total=0 null-skips-total=0
[15:29:48] [info] flip-probe: flip #1320 ok=true present=-1ms inter_flip_ms=56 drawcalls-since-flip=122 drawcalls-total=89484 fail-total=0 null-skips-total=0
[15:29:49] [info] flip-probe: flip #1330 ok=true present=8ms inter_flip_ms=48 drawcalls-since-flip=123 drawcalls-total=90715 fail-total=0 null-skips-total=0
[15:29:50] [info] flip-probe: flip #1340 ok=true present=0ms inter_flip_ms=56 drawcalls-since-flip=122 drawcalls-total=91935 fail-total=0 null-skips-total=0
[15:29:50] [info] flip-probe: flip #1350 ok=true present=0ms inter_flip_ms=52 drawcalls-since-flip=122 drawcalls-total=93155 fail-total=0 null-skips-total=0
[15:29:51] [info] flip-probe: flip #1360 ok=true present=8ms inter_flip_ms=48 drawcalls-since-flip=122 drawcalls-total=94375 fail-total=0 null-skips-total=0
[15:29:51] [info]  >> Entering stage 11: 'Mimiga Village'.
[15:29:51] [info] [skip-sheet-flush] cave=9
[15:29:52] [info] [load-stage] preloading entry music song=9 (cave=9)
[15:29:52] [info] gameloop: entered (curmap=11, running=1)
[15:29:52] [info] gameloop: iter 1 ticks=108693 mapno=-1
[15:29:53] [info] tas: stall frame 274 ms -> contributing 1 tick (patch 0286)
[15:29:53] [info] mds-clear-lut: rebuilt N=240 entries (k_skip=0% k_keep=100%; curmap=11 map_size=60x60; rebuild #7 since boot)
[15:29:53] [info] gameloop: iter 2 ticks=109026 mapno=-1
[15:29:53] [info] flip-probe: flip #1370 ok=true present=-1ms inter_flip_ms=110 drawcalls-since-flip=384 drawcalls-total=97947 fail-total=0 null-skips-total=0
[15:29:53] [info] run_tick_fixed #3900: heartbeat (loop alive)
[15:29:53] [info] gameloop: iter 3 ticks=109138 mapno=-1
[15:29:53] [info] tas: stall frame 168 ms -> contributing 1 tick (patch 0286)
[15:29:53] [info] backdrop cache: thrashing-detect engaged (streak=4, route=direct)
[15:29:54] [info] flip-probe: flip #1380 ok=true present=-1ms inter_flip_ms=59 drawcalls-since-flip=45 drawcalls-total=99536 fail-total=0 null-skips-total=0
[15:29:54] [info] flip-probe: flip #1390 ok=true present=0ms inter_flip_ms=59 drawcalls-since-flip=43 drawcalls-total=99989 fail-total=0 null-skips-total=0
[15:29:55] [info] flip-probe: flip #1400 ok=true present=0ms inter_flip_ms=56 drawcalls-since-flip=43 drawcalls-total=100415 fail-total=0 null-skips-total=0
[15:29:55] [info] alpha audit block 0: 12059 total drawcalls, 0 with alpha<255 (block pct_x10=0; global 0/89761 pct_x10=0); alpha-mod skipped: block=0 global=0
[15:29:55] [info] fastpath audit block 0: taken=12059 (idx8=12059) skipped=0 pct_x10=1000; global taken=89761 (idx8=89761) skipped=0 pct_x10=1000
[15:29:55] [info] primitive tally block 0: clear=201(hr=201) fill=0(hr=0) rect=0(hr=0) line=0(hr=0) tint=0 spotlight=0 (over 100 flips ending at flip 1400)
[15:29:55] [info] color/alpha audit block 0: cmod_white=1232 cmod_black=1232 (idx=1232) cmod_general=0 (idx=0) cmod_fb=0; alpha_taken=0 alpha_skipped=0 (global cmod=10298/8756/693/0 idx=8756/693 alpha=0/0)
[15:29:55] [info] phase timing block 0: drawcalls=14798 dc_total_ms=1518 flip_inner_total_ms=207 inter_flip_total_ms=7638 (per-flip avg x10: dc_ms=151 fi_ms=20 if_ms=763 derived audio+engine_ms=592; per-drawcall avg us_x10=1026) [direct-vesa: presents=100 total_ms=114 avg_ms_x10=11 failed=0] [ablation: NO_DC_TIMING=0 CACHE_WINSURF=0 DIRECT_VESA=1]
[15:29:55] [info] kbd/audio block 0: kbd_irq=0 kbd_drain=0 ring_chunks=16 pump_pass=3998 pic1_mask=0xb8 first_irq_ticks=0 install_ticks=0 vector_at_install=0x0084a080 pic1_mask_live=0xb8 kbd_8042_stat=0x34 bios_kbd_head=0x0026 bios_kbd_tail=0x0026 bios_kbd_buf0=0x3920
[15:29:55] [info] dirty-rect block @flip=1400: total_calls=0 dirty_rects_avg=1 dirty_pct_x10=1000 forced_full=0 first_n_force=0 threshold_exceeded=0 dirty_path_taken=0 full_flush_taken=0
[15:29:55] [info] prev-frame-diff block @flip=1400: diff_calls=0 diff_rects_avg=0 diff_dirty_pct_x10=0 bbox_pct_x10=0 bbox_thresh_exceeded=0
[15:29:56] [info] flip-probe: flip #1410 ok=true present=0ms inter_flip_ms=57 drawcalls-since-flip=44 drawcalls-total=100857 fail-total=0 null-skips-total=0
[15:29:56] [info] flip-probe: flip #1420 ok=true present=0ms inter_flip_ms=58 drawcalls-since-flip=46 drawcalls-total=101293 fail-total=0 null-skips-total=0
[15:29:57] [info] flip-probe: flip #1430 ok=true present=0ms inter_flip_ms=58 drawcalls-since-flip=44 drawcalls-total=101744 fail-total=0 null-skips-total=0
[15:29:57] [info] backdrop cache: thrashing-detect engaged (streak=64, route=direct)
[15:29:57] [info] flip-probe: flip #1440 ok=true present=-1ms inter_flip_ms=52 drawcalls-since-flip=44 drawcalls-total=102188 fail-total=0 null-skips-total=0
[15:29:58] [info] flip-probe: flip #1450 ok=true present=0ms inter_flip_ms=55 drawcalls-since-flip=43 drawcalls-total=102623 fail-total=0 null-skips-total=0
[15:29:59] [info] flip-probe: flip #1460 ok=true present=0ms inter_flip_ms=58 drawcalls-since-flip=43 drawcalls-total=103053 fail-total=0 null-skips-total=0
[15:29:59] [info] flip-probe: flip #1470 ok=true present=-1ms inter_flip_ms=60 drawcalls-since-flip=44 drawcalls-total=103491 fail-total=0 null-skips-total=0
[15:30:00] [info] flip-probe: flip #1480 ok=true present=-1ms inter_flip_ms=51 drawcalls-since-flip=45 drawcalls-total=103938 fail-total=0 null-skips-total=0
[15:30:00] [info] flip-probe: flip #1490 ok=true present=0ms inter_flip_ms=56 drawcalls-since-flip=15 drawcalls-total=104319 fail-total=0 null-skips-total=0
[15:30:00] [info] backdrop cache: thrashing-detect engaged (streak=124, route=direct)
[15:30:01] [info] flip-probe: flip #1500 ok=true present=0ms inter_flip_ms=59 drawcalls-since-flip=15 drawcalls-total=104469 fail-total=0 null-skips-total=0
[15:30:01] [info] alpha audit block 0: 2810 total drawcalls, 0 with alpha<255 (block pct_x10=0; global 0/92571 pct_x10=0); alpha-mod skipped: block=0 global=0
[15:30:01] [info] fastpath audit block 0: taken=2810 (idx8=2810) skipped=0 pct_x10=1000; global taken=92571 (idx8=92571) skipped=0 pct_x10=1000
[15:30:01] [info] primitive tally block 0: clear=200(hr=200) fill=0(hr=0) rect=0(hr=0) line=0(hr=0) tint=0 spotlight=0 (over 100 flips ending at flip 1500)
[15:30:01] [info] color/alpha audit block 0: cmod_white=1144 cmod_black=1144 (idx=1144) cmod_general=0 (idx=0) cmod_fb=0; alpha_taken=0 alpha_skipped=0 (global cmod=11442/9900/693/0 idx=9900/693 alpha=0/0)
[15:30:01] [info] phase timing block 0: drawcalls=5298 dc_total_ms=761 flip_inner_total_ms=238 inter_flip_total_ms=5935 (per-flip avg x10: dc_ms=76 fi_ms=23 if_ms=593 derived audio+engine_ms=494; per-drawcall avg us_x10=1438) [direct-vesa: presents=100 total_ms=213 avg_ms_x10=21 failed=0] [ablation: NO_DC_TIMING=0 CACHE_WINSURF=0 DIRECT_VESA=1]
[15:30:01] [info] kbd/audio block 0: kbd_irq=0 kbd_drain=0 ring_chunks=16 pump_pass=4294 pic1_mask=0xb8 first_irq_ticks=0 install_ticks=0 vector_at_install=0x0084a080 pic1_mask_live=0xb8 kbd_8042_stat=0x34 bios_kbd_head=0x0026 bios_kbd_tail=0x0026 bios_kbd_buf0=0x3920
[15:30:01] [info] dirty-rect block @flip=1500: total_calls=0 dirty_rects_avg=1 dirty_pct_x10=1000 forced_full=0 first_n_force=0 threshold_exceeded=0 dirty_path_taken=0 full_flush_taken=0
[15:30:01] [info] prev-frame-diff block @flip=1500: diff_calls=0 diff_rects_avg=0 diff_dirty_pct_x10=0 bbox_pct_x10=0 bbox_thresh_exceeded=0
[15:30:02] [info]  >> Entering stage 14: 'Shack'.
[15:30:02] [info] [skip-sheet-flush] cave=10
[15:30:02] [info] [load-stage] preloading entry music song=8 (cave=10)
[15:30:02] [info] opl2 backend: on_song_stop
[15:30:03] [info] MidiScheduler::load: parsed 'data/orgmid2/vivi.mid' = 11188 events at 48 PPQ
[15:30:03] [info] opl2 backend: on_song_start
[15:30:03] [info] gameloop: entered (curmap=14, running=1)
[15:30:03] [info] gameloop: iter 1 ticks=119074 mapno=-1
[15:30:03] [info] gameloop: iter 2 ticks=119135 mapno=-1
[15:30:03] [info] gameloop: iter 3 ticks=119241 mapno=-1
[15:30:03] [info] flip-probe: flip #1510 ok=true present=-1ms inter_flip_ms=109 drawcalls-since-flip=365 drawcalls-total=107436 fail-total=0 null-skips-total=0
[15:30:04] [info] flip-probe: flip #1520 ok=true present=0ms inter_flip_ms=54 drawcalls-since-flip=24 drawcalls-total=108515 fail-total=0 null-skips-total=0
[15:30:04] [info] flip-probe: flip #1530 ok=true present=-1ms inter_flip_ms=55 drawcalls-since-flip=24 drawcalls-total=108755 fail-total=0 null-skips-total=0
[15:30:04] [info] flip-probe: flip #1540 ok=true present=-1ms inter_flip_ms=53 drawcalls-since-flip=26 drawcalls-total=108997 fail-total=0 null-skips-total=0
[15:30:05] [info] flip-probe: flip #1550 ok=true present=0ms inter_flip_ms=61 drawcalls-since-flip=27 drawcalls-total=109266 fail-total=0 null-skips-total=0
[15:30:05] [info] flip-probe: flip #1560 ok=true present=0ms inter_flip_ms=59 drawcalls-since-flip=24 drawcalls-total=109514 fail-total=0 null-skips-total=0
[15:30:06] [info] flip-probe: flip #1570 ok=true present=0ms inter_flip_ms=7 drawcalls-since-flip=24 drawcalls-total=109754 fail-total=0 null-skips-total=0
[15:30:06] [info] flip-probe: flip #1580 ok=true present=-1ms inter_flip_ms=54 drawcalls-since-flip=24 drawcalls-total=109994 fail-total=0 null-skips-total=0
[15:30:07] [info] flip-probe: flip #1590 ok=true present=-1ms inter_flip_ms=55 drawcalls-since-flip=24 drawcalls-total=110234 fail-total=0 null-skips-total=0
[15:30:07] [info] flip-probe: flip #1600 ok=true present=-1ms inter_flip_ms=50 drawcalls-since-flip=24 drawcalls-total=110474 fail-total=0 null-skips-total=0
[15:30:07] [info] alpha audit block 0: 5533 total drawcalls, 0 with alpha<255 (block pct_x10=0; global 0/98104 pct_x10=0); alpha-mod skipped: block=0 global=0
[15:30:07] [info] fastpath audit block 0: taken=5533 (idx8=5533) skipped=0 pct_x10=1000; global taken=98104 (idx8=98104) skipped=0 pct_x10=1000
[15:30:07] [info] primitive tally block 0: clear=201(hr=201) fill=0(hr=0) rect=0(hr=0) line=0(hr=0) tint=0 spotlight=0 (over 100 flips ending at flip 1600)
[15:30:07] [info] color/alpha audit block 0: cmod_white=465 cmod_black=465 (idx=465) cmod_general=0 (idx=0) cmod_fb=0; alpha_taken=0 alpha_skipped=0 (global cmod=11907/10365/693/0 idx=10365/693 alpha=0/0)
[15:30:07] [info] phase timing block 0: drawcalls=6664 dc_total_ms=1198 flip_inner_total_ms=804 inter_flip_total_ms=6257 (per-flip avg x10: dc_ms=119 fi_ms=80 if_ms=625 derived audio+engine_ms=426; per-drawcall avg us_x10=1799) [direct-vesa: presents=100 total_ms=652 avg_ms_x10=65 failed=0] [ablation: NO_DC_TIMING=0 CACHE_WINSURF=0 DIRECT_VESA=1]
[15:30:07] [info] kbd/audio block 0: kbd_irq=0 kbd_drain=0 ring_chunks=16 pump_pass=4543 pic1_mask=0xb8 first_irq_ticks=0 install_ticks=0 vector_at_install=0x0084a080 pic1_mask_live=0xb8 kbd_8042_stat=0x34 bios_kbd_head=0x0026 bios_kbd_tail=0x0026 bios_kbd_buf0=0x3920
[15:30:07] [info] dirty-rect block @flip=1600: total_calls=0 dirty_rects_avg=1 dirty_pct_x10=1000 forced_full=0 first_n_force=0 threshold_exceeded=0 dirty_path_taken=0 full_flush_taken=0
[15:30:07] [info] prev-frame-diff block @flip=1600: diff_calls=0 diff_rects_avg=0 diff_dirty_pct_x10=0 bbox_pct_x10=0 bbox_thresh_exceeded=0
[15:30:08] [info] flip-probe: flip #1610 ok=true present=-1ms inter_flip_ms=51 drawcalls-since-flip=24 drawcalls-total=110714 fail-total=0 null-skips-total=0
[15:30:08] [info] flip-probe: flip #1620 ok=true present=0ms inter_flip_ms=115 drawcalls-since-flip=365 drawcalls-total=112381 fail-total=0 null-skips-total=0
[15:30:08] [info]  >> Entering stage 11: 'Mimiga Village'.
[15:30:08] [info] [skip-sheet-flush] cave=11
[15:30:09] [info] [load-stage] preloading entry music song=9 (cave=11)
[15:30:09] [info] opl2 backend: on_song_stop
[15:30:09] [info] MidiScheduler::load: parsed 'data/orgmid2/mura.mid' = 7123 events at 48 PPQ
[15:30:09] [info] opl2 backend: on_song_start
[15:30:09] [info] gameloop: entered (curmap=11, running=1)
[15:30:09] [info] gameloop: iter 1 ticks=125666 mapno=-1
[15:30:09] [info] gameloop: iter 2 ticks=125777 mapno=-1
[15:30:10] [info] gameloop: iter 3 ticks=125891 mapno=-1
[15:30:10] [info] tas: stall frame 167 ms -> contributing 1 tick (patch 0286)
[15:30:10] [info] tas: stall frame 164 ms -> contributing 1 tick (patch 0286)
[15:30:10] [info] flip-probe: flip #1630 ok=true present=7ms inter_flip_ms=103 drawcalls-since-flip=342 drawcalls-total=115402 fail-total=0 null-skips-total=0
[15:30:10] [info] tas: stall frame 162 ms -> contributing 1 tick (patch 0286)
[15:30:10] [info] backdrop cache: thrashing-detect engaged (streak=4, route=direct)
[15:30:11] [info] flip-probe: flip #1640 ok=true present=-1ms inter_flip_ms=63 drawcalls-since-flip=41 drawcalls-total=116317 fail-total=0 null-skips-total=0
[15:30:11] [info] tas: stall frame 280 ms -> contributing 1 tick (patch 0286)
[15:30:12] [info] flip-probe: flip #1650 ok=true present=-1ms inter_flip_ms=56 drawcalls-since-flip=44 drawcalls-total=116745 fail-total=0 null-skips-total=0
[15:30:12] [info] flip-probe: flip #1660 ok=true present=-1ms inter_flip_ms=59 drawcalls-since-flip=46 drawcalls-total=117193 fail-total=0 null-skips-total=0
[15:30:13] [info] flip-probe: flip #1670 ok=true present=-1ms inter_flip_ms=58 drawcalls-since-flip=43 drawcalls-total=117652 fail-total=0 null-skips-total=0
[15:30:13] [info] flip-probe: flip #1680 ok=true present=0ms inter_flip_ms=56 drawcalls-since-flip=43 drawcalls-total=118082 fail-total=0 null-skips-total=0
[15:30:14] [info] run_tick_fixed #4800: heartbeat (loop alive)
[15:30:14] [info] flip-probe: flip #1690 ok=true present=-1ms inter_flip_ms=113 drawcalls-since-flip=45 drawcalls-total=118538 fail-total=0 null-skips-total=0
[15:30:14] [info] backdrop cache: thrashing-detect engaged (streak=4, route=direct)
[15:30:15] [info] flip-probe: flip #1700 ok=true present=-1ms inter_flip_ms=61 drawcalls-since-flip=45 drawcalls-total=118988 fail-total=0 null-skips-total=0
[15:30:15] [info] alpha audit block 0: 7321 total drawcalls, 0 with alpha<255 (block pct_x10=0; global 0/105425 pct_x10=0); alpha-mod skipped: block=0 global=0
[15:30:15] [info] fastpath audit block 0: taken=7321 (idx8=7321) skipped=0 pct_x10=1000; global taken=105425 (idx8=105425) skipped=0 pct_x10=1000
[15:30:15] [info] primitive tally block 0: clear=202(hr=202) fill=0(hr=0) rect=0(hr=0) line=0(hr=0) tint=0 spotlight=0 (over 100 flips ending at flip 1700)
[15:30:15] [info] color/alpha audit block 0: cmod_white=1116 cmod_black=1116 (idx=1116) cmod_general=0 (idx=0) cmod_fb=0; alpha_taken=0 alpha_skipped=0 (global cmod=13023/11481/693/0 idx=11481/693 alpha=0/0)
[15:30:15] [info] phase timing block 0: drawcalls=9768 dc_total_ms=971 flip_inner_total_ms=792 inter_flip_total_ms=7585 (per-flip avg x10: dc_ms=97 fi_ms=79 if_ms=758 derived audio+engine_ms=582; per-drawcall avg us_x10=994) [direct-vesa: presents=100 total_ms=380 avg_ms_x10=38 failed=0] [ablation: NO_DC_TIMING=0 CACHE_WINSURF=0 DIRECT_VESA=1]
[15:30:15] [info] kbd/audio block 0: kbd_irq=0 kbd_drain=0 ring_chunks=16 pump_pass=4835 pic1_mask=0xb8 first_irq_ticks=0 install_ticks=0 vector_at_install=0x0084a080 pic1_mask_live=0xb8 kbd_8042_stat=0x34 bios_kbd_head=0x0026 bios_kbd_tail=0x0026 bios_kbd_buf0=0x3920
[15:30:15] [info] dirty-rect block @flip=1700: total_calls=0 dirty_rects_avg=1 dirty_pct_x10=1000 forced_full=0 first_n_force=0 threshold_exceeded=0 dirty_path_taken=0 full_flush_taken=0
[15:30:15] [info] prev-frame-diff block @flip=1700: diff_calls=0 diff_rects_avg=0 diff_dirty_pct_x10=0 bbox_pct_x10=0 bbox_thresh_exceeded=0
[15:30:15] [info] flip-probe: flip #1710 ok=true present=0ms inter_flip_ms=55 drawcalls-since-flip=47 drawcalls-total=119448 fail-total=0 null-skips-total=0
[15:30:16] [info] flip-probe: flip #1720 ok=true present=0ms inter_flip_ms=55 drawcalls-since-flip=44 drawcalls-total=119901 fail-total=0 null-skips-total=0
[15:30:16] [info] flip-probe: flip #1730 ok=true present=55ms inter_flip_ms=50 drawcalls-since-flip=44 drawcalls-total=120341 fail-total=0 null-skips-total=0
[15:30:17] [info] backdrop cache: thrashing-detect engaged (streak=4, route=direct)
[15:30:17] [info] flip-probe: flip #1740 ok=true present=0ms inter_flip_ms=54 drawcalls-since-flip=46 drawcalls-total=120795 fail-total=0 null-skips-total=0
[15:30:18] [info] flip-probe: flip #1750 ok=true present=0ms inter_flip_ms=56 drawcalls-since-flip=20 drawcalls-total=121080 fail-total=0 null-skips-total=0
[15:30:18] [info] flip-probe: flip #1760 ok=true present=0ms inter_flip_ms=54 drawcalls-since-flip=19 drawcalls-total=121273 fail-total=0 null-skips-total=0
[15:30:19] [info] flip-probe: flip #1770 ok=true present=-1ms inter_flip_ms=61 drawcalls-since-flip=19 drawcalls-total=121463 fail-total=0 null-skips-total=0
[15:30:19] [info] flip-probe: flip #1780 ok=true present=54ms inter_flip_ms=61 drawcalls-since-flip=19 drawcalls-total=121653 fail-total=0 null-skips-total=0
[15:30:20] [info] flip-probe: flip #1790 ok=true present=55ms inter_flip_ms=61 drawcalls-since-flip=19 drawcalls-total=121843 fail-total=0 null-skips-total=0
[15:30:20] [info] backdrop cache: thrashing-detect engaged (streak=64, route=direct)
[15:30:20] [info] flip-probe: flip #1800 ok=true present=-6ms inter_flip_ms=55 drawcalls-since-flip=60 drawcalls-total=122279 fail-total=0 null-skips-total=0
[15:30:20] [info] alpha audit block 0: 2632 total drawcalls, 0 with alpha<255 (block pct_x10=0; global 0/108057 pct_x10=0); alpha-mod skipped: block=0 global=0
[15:30:20] [info] fastpath audit block 0: taken=2632 (idx8=2632) skipped=0 pct_x10=1000; global taken=108057 (idx8=108057) skipped=0 pct_x10=1000
[15:30:20] [info] primitive tally block 0: clear=200(hr=200) fill=0(hr=0) rect=0(hr=0) line=0(hr=0) tint=6 spotlight=0 (over 100 flips ending at flip 1800)
[15:30:20] [info] color/alpha audit block 0: cmod_white=691 cmod_black=559 (idx=559) cmod_general=0 (idx=0) cmod_fb=0; alpha_taken=0 alpha_skipped=0 (global cmod=13714/12040/693/0 idx=12040/693 alpha=0/0)
[15:30:20] [info] phase timing block 0: drawcalls=4092 dc_total_ms=740 flip_inner_total_ms=747 inter_flip_total_ms=5767 (per-flip avg x10: dc_ms=74 fi_ms=74 if_ms=576 derived audio+engine_ms=428; per-drawcall avg us_x10=1808) [direct-vesa: presents=100 total_ms=660 avg_ms_x10=66 failed=0] [ablation: NO_DC_TIMING=0 CACHE_WINSURF=0 DIRECT_VESA=1]
[15:30:20] [info] kbd/audio block 0: kbd_irq=0 kbd_drain=0 ring_chunks=16 pump_pass=5112 pic1_mask=0xb8 first_irq_ticks=0 install_ticks=0 vector_at_install=0x0084a080 pic1_mask_live=0xb8 kbd_8042_stat=0x34 bios_kbd_head=0x0026 bios_kbd_tail=0x0026 bios_kbd_buf0=0x3920
[15:30:20] [info] dirty-rect block @flip=1800: total_calls=0 dirty_rects_avg=1 dirty_pct_x10=1000 forced_full=0 first_n_force=0 threshold_exceeded=0 dirty_path_taken=0 full_flush_taken=0
[15:30:20] [info] prev-frame-diff block @flip=1800: diff_calls=0 diff_rects_avg=0 diff_dirty_pct_x10=0 bbox_pct_x10=0 bbox_thresh_exceeded=0
[15:30:21] [info] flip-probe: flip #1810 ok=true present=-1ms inter_flip_ms=55 drawcalls-since-flip=60 drawcalls-total=122879 fail-total=0 null-skips-total=0
[15:30:22] [info] flip-probe: flip #1820 ok=true present=-1ms inter_flip_ms=55 drawcalls-since-flip=60 drawcalls-total=123479 fail-total=0 null-skips-total=0
[15:30:22] [info] tas: end-of-replay auto-exit at tick 5140 (recording exhausted; set DOSKUTSU_TAS_REPLAY_HOLD=1 to disable + observe steady-state past recording end)
[15:30:22] [info] Script engine shutdown.
[15:30:22] [info] opl2 backend: on_song_stop
[15:30:22] [info] opl2 backend shutdown (all 9 voices KEY-OFF; 0xBD cleared; chip state safe for next process)
[15:30:22] [info] Organya init...
[15:30:24] [info] Organya init done
[15:30:24] [info] Sound system shutdown
[15:30:24] [info] Renderer::Close()
[15:30:24] [info] tas: replay file closed
[15:30:24] [info] [fps-true] flips=1828 render_s=134 fps_mean=13.6 (clock-independent: flips / seconds since the FIRST flip; use THIS for the fps matrix, not inter_flip medians, which are invalid in any cell running the PIT/IRQ-0 music pump)
[RUNMANIFEST-BEGIN]
schema_version=1
environment=realhw
binary_sha12=f8d446b4b0e0
wave_tag=541
scene=
env_block_sha=58e11c8b40bf
started_utc=2026-11-19T08:33:13Z
duration_s=151
exit_code=0
fps_p50=NA
fps_p95=NA
audio_vital_status=NA
regime=NA
banner_required_hit=0
banner_required_total=0
banner_forbidden_hit=0
banner_optional_hit=0
critical_count=0
warn_count=0
[RUNMANIFEST-END]
[15:30:24] [info] [runmanifest-emit] schema=v1 env=realhw sha12=f8d446b4b0e0 dur=151s tag='541' scene='' env_sha=58e11c8b40bf (signals=0x4)
