Logger::init: wave-53 log level=INFO path='LOGS/551.LOG'
[15:06:30] [info] config: loaded DOSKUTSU.CFG (1 keys)
[15:06:30] [info] tas: PRNG seed forced to 12345 via DOSKUTSU_TAS_PRNG_SEED
[15:06:30] [info] tas: auto-exit armed at tick 30000 via DOSKUTSU_TAS_AUTO_EXIT_TICK
[15:06:30] [info] tas: replay opened path='QA.TAS' header_seed=12345
[15:06:31] [info] data cache: DISABLED (default)
[15:06:31] [info] Joystick: skipped (default; set DOSKUTSU_USE_JOYSTICK=1 to enable -- skips SDL3-DOS gameport BIOS INT 15h polling, ~82 ms / flip on real HW)
[15:06:31] [info] Loading settings...
[15:06:31] [info] [input-bind] applied=0 invert_y=0 dos_axes=1
[15:06:31] [info] Renderer::initVideo: 8bpp mode requested via SDL_HINT_DOS_MAX_BPP=8 (wave 16); SDL3-DOS will pick the highest-bpp <= 8 mode at requested resolution
[15:06:31] [info] Renderer::initVideo: DOS resolution-label lock ENABLED (default)
[15:06:32] [info] Renderer::initVideo: using: software renderer
[15:06:35] [info] Renderer::initVideo: dirty-rect tracking ENABLED (wave 15, default ON; set SDL_HINT_DOSKUTSU_DIRTY_RECTS=0 to disable)
[15:06:35] [info] Renderer::initVideo: ablation flags: NO_DC_TIMING=0 CACHE_WINSURF=0 NO_INPUT_POLL=0 DIRECT_VESA=1
[15:06:35] [info] Renderer::initVideo: direct-VESA hot path ENABLED (default since wave 20 patch 0088; bypasses SDL_RenderPresent / SDL_UpdateWindowSurface and writes via SDL/0034's PresentFull helper; R2 mitigation handled by SDL/0034 generation counter -- no per-N-flip heartbeat needed; set SDL_HINT_DOSKUTSU_DIRECT_VESA=0 to revert)
[15:06:35] [info] Renderer::initVideo: flip-phase instrumentation DISABLED (default; set SDL_HINT_DOSKUTSU_FLIP_INSTR=1 to opt in for wave-20 Lever A diagnostic)
[15:06:35] [info] Renderer::initVideo: asm opaque-span blit lever DISABLED (default; set SDL_HINT_DOSKUTSU_ASM_BLIT=1 to opt in -- wave-51 _blit_indexed colorkey-blit lever)
[15:06:35] [info] Renderer::initVideo: blit-decomp instrumentation DISABLED (default; set SDL_HINT_DOSKUTSU_BLIT_DECOMP=1 to opt in -- wave-51 _blit_indexed sub-decomp sizing)
[15:06:35] [info] Renderer::initVideo: mds-scroll-decomp instrumentation DISABLED (default; set SDL_HINT_DOSKUTSU_MDS_DECOMP=1 to opt in -- wave-52 mode_draw_scene scrolling-block decomp)
[15:06:35] [info] Renderer::initVideo: DOSVESA pump yield: skipped (default) (per-flip explicit SDL_Delay(0) yield is always on; set SDL_HINT_DOSKUTSU_FORCE_PUMP_YIELD=1 to restore old per-pump yield)
[15:06:35] [info] Renderer::initVideo: indexed-mode (8bpp) ENABLED -- master palette + 107 per-asset remap LUTs loaded (wave 16, default ON; set SDL_HINT_DOSKUTSU_PIXEL_FORMAT_8=0 to disable)
[15:06:35] [info] Renderer::initVideo: master palette attached to window surface (format=SDL_PIXELFORMAT_INDEX8, ncolors=256)
[15:06:35] [info] Renderer::initVideo: indexed-mode smoke: idx0=(0,0,0) OK idx255=(255,0,255) OK
[15:06:35] [info] Renderer::initVideo: indexed-mode smoke: paletteRemapFor('MyChar.pbm') = present
[15:06:36] [info] Surface::loadImage palmap-diag #1: 'data/Loading.pbm' fmt=SDL_PIXELFORMAT_ABGR8888 remap=HIT -> path=truecolor
[15:06:36] [info] Renderer: prev-frame diff DISABLED (default since wave 17.6; set SDL_HINT_DOSKUTSU_PREVFRAME_DIFF=1 to opt in)
[15:06:36] [info] flip-probe: renderer=software window_ptr=8809072 colorspace=301991328 window_size=320x240 framebuffer_pixels=320x240 logical_present=320x240 mode=2
[15:06:36] [info] flip-probe: first flip ok=true present=53ms inter_flip_ms=0 drawcalls-since-flip=1 drawcalls-total=1
[15:06:36] [info] Sound system init
[15:06:36] [info] Sound system: 4-state audio enable (#31) -- music=on sfx=on (MUSIC_OFF/AUDIO_BACKEND=none -> music-off; SFX_OFF/SFX_DEVICE=none -> sfx-off; both gates are dispatch-level, the device still opens; AUDIO_OFF=1 is the device-level both-off).
[15:06:36] [info] Sound system: Tier-2 audio config (default since wave 21 patch 0093; 11025 Hz, 1 channel, buffer pinned to 256 frames). Measured savings on g2k Pentium OverDrive 83 MHz (W21A): heavy-music scenes ~+11 fps vs Tier-1 baseline (measured -10 to -15 ms/flip post-0094 audio fix; W21A's pre-fix -26.6 ms figure was inflated by stereo-vs-mono playback bug, see patch 0094). Audio quality is reduced vs Tier-1 (mono, 11025 Hz, simple-average L+R downmix) but recognizable; user accepted the trade per direction 2026-05-05. Set SDL_HINT_DOSKUTSU_AUDIO_TIER2=0 to revert to Tier-1 22050 stereo (full Cave Story 2004 audio quality; trades fps for fidelity).
[15:06:36] [info] Sound system: SDL_HINT_AUDIO_DEVICE_SAMPLE_FRAMES=256
[15:06:36] [info] Pixtone IRQ rate-divider: handed master_rate=11025 int16/s (SAMPLE_RATE=11025 x AUDIO_CHANNELS=1) to SDL for auto-RATEDIV (SDL/0074 computes shift_div from the resolved device freq).
[15:06:36] [info] Sound system: device frame-rate: requesting 11025 Hz match to master (SDL_DOSAudioSetDeviceFrameRate; SB16 opens at the engine frame rate instead of SDL's 44100 floor -- 4x less PCM/s + no resampler on the Organya/Pixtone path; killswitch SDL_HINT_DOSKUTSU_DOS_AUDIO_DEVICE_RATE_DEFAULT=0).
[15:06:36] [info] audio backend: opl3 (default since wave 46 patch 0139; +8.77 fps vs organya at Mimiga BK_PARALLAX per WAVE-44-OPL3-LOG-ANALYSIS; operator perceptual preference). Probes OPL3 via Adlib timer-1 sequence at SoundManager::init; on probe failure falls back gracefully to organya. Override via SDL_HINT_DOSKUTSU_AUDIO_BACKEND=organya for Cave Story 2004 original synth. Pixtone SFX continues on SB16 DAC unchanged.
[15:06:36] [info] wave-13.6.1: ring_chunks=16 FORCE_PUMP_YIELD=off (set SDL_HINT_DOSKUTSU_AUDIO_RING_CHUNKS=4|8|16 to override; default 16 matches wave 13.6 behaviour)
[15:06:36] [info] MidiScheduler: MIDI source = 'orgmid2' (native-GM org2mid set; resolves to data/orgmid2/<name>.mid).
[15:06:36] [info] opl3 backend probing for OPL3 chip (Adlib timer-1 sequence)...
[15:06:36] [info] opl3 backend: opl3bank.dat loaded 128 programs from 'data/opl3bank.dat' (v1; 1536 bytes payload). Per-program GM patches now use the runtime bank; programs >= 128 fall back to 8-patch family bucket. Drum channel (MIDI ch 9) unchanged (uses PATCH_DRUM regardless of bank loading).
[15:06:36] [info] opl3 backend ready (OPL3 detected via Adlib timer-1; InitChip applied 18 x 2-op layout; voice allocator armed). Patch bank state: runtime opl3bank.dat ACTIVE (loaded_count=128; programs >= loaded_count fall back to 8-patch placeholder covering GM family categories piano/mallet/organ/guitar/strings/brass/reed/pad). Phase 10.5 path: ship a fuller community bank as data/opl3bank.dat (DOPL3v1 format; 12-byte SBI records per GM program; loader at MidiBackendOpl3 ctor).
[15:06:36] [info] opl3 backend: PATCH_ORGAN + PATCH_MALLET RR=8 (medium release; wub-wub fix per patch 0171; was RR=0 in slot 0103 placeholder -- KEY-OFF couldn't silence; H6 reg 0xBD wave-47 falsified; H1+H5/RR=0 byte-level bug root per WAVE-46/47 analysis)
[15:06:36] [info] Sound system: MidiScheduler armed with MidiBackendOpl3 (patch 0103 Phase 10 Stage 4). Music dispatch routes via SMF parser + 18 x 2-op OPL3 voice allocator + small inline patch bank (community-sourced from Apogee Sound System / AdLib SBI public-domain refs). Pixtone SFX still active on SB16 DAC.
[15:06:36] [info] Sound system: idle-pause skipped (default OFF since patch 0119; backend=opl3 would qualify but operator did not opt-in via SDL_HINT_DOSKUTSU_IDLE_PAUSE=1). DSP stays in continuous-stream mode. Re-enable for an A/B iter once SDL/0037 ForcePause non-engagement is rooted out (task #17).
[15:06:36] [warn] Music dir Ogg/ doesn't exist
[15:06:37] [warn] Music dir Ogg11/ doesn't exist
[15:06:37] [warn] Music dir Ogg17/ doesn't exist
[15:06:37] [warn] Music dir Ogg_ridic/ doesn't exist
[15:06:37] [info] Loading Sound FX...
[15:06:37] [info] [pxt-cache] init(): HIT (loaded cache; render skipped)
[15:06:49] [info] Organya init...
[15:06:50] [info] Organya init done
[15:07:07] [info] gus SFX gain [nx0259]: 70% (SDL_HINT_DOSKUTSU_GUS_SFX_GAIN; scales the GF1 SFX voice volume to balance against velocity/CC-scaled GUS music; default 70, clamp 0..150).
[15:07:07] [info] pixtone IRQ-mix: ENABLED (default; SDL backend engaged; set SDL_HINT_DOSKUTSU_PIXTONE_IRQ_MIX=0 to disable)
[15:07:07] [info] Pixtone::setVolume: L3 active -- mid-play SFX volume updates are no-op in v1 (v2 candidate: SDL_DOSPixtoneSetGain API). gain_x256=256 stored for subsequent SDL_DOSPixtoneStart calls; currently-playing L3 channels unaffected.
[15:07:07] [info] midi ISR tick: engine registered tick_isr callback (L2b active; default ON; set SDL_HINT_DOSKUTSU_MIDI_ISR_TICK=0 to disable)
[15:07:07] [info] menu slide-in fixed-timestep: ENABLED (default; slide advances at 50 Hz logic rate)
[15:07:07] [info] Reading npc.tbl...
[15:07:07] [info] Loading tilekey.dat.
[15:07:07] [info] Script engine init.
[15:07:07] [info] Entering main loop...
[15:07:07] [info] audio mid-gap pump: DISABLED (default)
[15:07:07] [info] TAS fixed-timestep guard: ENABLED (default) (patch 0280; load_stage wall-clock kept out of the FT accumulator so TAS replay advances at a true 50 Hz; set SDL_HINT_DOSKUTSU_TAS_FT_GUARD=0 to disable)
[15:07:07] [info] load_stage ring+DMA silence flush: ENABLED (default) (set SDL_HINT_DOSKUTSU_LOADSTAGE_SILENCE=0 to disable)
[15:07:07] [info] load-band audio-underrun probe: DISABLED (default) (opt-in SDL_HINT_DOSKUTSU_LOADBAND_STAT=1)
[15:07:07] [info]  >> Entering stage 72: 'u'.
[15:07:07] [info] skip sheet flush: ENABLED (default) (SFXPAUSE-012 SHIPPED FIX; sprite sheets stay resident across caves so no per-cave re-decode -> no fire-frame pause; map_flush_graphics tilemap cache still flushes; set SDL_HINT_DOSKUTSU_SKIP_SHEET_FLUSH=0 to restore the old per-cave flush)
[15:07:07] [info] [skip-sheet-flush] cave=1
[15:07:07] [info] eager action sheets: ENABLED (default) (first-fire hitch fix: pre-loads the weapon bullet + hit/muzzle/trail caret sheets at stage load so the first fire/impact does not lazy-decode mid-gameplay; set SDL_HINT_DOSKUTSU_EAGER_ACTION_SHEETS=0 to restore lazy load)
[15:07:08] [info] Surface::loadImage palmap-diag #2: 'data/Bullet.pbm' fmt=SDL_PIXELFORMAT_ABGR8888 remap=HIT -> path=truecolor
[15:07:08] [info] Surface::loadImage palmap-diag #3: 'data/Arms.pbm' fmt=SDL_PIXELFORMAT_ABGR8888 remap=HIT -> path=truecolor
[15:07:09] [info] Surface::loadImage palmap-diag #4: 'data/Caret.pbm' fmt=SDL_PIXELFORMAT_ABGR8888 remap=HIT -> path=truecolor
[15:07:09] [info] Surface::loadImage palmap-diag #5: 'data/Npc/NpcSym.pbm' fmt=SDL_PIXELFORMAT_ABGR8888 remap=HIT -> path=truecolor
[15:07:09] [info] [eager-action-sheets] cave=1 sheets=4 wall_ms=1705
[15:07:09] [info] Surface::loadImage palmap-diag #6: 'data/Stage/PrtWhite.pbm' fmt=SDL_PIXELFORMAT_ABGR8888 remap=HIT -> path=truecolor
[15:07:10] [info] load_stage: entry-music preload ENABLED (default) (set SDL_HINT_DOSKUTSU_PRELOAD_STAGE_MUSIC=0 to disable)
[15:07:10] [info] Surface::loadImage palmap-diag #7: 'data/bk0.pbm' fmt=SDL_PIXELFORMAT_ABGR8888 remap=HIT -> path=truecolor
[15:07:10] [info] gameloop: entered (curmap=72, running=1)
[15:07:10] [info] gameloop: iter 1 ticks=40658 mapno=-1
[15:07:10] [info] fixed-timestep: ENABLED (default; logic 50 Hz, decoupled from render)
[15:07:10] [info] map: BG skip-when-unchanged DISABLED (default) (set SDL_HINT_DOSKUTSU_BG_SKIP_WHEN_UNCHANGED=1 to enable; default OFF since wave-61 -- abandoned, it shipped a backdrop-black flicker and its +0.87 fps was below the noise floor)
[15:07:10] [info] map: skip-redundant-clear lever ENABLED (default since wave-53 promotion)
[15:07:10] [info] perf-mode: level=0 (faithful (default))
[15:07:11] [info] Surface::loadImage palmap-diag #8: 'data/Npc/NpcKings.pbm' fmt=SDL_PIXELFORMAT_ABGR8888 remap=HIT -> path=truecolor
[15:07:11] [info] audio tick-boundary pump: DISABLED (default)
[15:07:11] [info] gameloop: iter 2 ticks=41159 mapno=-1
[15:07:11] [info] gameloop: iter 3 ticks=41227 mapno=-1
[15:07:11] [info] direct-vesa: snapshot @gen=2 use_dosmemput=0 banked_multibank=0 pitches_match=1 vram_w=320 vram_h=240 vram_pitch=320 bpp=1 fb_size=76800 vram_phys=0x78000000 vram_ptr=0x77c00000
[15:07:11] [info] flip-probe: flip #10 ok=true present=4ms inter_flip_ms=42 drawcalls-since-flip=6 drawcalls-total=43 fail-total=0 null-skips-total=0
[15:07:12] [info] flip-probe: flip #20 ok=true present=4ms inter_flip_ms=41 drawcalls-since-flip=4 drawcalls-total=92 fail-total=0 null-skips-total=0
[15:07:13] [info] flip-probe: flip #30 ok=true present=4ms inter_flip_ms=84 drawcalls-since-flip=326 drawcalls-total=2707 fail-total=0 null-skips-total=0
[15:07:13] [info] flip-probe: flip #40 ok=true present=3ms inter_flip_ms=78 drawcalls-since-flip=264 drawcalls-total=5837 fail-total=0 null-skips-total=0
[15:07:14] [info] flip-probe: flip #50 ok=true present=4ms inter_flip_ms=47 drawcalls-since-flip=67 drawcalls-total=7392 fail-total=0 null-skips-total=0
[15:07:15] [info] flip-probe: flip #60 ok=true present=4ms inter_flip_ms=39 drawcalls-since-flip=4 drawcalls-total=7502 fail-total=0 null-skips-total=0
[15:07:15] [info] flip-probe: flip #70 ok=true present=4ms inter_flip_ms=38 drawcalls-since-flip=6 drawcalls-total=7557 fail-total=0 null-skips-total=0
[15:07:15] [info] flip-probe: flip #80 ok=true present=4ms inter_flip_ms=20 drawcalls-since-flip=0 drawcalls-total=7586 fail-total=0 null-skips-total=0
[15:07:15] [info] flip-probe: flip #90 ok=true present=4ms inter_flip_ms=20 drawcalls-since-flip=0 drawcalls-total=7586 fail-total=0 null-skips-total=0
[15:07:15] [info] gameloop: iter 600 ticks=45691 mapno=-1
[15:07:16] [info] title: eager-title-IO phase tag ENABLED (default) (set SDL_HINT_DOSKUTSU_EAGER_TITLE_IO=0 to disable)
[15:07:16] [warn] MidiScheduler::_refresh_isr_buffer: track has 27749 events; ISR buffer is 16384 (truncated; events after 16384 will not dispatch under L2b ON -- the engine-thread tick() path still uses _events directly under L2b OFF)
[15:07:16] [info] MidiScheduler::load: parsed 'data/orgmid2/curly.mid' = 27749 events at 48 PPQ
[15:07:16] [info] opl3 backend: on_song_start
[15:07:17] [info] gameloop: entered (curmap=1005, running=1)
[15:07:17] [info] gameloop: iter 1 ticks=46977 mapno=-1
[15:07:17] [info] map: backdrop cache ENABLED (default) (set SDL_HINT_DOSKUTSU_BACKDROP_CACHE=0 to disable)
[15:07:18] [info] gameloop: iter 2 ticks=48005 mapno=-1
[15:07:18] [info] gameloop: iter 3 ticks=48053 mapno=-1
[15:07:18] [info] backdrop cache: thrashing-detect engaged (streak=4, route=direct)
[15:07:18] [info] flip-probe: flip #100 ok=true present=4ms inter_flip_ms=43 drawcalls-since-flip=75 drawcalls-total=7886 fail-total=0 null-skips-total=0
[15:07:18] [info] alpha audit block 0: 7798 total drawcalls, 0 with alpha<255 (block pct_x10=0; global 0/7798 pct_x10=0); alpha-mod skipped: block=0 global=0
[15:07:18] [info] fastpath audit block 0: taken=7798 (idx8=7798) skipped=0 pct_x10=1000; global taken=7798 (idx8=7798) skipped=0 pct_x10=1000
[15:07:18] [info] primitive tally block 0: clear=220(hr=220) fill=0(hr=0) rect=0(hr=0) line=0(hr=0) tint=0 spotlight=0 (over 100 flips ending at flip 100)
[15:07:18] [info] color/alpha audit block 0: cmod_white=104 cmod_black=0 (idx=0) cmod_general=84 (idx=84) cmod_fb=0; alpha_taken=0 alpha_skipped=0 (global cmod=104/0/84/0 idx=0/84 alpha=0/0)
[15:07:18] [info] phase timing block 0: drawcalls=8209 dc_total_ms=1853 flip_inner_total_ms=697 inter_flip_total_ms=42117 (per-flip avg x10: dc_ms=185 fi_ms=69 if_ms=4211 derived audio+engine_ms=3957; per-drawcall avg us_x10=2258) [direct-vesa: presents=97 total_ms=377 avg_ms_x10=38 failed=0] [ablation: NO_DC_TIMING=0 CACHE_WINSURF=0 DIRECT_VESA=1]
[15:07:18] [info] kbd/audio block 0: kbd_irq=0 kbd_drain=0 ring_chunks=16 pump_pass=99 pic1_mask=0xb8 first_irq_ticks=0 install_ticks=0 vector_at_install=0x00849fc0 pic1_mask_live=0x38 kbd_8042_stat=0x34 bios_kbd_head=0x0026 bios_kbd_tail=0x0026 bios_kbd_buf0=0x3920
[15:07:18] [info] audio/engine split block 0: audio_mixer_calls=0 audio_mixer_ms_x10=0 engine_tick_calls=99 engine_tick_ms_x10=655 audio_service_calls=0 audio_service_ms_x10=0 (per-flip avg; per-call us_x10: audio_mix=0 engine_tick=662520 audio_service=0; global ns: audio_mix=0 engine_tick=6558951709 audio_service=0)
[15:07:18] [info] pixtone multi-source probe: DISABLED (default)
[15:07:18] [info] dirty-rect block @flip=100: total_calls=0 dirty_rects_avg=0 dirty_pct_x10=990 forced_full=0 first_n_force=3 threshold_exceeded=2 dirty_path_taken=0 full_flush_taken=3
[15:07:18] [info] prev-frame-diff block @flip=100: diff_calls=0 diff_rects_avg=0 diff_dirty_pct_x10=0 bbox_pct_x10=0 bbox_thresh_exceeded=0
[15:07:18] [info] flip-probe: flip #110 ok=true present=4ms inter_flip_ms=36 drawcalls-since-flip=75 drawcalls-total=8636 fail-total=0 null-skips-total=0
[15:07:19] [info] flip-probe: flip #120 ok=true present=3ms inter_flip_ms=36 drawcalls-since-flip=75 drawcalls-total=9386 fail-total=0 null-skips-total=0
[15:07:19] [info] flip-probe: flip #130 ok=true present=4ms inter_flip_ms=20 drawcalls-since-flip=0 drawcalls-total=9986 fail-total=0 null-skips-total=0
[15:07:19] [info] Loading profile from profile.dat
[15:07:19] [error] profile_load: unable to open 'profile.dat'
[15:07:19] [info] Loading profile from profile2.dat
[15:07:19] [error] profile_load: unable to open 'profile2.dat'
[15:07:19] [info] Loading profile from profile3.dat
[15:07:19] [info] Loading profile from profile4.dat
[15:07:19] [error] profile_load: unable to open 'profile4.dat'
[15:07:19] [info] Loading profile from profile5.dat
[15:07:20] [info] flip-probe: flip #140 ok=true present=4ms inter_flip_ms=62 drawcalls-since-flip=214 drawcalls-total=10842 fail-total=0 null-skips-total=0
[15:07:20] [info] flip-probe: flip #150 ok=true present=4ms inter_flip_ms=62 drawcalls-since-flip=214 drawcalls-total=12982 fail-total=0 null-skips-total=0
[15:07:21] [info] Writing settings...
[15:07:21] [info] flip-probe: flip #160 ok=true present=4ms inter_flip_ms=17 drawcalls-since-flip=0 drawcalls-total=13846 fail-total=0 null-skips-total=0
[15:07:21] [info] flip-probe: flip #170 ok=true present=4ms inter_flip_ms=21 drawcalls-since-flip=0 drawcalls-total=13846 fail-total=0 null-skips-total=0
[15:07:21] [info] opl3 backend: on_song_stop
[15:07:21] [info] Loading profile from profile5.dat
[15:07:21] [info]  >> Entering stage 20: 'Save Point'.
[15:07:21] [info] [skip-sheet-flush] cave=2
[15:07:22] [info] MidiScheduler::load: parsed 'data/orgmid2/mura.mid' = 7123 events at 48 PPQ
[15:07:22] [info] opl3 backend: on_song_start
[15:07:22] [info] gameloop: entered (curmap=20, running=1)
[15:07:22] [info] gameloop: iter 1 ticks=52616 mapno=-1
[15:07:22] [info] TAS stall discount: ENABLED (default) (patch 0286; a replay frame over 150 ms is a load, not slow rendering, so it contributes 1 tick instead of its wall-clock; set SDL_HINT_DOSKUTSU_TAS_STALL_DISCOUNT=0 to disable)
[15:07:22] [info] TAS accumulator clamp: DISABLED (default) (patch 0281; caps the FT accumulator delta at one tick during TAS so a stalled frame cannot race the replay index; set SDL_HINT_DOSKUTSU_TAS_FT_GUARD=0 to disable)
[15:07:22] [info] gameloop: iter 2 ticks=52670 mapno=-1
[15:07:23] [info] gameloop: iter 3 ticks=52718 mapno=-1
[15:07:23] [info] flip-probe: flip #180 ok=true present=4ms inter_flip_ms=41 drawcalls-since-flip=17 drawcalls-total=13971 fail-total=0 null-skips-total=0
[15:07:23] [info] flip-probe: flip #190 ok=true present=4ms inter_flip_ms=42 drawcalls-since-flip=17 drawcalls-total=14141 fail-total=0 null-skips-total=0
[15:07:23] [info] flip-probe: flip #200 ok=true present=4ms inter_flip_ms=41 drawcalls-since-flip=17 drawcalls-total=14311 fail-total=0 null-skips-total=0
[15:07:23] [info] alpha audit block 0: 5788 total drawcalls, 0 with alpha<255 (block pct_x10=0; global 0/13586 pct_x10=0); alpha-mod skipped: block=0 global=0
[15:07:23] [info] fastpath audit block 0: taken=5788 (idx8=5788) skipped=0 pct_x10=1000; global taken=13586 (idx8=13586) skipped=0 pct_x10=1000
[15:07:23] [info] primitive tally block 0: clear=201(hr=201) fill=0(hr=0) rect=0(hr=0) line=0(hr=0) tint=0 spotlight=0 (over 100 flips ending at flip 200)
[15:07:23] [info] color/alpha audit block 0: cmod_white=1438 cmod_black=0 (idx=0) cmod_general=609 (idx=609) cmod_fb=0; alpha_taken=0 alpha_skipped=0 (global cmod=1542/0/693/0 idx=0/693 alpha=0/0)
[15:07:23] [info] phase timing block 0: drawcalls=8036 dc_total_ms=1675 flip_inner_total_ms=581 inter_flip_total_ms=5494 (per-flip avg x10: dc_ms=167 fi_ms=58 if_ms=549 derived audio+engine_ms=324; per-drawcall avg us_x10=2084) [direct-vesa: presents=100 total_ms=385 avg_ms_x10=38 failed=0] [ablation: NO_DC_TIMING=0 CACHE_WINSURF=0 DIRECT_VESA=1]
[15:07:24] [info] kbd/audio block 0: kbd_irq=0 kbd_drain=0 ring_chunks=16 pump_pass=223 pic1_mask=0xb8 first_irq_ticks=0 install_ticks=0 vector_at_install=0x00849fc0 pic1_mask_live=0x38 kbd_8042_stat=0x34 bios_kbd_head=0x0026 bios_kbd_tail=0x0026 bios_kbd_buf0=0x3920
[15:07:24] [info] audio/engine split block 0: audio_mixer_calls=0 audio_mixer_ms_x10=0 engine_tick_calls=76 engine_tick_ms_x10=234 audio_service_calls=0 audio_service_ms_x10=0 (per-flip avg; per-call us_x10: audio_mix=0 engine_tick=308914 audio_service=0; global ns: audio_mix=0 engine_tick=8906704771 audio_service=0)
[15:07:24] [info] dirty-rect block @flip=200: total_calls=0 dirty_rects_avg=1 dirty_pct_x10=1000 forced_full=0 first_n_force=0 threshold_exceeded=0 dirty_path_taken=0 full_flush_taken=0
[15:07:24] [info] prev-frame-diff block @flip=200: diff_calls=0 diff_rects_avg=0 diff_dirty_pct_x10=0 bbox_pct_x10=0 bbox_thresh_exceeded=0
[15:07:24] [info] flip-probe: flip #210 ok=true present=4ms inter_flip_ms=41 drawcalls-since-flip=17 drawcalls-total=14481 fail-total=0 null-skips-total=0
[15:07:24] [info] flip-probe: flip #220 ok=true present=4ms inter_flip_ms=67 drawcalls-since-flip=182 drawcalls-total=14918 fail-total=0 null-skips-total=0
[15:07:25] [info]  >> Entering stage 11: 'Mimiga Village'.
[15:07:25] [info] [skip-sheet-flush] cave=3
[15:07:25] [info] [load-stage] preloading entry music song=9 (cave=3)
[15:07:26] [info] gameloop: entered (curmap=11, running=1)
[15:07:26] [info] gameloop: iter 1 ticks=55900 mapno=-1
[15:07:26] [info] map: mds_clear LUT ENABLED (default) (set SDL_HINT_DOSKUTSU_MDS_CLEAR_LUT=0 to disable; default ON; patch 0144 wave-49 bandwidth lever)
[15:07:26] [info] mds-clear-lut: rebuilt N=240 entries (k_skip=0% k_keep=100%; curmap=11 map_size=60x60; rebuild #1 since boot)
[15:07:26] [info] backdrop thrash full-cover ENABLED (default) (set SDL_HINT_DOSKUTSU_THRASH_FULLCOVER=0 to disable)
[15:07:26] [info] [bd-diag] backdrop render-path diag disabled (default) (set SDL_HINT_DOSKUTSU_BACKDROP_DIAG=1 to enable)
[15:07:26] [info] gameloop: iter 2 ticks=56053 mapno=-1
[15:07:26] [info] tas: stall frame 153 ms -> contributing 1 tick (patch 0286)
[15:07:26] [info] gameloop: iter 3 ticks=56166 mapno=-1
[15:07:26] [info] flip-probe: flip #230 ok=true present=4ms inter_flip_ms=125 drawcalls-since-flip=384 drawcalls-total=18154 fail-total=0 null-skips-total=0
[15:07:26] [info] backdrop cache: thrashing-detect engaged (streak=4, route=direct)
[15:07:27] [info] flip-probe: flip #240 ok=true present=4ms inter_flip_ms=62 drawcalls-since-flip=43 drawcalls-total=19208 fail-total=0 null-skips-total=0
[15:07:28] [info] flip-probe: flip #250 ok=true present=4ms inter_flip_ms=62 drawcalls-since-flip=46 drawcalls-total=19664 fail-total=0 null-skips-total=0
[15:07:28] [info] flip-probe: flip #260 ok=true present=4ms inter_flip_ms=60 drawcalls-since-flip=43 drawcalls-total=20096 fail-total=0 null-skips-total=0
[15:07:29] [info] flip-probe: flip #270 ok=true present=5ms inter_flip_ms=59 drawcalls-since-flip=43 drawcalls-total=20526 fail-total=0 null-skips-total=0
[15:07:29] [info] flip-probe: flip #280 ok=true present=4ms inter_flip_ms=60 drawcalls-since-flip=43 drawcalls-total=20956 fail-total=0 null-skips-total=0
[15:07:30] [info] flip-probe: flip #290 ok=true present=5ms inter_flip_ms=60 drawcalls-since-flip=43 drawcalls-total=21386 fail-total=0 null-skips-total=0
[15:07:30] [info] backdrop cache: thrashing-detect engaged (streak=64, route=direct)
[15:07:31] [info] flip-probe: flip #300 ok=true present=4ms inter_flip_ms=61 drawcalls-since-flip=43 drawcalls-total=21816 fail-total=0 null-skips-total=0
[15:07:31] [info] alpha audit block 0: 6469 total drawcalls, 0 with alpha<255 (block pct_x10=0; global 0/20055 pct_x10=0); alpha-mod skipped: block=0 global=0
[15:07:31] [info] fastpath audit block 0: taken=6469 (idx8=6469) skipped=0 pct_x10=1000; global taken=20055 (idx8=20055) skipped=0 pct_x10=1000
[15:07:31] [info] primitive tally block 0: clear=201(hr=201) fill=0(hr=0) rect=0(hr=0) line=0(hr=0) tint=0 spotlight=0 (over 100 flips ending at flip 300)
[15:07:31] [info] color/alpha audit block 0: cmod_white=962 cmod_black=962 (idx=962) cmod_general=0 (idx=0) cmod_fb=0; alpha_taken=0 alpha_skipped=0 (global cmod=2504/962/693/0 idx=962/693 alpha=0/0)
[15:07:31] [info] phase timing block 0: drawcalls=8600 dc_total_ms=1470 flip_inner_total_ms=591 inter_flip_total_ms=7163 (per-flip avg x10: dc_ms=147 fi_ms=59 if_ms=716 derived audio+engine_ms=510; per-drawcall avg us_x10=1710) [direct-vesa: presents=100 total_ms=384 avg_ms_x10=38 failed=0] [ablation: NO_DC_TIMING=0 CACHE_WINSURF=0 DIRECT_VESA=1]
[15:07:31] [info] kbd/audio block 0: kbd_irq=0 kbd_drain=0 ring_chunks=16 pump_pass=532 pic1_mask=0xb8 first_irq_ticks=0 install_ticks=0 vector_at_install=0x00849fc0 pic1_mask_live=0x38 kbd_8042_stat=0x34 bios_kbd_head=0x0026 bios_kbd_tail=0x0026 bios_kbd_buf0=0x3920
[15:07:31] [info] [tile-speedup-stat n=100 drawtile_us=136.63 raw_blit_us=95.50 ratio=1.43]
[15:07:31] [info] dirty-rect block @flip=300: total_calls=100 dirty_rects_avg=1 dirty_pct_x10=1000 forced_full=0 first_n_force=0 threshold_exceeded=0 dirty_path_taken=0 full_flush_taken=0
[15:07:31] [info] prev-frame-diff block @flip=300: diff_calls=0 diff_rects_avg=0 diff_dirty_pct_x10=0 bbox_pct_x10=0 bbox_thresh_exceeded=0
[15:07:31] [info] tas: stall frame 384 ms -> contributing 1 tick (patch 0286)
[15:07:32] [info] flip-probe: flip #310 ok=true present=5ms inter_flip_ms=62 drawcalls-since-flip=46 drawcalls-total=22358 fail-total=0 null-skips-total=0
[15:07:32] [info] flip-probe: flip #320 ok=true present=4ms inter_flip_ms=57 drawcalls-since-flip=44 drawcalls-total=22794 fail-total=0 null-skips-total=0
[15:07:32] [info] run_tick_fixed #600: heartbeat (loop alive)
[15:07:33] [info] flip-probe: flip #330 ok=true present=4ms inter_flip_ms=60 drawcalls-since-flip=42 drawcalls-total=23229 fail-total=0 null-skips-total=0
[15:07:33] [info] flip-probe: flip #340 ok=true present=4ms inter_flip_ms=62 drawcalls-since-flip=43 drawcalls-total=23646 fail-total=0 null-skips-total=0
[15:07:34] [info] flip-probe: flip #350 ok=true present=4ms inter_flip_ms=56 drawcalls-since-flip=15 drawcalls-total=23974 fail-total=0 null-skips-total=0
[15:07:34] [info] backdrop cache: thrashing-detect engaged (streak=124, route=direct)
[15:07:35] [info] flip-probe: flip #360 ok=true present=3ms inter_flip_ms=54 drawcalls-since-flip=15 drawcalls-total=24124 fail-total=0 null-skips-total=0
[15:07:35] [info] flip-probe: flip #370 ok=true present=4ms inter_flip_ms=101 drawcalls-since-flip=319 drawcalls-total=25982 fail-total=0 null-skips-total=0
[15:07:35] [info]  >> Entering stage 17: 'Yamashita Farm'.
[15:07:35] [info] [skip-sheet-flush] cave=4
[15:07:36] [info] [load-stage] preloading entry music song=13 (cave=4)
[15:07:36] [info] opl3 backend: on_song_stop
[15:07:36] [info] MidiScheduler::load: parsed 'data/orgmid2/plant.mid' = 6246 events at 48 PPQ
[15:07:36] [info] opl3 backend: on_song_start
[15:07:36] [info] gameloop: entered (curmap=17, running=1)
[15:07:36] [info] gameloop: iter 1 ticks=66558 mapno=-1
[15:07:36] [info] mds-clear-lut: rebuilt N=240 entries (k_skip=33% k_keep=67%; curmap=17 map_size=40x16; rebuild #2 since boot)
[15:07:37] [info] gameloop: iter 2 ticks=66858 mapno=-1
[15:07:37] [info] tas: stall frame 300 ms -> contributing 1 tick (patch 0286)
[15:07:37] [info] gameloop: iter 3 ticks=66974 mapno=-1
[15:07:37] [info] flip-probe: flip #380 ok=true present=4ms inter_flip_ms=81 drawcalls-since-flip=133 drawcalls-total=28772 fail-total=0 null-skips-total=0
[15:07:38] [info] flip-probe: flip #390 ok=true present=3ms inter_flip_ms=84 drawcalls-since-flip=142 drawcalls-total=30121 fail-total=0 null-skips-total=0
[15:07:39] [info] backdrop cache: thrashing-detect engaged (streak=4, route=direct)
[15:07:39] [info] flip-probe: flip #400 ok=true present=4ms inter_flip_ms=95 drawcalls-since-flip=141 drawcalls-total=31504 fail-total=0 null-skips-total=0
[15:07:39] [info] alpha audit block 0: 8613 total drawcalls, 0 with alpha<255 (block pct_x10=0; global 0/28668 pct_x10=0); alpha-mod skipped: block=0 global=0
[15:07:39] [info] fastpath audit block 0: taken=8613 (idx8=8613) skipped=0 pct_x10=1000; global taken=28668 (idx8=28668) skipped=0 pct_x10=1000
[15:07:39] [info] primitive tally block 0: clear=201(hr=201) fill=0(hr=0) rect=0(hr=0) line=0(hr=0) tint=0 spotlight=0 (over 100 flips ending at flip 400)
[15:07:39] [info] color/alpha audit block 0: cmod_white=975 cmod_black=975 (idx=975) cmod_general=0 (idx=0) cmod_fb=0; alpha_taken=0 alpha_skipped=0 (global cmod=3479/1937/693/0 idx=1937/693 alpha=0/0)
[15:07:39] [info] phase timing block 0: drawcalls=10789 dc_total_ms=1675 flip_inner_total_ms=600 inter_flip_total_ms=8671 (per-flip avg x10: dc_ms=167 fi_ms=60 if_ms=867 derived audio+engine_ms=640; per-drawcall avg us_x10=1553) [direct-vesa: presents=100 total_ms=382 avg_ms_x10=38 failed=0] [ablation: NO_DC_TIMING=0 CACHE_WINSURF=0 DIRECT_VESA=1]
[15:07:39] [info] kbd/audio block 0: kbd_irq=0 kbd_drain=0 ring_chunks=16 pump_pass=881 pic1_mask=0xb8 first_irq_ticks=0 install_ticks=0 vector_at_install=0x00849fc0 pic1_mask_live=0x38 kbd_8042_stat=0x34 bios_kbd_head=0x0026 bios_kbd_tail=0x0026 bios_kbd_buf0=0x3920
[15:07:39] [info] dirty-rect block @flip=400: total_calls=0 dirty_rects_avg=1 dirty_pct_x10=1000 forced_full=0 first_n_force=0 threshold_exceeded=0 dirty_path_taken=0 full_flush_taken=0
[15:07:39] [info] prev-frame-diff block @flip=400: diff_calls=0 diff_rects_avg=0 diff_dirty_pct_x10=0 bbox_pct_x10=0 bbox_thresh_exceeded=0
[15:07:39] [info] tas: stall frame 174 ms -> contributing 1 tick (patch 0286)
[15:07:40] [info] run_tick_fixed #900: heartbeat (loop alive)
[15:07:40] [info] flip-probe: flip #410 ok=true present=4ms inter_flip_ms=87 drawcalls-since-flip=142 drawcalls-total=32915 fail-total=0 null-skips-total=0
[15:07:41] [info] backdrop cache: thrashing-detect engaged (streak=4, route=direct)
[15:07:41] [info] flip-probe: flip #420 ok=true present=4ms inter_flip_ms=99 drawcalls-since-flip=140 drawcalls-total=34328 fail-total=0 null-skips-total=0
[15:07:42] [info] flip-probe: flip #430 ok=true present=3ms inter_flip_ms=92 drawcalls-since-flip=130 drawcalls-total=35713 fail-total=0 null-skips-total=0
[15:07:43] [info] flip-probe: flip #440 ok=true present=4ms inter_flip_ms=80 drawcalls-since-flip=128 drawcalls-total=36967 fail-total=0 null-skips-total=0
[15:07:44] [info] flip-probe: flip #450 ok=true present=4ms inter_flip_ms=83 drawcalls-since-flip=129 drawcalls-total=38243 fail-total=0 null-skips-total=0
[15:07:45] [info] backdrop cache: thrashing-detect engaged (streak=4, route=direct)
[15:07:45] [info] flip-probe: flip #460 ok=true present=4ms inter_flip_ms=88 drawcalls-since-flip=134 drawcalls-total=39511 fail-total=0 null-skips-total=0
[15:07:46] [info] flip-probe: flip #470 ok=true present=4ms inter_flip_ms=97 drawcalls-since-flip=143 drawcalls-total=40946 fail-total=0 null-skips-total=0
[15:07:47] [info] flip-probe: flip #480 ok=true present=5ms inter_flip_ms=93 drawcalls-since-flip=137 drawcalls-total=42313 fail-total=0 null-skips-total=0
[15:07:48] [info] flip-probe: flip #490 ok=true present=4ms inter_flip_ms=94 drawcalls-since-flip=137 drawcalls-total=43715 fail-total=0 null-skips-total=0
[15:07:49] [info] flip-probe: flip #500 ok=true present=4ms inter_flip_ms=88 drawcalls-since-flip=117 drawcalls-total=44858 fail-total=0 null-skips-total=0
[15:07:49] [info] alpha audit block 0: 12071 total drawcalls, 0 with alpha<255 (block pct_x10=0; global 0/40739 pct_x10=0); alpha-mod skipped: block=0 global=0
[15:07:49] [info] fastpath audit block 0: taken=12071 (idx8=12071) skipped=0 pct_x10=1000; global taken=40739 (idx8=40739) skipped=0 pct_x10=1000
[15:07:49] [info] primitive tally block 0: clear=200(hr=200) fill=0(hr=0) rect=0(hr=0) line=0(hr=0) tint=0 spotlight=0 (over 100 flips ending at flip 500)
[15:07:49] [info] color/alpha audit block 0: cmod_white=1183 cmod_black=1183 (idx=1183) cmod_general=0 (idx=0) cmod_fb=0; alpha_taken=0 alpha_skipped=0 (global cmod=4662/3120/693/0 idx=3120/693 alpha=0/0)
[15:07:49] [info] phase timing block 0: drawcalls=14645 dc_total_ms=1539 flip_inner_total_ms=594 inter_flip_total_ms=9270 (per-flip avg x10: dc_ms=153 fi_ms=59 if_ms=927 derived audio+engine_ms=715; per-drawcall avg us_x10=1051) [direct-vesa: presents=100 total_ms=382 avg_ms_x10=38 failed=0] [ablation: NO_DC_TIMING=0 CACHE_WINSURF=0 DIRECT_VESA=1]
[15:07:49] [info] kbd/audio block 0: kbd_irq=0 kbd_drain=0 ring_chunks=16 pump_pass=1337 pic1_mask=0xb8 first_irq_ticks=0 install_ticks=0 vector_at_install=0x00849fc0 pic1_mask_live=0x38 kbd_8042_stat=0x34 bios_kbd_head=0x0026 bios_kbd_tail=0x0026 bios_kbd_buf0=0x3920
[15:07:49] [info] dirty-rect block @flip=500: total_calls=0 dirty_rects_avg=1 dirty_pct_x10=1000 forced_full=0 first_n_force=0 threshold_exceeded=0 dirty_path_taken=0 full_flush_taken=0
[15:07:49] [info] prev-frame-diff block @flip=500: diff_calls=0 diff_rects_avg=0 diff_dirty_pct_x10=0 bbox_pct_x10=0 bbox_thresh_exceeded=0
[15:07:49] [info] tas: stall frame 172 ms -> contributing 1 tick (patch 0286)
[15:07:49] [info] flip-probe: flip #510 ok=true present=4ms inter_flip_ms=97 drawcalls-since-flip=116 drawcalls-total=45947 fail-total=0 null-skips-total=0
[15:07:50] [info] flip-probe: flip #520 ok=true present=4ms inter_flip_ms=81 drawcalls-since-flip=118 drawcalls-total=47121 fail-total=0 null-skips-total=0
[15:07:51] [info] flip-probe: flip #530 ok=true present=4ms inter_flip_ms=81 drawcalls-since-flip=115 drawcalls-total=48284 fail-total=0 null-skips-total=0
[15:07:52] [info] flip-probe: flip #540 ok=true present=4ms inter_flip_ms=109 drawcalls-since-flip=356 drawcalls-total=49925 fail-total=0 null-skips-total=0
[15:07:52] [info]  >> Entering stage 11: 'Mimiga Village'.
[15:07:52] [info] [skip-sheet-flush] cave=5
[15:07:53] [info] [load-stage] preloading entry music song=9 (cave=5)
[15:07:53] [info] opl3 backend: on_song_stop
[15:07:53] [info] MidiScheduler::load: parsed 'data/orgmid2/mura.mid' = 7123 events at 48 PPQ
[15:07:53] [info] opl3 backend: on_song_start
[15:07:53] [info] gameloop: entered (curmap=11, running=1)
[15:07:53] [info] gameloop: iter 1 ticks=83666 mapno=-1
[15:07:54] [info] mds-clear-lut: rebuilt N=240 entries (k_skip=0% k_keep=100%; curmap=11 map_size=60x60; rebuild #3 since boot)
[15:07:54] [info] gameloop: iter 2 ticks=83799 mapno=-1
[15:07:54] [info] gameloop: iter 3 ticks=83911 mapno=-1
[15:07:54] [info] backdrop cache: thrashing-detect engaged (streak=4, route=direct)
[15:07:54] [info] flip-probe: flip #550 ok=true present=4ms inter_flip_ms=84 drawcalls-since-flip=135 drawcalls-total=52894 fail-total=0 null-skips-total=0
[15:07:55] [info] flip-probe: flip #560 ok=true present=4ms inter_flip_ms=60 drawcalls-since-flip=41 drawcalls-total=53323 fail-total=0 null-skips-total=0
[15:07:55] [info] flip-probe: flip #570 ok=true present=4ms inter_flip_ms=57 drawcalls-since-flip=41 drawcalls-total=53733 fail-total=0 null-skips-total=0
[15:07:56] [info] flip-probe: flip #580 ok=true present=4ms inter_flip_ms=58 drawcalls-since-flip=41 drawcalls-total=54143 fail-total=0 null-skips-total=0
[15:07:57] [info] flip-probe: flip #590 ok=true present=4ms inter_flip_ms=60 drawcalls-since-flip=41 drawcalls-total=54560 fail-total=0 null-skips-total=0
[15:07:57] [info] flip-probe: flip #600 ok=true present=4ms inter_flip_ms=61 drawcalls-since-flip=42 drawcalls-total=54976 fail-total=0 null-skips-total=0
[15:07:57] [info] alpha audit block 0: 9290 total drawcalls, 0 with alpha<255 (block pct_x10=0; global 0/50029 pct_x10=0); alpha-mod skipped: block=0 global=0
[15:07:57] [info] fastpath audit block 0: taken=9290 (idx8=9290) skipped=0 pct_x10=1000; global taken=50029 (idx8=50029) skipped=0 pct_x10=1000
[15:07:57] [info] primitive tally block 0: clear=201(hr=201) fill=0(hr=0) rect=0(hr=0) line=0(hr=0) tint=0 spotlight=0 (over 100 flips ending at flip 600)
[15:07:57] [info] color/alpha audit block 0: cmod_white=728 cmod_black=728 (idx=728) cmod_general=0 (idx=0) cmod_fb=0; alpha_taken=0 alpha_skipped=0 (global cmod=5390/3848/693/0 idx=3848/693 alpha=0/0)
[15:07:57] [info] phase timing block 0: drawcalls=10989 dc_total_ms=1698 flip_inner_total_ms=592 inter_flip_total_ms=8593 (per-flip avg x10: dc_ms=169 fi_ms=59 if_ms=859 derived audio+engine_ms=631; per-drawcall avg us_x10=1545) [direct-vesa: presents=100 total_ms=385 avg_ms_x10=38 failed=0] [ablation: NO_DC_TIMING=0 CACHE_WINSURF=0 DIRECT_VESA=1]
[15:07:57] [info] kbd/audio block 0: kbd_irq=0 kbd_drain=0 ring_chunks=16 pump_pass=1706 pic1_mask=0xb8 first_irq_ticks=0 install_ticks=0 vector_at_install=0x00849fc0 pic1_mask_live=0x38 kbd_8042_stat=0x34 bios_kbd_head=0x0026 bios_kbd_tail=0x0026 bios_kbd_buf0=0x3920
[15:07:57] [info] dirty-rect block @flip=600: total_calls=0 dirty_rects_avg=1 dirty_pct_x10=1000 forced_full=0 first_n_force=0 threshold_exceeded=0 dirty_path_taken=0 full_flush_taken=0
[15:07:57] [info] prev-frame-diff block @flip=600: diff_calls=0 diff_rects_avg=0 diff_dirty_pct_x10=0 bbox_pct_x10=0 bbox_thresh_exceeded=0
[15:07:58] [info] backdrop cache: thrashing-detect engaged (streak=64, route=direct)
[15:07:58] [info] flip-probe: flip #610 ok=true present=4ms inter_flip_ms=66 drawcalls-since-flip=42 drawcalls-total=55401 fail-total=0 null-skips-total=0
[15:07:58] [info] flip-probe: flip #620 ok=true present=4ms inter_flip_ms=58 drawcalls-since-flip=42 drawcalls-total=55821 fail-total=0 null-skips-total=0
[15:07:59] [info] flip-probe: flip #630 ok=true present=4ms inter_flip_ms=58 drawcalls-since-flip=44 drawcalls-total=56251 fail-total=0 null-skips-total=0
[15:08:00] [info] flip-probe: flip #640 ok=true present=4ms inter_flip_ms=61 drawcalls-since-flip=44 drawcalls-total=56691 fail-total=0 null-skips-total=0
[15:08:00] [info] flip-probe: flip #650 ok=true present=3ms inter_flip_ms=61 drawcalls-since-flip=43 drawcalls-total=57126 fail-total=0 null-skips-total=0
[15:08:01] [info] flip-probe: flip #660 ok=true present=4ms inter_flip_ms=60 drawcalls-since-flip=43 drawcalls-total=57553 fail-total=0 null-skips-total=0
[15:08:01] [info] backdrop cache: thrashing-detect engaged (streak=124, route=direct)
[15:08:01] [info] flip-probe: flip #670 ok=true present=4ms inter_flip_ms=62 drawcalls-since-flip=16 drawcalls-total=57817 fail-total=0 null-skips-total=0
[15:08:02] [info] flip-probe: flip #680 ok=true present=4ms inter_flip_ms=51 drawcalls-since-flip=16 drawcalls-total=57977 fail-total=0 null-skips-total=0
[15:08:03] [info] flip-probe: flip #690 ok=true present=4ms inter_flip_ms=59 drawcalls-since-flip=27 drawcalls-total=58159 fail-total=0 null-skips-total=0
[15:08:03] [info] flip-probe: flip #700 ok=true present=4ms inter_flip_ms=56 drawcalls-since-flip=27 drawcalls-total=58427 fail-total=0 null-skips-total=0
[15:08:03] [info] alpha audit block 0: 2519 total drawcalls, 0 with alpha<255 (block pct_x10=0; global 0/52548 pct_x10=0); alpha-mod skipped: block=0 global=0
[15:08:03] [info] fastpath audit block 0: taken=2519 (idx8=2519) skipped=0 pct_x10=1000; global taken=52548 (idx8=52548) skipped=0 pct_x10=1000
[15:08:03] [info] primitive tally block 0: clear=200(hr=200) fill=0(hr=0) rect=0(hr=0) line=0(hr=0) tint=0 spotlight=0 (over 100 flips ending at flip 700)
[15:08:03] [info] color/alpha audit block 0: cmod_white=832 cmod_black=832 (idx=832) cmod_general=0 (idx=0) cmod_fb=0; alpha_taken=0 alpha_skipped=0 (global cmod=6222/4680/693/0 idx=4680/693 alpha=0/0)
[15:08:03] [info] phase timing block 0: drawcalls=4383 dc_total_ms=948 flip_inner_total_ms=581 inter_flip_total_ms=5959 (per-flip avg x10: dc_ms=94 fi_ms=58 if_ms=595 derived audio+engine_ms=443; per-drawcall avg us_x10=2164) [direct-vesa: presents=100 total_ms=380 avg_ms_x10=38 failed=0] [ablation: NO_DC_TIMING=0 CACHE_WINSURF=0 DIRECT_VESA=1]
[15:08:03] [info] kbd/audio block 0: kbd_irq=0 kbd_drain=0 ring_chunks=16 pump_pass=2004 pic1_mask=0xb8 first_irq_ticks=0 install_ticks=0 vector_at_install=0x00849fc0 pic1_mask_live=0x38 kbd_8042_stat=0x34 bios_kbd_head=0x0026 bios_kbd_tail=0x0026 bios_kbd_buf0=0x3920
[15:08:03] [info] dirty-rect block @flip=700: total_calls=0 dirty_rects_avg=1 dirty_pct_x10=1000 forced_full=0 first_n_force=0 threshold_exceeded=0 dirty_path_taken=0 full_flush_taken=0
[15:08:03] [info] prev-frame-diff block @flip=700: diff_calls=0 diff_rects_avg=0 diff_dirty_pct_x10=0 bbox_pct_x10=0 bbox_thresh_exceeded=0
[15:08:04] [info] flip-probe: flip #710 ok=true present=4ms inter_flip_ms=56 drawcalls-since-flip=17 drawcalls-total=58627 fail-total=0 null-skips-total=0
[15:08:04] [info]  >> Entering stage 15: 'Reservoir'.
[15:08:04] [info] [skip-sheet-flush] cave=6
[15:08:05] [info] [load-stage] preloading entry music song=9 (cave=6)
[15:08:05] [info] gameloop: entered (curmap=15, running=1)
[15:08:05] [info] gameloop: iter 1 ticks=95368 mapno=-1
[15:08:05] [info] mds-clear-lut: rebuilt N=240 entries (k_skip=13% k_keep=87%; curmap=15 map_size=40x20; rebuild #4 since boot)
[15:08:05] [info] gameloop: iter 2 ticks=95484 mapno=-1
[15:08:05] [info] flip-probe: flip #720 ok=true present=4ms inter_flip_ms=107 drawcalls-since-flip=336 drawcalls-total=60974 fail-total=0 null-skips-total=0
[15:08:05] [info] gameloop: iter 3 ticks=95601 mapno=-1
[15:08:06] [info] flip-probe: flip #730 ok=true present=4ms inter_flip_ms=51 drawcalls-since-flip=32 drawcalls-total=62372 fail-total=0 null-skips-total=0
[15:08:07] [info] flip-probe: flip #740 ok=true present=4ms inter_flip_ms=49 drawcalls-since-flip=32 drawcalls-total=62692 fail-total=0 null-skips-total=0
[15:08:07] [info] backdrop cache: thrashing-detect engaged (streak=4, route=direct)
[15:08:07] [info] flip-probe: flip #750 ok=true present=4ms inter_flip_ms=64 drawcalls-since-flip=34 drawcalls-total=63014 fail-total=0 null-skips-total=0
[15:08:08] [info] flip-probe: flip #760 ok=true present=4ms inter_flip_ms=56 drawcalls-since-flip=33 drawcalls-total=63360 fail-total=0 null-skips-total=0
[15:08:08] [info] flip-probe: flip #770 ok=true present=4ms inter_flip_ms=57 drawcalls-since-flip=32 drawcalls-total=63682 fail-total=0 null-skips-total=0
[15:08:09] [info] flip-probe: flip #780 ok=true present=4ms inter_flip_ms=53 drawcalls-since-flip=33 drawcalls-total=64010 fail-total=0 null-skips-total=0
[15:08:09] [info] tas: stall frame 275 ms -> contributing 1 tick (patch 0286)
[15:08:10] [info] flip-probe: flip #790 ok=true present=4ms inter_flip_ms=56 drawcalls-since-flip=35 drawcalls-total=64358 fail-total=0 null-skips-total=0
[15:08:10] [info] flip-probe: flip #800 ok=true present=5ms inter_flip_ms=54 drawcalls-since-flip=35 drawcalls-total=64712 fail-total=0 null-skips-total=0
[15:08:10] [info] alpha audit block 0: 5447 total drawcalls, 0 with alpha<255 (block pct_x10=0; global 0/57995 pct_x10=0); alpha-mod skipped: block=0 global=0
[15:08:10] [info] fastpath audit block 0: taken=5447 (idx8=5447) skipped=0 pct_x10=1000; global taken=57995 (idx8=57995) skipped=0 pct_x10=1000
[15:08:10] [info] primitive tally block 0: clear=201(hr=201) fill=0(hr=0) rect=0(hr=0) line=0(hr=0) tint=0 spotlight=0 (over 100 flips ending at flip 800)
[15:08:10] [info] color/alpha audit block 0: cmod_white=738 cmod_black=738 (idx=738) cmod_general=0 (idx=0) cmod_fb=0; alpha_taken=0 alpha_skipped=0 (global cmod=6960/5418/693/0 idx=5418/693 alpha=0/0)
[15:08:10] [info] phase timing block 0: drawcalls=7155 dc_total_ms=1437 flip_inner_total_ms=818 inter_flip_total_ms=7092 (per-flip avg x10: dc_ms=143 fi_ms=81 if_ms=709 derived audio+engine_ms=485; per-drawcall avg us_x10=2008) [direct-vesa: presents=100 total_ms=387 avg_ms_x10=38 failed=0] [ablation: NO_DC_TIMING=0 CACHE_WINSURF=0 DIRECT_VESA=1]
[15:08:10] [info] kbd/audio block 0: kbd_irq=0 kbd_drain=0 ring_chunks=16 pump_pass=2306 pic1_mask=0xb8 first_irq_ticks=0 install_ticks=0 vector_at_install=0x00849fc0 pic1_mask_live=0x38 kbd_8042_stat=0x34 bios_kbd_head=0x0026 bios_kbd_tail=0x0026 bios_kbd_buf0=0x3920
[15:08:10] [info] dirty-rect block @flip=800: total_calls=0 dirty_rects_avg=1 dirty_pct_x10=1000 forced_full=0 first_n_force=0 threshold_exceeded=0 dirty_path_taken=0 full_flush_taken=0
[15:08:10] [info] prev-frame-diff block @flip=800: diff_calls=0 diff_rects_avg=0 diff_dirty_pct_x10=0 bbox_pct_x10=0 bbox_thresh_exceeded=0
[15:08:10] [info] tas: stall frame 345 ms -> contributing 1 tick (patch 0286)
[15:08:11] [info] backdrop cache: thrashing-detect engaged (streak=64, route=direct)
[15:08:11] [info] flip-probe: flip #810 ok=true present=4ms inter_flip_ms=59 drawcalls-since-flip=35 drawcalls-total=65066 fail-total=0 null-skips-total=0
[15:08:12] [info] flip-probe: flip #820 ok=true present=4ms inter_flip_ms=55 drawcalls-since-flip=35 drawcalls-total=65416 fail-total=0 null-skips-total=0
[15:08:12] [info] flip-probe: flip #830 ok=true present=4ms inter_flip_ms=55 drawcalls-since-flip=34 drawcalls-total=65760 fail-total=0 null-skips-total=0
[15:08:13] [info] flip-probe: flip #840 ok=true present=4ms inter_flip_ms=53 drawcalls-since-flip=15 drawcalls-total=66059 fail-total=0 null-skips-total=0
[15:08:13] [info] flip-probe: flip #850 ok=true present=5ms inter_flip_ms=50 drawcalls-since-flip=15 drawcalls-total=66209 fail-total=0 null-skips-total=0
[15:08:14] [info] flip-probe: flip #860 ok=true present=4ms inter_flip_ms=52 drawcalls-since-flip=14 drawcalls-total=66354 fail-total=0 null-skips-total=0
[15:08:14] [info] flip-probe: flip #870 ok=true present=3ms inter_flip_ms=51 drawcalls-since-flip=17 drawcalls-total=66513 fail-total=0 null-skips-total=0
[15:08:15] [info] flip-probe: flip #880 ok=true present=4ms inter_flip_ms=62 drawcalls-since-flip=17 drawcalls-total=66683 fail-total=0 null-skips-total=0
[15:08:15] [info] backdrop cache: thrashing-detect engaged (streak=4, route=direct)
[15:08:15] [info] flip-probe: flip #890 ok=true present=4ms inter_flip_ms=52 drawcalls-since-flip=14 drawcalls-total=66827 fail-total=0 null-skips-total=0
[15:08:16] [info] flip-probe: flip #900 ok=true present=4ms inter_flip_ms=50 drawcalls-since-flip=14 drawcalls-total=66967 fail-total=0 null-skips-total=0
[15:08:16] [info] alpha audit block 0: 1813 total drawcalls, 0 with alpha<255 (block pct_x10=0; global 0/59808 pct_x10=0); alpha-mod skipped: block=0 global=0
[15:08:16] [info] fastpath audit block 0: taken=1813 (idx8=1813) skipped=0 pct_x10=1000; global taken=59808 (idx8=59808) skipped=0 pct_x10=1000
[15:08:16] [info] primitive tally block 0: clear=200(hr=200) fill=0(hr=0) rect=0(hr=0) line=0(hr=0) tint=0 spotlight=0 (over 100 flips ending at flip 900)
[15:08:16] [info] color/alpha audit block 0: cmod_white=342 cmod_black=342 (idx=342) cmod_general=0 (idx=0) cmod_fb=0; alpha_taken=0 alpha_skipped=0 (global cmod=7302/5760/693/0 idx=5760/693 alpha=0/0)
[15:08:16] [info] phase timing block 0: drawcalls=2717 dc_total_ms=871 flip_inner_total_ms=587 inter_flip_total_ms=5614 (per-flip avg x10: dc_ms=87 fi_ms=58 if_ms=561 derived audio+engine_ms=416; per-drawcall avg us_x10=3208) [direct-vesa: presents=100 total_ms=387 avg_ms_x10=38 failed=0] [ablation: NO_DC_TIMING=0 CACHE_WINSURF=0 DIRECT_VESA=1]
[15:08:16] [info] kbd/audio block 0: kbd_irq=0 kbd_drain=0 ring_chunks=16 pump_pass=2571 pic1_mask=0xb8 first_irq_ticks=0 install_ticks=0 vector_at_install=0x00849fc0 pic1_mask_live=0x38 kbd_8042_stat=0x34 bios_kbd_head=0x0026 bios_kbd_tail=0x0026 bios_kbd_buf0=0x3920
[15:08:16] [info] dirty-rect block @flip=900: total_calls=0 dirty_rects_avg=1 dirty_pct_x10=1000 forced_full=0 first_n_force=0 threshold_exceeded=0 dirty_path_taken=0 full_flush_taken=0
[15:08:16] [info] prev-frame-diff block @flip=900: diff_calls=0 diff_rects_avg=0 diff_dirty_pct_x10=0 bbox_pct_x10=0 bbox_thresh_exceeded=0
[15:08:16] [info] flip-probe: flip #910 ok=true present=4ms inter_flip_ms=47 drawcalls-since-flip=14 drawcalls-total=67107 fail-total=0 null-skips-total=0
[15:08:17] [info] flip-probe: flip #920 ok=true present=4ms inter_flip_ms=50 drawcalls-since-flip=14 drawcalls-total=67247 fail-total=0 null-skips-total=0
[15:08:17] [info] flip-probe: flip #930 ok=true present=5ms inter_flip_ms=47 drawcalls-since-flip=14 drawcalls-total=67387 fail-total=0 null-skips-total=0
[15:08:18] [info] flip-probe: flip #940 ok=true present=4ms inter_flip_ms=51 drawcalls-since-flip=14 drawcalls-total=67527 fail-total=0 null-skips-total=0
[15:08:18] [info] backdrop cache: thrashing-detect engaged (streak=64, route=direct)
[15:08:18] [info] flip-probe: flip #950 ok=true present=5ms inter_flip_ms=50 drawcalls-since-flip=14 drawcalls-total=67667 fail-total=0 null-skips-total=0
[15:08:18] [info] run_tick_fixed #2700: heartbeat (loop alive)
[15:08:19] [info]  >> Entering stage 11: 'Mimiga Village'.
[15:08:19] [info] [skip-sheet-flush] cave=7
[15:08:20] [info] [load-stage] preloading entry music song=9 (cave=7)
[15:08:20] [info] gameloop: entered (curmap=11, running=1)
[15:08:20] [info] gameloop: iter 1 ticks=110089 mapno=-1
[15:08:20] [info] mds-clear-lut: rebuilt N=240 entries (k_skip=0% k_keep=100%; curmap=11 map_size=60x60; rebuild #5 since boot)
[15:08:20] [info] flip-probe: flip #960 ok=true present=4ms inter_flip_ms=914 drawcalls-since-flip=331 drawcalls-total=69836 fail-total=0 null-skips-total=0
[15:08:20] [info] gameloop: iter 2 ticks=110217 mapno=-1
[15:08:20] [info] gameloop: iter 3 ticks=110333 mapno=-1
[15:08:21] [info] flip-probe: flip #970 ok=true present=4ms inter_flip_ms=57 drawcalls-since-flip=42 drawcalls-total=71469 fail-total=0 null-skips-total=0
[15:08:21] [info] flip-probe: flip #980 ok=true present=4ms inter_flip_ms=57 drawcalls-since-flip=42 drawcalls-total=71889 fail-total=0 null-skips-total=0
[15:08:22] [info] flip-probe: flip #990 ok=true present=4ms inter_flip_ms=68 drawcalls-since-flip=53 drawcalls-total=72353 fail-total=0 null-skips-total=0
[15:08:22] [info] backdrop cache: thrashing-detect engaged (streak=4, route=direct)
[15:08:23] [info] flip-probe: flip #1000 ok=true present=4ms inter_flip_ms=67 drawcalls-since-flip=47 drawcalls-total=72851 fail-total=0 null-skips-total=0
[15:08:23] [info] alpha audit block 0: 5251 total drawcalls, 0 with alpha<255 (block pct_x10=0; global 0/65059 pct_x10=0); alpha-mod skipped: block=0 global=0
[15:08:23] [info] fastpath audit block 0: taken=5251 (idx8=5251) skipped=0 pct_x10=1000; global taken=65059 (idx8=65059) skipped=0 pct_x10=1000
[15:08:23] [info] primitive tally block 0: clear=201(hr=201) fill=0(hr=0) rect=0(hr=0) line=0(hr=0) tint=0 spotlight=0 (over 100 flips ending at flip 1000)
[15:08:23] [info] color/alpha audit block 0: cmod_white=533 cmod_black=533 (idx=533) cmod_general=0 (idx=0) cmod_fb=0; alpha_taken=0 alpha_skipped=0 (global cmod=7835/6293/693/0 idx=6293/693 alpha=0/0)
[15:08:23] [info] phase timing block 0: drawcalls=6553 dc_total_ms=1418 flip_inner_total_ms=606 inter_flip_total_ms=6915 (per-flip avg x10: dc_ms=141 fi_ms=60 if_ms=691 derived audio+engine_ms=490; per-drawcall avg us_x10=2164) [direct-vesa: presents=100 total_ms=382 avg_ms_x10=38 failed=0] [ablation: NO_DC_TIMING=0 CACHE_WINSURF=0 DIRECT_VESA=1]
[15:08:23] [info] kbd/audio block 0: kbd_irq=0 kbd_drain=0 ring_chunks=16 pump_pass=2874 pic1_mask=0xb8 first_irq_ticks=0 install_ticks=0 vector_at_install=0x00849fc0 pic1_mask_live=0x38 kbd_8042_stat=0x34 bios_kbd_head=0x0026 bios_kbd_tail=0x0026 bios_kbd_buf0=0x3920
[15:08:23] [info] dirty-rect block @flip=1000: total_calls=0 dirty_rects_avg=1 dirty_pct_x10=1000 forced_full=0 first_n_force=0 threshold_exceeded=0 dirty_path_taken=0 full_flush_taken=0
[15:08:23] [info] prev-frame-diff block @flip=1000: diff_calls=0 diff_rects_avg=0 diff_dirty_pct_x10=0 bbox_pct_x10=0 bbox_thresh_exceeded=0
[15:08:23] [info] flip-probe: flip #1010 ok=true present=4ms inter_flip_ms=61 drawcalls-since-flip=42 drawcalls-total=73291 fail-total=0 null-skips-total=0
[15:08:24] [info] flip-probe: flip #1020 ok=true present=4ms inter_flip_ms=58 drawcalls-since-flip=44 drawcalls-total=73724 fail-total=0 null-skips-total=0
[15:08:25] [info] flip-probe: flip #1030 ok=true present=4ms inter_flip_ms=62 drawcalls-since-flip=45 drawcalls-total=74175 fail-total=0 null-skips-total=0
[15:08:25] [info] flip-probe: flip #1040 ok=true present=3ms inter_flip_ms=62 drawcalls-since-flip=45 drawcalls-total=74625 fail-total=0 null-skips-total=0
[15:08:26] [info] flip-probe: flip #1050 ok=true present=4ms inter_flip_ms=58 drawcalls-since-flip=45 drawcalls-total=75075 fail-total=0 null-skips-total=0
[15:08:26] [info] backdrop cache: thrashing-detect engaged (streak=64, route=direct)
[15:08:26] [info] flip-probe: flip #1060 ok=true present=4ms inter_flip_ms=55 drawcalls-since-flip=45 drawcalls-total=75525 fail-total=0 null-skips-total=0
[15:08:27] [info] flip-probe: flip #1070 ok=true present=4ms inter_flip_ms=58 drawcalls-since-flip=44 drawcalls-total=75965 fail-total=0 null-skips-total=0
[15:08:28] [info] flip-probe: flip #1080 ok=true present=4ms inter_flip_ms=54 drawcalls-since-flip=17 drawcalls-total=76373 fail-total=0 null-skips-total=0
[15:08:28] [info] flip-probe: flip #1090 ok=true present=4ms inter_flip_ms=53 drawcalls-since-flip=18 drawcalls-total=76548 fail-total=0 null-skips-total=0
[15:08:29] [info] flip-probe: flip #1100 ok=true present=4ms inter_flip_ms=58 drawcalls-since-flip=19 drawcalls-total=76738 fail-total=0 null-skips-total=0
[15:08:29] [info] alpha audit block 0: 2760 total drawcalls, 0 with alpha<255 (block pct_x10=0; global 0/67819 pct_x10=0); alpha-mod skipped: block=0 global=0
[15:08:29] [info] fastpath audit block 0: taken=2760 (idx8=2760) skipped=0 pct_x10=1000; global taken=67819 (idx8=67819) skipped=0 pct_x10=1000
[15:08:29] [info] primitive tally block 0: clear=200(hr=200) fill=0(hr=0) rect=0(hr=0) line=0(hr=0) tint=0 spotlight=0 (over 100 flips ending at flip 1100)
[15:08:29] [info] color/alpha audit block 0: cmod_white=1027 cmod_black=1027 (idx=1027) cmod_general=0 (idx=0) cmod_fb=0; alpha_taken=0 alpha_skipped=0 (global cmod=8862/7320/693/0 idx=7320/693 alpha=0/0)
[15:08:29] [info] phase timing block 0: drawcalls=5014 dc_total_ms=1001 flip_inner_total_ms=581 inter_flip_total_ms=5999 (per-flip avg x10: dc_ms=100 fi_ms=58 if_ms=599 derived audio+engine_ms=441; per-drawcall avg us_x10=1997) [direct-vesa: presents=100 total_ms=380 avg_ms_x10=38 failed=0] [ablation: NO_DC_TIMING=0 CACHE_WINSURF=0 DIRECT_VESA=1]
[15:08:29] [info] kbd/audio block 0: kbd_irq=0 kbd_drain=0 ring_chunks=16 pump_pass=3175 pic1_mask=0xb8 first_irq_ticks=0 install_ticks=0 vector_at_install=0x00849fc0 pic1_mask_live=0x38 kbd_8042_stat=0x34 bios_kbd_head=0x0026 bios_kbd_tail=0x0026 bios_kbd_buf0=0x3920
[15:08:29] [info] dirty-rect block @flip=1100: total_calls=0 dirty_rects_avg=1 dirty_pct_x10=1000 forced_full=0 first_n_force=0 threshold_exceeded=0 dirty_path_taken=0 full_flush_taken=0
[15:08:29] [info] prev-frame-diff block @flip=1100: diff_calls=0 diff_rects_avg=0 diff_dirty_pct_x10=0 bbox_pct_x10=0 bbox_thresh_exceeded=0
[15:08:29] [info] flip-probe: flip #1110 ok=true present=5ms inter_flip_ms=55 drawcalls-since-flip=18 drawcalls-total=76926 fail-total=0 null-skips-total=0
[15:08:30] [info] backdrop cache: thrashing-detect engaged (streak=124, route=direct)
[15:08:30] [info] flip-probe: flip #1120 ok=true present=4ms inter_flip_ms=57 drawcalls-since-flip=17 drawcalls-total=77102 fail-total=0 null-skips-total=0
[15:08:30] [info] flip-probe: flip #1130 ok=true present=4ms inter_flip_ms=54 drawcalls-since-flip=18 drawcalls-total=77280 fail-total=0 null-skips-total=0
[15:08:31] [info] flip-probe: flip #1140 ok=true present=3ms inter_flip_ms=57 drawcalls-since-flip=19 drawcalls-total=77465 fail-total=0 null-skips-total=0
[15:08:32] [info] flip-probe: flip #1150 ok=true present=4ms inter_flip_ms=56 drawcalls-since-flip=19 drawcalls-total=77655 fail-total=0 null-skips-total=0
[15:08:32] [info] flip-probe: flip #1160 ok=true present=4ms inter_flip_ms=57 drawcalls-since-flip=20 drawcalls-total=77850 fail-total=0 null-skips-total=0
[15:08:33] [info] flip-probe: flip #1170 ok=true present=4ms inter_flip_ms=54 drawcalls-since-flip=20 drawcalls-total=78050 fail-total=0 null-skips-total=0
[15:08:33] [info] backdrop cache: thrashing-detect engaged (streak=184, route=direct)
[15:08:33] [info] flip-probe: flip #1180 ok=true present=4ms inter_flip_ms=56 drawcalls-since-flip=17 drawcalls-total=78241 fail-total=0 null-skips-total=0
[15:08:34] [info] flip-probe: flip #1190 ok=true present=4ms inter_flip_ms=57 drawcalls-since-flip=17 drawcalls-total=78411 fail-total=0 null-skips-total=0
[15:08:34] [info] flip-probe: flip #1200 ok=true present=5ms inter_flip_ms=57 drawcalls-since-flip=18 drawcalls-total=78585 fail-total=0 null-skips-total=0
[15:08:34] [info] alpha audit block 0: 1747 total drawcalls, 0 with alpha<255 (block pct_x10=0; global 0/69566 pct_x10=0); alpha-mod skipped: block=0 global=0
[15:08:34] [info] fastpath audit block 0: taken=1747 (idx8=1747) skipped=0 pct_x10=1000; global taken=69566 (idx8=69566) skipped=0 pct_x10=1000
[15:08:34] [info] primitive tally block 0: clear=200(hr=200) fill=0(hr=0) rect=0(hr=0) line=0(hr=0) tint=0 spotlight=0 (over 100 flips ending at flip 1200)
[15:08:34] [info] phase timing block 0: drawcalls=1947 dc_total_ms=742 flip_inner_total_ms=593 inter_flip_total_ms=5689 (per-flip avg x10: dc_ms=74 fi_ms=59 if_ms=568 derived audio+engine_ms=435; per-drawcall avg us_x10=3811) [direct-vesa: presents=100 total_ms=385 avg_ms_x10=38 failed=0] [ablation: NO_DC_TIMING=0 CACHE_WINSURF=0 DIRECT_VESA=1]
[15:08:34] [info] kbd/audio block 0: kbd_irq=0 kbd_drain=0 ring_chunks=16 pump_pass=3459 pic1_mask=0xb8 first_irq_ticks=0 install_ticks=0 vector_at_install=0x00849fc0 pic1_mask_live=0x38 kbd_8042_stat=0x34 bios_kbd_head=0x0026 bios_kbd_tail=0x0026 bios_kbd_buf0=0x3920
[15:08:34] [info] dirty-rect block @flip=1200: total_calls=0 dirty_rects_avg=1 dirty_pct_x10=1000 forced_full=0 first_n_force=0 threshold_exceeded=0 dirty_path_taken=0 full_flush_taken=0
[15:08:34] [info] prev-frame-diff block @flip=1200: diff_calls=0 diff_rects_avg=0 diff_dirty_pct_x10=0 bbox_pct_x10=0 bbox_thresh_exceeded=0
[15:08:35] [info] flip-probe: flip #1210 ok=true present=4ms inter_flip_ms=54 drawcalls-since-flip=17 drawcalls-total=78762 fail-total=0 null-skips-total=0
[15:08:36] [info] flip-probe: flip #1220 ok=true present=4ms inter_flip_ms=56 drawcalls-since-flip=16 drawcalls-total=78925 fail-total=0 null-skips-total=0
[15:08:36] [info] flip-probe: flip #1230 ok=true present=4ms inter_flip_ms=57 drawcalls-since-flip=19 drawcalls-total=79103 fail-total=0 null-skips-total=0
[15:08:36] [info] backdrop cache: thrashing-detect engaged (streak=244, route=direct)
[15:08:37] [info] flip-probe: flip #1240 ok=true present=4ms inter_flip_ms=59 drawcalls-since-flip=19 drawcalls-total=79303 fail-total=0 null-skips-total=0
[15:08:37] [info] run_tick_fixed #3600: heartbeat (loop alive)
[15:08:37] [info] flip-probe: flip #1250 ok=true present=4ms inter_flip_ms=105 drawcalls-since-flip=335 drawcalls-total=80159 fail-total=0 null-skips-total=0
[15:08:38] [info]  >> Entering stage 19: 'Assembly Hall'.
[15:08:38] [info] [skip-sheet-flush] cave=8
[15:08:39] [info] [load-stage] preloading entry music song=9 (cave=8)
[15:08:39] [info] gameloop: entered (curmap=19, running=1)
[15:08:39] [info] gameloop: iter 1 ticks=129137 mapno=-1
[15:08:39] [info] mds-clear-lut: rebuilt N=240 entries (k_skip=100% k_keep=0%; curmap=19 map_size=21x16; rebuild #6 since boot)
[15:08:39] [info] gameloop: iter 2 ticks=129272 mapno=-1
[15:08:39] [info] gameloop: iter 3 ticks=129390 mapno=-1
[15:08:40] [info] flip-probe: flip #1260 ok=true present=4ms inter_flip_ms=67 drawcalls-since-flip=171 drawcalls-total=83561 fail-total=0 null-skips-total=0
[15:08:40] [info] flip-probe: flip #1270 ok=true present=4ms inter_flip_ms=57 drawcalls-since-flip=122 drawcalls-total=84770 fail-total=0 null-skips-total=0
[15:08:41] [info] flip-probe: flip #1280 ok=true present=4ms inter_flip_ms=57 drawcalls-since-flip=122 drawcalls-total=85990 fail-total=0 null-skips-total=0
[15:08:41] [info] flip-probe: flip #1290 ok=true present=3ms inter_flip_ms=58 drawcalls-since-flip=123 drawcalls-total=87231 fail-total=0 null-skips-total=0
[15:08:42] [info] flip-probe: flip #1300 ok=true present=4ms inter_flip_ms=57 drawcalls-since-flip=123 drawcalls-total=88460 fail-total=0 null-skips-total=0
[15:08:42] [info] alpha audit block 0: 9223 total drawcalls, 0 with alpha<255 (block pct_x10=0; global 0/78789 pct_x10=0); alpha-mod skipped: block=0 global=0
[15:08:42] [info] fastpath audit block 0: taken=9223 (idx8=9223) skipped=0 pct_x10=1000; global taken=78789 (idx8=78789) skipped=0 pct_x10=1000
[15:08:42] [info] primitive tally block 0: clear=201(hr=201) fill=0(hr=0) rect=0(hr=0) line=0(hr=0) tint=0 spotlight=0 (over 100 flips ending at flip 1300)
[15:08:42] [info] color/alpha audit block 0: cmod_white=552 cmod_black=552 (idx=552) cmod_general=0 (idx=0) cmod_fb=0; alpha_taken=0 alpha_skipped=0 (global cmod=9414/7872/693/0 idx=7872/693 alpha=0/0)
[15:08:42] [info] phase timing block 0: drawcalls=10574 dc_total_ms=1632 flip_inner_total_ms=583 inter_flip_total_ms=7485 (per-flip avg x10: dc_ms=163 fi_ms=58 if_ms=748 derived audio+engine_ms=527; per-drawcall avg us_x10=1543) [direct-vesa: presents=100 total_ms=381 avg_ms_x10=38 failed=0] [ablation: NO_DC_TIMING=0 CACHE_WINSURF=0 DIRECT_VESA=1]
[15:08:42] [info] kbd/audio block 0: kbd_irq=0 kbd_drain=0 ring_chunks=16 pump_pass=3776 pic1_mask=0xb8 first_irq_ticks=0 install_ticks=0 vector_at_install=0x00849fc0 pic1_mask_live=0x38 kbd_8042_stat=0x34 bios_kbd_head=0x0026 bios_kbd_tail=0x0026 bios_kbd_buf0=0x3920
[15:08:42] [info] dirty-rect block @flip=1300: total_calls=0 dirty_rects_avg=1 dirty_pct_x10=1000 forced_full=0 first_n_force=0 threshold_exceeded=0 dirty_path_taken=0 full_flush_taken=0
[15:08:42] [info] prev-frame-diff block @flip=1300: diff_calls=0 diff_rects_avg=0 diff_dirty_pct_x10=0 bbox_pct_x10=0 bbox_thresh_exceeded=0
[15:08:43] [info] flip-probe: flip #1310 ok=true present=4ms inter_flip_ms=58 drawcalls-since-flip=122 drawcalls-total=89680 fail-total=0 null-skips-total=0
[15:08:43] [info] flip-probe: flip #1320 ok=true present=4ms inter_flip_ms=55 drawcalls-since-flip=122 drawcalls-total=90900 fail-total=0 null-skips-total=0
[15:08:44] [info] flip-probe: flip #1330 ok=true present=4ms inter_flip_ms=80 drawcalls-since-flip=286 drawcalls-total=92356 fail-total=0 null-skips-total=0
[15:08:44] [info]  >> Entering stage 11: 'Mimiga Village'.
[15:08:44] [info] [skip-sheet-flush] cave=9
[15:08:45] [info] [load-stage] preloading entry music song=9 (cave=9)
[15:08:45] [info] gameloop: entered (curmap=11, running=1)
[15:08:45] [info] gameloop: iter 1 ticks=135537 mapno=-1
[15:08:45] [info] mds-clear-lut: rebuilt N=240 entries (k_skip=0% k_keep=100%; curmap=11 map_size=60x60; rebuild #7 since boot)
[15:08:45] [info] gameloop: iter 2 ticks=135667 mapno=-1
[15:08:46] [info] run_tick_fixed #3900: heartbeat (loop alive)
[15:08:46] [info] gameloop: iter 3 ticks=135794 mapno=-1
[15:08:46] [info] flip-probe: flip #1340 ok=true present=4ms inter_flip_ms=126 drawcalls-since-flip=380 drawcalls-total=95916 fail-total=0 null-skips-total=0
[15:08:46] [info] backdrop cache: thrashing-detect engaged (streak=4, route=direct)
[15:08:47] [info] flip-probe: flip #1350 ok=true present=4ms inter_flip_ms=60 drawcalls-since-flip=46 drawcalls-total=96717 fail-total=0 null-skips-total=0
[15:08:47] [info] flip-probe: flip #1360 ok=true present=4ms inter_flip_ms=58 drawcalls-since-flip=42 drawcalls-total=97160 fail-total=0 null-skips-total=0
[15:08:47] [info] tas: stall frame 280 ms -> contributing 1 tick (patch 0286)
[15:08:48] [info] flip-probe: flip #1370 ok=true present=4ms inter_flip_ms=61 drawcalls-since-flip=44 drawcalls-total=97589 fail-total=0 null-skips-total=0
[15:08:49] [info] flip-probe: flip #1380 ok=true present=4ms inter_flip_ms=61 drawcalls-since-flip=43 drawcalls-total=98030 fail-total=0 null-skips-total=0
[15:08:49] [info] flip-probe: flip #1390 ok=true present=3ms inter_flip_ms=61 drawcalls-since-flip=46 drawcalls-total=98472 fail-total=0 null-skips-total=0
[15:08:50] [info] flip-probe: flip #1400 ok=true present=4ms inter_flip_ms=61 drawcalls-since-flip=45 drawcalls-total=98922 fail-total=0 null-skips-total=0
[15:08:50] [info] alpha audit block 0: 9098 total drawcalls, 0 with alpha<255 (block pct_x10=0; global 0/87887 pct_x10=0); alpha-mod skipped: block=0 global=0
[15:08:50] [info] fastpath audit block 0: taken=9098 (idx8=9098) skipped=0 pct_x10=1000; global taken=87887 (idx8=87887) skipped=0 pct_x10=1000
[15:08:50] [info] primitive tally block 0: clear=202(hr=202) fill=0(hr=0) rect=0(hr=0) line=0(hr=0) tint=0 spotlight=0 (over 100 flips ending at flip 1400)
[15:08:50] [info] color/alpha audit block 0: cmod_white=1264 cmod_black=1264 (idx=1264) cmod_general=0 (idx=0) cmod_fb=0; alpha_taken=0 alpha_skipped=0 (global cmod=10678/9136/693/0 idx=9136/693 alpha=0/0)
[15:08:50] [info] phase timing block 0: drawcalls=11869 dc_total_ms=1748 flip_inner_total_ms=813 inter_flip_total_ms=7972 (per-flip avg x10: dc_ms=174 fi_ms=81 if_ms=797 derived audio+engine_ms=542; per-drawcall avg us_x10=1472) [direct-vesa: presents=100 total_ms=385 avg_ms_x10=38 failed=0] [ablation: NO_DC_TIMING=0 CACHE_WINSURF=0 DIRECT_VESA=1]
[15:08:50] [info] kbd/audio block 0: kbd_irq=0 kbd_drain=0 ring_chunks=16 pump_pass=4098 pic1_mask=0xb8 first_irq_ticks=0 install_ticks=0 vector_at_install=0x00849fc0 pic1_mask_live=0x38 kbd_8042_stat=0x34 bios_kbd_head=0x0026 bios_kbd_tail=0x0026 bios_kbd_buf0=0x3920
[15:08:50] [info] dirty-rect block @flip=1400: total_calls=0 dirty_rects_avg=1 dirty_pct_x10=1000 forced_full=0 first_n_force=0 threshold_exceeded=0 dirty_path_taken=0 full_flush_taken=0
[15:08:50] [info] prev-frame-diff block @flip=1400: diff_calls=0 diff_rects_avg=0 diff_dirty_pct_x10=0 bbox_pct_x10=0 bbox_thresh_exceeded=0
[15:08:50] [info] backdrop cache: thrashing-detect engaged (streak=64, route=direct)
[15:08:51] [info] flip-probe: flip #1410 ok=true present=4ms inter_flip_ms=61 drawcalls-since-flip=44 drawcalls-total=99362 fail-total=0 null-skips-total=0
[15:08:51] [info] flip-probe: flip #1420 ok=true present=4ms inter_flip_ms=60 drawcalls-since-flip=43 drawcalls-total=99794 fail-total=0 null-skips-total=0
[15:08:52] [info] flip-probe: flip #1430 ok=true present=3ms inter_flip_ms=63 drawcalls-since-flip=44 drawcalls-total=100227 fail-total=0 null-skips-total=0
[15:08:52] [info] flip-probe: flip #1440 ok=true present=3ms inter_flip_ms=61 drawcalls-since-flip=44 drawcalls-total=100667 fail-total=0 null-skips-total=0
[15:08:53] [info] flip-probe: flip #1450 ok=true present=4ms inter_flip_ms=64 drawcalls-since-flip=44 drawcalls-total=101116 fail-total=0 null-skips-total=0
[15:08:54] [info] flip-probe: flip #1460 ok=true present=4ms inter_flip_ms=58 drawcalls-since-flip=15 drawcalls-total=101424 fail-total=0 null-skips-total=0
[15:08:54] [info] backdrop cache: thrashing-detect engaged (streak=124, route=direct)
[15:08:55] [info] flip-probe: flip #1470 ok=true present=4ms inter_flip_ms=64 drawcalls-since-flip=4 drawcalls-total=103362 fail-total=0 null-skips-total=0
[15:08:55] [info]  >> Entering stage 14: 'Shack'.
[15:08:55] [info] [skip-sheet-flush] cave=10
[15:08:55] [info] [load-stage] preloading entry music song=8 (cave=10)
[15:08:55] [info] opl3 backend: on_song_stop
[15:08:56] [info] MidiScheduler::load: parsed 'data/orgmid2/vivi.mid' = 11188 events at 48 PPQ
[15:08:56] [info] opl3 backend: on_song_start
[15:08:56] [info] gameloop: entered (curmap=14, running=1)
[15:08:56] [info] gameloop: iter 1 ticks=145986 mapno=-1
[15:08:56] [info] gameloop: iter 2 ticks=146089 mapno=-1
[15:08:56] [info] gameloop: iter 3 ticks=146196 mapno=-1
[15:08:57] [info] flip-probe: flip #1480 ok=true present=4ms inter_flip_ms=44 drawcalls-since-flip=24 drawcalls-total=105203 fail-total=0 null-skips-total=0
[15:08:57] [info] flip-probe: flip #1490 ok=true present=4ms inter_flip_ms=44 drawcalls-since-flip=24 drawcalls-total=105443 fail-total=0 null-skips-total=0
[15:08:57] [info] flip-probe: flip #1500 ok=true present=5ms inter_flip_ms=43 drawcalls-since-flip=24 drawcalls-total=105683 fail-total=0 null-skips-total=0
[15:08:57] [info] alpha audit block 0: 5813 total drawcalls, 0 with alpha<255 (block pct_x10=0; global 0/93700 pct_x10=0); alpha-mod skipped: block=0 global=0
[15:08:57] [info] fastpath audit block 0: taken=5813 (idx8=5813) skipped=0 pct_x10=1000; global taken=93700 (idx8=93700) skipped=0 pct_x10=1000
[15:08:57] [info] primitive tally block 0: clear=201(hr=201) fill=0(hr=0) rect=0(hr=0) line=0(hr=0) tint=0 spotlight=0 (over 100 flips ending at flip 1500)
[15:08:57] [info] color/alpha audit block 0: cmod_white=878 cmod_black=878 (idx=878) cmod_general=0 (idx=0) cmod_fb=0; alpha_taken=0 alpha_skipped=0 (global cmod=11556/10014/693/0 idx=10014/693 alpha=0/0)
[15:08:57] [info] phase timing block 0: drawcalls=7770 dc_total_ms=1326 flip_inner_total_ms=586 inter_flip_total_ms=7533 (per-flip avg x10: dc_ms=132 fi_ms=58 if_ms=753 derived audio+engine_ms=563; per-drawcall avg us_x10=1706) [direct-vesa: presents=100 total_ms=384 avg_ms_x10=38 failed=0] [ablation: NO_DC_TIMING=0 CACHE_WINSURF=0 DIRECT_VESA=1]
[15:08:57] [info] kbd/audio block 0: kbd_irq=0 kbd_drain=0 ring_chunks=16 pump_pass=4409 pic1_mask=0xb8 first_irq_ticks=0 install_ticks=0 vector_at_install=0x00849fc0 pic1_mask_live=0x38 kbd_8042_stat=0x34 bios_kbd_head=0x0026 bios_kbd_tail=0x0026 bios_kbd_buf0=0x3920
[15:08:57] [info] dirty-rect block @flip=1500: total_calls=0 dirty_rects_avg=1 dirty_pct_x10=1000 forced_full=0 first_n_force=0 threshold_exceeded=0 dirty_path_taken=0 full_flush_taken=0
[15:08:57] [info] prev-frame-diff block @flip=1500: diff_calls=0 diff_rects_avg=0 diff_dirty_pct_x10=0 bbox_pct_x10=0 bbox_thresh_exceeded=0
[15:08:58] [info] flip-probe: flip #1510 ok=true present=3ms inter_flip_ms=46 drawcalls-since-flip=27 drawcalls-total=105952 fail-total=0 null-skips-total=0
[15:08:58] [info] flip-probe: flip #1520 ok=true present=4ms inter_flip_ms=44 drawcalls-since-flip=24 drawcalls-total=106199 fail-total=0 null-skips-total=0
[15:08:59] [info] flip-probe: flip #1530 ok=true present=4ms inter_flip_ms=45 drawcalls-since-flip=24 drawcalls-total=106439 fail-total=0 null-skips-total=0
[15:08:59] [info] flip-probe: flip #1540 ok=true present=4ms inter_flip_ms=45 drawcalls-since-flip=24 drawcalls-total=106679 fail-total=0 null-skips-total=0
[15:09:00] [info] flip-probe: flip #1550 ok=true present=4ms inter_flip_ms=44 drawcalls-since-flip=24 drawcalls-total=106919 fail-total=0 null-skips-total=0
[15:09:00] [info] flip-probe: flip #1560 ok=true present=4ms inter_flip_ms=43 drawcalls-since-flip=24 drawcalls-total=107159 fail-total=0 null-skips-total=0
[15:09:01] [info] flip-probe: flip #1570 ok=true present=5ms inter_flip_ms=44 drawcalls-since-flip=24 drawcalls-total=107399 fail-total=0 null-skips-total=0
[15:09:01] [info] flip-probe: flip #1580 ok=true present=4ms inter_flip_ms=98 drawcalls-since-flip=365 drawcalls-total=109454 fail-total=0 null-skips-total=0
[15:09:01] [info]  >> Entering stage 11: 'Mimiga Village'.
[15:09:01] [info] [skip-sheet-flush] cave=11
[15:09:02] [info] [load-stage] preloading entry music song=9 (cave=11)
[15:09:02] [info] opl3 backend: on_song_stop
[15:09:02] [info] MidiScheduler::load: parsed 'data/orgmid2/mura.mid' = 7123 events at 48 PPQ
[15:09:02] [info] opl3 backend: on_song_start
[15:09:02] [info] gameloop: entered (curmap=11, running=1)
[15:09:02] [info] gameloop: iter 1 ticks=152635 mapno=-1
[15:09:03] [info] gameloop: iter 2 ticks=152756 mapno=-1
[15:09:03] [info] gameloop: iter 3 ticks=152876 mapno=-1
[15:09:03] [info] backdrop cache: thrashing-detect engaged (streak=4, route=direct)
[15:09:03] [info] flip-probe: flip #1590 ok=true present=4ms inter_flip_ms=58 drawcalls-since-flip=30 drawcalls-total=111545 fail-total=0 null-skips-total=0
[15:09:04] [info] flip-probe: flip #1600 ok=true present=4ms inter_flip_ms=58 drawcalls-since-flip=43 drawcalls-total=111962 fail-total=0 null-skips-total=0
[15:09:04] [info] alpha audit block 0: 5608 total drawcalls, 0 with alpha<255 (block pct_x10=0; global 0/99308 pct_x10=0); alpha-mod skipped: block=0 global=0
[15:09:04] [info] fastpath audit block 0: taken=5608 (idx8=5608) skipped=0 pct_x10=1000; global taken=99308 (idx8=99308) skipped=0 pct_x10=1000
[15:09:04] [info] primitive tally block 0: clear=201(hr=201) fill=0(hr=0) rect=0(hr=0) line=0(hr=0) tint=0 spotlight=0 (over 100 flips ending at flip 1600)
[15:09:04] [info] color/alpha audit block 0: cmod_white=652 cmod_black=652 (idx=652) cmod_general=0 (idx=0) cmod_fb=0; alpha_taken=0 alpha_skipped=0 (global cmod=12208/10666/693/0 idx=10666/693 alpha=0/0)
[15:09:04] [info] phase timing block 0: drawcalls=7118 dc_total_ms=1282 flip_inner_total_ms=593 inter_flip_total_ms=6519 (per-flip avg x10: dc_ms=128 fi_ms=59 if_ms=651 derived audio+engine_ms=464; per-drawcall avg us_x10=1802) [direct-vesa: presents=100 total_ms=383 avg_ms_x10=38 failed=0] [ablation: NO_DC_TIMING=0 CACHE_WINSURF=0 DIRECT_VESA=1]
[15:09:04] [info] kbd/audio block 0: kbd_irq=0 kbd_drain=0 ring_chunks=16 pump_pass=4676 pic1_mask=0xb8 first_irq_ticks=0 install_ticks=0 vector_at_install=0x00849fc0 pic1_mask_live=0x38 kbd_8042_stat=0x34 bios_kbd_head=0x0026 bios_kbd_tail=0x0026 bios_kbd_buf0=0x3920
[15:09:04] [info] dirty-rect block @flip=1600: total_calls=0 dirty_rects_avg=1 dirty_pct_x10=1000 forced_full=0 first_n_force=0 threshold_exceeded=0 dirty_path_taken=0 full_flush_taken=0
[15:09:04] [info] prev-frame-diff block @flip=1600: diff_calls=0 diff_rects_avg=0 diff_dirty_pct_x10=0 bbox_pct_x10=0 bbox_thresh_exceeded=0
[15:09:05] [info] flip-probe: flip #1610 ok=true present=4ms inter_flip_ms=66 drawcalls-since-flip=46 drawcalls-total=112406 fail-total=0 null-skips-total=0
[15:09:05] [info] flip-probe: flip #1620 ok=true present=4ms inter_flip_ms=58 drawcalls-since-flip=43 drawcalls-total=112870 fail-total=0 null-skips-total=0
[15:09:06] [info] flip-probe: flip #1630 ok=true present=4ms inter_flip_ms=57 drawcalls-since-flip=43 drawcalls-total=113300 fail-total=0 null-skips-total=0
[15:09:07] [info] flip-probe: flip #1640 ok=true present=4ms inter_flip_ms=61 drawcalls-since-flip=45 drawcalls-total=113755 fail-total=0 null-skips-total=0
[15:09:07] [info] backdrop cache: thrashing-detect engaged (streak=64, route=direct)
[15:09:07] [info] flip-probe: flip #1650 ok=true present=5ms inter_flip_ms=59 drawcalls-since-flip=45 drawcalls-total=114205 fail-total=0 null-skips-total=0
[15:09:08] [info] flip-probe: flip #1660 ok=true present=4ms inter_flip_ms=62 drawcalls-since-flip=47 drawcalls-total=114662 fail-total=0 null-skips-total=0
[15:09:08] [info] backdrop cache: thrashing-detect engaged (streak=4, route=direct)
[15:09:08] [info] flip-probe: flip #1670 ok=true present=4ms inter_flip_ms=74 drawcalls-since-flip=44 drawcalls-total=115118 fail-total=0 null-skips-total=0
[15:09:09] [info] flip-probe: flip #1680 ok=true present=4ms inter_flip_ms=58 drawcalls-since-flip=45 drawcalls-total=115559 fail-total=0 null-skips-total=0
[15:09:10] [info] flip-probe: flip #1690 ok=true present=4ms inter_flip_ms=61 drawcalls-since-flip=46 drawcalls-total=116014 fail-total=0 null-skips-total=0
[15:09:10] [info] flip-probe: flip #1700 ok=true present=4ms inter_flip_ms=61 drawcalls-since-flip=46 drawcalls-total=116479 fail-total=0 null-skips-total=0
[15:09:10] [info] alpha audit block 0: 3117 total drawcalls, 0 with alpha<255 (block pct_x10=0; global 0/102425 pct_x10=0); alpha-mod skipped: block=0 global=0
[15:09:10] [info] fastpath audit block 0: taken=3117 (idx8=3117) skipped=0 pct_x10=1000; global taken=102425 (idx8=102425) skipped=0 pct_x10=1000
[15:09:10] [info] primitive tally block 0: clear=200(hr=200) fill=0(hr=0) rect=0(hr=0) line=0(hr=0) tint=0 spotlight=0 (over 100 flips ending at flip 1700)
[15:09:10] [info] color/alpha audit block 0: cmod_white=1300 cmod_black=1300 (idx=1300) cmod_general=0 (idx=0) cmod_fb=0; alpha_taken=0 alpha_skipped=0 (global cmod=13508/11966/693/0 idx=11966/693 alpha=0/0)
[15:09:10] [info] phase timing block 0: drawcalls=5921 dc_total_ms=1102 flip_inner_total_ms=589 inter_flip_total_ms=6261 (per-flip avg x10: dc_ms=110 fi_ms=58 if_ms=626 derived audio+engine_ms=458; per-drawcall avg us_x10=1861) [direct-vesa: presents=100 total_ms=384 avg_ms_x10=38 failed=0] [ablation: NO_DC_TIMING=0 CACHE_WINSURF=0 DIRECT_VESA=1]
[15:09:10] [info] kbd/audio block 0: kbd_irq=0 kbd_drain=0 ring_chunks=16 pump_pass=4989 pic1_mask=0xb8 first_irq_ticks=0 install_ticks=0 vector_at_install=0x00849fc0 pic1_mask_live=0x38 kbd_8042_stat=0x34 bios_kbd_head=0x0026 bios_kbd_tail=0x0026 bios_kbd_buf0=0x3920
[15:09:10] [info] dirty-rect block @flip=1700: total_calls=0 dirty_rects_avg=1 dirty_pct_x10=1000 forced_full=0 first_n_force=0 threshold_exceeded=0 dirty_path_taken=0 full_flush_taken=0
[15:09:10] [info] prev-frame-diff block @flip=1700: diff_calls=0 diff_rects_avg=0 diff_dirty_pct_x10=0 bbox_pct_x10=0 bbox_thresh_exceeded=0
[15:09:11] [info] flip-probe: flip #1710 ok=true present=4ms inter_flip_ms=57 drawcalls-since-flip=19 drawcalls-total=116696 fail-total=0 null-skips-total=0
[15:09:11] [info] flip-probe: flip #1720 ok=true present=4ms inter_flip_ms=57 drawcalls-since-flip=19 drawcalls-total=116886 fail-total=0 null-skips-total=0
[15:09:12] [info] backdrop cache: thrashing-detect engaged (streak=64, route=direct)
[15:09:12] [info] flip-probe: flip #1730 ok=true present=4ms inter_flip_ms=61 drawcalls-since-flip=19 drawcalls-total=117076 fail-total=0 null-skips-total=0
[15:09:13] [info] flip-probe: flip #1740 ok=true present=4ms inter_flip_ms=55 drawcalls-since-flip=19 drawcalls-total=117266 fail-total=0 null-skips-total=0
[15:09:13] [info] flip-probe: flip #1750 ok=true present=5ms inter_flip_ms=56 drawcalls-since-flip=60 drawcalls-total=117866 fail-total=0 null-skips-total=0
[15:09:14] [info] flip-probe: flip #1760 ok=true present=4ms inter_flip_ms=57 drawcalls-since-flip=60 drawcalls-total=118466 fail-total=0 null-skips-total=0
[15:09:14] [info] flip-probe: flip #1770 ok=true present=4ms inter_flip_ms=56 drawcalls-since-flip=60 drawcalls-total=119066 fail-total=0 null-skips-total=0
[15:09:14] [info] tas: end-of-replay auto-exit at tick 5140 (recording exhausted; set DOSKUTSU_TAS_REPLAY_HOLD=1 to disable + observe steady-state past recording end)
[15:09:15] [info] Script engine shutdown.
[15:09:15] [info] opl3 backend: on_song_stop
[15:09:15] [info] opl3 backend: cleared reg 0xBD chip-wide latch (wub-wub mitigation per flush-instr WAVE-46 H6)
[15:09:15] [info] opl3 backend shutdown (all 18 voices KEY-OFF unconditionally; OPL2 mode restored; chip state safe for next process)
[15:09:15] [info] Sound system shutdown
[15:09:15] [info] Renderer::Close()
[15:09:15] [info] tas: replay file closed
[15:09:15] [info] [fps-true] flips=1774 render_s=159 fps_mean=11.1 (clock-independent: flips / seconds since the FIRST flip; use THIS for the fps matrix, not inter_flip medians, which are invalid in any cell running the PIT/IRQ-0 music pump)
[RUNMANIFEST-BEGIN]
schema_version=1
environment=realhw
binary_sha12=f8d446b4b0e0
wave_tag=551
scene=
env_block_sha=26f7bea79c19
started_utc=2026-11-19T08:09:40Z
duration_s=175
exit_code=0
fps_p50=NA
fps_p95=NA
audio_vital_status=NA
regime=NA
banner_required_hit=0
banner_required_total=0
banner_forbidden_hit=0
banner_optional_hit=0
critical_count=0
warn_count=0
[RUNMANIFEST-END]
[15:09:15] [info] [runmanifest-emit] schema=v1 env=realhw sha12=f8d446b4b0e0 dur=175s tag='551' scene='' env_sha=26f7bea79c19 (signals=0x4)
