Logger::init: wave-53 log level=INFO path='LOGS/551C.LOG'
[15:50:24] [info] config: loaded DOSKUTSU.CFG (1 keys)
[15:50:24] [info] tas: PRNG seed forced to 12345 via DOSKUTSU_TAS_PRNG_SEED
[15:50:24] [info] tas: auto-exit armed at tick 30000 via DOSKUTSU_TAS_AUTO_EXIT_TICK
[15:50:25] [info] tas: replay opened path='QA.TAS' header_seed=12345
[15:50:25] [info] data cache: DISABLED (default)
[15:50:25] [info] Joystick: skipped (default; set DOSKUTSU_USE_JOYSTICK=1 to enable -- skips SDL3-DOS gameport BIOS INT 15h polling, ~82 ms / flip on real HW)
[15:50:25] [info] Loading settings...
[15:50:25] [info] [input-bind] applied=0 invert_y=0 dos_axes=1
[15:50:25] [info] Renderer::initVideo: 8bpp mode requested via SDL_HINT_DOS_MAX_BPP=8 (wave 16); SDL3-DOS will pick the highest-bpp <= 8 mode at requested resolution
[15:50:25] [info] Renderer::initVideo: DOS resolution-label lock ENABLED (default)
[15:50:26] [info] Renderer::initVideo: using: software renderer
[15:50:29] [info] Renderer::initVideo: dirty-rect tracking ENABLED (wave 15, default ON; set SDL_HINT_DOSKUTSU_DIRTY_RECTS=0 to disable)
[15:50:29] [info] Renderer::initVideo: ablation flags: NO_DC_TIMING=0 CACHE_WINSURF=0 NO_INPUT_POLL=0 DIRECT_VESA=1
[15:50:29] [info] Renderer::initVideo: direct-VESA hot path ENABLED (default since wave 20 patch 0088; bypasses SDL_RenderPresent / SDL_UpdateWindowSurface and writes via SDL/0034's PresentFull helper; R2 mitigation handled by SDL/0034 generation counter -- no per-N-flip heartbeat needed; set SDL_HINT_DOSKUTSU_DIRECT_VESA=0 to revert)
[15:50:29] [info] Renderer::initVideo: flip-phase instrumentation DISABLED (default; set SDL_HINT_DOSKUTSU_FLIP_INSTR=1 to opt in for wave-20 Lever A diagnostic)
[15:50:29] [info] Renderer::initVideo: asm opaque-span blit lever DISABLED (default; set SDL_HINT_DOSKUTSU_ASM_BLIT=1 to opt in -- wave-51 _blit_indexed colorkey-blit lever)
[15:50:29] [info] Renderer::initVideo: blit-decomp instrumentation DISABLED (default; set SDL_HINT_DOSKUTSU_BLIT_DECOMP=1 to opt in -- wave-51 _blit_indexed sub-decomp sizing)
[15:50:29] [info] Renderer::initVideo: mds-scroll-decomp instrumentation DISABLED (default; set SDL_HINT_DOSKUTSU_MDS_DECOMP=1 to opt in -- wave-52 mode_draw_scene scrolling-block decomp)
[15:50:29] [info] Renderer::initVideo: DOSVESA pump yield: skipped (default) (per-flip explicit SDL_Delay(0) yield is always on; set SDL_HINT_DOSKUTSU_FORCE_PUMP_YIELD=1 to restore old per-pump yield)
[15:50:29] [info] Renderer::initVideo: indexed-mode (8bpp) ENABLED -- master palette + 107 per-asset remap LUTs loaded (wave 16, default ON; set SDL_HINT_DOSKUTSU_PIXEL_FORMAT_8=0 to disable)
[15:50:29] [info] Renderer::initVideo: master palette attached to window surface (format=SDL_PIXELFORMAT_INDEX8, ncolors=256)
[15:50:29] [info] Renderer::initVideo: indexed-mode smoke: idx0=(0,0,0) OK idx255=(255,0,255) OK
[15:50:29] [info] Renderer::initVideo: indexed-mode smoke: paletteRemapFor('MyChar.pbm') = present
[15:50:30] [info] Surface::loadImage palmap-diag #1: 'data/Loading.pbm' fmt=SDL_PIXELFORMAT_ABGR8888 remap=HIT -> path=truecolor
[15:50:30] [info] Renderer: prev-frame diff DISABLED (default since wave 17.6; set SDL_HINT_DOSKUTSU_PREVFRAME_DIFF=1 to opt in)
[15:50:30] [info] flip-probe: renderer=software window_ptr=8808936 colorspace=301991328 window_size=320x240 framebuffer_pixels=320x240 logical_present=320x240 mode=2
[15:50:30] [info] flip-probe: first flip ok=true present=286ms inter_flip_ms=0 drawcalls-since-flip=1 drawcalls-total=1
[15:50:30] [info] Sound system init
[15:50:30] [info] Sound system: 4-state audio enable (#31) -- music=on sfx=on (MUSIC_OFF/AUDIO_BACKEND=none -> music-off; SFX_OFF/SFX_DEVICE=none -> sfx-off; both gates are dispatch-level, the device still opens; AUDIO_OFF=1 is the device-level both-off).
[15:50:30] [info] Sound system: Tier-2 audio config (default since wave 21 patch 0093; 11025 Hz, 1 channel, buffer pinned to 256 frames). Measured savings on g2k Pentium OverDrive 83 MHz (W21A): heavy-music scenes ~+11 fps vs Tier-1 baseline (measured -10 to -15 ms/flip post-0094 audio fix; W21A's pre-fix -26.6 ms figure was inflated by stereo-vs-mono playback bug, see patch 0094). Audio quality is reduced vs Tier-1 (mono, 11025 Hz, simple-average L+R downmix) but recognizable; user accepted the trade per direction 2026-05-05. Set SDL_HINT_DOSKUTSU_AUDIO_TIER2=0 to revert to Tier-1 22050 stereo (full Cave Story 2004 audio quality; trades fps for fidelity).
[15:50:30] [info] Sound system: SDL_HINT_AUDIO_DEVICE_SAMPLE_FRAMES=256
[15:50:30] [info] Pixtone IRQ rate-divider: handed master_rate=11025 int16/s (SAMPLE_RATE=11025 x AUDIO_CHANNELS=1) to SDL for auto-RATEDIV (SDL/0074 computes shift_div from the resolved device freq).
[15:50:30] [info] Sound system: device frame-rate: requesting 11025 Hz match to master (SDL_DOSAudioSetDeviceFrameRate; SB16 opens at the engine frame rate instead of SDL's 44100 floor -- 4x less PCM/s + no resampler on the Organya/Pixtone path; killswitch SDL_HINT_DOSKUTSU_DOS_AUDIO_DEVICE_RATE_DEFAULT=0).
[15:50:30] [info] audio backend: opl3 (default since wave 46 patch 0139; +8.77 fps vs organya at Mimiga BK_PARALLAX per WAVE-44-OPL3-LOG-ANALYSIS; operator perceptual preference). Probes OPL3 via Adlib timer-1 sequence at SoundManager::init; on probe failure falls back gracefully to organya. Override via SDL_HINT_DOSKUTSU_AUDIO_BACKEND=organya for Cave Story 2004 original synth. Pixtone SFX continues on SB16 DAC unchanged.
[15:50:30] [info] wave-13.6.1: ring_chunks=16 FORCE_PUMP_YIELD=off (set SDL_HINT_DOSKUTSU_AUDIO_RING_CHUNKS=4|8|16 to override; default 16 matches wave 13.6 behaviour)
[15:50:31] [info] MidiScheduler: MIDI source = 'orgmid2' (native-GM org2mid set; resolves to data/orgmid2/<name>.mid).
[15:50:31] [info] opl3 backend probing for OPL3 chip (Adlib timer-1 sequence)...
[15:50:31] [info] opl3 backend: opl3bank.dat loaded 128 programs from 'data/opl3bank.dat' (v1; 1536 bytes payload). Per-program GM patches now use the runtime bank; programs >= 128 fall back to 8-patch family bucket. Drum channel (MIDI ch 9) unchanged (uses PATCH_DRUM regardless of bank loading).
[15:50:31] [info] opl3 backend ready (OPL3 detected via Adlib timer-1; InitChip applied 18 x 2-op layout; voice allocator armed). Patch bank state: runtime opl3bank.dat ACTIVE (loaded_count=128; programs >= loaded_count fall back to 8-patch placeholder covering GM family categories piano/mallet/organ/guitar/strings/brass/reed/pad). Phase 10.5 path: ship a fuller community bank as data/opl3bank.dat (DOPL3v1 format; 12-byte SBI records per GM program; loader at MidiBackendOpl3 ctor).
[15:50:31] [info] opl3 backend: PATCH_ORGAN + PATCH_MALLET RR=8 (medium release; wub-wub fix per patch 0171; was RR=0 in slot 0103 placeholder -- KEY-OFF couldn't silence; H6 reg 0xBD wave-47 falsified; H1+H5/RR=0 byte-level bug root per WAVE-46/47 analysis)
[15:50:31] [info] Sound system: MidiScheduler armed with MidiBackendOpl3 (patch 0103 Phase 10 Stage 4). Music dispatch routes via SMF parser + 18 x 2-op OPL3 voice allocator + small inline patch bank (community-sourced from Apogee Sound System / AdLib SBI public-domain refs). Pixtone SFX still active on SB16 DAC.
[15:50:31] [info] Sound system: idle-pause skipped (default OFF since patch 0119; backend=opl3 would qualify but operator did not opt-in via SDL_HINT_DOSKUTSU_IDLE_PAUSE=1). DSP stays in continuous-stream mode. Re-enable for an A/B iter once SDL/0037 ForcePause non-engagement is rooted out (task #17).
[15:50:31] [warn] Music dir Ogg/ doesn't exist
[15:50:31] [warn] Music dir Ogg11/ doesn't exist
[15:50:31] [warn] Music dir Ogg17/ doesn't exist
[15:50:31] [warn] Music dir Ogg_ridic/ doesn't exist
[15:50:31] [info] Loading Sound FX...
[15:50:32] [info] [pxt-cache] init(): HIT (loaded cache; render skipped)
[15:50:43] [info] Organya init...
[15:50:45] [info] Organya init done
[15:51:01] [info] gus SFX gain [nx0259]: 70% (SDL_HINT_DOSKUTSU_GUS_SFX_GAIN; scales the GF1 SFX voice volume to balance against velocity/CC-scaled GUS music; default 70, clamp 0..150).
[15:51:01] [info] pixtone IRQ-mix: ENABLED (default; SDL backend engaged; set SDL_HINT_DOSKUTSU_PIXTONE_IRQ_MIX=0 to disable)
[15:51:01] [info] Pixtone::setVolume: L3 active -- mid-play SFX volume updates are no-op in v1 (v2 candidate: SDL_DOSPixtoneSetGain API). gain_x256=256 stored for subsequent SDL_DOSPixtoneStart calls; currently-playing L3 channels unaffected.
[15:51:01] [info] midi ISR tick: engine registered tick_isr callback (L2b active; default ON; set SDL_HINT_DOSKUTSU_MIDI_ISR_TICK=0 to disable)
[15:51:01] [info] menu slide-in fixed-timestep: ENABLED (default; slide advances at 50 Hz logic rate)
[15:51:01] [info] Reading npc.tbl...
[15:51:01] [info] Loading tilekey.dat.
[15:51:01] [info] Script engine init.
[15:51:02] [info] Entering main loop...
[15:51:02] [info] audio mid-gap pump: DISABLED (default)
[15:51:02] [info] TAS fixed-timestep guard: ENABLED (default) (patch 0280; load_stage wall-clock kept out of the FT accumulator so TAS replay advances at a true 50 Hz; set SDL_HINT_DOSKUTSU_TAS_FT_GUARD=0 to disable)
[15:51:02] [info] load_stage ring+DMA silence flush: ENABLED (default) (set SDL_HINT_DOSKUTSU_LOADSTAGE_SILENCE=0 to disable)
[15:51:02] [info] load-band audio-underrun probe: DISABLED (default) (opt-in SDL_HINT_DOSKUTSU_LOADBAND_STAT=1)
[15:51:02] [info]  >> Entering stage 72: 'u'.
[15:51:02] [info] skip sheet flush: ENABLED (default) (SFXPAUSE-012 SHIPPED FIX; sprite sheets stay resident across caves so no per-cave re-decode -> no fire-frame pause; map_flush_graphics tilemap cache still flushes; set SDL_HINT_DOSKUTSU_SKIP_SHEET_FLUSH=0 to restore the old per-cave flush)
[15:51:02] [info] [skip-sheet-flush] cave=1
[15:51:02] [info] eager action sheets: ENABLED (default) (first-fire hitch fix: pre-loads the weapon bullet + hit/muzzle/trail caret sheets at stage load so the first fire/impact does not lazy-decode mid-gameplay; set SDL_HINT_DOSKUTSU_EAGER_ACTION_SHEETS=0 to restore lazy load)
[15:51:02] [info] Surface::loadImage palmap-diag #2: 'data/Bullet.pbm' fmt=SDL_PIXELFORMAT_ABGR8888 remap=HIT -> path=truecolor
[15:51:03] [info] Surface::loadImage palmap-diag #3: 'data/Arms.pbm' fmt=SDL_PIXELFORMAT_ABGR8888 remap=HIT -> path=truecolor
[15:51:03] [info] Surface::loadImage palmap-diag #4: 'data/Caret.pbm' fmt=SDL_PIXELFORMAT_ABGR8888 remap=HIT -> path=truecolor
[15:51:03] [info] Surface::loadImage palmap-diag #5: 'data/Npc/NpcSym.pbm' fmt=SDL_PIXELFORMAT_ABGR8888 remap=HIT -> path=truecolor
[15:51:04] [info] [eager-action-sheets] cave=1 sheets=4 wall_ms=1688
[15:51:04] [info] Surface::loadImage palmap-diag #6: 'data/Stage/PrtWhite.pbm' fmt=SDL_PIXELFORMAT_ABGR8888 remap=HIT -> path=truecolor
[15:51:05] [info] load_stage: entry-music preload ENABLED (default) (set SDL_HINT_DOSKUTSU_PRELOAD_STAGE_MUSIC=0 to disable)
[15:51:05] [info] Surface::loadImage palmap-diag #7: 'data/bk0.pbm' fmt=SDL_PIXELFORMAT_ABGR8888 remap=HIT -> path=truecolor
[15:51:05] [info] gameloop: entered (curmap=72, running=1)
[15:51:05] [info] gameloop: iter 1 ticks=40193 mapno=-1
[15:51:05] [info] fixed-timestep: ENABLED (default; logic 50 Hz, decoupled from render)
[15:51:05] [info] map: BG skip-when-unchanged DISABLED (default) (set SDL_HINT_DOSKUTSU_BG_SKIP_WHEN_UNCHANGED=1 to enable; default OFF since wave-61 -- abandoned, it shipped a backdrop-black flicker and its +0.87 fps was below the noise floor)
[15:51:05] [info] map: skip-redundant-clear lever ENABLED (default since wave-53 promotion)
[15:51:05] [info] perf-mode: level=0 (faithful (default))
[15:51:05] [info] Surface::loadImage palmap-diag #8: 'data/Npc/NpcKings.pbm' fmt=SDL_PIXELFORMAT_ABGR8888 remap=HIT -> path=truecolor
[15:51:05] [info] audio tick-boundary pump: DISABLED (default)
[15:51:05] [info] gameloop: iter 2 ticks=40678 mapno=-1
[15:51:05] [info] gameloop: iter 3 ticks=40746 mapno=-1
[15:51:05] [info] direct-vesa: snapshot @gen=2 use_dosmemput=1 banked_multibank=1 pitches_match=1 vram_w=320 vram_h=240 vram_pitch=320 bpp=1 fb_size=76800 vram_phys=0x000a0000 vram_ptr=0x00000000
[15:51:06] [info] flip-probe: flip #10 ok=true present=6ms inter_flip_ms=41 drawcalls-since-flip=6 drawcalls-total=43 fail-total=0 null-skips-total=0
[15:51:06] [info] flip-probe: flip #20 ok=true present=5ms inter_flip_ms=41 drawcalls-since-flip=4 drawcalls-total=92 fail-total=0 null-skips-total=0
[15:51:07] [info] flip-probe: flip #30 ok=true present=5ms inter_flip_ms=83 drawcalls-since-flip=326 drawcalls-total=2707 fail-total=0 null-skips-total=0
[15:51:08] [info] flip-probe: flip #40 ok=true present=5ms inter_flip_ms=76 drawcalls-since-flip=264 drawcalls-total=5837 fail-total=0 null-skips-total=0
[15:51:08] [info] flip-probe: flip #50 ok=true present=5ms inter_flip_ms=48 drawcalls-since-flip=67 drawcalls-total=7392 fail-total=0 null-skips-total=0
[15:51:09] [info] flip-probe: flip #60 ok=true present=6ms inter_flip_ms=38 drawcalls-since-flip=4 drawcalls-total=7502 fail-total=0 null-skips-total=0
[15:51:09] [info] flip-probe: flip #70 ok=true present=5ms inter_flip_ms=39 drawcalls-since-flip=6 drawcalls-total=7557 fail-total=0 null-skips-total=0
[15:51:09] [info] flip-probe: flip #80 ok=true present=5ms inter_flip_ms=20 drawcalls-since-flip=0 drawcalls-total=7586 fail-total=0 null-skips-total=0
[15:51:10] [info] flip-probe: flip #90 ok=true present=5ms inter_flip_ms=20 drawcalls-since-flip=0 drawcalls-total=7586 fail-total=0 null-skips-total=0
[15:51:10] [info] title: eager-title-IO phase tag ENABLED (default) (set SDL_HINT_DOSKUTSU_EAGER_TITLE_IO=0 to disable)
[15:51:10] [warn] MidiScheduler::_refresh_isr_buffer: track has 27749 events; ISR buffer is 16384 (truncated; events after 16384 will not dispatch under L2b ON -- the engine-thread tick() path still uses _events directly under L2b OFF)
[15:51:10] [info] MidiScheduler::load: parsed 'data/orgmid2/curly.mid' = 27749 events at 48 PPQ
[15:51:10] [info] opl3 backend: on_song_start
[15:51:11] [info] gameloop: entered (curmap=1005, running=1)
[15:51:11] [info] gameloop: iter 1 ticks=46436 mapno=-1
[15:51:11] [info] map: backdrop cache ENABLED (default) (set SDL_HINT_DOSKUTSU_BACKDROP_CACHE=0 to disable)
[15:51:12] [info] gameloop: iter 2 ticks=47440 mapno=-1
[15:51:12] [info] gameloop: iter 3 ticks=47492 mapno=-1
[15:51:12] [info] backdrop cache: thrashing-detect engaged (streak=4, route=direct)
[15:51:12] [info] flip-probe: flip #100 ok=true present=6ms inter_flip_ms=44 drawcalls-since-flip=75 drawcalls-total=7886 fail-total=0 null-skips-total=0
[15:51:12] [info] alpha audit block 0: 7798 total drawcalls, 0 with alpha<255 (block pct_x10=0; global 0/7798 pct_x10=0); alpha-mod skipped: block=0 global=0
[15:51:12] [info] fastpath audit block 0: taken=7798 (idx8=7798) skipped=0 pct_x10=1000; global taken=7798 (idx8=7798) skipped=0 pct_x10=1000
[15:51:12] [info] primitive tally block 0: clear=220(hr=220) fill=0(hr=0) rect=0(hr=0) line=0(hr=0) tint=0 spotlight=0 (over 100 flips ending at flip 100)
[15:51:12] [info] color/alpha audit block 0: cmod_white=104 cmod_black=0 (idx=0) cmod_general=84 (idx=84) cmod_fb=0; alpha_taken=0 alpha_skipped=0 (global cmod=104/0/84/0 idx=0/84 alpha=0/0)
[15:51:12] [info] phase timing block 0: drawcalls=8209 dc_total_ms=1805 flip_inner_total_ms=1071 inter_flip_total_ms=42178 (per-flip avg x10: dc_ms=180 fi_ms=107 if_ms=4217 derived audio+engine_ms=3930; per-drawcall avg us_x10=2199) [direct-vesa: presents=97 total_ms=520 avg_ms_x10=53 failed=0] [ablation: NO_DC_TIMING=0 CACHE_WINSURF=0 DIRECT_VESA=1]
[15:51:12] [info] kbd/audio block 0: kbd_irq=0 kbd_drain=0 ring_chunks=16 pump_pass=99 pic1_mask=0xb8 first_irq_ticks=0 install_ticks=0 vector_at_install=0x00849f38 pic1_mask_live=0x38 kbd_8042_stat=0x34 bios_kbd_head=0x0036 bios_kbd_tail=0x0036 bios_kbd_buf0=0x1675
[15:51:12] [info] audio/engine split block 0: audio_mixer_calls=0 audio_mixer_ms_x10=0 engine_tick_calls=99 engine_tick_ms_x10=635 audio_service_calls=0 audio_service_ms_x10=0 (per-flip avg; per-call us_x10: audio_mix=0 engine_tick=642183 audio_service=0; global ns: audio_mix=0 engine_tick=6357619978 audio_service=0)
[15:51:12] [info] pixtone multi-source probe: DISABLED (default)
[15:51:12] [info] dirty-rect block @flip=100: total_calls=0 dirty_rects_avg=0 dirty_pct_x10=990 forced_full=0 first_n_force=3 threshold_exceeded=2 dirty_path_taken=0 full_flush_taken=3
[15:51:12] [info] prev-frame-diff block @flip=100: diff_calls=0 diff_rects_avg=0 diff_dirty_pct_x10=0 bbox_pct_x10=0 bbox_thresh_exceeded=0
[15:51:13] [info] flip-probe: flip #110 ok=true present=5ms inter_flip_ms=37 drawcalls-since-flip=75 drawcalls-total=8636 fail-total=0 null-skips-total=0
[15:51:13] [info] flip-probe: flip #120 ok=true present=5ms inter_flip_ms=37 drawcalls-since-flip=75 drawcalls-total=9386 fail-total=0 null-skips-total=0
[15:51:14] [info] flip-probe: flip #130 ok=true present=5ms inter_flip_ms=19 drawcalls-since-flip=0 drawcalls-total=9986 fail-total=0 null-skips-total=0
[15:51:14] [info] Loading profile from profile.dat
[15:51:14] [error] profile_load: unable to open 'profile.dat'
[15:51:14] [info] Loading profile from profile2.dat
[15:51:14] [error] profile_load: unable to open 'profile2.dat'
[15:51:14] [info] Loading profile from profile3.dat
[15:51:14] [info] Loading profile from profile4.dat
[15:51:14] [error] profile_load: unable to open 'profile4.dat'
[15:51:14] [info] Loading profile from profile5.dat
[15:51:14] [info] flip-probe: flip #140 ok=true present=5ms inter_flip_ms=64 drawcalls-since-flip=214 drawcalls-total=10842 fail-total=0 null-skips-total=0
[15:51:15] [info] flip-probe: flip #150 ok=true present=5ms inter_flip_ms=64 drawcalls-since-flip=214 drawcalls-total=12982 fail-total=0 null-skips-total=0
[15:51:15] [info] Writing settings...
[15:51:15] [info] flip-probe: flip #160 ok=true present=5ms inter_flip_ms=20 drawcalls-since-flip=0 drawcalls-total=13846 fail-total=0 null-skips-total=0
[15:51:15] [info] gameloop: iter 600 ticks=50872 mapno=-1
[15:51:15] [info] flip-probe: flip #170 ok=true present=6ms inter_flip_ms=26 drawcalls-since-flip=0 drawcalls-total=13846 fail-total=0 null-skips-total=0
[15:51:16] [info] opl3 backend: on_song_stop
[15:51:16] [info] Loading profile from profile5.dat
[15:51:16] [info]  >> Entering stage 20: 'Save Point'.
[15:51:16] [info] [skip-sheet-flush] cave=2
[15:51:17] [info] MidiScheduler::load: parsed 'data/orgmid2/mura.mid' = 7123 events at 48 PPQ
[15:51:17] [info] opl3 backend: on_song_start
[15:51:17] [info] gameloop: entered (curmap=20, running=1)
[15:51:17] [info] gameloop: iter 1 ticks=52248 mapno=-1
[15:51:17] [info] TAS stall discount: ENABLED (default) (patch 0286; a replay frame over 150 ms is a load, not slow rendering, so it contributes 1 tick instead of its wall-clock; set SDL_HINT_DOSKUTSU_TAS_STALL_DISCOUNT=0 to disable)
[15:51:17] [info] TAS accumulator clamp: DISABLED (default) (patch 0281; caps the FT accumulator delta at one tick during TAS so a stalled frame cannot race the replay index; set SDL_HINT_DOSKUTSU_TAS_FT_GUARD=0 to disable)
[15:51:17] [info] gameloop: iter 2 ticks=52303 mapno=-1
[15:51:17] [info] gameloop: iter 3 ticks=52351 mapno=-1
[15:51:17] [info] flip-probe: flip #180 ok=true present=5ms inter_flip_ms=42 drawcalls-since-flip=17 drawcalls-total=13971 fail-total=0 null-skips-total=0
[15:51:17] [info] flip-probe: flip #190 ok=true present=6ms inter_flip_ms=43 drawcalls-since-flip=17 drawcalls-total=14141 fail-total=0 null-skips-total=0
[15:51:18] [info] flip-probe: flip #200 ok=true present=5ms inter_flip_ms=45 drawcalls-since-flip=17 drawcalls-total=14311 fail-total=0 null-skips-total=0
[15:51:18] [info] alpha audit block 0: 5788 total drawcalls, 0 with alpha<255 (block pct_x10=0; global 0/13586 pct_x10=0); alpha-mod skipped: block=0 global=0
[15:51:18] [info] fastpath audit block 0: taken=5788 (idx8=5788) skipped=0 pct_x10=1000; global taken=13586 (idx8=13586) skipped=0 pct_x10=1000
[15:51:18] [info] primitive tally block 0: clear=201(hr=201) fill=0(hr=0) rect=0(hr=0) line=0(hr=0) tint=0 spotlight=0 (over 100 flips ending at flip 200)
[15:51:18] [info] color/alpha audit block 0: cmod_white=1438 cmod_black=0 (idx=0) cmod_general=609 (idx=609) cmod_fb=0; alpha_taken=0 alpha_skipped=0 (global cmod=1542/0/693/0 idx=0/693 alpha=0/0)
[15:51:18] [info] phase timing block 0: drawcalls=8036 dc_total_ms=1675 flip_inner_total_ms=734 inter_flip_total_ms=5713 (per-flip avg x10: dc_ms=167 fi_ms=73 if_ms=571 derived audio+engine_ms=331; per-drawcall avg us_x10=2085) [direct-vesa: presents=100 total_ms=533 avg_ms_x10=53 failed=0] [ablation: NO_DC_TIMING=0 CACHE_WINSURF=0 DIRECT_VESA=1]
[15:51:18] [info] kbd/audio block 0: kbd_irq=0 kbd_drain=0 ring_chunks=16 pump_pass=225 pic1_mask=0xb8 first_irq_ticks=0 install_ticks=0 vector_at_install=0x00849f38 pic1_mask_live=0x38 kbd_8042_stat=0x34 bios_kbd_head=0x0036 bios_kbd_tail=0x0036 bios_kbd_buf0=0x1675
[15:51:18] [info] audio/engine split block 0: audio_mixer_calls=0 audio_mixer_ms_x10=0 engine_tick_calls=76 engine_tick_ms_x10=233 audio_service_calls=0 audio_service_ms_x10=0 (per-flip avg; per-call us_x10: audio_mix=0 engine_tick=306928 audio_service=0; global ns: audio_mix=0 engine_tick=8690274731 audio_service=0)
[15:51:18] [info] dirty-rect block @flip=200: total_calls=0 dirty_rects_avg=1 dirty_pct_x10=1000 forced_full=0 first_n_force=0 threshold_exceeded=0 dirty_path_taken=0 full_flush_taken=0
[15:51:18] [info] prev-frame-diff block @flip=200: diff_calls=0 diff_rects_avg=0 diff_dirty_pct_x10=0 bbox_pct_x10=0 bbox_thresh_exceeded=0
[15:51:18] [info] flip-probe: flip #210 ok=true present=6ms inter_flip_ms=42 drawcalls-since-flip=17 drawcalls-total=14481 fail-total=0 null-skips-total=0
[15:51:19] [info] flip-probe: flip #220 ok=true present=6ms inter_flip_ms=84 drawcalls-since-flip=298 drawcalls-total=15227 fail-total=0 null-skips-total=0
[15:51:19] [info]  >> Entering stage 11: 'Mimiga Village'.
[15:51:19] [info] [skip-sheet-flush] cave=3
[15:51:20] [info] [load-stage] preloading entry music song=9 (cave=3)
[15:51:20] [info] gameloop: entered (curmap=11, running=1)
[15:51:20] [info] gameloop: iter 1 ticks=55471 mapno=-1
[15:51:20] [info] map: mds_clear LUT ENABLED (default) (set SDL_HINT_DOSKUTSU_MDS_CLEAR_LUT=0 to disable; default ON; patch 0144 wave-49 bandwidth lever)
[15:51:20] [info] mds-clear-lut: rebuilt N=240 entries (k_skip=0% k_keep=100%; curmap=11 map_size=60x60; rebuild #1 since boot)
[15:51:20] [info] backdrop thrash full-cover ENABLED (default) (set SDL_HINT_DOSKUTSU_THRASH_FULLCOVER=0 to disable)
[15:51:20] [info] [bd-diag] backdrop render-path diag disabled (default) (set SDL_HINT_DOSKUTSU_BACKDROP_DIAG=1 to enable)
[15:51:20] [info] gameloop: iter 2 ticks=55832 mapno=-1
[15:51:20] [info] tas: stall frame 362 ms -> contributing 1 tick (patch 0286)
[15:51:20] [info] gameloop: iter 3 ticks=55961 mapno=-1
[15:51:21] [info] flip-probe: flip #230 ok=true present=6ms inter_flip_ms=124 drawcalls-since-flip=380 drawcalls-total=18578 fail-total=0 null-skips-total=0
[15:51:21] [info] backdrop cache: thrashing-detect engaged (streak=4, route=direct)
[15:51:22] [info] flip-probe: flip #240 ok=true present=5ms inter_flip_ms=63 drawcalls-since-flip=43 drawcalls-total=19356 fail-total=0 null-skips-total=0
[15:51:22] [info] backdrop cache: thrashing-detect engaged (streak=4, route=direct)
[15:51:22] [info] flip-probe: flip #250 ok=true present=5ms inter_flip_ms=64 drawcalls-since-flip=44 drawcalls-total=19809 fail-total=0 null-skips-total=0
[15:51:23] [info] flip-probe: flip #260 ok=true present=5ms inter_flip_ms=60 drawcalls-since-flip=43 drawcalls-total=20241 fail-total=0 null-skips-total=0
[15:51:24] [info] flip-probe: flip #270 ok=true present=6ms inter_flip_ms=62 drawcalls-since-flip=43 drawcalls-total=20671 fail-total=0 null-skips-total=0
[15:51:24] [info] flip-probe: flip #280 ok=true present=5ms inter_flip_ms=66 drawcalls-since-flip=43 drawcalls-total=21101 fail-total=0 null-skips-total=0
[15:51:25] [info] flip-probe: flip #290 ok=true present=6ms inter_flip_ms=61 drawcalls-since-flip=43 drawcalls-total=21531 fail-total=0 null-skips-total=0
[15:51:25] [info] flip-probe: flip #300 ok=true present=5ms inter_flip_ms=60 drawcalls-since-flip=43 drawcalls-total=21961 fail-total=0 null-skips-total=0
[15:51:25] [info] alpha audit block 0: 6600 total drawcalls, 0 with alpha<255 (block pct_x10=0; global 0/20186 pct_x10=0); alpha-mod skipped: block=0 global=0
[15:51:25] [info] fastpath audit block 0: taken=6600 (idx8=6600) skipped=0 pct_x10=1000; global taken=20186 (idx8=20186) skipped=0 pct_x10=1000
[15:51:25] [info] primitive tally block 0: clear=201(hr=201) fill=0(hr=0) rect=0(hr=0) line=0(hr=0) tint=0 spotlight=0 (over 100 flips ending at flip 300)
[15:51:25] [info] color/alpha audit block 0: cmod_white=975 cmod_black=975 (idx=975) cmod_general=0 (idx=0) cmod_fb=0; alpha_taken=0 alpha_skipped=0 (global cmod=2517/975/693/0 idx=975/693 alpha=0/0)
[15:51:25] [info] phase timing block 0: drawcalls=8761 dc_total_ms=1491 flip_inner_total_ms=741 inter_flip_total_ms=7554 (per-flip avg x10: dc_ms=149 fi_ms=74 if_ms=755 derived audio+engine_ms=532; per-drawcall avg us_x10=1702) [direct-vesa: presents=100 total_ms=535 avg_ms_x10=53 failed=0] [ablation: NO_DC_TIMING=0 CACHE_WINSURF=0 DIRECT_VESA=1]
[15:51:25] [info] kbd/audio block 0: kbd_irq=0 kbd_drain=0 ring_chunks=16 pump_pass=540 pic1_mask=0xb8 first_irq_ticks=0 install_ticks=0 vector_at_install=0x00849f38 pic1_mask_live=0x38 kbd_8042_stat=0x34 bios_kbd_head=0x0036 bios_kbd_tail=0x0036 bios_kbd_buf0=0x1675
[15:51:26] [info] [tile-speedup-stat n=100 drawtile_us=143.91 raw_blit_us=92.15 ratio=1.56]
[15:51:26] [info] dirty-rect block @flip=300: total_calls=100 dirty_rects_avg=1 dirty_pct_x10=1000 forced_full=0 first_n_force=0 threshold_exceeded=0 dirty_path_taken=0 full_flush_taken=0
[15:51:26] [info] prev-frame-diff block @flip=300: diff_calls=0 diff_rects_avg=0 diff_dirty_pct_x10=0 bbox_pct_x10=0 bbox_thresh_exceeded=0
[15:51:26] [info] tas: stall frame 379 ms -> contributing 1 tick (patch 0286)
[15:51:26] [info] backdrop cache: thrashing-detect engaged (streak=64, route=direct)
[15:51:26] [info] flip-probe: flip #310 ok=true present=6ms inter_flip_ms=65 drawcalls-since-flip=44 drawcalls-total=22508 fail-total=0 null-skips-total=0
[15:51:27] [info] flip-probe: flip #320 ok=true present=5ms inter_flip_ms=65 drawcalls-since-flip=44 drawcalls-total=22937 fail-total=0 null-skips-total=0
[15:51:28] [info] flip-probe: flip #330 ok=true present=6ms inter_flip_ms=61 drawcalls-since-flip=41 drawcalls-total=23365 fail-total=0 null-skips-total=0
[15:51:28] [info] flip-probe: flip #340 ok=true present=5ms inter_flip_ms=63 drawcalls-since-flip=44 drawcalls-total=23798 fail-total=0 null-skips-total=0
[15:51:29] [info] flip-probe: flip #350 ok=true present=6ms inter_flip_ms=58 drawcalls-since-flip=15 drawcalls-total=24085 fail-total=0 null-skips-total=0
[15:51:29] [info] flip-probe: flip #360 ok=true present=5ms inter_flip_ms=84 drawcalls-since-flip=199 drawcalls-total=24543 fail-total=0 null-skips-total=0
[15:51:30] [info]  >> Entering stage 17: 'Yamashita Farm'.
[15:51:30] [info] [skip-sheet-flush] cave=4
[15:51:30] [info] [load-stage] preloading entry music song=13 (cave=4)
[15:51:30] [info] opl3 backend: on_song_stop
[15:51:31] [info] MidiScheduler::load: parsed 'data/orgmid2/plant.mid' = 6246 events at 48 PPQ
[15:51:31] [info] opl3 backend: on_song_start
[15:51:31] [info] gameloop: entered (curmap=17, running=1)
[15:51:31] [info] gameloop: iter 1 ticks=66369 mapno=-1
[15:51:31] [info] mds-clear-lut: rebuilt N=240 entries (k_skip=33% k_keep=67%; curmap=17 map_size=40x16; rebuild #2 since boot)
[15:51:31] [info] gameloop: iter 2 ticks=66663 mapno=-1
[15:51:31] [info] tas: stall frame 294 ms -> contributing 1 tick (patch 0286)
[15:51:31] [info] gameloop: iter 3 ticks=66777 mapno=-1
[15:51:32] [info] flip-probe: flip #370 ok=true present=5ms inter_flip_ms=117 drawcalls-since-flip=409 drawcalls-total=27398 fail-total=0 null-skips-total=0
[15:51:32] [info] flip-probe: flip #380 ok=true present=5ms inter_flip_ms=83 drawcalls-since-flip=131 drawcalls-total=29278 fail-total=0 null-skips-total=0
[15:51:33] [info] flip-probe: flip #390 ok=true present=6ms inter_flip_ms=106 drawcalls-since-flip=130 drawcalls-total=30684 fail-total=0 null-skips-total=0
[15:51:33] [info] backdrop cache: thrashing-detect engaged (streak=4, route=direct)
[15:51:34] [info] flip-probe: flip #400 ok=true present=6ms inter_flip_ms=98 drawcalls-since-flip=141 drawcalls-total=32076 fail-total=0 null-skips-total=0
[15:51:34] [info] alpha audit block 0: 8988 total drawcalls, 0 with alpha<255 (block pct_x10=0; global 0/29174 pct_x10=0); alpha-mod skipped: block=0 global=0
[15:51:34] [info] fastpath audit block 0: taken=8988 (idx8=8988) skipped=0 pct_x10=1000; global taken=29174 (idx8=29174) skipped=0 pct_x10=1000
[15:51:34] [info] primitive tally block 0: clear=202(hr=202) fill=0(hr=0) rect=0(hr=0) line=0(hr=0) tint=0 spotlight=0 (over 100 flips ending at flip 400)
[15:51:34] [info] color/alpha audit block 0: cmod_white=1027 cmod_black=1027 (idx=1027) cmod_general=0 (idx=0) cmod_fb=0; alpha_taken=0 alpha_skipped=0 (global cmod=3544/2002/693/0 idx=2002/693 alpha=0/0)
[15:51:34] [info] phase timing block 0: drawcalls=11268 dc_total_ms=1666 flip_inner_total_ms=747 inter_flip_total_ms=9006 (per-flip avg x10: dc_ms=166 fi_ms=74 if_ms=900 derived audio+engine_ms=660; per-drawcall avg us_x10=1479) [direct-vesa: presents=100 total_ms=533 avg_ms_x10=53 failed=0] [ablation: NO_DC_TIMING=0 CACHE_WINSURF=0 DIRECT_VESA=1]
[15:51:34] [info] kbd/audio block 0: kbd_irq=0 kbd_drain=0 ring_chunks=16 pump_pass=909 pic1_mask=0xb8 first_irq_ticks=0 install_ticks=0 vector_at_install=0x00849f38 pic1_mask_live=0x38 kbd_8042_stat=0x34 bios_kbd_head=0x0036 bios_kbd_tail=0x0036 bios_kbd_buf0=0x1675
[15:51:34] [info] dirty-rect block @flip=400: total_calls=0 dirty_rects_avg=1 dirty_pct_x10=1000 forced_full=0 first_n_force=0 threshold_exceeded=0 dirty_path_taken=0 full_flush_taken=0
[15:51:34] [info] prev-frame-diff block @flip=400: diff_calls=0 diff_rects_avg=0 diff_dirty_pct_x10=0 bbox_pct_x10=0 bbox_thresh_exceeded=0
[15:51:34] [info] tas: stall frame 169 ms -> contributing 1 tick (patch 0286)
[15:51:35] [info] flip-probe: flip #410 ok=true present=6ms inter_flip_ms=102 drawcalls-since-flip=146 drawcalls-total=33489 fail-total=0 null-skips-total=0
[15:51:36] [info] flip-probe: flip #420 ok=true present=5ms inter_flip_ms=102 drawcalls-since-flip=144 drawcalls-total=34900 fail-total=0 null-skips-total=0
[15:51:37] [info] backdrop cache: thrashing-detect engaged (streak=4, route=direct)
[15:51:37] [info] flip-probe: flip #430 ok=true present=5ms inter_flip_ms=94 drawcalls-since-flip=128 drawcalls-total=36194 fail-total=0 null-skips-total=0
[15:51:38] [info] flip-probe: flip #440 ok=true present=6ms inter_flip_ms=81 drawcalls-since-flip=126 drawcalls-total=37475 fail-total=0 null-skips-total=0
[15:51:39] [info] flip-probe: flip #450 ok=true present=5ms inter_flip_ms=96 drawcalls-since-flip=126 drawcalls-total=38728 fail-total=0 null-skips-total=0
[15:51:40] [info] flip-probe: flip #460 ok=true present=5ms inter_flip_ms=103 drawcalls-since-flip=147 drawcalls-total=40118 fail-total=0 null-skips-total=0
[15:51:41] [info] flip-probe: flip #470 ok=true present=6ms inter_flip_ms=86 drawcalls-since-flip=136 drawcalls-total=41509 fail-total=0 null-skips-total=0
[15:51:42] [info] flip-probe: flip #480 ok=true present=5ms inter_flip_ms=98 drawcalls-since-flip=140 drawcalls-total=42908 fail-total=0 null-skips-total=0
[15:51:43] [info] backdrop cache: thrashing-detect engaged (streak=64, route=direct)
[15:51:43] [info] flip-probe: flip #490 ok=true present=6ms inter_flip_ms=97 drawcalls-since-flip=115 drawcalls-total=44172 fail-total=0 null-skips-total=0
[15:51:44] [info] backdrop cache: thrashing-detect engaged (streak=4, route=direct)
[15:51:44] [info] flip-probe: flip #500 ok=true present=5ms inter_flip_ms=93 drawcalls-since-flip=116 drawcalls-total=45268 fail-total=0 null-skips-total=0
[15:51:44] [info] alpha audit block 0: 11974 total drawcalls, 0 with alpha<255 (block pct_x10=0; global 0/41148 pct_x10=0); alpha-mod skipped: block=0 global=0
[15:51:44] [info] fastpath audit block 0: taken=11974 (idx8=11974) skipped=0 pct_x10=1000; global taken=41148 (idx8=41148) skipped=0 pct_x10=1000
[15:51:44] [info] primitive tally block 0: clear=200(hr=200) fill=0(hr=0) rect=0(hr=0) line=0(hr=0) tint=0 spotlight=0 (over 100 flips ending at flip 500)
[15:51:44] [info] color/alpha audit block 0: cmod_white=1118 cmod_black=1118 (idx=1118) cmod_general=0 (idx=0) cmod_fb=0; alpha_taken=0 alpha_skipped=0 (global cmod=4662/3120/693/0 idx=3120/693 alpha=0/0)
[15:51:44] [info] phase timing block 0: drawcalls=14418 dc_total_ms=1520 flip_inner_total_ms=740 inter_flip_total_ms=9455 (per-flip avg x10: dc_ms=152 fi_ms=74 if_ms=945 derived audio+engine_ms=719; per-drawcall avg us_x10=1054) [direct-vesa: presents=100 total_ms=531 avg_ms_x10=53 failed=0] [ablation: NO_DC_TIMING=0 CACHE_WINSURF=0 DIRECT_VESA=1]
[15:51:44] [info] kbd/audio block 0: kbd_irq=0 kbd_drain=0 ring_chunks=16 pump_pass=1376 pic1_mask=0xb8 first_irq_ticks=0 install_ticks=0 vector_at_install=0x00849f38 pic1_mask_live=0x38 kbd_8042_stat=0x34 bios_kbd_head=0x0036 bios_kbd_tail=0x0036 bios_kbd_buf0=0x1675
[15:51:44] [info] dirty-rect block @flip=500: total_calls=0 dirty_rects_avg=1 dirty_pct_x10=1000 forced_full=0 first_n_force=0 threshold_exceeded=0 dirty_path_taken=0 full_flush_taken=0
[15:51:44] [info] prev-frame-diff block @flip=500: diff_calls=0 diff_rects_avg=0 diff_dirty_pct_x10=0 bbox_pct_x10=0 bbox_thresh_exceeded=0
[15:51:44] [info] tas: stall frame 177 ms -> contributing 1 tick (patch 0286)
[15:51:45] [info] flip-probe: flip #510 ok=true present=6ms inter_flip_ms=83 drawcalls-since-flip=120 drawcalls-total=46439 fail-total=0 null-skips-total=0
[15:51:46] [info] flip-probe: flip #520 ok=true present=5ms inter_flip_ms=83 drawcalls-since-flip=112 drawcalls-total=47607 fail-total=0 null-skips-total=0
[15:51:46] [info] flip-probe: flip #530 ok=true present=6ms inter_flip_ms=106 drawcalls-since-flip=326 drawcalls-total=49162 fail-total=0 null-skips-total=0
[15:51:47] [info] run_tick_fixed #1500: heartbeat (loop alive)
[15:51:47] [info]  >> Entering stage 11: 'Mimiga Village'.
[15:51:47] [info] [skip-sheet-flush] cave=5
[15:51:48] [info] [load-stage] preloading entry music song=9 (cave=5)
[15:51:48] [info] opl3 backend: on_song_stop
[15:51:48] [info] MidiScheduler::load: parsed 'data/orgmid2/mura.mid' = 7123 events at 48 PPQ
[15:51:48] [info] opl3 backend: on_song_start
[15:51:48] [info] gameloop: entered (curmap=11, running=1)
[15:51:48] [info] gameloop: iter 1 ticks=83482 mapno=-1
[15:51:48] [info] tas: stall frame 230 ms -> contributing 1 tick (patch 0286)
[15:51:48] [info] mds-clear-lut: rebuilt N=240 entries (k_skip=0% k_keep=100%; curmap=11 map_size=60x60; rebuild #3 since boot)
[15:51:48] [info] gameloop: iter 2 ticks=83837 mapno=-1
[15:51:49] [info] gameloop: iter 3 ticks=83963 mapno=-1
[15:51:49] [info] backdrop cache: thrashing-detect engaged (streak=4, route=direct)
[15:51:49] [info] flip-probe: flip #540 ok=true present=6ms inter_flip_ms=89 drawcalls-since-flip=195 drawcalls-total=52364 fail-total=0 null-skips-total=0
[15:51:49] [info] flip-probe: flip #550 ok=true present=6ms inter_flip_ms=62 drawcalls-since-flip=41 drawcalls-total=52872 fail-total=0 null-skips-total=0
[15:51:50] [info] flip-probe: flip #560 ok=true present=6ms inter_flip_ms=59 drawcalls-since-flip=41 drawcalls-total=53282 fail-total=0 null-skips-total=0
[15:51:51] [info] flip-probe: flip #570 ok=true present=5ms inter_flip_ms=62 drawcalls-since-flip=43 drawcalls-total=53696 fail-total=0 null-skips-total=0
[15:51:51] [info] flip-probe: flip #580 ok=true present=5ms inter_flip_ms=66 drawcalls-since-flip=41 drawcalls-total=54113 fail-total=0 null-skips-total=0
[15:51:52] [info] flip-probe: flip #590 ok=true present=5ms inter_flip_ms=63 drawcalls-since-flip=42 drawcalls-total=54529 fail-total=0 null-skips-total=0
[15:51:52] [info] backdrop cache: thrashing-detect engaged (streak=64, route=direct)
[15:51:53] [info] flip-probe: flip #600 ok=true present=5ms inter_flip_ms=64 drawcalls-since-flip=42 drawcalls-total=54953 fail-total=0 null-skips-total=0
[15:51:53] [info] alpha audit block 0: 8740 total drawcalls, 0 with alpha<255 (block pct_x10=0; global 0/49888 pct_x10=0); alpha-mod skipped: block=0 global=0
[15:51:53] [info] fastpath audit block 0: taken=8740 (idx8=8740) skipped=0 pct_x10=1000; global taken=49888 (idx8=49888) skipped=0 pct_x10=1000
[15:51:53] [info] primitive tally block 0: clear=201(hr=201) fill=0(hr=0) rect=0(hr=0) line=0(hr=0) tint=0 spotlight=0 (over 100 flips ending at flip 600)
[15:51:53] [info] color/alpha audit block 0: cmod_white=845 cmod_black=845 (idx=845) cmod_general=0 (idx=0) cmod_fb=0; alpha_taken=0 alpha_skipped=0 (global cmod=5507/3965/693/0 idx=3965/693 alpha=0/0)
[15:51:53] [info] phase timing block 0: drawcalls=10634 dc_total_ms=1452 flip_inner_total_ms=740 inter_flip_total_ms=8739 (per-flip avg x10: dc_ms=145 fi_ms=74 if_ms=873 derived audio+engine_ms=654; per-drawcall avg us_x10=1365) [direct-vesa: presents=100 total_ms=531 avg_ms_x10=53 failed=0] [ablation: NO_DC_TIMING=0 CACHE_WINSURF=0 DIRECT_VESA=1]
[15:51:53] [info] kbd/audio block 0: kbd_irq=0 kbd_drain=0 ring_chunks=16 pump_pass=1740 pic1_mask=0xb8 first_irq_ticks=0 install_ticks=0 vector_at_install=0x00849f38 pic1_mask_live=0x38 kbd_8042_stat=0x34 bios_kbd_head=0x0036 bios_kbd_tail=0x0036 bios_kbd_buf0=0x1675
[15:51:53] [info] dirty-rect block @flip=600: total_calls=0 dirty_rects_avg=1 dirty_pct_x10=1000 forced_full=0 first_n_force=0 threshold_exceeded=0 dirty_path_taken=0 full_flush_taken=0
[15:51:53] [info] prev-frame-diff block @flip=600: diff_calls=0 diff_rects_avg=0 diff_dirty_pct_x10=0 bbox_pct_x10=0 bbox_thresh_exceeded=0
[15:51:53] [info] flip-probe: flip #610 ok=true present=5ms inter_flip_ms=59 drawcalls-since-flip=42 drawcalls-total=55373 fail-total=0 null-skips-total=0
[15:51:54] [info] flip-probe: flip #620 ok=true present=5ms inter_flip_ms=61 drawcalls-since-flip=44 drawcalls-total=55804 fail-total=0 null-skips-total=0
[15:51:54] [info] flip-probe: flip #630 ok=true present=5ms inter_flip_ms=63 drawcalls-since-flip=44 drawcalls-total=56244 fail-total=0 null-skips-total=0
[15:51:55] [info] flip-probe: flip #640 ok=true present=6ms inter_flip_ms=63 drawcalls-since-flip=43 drawcalls-total=56678 fail-total=0 null-skips-total=0
[15:51:56] [info] flip-probe: flip #650 ok=true present=5ms inter_flip_ms=62 drawcalls-since-flip=42 drawcalls-total=57104 fail-total=0 null-skips-total=0
[15:51:56] [info] backdrop cache: thrashing-detect engaged (streak=124, route=direct)
[15:51:56] [info] flip-probe: flip #660 ok=true present=5ms inter_flip_ms=56 drawcalls-since-flip=16 drawcalls-total=57394 fail-total=0 null-skips-total=0
[15:51:57] [info] flip-probe: flip #670 ok=true present=6ms inter_flip_ms=56 drawcalls-since-flip=16 drawcalls-total=57554 fail-total=0 null-skips-total=0
[15:51:58] [info] flip-probe: flip #680 ok=true present=5ms inter_flip_ms=60 drawcalls-since-flip=21 drawcalls-total=57771 fail-total=0 null-skips-total=0
[15:51:58] [info] flip-probe: flip #690 ok=true present=6ms inter_flip_ms=58 drawcalls-since-flip=17 drawcalls-total=57962 fail-total=0 null-skips-total=0
[15:51:59] [info] flip-probe: flip #700 ok=true present=5ms inter_flip_ms=83 drawcalls-since-flip=200 drawcalls-total=58528 fail-total=0 null-skips-total=0
[15:51:59] [info] alpha audit block 0: 2760 total drawcalls, 0 with alpha<255 (block pct_x10=0; global 0/52648 pct_x10=0); alpha-mod skipped: block=0 global=0
[15:51:59] [info] fastpath audit block 0: taken=2760 (idx8=2760) skipped=0 pct_x10=1000; global taken=52648 (idx8=52648) skipped=0 pct_x10=1000
[15:51:59] [info] primitive tally block 0: clear=200(hr=200) fill=0(hr=0) rect=0(hr=0) line=0(hr=0) tint=0 spotlight=0 (over 100 flips ending at flip 700)
[15:51:59] [info] color/alpha audit block 0: cmod_white=715 cmod_black=715 (idx=715) cmod_general=0 (idx=0) cmod_fb=0; alpha_taken=0 alpha_skipped=0 (global cmod=6222/4680/693/0 idx=4680/693 alpha=0/0)
[15:51:59] [info] phase timing block 0: drawcalls=4390 dc_total_ms=956 flip_inner_total_ms=736 inter_flip_total_ms=6138 (per-flip avg x10: dc_ms=95 fi_ms=73 if_ms=613 derived audio+engine_ms=445; per-drawcall avg us_x10=2178) [direct-vesa: presents=100 total_ms=533 avg_ms_x10=53 failed=0] [ablation: NO_DC_TIMING=0 CACHE_WINSURF=0 DIRECT_VESA=1]
[15:51:59] [info] kbd/audio block 0: kbd_irq=0 kbd_drain=0 ring_chunks=16 pump_pass=2046 pic1_mask=0xb8 first_irq_ticks=0 install_ticks=0 vector_at_install=0x00849f38 pic1_mask_live=0x38 kbd_8042_stat=0x34 bios_kbd_head=0x0036 bios_kbd_tail=0x0036 bios_kbd_buf0=0x1675
[15:51:59] [info] dirty-rect block @flip=700: total_calls=0 dirty_rects_avg=1 dirty_pct_x10=1000 forced_full=0 first_n_force=0 threshold_exceeded=0 dirty_path_taken=0 full_flush_taken=0
[15:51:59] [info] prev-frame-diff block @flip=700: diff_calls=0 diff_rects_avg=0 diff_dirty_pct_x10=0 bbox_pct_x10=0 bbox_thresh_exceeded=0
[15:51:59] [info] tas: stall frame 158 ms -> contributing 1 tick (patch 0286)
[15:51:59] [info]  >> Entering stage 15: 'Reservoir'.
[15:51:59] [info] [skip-sheet-flush] cave=6
[15:52:00] [info] [load-stage] preloading entry music song=9 (cave=6)
[15:52:00] [info] gameloop: entered (curmap=15, running=1)
[15:52:00] [info] gameloop: iter 1 ticks=95486 mapno=-1
[15:52:00] [info] mds-clear-lut: rebuilt N=240 entries (k_skip=13% k_keep=87%; curmap=15 map_size=40x20; rebuild #4 since boot)
[15:52:00] [info] gameloop: iter 2 ticks=95606 mapno=-1
[15:52:00] [info] gameloop: iter 3 ticks=95715 mapno=-1
[15:52:00] [info] flip-probe: flip #710 ok=true present=5ms inter_flip_ms=98 drawcalls-since-flip=321 drawcalls-total=61267 fail-total=0 null-skips-total=0
[15:52:01] [info] flip-probe: flip #720 ok=true present=5ms inter_flip_ms=52 drawcalls-since-flip=32 drawcalls-total=62038 fail-total=0 null-skips-total=0
[15:52:02] [info] flip-probe: flip #730 ok=true present=6ms inter_flip_ms=54 drawcalls-since-flip=32 drawcalls-total=62358 fail-total=0 null-skips-total=0
[15:52:02] [info] backdrop cache: thrashing-detect engaged (streak=4, route=direct)
[15:52:02] [info] flip-probe: flip #740 ok=true present=6ms inter_flip_ms=57 drawcalls-since-flip=34 drawcalls-total=62686 fail-total=0 null-skips-total=0
[15:52:03] [info] flip-probe: flip #750 ok=true present=6ms inter_flip_ms=59 drawcalls-since-flip=32 drawcalls-total=63027 fail-total=0 null-skips-total=0
[15:52:03] [info] flip-probe: flip #760 ok=true present=5ms inter_flip_ms=58 drawcalls-since-flip=32 drawcalls-total=63347 fail-total=0 null-skips-total=0
[15:52:04] [info] flip-probe: flip #770 ok=true present=5ms inter_flip_ms=55 drawcalls-since-flip=33 drawcalls-total=63674 fail-total=0 null-skips-total=0
[15:52:04] [info] flip-probe: flip #780 ok=true present=6ms inter_flip_ms=58 drawcalls-since-flip=35 drawcalls-total=64016 fail-total=0 null-skips-total=0
[15:52:05] [info] flip-probe: flip #790 ok=true present=5ms inter_flip_ms=59 drawcalls-since-flip=36 drawcalls-total=64370 fail-total=0 null-skips-total=0
[15:52:05] [info] backdrop cache: thrashing-detect engaged (streak=64, route=direct)
[15:52:06] [info] flip-probe: flip #800 ok=true present=5ms inter_flip_ms=54 drawcalls-since-flip=37 drawcalls-total=64736 fail-total=0 null-skips-total=0
[15:52:06] [info] alpha audit block 0: 5262 total drawcalls, 0 with alpha<255 (block pct_x10=0; global 0/57910 pct_x10=0); alpha-mod skipped: block=0 global=0
[15:52:06] [info] fastpath audit block 0: taken=5262 (idx8=5262) skipped=0 pct_x10=1000; global taken=57910 (idx8=57910) skipped=0 pct_x10=1000
[15:52:06] [info] primitive tally block 0: clear=201(hr=201) fill=0(hr=0) rect=0(hr=0) line=0(hr=0) tint=0 spotlight=0 (over 100 flips ending at flip 800)
[15:52:06] [info] color/alpha audit block 0: cmod_white=846 cmod_black=846 (idx=846) cmod_general=0 (idx=0) cmod_fb=0; alpha_taken=0 alpha_skipped=0 (global cmod=7068/5526/693/0 idx=5526/693 alpha=0/0)
[15:52:06] [info] phase timing block 0: drawcalls=7185 dc_total_ms=1396 flip_inner_total_ms=955 inter_flip_total_ms=6934 (per-flip avg x10: dc_ms=139 fi_ms=95 if_ms=693 derived audio+engine_ms=459; per-drawcall avg us_x10=1943) [direct-vesa: presents=100 total_ms=533 avg_ms_x10=53 failed=0] [ablation: NO_DC_TIMING=0 CACHE_WINSURF=0 DIRECT_VESA=1]
[15:52:06] [info] kbd/audio block 0: kbd_irq=0 kbd_drain=0 ring_chunks=16 pump_pass=2350 pic1_mask=0xb8 first_irq_ticks=0 install_ticks=0 vector_at_install=0x00849f38 pic1_mask_live=0x38 kbd_8042_stat=0x34 bios_kbd_head=0x0036 bios_kbd_tail=0x0036 bios_kbd_buf0=0x1675
[15:52:06] [info] dirty-rect block @flip=800: total_calls=0 dirty_rects_avg=1 dirty_pct_x10=1000 forced_full=0 first_n_force=0 threshold_exceeded=0 dirty_path_taken=0 full_flush_taken=0
[15:52:06] [info] prev-frame-diff block @flip=800: diff_calls=0 diff_rects_avg=0 diff_dirty_pct_x10=0 bbox_pct_x10=0 bbox_thresh_exceeded=0
[15:52:06] [info] tas: stall frame 340 ms -> contributing 1 tick (patch 0286)
[15:52:07] [info] flip-probe: flip #810 ok=true present=6ms inter_flip_ms=57 drawcalls-since-flip=35 drawcalls-total=65103 fail-total=0 null-skips-total=0
[15:52:07] [info] run_tick_fixed #2400: heartbeat (loop alive)
[15:52:07] [info] flip-probe: flip #820 ok=true present=5ms inter_flip_ms=57 drawcalls-since-flip=33 drawcalls-total=65448 fail-total=0 null-skips-total=0
[15:52:08] [info] flip-probe: flip #830 ok=true present=5ms inter_flip_ms=51 drawcalls-since-flip=15 drawcalls-total=65706 fail-total=0 null-skips-total=0
[15:52:08] [info] flip-probe: flip #840 ok=true present=5ms inter_flip_ms=51 drawcalls-since-flip=14 drawcalls-total=65853 fail-total=0 null-skips-total=0
[15:52:09] [info] flip-probe: flip #850 ok=true present=5ms inter_flip_ms=63 drawcalls-since-flip=14 drawcalls-total=65993 fail-total=0 null-skips-total=0
[15:52:09] [info] flip-probe: flip #860 ok=true present=5ms inter_flip_ms=63 drawcalls-since-flip=14 drawcalls-total=66133 fail-total=0 null-skips-total=0
[15:52:09] [info] backdrop cache: thrashing-detect engaged (streak=4, route=direct)
[15:52:10] [info] flip-probe: flip #870 ok=true present=6ms inter_flip_ms=55 drawcalls-since-flip=15 drawcalls-total=66276 fail-total=0 null-skips-total=0
[15:52:10] [info] flip-probe: flip #880 ok=true present=5ms inter_flip_ms=53 drawcalls-since-flip=14 drawcalls-total=66419 fail-total=0 null-skips-total=0
[15:52:11] [info] flip-probe: flip #890 ok=true present=5ms inter_flip_ms=55 drawcalls-since-flip=14 drawcalls-total=66559 fail-total=0 null-skips-total=0
[15:52:11] [info] flip-probe: flip #900 ok=true present=5ms inter_flip_ms=53 drawcalls-since-flip=14 drawcalls-total=66699 fail-total=0 null-skips-total=0
[15:52:11] [info] alpha audit block 0: 1629 total drawcalls, 0 with alpha<255 (block pct_x10=0; global 0/59539 pct_x10=0); alpha-mod skipped: block=0 global=0
[15:52:11] [info] fastpath audit block 0: taken=1629 (idx8=1629) skipped=0 pct_x10=1000; global taken=59539 (idx8=59539) skipped=0 pct_x10=1000
[15:52:11] [info] primitive tally block 0: clear=200(hr=200) fill=0(hr=0) rect=0(hr=0) line=0(hr=0) tint=0 spotlight=0 (over 100 flips ending at flip 900)
[15:52:11] [info] color/alpha audit block 0: cmod_white=234 cmod_black=234 (idx=234) cmod_general=0 (idx=0) cmod_fb=0; alpha_taken=0 alpha_skipped=0 (global cmod=7302/5760/693/0 idx=5760/693 alpha=0/0)
[15:52:11] [info] phase timing block 0: drawcalls=2315 dc_total_ms=819 flip_inner_total_ms=736 inter_flip_total_ms=5750 (per-flip avg x10: dc_ms=81 fi_ms=73 if_ms=575 derived audio+engine_ms=421; per-drawcall avg us_x10=3537) [direct-vesa: presents=100 total_ms=531 avg_ms_x10=53 failed=0] [ablation: NO_DC_TIMING=0 CACHE_WINSURF=0 DIRECT_VESA=1]
[15:52:11] [info] kbd/audio block 0: kbd_irq=0 kbd_drain=0 ring_chunks=16 pump_pass=2622 pic1_mask=0xb8 first_irq_ticks=0 install_ticks=0 vector_at_install=0x00849f38 pic1_mask_live=0x38 kbd_8042_stat=0x34 bios_kbd_head=0x0036 bios_kbd_tail=0x0036 bios_kbd_buf0=0x1675
[15:52:11] [info] dirty-rect block @flip=900: total_calls=0 dirty_rects_avg=1 dirty_pct_x10=1000 forced_full=0 first_n_force=0 threshold_exceeded=0 dirty_path_taken=0 full_flush_taken=0
[15:52:11] [info] prev-frame-diff block @flip=900: diff_calls=0 diff_rects_avg=0 diff_dirty_pct_x10=0 bbox_pct_x10=0 bbox_thresh_exceeded=0
[15:52:12] [info] flip-probe: flip #910 ok=true present=6ms inter_flip_ms=53 drawcalls-since-flip=14 drawcalls-total=66839 fail-total=0 null-skips-total=0
[15:52:13] [info] flip-probe: flip #920 ok=true present=5ms inter_flip_ms=51 drawcalls-since-flip=14 drawcalls-total=66979 fail-total=0 null-skips-total=0
[15:52:13] [info] backdrop cache: thrashing-detect engaged (streak=64, route=direct)
[15:52:13] [info] flip-probe: flip #930 ok=true present=7ms inter_flip_ms=66 drawcalls-since-flip=108 drawcalls-total=67213 fail-total=0 null-skips-total=0
[15:52:14] [info]  >> Entering stage 11: 'Mimiga Village'.
[15:52:14] [info] [skip-sheet-flush] cave=7
[15:52:14] [info] [load-stage] preloading entry music song=9 (cave=7)
[15:52:14] [info] gameloop: entered (curmap=11, running=1)
[15:52:14] [info] gameloop: iter 1 ticks=109913 mapno=-1
[15:52:14] [info] mds-clear-lut: rebuilt N=240 entries (k_skip=0% k_keep=100%; curmap=11 map_size=60x60; rebuild #5 since boot)
[15:52:15] [info] gameloop: iter 2 ticks=110038 mapno=-1
[15:52:15] [info] flip-probe: flip #940 ok=true present=5ms inter_flip_ms=115 drawcalls-since-flip=331 drawcalls-total=69789 fail-total=0 null-skips-total=0
[15:52:15] [info] gameloop: iter 3 ticks=110160 mapno=-1
[15:52:15] [info] flip-probe: flip #950 ok=true present=6ms inter_flip_ms=59 drawcalls-since-flip=42 drawcalls-total=71133 fail-total=0 null-skips-total=0
[15:52:16] [info] flip-probe: flip #960 ok=true present=5ms inter_flip_ms=60 drawcalls-since-flip=42 drawcalls-total=71553 fail-total=0 null-skips-total=0
[15:52:17] [info] flip-probe: flip #970 ok=true present=5ms inter_flip_ms=80 drawcalls-since-flip=54 drawcalls-total=72053 fail-total=0 null-skips-total=0
[15:52:17] [info] backdrop cache: thrashing-detect engaged (streak=4, route=direct)
[15:52:17] [info] flip-probe: flip #980 ok=true present=6ms inter_flip_ms=64 drawcalls-since-flip=46 drawcalls-total=72533 fail-total=0 null-skips-total=0
[15:52:18] [info] flip-probe: flip #990 ok=true present=6ms inter_flip_ms=64 drawcalls-since-flip=44 drawcalls-total=72974 fail-total=0 null-skips-total=0
[15:52:19] [info] flip-probe: flip #1000 ok=true present=6ms inter_flip_ms=66 drawcalls-since-flip=45 drawcalls-total=73418 fail-total=0 null-skips-total=0
[15:52:19] [info] alpha audit block 0: 5813 total drawcalls, 0 with alpha<255 (block pct_x10=0; global 0/65352 pct_x10=0); alpha-mod skipped: block=0 global=0
[15:52:19] [info] fastpath audit block 0: taken=5813 (idx8=5813) skipped=0 pct_x10=1000; global taken=65352 (idx8=65352) skipped=0 pct_x10=1000
[15:52:19] [info] primitive tally block 0: clear=201(hr=201) fill=0(hr=0) rect=0(hr=0) line=0(hr=0) tint=0 spotlight=0 (over 100 flips ending at flip 1000)
[15:52:19] [info] color/alpha audit block 0: cmod_white=806 cmod_black=806 (idx=806) cmod_general=0 (idx=0) cmod_fb=0; alpha_taken=0 alpha_skipped=0 (global cmod=8108/6566/693/0 idx=6566/693 alpha=0/0)
[15:52:19] [info] phase timing block 0: drawcalls=7659 dc_total_ms=1486 flip_inner_total_ms=755 inter_flip_total_ms=7315 (per-flip avg x10: dc_ms=148 fi_ms=75 if_ms=731 derived audio+engine_ms=508; per-drawcall avg us_x10=1941) [direct-vesa: presents=100 total_ms=537 avg_ms_x10=53 failed=0] [ablation: NO_DC_TIMING=0 CACHE_WINSURF=0 DIRECT_VESA=1]
[15:52:19] [info] kbd/audio block 0: kbd_irq=0 kbd_drain=0 ring_chunks=16 pump_pass=2949 pic1_mask=0xb8 first_irq_ticks=0 install_ticks=0 vector_at_install=0x00849f38 pic1_mask_live=0x38 kbd_8042_stat=0x34 bios_kbd_head=0x0036 bios_kbd_tail=0x0036 bios_kbd_buf0=0x1675
[15:52:19] [info] dirty-rect block @flip=1000: total_calls=0 dirty_rects_avg=1 dirty_pct_x10=1000 forced_full=0 first_n_force=0 threshold_exceeded=0 dirty_path_taken=0 full_flush_taken=0
[15:52:19] [info] prev-frame-diff block @flip=1000: diff_calls=0 diff_rects_avg=0 diff_dirty_pct_x10=0 bbox_pct_x10=0 bbox_thresh_exceeded=0
[15:52:19] [info] flip-probe: flip #1010 ok=true present=5ms inter_flip_ms=60 drawcalls-since-flip=45 drawcalls-total=73872 fail-total=0 null-skips-total=0
[15:52:20] [info] flip-probe: flip #1020 ok=true present=6ms inter_flip_ms=63 drawcalls-since-flip=45 drawcalls-total=74322 fail-total=0 null-skips-total=0
[15:52:21] [info] flip-probe: flip #1030 ok=true present=6ms inter_flip_ms=60 drawcalls-since-flip=45 drawcalls-total=74772 fail-total=0 null-skips-total=0
[15:52:21] [info] backdrop cache: thrashing-detect engaged (streak=64, route=direct)
[15:52:21] [info] flip-probe: flip #1040 ok=true present=6ms inter_flip_ms=61 drawcalls-since-flip=44 drawcalls-total=75215 fail-total=0 null-skips-total=0
[15:52:22] [info] flip-probe: flip #1050 ok=true present=5ms inter_flip_ms=61 drawcalls-since-flip=43 drawcalls-total=75652 fail-total=0 null-skips-total=0
[15:52:23] [info] flip-probe: flip #1060 ok=true present=6ms inter_flip_ms=58 drawcalls-since-flip=18 drawcalls-total=76032 fail-total=0 null-skips-total=0
[15:52:23] [info] flip-probe: flip #1070 ok=true present=5ms inter_flip_ms=55 drawcalls-since-flip=19 drawcalls-total=76219 fail-total=0 null-skips-total=0
[15:52:24] [info] flip-probe: flip #1080 ok=true present=5ms inter_flip_ms=61 drawcalls-since-flip=19 drawcalls-total=76409 fail-total=0 null-skips-total=0
[15:52:24] [info] flip-probe: flip #1090 ok=true present=6ms inter_flip_ms=55 drawcalls-since-flip=18 drawcalls-total=76591 fail-total=0 null-skips-total=0
[15:52:24] [info] backdrop cache: thrashing-detect engaged (streak=124, route=direct)
[15:52:25] [info] flip-probe: flip #1100 ok=true present=5ms inter_flip_ms=59 drawcalls-since-flip=18 drawcalls-total=76766 fail-total=0 null-skips-total=0
[15:52:25] [info] alpha audit block 0: 2494 total drawcalls, 0 with alpha<255 (block pct_x10=0; global 0/67846 pct_x10=0); alpha-mod skipped: block=0 global=0
[15:52:25] [info] fastpath audit block 0: taken=2494 (idx8=2494) skipped=0 pct_x10=1000; global taken=67846 (idx8=67846) skipped=0 pct_x10=1000
[15:52:25] [info] primitive tally block 0: clear=200(hr=200) fill=0(hr=0) rect=0(hr=0) line=0(hr=0) tint=0 spotlight=0 (over 100 flips ending at flip 1100)
[15:52:25] [info] color/alpha audit block 0: cmod_white=754 cmod_black=754 (idx=754) cmod_general=0 (idx=0) cmod_fb=0; alpha_taken=0 alpha_skipped=0 (global cmod=8862/7320/693/0 idx=7320/693 alpha=0/0)
[15:52:25] [info] phase timing block 0: drawcalls=4202 dc_total_ms=926 flip_inner_total_ms=731 inter_flip_total_ms=6132 (per-flip avg x10: dc_ms=92 fi_ms=73 if_ms=613 derived audio+engine_ms=448; per-drawcall avg us_x10=2204) [direct-vesa: presents=100 total_ms=531 avg_ms_x10=53 failed=0] [ablation: NO_DC_TIMING=0 CACHE_WINSURF=0 DIRECT_VESA=1]
[15:52:25] [info] kbd/audio block 0: kbd_irq=0 kbd_drain=0 ring_chunks=16 pump_pass=3256 pic1_mask=0xb8 first_irq_ticks=0 install_ticks=0 vector_at_install=0x00849f38 pic1_mask_live=0x38 kbd_8042_stat=0x34 bios_kbd_head=0x0036 bios_kbd_tail=0x0036 bios_kbd_buf0=0x1675
[15:52:25] [info] dirty-rect block @flip=1100: total_calls=0 dirty_rects_avg=1 dirty_pct_x10=1000 forced_full=0 first_n_force=0 threshold_exceeded=0 dirty_path_taken=0 full_flush_taken=0
[15:52:25] [info] prev-frame-diff block @flip=1100: diff_calls=0 diff_rects_avg=0 diff_dirty_pct_x10=0 bbox_pct_x10=0 bbox_thresh_exceeded=0
[15:52:26] [info] flip-probe: flip #1110 ok=true present=6ms inter_flip_ms=56 drawcalls-since-flip=19 drawcalls-total=76951 fail-total=0 null-skips-total=0
[15:52:26] [info] flip-probe: flip #1120 ok=true present=5ms inter_flip_ms=59 drawcalls-since-flip=19 drawcalls-total=77141 fail-total=0 null-skips-total=0
[15:52:27] [info] flip-probe: flip #1130 ok=true present=6ms inter_flip_ms=59 drawcalls-since-flip=20 drawcalls-total=77337 fail-total=0 null-skips-total=0
[15:52:27] [info] flip-probe: flip #1140 ok=true present=5ms inter_flip_ms=60 drawcalls-since-flip=20 drawcalls-total=77537 fail-total=0 null-skips-total=0
[15:52:28] [info] flip-probe: flip #1150 ok=true present=5ms inter_flip_ms=58 drawcalls-since-flip=17 drawcalls-total=77725 fail-total=0 null-skips-total=0
[15:52:28] [info] tas: stall frame 277 ms -> contributing 1 tick (patch 0286)
[15:52:28] [info] backdrop cache: thrashing-detect engaged (streak=184, route=direct)
[15:52:29] [info] flip-probe: flip #1160 ok=true present=5ms inter_flip_ms=57 drawcalls-since-flip=17 drawcalls-total=77895 fail-total=0 null-skips-total=0
[15:52:29] [info] flip-probe: flip #1170 ok=true present=5ms inter_flip_ms=61 drawcalls-since-flip=19 drawcalls-total=78072 fail-total=0 null-skips-total=0
[15:52:30] [info] flip-probe: flip #1180 ok=true present=5ms inter_flip_ms=58 drawcalls-since-flip=17 drawcalls-total=78247 fail-total=0 null-skips-total=0
[15:52:30] [info] flip-probe: flip #1190 ok=true present=5ms inter_flip_ms=59 drawcalls-since-flip=17 drawcalls-total=78410 fail-total=0 null-skips-total=0
[15:52:31] [info] flip-probe: flip #1200 ok=true present=6ms inter_flip_ms=58 drawcalls-since-flip=20 drawcalls-total=78590 fail-total=0 null-skips-total=0
[15:52:31] [info] alpha audit block 0: 1724 total drawcalls, 0 with alpha<255 (block pct_x10=0; global 0/69570 pct_x10=0); alpha-mod skipped: block=0 global=0
[15:52:31] [info] fastpath audit block 0: taken=1724 (idx8=1724) skipped=0 pct_x10=1000; global taken=69570 (idx8=69570) skipped=0 pct_x10=1000
[15:52:31] [info] primitive tally block 0: clear=200(hr=200) fill=0(hr=0) rect=0(hr=0) line=0(hr=0) tint=0 spotlight=0 (over 100 flips ending at flip 1200)
[15:52:31] [info] phase timing block 0: drawcalls=1924 dc_total_ms=742 flip_inner_total_ms=944 inter_flip_total_ms=6185 (per-flip avg x10: dc_ms=74 fi_ms=94 if_ms=618 derived audio+engine_ms=450; per-drawcall avg us_x10=3858) [direct-vesa: presents=100 total_ms=526 avg_ms_x10=52 failed=0] [ablation: NO_DC_TIMING=0 CACHE_WINSURF=0 DIRECT_VESA=1]
[15:52:31] [info] kbd/audio block 0: kbd_irq=0 kbd_drain=0 ring_chunks=16 pump_pass=3552 pic1_mask=0xb8 first_irq_ticks=0 install_ticks=0 vector_at_install=0x00849f38 pic1_mask_live=0x38 kbd_8042_stat=0x34 bios_kbd_head=0x0036 bios_kbd_tail=0x0036 bios_kbd_buf0=0x1675
[15:52:31] [info] dirty-rect block @flip=1200: total_calls=0 dirty_rects_avg=1 dirty_pct_x10=1000 forced_full=0 first_n_force=0 threshold_exceeded=0 dirty_path_taken=0 full_flush_taken=0
[15:52:31] [info] prev-frame-diff block @flip=1200: diff_calls=0 diff_rects_avg=0 diff_dirty_pct_x10=0 bbox_pct_x10=0 bbox_thresh_exceeded=0
[15:52:32] [info] flip-probe: flip #1210 ok=true present=6ms inter_flip_ms=60 drawcalls-since-flip=18 drawcalls-total=78786 fail-total=0 null-skips-total=0
[15:52:32] [info] backdrop cache: thrashing-detect engaged (streak=244, route=direct)
[15:52:33] [info] flip-probe: flip #1220 ok=true present=5ms inter_flip_ms=62 drawcalls-since-flip=7 drawcalls-total=80550 fail-total=0 null-skips-total=0
[15:52:33] [info]  >> Entering stage 19: 'Assembly Hall'.
[15:52:33] [info] [skip-sheet-flush] cave=8
[15:52:33] [info] [load-stage] preloading entry music song=9 (cave=8)
[15:52:34] [info] gameloop: entered (curmap=19, running=1)
[15:52:34] [info] gameloop: iter 1 ticks=129102 mapno=-1
[15:52:34] [info] mds-clear-lut: rebuilt N=240 entries (k_skip=100% k_keep=0%; curmap=19 map_size=21x16; rebuild #6 since boot)
[15:52:34] [info] gameloop: iter 2 ticks=129234 mapno=-1
[15:52:34] [info] gameloop: iter 3 ticks=129353 mapno=-1
[15:52:34] [info] flip-probe: flip #1230 ok=true present=5ms inter_flip_ms=59 drawcalls-since-flip=122 drawcalls-total=83363 fail-total=0 null-skips-total=0
[15:52:35] [info] flip-probe: flip #1240 ok=true present=5ms inter_flip_ms=59 drawcalls-since-flip=122 drawcalls-total=84583 fail-total=0 null-skips-total=0
[15:52:36] [info] flip-probe: flip #1250 ok=true present=5ms inter_flip_ms=62 drawcalls-since-flip=125 drawcalls-total=85814 fail-total=0 null-skips-total=0
[15:52:36] [info] flip-probe: flip #1260 ok=true present=5ms inter_flip_ms=65 drawcalls-since-flip=124 drawcalls-total=87046 fail-total=0 null-skips-total=0
[15:52:37] [info] flip-probe: flip #1270 ok=true present=5ms inter_flip_ms=60 drawcalls-since-flip=122 drawcalls-total=88273 fail-total=0 null-skips-total=0
[15:52:37] [info] flip-probe: flip #1280 ok=true present=5ms inter_flip_ms=60 drawcalls-since-flip=122 drawcalls-total=89493 fail-total=0 null-skips-total=0
[15:52:38] [info] flip-probe: flip #1290 ok=true present=5ms inter_flip_ms=59 drawcalls-since-flip=122 drawcalls-total=90713 fail-total=0 null-skips-total=0
[15:52:39] [info] flip-probe: flip #1300 ok=true present=6ms inter_flip_ms=61 drawcalls-since-flip=110 drawcalls-total=93713 fail-total=0 null-skips-total=0
[15:52:39] [info] alpha audit block 0: 14075 total drawcalls, 0 with alpha<255 (block pct_x10=0; global 0/83645 pct_x10=0); alpha-mod skipped: block=0 global=0
[15:52:39] [info] fastpath audit block 0: taken=14075 (idx8=14075) skipped=0 pct_x10=1000; global taken=83645 (idx8=83645) skipped=0 pct_x10=1000
[15:52:39] [info] primitive tally block 0: clear=203(hr=203) fill=0(hr=0) rect=0(hr=0) line=0(hr=0) tint=0 spotlight=0 (over 100 flips ending at flip 1300)
[15:52:39] [info] color/alpha audit block 0: cmod_white=948 cmod_black=948 (idx=948) cmod_general=0 (idx=0) cmod_fb=0; alpha_taken=0 alpha_skipped=0 (global cmod=9810/8268/693/0 idx=8268/693 alpha=0/0)
[15:52:39] [info] phase timing block 0: drawcalls=16253 dc_total_ms=2163 flip_inner_total_ms=731 inter_flip_total_ms=7890 (per-flip avg x10: dc_ms=216 fi_ms=73 if_ms=789 derived audio+engine_ms=500; per-drawcall avg us_x10=1331) [direct-vesa: presents=100 total_ms=529 avg_ms_x10=52 failed=0] [ablation: NO_DC_TIMING=0 CACHE_WINSURF=0 DIRECT_VESA=1]
[15:52:39] [info] kbd/audio block 0: kbd_irq=0 kbd_drain=0 ring_chunks=16 pump_pass=3893 pic1_mask=0xb8 first_irq_ticks=0 install_ticks=0 vector_at_install=0x00849f38 pic1_mask_live=0x38 kbd_8042_stat=0x34 bios_kbd_head=0x0036 bios_kbd_tail=0x0036 bios_kbd_buf0=0x1675
[15:52:39] [info] dirty-rect block @flip=1300: total_calls=0 dirty_rects_avg=1 dirty_pct_x10=1000 forced_full=0 first_n_force=0 threshold_exceeded=0 dirty_path_taken=0 full_flush_taken=0
[15:52:39] [info] prev-frame-diff block @flip=1300: diff_calls=0 diff_rects_avg=0 diff_dirty_pct_x10=0 bbox_pct_x10=0 bbox_thresh_exceeded=0
[15:52:39] [info]  >> Entering stage 11: 'Mimiga Village'.
[15:52:39] [info] [skip-sheet-flush] cave=9
[15:52:40] [info] [load-stage] preloading entry music song=9 (cave=9)
[15:52:40] [info] gameloop: entered (curmap=11, running=1)
[15:52:40] [info] gameloop: iter 1 ticks=135459 mapno=-1
[15:52:40] [info] mds-clear-lut: rebuilt N=240 entries (k_skip=0% k_keep=100%; curmap=11 map_size=60x60; rebuild #7 since boot)
[15:52:40] [info] gameloop: iter 2 ticks=135592 mapno=-1
[15:52:40] [info] run_tick_fixed #3900: heartbeat (loop alive)
[15:52:40] [info] gameloop: iter 3 ticks=135722 mapno=-1
[15:52:41] [info] backdrop cache: thrashing-detect engaged (streak=4, route=direct)
[15:52:41] [info] flip-probe: flip #1310 ok=true present=5ms inter_flip_ms=61 drawcalls-since-flip=43 drawcalls-total=95787 fail-total=0 null-skips-total=0
[15:52:42] [info] flip-probe: flip #1320 ok=true present=5ms inter_flip_ms=64 drawcalls-since-flip=43 drawcalls-total=96242 fail-total=0 null-skips-total=0
[15:52:42] [info] flip-probe: flip #1330 ok=true present=5ms inter_flip_ms=61 drawcalls-since-flip=43 drawcalls-total=96668 fail-total=0 null-skips-total=0
[15:52:43] [info] flip-probe: flip #1340 ok=true present=5ms inter_flip_ms=61 drawcalls-since-flip=44 drawcalls-total=97108 fail-total=0 null-skips-total=0
[15:52:43] [info] flip-probe: flip #1350 ok=true present=6ms inter_flip_ms=61 drawcalls-since-flip=46 drawcalls-total=97543 fail-total=0 null-skips-total=0
[15:52:44] [info] flip-probe: flip #1360 ok=true present=5ms inter_flip_ms=62 drawcalls-since-flip=45 drawcalls-total=97998 fail-total=0 null-skips-total=0
[15:52:44] [info] backdrop cache: thrashing-detect engaged (streak=64, route=direct)
[15:52:45] [info] flip-probe: flip #1370 ok=true present=5ms inter_flip_ms=62 drawcalls-since-flip=44 drawcalls-total=98440 fail-total=0 null-skips-total=0
[15:52:45] [info] flip-probe: flip #1380 ok=true present=6ms inter_flip_ms=58 drawcalls-since-flip=43 drawcalls-total=98876 fail-total=0 null-skips-total=0
[15:52:45] [info] tas: stall frame 284 ms -> contributing 1 tick (patch 0286)
[15:52:46] [info] flip-probe: flip #1390 ok=true present=5ms inter_flip_ms=59 drawcalls-since-flip=43 drawcalls-total=99306 fail-total=0 null-skips-total=0
[15:52:47] [info] run_tick_fixed #4200: heartbeat (loop alive)
[15:52:47] [info] flip-probe: flip #1400 ok=true present=5ms inter_flip_ms=58 drawcalls-since-flip=44 drawcalls-total=99743 fail-total=0 null-skips-total=0
[15:52:47] [info] alpha audit block 0: 4630 total drawcalls, 0 with alpha<255 (block pct_x10=0; global 0/88275 pct_x10=0); alpha-mod skipped: block=0 global=0
[15:52:47] [info] fastpath audit block 0: taken=4630 (idx8=4630) skipped=0 pct_x10=1000; global taken=88275 (idx8=88275) skipped=0 pct_x10=1000
[15:52:47] [info] primitive tally block 0: clear=200(hr=200) fill=0(hr=0) rect=0(hr=0) line=0(hr=0) tint=0 spotlight=0 (over 100 flips ending at flip 1400)
[15:52:47] [info] color/alpha audit block 0: cmod_white=1300 cmod_black=1300 (idx=1300) cmod_general=0 (idx=0) cmod_fb=0; alpha_taken=0 alpha_skipped=0 (global cmod=11110/9568/693/0 idx=9568/693 alpha=0/0)
[15:52:47] [info] phase timing block 0: drawcalls=7435 dc_total_ms=1276 flip_inner_total_ms=966 inter_flip_total_ms=7789 (per-flip avg x10: dc_ms=127 fi_ms=96 if_ms=778 derived audio+engine_ms=555; per-drawcall avg us_x10=1716) [direct-vesa: presents=100 total_ms=530 avg_ms_x10=53 failed=0] [ablation: NO_DC_TIMING=0 CACHE_WINSURF=0 DIRECT_VESA=1]
[15:52:47] [info] kbd/audio block 0: kbd_irq=0 kbd_drain=0 ring_chunks=16 pump_pass=4209 pic1_mask=0xb8 first_irq_ticks=0 install_ticks=0 vector_at_install=0x00849f38 pic1_mask_live=0x38 kbd_8042_stat=0x34 bios_kbd_head=0x0036 bios_kbd_tail=0x0036 bios_kbd_buf0=0x1675
[15:52:47] [info] dirty-rect block @flip=1400: total_calls=0 dirty_rects_avg=1 dirty_pct_x10=1000 forced_full=0 first_n_force=0 threshold_exceeded=0 dirty_path_taken=0 full_flush_taken=0
[15:52:47] [info] prev-frame-diff block @flip=1400: diff_calls=0 diff_rects_avg=0 diff_dirty_pct_x10=0 bbox_pct_x10=0 bbox_thresh_exceeded=0
[15:52:47] [info] flip-probe: flip #1410 ok=true present=6ms inter_flip_ms=62 drawcalls-since-flip=45 drawcalls-total=100192 fail-total=0 null-skips-total=0
[15:52:48] [info] flip-probe: flip #1420 ok=true present=5ms inter_flip_ms=62 drawcalls-since-flip=41 drawcalls-total=100616 fail-total=0 null-skips-total=0
[15:52:48] [info] backdrop cache: thrashing-detect engaged (streak=124, route=direct)
[15:52:49] [info] flip-probe: flip #1430 ok=true present=5ms inter_flip_ms=108 drawcalls-since-flip=352 drawcalls-total=101542 fail-total=0 null-skips-total=0
[15:52:49] [info]  >> Entering stage 14: 'Shack'.
[15:52:49] [info] [skip-sheet-flush] cave=10
[15:52:50] [info] [load-stage] preloading entry music song=8 (cave=10)
[15:52:50] [info] opl3 backend: on_song_stop
[15:52:50] [info] MidiScheduler::load: parsed 'data/orgmid2/vivi.mid' = 11188 events at 48 PPQ
[15:52:50] [info] opl3 backend: on_song_start
[15:52:50] [info] gameloop: entered (curmap=14, running=1)
[15:52:50] [info] gameloop: iter 1 ticks=145769 mapno=-1
[15:52:50] [info] gameloop: iter 2 ticks=145870 mapno=-1
[15:52:51] [info] gameloop: iter 3 ticks=145975 mapno=-1
[15:52:51] [info] flip-probe: flip #1440 ok=true present=6ms inter_flip_ms=58 drawcalls-since-flip=97 drawcalls-total=104368 fail-total=0 null-skips-total=0
[15:52:51] [info] flip-probe: flip #1450 ok=true present=5ms inter_flip_ms=44 drawcalls-since-flip=24 drawcalls-total=104592 fail-total=0 null-skips-total=0
[15:52:52] [info] flip-probe: flip #1460 ok=true present=5ms inter_flip_ms=44 drawcalls-since-flip=24 drawcalls-total=104832 fail-total=0 null-skips-total=0
[15:52:52] [info] flip-probe: flip #1470 ok=true present=5ms inter_flip_ms=47 drawcalls-since-flip=28 drawcalls-total=105084 fail-total=0 null-skips-total=0
[15:52:53] [info] flip-probe: flip #1480 ok=true present=6ms inter_flip_ms=43 drawcalls-since-flip=25 drawcalls-total=105351 fail-total=0 null-skips-total=0
[15:52:53] [info] flip-probe: flip #1490 ok=true present=6ms inter_flip_ms=43 drawcalls-since-flip=24 drawcalls-total=105592 fail-total=0 null-skips-total=0
[15:52:54] [info] flip-probe: flip #1500 ok=true present=5ms inter_flip_ms=44 drawcalls-since-flip=24 drawcalls-total=105832 fail-total=0 null-skips-total=0
[15:52:54] [info] alpha audit block 0: 5465 total drawcalls, 0 with alpha<255 (block pct_x10=0; global 0/93740 pct_x10=0); alpha-mod skipped: block=0 global=0
[15:52:54] [info] fastpath audit block 0: taken=5465 (idx8=5465) skipped=0 pct_x10=1000; global taken=93740 (idx8=93740) skipped=0 pct_x10=1000
[15:52:54] [info] primitive tally block 0: clear=201(hr=201) fill=0(hr=0) rect=0(hr=0) line=0(hr=0) tint=0 spotlight=0 (over 100 flips ending at flip 1500)
[15:52:54] [info] color/alpha audit block 0: cmod_white=590 cmod_black=590 (idx=590) cmod_general=0 (idx=0) cmod_fb=0; alpha_taken=0 alpha_skipped=0 (global cmod=11700/10158/693/0 idx=10158/693 alpha=0/0)
[15:52:54] [info] phase timing block 0: drawcalls=6846 dc_total_ms=1220 flip_inner_total_ms=734 inter_flip_total_ms=6815 (per-flip avg x10: dc_ms=122 fi_ms=73 if_ms=681 derived audio+engine_ms=486; per-drawcall avg us_x10=1783) [direct-vesa: presents=100 total_ms=532 avg_ms_x10=53 failed=0] [ablation: NO_DC_TIMING=0 CACHE_WINSURF=0 DIRECT_VESA=1]
[15:52:54] [info] kbd/audio block 0: kbd_irq=0 kbd_drain=0 ring_chunks=16 pump_pass=4490 pic1_mask=0xb8 first_irq_ticks=0 install_ticks=0 vector_at_install=0x00849f38 pic1_mask_live=0x38 kbd_8042_stat=0x34 bios_kbd_head=0x0036 bios_kbd_tail=0x0036 bios_kbd_buf0=0x1675
[15:52:54] [info] dirty-rect block @flip=1500: total_calls=0 dirty_rects_avg=1 dirty_pct_x10=1000 forced_full=0 first_n_force=0 threshold_exceeded=0 dirty_path_taken=0 full_flush_taken=0
[15:52:54] [info] prev-frame-diff block @flip=1500: diff_calls=0 diff_rects_avg=0 diff_dirty_pct_x10=0 bbox_pct_x10=0 bbox_thresh_exceeded=0
[15:52:54] [info] flip-probe: flip #1510 ok=true present=6ms inter_flip_ms=44 drawcalls-since-flip=24 drawcalls-total=106072 fail-total=0 null-skips-total=0
[15:52:54] [info] flip-probe: flip #1520 ok=true present=6ms inter_flip_ms=43 drawcalls-since-flip=24 drawcalls-total=106312 fail-total=0 null-skips-total=0
[15:52:55] [info] flip-probe: flip #1530 ok=true present=5ms inter_flip_ms=45 drawcalls-since-flip=24 drawcalls-total=106552 fail-total=0 null-skips-total=0
[15:52:55] [info] flip-probe: flip #1540 ok=true present=5ms inter_flip_ms=74 drawcalls-since-flip=221 drawcalls-total=107119 fail-total=0 null-skips-total=0
[15:52:56] [info]  >> Entering stage 11: 'Mimiga Village'.
[15:52:56] [info] [skip-sheet-flush] cave=11
[15:52:56] [info] [load-stage] preloading entry music song=9 (cave=11)
[15:52:56] [info] opl3 backend: on_song_stop
[15:52:57] [info] MidiScheduler::load: parsed 'data/orgmid2/mura.mid' = 7123 events at 48 PPQ
[15:52:57] [info] opl3 backend: on_song_start
[15:52:57] [info] gameloop: entered (curmap=11, running=1)
[15:52:57] [info] gameloop: iter 1 ticks=152378 mapno=-1
[15:52:57] [info] gameloop: iter 2 ticks=152492 mapno=-1
[15:52:57] [info] gameloop: iter 3 ticks=152621 mapno=-1
[15:52:57] [info] backdrop cache: thrashing-detect engaged (streak=4, route=direct)
[15:52:57] [info] flip-probe: flip #1550 ok=true present=5ms inter_flip_ms=122 drawcalls-since-flip=382 drawcalls-total=110445 fail-total=0 null-skips-total=0
[15:52:58] [info] flip-probe: flip #1560 ok=true present=6ms inter_flip_ms=60 drawcalls-since-flip=41 drawcalls-total=111280 fail-total=0 null-skips-total=0
[15:52:59] [info] flip-probe: flip #1570 ok=true present=6ms inter_flip_ms=60 drawcalls-since-flip=44 drawcalls-total=111711 fail-total=0 null-skips-total=0
[15:52:59] [info] flip-probe: flip #1580 ok=true present=5ms inter_flip_ms=65 drawcalls-since-flip=49 drawcalls-total=112168 fail-total=0 null-skips-total=0
[15:53:00] [info] flip-probe: flip #1590 ok=true present=5ms inter_flip_ms=58 drawcalls-since-flip=43 drawcalls-total=112614 fail-total=0 null-skips-total=0
[15:53:01] [info] flip-probe: flip #1600 ok=true present=6ms inter_flip_ms=60 drawcalls-since-flip=46 drawcalls-total=113050 fail-total=0 null-skips-total=0
[15:53:01] [info] alpha audit block 0: 6232 total drawcalls, 0 with alpha<255 (block pct_x10=0; global 0/99972 pct_x10=0); alpha-mod skipped: block=0 global=0
[15:53:01] [info] fastpath audit block 0: taken=6232 (idx8=6232) skipped=0 pct_x10=1000; global taken=99972 (idx8=99972) skipped=0 pct_x10=1000
[15:53:01] [info] primitive tally block 0: clear=201(hr=201) fill=0(hr=0) rect=0(hr=0) line=0(hr=0) tint=0 spotlight=0 (over 100 flips ending at flip 1600)
[15:53:01] [info] color/alpha audit block 0: cmod_white=932 cmod_black=932 (idx=932) cmod_general=0 (idx=0) cmod_fb=0; alpha_taken=0 alpha_skipped=0 (global cmod=12632/11090/693/0 idx=11090/693 alpha=0/0)
[15:53:01] [info] phase timing block 0: drawcalls=8300 dc_total_ms=1375 flip_inner_total_ms=955 inter_flip_total_ms=7017 (per-flip avg x10: dc_ms=137 fi_ms=95 if_ms=701 derived audio+engine_ms=469; per-drawcall avg us_x10=1656) [direct-vesa: presents=100 total_ms=530 avg_ms_x10=53 failed=0] [ablation: NO_DC_TIMING=0 CACHE_WINSURF=0 DIRECT_VESA=1]
[15:53:01] [info] kbd/audio block 0: kbd_irq=0 kbd_drain=0 ring_chunks=16 pump_pass=4785 pic1_mask=0xb8 first_irq_ticks=0 install_ticks=0 vector_at_install=0x00849f38 pic1_mask_live=0x38 kbd_8042_stat=0x34 bios_kbd_head=0x0036 bios_kbd_tail=0x0036 bios_kbd_buf0=0x1675
[15:53:01] [info] dirty-rect block @flip=1600: total_calls=0 dirty_rects_avg=1 dirty_pct_x10=1000 forced_full=0 first_n_force=0 threshold_exceeded=0 dirty_path_taken=0 full_flush_taken=0
[15:53:01] [info] prev-frame-diff block @flip=1600: diff_calls=0 diff_rects_avg=0 diff_dirty_pct_x10=0 bbox_pct_x10=0 bbox_thresh_exceeded=0
[15:53:01] [info] tas: stall frame 346 ms -> contributing 1 tick (patch 0286)
[15:53:01] [info] backdrop cache: thrashing-detect engaged (streak=64, route=direct)
[15:53:01] [info] flip-probe: flip #1610 ok=true present=6ms inter_flip_ms=68 drawcalls-since-flip=45 drawcalls-total=113506 fail-total=0 null-skips-total=0
[15:53:02] [info] flip-probe: flip #1620 ok=true present=5ms inter_flip_ms=61 drawcalls-since-flip=45 drawcalls-total=113956 fail-total=0 null-skips-total=0
[15:53:03] [info] flip-probe: flip #1630 ok=true present=6ms inter_flip_ms=65 drawcalls-since-flip=46 drawcalls-total=114417 fail-total=0 null-skips-total=0
[15:53:03] [info] flip-probe: flip #1640 ok=true present=5ms inter_flip_ms=61 drawcalls-since-flip=44 drawcalls-total=114867 fail-total=0 null-skips-total=0
[15:53:04] [info] flip-probe: flip #1650 ok=true present=6ms inter_flip_ms=60 drawcalls-since-flip=45 drawcalls-total=115313 fail-total=0 null-skips-total=0
[15:53:04] [info] flip-probe: flip #1660 ok=true present=6ms inter_flip_ms=60 drawcalls-since-flip=47 drawcalls-total=115775 fail-total=0 null-skips-total=0
[15:53:05] [info] backdrop cache: thrashing-detect engaged (streak=124, route=direct)
[15:53:05] [info] flip-probe: flip #1670 ok=true present=5ms inter_flip_ms=61 drawcalls-since-flip=19 drawcalls-total=116132 fail-total=0 null-skips-total=0
[15:53:06] [info] flip-probe: flip #1680 ok=true present=6ms inter_flip_ms=54 drawcalls-since-flip=19 drawcalls-total=116322 fail-total=0 null-skips-total=0
[15:53:06] [info] flip-probe: flip #1690 ok=true present=5ms inter_flip_ms=57 drawcalls-since-flip=19 drawcalls-total=116512 fail-total=0 null-skips-total=0
[15:53:07] [info] flip-probe: flip #1700 ok=true present=5ms inter_flip_ms=52 drawcalls-since-flip=19 drawcalls-total=116702 fail-total=0 null-skips-total=0
[15:53:07] [info] alpha audit block 0: 2694 total drawcalls, 0 with alpha<255 (block pct_x10=0; global 0/102666 pct_x10=0); alpha-mod skipped: block=0 global=0
[15:53:07] [info] fastpath audit block 0: taken=2694 (idx8=2694) skipped=0 pct_x10=1000; global taken=102666 (idx8=102666) skipped=0 pct_x10=1000
[15:53:07] [info] primitive tally block 0: clear=200(hr=200) fill=0(hr=0) rect=0(hr=0) line=0(hr=0) tint=0 spotlight=0 (over 100 flips ending at flip 1700)
[15:53:07] [info] color/alpha audit block 0: cmod_white=858 cmod_black=858 (idx=858) cmod_general=0 (idx=0) cmod_fb=0; alpha_taken=0 alpha_skipped=0 (global cmod=13490/11948/693/0 idx=11948/693 alpha=0/0)
[15:53:07] [info] phase timing block 0: drawcalls=4610 dc_total_ms=968 flip_inner_total_ms=738 inter_flip_total_ms=6218 (per-flip avg x10: dc_ms=96 fi_ms=73 if_ms=621 derived audio+engine_ms=452; per-drawcall avg us_x10=2100) [direct-vesa: presents=100 total_ms=533 avg_ms_x10=53 failed=0] [ablation: NO_DC_TIMING=0 CACHE_WINSURF=0 DIRECT_VESA=1]
[15:53:07] [info] kbd/audio block 0: kbd_irq=0 kbd_drain=0 ring_chunks=16 pump_pass=5080 pic1_mask=0xb8 first_irq_ticks=0 install_ticks=0 vector_at_install=0x00849f38 pic1_mask_live=0x38 kbd_8042_stat=0x34 bios_kbd_head=0x0036 bios_kbd_tail=0x0036 bios_kbd_buf0=0x1675
[15:53:07] [info] dirty-rect block @flip=1700: total_calls=0 dirty_rects_avg=1 dirty_pct_x10=1000 forced_full=0 first_n_force=0 threshold_exceeded=0 dirty_path_taken=0 full_flush_taken=0
[15:53:07] [info] prev-frame-diff block @flip=1700: diff_calls=0 diff_rects_avg=0 diff_dirty_pct_x10=0 bbox_pct_x10=0 bbox_thresh_exceeded=0
[15:53:07] [info] flip-probe: flip #1710 ok=true present=6ms inter_flip_ms=54 drawcalls-since-flip=60 drawcalls-total=116974 fail-total=0 null-skips-total=0
[15:53:08] [info] flip-probe: flip #1720 ok=true present=5ms inter_flip_ms=55 drawcalls-since-flip=60 drawcalls-total=117574 fail-total=0 null-skips-total=0
[15:53:08] [info] backdrop cache: thrashing-detect engaged (streak=184, route=direct)
[15:53:08] [info] flip-probe: flip #1730 ok=true present=5ms inter_flip_ms=62 drawcalls-since-flip=60 drawcalls-total=118174 fail-total=0 null-skips-total=0
[15:53:09] [info] flip-probe: flip #1740 ok=true present=6ms inter_flip_ms=54 drawcalls-since-flip=60 drawcalls-total=118774 fail-total=0 null-skips-total=0
[15:53:09] [info] tas: end-of-replay auto-exit at tick 5140 (recording exhausted; set DOSKUTSU_TAS_REPLAY_HOLD=1 to disable + observe steady-state past recording end)
[15:53:09] [info] Script engine shutdown.
[15:53:09] [info] opl3 backend: on_song_stop
[15:53:09] [info] opl3 backend: cleared reg 0xBD chip-wide latch (wub-wub mitigation per flush-instr WAVE-46 H6)
[15:53:09] [info] opl3 backend shutdown (all 18 voices KEY-OFF unconditionally; OPL2 mode restored; chip state safe for next process)
[15:53:10] [info] Sound system shutdown
[15:53:10] [info] Renderer::Close()
[15:53:10] [info] tas: replay file closed
[15:53:10] [info] [fps-true] flips=1742 render_s=160 fps_mean=10.8 (clock-independent: flips / seconds since the FIRST flip; use THIS for the fps matrix, not inter_flip medians, which are invalid in any cell running the PIT/IRQ-0 music pump)
[RUNMANIFEST-BEGIN]
schema_version=1
environment=realhw
binary_sha12=f8d446b4b0e0
wave_tag=551C
scene=
env_block_sha=73bb2b1227e6
started_utc=2026-11-19T08:53:34Z
duration_s=176
exit_code=0
fps_p50=NA
fps_p95=NA
audio_vital_status=NA
regime=NA
banner_required_hit=0
banner_required_total=0
banner_forbidden_hit=0
banner_optional_hit=0
critical_count=0
warn_count=0
[RUNMANIFEST-END]
[15:53:10] [info] [runmanifest-emit] schema=v1 env=realhw sha12=f8d446b4b0e0 dur=176s tag='551C' scene='' env_sha=73bb2b1227e6 (signals=0x4)
