Logger::init: wave-53 log level=INFO path='LOGS/551V.LOG'
[15:40:31] [info] config: loaded DOSKUTSU.CFG (1 keys)
[15:40:31] [info] tas: PRNG seed forced to 12345 via DOSKUTSU_TAS_PRNG_SEED
[15:40:31] [info] tas: auto-exit armed at tick 30000 via DOSKUTSU_TAS_AUTO_EXIT_TICK
[15:40:31] [info] tas: replay opened path='QA.TAS' header_seed=12345
[15:40:32] [info] data cache: DISABLED (default)
[15:40:32] [info] Joystick: skipped (default; set DOSKUTSU_USE_JOYSTICK=1 to enable -- skips SDL3-DOS gameport BIOS INT 15h polling, ~82 ms / flip on real HW)
[15:40:32] [info] Loading settings...
[15:40:32] [info] [input-bind] applied=0 invert_y=0 dos_axes=1
[15:40:32] [info] Renderer::initVideo: 8bpp mode requested via SDL_HINT_DOS_MAX_BPP=8 (wave 16); SDL3-DOS will pick the highest-bpp <= 8 mode at requested resolution
[15:40:32] [info] Renderer::initVideo: DOS resolution-label lock ENABLED (default)
[15:40:33] [info] Renderer::initVideo: using: software renderer
[15:40:36] [info] Renderer::initVideo: dirty-rect tracking ENABLED (wave 15, default ON; set SDL_HINT_DOSKUTSU_DIRTY_RECTS=0 to disable)
[15:40:36] [info] Renderer::initVideo: ablation flags: NO_DC_TIMING=0 CACHE_WINSURF=0 NO_INPUT_POLL=0 DIRECT_VESA=1
[15:40:36] [info] Renderer::initVideo: direct-VESA hot path ENABLED (default since wave 20 patch 0088; bypasses SDL_RenderPresent / SDL_UpdateWindowSurface and writes via SDL/0034's PresentFull helper; R2 mitigation handled by SDL/0034 generation counter -- no per-N-flip heartbeat needed; set SDL_HINT_DOSKUTSU_DIRECT_VESA=0 to revert)
[15:40:36] [info] Renderer::initVideo: flip-phase instrumentation DISABLED (default; set SDL_HINT_DOSKUTSU_FLIP_INSTR=1 to opt in for wave-20 Lever A diagnostic)
[15:40:36] [info] Renderer::initVideo: asm opaque-span blit lever DISABLED (default; set SDL_HINT_DOSKUTSU_ASM_BLIT=1 to opt in -- wave-51 _blit_indexed colorkey-blit lever)
[15:40:36] [info] Renderer::initVideo: blit-decomp instrumentation DISABLED (default; set SDL_HINT_DOSKUTSU_BLIT_DECOMP=1 to opt in -- wave-51 _blit_indexed sub-decomp sizing)
[15:40:36] [info] Renderer::initVideo: mds-scroll-decomp instrumentation DISABLED (default; set SDL_HINT_DOSKUTSU_MDS_DECOMP=1 to opt in -- wave-52 mode_draw_scene scrolling-block decomp)
[15:40:36] [info] Renderer::initVideo: DOSVESA pump yield: skipped (default) (per-flip explicit SDL_Delay(0) yield is always on; set SDL_HINT_DOSKUTSU_FORCE_PUMP_YIELD=1 to restore old per-pump yield)
[15:40:36] [info] Renderer::initVideo: indexed-mode (8bpp) ENABLED -- master palette + 107 per-asset remap LUTs loaded (wave 16, default ON; set SDL_HINT_DOSKUTSU_PIXEL_FORMAT_8=0 to disable)
[15:40:36] [info] Renderer::initVideo: master palette attached to window surface (format=SDL_PIXELFORMAT_INDEX8, ncolors=256)
[15:40:36] [info] Renderer::initVideo: indexed-mode smoke: idx0=(0,0,0) OK idx255=(255,0,255) OK
[15:40:36] [info] Renderer::initVideo: indexed-mode smoke: paletteRemapFor('MyChar.pbm') = present
[15:40:37] [info] Surface::loadImage palmap-diag #1: 'data/Loading.pbm' fmt=SDL_PIXELFORMAT_ABGR8888 remap=HIT -> path=truecolor
[15:40:37] [info] Renderer: prev-frame diff DISABLED (default since wave 17.6; set SDL_HINT_DOSKUTSU_PREVFRAME_DIFF=1 to opt in)
[15:40:37] [info] flip-probe: renderer=software window_ptr=8809072 colorspace=301991328 window_size=320x240 framebuffer_pixels=320x240 logical_present=320x240 mode=2
[15:40:37] [info] flip-probe: first flip ok=true present=57ms inter_flip_ms=0 drawcalls-since-flip=1 drawcalls-total=1
[15:40:37] [info] Sound system init
[15:40:37] [info] Sound system: 4-state audio enable (#31) -- music=on sfx=on (MUSIC_OFF/AUDIO_BACKEND=none -> music-off; SFX_OFF/SFX_DEVICE=none -> sfx-off; both gates are dispatch-level, the device still opens; AUDIO_OFF=1 is the device-level both-off).
[15:40:37] [info] Sound system: Tier-2 audio config (default since wave 21 patch 0093; 11025 Hz, 1 channel, buffer pinned to 256 frames). Measured savings on g2k Pentium OverDrive 83 MHz (W21A): heavy-music scenes ~+11 fps vs Tier-1 baseline (measured -10 to -15 ms/flip post-0094 audio fix; W21A's pre-fix -26.6 ms figure was inflated by stereo-vs-mono playback bug, see patch 0094). Audio quality is reduced vs Tier-1 (mono, 11025 Hz, simple-average L+R downmix) but recognizable; user accepted the trade per direction 2026-05-05. Set SDL_HINT_DOSKUTSU_AUDIO_TIER2=0 to revert to Tier-1 22050 stereo (full Cave Story 2004 audio quality; trades fps for fidelity).
[15:40:37] [info] Sound system: SDL_HINT_AUDIO_DEVICE_SAMPLE_FRAMES=256
[15:40:37] [info] Pixtone IRQ rate-divider: handed master_rate=11025 int16/s (SAMPLE_RATE=11025 x AUDIO_CHANNELS=1) to SDL for auto-RATEDIV (SDL/0074 computes shift_div from the resolved device freq).
[15:40:37] [info] Sound system: device frame-rate: requesting 11025 Hz match to master (SDL_DOSAudioSetDeviceFrameRate; SB16 opens at the engine frame rate instead of SDL's 44100 floor -- 4x less PCM/s + no resampler on the Organya/Pixtone path; killswitch SDL_HINT_DOSKUTSU_DOS_AUDIO_DEVICE_RATE_DEFAULT=0).
[15:40:37] [info] audio backend: opl3 (default since wave 46 patch 0139; +8.77 fps vs organya at Mimiga BK_PARALLAX per WAVE-44-OPL3-LOG-ANALYSIS; operator perceptual preference). Probes OPL3 via Adlib timer-1 sequence at SoundManager::init; on probe failure falls back gracefully to organya. Override via SDL_HINT_DOSKUTSU_AUDIO_BACKEND=organya for Cave Story 2004 original synth. Pixtone SFX continues on SB16 DAC unchanged.
[15:40:37] [info] wave-13.6.1: ring_chunks=16 FORCE_PUMP_YIELD=off (set SDL_HINT_DOSKUTSU_AUDIO_RING_CHUNKS=4|8|16 to override; default 16 matches wave 13.6 behaviour)
[15:40:37] [info] MidiScheduler: MIDI source = 'orgmid2' (native-GM org2mid set; resolves to data/orgmid2/<name>.mid).
[15:40:37] [info] opl3 backend probing for OPL3 chip (Adlib timer-1 sequence)...
[15:40:37] [info] opl3 backend: opl3bank.dat loaded 128 programs from 'data/opl3bank.dat' (v1; 1536 bytes payload). Per-program GM patches now use the runtime bank; programs >= 128 fall back to 8-patch family bucket. Drum channel (MIDI ch 9) unchanged (uses PATCH_DRUM regardless of bank loading).
[15:40:37] [info] opl3 backend ready (OPL3 detected via Adlib timer-1; InitChip applied 18 x 2-op layout; voice allocator armed). Patch bank state: runtime opl3bank.dat ACTIVE (loaded_count=128; programs >= loaded_count fall back to 8-patch placeholder covering GM family categories piano/mallet/organ/guitar/strings/brass/reed/pad). Phase 10.5 path: ship a fuller community bank as data/opl3bank.dat (DOPL3v1 format; 12-byte SBI records per GM program; loader at MidiBackendOpl3 ctor).
[15:40:37] [info] opl3 backend: PATCH_ORGAN + PATCH_MALLET RR=8 (medium release; wub-wub fix per patch 0171; was RR=0 in slot 0103 placeholder -- KEY-OFF couldn't silence; H6 reg 0xBD wave-47 falsified; H1+H5/RR=0 byte-level bug root per WAVE-46/47 analysis)
[15:40:37] [info] Sound system: MidiScheduler armed with MidiBackendOpl3 (patch 0103 Phase 10 Stage 4). Music dispatch routes via SMF parser + 18 x 2-op OPL3 voice allocator + small inline patch bank (community-sourced from Apogee Sound System / AdLib SBI public-domain refs). Pixtone SFX still active on SB16 DAC.
[15:40:37] [info] Sound system: idle-pause skipped (default OFF since patch 0119; backend=opl3 would qualify but operator did not opt-in via SDL_HINT_DOSKUTSU_IDLE_PAUSE=1). DSP stays in continuous-stream mode. Re-enable for an A/B iter once SDL/0037 ForcePause non-engagement is rooted out (task #17).
[15:40:37] [warn] Music dir Ogg/ doesn't exist
[15:40:37] [warn] Music dir Ogg11/ doesn't exist
[15:40:37] [warn] Music dir Ogg17/ doesn't exist
[15:40:37] [warn] Music dir Ogg_ridic/ doesn't exist
[15:40:38] [info] Loading Sound FX...
[15:40:38] [info] [pxt-cache] init(): HIT (loaded cache; render skipped)
[15:40:50] [info] Organya init...
[15:40:51] [info] Organya init done
[15:41:07] [info] gus SFX gain [nx0259]: 70% (SDL_HINT_DOSKUTSU_GUS_SFX_GAIN; scales the GF1 SFX voice volume to balance against velocity/CC-scaled GUS music; default 70, clamp 0..150).
[15:41:07] [info] pixtone IRQ-mix: ENABLED (default; SDL backend engaged; set SDL_HINT_DOSKUTSU_PIXTONE_IRQ_MIX=0 to disable)
[15:41:07] [info] Pixtone::setVolume: L3 active -- mid-play SFX volume updates are no-op in v1 (v2 candidate: SDL_DOSPixtoneSetGain API). gain_x256=256 stored for subsequent SDL_DOSPixtoneStart calls; currently-playing L3 channels unaffected.
[15:41:07] [info] midi ISR tick: engine registered tick_isr callback (L2b active; default ON; set SDL_HINT_DOSKUTSU_MIDI_ISR_TICK=0 to disable)
[15:41:07] [info] menu slide-in fixed-timestep: ENABLED (default; slide advances at 50 Hz logic rate)
[15:41:08] [info] Reading npc.tbl...
[15:41:08] [info] Loading tilekey.dat.
[15:41:08] [info] Script engine init.
[15:41:08] [info] Entering main loop...
[15:41:08] [info] audio mid-gap pump: DISABLED (default)
[15:41:08] [info] TAS fixed-timestep guard: ENABLED (default) (patch 0280; load_stage wall-clock kept out of the FT accumulator so TAS replay advances at a true 50 Hz; set SDL_HINT_DOSKUTSU_TAS_FT_GUARD=0 to disable)
[15:41:08] [info] load_stage ring+DMA silence flush: ENABLED (default) (set SDL_HINT_DOSKUTSU_LOADSTAGE_SILENCE=0 to disable)
[15:41:08] [info] load-band audio-underrun probe: DISABLED (default) (opt-in SDL_HINT_DOSKUTSU_LOADBAND_STAT=1)
[15:41:08] [info]  >> Entering stage 72: 'u'.
[15:41:08] [info] skip sheet flush: ENABLED (default) (SFXPAUSE-012 SHIPPED FIX; sprite sheets stay resident across caves so no per-cave re-decode -> no fire-frame pause; map_flush_graphics tilemap cache still flushes; set SDL_HINT_DOSKUTSU_SKIP_SHEET_FLUSH=0 to restore the old per-cave flush)
[15:41:08] [info] [skip-sheet-flush] cave=1
[15:41:08] [info] eager action sheets: ENABLED (default) (first-fire hitch fix: pre-loads the weapon bullet + hit/muzzle/trail caret sheets at stage load so the first fire/impact does not lazy-decode mid-gameplay; set SDL_HINT_DOSKUTSU_EAGER_ACTION_SHEETS=0 to restore lazy load)
[15:41:09] [info] Surface::loadImage palmap-diag #2: 'data/Bullet.pbm' fmt=SDL_PIXELFORMAT_ABGR8888 remap=HIT -> path=truecolor
[15:41:09] [info] Surface::loadImage palmap-diag #3: 'data/Arms.pbm' fmt=SDL_PIXELFORMAT_ABGR8888 remap=HIT -> path=truecolor
[15:41:09] [info] Surface::loadImage palmap-diag #4: 'data/Caret.pbm' fmt=SDL_PIXELFORMAT_ABGR8888 remap=HIT -> path=truecolor
[15:41:10] [info] Surface::loadImage palmap-diag #5: 'data/Npc/NpcSym.pbm' fmt=SDL_PIXELFORMAT_ABGR8888 remap=HIT -> path=truecolor
[15:41:10] [info] [eager-action-sheets] cave=1 sheets=4 wall_ms=1689
[15:41:10] [info] Surface::loadImage palmap-diag #6: 'data/Stage/PrtWhite.pbm' fmt=SDL_PIXELFORMAT_ABGR8888 remap=HIT -> path=truecolor
[15:41:11] [info] load_stage: entry-music preload ENABLED (default) (set SDL_HINT_DOSKUTSU_PRELOAD_STAGE_MUSIC=0 to disable)
[15:41:11] [info] Surface::loadImage palmap-diag #7: 'data/bk0.pbm' fmt=SDL_PIXELFORMAT_ABGR8888 remap=HIT -> path=truecolor
[15:41:11] [info] gameloop: entered (curmap=72, running=1)
[15:41:11] [info] gameloop: iter 1 ticks=40320 mapno=-1
[15:41:11] [info] fixed-timestep: ENABLED (default; logic 50 Hz, decoupled from render)
[15:41:11] [info] map: BG skip-when-unchanged DISABLED (default) (set SDL_HINT_DOSKUTSU_BG_SKIP_WHEN_UNCHANGED=1 to enable; default OFF since wave-61 -- abandoned, it shipped a backdrop-black flicker and its +0.87 fps was below the noise floor)
[15:41:11] [info] map: skip-redundant-clear lever ENABLED (default since wave-53 promotion)
[15:41:11] [info] perf-mode: level=0 (faithful (default))
[15:41:11] [info] Surface::loadImage palmap-diag #8: 'data/Npc/NpcKings.pbm' fmt=SDL_PIXELFORMAT_ABGR8888 remap=HIT -> path=truecolor
[15:41:12] [info] audio tick-boundary pump: DISABLED (default)
[15:41:12] [info] gameloop: iter 2 ticks=40811 mapno=-1
[15:41:12] [info] gameloop: iter 3 ticks=40878 mapno=-1
[15:41:12] [info] direct-vesa: snapshot @gen=2 use_dosmemput=0 banked_multibank=0 pitches_match=1 vram_w=320 vram_h=240 vram_pitch=320 bpp=1 fb_size=76800 vram_phys=0x78000000 vram_ptr=0x77c00000
[15:41:12] [info] flip-probe: flip #10 ok=true present=4ms inter_flip_ms=42 drawcalls-since-flip=6 drawcalls-total=43 fail-total=0 null-skips-total=0
[15:41:13] [info] flip-probe: flip #20 ok=true present=4ms inter_flip_ms=41 drawcalls-since-flip=4 drawcalls-total=92 fail-total=0 null-skips-total=0
[15:41:13] [info] flip-probe: flip #30 ok=true present=4ms inter_flip_ms=84 drawcalls-since-flip=326 drawcalls-total=2707 fail-total=0 null-skips-total=0
[15:41:14] [info] flip-probe: flip #40 ok=true present=4ms inter_flip_ms=77 drawcalls-since-flip=264 drawcalls-total=5837 fail-total=0 null-skips-total=0
[15:41:15] [info] flip-probe: flip #50 ok=true present=4ms inter_flip_ms=48 drawcalls-since-flip=67 drawcalls-total=7392 fail-total=0 null-skips-total=0
[15:41:15] [info] flip-probe: flip #60 ok=true present=4ms inter_flip_ms=38 drawcalls-since-flip=4 drawcalls-total=7502 fail-total=0 null-skips-total=0
[15:41:16] [info] flip-probe: flip #70 ok=true present=4ms inter_flip_ms=39 drawcalls-since-flip=6 drawcalls-total=7557 fail-total=0 null-skips-total=0
[15:41:16] [info] flip-probe: flip #80 ok=true present=4ms inter_flip_ms=20 drawcalls-since-flip=0 drawcalls-total=7586 fail-total=0 null-skips-total=0
[15:41:16] [info] flip-probe: flip #90 ok=true present=4ms inter_flip_ms=20 drawcalls-since-flip=0 drawcalls-total=7586 fail-total=0 null-skips-total=0
[15:41:16] [info] gameloop: iter 600 ticks=45276 mapno=-1
[15:41:16] [info] title: eager-title-IO phase tag ENABLED (default) (set SDL_HINT_DOSKUTSU_EAGER_TITLE_IO=0 to disable)
[15:41:17] [warn] MidiScheduler::_refresh_isr_buffer: track has 27749 events; ISR buffer is 16384 (truncated; events after 16384 will not dispatch under L2b ON -- the engine-thread tick() path still uses _events directly under L2b OFF)
[15:41:17] [info] MidiScheduler::load: parsed 'data/orgmid2/curly.mid' = 27749 events at 48 PPQ
[15:41:17] [info] opl3 backend: on_song_start
[15:41:18] [info] gameloop: entered (curmap=1005, running=1)
[15:41:18] [info] gameloop: iter 1 ticks=46723 mapno=-1
[15:41:18] [info] map: backdrop cache ENABLED (default) (set SDL_HINT_DOSKUTSU_BACKDROP_CACHE=0 to disable)
[15:41:19] [info] gameloop: iter 2 ticks=47735 mapno=-1
[15:41:19] [info] gameloop: iter 3 ticks=47783 mapno=-1
[15:41:19] [info] backdrop cache: thrashing-detect engaged (streak=4, route=direct)
[15:41:19] [info] flip-probe: flip #100 ok=true present=4ms inter_flip_ms=43 drawcalls-since-flip=75 drawcalls-total=7886 fail-total=0 null-skips-total=0
[15:41:19] [info] alpha audit block 0: 7798 total drawcalls, 0 with alpha<255 (block pct_x10=0; global 0/7798 pct_x10=0); alpha-mod skipped: block=0 global=0
[15:41:19] [info] fastpath audit block 0: taken=7798 (idx8=7798) skipped=0 pct_x10=1000; global taken=7798 (idx8=7798) skipped=0 pct_x10=1000
[15:41:19] [info] primitive tally block 0: clear=220(hr=220) fill=0(hr=0) rect=0(hr=0) line=0(hr=0) tint=0 spotlight=0 (over 100 flips ending at flip 100)
[15:41:19] [info] color/alpha audit block 0: cmod_white=104 cmod_black=0 (idx=0) cmod_general=84 (idx=84) cmod_fb=0; alpha_taken=0 alpha_skipped=0 (global cmod=104/0/84/0 idx=0/84 alpha=0/0)
[15:41:19] [info] phase timing block 0: drawcalls=8209 dc_total_ms=1854 flip_inner_total_ms=694 inter_flip_total_ms=42149 (per-flip avg x10: dc_ms=185 fi_ms=69 if_ms=4214 derived audio+engine_ms=3960; per-drawcall avg us_x10=2259) [direct-vesa: presents=97 total_ms=377 avg_ms_x10=38 failed=0] [ablation: NO_DC_TIMING=0 CACHE_WINSURF=0 DIRECT_VESA=1]
[15:41:19] [info] kbd/audio block 0: kbd_irq=0 kbd_drain=0 ring_chunks=16 pump_pass=99 pic1_mask=0xb8 first_irq_ticks=0 install_ticks=0 vector_at_install=0x00849fc0 pic1_mask_live=0x38 kbd_8042_stat=0x34 bios_kbd_head=0x002a bios_kbd_tail=0x002a bios_kbd_buf0=0x2064
[15:41:19] [info] audio/engine split block 0: audio_mixer_calls=0 audio_mixer_ms_x10=0 engine_tick_calls=99 engine_tick_ms_x10=663 audio_service_calls=0 audio_service_ms_x10=0 (per-flip avg; per-call us_x10: audio_mix=0 engine_tick=669980 audio_service=0; global ns: audio_mix=0 engine_tick=6632803097 audio_service=0)
[15:41:19] [info] pixtone multi-source probe: DISABLED (default)
[15:41:19] [info] dirty-rect block @flip=100: total_calls=0 dirty_rects_avg=0 dirty_pct_x10=990 forced_full=0 first_n_force=3 threshold_exceeded=2 dirty_path_taken=0 full_flush_taken=3
[15:41:19] [info] prev-frame-diff block @flip=100: diff_calls=0 diff_rects_avg=0 diff_dirty_pct_x10=0 bbox_pct_x10=0 bbox_thresh_exceeded=0
[15:41:19] [info] flip-probe: flip #110 ok=true present=4ms inter_flip_ms=36 drawcalls-since-flip=75 drawcalls-total=8636 fail-total=0 null-skips-total=0
[15:41:20] [info] flip-probe: flip #120 ok=true present=4ms inter_flip_ms=35 drawcalls-since-flip=75 drawcalls-total=9386 fail-total=0 null-skips-total=0
[15:41:20] [info] flip-probe: flip #130 ok=true present=4ms inter_flip_ms=20 drawcalls-since-flip=0 drawcalls-total=9986 fail-total=0 null-skips-total=0
[15:41:20] [info] Loading profile from profile.dat
[15:41:20] [error] profile_load: unable to open 'profile.dat'
[15:41:20] [info] Loading profile from profile2.dat
[15:41:20] [error] profile_load: unable to open 'profile2.dat'
[15:41:20] [info] Loading profile from profile3.dat
[15:41:20] [info] Loading profile from profile4.dat
[15:41:20] [error] profile_load: unable to open 'profile4.dat'
[15:41:20] [info] Loading profile from profile5.dat
[15:41:21] [info] flip-probe: flip #140 ok=true present=3ms inter_flip_ms=64 drawcalls-since-flip=214 drawcalls-total=10842 fail-total=0 null-skips-total=0
[15:41:21] [info] flip-probe: flip #150 ok=true present=4ms inter_flip_ms=62 drawcalls-since-flip=214 drawcalls-total=12982 fail-total=0 null-skips-total=0
[15:41:22] [info] Writing settings...
[15:41:22] [info] flip-probe: flip #160 ok=true present=4ms inter_flip_ms=20 drawcalls-since-flip=0 drawcalls-total=13846 fail-total=0 null-skips-total=0
[15:41:22] [info] flip-probe: flip #170 ok=true present=4ms inter_flip_ms=20 drawcalls-since-flip=0 drawcalls-total=13846 fail-total=0 null-skips-total=0
[15:41:22] [info] opl3 backend: on_song_stop
[15:41:22] [info] Loading profile from profile5.dat
[15:41:22] [info]  >> Entering stage 20: 'Save Point'.
[15:41:22] [info] [skip-sheet-flush] cave=2
[15:41:23] [info] MidiScheduler::load: parsed 'data/orgmid2/mura.mid' = 7123 events at 48 PPQ
[15:41:23] [info] opl3 backend: on_song_start
[15:41:23] [info] gameloop: entered (curmap=20, running=1)
[15:41:23] [info] gameloop: iter 1 ticks=52277 mapno=-1
[15:41:23] [info] TAS stall discount: ENABLED (default) (patch 0286; a replay frame over 150 ms is a load, not slow rendering, so it contributes 1 tick instead of its wall-clock; set SDL_HINT_DOSKUTSU_TAS_STALL_DISCOUNT=0 to disable)
[15:41:23] [info] TAS accumulator clamp: DISABLED (default) (patch 0281; caps the FT accumulator delta at one tick during TAS so a stalled frame cannot race the replay index; set SDL_HINT_DOSKUTSU_TAS_FT_GUARD=0 to disable)
[15:41:23] [info] gameloop: iter 2 ticks=52332 mapno=-1
[15:41:23] [info] gameloop: iter 3 ticks=52379 mapno=-1
[15:41:23] [info] flip-probe: flip #180 ok=true present=4ms inter_flip_ms=41 drawcalls-since-flip=17 drawcalls-total=13971 fail-total=0 null-skips-total=0
[15:41:24] [info] flip-probe: flip #190 ok=true present=4ms inter_flip_ms=42 drawcalls-since-flip=17 drawcalls-total=14141 fail-total=0 null-skips-total=0
[15:41:24] [info] flip-probe: flip #200 ok=true present=3ms inter_flip_ms=42 drawcalls-since-flip=17 drawcalls-total=14311 fail-total=0 null-skips-total=0
[15:41:24] [info] alpha audit block 0: 5788 total drawcalls, 0 with alpha<255 (block pct_x10=0; global 0/13586 pct_x10=0); alpha-mod skipped: block=0 global=0
[15:41:24] [info] fastpath audit block 0: taken=5788 (idx8=5788) skipped=0 pct_x10=1000; global taken=13586 (idx8=13586) skipped=0 pct_x10=1000
[15:41:24] [info] primitive tally block 0: clear=201(hr=201) fill=0(hr=0) rect=0(hr=0) line=0(hr=0) tint=0 spotlight=0 (over 100 flips ending at flip 200)
[15:41:24] [info] color/alpha audit block 0: cmod_white=1438 cmod_black=0 (idx=0) cmod_general=609 (idx=609) cmod_fb=0; alpha_taken=0 alpha_skipped=0 (global cmod=1542/0/693/0 idx=0/693 alpha=0/0)
[15:41:24] [info] phase timing block 0: drawcalls=8036 dc_total_ms=1676 flip_inner_total_ms=580 inter_flip_total_ms=5426 (per-flip avg x10: dc_ms=167 fi_ms=58 if_ms=542 derived audio+engine_ms=317; per-drawcall avg us_x10=2086) [direct-vesa: presents=100 total_ms=385 avg_ms_x10=38 failed=0] [ablation: NO_DC_TIMING=0 CACHE_WINSURF=0 DIRECT_VESA=1]
[15:41:24] [info] kbd/audio block 0: kbd_irq=0 kbd_drain=0 ring_chunks=16 pump_pass=223 pic1_mask=0xb8 first_irq_ticks=0 install_ticks=0 vector_at_install=0x00849fc0 pic1_mask_live=0x38 kbd_8042_stat=0x34 bios_kbd_head=0x002a bios_kbd_tail=0x002a bios_kbd_buf0=0x2064
[15:41:24] [info] audio/engine split block 0: audio_mixer_calls=0 audio_mixer_ms_x10=0 engine_tick_calls=76 engine_tick_ms_x10=234 audio_service_calls=0 audio_service_ms_x10=0 (per-flip avg; per-call us_x10: audio_mix=0 engine_tick=308244 audio_service=0; global ns: audio_mix=0 engine_tick=8975464728 audio_service=0)
[15:41:24] [info] dirty-rect block @flip=200: total_calls=0 dirty_rects_avg=1 dirty_pct_x10=1000 forced_full=0 first_n_force=0 threshold_exceeded=0 dirty_path_taken=0 full_flush_taken=0
[15:41:24] [info] prev-frame-diff block @flip=200: diff_calls=0 diff_rects_avg=0 diff_dirty_pct_x10=0 bbox_pct_x10=0 bbox_thresh_exceeded=0
[15:41:25] [info] flip-probe: flip #210 ok=true present=4ms inter_flip_ms=42 drawcalls-since-flip=17 drawcalls-total=14481 fail-total=0 null-skips-total=0
[15:41:25] [info] flip-probe: flip #220 ok=true present=6ms inter_flip_ms=65 drawcalls-since-flip=182 drawcalls-total=14918 fail-total=0 null-skips-total=0
[15:41:26] [info]  >> Entering stage 11: 'Mimiga Village'.
[15:41:26] [info] [skip-sheet-flush] cave=3
[15:41:26] [info] [load-stage] preloading entry music song=9 (cave=3)
[15:41:26] [info] gameloop: entered (curmap=11, running=1)
[15:41:26] [info] gameloop: iter 1 ticks=55495 mapno=-1
[15:41:26] [info] map: mds_clear LUT ENABLED (default) (set SDL_HINT_DOSKUTSU_MDS_CLEAR_LUT=0 to disable; default ON; patch 0144 wave-49 bandwidth lever)
[15:41:26] [info] mds-clear-lut: rebuilt N=240 entries (k_skip=0% k_keep=100%; curmap=11 map_size=60x60; rebuild #1 since boot)
[15:41:26] [info] backdrop thrash full-cover ENABLED (default) (set SDL_HINT_DOSKUTSU_THRASH_FULLCOVER=0 to disable)
[15:41:26] [info] [bd-diag] backdrop render-path diag disabled (default) (set SDL_HINT_DOSKUTSU_BACKDROP_DIAG=1 to enable)
[15:41:27] [info] gameloop: iter 2 ticks=55647 mapno=-1
[15:41:27] [info] tas: stall frame 151 ms -> contributing 1 tick (patch 0286)
[15:41:27] [info] gameloop: iter 3 ticks=55761 mapno=-1
[15:41:27] [info] flip-probe: flip #230 ok=true present=4ms inter_flip_ms=126 drawcalls-since-flip=384 drawcalls-total=18154 fail-total=0 null-skips-total=0
[15:41:27] [info] backdrop cache: thrashing-detect engaged (streak=4, route=direct)
[15:41:28] [info] flip-probe: flip #240 ok=true present=4ms inter_flip_ms=60 drawcalls-since-flip=43 drawcalls-total=19208 fail-total=0 null-skips-total=0
[15:41:28] [info] flip-probe: flip #250 ok=true present=4ms inter_flip_ms=63 drawcalls-since-flip=46 drawcalls-total=19664 fail-total=0 null-skips-total=0
[15:41:29] [info] flip-probe: flip #260 ok=true present=4ms inter_flip_ms=60 drawcalls-since-flip=43 drawcalls-total=20096 fail-total=0 null-skips-total=0
[15:41:30] [info] flip-probe: flip #270 ok=true present=5ms inter_flip_ms=57 drawcalls-since-flip=43 drawcalls-total=20526 fail-total=0 null-skips-total=0
[15:41:30] [info] flip-probe: flip #280 ok=true present=4ms inter_flip_ms=58 drawcalls-since-flip=43 drawcalls-total=20956 fail-total=0 null-skips-total=0
[15:41:31] [info] flip-probe: flip #290 ok=true present=4ms inter_flip_ms=61 drawcalls-since-flip=43 drawcalls-total=21386 fail-total=0 null-skips-total=0
[15:41:31] [info] backdrop cache: thrashing-detect engaged (streak=64, route=direct)
[15:41:31] [info] flip-probe: flip #300 ok=true present=4ms inter_flip_ms=60 drawcalls-since-flip=43 drawcalls-total=21816 fail-total=0 null-skips-total=0
[15:41:31] [info] alpha audit block 0: 6469 total drawcalls, 0 with alpha<255 (block pct_x10=0; global 0/20055 pct_x10=0); alpha-mod skipped: block=0 global=0
[15:41:31] [info] fastpath audit block 0: taken=6469 (idx8=6469) skipped=0 pct_x10=1000; global taken=20055 (idx8=20055) skipped=0 pct_x10=1000
[15:41:31] [info] primitive tally block 0: clear=201(hr=201) fill=0(hr=0) rect=0(hr=0) line=0(hr=0) tint=0 spotlight=0 (over 100 flips ending at flip 300)
[15:41:31] [info] color/alpha audit block 0: cmod_white=962 cmod_black=962 (idx=962) cmod_general=0 (idx=0) cmod_fb=0; alpha_taken=0 alpha_skipped=0 (global cmod=2504/962/693/0 idx=962/693 alpha=0/0)
[15:41:31] [info] phase timing block 0: drawcalls=8600 dc_total_ms=1467 flip_inner_total_ms=596 inter_flip_total_ms=7092 (per-flip avg x10: dc_ms=146 fi_ms=59 if_ms=709 derived audio+engine_ms=504; per-drawcall avg us_x10=1706) [direct-vesa: presents=100 total_ms=387 avg_ms_x10=38 failed=0] [ablation: NO_DC_TIMING=0 CACHE_WINSURF=0 DIRECT_VESA=1]
[15:41:31] [info] kbd/audio block 0: kbd_irq=0 kbd_drain=0 ring_chunks=16 pump_pass=532 pic1_mask=0xb8 first_irq_ticks=0 install_ticks=0 vector_at_install=0x00849fc0 pic1_mask_live=0x38 kbd_8042_stat=0x34 bios_kbd_head=0x002a bios_kbd_tail=0x002a bios_kbd_buf0=0x2064
[15:41:31] [info] [tile-speedup-stat n=100 drawtile_us=137.59 raw_blit_us=91.50 ratio=1.50]
[15:41:31] [info] dirty-rect block @flip=300: total_calls=100 dirty_rects_avg=1 dirty_pct_x10=1000 forced_full=0 first_n_force=0 threshold_exceeded=0 dirty_path_taken=0 full_flush_taken=0
[15:41:32] [info] prev-frame-diff block @flip=300: diff_calls=0 diff_rects_avg=0 diff_dirty_pct_x10=0 bbox_pct_x10=0 bbox_thresh_exceeded=0
[15:41:32] [info] tas: stall frame 386 ms -> contributing 1 tick (patch 0286)
[15:41:32] [info] flip-probe: flip #310 ok=true present=4ms inter_flip_ms=65 drawcalls-since-flip=46 drawcalls-total=22358 fail-total=0 null-skips-total=0
[15:41:33] [info] flip-probe: flip #320 ok=true present=3ms inter_flip_ms=58 drawcalls-since-flip=44 drawcalls-total=22794 fail-total=0 null-skips-total=0
[15:41:33] [info] run_tick_fixed #600: heartbeat (loop alive)
[15:41:34] [info] flip-probe: flip #330 ok=true present=4ms inter_flip_ms=59 drawcalls-since-flip=42 drawcalls-total=23230 fail-total=0 null-skips-total=0
[15:41:34] [info] flip-probe: flip #340 ok=true present=4ms inter_flip_ms=61 drawcalls-since-flip=43 drawcalls-total=23647 fail-total=0 null-skips-total=0
[15:41:35] [info] flip-probe: flip #350 ok=true present=4ms inter_flip_ms=55 drawcalls-since-flip=15 drawcalls-total=23975 fail-total=0 null-skips-total=0
[15:41:35] [info] backdrop cache: thrashing-detect engaged (streak=124, route=direct)
[15:41:35] [info] flip-probe: flip #360 ok=true present=4ms inter_flip_ms=54 drawcalls-since-flip=15 drawcalls-total=24125 fail-total=0 null-skips-total=0
[15:41:36] [info] flip-probe: flip #370 ok=true present=4ms inter_flip_ms=101 drawcalls-since-flip=319 drawcalls-total=25953 fail-total=0 null-skips-total=0
[15:41:36] [info]  >> Entering stage 17: 'Yamashita Farm'.
[15:41:36] [info] [skip-sheet-flush] cave=4
[15:41:37] [info] [load-stage] preloading entry music song=13 (cave=4)
[15:41:37] [info] opl3 backend: on_song_stop
[15:41:37] [info] MidiScheduler::load: parsed 'data/orgmid2/plant.mid' = 6246 events at 48 PPQ
[15:41:37] [info] opl3 backend: on_song_start
[15:41:37] [info] gameloop: entered (curmap=17, running=1)
[15:41:37] [info] gameloop: iter 1 ticks=66092 mapno=-1
[15:41:37] [info] mds-clear-lut: rebuilt N=240 entries (k_skip=33% k_keep=67%; curmap=17 map_size=40x16; rebuild #2 since boot)
[15:41:37] [info] gameloop: iter 2 ticks=66386 mapno=-1
[15:41:37] [info] tas: stall frame 293 ms -> contributing 1 tick (patch 0286)
[15:41:37] [info] gameloop: iter 3 ticks=66501 mapno=-1
[15:41:38] [info] flip-probe: flip #380 ok=true present=4ms inter_flip_ms=81 drawcalls-since-flip=132 drawcalls-total=28798 fail-total=0 null-skips-total=0
[15:41:39] [info] flip-probe: flip #390 ok=true present=4ms inter_flip_ms=83 drawcalls-since-flip=142 drawcalls-total=30148 fail-total=0 null-skips-total=0
[15:41:40] [info] backdrop cache: thrashing-detect engaged (streak=4, route=direct)
[15:41:40] [info] flip-probe: flip #400 ok=true present=5ms inter_flip_ms=96 drawcalls-since-flip=141 drawcalls-total=31531 fail-total=0 null-skips-total=0
[15:41:40] [info] alpha audit block 0: 8640 total drawcalls, 0 with alpha<255 (block pct_x10=0; global 0/28695 pct_x10=0); alpha-mod skipped: block=0 global=0
[15:41:40] [info] fastpath audit block 0: taken=8640 (idx8=8640) skipped=0 pct_x10=1000; global taken=28695 (idx8=28695) skipped=0 pct_x10=1000
[15:41:40] [info] primitive tally block 0: clear=201(hr=201) fill=0(hr=0) rect=0(hr=0) line=0(hr=0) tint=0 spotlight=0 (over 100 flips ending at flip 400)
[15:41:40] [info] color/alpha audit block 0: cmod_white=975 cmod_black=975 (idx=975) cmod_general=0 (idx=0) cmod_fb=0; alpha_taken=0 alpha_skipped=0 (global cmod=3479/1937/693/0 idx=1937/693 alpha=0/0)
[15:41:40] [info] phase timing block 0: drawcalls=10816 dc_total_ms=1682 flip_inner_total_ms=598 inter_flip_total_ms=8620 (per-flip avg x10: dc_ms=168 fi_ms=59 if_ms=862 derived audio+engine_ms=635; per-drawcall avg us_x10=1555) [direct-vesa: presents=100 total_ms=391 avg_ms_x10=39 failed=0] [ablation: NO_DC_TIMING=0 CACHE_WINSURF=0 DIRECT_VESA=1]
[15:41:40] [info] kbd/audio block 0: kbd_irq=0 kbd_drain=0 ring_chunks=16 pump_pass=881 pic1_mask=0xb8 first_irq_ticks=0 install_ticks=0 vector_at_install=0x00849fc0 pic1_mask_live=0x38 kbd_8042_stat=0x34 bios_kbd_head=0x002a bios_kbd_tail=0x002a bios_kbd_buf0=0x2064
[15:41:40] [info] dirty-rect block @flip=400: total_calls=0 dirty_rects_avg=1 dirty_pct_x10=1000 forced_full=0 first_n_force=0 threshold_exceeded=0 dirty_path_taken=0 full_flush_taken=0
[15:41:40] [info] prev-frame-diff block @flip=400: diff_calls=0 diff_rects_avg=0 diff_dirty_pct_x10=0 bbox_pct_x10=0 bbox_thresh_exceeded=0
[15:41:40] [info] tas: stall frame 172 ms -> contributing 1 tick (patch 0286)
[15:41:40] [info] run_tick_fixed #900: heartbeat (loop alive)
[15:41:41] [info] flip-probe: flip #410 ok=true present=4ms inter_flip_ms=87 drawcalls-since-flip=142 drawcalls-total=32942 fail-total=0 null-skips-total=0
[15:41:42] [info] backdrop cache: thrashing-detect engaged (streak=4, route=direct)
[15:41:42] [info] flip-probe: flip #420 ok=true present=4ms inter_flip_ms=100 drawcalls-since-flip=140 drawcalls-total=34355 fail-total=0 null-skips-total=0
[15:41:43] [info] flip-probe: flip #430 ok=true present=5ms inter_flip_ms=91 drawcalls-since-flip=130 drawcalls-total=35740 fail-total=0 null-skips-total=0
[15:41:44] [info] flip-probe: flip #440 ok=true present=3ms inter_flip_ms=80 drawcalls-since-flip=128 drawcalls-total=36998 fail-total=0 null-skips-total=0
[15:41:45] [info] flip-probe: flip #450 ok=true present=4ms inter_flip_ms=83 drawcalls-since-flip=129 drawcalls-total=38274 fail-total=0 null-skips-total=0
[15:41:45] [info] flip-probe: flip #460 ok=true present=4ms inter_flip_ms=95 drawcalls-since-flip=133 drawcalls-total=39549 fail-total=0 null-skips-total=0
[15:41:46] [info] flip-probe: flip #470 ok=true present=4ms inter_flip_ms=93 drawcalls-since-flip=148 drawcalls-total=40980 fail-total=0 null-skips-total=0
[15:41:47] [info] backdrop cache: thrashing-detect engaged (streak=64, route=direct)
[15:41:47] [info] flip-probe: flip #480 ok=true present=4ms inter_flip_ms=93 drawcalls-since-flip=138 drawcalls-total=42356 fail-total=0 null-skips-total=0
[15:41:48] [info] flip-probe: flip #490 ok=true present=4ms inter_flip_ms=88 drawcalls-since-flip=138 drawcalls-total=43760 fail-total=0 null-skips-total=0
[15:41:49] [info] flip-probe: flip #500 ok=true present=4ms inter_flip_ms=96 drawcalls-since-flip=116 drawcalls-total=44901 fail-total=0 null-skips-total=0
[15:41:49] [info] alpha audit block 0: 12087 total drawcalls, 0 with alpha<255 (block pct_x10=0; global 0/40782 pct_x10=0); alpha-mod skipped: block=0 global=0
[15:41:49] [info] fastpath audit block 0: taken=12087 (idx8=12087) skipped=0 pct_x10=1000; global taken=40782 (idx8=40782) skipped=0 pct_x10=1000
[15:41:49] [info] primitive tally block 0: clear=200(hr=200) fill=0(hr=0) rect=0(hr=0) line=0(hr=0) tint=0 spotlight=0 (over 100 flips ending at flip 500)
[15:41:49] [info] color/alpha audit block 0: cmod_white=1183 cmod_black=1183 (idx=1183) cmod_general=0 (idx=0) cmod_fb=0; alpha_taken=0 alpha_skipped=0 (global cmod=4662/3120/693/0 idx=3120/693 alpha=0/0)
[15:41:49] [info] phase timing block 0: drawcalls=14657 dc_total_ms=1525 flip_inner_total_ms=596 inter_flip_total_ms=9223 (per-flip avg x10: dc_ms=152 fi_ms=59 if_ms=922 derived audio+engine_ms=711; per-drawcall avg us_x10=1040) [direct-vesa: presents=100 total_ms=381 avg_ms_x10=38 failed=0] [ablation: NO_DC_TIMING=0 CACHE_WINSURF=0 DIRECT_VESA=1]
[15:41:49] [info] kbd/audio block 0: kbd_irq=0 kbd_drain=0 ring_chunks=16 pump_pass=1335 pic1_mask=0xb8 first_irq_ticks=0 install_ticks=0 vector_at_install=0x00849fc0 pic1_mask_live=0x38 kbd_8042_stat=0x34 bios_kbd_head=0x002a bios_kbd_tail=0x002a bios_kbd_buf0=0x2064
[15:41:49] [info] dirty-rect block @flip=500: total_calls=0 dirty_rects_avg=1 dirty_pct_x10=1000 forced_full=0 first_n_force=0 threshold_exceeded=0 dirty_path_taken=0 full_flush_taken=0
[15:41:49] [info] prev-frame-diff block @flip=500: diff_calls=0 diff_rects_avg=0 diff_dirty_pct_x10=0 bbox_pct_x10=0 bbox_thresh_exceeded=0
[15:41:49] [info] tas: stall frame 180 ms -> contributing 1 tick (patch 0286)
[15:41:50] [info] flip-probe: flip #510 ok=true present=3ms inter_flip_ms=94 drawcalls-since-flip=119 drawcalls-total=46003 fail-total=0 null-skips-total=0
[15:41:51] [info] flip-probe: flip #520 ok=true present=4ms inter_flip_ms=83 drawcalls-since-flip=118 drawcalls-total=47175 fail-total=0 null-skips-total=0
[15:41:52] [info] flip-probe: flip #530 ok=true present=4ms inter_flip_ms=81 drawcalls-since-flip=113 drawcalls-total=48340 fail-total=0 null-skips-total=0
[15:41:52] [info] backdrop cache: thrashing-detect engaged (streak=124, route=direct)
[15:41:53] [info] flip-probe: flip #540 ok=true present=4ms inter_flip_ms=104 drawcalls-since-flip=311 drawcalls-total=49783 fail-total=0 null-skips-total=0
[15:41:53] [info]  >> Entering stage 11: 'Mimiga Village'.
[15:41:53] [info] [skip-sheet-flush] cave=5
[15:41:54] [info] [load-stage] preloading entry music song=9 (cave=5)
[15:41:54] [info] opl3 backend: on_song_stop
[15:41:54] [info] MidiScheduler::load: parsed 'data/orgmid2/mura.mid' = 7123 events at 48 PPQ
[15:41:54] [info] opl3 backend: on_song_start
[15:41:54] [info] gameloop: entered (curmap=11, running=1)
[15:41:54] [info] gameloop: iter 1 ticks=83197 mapno=-1
[15:41:54] [info] mds-clear-lut: rebuilt N=240 entries (k_skip=0% k_keep=100%; curmap=11 map_size=60x60; rebuild #3 since boot)
[15:41:54] [info] gameloop: iter 2 ticks=83331 mapno=-1
[15:41:54] [info] gameloop: iter 3 ticks=83445 mapno=-1
[15:41:55] [info] flip-probe: flip #550 ok=true present=4ms inter_flip_ms=99 drawcalls-since-flip=210 drawcalls-total=53000 fail-total=0 null-skips-total=0
[15:41:55] [info] backdrop cache: thrashing-detect engaged (streak=4, route=direct)
[15:41:55] [info] flip-probe: flip #560 ok=true present=4ms inter_flip_ms=60 drawcalls-since-flip=41 drawcalls-total=53523 fail-total=0 null-skips-total=0
[15:41:56] [info] flip-probe: flip #570 ok=true present=4ms inter_flip_ms=60 drawcalls-since-flip=41 drawcalls-total=53933 fail-total=0 null-skips-total=0
[15:41:57] [info] flip-probe: flip #580 ok=true present=5ms inter_flip_ms=61 drawcalls-since-flip=43 drawcalls-total=54345 fail-total=0 null-skips-total=0
[15:41:57] [info] flip-probe: flip #590 ok=true present=4ms inter_flip_ms=61 drawcalls-since-flip=41 drawcalls-total=54763 fail-total=0 null-skips-total=0
[15:41:58] [info] flip-probe: flip #600 ok=true present=4ms inter_flip_ms=59 drawcalls-since-flip=42 drawcalls-total=55179 fail-total=0 null-skips-total=0
[15:41:58] [info] alpha audit block 0: 9463 total drawcalls, 0 with alpha<255 (block pct_x10=0; global 0/50245 pct_x10=0); alpha-mod skipped: block=0 global=0
[15:41:58] [info] fastpath audit block 0: taken=9463 (idx8=9463) skipped=0 pct_x10=1000; global taken=50245 (idx8=50245) skipped=0 pct_x10=1000
[15:41:58] [info] primitive tally block 0: clear=201(hr=201) fill=0(hr=0) rect=0(hr=0) line=0(hr=0) tint=0 spotlight=0 (over 100 flips ending at flip 600)
[15:41:58] [info] color/alpha audit block 0: cmod_white=715 cmod_black=715 (idx=715) cmod_general=0 (idx=0) cmod_fb=0; alpha_taken=0 alpha_skipped=0 (global cmod=5377/3835/693/0 idx=3835/693 alpha=0/0)
[15:41:58] [info] phase timing block 0: drawcalls=11099 dc_total_ms=1501 flip_inner_total_ms=587 inter_flip_total_ms=8582 (per-flip avg x10: dc_ms=150 fi_ms=58 if_ms=858 derived audio+engine_ms=650; per-drawcall avg us_x10=1352) [direct-vesa: presents=100 total_ms=383 avg_ms_x10=38 failed=0] [ablation: NO_DC_TIMING=0 CACHE_WINSURF=0 DIRECT_VESA=1]
[15:41:58] [info] kbd/audio block 0: kbd_irq=0 kbd_drain=0 ring_chunks=16 pump_pass=1706 pic1_mask=0xb8 first_irq_ticks=0 install_ticks=0 vector_at_install=0x00849fc0 pic1_mask_live=0x38 kbd_8042_stat=0x34 bios_kbd_head=0x002a bios_kbd_tail=0x002a bios_kbd_buf0=0x2064
[15:41:58] [info] dirty-rect block @flip=600: total_calls=0 dirty_rects_avg=1 dirty_pct_x10=1000 forced_full=0 first_n_force=0 threshold_exceeded=0 dirty_path_taken=0 full_flush_taken=0
[15:41:58] [info] prev-frame-diff block @flip=600: diff_calls=0 diff_rects_avg=0 diff_dirty_pct_x10=0 bbox_pct_x10=0 bbox_thresh_exceeded=0
[15:41:58] [info] flip-probe: flip #610 ok=true present=4ms inter_flip_ms=60 drawcalls-since-flip=42 drawcalls-total=55603 fail-total=0 null-skips-total=0
[15:41:58] [info] backdrop cache: thrashing-detect engaged (streak=64, route=direct)
[15:41:59] [info] flip-probe: flip #620 ok=true present=4ms inter_flip_ms=62 drawcalls-since-flip=42 drawcalls-total=56023 fail-total=0 null-skips-total=0
[15:42:00] [info] flip-probe: flip #630 ok=true present=4ms inter_flip_ms=63 drawcalls-since-flip=44 drawcalls-total=56452 fail-total=0 null-skips-total=0
[15:42:00] [info] run_tick_fixed #1800: heartbeat (loop alive)
[15:42:00] [info] flip-probe: flip #640 ok=true present=3ms inter_flip_ms=61 drawcalls-since-flip=44 drawcalls-total=56892 fail-total=0 null-skips-total=0
[15:42:01] [info] flip-probe: flip #650 ok=true present=3ms inter_flip_ms=61 drawcalls-since-flip=43 drawcalls-total=57328 fail-total=0 null-skips-total=0
[15:42:01] [info] flip-probe: flip #660 ok=true present=4ms inter_flip_ms=61 drawcalls-since-flip=43 drawcalls-total=57754 fail-total=0 null-skips-total=0
[15:42:02] [info] flip-probe: flip #670 ok=true present=4ms inter_flip_ms=54 drawcalls-since-flip=16 drawcalls-total=58045 fail-total=0 null-skips-total=0
[15:42:02] [info] backdrop cache: thrashing-detect engaged (streak=124, route=direct)
[15:42:03] [info] flip-probe: flip #680 ok=true present=4ms inter_flip_ms=54 drawcalls-since-flip=16 drawcalls-total=58205 fail-total=0 null-skips-total=0
[15:42:03] [info] flip-probe: flip #690 ok=true present=4ms inter_flip_ms=61 drawcalls-since-flip=27 drawcalls-total=58387 fail-total=0 null-skips-total=0
[15:42:04] [info] flip-probe: flip #700 ok=true present=4ms inter_flip_ms=55 drawcalls-since-flip=17 drawcalls-total=58599 fail-total=0 null-skips-total=0
[15:42:04] [info] alpha audit block 0: 2475 total drawcalls, 0 with alpha<255 (block pct_x10=0; global 0/52720 pct_x10=0); alpha-mod skipped: block=0 global=0
[15:42:04] [info] fastpath audit block 0: taken=2475 (idx8=2475) skipped=0 pct_x10=1000; global taken=52720 (idx8=52720) skipped=0 pct_x10=1000
[15:42:04] [info] primitive tally block 0: clear=200(hr=200) fill=0(hr=0) rect=0(hr=0) line=0(hr=0) tint=0 spotlight=0 (over 100 flips ending at flip 700)
[15:42:04] [info] color/alpha audit block 0: cmod_white=845 cmod_black=845 (idx=845) cmod_general=0 (idx=0) cmod_fb=0; alpha_taken=0 alpha_skipped=0 (global cmod=6222/4680/693/0 idx=4680/693 alpha=0/0)
[15:42:04] [info] phase timing block 0: drawcalls=4365 dc_total_ms=941 flip_inner_total_ms=592 inter_flip_total_ms=5933 (per-flip avg x10: dc_ms=94 fi_ms=59 if_ms=593 derived audio+engine_ms=440; per-drawcall avg us_x10=2157) [direct-vesa: presents=100 total_ms=385 avg_ms_x10=38 failed=0] [ablation: NO_DC_TIMING=0 CACHE_WINSURF=0 DIRECT_VESA=1]
[15:42:04] [info] kbd/audio block 0: kbd_irq=0 kbd_drain=0 ring_chunks=16 pump_pass=2003 pic1_mask=0xb8 first_irq_ticks=0 install_ticks=0 vector_at_install=0x00849fc0 pic1_mask_live=0x38 kbd_8042_stat=0x34 bios_kbd_head=0x002a bios_kbd_tail=0x002a bios_kbd_buf0=0x2064
[15:42:04] [info] dirty-rect block @flip=700: total_calls=0 dirty_rects_avg=1 dirty_pct_x10=1000 forced_full=0 first_n_force=0 threshold_exceeded=0 dirty_path_taken=0 full_flush_taken=0
[15:42:04] [info] prev-frame-diff block @flip=700: diff_calls=0 diff_rects_avg=0 diff_dirty_pct_x10=0 bbox_pct_x10=0 bbox_thresh_exceeded=0
[15:42:04] [info] flip-probe: flip #710 ok=true present=3ms inter_flip_ms=56 drawcalls-since-flip=20 drawcalls-total=58790 fail-total=0 null-skips-total=0
[15:42:05] [info]  >> Entering stage 15: 'Reservoir'.
[15:42:05] [info] [skip-sheet-flush] cave=6
[15:42:06] [info] [load-stage] preloading entry music song=9 (cave=6)
[15:42:06] [info] gameloop: entered (curmap=15, running=1)
[15:42:06] [info] gameloop: iter 1 ticks=94814 mapno=-1
[15:42:06] [info] mds-clear-lut: rebuilt N=240 entries (k_skip=13% k_keep=87%; curmap=15 map_size=40x20; rebuild #4 since boot)
[15:42:06] [info] flip-probe: flip #720 ok=true present=4ms inter_flip_ms=814 drawcalls-since-flip=336 drawcalls-total=60866 fail-total=0 null-skips-total=0
[15:42:06] [info] gameloop: iter 2 ticks=94941 mapno=-1
[15:42:06] [info] gameloop: iter 3 ticks=95049 mapno=-1
[15:42:07] [info] flip-probe: flip #730 ok=true present=4ms inter_flip_ms=51 drawcalls-since-flip=32 drawcalls-total=62519 fail-total=0 null-skips-total=0
[15:42:07] [info] flip-probe: flip #740 ok=true present=4ms inter_flip_ms=50 drawcalls-since-flip=32 drawcalls-total=62839 fail-total=0 null-skips-total=0
[15:42:08] [info] flip-probe: flip #750 ok=true present=4ms inter_flip_ms=65 drawcalls-since-flip=32 drawcalls-total=63159 fail-total=0 null-skips-total=0
[15:42:08] [info] backdrop cache: thrashing-detect engaged (streak=4, route=direct)
[15:42:08] [info] flip-probe: flip #760 ok=true present=3ms inter_flip_ms=55 drawcalls-since-flip=35 drawcalls-total=63506 fail-total=0 null-skips-total=0
[15:42:09] [info] flip-probe: flip #770 ok=true present=5ms inter_flip_ms=55 drawcalls-since-flip=32 drawcalls-total=63829 fail-total=0 null-skips-total=0
[15:42:09] [info] flip-probe: flip #780 ok=true present=4ms inter_flip_ms=55 drawcalls-since-flip=33 drawcalls-total=64152 fail-total=0 null-skips-total=0
[15:42:10] [info] tas: stall frame 270 ms -> contributing 1 tick (patch 0286)
[15:42:10] [info] flip-probe: flip #790 ok=true present=4ms inter_flip_ms=53 drawcalls-since-flip=34 drawcalls-total=64487 fail-total=0 null-skips-total=0
[15:42:11] [info] flip-probe: flip #800 ok=true present=4ms inter_flip_ms=56 drawcalls-since-flip=35 drawcalls-total=64833 fail-total=0 null-skips-total=0
[15:42:11] [info] alpha audit block 0: 5405 total drawcalls, 0 with alpha<255 (block pct_x10=0; global 0/58125 pct_x10=0); alpha-mod skipped: block=0 global=0
[15:42:11] [info] fastpath audit block 0: taken=5405 (idx8=5405) skipped=0 pct_x10=1000; global taken=58125 (idx8=58125) skipped=0 pct_x10=1000
[15:42:11] [info] primitive tally block 0: clear=201(hr=201) fill=0(hr=0) rect=0(hr=0) line=0(hr=0) tint=0 spotlight=0 (over 100 flips ending at flip 800)
[15:42:11] [info] color/alpha audit block 0: cmod_white=729 cmod_black=729 (idx=729) cmod_general=0 (idx=0) cmod_fb=0; alpha_taken=0 alpha_skipped=0 (global cmod=6951/5409/693/0 idx=5409/693 alpha=0/0)
[15:42:11] [info] phase timing block 0: drawcalls=7095 dc_total_ms=1431 flip_inner_total_ms=811 inter_flip_total_ms=6994 (per-flip avg x10: dc_ms=143 fi_ms=81 if_ms=699 derived audio+engine_ms=475; per-drawcall avg us_x10=2017) [direct-vesa: presents=100 total_ms=383 avg_ms_x10=38 failed=0] [ablation: NO_DC_TIMING=0 CACHE_WINSURF=0 DIRECT_VESA=1]
[15:42:11] [info] kbd/audio block 0: kbd_irq=0 kbd_drain=0 ring_chunks=16 pump_pass=2303 pic1_mask=0xb8 first_irq_ticks=0 install_ticks=0 vector_at_install=0x00849fc0 pic1_mask_live=0x38 kbd_8042_stat=0x34 bios_kbd_head=0x002a bios_kbd_tail=0x002a bios_kbd_buf0=0x2064
[15:42:11] [info] dirty-rect block @flip=800: total_calls=0 dirty_rects_avg=1 dirty_pct_x10=1000 forced_full=0 first_n_force=0 threshold_exceeded=0 dirty_path_taken=0 full_flush_taken=0
[15:42:11] [info] prev-frame-diff block @flip=800: diff_calls=0 diff_rects_avg=0 diff_dirty_pct_x10=0 bbox_pct_x10=0 bbox_thresh_exceeded=0
[15:42:11] [info] tas: stall frame 345 ms -> contributing 1 tick (patch 0286)
[15:42:12] [info] flip-probe: flip #810 ok=true present=4ms inter_flip_ms=56 drawcalls-since-flip=37 drawcalls-total=65190 fail-total=0 null-skips-total=0
[15:42:12] [info] backdrop cache: thrashing-detect engaged (streak=64, route=direct)
[15:42:12] [info] flip-probe: flip #820 ok=true present=4ms inter_flip_ms=54 drawcalls-since-flip=37 drawcalls-total=65558 fail-total=0 null-skips-total=0
[15:42:13] [info] flip-probe: flip #830 ok=true present=4ms inter_flip_ms=55 drawcalls-since-flip=35 drawcalls-total=65919 fail-total=0 null-skips-total=0
[15:42:13] [info] flip-probe: flip #840 ok=true present=3ms inter_flip_ms=50 drawcalls-since-flip=15 drawcalls-total=66240 fail-total=0 null-skips-total=0
[15:42:14] [info] flip-probe: flip #850 ok=true present=4ms inter_flip_ms=47 drawcalls-since-flip=15 drawcalls-total=66390 fail-total=0 null-skips-total=0
[15:42:14] [info] flip-probe: flip #860 ok=true present=3ms inter_flip_ms=51 drawcalls-since-flip=14 drawcalls-total=66535 fail-total=0 null-skips-total=0
[15:42:15] [info] flip-probe: flip #870 ok=true present=4ms inter_flip_ms=49 drawcalls-since-flip=14 drawcalls-total=66675 fail-total=0 null-skips-total=0
[15:42:15] [info] flip-probe: flip #880 ok=true present=3ms inter_flip_ms=61 drawcalls-since-flip=14 drawcalls-total=66815 fail-total=0 null-skips-total=0
[15:42:15] [info] backdrop cache: thrashing-detect engaged (streak=4, route=direct)
[15:42:16] [info] flip-probe: flip #890 ok=true present=5ms inter_flip_ms=51 drawcalls-since-flip=15 drawcalls-total=66959 fail-total=0 null-skips-total=0
[15:42:16] [info] flip-probe: flip #900 ok=true present=4ms inter_flip_ms=51 drawcalls-since-flip=14 drawcalls-total=67102 fail-total=0 null-skips-total=0
[15:42:16] [info] alpha audit block 0: 1818 total drawcalls, 0 with alpha<255 (block pct_x10=0; global 0/59943 pct_x10=0); alpha-mod skipped: block=0 global=0
[15:42:16] [info] fastpath audit block 0: taken=1818 (idx8=1818) skipped=0 pct_x10=1000; global taken=59943 (idx8=59943) skipped=0 pct_x10=1000
[15:42:16] [info] primitive tally block 0: clear=200(hr=200) fill=0(hr=0) rect=0(hr=0) line=0(hr=0) tint=0 spotlight=0 (over 100 flips ending at flip 900)
[15:42:16] [info] color/alpha audit block 0: cmod_white=351 cmod_black=351 (idx=351) cmod_general=0 (idx=0) cmod_fb=0; alpha_taken=0 alpha_skipped=0 (global cmod=7302/5760/693/0 idx=5760/693 alpha=0/0)
[15:42:16] [info] phase timing block 0: drawcalls=2740 dc_total_ms=872 flip_inner_total_ms=585 inter_flip_total_ms=5630 (per-flip avg x10: dc_ms=87 fi_ms=58 if_ms=563 derived audio+engine_ms=418; per-drawcall avg us_x10=3184) [direct-vesa: presents=100 total_ms=383 avg_ms_x10=38 failed=0] [ablation: NO_DC_TIMING=0 CACHE_WINSURF=0 DIRECT_VESA=1]
[15:42:16] [info] kbd/audio block 0: kbd_irq=0 kbd_drain=0 ring_chunks=16 pump_pass=2569 pic1_mask=0xb8 first_irq_ticks=0 install_ticks=0 vector_at_install=0x00849fc0 pic1_mask_live=0x38 kbd_8042_stat=0x34 bios_kbd_head=0x002a bios_kbd_tail=0x002a bios_kbd_buf0=0x2064
[15:42:16] [info] dirty-rect block @flip=900: total_calls=0 dirty_rects_avg=1 dirty_pct_x10=1000 forced_full=0 first_n_force=0 threshold_exceeded=0 dirty_path_taken=0 full_flush_taken=0
[15:42:16] [info] prev-frame-diff block @flip=900: diff_calls=0 diff_rects_avg=0 diff_dirty_pct_x10=0 bbox_pct_x10=0 bbox_thresh_exceeded=0
[15:42:17] [info] flip-probe: flip #910 ok=true present=5ms inter_flip_ms=52 drawcalls-since-flip=14 drawcalls-total=67242 fail-total=0 null-skips-total=0
[15:42:17] [info] flip-probe: flip #920 ok=true present=4ms inter_flip_ms=50 drawcalls-since-flip=14 drawcalls-total=67382 fail-total=0 null-skips-total=0
[15:42:18] [info] flip-probe: flip #930 ok=true present=4ms inter_flip_ms=47 drawcalls-since-flip=14 drawcalls-total=67522 fail-total=0 null-skips-total=0
[15:42:18] [info] flip-probe: flip #940 ok=true present=4ms inter_flip_ms=51 drawcalls-since-flip=14 drawcalls-total=67662 fail-total=0 null-skips-total=0
[15:42:18] [info] backdrop cache: thrashing-detect engaged (streak=64, route=direct)
[15:42:19] [info] flip-probe: flip #950 ok=true present=5ms inter_flip_ms=49 drawcalls-since-flip=14 drawcalls-total=67802 fail-total=0 null-skips-total=0
[15:42:20] [info] flip-probe: flip #960 ok=true present=4ms inter_flip_ms=53 drawcalls-since-flip=3 drawcalls-total=69808 fail-total=0 null-skips-total=0
[15:42:20] [info]  >> Entering stage 11: 'Mimiga Village'.
[15:42:20] [info] [skip-sheet-flush] cave=7
[15:42:20] [info] [load-stage] preloading entry music song=9 (cave=7)
[15:42:20] [info] gameloop: entered (curmap=11, running=1)
[15:42:20] [info] gameloop: iter 1 ticks=109489 mapno=-1
[15:42:20] [info] mds-clear-lut: rebuilt N=240 entries (k_skip=0% k_keep=100%; curmap=11 map_size=60x60; rebuild #5 since boot)
[15:42:21] [info] gameloop: iter 2 ticks=109613 mapno=-1
[15:42:21] [info] gameloop: iter 3 ticks=109725 mapno=-1
[15:42:21] [info] flip-probe: flip #970 ok=true present=5ms inter_flip_ms=56 drawcalls-since-flip=42 drawcalls-total=71730 fail-total=0 null-skips-total=0
[15:42:22] [info] flip-probe: flip #980 ok=true present=4ms inter_flip_ms=57 drawcalls-since-flip=42 drawcalls-total=72150 fail-total=0 null-skips-total=0
[15:42:22] [info] flip-probe: flip #990 ok=true present=4ms inter_flip_ms=63 drawcalls-since-flip=53 drawcalls-total=72614 fail-total=0 null-skips-total=0
[15:42:23] [info] backdrop cache: thrashing-detect engaged (streak=4, route=direct)
[15:42:23] [info] flip-probe: flip #1000 ok=true present=4ms inter_flip_ms=69 drawcalls-since-flip=48 drawcalls-total=73113 fail-total=0 null-skips-total=0
[15:42:23] [info] alpha audit block 0: 5391 total drawcalls, 0 with alpha<255 (block pct_x10=0; global 0/65334 pct_x10=0); alpha-mod skipped: block=0 global=0
[15:42:23] [info] fastpath audit block 0: taken=5391 (idx8=5391) skipped=0 pct_x10=1000; global taken=65334 (idx8=65334) skipped=0 pct_x10=1000
[15:42:23] [info] primitive tally block 0: clear=201(hr=201) fill=0(hr=0) rect=0(hr=0) line=0(hr=0) tint=0 spotlight=0 (over 100 flips ending at flip 1000)
[15:42:23] [info] color/alpha audit block 0: cmod_white=520 cmod_black=520 (idx=520) cmod_general=0 (idx=0) cmod_fb=0; alpha_taken=0 alpha_skipped=0 (global cmod=7822/6280/693/0 idx=6280/693 alpha=0/0)
[15:42:23] [info] phase timing block 0: drawcalls=6667 dc_total_ms=1425 flip_inner_total_ms=610 inter_flip_total_ms=6887 (per-flip avg x10: dc_ms=142 fi_ms=61 if_ms=688 derived audio+engine_ms=485; per-drawcall avg us_x10=2137) [direct-vesa: presents=100 total_ms=389 avg_ms_x10=38 failed=0] [ablation: NO_DC_TIMING=0 CACHE_WINSURF=0 DIRECT_VESA=1]
[15:42:23] [info] kbd/audio block 0: kbd_irq=0 kbd_drain=0 ring_chunks=16 pump_pass=2873 pic1_mask=0xb8 first_irq_ticks=0 install_ticks=0 vector_at_install=0x00849fc0 pic1_mask_live=0x38 kbd_8042_stat=0x34 bios_kbd_head=0x002a bios_kbd_tail=0x002a bios_kbd_buf0=0x2064
[15:42:23] [info] dirty-rect block @flip=1000: total_calls=0 dirty_rects_avg=1 dirty_pct_x10=1000 forced_full=0 first_n_force=0 threshold_exceeded=0 dirty_path_taken=0 full_flush_taken=0
[15:42:23] [info] prev-frame-diff block @flip=1000: diff_calls=0 diff_rects_avg=0 diff_dirty_pct_x10=0 bbox_pct_x10=0 bbox_thresh_exceeded=0
[15:42:24] [info] flip-probe: flip #1010 ok=true present=4ms inter_flip_ms=61 drawcalls-since-flip=43 drawcalls-total=73555 fail-total=0 null-skips-total=0
[15:42:25] [info] flip-probe: flip #1020 ok=true present=4ms inter_flip_ms=59 drawcalls-since-flip=45 drawcalls-total=73997 fail-total=0 null-skips-total=0
[15:42:25] [info] flip-probe: flip #1030 ok=true present=4ms inter_flip_ms=61 drawcalls-since-flip=45 drawcalls-total=74448 fail-total=0 null-skips-total=0
[15:42:26] [info] flip-probe: flip #1040 ok=true present=4ms inter_flip_ms=60 drawcalls-since-flip=45 drawcalls-total=74898 fail-total=0 null-skips-total=0
[15:42:26] [info] run_tick_fixed #3000: heartbeat (loop alive)
[15:42:26] [info] flip-probe: flip #1050 ok=true present=4ms inter_flip_ms=60 drawcalls-since-flip=45 drawcalls-total=75348 fail-total=0 null-skips-total=0
[15:42:27] [info] backdrop cache: thrashing-detect engaged (streak=64, route=direct)
[15:42:27] [info] flip-probe: flip #1060 ok=true present=3ms inter_flip_ms=58 drawcalls-since-flip=44 drawcalls-total=75797 fail-total=0 null-skips-total=0
[15:42:28] [info] flip-probe: flip #1070 ok=true present=4ms inter_flip_ms=58 drawcalls-since-flip=44 drawcalls-total=76237 fail-total=0 null-skips-total=0
[15:42:28] [info] flip-probe: flip #1080 ok=true present=3ms inter_flip_ms=58 drawcalls-since-flip=43 drawcalls-total=76670 fail-total=0 null-skips-total=0
[15:42:29] [info] flip-probe: flip #1090 ok=true present=4ms inter_flip_ms=57 drawcalls-since-flip=18 drawcalls-total=76846 fail-total=0 null-skips-total=0
[15:42:29] [info] flip-probe: flip #1100 ok=true present=4ms inter_flip_ms=57 drawcalls-since-flip=19 drawcalls-total=77036 fail-total=0 null-skips-total=0
[15:42:29] [info] alpha audit block 0: 2783 total drawcalls, 0 with alpha<255 (block pct_x10=0; global 0/68117 pct_x10=0); alpha-mod skipped: block=0 global=0
[15:42:29] [info] fastpath audit block 0: taken=2783 (idx8=2783) skipped=0 pct_x10=1000; global taken=68117 (idx8=68117) skipped=0 pct_x10=1000
[15:42:29] [info] primitive tally block 0: clear=200(hr=200) fill=0(hr=0) rect=0(hr=0) line=0(hr=0) tint=0 spotlight=0 (over 100 flips ending at flip 1100)
[15:42:29] [info] color/alpha audit block 0: cmod_white=1040 cmod_black=1040 (idx=1040) cmod_general=0 (idx=0) cmod_fb=0; alpha_taken=0 alpha_skipped=0 (global cmod=8862/7320/693/0 idx=7320/693 alpha=0/0)
[15:42:29] [info] phase timing block 0: drawcalls=5063 dc_total_ms=1002 flip_inner_total_ms=586 inter_flip_total_ms=6025 (per-flip avg x10: dc_ms=100 fi_ms=58 if_ms=602 derived audio+engine_ms=444; per-drawcall avg us_x10=1979) [direct-vesa: presents=100 total_ms=382 avg_ms_x10=38 failed=0] [ablation: NO_DC_TIMING=0 CACHE_WINSURF=0 DIRECT_VESA=1]
[15:42:29] [info] kbd/audio block 0: kbd_irq=0 kbd_drain=0 ring_chunks=16 pump_pass=3175 pic1_mask=0xb8 first_irq_ticks=0 install_ticks=0 vector_at_install=0x00849fc0 pic1_mask_live=0x38 kbd_8042_stat=0x34 bios_kbd_head=0x002a bios_kbd_tail=0x002a bios_kbd_buf0=0x2064
[15:42:29] [info] dirty-rect block @flip=1100: total_calls=0 dirty_rects_avg=1 dirty_pct_x10=1000 forced_full=0 first_n_force=0 threshold_exceeded=0 dirty_path_taken=0 full_flush_taken=0
[15:42:29] [info] prev-frame-diff block @flip=1100: diff_calls=0 diff_rects_avg=0 diff_dirty_pct_x10=0 bbox_pct_x10=0 bbox_thresh_exceeded=0
[15:42:30] [info] flip-probe: flip #1110 ok=true present=4ms inter_flip_ms=58 drawcalls-since-flip=18 drawcalls-total=77224 fail-total=0 null-skips-total=0
[15:42:30] [info] backdrop cache: thrashing-detect engaged (streak=124, route=direct)
[15:42:30] [info] flip-probe: flip #1120 ok=true present=4ms inter_flip_ms=54 drawcalls-since-flip=17 drawcalls-total=77400 fail-total=0 null-skips-total=0
[15:42:31] [info] flip-probe: flip #1130 ok=true present=5ms inter_flip_ms=57 drawcalls-since-flip=18 drawcalls-total=77578 fail-total=0 null-skips-total=0
[15:42:32] [info] flip-probe: flip #1140 ok=true present=4ms inter_flip_ms=58 drawcalls-since-flip=19 drawcalls-total=77763 fail-total=0 null-skips-total=0
[15:42:32] [info] flip-probe: flip #1150 ok=true present=4ms inter_flip_ms=58 drawcalls-since-flip=19 drawcalls-total=77953 fail-total=0 null-skips-total=0
[15:42:33] [info] flip-probe: flip #1160 ok=true present=4ms inter_flip_ms=57 drawcalls-since-flip=20 drawcalls-total=78149 fail-total=0 null-skips-total=0
[15:42:33] [info] flip-probe: flip #1170 ok=true present=4ms inter_flip_ms=55 drawcalls-since-flip=20 drawcalls-total=78349 fail-total=0 null-skips-total=0
[15:42:34] [info] backdrop cache: thrashing-detect engaged (streak=184, route=direct)
[15:42:34] [info] flip-probe: flip #1180 ok=true present=4ms inter_flip_ms=57 drawcalls-since-flip=17 drawcalls-total=78540 fail-total=0 null-skips-total=0
[15:42:34] [info] flip-probe: flip #1190 ok=true present=4ms inter_flip_ms=59 drawcalls-since-flip=17 drawcalls-total=78710 fail-total=0 null-skips-total=0
[15:42:35] [info] flip-probe: flip #1200 ok=true present=4ms inter_flip_ms=58 drawcalls-since-flip=18 drawcalls-total=78884 fail-total=0 null-skips-total=0
[15:42:35] [info] alpha audit block 0: 1748 total drawcalls, 0 with alpha<255 (block pct_x10=0; global 0/69865 pct_x10=0); alpha-mod skipped: block=0 global=0
[15:42:35] [info] fastpath audit block 0: taken=1748 (idx8=1748) skipped=0 pct_x10=1000; global taken=69865 (idx8=69865) skipped=0 pct_x10=1000
[15:42:35] [info] primitive tally block 0: clear=200(hr=200) fill=0(hr=0) rect=0(hr=0) line=0(hr=0) tint=0 spotlight=0 (over 100 flips ending at flip 1200)
[15:42:35] [info] phase timing block 0: drawcalls=1948 dc_total_ms=743 flip_inner_total_ms=589 inter_flip_total_ms=5694 (per-flip avg x10: dc_ms=74 fi_ms=58 if_ms=569 derived audio+engine_ms=437; per-drawcall avg us_x10=3817) [direct-vesa: presents=100 total_ms=384 avg_ms_x10=38 failed=0] [ablation: NO_DC_TIMING=0 CACHE_WINSURF=0 DIRECT_VESA=1]
[15:42:35] [info] kbd/audio block 0: kbd_irq=0 kbd_drain=0 ring_chunks=16 pump_pass=3460 pic1_mask=0xb8 first_irq_ticks=0 install_ticks=0 vector_at_install=0x00849fc0 pic1_mask_live=0x38 kbd_8042_stat=0x34 bios_kbd_head=0x002a bios_kbd_tail=0x002a bios_kbd_buf0=0x2064
[15:42:35] [info] dirty-rect block @flip=1200: total_calls=0 dirty_rects_avg=1 dirty_pct_x10=1000 forced_full=0 first_n_force=0 threshold_exceeded=0 dirty_path_taken=0 full_flush_taken=0
[15:42:35] [info] prev-frame-diff block @flip=1200: diff_calls=0 diff_rects_avg=0 diff_dirty_pct_x10=0 bbox_pct_x10=0 bbox_thresh_exceeded=0
[15:42:36] [info] flip-probe: flip #1210 ok=true present=4ms inter_flip_ms=51 drawcalls-since-flip=17 drawcalls-total=79061 fail-total=0 null-skips-total=0
[15:42:36] [info] flip-probe: flip #1220 ok=true present=4ms inter_flip_ms=56 drawcalls-since-flip=16 drawcalls-total=79224 fail-total=0 null-skips-total=0
[15:42:37] [info] flip-probe: flip #1230 ok=true present=4ms inter_flip_ms=53 drawcalls-since-flip=19 drawcalls-total=79402 fail-total=0 null-skips-total=0
[15:42:37] [info] backdrop cache: thrashing-detect engaged (streak=244, route=direct)
[15:42:37] [info] flip-probe: flip #1240 ok=true present=4ms inter_flip_ms=59 drawcalls-since-flip=19 drawcalls-total=79602 fail-total=0 null-skips-total=0
[15:42:38] [info] run_tick_fixed #3600: heartbeat (loop alive)
[15:42:38] [info] flip-probe: flip #1250 ok=true present=4ms inter_flip_ms=109 drawcalls-since-flip=347 drawcalls-total=80470 fail-total=0 null-skips-total=0
[15:42:38] [info]  >> Entering stage 19: 'Assembly Hall'.
[15:42:38] [info] [skip-sheet-flush] cave=8
[15:42:39] [info] [load-stage] preloading entry music song=9 (cave=8)
[15:42:39] [info] gameloop: entered (curmap=19, running=1)
[15:42:39] [info] gameloop: iter 1 ticks=128415 mapno=-1
[15:42:39] [info] mds-clear-lut: rebuilt N=240 entries (k_skip=100% k_keep=0%; curmap=19 map_size=21x16; rebuild #6 since boot)
[15:42:39] [info] gameloop: iter 2 ticks=128550 mapno=-1
[15:42:40] [info] gameloop: iter 3 ticks=128667 mapno=-1
[15:42:40] [info] flip-probe: flip #1260 ok=true present=4ms inter_flip_ms=67 drawcalls-since-flip=171 drawcalls-total=83872 fail-total=0 null-skips-total=0
[15:42:41] [info] flip-probe: flip #1270 ok=true present=4ms inter_flip_ms=57 drawcalls-since-flip=122 drawcalls-total=85081 fail-total=0 null-skips-total=0
[15:42:41] [info] flip-probe: flip #1280 ok=true present=4ms inter_flip_ms=57 drawcalls-since-flip=122 drawcalls-total=86301 fail-total=0 null-skips-total=0
[15:42:42] [info] flip-probe: flip #1290 ok=true present=4ms inter_flip_ms=57 drawcalls-since-flip=123 drawcalls-total=87541 fail-total=0 null-skips-total=0
[15:42:42] [info] flip-probe: flip #1300 ok=true present=5ms inter_flip_ms=56 drawcalls-since-flip=123 drawcalls-total=88772 fail-total=0 null-skips-total=0
[15:42:42] [info] alpha audit block 0: 9236 total drawcalls, 0 with alpha<255 (block pct_x10=0; global 0/79101 pct_x10=0); alpha-mod skipped: block=0 global=0
[15:42:42] [info] fastpath audit block 0: taken=9236 (idx8=9236) skipped=0 pct_x10=1000; global taken=79101 (idx8=79101) skipped=0 pct_x10=1000
[15:42:42] [info] primitive tally block 0: clear=201(hr=201) fill=0(hr=0) rect=0(hr=0) line=0(hr=0) tint=0 spotlight=0 (over 100 flips ending at flip 1300)
[15:42:42] [info] color/alpha audit block 0: cmod_white=552 cmod_black=552 (idx=552) cmod_general=0 (idx=0) cmod_fb=0; alpha_taken=0 alpha_skipped=0 (global cmod=9414/7872/693/0 idx=7872/693 alpha=0/0)
[15:42:42] [info] phase timing block 0: drawcalls=10587 dc_total_ms=1630 flip_inner_total_ms=582 inter_flip_total_ms=7390 (per-flip avg x10: dc_ms=163 fi_ms=58 if_ms=739 derived audio+engine_ms=518; per-drawcall avg us_x10=1540) [direct-vesa: presents=100 total_ms=381 avg_ms_x10=38 failed=0] [ablation: NO_DC_TIMING=0 CACHE_WINSURF=0 DIRECT_VESA=1]
[15:42:42] [info] kbd/audio block 0: kbd_irq=0 kbd_drain=0 ring_chunks=16 pump_pass=3776 pic1_mask=0xb8 first_irq_ticks=0 install_ticks=0 vector_at_install=0x00849fc0 pic1_mask_live=0x38 kbd_8042_stat=0x34 bios_kbd_head=0x002a bios_kbd_tail=0x002a bios_kbd_buf0=0x2064
[15:42:42] [info] dirty-rect block @flip=1300: total_calls=0 dirty_rects_avg=1 dirty_pct_x10=1000 forced_full=0 first_n_force=0 threshold_exceeded=0 dirty_path_taken=0 full_flush_taken=0
[15:42:42] [info] prev-frame-diff block @flip=1300: diff_calls=0 diff_rects_avg=0 diff_dirty_pct_x10=0 bbox_pct_x10=0 bbox_thresh_exceeded=0
[15:42:43] [info] flip-probe: flip #1310 ok=true present=4ms inter_flip_ms=57 drawcalls-since-flip=122 drawcalls-total=89992 fail-total=0 null-skips-total=0
[15:42:44] [info] flip-probe: flip #1320 ok=true present=4ms inter_flip_ms=54 drawcalls-since-flip=122 drawcalls-total=91212 fail-total=0 null-skips-total=0
[15:42:44] [info] flip-probe: flip #1330 ok=true present=4ms inter_flip_ms=93 drawcalls-since-flip=350 drawcalls-total=92788 fail-total=0 null-skips-total=0
[15:42:45] [info]  >> Entering stage 11: 'Mimiga Village'.
[15:42:45] [info] [skip-sheet-flush] cave=9
[15:42:45] [info] [load-stage] preloading entry music song=9 (cave=9)
[15:42:46] [info] gameloop: entered (curmap=11, running=1)
[15:42:46] [info] gameloop: iter 1 ticks=134721 mapno=-1
[15:42:46] [info] mds-clear-lut: rebuilt N=240 entries (k_skip=0% k_keep=100%; curmap=11 map_size=60x60; rebuild #7 since boot)
[15:42:46] [info] gameloop: iter 2 ticks=134854 mapno=-1
[15:42:46] [info] gameloop: iter 3 ticks=134976 mapno=-1
[15:42:46] [info] tas: stall frame 334 ms -> contributing 1 tick (patch 0286)
[15:42:46] [info] flip-probe: flip #1340 ok=true present=4ms inter_flip_ms=116 drawcalls-since-flip=324 drawcalls-total=96594 fail-total=0 null-skips-total=0
[15:42:47] [info] backdrop cache: thrashing-detect engaged (streak=4, route=direct)
[15:42:47] [info] flip-probe: flip #1350 ok=true present=4ms inter_flip_ms=65 drawcalls-since-flip=46 drawcalls-total=97174 fail-total=0 null-skips-total=0
[15:42:48] [info] flip-probe: flip #1360 ok=true present=4ms inter_flip_ms=61 drawcalls-since-flip=43 drawcalls-total=97611 fail-total=0 null-skips-total=0
[15:42:48] [info] flip-probe: flip #1370 ok=true present=4ms inter_flip_ms=61 drawcalls-since-flip=44 drawcalls-total=98046 fail-total=0 null-skips-total=0
[15:42:49] [info] flip-probe: flip #1380 ok=true present=4ms inter_flip_ms=62 drawcalls-since-flip=43 drawcalls-total=98484 fail-total=0 null-skips-total=0
[15:42:50] [info] flip-probe: flip #1390 ok=true present=5ms inter_flip_ms=58 drawcalls-since-flip=45 drawcalls-total=98934 fail-total=0 null-skips-total=0
[15:42:50] [info] flip-probe: flip #1400 ok=true present=5ms inter_flip_ms=63 drawcalls-since-flip=44 drawcalls-total=99380 fail-total=0 null-skips-total=0
[15:42:50] [info] alpha audit block 0: 9243 total drawcalls, 0 with alpha<255 (block pct_x10=0; global 0/88344 pct_x10=0); alpha-mod skipped: block=0 global=0
[15:42:50] [info] fastpath audit block 0: taken=9243 (idx8=9243) skipped=0 pct_x10=1000; global taken=88344 (idx8=88344) skipped=0 pct_x10=1000
[15:42:51] [info] primitive tally block 0: clear=201(hr=201) fill=0(hr=0) rect=0(hr=0) line=0(hr=0) tint=0 spotlight=0 (over 100 flips ending at flip 1400)
[15:42:51] [info] color/alpha audit block 0: cmod_white=1265 cmod_black=1265 (idx=1265) cmod_general=0 (idx=0) cmod_fb=0; alpha_taken=0 alpha_skipped=0 (global cmod=10679/9137/693/0 idx=9137/693 alpha=0/0)
[15:42:51] [info] phase timing block 0: drawcalls=12014 dc_total_ms=1768 flip_inner_total_ms=819 inter_flip_total_ms=7979 (per-flip avg x10: dc_ms=176 fi_ms=81 if_ms=797 derived audio+engine_ms=540; per-drawcall avg us_x10=1472) [direct-vesa: presents=100 total_ms=385 avg_ms_x10=38 failed=0] [ablation: NO_DC_TIMING=0 CACHE_WINSURF=0 DIRECT_VESA=1]
[15:42:51] [info] kbd/audio block 0: kbd_irq=0 kbd_drain=0 ring_chunks=16 pump_pass=4106 pic1_mask=0xb8 first_irq_ticks=0 install_ticks=0 vector_at_install=0x00849fc0 pic1_mask_live=0x38 kbd_8042_stat=0x34 bios_kbd_head=0x002a bios_kbd_tail=0x002a bios_kbd_buf0=0x2064
[15:42:51] [info] dirty-rect block @flip=1400: total_calls=0 dirty_rects_avg=1 dirty_pct_x10=1000 forced_full=0 first_n_force=0 threshold_exceeded=0 dirty_path_taken=0 full_flush_taken=0
[15:42:51] [info] prev-frame-diff block @flip=1400: diff_calls=0 diff_rects_avg=0 diff_dirty_pct_x10=0 bbox_pct_x10=0 bbox_thresh_exceeded=0
[15:42:51] [info] tas: stall frame 356 ms -> contributing 1 tick (patch 0286)
[15:42:51] [info] backdrop cache: thrashing-detect engaged (streak=64, route=direct)
[15:42:51] [info] flip-probe: flip #1410 ok=true present=4ms inter_flip_ms=62 drawcalls-since-flip=44 drawcalls-total=99820 fail-total=0 null-skips-total=0
[15:42:52] [info] flip-probe: flip #1420 ok=true present=4ms inter_flip_ms=59 drawcalls-since-flip=43 drawcalls-total=100251 fail-total=0 null-skips-total=0
[15:42:52] [info] flip-probe: flip #1430 ok=true present=4ms inter_flip_ms=61 drawcalls-since-flip=44 drawcalls-total=100684 fail-total=0 null-skips-total=0
[15:42:53] [info] flip-probe: flip #1440 ok=true present=4ms inter_flip_ms=58 drawcalls-since-flip=44 drawcalls-total=101124 fail-total=0 null-skips-total=0
[15:42:54] [info] flip-probe: flip #1450 ok=true present=4ms inter_flip_ms=64 drawcalls-since-flip=43 drawcalls-total=101572 fail-total=0 null-skips-total=0
[15:42:54] [info] flip-probe: flip #1460 ok=true present=4ms inter_flip_ms=59 drawcalls-since-flip=15 drawcalls-total=101854 fail-total=0 null-skips-total=0
[15:42:54] [info] backdrop cache: thrashing-detect engaged (streak=124, route=direct)
[15:42:55] [info] flip-probe: flip #1470 ok=true present=4ms inter_flip_ms=63 drawcalls-since-flip=4 drawcalls-total=103792 fail-total=0 null-skips-total=0
[15:42:55] [info]  >> Entering stage 14: 'Shack'.
[15:42:55] [info] [skip-sheet-flush] cave=10
[15:42:56] [info] [load-stage] preloading entry music song=8 (cave=10)
[15:42:56] [info] opl3 backend: on_song_stop
[15:42:56] [info] MidiScheduler::load: parsed 'data/orgmid2/vivi.mid' = 11188 events at 48 PPQ
[15:42:56] [info] opl3 backend: on_song_start
[15:42:56] [info] gameloop: entered (curmap=14, running=1)
[15:42:56] [info] gameloop: iter 1 ticks=145351 mapno=-1
[15:42:56] [info] gameloop: iter 2 ticks=145453 mapno=-1
[15:42:56] [info] gameloop: iter 3 ticks=145559 mapno=-1
[15:42:57] [info] flip-probe: flip #1480 ok=true present=4ms inter_flip_ms=43 drawcalls-since-flip=24 drawcalls-total=105633 fail-total=0 null-skips-total=0
[15:42:57] [info] flip-probe: flip #1490 ok=true present=4ms inter_flip_ms=46 drawcalls-since-flip=24 drawcalls-total=105873 fail-total=0 null-skips-total=0
[15:42:58] [info] flip-probe: flip #1500 ok=true present=4ms inter_flip_ms=44 drawcalls-since-flip=24 drawcalls-total=106113 fail-total=0 null-skips-total=0
[15:42:58] [info] alpha audit block 0: 5798 total drawcalls, 0 with alpha<255 (block pct_x10=0; global 0/94142 pct_x10=0); alpha-mod skipped: block=0 global=0
[15:42:58] [info] fastpath audit block 0: taken=5798 (idx8=5798) skipped=0 pct_x10=1000; global taken=94142 (idx8=94142) skipped=0 pct_x10=1000
[15:42:58] [info] primitive tally block 0: clear=201(hr=201) fill=0(hr=0) rect=0(hr=0) line=0(hr=0) tint=0 spotlight=0 (over 100 flips ending at flip 1500)
[15:42:58] [info] color/alpha audit block 0: cmod_white=865 cmod_black=865 (idx=865) cmod_general=0 (idx=0) cmod_fb=0; alpha_taken=0 alpha_skipped=0 (global cmod=11544/10002/693/0 idx=10002/693 alpha=0/0)
[15:42:58] [info] phase timing block 0: drawcalls=7729 dc_total_ms=1322 flip_inner_total_ms=583 inter_flip_total_ms=7608 (per-flip avg x10: dc_ms=132 fi_ms=58 if_ms=760 derived audio+engine_ms=570; per-drawcall avg us_x10=1710) [direct-vesa: presents=100 total_ms=385 avg_ms_x10=38 failed=0] [ablation: NO_DC_TIMING=0 CACHE_WINSURF=0 DIRECT_VESA=1]
[15:42:58] [info] kbd/audio block 0: kbd_irq=0 kbd_drain=0 ring_chunks=16 pump_pass=4409 pic1_mask=0xb8 first_irq_ticks=0 install_ticks=0 vector_at_install=0x00849fc0 pic1_mask_live=0x38 kbd_8042_stat=0x34 bios_kbd_head=0x002a bios_kbd_tail=0x002a bios_kbd_buf0=0x2064
[15:42:58] [info] dirty-rect block @flip=1500: total_calls=0 dirty_rects_avg=1 dirty_pct_x10=1000 forced_full=0 first_n_force=0 threshold_exceeded=0 dirty_path_taken=0 full_flush_taken=0
[15:42:58] [info] prev-frame-diff block @flip=1500: diff_calls=0 diff_rects_avg=0 diff_dirty_pct_x10=0 bbox_pct_x10=0 bbox_thresh_exceeded=0
[15:42:58] [info] flip-probe: flip #1510 ok=true present=4ms inter_flip_ms=45 drawcalls-since-flip=27 drawcalls-total=106382 fail-total=0 null-skips-total=0
[15:42:59] [info] flip-probe: flip #1520 ok=true present=4ms inter_flip_ms=44 drawcalls-since-flip=24 drawcalls-total=106629 fail-total=0 null-skips-total=0
[15:42:59] [info] flip-probe: flip #1530 ok=true present=4ms inter_flip_ms=45 drawcalls-since-flip=24 drawcalls-total=106869 fail-total=0 null-skips-total=0
[15:43:00] [info] flip-probe: flip #1540 ok=true present=4ms inter_flip_ms=44 drawcalls-since-flip=24 drawcalls-total=107109 fail-total=0 null-skips-total=0
[15:43:00] [info] flip-probe: flip #1550 ok=true present=4ms inter_flip_ms=43 drawcalls-since-flip=24 drawcalls-total=107349 fail-total=0 null-skips-total=0
[15:43:01] [info] flip-probe: flip #1560 ok=true present=4ms inter_flip_ms=44 drawcalls-since-flip=24 drawcalls-total=107589 fail-total=0 null-skips-total=0
[15:43:01] [info] flip-probe: flip #1570 ok=true present=4ms inter_flip_ms=45 drawcalls-since-flip=24 drawcalls-total=107829 fail-total=0 null-skips-total=0
[15:43:02] [info] flip-probe: flip #1580 ok=true present=4ms inter_flip_ms=100 drawcalls-since-flip=365 drawcalls-total=109820 fail-total=0 null-skips-total=0
[15:43:02] [info]  >> Entering stage 11: 'Mimiga Village'.
[15:43:02] [info] [skip-sheet-flush] cave=11
[15:43:02] [info] [load-stage] preloading entry music song=9 (cave=11)
[15:43:02] [info] opl3 backend: on_song_stop
[15:43:03] [info] MidiScheduler::load: parsed 'data/orgmid2/mura.mid' = 7123 events at 48 PPQ
[15:43:03] [info] opl3 backend: on_song_start
[15:43:03] [info] gameloop: entered (curmap=11, running=1)
[15:43:03] [info] gameloop: iter 1 ticks=151912 mapno=-1
[15:43:03] [info] gameloop: iter 2 ticks=152035 mapno=-1
[15:43:03] [info] gameloop: iter 3 ticks=152157 mapno=-1
[15:43:03] [info] backdrop cache: thrashing-detect engaged (streak=4, route=direct)
[15:43:04] [info] flip-probe: flip #1590 ok=true present=4ms inter_flip_ms=58 drawcalls-since-flip=30 drawcalls-total=111911 fail-total=0 null-skips-total=0
[15:43:04] [info] flip-probe: flip #1600 ok=true present=4ms inter_flip_ms=58 drawcalls-since-flip=43 drawcalls-total=112328 fail-total=0 null-skips-total=0
[15:43:04] [info] alpha audit block 0: 5544 total drawcalls, 0 with alpha<255 (block pct_x10=0; global 0/99686 pct_x10=0); alpha-mod skipped: block=0 global=0
[15:43:04] [info] fastpath audit block 0: taken=5544 (idx8=5544) skipped=0 pct_x10=1000; global taken=99686 (idx8=99686) skipped=0 pct_x10=1000
[15:43:04] [info] primitive tally block 0: clear=201(hr=201) fill=0(hr=0) rect=0(hr=0) line=0(hr=0) tint=0 spotlight=0 (over 100 flips ending at flip 1600)
[15:43:04] [info] color/alpha audit block 0: cmod_white=652 cmod_black=652 (idx=652) cmod_general=0 (idx=0) cmod_fb=0; alpha_taken=0 alpha_skipped=0 (global cmod=12196/10654/693/0 idx=10654/693 alpha=0/0)
[15:43:04] [info] phase timing block 0: drawcalls=7054 dc_total_ms=1281 flip_inner_total_ms=592 inter_flip_total_ms=6434 (per-flip avg x10: dc_ms=128 fi_ms=59 if_ms=643 derived audio+engine_ms=456; per-drawcall avg us_x10=1816) [direct-vesa: presents=100 total_ms=381 avg_ms_x10=38 failed=0] [ablation: NO_DC_TIMING=0 CACHE_WINSURF=0 DIRECT_VESA=1]
[15:43:04] [info] kbd/audio block 0: kbd_irq=0 kbd_drain=0 ring_chunks=16 pump_pass=4675 pic1_mask=0xb8 first_irq_ticks=0 install_ticks=0 vector_at_install=0x00849fc0 pic1_mask_live=0x38 kbd_8042_stat=0x34 bios_kbd_head=0x002a bios_kbd_tail=0x002a bios_kbd_buf0=0x2064
[15:43:04] [info] dirty-rect block @flip=1600: total_calls=0 dirty_rects_avg=1 dirty_pct_x10=1000 forced_full=0 first_n_force=0 threshold_exceeded=0 dirty_path_taken=0 full_flush_taken=0
[15:43:04] [info] prev-frame-diff block @flip=1600: diff_calls=0 diff_rects_avg=0 diff_dirty_pct_x10=0 bbox_pct_x10=0 bbox_thresh_exceeded=0
[15:43:05] [info] flip-probe: flip #1610 ok=true present=4ms inter_flip_ms=63 drawcalls-since-flip=46 drawcalls-total=112772 fail-total=0 null-skips-total=0
[15:43:06] [info] flip-probe: flip #1620 ok=true present=4ms inter_flip_ms=61 drawcalls-since-flip=44 drawcalls-total=113234 fail-total=0 null-skips-total=0
[15:43:06] [info] flip-probe: flip #1630 ok=true present=4ms inter_flip_ms=58 drawcalls-since-flip=43 drawcalls-total=113664 fail-total=0 null-skips-total=0
[15:43:07] [info] run_tick_fixed #4800: heartbeat (loop alive)
[15:43:07] [info] flip-probe: flip #1640 ok=true present=4ms inter_flip_ms=69 drawcalls-since-flip=45 drawcalls-total=114116 fail-total=0 null-skips-total=0
[15:43:07] [info] backdrop cache: thrashing-detect engaged (streak=64, route=direct)
[15:43:08] [info] flip-probe: flip #1650 ok=true present=3ms inter_flip_ms=61 drawcalls-since-flip=45 drawcalls-total=114566 fail-total=0 null-skips-total=0
[15:43:08] [info] flip-probe: flip #1660 ok=true present=4ms inter_flip_ms=62 drawcalls-since-flip=47 drawcalls-total=115023 fail-total=0 null-skips-total=0
[15:43:09] [info] backdrop cache: thrashing-detect engaged (streak=4, route=direct)
[15:43:09] [info] flip-probe: flip #1670 ok=true present=4ms inter_flip_ms=69 drawcalls-since-flip=44 drawcalls-total=115479 fail-total=0 null-skips-total=0
[15:43:09] [info] flip-probe: flip #1680 ok=true present=4ms inter_flip_ms=61 drawcalls-since-flip=44 drawcalls-total=115919 fail-total=0 null-skips-total=0
[15:43:10] [info] flip-probe: flip #1690 ok=true present=4ms inter_flip_ms=61 drawcalls-since-flip=46 drawcalls-total=116373 fail-total=0 null-skips-total=0
[15:43:11] [info] flip-probe: flip #1700 ok=true present=4ms inter_flip_ms=58 drawcalls-since-flip=46 drawcalls-total=116839 fail-total=0 null-skips-total=0
[15:43:11] [info] alpha audit block 0: 3111 total drawcalls, 0 with alpha<255 (block pct_x10=0; global 0/102797 pct_x10=0); alpha-mod skipped: block=0 global=0
[15:43:11] [info] fastpath audit block 0: taken=3111 (idx8=3111) skipped=0 pct_x10=1000; global taken=102797 (idx8=102797) skipped=0 pct_x10=1000
[15:43:11] [info] primitive tally block 0: clear=200(hr=200) fill=0(hr=0) rect=0(hr=0) line=0(hr=0) tint=0 spotlight=0 (over 100 flips ending at flip 1700)
[15:43:11] [info] color/alpha audit block 0: cmod_white=1300 cmod_black=1300 (idx=1300) cmod_general=0 (idx=0) cmod_fb=0; alpha_taken=0 alpha_skipped=0 (global cmod=13496/11954/693/0 idx=11954/693 alpha=0/0)
[15:43:11] [info] phase timing block 0: drawcalls=5915 dc_total_ms=1103 flip_inner_total_ms=583 inter_flip_total_ms=6294 (per-flip avg x10: dc_ms=110 fi_ms=58 if_ms=629 derived audio+engine_ms=461; per-drawcall avg us_x10=1866) [direct-vesa: presents=100 total_ms=380 avg_ms_x10=38 failed=0] [ablation: NO_DC_TIMING=0 CACHE_WINSURF=0 DIRECT_VESA=1]
[15:43:11] [info] kbd/audio block 0: kbd_irq=0 kbd_drain=0 ring_chunks=16 pump_pass=4990 pic1_mask=0xb8 first_irq_ticks=0 install_ticks=0 vector_at_install=0x00849fc0 pic1_mask_live=0x38 kbd_8042_stat=0x34 bios_kbd_head=0x002a bios_kbd_tail=0x002a bios_kbd_buf0=0x2064
[15:43:11] [info] dirty-rect block @flip=1700: total_calls=0 dirty_rects_avg=1 dirty_pct_x10=1000 forced_full=0 first_n_force=0 threshold_exceeded=0 dirty_path_taken=0 full_flush_taken=0
[15:43:11] [info] prev-frame-diff block @flip=1700: diff_calls=0 diff_rects_avg=0 diff_dirty_pct_x10=0 bbox_pct_x10=0 bbox_thresh_exceeded=0
[15:43:11] [info] flip-probe: flip #1710 ok=true present=4ms inter_flip_ms=54 drawcalls-since-flip=19 drawcalls-total=117056 fail-total=0 null-skips-total=0
[15:43:12] [info] flip-probe: flip #1720 ok=true present=5ms inter_flip_ms=54 drawcalls-since-flip=19 drawcalls-total=117246 fail-total=0 null-skips-total=0
[15:43:12] [info] backdrop cache: thrashing-detect engaged (streak=64, route=direct)
[15:43:12] [info] flip-probe: flip #1730 ok=true present=4ms inter_flip_ms=61 drawcalls-since-flip=19 drawcalls-total=117436 fail-total=0 null-skips-total=0
[15:43:13] [info] flip-probe: flip #1740 ok=true present=4ms inter_flip_ms=52 drawcalls-since-flip=19 drawcalls-total=117626 fail-total=0 null-skips-total=0
[15:43:14] [info] flip-probe: flip #1750 ok=true present=4ms inter_flip_ms=57 drawcalls-since-flip=60 drawcalls-total=118226 fail-total=0 null-skips-total=0
[15:43:14] [info] flip-probe: flip #1760 ok=true present=4ms inter_flip_ms=57 drawcalls-since-flip=60 drawcalls-total=118826 fail-total=0 null-skips-total=0
[15:43:15] [info] flip-probe: flip #1770 ok=true present=4ms inter_flip_ms=56 drawcalls-since-flip=60 drawcalls-total=119426 fail-total=0 null-skips-total=0
[15:43:15] [info] tas: end-of-replay auto-exit at tick 5140 (recording exhausted; set DOSKUTSU_TAS_REPLAY_HOLD=1 to disable + observe steady-state past recording end)
[15:43:15] [info] Script engine shutdown.
[15:43:15] [info] opl3 backend: on_song_stop
[15:43:15] [info] opl3 backend: cleared reg 0xBD chip-wide latch (wub-wub mitigation per flush-instr WAVE-46 H6)
[15:43:15] [info] opl3 backend shutdown (all 18 voices KEY-OFF unconditionally; OPL2 mode restored; chip state safe for next process)
[15:43:15] [info] Sound system shutdown
[15:43:15] [info] Renderer::Close()
[15:43:16] [info] tas: replay file closed
[15:43:16] [info] [fps-true] flips=1774 render_s=159 fps_mean=11.1 (clock-independent: flips / seconds since the FIRST flip; use THIS for the fps matrix, not inter_flip medians, which are invalid in any cell running the PIT/IRQ-0 music pump)
[RUNMANIFEST-BEGIN]
schema_version=1
environment=realhw
binary_sha12=f8d446b4b0e0
wave_tag=551V
scene=
env_block_sha=eb385e2d3d4b
started_utc=2026-11-19T08:43:41Z
duration_s=175
exit_code=0
fps_p50=NA
fps_p95=NA
audio_vital_status=NA
regime=NA
banner_required_hit=0
banner_required_total=0
banner_forbidden_hit=0
banner_optional_hit=0
critical_count=0
warn_count=0
[RUNMANIFEST-END]
[15:43:16] [info] [runmanifest-emit] schema=v1 env=realhw sha12=f8d446b4b0e0 dur=175s tag='551V' scene='' env_sha=eb385e2d3d4b (signals=0x4)
