Logger::init: wave-53 log level=INFO path='LOGS/560.LOG'
[15:09:31] [info] config: loaded DOSKUTSU.CFG (3 keys)
[15:09:31] [info] tas: PRNG seed forced to 12345 via DOSKUTSU_TAS_PRNG_SEED
[15:09:31] [info] tas: auto-exit armed at tick 30000 via DOSKUTSU_TAS_AUTO_EXIT_TICK
[15:09:31] [info] tas: replay opened path='QA.TAS' header_seed=12345
[15:09:31] [info] data cache: DISABLED (default)
[15:09:31] [info] Joystick: skipped (default; set DOSKUTSU_USE_JOYSTICK=1 to enable -- skips SDL3-DOS gameport BIOS INT 15h polling, ~82 ms / flip on real HW)
[15:09:31] [info] Loading settings...
[15:09:31] [info] [input-bind] applied=0 invert_y=0 dos_axes=1
[15:09:31] [info] Renderer::initVideo: 8bpp mode requested via SDL_HINT_DOS_MAX_BPP=8 (wave 16); SDL3-DOS will pick the highest-bpp <= 8 mode at requested resolution
[15:09:31] [info] Renderer::initVideo: DOS resolution-label lock ENABLED (default)
[15:09:32] [info] Renderer::initVideo: using: software renderer
[15:09:35] [info] Renderer::initVideo: dirty-rect tracking ENABLED (wave 15, default ON; set SDL_HINT_DOSKUTSU_DIRTY_RECTS=0 to disable)
[15:09:35] [info] Renderer::initVideo: ablation flags: NO_DC_TIMING=0 CACHE_WINSURF=0 NO_INPUT_POLL=0 DIRECT_VESA=1
[15:09:35] [info] Renderer::initVideo: direct-VESA hot path ENABLED (default since wave 20 patch 0088; bypasses SDL_RenderPresent / SDL_UpdateWindowSurface and writes via SDL/0034's PresentFull helper; R2 mitigation handled by SDL/0034 generation counter -- no per-N-flip heartbeat needed; set SDL_HINT_DOSKUTSU_DIRECT_VESA=0 to revert)
[15:09:35] [info] Renderer::initVideo: flip-phase instrumentation DISABLED (default; set SDL_HINT_DOSKUTSU_FLIP_INSTR=1 to opt in for wave-20 Lever A diagnostic)
[15:09:35] [info] Renderer::initVideo: asm opaque-span blit lever DISABLED (default; set SDL_HINT_DOSKUTSU_ASM_BLIT=1 to opt in -- wave-51 _blit_indexed colorkey-blit lever)
[15:09:35] [info] Renderer::initVideo: blit-decomp instrumentation DISABLED (default; set SDL_HINT_DOSKUTSU_BLIT_DECOMP=1 to opt in -- wave-51 _blit_indexed sub-decomp sizing)
[15:09:35] [info] Renderer::initVideo: mds-scroll-decomp instrumentation DISABLED (default; set SDL_HINT_DOSKUTSU_MDS_DECOMP=1 to opt in -- wave-52 mode_draw_scene scrolling-block decomp)
[15:09:35] [info] Renderer::initVideo: DOSVESA pump yield: skipped (default) (per-flip explicit SDL_Delay(0) yield is always on; set SDL_HINT_DOSKUTSU_FORCE_PUMP_YIELD=1 to restore old per-pump yield)
[15:09:35] [info] Renderer::initVideo: indexed-mode (8bpp) ENABLED -- master palette + 107 per-asset remap LUTs loaded (wave 16, default ON; set SDL_HINT_DOSKUTSU_PIXEL_FORMAT_8=0 to disable)
[15:09:35] [info] Renderer::initVideo: master palette attached to window surface (format=SDL_PIXELFORMAT_INDEX8, ncolors=256)
[15:09:35] [info] Renderer::initVideo: indexed-mode smoke: idx0=(0,0,0) OK idx255=(255,0,255) OK
[15:09:35] [info] Renderer::initVideo: indexed-mode smoke: paletteRemapFor('MyChar.pbm') = present
[15:09:36] [info] Surface::loadImage palmap-diag #1: 'data/Loading.pbm' fmt=SDL_PIXELFORMAT_ABGR8888 remap=HIT -> path=truecolor
[15:09:36] [info] Renderer: prev-frame diff DISABLED (default since wave 17.6; set SDL_HINT_DOSKUTSU_PREVFRAME_DIFF=1 to opt in)
[15:09:36] [info] flip-probe: renderer=software window_ptr=8809312 colorspace=301991328 window_size=320x240 framebuffer_pixels=320x240 logical_present=320x240 mode=2
[15:09:36] [info] flip-probe: first flip ok=true present=55ms inter_flip_ms=0 drawcalls-since-flip=1 drawcalls-total=1
[15:09:36] [info] Sound system init
[15:09:36] [info] Sound system: 4-state audio enable (#31) -- music=OFF sfx=OFF (MUSIC_OFF/AUDIO_BACKEND=none -> music-off; SFX_OFF/SFX_DEVICE=none -> sfx-off; both gates are dispatch-level, the device still opens; AUDIO_OFF=1 is the device-level both-off).
[15:09:36] [info] Sound system: Tier-2 audio config (default since wave 21 patch 0093; 11025 Hz, 1 channel, buffer pinned to 256 frames). Measured savings on g2k Pentium OverDrive 83 MHz (W21A): heavy-music scenes ~+11 fps vs Tier-1 baseline (measured -10 to -15 ms/flip post-0094 audio fix; W21A's pre-fix -26.6 ms figure was inflated by stereo-vs-mono playback bug, see patch 0094). Audio quality is reduced vs Tier-1 (mono, 11025 Hz, simple-average L+R downmix) but recognizable; user accepted the trade per direction 2026-05-05. Set SDL_HINT_DOSKUTSU_AUDIO_TIER2=0 to revert to Tier-1 22050 stereo (full Cave Story 2004 audio quality; trades fps for fidelity).
[15:09:36] [info] Sound system: SDL_HINT_AUDIO_DEVICE_SAMPLE_FRAMES=256
[15:09:37] [info] Pixtone IRQ rate-divider: handed master_rate=11025 int16/s (SAMPLE_RATE=11025 x AUDIO_CHANNELS=1) to SDL for auto-RATEDIV (SDL/0074 computes shift_div from the resolved device freq).
[15:09:37] [info] Sound system: device frame-rate: requesting 11025 Hz match to master (SDL_DOSAudioSetDeviceFrameRate; SB16 opens at the engine frame rate instead of SDL's 44100 floor -- 4x less PCM/s + no resampler on the Organya/Pixtone path; killswitch SDL_HINT_DOSKUTSU_DOS_AUDIO_DEVICE_RATE_DEFAULT=0).
[15:09:37] [info] audio backend: opl3 (default since wave 46 patch 0139; +8.77 fps vs organya at Mimiga BK_PARALLAX per WAVE-44-OPL3-LOG-ANALYSIS; operator perceptual preference). Probes OPL3 via Adlib timer-1 sequence at SoundManager::init; on probe failure falls back gracefully to organya. Override via SDL_HINT_DOSKUTSU_AUDIO_BACKEND=organya for Cave Story 2004 original synth. Pixtone SFX continues on SB16 DAC unchanged.
[15:09:37] [info] wave-13.6.1: ring_chunks=16 FORCE_PUMP_YIELD=off (set SDL_HINT_DOSKUTSU_AUDIO_RING_CHUNKS=4|8|16 to override; default 16 matches wave 13.6 behaviour)
[15:09:37] [info] MidiScheduler: MIDI source = 'orgmid2' (native-GM org2mid set; resolves to data/orgmid2/<name>.mid).
[15:09:37] [info] opl3 backend probing for OPL3 chip (Adlib timer-1 sequence)...
[15:09:37] [info] opl3 backend: opl3bank.dat loaded 128 programs from 'data/opl3bank.dat' (v1; 1536 bytes payload). Per-program GM patches now use the runtime bank; programs >= 128 fall back to 8-patch family bucket. Drum channel (MIDI ch 9) unchanged (uses PATCH_DRUM regardless of bank loading).
[15:09:37] [info] opl3 backend ready (OPL3 detected via Adlib timer-1; InitChip applied 18 x 2-op layout; voice allocator armed). Patch bank state: runtime opl3bank.dat ACTIVE (loaded_count=128; programs >= loaded_count fall back to 8-patch placeholder covering GM family categories piano/mallet/organ/guitar/strings/brass/reed/pad). Phase 10.5 path: ship a fuller community bank as data/opl3bank.dat (DOPL3v1 format; 12-byte SBI records per GM program; loader at MidiBackendOpl3 ctor).
[15:09:37] [info] opl3 backend: PATCH_ORGAN + PATCH_MALLET RR=8 (medium release; wub-wub fix per patch 0171; was RR=0 in slot 0103 placeholder -- KEY-OFF couldn't silence; H6 reg 0xBD wave-47 falsified; H1+H5/RR=0 byte-level bug root per WAVE-46/47 analysis)
[15:09:37] [info] Sound system: MidiScheduler armed with MidiBackendOpl3 (patch 0103 Phase 10 Stage 4). Music dispatch routes via SMF parser + 18 x 2-op OPL3 voice allocator + small inline patch bank (community-sourced from Apogee Sound System / AdLib SBI public-domain refs). Pixtone SFX still active on SB16 DAC.
[15:09:37] [info] Sound system: idle-pause skipped (default OFF since patch 0119; backend=opl3 would qualify but operator did not opt-in via SDL_HINT_DOSKUTSU_IDLE_PAUSE=1). DSP stays in continuous-stream mode. Re-enable for an A/B iter once SDL/0037 ForcePause non-engagement is rooted out (task #17).
[15:09:37] [warn] Music dir Ogg/ doesn't exist
[15:09:37] [warn] Music dir Ogg11/ doesn't exist
[15:09:37] [warn] Music dir Ogg17/ doesn't exist
[15:09:37] [warn] Music dir Ogg_ridic/ doesn't exist
[15:09:37] [info] Loading Sound FX...
[15:09:38] [info] [pxt-cache] init(): HIT (loaded cache; render skipped)
[15:09:49] [info] Organya init...
[15:09:51] [info] Organya init done
[15:10:07] [info] gus SFX gain [nx0259]: 70% (SDL_HINT_DOSKUTSU_GUS_SFX_GAIN; scales the GF1 SFX voice volume to balance against velocity/CC-scaled GUS music; default 70, clamp 0..150).
[15:10:07] [info] pixtone IRQ-mix: ENABLED (default; SDL backend engaged; set SDL_HINT_DOSKUTSU_PIXTONE_IRQ_MIX=0 to disable)
[15:10:07] [info] Pixtone::setVolume: L3 active -- mid-play SFX volume updates are no-op in v1 (v2 candidate: SDL_DOSPixtoneSetGain API). gain_x256=256 stored for subsequent SDL_DOSPixtoneStart calls; currently-playing L3 channels unaffected.
[15:10:07] [info] midi ISR tick: engine registered tick_isr callback (L2b active; default ON; set SDL_HINT_DOSKUTSU_MIDI_ISR_TICK=0 to disable)
[15:10:07] [info] menu slide-in fixed-timestep: ENABLED (default; slide advances at 50 Hz logic rate)
[15:10:07] [info] Reading npc.tbl...
[15:10:07] [info] Loading tilekey.dat.
[15:10:08] [info] Script engine init.
[15:10:08] [info] Entering main loop...
[15:10:08] [info] audio mid-gap pump: DISABLED (default)
[15:10:08] [info] TAS fixed-timestep guard: ENABLED (default) (patch 0280; load_stage wall-clock kept out of the FT accumulator so TAS replay advances at a true 50 Hz; set SDL_HINT_DOSKUTSU_TAS_FT_GUARD=0 to disable)
[15:10:08] [info] load_stage ring+DMA silence flush: ENABLED (default) (set SDL_HINT_DOSKUTSU_LOADSTAGE_SILENCE=0 to disable)
[15:10:08] [info] load-band audio-underrun probe: DISABLED (default) (opt-in SDL_HINT_DOSKUTSU_LOADBAND_STAT=1)
[15:10:08] [info]  >> Entering stage 72: 'u'.
[15:10:08] [info] skip sheet flush: ENABLED (default) (SFXPAUSE-012 SHIPPED FIX; sprite sheets stay resident across caves so no per-cave re-decode -> no fire-frame pause; map_flush_graphics tilemap cache still flushes; set SDL_HINT_DOSKUTSU_SKIP_SHEET_FLUSH=0 to restore the old per-cave flush)
[15:10:08] [info] [skip-sheet-flush] cave=1
[15:10:08] [info] eager action sheets: ENABLED (default) (first-fire hitch fix: pre-loads the weapon bullet + hit/muzzle/trail caret sheets at stage load so the first fire/impact does not lazy-decode mid-gameplay; set SDL_HINT_DOSKUTSU_EAGER_ACTION_SHEETS=0 to restore lazy load)
[15:10:08] [info] Surface::loadImage palmap-diag #2: 'data/Bullet.pbm' fmt=SDL_PIXELFORMAT_ABGR8888 remap=HIT -> path=truecolor
[15:10:09] [info] Surface::loadImage palmap-diag #3: 'data/Arms.pbm' fmt=SDL_PIXELFORMAT_ABGR8888 remap=HIT -> path=truecolor
[15:10:09] [info] Surface::loadImage palmap-diag #4: 'data/Caret.pbm' fmt=SDL_PIXELFORMAT_ABGR8888 remap=HIT -> path=truecolor
[15:10:10] [info] Surface::loadImage palmap-diag #5: 'data/Npc/NpcSym.pbm' fmt=SDL_PIXELFORMAT_ABGR8888 remap=HIT -> path=truecolor
[15:10:10] [info] [eager-action-sheets] cave=1 sheets=4 wall_ms=1704
[15:10:10] [info] Surface::loadImage palmap-diag #6: 'data/Stage/PrtWhite.pbm' fmt=SDL_PIXELFORMAT_ABGR8888 remap=HIT -> path=truecolor
[15:10:11] [info] load_stage: entry-music preload ENABLED (default) (set SDL_HINT_DOSKUTSU_PRELOAD_STAGE_MUSIC=0 to disable)
[15:10:11] [info] Surface::loadImage palmap-diag #7: 'data/bk0.pbm' fmt=SDL_PIXELFORMAT_ABGR8888 remap=HIT -> path=truecolor
[15:10:11] [info] gameloop: entered (curmap=72, running=1)
[15:10:11] [info] gameloop: iter 1 ticks=40140 mapno=-1
[15:10:11] [info] fixed-timestep: ENABLED (default; logic 50 Hz, decoupled from render)
[15:10:11] [info] map: BG skip-when-unchanged DISABLED (default) (set SDL_HINT_DOSKUTSU_BG_SKIP_WHEN_UNCHANGED=1 to enable; default OFF since wave-61 -- abandoned, it shipped a backdrop-black flicker and its +0.87 fps was below the noise floor)
[15:10:11] [info] map: skip-redundant-clear lever ENABLED (default since wave-53 promotion)
[15:10:11] [info] perf-mode: level=0 (faithful (default))
[15:10:11] [info] Surface::loadImage palmap-diag #8: 'data/Npc/NpcKings.pbm' fmt=SDL_PIXELFORMAT_ABGR8888 remap=HIT -> path=truecolor
[15:10:11] [info] audio tick-boundary pump: DISABLED (default)
[15:10:11] [info] gameloop: iter 2 ticks=40638 mapno=-1
[15:10:11] [info] gameloop: iter 3 ticks=40707 mapno=-1
[15:10:11] [info] direct-vesa: snapshot @gen=2 use_dosmemput=0 banked_multibank=0 pitches_match=1 vram_w=320 vram_h=240 vram_pitch=320 bpp=1 fb_size=76800 vram_phys=0x78000000 vram_ptr=0x77c00000
[15:10:12] [info] flip-probe: flip #10 ok=true present=4ms inter_flip_ms=40 drawcalls-since-flip=6 drawcalls-total=43 fail-total=0 null-skips-total=0
[15:10:12] [info] flip-probe: flip #20 ok=true present=4ms inter_flip_ms=40 drawcalls-since-flip=4 drawcalls-total=92 fail-total=0 null-skips-total=0
[15:10:13] [info] flip-probe: flip #30 ok=true present=4ms inter_flip_ms=83 drawcalls-since-flip=326 drawcalls-total=2707 fail-total=0 null-skips-total=0
[15:10:14] [info] flip-probe: flip #40 ok=true present=3ms inter_flip_ms=75 drawcalls-since-flip=264 drawcalls-total=5837 fail-total=0 null-skips-total=0
[15:10:14] [info] flip-probe: flip #50 ok=true present=4ms inter_flip_ms=47 drawcalls-since-flip=67 drawcalls-total=7392 fail-total=0 null-skips-total=0
[15:10:15] [info] flip-probe: flip #60 ok=true present=4ms inter_flip_ms=38 drawcalls-since-flip=4 drawcalls-total=7502 fail-total=0 null-skips-total=0
[15:10:15] [info] flip-probe: flip #70 ok=true present=4ms inter_flip_ms=38 drawcalls-since-flip=6 drawcalls-total=7557 fail-total=0 null-skips-total=0
[15:10:15] [info] flip-probe: flip #80 ok=true present=4ms inter_flip_ms=20 drawcalls-since-flip=0 drawcalls-total=7586 fail-total=0 null-skips-total=0
[15:10:16] [info] flip-probe: flip #90 ok=true present=4ms inter_flip_ms=20 drawcalls-since-flip=0 drawcalls-total=7586 fail-total=0 null-skips-total=0
[15:10:16] [info] title: eager-title-IO phase tag ENABLED (default) (set SDL_HINT_DOSKUTSU_EAGER_TITLE_IO=0 to disable)
[15:10:16] [info] gameloop: entered (curmap=1005, running=1)
[15:10:16] [info] gameloop: iter 1 ticks=45540 mapno=-1
[15:10:16] [info] map: backdrop cache ENABLED (default) (set SDL_HINT_DOSKUTSU_BACKDROP_CACHE=0 to disable)
[15:10:17] [info] gameloop: iter 2 ticks=46560 mapno=-1
[15:10:17] [info] gameloop: iter 3 ticks=46609 mapno=-1
[15:10:17] [info] backdrop cache: thrashing-detect engaged (streak=4, route=direct)
[15:10:17] [info] flip-probe: flip #100 ok=true present=4ms inter_flip_ms=43 drawcalls-since-flip=75 drawcalls-total=7886 fail-total=0 null-skips-total=0
[15:10:17] [info] alpha audit block 0: 7798 total drawcalls, 0 with alpha<255 (block pct_x10=0; global 0/7798 pct_x10=0); alpha-mod skipped: block=0 global=0
[15:10:17] [info] fastpath audit block 0: taken=7798 (idx8=7798) skipped=0 pct_x10=1000; global taken=7798 (idx8=7798) skipped=0 pct_x10=1000
[15:10:17] [info] primitive tally block 0: clear=220(hr=220) fill=0(hr=0) rect=0(hr=0) line=0(hr=0) tint=0 spotlight=0 (over 100 flips ending at flip 100)
[15:10:17] [info] color/alpha audit block 0: cmod_white=104 cmod_black=0 (idx=0) cmod_general=84 (idx=84) cmod_fb=0; alpha_taken=0 alpha_skipped=0 (global cmod=104/0/84/0 idx=0/84 alpha=0/0)
[15:10:17] [info] phase timing block 0: drawcalls=8209 dc_total_ms=1818 flip_inner_total_ms=697 inter_flip_total_ms=41175 (per-flip avg x10: dc_ms=181 fi_ms=69 if_ms=4117 derived audio+engine_ms=3867; per-drawcall avg us_x10=2215) [direct-vesa: presents=97 total_ms=377 avg_ms_x10=38 failed=0] [ablation: NO_DC_TIMING=0 CACHE_WINSURF=0 DIRECT_VESA=1]
[15:10:17] [info] kbd/audio block 0: kbd_irq=0 kbd_drain=0 ring_chunks=16 pump_pass=99 pic1_mask=0xb8 first_irq_ticks=0 install_ticks=0 vector_at_install=0x0083a028 pic1_mask_live=0x38 kbd_8042_stat=0x34 bios_kbd_head=0x0026 bios_kbd_tail=0x0026 bios_kbd_buf0=0x3920
[15:10:17] [info] audio/engine split block 0: audio_mixer_calls=0 audio_mixer_ms_x10=0 engine_tick_calls=99 engine_tick_ms_x10=563 audio_service_calls=0 audio_service_ms_x10=0 (per-flip avg; per-call us_x10: audio_mix=0 engine_tick=569479 audio_service=0; global ns: audio_mix=0 engine_tick=5637847601 audio_service=0)
[15:10:17] [info] pixtone multi-source probe: DISABLED (default)
[15:10:17] [info] dirty-rect block @flip=100: total_calls=0 dirty_rects_avg=0 dirty_pct_x10=990 forced_full=0 first_n_force=3 threshold_exceeded=2 dirty_path_taken=0 full_flush_taken=3
[15:10:17] [info] prev-frame-diff block @flip=100: diff_calls=0 diff_rects_avg=0 diff_dirty_pct_x10=0 bbox_pct_x10=0 bbox_thresh_exceeded=0
[15:10:18] [info] flip-probe: flip #110 ok=true present=4ms inter_flip_ms=36 drawcalls-since-flip=75 drawcalls-total=8636 fail-total=0 null-skips-total=0
[15:10:18] [info] flip-probe: flip #120 ok=true present=4ms inter_flip_ms=36 drawcalls-since-flip=75 drawcalls-total=9386 fail-total=0 null-skips-total=0
[15:10:19] [info] flip-probe: flip #130 ok=true present=3ms inter_flip_ms=21 drawcalls-since-flip=0 drawcalls-total=9986 fail-total=0 null-skips-total=0
[15:10:19] [info] Loading profile from profile.dat
[15:10:19] [error] profile_load: unable to open 'profile.dat'
[15:10:19] [info] Loading profile from profile2.dat
[15:10:19] [error] profile_load: unable to open 'profile2.dat'
[15:10:19] [info] Loading profile from profile3.dat
[15:10:19] [info] Loading profile from profile4.dat
[15:10:19] [error] profile_load: unable to open 'profile4.dat'
[15:10:19] [info] Loading profile from profile5.dat
[15:10:19] [info] flip-probe: flip #140 ok=true present=4ms inter_flip_ms=62 drawcalls-since-flip=214 drawcalls-total=10842 fail-total=0 null-skips-total=0
[15:10:20] [info] flip-probe: flip #150 ok=true present=4ms inter_flip_ms=63 drawcalls-since-flip=214 drawcalls-total=12982 fail-total=0 null-skips-total=0
[15:10:20] [info] Writing settings...
[15:10:20] [info] flip-probe: flip #160 ok=true present=3ms inter_flip_ms=20 drawcalls-since-flip=0 drawcalls-total=13846 fail-total=0 null-skips-total=0
[15:10:21] [info] flip-probe: flip #170 ok=true present=4ms inter_flip_ms=20 drawcalls-since-flip=0 drawcalls-total=13846 fail-total=0 null-skips-total=0
[15:10:21] [info] gameloop: iter 600 ticks=50008 mapno=-1
[15:10:21] [info] Loading profile from profile5.dat
[15:10:21] [info]  >> Entering stage 20: 'Save Point'.
[15:10:21] [info] [skip-sheet-flush] cave=2
[15:10:22] [info] gameloop: entered (curmap=20, running=1)
[15:10:22] [info] gameloop: iter 1 ticks=51132 mapno=-1
[15:10:22] [info] TAS stall discount: ENABLED (default) (patch 0286; a replay frame over 150 ms is a load, not slow rendering, so it contributes 1 tick instead of its wall-clock; set SDL_HINT_DOSKUTSU_TAS_STALL_DISCOUNT=0 to disable)
[15:10:22] [info] TAS accumulator clamp: DISABLED (default) (patch 0281; caps the FT accumulator delta at one tick during TAS so a stalled frame cannot race the replay index; set SDL_HINT_DOSKUTSU_TAS_FT_GUARD=0 to disable)
[15:10:22] [info] gameloop: iter 2 ticks=51184 mapno=-1
[15:10:22] [info] gameloop: iter 3 ticks=51230 mapno=-1
[15:10:22] [info] flip-probe: flip #180 ok=true present=4ms inter_flip_ms=40 drawcalls-since-flip=17 drawcalls-total=13971 fail-total=0 null-skips-total=0
[15:10:22] [info] flip-probe: flip #190 ok=true present=4ms inter_flip_ms=39 drawcalls-since-flip=17 drawcalls-total=14141 fail-total=0 null-skips-total=0
[15:10:23] [info] flip-probe: flip #200 ok=true present=4ms inter_flip_ms=40 drawcalls-since-flip=17 drawcalls-total=14311 fail-total=0 null-skips-total=0
[15:10:23] [info] alpha audit block 0: 5788 total drawcalls, 0 with alpha<255 (block pct_x10=0; global 0/13586 pct_x10=0); alpha-mod skipped: block=0 global=0
[15:10:23] [info] fastpath audit block 0: taken=5788 (idx8=5788) skipped=0 pct_x10=1000; global taken=13586 (idx8=13586) skipped=0 pct_x10=1000
[15:10:23] [info] primitive tally block 0: clear=201(hr=201) fill=0(hr=0) rect=0(hr=0) line=0(hr=0) tint=0 spotlight=0 (over 100 flips ending at flip 200)
[15:10:23] [info] color/alpha audit block 0: cmod_white=1438 cmod_black=0 (idx=0) cmod_general=609 (idx=609) cmod_fb=0; alpha_taken=0 alpha_skipped=0 (global cmod=1542/0/693/0 idx=0/693 alpha=0/0)
[15:10:23] [info] phase timing block 0: drawcalls=8036 dc_total_ms=1663 flip_inner_total_ms=582 inter_flip_total_ms=5424 (per-flip avg x10: dc_ms=166 fi_ms=58 if_ms=542 derived audio+engine_ms=318; per-drawcall avg us_x10=2070) [direct-vesa: presents=100 total_ms=380 avg_ms_x10=38 failed=0] [ablation: NO_DC_TIMING=0 CACHE_WINSURF=0 DIRECT_VESA=1]
[15:10:23] [info] kbd/audio block 0: kbd_irq=0 kbd_drain=0 ring_chunks=16 pump_pass=222 pic1_mask=0xb8 first_irq_ticks=0 install_ticks=0 vector_at_install=0x0083a028 pic1_mask_live=0x38 kbd_8042_stat=0x34 bios_kbd_head=0x0026 bios_kbd_tail=0x0026 bios_kbd_buf0=0x3920
[15:10:23] [info] audio/engine split block 0: audio_mixer_calls=0 audio_mixer_ms_x10=0 engine_tick_calls=76 engine_tick_ms_x10=254 audio_service_calls=0 audio_service_ms_x10=0 (per-flip avg; per-call us_x10: audio_mix=0 engine_tick=335092 audio_service=0; global ns: audio_mix=0 engine_tick=8184553040 audio_service=0)
[15:10:23] [info] dirty-rect block @flip=200: total_calls=0 dirty_rects_avg=1 dirty_pct_x10=1000 forced_full=0 first_n_force=0 threshold_exceeded=0 dirty_path_taken=0 full_flush_taken=0
[15:10:23] [info] prev-frame-diff block @flip=200: diff_calls=0 diff_rects_avg=0 diff_dirty_pct_x10=0 bbox_pct_x10=0 bbox_thresh_exceeded=0
[15:10:23] [info] flip-probe: flip #210 ok=true present=4ms inter_flip_ms=40 drawcalls-since-flip=17 drawcalls-total=14481 fail-total=0 null-skips-total=0
[15:10:24] [info] flip-probe: flip #220 ok=true present=4ms inter_flip_ms=46 drawcalls-since-flip=66 drawcalls-total=14700 fail-total=0 null-skips-total=0
[15:10:24] [info]  >> Entering stage 11: 'Mimiga Village'.
[15:10:24] [info] [skip-sheet-flush] cave=3
[15:10:25] [info] [load-stage] preloading entry music song=9 (cave=3)
[15:10:25] [info] gameloop: entered (curmap=11, running=1)
[15:10:25] [info] gameloop: iter 1 ticks=54424 mapno=-1
[15:10:25] [info] map: mds_clear LUT ENABLED (default) (set SDL_HINT_DOSKUTSU_MDS_CLEAR_LUT=0 to disable; default ON; patch 0144 wave-49 bandwidth lever)
[15:10:25] [info] mds-clear-lut: rebuilt N=240 entries (k_skip=0% k_keep=100%; curmap=11 map_size=60x60; rebuild #1 since boot)
[15:10:25] [info] backdrop thrash full-cover ENABLED (default) (set SDL_HINT_DOSKUTSU_THRASH_FULLCOVER=0 to disable)
[15:10:25] [info] [bd-diag] backdrop render-path diag disabled (default) (set SDL_HINT_DOSKUTSU_BACKDROP_DIAG=1 to enable)
[15:10:25] [info] gameloop: iter 2 ticks=54575 mapno=-1
[15:10:25] [info] tas: stall frame 151 ms -> contributing 1 tick (patch 0286)
[15:10:25] [info] flip-probe: flip #230 ok=true present=4ms inter_flip_ms=112 drawcalls-since-flip=384 drawcalls-total=17620 fail-total=0 null-skips-total=0
[15:10:25] [info] gameloop: iter 3 ticks=54695 mapno=-1
[15:10:26] [info] backdrop cache: thrashing-detect engaged (streak=4, route=direct)
[15:10:26] [info] flip-probe: flip #240 ok=true present=3ms inter_flip_ms=60 drawcalls-since-flip=43 drawcalls-total=19356 fail-total=0 null-skips-total=0
[15:10:27] [info] flip-probe: flip #250 ok=true present=4ms inter_flip_ms=62 drawcalls-since-flip=46 drawcalls-total=19804 fail-total=0 null-skips-total=0
[15:10:27] [info] flip-probe: flip #260 ok=true present=4ms inter_flip_ms=57 drawcalls-since-flip=43 drawcalls-total=20243 fail-total=0 null-skips-total=0
[15:10:28] [info] flip-probe: flip #270 ok=true present=4ms inter_flip_ms=59 drawcalls-since-flip=43 drawcalls-total=20673 fail-total=0 null-skips-total=0
[15:10:29] [info] flip-probe: flip #280 ok=true present=4ms inter_flip_ms=60 drawcalls-since-flip=43 drawcalls-total=21103 fail-total=0 null-skips-total=0
[15:10:29] [info] flip-probe: flip #290 ok=true present=4ms inter_flip_ms=59 drawcalls-since-flip=43 drawcalls-total=21533 fail-total=0 null-skips-total=0
[15:10:29] [info] backdrop cache: thrashing-detect engaged (streak=64, route=direct)
[15:10:30] [info] flip-probe: flip #300 ok=true present=4ms inter_flip_ms=59 drawcalls-since-flip=43 drawcalls-total=21963 fail-total=0 null-skips-total=0
[15:10:30] [info] alpha audit block 0: 6644 total drawcalls, 0 with alpha<255 (block pct_x10=0; global 0/20230 pct_x10=0); alpha-mod skipped: block=0 global=0
[15:10:30] [info] fastpath audit block 0: taken=6644 (idx8=6644) skipped=0 pct_x10=1000; global taken=20230 (idx8=20230) skipped=0 pct_x10=1000
[15:10:30] [info] primitive tally block 0: clear=201(hr=201) fill=0(hr=0) rect=0(hr=0) line=0(hr=0) tint=0 spotlight=0 (over 100 flips ending at flip 300)
[15:10:30] [info] color/alpha audit block 0: cmod_white=936 cmod_black=936 (idx=936) cmod_general=0 (idx=0) cmod_fb=0; alpha_taken=0 alpha_skipped=0 (global cmod=2478/936/693/0 idx=936/693 alpha=0/0)
[15:10:30] [info] phase timing block 0: drawcalls=8723 dc_total_ms=1435 flip_inner_total_ms=579 inter_flip_total_ms=6975 (per-flip avg x10: dc_ms=143 fi_ms=57 if_ms=697 derived audio+engine_ms=497; per-drawcall avg us_x10=1646) [direct-vesa: presents=100 total_ms=378 avg_ms_x10=37 failed=0] [ablation: NO_DC_TIMING=0 CACHE_WINSURF=0 DIRECT_VESA=1]
[15:10:30] [info] kbd/audio block 0: kbd_irq=0 kbd_drain=0 ring_chunks=16 pump_pass=522 pic1_mask=0xb8 first_irq_ticks=0 install_ticks=0 vector_at_install=0x0083a028 pic1_mask_live=0x38 kbd_8042_stat=0x34 bios_kbd_head=0x0026 bios_kbd_tail=0x0026 bios_kbd_buf0=0x3920
[15:10:30] [info] [tile-speedup-stat n=100 drawtile_us=137.87 raw_blit_us=93.18 ratio=1.48]
[15:10:30] [info] dirty-rect block @flip=300: total_calls=100 dirty_rects_avg=1 dirty_pct_x10=1000 forced_full=0 first_n_force=0 threshold_exceeded=0 dirty_path_taken=0 full_flush_taken=0
[15:10:30] [info] prev-frame-diff block @flip=300: diff_calls=0 diff_rects_avg=0 diff_dirty_pct_x10=0 bbox_pct_x10=0 bbox_thresh_exceeded=0
[15:10:30] [info] tas: stall frame 164 ms -> contributing 1 tick (patch 0286)
[15:10:30] [info] flip-probe: flip #310 ok=true present=4ms inter_flip_ms=60 drawcalls-since-flip=45 drawcalls-total=22497 fail-total=0 null-skips-total=0
[15:10:31] [info] flip-probe: flip #320 ok=true present=4ms inter_flip_ms=60 drawcalls-since-flip=43 drawcalls-total=22942 fail-total=0 null-skips-total=0
[15:10:32] [info] flip-probe: flip #330 ok=true present=4ms inter_flip_ms=59 drawcalls-since-flip=44 drawcalls-total=23374 fail-total=0 null-skips-total=0
[15:10:32] [info] flip-probe: flip #340 ok=true present=4ms inter_flip_ms=60 drawcalls-since-flip=41 drawcalls-total=23795 fail-total=0 null-skips-total=0
[15:10:33] [info] flip-probe: flip #350 ok=true present=4ms inter_flip_ms=57 drawcalls-since-flip=18 drawcalls-total=24178 fail-total=0 null-skips-total=0
[15:10:33] [info] backdrop cache: thrashing-detect engaged (streak=124, route=direct)
[15:10:33] [info] flip-probe: flip #360 ok=true present=4ms inter_flip_ms=64 drawcalls-since-flip=15 drawcalls-total=24334 fail-total=0 null-skips-total=0
[15:10:34] [info] flip-probe: flip #370 ok=true present=4ms inter_flip_ms=78 drawcalls-since-flip=184 drawcalls-total=24777 fail-total=0 null-skips-total=0
[15:10:35] [info]  >> Entering stage 17: 'Yamashita Farm'.
[15:10:35] [info] [skip-sheet-flush] cave=4
[15:10:35] [info] [load-stage] preloading entry music song=13 (cave=4)
[15:10:35] [info] gameloop: entered (curmap=17, running=1)
[15:10:35] [info] gameloop: iter 1 ticks=64591 mapno=-1
[15:10:35] [info] mds-clear-lut: rebuilt N=240 entries (k_skip=33% k_keep=67%; curmap=17 map_size=40x16; rebuild #2 since boot)
[15:10:36] [info] gameloop: iter 2 ticks=64891 mapno=-1
[15:10:36] [info] tas: stall frame 300 ms -> contributing 1 tick (patch 0286)
[15:10:36] [info] gameloop: iter 3 ticks=65002 mapno=-1
[15:10:36] [info] flip-probe: flip #380 ok=true present=3ms inter_flip_ms=114 drawcalls-since-flip=409 drawcalls-total=27917 fail-total=0 null-skips-total=0
[15:10:37] [info] flip-probe: flip #390 ok=true present=4ms inter_flip_ms=78 drawcalls-since-flip=132 drawcalls-total=29802 fail-total=0 null-skips-total=0
[15:10:38] [info] flip-probe: flip #400 ok=true present=4ms inter_flip_ms=104 drawcalls-since-flip=147 drawcalls-total=31211 fail-total=0 null-skips-total=0
[15:10:38] [info] alpha audit block 0: 8212 total drawcalls, 0 with alpha<255 (block pct_x10=0; global 0/28442 pct_x10=0); alpha-mod skipped: block=0 global=0
[15:10:38] [info] fastpath audit block 0: taken=8212 (idx8=8212) skipped=0 pct_x10=1000; global taken=28442 (idx8=28442) skipped=0 pct_x10=1000
[15:10:38] [info] primitive tally block 0: clear=201(hr=201) fill=0(hr=0) rect=0(hr=0) line=0(hr=0) tint=0 spotlight=0 (over 100 flips ending at flip 400)
[15:10:38] [info] color/alpha audit block 0: cmod_white=936 cmod_black=936 (idx=936) cmod_general=0 (idx=0) cmod_fb=0; alpha_taken=0 alpha_skipped=0 (global cmod=3414/1872/693/0 idx=1872/693 alpha=0/0)
[15:10:38] [info] phase timing block 0: drawcalls=10309 dc_total_ms=1591 flip_inner_total_ms=589 inter_flip_total_ms=7870 (per-flip avg x10: dc_ms=159 fi_ms=58 if_ms=787 derived audio+engine_ms=570; per-drawcall avg us_x10=1543) [direct-vesa: presents=100 total_ms=377 avg_ms_x10=37 failed=0] [ablation: NO_DC_TIMING=0 CACHE_WINSURF=0 DIRECT_VESA=1]
[15:10:38] [info] kbd/audio block 0: kbd_irq=0 kbd_drain=0 ring_chunks=16 pump_pass=854 pic1_mask=0xb8 first_irq_ticks=0 install_ticks=0 vector_at_install=0x0083a028 pic1_mask_live=0x38 kbd_8042_stat=0x34 bios_kbd_head=0x0026 bios_kbd_tail=0x0026 bios_kbd_buf0=0x3920
[15:10:38] [info] dirty-rect block @flip=400: total_calls=0 dirty_rects_avg=1 dirty_pct_x10=1000 forced_full=0 first_n_force=0 threshold_exceeded=0 dirty_path_taken=0 full_flush_taken=0
[15:10:38] [info] prev-frame-diff block @flip=400: diff_calls=0 diff_rects_avg=0 diff_dirty_pct_x10=0 bbox_pct_x10=0 bbox_thresh_exceeded=0
[15:10:38] [info] tas: stall frame 173 ms -> contributing 1 tick (patch 0286)
[15:10:38] [info] backdrop cache: thrashing-detect engaged (streak=4, route=direct)
[15:10:39] [info] flip-probe: flip #410 ok=true present=3ms inter_flip_ms=98 drawcalls-since-flip=140 drawcalls-total=32592 fail-total=0 null-skips-total=0
[15:10:40] [info] flip-probe: flip #420 ok=true present=4ms inter_flip_ms=96 drawcalls-since-flip=144 drawcalls-total=34002 fail-total=0 null-skips-total=0
[15:10:41] [info] flip-probe: flip #430 ok=true present=4ms inter_flip_ms=87 drawcalls-since-flip=143 drawcalls-total=35416 fail-total=0 null-skips-total=0
[15:10:41] [info] flip-probe: flip #440 ok=true present=4ms inter_flip_ms=80 drawcalls-since-flip=122 drawcalls-total=36747 fail-total=0 null-skips-total=0
[15:10:42] [info] flip-probe: flip #450 ok=true present=4ms inter_flip_ms=79 drawcalls-since-flip=129 drawcalls-total=38016 fail-total=0 null-skips-total=0
[15:10:43] [info] flip-probe: flip #460 ok=true present=4ms inter_flip_ms=85 drawcalls-since-flip=129 drawcalls-total=39293 fail-total=0 null-skips-total=0
[15:10:44] [info] backdrop cache: thrashing-detect engaged (streak=64, route=direct)
[15:10:44] [info] flip-probe: flip #470 ok=true present=4ms inter_flip_ms=97 drawcalls-since-flip=139 drawcalls-total=40577 fail-total=0 null-skips-total=0
[15:10:45] [info] backdrop cache: thrashing-detect engaged (streak=4, route=direct)
[15:10:45] [info] flip-probe: flip #480 ok=true present=5ms inter_flip_ms=92 drawcalls-since-flip=136 drawcalls-total=42014 fail-total=0 null-skips-total=0
[15:10:46] [info] flip-probe: flip #490 ok=true present=4ms inter_flip_ms=90 drawcalls-since-flip=141 drawcalls-total=43392 fail-total=0 null-skips-total=0
[15:10:47] [info] flip-probe: flip #500 ok=true present=4ms inter_flip_ms=80 drawcalls-since-flip=108 drawcalls-total=44675 fail-total=0 null-skips-total=0
[15:10:47] [info] alpha audit block 0: 12116 total drawcalls, 0 with alpha<255 (block pct_x10=0; global 0/40558 pct_x10=0); alpha-mod skipped: block=0 global=0
[15:10:47] [info] fastpath audit block 0: taken=12116 (idx8=12116) skipped=0 pct_x10=1000; global taken=40558 (idx8=40558) skipped=0 pct_x10=1000
[15:10:47] [info] primitive tally block 0: clear=200(hr=200) fill=0(hr=0) rect=0(hr=0) line=0(hr=0) tint=0 spotlight=0 (over 100 flips ending at flip 500)
[15:10:47] [info] color/alpha audit block 0: cmod_white=1248 cmod_black=1248 (idx=1248) cmod_general=0 (idx=0) cmod_fb=0; alpha_taken=0 alpha_skipped=0 (global cmod=4662/3120/693/0 idx=3120/693 alpha=0/0)
[15:10:47] [info] phase timing block 0: drawcalls=14820 dc_total_ms=1525 flip_inner_total_ms=578 inter_flip_total_ms=9151 (per-flip avg x10: dc_ms=152 fi_ms=57 if_ms=915 derived audio+engine_ms=706; per-drawcall avg us_x10=1029) [direct-vesa: presents=100 total_ms=380 avg_ms_x10=38 failed=0] [ablation: NO_DC_TIMING=0 CACHE_WINSURF=0 DIRECT_VESA=1]
[15:10:47] [info] kbd/audio block 0: kbd_irq=0 kbd_drain=0 ring_chunks=16 pump_pass=1305 pic1_mask=0xb8 first_irq_ticks=0 install_ticks=0 vector_at_install=0x0083a028 pic1_mask_live=0x38 kbd_8042_stat=0x34 bios_kbd_head=0x0026 bios_kbd_tail=0x0026 bios_kbd_buf0=0x3920
[15:10:47] [info] dirty-rect block @flip=500: total_calls=0 dirty_rects_avg=1 dirty_pct_x10=1000 forced_full=0 first_n_force=0 threshold_exceeded=0 dirty_path_taken=0 full_flush_taken=0
[15:10:47] [info] prev-frame-diff block @flip=500: diff_calls=0 diff_rects_avg=0 diff_dirty_pct_x10=0 bbox_pct_x10=0 bbox_thresh_exceeded=0
[15:10:47] [info] tas: stall frame 160 ms -> contributing 1 tick (patch 0286)
[15:10:48] [info] flip-probe: flip #510 ok=true present=4ms inter_flip_ms=96 drawcalls-since-flip=111 drawcalls-total=45791 fail-total=0 null-skips-total=0
[15:10:49] [info] flip-probe: flip #520 ok=true present=4ms inter_flip_ms=79 drawcalls-since-flip=114 drawcalls-total=46892 fail-total=0 null-skips-total=0
[15:10:49] [info] flip-probe: flip #530 ok=true present=3ms inter_flip_ms=91 drawcalls-since-flip=119 drawcalls-total=48075 fail-total=0 null-skips-total=0
[15:10:50] [info] backdrop cache: thrashing-detect engaged (streak=64, route=direct)
[15:10:50] [info] flip-probe: flip #540 ok=true present=4ms inter_flip_ms=89 drawcalls-since-flip=115 drawcalls-total=49229 fail-total=0 null-skips-total=0
[15:10:51] [info] flip-probe: flip #550 ok=true present=4ms inter_flip_ms=115 drawcalls-since-flip=401 drawcalls-total=51486 fail-total=0 null-skips-total=0
[15:10:51] [info]  >> Entering stage 11: 'Mimiga Village'.
[15:10:51] [info] [skip-sheet-flush] cave=5
[15:10:52] [info] [load-stage] preloading entry music song=9 (cave=5)
[15:10:52] [info] gameloop: entered (curmap=11, running=1)
[15:10:52] [info] gameloop: iter 1 ticks=81454 mapno=-1
[15:10:52] [info] mds-clear-lut: rebuilt N=240 entries (k_skip=0% k_keep=100%; curmap=11 map_size=60x60; rebuild #3 since boot)
[15:10:52] [info] gameloop: iter 2 ticks=81589 mapno=-1
[15:10:52] [info] gameloop: iter 3 ticks=81701 mapno=-1
[15:10:53] [info] tas: stall frame 323 ms -> contributing 1 tick (patch 0286)
[15:10:53] [info] backdrop cache: thrashing-detect engaged (streak=4, route=direct)
[15:10:53] [info] flip-probe: flip #560 ok=true present=4ms inter_flip_ms=67 drawcalls-since-flip=30 drawcalls-total=53863 fail-total=0 null-skips-total=0
[15:10:54] [info] flip-probe: flip #570 ok=true present=4ms inter_flip_ms=57 drawcalls-since-flip=41 drawcalls-total=54273 fail-total=0 null-skips-total=0
[15:10:54] [info] flip-probe: flip #580 ok=true present=4ms inter_flip_ms=59 drawcalls-since-flip=41 drawcalls-total=54683 fail-total=0 null-skips-total=0
[15:10:55] [info] flip-probe: flip #590 ok=true present=4ms inter_flip_ms=57 drawcalls-since-flip=41 drawcalls-total=55097 fail-total=0 null-skips-total=0
[15:10:56] [info] flip-probe: flip #600 ok=true present=3ms inter_flip_ms=60 drawcalls-since-flip=41 drawcalls-total=55513 fail-total=0 null-skips-total=0
[15:10:56] [info] alpha audit block 0: 10114 total drawcalls, 0 with alpha<255 (block pct_x10=0; global 0/50672 pct_x10=0); alpha-mod skipped: block=0 global=0
[15:10:56] [info] fastpath audit block 0: taken=10114 (idx8=10114) skipped=0 pct_x10=1000; global taken=50672 (idx8=50672) skipped=0 pct_x10=1000
[15:10:56] [info] primitive tally block 0: clear=201(hr=201) fill=0(hr=0) rect=0(hr=0) line=0(hr=0) tint=0 spotlight=0 (over 100 flips ending at flip 600)
[15:10:56] [info] color/alpha audit block 0: cmod_white=624 cmod_black=624 (idx=624) cmod_general=0 (idx=0) cmod_fb=0; alpha_taken=0 alpha_skipped=0 (global cmod=5286/3744/693/0 idx=3744/693 alpha=0/0)
[15:10:56] [info] phase timing block 0: drawcalls=11568 dc_total_ms=1474 flip_inner_total_ms=597 inter_flip_total_ms=8715 (per-flip avg x10: dc_ms=147 fi_ms=59 if_ms=871 derived audio+engine_ms=665; per-drawcall avg us_x10=1274) [direct-vesa: presents=100 total_ms=380 avg_ms_x10=38 failed=0] [ablation: NO_DC_TIMING=0 CACHE_WINSURF=0 DIRECT_VESA=1]
[15:10:56] [info] kbd/audio block 0: kbd_irq=0 kbd_drain=0 ring_chunks=16 pump_pass=1678 pic1_mask=0xb8 first_irq_ticks=0 install_ticks=0 vector_at_install=0x0083a028 pic1_mask_live=0x38 kbd_8042_stat=0x34 bios_kbd_head=0x0026 bios_kbd_tail=0x0026 bios_kbd_buf0=0x3920
[15:10:56] [info] dirty-rect block @flip=600: total_calls=0 dirty_rects_avg=1 dirty_pct_x10=1000 forced_full=0 first_n_force=0 threshold_exceeded=0 dirty_path_taken=0 full_flush_taken=0
[15:10:56] [info] prev-frame-diff block @flip=600: diff_calls=0 diff_rects_avg=0 diff_dirty_pct_x10=0 bbox_pct_x10=0 bbox_thresh_exceeded=0
[15:10:56] [info] flip-probe: flip #610 ok=true present=4ms inter_flip_ms=59 drawcalls-since-flip=42 drawcalls-total=55931 fail-total=0 null-skips-total=0
[15:10:57] [info] backdrop cache: thrashing-detect engaged (streak=64, route=direct)
[15:10:57] [info] flip-probe: flip #620 ok=true present=3ms inter_flip_ms=57 drawcalls-since-flip=42 drawcalls-total=56356 fail-total=0 null-skips-total=0
[15:10:57] [info] flip-probe: flip #630 ok=true present=4ms inter_flip_ms=59 drawcalls-since-flip=42 drawcalls-total=56776 fail-total=0 null-skips-total=0
[15:10:58] [info] flip-probe: flip #640 ok=true present=4ms inter_flip_ms=59 drawcalls-since-flip=44 drawcalls-total=57205 fail-total=0 null-skips-total=0
[15:10:59] [info] flip-probe: flip #650 ok=true present=4ms inter_flip_ms=59 drawcalls-since-flip=44 drawcalls-total=57645 fail-total=0 null-skips-total=0
[15:10:59] [info] flip-probe: flip #660 ok=true present=4ms inter_flip_ms=57 drawcalls-since-flip=43 drawcalls-total=58082 fail-total=0 null-skips-total=0
[15:11:00] [info] flip-probe: flip #670 ok=true present=4ms inter_flip_ms=59 drawcalls-since-flip=43 drawcalls-total=58509 fail-total=0 null-skips-total=0
[15:11:00] [info] backdrop cache: thrashing-detect engaged (streak=124, route=direct)
[15:11:00] [info] flip-probe: flip #680 ok=true present=4ms inter_flip_ms=50 drawcalls-since-flip=16 drawcalls-total=58723 fail-total=0 null-skips-total=0
[15:11:01] [info] flip-probe: flip #690 ok=true present=4ms inter_flip_ms=53 drawcalls-since-flip=16 drawcalls-total=58883 fail-total=0 null-skips-total=0
[15:11:01] [info] flip-probe: flip #700 ok=true present=4ms inter_flip_ms=54 drawcalls-since-flip=16 drawcalls-total=59043 fail-total=0 null-skips-total=0
[15:11:01] [info] alpha audit block 0: 2494 total drawcalls, 0 with alpha<255 (block pct_x10=0; global 0/53166 pct_x10=0); alpha-mod skipped: block=0 global=0
[15:11:01] [info] fastpath audit block 0: taken=2494 (idx8=2494) skipped=0 pct_x10=1000; global taken=53166 (idx8=53166) skipped=0 pct_x10=1000
[15:11:01] [info] primitive tally block 0: clear=200(hr=200) fill=0(hr=0) rect=0(hr=0) line=0(hr=0) tint=0 spotlight=0 (over 100 flips ending at flip 700)
[15:11:01] [info] color/alpha audit block 0: cmod_white=936 cmod_black=936 (idx=936) cmod_general=0 (idx=0) cmod_fb=0; alpha_taken=0 alpha_skipped=0 (global cmod=6222/4680/693/0 idx=4680/693 alpha=0/0)
[15:11:01] [info] phase timing block 0: drawcalls=4566 dc_total_ms=941 flip_inner_total_ms=580 inter_flip_total_ms=5801 (per-flip avg x10: dc_ms=94 fi_ms=58 if_ms=580 derived audio+engine_ms=428; per-drawcall avg us_x10=2061) [direct-vesa: presents=100 total_ms=380 avg_ms_x10=38 failed=0] [ablation: NO_DC_TIMING=0 CACHE_WINSURF=0 DIRECT_VESA=1]
[15:11:01] [info] kbd/audio block 0: kbd_irq=0 kbd_drain=0 ring_chunks=16 pump_pass=1968 pic1_mask=0xb8 first_irq_ticks=0 install_ticks=0 vector_at_install=0x0083a028 pic1_mask_live=0x38 kbd_8042_stat=0x34 bios_kbd_head=0x0026 bios_kbd_tail=0x0026 bios_kbd_buf0=0x3920
[15:11:01] [info] dirty-rect block @flip=700: total_calls=0 dirty_rects_avg=1 dirty_pct_x10=1000 forced_full=0 first_n_force=0 threshold_exceeded=0 dirty_path_taken=0 full_flush_taken=0
[15:11:01] [info] prev-frame-diff block @flip=700: diff_calls=0 diff_rects_avg=0 diff_dirty_pct_x10=0 bbox_pct_x10=0 bbox_thresh_exceeded=0
[15:11:02] [info] flip-probe: flip #710 ok=true present=4ms inter_flip_ms=50 drawcalls-since-flip=19 drawcalls-total=59259 fail-total=0 null-skips-total=0
[15:11:03] [info] flip-probe: flip #720 ok=true present=4ms inter_flip_ms=50 drawcalls-since-flip=17 drawcalls-total=59447 fail-total=0 null-skips-total=0
[15:11:03] [info] flip-probe: flip #730 ok=true present=4ms inter_flip_ms=97 drawcalls-since-flip=305 drawcalls-total=60856 fail-total=0 null-skips-total=0
[15:11:03] [info]  >> Entering stage 15: 'Reservoir'.
[15:11:03] [info] [skip-sheet-flush] cave=6
[15:11:04] [info] [load-stage] preloading entry music song=9 (cave=6)
[15:11:04] [info] gameloop: entered (curmap=15, running=1)
[15:11:04] [info] gameloop: iter 1 ticks=93410 mapno=-1
[15:11:04] [info] mds-clear-lut: rebuilt N=240 entries (k_skip=13% k_keep=87%; curmap=15 map_size=40x20; rebuild #4 since boot)
[15:11:04] [info] gameloop: iter 2 ticks=93525 mapno=-1
[15:11:04] [info] gameloop: iter 3 ticks=93629 mapno=-1
[15:11:05] [info] flip-probe: flip #740 ok=true present=4ms inter_flip_ms=58 drawcalls-since-flip=81 drawcalls-total=63164 fail-total=0 null-skips-total=0
[15:11:05] [info] flip-probe: flip #750 ok=true present=4ms inter_flip_ms=49 drawcalls-since-flip=32 drawcalls-total=63473 fail-total=0 null-skips-total=0
[15:11:06] [info] flip-probe: flip #760 ok=true present=5ms inter_flip_ms=67 drawcalls-since-flip=32 drawcalls-total=63793 fail-total=0 null-skips-total=0
[15:11:06] [info] backdrop cache: thrashing-detect engaged (streak=4, route=direct)
[15:11:06] [info] flip-probe: flip #770 ok=true present=4ms inter_flip_ms=54 drawcalls-since-flip=34 drawcalls-total=64129 fail-total=0 null-skips-total=0
[15:11:07] [info] flip-probe: flip #780 ok=true present=4ms inter_flip_ms=56 drawcalls-since-flip=32 drawcalls-total=64465 fail-total=0 null-skips-total=0
[15:11:08] [info] flip-probe: flip #790 ok=true present=4ms inter_flip_ms=54 drawcalls-since-flip=32 drawcalls-total=64785 fail-total=0 null-skips-total=0
[15:11:08] [info] flip-probe: flip #800 ok=true present=4ms inter_flip_ms=275 drawcalls-since-flip=34 drawcalls-total=65116 fail-total=0 null-skips-total=0
[15:11:08] [info] alpha audit block 0: 5361 total drawcalls, 0 with alpha<255 (block pct_x10=0; global 0/58527 pct_x10=0); alpha-mod skipped: block=0 global=0
[15:11:08] [info] fastpath audit block 0: taken=5361 (idx8=5361) skipped=0 pct_x10=1000; global taken=58527 (idx8=58527) skipped=0 pct_x10=1000
[15:11:08] [info] primitive tally block 0: clear=201(hr=201) fill=0(hr=0) rect=0(hr=0) line=0(hr=0) tint=0 spotlight=0 (over 100 flips ending at flip 800)
[15:11:08] [info] color/alpha audit block 0: cmod_white=612 cmod_black=612 (idx=612) cmod_general=0 (idx=0) cmod_fb=0; alpha_taken=0 alpha_skipped=0 (global cmod=6834/5292/693/0 idx=5292/693 alpha=0/0)
[15:11:08] [info] phase timing block 0: drawcalls=6816 dc_total_ms=1368 flip_inner_total_ms=594 inter_flip_total_ms=6940 (per-flip avg x10: dc_ms=136 fi_ms=59 if_ms=694 derived audio+engine_ms=499; per-drawcall avg us_x10=2007) [direct-vesa: presents=100 total_ms=380 avg_ms_x10=38 failed=0] [ablation: NO_DC_TIMING=0 CACHE_WINSURF=0 DIRECT_VESA=1]
[15:11:08] [info] kbd/audio block 0: kbd_irq=0 kbd_drain=0 ring_chunks=16 pump_pass=2265 pic1_mask=0xb8 first_irq_ticks=0 install_ticks=0 vector_at_install=0x0083a028 pic1_mask_live=0x38 kbd_8042_stat=0x34 bios_kbd_head=0x0026 bios_kbd_tail=0x0026 bios_kbd_buf0=0x3920
[15:11:08] [info] dirty-rect block @flip=800: total_calls=0 dirty_rects_avg=1 dirty_pct_x10=1000 forced_full=0 first_n_force=0 threshold_exceeded=0 dirty_path_taken=0 full_flush_taken=0
[15:11:08] [info] prev-frame-diff block @flip=800: diff_calls=0 diff_rects_avg=0 diff_dirty_pct_x10=0 bbox_pct_x10=0 bbox_thresh_exceeded=0
[15:11:08] [info] tas: stall frame 354 ms -> contributing 1 tick (patch 0286)
[15:11:09] [info] flip-probe: flip #810 ok=true present=4ms inter_flip_ms=56 drawcalls-since-flip=34 drawcalls-total=65456 fail-total=0 null-skips-total=0
[15:11:09] [info] flip-probe: flip #820 ok=true present=4ms inter_flip_ms=53 drawcalls-since-flip=36 drawcalls-total=65802 fail-total=0 null-skips-total=0
[15:11:10] [info] backdrop cache: thrashing-detect engaged (streak=64, route=direct)
[15:11:10] [info] flip-probe: flip #830 ok=true present=4ms inter_flip_ms=53 drawcalls-since-flip=36 drawcalls-total=66162 fail-total=0 null-skips-total=0
[15:11:10] [info] backdrop cache: thrashing-detect engaged (streak=4, route=direct)
[15:11:11] [info] flip-probe: flip #840 ok=true present=4ms inter_flip_ms=55 drawcalls-since-flip=35 drawcalls-total=66524 fail-total=0 null-skips-total=0
[15:11:11] [info] flip-probe: flip #850 ok=true present=4ms inter_flip_ms=55 drawcalls-since-flip=35 drawcalls-total=66881 fail-total=0 null-skips-total=0
[15:11:12] [info] flip-probe: flip #860 ok=true present=4ms inter_flip_ms=52 drawcalls-since-flip=16 drawcalls-total=67077 fail-total=0 null-skips-total=0
[15:11:12] [info] flip-probe: flip #870 ok=true present=4ms inter_flip_ms=47 drawcalls-since-flip=15 drawcalls-total=67227 fail-total=0 null-skips-total=0
[15:11:13] [info] flip-probe: flip #880 ok=true present=4ms inter_flip_ms=50 drawcalls-since-flip=14 drawcalls-total=67367 fail-total=0 null-skips-total=0
[15:11:13] [info] flip-probe: flip #890 ok=true present=4ms inter_flip_ms=52 drawcalls-since-flip=14 drawcalls-total=67507 fail-total=0 null-skips-total=0
[15:11:13] [info] backdrop cache: thrashing-detect engaged (streak=64, route=direct)
[15:11:14] [info] flip-probe: flip #900 ok=true present=4ms inter_flip_ms=50 drawcalls-since-flip=14 drawcalls-total=67647 fail-total=0 null-skips-total=0
[15:11:14] [info] alpha audit block 0: 1963 total drawcalls, 0 with alpha<255 (block pct_x10=0; global 0/60490 pct_x10=0); alpha-mod skipped: block=0 global=0
[15:11:14] [info] fastpath audit block 0: taken=1963 (idx8=1963) skipped=0 pct_x10=1000; global taken=60490 (idx8=60490) skipped=0 pct_x10=1000
[15:11:14] [info] primitive tally block 0: clear=200(hr=200) fill=0(hr=0) rect=0(hr=0) line=0(hr=0) tint=0 spotlight=0 (over 100 flips ending at flip 900)
[15:11:14] [info] color/alpha audit block 0: cmod_white=468 cmod_black=468 (idx=468) cmod_general=0 (idx=0) cmod_fb=0; alpha_taken=0 alpha_skipped=0 (global cmod=7302/5760/693/0 idx=5760/693 alpha=0/0)
[15:11:14] [info] phase timing block 0: drawcalls=3105 dc_total_ms=818 flip_inner_total_ms=586 inter_flip_total_ms=5404 (per-flip avg x10: dc_ms=81 fi_ms=58 if_ms=540 derived audio+engine_ms=401; per-drawcall avg us_x10=2634) [direct-vesa: presents=100 total_ms=380 avg_ms_x10=38 failed=0] [ablation: NO_DC_TIMING=0 CACHE_WINSURF=0 DIRECT_VESA=1]
[15:11:14] [info] kbd/audio block 0: kbd_irq=0 kbd_drain=0 ring_chunks=16 pump_pass=2529 pic1_mask=0xb8 first_irq_ticks=0 install_ticks=0 vector_at_install=0x0083a028 pic1_mask_live=0x38 kbd_8042_stat=0x34 bios_kbd_head=0x0026 bios_kbd_tail=0x0026 bios_kbd_buf0=0x3920
[15:11:14] [info] dirty-rect block @flip=900: total_calls=0 dirty_rects_avg=1 dirty_pct_x10=1000 forced_full=0 first_n_force=0 threshold_exceeded=0 dirty_path_taken=0 full_flush_taken=0
[15:11:14] [info] prev-frame-diff block @flip=900: diff_calls=0 diff_rects_avg=0 diff_dirty_pct_x10=0 bbox_pct_x10=0 bbox_thresh_exceeded=0
[15:11:14] [info] flip-probe: flip #910 ok=true present=4ms inter_flip_ms=54 drawcalls-since-flip=14 drawcalls-total=67787 fail-total=0 null-skips-total=0
[15:11:15] [info] flip-probe: flip #920 ok=true present=4ms inter_flip_ms=53 drawcalls-since-flip=26 drawcalls-total=67960 fail-total=0 null-skips-total=0
[15:11:15] [info] flip-probe: flip #930 ok=true present=4ms inter_flip_ms=53 drawcalls-since-flip=23 drawcalls-total=68204 fail-total=0 null-skips-total=0
[15:11:16] [info] flip-probe: flip #940 ok=true present=3ms inter_flip_ms=52 drawcalls-since-flip=17 drawcalls-total=68404 fail-total=0 null-skips-total=0
[15:11:16] [info] flip-probe: flip #950 ok=true present=4ms inter_flip_ms=50 drawcalls-since-flip=14 drawcalls-total=68552 fail-total=0 null-skips-total=0
[15:11:17] [info] backdrop cache: thrashing-detect engaged (streak=124, route=direct)
[15:11:17] [info] flip-probe: flip #960 ok=true present=4ms inter_flip_ms=56 drawcalls-since-flip=14 drawcalls-total=68692 fail-total=0 null-skips-total=0
[15:11:17] [info] flip-probe: flip #970 ok=true present=4ms inter_flip_ms=91 drawcalls-since-flip=318 drawcalls-total=69797 fail-total=0 null-skips-total=0
[15:11:18] [info]  >> Entering stage 11: 'Mimiga Village'.
[15:11:18] [info] [skip-sheet-flush] cave=7
[15:11:18] [info] [load-stage] preloading entry music song=9 (cave=7)
[15:11:19] [info] gameloop: entered (curmap=11, running=1)
[15:11:19] [info] gameloop: iter 1 ticks=107904 mapno=-1
[15:11:19] [info] mds-clear-lut: rebuilt N=240 entries (k_skip=0% k_keep=100%; curmap=11 map_size=60x60; rebuild #5 since boot)
[15:11:19] [info] gameloop: iter 2 ticks=108023 mapno=-1
[15:11:19] [info] gameloop: iter 3 ticks=108132 mapno=-1
[15:11:19] [info] flip-probe: flip #980 ok=true present=4ms inter_flip_ms=79 drawcalls-since-flip=166 drawcalls-total=72470 fail-total=0 null-skips-total=0
[15:11:20] [info] flip-probe: flip #990 ok=true present=4ms inter_flip_ms=57 drawcalls-since-flip=42 drawcalls-total=72928 fail-total=0 null-skips-total=0
[15:11:20] [info] flip-probe: flip #1000 ok=true present=3ms inter_flip_ms=62 drawcalls-since-flip=42 drawcalls-total=73348 fail-total=0 null-skips-total=0
[15:11:20] [info] alpha audit block 0: 5263 total drawcalls, 0 with alpha<255 (block pct_x10=0; global 0/65753 pct_x10=0); alpha-mod skipped: block=0 global=0
[15:11:20] [info] fastpath audit block 0: taken=5263 (idx8=5263) skipped=0 pct_x10=1000; global taken=65753 (idx8=65753) skipped=0 pct_x10=1000
[15:11:20] [info] primitive tally block 0: clear=201(hr=201) fill=0(hr=0) rect=0(hr=0) line=0(hr=0) tint=0 spotlight=0 (over 100 flips ending at flip 1000)
[15:11:20] [info] color/alpha audit block 0: cmod_white=338 cmod_black=338 (idx=338) cmod_general=0 (idx=0) cmod_fb=0; alpha_taken=0 alpha_skipped=0 (global cmod=7640/6098/693/0 idx=6098/693 alpha=0/0)
[15:11:20] [info] phase timing block 0: drawcalls=6166 dc_total_ms=1293 flip_inner_total_ms=596 inter_flip_total_ms=6676 (per-flip avg x10: dc_ms=129 fi_ms=59 if_ms=667 derived audio+engine_ms=479; per-drawcall avg us_x10=2097) [direct-vesa: presents=100 total_ms=379 avg_ms_x10=37 failed=0] [ablation: NO_DC_TIMING=0 CACHE_WINSURF=0 DIRECT_VESA=1]
[15:11:20] [info] kbd/audio block 0: kbd_irq=0 kbd_drain=0 ring_chunks=16 pump_pass=2822 pic1_mask=0xb8 first_irq_ticks=0 install_ticks=0 vector_at_install=0x0083a028 pic1_mask_live=0x38 kbd_8042_stat=0x34 bios_kbd_head=0x0026 bios_kbd_tail=0x0026 bios_kbd_buf0=0x3920
[15:11:20] [info] dirty-rect block @flip=1000: total_calls=0 dirty_rects_avg=1 dirty_pct_x10=1000 forced_full=0 first_n_force=0 threshold_exceeded=0 dirty_path_taken=0 full_flush_taken=0
[15:11:20] [info] prev-frame-diff block @flip=1000: diff_calls=0 diff_rects_avg=0 diff_dirty_pct_x10=0 bbox_pct_x10=0 bbox_thresh_exceeded=0
[15:11:21] [info] backdrop cache: thrashing-detect engaged (streak=4, route=direct)
[15:11:21] [info] flip-probe: flip #1010 ok=true present=4ms inter_flip_ms=66 drawcalls-since-flip=47 drawcalls-total=73853 fail-total=0 null-skips-total=0
[15:11:22] [info] flip-probe: flip #1020 ok=true present=4ms inter_flip_ms=57 drawcalls-since-flip=46 drawcalls-total=74317 fail-total=0 null-skips-total=0
[15:11:22] [info] flip-probe: flip #1030 ok=true present=3ms inter_flip_ms=57 drawcalls-since-flip=43 drawcalls-total=74748 fail-total=0 null-skips-total=0
[15:11:23] [info] flip-probe: flip #1040 ok=true present=5ms inter_flip_ms=59 drawcalls-since-flip=47 drawcalls-total=75185 fail-total=0 null-skips-total=0
[15:11:23] [info] flip-probe: flip #1050 ok=true present=5ms inter_flip_ms=59 drawcalls-since-flip=45 drawcalls-total=75640 fail-total=0 null-skips-total=0
[15:11:24] [info] flip-probe: flip #1060 ok=true present=4ms inter_flip_ms=59 drawcalls-since-flip=45 drawcalls-total=76090 fail-total=0 null-skips-total=0
[15:11:25] [info] backdrop cache: thrashing-detect engaged (streak=64, route=direct)
[15:11:25] [info] flip-probe: flip #1070 ok=true present=3ms inter_flip_ms=57 drawcalls-since-flip=45 drawcalls-total=76540 fail-total=0 null-skips-total=0
[15:11:25] [info] flip-probe: flip #1080 ok=true present=4ms inter_flip_ms=59 drawcalls-since-flip=44 drawcalls-total=76986 fail-total=0 null-skips-total=0
[15:11:26] [info] flip-probe: flip #1090 ok=true present=4ms inter_flip_ms=60 drawcalls-since-flip=44 drawcalls-total=77426 fail-total=0 null-skips-total=0
[15:11:26] [info] flip-probe: flip #1100 ok=true present=4ms inter_flip_ms=55 drawcalls-since-flip=17 drawcalls-total=77701 fail-total=0 null-skips-total=0
[15:11:26] [info] alpha audit block 0: 3031 total drawcalls, 0 with alpha<255 (block pct_x10=0; global 0/68784 pct_x10=0); alpha-mod skipped: block=0 global=0
[15:11:26] [info] fastpath audit block 0: taken=3031 (idx8=3031) skipped=0 pct_x10=1000; global taken=68784 (idx8=68784) skipped=0 pct_x10=1000
[15:11:26] [info] primitive tally block 0: clear=200(hr=200) fill=0(hr=0) rect=0(hr=0) line=0(hr=0) tint=0 spotlight=0 (over 100 flips ending at flip 1100)
[15:11:26] [info] color/alpha audit block 0: cmod_white=1222 cmod_black=1222 (idx=1222) cmod_general=0 (idx=0) cmod_fb=0; alpha_taken=0 alpha_skipped=0 (global cmod=8862/7320/693/0 idx=7320/693 alpha=0/0)
[15:11:26] [info] phase timing block 0: drawcalls=5683 dc_total_ms=1067 flip_inner_total_ms=577 inter_flip_total_ms=6084 (per-flip avg x10: dc_ms=106 fi_ms=57 if_ms=608 derived audio+engine_ms=445; per-drawcall avg us_x10=1879) [direct-vesa: presents=100 total_ms=379 avg_ms_x10=37 failed=0] [ablation: NO_DC_TIMING=0 CACHE_WINSURF=0 DIRECT_VESA=1]
[15:11:26] [info] kbd/audio block 0: kbd_irq=0 kbd_drain=0 ring_chunks=16 pump_pass=3127 pic1_mask=0xb8 first_irq_ticks=0 install_ticks=0 vector_at_install=0x0083a028 pic1_mask_live=0x38 kbd_8042_stat=0x34 bios_kbd_head=0x0026 bios_kbd_tail=0x0026 bios_kbd_buf0=0x3920
[15:11:26] [info] dirty-rect block @flip=1100: total_calls=0 dirty_rects_avg=1 dirty_pct_x10=1000 forced_full=0 first_n_force=0 threshold_exceeded=0 dirty_path_taken=0 full_flush_taken=0
[15:11:27] [info] prev-frame-diff block @flip=1100: diff_calls=0 diff_rects_avg=0 diff_dirty_pct_x10=0 bbox_pct_x10=0 bbox_thresh_exceeded=0
[15:11:27] [info] flip-probe: flip #1110 ok=true present=4ms inter_flip_ms=56 drawcalls-since-flip=19 drawcalls-total=77884 fail-total=0 null-skips-total=0
[15:11:28] [info] flip-probe: flip #1120 ok=true present=4ms inter_flip_ms=53 drawcalls-since-flip=19 drawcalls-total=78074 fail-total=0 null-skips-total=0
[15:11:28] [info] backdrop cache: thrashing-detect engaged (streak=124, route=direct)
[15:11:28] [info] flip-probe: flip #1130 ok=true present=4ms inter_flip_ms=56 drawcalls-since-flip=18 drawcalls-total=78260 fail-total=0 null-skips-total=0
[15:11:29] [info] flip-probe: flip #1140 ok=true present=4ms inter_flip_ms=54 drawcalls-since-flip=17 drawcalls-total=78434 fail-total=0 null-skips-total=0
[15:11:29] [info] flip-probe: flip #1150 ok=true present=4ms inter_flip_ms=54 drawcalls-since-flip=18 drawcalls-total=78614 fail-total=0 null-skips-total=0
[15:11:30] [info] flip-probe: flip #1160 ok=true present=4ms inter_flip_ms=60 drawcalls-since-flip=19 drawcalls-total=78801 fail-total=0 null-skips-total=0
[15:11:30] [info] flip-probe: flip #1170 ok=true present=4ms inter_flip_ms=54 drawcalls-since-flip=19 drawcalls-total=78991 fail-total=0 null-skips-total=0
[15:11:31] [info] flip-probe: flip #1180 ok=true present=4ms inter_flip_ms=56 drawcalls-since-flip=20 drawcalls-total=79189 fail-total=0 null-skips-total=0
[15:11:31] [info] backdrop cache: thrashing-detect engaged (streak=184, route=direct)
[15:11:32] [info] tas: stall frame 273 ms -> contributing 1 tick (patch 0286)
[15:11:32] [info] flip-probe: flip #1190 ok=true present=3ms inter_flip_ms=58 drawcalls-since-flip=20 drawcalls-total=79389 fail-total=0 null-skips-total=0
[15:11:32] [info] flip-probe: flip #1200 ok=true present=4ms inter_flip_ms=53 drawcalls-since-flip=17 drawcalls-total=79577 fail-total=0 null-skips-total=0
[15:11:32] [info] alpha audit block 0: 1776 total drawcalls, 0 with alpha<255 (block pct_x10=0; global 0/70560 pct_x10=0); alpha-mod skipped: block=0 global=0
[15:11:32] [info] fastpath audit block 0: taken=1776 (idx8=1776) skipped=0 pct_x10=1000; global taken=70560 (idx8=70560) skipped=0 pct_x10=1000
[15:11:32] [info] primitive tally block 0: clear=200(hr=200) fill=0(hr=0) rect=0(hr=0) line=0(hr=0) tint=0 spotlight=0 (over 100 flips ending at flip 1200)
[15:11:32] [info] phase timing block 0: drawcalls=1976 dc_total_ms=739 flip_inner_total_ms=572 inter_flip_total_ms=5826 (per-flip avg x10: dc_ms=73 fi_ms=57 if_ms=582 derived audio+engine_ms=452; per-drawcall avg us_x10=3743) [direct-vesa: presents=100 total_ms=381 avg_ms_x10=38 failed=0] [ablation: NO_DC_TIMING=0 CACHE_WINSURF=0 DIRECT_VESA=1]
[15:11:32] [info] kbd/audio block 0: kbd_irq=0 kbd_drain=0 ring_chunks=16 pump_pass=3405 pic1_mask=0xb8 first_irq_ticks=0 install_ticks=0 vector_at_install=0x0083a028 pic1_mask_live=0x38 kbd_8042_stat=0x34 bios_kbd_head=0x0026 bios_kbd_tail=0x0026 bios_kbd_buf0=0x3920
[15:11:32] [info] dirty-rect block @flip=1200: total_calls=0 dirty_rects_avg=1 dirty_pct_x10=1000 forced_full=0 first_n_force=0 threshold_exceeded=0 dirty_path_taken=0 full_flush_taken=0
[15:11:32] [info] prev-frame-diff block @flip=1200: diff_calls=0 diff_rects_avg=0 diff_dirty_pct_x10=0 bbox_pct_x10=0 bbox_thresh_exceeded=0
[15:11:33] [info] flip-probe: flip #1210 ok=true present=4ms inter_flip_ms=56 drawcalls-since-flip=17 drawcalls-total=79747 fail-total=0 null-skips-total=0
[15:11:33] [info] flip-probe: flip #1220 ok=true present=4ms inter_flip_ms=53 drawcalls-since-flip=19 drawcalls-total=79924 fail-total=0 null-skips-total=0
[15:11:34] [info] flip-probe: flip #1230 ok=true present=4ms inter_flip_ms=54 drawcalls-since-flip=17 drawcalls-total=80100 fail-total=0 null-skips-total=0
[15:11:35] [info] flip-probe: flip #1240 ok=true present=5ms inter_flip_ms=56 drawcalls-since-flip=16 drawcalls-total=80263 fail-total=0 null-skips-total=0
[15:11:35] [info] backdrop cache: thrashing-detect engaged (streak=244, route=direct)
[15:11:35] [info] flip-probe: flip #1250 ok=true present=4ms inter_flip_ms=58 drawcalls-since-flip=19 drawcalls-total=80441 fail-total=0 null-skips-total=0
[15:11:36] [info] flip-probe: flip #1260 ok=true present=4ms inter_flip_ms=57 drawcalls-since-flip=20 drawcalls-total=80643 fail-total=0 null-skips-total=0
[15:11:36] [info] run_tick_fixed #3600: heartbeat (loop alive)
[15:11:36] [info] flip-probe: flip #1270 ok=true present=4ms inter_flip_ms=95 drawcalls-since-flip=247 drawcalls-total=81183 fail-total=0 null-skips-total=0
[15:11:37] [info]  >> Entering stage 19: 'Assembly Hall'.
[15:11:37] [info] [skip-sheet-flush] cave=8
[15:11:38] [info] [load-stage] preloading entry music song=9 (cave=8)
[15:11:38] [info] gameloop: entered (curmap=19, running=1)
[15:11:38] [info] gameloop: iter 1 ticks=127146 mapno=-1
[15:11:38] [info] mds-clear-lut: rebuilt N=240 entries (k_skip=100% k_keep=0%; curmap=19 map_size=21x16; rebuild #6 since boot)
[15:11:38] [info] gameloop: iter 2 ticks=127274 mapno=-1
[15:11:38] [info] gameloop: iter 3 ticks=127389 mapno=-1
[15:11:38] [info] flip-probe: flip #1280 ok=true present=4ms inter_flip_ms=96 drawcalls-since-flip=379 drawcalls-total=84841 fail-total=0 null-skips-total=0
[15:11:39] [info] flip-probe: flip #1290 ok=true present=4ms inter_flip_ms=57 drawcalls-since-flip=122 drawcalls-total=86152 fail-total=0 null-skips-total=0
[15:11:40] [info] flip-probe: flip #1300 ok=true present=4ms inter_flip_ms=57 drawcalls-since-flip=122 drawcalls-total=87372 fail-total=0 null-skips-total=0
[15:11:40] [info] alpha audit block 0: 7395 total drawcalls, 0 with alpha<255 (block pct_x10=0; global 0/77955 pct_x10=0); alpha-mod skipped: block=0 global=0
[15:11:40] [info] fastpath audit block 0: taken=7395 (idx8=7395) skipped=0 pct_x10=1000; global taken=77955 (idx8=77955) skipped=0 pct_x10=1000
[15:11:40] [info] primitive tally block 0: clear=201(hr=201) fill=0(hr=0) rect=0(hr=0) line=0(hr=0) tint=0 spotlight=0 (over 100 flips ending at flip 1300)
[15:11:40] [info] color/alpha audit block 0: cmod_white=300 cmod_black=300 (idx=300) cmod_general=0 (idx=0) cmod_fb=0; alpha_taken=0 alpha_skipped=0 (global cmod=9162/7620/693/0 idx=7620/693 alpha=0/0)
[15:11:40] [info] phase timing block 0: drawcalls=8221 dc_total_ms=1374 flip_inner_total_ms=578 inter_flip_total_ms=7299 (per-flip avg x10: dc_ms=137 fi_ms=57 if_ms=729 derived audio+engine_ms=535; per-drawcall avg us_x10=1671) [direct-vesa: presents=100 total_ms=379 avg_ms_x10=37 failed=0] [ablation: NO_DC_TIMING=0 CACHE_WINSURF=0 DIRECT_VESA=1]
[15:11:40] [info] kbd/audio block 0: kbd_irq=0 kbd_drain=0 ring_chunks=16 pump_pass=3713 pic1_mask=0xb8 first_irq_ticks=0 install_ticks=0 vector_at_install=0x0083a028 pic1_mask_live=0x38 kbd_8042_stat=0x34 bios_kbd_head=0x0026 bios_kbd_tail=0x0026 bios_kbd_buf0=0x3920
[15:11:40] [info] dirty-rect block @flip=1300: total_calls=0 dirty_rects_avg=1 dirty_pct_x10=1000 forced_full=0 first_n_force=0 threshold_exceeded=0 dirty_path_taken=0 full_flush_taken=0
[15:11:40] [info] prev-frame-diff block @flip=1300: diff_calls=0 diff_rects_avg=0 diff_dirty_pct_x10=0 bbox_pct_x10=0 bbox_thresh_exceeded=0
[15:11:40] [info] flip-probe: flip #1310 ok=true present=4ms inter_flip_ms=57 drawcalls-since-flip=123 drawcalls-total=88612 fail-total=0 null-skips-total=0
[15:11:41] [info] flip-probe: flip #1320 ok=true present=3ms inter_flip_ms=56 drawcalls-since-flip=123 drawcalls-total=89842 fail-total=0 null-skips-total=0
[15:11:41] [info] flip-probe: flip #1330 ok=true present=4ms inter_flip_ms=56 drawcalls-since-flip=122 drawcalls-total=91063 fail-total=0 null-skips-total=0
[15:11:42] [info] flip-probe: flip #1340 ok=true present=4ms inter_flip_ms=57 drawcalls-since-flip=122 drawcalls-total=92283 fail-total=0 null-skips-total=0
[15:11:42] [info] flip-probe: flip #1350 ok=true present=4ms inter_flip_ms=54 drawcalls-since-flip=122 drawcalls-total=93503 fail-total=0 null-skips-total=0
[15:11:43] [info]  >> Entering stage 11: 'Mimiga Village'.
[15:11:43] [info] [skip-sheet-flush] cave=9
[15:11:44] [info] [load-stage] preloading entry music song=9 (cave=9)
[15:11:44] [info] gameloop: entered (curmap=11, running=1)
[15:11:44] [info] gameloop: iter 1 ticks=133527 mapno=-1
[15:11:44] [info] mds-clear-lut: rebuilt N=240 entries (k_skip=0% k_keep=100%; curmap=11 map_size=60x60; rebuild #7 since boot)
[15:11:44] [info] gameloop: iter 2 ticks=133662 mapno=-1
[15:11:44] [info] flip-probe: flip #1360 ok=true present=4ms inter_flip_ms=125 drawcalls-since-flip=384 drawcalls-total=96811 fail-total=0 null-skips-total=0
[15:11:44] [info] gameloop: iter 3 ticks=133786 mapno=-1
[15:11:45] [info] backdrop cache: thrashing-detect engaged (streak=4, route=direct)
[15:11:45] [info] flip-probe: flip #1370 ok=true present=4ms inter_flip_ms=58 drawcalls-since-flip=45 drawcalls-total=98272 fail-total=0 null-skips-total=0
[15:11:46] [info] flip-probe: flip #1380 ok=true present=4ms inter_flip_ms=57 drawcalls-since-flip=43 drawcalls-total=98725 fail-total=0 null-skips-total=0
[15:11:46] [info] flip-probe: flip #1390 ok=true present=4ms inter_flip_ms=58 drawcalls-since-flip=43 drawcalls-total=99152 fail-total=0 null-skips-total=0
[15:11:47] [info] flip-probe: flip #1400 ok=true present=4ms inter_flip_ms=58 drawcalls-since-flip=44 drawcalls-total=99593 fail-total=0 null-skips-total=0
[15:11:47] [info] alpha audit block 0: 10879 total drawcalls, 0 with alpha<255 (block pct_x10=0; global 0/88834 pct_x10=0); alpha-mod skipped: block=0 global=0
[15:11:47] [info] fastpath audit block 0: taken=10879 (idx8=10879) skipped=0 pct_x10=1000; global taken=88834 (idx8=88834) skipped=0 pct_x10=1000
[15:11:47] [info] primitive tally block 0: clear=202(hr=202) fill=0(hr=0) rect=0(hr=0) line=0(hr=0) tint=0 spotlight=0 (over 100 flips ending at flip 1400)
[15:11:47] [info] color/alpha audit block 0: cmod_white=1242 cmod_black=1242 (idx=1242) cmod_general=0 (idx=0) cmod_fb=0; alpha_taken=0 alpha_skipped=0 (global cmod=10404/8862/693/0 idx=8862/693 alpha=0/0)
[15:11:47] [info] phase timing block 0: drawcalls=13628 dc_total_ms=1855 flip_inner_total_ms=587 inter_flip_total_ms=7496 (per-flip avg x10: dc_ms=185 fi_ms=58 if_ms=749 derived audio+engine_ms=506; per-drawcall avg us_x10=1361) [direct-vesa: presents=100 total_ms=380 avg_ms_x10=38 failed=0] [ablation: NO_DC_TIMING=0 CACHE_WINSURF=0 DIRECT_VESA=1]
[15:11:47] [info] kbd/audio block 0: kbd_irq=0 kbd_drain=0 ring_chunks=16 pump_pass=4027 pic1_mask=0xb8 first_irq_ticks=0 install_ticks=0 vector_at_install=0x0083a028 pic1_mask_live=0x38 kbd_8042_stat=0x34 bios_kbd_head=0x0026 bios_kbd_tail=0x0026 bios_kbd_buf0=0x3920
[15:11:47] [info] dirty-rect block @flip=1400: total_calls=0 dirty_rects_avg=1 dirty_pct_x10=1000 forced_full=0 first_n_force=0 threshold_exceeded=0 dirty_path_taken=0 full_flush_taken=0
[15:11:47] [info] prev-frame-diff block @flip=1400: diff_calls=0 diff_rects_avg=0 diff_dirty_pct_x10=0 bbox_pct_x10=0 bbox_thresh_exceeded=0
[15:11:48] [info] flip-probe: flip #1410 ok=true present=3ms inter_flip_ms=61 drawcalls-since-flip=46 drawcalls-total=100030 fail-total=0 null-skips-total=0
[15:11:48] [info] flip-probe: flip #1420 ok=true present=4ms inter_flip_ms=59 drawcalls-since-flip=44 drawcalls-total=100482 fail-total=0 null-skips-total=0
[15:11:49] [info] backdrop cache: thrashing-detect engaged (streak=64, route=direct)
[15:11:49] [info] flip-probe: flip #1430 ok=true present=4ms inter_flip_ms=57 drawcalls-since-flip=44 drawcalls-total=100924 fail-total=0 null-skips-total=0
[15:11:50] [info] flip-probe: flip #1440 ok=true present=4ms inter_flip_ms=54 drawcalls-since-flip=43 drawcalls-total=101360 fail-total=0 null-skips-total=0
[15:11:50] [info] flip-probe: flip #1450 ok=true present=4ms inter_flip_ms=59 drawcalls-since-flip=43 drawcalls-total=101790 fail-total=0 null-skips-total=0
[15:11:51] [info] flip-probe: flip #1460 ok=true present=4ms inter_flip_ms=59 drawcalls-since-flip=44 drawcalls-total=102227 fail-total=0 null-skips-total=0
[15:11:51] [info] flip-probe: flip #1470 ok=true present=4ms inter_flip_ms=58 drawcalls-since-flip=45 drawcalls-total=102674 fail-total=0 null-skips-total=0
[15:11:52] [info] flip-probe: flip #1480 ok=true present=3ms inter_flip_ms=51 drawcalls-since-flip=15 drawcalls-total=103053 fail-total=0 null-skips-total=0
[15:11:52] [info] backdrop cache: thrashing-detect engaged (streak=124, route=direct)
[15:11:52] [info] flip-probe: flip #1490 ok=true present=4ms inter_flip_ms=61 drawcalls-since-flip=64 drawcalls-total=103252 fail-total=0 null-skips-total=0
[15:11:53] [info]  >> Entering stage 14: 'Shack'.
[15:11:53] [info] [skip-sheet-flush] cave=10
[15:11:54] [info] [load-stage] preloading entry music song=8 (cave=10)
[15:11:54] [info] gameloop: entered (curmap=14, running=1)
[15:11:54] [info] gameloop: iter 1 ticks=143321 mapno=-1
[15:11:54] [info] gameloop: iter 2 ticks=143417 mapno=-1
[15:11:54] [info] gameloop: iter 3 ticks=143520 mapno=-1
[15:11:54] [info] flip-probe: flip #1500 ok=true present=4ms inter_flip_ms=103 drawcalls-since-flip=365 drawcalls-total=106183 fail-total=0 null-skips-total=0
[15:11:54] [info] alpha audit block 0: 5464 total drawcalls, 0 with alpha<255 (block pct_x10=0; global 0/94298 pct_x10=0); alpha-mod skipped: block=0 global=0
[15:11:54] [info] fastpath audit block 0: taken=5464 (idx8=5464) skipped=0 pct_x10=1000; global taken=94298 (idx8=94298) skipped=0 pct_x10=1000
[15:11:54] [info] primitive tally block 0: clear=201(hr=201) fill=0(hr=0) rect=0(hr=0) line=0(hr=0) tint=0 spotlight=0 (over 100 flips ending at flip 1500)
[15:11:54] [info] color/alpha audit block 0: cmod_white=1029 cmod_black=1029 (idx=1029) cmod_general=0 (idx=0) cmod_fb=0; alpha_taken=0 alpha_skipped=0 (global cmod=11433/9891/693/0 idx=9891/693 alpha=0/0)
[15:11:54] [info] phase timing block 0: drawcalls=7723 dc_total_ms=1268 flip_inner_total_ms=587 inter_flip_total_ms=7261 (per-flip avg x10: dc_ms=126 fi_ms=58 if_ms=726 derived audio+engine_ms=542; per-drawcall avg us_x10=1643) [direct-vesa: presents=100 total_ms=380 avg_ms_x10=38 failed=0] [ablation: NO_DC_TIMING=0 CACHE_WINSURF=0 DIRECT_VESA=1]
[15:11:54] [info] kbd/audio block 0: kbd_irq=0 kbd_drain=0 ring_chunks=16 pump_pass=4339 pic1_mask=0xb8 first_irq_ticks=0 install_ticks=0 vector_at_install=0x0083a028 pic1_mask_live=0x38 kbd_8042_stat=0x34 bios_kbd_head=0x0026 bios_kbd_tail=0x0026 bios_kbd_buf0=0x3920
[15:11:54] [info] dirty-rect block @flip=1500: total_calls=0 dirty_rects_avg=1 dirty_pct_x10=1000 forced_full=0 first_n_force=0 threshold_exceeded=0 dirty_path_taken=0 full_flush_taken=0
[15:11:54] [info] prev-frame-diff block @flip=1500: diff_calls=0 diff_rects_avg=0 diff_dirty_pct_x10=0 bbox_pct_x10=0 bbox_thresh_exceeded=0
[15:11:54] [info] tas: stall frame 170 ms -> contributing 1 tick (patch 0286)
[15:11:55] [info] flip-probe: flip #1510 ok=true present=4ms inter_flip_ms=42 drawcalls-since-flip=24 drawcalls-total=107379 fail-total=0 null-skips-total=0
[15:11:55] [info] flip-probe: flip #1520 ok=true present=4ms inter_flip_ms=42 drawcalls-since-flip=24 drawcalls-total=107619 fail-total=0 null-skips-total=0
[15:11:56] [info] flip-probe: flip #1530 ok=true present=4ms inter_flip_ms=42 drawcalls-since-flip=24 drawcalls-total=107859 fail-total=0 null-skips-total=0
[15:11:56] [info] flip-probe: flip #1540 ok=true present=4ms inter_flip_ms=44 drawcalls-since-flip=28 drawcalls-total=108126 fail-total=0 null-skips-total=0
[15:11:57] [info] flip-probe: flip #1550 ok=true present=3ms inter_flip_ms=43 drawcalls-since-flip=24 drawcalls-total=108381 fail-total=0 null-skips-total=0
[15:11:57] [info] flip-probe: flip #1560 ok=true present=4ms inter_flip_ms=47 drawcalls-since-flip=24 drawcalls-total=108621 fail-total=0 null-skips-total=0
[15:11:58] [info] flip-probe: flip #1570 ok=true present=4ms inter_flip_ms=42 drawcalls-since-flip=24 drawcalls-total=108861 fail-total=0 null-skips-total=0
[15:11:58] [info] run_tick_fixed #4500: heartbeat (loop alive)
[15:11:58] [info] flip-probe: flip #1580 ok=true present=4ms inter_flip_ms=42 drawcalls-since-flip=24 drawcalls-total=109101 fail-total=0 null-skips-total=0
[15:11:58] [info] flip-probe: flip #1590 ok=true present=4ms inter_flip_ms=44 drawcalls-since-flip=24 drawcalls-total=109341 fail-total=0 null-skips-total=0
[15:11:59] [info] flip-probe: flip #1600 ok=true present=4ms inter_flip_ms=42 drawcalls-since-flip=24 drawcalls-total=109581 fail-total=0 null-skips-total=0
[15:11:59] [info] alpha audit block 0: 2898 total drawcalls, 0 with alpha<255 (block pct_x10=0; global 0/97196 pct_x10=0); alpha-mod skipped: block=0 global=0
[15:11:59] [info] fastpath audit block 0: taken=2898 (idx8=2898) skipped=0 pct_x10=1000; global taken=97196 (idx8=97196) skipped=0 pct_x10=1000
[15:11:59] [info] primitive tally block 0: clear=200(hr=200) fill=0(hr=0) rect=0(hr=0) line=0(hr=0) tint=0 spotlight=0 (over 100 flips ending at flip 1600)
[15:11:59] [info] color/alpha audit block 0: cmod_white=500 cmod_black=500 (idx=500) cmod_general=0 (idx=0) cmod_fb=0; alpha_taken=0 alpha_skipped=0 (global cmod=11933/10391/693/0 idx=10391/693 alpha=0/0)
[15:11:59] [info] phase timing block 0: drawcalls=4098 dc_total_ms=903 flip_inner_total_ms=588 inter_flip_total_ms=4506 (per-flip avg x10: dc_ms=90 fi_ms=58 if_ms=450 derived audio+engine_ms=302; per-drawcall avg us_x10=2204) [direct-vesa: presents=100 total_ms=381 avg_ms_x10=38 failed=0] [ablation: NO_DC_TIMING=0 CACHE_WINSURF=0 DIRECT_VESA=1]
[15:11:59] [info] kbd/audio block 0: kbd_irq=0 kbd_drain=0 ring_chunks=16 pump_pass=4560 pic1_mask=0xb8 first_irq_ticks=0 install_ticks=0 vector_at_install=0x0083a028 pic1_mask_live=0x38 kbd_8042_stat=0x34 bios_kbd_head=0x0026 bios_kbd_tail=0x0026 bios_kbd_buf0=0x3920
[15:11:59] [info] dirty-rect block @flip=1600: total_calls=0 dirty_rects_avg=1 dirty_pct_x10=1000 forced_full=0 first_n_force=0 threshold_exceeded=0 dirty_path_taken=0 full_flush_taken=0
[15:11:59] [info] prev-frame-diff block @flip=1600: diff_calls=0 diff_rects_avg=0 diff_dirty_pct_x10=0 bbox_pct_x10=0 bbox_thresh_exceeded=0
[15:11:59] [info] flip-probe: flip #1610 ok=true present=4ms inter_flip_ms=84 drawcalls-since-flip=305 drawcalls-total=110449 fail-total=0 null-skips-total=0
[15:12:00] [info]  >> Entering stage 11: 'Mimiga Village'.
[15:12:00] [info] [skip-sheet-flush] cave=11
[15:12:00] [info] [load-stage] preloading entry music song=9 (cave=11)
[15:12:01] [info] gameloop: entered (curmap=11, running=1)
[15:12:01] [info] gameloop: iter 1 ticks=149929 mapno=-1
[15:12:01] [info] gameloop: iter 2 ticks=150047 mapno=-1
[15:12:01] [info] gameloop: iter 3 ticks=150163 mapno=-1
[15:12:01] [info] flip-probe: flip #1620 ok=true present=4ms inter_flip_ms=108 drawcalls-since-flip=298 drawcalls-total=113744 fail-total=0 null-skips-total=0
[15:12:01] [info] backdrop cache: thrashing-detect engaged (streak=4, route=direct)
[15:12:02] [info] flip-probe: flip #1630 ok=true present=4ms inter_flip_ms=59 drawcalls-since-flip=42 drawcalls-total=114248 fail-total=0 null-skips-total=0
[15:12:02] [info] flip-probe: flip #1640 ok=true present=4ms inter_flip_ms=57 drawcalls-since-flip=44 drawcalls-total=114685 fail-total=0 null-skips-total=0
[15:12:03] [info] flip-probe: flip #1650 ok=true present=4ms inter_flip_ms=59 drawcalls-since-flip=47 drawcalls-total=115148 fail-total=0 null-skips-total=0
[15:12:04] [info] flip-probe: flip #1660 ok=true present=4ms inter_flip_ms=56 drawcalls-since-flip=43 drawcalls-total=115588 fail-total=0 null-skips-total=0
[15:12:04] [info] flip-probe: flip #1670 ok=true present=4ms inter_flip_ms=60 drawcalls-since-flip=46 drawcalls-total=116027 fail-total=0 null-skips-total=0
[15:12:04] [info] run_tick_fixed #4800: heartbeat (loop alive)
[15:12:05] [info] flip-probe: flip #1680 ok=true present=3ms inter_flip_ms=60 drawcalls-since-flip=45 drawcalls-total=116481 fail-total=0 null-skips-total=0
[15:12:05] [info] backdrop cache: thrashing-detect engaged (streak=64, route=direct)
[15:12:05] [info] flip-probe: flip #1690 ok=true present=4ms inter_flip_ms=59 drawcalls-since-flip=45 drawcalls-total=116931 fail-total=0 null-skips-total=0
[15:12:06] [info] flip-probe: flip #1700 ok=true present=4ms inter_flip_ms=60 drawcalls-since-flip=46 drawcalls-total=117394 fail-total=0 null-skips-total=0
[15:12:06] [info] alpha audit block 0: 6548 total drawcalls, 0 with alpha<255 (block pct_x10=0; global 0/103744 pct_x10=0); alpha-mod skipped: block=0 global=0
[15:12:06] [info] fastpath audit block 0: taken=6548 (idx8=6548) skipped=0 pct_x10=1000; global taken=103744 (idx8=103744) skipped=0 pct_x10=1000
[15:12:06] [info] primitive tally block 0: clear=201(hr=201) fill=0(hr=0) rect=0(hr=0) line=0(hr=0) tint=0 spotlight=0 (over 100 flips ending at flip 1700)
[15:12:06] [info] color/alpha audit block 0: cmod_white=1180 cmod_black=1180 (idx=1180) cmod_general=0 (idx=0) cmod_fb=0; alpha_taken=0 alpha_skipped=0 (global cmod=13113/11571/693/0 idx=11571/693 alpha=0/0)
[15:12:06] [info] phase timing block 0: drawcalls=9114 dc_total_ms=1433 flip_inner_total_ms=585 inter_flip_total_ms=7168 (per-flip avg x10: dc_ms=143 fi_ms=58 if_ms=716 derived audio+engine_ms=515; per-drawcall avg us_x10=1572) [direct-vesa: presents=100 total_ms=379 avg_ms_x10=37 failed=0] [ablation: NO_DC_TIMING=0 CACHE_WINSURF=0 DIRECT_VESA=1]
[15:12:06] [info] kbd/audio block 0: kbd_irq=0 kbd_drain=0 ring_chunks=16 pump_pass=4877 pic1_mask=0xb8 first_irq_ticks=0 install_ticks=0 vector_at_install=0x0083a028 pic1_mask_live=0x38 kbd_8042_stat=0x34 bios_kbd_head=0x0026 bios_kbd_tail=0x0026 bios_kbd_buf0=0x3920
[15:12:06] [info] dirty-rect block @flip=1700: total_calls=0 dirty_rects_avg=1 dirty_pct_x10=1000 forced_full=0 first_n_force=0 threshold_exceeded=0 dirty_path_taken=0 full_flush_taken=0
[15:12:06] [info] prev-frame-diff block @flip=1700: diff_calls=0 diff_rects_avg=0 diff_dirty_pct_x10=0 bbox_pct_x10=0 bbox_thresh_exceeded=0
[15:12:07] [info] flip-probe: flip #1710 ok=true present=4ms inter_flip_ms=56 drawcalls-since-flip=44 drawcalls-total=117840 fail-total=0 null-skips-total=0
[15:12:07] [info] flip-probe: flip #1720 ok=true present=4ms inter_flip_ms=56 drawcalls-since-flip=45 drawcalls-total=118286 fail-total=0 null-skips-total=0
[15:12:07] [info] backdrop cache: thrashing-detect engaged (streak=4, route=direct)
[15:12:08] [info] flip-probe: flip #1730 ok=true present=4ms inter_flip_ms=57 drawcalls-since-flip=47 drawcalls-total=118749 fail-total=0 null-skips-total=0
[15:12:08] [info] tas: stall frame 279 ms -> contributing 1 tick (patch 0286)
[15:12:09] [info] flip-probe: flip #1740 ok=true present=4ms inter_flip_ms=52 drawcalls-since-flip=19 drawcalls-total=119081 fail-total=0 null-skips-total=0
[15:12:09] [info] flip-probe: flip #1750 ok=true present=4ms inter_flip_ms=53 drawcalls-since-flip=19 drawcalls-total=119271 fail-total=0 null-skips-total=0
[15:12:10] [info] flip-probe: flip #1760 ok=true present=4ms inter_flip_ms=64 drawcalls-since-flip=19 drawcalls-total=119461 fail-total=0 null-skips-total=0
[15:12:10] [info] flip-probe: flip #1770 ok=true present=4ms inter_flip_ms=56 drawcalls-since-flip=19 drawcalls-total=119651 fail-total=0 null-skips-total=0
[15:12:11] [info] flip-probe: flip #1780 ok=true present=4ms inter_flip_ms=57 drawcalls-since-flip=19 drawcalls-total=119841 fail-total=0 null-skips-total=0
[15:12:11] [info] backdrop cache: thrashing-detect engaged (streak=64, route=direct)
[15:12:11] [info] flip-probe: flip #1790 ok=true present=4ms inter_flip_ms=55 drawcalls-since-flip=60 drawcalls-total=120441 fail-total=0 null-skips-total=0
[15:12:12] [info] flip-probe: flip #1800 ok=true present=4ms inter_flip_ms=55 drawcalls-since-flip=60 drawcalls-total=121041 fail-total=0 null-skips-total=0
[15:12:12] [info] alpha audit block 0: 3092 total drawcalls, 0 with alpha<255 (block pct_x10=0; global 0/106836 pct_x10=0); alpha-mod skipped: block=0 global=0
[15:12:12] [info] fastpath audit block 0: taken=3092 (idx8=3092) skipped=0 pct_x10=1000; global taken=106836 (idx8=106836) skipped=0 pct_x10=1000
[15:12:12] [info] primitive tally block 0: clear=200(hr=200) fill=0(hr=0) rect=0(hr=0) line=0(hr=0) tint=20 spotlight=0 (over 100 flips ending at flip 1800)
[15:12:12] [info] color/alpha audit block 0: cmod_white=895 cmod_black=455 (idx=455) cmod_general=0 (idx=0) cmod_fb=0; alpha_taken=0 alpha_skipped=0 (global cmod=14008/12026/693/0 idx=12026/693 alpha=0/0)
[15:12:12] [info] phase timing block 0: drawcalls=4666 dc_total_ms=1010 flip_inner_total_ms=799 inter_flip_total_ms=5955 (per-flip avg x10: dc_ms=101 fi_ms=79 if_ms=595 derived audio+engine_ms=415; per-drawcall avg us_x10=2166) [direct-vesa: presents=100 total_ms=379 avg_ms_x10=37 failed=0] [ablation: NO_DC_TIMING=0 CACHE_WINSURF=0 DIRECT_VESA=1]
[15:12:12] [info] kbd/audio block 0: kbd_irq=0 kbd_drain=0 ring_chunks=16 pump_pass=5126 pic1_mask=0xb8 first_irq_ticks=0 install_ticks=0 vector_at_install=0x0083a028 pic1_mask_live=0x38 kbd_8042_stat=0x34 bios_kbd_head=0x0026 bios_kbd_tail=0x0026 bios_kbd_buf0=0x3920
[15:12:12] [info] dirty-rect block @flip=1800: total_calls=0 dirty_rects_avg=1 dirty_pct_x10=1000 forced_full=0 first_n_force=0 threshold_exceeded=0 dirty_path_taken=0 full_flush_taken=0
[15:12:12] [info] prev-frame-diff block @flip=1800: diff_calls=0 diff_rects_avg=0 diff_dirty_pct_x10=0 bbox_pct_x10=0 bbox_thresh_exceeded=0
[15:12:13] [info] flip-probe: flip #1810 ok=true present=4ms inter_flip_ms=56 drawcalls-since-flip=60 drawcalls-total=121641 fail-total=0 null-skips-total=0
[15:12:13] [info] tas: end-of-replay auto-exit at tick 5140 (recording exhausted; set DOSKUTSU_TAS_REPLAY_HOLD=1 to disable + observe steady-state past recording end)
[15:12:13] [info] Script engine shutdown.
[15:12:13] [info] opl3 backend: cleared reg 0xBD chip-wide latch (wub-wub mitigation per flush-instr WAVE-46 H6)
[15:12:13] [info] opl3 backend shutdown (all 18 voices KEY-OFF unconditionally; OPL2 mode restored; chip state safe for next process)
[15:12:13] [info] Sound system shutdown
[15:12:13] [info] Renderer::Close()
[15:12:13] [info] tas: replay file closed
[15:12:13] [info] [fps-true] flips=1814 render_s=157 fps_mean=11.5 (clock-independent: flips / seconds since the FIRST flip; use THIS for the fps matrix, not inter_flip medians, which are invalid in any cell running the PIT/IRQ-0 music pump)
[RUNMANIFEST-BEGIN]
schema_version=1
environment=realhw
binary_sha12=f8d446b4b0e0
wave_tag=560
scene=
env_block_sha=60d6549b2771
started_utc=2026-11-19T21:49:52Z
duration_s=173
exit_code=0
fps_p50=NA
fps_p95=NA
audio_vital_status=NA
regime=NA
banner_required_hit=0
banner_required_total=0
banner_forbidden_hit=0
banner_optional_hit=0
critical_count=0
warn_count=0
[RUNMANIFEST-END]
[15:12:13] [info] [runmanifest-emit] schema=v1 env=realhw sha12=f8d446b4b0e0 dur=173s tag='560' scene='' env_sha=60d6549b2771 (signals=0x4)
