Logger::init: wave-53 log level=INFO path='LOGS/561.LOG'
[15:12:29] [info] config: loaded DOSKUTSU.CFG (4 keys)
[15:12:29] [info] tas: PRNG seed forced to 12345 via DOSKUTSU_TAS_PRNG_SEED
[15:12:29] [info] tas: auto-exit armed at tick 30000 via DOSKUTSU_TAS_AUTO_EXIT_TICK
[15:12:29] [info] tas: replay opened path='QA.TAS' header_seed=12345
[15:12:30] [info] data cache: DISABLED (default)
[15:12:30] [info] Joystick: skipped (default; set DOSKUTSU_USE_JOYSTICK=1 to enable -- skips SDL3-DOS gameport BIOS INT 15h polling, ~82 ms / flip on real HW)
[15:12:30] [info] Loading settings...
[15:12:30] [info] [input-bind] applied=0 invert_y=0 dos_axes=1
[15:12:30] [info] Renderer::initVideo: 8bpp mode requested via SDL_HINT_DOS_MAX_BPP=8 (wave 16); SDL3-DOS will pick the highest-bpp <= 8 mode at requested resolution
[15:12:30] [info] Renderer::initVideo: DOS resolution-label lock ENABLED (default)
[15:12:30] [info] Renderer::initVideo: using: software renderer
[15:12:34] [info] Renderer::initVideo: dirty-rect tracking ENABLED (wave 15, default ON; set SDL_HINT_DOSKUTSU_DIRTY_RECTS=0 to disable)
[15:12:34] [info] Renderer::initVideo: ablation flags: NO_DC_TIMING=0 CACHE_WINSURF=0 NO_INPUT_POLL=0 DIRECT_VESA=1
[15:12:34] [info] Renderer::initVideo: direct-VESA hot path ENABLED (default since wave 20 patch 0088; bypasses SDL_RenderPresent / SDL_UpdateWindowSurface and writes via SDL/0034's PresentFull helper; R2 mitigation handled by SDL/0034 generation counter -- no per-N-flip heartbeat needed; set SDL_HINT_DOSKUTSU_DIRECT_VESA=0 to revert)
[15:12:34] [info] Renderer::initVideo: flip-phase instrumentation DISABLED (default; set SDL_HINT_DOSKUTSU_FLIP_INSTR=1 to opt in for wave-20 Lever A diagnostic)
[15:12:34] [info] Renderer::initVideo: asm opaque-span blit lever DISABLED (default; set SDL_HINT_DOSKUTSU_ASM_BLIT=1 to opt in -- wave-51 _blit_indexed colorkey-blit lever)
[15:12:34] [info] Renderer::initVideo: blit-decomp instrumentation DISABLED (default; set SDL_HINT_DOSKUTSU_BLIT_DECOMP=1 to opt in -- wave-51 _blit_indexed sub-decomp sizing)
[15:12:34] [info] Renderer::initVideo: mds-scroll-decomp instrumentation DISABLED (default; set SDL_HINT_DOSKUTSU_MDS_DECOMP=1 to opt in -- wave-52 mode_draw_scene scrolling-block decomp)
[15:12:34] [info] Renderer::initVideo: DOSVESA pump yield: skipped (default) (per-flip explicit SDL_Delay(0) yield is always on; set SDL_HINT_DOSKUTSU_FORCE_PUMP_YIELD=1 to restore old per-pump yield)
[15:12:34] [info] Renderer::initVideo: indexed-mode (8bpp) ENABLED -- master palette + 107 per-asset remap LUTs loaded (wave 16, default ON; set SDL_HINT_DOSKUTSU_PIXEL_FORMAT_8=0 to disable)
[15:12:34] [info] Renderer::initVideo: master palette attached to window surface (format=SDL_PIXELFORMAT_INDEX8, ncolors=256)
[15:12:34] [info] Renderer::initVideo: indexed-mode smoke: idx0=(0,0,0) OK idx255=(255,0,255) OK
[15:12:34] [info] Renderer::initVideo: indexed-mode smoke: paletteRemapFor('MyChar.pbm') = present
[15:12:34] [info] Surface::loadImage palmap-diag #1: 'data/Loading.pbm' fmt=SDL_PIXELFORMAT_ABGR8888 remap=HIT -> path=truecolor
[15:12:34] [info] Renderer: prev-frame diff DISABLED (default since wave 17.6; set SDL_HINT_DOSKUTSU_PREVFRAME_DIFF=1 to opt in)
[15:12:35] [info] flip-probe: renderer=software window_ptr=8809408 colorspace=301991328 window_size=320x240 framebuffer_pixels=320x240 logical_present=320x240 mode=2
[15:12:35] [info] flip-probe: first flip ok=true present=54ms inter_flip_ms=0 drawcalls-since-flip=1 drawcalls-total=1
[15:12:35] [info] Sound system init
[15:12:35] [info] Sound system: 4-state audio enable (#31) -- music=on sfx=OFF (MUSIC_OFF/AUDIO_BACKEND=none -> music-off; SFX_OFF/SFX_DEVICE=none -> sfx-off; both gates are dispatch-level, the device still opens; AUDIO_OFF=1 is the device-level both-off).
[15:12:35] [info] Sound system: Tier-2 audio config (default since wave 21 patch 0093; 11025 Hz, 1 channel, buffer pinned to 256 frames). Measured savings on g2k Pentium OverDrive 83 MHz (W21A): heavy-music scenes ~+11 fps vs Tier-1 baseline (measured -10 to -15 ms/flip post-0094 audio fix; W21A's pre-fix -26.6 ms figure was inflated by stereo-vs-mono playback bug, see patch 0094). Audio quality is reduced vs Tier-1 (mono, 11025 Hz, simple-average L+R downmix) but recognizable; user accepted the trade per direction 2026-05-05. Set SDL_HINT_DOSKUTSU_AUDIO_TIER2=0 to revert to Tier-1 22050 stereo (full Cave Story 2004 audio quality; trades fps for fidelity).
[15:12:35] [info] Sound system: SDL_HINT_AUDIO_DEVICE_SAMPLE_FRAMES=256
[15:12:35] [info] Pixtone IRQ rate-divider: handed master_rate=11025 int16/s (SAMPLE_RATE=11025 x AUDIO_CHANNELS=1) to SDL for auto-RATEDIV (SDL/0074 computes shift_div from the resolved device freq).
[15:12:35] [info] Sound system: device frame-rate: requesting 11025 Hz match to master (SDL_DOSAudioSetDeviceFrameRate; SB16 opens at the engine frame rate instead of SDL's 44100 floor -- 4x less PCM/s + no resampler on the Organya/Pixtone path; killswitch SDL_HINT_DOSKUTSU_DOS_AUDIO_DEVICE_RATE_DEFAULT=0).
[15:12:35] [info] audio backend: opl3 (Phase 10 Stage 4 -- concrete OPL3 FM synthesis backend via SDL/0037+ OPL3 helpers; MidiScheduler routes music dispatch through 18 x 2-op voice allocator + small inline patch bank). SoundManager::init will probe OPL3 via Adlib timer-1 sequence + fall back to organya gracefully if the chip is absent. Pixtone SFX still active on SB16 DAC.
[15:12:35] [info] wave-13.6.1: ring_chunks=16 FORCE_PUMP_YIELD=off (set SDL_HINT_DOSKUTSU_AUDIO_RING_CHUNKS=4|8|16 to override; default 16 matches wave 13.6 behaviour)
[15:12:35] [info] MidiScheduler: MIDI source = 'orgmid2' (native-GM org2mid set; resolves to data/orgmid2/<name>.mid).
[15:12:35] [info] opl3 backend probing for OPL3 chip (Adlib timer-1 sequence)...
[15:12:35] [info] opl3 backend: opl3bank.dat loaded 128 programs from 'data/opl3bank.dat' (v1; 1536 bytes payload). Per-program GM patches now use the runtime bank; programs >= 128 fall back to 8-patch family bucket. Drum channel (MIDI ch 9) unchanged (uses PATCH_DRUM regardless of bank loading).
[15:12:35] [info] opl3 backend ready (OPL3 detected via Adlib timer-1; InitChip applied 18 x 2-op layout; voice allocator armed). Patch bank state: runtime opl3bank.dat ACTIVE (loaded_count=128; programs >= loaded_count fall back to 8-patch placeholder covering GM family categories piano/mallet/organ/guitar/strings/brass/reed/pad). Phase 10.5 path: ship a fuller community bank as data/opl3bank.dat (DOPL3v1 format; 12-byte SBI records per GM program; loader at MidiBackendOpl3 ctor).
[15:12:35] [info] opl3 backend: PATCH_ORGAN + PATCH_MALLET RR=8 (medium release; wub-wub fix per patch 0171; was RR=0 in slot 0103 placeholder -- KEY-OFF couldn't silence; H6 reg 0xBD wave-47 falsified; H1+H5/RR=0 byte-level bug root per WAVE-46/47 analysis)
[15:12:35] [info] Sound system: MidiScheduler armed with MidiBackendOpl3 (patch 0103 Phase 10 Stage 4). Music dispatch routes via SMF parser + 18 x 2-op OPL3 voice allocator + small inline patch bank (community-sourced from Apogee Sound System / AdLib SBI public-domain refs). Pixtone SFX still active on SB16 DAC.
[15:12:35] [info] Sound system: idle-pause skipped (default OFF since patch 0119; backend=opl3 would qualify but operator did not opt-in via SDL_HINT_DOSKUTSU_IDLE_PAUSE=1). DSP stays in continuous-stream mode. Re-enable for an A/B iter once SDL/0037 ForcePause non-engagement is rooted out (task #17).
[15:12:35] [warn] Music dir Ogg/ doesn't exist
[15:12:35] [warn] Music dir Ogg11/ doesn't exist
[15:12:35] [warn] Music dir Ogg17/ doesn't exist
[15:12:35] [warn] Music dir Ogg_ridic/ doesn't exist
[15:12:35] [info] Loading Sound FX...
[15:12:36] [info] [pxt-cache] init(): HIT (loaded cache; render skipped)
[15:12:47] [info] Organya init...
[15:12:49] [info] Organya init done
[15:13:05] [info] gus SFX gain [nx0259]: 70% (SDL_HINT_DOSKUTSU_GUS_SFX_GAIN; scales the GF1 SFX voice volume to balance against velocity/CC-scaled GUS music; default 70, clamp 0..150).
[15:13:05] [info] pixtone IRQ-mix: ENABLED (default; SDL backend engaged; set SDL_HINT_DOSKUTSU_PIXTONE_IRQ_MIX=0 to disable)
[15:13:05] [info] Pixtone::setVolume: L3 active -- mid-play SFX volume updates are no-op in v1 (v2 candidate: SDL_DOSPixtoneSetGain API). gain_x256=256 stored for subsequent SDL_DOSPixtoneStart calls; currently-playing L3 channels unaffected.
[15:13:05] [info] midi ISR tick: engine registered tick_isr callback (L2b active; default ON; set SDL_HINT_DOSKUTSU_MIDI_ISR_TICK=0 to disable)
[15:13:05] [info] menu slide-in fixed-timestep: ENABLED (default; slide advances at 50 Hz logic rate)
[15:13:05] [info] Reading npc.tbl...
[15:13:05] [info] Loading tilekey.dat.
[15:13:06] [info] Script engine init.
[15:13:06] [info] Entering main loop...
[15:13:06] [info] audio mid-gap pump: DISABLED (default)
[15:13:06] [info] TAS fixed-timestep guard: ENABLED (default) (patch 0280; load_stage wall-clock kept out of the FT accumulator so TAS replay advances at a true 50 Hz; set SDL_HINT_DOSKUTSU_TAS_FT_GUARD=0 to disable)
[15:13:06] [info] load_stage ring+DMA silence flush: ENABLED (default) (set SDL_HINT_DOSKUTSU_LOADSTAGE_SILENCE=0 to disable)
[15:13:06] [info] load-band audio-underrun probe: DISABLED (default) (opt-in SDL_HINT_DOSKUTSU_LOADBAND_STAT=1)
[15:13:06] [info]  >> Entering stage 72: 'u'.
[15:13:06] [info] skip sheet flush: ENABLED (default) (SFXPAUSE-012 SHIPPED FIX; sprite sheets stay resident across caves so no per-cave re-decode -> no fire-frame pause; map_flush_graphics tilemap cache still flushes; set SDL_HINT_DOSKUTSU_SKIP_SHEET_FLUSH=0 to restore the old per-cave flush)
[15:13:06] [info] [skip-sheet-flush] cave=1
[15:13:06] [info] eager action sheets: ENABLED (default) (first-fire hitch fix: pre-loads the weapon bullet + hit/muzzle/trail caret sheets at stage load so the first fire/impact does not lazy-decode mid-gameplay; set SDL_HINT_DOSKUTSU_EAGER_ACTION_SHEETS=0 to restore lazy load)
[15:13:06] [info] Surface::loadImage palmap-diag #2: 'data/Bullet.pbm' fmt=SDL_PIXELFORMAT_ABGR8888 remap=HIT -> path=truecolor
[15:13:07] [info] Surface::loadImage palmap-diag #3: 'data/Arms.pbm' fmt=SDL_PIXELFORMAT_ABGR8888 remap=HIT -> path=truecolor
[15:13:07] [info] Surface::loadImage palmap-diag #4: 'data/Caret.pbm' fmt=SDL_PIXELFORMAT_ABGR8888 remap=HIT -> path=truecolor
[15:13:08] [info] Surface::loadImage palmap-diag #5: 'data/Npc/NpcSym.pbm' fmt=SDL_PIXELFORMAT_ABGR8888 remap=HIT -> path=truecolor
[15:13:08] [info] [eager-action-sheets] cave=1 sheets=4 wall_ms=1655
[15:13:08] [info] Surface::loadImage palmap-diag #6: 'data/Stage/PrtWhite.pbm' fmt=SDL_PIXELFORMAT_ABGR8888 remap=HIT -> path=truecolor
[15:13:09] [info] load_stage: entry-music preload ENABLED (default) (set SDL_HINT_DOSKUTSU_PRELOAD_STAGE_MUSIC=0 to disable)
[15:13:09] [info] Surface::loadImage palmap-diag #7: 'data/bk0.pbm' fmt=SDL_PIXELFORMAT_ABGR8888 remap=HIT -> path=truecolor
[15:13:09] [info] gameloop: entered (curmap=72, running=1)
[15:13:09] [info] gameloop: iter 1 ticks=40125 mapno=-1
[15:13:09] [info] fixed-timestep: ENABLED (default; logic 50 Hz, decoupled from render)
[15:13:09] [info] map: BG skip-when-unchanged DISABLED (default) (set SDL_HINT_DOSKUTSU_BG_SKIP_WHEN_UNCHANGED=1 to enable; default OFF since wave-61 -- abandoned, it shipped a backdrop-black flicker and its +0.87 fps was below the noise floor)
[15:13:09] [info] map: skip-redundant-clear lever ENABLED (default since wave-53 promotion)
[15:13:09] [info] perf-mode: level=0 (faithful (default))
[15:13:09] [info] Surface::loadImage palmap-diag #8: 'data/Npc/NpcKings.pbm' fmt=SDL_PIXELFORMAT_ABGR8888 remap=HIT -> path=truecolor
[15:13:09] [info] audio tick-boundary pump: DISABLED (default)
[15:13:09] [info] gameloop: iter 2 ticks=40627 mapno=-1
[15:13:09] [info] gameloop: iter 3 ticks=40693 mapno=-1
[15:13:09] [info] direct-vesa: snapshot @gen=2 use_dosmemput=0 banked_multibank=0 pitches_match=1 vram_w=320 vram_h=240 vram_pitch=320 bpp=1 fb_size=76800 vram_phys=0x78000000 vram_ptr=0x77c00000
[15:13:10] [info] flip-probe: flip #10 ok=true present=4ms inter_flip_ms=40 drawcalls-since-flip=6 drawcalls-total=43 fail-total=0 null-skips-total=0
[15:13:10] [info] flip-probe: flip #20 ok=true present=4ms inter_flip_ms=39 drawcalls-since-flip=4 drawcalls-total=92 fail-total=0 null-skips-total=0
[15:13:11] [info] flip-probe: flip #30 ok=true present=4ms inter_flip_ms=82 drawcalls-since-flip=326 drawcalls-total=2707 fail-total=0 null-skips-total=0
[15:13:12] [info] flip-probe: flip #40 ok=true present=4ms inter_flip_ms=75 drawcalls-since-flip=264 drawcalls-total=5837 fail-total=0 null-skips-total=0
[15:13:13] [info] flip-probe: flip #50 ok=true present=4ms inter_flip_ms=47 drawcalls-since-flip=67 drawcalls-total=7392 fail-total=0 null-skips-total=0
[15:13:13] [info] flip-probe: flip #60 ok=true present=3ms inter_flip_ms=38 drawcalls-since-flip=4 drawcalls-total=7502 fail-total=0 null-skips-total=0
[15:13:13] [info] flip-probe: flip #70 ok=true present=4ms inter_flip_ms=37 drawcalls-since-flip=6 drawcalls-total=7557 fail-total=0 null-skips-total=0
[15:13:14] [info] flip-probe: flip #80 ok=true present=4ms inter_flip_ms=20 drawcalls-since-flip=0 drawcalls-total=7586 fail-total=0 null-skips-total=0
[15:13:14] [info] flip-probe: flip #90 ok=true present=4ms inter_flip_ms=20 drawcalls-since-flip=0 drawcalls-total=7586 fail-total=0 null-skips-total=0
[15:13:14] [info] title: eager-title-IO phase tag ENABLED (default) (set SDL_HINT_DOSKUTSU_EAGER_TITLE_IO=0 to disable)
[15:13:15] [warn] MidiScheduler::_refresh_isr_buffer: track has 27749 events; ISR buffer is 16384 (truncated; events after 16384 will not dispatch under L2b ON -- the engine-thread tick() path still uses _events directly under L2b OFF)
[15:13:15] [info] MidiScheduler::load: parsed 'data/orgmid2/curly.mid' = 27749 events at 48 PPQ
[15:13:15] [info] opl3 backend: on_song_start
[15:13:15] [info] gameloop: entered (curmap=1005, running=1)
[15:13:15] [info] gameloop: iter 1 ticks=46583 mapno=-1
[15:13:15] [info] map: backdrop cache ENABLED (default) (set SDL_HINT_DOSKUTSU_BACKDROP_CACHE=0 to disable)
[15:13:16] [info] gameloop: iter 2 ticks=47609 mapno=-1
[15:13:16] [info] gameloop: iter 3 ticks=47658 mapno=-1
[15:13:16] [info] backdrop cache: thrashing-detect engaged (streak=4, route=direct)
[15:13:17] [info] flip-probe: flip #100 ok=true present=4ms inter_flip_ms=43 drawcalls-since-flip=75 drawcalls-total=7886 fail-total=0 null-skips-total=0
[15:13:17] [info] alpha audit block 0: 7798 total drawcalls, 0 with alpha<255 (block pct_x10=0; global 0/7798 pct_x10=0); alpha-mod skipped: block=0 global=0
[15:13:17] [info] fastpath audit block 0: taken=7798 (idx8=7798) skipped=0 pct_x10=1000; global taken=7798 (idx8=7798) skipped=0 pct_x10=1000
[15:13:17] [info] primitive tally block 0: clear=220(hr=220) fill=0(hr=0) rect=0(hr=0) line=0(hr=0) tint=0 spotlight=0 (over 100 flips ending at flip 100)
[15:13:17] [info] color/alpha audit block 0: cmod_white=104 cmod_black=0 (idx=0) cmod_general=84 (idx=84) cmod_fb=0; alpha_taken=0 alpha_skipped=0 (global cmod=104/0/84/0 idx=0/84 alpha=0/0)
[15:13:17] [info] phase timing block 0: drawcalls=8209 dc_total_ms=1824 flip_inner_total_ms=916 inter_flip_total_ms=42053 (per-flip avg x10: dc_ms=182 fi_ms=91 if_ms=4205 derived audio+engine_ms=3932; per-drawcall avg us_x10=2222) [direct-vesa: presents=97 total_ms=376 avg_ms_x10=38 failed=0] [ablation: NO_DC_TIMING=0 CACHE_WINSURF=0 DIRECT_VESA=1]
[15:13:17] [info] kbd/audio block 0: kbd_irq=0 kbd_drain=0 ring_chunks=16 pump_pass=99 pic1_mask=0xb8 first_irq_ticks=0 install_ticks=0 vector_at_install=0x0083a060 pic1_mask_live=0x38 kbd_8042_stat=0x34 bios_kbd_head=0x0026 bios_kbd_tail=0x0026 bios_kbd_buf0=0x3920
[15:13:17] [info] audio/engine split block 0: audio_mixer_calls=0 audio_mixer_ms_x10=0 engine_tick_calls=99 engine_tick_ms_x10=648 audio_service_calls=0 audio_service_ms_x10=0 (per-flip avg; per-call us_x10: audio_mix=0 engine_tick=655143 audio_service=0; global ns: audio_mix=0 engine_tick=6485919976 audio_service=0)
[15:13:17] [info] pixtone multi-source probe: DISABLED (default)
[15:13:17] [info] dirty-rect block @flip=100: total_calls=0 dirty_rects_avg=0 dirty_pct_x10=990 forced_full=0 first_n_force=3 threshold_exceeded=2 dirty_path_taken=0 full_flush_taken=3
[15:13:17] [info] prev-frame-diff block @flip=100: diff_calls=0 diff_rects_avg=0 diff_dirty_pct_x10=0 bbox_pct_x10=0 bbox_thresh_exceeded=0
[15:13:17] [info] flip-probe: flip #110 ok=true present=4ms inter_flip_ms=36 drawcalls-since-flip=75 drawcalls-total=8636 fail-total=0 null-skips-total=0
[15:13:17] [info] flip-probe: flip #120 ok=true present=4ms inter_flip_ms=36 drawcalls-since-flip=75 drawcalls-total=9386 fail-total=0 null-skips-total=0
[15:13:18] [info] flip-probe: flip #130 ok=true present=4ms inter_flip_ms=20 drawcalls-since-flip=0 drawcalls-total=9986 fail-total=0 null-skips-total=0
[15:13:18] [info] Loading profile from profile.dat
[15:13:18] [error] profile_load: unable to open 'profile.dat'
[15:13:18] [info] Loading profile from profile2.dat
[15:13:18] [error] profile_load: unable to open 'profile2.dat'
[15:13:18] [info] Loading profile from profile3.dat
[15:13:18] [info] Loading profile from profile4.dat
[15:13:18] [error] profile_load: unable to open 'profile4.dat'
[15:13:18] [info] Loading profile from profile5.dat
[15:13:18] [info] flip-probe: flip #140 ok=true present=4ms inter_flip_ms=64 drawcalls-since-flip=214 drawcalls-total=10842 fail-total=0 null-skips-total=0
[15:13:19] [info] flip-probe: flip #150 ok=true present=4ms inter_flip_ms=63 drawcalls-since-flip=214 drawcalls-total=12982 fail-total=0 null-skips-total=0
[15:13:19] [info] Writing settings...
[15:13:20] [info] flip-probe: flip #160 ok=true present=4ms inter_flip_ms=20 drawcalls-since-flip=0 drawcalls-total=13846 fail-total=0 null-skips-total=0
[15:13:20] [info] flip-probe: flip #170 ok=true present=4ms inter_flip_ms=20 drawcalls-since-flip=0 drawcalls-total=13846 fail-total=0 null-skips-total=0
[15:13:20] [info] opl3 backend: on_song_stop
[15:13:20] [info] Loading profile from profile5.dat
[15:13:20] [info]  >> Entering stage 20: 'Save Point'.
[15:13:20] [info] [skip-sheet-flush] cave=2
[15:13:21] [info] MidiScheduler::load: parsed 'data/orgmid2/mura.mid' = 7123 events at 48 PPQ
[15:13:21] [info] opl3 backend: on_song_start
[15:13:21] [info] gameloop: entered (curmap=20, running=1)
[15:13:21] [info] gameloop: iter 1 ticks=52444 mapno=-1
[15:13:21] [info] TAS stall discount: ENABLED (default) (patch 0286; a replay frame over 150 ms is a load, not slow rendering, so it contributes 1 tick instead of its wall-clock; set SDL_HINT_DOSKUTSU_TAS_STALL_DISCOUNT=0 to disable)
[15:13:21] [info] TAS accumulator clamp: DISABLED (default) (patch 0281; caps the FT accumulator delta at one tick during TAS so a stalled frame cannot race the replay index; set SDL_HINT_DOSKUTSU_TAS_FT_GUARD=0 to disable)
[15:13:21] [info] gameloop: iter 2 ticks=52498 mapno=-1
[15:13:21] [info] gameloop: iter 3 ticks=52547 mapno=-1
[15:13:21] [info] flip-probe: flip #180 ok=true present=4ms inter_flip_ms=41 drawcalls-since-flip=17 drawcalls-total=13971 fail-total=0 null-skips-total=0
[15:13:22] [info] flip-probe: flip #190 ok=true present=5ms inter_flip_ms=41 drawcalls-since-flip=17 drawcalls-total=14141 fail-total=0 null-skips-total=0
[15:13:22] [info] flip-probe: flip #200 ok=true present=4ms inter_flip_ms=41 drawcalls-since-flip=17 drawcalls-total=14311 fail-total=0 null-skips-total=0
[15:13:22] [info] alpha audit block 0: 5788 total drawcalls, 0 with alpha<255 (block pct_x10=0; global 0/13586 pct_x10=0); alpha-mod skipped: block=0 global=0
[15:13:22] [info] fastpath audit block 0: taken=5788 (idx8=5788) skipped=0 pct_x10=1000; global taken=13586 (idx8=13586) skipped=0 pct_x10=1000
[15:13:22] [info] primitive tally block 0: clear=201(hr=201) fill=0(hr=0) rect=0(hr=0) line=0(hr=0) tint=0 spotlight=0 (over 100 flips ending at flip 200)
[15:13:22] [info] color/alpha audit block 0: cmod_white=1438 cmod_black=0 (idx=0) cmod_general=609 (idx=609) cmod_fb=0; alpha_taken=0 alpha_skipped=0 (global cmod=1542/0/693/0 idx=0/693 alpha=0/0)
[15:13:22] [info] phase timing block 0: drawcalls=8036 dc_total_ms=1686 flip_inner_total_ms=585 inter_flip_total_ms=5713 (per-flip avg x10: dc_ms=168 fi_ms=58 if_ms=571 derived audio+engine_ms=345; per-drawcall avg us_x10=2099) [direct-vesa: presents=100 total_ms=385 avg_ms_x10=38 failed=0] [ablation: NO_DC_TIMING=0 CACHE_WINSURF=0 DIRECT_VESA=1]
[15:13:22] [info] kbd/audio block 0: kbd_irq=0 kbd_drain=0 ring_chunks=16 pump_pass=223 pic1_mask=0xb8 first_irq_ticks=0 install_ticks=0 vector_at_install=0x0083a060 pic1_mask_live=0x38 kbd_8042_stat=0x34 bios_kbd_head=0x0026 bios_kbd_tail=0x0026 bios_kbd_buf0=0x3920
[15:13:22] [info] audio/engine split block 0: audio_mixer_calls=0 audio_mixer_ms_x10=0 engine_tick_calls=76 engine_tick_ms_x10=257 audio_service_calls=0 audio_service_ms_x10=0 (per-flip avg; per-call us_x10: audio_mix=0 engine_tick=338384 audio_service=0; global ns: audio_mix=0 engine_tick=9057642602 audio_service=0)
[15:13:22] [info] dirty-rect block @flip=200: total_calls=0 dirty_rects_avg=1 dirty_pct_x10=1000 forced_full=0 first_n_force=0 threshold_exceeded=0 dirty_path_taken=0 full_flush_taken=0
[15:13:22] [info] prev-frame-diff block @flip=200: diff_calls=0 diff_rects_avg=0 diff_dirty_pct_x10=0 bbox_pct_x10=0 bbox_thresh_exceeded=0
[15:13:23] [info] flip-probe: flip #210 ok=true present=4ms inter_flip_ms=41 drawcalls-since-flip=17 drawcalls-total=14481 fail-total=0 null-skips-total=0
[15:13:23] [info] flip-probe: flip #220 ok=true present=4ms inter_flip_ms=58 drawcalls-since-flip=150 drawcalls-total=14886 fail-total=0 null-skips-total=0
[15:13:24] [info]  >> Entering stage 11: 'Mimiga Village'.
[15:13:24] [info] [skip-sheet-flush] cave=3
[15:13:24] [info] [load-stage] preloading entry music song=9 (cave=3)
[15:13:24] [info] gameloop: entered (curmap=11, running=1)
[15:13:24] [info] gameloop: iter 1 ticks=55732 mapno=-1
[15:13:24] [info] map: mds_clear LUT ENABLED (default) (set SDL_HINT_DOSKUTSU_MDS_CLEAR_LUT=0 to disable; default ON; patch 0144 wave-49 bandwidth lever)
[15:13:24] [info] mds-clear-lut: rebuilt N=240 entries (k_skip=0% k_keep=100%; curmap=11 map_size=60x60; rebuild #1 since boot)
[15:13:24] [info] backdrop thrash full-cover ENABLED (default) (set SDL_HINT_DOSKUTSU_THRASH_FULLCOVER=0 to disable)
[15:13:25] [info] [bd-diag] backdrop render-path diag disabled (default) (set SDL_HINT_DOSKUTSU_BACKDROP_DIAG=1 to enable)
[15:13:25] [info] gameloop: iter 2 ticks=55884 mapno=-1
[15:13:25] [info] tas: stall frame 152 ms -> contributing 1 tick (patch 0286)
[15:13:25] [info] gameloop: iter 3 ticks=55998 mapno=-1
[15:13:25] [info] flip-probe: flip #230 ok=true present=5ms inter_flip_ms=120 drawcalls-since-flip=384 drawcalls-total=17744 fail-total=0 null-skips-total=0
[15:13:25] [info] backdrop cache: thrashing-detect engaged (streak=4, route=direct)
[15:13:26] [info] flip-probe: flip #240 ok=true present=4ms inter_flip_ms=59 drawcalls-since-flip=43 drawcalls-total=19139 fail-total=0 null-skips-total=0
[15:13:26] [info] flip-probe: flip #250 ok=true present=4ms inter_flip_ms=63 drawcalls-since-flip=46 drawcalls-total=19596 fail-total=0 null-skips-total=0
[15:13:27] [info] flip-probe: flip #260 ok=true present=3ms inter_flip_ms=62 drawcalls-since-flip=43 drawcalls-total=20030 fail-total=0 null-skips-total=0
[15:13:28] [info] flip-probe: flip #270 ok=true present=4ms inter_flip_ms=58 drawcalls-since-flip=43 drawcalls-total=20460 fail-total=0 null-skips-total=0
[15:13:28] [info] flip-probe: flip #280 ok=true present=4ms inter_flip_ms=61 drawcalls-since-flip=43 drawcalls-total=20890 fail-total=0 null-skips-total=0
[15:13:29] [info] flip-probe: flip #290 ok=true present=4ms inter_flip_ms=61 drawcalls-since-flip=43 drawcalls-total=21320 fail-total=0 null-skips-total=0
[15:13:29] [info] backdrop cache: thrashing-detect engaged (streak=64, route=direct)
[15:13:29] [info] flip-probe: flip #300 ok=true present=3ms inter_flip_ms=63 drawcalls-since-flip=43 drawcalls-total=21750 fail-total=0 null-skips-total=0
[15:13:29] [info] alpha audit block 0: 6417 total drawcalls, 0 with alpha<255 (block pct_x10=0; global 0/20003 pct_x10=0); alpha-mod skipped: block=0 global=0
[15:13:29] [info] fastpath audit block 0: taken=6417 (idx8=6417) skipped=0 pct_x10=1000; global taken=20003 (idx8=20003) skipped=0 pct_x10=1000
[15:13:29] [info] primitive tally block 0: clear=202(hr=202) fill=0(hr=0) rect=0(hr=0) line=0(hr=0) tint=0 spotlight=0 (over 100 flips ending at flip 300)
[15:13:29] [info] color/alpha audit block 0: cmod_white=949 cmod_black=949 (idx=949) cmod_general=0 (idx=0) cmod_fb=0; alpha_taken=0 alpha_skipped=0 (global cmod=2491/949/693/0 idx=949/693 alpha=0/0)
[15:13:29] [info] phase timing block 0: drawcalls=8523 dc_total_ms=1427 flip_inner_total_ms=586 inter_flip_total_ms=7162 (per-flip avg x10: dc_ms=142 fi_ms=58 if_ms=716 derived audio+engine_ms=516; per-drawcall avg us_x10=1674) [direct-vesa: presents=100 total_ms=381 avg_ms_x10=38 failed=0] [ablation: NO_DC_TIMING=0 CACHE_WINSURF=0 DIRECT_VESA=1]
[15:13:29] [info] kbd/audio block 0: kbd_irq=0 kbd_drain=0 ring_chunks=16 pump_pass=532 pic1_mask=0xb8 first_irq_ticks=0 install_ticks=0 vector_at_install=0x0083a060 pic1_mask_live=0x38 kbd_8042_stat=0x34 bios_kbd_head=0x0026 bios_kbd_tail=0x0026 bios_kbd_buf0=0x3920
[15:13:29] [info] [tile-speedup-stat n=100 drawtile_us=142.25 raw_blit_us=99.32 ratio=1.43]
[15:13:29] [info] dirty-rect block @flip=300: total_calls=100 dirty_rects_avg=1 dirty_pct_x10=1000 forced_full=0 first_n_force=0 threshold_exceeded=0 dirty_path_taken=0 full_flush_taken=0
[15:13:29] [info] prev-frame-diff block @flip=300: diff_calls=0 diff_rects_avg=0 diff_dirty_pct_x10=0 bbox_pct_x10=0 bbox_thresh_exceeded=0
[15:13:29] [info] tas: stall frame 171 ms -> contributing 1 tick (patch 0286)
[15:13:30] [info] flip-probe: flip #310 ok=true present=4ms inter_flip_ms=62 drawcalls-since-flip=46 drawcalls-total=22294 fail-total=0 null-skips-total=0
[15:13:31] [info] flip-probe: flip #320 ok=true present=4ms inter_flip_ms=58 drawcalls-since-flip=44 drawcalls-total=22730 fail-total=0 null-skips-total=0
[15:13:31] [info] run_tick_fixed #600: heartbeat (loop alive)
[15:13:31] [info] flip-probe: flip #330 ok=true present=4ms inter_flip_ms=60 drawcalls-since-flip=42 drawcalls-total=23165 fail-total=0 null-skips-total=0
[15:13:32] [info] flip-probe: flip #340 ok=true present=3ms inter_flip_ms=62 drawcalls-since-flip=43 drawcalls-total=23582 fail-total=0 null-skips-total=0
[15:13:33] [info] flip-probe: flip #350 ok=true present=4ms inter_flip_ms=54 drawcalls-since-flip=15 drawcalls-total=23935 fail-total=0 null-skips-total=0
[15:13:33] [info] backdrop cache: thrashing-detect engaged (streak=124, route=direct)
[15:13:33] [info] flip-probe: flip #360 ok=true present=4ms inter_flip_ms=57 drawcalls-since-flip=15 drawcalls-total=24085 fail-total=0 null-skips-total=0
[15:13:34] [info] flip-probe: flip #370 ok=true present=4ms inter_flip_ms=58 drawcalls-since-flip=4 drawcalls-total=25857 fail-total=0 null-skips-total=0
[15:13:34] [info]  >> Entering stage 17: 'Yamashita Farm'.
[15:13:34] [info] [skip-sheet-flush] cave=4
[15:13:34] [info] [load-stage] preloading entry music song=13 (cave=4)
[15:13:34] [info] opl3 backend: on_song_stop
[15:13:35] [info] MidiScheduler::load: parsed 'data/orgmid2/plant.mid' = 6246 events at 48 PPQ
[15:13:35] [info] opl3 backend: on_song_start
[15:13:35] [info] gameloop: entered (curmap=17, running=1)
[15:13:35] [info] gameloop: iter 1 ticks=66116 mapno=-1
[15:13:35] [info] mds-clear-lut: rebuilt N=240 entries (k_skip=33% k_keep=67%; curmap=17 map_size=40x16; rebuild #2 since boot)
[15:13:35] [info] gameloop: iter 2 ticks=66415 mapno=-1
[15:13:35] [info] tas: stall frame 299 ms -> contributing 1 tick (patch 0286)
[15:13:35] [info] gameloop: iter 3 ticks=66527 mapno=-1
[15:13:36] [info] flip-probe: flip #380 ok=true present=4ms inter_flip_ms=84 drawcalls-since-flip=134 drawcalls-total=28840 fail-total=0 null-skips-total=0
[15:13:37] [info] flip-probe: flip #390 ok=true present=4ms inter_flip_ms=85 drawcalls-since-flip=143 drawcalls-total=30236 fail-total=0 null-skips-total=0
[15:13:37] [info] backdrop cache: thrashing-detect engaged (streak=4, route=direct)
[15:13:38] [info] flip-probe: flip #400 ok=true present=4ms inter_flip_ms=95 drawcalls-since-flip=139 drawcalls-total=31654 fail-total=0 null-skips-total=0
[15:13:38] [info] alpha audit block 0: 8803 total drawcalls, 0 with alpha<255 (block pct_x10=0; global 0/28806 pct_x10=0); alpha-mod skipped: block=0 global=0
[15:13:38] [info] fastpath audit block 0: taken=8803 (idx8=8803) skipped=0 pct_x10=1000; global taken=28806 (idx8=28806) skipped=0 pct_x10=1000
[15:13:38] [info] primitive tally block 0: clear=201(hr=201) fill=0(hr=0) rect=0(hr=0) line=0(hr=0) tint=0 spotlight=0 (over 100 flips ending at flip 400)
[15:13:38] [info] color/alpha audit block 0: cmod_white=1001 cmod_black=1001 (idx=1001) cmod_general=0 (idx=0) cmod_fb=0; alpha_taken=0 alpha_skipped=0 (global cmod=3492/1950/693/0 idx=1950/693 alpha=0/0)
[15:13:38] [info] phase timing block 0: drawcalls=11030 dc_total_ms=1645 flip_inner_total_ms=594 inter_flip_total_ms=8556 (per-flip avg x10: dc_ms=164 fi_ms=59 if_ms=855 derived audio+engine_ms=632; per-drawcall avg us_x10=1491) [direct-vesa: presents=100 total_ms=382 avg_ms_x10=38 failed=0] [ablation: NO_DC_TIMING=0 CACHE_WINSURF=0 DIRECT_VESA=1]
[15:13:38] [info] kbd/audio block 0: kbd_irq=0 kbd_drain=0 ring_chunks=16 pump_pass=886 pic1_mask=0xb8 first_irq_ticks=0 install_ticks=0 vector_at_install=0x0083a060 pic1_mask_live=0x38 kbd_8042_stat=0x34 bios_kbd_head=0x0026 bios_kbd_tail=0x0026 bios_kbd_buf0=0x3920
[15:13:38] [info] dirty-rect block @flip=400: total_calls=0 dirty_rects_avg=1 dirty_pct_x10=1000 forced_full=0 first_n_force=0 threshold_exceeded=0 dirty_path_taken=0 full_flush_taken=0
[15:13:38] [info] prev-frame-diff block @flip=400: diff_calls=0 diff_rects_avg=0 diff_dirty_pct_x10=0 bbox_pct_x10=0 bbox_thresh_exceeded=0
[15:13:38] [info] tas: stall frame 168 ms -> contributing 1 tick (patch 0286)
[15:13:39] [info] flip-probe: flip #410 ok=true present=4ms inter_flip_ms=97 drawcalls-since-flip=142 drawcalls-total=33065 fail-total=0 null-skips-total=0
[15:13:40] [info] backdrop cache: thrashing-detect engaged (streak=4, route=direct)
[15:13:40] [info] flip-probe: flip #420 ok=true present=4ms inter_flip_ms=95 drawcalls-since-flip=144 drawcalls-total=34517 fail-total=0 null-skips-total=0
[15:13:41] [info] flip-probe: flip #430 ok=true present=4ms inter_flip_ms=87 drawcalls-since-flip=128 drawcalls-total=35904 fail-total=0 null-skips-total=0
[15:13:42] [info] flip-probe: flip #440 ok=true present=4ms inter_flip_ms=85 drawcalls-since-flip=126 drawcalls-total=37158 fail-total=0 null-skips-total=0
[15:13:43] [info] flip-probe: flip #450 ok=true present=4ms inter_flip_ms=85 drawcalls-since-flip=130 drawcalls-total=38418 fail-total=0 null-skips-total=0
[15:13:43] [info] tas: stall frame 310 ms -> contributing 1 tick (patch 0286)
[15:13:43] [info] backdrop cache: thrashing-detect engaged (streak=4, route=direct)
[15:13:44] [info] flip-probe: flip #460 ok=true present=5ms inter_flip_ms=84 drawcalls-since-flip=135 drawcalls-total=39712 fail-total=0 null-skips-total=0
[15:13:45] [info] flip-probe: flip #470 ok=true present=4ms inter_flip_ms=95 drawcalls-since-flip=146 drawcalls-total=41106 fail-total=0 null-skips-total=0
[15:13:46] [info] flip-probe: flip #480 ok=true present=4ms inter_flip_ms=92 drawcalls-since-flip=136 drawcalls-total=42486 fail-total=0 null-skips-total=0
[15:13:47] [info] flip-probe: flip #490 ok=true present=4ms inter_flip_ms=96 drawcalls-since-flip=137 drawcalls-total=43850 fail-total=0 null-skips-total=0
[15:13:47] [info] flip-probe: flip #500 ok=true present=4ms inter_flip_ms=87 drawcalls-since-flip=116 drawcalls-total=45022 fail-total=0 null-skips-total=0
[15:13:47] [info] alpha audit block 0: 12098 total drawcalls, 0 with alpha<255 (block pct_x10=0; global 0/40904 pct_x10=0); alpha-mod skipped: block=0 global=0
[15:13:47] [info] fastpath audit block 0: taken=12098 (idx8=12098) skipped=0 pct_x10=1000; global taken=40904 (idx8=40904) skipped=0 pct_x10=1000
[15:13:47] [info] primitive tally block 0: clear=200(hr=200) fill=0(hr=0) rect=0(hr=0) line=0(hr=0) tint=0 spotlight=0 (over 100 flips ending at flip 500)
[15:13:47] [info] color/alpha audit block 0: cmod_white=1170 cmod_black=1170 (idx=1170) cmod_general=0 (idx=0) cmod_fb=0; alpha_taken=0 alpha_skipped=0 (global cmod=4662/3120/693/0 idx=3120/693 alpha=0/0)
[15:13:47] [info] phase timing block 0: drawcalls=14663 dc_total_ms=1642 flip_inner_total_ms=817 inter_flip_total_ms=9483 (per-flip avg x10: dc_ms=164 fi_ms=81 if_ms=948 derived audio+engine_ms=703; per-drawcall avg us_x10=1120) [direct-vesa: presents=100 total_ms=383 avg_ms_x10=38 failed=0] [ablation: NO_DC_TIMING=0 CACHE_WINSURF=0 DIRECT_VESA=1]
[15:13:48] [info] kbd/audio block 0: kbd_irq=0 kbd_drain=0 ring_chunks=16 pump_pass=1339 pic1_mask=0xb8 first_irq_ticks=0 install_ticks=0 vector_at_install=0x0083a060 pic1_mask_live=0x38 kbd_8042_stat=0x34 bios_kbd_head=0x0026 bios_kbd_tail=0x0026 bios_kbd_buf0=0x3920
[15:13:48] [info] dirty-rect block @flip=500: total_calls=0 dirty_rects_avg=1 dirty_pct_x10=1000 forced_full=0 first_n_force=0 threshold_exceeded=0 dirty_path_taken=0 full_flush_taken=0
[15:13:48] [info] prev-frame-diff block @flip=500: diff_calls=0 diff_rects_avg=0 diff_dirty_pct_x10=0 bbox_pct_x10=0 bbox_thresh_exceeded=0
[15:13:48] [info] tas: stall frame 170 ms -> contributing 1 tick (patch 0286)
[15:13:48] [info] flip-probe: flip #510 ok=true present=4ms inter_flip_ms=84 drawcalls-since-flip=115 drawcalls-total=46100 fail-total=0 null-skips-total=0
[15:13:49] [info] backdrop cache: thrashing-detect engaged (streak=64, route=direct)
[15:13:49] [info] flip-probe: flip #520 ok=true present=4ms inter_flip_ms=83 drawcalls-since-flip=113 drawcalls-total=47223 fail-total=0 null-skips-total=0
[15:13:50] [info] flip-probe: flip #530 ok=true present=3ms inter_flip_ms=83 drawcalls-since-flip=121 drawcalls-total=48374 fail-total=0 null-skips-total=0
[15:13:51] [info] flip-probe: flip #540 ok=true present=4ms inter_flip_ms=119 drawcalls-since-flip=410 drawcalls-total=50324 fail-total=0 null-skips-total=0
[15:13:51] [info]  >> Entering stage 11: 'Mimiga Village'.
[15:13:51] [info] [skip-sheet-flush] cave=5
[15:13:52] [info] [load-stage] preloading entry music song=9 (cave=5)
[15:13:52] [info] opl3 backend: on_song_stop
[15:13:52] [info] MidiScheduler::load: parsed 'data/orgmid2/mura.mid' = 7123 events at 48 PPQ
[15:13:52] [info] opl3 backend: on_song_start
[15:13:52] [info] gameloop: entered (curmap=11, running=1)
[15:13:52] [info] gameloop: iter 1 ticks=83615 mapno=-1
[15:13:52] [info] mds-clear-lut: rebuilt N=240 entries (k_skip=0% k_keep=100%; curmap=11 map_size=60x60; rebuild #3 since boot)
[15:13:52] [info] gameloop: iter 2 ticks=83744 mapno=-1
[15:13:53] [info] gameloop: iter 3 ticks=83856 mapno=-1
[15:13:53] [info] backdrop cache: thrashing-detect engaged (streak=4, route=direct)
[15:13:53] [info] flip-probe: flip #550 ok=true present=4ms inter_flip_ms=88 drawcalls-since-flip=150 drawcalls-total=53074 fail-total=0 null-skips-total=0
[15:13:54] [info] flip-probe: flip #560 ok=true present=4ms inter_flip_ms=62 drawcalls-since-flip=41 drawcalls-total=53518 fail-total=0 null-skips-total=0
[15:13:54] [info] flip-probe: flip #570 ok=true present=4ms inter_flip_ms=58 drawcalls-since-flip=41 drawcalls-total=53928 fail-total=0 null-skips-total=0
[15:13:55] [info] flip-probe: flip #580 ok=true present=4ms inter_flip_ms=61 drawcalls-since-flip=41 drawcalls-total=54342 fail-total=0 null-skips-total=0
[15:13:55] [info] flip-probe: flip #590 ok=true present=4ms inter_flip_ms=58 drawcalls-since-flip=41 drawcalls-total=54758 fail-total=0 null-skips-total=0
[15:13:56] [info] flip-probe: flip #600 ok=true present=3ms inter_flip_ms=60 drawcalls-since-flip=42 drawcalls-total=55175 fail-total=0 null-skips-total=0
[15:13:56] [info] alpha audit block 0: 9325 total drawcalls, 0 with alpha<255 (block pct_x10=0; global 0/50229 pct_x10=0); alpha-mod skipped: block=0 global=0
[15:13:56] [info] fastpath audit block 0: taken=9325 (idx8=9325) skipped=0 pct_x10=1000; global taken=50229 (idx8=50229) skipped=0 pct_x10=1000
[15:13:56] [info] primitive tally block 0: clear=202(hr=202) fill=0(hr=0) rect=0(hr=0) line=0(hr=0) tint=0 spotlight=0 (over 100 flips ending at flip 600)
[15:13:56] [info] color/alpha audit block 0: cmod_white=728 cmod_black=728 (idx=728) cmod_general=0 (idx=0) cmod_fb=0; alpha_taken=0 alpha_skipped=0 (global cmod=5390/3848/693/0 idx=3848/693 alpha=0/0)
[15:13:56] [info] phase timing block 0: drawcalls=10988 dc_total_ms=1464 flip_inner_total_ms=596 inter_flip_total_ms=8672 (per-flip avg x10: dc_ms=146 fi_ms=59 if_ms=867 derived audio+engine_ms=662; per-drawcall avg us_x10=1332) [direct-vesa: presents=100 total_ms=385 avg_ms_x10=38 failed=0] [ablation: NO_DC_TIMING=0 CACHE_WINSURF=0 DIRECT_VESA=1]
[15:13:56] [info] kbd/audio block 0: kbd_irq=0 kbd_drain=0 ring_chunks=16 pump_pass=1712 pic1_mask=0xb8 first_irq_ticks=0 install_ticks=0 vector_at_install=0x0083a060 pic1_mask_live=0x38 kbd_8042_stat=0x34 bios_kbd_head=0x0026 bios_kbd_tail=0x0026 bios_kbd_buf0=0x3920
[15:13:56] [info] dirty-rect block @flip=600: total_calls=0 dirty_rects_avg=1 dirty_pct_x10=1000 forced_full=0 first_n_force=0 threshold_exceeded=0 dirty_path_taken=0 full_flush_taken=0
[15:13:56] [info] prev-frame-diff block @flip=600: diff_calls=0 diff_rects_avg=0 diff_dirty_pct_x10=0 bbox_pct_x10=0 bbox_thresh_exceeded=0
[15:13:57] [info] backdrop cache: thrashing-detect engaged (streak=64, route=direct)
[15:13:57] [info] flip-probe: flip #610 ok=true present=4ms inter_flip_ms=67 drawcalls-since-flip=42 drawcalls-total=55597 fail-total=0 null-skips-total=0
[15:13:57] [info] flip-probe: flip #620 ok=true present=4ms inter_flip_ms=60 drawcalls-since-flip=42 drawcalls-total=56017 fail-total=0 null-skips-total=0
[15:13:58] [info] flip-probe: flip #630 ok=true present=4ms inter_flip_ms=61 drawcalls-since-flip=44 drawcalls-total=56450 fail-total=0 null-skips-total=0
[15:13:59] [info] flip-probe: flip #640 ok=true present=4ms inter_flip_ms=61 drawcalls-since-flip=44 drawcalls-total=56890 fail-total=0 null-skips-total=0
[15:13:59] [info] flip-probe: flip #650 ok=true present=3ms inter_flip_ms=59 drawcalls-since-flip=43 drawcalls-total=57324 fail-total=0 null-skips-total=0
[15:14:00] [info] flip-probe: flip #660 ok=true present=4ms inter_flip_ms=60 drawcalls-since-flip=43 drawcalls-total=57751 fail-total=0 null-skips-total=0
[15:14:00] [info] backdrop cache: thrashing-detect engaged (streak=124, route=direct)
[15:14:00] [info] flip-probe: flip #670 ok=true present=4ms inter_flip_ms=63 drawcalls-since-flip=16 drawcalls-total=58015 fail-total=0 null-skips-total=0
[15:14:01] [info] flip-probe: flip #680 ok=true present=4ms inter_flip_ms=56 drawcalls-since-flip=16 drawcalls-total=58175 fail-total=0 null-skips-total=0
[15:14:01] [info] flip-probe: flip #690 ok=true present=4ms inter_flip_ms=59 drawcalls-since-flip=24 drawcalls-total=58376 fail-total=0 null-skips-total=0
[15:14:02] [info] flip-probe: flip #700 ok=true present=4ms inter_flip_ms=56 drawcalls-since-flip=17 drawcalls-total=58585 fail-total=0 null-skips-total=0
[15:14:02] [info] alpha audit block 0: 2478 total drawcalls, 0 with alpha<255 (block pct_x10=0; global 0/52707 pct_x10=0); alpha-mod skipped: block=0 global=0
[15:14:02] [info] fastpath audit block 0: taken=2478 (idx8=2478) skipped=0 pct_x10=1000; global taken=52707 (idx8=52707) skipped=0 pct_x10=1000
[15:14:02] [info] primitive tally block 0: clear=200(hr=200) fill=0(hr=0) rect=0(hr=0) line=0(hr=0) tint=0 spotlight=0 (over 100 flips ending at flip 700)
[15:14:02] [info] color/alpha audit block 0: cmod_white=832 cmod_black=832 (idx=832) cmod_general=0 (idx=0) cmod_fb=0; alpha_taken=0 alpha_skipped=0 (global cmod=6222/4680/693/0 idx=4680/693 alpha=0/0)
[15:14:02] [info] phase timing block 0: drawcalls=4342 dc_total_ms=932 flip_inner_total_ms=583 inter_flip_total_ms=5946 (per-flip avg x10: dc_ms=93 fi_ms=58 if_ms=594 derived audio+engine_ms=443; per-drawcall avg us_x10=2146) [direct-vesa: presents=100 total_ms=382 avg_ms_x10=38 failed=0] [ablation: NO_DC_TIMING=0 CACHE_WINSURF=0 DIRECT_VESA=1]
[15:14:02] [info] kbd/audio block 0: kbd_irq=0 kbd_drain=0 ring_chunks=16 pump_pass=2010 pic1_mask=0xb8 first_irq_ticks=0 install_ticks=0 vector_at_install=0x0083a060 pic1_mask_live=0x38 kbd_8042_stat=0x34 bios_kbd_head=0x0026 bios_kbd_tail=0x0026 bios_kbd_buf0=0x3920
[15:14:02] [info] dirty-rect block @flip=700: total_calls=0 dirty_rects_avg=1 dirty_pct_x10=1000 forced_full=0 first_n_force=0 threshold_exceeded=0 dirty_path_taken=0 full_flush_taken=0
[15:14:02] [info] prev-frame-diff block @flip=700: diff_calls=0 diff_rects_avg=0 diff_dirty_pct_x10=0 bbox_pct_x10=0 bbox_thresh_exceeded=0
[15:14:03] [info] flip-probe: flip #710 ok=true present=4ms inter_flip_ms=69 drawcalls-since-flip=125 drawcalls-total=58878 fail-total=0 null-skips-total=0
[15:14:03] [info]  >> Entering stage 15: 'Reservoir'.
[15:14:03] [info] [skip-sheet-flush] cave=6
[15:14:04] [info] [load-stage] preloading entry music song=9 (cave=6)
[15:14:04] [info] gameloop: entered (curmap=15, running=1)
[15:14:04] [info] gameloop: iter 1 ticks=95292 mapno=-1
[15:14:04] [info] mds-clear-lut: rebuilt N=240 entries (k_skip=13% k_keep=87%; curmap=15 map_size=40x20; rebuild #4 since boot)
[15:14:04] [info] gameloop: iter 2 ticks=95410 mapno=-1
[15:14:04] [info] gameloop: iter 3 ticks=95516 mapno=-1
[15:14:04] [info] flip-probe: flip #720 ok=true present=4ms inter_flip_ms=108 drawcalls-since-flip=336 drawcalls-total=61541 fail-total=0 null-skips-total=0
[15:14:05] [info] flip-probe: flip #730 ok=true present=4ms inter_flip_ms=49 drawcalls-since-flip=32 drawcalls-total=62605 fail-total=0 null-skips-total=0
[15:14:06] [info] flip-probe: flip #740 ok=true present=4ms inter_flip_ms=52 drawcalls-since-flip=32 drawcalls-total=62925 fail-total=0 null-skips-total=0
[15:14:06] [info] backdrop cache: thrashing-detect engaged (streak=4, route=direct)
[15:14:06] [info] flip-probe: flip #750 ok=true present=4ms inter_flip_ms=56 drawcalls-since-flip=34 drawcalls-total=63251 fail-total=0 null-skips-total=0
[15:14:07] [info] flip-probe: flip #760 ok=true present=4ms inter_flip_ms=55 drawcalls-since-flip=33 drawcalls-total=63595 fail-total=0 null-skips-total=0
[15:14:07] [info] flip-probe: flip #770 ok=true present=4ms inter_flip_ms=57 drawcalls-since-flip=33 drawcalls-total=63917 fail-total=0 null-skips-total=0
[15:14:08] [info] flip-probe: flip #780 ok=true present=4ms inter_flip_ms=57 drawcalls-since-flip=35 drawcalls-total=64263 fail-total=0 null-skips-total=0
[15:14:08] [info] tas: stall frame 274 ms -> contributing 1 tick (patch 0286)
[15:14:09] [info] flip-probe: flip #790 ok=true present=4ms inter_flip_ms=51 drawcalls-since-flip=34 drawcalls-total=64614 fail-total=0 null-skips-total=0
[15:14:09] [info] flip-probe: flip #800 ok=true present=3ms inter_flip_ms=57 drawcalls-since-flip=34 drawcalls-total=64952 fail-total=0 null-skips-total=0
[15:14:09] [info] alpha audit block 0: 5520 total drawcalls, 0 with alpha<255 (block pct_x10=0; global 0/58227 pct_x10=0); alpha-mod skipped: block=0 global=0
[15:14:09] [info] fastpath audit block 0: taken=5520 (idx8=5520) skipped=0 pct_x10=1000; global taken=58227 (idx8=58227) skipped=0 pct_x10=1000
[15:14:09] [info] primitive tally block 0: clear=201(hr=201) fill=0(hr=0) rect=0(hr=0) line=0(hr=0) tint=0 spotlight=0 (over 100 flips ending at flip 800)
[15:14:09] [info] color/alpha audit block 0: cmod_white=747 cmod_black=747 (idx=747) cmod_general=0 (idx=0) cmod_fb=0; alpha_taken=0 alpha_skipped=0 (global cmod=6969/5427/693/0 idx=5427/693 alpha=0/0)
[15:14:09] [info] phase timing block 0: drawcalls=7246 dc_total_ms=1417 flip_inner_total_ms=603 inter_flip_total_ms=7116 (per-flip avg x10: dc_ms=141 fi_ms=60 if_ms=711 derived audio+engine_ms=510; per-drawcall avg us_x10=1956) [direct-vesa: presents=100 total_ms=384 avg_ms_x10=38 failed=0] [ablation: NO_DC_TIMING=0 CACHE_WINSURF=0 DIRECT_VESA=1]
[15:14:09] [info] kbd/audio block 0: kbd_irq=0 kbd_drain=0 ring_chunks=16 pump_pass=2313 pic1_mask=0xb8 first_irq_ticks=0 install_ticks=0 vector_at_install=0x0083a060 pic1_mask_live=0x38 kbd_8042_stat=0x34 bios_kbd_head=0x0026 bios_kbd_tail=0x0026 bios_kbd_buf0=0x3920
[15:14:09] [info] dirty-rect block @flip=800: total_calls=0 dirty_rects_avg=1 dirty_pct_x10=1000 forced_full=0 first_n_force=0 threshold_exceeded=0 dirty_path_taken=0 full_flush_taken=0
[15:14:09] [info] prev-frame-diff block @flip=800: diff_calls=0 diff_rects_avg=0 diff_dirty_pct_x10=0 bbox_pct_x10=0 bbox_thresh_exceeded=0
[15:14:10] [info] backdrop cache: thrashing-detect engaged (streak=64, route=direct)
[15:14:10] [info] flip-probe: flip #810 ok=true present=4ms inter_flip_ms=54 drawcalls-since-flip=35 drawcalls-total=65302 fail-total=0 null-skips-total=0
[15:14:10] [info] flip-probe: flip #820 ok=true present=4ms inter_flip_ms=57 drawcalls-since-flip=37 drawcalls-total=65674 fail-total=0 null-skips-total=0
[15:14:11] [info] flip-probe: flip #830 ok=true present=4ms inter_flip_ms=51 drawcalls-since-flip=35 drawcalls-total=66041 fail-total=0 null-skips-total=0
[15:14:11] [info] flip-probe: flip #840 ok=true present=4ms inter_flip_ms=51 drawcalls-since-flip=15 drawcalls-total=66319 fail-total=0 null-skips-total=0
[15:14:12] [info] flip-probe: flip #850 ok=true present=5ms inter_flip_ms=53 drawcalls-since-flip=15 drawcalls-total=66473 fail-total=0 null-skips-total=0
[15:14:12] [info] backdrop cache: thrashing-detect engaged (streak=4, route=direct)
[15:14:13] [info] flip-probe: flip #860 ok=true present=4ms inter_flip_ms=49 drawcalls-since-flip=17 drawcalls-total=66635 fail-total=0 null-skips-total=0
[15:14:13] [info] flip-probe: flip #870 ok=true present=4ms inter_flip_ms=52 drawcalls-since-flip=17 drawcalls-total=66798 fail-total=0 null-skips-total=0
[15:14:14] [info] flip-probe: flip #880 ok=true present=4ms inter_flip_ms=52 drawcalls-since-flip=15 drawcalls-total=66952 fail-total=0 null-skips-total=0
[15:14:14] [info] flip-probe: flip #890 ok=true present=4ms inter_flip_ms=50 drawcalls-since-flip=14 drawcalls-total=67097 fail-total=0 null-skips-total=0
[15:14:15] [info] flip-probe: flip #900 ok=true present=4ms inter_flip_ms=51 drawcalls-since-flip=14 drawcalls-total=67237 fail-total=0 null-skips-total=0
[15:14:15] [info] alpha audit block 0: 1852 total drawcalls, 0 with alpha<255 (block pct_x10=0; global 0/60079 pct_x10=0); alpha-mod skipped: block=0 global=0
[15:14:15] [info] fastpath audit block 0: taken=1852 (idx8=1852) skipped=0 pct_x10=1000; global taken=60079 (idx8=60079) skipped=0 pct_x10=1000
[15:14:15] [info] primitive tally block 0: clear=200(hr=200) fill=0(hr=0) rect=0(hr=0) line=0(hr=0) tint=0 spotlight=0 (over 100 flips ending at flip 900)
[15:14:15] [info] color/alpha audit block 0: cmod_white=333 cmod_black=333 (idx=333) cmod_general=0 (idx=0) cmod_fb=0; alpha_taken=0 alpha_skipped=0 (global cmod=7302/5760/693/0 idx=5760/693 alpha=0/0)
[15:14:15] [info] phase timing block 0: drawcalls=2722 dc_total_ms=775 flip_inner_total_ms=581 inter_flip_total_ms=5486 (per-flip avg x10: dc_ms=77 fi_ms=58 if_ms=548 derived audio+engine_ms=413; per-drawcall avg us_x10=2850) [direct-vesa: presents=100 total_ms=384 avg_ms_x10=38 failed=0] [ablation: NO_DC_TIMING=0 CACHE_WINSURF=0 DIRECT_VESA=1]
[15:14:15] [info] kbd/audio block 0: kbd_irq=0 kbd_drain=0 ring_chunks=16 pump_pass=2588 pic1_mask=0xb8 first_irq_ticks=0 install_ticks=0 vector_at_install=0x0083a060 pic1_mask_live=0x38 kbd_8042_stat=0x34 bios_kbd_head=0x0026 bios_kbd_tail=0x0026 bios_kbd_buf0=0x3920
[15:14:15] [info] dirty-rect block @flip=900: total_calls=0 dirty_rects_avg=1 dirty_pct_x10=1000 forced_full=0 first_n_force=0 threshold_exceeded=0 dirty_path_taken=0 full_flush_taken=0
[15:14:15] [info] prev-frame-diff block @flip=900: diff_calls=0 diff_rects_avg=0 diff_dirty_pct_x10=0 bbox_pct_x10=0 bbox_thresh_exceeded=0
[15:14:15] [info] flip-probe: flip #910 ok=true present=4ms inter_flip_ms=53 drawcalls-since-flip=14 drawcalls-total=67377 fail-total=0 null-skips-total=0
[15:14:16] [info] backdrop cache: thrashing-detect engaged (streak=64, route=direct)
[15:14:16] [info] flip-probe: flip #920 ok=true present=4ms inter_flip_ms=49 drawcalls-since-flip=14 drawcalls-total=67517 fail-total=0 null-skips-total=0
[15:14:16] [info] flip-probe: flip #930 ok=true present=4ms inter_flip_ms=52 drawcalls-since-flip=14 drawcalls-total=67657 fail-total=0 null-skips-total=0
[15:14:17] [info] flip-probe: flip #940 ok=true present=4ms inter_flip_ms=52 drawcalls-since-flip=14 drawcalls-total=67797 fail-total=0 null-skips-total=0
[15:14:17] [info] flip-probe: flip #950 ok=true present=4ms inter_flip_ms=95 drawcalls-since-flip=318 drawcalls-total=69326 fail-total=0 null-skips-total=0
[15:14:18] [info]  >> Entering stage 11: 'Mimiga Village'.
[15:14:18] [info] [skip-sheet-flush] cave=7
[15:14:18] [info] [load-stage] preloading entry music song=9 (cave=7)
[15:14:18] [info] gameloop: entered (curmap=11, running=1)
[15:14:18] [info] gameloop: iter 1 ticks=109619 mapno=-1
[15:14:18] [info] mds-clear-lut: rebuilt N=240 entries (k_skip=0% k_keep=100%; curmap=11 map_size=60x60; rebuild #5 since boot)
[15:14:18] [info] gameloop: iter 2 ticks=109743 mapno=-1
[15:14:19] [info] gameloop: iter 3 ticks=109854 mapno=-1
[15:14:19] [info] flip-probe: flip #960 ok=true present=4ms inter_flip_ms=58 drawcalls-since-flip=31 drawcalls-total=71485 fail-total=0 null-skips-total=0
[15:14:20] [info] flip-probe: flip #970 ok=true present=4ms inter_flip_ms=58 drawcalls-since-flip=42 drawcalls-total=71905 fail-total=0 null-skips-total=0
[15:14:20] [info] flip-probe: flip #980 ok=true present=4ms inter_flip_ms=70 drawcalls-since-flip=53 drawcalls-total=72336 fail-total=0 null-skips-total=0
[15:14:21] [info] backdrop cache: thrashing-detect engaged (streak=4, route=direct)
[15:14:21] [info] flip-probe: flip #990 ok=true present=5ms inter_flip_ms=63 drawcalls-since-flip=48 drawcalls-total=72850 fail-total=0 null-skips-total=0
[15:14:22] [info] flip-probe: flip #1000 ok=true present=4ms inter_flip_ms=67 drawcalls-since-flip=44 drawcalls-total=73303 fail-total=0 null-skips-total=0
[15:14:22] [info] alpha audit block 0: 5342 total drawcalls, 0 with alpha<255 (block pct_x10=0; global 0/65421 pct_x10=0); alpha-mod skipped: block=0 global=0
[15:14:22] [info] fastpath audit block 0: taken=5342 (idx8=5342) skipped=0 pct_x10=1000; global taken=65421 (idx8=65421) skipped=0 pct_x10=1000
[15:14:22] [info] primitive tally block 0: clear=201(hr=201) fill=0(hr=0) rect=0(hr=0) line=0(hr=0) tint=0 spotlight=0 (over 100 flips ending at flip 1000)
[15:14:22] [info] color/alpha audit block 0: cmod_white=624 cmod_black=624 (idx=624) cmod_general=0 (idx=0) cmod_fb=0; alpha_taken=0 alpha_skipped=0 (global cmod=7926/6384/693/0 idx=6384/693 alpha=0/0)
[15:14:22] [info] phase timing block 0: drawcalls=6826 dc_total_ms=1416 flip_inner_total_ms=611 inter_flip_total_ms=6980 (per-flip avg x10: dc_ms=141 fi_ms=61 if_ms=698 derived audio+engine_ms=496; per-drawcall avg us_x10=2075) [direct-vesa: presents=100 total_ms=385 avg_ms_x10=38 failed=0] [ablation: NO_DC_TIMING=0 CACHE_WINSURF=0 DIRECT_VESA=1]
[15:14:22] [info] kbd/audio block 0: kbd_irq=0 kbd_drain=0 ring_chunks=16 pump_pass=2895 pic1_mask=0xb8 first_irq_ticks=0 install_ticks=0 vector_at_install=0x0083a060 pic1_mask_live=0x38 kbd_8042_stat=0x34 bios_kbd_head=0x0026 bios_kbd_tail=0x0026 bios_kbd_buf0=0x3920
[15:14:22] [info] dirty-rect block @flip=1000: total_calls=0 dirty_rects_avg=1 dirty_pct_x10=1000 forced_full=0 first_n_force=0 threshold_exceeded=0 dirty_path_taken=0 full_flush_taken=0
[15:14:22] [info] prev-frame-diff block @flip=1000: diff_calls=0 diff_rects_avg=0 diff_dirty_pct_x10=0 bbox_pct_x10=0 bbox_thresh_exceeded=0
[15:14:22] [info] flip-probe: flip #1010 ok=true present=4ms inter_flip_ms=61 drawcalls-since-flip=43 drawcalls-total=73730 fail-total=0 null-skips-total=0
[15:14:23] [info] flip-probe: flip #1020 ok=true present=4ms inter_flip_ms=62 drawcalls-since-flip=46 drawcalls-total=74177 fail-total=0 null-skips-total=0
[15:14:24] [info] flip-probe: flip #1030 ok=true present=3ms inter_flip_ms=63 drawcalls-since-flip=45 drawcalls-total=74628 fail-total=0 null-skips-total=0
[15:14:24] [info] flip-probe: flip #1040 ok=true present=4ms inter_flip_ms=61 drawcalls-since-flip=45 drawcalls-total=75078 fail-total=0 null-skips-total=0
[15:14:25] [info] backdrop cache: thrashing-detect engaged (streak=64, route=direct)
[15:14:25] [info] flip-probe: flip #1050 ok=true present=4ms inter_flip_ms=60 drawcalls-since-flip=45 drawcalls-total=75528 fail-total=0 null-skips-total=0
[15:14:25] [info] flip-probe: flip #1060 ok=true present=4ms inter_flip_ms=58 drawcalls-since-flip=44 drawcalls-total=75970 fail-total=0 null-skips-total=0
[15:14:26] [info] flip-probe: flip #1070 ok=true present=4ms inter_flip_ms=60 drawcalls-since-flip=43 drawcalls-total=76406 fail-total=0 null-skips-total=0
[15:14:27] [info] flip-probe: flip #1080 ok=true present=4ms inter_flip_ms=57 drawcalls-since-flip=18 drawcalls-total=76631 fail-total=0 null-skips-total=0
[15:14:27] [info] flip-probe: flip #1090 ok=true present=4ms inter_flip_ms=58 drawcalls-since-flip=19 drawcalls-total=76819 fail-total=0 null-skips-total=0
[15:14:28] [info] flip-probe: flip #1100 ok=true present=4ms inter_flip_ms=55 drawcalls-since-flip=19 drawcalls-total=77009 fail-total=0 null-skips-total=0
[15:14:28] [info] alpha audit block 0: 2670 total drawcalls, 0 with alpha<255 (block pct_x10=0; global 0/68091 pct_x10=0); alpha-mod skipped: block=0 global=0
[15:14:28] [info] fastpath audit block 0: taken=2670 (idx8=2670) skipped=0 pct_x10=1000; global taken=68091 (idx8=68091) skipped=0 pct_x10=1000
[15:14:28] [info] primitive tally block 0: clear=200(hr=200) fill=0(hr=0) rect=0(hr=0) line=0(hr=0) tint=0 spotlight=0 (over 100 flips ending at flip 1100)
[15:14:28] [info] color/alpha audit block 0: cmod_white=936 cmod_black=936 (idx=936) cmod_general=0 (idx=0) cmod_fb=0; alpha_taken=0 alpha_skipped=0 (global cmod=8862/7320/693/0 idx=7320/693 alpha=0/0)
[15:14:28] [info] phase timing block 0: drawcalls=4742 dc_total_ms=965 flip_inner_total_ms=583 inter_flip_total_ms=6048 (per-flip avg x10: dc_ms=96 fi_ms=58 if_ms=604 derived audio+engine_ms=450; per-drawcall avg us_x10=2035) [direct-vesa: presents=100 total_ms=382 avg_ms_x10=38 failed=0] [ablation: NO_DC_TIMING=0 CACHE_WINSURF=0 DIRECT_VESA=1]
[15:14:28] [info] kbd/audio block 0: kbd_irq=0 kbd_drain=0 ring_chunks=16 pump_pass=3198 pic1_mask=0xb8 first_irq_ticks=0 install_ticks=0 vector_at_install=0x0083a060 pic1_mask_live=0x38 kbd_8042_stat=0x34 bios_kbd_head=0x0026 bios_kbd_tail=0x0026 bios_kbd_buf0=0x3920
[15:14:28] [info] dirty-rect block @flip=1100: total_calls=0 dirty_rects_avg=1 dirty_pct_x10=1000 forced_full=0 first_n_force=0 threshold_exceeded=0 dirty_path_taken=0 full_flush_taken=0
[15:14:28] [info] prev-frame-diff block @flip=1100: diff_calls=0 diff_rects_avg=0 diff_dirty_pct_x10=0 bbox_pct_x10=0 bbox_thresh_exceeded=0
[15:14:28] [info] backdrop cache: thrashing-detect engaged (streak=124, route=direct)
[15:14:28] [info] flip-probe: flip #1110 ok=true present=4ms inter_flip_ms=56 drawcalls-since-flip=17 drawcalls-total=77188 fail-total=0 null-skips-total=0
[15:14:29] [info] flip-probe: flip #1120 ok=true present=4ms inter_flip_ms=55 drawcalls-since-flip=18 drawcalls-total=77364 fail-total=0 null-skips-total=0
[15:14:29] [info] flip-probe: flip #1130 ok=true present=3ms inter_flip_ms=58 drawcalls-since-flip=19 drawcalls-total=77548 fail-total=0 null-skips-total=0
[15:14:30] [info] flip-probe: flip #1140 ok=true present=3ms inter_flip_ms=58 drawcalls-since-flip=19 drawcalls-total=77738 fail-total=0 null-skips-total=0
[15:14:31] [info] flip-probe: flip #1150 ok=true present=4ms inter_flip_ms=58 drawcalls-since-flip=20 drawcalls-total=77933 fail-total=0 null-skips-total=0
[15:14:31] [info] flip-probe: flip #1160 ok=true present=4ms inter_flip_ms=56 drawcalls-since-flip=20 drawcalls-total=78133 fail-total=0 null-skips-total=0
[15:14:32] [info] backdrop cache: thrashing-detect engaged (streak=184, route=direct)
[15:14:32] [info] flip-probe: flip #1170 ok=true present=4ms inter_flip_ms=56 drawcalls-since-flip=17 drawcalls-total=78324 fail-total=0 null-skips-total=0
[15:14:32] [info] flip-probe: flip #1180 ok=true present=4ms inter_flip_ms=58 drawcalls-since-flip=17 drawcalls-total=78494 fail-total=0 null-skips-total=0
[15:14:33] [info] flip-probe: flip #1190 ok=true present=4ms inter_flip_ms=55 drawcalls-since-flip=19 drawcalls-total=78669 fail-total=0 null-skips-total=0
[15:14:34] [info] flip-probe: flip #1200 ok=true present=4ms inter_flip_ms=58 drawcalls-since-flip=17 drawcalls-total=78847 fail-total=0 null-skips-total=0
[15:14:34] [info] alpha audit block 0: 1738 total drawcalls, 0 with alpha<255 (block pct_x10=0; global 0/69829 pct_x10=0); alpha-mod skipped: block=0 global=0
[15:14:34] [info] fastpath audit block 0: taken=1738 (idx8=1738) skipped=0 pct_x10=1000; global taken=69829 (idx8=69829) skipped=0 pct_x10=1000
[15:14:34] [info] primitive tally block 0: clear=200(hr=200) fill=0(hr=0) rect=0(hr=0) line=0(hr=0) tint=0 spotlight=0 (over 100 flips ending at flip 1200)
[15:14:34] [info] phase timing block 0: drawcalls=1938 dc_total_ms=742 flip_inner_total_ms=1017 inter_flip_total_ms=5840 (per-flip avg x10: dc_ms=74 fi_ms=101 if_ms=584 derived audio+engine_ms=409; per-drawcall avg us_x10=3833) [direct-vesa: presents=100 total_ms=382 avg_ms_x10=38 failed=0] [ablation: NO_DC_TIMING=0 CACHE_WINSURF=0 DIRECT_VESA=1]
[15:14:34] [info] kbd/audio block 0: kbd_irq=0 kbd_drain=0 ring_chunks=16 pump_pass=3490 pic1_mask=0xb8 first_irq_ticks=0 install_ticks=0 vector_at_install=0x0083a060 pic1_mask_live=0x38 kbd_8042_stat=0x34 bios_kbd_head=0x0026 bios_kbd_tail=0x0026 bios_kbd_buf0=0x3920
[15:14:34] [info] dirty-rect block @flip=1200: total_calls=0 dirty_rects_avg=1 dirty_pct_x10=1000 forced_full=0 first_n_force=0 threshold_exceeded=0 dirty_path_taken=0 full_flush_taken=0
[15:14:34] [info] prev-frame-diff block @flip=1200: diff_calls=0 diff_rects_avg=0 diff_dirty_pct_x10=0 bbox_pct_x10=0 bbox_thresh_exceeded=0
[15:14:34] [info] tas: stall frame 550 ms -> contributing 1 tick (patch 0286)
[15:14:35] [info] flip-probe: flip #1210 ok=true present=4ms inter_flip_ms=56 drawcalls-since-flip=16 drawcalls-total=79011 fail-total=0 null-skips-total=0
[15:14:35] [info] flip-probe: flip #1220 ok=true present=5ms inter_flip_ms=58 drawcalls-since-flip=19 drawcalls-total=79186 fail-total=0 null-skips-total=0
[15:14:36] [info] backdrop cache: thrashing-detect engaged (streak=244, route=direct)
[15:14:36] [info] flip-probe: flip #1230 ok=true present=4ms inter_flip_ms=57 drawcalls-since-flip=20 drawcalls-total=79387 fail-total=0 null-skips-total=0
[15:14:36] [info] flip-probe: flip #1240 ok=true present=4ms inter_flip_ms=96 drawcalls-since-flip=275 drawcalls-total=80008 fail-total=0 null-skips-total=0
[15:14:37] [info]  >> Entering stage 19: 'Assembly Hall'.
[15:14:37] [info] [skip-sheet-flush] cave=8
[15:14:38] [info] [load-stage] preloading entry music song=9 (cave=8)
[15:14:38] [info] gameloop: entered (curmap=19, running=1)
[15:14:38] [info] gameloop: iter 1 ticks=129208 mapno=-1
[15:14:38] [info] mds-clear-lut: rebuilt N=240 entries (k_skip=100% k_keep=0%; curmap=19 map_size=21x16; rebuild #6 since boot)
[15:14:38] [info] gameloop: iter 2 ticks=129340 mapno=-1
[15:14:38] [info] gameloop: iter 3 ticks=129455 mapno=-1
[15:14:39] [info] flip-probe: flip #1250 ok=true present=3ms inter_flip_ms=92 drawcalls-since-flip=351 drawcalls-total=83638 fail-total=0 null-skips-total=0
[15:14:39] [info] flip-probe: flip #1260 ok=true present=4ms inter_flip_ms=56 drawcalls-since-flip=122 drawcalls-total=84913 fail-total=0 null-skips-total=0
[15:14:40] [info] flip-probe: flip #1270 ok=true present=4ms inter_flip_ms=56 drawcalls-since-flip=122 drawcalls-total=86133 fail-total=0 null-skips-total=0
[15:14:40] [info] flip-probe: flip #1280 ok=true present=4ms inter_flip_ms=54 drawcalls-since-flip=123 drawcalls-total=87372 fail-total=0 null-skips-total=0
[15:14:41] [info] flip-probe: flip #1290 ok=true present=3ms inter_flip_ms=57 drawcalls-since-flip=123 drawcalls-total=88602 fail-total=0 null-skips-total=0
[15:14:41] [info] flip-probe: flip #1300 ok=true present=4ms inter_flip_ms=56 drawcalls-since-flip=122 drawcalls-total=89824 fail-total=0 null-skips-total=0
[15:14:41] [info] alpha audit block 0: 10217 total drawcalls, 0 with alpha<255 (block pct_x10=0; global 0/80046 pct_x10=0); alpha-mod skipped: block=0 global=0
[15:14:41] [info] fastpath audit block 0: taken=10217 (idx8=10217) skipped=0 pct_x10=1000; global taken=80046 (idx8=80046) skipped=0 pct_x10=1000
[15:14:41] [info] primitive tally block 0: clear=201(hr=201) fill=0(hr=0) rect=0(hr=0) line=0(hr=0) tint=0 spotlight=0 (over 100 flips ending at flip 1300)
[15:14:41] [info] color/alpha audit block 0: cmod_white=660 cmod_black=660 (idx=660) cmod_general=0 (idx=0) cmod_fb=0; alpha_taken=0 alpha_skipped=0 (global cmod=9522/7980/693/0 idx=7980/693 alpha=0/0)
[15:14:41] [info] phase timing block 0: drawcalls=11793 dc_total_ms=1693 flip_inner_total_ms=587 inter_flip_total_ms=7853 (per-flip avg x10: dc_ms=169 fi_ms=58 if_ms=785 derived audio+engine_ms=558; per-drawcall avg us_x10=1436) [direct-vesa: presents=100 total_ms=383 avg_ms_x10=38 failed=0] [ablation: NO_DC_TIMING=0 CACHE_WINSURF=0 DIRECT_VESA=1]
[15:14:41] [info] kbd/audio block 0: kbd_irq=0 kbd_drain=0 ring_chunks=16 pump_pass=3799 pic1_mask=0xb8 first_irq_ticks=0 install_ticks=0 vector_at_install=0x0083a060 pic1_mask_live=0x38 kbd_8042_stat=0x34 bios_kbd_head=0x0026 bios_kbd_tail=0x0026 bios_kbd_buf0=0x3920
[15:14:41] [info] dirty-rect block @flip=1300: total_calls=0 dirty_rects_avg=1 dirty_pct_x10=1000 forced_full=0 first_n_force=0 threshold_exceeded=0 dirty_path_taken=0 full_flush_taken=0
[15:14:41] [info] prev-frame-diff block @flip=1300: diff_calls=0 diff_rects_avg=0 diff_dirty_pct_x10=0 bbox_pct_x10=0 bbox_thresh_exceeded=0
[15:14:42] [info] flip-probe: flip #1310 ok=true present=4ms inter_flip_ms=57 drawcalls-since-flip=122 drawcalls-total=91044 fail-total=0 null-skips-total=0
[15:14:43] [info] flip-probe: flip #1320 ok=true present=3ms inter_flip_ms=56 drawcalls-since-flip=122 drawcalls-total=92264 fail-total=0 null-skips-total=0
[15:14:43] [info]  >> Entering stage 11: 'Mimiga Village'.
[15:14:43] [info] [skip-sheet-flush] cave=9
[15:14:44] [info] [load-stage] preloading entry music song=9 (cave=9)
[15:14:44] [info] gameloop: entered (curmap=11, running=1)
[15:14:44] [info] gameloop: iter 1 ticks=135594 mapno=-1
[15:14:44] [info] mds-clear-lut: rebuilt N=240 entries (k_skip=0% k_keep=100%; curmap=11 map_size=60x60; rebuild #7 since boot)
[15:14:44] [info] gameloop: iter 2 ticks=135726 mapno=-1
[15:14:45] [info] flip-probe: flip #1330 ok=true present=4ms inter_flip_ms=119 drawcalls-since-flip=384 drawcalls-total=95872 fail-total=0 null-skips-total=0
[15:14:45] [info] run_tick_fixed #3900: heartbeat (loop alive)
[15:14:45] [info] gameloop: iter 3 ticks=135857 mapno=-1
[15:14:45] [info] backdrop cache: thrashing-detect engaged (streak=4, route=direct)
[15:14:45] [info] flip-probe: flip #1340 ok=true present=5ms inter_flip_ms=61 drawcalls-since-flip=45 drawcalls-total=97334 fail-total=0 null-skips-total=0
[15:14:46] [info] flip-probe: flip #1350 ok=true present=4ms inter_flip_ms=60 drawcalls-since-flip=42 drawcalls-total=97784 fail-total=0 null-skips-total=0
[15:14:47] [info] flip-probe: flip #1360 ok=true present=4ms inter_flip_ms=60 drawcalls-since-flip=43 drawcalls-total=98211 fail-total=0 null-skips-total=0
[15:14:47] [info] flip-probe: flip #1370 ok=true present=4ms inter_flip_ms=59 drawcalls-since-flip=44 drawcalls-total=98652 fail-total=0 null-skips-total=0
[15:14:48] [info] flip-probe: flip #1380 ok=true present=4ms inter_flip_ms=62 drawcalls-since-flip=46 drawcalls-total=99091 fail-total=0 null-skips-total=0
[15:14:48] [info] flip-probe: flip #1390 ok=true present=4ms inter_flip_ms=61 drawcalls-since-flip=45 drawcalls-total=99543 fail-total=0 null-skips-total=0
[15:14:49] [info] backdrop cache: thrashing-detect engaged (streak=64, route=direct)
[15:14:49] [info] flip-probe: flip #1400 ok=true present=4ms inter_flip_ms=58 drawcalls-since-flip=44 drawcalls-total=99984 fail-total=0 null-skips-total=0
[15:14:49] [info] alpha audit block 0: 8788 total drawcalls, 0 with alpha<255 (block pct_x10=0; global 0/88834 pct_x10=0); alpha-mod skipped: block=0 global=0
[15:14:49] [info] fastpath audit block 0: taken=8788 (idx8=8788) skipped=0 pct_x10=1000; global taken=88834 (idx8=88834) skipped=0 pct_x10=1000
[15:14:49] [info] primitive tally block 0: clear=201(hr=201) fill=0(hr=0) rect=0(hr=0) line=0(hr=0) tint=0 spotlight=0 (over 100 flips ending at flip 1400)
[15:14:49] [info] color/alpha audit block 0: cmod_white=1272 cmod_black=1272 (idx=1272) cmod_general=0 (idx=0) cmod_fb=0; alpha_taken=0 alpha_skipped=0 (global cmod=10794/9252/693/0 idx=9252/693 alpha=0/0)
[15:14:49] [info] phase timing block 0: drawcalls=11566 dc_total_ms=1687 flip_inner_total_ms=603 inter_flip_total_ms=7734 (per-flip avg x10: dc_ms=168 fi_ms=60 if_ms=773 derived audio+engine_ms=545; per-drawcall avg us_x10=1458) [direct-vesa: presents=100 total_ms=384 avg_ms_x10=38 failed=0] [ablation: NO_DC_TIMING=0 CACHE_WINSURF=0 DIRECT_VESA=1]
[15:14:49] [info] kbd/audio block 0: kbd_irq=0 kbd_drain=0 ring_chunks=16 pump_pass=4124 pic1_mask=0xb8 first_irq_ticks=0 install_ticks=0 vector_at_install=0x0083a060 pic1_mask_live=0x38 kbd_8042_stat=0x34 bios_kbd_head=0x0026 bios_kbd_tail=0x0026 bios_kbd_buf0=0x3920
[15:14:49] [info] dirty-rect block @flip=1400: total_calls=0 dirty_rects_avg=1 dirty_pct_x10=1000 forced_full=0 first_n_force=0 threshold_exceeded=0 dirty_path_taken=0 full_flush_taken=0
[15:14:49] [info] prev-frame-diff block @flip=1400: diff_calls=0 diff_rects_avg=0 diff_dirty_pct_x10=0 bbox_pct_x10=0 bbox_thresh_exceeded=0
[15:14:50] [info] flip-probe: flip #1410 ok=true present=4ms inter_flip_ms=62 drawcalls-since-flip=43 drawcalls-total=100417 fail-total=0 null-skips-total=0
[15:14:50] [info] flip-probe: flip #1420 ok=true present=4ms inter_flip_ms=58 drawcalls-since-flip=44 drawcalls-total=100848 fail-total=0 null-skips-total=0
[15:14:51] [info] flip-probe: flip #1430 ok=true present=4ms inter_flip_ms=60 drawcalls-since-flip=44 drawcalls-total=101288 fail-total=0 null-skips-total=0
[15:14:52] [info] flip-probe: flip #1440 ok=true present=4ms inter_flip_ms=61 drawcalls-since-flip=44 drawcalls-total=101737 fail-total=0 null-skips-total=0
[15:14:52] [info] flip-probe: flip #1450 ok=true present=4ms inter_flip_ms=56 drawcalls-since-flip=15 drawcalls-total=102104 fail-total=0 null-skips-total=0
[15:14:52] [info] backdrop cache: thrashing-detect engaged (streak=124, route=direct)
[15:14:53] [info] flip-probe: flip #1460 ok=true present=4ms inter_flip_ms=111 drawcalls-since-flip=356 drawcalls-total=103455 fail-total=0 null-skips-total=0
[15:14:53] [info]  >> Entering stage 14: 'Shack'.
[15:14:53] [info] [skip-sheet-flush] cave=10
[15:14:54] [info] [load-stage] preloading entry music song=8 (cave=10)
[15:14:54] [info] opl3 backend: on_song_stop
[15:14:54] [info] MidiScheduler::load: parsed 'data/orgmid2/vivi.mid' = 11188 events at 48 PPQ
[15:14:54] [info] opl3 backend: on_song_start
[15:14:55] [info] gameloop: entered (curmap=14, running=1)
[15:14:55] [info] gameloop: iter 1 ticks=145751 mapno=-1
[15:14:55] [info] gameloop: iter 2 ticks=145852 mapno=-1
[15:14:55] [info] gameloop: iter 3 ticks=145960 mapno=-1
[15:14:55] [info] flip-probe: flip #1470 ok=true present=4ms inter_flip_ms=46 drawcalls-since-flip=37 drawcalls-total=105962 fail-total=0 null-skips-total=0
[15:14:55] [info] flip-probe: flip #1480 ok=true present=4ms inter_flip_ms=44 drawcalls-since-flip=24 drawcalls-total=106180 fail-total=0 null-skips-total=0
[15:14:56] [info] flip-probe: flip #1490 ok=true present=4ms inter_flip_ms=43 drawcalls-since-flip=24 drawcalls-total=106420 fail-total=0 null-skips-total=0
[15:14:56] [info] flip-probe: flip #1500 ok=true present=4ms inter_flip_ms=48 drawcalls-since-flip=27 drawcalls-total=106675 fail-total=0 null-skips-total=0
[15:14:56] [info] alpha audit block 0: 5819 total drawcalls, 0 with alpha<255 (block pct_x10=0; global 0/94653 pct_x10=0); alpha-mod skipped: block=0 global=0
[15:14:56] [info] fastpath audit block 0: taken=5819 (idx8=5819) skipped=0 pct_x10=1000; global taken=94653 (idx8=94653) skipped=0 pct_x10=1000
[15:14:56] [info] primitive tally block 0: clear=201(hr=201) fill=0(hr=0) rect=0(hr=0) line=0(hr=0) tint=0 spotlight=0 (over 100 flips ending at flip 1500)
[15:14:56] [info] color/alpha audit block 0: cmod_white=809 cmod_black=809 (idx=809) cmod_general=0 (idx=0) cmod_fb=0; alpha_taken=0 alpha_skipped=0 (global cmod=11603/10061/693/0 idx=10061/693 alpha=0/0)
[15:14:56] [info] phase timing block 0: drawcalls=7638 dc_total_ms=1287 flip_inner_total_ms=583 inter_flip_total_ms=7306 (per-flip avg x10: dc_ms=128 fi_ms=58 if_ms=730 derived audio+engine_ms=544; per-drawcall avg us_x10=1685) [direct-vesa: presents=100 total_ms=381 avg_ms_x10=38 failed=0] [ablation: NO_DC_TIMING=0 CACHE_WINSURF=0 DIRECT_VESA=1]
[15:14:56] [info] kbd/audio block 0: kbd_irq=0 kbd_drain=0 ring_chunks=16 pump_pass=4425 pic1_mask=0xb8 first_irq_ticks=0 install_ticks=0 vector_at_install=0x0083a060 pic1_mask_live=0x38 kbd_8042_stat=0x34 bios_kbd_head=0x0026 bios_kbd_tail=0x0026 bios_kbd_buf0=0x3920
[15:14:56] [info] dirty-rect block @flip=1500: total_calls=0 dirty_rects_avg=1 dirty_pct_x10=1000 forced_full=0 first_n_force=0 threshold_exceeded=0 dirty_path_taken=0 full_flush_taken=0
[15:14:56] [info] prev-frame-diff block @flip=1500: diff_calls=0 diff_rects_avg=0 diff_dirty_pct_x10=0 bbox_pct_x10=0 bbox_thresh_exceeded=0
[15:14:57] [info] flip-probe: flip #1510 ok=true present=4ms inter_flip_ms=46 drawcalls-since-flip=24 drawcalls-total=106936 fail-total=0 null-skips-total=0
[15:14:57] [info] flip-probe: flip #1520 ok=true present=4ms inter_flip_ms=43 drawcalls-since-flip=24 drawcalls-total=107176 fail-total=0 null-skips-total=0
[15:14:58] [info] flip-probe: flip #1530 ok=true present=4ms inter_flip_ms=43 drawcalls-since-flip=24 drawcalls-total=107416 fail-total=0 null-skips-total=0
[15:14:58] [info] flip-probe: flip #1540 ok=true present=4ms inter_flip_ms=42 drawcalls-since-flip=24 drawcalls-total=107656 fail-total=0 null-skips-total=0
[15:14:59] [info] flip-probe: flip #1550 ok=true present=4ms inter_flip_ms=43 drawcalls-since-flip=24 drawcalls-total=107896 fail-total=0 null-skips-total=0
[15:14:59] [info] flip-probe: flip #1560 ok=true present=4ms inter_flip_ms=44 drawcalls-since-flip=24 drawcalls-total=108136 fail-total=0 null-skips-total=0
[15:15:00] [info] flip-probe: flip #1570 ok=true present=3ms inter_flip_ms=64 drawcalls-since-flip=157 drawcalls-total=108558 fail-total=0 null-skips-total=0
[15:15:00] [info]  >> Entering stage 11: 'Mimiga Village'.
[15:15:00] [info] [skip-sheet-flush] cave=11
[15:15:01] [info] [load-stage] preloading entry music song=9 (cave=11)
[15:15:01] [info] opl3 backend: on_song_stop
[15:15:01] [info] MidiScheduler::load: parsed 'data/orgmid2/mura.mid' = 7123 events at 48 PPQ
[15:15:01] [info] opl3 backend: on_song_start
[15:15:01] [info] gameloop: entered (curmap=11, running=1)
[15:15:01] [info] gameloop: iter 1 ticks=152343 mapno=-1
[15:15:01] [info] gameloop: iter 2 ticks=152466 mapno=-1
[15:15:01] [info] gameloop: iter 3 ticks=152582 mapno=-1
[15:15:02] [info] flip-probe: flip #1580 ok=true present=4ms inter_flip_ms=122 drawcalls-since-flip=378 drawcalls-total=111824 fail-total=0 null-skips-total=0
[15:15:02] [info] backdrop cache: thrashing-detect engaged (streak=4, route=direct)
[15:15:02] [info] flip-probe: flip #1590 ok=true present=4ms inter_flip_ms=57 drawcalls-since-flip=41 drawcalls-total=112583 fail-total=0 null-skips-total=0
[15:15:03] [info] flip-probe: flip #1600 ok=true present=4ms inter_flip_ms=61 drawcalls-since-flip=44 drawcalls-total=113014 fail-total=0 null-skips-total=0
[15:15:03] [info] alpha audit block 0: 5623 total drawcalls, 0 with alpha<255 (block pct_x10=0; global 0/100276 pct_x10=0); alpha-mod skipped: block=0 global=0
[15:15:03] [info] fastpath audit block 0: taken=5623 (idx8=5623) skipped=0 pct_x10=1000; global taken=100276 (idx8=100276) skipped=0 pct_x10=1000
[15:15:03] [info] primitive tally block 0: clear=201(hr=201) fill=0(hr=0) rect=0(hr=0) line=0(hr=0) tint=0 spotlight=0 (over 100 flips ending at flip 1600)
[15:15:03] [info] color/alpha audit block 0: cmod_white=692 cmod_black=692 (idx=692) cmod_general=0 (idx=0) cmod_fb=0; alpha_taken=0 alpha_skipped=0 (global cmod=12295/10753/693/0 idx=10753/693 alpha=0/0)
[15:15:03] [info] phase timing block 0: drawcalls=7213 dc_total_ms=1270 flip_inner_total_ms=594 inter_flip_total_ms=6463 (per-flip avg x10: dc_ms=127 fi_ms=59 if_ms=646 derived audio+engine_ms=460; per-drawcall avg us_x10=1761) [direct-vesa: presents=100 total_ms=382 avg_ms_x10=38 failed=0] [ablation: NO_DC_TIMING=0 CACHE_WINSURF=0 DIRECT_VESA=1]
[15:15:03] [info] kbd/audio block 0: kbd_irq=0 kbd_drain=0 ring_chunks=16 pump_pass=4690 pic1_mask=0xb8 first_irq_ticks=0 install_ticks=0 vector_at_install=0x0083a060 pic1_mask_live=0x38 kbd_8042_stat=0x34 bios_kbd_head=0x0026 bios_kbd_tail=0x0026 bios_kbd_buf0=0x3920
[15:15:03] [info] dirty-rect block @flip=1600: total_calls=0 dirty_rects_avg=1 dirty_pct_x10=1000 forced_full=0 first_n_force=0 threshold_exceeded=0 dirty_path_taken=0 full_flush_taken=0
[15:15:03] [info] prev-frame-diff block @flip=1600: diff_calls=0 diff_rects_avg=0 diff_dirty_pct_x10=0 bbox_pct_x10=0 bbox_thresh_exceeded=0
[15:15:04] [info] flip-probe: flip #1610 ok=true present=4ms inter_flip_ms=63 drawcalls-since-flip=49 drawcalls-total=113471 fail-total=0 null-skips-total=0
[15:15:04] [info] flip-probe: flip #1620 ok=true present=4ms inter_flip_ms=60 drawcalls-since-flip=43 drawcalls-total=113916 fail-total=0 null-skips-total=0
[15:15:05] [info] flip-probe: flip #1630 ok=true present=4ms inter_flip_ms=61 drawcalls-since-flip=46 drawcalls-total=114353 fail-total=0 null-skips-total=0
[15:15:05] [info] flip-probe: flip #1640 ok=true present=4ms inter_flip_ms=61 drawcalls-since-flip=45 drawcalls-total=114809 fail-total=0 null-skips-total=0
[15:15:05] [info] backdrop cache: thrashing-detect engaged (streak=64, route=direct)
[15:15:06] [info] flip-probe: flip #1650 ok=true present=4ms inter_flip_ms=61 drawcalls-since-flip=45 drawcalls-total=115259 fail-total=0 null-skips-total=0
[15:15:07] [info] flip-probe: flip #1660 ok=true present=4ms inter_flip_ms=59 drawcalls-since-flip=46 drawcalls-total=115722 fail-total=0 null-skips-total=0
[15:15:07] [info] flip-probe: flip #1670 ok=true present=4ms inter_flip_ms=61 drawcalls-since-flip=44 drawcalls-total=116169 fail-total=0 null-skips-total=0
[15:15:08] [info] flip-probe: flip #1680 ok=true present=4ms inter_flip_ms=61 drawcalls-since-flip=45 drawcalls-total=116612 fail-total=0 null-skips-total=0
[15:15:08] [info] backdrop cache: thrashing-detect engaged (streak=4, route=direct)
[15:15:08] [info] flip-probe: flip #1690 ok=true present=3ms inter_flip_ms=61 drawcalls-since-flip=47 drawcalls-total=117071 fail-total=0 null-skips-total=0
[15:15:09] [info] flip-probe: flip #1700 ok=true present=4ms inter_flip_ms=52 drawcalls-since-flip=19 drawcalls-total=117430 fail-total=0 null-skips-total=0
[15:15:09] [info] alpha audit block 0: 3068 total drawcalls, 0 with alpha<255 (block pct_x10=0; global 0/103344 pct_x10=0); alpha-mod skipped: block=0 global=0
[15:15:09] [info] fastpath audit block 0: taken=3068 (idx8=3068) skipped=0 pct_x10=1000; global taken=103344 (idx8=103344) skipped=0 pct_x10=1000
[15:15:09] [info] primitive tally block 0: clear=200(hr=200) fill=0(hr=0) rect=0(hr=0) line=0(hr=0) tint=0 spotlight=0 (over 100 flips ending at flip 1700)
[15:15:09] [info] color/alpha audit block 0: cmod_white=1248 cmod_black=1248 (idx=1248) cmod_general=0 (idx=0) cmod_fb=0; alpha_taken=0 alpha_skipped=0 (global cmod=13543/12001/693/0 idx=12001/693 alpha=0/0)
[15:15:09] [info] phase timing block 0: drawcalls=5768 dc_total_ms=1072 flip_inner_total_ms=588 inter_flip_total_ms=6168 (per-flip avg x10: dc_ms=107 fi_ms=58 if_ms=616 derived audio+engine_ms=451; per-drawcall avg us_x10=1859) [direct-vesa: presents=100 total_ms=382 avg_ms_x10=38 failed=0] [ablation: NO_DC_TIMING=0 CACHE_WINSURF=0 DIRECT_VESA=1]
[15:15:09] [info] kbd/audio block 0: kbd_irq=0 kbd_drain=0 ring_chunks=16 pump_pass=4998 pic1_mask=0xb8 first_irq_ticks=0 install_ticks=0 vector_at_install=0x0083a060 pic1_mask_live=0x38 kbd_8042_stat=0x34 bios_kbd_head=0x0026 bios_kbd_tail=0x0026 bios_kbd_buf0=0x3920
[15:15:09] [info] dirty-rect block @flip=1700: total_calls=0 dirty_rects_avg=1 dirty_pct_x10=1000 forced_full=0 first_n_force=0 threshold_exceeded=0 dirty_path_taken=0 full_flush_taken=0
[15:15:09] [info] prev-frame-diff block @flip=1700: diff_calls=0 diff_rects_avg=0 diff_dirty_pct_x10=0 bbox_pct_x10=0 bbox_thresh_exceeded=0
[15:15:09] [info] tas: stall frame 343 ms -> contributing 1 tick (patch 0286)
[15:15:10] [info] flip-probe: flip #1710 ok=true present=3ms inter_flip_ms=54 drawcalls-since-flip=19 drawcalls-total=117620 fail-total=0 null-skips-total=0
[15:15:10] [info] flip-probe: flip #1720 ok=true present=4ms inter_flip_ms=54 drawcalls-since-flip=19 drawcalls-total=117810 fail-total=0 null-skips-total=0
[15:15:11] [info] flip-probe: flip #1730 ok=true present=4ms inter_flip_ms=58 drawcalls-since-flip=19 drawcalls-total=118000 fail-total=0 null-skips-total=0
[15:15:12] [info] flip-probe: flip #1740 ok=true present=5ms inter_flip_ms=56 drawcalls-since-flip=60 drawcalls-total=118231 fail-total=0 null-skips-total=0
[15:15:12] [info] backdrop cache: thrashing-detect engaged (streak=64, route=direct)
[15:15:12] [info] flip-probe: flip #1750 ok=true present=4ms inter_flip_ms=58 drawcalls-since-flip=60 drawcalls-total=118831 fail-total=0 null-skips-total=0
[15:15:13] [info] flip-probe: flip #1760 ok=true present=4ms inter_flip_ms=57 drawcalls-since-flip=60 drawcalls-total=119431 fail-total=0 null-skips-total=0
[15:15:13] [info] flip-probe: flip #1770 ok=true present=4ms inter_flip_ms=57 drawcalls-since-flip=60 drawcalls-total=120031 fail-total=0 null-skips-total=0
[15:15:13] [info] tas: end-of-replay auto-exit at tick 5140 (recording exhausted; set DOSKUTSU_TAS_REPLAY_HOLD=1 to disable + observe steady-state past recording end)
[15:15:13] [info] Script engine shutdown.
[15:15:14] [info] opl3 backend: on_song_stop
[15:15:14] [info] opl3 backend: cleared reg 0xBD chip-wide latch (wub-wub mitigation per flush-instr WAVE-46 H6)
[15:15:14] [info] opl3 backend shutdown (all 18 voices KEY-OFF unconditionally; OPL2 mode restored; chip state safe for next process)
[15:15:14] [info] Sound system shutdown
[15:15:14] [info] Renderer::Close()
[15:15:14] [info] tas: replay file closed
[15:15:14] [info] [fps-true] flips=1773 render_s=160 fps_mean=11.0 (clock-independent: flips / seconds since the FIRST flip; use THIS for the fps matrix, not inter_flip medians, which are invalid in any cell running the PIT/IRQ-0 music pump)
[RUNMANIFEST-BEGIN]
schema_version=1
environment=realhw
binary_sha12=f8d446b4b0e0
wave_tag=561
scene=
env_block_sha=78ed2ffaac93
started_utc=2026-11-19T08:15:38Z
duration_s=176
exit_code=0
fps_p50=NA
fps_p95=NA
audio_vital_status=NA
regime=NA
banner_required_hit=0
banner_required_total=0
banner_forbidden_hit=0
banner_optional_hit=0
critical_count=0
warn_count=0
[RUNMANIFEST-END]
[15:15:14] [info] [runmanifest-emit] schema=v1 env=realhw sha12=f8d446b4b0e0 dur=176s tag='561' scene='' env_sha=78ed2ffaac93 (signals=0x4)
