Logger::init: wave-53 log level=INFO path='LOGS/5C3.LOG'
[14:57:20] [info] config: loaded DOSKUTSU.CFG (4 keys)
[14:57:20] [info] tas: PRNG seed forced to 12345 via DOSKUTSU_TAS_PRNG_SEED
[14:57:20] [info] tas: auto-exit armed at tick 30000 via DOSKUTSU_TAS_AUTO_EXIT_TICK
[14:57:20] [info] tas: replay opened path='QA.TAS' header_seed=12345
[14:57:21] [info] data cache: DISABLED (default)
[14:57:21] [info] Joystick: skipped (default; set DOSKUTSU_USE_JOYSTICK=1 to enable -- skips SDL3-DOS gameport BIOS INT 15h polling, ~82 ms / flip on real HW)
[14:57:21] [info] Loading settings...
[14:57:21] [info] [input-bind] applied=0 invert_y=0 dos_axes=1
[14:57:21] [info] Renderer::initVideo: 8bpp mode requested via SDL_HINT_DOS_MAX_BPP=8 (wave 16); SDL3-DOS will pick the highest-bpp <= 8 mode at requested resolution
[14:57:21] [info] Renderer::initVideo: DOS resolution-label lock ENABLED (default)
[14:57:22] [info] Renderer::initVideo: using: software renderer
[14:57:25] [info] Renderer::initVideo: dirty-rect tracking ENABLED (wave 15, default ON; set SDL_HINT_DOSKUTSU_DIRTY_RECTS=0 to disable)
[14:57:25] [info] Renderer::initVideo: ablation flags: NO_DC_TIMING=0 CACHE_WINSURF=0 NO_INPUT_POLL=0 DIRECT_VESA=1
[14:57:25] [info] Renderer::initVideo: direct-VESA hot path ENABLED (default since wave 20 patch 0088; bypasses SDL_RenderPresent / SDL_UpdateWindowSurface and writes via SDL/0034's PresentFull helper; R2 mitigation handled by SDL/0034 generation counter -- no per-N-flip heartbeat needed; set SDL_HINT_DOSKUTSU_DIRECT_VESA=0 to revert)
[14:57:25] [info] Renderer::initVideo: flip-phase instrumentation DISABLED (default; set SDL_HINT_DOSKUTSU_FLIP_INSTR=1 to opt in for wave-20 Lever A diagnostic)
[14:57:25] [info] Renderer::initVideo: asm opaque-span blit lever DISABLED (default; set SDL_HINT_DOSKUTSU_ASM_BLIT=1 to opt in -- wave-51 _blit_indexed colorkey-blit lever)
[14:57:25] [info] Renderer::initVideo: blit-decomp instrumentation DISABLED (default; set SDL_HINT_DOSKUTSU_BLIT_DECOMP=1 to opt in -- wave-51 _blit_indexed sub-decomp sizing)
[14:57:25] [info] Renderer::initVideo: mds-scroll-decomp instrumentation DISABLED (default; set SDL_HINT_DOSKUTSU_MDS_DECOMP=1 to opt in -- wave-52 mode_draw_scene scrolling-block decomp)
[14:57:25] [info] Renderer::initVideo: DOSVESA pump yield: skipped (default) (per-flip explicit SDL_Delay(0) yield is always on; set SDL_HINT_DOSKUTSU_FORCE_PUMP_YIELD=1 to restore old per-pump yield)
[14:57:25] [info] Renderer::initVideo: indexed-mode (8bpp) ENABLED -- master palette + 107 per-asset remap LUTs loaded (wave 16, default ON; set SDL_HINT_DOSKUTSU_PIXEL_FORMAT_8=0 to disable)
[14:57:25] [info] Renderer::initVideo: master palette attached to window surface (format=SDL_PIXELFORMAT_INDEX8, ncolors=256)
[14:57:25] [info] Renderer::initVideo: indexed-mode smoke: idx0=(0,0,0) OK idx255=(255,0,255) OK
[14:57:25] [info] Renderer::initVideo: indexed-mode smoke: paletteRemapFor('MyChar.pbm') = present
[14:57:26] [info] Surface::loadImage palmap-diag #1: 'data/Loading.pbm' fmt=SDL_PIXELFORMAT_ABGR8888 remap=HIT -> path=truecolor
[14:57:26] [info] Renderer: prev-frame diff DISABLED (default since wave 17.6; set SDL_HINT_DOSKUTSU_PREVFRAME_DIFF=1 to opt in)
[14:57:26] [info] flip-probe: renderer=software window_ptr=8809408 colorspace=301991328 window_size=320x240 framebuffer_pixels=320x240 logical_present=320x240 mode=2
[14:57:26] [info] flip-probe: first flip ok=true present=53ms inter_flip_ms=0 drawcalls-since-flip=1 drawcalls-total=1
[14:57:26] [info] Sound system init
[14:57:26] [info] Sound system: 4-state audio enable (#31) -- music=on sfx=on (MUSIC_OFF/AUDIO_BACKEND=none -> music-off; SFX_OFF/SFX_DEVICE=none -> sfx-off; both gates are dispatch-level, the device still opens; AUDIO_OFF=1 is the device-level both-off).
[14:57:26] [info] Sound system: Tier-2 audio config (default since wave 21 patch 0093; 11025 Hz, 1 channel, buffer pinned to 256 frames). Measured savings on g2k Pentium OverDrive 83 MHz (W21A): heavy-music scenes ~+11 fps vs Tier-1 baseline (measured -10 to -15 ms/flip post-0094 audio fix; W21A's pre-fix -26.6 ms figure was inflated by stereo-vs-mono playback bug, see patch 0094). Audio quality is reduced vs Tier-1 (mono, 11025 Hz, simple-average L+R downmix) but recognizable; user accepted the trade per direction 2026-05-05. Set SDL_HINT_DOSKUTSU_AUDIO_TIER2=0 to revert to Tier-1 22050 stereo (full Cave Story 2004 audio quality; trades fps for fidelity).
[14:57:26] [info] Sound system: SDL_HINT_AUDIO_DEVICE_SAMPLE_FRAMES=256
[14:57:26] [info] Pixtone IRQ rate-divider: handed master_rate=11025 int16/s (SAMPLE_RATE=11025 x AUDIO_CHANNELS=1) to SDL for auto-RATEDIV (SDL/0074 computes shift_div from the resolved device freq).
[14:57:26] [info] Sound system: device frame-rate: requesting 11025 Hz match to master (SDL_DOSAudioSetDeviceFrameRate; SB16 opens at the engine frame rate instead of SDL's 44100 floor -- 4x less PCM/s + no resampler on the Organya/Pixtone path; killswitch SDL_HINT_DOSKUTSU_DOS_AUDIO_DEVICE_RATE_DEFAULT=0).
[14:57:26] [info] audio backend: organya (forced; Phase 10 baseline)
[14:57:26] [info] wave-13.6.1: ring_chunks=16 FORCE_PUMP_YIELD=off (set SDL_HINT_DOSKUTSU_AUDIO_RING_CHUNKS=4|8|16 to override; default 16 matches wave 13.6 behaviour)
[14:57:26] [info] MidiScheduler: MIDI source = 'orgmid2' (native-GM org2mid set; resolves to data/orgmid2/<name>.mid).
[14:57:26] [info] Sound system: idle-pause skipped (backend=organya does not qualify; only opl3 supports idle-pause per patch 0115; default OFF since patch 0119 regardless of backend).
[14:57:26] [warn] Music dir Ogg/ doesn't exist
[14:57:27] [warn] Music dir Ogg11/ doesn't exist
[14:57:27] [warn] Music dir Ogg17/ doesn't exist
[14:57:27] [warn] Music dir Ogg_ridic/ doesn't exist
[14:57:27] [info] Loading Sound FX...
[14:57:27] [info] [pxt-cache] init(): HIT (loaded cache; render skipped)
[14:57:39] [error] Lever 3 (Pixtone IRQ-mix; default ON since v1.0.1, or SDL_HINT_DOSKUTSU_PIXTONE_IRQ_MIX=1) is incompatible with SDL_HINT_DOSKUTSU_AUDIO_BACKEND=organya. L3 + ORGANYA IS KNOWN-INCOMPATIBLE (PLAY2 hang root-cause owned by v1.0.2 deep-campaign; v1.0.1 ships defensive interlock per flush-instr #135 three-front response). L3 forced OFF (hang prevention); SFX continue through SDL3_mixer path; music continues through Organya. To engage L3 cleanly set SDL_HINT_DOSKUTSU_AUDIO_BACKEND to opl3 / wb / midi-stub, or set SDL_HINT_DOSKUTSU_PIXTONE_IRQ_MIX=0 to silence this and keep Organya.
[14:57:39] [info] Organya init...
[14:57:40] [info] Organya init done
[14:57:57] [info] gus SFX gain [nx0259]: 70% (SDL_HINT_DOSKUTSU_GUS_SFX_GAIN; scales the GF1 SFX voice volume to balance against velocity/CC-scaled GUS music; default 70, clamp 0..150).
[14:57:57] [info] midi ISR tick: engine registered tick_isr callback (L2b active; default ON; set SDL_HINT_DOSKUTSU_MIDI_ISR_TICK=0 to disable)
[14:57:57] [info] organya auto-precache: ENABLED (default) (first-launch precache + in-game cold-render progress overlay; set SDL_HINT_DOSKUTSU_ORG_AUTOCACHE=0 to disable -> v1.1.0 black-screen cold-render)
[14:57:57] [info] organya auto-precache: cache complete (sentinel present) -- skipping batch; in-game overlay armed for any stray cache miss.
[14:57:57] [info] menu slide-in fixed-timestep: ENABLED (default; slide advances at 50 Hz logic rate)
[14:57:57] [info] Reading npc.tbl...
[14:57:57] [info] Loading tilekey.dat.
[14:57:57] [info] Script engine init.
[14:57:57] [info] Entering main loop...
[14:57:57] [info] audio mid-gap pump: DISABLED (default)
[14:57:57] [info] TAS fixed-timestep guard: ENABLED (default) (patch 0280; load_stage wall-clock kept out of the FT accumulator so TAS replay advances at a true 50 Hz; set SDL_HINT_DOSKUTSU_TAS_FT_GUARD=0 to disable)
[14:57:57] [info] load_stage ring+DMA silence flush: ENABLED (default) (set SDL_HINT_DOSKUTSU_LOADSTAGE_SILENCE=0 to disable)
[14:57:57] [info] load-band audio-underrun probe: DISABLED (default) (opt-in SDL_HINT_DOSKUTSU_LOADBAND_STAT=1)
[14:57:57] [info]  >> Entering stage 72: 'u'.
[14:57:57] [info] skip sheet flush: ENABLED (default) (SFXPAUSE-012 SHIPPED FIX; sprite sheets stay resident across caves so no per-cave re-decode -> no fire-frame pause; map_flush_graphics tilemap cache still flushes; set SDL_HINT_DOSKUTSU_SKIP_SHEET_FLUSH=0 to restore the old per-cave flush)
[14:57:57] [info] [skip-sheet-flush] cave=1
[14:57:57] [info] eager action sheets: ENABLED (default) (first-fire hitch fix: pre-loads the weapon bullet + hit/muzzle/trail caret sheets at stage load so the first fire/impact does not lazy-decode mid-gameplay; set SDL_HINT_DOSKUTSU_EAGER_ACTION_SHEETS=0 to restore lazy load)
[14:57:58] [info] Surface::loadImage palmap-diag #2: 'data/Bullet.pbm' fmt=SDL_PIXELFORMAT_ABGR8888 remap=HIT -> path=truecolor
[14:57:58] [info] Surface::loadImage palmap-diag #3: 'data/Arms.pbm' fmt=SDL_PIXELFORMAT_ABGR8888 remap=HIT -> path=truecolor
[14:57:58] [info] Surface::loadImage palmap-diag #4: 'data/Caret.pbm' fmt=SDL_PIXELFORMAT_ABGR8888 remap=HIT -> path=truecolor
[14:57:59] [info] Surface::loadImage palmap-diag #5: 'data/Npc/NpcSym.pbm' fmt=SDL_PIXELFORMAT_ABGR8888 remap=HIT -> path=truecolor
[14:57:59] [info] [eager-action-sheets] cave=1 sheets=4 wall_ms=1633
[14:57:59] [info] Surface::loadImage palmap-diag #6: 'data/Stage/PrtWhite.pbm' fmt=SDL_PIXELFORMAT_ABGR8888 remap=HIT -> path=truecolor
[14:58:00] [info] load_stage: entry-music preload ENABLED (default) (set SDL_HINT_DOSKUTSU_PRELOAD_STAGE_MUSIC=0 to disable)
[14:58:00] [info] Surface::loadImage palmap-diag #7: 'data/bk0.pbm' fmt=SDL_PIXELFORMAT_ABGR8888 remap=HIT -> path=truecolor
[14:58:00] [info] gameloop: entered (curmap=72, running=1)
[14:58:00] [info] gameloop: iter 1 ticks=39987 mapno=-1
[14:58:00] [info] fixed-timestep: ENABLED (default; logic 50 Hz, decoupled from render)
[14:58:00] [info] map: BG skip-when-unchanged DISABLED (default) (set SDL_HINT_DOSKUTSU_BG_SKIP_WHEN_UNCHANGED=1 to enable; default OFF since wave-61 -- abandoned, it shipped a backdrop-black flicker and its +0.87 fps was below the noise floor)
[14:58:00] [info] map: skip-redundant-clear lever ENABLED (default since wave-53 promotion)
[14:58:00] [info] perf-mode: level=0 (faithful (default))
[14:58:00] [info] Surface::loadImage palmap-diag #8: 'data/Npc/NpcKings.pbm' fmt=SDL_PIXELFORMAT_ABGR8888 remap=HIT -> path=truecolor
[14:58:01] [info] audio tick-boundary pump: DISABLED (default)
[14:58:01] [info] gameloop: iter 2 ticks=40475 mapno=-1
[14:58:01] [info] gameloop: iter 3 ticks=40541 mapno=-1
[14:58:01] [info] direct-vesa: snapshot @gen=2 use_dosmemput=0 banked_multibank=0 pitches_match=1 vram_w=320 vram_h=240 vram_pitch=320 bpp=1 fb_size=76800 vram_phys=0x78000000 vram_ptr=0x77c00000
[14:58:01] [info] flip-probe: flip #10 ok=true present=4ms inter_flip_ms=39 drawcalls-since-flip=6 drawcalls-total=43 fail-total=0 null-skips-total=0
[14:58:02] [info] flip-probe: flip #20 ok=true present=4ms inter_flip_ms=39 drawcalls-since-flip=4 drawcalls-total=92 fail-total=0 null-skips-total=0
[14:58:02] [info] flip-probe: flip #30 ok=true present=4ms inter_flip_ms=85 drawcalls-since-flip=326 drawcalls-total=2707 fail-total=0 null-skips-total=0
[14:58:03] [info] flip-probe: flip #40 ok=true present=4ms inter_flip_ms=76 drawcalls-since-flip=264 drawcalls-total=5837 fail-total=0 null-skips-total=0
[14:58:04] [info] flip-probe: flip #50 ok=true present=4ms inter_flip_ms=46 drawcalls-since-flip=67 drawcalls-total=7392 fail-total=0 null-skips-total=0
[14:58:04] [info] flip-probe: flip #60 ok=true present=4ms inter_flip_ms=36 drawcalls-since-flip=4 drawcalls-total=7502 fail-total=0 null-skips-total=0
[14:58:05] [info] flip-probe: flip #70 ok=true present=4ms inter_flip_ms=37 drawcalls-since-flip=6 drawcalls-total=7557 fail-total=0 null-skips-total=0
[14:58:05] [info] flip-probe: flip #80 ok=true present=4ms inter_flip_ms=20 drawcalls-since-flip=0 drawcalls-total=7586 fail-total=0 null-skips-total=0
[14:58:05] [info] flip-probe: flip #90 ok=true present=4ms inter_flip_ms=20 drawcalls-since-flip=0 drawcalls-total=7586 fail-total=0 null-skips-total=0
[14:58:05] [info] title: eager-title-IO phase tag ENABLED (default) (set SDL_HINT_DOSKUTSU_EAGER_TITLE_IO=0 to disable)
[14:58:08] [info] Organya pre-render: cache HIT CURLY (2968992 bytes from CACHE; 1 ch; synth skipped).
[14:58:08] [info] audio pump-to-target: ENABLED (186 ms depth setpoint; amount-bounded depth-regulated ring refill per displayed frame; killswitch SDL_HINT_DOSKUTSU_ORG_PUMP_TARGET_MS=0).
[14:58:08] [info] pixtone multi-source probe: DISABLED (default)
[14:58:08] [info] gameloop: entered (curmap=1005, running=1)
[14:58:08] [info] gameloop: iter 1 ticks=48325 mapno=-1
[14:58:08] [info] map: backdrop cache ENABLED (default) (set SDL_HINT_DOSKUTSU_BACKDROP_CACHE=0 to disable)
[14:58:09] [info] gameloop: iter 2 ticks=49342 mapno=-1
[14:58:10] [info] gameloop: iter 3 ticks=49407 mapno=-1
[14:58:10] [info] backdrop cache: thrashing-detect engaged (streak=4, route=direct)
[14:58:10] [info] flip-probe: flip #100 ok=true present=4ms inter_flip_ms=51 drawcalls-since-flip=75 drawcalls-total=7886 fail-total=0 null-skips-total=0
[14:58:10] [info] alpha audit block 0: 7798 total drawcalls, 0 with alpha<255 (block pct_x10=0; global 0/7798 pct_x10=0); alpha-mod skipped: block=0 global=0
[14:58:10] [info] fastpath audit block 0: taken=7798 (idx8=7798) skipped=0 pct_x10=1000; global taken=7798 (idx8=7798) skipped=0 pct_x10=1000
[14:58:10] [info] primitive tally block 0: clear=220(hr=220) fill=0(hr=0) rect=0(hr=0) line=0(hr=0) tint=0 spotlight=0 (over 100 flips ending at flip 100)
[14:58:10] [info] color/alpha audit block 0: cmod_white=104 cmod_black=0 (idx=0) cmod_general=84 (idx=84) cmod_fb=0; alpha_taken=0 alpha_skipped=0 (global cmod=104/0/84/0 idx=0/84 alpha=0/0)
[14:58:10] [info] phase timing block 0: drawcalls=8209 dc_total_ms=1863 flip_inner_total_ms=919 inter_flip_total_ms=43669 (per-flip avg x10: dc_ms=186 fi_ms=91 if_ms=4366 derived audio+engine_ms=4089; per-drawcall avg us_x10=2269) [direct-vesa: presents=97 total_ms=594 avg_ms_x10=61 failed=0] [ablation: NO_DC_TIMING=0 CACHE_WINSURF=0 DIRECT_VESA=1]
[14:58:10] [info] kbd/audio block 0: kbd_irq=0 kbd_drain=0 ring_chunks=16 pump_pass=99 pic1_mask=0xb8 first_irq_ticks=0 install_ticks=0 vector_at_install=0x0083a050 pic1_mask_live=0x38 kbd_8042_stat=0x34 bios_kbd_head=0x0026 bios_kbd_tail=0x0026 bios_kbd_buf0=0x3920
[14:58:10] [info] audio/engine split block 0: audio_mixer_calls=24 audio_mixer_ms_x10=3 engine_tick_calls=99 engine_tick_ms_x10=830 audio_service_calls=0 audio_service_ms_x10=0 (per-flip avg; per-call us_x10: audio_mix=14128 engine_tick=839387 audio_service=0; global ns: audio_mix=33909381 engine_tick=8309938986 audio_service=0)
[14:58:10] [info] dirty-rect block @flip=100: total_calls=0 dirty_rects_avg=0 dirty_pct_x10=990 forced_full=0 first_n_force=3 threshold_exceeded=2 dirty_path_taken=0 full_flush_taken=3
[14:58:10] [info] prev-frame-diff block @flip=100: diff_calls=0 diff_rects_avg=0 diff_dirty_pct_x10=0 bbox_pct_x10=0 bbox_thresh_exceeded=0
[14:58:10] [info] flip-probe: flip #110 ok=true present=4ms inter_flip_ms=55 drawcalls-since-flip=75 drawcalls-total=8636 fail-total=0 null-skips-total=0
[14:58:11] [info] flip-probe: flip #120 ok=true present=4ms inter_flip_ms=42 drawcalls-since-flip=75 drawcalls-total=9386 fail-total=0 null-skips-total=0
[14:58:11] [info] flip-probe: flip #130 ok=true present=4ms inter_flip_ms=20 drawcalls-since-flip=0 drawcalls-total=9986 fail-total=0 null-skips-total=0
[14:58:11] [info] Loading profile from profile.dat
[14:58:11] [error] profile_load: unable to open 'profile.dat'
[14:58:11] [info] Loading profile from profile2.dat
[14:58:11] [error] profile_load: unable to open 'profile2.dat'
[14:58:11] [info] Loading profile from profile3.dat
[14:58:11] [info] Loading profile from profile4.dat
[14:58:11] [error] profile_load: unable to open 'profile4.dat'
[14:58:11] [info] Loading profile from profile5.dat
[14:58:12] [info] flip-probe: flip #140 ok=true present=4ms inter_flip_ms=78 drawcalls-since-flip=214 drawcalls-total=10842 fail-total=0 null-skips-total=0
[14:58:12] [info] flip-probe: flip #150 ok=true present=5ms inter_flip_ms=76 drawcalls-since-flip=214 drawcalls-total=12982 fail-total=0 null-skips-total=0
[14:58:13] [info] Writing settings...
[14:58:13] [info] flip-probe: flip #160 ok=true present=4ms inter_flip_ms=20 drawcalls-since-flip=0 drawcalls-total=13846 fail-total=0 null-skips-total=0
[14:58:13] [info] flip-probe: flip #170 ok=true present=4ms inter_flip_ms=22 drawcalls-since-flip=0 drawcalls-total=13846 fail-total=0 null-skips-total=0
[14:58:13] [info] Loading profile from profile5.dat
[14:58:13] [info]  >> Entering stage 20: 'Save Point'.
[14:58:13] [info] [skip-sheet-flush] cave=2
[14:58:16] [info] Organya pre-render: cache HIT MURA (1481280 bytes from CACHE; 1 ch; synth skipped).
[14:58:16] [info] gameloop: entered (curmap=20, running=1)
[14:58:16] [info] gameloop: iter 1 ticks=55438 mapno=-1
[14:58:16] [info] TAS stall discount: ENABLED (default) (patch 0286; a replay frame over 150 ms is a load, not slow rendering, so it contributes 1 tick instead of its wall-clock; set SDL_HINT_DOSKUTSU_TAS_STALL_DISCOUNT=0 to disable)
[14:58:16] [info] TAS accumulator clamp: DISABLED (default) (patch 0281; caps the FT accumulator delta at one tick during TAS so a stalled frame cannot race the replay index; set SDL_HINT_DOSKUTSU_TAS_FT_GUARD=0 to disable)
[14:58:16] [info] gameloop: iter 2 ticks=55500 mapno=-1
[14:58:16] [info] gameloop: iter 3 ticks=55566 mapno=-1
[14:58:16] [info] flip-probe: flip #180 ok=true present=4ms inter_flip_ms=59 drawcalls-since-flip=17 drawcalls-total=13971 fail-total=0 null-skips-total=0
[14:58:16] [info] flip-probe: flip #190 ok=true present=4ms inter_flip_ms=47 drawcalls-since-flip=17 drawcalls-total=14141 fail-total=0 null-skips-total=0
[14:58:17] [info] flip-probe: flip #200 ok=true present=4ms inter_flip_ms=58 drawcalls-since-flip=17 drawcalls-total=14311 fail-total=0 null-skips-total=0
[14:58:17] [info] alpha audit block 0: 5788 total drawcalls, 0 with alpha<255 (block pct_x10=0; global 0/13586 pct_x10=0); alpha-mod skipped: block=0 global=0
[14:58:17] [info] fastpath audit block 0: taken=5788 (idx8=5788) skipped=0 pct_x10=1000; global taken=13586 (idx8=13586) skipped=0 pct_x10=1000
[14:58:17] [info] primitive tally block 0: clear=201(hr=201) fill=0(hr=0) rect=0(hr=0) line=0(hr=0) tint=0 spotlight=0 (over 100 flips ending at flip 200)
[14:58:17] [info] color/alpha audit block 0: cmod_white=1438 cmod_black=0 (idx=0) cmod_general=609 (idx=609) cmod_fb=0; alpha_taken=0 alpha_skipped=0 (global cmod=1542/0/693/0 idx=0/693 alpha=0/0)
[14:58:17] [info] phase timing block 0: drawcalls=8036 dc_total_ms=1680 flip_inner_total_ms=844 inter_flip_total_ms=7179 (per-flip avg x10: dc_ms=168 fi_ms=84 if_ms=717 derived audio+engine_ms=465; per-drawcall avg us_x10=2091) [direct-vesa: presents=100 total_ms=383 avg_ms_x10=38 failed=0] [ablation: NO_DC_TIMING=0 CACHE_WINSURF=0 DIRECT_VESA=1]
[14:58:17] [info] kbd/audio block 0: kbd_irq=0 kbd_drain=0 ring_chunks=16 pump_pass=235 pic1_mask=0xb8 first_irq_ticks=0 install_ticks=0 vector_at_install=0x0083a050 pic1_mask_live=0x38 kbd_8042_stat=0x34 bios_kbd_head=0x0026 bios_kbd_tail=0x0026 bios_kbd_buf0=0x3920
[14:58:17] [info] audio/engine split block 0: audio_mixer_calls=222 audio_mixer_ms_x10=24 engine_tick_calls=76 engine_tick_ms_x10=232 audio_service_calls=0 audio_service_ms_x10=0 (per-flip avg; per-call us_x10: audio_mix=11100 engine_tick=306449 audio_service=0; global ns: audio_mix=280350824 engine_tick=10638958078 audio_service=0)
[14:58:17] [info] dirty-rect block @flip=200: total_calls=0 dirty_rects_avg=1 dirty_pct_x10=1000 forced_full=0 first_n_force=0 threshold_exceeded=0 dirty_path_taken=0 full_flush_taken=0
[14:58:17] [info] prev-frame-diff block @flip=200: diff_calls=0 diff_rects_avg=0 diff_dirty_pct_x10=0 bbox_pct_x10=0 bbox_thresh_exceeded=0
[14:58:17] [info] tas: stall frame 345 ms -> contributing 1 tick (patch 0286)
[14:58:18] [info] flip-probe: flip #210 ok=true present=4ms inter_flip_ms=48 drawcalls-since-flip=17 drawcalls-total=14481 fail-total=0 null-skips-total=0
[14:58:18] [info] flip-probe: flip #220 ok=true present=5ms inter_flip_ms=54 drawcalls-since-flip=6 drawcalls-total=16280 fail-total=0 null-skips-total=0
[14:58:18] [info]  >> Entering stage 11: 'Mimiga Village'.
[14:58:18] [info] [skip-sheet-flush] cave=3
[14:58:19] [info] [load-stage] preloading entry music song=9 (cave=3)
[14:58:19] [info] gameloop: entered (curmap=11, running=1)
[14:58:19] [info] gameloop: iter 1 ticks=59070 mapno=-1
[14:58:19] [info] map: mds_clear LUT ENABLED (default) (set SDL_HINT_DOSKUTSU_MDS_CLEAR_LUT=0 to disable; default ON; patch 0144 wave-49 bandwidth lever)
[14:58:19] [info] mds-clear-lut: rebuilt N=240 entries (k_skip=0% k_keep=100%; curmap=11 map_size=60x60; rebuild #1 since boot)
[14:58:19] [info] backdrop thrash full-cover ENABLED (default) (set SDL_HINT_DOSKUTSU_THRASH_FULLCOVER=0 to disable)
[14:58:19] [info] [bd-diag] backdrop render-path diag disabled (default) (set SDL_HINT_DOSKUTSU_BACKDROP_DIAG=1 to enable)
[14:58:19] [info] run_tick_fixed #300: heartbeat (loop alive)
[14:58:19] [info] gameloop: iter 2 ticks=59245 mapno=-1
[14:58:19] [info] tas: stall frame 175 ms -> contributing 1 tick (patch 0286)
[14:58:19] [info] gameloop: iter 3 ticks=59378 mapno=-1
[14:58:20] [info] backdrop cache: thrashing-detect engaged (streak=4, route=direct)
[14:58:20] [info] flip-probe: flip #230 ok=true present=4ms inter_flip_ms=83 drawcalls-since-flip=43 drawcalls-total=18698 fail-total=0 null-skips-total=0
[14:58:21] [info] flip-probe: flip #240 ok=true present=4ms inter_flip_ms=73 drawcalls-since-flip=44 drawcalls-total=19151 fail-total=0 null-skips-total=0
[14:58:22] [info] flip-probe: flip #250 ok=true present=4ms inter_flip_ms=77 drawcalls-since-flip=43 drawcalls-total=19582 fail-total=0 null-skips-total=0
[14:58:23] [info] flip-probe: flip #260 ok=true present=4ms inter_flip_ms=70 drawcalls-since-flip=43 drawcalls-total=20012 fail-total=0 null-skips-total=0
[14:58:23] [info] flip-probe: flip #270 ok=true present=4ms inter_flip_ms=70 drawcalls-since-flip=43 drawcalls-total=20442 fail-total=0 null-skips-total=0
[14:58:24] [info] flip-probe: flip #280 ok=true present=4ms inter_flip_ms=70 drawcalls-since-flip=43 drawcalls-total=20872 fail-total=0 null-skips-total=0
[14:58:25] [info] backdrop cache: thrashing-detect engaged (streak=64, route=direct)
[14:58:25] [info] flip-probe: flip #290 ok=true present=4ms inter_flip_ms=82 drawcalls-since-flip=43 drawcalls-total=21317 fail-total=0 null-skips-total=0
[14:58:26] [info] flip-probe: flip #300 ok=true present=4ms inter_flip_ms=78 drawcalls-since-flip=44 drawcalls-total=21753 fail-total=0 null-skips-total=0
[14:58:26] [info] alpha audit block 0: 6322 total drawcalls, 0 with alpha<255 (block pct_x10=0; global 0/19908 pct_x10=0); alpha-mod skipped: block=0 global=0
[14:58:26] [info] fastpath audit block 0: taken=6322 (idx8=6322) skipped=0 pct_x10=1000; global taken=19908 (idx8=19908) skipped=0 pct_x10=1000
[14:58:26] [info] primitive tally block 0: clear=202(hr=202) fill=0(hr=0) rect=0(hr=0) line=0(hr=0) tint=0 spotlight=0 (over 100 flips ending at flip 300)
[14:58:26] [info] color/alpha audit block 0: cmod_white=1040 cmod_black=1040 (idx=1040) cmod_general=0 (idx=0) cmod_fb=0; alpha_taken=0 alpha_skipped=0 (global cmod=2582/1040/693/0 idx=1040/693 alpha=0/0)
[14:58:26] [info] phase timing block 0: drawcalls=8610 dc_total_ms=1460 flip_inner_total_ms=905 inter_flip_total_ms=9002 (per-flip avg x10: dc_ms=146 fi_ms=90 if_ms=900 derived audio+engine_ms=664; per-drawcall avg us_x10=1696) [direct-vesa: presents=100 total_ms=381 avg_ms_x10=38 failed=0] [ablation: NO_DC_TIMING=0 CACHE_WINSURF=0 DIRECT_VESA=1]
[14:58:26] [info] kbd/audio block 0: kbd_irq=0 kbd_drain=0 ring_chunks=16 pump_pass=614 pic1_mask=0xb8 first_irq_ticks=0 install_ticks=0 vector_at_install=0x0083a050 pic1_mask_live=0x38 kbd_8042_stat=0x34 bios_kbd_head=0x0026 bios_kbd_tail=0x0026 bios_kbd_buf0=0x3920
[14:58:26] [info] [tile-speedup-stat n=100 drawtile_us=138.51 raw_blit_us=91.34 ratio=1.52]
[14:58:26] [info] audio/engine split block 0: audio_mixer_calls=350 audio_mixer_ms_x10=39 engine_tick_calls=0 engine_tick_ms_x10=0 audio_service_calls=0 audio_service_ms_x10=0 (per-flip avg; per-call us_x10: audio_mix=11272 engine_tick=0 audio_service=0; global ns: audio_mix=674887270 engine_tick=10638958078 audio_service=0)
[14:58:26] [info] dirty-rect block @flip=300: total_calls=100 dirty_rects_avg=1 dirty_pct_x10=1000 forced_full=0 first_n_force=0 threshold_exceeded=0 dirty_path_taken=0 full_flush_taken=0
[14:58:26] [info] prev-frame-diff block @flip=300: diff_calls=0 diff_rects_avg=0 diff_dirty_pct_x10=0 bbox_pct_x10=0 bbox_thresh_exceeded=0
[14:58:26] [info] tas: stall frame 191 ms -> contributing 1 tick (patch 0286)
[14:58:27] [info] flip-probe: flip #310 ok=true present=4ms inter_flip_ms=80 drawcalls-since-flip=43 drawcalls-total=22273 fail-total=0 null-skips-total=0
[14:58:28] [info] flip-probe: flip #320 ok=true present=4ms inter_flip_ms=80 drawcalls-since-flip=41 drawcalls-total=22700 fail-total=0 null-skips-total=0
[14:58:28] [info] flip-probe: flip #330 ok=true present=4ms inter_flip_ms=116 drawcalls-since-flip=285 drawcalls-total=23632 fail-total=0 null-skips-total=0
[14:58:29] [info]  >> Entering stage 17: 'Yamashita Farm'.
[14:58:29] [info] [skip-sheet-flush] cave=4
[14:58:29] [info] [load-stage] preloading entry music song=13 (cave=4)
[14:58:31] [info] Organya pre-render: cache HIT PLANT (1185024 bytes from CACHE; 1 ch; synth skipped).
[14:58:31] [info] gameloop: entered (curmap=17, running=1)
[14:58:31] [info] gameloop: iter 1 ticks=70531 mapno=-1
[14:58:31] [info] mds-clear-lut: rebuilt N=240 entries (k_skip=33% k_keep=67%; curmap=17 map_size=40x16; rebuild #2 since boot)
[14:58:31] [info] gameloop: iter 2 ticks=70848 mapno=-1
[14:58:31] [info] tas: stall frame 316 ms -> contributing 1 tick (patch 0286)
[14:58:31] [info] gameloop: iter 3 ticks=70981 mapno=-1
[14:58:32] [info] flip-probe: flip #340 ok=true present=4ms inter_flip_ms=131 drawcalls-since-flip=383 drawcalls-total=26725 fail-total=0 null-skips-total=0
[14:58:33] [info] flip-probe: flip #350 ok=true present=4ms inter_flip_ms=109 drawcalls-since-flip=142 drawcalls-total=28396 fail-total=0 null-skips-total=0
[14:58:34] [info] backdrop cache: thrashing-detect engaged (streak=4, route=direct)
[14:58:34] [info] flip-probe: flip #360 ok=true present=4ms inter_flip_ms=123 drawcalls-since-flip=139 drawcalls-total=29836 fail-total=0 null-skips-total=0
[14:58:34] [info] run_tick_fixed #900: heartbeat (loop alive)
[14:58:35] [info] flip-probe: flip #370 ok=true present=4ms inter_flip_ms=115 drawcalls-since-flip=141 drawcalls-total=31235 fail-total=0 null-skips-total=0
[14:58:36] [info] flip-probe: flip #380 ok=true present=4ms inter_flip_ms=105 drawcalls-since-flip=146 drawcalls-total=32685 fail-total=0 null-skips-total=0
[14:58:36] [info] tas: stall frame 327 ms -> contributing 1 tick (patch 0286)
[14:58:37] [info] flip-probe: flip #390 ok=true present=4ms inter_flip_ms=119 drawcalls-since-flip=136 drawcalls-total=34113 fail-total=0 null-skips-total=0
[14:58:39] [info] flip-probe: flip #400 ok=true present=5ms inter_flip_ms=110 drawcalls-since-flip=124 drawcalls-total=35377 fail-total=0 null-skips-total=0
[14:58:39] [info] alpha audit block 0: 12224 total drawcalls, 0 with alpha<255 (block pct_x10=0; global 0/32132 pct_x10=0); alpha-mod skipped: block=0 global=0
[14:58:39] [info] fastpath audit block 0: taken=12224 (idx8=12224) skipped=0 pct_x10=1000; global taken=32132 (idx8=32132) skipped=0 pct_x10=1000
[14:58:39] [info] primitive tally block 0: clear=202(hr=202) fill=0(hr=0) rect=0(hr=0) line=0(hr=0) tint=0 spotlight=0 (over 100 flips ending at flip 400)
[14:58:39] [info] color/alpha audit block 0: cmod_white=1300 cmod_black=1300 (idx=1300) cmod_general=0 (idx=0) cmod_fb=0; alpha_taken=0 alpha_skipped=0 (global cmod=3882/2340/693/0 idx=2340/693 alpha=0/0)
[14:58:39] [info] phase timing block 0: drawcalls=15049 dc_total_ms=1892 flip_inner_total_ms=1130 inter_flip_total_ms=12729 (per-flip avg x10: dc_ms=189 fi_ms=113 if_ms=1272 derived audio+engine_ms=970; per-drawcall avg us_x10=1257) [direct-vesa: presents=100 total_ms=381 avg_ms_x10=38 failed=0] [ablation: NO_DC_TIMING=0 CACHE_WINSURF=0 DIRECT_VESA=1]
[14:58:39] [info] kbd/audio block 0: kbd_irq=0 kbd_drain=0 ring_chunks=16 pump_pass=1065 pic1_mask=0xb8 first_irq_ticks=0 install_ticks=0 vector_at_install=0x0083a050 pic1_mask_live=0x38 kbd_8042_stat=0x34 bios_kbd_head=0x0026 bios_kbd_tail=0x0026 bios_kbd_buf0=0x3920
[14:58:39] [info] audio/engine split block 0: audio_mixer_calls=429 audio_mixer_ms_x10=48 engine_tick_calls=0 engine_tick_ms_x10=0 audio_service_calls=0 audio_service_ms_x10=0 (per-flip avg; per-call us_x10: audio_mix=11358 engine_tick=0 audio_service=0; global ns: audio_mix=1162175016 engine_tick=10638958078 audio_service=0)
[14:58:39] [info] dirty-rect block @flip=400: total_calls=0 dirty_rects_avg=1 dirty_pct_x10=1000 forced_full=0 first_n_force=0 threshold_exceeded=0 dirty_path_taken=0 full_flush_taken=0
[14:58:39] [info] prev-frame-diff block @flip=400: diff_calls=0 diff_rects_avg=0 diff_dirty_pct_x10=0 bbox_pct_x10=0 bbox_thresh_exceeded=0
[14:58:39] [info] tas: stall frame 188 ms -> contributing 1 tick (patch 0286)
[14:58:40] [info] flip-probe: flip #410 ok=true present=4ms inter_flip_ms=107 drawcalls-since-flip=129 drawcalls-total=36630 fail-total=0 null-skips-total=0
[14:58:41] [info] backdrop cache: thrashing-detect engaged (streak=64, route=direct)
[14:58:41] [info] flip-probe: flip #420 ok=true present=4ms inter_flip_ms=112 drawcalls-since-flip=137 drawcalls-total=37925 fail-total=0 null-skips-total=0
[14:58:42] [info] run_tick_fixed #1200: heartbeat (loop alive)
[14:58:42] [info] flip-probe: flip #430 ok=true present=4ms inter_flip_ms=113 drawcalls-since-flip=139 drawcalls-total=39319 fail-total=0 null-skips-total=0
[14:58:43] [info] flip-probe: flip #440 ok=true present=4ms inter_flip_ms=112 drawcalls-since-flip=139 drawcalls-total=40693 fail-total=0 null-skips-total=0
[14:58:44] [info] flip-probe: flip #450 ok=true present=4ms inter_flip_ms=113 drawcalls-since-flip=140 drawcalls-total=42067 fail-total=0 null-skips-total=0
[14:58:45] [info] flip-probe: flip #460 ok=true present=4ms inter_flip_ms=109 drawcalls-since-flip=105 drawcalls-total=43340 fail-total=0 null-skips-total=0
[14:58:46] [info] flip-probe: flip #470 ok=true present=4ms inter_flip_ms=97 drawcalls-since-flip=114 drawcalls-total=44453 fail-total=0 null-skips-total=0
[14:58:47] [info] backdrop cache: thrashing-detect engaged (streak=124, route=direct)
[14:58:47] [info] flip-probe: flip #480 ok=true present=3ms inter_flip_ms=109 drawcalls-since-flip=117 drawcalls-total=45594 fail-total=0 null-skips-total=0
[14:58:49] [info] run_tick_fixed #1500: heartbeat (loop alive)
[14:58:49] [info] tas: stall frame 344 ms -> contributing 1 tick (patch 0286)
[14:58:49] [info] flip-probe: flip #490 ok=true present=5ms inter_flip_ms=136 drawcalls-since-flip=409 drawcalls-total=47709 fail-total=0 null-skips-total=0
[14:58:49] [info]  >> Entering stage 11: 'Mimiga Village'.
[14:58:49] [info] [skip-sheet-flush] cave=5
[14:58:50] [info] [load-stage] preloading entry music song=9 (cave=5)
[14:58:50] [info] Organya pre-render: cache HIT MURA (1481280 bytes from CACHE; 1 ch; synth skipped).
[14:58:51] [info] gameloop: entered (curmap=11, running=1)
[14:58:51] [info] gameloop: iter 1 ticks=90451 mapno=-1
[14:58:51] [info] mds-clear-lut: rebuilt N=240 entries (k_skip=0% k_keep=100%; curmap=11 map_size=60x60; rebuild #3 since boot)
[14:58:51] [info] gameloop: iter 2 ticks=90595 mapno=-1
[14:58:51] [info] gameloop: iter 3 ticks=90727 mapno=-1
[14:58:51] [info] backdrop cache: thrashing-detect engaged (streak=4, route=direct)
[14:58:51] [info] flip-probe: flip #500 ok=true present=4ms inter_flip_ms=90 drawcalls-since-flip=90 drawcalls-total=50483 fail-total=0 null-skips-total=0
[14:58:51] [info] alpha audit block 0: 14200 total drawcalls, 0 with alpha<255 (block pct_x10=0; global 0/46332 pct_x10=0); alpha-mod skipped: block=0 global=0
[14:58:51] [info] fastpath audit block 0: taken=14200 (idx8=14200) skipped=0 pct_x10=1000; global taken=46332 (idx8=46332) skipped=0 pct_x10=1000
[14:58:51] [info] primitive tally block 0: clear=201(hr=201) fill=0(hr=0) rect=0(hr=0) line=0(hr=0) tint=0 spotlight=0 (over 100 flips ending at flip 500)
[14:58:51] [info] color/alpha audit block 0: cmod_white=806 cmod_black=806 (idx=806) cmod_general=0 (idx=0) cmod_fb=0; alpha_taken=0 alpha_skipped=0 (global cmod=4688/3146/693/0 idx=3146/693 alpha=0/0)
[14:58:52] [info] phase timing block 0: drawcalls=16018 dc_total_ms=1779 flip_inner_total_ms=897 inter_flip_total_ms=12873 (per-flip avg x10: dc_ms=177 fi_ms=89 if_ms=1287 derived audio+engine_ms=1021; per-drawcall avg us_x10=1110) [direct-vesa: presents=100 total_ms=379 avg_ms_x10=37 failed=0] [ablation: NO_DC_TIMING=0 CACHE_WINSURF=0 DIRECT_VESA=1]
[14:58:52] [info] kbd/audio block 0: kbd_irq=0 kbd_drain=0 ring_chunks=16 pump_pass=1556 pic1_mask=0xb8 first_irq_ticks=0 install_ticks=0 vector_at_install=0x0083a050 pic1_mask_live=0x38 kbd_8042_stat=0x34 bios_kbd_head=0x0026 bios_kbd_tail=0x0026 bios_kbd_buf0=0x3920
[14:58:52] [info] audio/engine split block 0: audio_mixer_calls=456 audio_mixer_ms_x10=51 engine_tick_calls=0 engine_tick_ms_x10=0 audio_service_calls=0 audio_service_ms_x10=0 (per-flip avg; per-call us_x10: audio_mix=11300 engine_tick=0 audio_service=0; global ns: audio_mix=1677480344 engine_tick=10638958078 audio_service=0)
[14:58:52] [info] dirty-rect block @flip=500: total_calls=0 dirty_rects_avg=1 dirty_pct_x10=1000 forced_full=0 first_n_force=0 threshold_exceeded=0 dirty_path_taken=0 full_flush_taken=0
[14:58:52] [info] prev-frame-diff block @flip=500: diff_calls=0 diff_rects_avg=0 diff_dirty_pct_x10=0 bbox_pct_x10=0 bbox_thresh_exceeded=0
[14:58:52] [info] tas: stall frame 185 ms -> contributing 1 tick (patch 0286)
[14:58:52] [info] flip-probe: flip #510 ok=true present=4ms inter_flip_ms=70 drawcalls-since-flip=41 drawcalls-total=50897 fail-total=0 null-skips-total=0
[14:58:53] [info] flip-probe: flip #520 ok=true present=4ms inter_flip_ms=77 drawcalls-since-flip=41 drawcalls-total=51307 fail-total=0 null-skips-total=0
[14:58:54] [info] flip-probe: flip #530 ok=true present=4ms inter_flip_ms=70 drawcalls-since-flip=41 drawcalls-total=51725 fail-total=0 null-skips-total=0
[14:58:55] [info] flip-probe: flip #540 ok=true present=4ms inter_flip_ms=78 drawcalls-since-flip=42 drawcalls-total=52141 fail-total=0 null-skips-total=0
[14:58:55] [info] flip-probe: flip #550 ok=true present=4ms inter_flip_ms=80 drawcalls-since-flip=42 drawcalls-total=52564 fail-total=0 null-skips-total=0
[14:58:56] [info] backdrop cache: thrashing-detect engaged (streak=64, route=direct)
[14:58:56] [info] flip-probe: flip #560 ok=true present=4ms inter_flip_ms=73 drawcalls-since-flip=43 drawcalls-total=52985 fail-total=0 null-skips-total=0
[14:58:56] [info] run_tick_fixed #1800: heartbeat (loop alive)
[14:58:57] [info] flip-probe: flip #570 ok=true present=3ms inter_flip_ms=74 drawcalls-since-flip=44 drawcalls-total=53421 fail-total=0 null-skips-total=0
[14:58:58] [info] flip-probe: flip #580 ok=true present=4ms inter_flip_ms=73 drawcalls-since-flip=43 drawcalls-total=53859 fail-total=0 null-skips-total=0
[14:58:58] [info] flip-probe: flip #590 ok=true present=4ms inter_flip_ms=70 drawcalls-since-flip=43 drawcalls-total=54286 fail-total=0 null-skips-total=0
[14:58:59] [info] flip-probe: flip #600 ok=true present=4ms inter_flip_ms=71 drawcalls-since-flip=42 drawcalls-total=54706 fail-total=0 null-skips-total=0
[14:58:59] [info] alpha audit block 0: 2823 total drawcalls, 0 with alpha<255 (block pct_x10=0; global 0/49155 pct_x10=0); alpha-mod skipped: block=0 global=0
[14:58:59] [info] fastpath audit block 0: taken=2823 (idx8=2823) skipped=0 pct_x10=1000; global taken=49155 (idx8=49155) skipped=0 pct_x10=1000
[14:58:59] [info] primitive tally block 0: clear=200(hr=200) fill=0(hr=0) rect=0(hr=0) line=0(hr=0) tint=0 spotlight=0 (over 100 flips ending at flip 600)
[14:58:59] [info] color/alpha audit block 0: cmod_white=1300 cmod_black=1300 (idx=1300) cmod_general=0 (idx=0) cmod_fb=0; alpha_taken=0 alpha_skipped=0 (global cmod=5988/4446/693/0 idx=4446/693 alpha=0/0)
[14:58:59] [info] phase timing block 0: drawcalls=5623 dc_total_ms=1033 flip_inner_total_ms=880 inter_flip_total_ms=7580 (per-flip avg x10: dc_ms=103 fi_ms=88 if_ms=758 derived audio+engine_ms=567; per-drawcall avg us_x10=1838) [direct-vesa: presents=100 total_ms=378 avg_ms_x10=37 failed=0] [ablation: NO_DC_TIMING=0 CACHE_WINSURF=0 DIRECT_VESA=1]
[14:58:59] [info] kbd/audio block 0: kbd_irq=0 kbd_drain=0 ring_chunks=16 pump_pass=1930 pic1_mask=0xb8 first_irq_ticks=0 install_ticks=0 vector_at_install=0x0083a050 pic1_mask_live=0x38 kbd_8042_stat=0x34 bios_kbd_head=0x0026 bios_kbd_tail=0x0026 bios_kbd_buf0=0x3920
[14:58:59] [info] audio/engine split block 0: audio_mixer_calls=331 audio_mixer_ms_x10=37 engine_tick_calls=0 engine_tick_ms_x10=0 audio_service_calls=0 audio_service_ms_x10=0 (per-flip avg; per-call us_x10: audio_mix=11312 engine_tick=0 audio_service=0; global ns: audio_mix=2051940206 engine_tick=10638958078 audio_service=0)
[14:58:59] [info] dirty-rect block @flip=600: total_calls=0 dirty_rects_avg=1 dirty_pct_x10=1000 forced_full=0 first_n_force=0 threshold_exceeded=0 dirty_path_taken=0 full_flush_taken=0
[14:58:59] [info] prev-frame-diff block @flip=600: diff_calls=0 diff_rects_avg=0 diff_dirty_pct_x10=0 bbox_pct_x10=0 bbox_thresh_exceeded=0
[14:59:00] [info] flip-probe: flip #610 ok=true present=4ms inter_flip_ms=78 drawcalls-since-flip=53 drawcalls-total=55137 fail-total=0 null-skips-total=0
[14:59:01] [info] backdrop cache: thrashing-detect engaged (streak=124, route=direct)
[14:59:01] [info] flip-probe: flip #620 ok=true present=4ms inter_flip_ms=77 drawcalls-since-flip=17 drawcalls-total=55430 fail-total=0 null-skips-total=0
[14:59:01] [info] flip-probe: flip #630 ok=true present=4ms inter_flip_ms=95 drawcalls-since-flip=215 drawcalls-total=56029 fail-total=0 null-skips-total=0
[14:59:02] [info]  >> Entering stage 15: 'Reservoir'.
[14:59:02] [info] [skip-sheet-flush] cave=6
[14:59:02] [info] [load-stage] preloading entry music song=9 (cave=6)
[14:59:03] [info] gameloop: entered (curmap=15, running=1)
[14:59:03] [info] gameloop: iter 1 ticks=102498 mapno=-1
[14:59:03] [info] mds-clear-lut: rebuilt N=240 entries (k_skip=13% k_keep=87%; curmap=15 map_size=40x20; rebuild #4 since boot)
[14:59:03] [info] gameloop: iter 2 ticks=102642 mapno=-1
[14:59:03] [info] gameloop: iter 3 ticks=102770 mapno=-1
[14:59:03] [info] flip-probe: flip #640 ok=true present=4ms inter_flip_ms=98 drawcalls-since-flip=201 drawcalls-total=58724 fail-total=0 null-skips-total=0
[14:59:04] [info] flip-probe: flip #650 ok=true present=4ms inter_flip_ms=57 drawcalls-since-flip=32 drawcalls-total=59172 fail-total=0 null-skips-total=0
[14:59:05] [info] flip-probe: flip #660 ok=true present=4ms inter_flip_ms=70 drawcalls-since-flip=32 drawcalls-total=59492 fail-total=0 null-skips-total=0
[14:59:05] [info] backdrop cache: thrashing-detect engaged (streak=4, route=direct)
[14:59:05] [info] flip-probe: flip #670 ok=true present=4ms inter_flip_ms=69 drawcalls-since-flip=33 drawcalls-total=59835 fail-total=0 null-skips-total=0
[14:59:06] [info] flip-probe: flip #680 ok=true present=4ms inter_flip_ms=68 drawcalls-since-flip=32 drawcalls-total=60155 fail-total=0 null-skips-total=0
[14:59:07] [info] tas: stall frame 282 ms -> contributing 1 tick (patch 0286)
[14:59:07] [info] flip-probe: flip #690 ok=true present=4ms inter_flip_ms=77 drawcalls-since-flip=33 drawcalls-total=60477 fail-total=0 null-skips-total=0
[14:59:08] [info] flip-probe: flip #700 ok=true present=4ms inter_flip_ms=66 drawcalls-since-flip=35 drawcalls-total=60815 fail-total=0 null-skips-total=0
[14:59:08] [info] alpha audit block 0: 5255 total drawcalls, 0 with alpha<255 (block pct_x10=0; global 0/54410 pct_x10=0); alpha-mod skipped: block=0 global=0
[14:59:08] [info] fastpath audit block 0: taken=5255 (idx8=5255) skipped=0 pct_x10=1000; global taken=54410 (idx8=54410) skipped=0 pct_x10=1000
[14:59:08] [info] primitive tally block 0: clear=201(hr=201) fill=0(hr=0) rect=0(hr=0) line=0(hr=0) tint=0 spotlight=0 (over 100 flips ending at flip 700)
[14:59:08] [info] color/alpha audit block 0: cmod_white=754 cmod_black=754 (idx=754) cmod_general=0 (idx=0) cmod_fb=0; alpha_taken=0 alpha_skipped=0 (global cmod=6742/5200/693/0 idx=5200/693 alpha=0/0)
[14:59:08] [info] phase timing block 0: drawcalls=6989 dc_total_ms=1382 flip_inner_total_ms=904 inter_flip_total_ms=8573 (per-flip avg x10: dc_ms=138 fi_ms=90 if_ms=857 derived audio+engine_ms=629; per-drawcall avg us_x10=1977) [direct-vesa: presents=100 total_ms=380 avg_ms_x10=38 failed=0] [ablation: NO_DC_TIMING=0 CACHE_WINSURF=0 DIRECT_VESA=1]
[14:59:08] [info] kbd/audio block 0: kbd_irq=0 kbd_drain=0 ring_chunks=16 pump_pass=2302 pic1_mask=0xb8 first_irq_ticks=0 install_ticks=0 vector_at_install=0x0083a050 pic1_mask_live=0x38 kbd_8042_stat=0x34 bios_kbd_head=0x0026 bios_kbd_tail=0x0026 bios_kbd_buf0=0x3920
[14:59:08] [info] audio/engine split block 0: audio_mixer_calls=337 audio_mixer_ms_x10=37 engine_tick_calls=0 engine_tick_ms_x10=0 audio_service_calls=0 audio_service_ms_x10=0 (per-flip avg; per-call us_x10: audio_mix=11213 engine_tick=0 audio_service=0; global ns: audio_mix=2429823688 engine_tick=10638958078 audio_service=0)
[14:59:08] [info] dirty-rect block @flip=700: total_calls=0 dirty_rects_avg=1 dirty_pct_x10=1000 forced_full=0 first_n_force=0 threshold_exceeded=0 dirty_path_taken=0 full_flush_taken=0
[14:59:08] [info] prev-frame-diff block @flip=700: diff_calls=0 diff_rects_avg=0 diff_dirty_pct_x10=0 bbox_pct_x10=0 bbox_thresh_exceeded=0
[14:59:08] [info] tas: stall frame 150 ms -> contributing 1 tick (patch 0286)
[14:59:08] [info] flip-probe: flip #710 ok=true present=4ms inter_flip_ms=68 drawcalls-since-flip=36 drawcalls-total=61171 fail-total=0 null-skips-total=0
[14:59:09] [info] flip-probe: flip #720 ok=true present=4ms inter_flip_ms=59 drawcalls-since-flip=36 drawcalls-total=61530 fail-total=0 null-skips-total=0
[14:59:09] [info] backdrop cache: thrashing-detect engaged (streak=64, route=direct)
[14:59:10] [info] run_tick_fixed #2400: heartbeat (loop alive)
[14:59:10] [info] flip-probe: flip #730 ok=true present=4ms inter_flip_ms=87 drawcalls-since-flip=34 drawcalls-total=61880 fail-total=0 null-skips-total=0
[14:59:10] [info] flip-probe: flip #740 ok=true present=4ms inter_flip_ms=62 drawcalls-since-flip=33 drawcalls-total=62219 fail-total=0 null-skips-total=0
[14:59:11] [info] flip-probe: flip #750 ok=true present=4ms inter_flip_ms=73 drawcalls-since-flip=34 drawcalls-total=62548 fail-total=0 null-skips-total=0
[14:59:12] [info] flip-probe: flip #760 ok=true present=4ms inter_flip_ms=71 drawcalls-since-flip=17 drawcalls-total=62807 fail-total=0 null-skips-total=0
[14:59:12] [info] backdrop cache: thrashing-detect engaged (streak=4, route=direct)
[14:59:12] [info] flip-probe: flip #770 ok=true present=4ms inter_flip_ms=63 drawcalls-since-flip=15 drawcalls-total=62958 fail-total=0 null-skips-total=0
[14:59:13] [info] flip-probe: flip #780 ok=true present=4ms inter_flip_ms=67 drawcalls-since-flip=14 drawcalls-total=63101 fail-total=0 null-skips-total=0
[14:59:14] [info] flip-probe: flip #790 ok=true present=4ms inter_flip_ms=60 drawcalls-since-flip=14 drawcalls-total=63241 fail-total=0 null-skips-total=0
[14:59:14] [info] flip-probe: flip #800 ok=true present=4ms inter_flip_ms=67 drawcalls-since-flip=14 drawcalls-total=63381 fail-total=0 null-skips-total=0
[14:59:14] [info] alpha audit block 0: 1971 total drawcalls, 0 with alpha<255 (block pct_x10=0; global 0/56381 pct_x10=0); alpha-mod skipped: block=0 global=0
[14:59:14] [info] fastpath audit block 0: taken=1971 (idx8=1971) skipped=0 pct_x10=1000; global taken=56381 (idx8=56381) skipped=0 pct_x10=1000
[14:59:14] [info] primitive tally block 0: clear=200(hr=200) fill=0(hr=0) rect=0(hr=0) line=0(hr=0) tint=0 spotlight=0 (over 100 flips ending at flip 800)
[14:59:14] [info] color/alpha audit block 0: cmod_white=495 cmod_black=495 (idx=495) cmod_general=0 (idx=0) cmod_fb=0; alpha_taken=0 alpha_skipped=0 (global cmod=7237/5695/693/0 idx=5695/693 alpha=0/0)
[14:59:14] [info] phase timing block 0: drawcalls=3176 dc_total_ms=875 flip_inner_total_ms=872 inter_flip_total_ms=6797 (per-flip avg x10: dc_ms=87 fi_ms=87 if_ms=679 derived audio+engine_ms=505; per-drawcall avg us_x10=2755) [direct-vesa: presents=100 total_ms=378 avg_ms_x10=37 failed=0] [ablation: NO_DC_TIMING=0 CACHE_WINSURF=0 DIRECT_VESA=1]
[14:59:14] [info] kbd/audio block 0: kbd_irq=0 kbd_drain=0 ring_chunks=16 pump_pass=2636 pic1_mask=0xb8 first_irq_ticks=0 install_ticks=0 vector_at_install=0x0083a050 pic1_mask_live=0x38 kbd_8042_stat=0x34 bios_kbd_head=0x0026 bios_kbd_tail=0x0026 bios_kbd_buf0=0x3920
[14:59:14] [info] audio/engine split block 0: audio_mixer_calls=298 audio_mixer_ms_x10=33 engine_tick_calls=0 engine_tick_ms_x10=0 audio_service_calls=0 audio_service_ms_x10=0 (per-flip avg; per-call us_x10: audio_mix=11235 engine_tick=0 audio_service=0; global ns: audio_mix=2764644926 engine_tick=10638958078 audio_service=0)
[14:59:14] [info] dirty-rect block @flip=800: total_calls=0 dirty_rects_avg=1 dirty_pct_x10=1000 forced_full=0 first_n_force=0 threshold_exceeded=0 dirty_path_taken=0 full_flush_taken=0
[14:59:14] [info] prev-frame-diff block @flip=800: diff_calls=0 diff_rects_avg=0 diff_dirty_pct_x10=0 bbox_pct_x10=0 bbox_thresh_exceeded=0
[14:59:15] [info] flip-probe: flip #810 ok=true present=4ms inter_flip_ms=64 drawcalls-since-flip=14 drawcalls-total=63521 fail-total=0 null-skips-total=0
[14:59:16] [info] run_tick_fixed #2700: heartbeat (loop alive)
[14:59:16] [info] flip-probe: flip #820 ok=true present=4ms inter_flip_ms=66 drawcalls-since-flip=14 drawcalls-total=63661 fail-total=0 null-skips-total=0
[14:59:16] [info] backdrop cache: thrashing-detect engaged (streak=64, route=direct)
[14:59:16] [info]  >> Entering stage 11: 'Mimiga Village'.
[14:59:16] [info] [skip-sheet-flush] cave=7
[14:59:17] [info] [load-stage] preloading entry music song=9 (cave=7)
[14:59:17] [info] gameloop: entered (curmap=11, running=1)
[14:59:17] [info] gameloop: iter 1 ticks=117017 mapno=-1
[14:59:17] [info] mds-clear-lut: rebuilt N=240 entries (k_skip=0% k_keep=100%; curmap=11 map_size=60x60; rebuild #5 since boot)
[14:59:17] [info] gameloop: iter 2 ticks=117164 mapno=-1
[14:59:17] [info] gameloop: iter 3 ticks=117296 mapno=-1
[14:59:18] [info] flip-probe: flip #830 ok=true present=4ms inter_flip_ms=136 drawcalls-since-flip=331 drawcalls-total=66250 fail-total=0 null-skips-total=0
[14:59:18] [info] tas: stall frame 282 ms -> contributing 1 tick (patch 0286)
[14:59:19] [info] flip-probe: flip #840 ok=true present=4ms inter_flip_ms=77 drawcalls-since-flip=42 drawcalls-total=67136 fail-total=0 null-skips-total=0
[14:59:19] [info] flip-probe: flip #850 ok=true present=4ms inter_flip_ms=74 drawcalls-since-flip=42 drawcalls-total=67556 fail-total=0 null-skips-total=0
[14:59:20] [info] backdrop cache: thrashing-detect engaged (streak=4, route=direct)
[14:59:20] [info] flip-probe: flip #860 ok=true present=4ms inter_flip_ms=89 drawcalls-since-flip=45 drawcalls-total=68068 fail-total=0 null-skips-total=0
[14:59:21] [info] flip-probe: flip #870 ok=true present=4ms inter_flip_ms=78 drawcalls-since-flip=43 drawcalls-total=68518 fail-total=0 null-skips-total=0
[14:59:22] [info] flip-probe: flip #880 ok=true present=3ms inter_flip_ms=68 drawcalls-since-flip=44 drawcalls-total=68953 fail-total=0 null-skips-total=0
[14:59:23] [info] flip-probe: flip #890 ok=true present=4ms inter_flip_ms=70 drawcalls-since-flip=45 drawcalls-total=69408 fail-total=0 null-skips-total=0
[14:59:23] [info] flip-probe: flip #900 ok=true present=4ms inter_flip_ms=67 drawcalls-since-flip=45 drawcalls-total=69858 fail-total=0 null-skips-total=0
[14:59:23] [info] alpha audit block 0: 5428 total drawcalls, 0 with alpha<255 (block pct_x10=0; global 0/61809 pct_x10=0); alpha-mod skipped: block=0 global=0
[14:59:23] [info] fastpath audit block 0: taken=5428 (idx8=5428) skipped=0 pct_x10=1000; global taken=61809 (idx8=61809) skipped=0 pct_x10=1000
[14:59:23] [info] primitive tally block 0: clear=201(hr=201) fill=0(hr=0) rect=0(hr=0) line=0(hr=0) tint=0 spotlight=0 (over 100 flips ending at flip 900)
[14:59:23] [info] color/alpha audit block 0: cmod_white=949 cmod_black=949 (idx=949) cmod_general=0 (idx=0) cmod_fb=0; alpha_taken=0 alpha_skipped=0 (global cmod=8186/6644/693/0 idx=6644/693 alpha=0/0)
[14:59:23] [info] phase timing block 0: drawcalls=7557 dc_total_ms=1456 flip_inner_total_ms=887 inter_flip_total_ms=8931 (per-flip avg x10: dc_ms=145 fi_ms=88 if_ms=893 derived audio+engine_ms=660; per-drawcall avg us_x10=1927) [direct-vesa: presents=100 total_ms=379 avg_ms_x10=37 failed=0] [ablation: NO_DC_TIMING=0 CACHE_WINSURF=0 DIRECT_VESA=1]
[14:59:23] [info] kbd/audio block 0: kbd_irq=0 kbd_drain=0 ring_chunks=16 pump_pass=3024 pic1_mask=0xb8 first_irq_ticks=0 install_ticks=0 vector_at_install=0x0083a050 pic1_mask_live=0x38 kbd_8042_stat=0x34 bios_kbd_head=0x0026 bios_kbd_tail=0x0026 bios_kbd_buf0=0x3920
[14:59:23] [info] audio/engine split block 0: audio_mixer_calls=350 audio_mixer_ms_x10=39 engine_tick_calls=0 engine_tick_ms_x10=0 audio_service_calls=0 audio_service_ms_x10=0 (per-flip avg; per-call us_x10: audio_mix=11296 engine_tick=0 audio_service=0; global ns: audio_mix=3160032035 engine_tick=10638958078 audio_service=0)
[14:59:23] [info] dirty-rect block @flip=900: total_calls=0 dirty_rects_avg=1 dirty_pct_x10=1000 forced_full=0 first_n_force=0 threshold_exceeded=0 dirty_path_taken=0 full_flush_taken=0
[14:59:23] [info] prev-frame-diff block @flip=900: diff_calls=0 diff_rects_avg=0 diff_dirty_pct_x10=0 bbox_pct_x10=0 bbox_thresh_exceeded=0
[14:59:23] [info] tas: stall frame 150 ms -> contributing 1 tick (patch 0286)
[14:59:24] [info] flip-probe: flip #910 ok=true present=4ms inter_flip_ms=71 drawcalls-since-flip=45 drawcalls-total=70308 fail-total=0 null-skips-total=0
[14:59:25] [info] backdrop cache: thrashing-detect engaged (streak=64, route=direct)
[14:59:25] [info] flip-probe: flip #920 ok=true present=4ms inter_flip_ms=70 drawcalls-since-flip=44 drawcalls-total=70748 fail-total=0 null-skips-total=0
[14:59:26] [info] flip-probe: flip #930 ok=true present=4ms inter_flip_ms=74 drawcalls-since-flip=44 drawcalls-total=71180 fail-total=0 null-skips-total=0
[14:59:26] [info] flip-probe: flip #940 ok=true present=4ms inter_flip_ms=74 drawcalls-since-flip=45 drawcalls-total=71626 fail-total=0 null-skips-total=0
[14:59:27] [info] flip-probe: flip #950 ok=true present=4ms inter_flip_ms=70 drawcalls-since-flip=18 drawcalls-total=71997 fail-total=0 null-skips-total=0
[14:59:28] [info] flip-probe: flip #960 ok=true present=4ms inter_flip_ms=64 drawcalls-since-flip=17 drawcalls-total=72172 fail-total=0 null-skips-total=0
[14:59:28] [info] flip-probe: flip #970 ok=true present=4ms inter_flip_ms=61 drawcalls-since-flip=18 drawcalls-total=72352 fail-total=0 null-skips-total=0
[14:59:29] [info] run_tick_fixed #3300: heartbeat (loop alive)
[14:59:29] [info] backdrop cache: thrashing-detect engaged (streak=124, route=direct)
[14:59:29] [info] flip-probe: flip #980 ok=true present=4ms inter_flip_ms=66 drawcalls-since-flip=19 drawcalls-total=72542 fail-total=0 null-skips-total=0
[14:59:30] [info] backdrop cache: thrashing-detect engaged (streak=4, route=direct)
[14:59:30] [info] flip-probe: flip #990 ok=true present=4ms inter_flip_ms=67 drawcalls-since-flip=20 drawcalls-total=72737 fail-total=0 null-skips-total=0
[14:59:31] [info] flip-probe: flip #1000 ok=true present=3ms inter_flip_ms=75 drawcalls-since-flip=20 drawcalls-total=72937 fail-total=0 null-skips-total=0
[14:59:31] [info] alpha audit block 0: 2368 total drawcalls, 0 with alpha<255 (block pct_x10=0; global 0/64177 pct_x10=0); alpha-mod skipped: block=0 global=0
[14:59:31] [info] fastpath audit block 0: taken=2368 (idx8=2368) skipped=0 pct_x10=1000; global taken=64177 (idx8=64177) skipped=0 pct_x10=1000
[14:59:31] [info] primitive tally block 0: clear=200(hr=200) fill=0(hr=0) rect=0(hr=0) line=0(hr=0) tint=0 spotlight=0 (over 100 flips ending at flip 1000)
[14:59:31] [info] color/alpha audit block 0: cmod_white=611 cmod_black=611 (idx=611) cmod_general=0 (idx=0) cmod_fb=0; alpha_taken=0 alpha_skipped=0 (global cmod=8797/7255/693/0 idx=7255/693 alpha=0/0)
[14:59:31] [info] phase timing block 0: drawcalls=3794 dc_total_ms=905 flip_inner_total_ms=877 inter_flip_total_ms=7304 (per-flip avg x10: dc_ms=90 fi_ms=87 if_ms=730 derived audio+engine_ms=553; per-drawcall avg us_x10=2386) [direct-vesa: presents=100 total_ms=378 avg_ms_x10=37 failed=0] [ablation: NO_DC_TIMING=0 CACHE_WINSURF=0 DIRECT_VESA=1]
[14:59:31] [info] kbd/audio block 0: kbd_irq=0 kbd_drain=0 ring_chunks=16 pump_pass=3383 pic1_mask=0xb8 first_irq_ticks=0 install_ticks=0 vector_at_install=0x0083a050 pic1_mask_live=0x38 kbd_8042_stat=0x34 bios_kbd_head=0x0026 bios_kbd_tail=0x0026 bios_kbd_buf0=0x3920
[14:59:31] [info] audio/engine split block 0: audio_mixer_calls=318 audio_mixer_ms_x10=35 engine_tick_calls=0 engine_tick_ms_x10=0 audio_service_calls=0 audio_service_ms_x10=0 (per-flip avg; per-call us_x10: audio_mix=11260 engine_tick=0 audio_service=0; global ns: audio_mix=3518102059 engine_tick=10638958078 audio_service=0)
[14:59:31] [info] dirty-rect block @flip=1000: total_calls=0 dirty_rects_avg=1 dirty_pct_x10=1000 forced_full=0 first_n_force=0 threshold_exceeded=0 dirty_path_taken=0 full_flush_taken=0
[14:59:31] [info] prev-frame-diff block @flip=1000: diff_calls=0 diff_rects_avg=0 diff_dirty_pct_x10=0 bbox_pct_x10=0 bbox_thresh_exceeded=0
[14:59:31] [info] flip-probe: flip #1010 ok=true present=4ms inter_flip_ms=67 drawcalls-since-flip=17 drawcalls-total=73113 fail-total=0 null-skips-total=0
[14:59:32] [info] flip-probe: flip #1020 ok=true present=4ms inter_flip_ms=71 drawcalls-since-flip=18 drawcalls-total=73286 fail-total=0 null-skips-total=0
[14:59:33] [info] flip-probe: flip #1030 ok=true present=4ms inter_flip_ms=70 drawcalls-since-flip=17 drawcalls-total=73463 fail-total=0 null-skips-total=0
[14:59:34] [info] flip-probe: flip #1040 ok=true present=4ms inter_flip_ms=67 drawcalls-since-flip=17 drawcalls-total=73628 fail-total=0 null-skips-total=0
[14:59:34] [info] backdrop cache: thrashing-detect engaged (streak=64, route=direct)
[14:59:34] [info] flip-probe: flip #1050 ok=true present=3ms inter_flip_ms=81 drawcalls-since-flip=22 drawcalls-total=73822 fail-total=0 null-skips-total=0
[14:59:35] [info] flip-probe: flip #1060 ok=true present=4ms inter_flip_ms=120 drawcalls-since-flip=299 drawcalls-total=74449 fail-total=0 null-skips-total=0
[14:59:36] [info]  >> Entering stage 19: 'Assembly Hall'.
[14:59:36] [info] [skip-sheet-flush] cave=8
[14:59:37] [info] [load-stage] preloading entry music song=9 (cave=8)
[14:59:37] [info] gameloop: entered (curmap=19, running=1)
[14:59:37] [info] gameloop: iter 1 ticks=136593 mapno=-1
[14:59:37] [info] mds-clear-lut: rebuilt N=240 entries (k_skip=100% k_keep=0%; curmap=19 map_size=21x16; rebuild #6 since boot)
[14:59:37] [info] gameloop: iter 2 ticks=136742 mapno=-1
[14:59:37] [info] gameloop: iter 3 ticks=136875 mapno=-1
[14:59:37] [info] flip-probe: flip #1070 ok=true present=3ms inter_flip_ms=101 drawcalls-since-flip=351 drawcalls-total=78083 fail-total=0 null-skips-total=0
[14:59:38] [info] flip-probe: flip #1080 ok=true present=4ms inter_flip_ms=66 drawcalls-since-flip=122 drawcalls-total=79358 fail-total=0 null-skips-total=0
[14:59:39] [info] flip-probe: flip #1090 ok=true present=4ms inter_flip_ms=71 drawcalls-since-flip=124 drawcalls-total=80584 fail-total=0 null-skips-total=0
[14:59:40] [info] flip-probe: flip #1100 ok=true present=4ms inter_flip_ms=79 drawcalls-since-flip=124 drawcalls-total=81818 fail-total=0 null-skips-total=0
[14:59:40] [info] alpha audit block 0: 8361 total drawcalls, 0 with alpha<255 (block pct_x10=0; global 0/72538 pct_x10=0); alpha-mod skipped: block=0 global=0
[14:59:40] [info] fastpath audit block 0: taken=8361 (idx8=8361) skipped=0 pct_x10=1000; global taken=72538 (idx8=72538) skipped=0 pct_x10=1000
[14:59:40] [info] primitive tally block 0: clear=201(hr=201) fill=0(hr=0) rect=0(hr=0) line=0(hr=0) tint=0 spotlight=0 (over 100 flips ending at flip 1100)
[14:59:40] [info] color/alpha audit block 0: cmod_white=420 cmod_black=420 (idx=420) cmod_general=0 (idx=0) cmod_fb=0; alpha_taken=0 alpha_skipped=0 (global cmod=9217/7675/693/0 idx=7675/693 alpha=0/0)
[14:59:40] [info] phase timing block 0: drawcalls=9437 dc_total_ms=1512 flip_inner_total_ms=894 inter_flip_total_ms=8912 (per-flip avg x10: dc_ms=151 fi_ms=89 if_ms=891 derived audio+engine_ms=651; per-drawcall avg us_x10=1602) [direct-vesa: presents=100 total_ms=378 avg_ms_x10=37 failed=0] [ablation: NO_DC_TIMING=0 CACHE_WINSURF=0 DIRECT_VESA=1]
[14:59:40] [info] kbd/audio block 0: kbd_irq=0 kbd_drain=0 ring_chunks=16 pump_pass=3763 pic1_mask=0xb8 first_irq_ticks=0 install_ticks=0 vector_at_install=0x0083a050 pic1_mask_live=0x38 kbd_8042_stat=0x34 bios_kbd_head=0x0026 bios_kbd_tail=0x0026 bios_kbd_buf0=0x3920
[14:59:40] [info] audio/engine split block 0: audio_mixer_calls=336 audio_mixer_ms_x10=37 engine_tick_calls=0 engine_tick_ms_x10=0 audio_service_calls=0 audio_service_ms_x10=0 (per-flip avg; per-call us_x10: audio_mix=11238 engine_tick=0 audio_service=0; global ns: audio_mix=3895720678 engine_tick=10638958078 audio_service=0)
[14:59:40] [info] dirty-rect block @flip=1100: total_calls=0 dirty_rects_avg=1 dirty_pct_x10=1000 forced_full=0 first_n_force=0 threshold_exceeded=0 dirty_path_taken=0 full_flush_taken=0
[14:59:40] [info] prev-frame-diff block @flip=1100: diff_calls=0 diff_rects_avg=0 diff_dirty_pct_x10=0 bbox_pct_x10=0 bbox_thresh_exceeded=0
[14:59:40] [info] tas: stall frame 158 ms -> contributing 1 tick (patch 0286)
[14:59:40] [info] flip-probe: flip #1110 ok=true present=4ms inter_flip_ms=68 drawcalls-since-flip=122 drawcalls-total=83044 fail-total=0 null-skips-total=0
[14:59:41] [info] flip-probe: flip #1120 ok=true present=3ms inter_flip_ms=66 drawcalls-since-flip=122 drawcalls-total=84264 fail-total=0 null-skips-total=0
[14:59:42] [info] flip-probe: flip #1130 ok=true present=4ms inter_flip_ms=102 drawcalls-since-flip=286 drawcalls-total=85696 fail-total=0 null-skips-total=0
[14:59:42] [info]  >> Entering stage 11: 'Mimiga Village'.
[14:59:42] [info] [skip-sheet-flush] cave=9
[14:59:43] [info] [load-stage] preloading entry music song=9 (cave=9)
[14:59:43] [info] gameloop: entered (curmap=11, running=1)
[14:59:43] [info] gameloop: iter 1 ticks=143281 mapno=-1
[14:59:43] [info] mds-clear-lut: rebuilt N=240 entries (k_skip=0% k_keep=100%; curmap=11 map_size=60x60; rebuild #7 since boot)
[14:59:44] [info] gameloop: iter 2 ticks=143429 mapno=-1
[14:59:44] [info] gameloop: iter 3 ticks=143567 mapno=-1
[14:59:44] [info] flip-probe: flip #1140 ok=true present=4ms inter_flip_ms=141 drawcalls-since-flip=380 drawcalls-total=89256 fail-total=0 null-skips-total=0
[14:59:44] [info] backdrop cache: thrashing-detect engaged (streak=4, route=direct)
[14:59:45] [info] flip-probe: flip #1150 ok=true present=4ms inter_flip_ms=87 drawcalls-since-flip=46 drawcalls-total=90050 fail-total=0 null-skips-total=0
[14:59:46] [info] flip-probe: flip #1160 ok=true present=4ms inter_flip_ms=73 drawcalls-since-flip=43 drawcalls-total=90481 fail-total=0 null-skips-total=0
[14:59:46] [info] flip-probe: flip #1170 ok=true present=4ms inter_flip_ms=71 drawcalls-since-flip=43 drawcalls-total=90920 fail-total=0 null-skips-total=0
[14:59:47] [info] flip-probe: flip #1180 ok=true present=4ms inter_flip_ms=68 drawcalls-since-flip=46 drawcalls-total=91365 fail-total=0 null-skips-total=0
[14:59:48] [info] flip-probe: flip #1190 ok=true present=3ms inter_flip_ms=77 drawcalls-since-flip=44 drawcalls-total=91811 fail-total=0 null-skips-total=0
[14:59:49] [info] flip-probe: flip #1200 ok=true present=4ms inter_flip_ms=70 drawcalls-since-flip=43 drawcalls-total=92249 fail-total=0 null-skips-total=0
[14:59:49] [info] alpha audit block 0: 9067 total drawcalls, 0 with alpha<255 (block pct_x10=0; global 0/81605 pct_x10=0); alpha-mod skipped: block=0 global=0
[14:59:49] [info] fastpath audit block 0: taken=9067 (idx8=9067) skipped=0 pct_x10=1000; global taken=81605 (idx8=81605) skipped=0 pct_x10=1000
[14:59:49] [info] primitive tally block 0: clear=202(hr=202) fill=0(hr=0) rect=0(hr=0) line=0(hr=0) tint=0 spotlight=0 (over 100 flips ending at flip 1200)
[14:59:49] [info] color/alpha audit block 0: cmod_white=1264 cmod_black=1264 (idx=1264) cmod_general=0 (idx=0) cmod_fb=0; alpha_taken=0 alpha_skipped=0 (global cmod=10481/8939/693/0 idx=8939/693 alpha=0/0)
[14:59:49] [info] phase timing block 0: drawcalls=11838 dc_total_ms=1725 flip_inner_total_ms=1098 inter_flip_total_ms=9142 (per-flip avg x10: dc_ms=172 fi_ms=109 if_ms=914 derived audio+engine_ms=633; per-drawcall avg us_x10=1457) [direct-vesa: presents=100 total_ms=380 avg_ms_x10=38 failed=0] [ablation: NO_DC_TIMING=0 CACHE_WINSURF=0 DIRECT_VESA=1]
[14:59:49] [info] kbd/audio block 0: kbd_irq=0 kbd_drain=0 ring_chunks=16 pump_pass=4146 pic1_mask=0xb8 first_irq_ticks=0 install_ticks=0 vector_at_install=0x0083a050 pic1_mask_live=0x38 kbd_8042_stat=0x34 bios_kbd_head=0x0026 bios_kbd_tail=0x0026 bios_kbd_buf0=0x3920
[14:59:49] [info] audio/engine split block 0: audio_mixer_calls=350 audio_mixer_ms_x10=39 engine_tick_calls=0 engine_tick_ms_x10=0 audio_service_calls=0 audio_service_ms_x10=0 (per-flip avg; per-call us_x10: audio_mix=11245 engine_tick=0 audio_service=0; global ns: audio_mix=4289315951 engine_tick=10638958078 audio_service=0)
[14:59:49] [info] dirty-rect block @flip=1200: total_calls=0 dirty_rects_avg=1 dirty_pct_x10=1000 forced_full=0 first_n_force=0 threshold_exceeded=0 dirty_path_taken=0 full_flush_taken=0
[14:59:49] [info] prev-frame-diff block @flip=1200: diff_calls=0 diff_rects_avg=0 diff_dirty_pct_x10=0 bbox_pct_x10=0 bbox_thresh_exceeded=0
[14:59:49] [info] tas: stall frame 364 ms -> contributing 1 tick (patch 0286)
[14:59:49] [info] backdrop cache: thrashing-detect engaged (streak=64, route=direct)
[14:59:50] [info] flip-probe: flip #1210 ok=true present=4ms inter_flip_ms=76 drawcalls-since-flip=43 drawcalls-total=92679 fail-total=0 null-skips-total=0
[14:59:50] [info] flip-probe: flip #1220 ok=true present=4ms inter_flip_ms=77 drawcalls-since-flip=44 drawcalls-total=93118 fail-total=0 null-skips-total=0
[14:59:51] [info] flip-probe: flip #1230 ok=true present=4ms inter_flip_ms=79 drawcalls-since-flip=42 drawcalls-total=93563 fail-total=0 null-skips-total=0
[14:59:52] [info] flip-probe: flip #1240 ok=true present=5ms inter_flip_ms=100 drawcalls-since-flip=142 drawcalls-total=94075 fail-total=0 null-skips-total=0
[14:59:53] [info]  >> Entering stage 14: 'Shack'.
[14:59:53] [info] [skip-sheet-flush] cave=10
[14:59:53] [info] [load-stage] preloading entry music song=8 (cave=10)
[14:59:55] [info] Organya pre-render: cache HIT VIVI (1580544 bytes from CACHE; 1 ch; synth skipped).
[14:59:55] [info] gameloop: entered (curmap=14, running=1)
[14:59:55] [info] gameloop: iter 1 ticks=154939 mapno=-1
[14:59:55] [info] gameloop: iter 2 ticks=155058 mapno=-1
[14:59:55] [info] gameloop: iter 3 ticks=155175 mapno=-1
[14:59:56] [info] flip-probe: flip #1250 ok=true present=4ms inter_flip_ms=113 drawcalls-since-flip=341 drawcalls-total=97363 fail-total=0 null-skips-total=0
[14:59:56] [info] flip-probe: flip #1260 ok=true present=4ms inter_flip_ms=54 drawcalls-since-flip=24 drawcalls-total=97838 fail-total=0 null-skips-total=0
[14:59:57] [info] flip-probe: flip #1270 ok=true present=4ms inter_flip_ms=59 drawcalls-since-flip=24 drawcalls-total=98078 fail-total=0 null-skips-total=0
[14:59:57] [info] flip-probe: flip #1280 ok=true present=4ms inter_flip_ms=60 drawcalls-since-flip=27 drawcalls-total=98347 fail-total=0 null-skips-total=0
[14:59:58] [info] flip-probe: flip #1290 ok=true present=3ms inter_flip_ms=55 drawcalls-since-flip=24 drawcalls-total=98590 fail-total=0 null-skips-total=0
[14:59:58] [info] flip-probe: flip #1300 ok=true present=4ms inter_flip_ms=53 drawcalls-since-flip=24 drawcalls-total=98830 fail-total=0 null-skips-total=0
[14:59:58] [info] alpha audit block 0: 5667 total drawcalls, 0 with alpha<255 (block pct_x10=0; global 0/87272 pct_x10=0); alpha-mod skipped: block=0 global=0
[14:59:58] [info] fastpath audit block 0: taken=5667 (idx8=5667) skipped=0 pct_x10=1000; global taken=87272 (idx8=87272) skipped=0 pct_x10=1000
[14:59:58] [info] primitive tally block 0: clear=201(hr=201) fill=0(hr=0) rect=0(hr=0) line=0(hr=0) tint=0 spotlight=0 (over 100 flips ending at flip 1300)
[14:59:58] [info] color/alpha audit block 0: cmod_white=868 cmod_black=868 (idx=868) cmod_general=0 (idx=0) cmod_fb=0; alpha_taken=0 alpha_skipped=0 (global cmod=11349/9807/693/0 idx=9807/693 alpha=0/0)
[14:59:58] [info] phase timing block 0: drawcalls=7604 dc_total_ms=1299 flip_inner_total_ms=914 inter_flip_total_ms=9689 (per-flip avg x10: dc_ms=129 fi_ms=91 if_ms=968 derived audio+engine_ms=748; per-drawcall avg us_x10=1708) [direct-vesa: presents=100 total_ms=383 avg_ms_x10=38 failed=0] [ablation: NO_DC_TIMING=0 CACHE_WINSURF=0 DIRECT_VESA=1]
[14:59:58] [info] kbd/audio block 0: kbd_irq=0 kbd_drain=0 ring_chunks=16 pump_pass=4493 pic1_mask=0xb8 first_irq_ticks=0 install_ticks=0 vector_at_install=0x0083a050 pic1_mask_live=0x38 kbd_8042_stat=0x34 bios_kbd_head=0x0026 bios_kbd_tail=0x0026 bios_kbd_buf0=0x3920
[14:59:58] [info] audio/engine split block 0: audio_mixer_calls=316 audio_mixer_ms_x10=35 engine_tick_calls=0 engine_tick_ms_x10=0 audio_service_calls=0 audio_service_ms_x10=0 (per-flip avg; per-call us_x10: audio_mix=11287 engine_tick=0 audio_service=0; global ns: audio_mix=4645988889 engine_tick=10638958078 audio_service=0)
[14:59:58] [info] dirty-rect block @flip=1300: total_calls=0 dirty_rects_avg=1 dirty_pct_x10=1000 forced_full=0 first_n_force=0 threshold_exceeded=0 dirty_path_taken=0 full_flush_taken=0
[14:59:58] [info] prev-frame-diff block @flip=1300: diff_calls=0 diff_rects_avg=0 diff_dirty_pct_x10=0 bbox_pct_x10=0 bbox_thresh_exceeded=0
[14:59:59] [info] flip-probe: flip #1310 ok=true present=4ms inter_flip_ms=55 drawcalls-since-flip=24 drawcalls-total=99070 fail-total=0 null-skips-total=0
[15:00:00] [info] flip-probe: flip #1320 ok=true present=4ms inter_flip_ms=51 drawcalls-since-flip=24 drawcalls-total=99310 fail-total=0 null-skips-total=0
[15:00:00] [info] flip-probe: flip #1330 ok=true present=4ms inter_flip_ms=62 drawcalls-since-flip=73 drawcalls-total=99599 fail-total=0 null-skips-total=0
[15:00:01] [info]  >> Entering stage 11: 'Mimiga Village'.
[15:00:01] [info] [skip-sheet-flush] cave=11
[15:00:02] [info] [load-stage] preloading entry music song=9 (cave=11)
[15:00:02] [info] Organya pre-render: cache HIT MURA (1481280 bytes from CACHE; 1 ch; synth skipped).
[15:00:02] [info] gameloop: entered (curmap=11, running=1)
[15:00:02] [info] gameloop: iter 1 ticks=162259 mapno=-1
[15:00:03] [info] gameloop: iter 2 ticks=162413 mapno=-1
[15:00:03] [info] tas: stall frame 153 ms -> contributing 1 tick (patch 0286)
[15:00:03] [info] gameloop: iter 3 ticks=162545 mapno=-1
[15:00:03] [info] flip-probe: flip #1340 ok=true present=4ms inter_flip_ms=148 drawcalls-since-flip=382 drawcalls-total=102712 fail-total=0 null-skips-total=0
[15:00:03] [info] tas: stall frame 153 ms -> contributing 1 tick (patch 0286)
[15:00:03] [info] backdrop cache: thrashing-detect engaged (streak=4, route=direct)
[15:00:04] [info] flip-probe: flip #1350 ok=true present=5ms inter_flip_ms=76 drawcalls-since-flip=42 drawcalls-total=104009 fail-total=0 null-skips-total=0
[15:00:05] [info] flip-probe: flip #1360 ok=true present=4ms inter_flip_ms=77 drawcalls-since-flip=44 drawcalls-total=104443 fail-total=0 null-skips-total=0
[15:00:05] [info] flip-probe: flip #1370 ok=true present=4ms inter_flip_ms=80 drawcalls-since-flip=44 drawcalls-total=104904 fail-total=0 null-skips-total=0
[15:00:06] [info] flip-probe: flip #1380 ok=true present=4ms inter_flip_ms=70 drawcalls-since-flip=43 drawcalls-total=105334 fail-total=0 null-skips-total=0
[15:00:07] [info] flip-probe: flip #1390 ok=true present=4ms inter_flip_ms=73 drawcalls-since-flip=45 drawcalls-total=105790 fail-total=0 null-skips-total=0
[15:00:08] [info] flip-probe: flip #1400 ok=true present=3ms inter_flip_ms=75 drawcalls-since-flip=46 drawcalls-total=106241 fail-total=0 null-skips-total=0
[15:00:08] [info] alpha audit block 0: 6344 total drawcalls, 0 with alpha<255 (block pct_x10=0; global 0/93616 pct_x10=0); alpha-mod skipped: block=0 global=0
[15:00:08] [info] fastpath audit block 0: taken=6344 (idx8=6344) skipped=0 pct_x10=1000; global taken=93616 (idx8=93616) skipped=0 pct_x10=1000
[15:00:08] [info] primitive tally block 0: clear=201(hr=201) fill=0(hr=0) rect=0(hr=0) line=0(hr=0) tint=0 spotlight=0 (over 100 flips ending at flip 1400)
[15:00:08] [info] color/alpha audit block 0: cmod_white=1004 cmod_black=1004 (idx=1004) cmod_general=0 (idx=0) cmod_fb=0; alpha_taken=0 alpha_skipped=0 (global cmod=12353/10811/693/0 idx=10811/693 alpha=0/0)
[15:00:08] [info] phase timing block 0: drawcalls=8560 dc_total_ms=1432 flip_inner_total_ms=902 inter_flip_total_ms=9271 (per-flip avg x10: dc_ms=143 fi_ms=90 if_ms=927 derived audio+engine_ms=694; per-drawcall avg us_x10=1673) [direct-vesa: presents=100 total_ms=381 avg_ms_x10=38 failed=0] [ablation: NO_DC_TIMING=0 CACHE_WINSURF=0 DIRECT_VESA=1]
[15:00:08] [info] kbd/audio block 0: kbd_irq=0 kbd_drain=0 ring_chunks=16 pump_pass=4856 pic1_mask=0xb8 first_irq_ticks=0 install_ticks=0 vector_at_install=0x0083a050 pic1_mask_live=0x38 kbd_8042_stat=0x34 bios_kbd_head=0x0026 bios_kbd_tail=0x0026 bios_kbd_buf0=0x3920
[15:00:08] [info] audio/engine split block 0: audio_mixer_calls=332 audio_mixer_ms_x10=37 engine_tick_calls=0 engine_tick_ms_x10=0 audio_service_calls=0 audio_service_ms_x10=0 (per-flip avg; per-call us_x10: audio_mix=11260 engine_tick=0 audio_service=0; global ns: audio_mix=5019827707 engine_tick=10638958078 audio_service=0)
[15:00:08] [info] dirty-rect block @flip=1400: total_calls=0 dirty_rects_avg=1 dirty_pct_x10=1000 forced_full=0 first_n_force=0 threshold_exceeded=0 dirty_path_taken=0 full_flush_taken=0
[15:00:08] [info] prev-frame-diff block @flip=1400: diff_calls=0 diff_rects_avg=0 diff_dirty_pct_x10=0 bbox_pct_x10=0 bbox_thresh_exceeded=0
[15:00:08] [info] tas: stall frame 152 ms -> contributing 1 tick (patch 0286)
[15:00:08] [info] backdrop cache: thrashing-detect engaged (streak=64, route=direct)
[15:00:08] [info] flip-probe: flip #1410 ok=true present=4ms inter_flip_ms=73 drawcalls-since-flip=45 drawcalls-total=106702 fail-total=0 null-skips-total=0
[15:00:09] [info] backdrop cache: thrashing-detect engaged (streak=4, route=direct)
[15:00:09] [info] backdrop cache: thrashing-detect engaged (streak=4, route=direct)
[15:00:09] [info] flip-probe: flip #1420 ok=true present=4ms inter_flip_ms=83 drawcalls-since-flip=45 drawcalls-total=107146 fail-total=0 null-skips-total=0
[15:00:10] [info] flip-probe: flip #1430 ok=true present=4ms inter_flip_ms=68 drawcalls-since-flip=47 drawcalls-total=107607 fail-total=0 null-skips-total=0
[15:00:11] [info] flip-probe: flip #1440 ok=true present=4ms inter_flip_ms=75 drawcalls-since-flip=45 drawcalls-total=108064 fail-total=0 null-skips-total=0
[15:00:11] [info] flip-probe: flip #1450 ok=true present=4ms inter_flip_ms=70 drawcalls-since-flip=45 drawcalls-total=108514 fail-total=0 null-skips-total=0
[15:00:12] [info] flip-probe: flip #1460 ok=true present=4ms inter_flip_ms=60 drawcalls-since-flip=19 drawcalls-total=108886 fail-total=0 null-skips-total=0
[15:00:13] [info] run_tick_fixed #5100: heartbeat (loop alive)
[15:00:13] [info] flip-probe: flip #1470 ok=true present=4ms inter_flip_ms=59 drawcalls-since-flip=60 drawcalls-total=109117 fail-total=0 null-skips-total=0
[15:00:13] [info] backdrop cache: thrashing-detect engaged (streak=64, route=direct)
[15:00:13] [info] flip-probe: flip #1480 ok=true present=3ms inter_flip_ms=71 drawcalls-since-flip=60 drawcalls-total=109717 fail-total=0 null-skips-total=0
[15:00:14] [info] flip-probe: flip #1490 ok=true present=4ms inter_flip_ms=64 drawcalls-since-flip=60 drawcalls-total=110317 fail-total=0 null-skips-total=0
[15:00:15] [info] flip-probe: flip #1500 ok=true present=4ms inter_flip_ms=59 drawcalls-since-flip=60 drawcalls-total=110917 fail-total=0 null-skips-total=0
[15:00:15] [info] alpha audit block 0: 3835 total drawcalls, 0 with alpha<255 (block pct_x10=0; global 0/97451 pct_x10=0); alpha-mod skipped: block=0 global=0
[15:00:15] [info] fastpath audit block 0: taken=3835 (idx8=3835) skipped=0 pct_x10=1000; global taken=97451 (idx8=97451) skipped=0 pct_x10=1000
[15:00:15] [info] primitive tally block 0: clear=200(hr=200) fill=0(hr=0) rect=0(hr=0) line=0(hr=0) tint=31 spotlight=0 (over 100 flips ending at flip 1500)
[15:00:15] [info] color/alpha audit block 0: cmod_white=1423 cmod_black=741 (idx=741) cmod_general=0 (idx=0) cmod_fb=0; alpha_taken=0 alpha_skipped=0 (global cmod=13776/11552/693/0 idx=11552/693 alpha=0/0)
[15:00:15] [info] phase timing block 0: drawcalls=6239 dc_total_ms=1200 flip_inner_total_ms=885 inter_flip_total_ms=7110 (per-flip avg x10: dc_ms=120 fi_ms=88 if_ms=711 derived audio+engine_ms=503; per-drawcall avg us_x10=1923) [direct-vesa: presents=100 total_ms=381 avg_ms_x10=38 failed=0] [ablation: NO_DC_TIMING=0 CACHE_WINSURF=0 DIRECT_VESA=1]
[15:00:15] [info] kbd/audio block 0: kbd_irq=0 kbd_drain=0 ring_chunks=16 pump_pass=5137 pic1_mask=0xb8 first_irq_ticks=0 install_ticks=0 vector_at_install=0x0083a050 pic1_mask_live=0x38 kbd_8042_stat=0x34 bios_kbd_head=0x0026 bios_kbd_tail=0x0026 bios_kbd_buf0=0x3920
[15:00:15] [info] audio/engine split block 0: audio_mixer_calls=310 audio_mixer_ms_x10=34 engine_tick_calls=0 engine_tick_ms_x10=0 audio_service_calls=0 audio_service_ms_x10=0 (per-flip avg; per-call us_x10: audio_mix=11227 engine_tick=0 audio_service=0; global ns: audio_mix=5367880807 engine_tick=10638958078 audio_service=0)
[15:00:15] [info] dirty-rect block @flip=1500: total_calls=0 dirty_rects_avg=1 dirty_pct_x10=1000 forced_full=0 first_n_force=0 threshold_exceeded=0 dirty_path_taken=0 full_flush_taken=0
[15:00:15] [info] prev-frame-diff block @flip=1500: diff_calls=0 diff_rects_avg=0 diff_dirty_pct_x10=0 bbox_pct_x10=0 bbox_thresh_exceeded=0
[15:00:15] [info] tas: end-of-replay auto-exit at tick 5140 (recording exhausted; set DOSKUTSU_TAS_REPLAY_HOLD=1 to disable + observe steady-state past recording end)
[15:00:15] [info] Script engine shutdown.
[15:00:15] [info] Sound system shutdown
[15:00:15] [info] Renderer::Close()
[15:00:15] [info] tas: replay file closed
[15:00:16] [info] [fps-true] flips=1503 render_s=170 fps_mean=8.8 (clock-independent: flips / seconds since the FIRST flip; use THIS for the fps matrix, not inter_flip medians, which are invalid in any cell running the PIT/IRQ-0 music pump)
[RUNMANIFEST-BEGIN]
schema_version=1
environment=realhw
binary_sha12=f8d446b4b0e0
wave_tag=5C3
scene=
env_block_sha=9f8709864ddf
started_utc=2026-08-11T14:57:09Z
duration_s=187
exit_code=0
fps_p50=NA
fps_p95=NA
audio_vital_status=NA
regime=NA
banner_required_hit=0
banner_required_total=0
banner_forbidden_hit=0
banner_optional_hit=0
critical_count=0
warn_count=0
[RUNMANIFEST-END]
[15:00:16] [info] [runmanifest-emit] schema=v1 env=realhw sha12=f8d446b4b0e0 dur=187s tag='5C3' scene='' env_sha=9f8709864ddf (signals=0x4)
