Logger::init: wave-53 log level=INFO path='LOGS/5C4.LOG'
[15:00:31] [info] config: loaded DOSKUTSU.CFG (3 keys)
[15:00:31] [info] tas: PRNG seed forced to 12345 via DOSKUTSU_TAS_PRNG_SEED
[15:00:31] [info] tas: auto-exit armed at tick 30000 via DOSKUTSU_TAS_AUTO_EXIT_TICK
[15:00:31] [info] tas: replay opened path='QA.TAS' header_seed=12345
[15:00:32] [info] data cache: DISABLED (default)
[15:00:32] [info] Joystick: skipped (default; set DOSKUTSU_USE_JOYSTICK=1 to enable -- skips SDL3-DOS gameport BIOS INT 15h polling, ~82 ms / flip on real HW)
[15:00:32] [info] Loading settings...
[15:00:32] [info] [input-bind] applied=0 invert_y=0 dos_axes=1
[15:00:32] [info] Renderer::initVideo: 8bpp mode requested via SDL_HINT_DOS_MAX_BPP=8 (wave 16); SDL3-DOS will pick the highest-bpp <= 8 mode at requested resolution
[15:00:32] [info] Renderer::initVideo: DOS resolution-label lock ENABLED (default)
[15:00:32] [info] Renderer::initVideo: using: software renderer
[15:00:36] [info] Renderer::initVideo: dirty-rect tracking ENABLED (wave 15, default ON; set SDL_HINT_DOSKUTSU_DIRTY_RECTS=0 to disable)
[15:00:36] [info] Renderer::initVideo: ablation flags: NO_DC_TIMING=0 CACHE_WINSURF=0 NO_INPUT_POLL=0 DIRECT_VESA=1
[15:00:36] [info] Renderer::initVideo: direct-VESA hot path ENABLED (default since wave 20 patch 0088; bypasses SDL_RenderPresent / SDL_UpdateWindowSurface and writes via SDL/0034's PresentFull helper; R2 mitigation handled by SDL/0034 generation counter -- no per-N-flip heartbeat needed; set SDL_HINT_DOSKUTSU_DIRECT_VESA=0 to revert)
[15:00:36] [info] Renderer::initVideo: flip-phase instrumentation DISABLED (default; set SDL_HINT_DOSKUTSU_FLIP_INSTR=1 to opt in for wave-20 Lever A diagnostic)
[15:00:36] [info] Renderer::initVideo: asm opaque-span blit lever DISABLED (default; set SDL_HINT_DOSKUTSU_ASM_BLIT=1 to opt in -- wave-51 _blit_indexed colorkey-blit lever)
[15:00:36] [info] Renderer::initVideo: blit-decomp instrumentation DISABLED (default; set SDL_HINT_DOSKUTSU_BLIT_DECOMP=1 to opt in -- wave-51 _blit_indexed sub-decomp sizing)
[15:00:36] [info] Renderer::initVideo: mds-scroll-decomp instrumentation DISABLED (default; set SDL_HINT_DOSKUTSU_MDS_DECOMP=1 to opt in -- wave-52 mode_draw_scene scrolling-block decomp)
[15:00:36] [info] Renderer::initVideo: DOSVESA pump yield: skipped (default) (per-flip explicit SDL_Delay(0) yield is always on; set SDL_HINT_DOSKUTSU_FORCE_PUMP_YIELD=1 to restore old per-pump yield)
[15:00:36] [info] Renderer::initVideo: indexed-mode (8bpp) ENABLED -- master palette + 107 per-asset remap LUTs loaded (wave 16, default ON; set SDL_HINT_DOSKUTSU_PIXEL_FORMAT_8=0 to disable)
[15:00:36] [info] Renderer::initVideo: master palette attached to window surface (format=SDL_PIXELFORMAT_INDEX8, ncolors=256)
[15:00:36] [info] Renderer::initVideo: indexed-mode smoke: idx0=(0,0,0) OK idx255=(255,0,255) OK
[15:00:36] [info] Renderer::initVideo: indexed-mode smoke: paletteRemapFor('MyChar.pbm') = present
[15:00:37] [info] Surface::loadImage palmap-diag #1: 'data/Loading.pbm' fmt=SDL_PIXELFORMAT_ABGR8888 remap=HIT -> path=truecolor
[15:00:37] [info] Renderer: prev-frame diff DISABLED (default since wave 17.6; set SDL_HINT_DOSKUTSU_PREVFRAME_DIFF=1 to opt in)
[15:00:37] [info] flip-probe: renderer=software window_ptr=8809312 colorspace=301991328 window_size=320x240 framebuffer_pixels=320x240 logical_present=320x240 mode=2
[15:00:37] [info] flip-probe: first flip ok=true present=55ms inter_flip_ms=0 drawcalls-since-flip=1 drawcalls-total=1
[15:00:37] [info] Sound system init
[15:00:37] [info] Sound system: 4-state audio enable (#31) -- music=on sfx=on (MUSIC_OFF/AUDIO_BACKEND=none -> music-off; SFX_OFF/SFX_DEVICE=none -> sfx-off; both gates are dispatch-level, the device still opens; AUDIO_OFF=1 is the device-level both-off).
[15:00:37] [info] Sound system: Tier-2 audio config (default since wave 21 patch 0093; 11025 Hz, 1 channel, buffer pinned to 256 frames). Measured savings on g2k Pentium OverDrive 83 MHz (W21A): heavy-music scenes ~+11 fps vs Tier-1 baseline (measured -10 to -15 ms/flip post-0094 audio fix; W21A's pre-fix -26.6 ms figure was inflated by stereo-vs-mono playback bug, see patch 0094). Audio quality is reduced vs Tier-1 (mono, 11025 Hz, simple-average L+R downmix) but recognizable; user accepted the trade per direction 2026-05-05. Set SDL_HINT_DOSKUTSU_AUDIO_TIER2=0 to revert to Tier-1 22050 stereo (full Cave Story 2004 audio quality; trades fps for fidelity).
[15:00:37] [info] Sound system: SDL_HINT_AUDIO_DEVICE_SAMPLE_FRAMES=256
[15:00:37] [info] Pixtone IRQ rate-divider: handed master_rate=11025 int16/s (SAMPLE_RATE=11025 x AUDIO_CHANNELS=1) to SDL for auto-RATEDIV (SDL/0074 computes shift_div from the resolved device freq).
[15:00:37] [info] Sound system: device frame-rate: requesting 11025 Hz match to master (SDL_DOSAudioSetDeviceFrameRate; SB16 opens at the engine frame rate instead of SDL's 44100 floor -- 4x less PCM/s + no resampler on the Organya/Pixtone path; killswitch SDL_HINT_DOSKUTSU_DOS_AUDIO_DEVICE_RATE_DEFAULT=0).
[15:00:37] [info] audio backend: opl3 (Phase 10 Stage 4 -- concrete OPL3 FM synthesis backend via SDL/0037+ OPL3 helpers; MidiScheduler routes music dispatch through 18 x 2-op voice allocator + small inline patch bank). SoundManager::init will probe OPL3 via Adlib timer-1 sequence + fall back to organya gracefully if the chip is absent. Pixtone SFX still active on SB16 DAC.
[15:00:37] [info] wave-13.6.1: ring_chunks=16 FORCE_PUMP_YIELD=off (set SDL_HINT_DOSKUTSU_AUDIO_RING_CHUNKS=4|8|16 to override; default 16 matches wave 13.6 behaviour)
[15:00:37] [info] MidiScheduler: MIDI source = 'orgmid2' (native-GM org2mid set; resolves to data/orgmid2/<name>.mid).
[15:00:37] [info] opl3 backend probing for OPL3 chip (Adlib timer-1 sequence)...
[15:00:37] [info] opl3 backend: opl3bank.dat loaded 128 programs from 'data/opl3bank.dat' (v1; 1536 bytes payload). Per-program GM patches now use the runtime bank; programs >= 128 fall back to 8-patch family bucket. Drum channel (MIDI ch 9) unchanged (uses PATCH_DRUM regardless of bank loading).
[15:00:37] [info] opl3 backend ready (OPL3 detected via Adlib timer-1; InitChip applied 18 x 2-op layout; voice allocator armed). Patch bank state: runtime opl3bank.dat ACTIVE (loaded_count=128; programs >= loaded_count fall back to 8-patch placeholder covering GM family categories piano/mallet/organ/guitar/strings/brass/reed/pad). Phase 10.5 path: ship a fuller community bank as data/opl3bank.dat (DOPL3v1 format; 12-byte SBI records per GM program; loader at MidiBackendOpl3 ctor).
[15:00:37] [info] opl3 backend: PATCH_ORGAN + PATCH_MALLET RR=8 (medium release; wub-wub fix per patch 0171; was RR=0 in slot 0103 placeholder -- KEY-OFF couldn't silence; H6 reg 0xBD wave-47 falsified; H1+H5/RR=0 byte-level bug root per WAVE-46/47 analysis)
[15:00:37] [info] Sound system: MidiScheduler armed with MidiBackendOpl3 (patch 0103 Phase 10 Stage 4). Music dispatch routes via SMF parser + 18 x 2-op OPL3 voice allocator + small inline patch bank (community-sourced from Apogee Sound System / AdLib SBI public-domain refs). Pixtone SFX still active on SB16 DAC.
[15:00:37] [info] Sound system: idle-pause skipped (default OFF since patch 0119; backend=opl3 would qualify but operator did not opt-in via SDL_HINT_DOSKUTSU_IDLE_PAUSE=1). DSP stays in continuous-stream mode. Re-enable for an A/B iter once SDL/0037 ForcePause non-engagement is rooted out (task #17).
[15:00:37] [warn] Music dir Ogg/ doesn't exist
[15:00:37] [warn] Music dir Ogg11/ doesn't exist
[15:00:37] [warn] Music dir Ogg17/ doesn't exist
[15:00:38] [warn] Music dir Ogg_ridic/ doesn't exist
[15:00:38] [info] Loading Sound FX...
[15:00:38] [info] [pxt-cache] init(): HIT (loaded cache; render skipped)
[15:00:50] [info] Organya init...
[15:00:51] [info] Organya init done
[15:01:07] [info] gus SFX gain [nx0259]: 70% (SDL_HINT_DOSKUTSU_GUS_SFX_GAIN; scales the GF1 SFX voice volume to balance against velocity/CC-scaled GUS music; default 70, clamp 0..150).
[15:01:07] [info] pixtone IRQ-mix: ENABLED (default; SDL backend engaged; set SDL_HINT_DOSKUTSU_PIXTONE_IRQ_MIX=0 to disable)
[15:01:07] [info] Pixtone::setVolume: L3 active -- mid-play SFX volume updates are no-op in v1 (v2 candidate: SDL_DOSPixtoneSetGain API). gain_x256=256 stored for subsequent SDL_DOSPixtoneStart calls; currently-playing L3 channels unaffected.
[15:01:07] [info] midi ISR tick: engine registered tick_isr callback (L2b active; default ON; set SDL_HINT_DOSKUTSU_MIDI_ISR_TICK=0 to disable)
[15:01:07] [info] menu slide-in fixed-timestep: ENABLED (default; slide advances at 50 Hz logic rate)
[15:01:08] [info] Reading npc.tbl...
[15:01:08] [info] Loading tilekey.dat.
[15:01:08] [info] Script engine init.
[15:01:08] [info] Entering main loop...
[15:01:08] [info] audio mid-gap pump: DISABLED (default)
[15:01:08] [info] TAS fixed-timestep guard: ENABLED (default) (patch 0280; load_stage wall-clock kept out of the FT accumulator so TAS replay advances at a true 50 Hz; set SDL_HINT_DOSKUTSU_TAS_FT_GUARD=0 to disable)
[15:01:08] [info] load_stage ring+DMA silence flush: ENABLED (default) (set SDL_HINT_DOSKUTSU_LOADSTAGE_SILENCE=0 to disable)
[15:01:08] [info] load-band audio-underrun probe: DISABLED (default) (opt-in SDL_HINT_DOSKUTSU_LOADBAND_STAT=1)
[15:01:08] [info]  >> Entering stage 72: 'u'.
[15:01:08] [info] skip sheet flush: ENABLED (default) (SFXPAUSE-012 SHIPPED FIX; sprite sheets stay resident across caves so no per-cave re-decode -> no fire-frame pause; map_flush_graphics tilemap cache still flushes; set SDL_HINT_DOSKUTSU_SKIP_SHEET_FLUSH=0 to restore the old per-cave flush)
[15:01:08] [info] [skip-sheet-flush] cave=1
[15:01:08] [info] eager action sheets: ENABLED (default) (first-fire hitch fix: pre-loads the weapon bullet + hit/muzzle/trail caret sheets at stage load so the first fire/impact does not lazy-decode mid-gameplay; set SDL_HINT_DOSKUTSU_EAGER_ACTION_SHEETS=0 to restore lazy load)
[15:01:08] [info] Surface::loadImage palmap-diag #2: 'data/Bullet.pbm' fmt=SDL_PIXELFORMAT_ABGR8888 remap=HIT -> path=truecolor
[15:01:09] [info] Surface::loadImage palmap-diag #3: 'data/Arms.pbm' fmt=SDL_PIXELFORMAT_ABGR8888 remap=HIT -> path=truecolor
[15:01:09] [info] Surface::loadImage palmap-diag #4: 'data/Caret.pbm' fmt=SDL_PIXELFORMAT_ABGR8888 remap=HIT -> path=truecolor
[15:01:10] [info] Surface::loadImage palmap-diag #5: 'data/Npc/NpcSym.pbm' fmt=SDL_PIXELFORMAT_ABGR8888 remap=HIT -> path=truecolor
[15:01:10] [info] [eager-action-sheets] cave=1 sheets=4 wall_ms=1631
[15:01:10] [info] Surface::loadImage palmap-diag #6: 'data/Stage/PrtWhite.pbm' fmt=SDL_PIXELFORMAT_ABGR8888 remap=HIT -> path=truecolor
[15:01:11] [info] load_stage: entry-music preload ENABLED (default) (set SDL_HINT_DOSKUTSU_PRELOAD_STAGE_MUSIC=0 to disable)
[15:01:11] [info] Surface::loadImage palmap-diag #7: 'data/bk0.pbm' fmt=SDL_PIXELFORMAT_ABGR8888 remap=HIT -> path=truecolor
[15:01:11] [info] gameloop: entered (curmap=72, running=1)
[15:01:11] [info] gameloop: iter 1 ticks=39946 mapno=-1
[15:01:11] [info] fixed-timestep: ENABLED (default; logic 50 Hz, decoupled from render)
[15:01:11] [info] map: BG skip-when-unchanged DISABLED (default) (set SDL_HINT_DOSKUTSU_BG_SKIP_WHEN_UNCHANGED=1 to enable; default OFF since wave-61 -- abandoned, it shipped a backdrop-black flicker and its +0.87 fps was below the noise floor)
[15:01:11] [info] map: skip-redundant-clear lever ENABLED (default since wave-53 promotion)
[15:01:11] [info] perf-mode: level=0 (faithful (default))
[15:01:11] [info] Surface::loadImage palmap-diag #8: 'data/Npc/NpcKings.pbm' fmt=SDL_PIXELFORMAT_ABGR8888 remap=HIT -> path=truecolor
[15:01:11] [info] audio tick-boundary pump: DISABLED (default)
[15:01:11] [info] gameloop: iter 2 ticks=40436 mapno=-1
[15:01:11] [info] gameloop: iter 3 ticks=40501 mapno=-1
[15:01:12] [info] direct-vesa: snapshot @gen=2 use_dosmemput=0 banked_multibank=0 pitches_match=1 vram_w=320 vram_h=240 vram_pitch=320 bpp=1 fb_size=76800 vram_phys=0x78000000 vram_ptr=0x77c00000
[15:01:12] [info] flip-probe: flip #10 ok=true present=4ms inter_flip_ms=40 drawcalls-since-flip=6 drawcalls-total=43 fail-total=0 null-skips-total=0
[15:01:12] [info] flip-probe: flip #20 ok=true present=4ms inter_flip_ms=40 drawcalls-since-flip=4 drawcalls-total=92 fail-total=0 null-skips-total=0
[15:01:13] [info] flip-probe: flip #30 ok=true present=4ms inter_flip_ms=81 drawcalls-since-flip=326 drawcalls-total=2707 fail-total=0 null-skips-total=0
[15:01:14] [info] flip-probe: flip #40 ok=true present=4ms inter_flip_ms=74 drawcalls-since-flip=264 drawcalls-total=5837 fail-total=0 null-skips-total=0
[15:01:14] [info] flip-probe: flip #50 ok=true present=5ms inter_flip_ms=46 drawcalls-since-flip=67 drawcalls-total=7392 fail-total=0 null-skips-total=0
[15:01:15] [info] flip-probe: flip #60 ok=true present=4ms inter_flip_ms=36 drawcalls-since-flip=4 drawcalls-total=7502 fail-total=0 null-skips-total=0
[15:01:15] [info] flip-probe: flip #70 ok=true present=4ms inter_flip_ms=38 drawcalls-since-flip=6 drawcalls-total=7557 fail-total=0 null-skips-total=0
[15:01:15] [info] flip-probe: flip #80 ok=true present=4ms inter_flip_ms=21 drawcalls-since-flip=0 drawcalls-total=7586 fail-total=0 null-skips-total=0
[15:01:16] [info] flip-probe: flip #90 ok=true present=4ms inter_flip_ms=20 drawcalls-since-flip=0 drawcalls-total=7586 fail-total=0 null-skips-total=0
[15:01:16] [info] title: eager-title-IO phase tag ENABLED (default) (set SDL_HINT_DOSKUTSU_EAGER_TITLE_IO=0 to disable)
[15:01:17] [warn] MidiScheduler::_refresh_isr_buffer: track has 27749 events; ISR buffer is 16384 (truncated; events after 16384 will not dispatch under L2b ON -- the engine-thread tick() path still uses _events directly under L2b OFF)
[15:01:17] [info] MidiScheduler::load: parsed 'data/orgmid2/curly.mid' = 27749 events at 48 PPQ
[15:01:17] [info] opl3 backend: on_song_start
[15:01:17] [info] gameloop: entered (curmap=1005, running=1)
[15:01:17] [info] gameloop: iter 1 ticks=46337 mapno=-1
[15:01:17] [info] map: backdrop cache ENABLED (default) (set SDL_HINT_DOSKUTSU_BACKDROP_CACHE=0 to disable)
[15:01:18] [info] gameloop: iter 2 ticks=47340 mapno=-1
[15:01:18] [info] gameloop: iter 3 ticks=47390 mapno=-1
[15:01:18] [info] backdrop cache: thrashing-detect engaged (streak=4, route=direct)
[15:01:18] [info] flip-probe: flip #100 ok=true present=4ms inter_flip_ms=43 drawcalls-since-flip=75 drawcalls-total=7886 fail-total=0 null-skips-total=0
[15:01:18] [info] alpha audit block 0: 7798 total drawcalls, 0 with alpha<255 (block pct_x10=0; global 0/7798 pct_x10=0); alpha-mod skipped: block=0 global=0
[15:01:18] [info] fastpath audit block 0: taken=7798 (idx8=7798) skipped=0 pct_x10=1000; global taken=7798 (idx8=7798) skipped=0 pct_x10=1000
[15:01:18] [info] primitive tally block 0: clear=220(hr=220) fill=0(hr=0) rect=0(hr=0) line=0(hr=0) tint=0 spotlight=0 (over 100 flips ending at flip 100)
[15:01:18] [info] color/alpha audit block 0: cmod_white=104 cmod_black=0 (idx=0) cmod_general=84 (idx=84) cmod_fb=0; alpha_taken=0 alpha_skipped=0 (global cmod=104/0/84/0 idx=0/84 alpha=0/0)
[15:01:18] [info] phase timing block 0: drawcalls=8209 dc_total_ms=1802 flip_inner_total_ms=691 inter_flip_total_ms=41721 (per-flip avg x10: dc_ms=180 fi_ms=69 if_ms=4172 derived audio+engine_ms=3923; per-drawcall avg us_x10=2195) [direct-vesa: presents=97 total_ms=378 avg_ms_x10=39 failed=0] [ablation: NO_DC_TIMING=0 CACHE_WINSURF=0 DIRECT_VESA=1]
[15:01:18] [info] kbd/audio block 0: kbd_irq=0 kbd_drain=0 ring_chunks=16 pump_pass=99 pic1_mask=0xb8 first_irq_ticks=0 install_ticks=0 vector_at_install=0x0083a028 pic1_mask_live=0x38 kbd_8042_stat=0x34 bios_kbd_head=0x0026 bios_kbd_tail=0x0026 bios_kbd_buf0=0x3920
[15:01:19] [info] audio/engine split block 0: audio_mixer_calls=0 audio_mixer_ms_x10=0 engine_tick_calls=99 engine_tick_ms_x10=640 audio_service_calls=0 audio_service_ms_x10=0 (per-flip avg; per-call us_x10: audio_mix=0 engine_tick=646973 audio_service=0; global ns: audio_mix=0 engine_tick=6405033611 audio_service=0)
[15:01:19] [info] pixtone multi-source probe: DISABLED (default)
[15:01:19] [info] dirty-rect block @flip=100: total_calls=0 dirty_rects_avg=0 dirty_pct_x10=990 forced_full=0 first_n_force=3 threshold_exceeded=2 dirty_path_taken=0 full_flush_taken=3
[15:01:19] [info] prev-frame-diff block @flip=100: diff_calls=0 diff_rects_avg=0 diff_dirty_pct_x10=0 bbox_pct_x10=0 bbox_thresh_exceeded=0
[15:01:19] [info] flip-probe: flip #110 ok=true present=4ms inter_flip_ms=36 drawcalls-since-flip=75 drawcalls-total=8636 fail-total=0 null-skips-total=0
[15:01:19] [info] flip-probe: flip #120 ok=true present=3ms inter_flip_ms=36 drawcalls-since-flip=75 drawcalls-total=9386 fail-total=0 null-skips-total=0
[15:01:20] [info] flip-probe: flip #130 ok=true present=4ms inter_flip_ms=20 drawcalls-since-flip=0 drawcalls-total=9986 fail-total=0 null-skips-total=0
[15:01:20] [info] Loading profile from profile.dat
[15:01:20] [error] profile_load: unable to open 'profile.dat'
[15:01:20] [info] Loading profile from profile2.dat
[15:01:20] [error] profile_load: unable to open 'profile2.dat'
[15:01:20] [info] Loading profile from profile3.dat
[15:01:20] [info] Loading profile from profile4.dat
[15:01:20] [error] profile_load: unable to open 'profile4.dat'
[15:01:20] [info] Loading profile from profile5.dat
[15:01:20] [info] flip-probe: flip #140 ok=true present=4ms inter_flip_ms=62 drawcalls-since-flip=214 drawcalls-total=10842 fail-total=0 null-skips-total=0
[15:01:21] [info] flip-probe: flip #150 ok=true present=3ms inter_flip_ms=64 drawcalls-since-flip=214 drawcalls-total=12982 fail-total=0 null-skips-total=0
[15:01:21] [info] Writing settings...
[15:01:21] [info] flip-probe: flip #160 ok=true present=4ms inter_flip_ms=21 drawcalls-since-flip=0 drawcalls-total=13846 fail-total=0 null-skips-total=0
[15:01:22] [info] flip-probe: flip #170 ok=true present=5ms inter_flip_ms=21 drawcalls-since-flip=0 drawcalls-total=13846 fail-total=0 null-skips-total=0
[15:01:22] [info] opl3 backend: on_song_stop
[15:01:22] [info] Loading profile from profile5.dat
[15:01:22] [info]  >> Entering stage 20: 'Save Point'.
[15:01:22] [info] [skip-sheet-flush] cave=2
[15:01:23] [info] MidiScheduler::load: parsed 'data/orgmid2/mura.mid' = 7123 events at 48 PPQ
[15:01:23] [info] opl3 backend: on_song_start
[15:01:23] [info] gameloop: entered (curmap=20, running=1)
[15:01:23] [info] gameloop: iter 1 ticks=51874 mapno=-1
[15:01:23] [info] TAS stall discount: ENABLED (default) (patch 0286; a replay frame over 150 ms is a load, not slow rendering, so it contributes 1 tick instead of its wall-clock; set SDL_HINT_DOSKUTSU_TAS_STALL_DISCOUNT=0 to disable)
[15:01:23] [info] TAS accumulator clamp: DISABLED (default) (patch 0281; caps the FT accumulator delta at one tick during TAS so a stalled frame cannot race the replay index; set SDL_HINT_DOSKUTSU_TAS_FT_GUARD=0 to disable)
[15:01:23] [info] gameloop: iter 2 ticks=51928 mapno=-1
[15:01:23] [info] gameloop: iter 3 ticks=51975 mapno=-1
[15:01:23] [info] flip-probe: flip #180 ok=true present=4ms inter_flip_ms=40 drawcalls-since-flip=17 drawcalls-total=13971 fail-total=0 null-skips-total=0
[15:01:23] [info] flip-probe: flip #190 ok=true present=4ms inter_flip_ms=41 drawcalls-since-flip=17 drawcalls-total=14141 fail-total=0 null-skips-total=0
[15:01:24] [info] flip-probe: flip #200 ok=true present=4ms inter_flip_ms=40 drawcalls-since-flip=17 drawcalls-total=14311 fail-total=0 null-skips-total=0
[15:01:24] [info] alpha audit block 0: 5788 total drawcalls, 0 with alpha<255 (block pct_x10=0; global 0/13586 pct_x10=0); alpha-mod skipped: block=0 global=0
[15:01:24] [info] fastpath audit block 0: taken=5788 (idx8=5788) skipped=0 pct_x10=1000; global taken=13586 (idx8=13586) skipped=0 pct_x10=1000
[15:01:24] [info] primitive tally block 0: clear=201(hr=201) fill=0(hr=0) rect=0(hr=0) line=0(hr=0) tint=0 spotlight=0 (over 100 flips ending at flip 200)
[15:01:24] [info] color/alpha audit block 0: cmod_white=1438 cmod_black=0 (idx=0) cmod_general=609 (idx=609) cmod_fb=0; alpha_taken=0 alpha_skipped=0 (global cmod=1542/0/693/0 idx=0/693 alpha=0/0)
[15:01:24] [info] phase timing block 0: drawcalls=8036 dc_total_ms=1669 flip_inner_total_ms=588 inter_flip_total_ms=5401 (per-flip avg x10: dc_ms=166 fi_ms=58 if_ms=540 derived audio+engine_ms=316; per-drawcall avg us_x10=2078) [direct-vesa: presents=100 total_ms=382 avg_ms_x10=38 failed=0] [ablation: NO_DC_TIMING=0 CACHE_WINSURF=0 DIRECT_VESA=1]
[15:01:24] [info] kbd/audio block 0: kbd_irq=0 kbd_drain=0 ring_chunks=16 pump_pass=223 pic1_mask=0xb8 first_irq_ticks=0 install_ticks=0 vector_at_install=0x0083a028 pic1_mask_live=0x38 kbd_8042_stat=0x34 bios_kbd_head=0x0026 bios_kbd_tail=0x0026 bios_kbd_buf0=0x3920
[15:01:24] [info] audio/engine split block 0: audio_mixer_calls=0 audio_mixer_ms_x10=0 engine_tick_calls=76 engine_tick_ms_x10=234 audio_service_calls=0 audio_service_ms_x10=0 (per-flip avg; per-call us_x10: audio_mix=0 engine_tick=308134 audio_service=0; global ns: audio_mix=0 engine_tick=8746852950 audio_service=0)
[15:01:24] [info] dirty-rect block @flip=200: total_calls=0 dirty_rects_avg=1 dirty_pct_x10=1000 forced_full=0 first_n_force=0 threshold_exceeded=0 dirty_path_taken=0 full_flush_taken=0
[15:01:24] [info] prev-frame-diff block @flip=200: diff_calls=0 diff_rects_avg=0 diff_dirty_pct_x10=0 bbox_pct_x10=0 bbox_thresh_exceeded=0
[15:01:24] [info] flip-probe: flip #210 ok=true present=4ms inter_flip_ms=41 drawcalls-since-flip=17 drawcalls-total=14481 fail-total=0 null-skips-total=0
[15:01:25] [info] flip-probe: flip #220 ok=true present=4ms inter_flip_ms=53 drawcalls-since-flip=118 drawcalls-total=14801 fail-total=0 null-skips-total=0
[15:01:25] [info]  >> Entering stage 11: 'Mimiga Village'.
[15:01:25] [info] [skip-sheet-flush] cave=3
[15:01:26] [info] [load-stage] preloading entry music song=9 (cave=3)
[15:01:26] [info] gameloop: entered (curmap=11, running=1)
[15:01:26] [info] gameloop: iter 1 ticks=55097 mapno=-1
[15:01:26] [info] map: mds_clear LUT ENABLED (default) (set SDL_HINT_DOSKUTSU_MDS_CLEAR_LUT=0 to disable; default ON; patch 0144 wave-49 bandwidth lever)
[15:01:26] [info] mds-clear-lut: rebuilt N=240 entries (k_skip=0% k_keep=100%; curmap=11 map_size=60x60; rebuild #1 since boot)
[15:01:26] [info] backdrop thrash full-cover ENABLED (default) (set SDL_HINT_DOSKUTSU_THRASH_FULLCOVER=0 to disable)
[15:01:26] [info] [bd-diag] backdrop render-path diag disabled (default) (set SDL_HINT_DOSKUTSU_BACKDROP_DIAG=1 to enable)
[15:01:26] [info] gameloop: iter 2 ticks=55247 mapno=-1
[15:01:26] [info] tas: stall frame 150 ms -> contributing 1 tick (patch 0286)
[15:01:26] [info] gameloop: iter 3 ticks=55359 mapno=-1
[15:01:26] [info] flip-probe: flip #230 ok=true present=4ms inter_flip_ms=117 drawcalls-since-flip=384 drawcalls-total=17923 fail-total=0 null-skips-total=0
[15:01:27] [info] backdrop cache: thrashing-detect engaged (streak=4, route=direct)
[15:01:27] [info] flip-probe: flip #240 ok=true present=4ms inter_flip_ms=60 drawcalls-since-flip=43 drawcalls-total=19318 fail-total=0 null-skips-total=0
[15:01:28] [info] flip-probe: flip #250 ok=true present=3ms inter_flip_ms=64 drawcalls-since-flip=46 drawcalls-total=19769 fail-total=0 null-skips-total=0
[15:01:28] [info] flip-probe: flip #260 ok=true present=4ms inter_flip_ms=62 drawcalls-since-flip=43 drawcalls-total=20204 fail-total=0 null-skips-total=0
[15:01:29] [info] flip-probe: flip #270 ok=true present=4ms inter_flip_ms=61 drawcalls-since-flip=43 drawcalls-total=20634 fail-total=0 null-skips-total=0
[15:01:30] [info] flip-probe: flip #280 ok=true present=4ms inter_flip_ms=60 drawcalls-since-flip=43 drawcalls-total=21064 fail-total=0 null-skips-total=0
[15:01:30] [info] flip-probe: flip #290 ok=true present=5ms inter_flip_ms=60 drawcalls-since-flip=43 drawcalls-total=21494 fail-total=0 null-skips-total=0
[15:01:31] [info] backdrop cache: thrashing-detect engaged (streak=64, route=direct)
[15:01:31] [info] flip-probe: flip #300 ok=true present=4ms inter_flip_ms=60 drawcalls-since-flip=43 drawcalls-total=21924 fail-total=0 null-skips-total=0
[15:01:31] [info] alpha audit block 0: 6591 total drawcalls, 0 with alpha<255 (block pct_x10=0; global 0/20177 pct_x10=0); alpha-mod skipped: block=0 global=0
[15:01:31] [info] fastpath audit block 0: taken=6591 (idx8=6591) skipped=0 pct_x10=1000; global taken=20177 (idx8=20177) skipped=0 pct_x10=1000
[15:01:31] [info] primitive tally block 0: clear=201(hr=201) fill=0(hr=0) rect=0(hr=0) line=0(hr=0) tint=0 spotlight=0 (over 100 flips ending at flip 300)
[15:01:31] [info] color/alpha audit block 0: cmod_white=949 cmod_black=949 (idx=949) cmod_general=0 (idx=0) cmod_fb=0; alpha_taken=0 alpha_skipped=0 (global cmod=2491/949/693/0 idx=949/693 alpha=0/0)
[15:01:31] [info] phase timing block 0: drawcalls=8696 dc_total_ms=1430 flip_inner_total_ms=585 inter_flip_total_ms=7077 (per-flip avg x10: dc_ms=143 fi_ms=58 if_ms=707 derived audio+engine_ms=506; per-drawcall avg us_x10=1645) [direct-vesa: presents=100 total_ms=382 avg_ms_x10=38 failed=0] [ablation: NO_DC_TIMING=0 CACHE_WINSURF=0 DIRECT_VESA=1]
[15:01:31] [info] kbd/audio block 0: kbd_irq=0 kbd_drain=0 ring_chunks=16 pump_pass=531 pic1_mask=0xb8 first_irq_ticks=0 install_ticks=0 vector_at_install=0x0083a028 pic1_mask_live=0x38 kbd_8042_stat=0x34 bios_kbd_head=0x0026 bios_kbd_tail=0x0026 bios_kbd_buf0=0x3920
[15:01:31] [info] [tile-speedup-stat n=100 drawtile_us=140.41 raw_blit_us=102.11 ratio=1.38]
[15:01:31] [info] dirty-rect block @flip=300: total_calls=100 dirty_rects_avg=1 dirty_pct_x10=1000 forced_full=0 first_n_force=0 threshold_exceeded=0 dirty_path_taken=0 full_flush_taken=0
[15:01:31] [info] prev-frame-diff block @flip=300: diff_calls=0 diff_rects_avg=0 diff_dirty_pct_x10=0 bbox_pct_x10=0 bbox_thresh_exceeded=0
[15:01:31] [info] tas: stall frame 167 ms -> contributing 1 tick (patch 0286)
[15:01:32] [info] flip-probe: flip #310 ok=true present=3ms inter_flip_ms=64 drawcalls-since-flip=46 drawcalls-total=22465 fail-total=0 null-skips-total=0
[15:01:32] [info] flip-probe: flip #320 ok=true present=3ms inter_flip_ms=60 drawcalls-since-flip=43 drawcalls-total=22902 fail-total=0 null-skips-total=0
[15:01:33] [info] flip-probe: flip #330 ok=true present=4ms inter_flip_ms=63 drawcalls-since-flip=42 drawcalls-total=23334 fail-total=0 null-skips-total=0
[15:01:34] [info] flip-probe: flip #340 ok=true present=4ms inter_flip_ms=64 drawcalls-since-flip=43 drawcalls-total=23751 fail-total=0 null-skips-total=0
[15:01:34] [info] flip-probe: flip #350 ok=true present=4ms inter_flip_ms=56 drawcalls-since-flip=15 drawcalls-total=24104 fail-total=0 null-skips-total=0
[15:01:34] [info] backdrop cache: thrashing-detect engaged (streak=124, route=direct)
[15:01:35] [info] flip-probe: flip #360 ok=true present=4ms inter_flip_ms=54 drawcalls-since-flip=15 drawcalls-total=24254 fail-total=0 null-skips-total=0
[15:01:36] [info] flip-probe: flip #370 ok=true present=4ms inter_flip_ms=59 drawcalls-since-flip=4 drawcalls-total=26041 fail-total=0 null-skips-total=0
[15:01:36] [info]  >> Entering stage 17: 'Yamashita Farm'.
[15:01:36] [info] [skip-sheet-flush] cave=4
[15:01:36] [info] [load-stage] preloading entry music song=13 (cave=4)
[15:01:36] [info] opl3 backend: on_song_stop
[15:01:36] [info] MidiScheduler::load: parsed 'data/orgmid2/plant.mid' = 6246 events at 48 PPQ
[15:01:36] [info] opl3 backend: on_song_start
[15:01:36] [info] gameloop: entered (curmap=17, running=1)
[15:01:36] [info] gameloop: iter 1 ticks=65438 mapno=-1
[15:01:36] [info] mds-clear-lut: rebuilt N=240 entries (k_skip=33% k_keep=67%; curmap=17 map_size=40x16; rebuild #2 since boot)
[15:01:37] [info] gameloop: iter 2 ticks=65729 mapno=-1
[15:01:37] [info] tas: stall frame 292 ms -> contributing 1 tick (patch 0286)
[15:01:37] [info] gameloop: iter 3 ticks=65839 mapno=-1
[15:01:38] [info] flip-probe: flip #380 ok=true present=4ms inter_flip_ms=83 drawcalls-since-flip=133 drawcalls-total=29016 fail-total=0 null-skips-total=0
[15:01:38] [info] flip-probe: flip #390 ok=true present=4ms inter_flip_ms=91 drawcalls-since-flip=142 drawcalls-total=30403 fail-total=0 null-skips-total=0
[15:01:39] [info] backdrop cache: thrashing-detect engaged (streak=4, route=direct)
[15:01:39] [info] flip-probe: flip #400 ok=true present=4ms inter_flip_ms=94 drawcalls-since-flip=130 drawcalls-total=31772 fail-total=0 null-skips-total=0
[15:01:39] [info] alpha audit block 0: 8747 total drawcalls, 0 with alpha<255 (block pct_x10=0; global 0/28924 pct_x10=0); alpha-mod skipped: block=0 global=0
[15:01:39] [info] fastpath audit block 0: taken=8747 (idx8=8747) skipped=0 pct_x10=1000; global taken=28924 (idx8=28924) skipped=0 pct_x10=1000
[15:01:39] [info] primitive tally block 0: clear=201(hr=201) fill=0(hr=0) rect=0(hr=0) line=0(hr=0) tint=0 spotlight=0 (over 100 flips ending at flip 400)
[15:01:39] [info] color/alpha audit block 0: cmod_white=1001 cmod_black=1001 (idx=1001) cmod_general=0 (idx=0) cmod_fb=0; alpha_taken=0 alpha_skipped=0 (global cmod=3492/1950/693/0 idx=1950/693 alpha=0/0)
[15:01:39] [info] phase timing block 0: drawcalls=10975 dc_total_ms=1647 flip_inner_total_ms=596 inter_flip_total_ms=8473 (per-flip avg x10: dc_ms=164 fi_ms=59 if_ms=847 derived audio+engine_ms=624; per-drawcall avg us_x10=1500) [direct-vesa: presents=100 total_ms=381 avg_ms_x10=38 failed=0] [ablation: NO_DC_TIMING=0 CACHE_WINSURF=0 DIRECT_VESA=1]
[15:01:39] [info] kbd/audio block 0: kbd_irq=0 kbd_drain=0 ring_chunks=16 pump_pass=884 pic1_mask=0xb8 first_irq_ticks=0 install_ticks=0 vector_at_install=0x0083a028 pic1_mask_live=0x38 kbd_8042_stat=0x34 bios_kbd_head=0x0026 bios_kbd_tail=0x0026 bios_kbd_buf0=0x3920
[15:01:39] [info] dirty-rect block @flip=400: total_calls=0 dirty_rects_avg=1 dirty_pct_x10=1000 forced_full=0 first_n_force=0 threshold_exceeded=0 dirty_path_taken=0 full_flush_taken=0
[15:01:39] [info] prev-frame-diff block @flip=400: diff_calls=0 diff_rects_avg=0 diff_dirty_pct_x10=0 bbox_pct_x10=0 bbox_thresh_exceeded=0
[15:01:39] [info] tas: stall frame 168 ms -> contributing 1 tick (patch 0286)
[15:01:40] [info] run_tick_fixed #900: heartbeat (loop alive)
[15:01:40] [info] flip-probe: flip #410 ok=true present=4ms inter_flip_ms=90 drawcalls-since-flip=137 drawcalls-total=33080 fail-total=0 null-skips-total=0
[15:01:41] [info] backdrop cache: thrashing-detect engaged (streak=4, route=direct)
[15:01:41] [info] flip-probe: flip #420 ok=true present=3ms inter_flip_ms=97 drawcalls-since-flip=143 drawcalls-total=34488 fail-total=0 null-skips-total=0
[15:01:42] [info] flip-probe: flip #430 ok=true present=4ms inter_flip_ms=92 drawcalls-since-flip=128 drawcalls-total=35836 fail-total=0 null-skips-total=0
[15:01:43] [info] flip-probe: flip #440 ok=true present=4ms inter_flip_ms=82 drawcalls-since-flip=130 drawcalls-total=37120 fail-total=0 null-skips-total=0
[15:01:44] [info] flip-probe: flip #450 ok=true present=4ms inter_flip_ms=85 drawcalls-since-flip=128 drawcalls-total=38406 fail-total=0 null-skips-total=0
[15:01:44] [info] tas: stall frame 309 ms -> contributing 1 tick (patch 0286)
[15:01:45] [info] flip-probe: flip #460 ok=true present=4ms inter_flip_ms=88 drawcalls-since-flip=131 drawcalls-total=39655 fail-total=0 null-skips-total=0
[15:01:46] [info] flip-probe: flip #470 ok=true present=3ms inter_flip_ms=93 drawcalls-since-flip=136 drawcalls-total=41070 fail-total=0 null-skips-total=0
[15:01:46] [info] run_tick_fixed #1200: heartbeat (loop alive)
[15:01:47] [info] backdrop cache: thrashing-detect engaged (streak=64, route=direct)
[15:01:47] [info] flip-probe: flip #480 ok=true present=4ms inter_flip_ms=93 drawcalls-since-flip=137 drawcalls-total=42447 fail-total=0 null-skips-total=0
[15:01:48] [info] flip-probe: flip #490 ok=true present=4ms inter_flip_ms=84 drawcalls-since-flip=136 drawcalls-total=43797 fail-total=0 null-skips-total=0
[15:01:49] [info] flip-probe: flip #500 ok=true present=4ms inter_flip_ms=83 drawcalls-since-flip=112 drawcalls-total=44920 fail-total=0 null-skips-total=0
[15:01:49] [info] alpha audit block 0: 11878 total drawcalls, 0 with alpha<255 (block pct_x10=0; global 0/40802 pct_x10=0); alpha-mod skipped: block=0 global=0
[15:01:49] [info] fastpath audit block 0: taken=11878 (idx8=11878) skipped=0 pct_x10=1000; global taken=40802 (idx8=40802) skipped=0 pct_x10=1000
[15:01:49] [info] primitive tally block 0: clear=200(hr=200) fill=0(hr=0) rect=0(hr=0) line=0(hr=0) tint=0 spotlight=0 (over 100 flips ending at flip 500)
[15:01:49] [info] color/alpha audit block 0: cmod_white=1170 cmod_black=1170 (idx=1170) cmod_general=0 (idx=0) cmod_fb=0; alpha_taken=0 alpha_skipped=0 (global cmod=4662/3120/693/0 idx=3120/693 alpha=0/0)
[15:01:49] [info] phase timing block 0: drawcalls=14422 dc_total_ms=1495 flip_inner_total_ms=811 inter_flip_total_ms=9356 (per-flip avg x10: dc_ms=149 fi_ms=81 if_ms=935 derived audio+engine_ms=705; per-drawcall avg us_x10=1036) [direct-vesa: presents=100 total_ms=381 avg_ms_x10=38 failed=0] [ablation: NO_DC_TIMING=0 CACHE_WINSURF=0 DIRECT_VESA=1]
[15:01:49] [info] kbd/audio block 0: kbd_irq=0 kbd_drain=0 ring_chunks=16 pump_pass=1330 pic1_mask=0xb8 first_irq_ticks=0 install_ticks=0 vector_at_install=0x0083a028 pic1_mask_live=0x38 kbd_8042_stat=0x34 bios_kbd_head=0x0026 bios_kbd_tail=0x0026 bios_kbd_buf0=0x3920
[15:01:49] [info] dirty-rect block @flip=500: total_calls=0 dirty_rects_avg=1 dirty_pct_x10=1000 forced_full=0 first_n_force=0 threshold_exceeded=0 dirty_path_taken=0 full_flush_taken=0
[15:01:49] [info] prev-frame-diff block @flip=500: diff_calls=0 diff_rects_avg=0 diff_dirty_pct_x10=0 bbox_pct_x10=0 bbox_thresh_exceeded=0
[15:01:49] [info] tas: stall frame 166 ms -> contributing 1 tick (patch 0286)
[15:01:50] [info] backdrop cache: thrashing-detect engaged (streak=4, route=direct)
[15:01:50] [info] flip-probe: flip #510 ok=true present=4ms inter_flip_ms=103 drawcalls-since-flip=106 drawcalls-total=46028 fail-total=0 null-skips-total=0
[15:01:51] [info] flip-probe: flip #520 ok=true present=4ms inter_flip_ms=90 drawcalls-since-flip=115 drawcalls-total=47204 fail-total=0 null-skips-total=0
[15:01:51] [info] flip-probe: flip #530 ok=true present=4ms inter_flip_ms=81 drawcalls-since-flip=116 drawcalls-total=48358 fail-total=0 null-skips-total=0
[15:01:52] [info] flip-probe: flip #540 ok=true present=4ms inter_flip_ms=103 drawcalls-since-flip=315 drawcalls-total=49856 fail-total=0 null-skips-total=0
[15:01:53] [info]  >> Entering stage 11: 'Mimiga Village'.
[15:01:53] [info] [skip-sheet-flush] cave=5
[15:01:53] [info] [load-stage] preloading entry music song=9 (cave=5)
[15:01:53] [info] opl3 backend: on_song_stop
[15:01:54] [info] MidiScheduler::load: parsed 'data/orgmid2/mura.mid' = 7123 events at 48 PPQ
[15:01:54] [info] opl3 backend: on_song_start
[15:01:54] [info] gameloop: entered (curmap=11, running=1)
[15:01:54] [info] gameloop: iter 1 ticks=82826 mapno=-1
[15:01:54] [info] mds-clear-lut: rebuilt N=240 entries (k_skip=0% k_keep=100%; curmap=11 map_size=60x60; rebuild #3 since boot)
[15:01:54] [info] gameloop: iter 2 ticks=82956 mapno=-1
[15:01:54] [info] gameloop: iter 3 ticks=83071 mapno=-1
[15:01:54] [info] flip-probe: flip #550 ok=true present=4ms inter_flip_ms=97 drawcalls-since-flip=210 drawcalls-total=53096 fail-total=0 null-skips-total=0
[15:01:54] [info] backdrop cache: thrashing-detect engaged (streak=4, route=direct)
[15:01:55] [info] flip-probe: flip #560 ok=true present=4ms inter_flip_ms=57 drawcalls-since-flip=41 drawcalls-total=53619 fail-total=0 null-skips-total=0
[15:01:56] [info] flip-probe: flip #570 ok=true present=4ms inter_flip_ms=62 drawcalls-since-flip=41 drawcalls-total=54029 fail-total=0 null-skips-total=0
[15:01:56] [info] flip-probe: flip #580 ok=true present=3ms inter_flip_ms=62 drawcalls-since-flip=43 drawcalls-total=54443 fail-total=0 null-skips-total=0
[15:01:57] [info] flip-probe: flip #590 ok=true present=4ms inter_flip_ms=59 drawcalls-since-flip=42 drawcalls-total=54861 fail-total=0 null-skips-total=0
[15:01:57] [info] flip-probe: flip #600 ok=true present=4ms inter_flip_ms=62 drawcalls-since-flip=42 drawcalls-total=55277 fail-total=0 null-skips-total=0
[15:01:57] [info] alpha audit block 0: 9542 total drawcalls, 0 with alpha<255 (block pct_x10=0; global 0/50344 pct_x10=0); alpha-mod skipped: block=0 global=0
[15:01:57] [info] fastpath audit block 0: taken=9542 (idx8=9542) skipped=0 pct_x10=1000; global taken=50344 (idx8=50344) skipped=0 pct_x10=1000
[15:01:57] [info] primitive tally block 0: clear=201(hr=201) fill=0(hr=0) rect=0(hr=0) line=0(hr=0) tint=0 spotlight=0 (over 100 flips ending at flip 600)
[15:01:57] [info] color/alpha audit block 0: cmod_white=715 cmod_black=715 (idx=715) cmod_general=0 (idx=0) cmod_fb=0; alpha_taken=0 alpha_skipped=0 (global cmod=5377/3835/693/0 idx=3835/693 alpha=0/0)
[15:01:57] [info] phase timing block 0: drawcalls=11182 dc_total_ms=1495 flip_inner_total_ms=594 inter_flip_total_ms=8656 (per-flip avg x10: dc_ms=149 fi_ms=59 if_ms=865 derived audio+engine_ms=657; per-drawcall avg us_x10=1337) [direct-vesa: presents=100 total_ms=385 avg_ms_x10=38 failed=0] [ablation: NO_DC_TIMING=0 CACHE_WINSURF=0 DIRECT_VESA=1]
[15:01:57] [info] kbd/audio block 0: kbd_irq=0 kbd_drain=0 ring_chunks=16 pump_pass=1705 pic1_mask=0xb8 first_irq_ticks=0 install_ticks=0 vector_at_install=0x0083a028 pic1_mask_live=0x38 kbd_8042_stat=0x34 bios_kbd_head=0x0026 bios_kbd_tail=0x0026 bios_kbd_buf0=0x3920
[15:01:57] [info] dirty-rect block @flip=600: total_calls=0 dirty_rects_avg=1 dirty_pct_x10=1000 forced_full=0 first_n_force=0 threshold_exceeded=0 dirty_path_taken=0 full_flush_taken=0
[15:01:57] [info] prev-frame-diff block @flip=600: diff_calls=0 diff_rects_avg=0 diff_dirty_pct_x10=0 bbox_pct_x10=0 bbox_thresh_exceeded=0
[15:01:58] [info] flip-probe: flip #610 ok=true present=4ms inter_flip_ms=56 drawcalls-since-flip=42 drawcalls-total=55701 fail-total=0 null-skips-total=0
[15:01:58] [info] backdrop cache: thrashing-detect engaged (streak=64, route=direct)
[15:01:59] [info] flip-probe: flip #620 ok=true present=4ms inter_flip_ms=60 drawcalls-since-flip=42 drawcalls-total=56121 fail-total=0 null-skips-total=0
[15:01:59] [info] flip-probe: flip #630 ok=true present=4ms inter_flip_ms=63 drawcalls-since-flip=44 drawcalls-total=56549 fail-total=0 null-skips-total=0
[15:02:00] [info] flip-probe: flip #640 ok=true present=4ms inter_flip_ms=57 drawcalls-since-flip=44 drawcalls-total=56989 fail-total=0 null-skips-total=0
[15:02:00] [info] flip-probe: flip #650 ok=true present=5ms inter_flip_ms=57 drawcalls-since-flip=43 drawcalls-total=57426 fail-total=0 null-skips-total=0
[15:02:01] [info] flip-probe: flip #660 ok=true present=4ms inter_flip_ms=60 drawcalls-since-flip=43 drawcalls-total=57853 fail-total=0 null-skips-total=0
[15:02:02] [info] flip-probe: flip #670 ok=true present=4ms inter_flip_ms=51 drawcalls-since-flip=16 drawcalls-total=58145 fail-total=0 null-skips-total=0
[15:02:02] [info] backdrop cache: thrashing-detect engaged (streak=124, route=direct)
[15:02:02] [info] flip-probe: flip #680 ok=true present=4ms inter_flip_ms=51 drawcalls-since-flip=16 drawcalls-total=58305 fail-total=0 null-skips-total=0
[15:02:03] [info] flip-probe: flip #690 ok=true present=4ms inter_flip_ms=59 drawcalls-since-flip=27 drawcalls-total=58476 fail-total=0 null-skips-total=0
[15:02:03] [info] flip-probe: flip #700 ok=true present=4ms inter_flip_ms=57 drawcalls-since-flip=19 drawcalls-total=58714 fail-total=0 null-skips-total=0
[15:02:03] [info] alpha audit block 0: 2492 total drawcalls, 0 with alpha<255 (block pct_x10=0; global 0/52836 pct_x10=0); alpha-mod skipped: block=0 global=0
[15:02:03] [info] fastpath audit block 0: taken=2492 (idx8=2492) skipped=0 pct_x10=1000; global taken=52836 (idx8=52836) skipped=0 pct_x10=1000
[15:02:03] [info] primitive tally block 0: clear=200(hr=200) fill=0(hr=0) rect=0(hr=0) line=0(hr=0) tint=0 spotlight=0 (over 100 flips ending at flip 700)
[15:02:03] [info] color/alpha audit block 0: cmod_white=845 cmod_black=845 (idx=845) cmod_general=0 (idx=0) cmod_fb=0; alpha_taken=0 alpha_skipped=0 (global cmod=6222/4680/693/0 idx=4680/693 alpha=0/0)
[15:02:03] [info] phase timing block 0: drawcalls=4382 dc_total_ms=929 flip_inner_total_ms=585 inter_flip_total_ms=5908 (per-flip avg x10: dc_ms=92 fi_ms=58 if_ms=590 derived audio+engine_ms=440; per-drawcall avg us_x10=2122) [direct-vesa: presents=100 total_ms=380 avg_ms_x10=38 failed=0] [ablation: NO_DC_TIMING=0 CACHE_WINSURF=0 DIRECT_VESA=1]
[15:02:03] [info] kbd/audio block 0: kbd_irq=0 kbd_drain=0 ring_chunks=16 pump_pass=2001 pic1_mask=0xb8 first_irq_ticks=0 install_ticks=0 vector_at_install=0x0083a028 pic1_mask_live=0x38 kbd_8042_stat=0x34 bios_kbd_head=0x0026 bios_kbd_tail=0x0026 bios_kbd_buf0=0x3920
[15:02:03] [info] dirty-rect block @flip=700: total_calls=0 dirty_rects_avg=1 dirty_pct_x10=1000 forced_full=0 first_n_force=0 threshold_exceeded=0 dirty_path_taken=0 full_flush_taken=0
[15:02:03] [info] prev-frame-diff block @flip=700: diff_calls=0 diff_rects_avg=0 diff_dirty_pct_x10=0 bbox_pct_x10=0 bbox_thresh_exceeded=0
[15:02:04] [info] flip-probe: flip #710 ok=true present=4ms inter_flip_ms=55 drawcalls-since-flip=17 drawcalls-total=58905 fail-total=0 null-skips-total=0
[15:02:05] [info] flip-probe: flip #720 ok=true present=4ms inter_flip_ms=59 drawcalls-since-flip=5 drawcalls-total=60830 fail-total=0 null-skips-total=0
[15:02:05] [info]  >> Entering stage 15: 'Reservoir'.
[15:02:05] [info] [skip-sheet-flush] cave=6
[15:02:05] [info] [load-stage] preloading entry music song=9 (cave=6)
[15:02:05] [info] gameloop: entered (curmap=15, running=1)
[15:02:05] [info] gameloop: iter 1 ticks=94494 mapno=-1
[15:02:05] [info] mds-clear-lut: rebuilt N=240 entries (k_skip=13% k_keep=87%; curmap=15 map_size=40x20; rebuild #4 since boot)
[15:02:06] [info] gameloop: iter 2 ticks=94613 mapno=-1
[15:02:06] [info] gameloop: iter 3 ticks=94716 mapno=-1
[15:02:06] [info] flip-probe: flip #730 ok=true present=3ms inter_flip_ms=51 drawcalls-since-flip=32 drawcalls-total=62806 fail-total=0 null-skips-total=0
[15:02:07] [info] flip-probe: flip #740 ok=true present=4ms inter_flip_ms=52 drawcalls-since-flip=32 drawcalls-total=63126 fail-total=0 null-skips-total=0
[15:02:07] [info] flip-probe: flip #750 ok=true present=5ms inter_flip_ms=62 drawcalls-since-flip=32 drawcalls-total=63446 fail-total=0 null-skips-total=0
[15:02:07] [info] backdrop cache: thrashing-detect engaged (streak=4, route=direct)
[15:02:08] [info] flip-probe: flip #760 ok=true present=3ms inter_flip_ms=58 drawcalls-since-flip=35 drawcalls-total=63792 fail-total=0 null-skips-total=0
[15:02:08] [info] flip-probe: flip #770 ok=true present=5ms inter_flip_ms=55 drawcalls-since-flip=32 drawcalls-total=64115 fail-total=0 null-skips-total=0
[15:02:09] [info] flip-probe: flip #780 ok=true present=4ms inter_flip_ms=51 drawcalls-since-flip=32 drawcalls-total=64435 fail-total=0 null-skips-total=0
[15:02:10] [info] tas: stall frame 269 ms -> contributing 1 tick (patch 0286)
[15:02:10] [info] flip-probe: flip #790 ok=true present=4ms inter_flip_ms=54 drawcalls-since-flip=33 drawcalls-total=64760 fail-total=0 null-skips-total=0
[15:02:10] [info] flip-probe: flip #800 ok=true present=4ms inter_flip_ms=58 drawcalls-since-flip=36 drawcalls-total=65095 fail-total=0 null-skips-total=0
[15:02:10] [info] alpha audit block 0: 5561 total drawcalls, 0 with alpha<255 (block pct_x10=0; global 0/58397 pct_x10=0); alpha-mod skipped: block=0 global=0
[15:02:10] [info] fastpath audit block 0: taken=5561 (idx8=5561) skipped=0 pct_x10=1000; global taken=58397 (idx8=58397) skipped=0 pct_x10=1000
[15:02:10] [info] primitive tally block 0: clear=201(hr=201) fill=0(hr=0) rect=0(hr=0) line=0(hr=0) tint=0 spotlight=0 (over 100 flips ending at flip 800)
[15:02:10] [info] color/alpha audit block 0: cmod_white=720 cmod_black=720 (idx=720) cmod_general=0 (idx=0) cmod_fb=0; alpha_taken=0 alpha_skipped=0 (global cmod=6942/5400/693/0 idx=5400/693 alpha=0/0)
[15:02:10] [info] phase timing block 0: drawcalls=7233 dc_total_ms=1416 flip_inner_total_ms=605 inter_flip_total_ms=7033 (per-flip avg x10: dc_ms=141 fi_ms=60 if_ms=703 derived audio+engine_ms=502; per-drawcall avg us_x10=1958) [direct-vesa: presents=100 total_ms=383 avg_ms_x10=38 failed=0] [ablation: NO_DC_TIMING=0 CACHE_WINSURF=0 DIRECT_VESA=1]
[15:02:10] [info] kbd/audio block 0: kbd_irq=0 kbd_drain=0 ring_chunks=16 pump_pass=2303 pic1_mask=0xb8 first_irq_ticks=0 install_ticks=0 vector_at_install=0x0083a028 pic1_mask_live=0x38 kbd_8042_stat=0x34 bios_kbd_head=0x0026 bios_kbd_tail=0x0026 bios_kbd_buf0=0x3920
[15:02:10] [info] dirty-rect block @flip=800: total_calls=0 dirty_rects_avg=1 dirty_pct_x10=1000 forced_full=0 first_n_force=0 threshold_exceeded=0 dirty_path_taken=0 full_flush_taken=0
[15:02:10] [info] prev-frame-diff block @flip=800: diff_calls=0 diff_rects_avg=0 diff_dirty_pct_x10=0 bbox_pct_x10=0 bbox_thresh_exceeded=0
[15:02:11] [info] flip-probe: flip #810 ok=true present=4ms inter_flip_ms=55 drawcalls-since-flip=38 drawcalls-total=65464 fail-total=0 null-skips-total=0
[15:02:11] [info] backdrop cache: thrashing-detect engaged (streak=64, route=direct)
[15:02:12] [info] flip-probe: flip #820 ok=true present=4ms inter_flip_ms=55 drawcalls-since-flip=37 drawcalls-total=65838 fail-total=0 null-skips-total=0
[15:02:12] [info] flip-probe: flip #830 ok=true present=4ms inter_flip_ms=56 drawcalls-since-flip=35 drawcalls-total=66196 fail-total=0 null-skips-total=0
[15:02:12] [info] run_tick_fixed #2400: heartbeat (loop alive)
[15:02:13] [info] flip-probe: flip #840 ok=true present=5ms inter_flip_ms=55 drawcalls-since-flip=34 drawcalls-total=66546 fail-total=0 null-skips-total=0
[15:02:13] [info] flip-probe: flip #850 ok=true present=4ms inter_flip_ms=54 drawcalls-since-flip=17 drawcalls-total=66710 fail-total=0 null-skips-total=0
[15:02:14] [info] flip-probe: flip #860 ok=true present=4ms inter_flip_ms=51 drawcalls-since-flip=16 drawcalls-total=66864 fail-total=0 null-skips-total=0
[15:02:14] [info] flip-probe: flip #870 ok=true present=4ms inter_flip_ms=48 drawcalls-since-flip=15 drawcalls-total=67019 fail-total=0 null-skips-total=0
[15:02:15] [info] backdrop cache: thrashing-detect engaged (streak=4, route=direct)
[15:02:15] [info] flip-probe: flip #880 ok=true present=4ms inter_flip_ms=51 drawcalls-since-flip=14 drawcalls-total=67164 fail-total=0 null-skips-total=0
[15:02:15] [info] flip-probe: flip #890 ok=true present=4ms inter_flip_ms=52 drawcalls-since-flip=14 drawcalls-total=67304 fail-total=0 null-skips-total=0
[15:02:16] [info] flip-probe: flip #900 ok=true present=4ms inter_flip_ms=54 drawcalls-since-flip=14 drawcalls-total=67444 fail-total=0 null-skips-total=0
[15:02:16] [info] alpha audit block 0: 1889 total drawcalls, 0 with alpha<255 (block pct_x10=0; global 0/60286 pct_x10=0); alpha-mod skipped: block=0 global=0
[15:02:16] [info] fastpath audit block 0: taken=1889 (idx8=1889) skipped=0 pct_x10=1000; global taken=60286 (idx8=60286) skipped=0 pct_x10=1000
[15:02:16] [info] primitive tally block 0: clear=200(hr=200) fill=0(hr=0) rect=0(hr=0) line=0(hr=0) tint=0 spotlight=0 (over 100 flips ending at flip 900)
[15:02:16] [info] color/alpha audit block 0: cmod_white=360 cmod_black=360 (idx=360) cmod_general=0 (idx=0) cmod_fb=0; alpha_taken=0 alpha_skipped=0 (global cmod=7302/5760/693/0 idx=5760/693 alpha=0/0)
[15:02:16] [info] phase timing block 0: drawcalls=2829 dc_total_ms=875 flip_inner_total_ms=587 inter_flip_total_ms=5533 (per-flip avg x10: dc_ms=87 fi_ms=58 if_ms=553 derived audio+engine_ms=408; per-drawcall avg us_x10=3096) [direct-vesa: presents=100 total_ms=386 avg_ms_x10=38 failed=0] [ablation: NO_DC_TIMING=0 CACHE_WINSURF=0 DIRECT_VESA=1]
[15:02:16] [info] kbd/audio block 0: kbd_irq=0 kbd_drain=0 ring_chunks=16 pump_pass=2580 pic1_mask=0xb8 first_irq_ticks=0 install_ticks=0 vector_at_install=0x0083a028 pic1_mask_live=0x38 kbd_8042_stat=0x34 bios_kbd_head=0x0026 bios_kbd_tail=0x0026 bios_kbd_buf0=0x3920
[15:02:16] [info] dirty-rect block @flip=900: total_calls=0 dirty_rects_avg=1 dirty_pct_x10=1000 forced_full=0 first_n_force=0 threshold_exceeded=0 dirty_path_taken=0 full_flush_taken=0
[15:02:16] [info] prev-frame-diff block @flip=900: diff_calls=0 diff_rects_avg=0 diff_dirty_pct_x10=0 bbox_pct_x10=0 bbox_thresh_exceeded=0
[15:02:16] [info] flip-probe: flip #910 ok=true present=4ms inter_flip_ms=48 drawcalls-since-flip=14 drawcalls-total=67584 fail-total=0 null-skips-total=0
[15:02:17] [info] flip-probe: flip #920 ok=true present=3ms inter_flip_ms=48 drawcalls-since-flip=14 drawcalls-total=67724 fail-total=0 null-skips-total=0
[15:02:17] [info] tas: stall frame 267 ms -> contributing 1 tick (patch 0286)
[15:02:18] [info] flip-probe: flip #930 ok=true present=4ms inter_flip_ms=48 drawcalls-since-flip=14 drawcalls-total=67864 fail-total=0 null-skips-total=0
[15:02:18] [info] backdrop cache: thrashing-detect engaged (streak=64, route=direct)
[15:02:18] [info] flip-probe: flip #940 ok=true present=4ms inter_flip_ms=48 drawcalls-since-flip=14 drawcalls-total=68004 fail-total=0 null-skips-total=0
[15:02:19] [info] flip-probe: flip #950 ok=true present=4ms inter_flip_ms=73 drawcalls-since-flip=183 drawcalls-total=68422 fail-total=0 null-skips-total=0
[15:02:19] [info]  >> Entering stage 11: 'Mimiga Village'.
[15:02:19] [info] [skip-sheet-flush] cave=7
[15:02:20] [info] [load-stage] preloading entry music song=9 (cave=7)
[15:02:20] [info] gameloop: entered (curmap=11, running=1)
[15:02:20] [info] gameloop: iter 1 ticks=108994 mapno=-1
[15:02:20] [info] mds-clear-lut: rebuilt N=240 entries (k_skip=0% k_keep=100%; curmap=11 map_size=60x60; rebuild #5 since boot)
[15:02:20] [info] gameloop: iter 2 ticks=109113 mapno=-1
[15:02:20] [info] gameloop: iter 3 ticks=109222 mapno=-1
[15:02:20] [info] flip-probe: flip #960 ok=true present=3ms inter_flip_ms=101 drawcalls-since-flip=316 drawcalls-total=71234 fail-total=0 null-skips-total=0
[15:02:21] [info] flip-probe: flip #970 ok=true present=4ms inter_flip_ms=58 drawcalls-since-flip=42 drawcalls-total=72015 fail-total=0 null-skips-total=0
[15:02:22] [info] flip-probe: flip #980 ok=true present=4ms inter_flip_ms=58 drawcalls-since-flip=42 drawcalls-total=72435 fail-total=0 null-skips-total=0
[15:02:22] [info] flip-probe: flip #990 ok=true present=4ms inter_flip_ms=74 drawcalls-since-flip=51 drawcalls-total=72918 fail-total=0 null-skips-total=0
[15:02:22] [info] backdrop cache: thrashing-detect engaged (streak=4, route=direct)
[15:02:23] [info] flip-probe: flip #1000 ok=true present=4ms inter_flip_ms=71 drawcalls-since-flip=47 drawcalls-total=73408 fail-total=0 null-skips-total=0
[15:02:23] [info] alpha audit block 0: 5292 total drawcalls, 0 with alpha<255 (block pct_x10=0; global 0/65578 pct_x10=0); alpha-mod skipped: block=0 global=0
[15:02:23] [info] fastpath audit block 0: taken=5292 (idx8=5292) skipped=0 pct_x10=1000; global taken=65578 (idx8=65578) skipped=0 pct_x10=1000
[15:02:23] [info] primitive tally block 0: clear=201(hr=201) fill=0(hr=0) rect=0(hr=0) line=0(hr=0) tint=0 spotlight=0 (over 100 flips ending at flip 1000)
[15:02:23] [info] color/alpha audit block 0: cmod_white=572 cmod_black=572 (idx=572) cmod_general=0 (idx=0) cmod_fb=0; alpha_taken=0 alpha_skipped=0 (global cmod=7874/6332/693/0 idx=6332/693 alpha=0/0)
[15:02:23] [info] phase timing block 0: drawcalls=6673 dc_total_ms=1393 flip_inner_total_ms=820 inter_flip_total_ms=7068 (per-flip avg x10: dc_ms=139 fi_ms=82 if_ms=706 derived audio+engine_ms=485; per-drawcall avg us_x10=2088) [direct-vesa: presents=100 total_ms=387 avg_ms_x10=38 failed=0] [ablation: NO_DC_TIMING=0 CACHE_WINSURF=0 DIRECT_VESA=1]
[15:02:23] [info] kbd/audio block 0: kbd_irq=0 kbd_drain=0 ring_chunks=16 pump_pass=2882 pic1_mask=0xb8 first_irq_ticks=0 install_ticks=0 vector_at_install=0x0083a028 pic1_mask_live=0x38 kbd_8042_stat=0x34 bios_kbd_head=0x0026 bios_kbd_tail=0x0026 bios_kbd_buf0=0x3920
[15:02:23] [info] dirty-rect block @flip=1000: total_calls=0 dirty_rects_avg=1 dirty_pct_x10=1000 forced_full=0 first_n_force=0 threshold_exceeded=0 dirty_path_taken=0 full_flush_taken=0
[15:02:23] [info] prev-frame-diff block @flip=1000: diff_calls=0 diff_rects_avg=0 diff_dirty_pct_x10=0 bbox_pct_x10=0 bbox_thresh_exceeded=0
[15:02:24] [info] flip-probe: flip #1010 ok=true present=4ms inter_flip_ms=62 drawcalls-since-flip=43 drawcalls-total=73851 fail-total=0 null-skips-total=0
[15:02:24] [info] flip-probe: flip #1020 ok=true present=4ms inter_flip_ms=61 drawcalls-since-flip=44 drawcalls-total=74283 fail-total=0 null-skips-total=0
[15:02:25] [info] flip-probe: flip #1030 ok=true present=4ms inter_flip_ms=61 drawcalls-since-flip=45 drawcalls-total=74740 fail-total=0 null-skips-total=0
[15:02:25] [info] flip-probe: flip #1040 ok=true present=4ms inter_flip_ms=57 drawcalls-since-flip=45 drawcalls-total=75190 fail-total=0 null-skips-total=0
[15:02:26] [info] flip-probe: flip #1050 ok=true present=4ms inter_flip_ms=57 drawcalls-since-flip=45 drawcalls-total=75640 fail-total=0 null-skips-total=0
[15:02:26] [info] backdrop cache: thrashing-detect engaged (streak=64, route=direct)
[15:02:27] [info] flip-probe: flip #1060 ok=true present=4ms inter_flip_ms=59 drawcalls-since-flip=44 drawcalls-total=76087 fail-total=0 null-skips-total=0
[15:02:27] [info] flip-probe: flip #1070 ok=true present=4ms inter_flip_ms=62 drawcalls-since-flip=44 drawcalls-total=76527 fail-total=0 null-skips-total=0
[15:02:28] [info] flip-probe: flip #1080 ok=true present=4ms inter_flip_ms=54 drawcalls-since-flip=17 drawcalls-total=76854 fail-total=0 null-skips-total=0
[15:02:28] [info] flip-probe: flip #1090 ok=true present=4ms inter_flip_ms=54 drawcalls-since-flip=19 drawcalls-total=77035 fail-total=0 null-skips-total=0
[15:02:29] [info] flip-probe: flip #1100 ok=true present=4ms inter_flip_ms=54 drawcalls-since-flip=19 drawcalls-total=77225 fail-total=0 null-skips-total=0
[15:02:29] [info] alpha audit block 0: 2729 total drawcalls, 0 with alpha<255 (block pct_x10=0; global 0/68307 pct_x10=0); alpha-mod skipped: block=0 global=0
[15:02:29] [info] fastpath audit block 0: taken=2729 (idx8=2729) skipped=0 pct_x10=1000; global taken=68307 (idx8=68307) skipped=0 pct_x10=1000
[15:02:29] [info] primitive tally block 0: clear=200(hr=200) fill=0(hr=0) rect=0(hr=0) line=0(hr=0) tint=0 spotlight=0 (over 100 flips ending at flip 1100)
[15:02:29] [info] color/alpha audit block 0: cmod_white=988 cmod_black=988 (idx=988) cmod_general=0 (idx=0) cmod_fb=0; alpha_taken=0 alpha_skipped=0 (global cmod=8862/7320/693/0 idx=7320/693 alpha=0/0)
[15:02:29] [info] phase timing block 0: drawcalls=4905 dc_total_ms=967 flip_inner_total_ms=587 inter_flip_total_ms=6022 (per-flip avg x10: dc_ms=96 fi_ms=58 if_ms=602 derived audio+engine_ms=448; per-drawcall avg us_x10=1972) [direct-vesa: presents=100 total_ms=384 avg_ms_x10=38 failed=0] [ablation: NO_DC_TIMING=0 CACHE_WINSURF=0 DIRECT_VESA=1]
[15:02:29] [info] kbd/audio block 0: kbd_irq=0 kbd_drain=0 ring_chunks=16 pump_pass=3183 pic1_mask=0xb8 first_irq_ticks=0 install_ticks=0 vector_at_install=0x0083a028 pic1_mask_live=0x38 kbd_8042_stat=0x34 bios_kbd_head=0x0026 bios_kbd_tail=0x0026 bios_kbd_buf0=0x3920
[15:02:29] [info] dirty-rect block @flip=1100: total_calls=0 dirty_rects_avg=1 dirty_pct_x10=1000 forced_full=0 first_n_force=0 threshold_exceeded=0 dirty_path_taken=0 full_flush_taken=0
[15:02:29] [info] prev-frame-diff block @flip=1100: diff_calls=0 diff_rects_avg=0 diff_dirty_pct_x10=0 bbox_pct_x10=0 bbox_thresh_exceeded=0
[15:02:30] [info] flip-probe: flip #1110 ok=true present=4ms inter_flip_ms=56 drawcalls-since-flip=18 drawcalls-total=77410 fail-total=0 null-skips-total=0
[15:02:30] [info] backdrop cache: thrashing-detect engaged (streak=124, route=direct)
[15:02:30] [info] flip-probe: flip #1120 ok=true present=4ms inter_flip_ms=57 drawcalls-since-flip=18 drawcalls-total=77584 fail-total=0 null-skips-total=0
[15:02:31] [info] flip-probe: flip #1130 ok=true present=4ms inter_flip_ms=52 drawcalls-since-flip=18 drawcalls-total=77764 fail-total=0 null-skips-total=0
[15:02:31] [info] flip-probe: flip #1140 ok=true present=3ms inter_flip_ms=54 drawcalls-since-flip=19 drawcalls-total=77953 fail-total=0 null-skips-total=0
[15:02:31] [info] run_tick_fixed #3300: heartbeat (loop alive)
[15:02:32] [info] flip-probe: flip #1150 ok=true present=4ms inter_flip_ms=58 drawcalls-since-flip=19 drawcalls-total=78143 fail-total=0 null-skips-total=0
[15:02:32] [info] flip-probe: flip #1160 ok=true present=4ms inter_flip_ms=54 drawcalls-since-flip=20 drawcalls-total=78342 fail-total=0 null-skips-total=0
[15:02:33] [info] flip-probe: flip #1170 ok=true present=4ms inter_flip_ms=57 drawcalls-since-flip=20 drawcalls-total=78542 fail-total=0 null-skips-total=0
[15:02:33] [info] backdrop cache: thrashing-detect engaged (streak=184, route=direct)
[15:02:34] [info] flip-probe: flip #1180 ok=true present=4ms inter_flip_ms=58 drawcalls-since-flip=17 drawcalls-total=78721 fail-total=0 null-skips-total=0
[15:02:34] [info] flip-probe: flip #1190 ok=true present=4ms inter_flip_ms=57 drawcalls-since-flip=17 drawcalls-total=78891 fail-total=0 null-skips-total=0
[15:02:35] [info] flip-probe: flip #1200 ok=true present=4ms inter_flip_ms=58 drawcalls-since-flip=18 drawcalls-total=79071 fail-total=0 null-skips-total=0
[15:02:35] [info] alpha audit block 0: 1746 total drawcalls, 0 with alpha<255 (block pct_x10=0; global 0/70053 pct_x10=0); alpha-mod skipped: block=0 global=0
[15:02:35] [info] fastpath audit block 0: taken=1746 (idx8=1746) skipped=0 pct_x10=1000; global taken=70053 (idx8=70053) skipped=0 pct_x10=1000
[15:02:35] [info] primitive tally block 0: clear=200(hr=200) fill=0(hr=0) rect=0(hr=0) line=0(hr=0) tint=0 spotlight=0 (over 100 flips ending at flip 1200)
[15:02:35] [info] phase timing block 0: drawcalls=1946 dc_total_ms=741 flip_inner_total_ms=592 inter_flip_total_ms=5779 (per-flip avg x10: dc_ms=74 fi_ms=59 if_ms=577 derived audio+engine_ms=444; per-drawcall avg us_x10=3811) [direct-vesa: presents=100 total_ms=387 avg_ms_x10=38 failed=0] [ablation: NO_DC_TIMING=0 CACHE_WINSURF=0 DIRECT_VESA=1]
[15:02:35] [info] kbd/audio block 0: kbd_irq=0 kbd_drain=0 ring_chunks=16 pump_pass=3472 pic1_mask=0xb8 first_irq_ticks=0 install_ticks=0 vector_at_install=0x0083a028 pic1_mask_live=0x38 kbd_8042_stat=0x34 bios_kbd_head=0x0026 bios_kbd_tail=0x0026 bios_kbd_buf0=0x3920
[15:02:35] [info] dirty-rect block @flip=1200: total_calls=0 dirty_rects_avg=1 dirty_pct_x10=1000 forced_full=0 first_n_force=0 threshold_exceeded=0 dirty_path_taken=0 full_flush_taken=0
[15:02:35] [info] prev-frame-diff block @flip=1200: diff_calls=0 diff_rects_avg=0 diff_dirty_pct_x10=0 bbox_pct_x10=0 bbox_thresh_exceeded=0
[15:02:35] [info] flip-probe: flip #1210 ok=true present=4ms inter_flip_ms=58 drawcalls-since-flip=16 drawcalls-total=79241 fail-total=0 null-skips-total=0
[15:02:36] [info] flip-probe: flip #1220 ok=true present=5ms inter_flip_ms=55 drawcalls-since-flip=17 drawcalls-total=79406 fail-total=0 null-skips-total=0
[15:02:37] [info] flip-probe: flip #1230 ok=true present=4ms inter_flip_ms=59 drawcalls-since-flip=20 drawcalls-total=79598 fail-total=0 null-skips-total=0
[15:02:37] [info] backdrop cache: thrashing-detect engaged (streak=244, route=direct)
[15:02:37] [info] flip-probe: flip #1240 ok=true present=4ms inter_flip_ms=58 drawcalls-since-flip=18 drawcalls-total=79789 fail-total=0 null-skips-total=0
[15:02:38] [info]  >> Entering stage 19: 'Assembly Hall'.
[15:02:38] [info] [skip-sheet-flush] cave=8
[15:02:39] [info] [load-stage] preloading entry music song=9 (cave=8)
[15:02:39] [info] gameloop: entered (curmap=19, running=1)
[15:02:39] [info] gameloop: iter 1 ticks=127959 mapno=-1
[15:02:39] [info] mds-clear-lut: rebuilt N=240 entries (k_skip=100% k_keep=0%; curmap=19 map_size=21x16; rebuild #6 since boot)
[15:02:39] [info] flip-probe: flip #1250 ok=true present=4ms inter_flip_ms=1138 drawcalls-since-flip=463 drawcalls-total=82167 fail-total=0 null-skips-total=0
[15:02:39] [info] gameloop: iter 2 ticks=128097 mapno=-1
[15:02:39] [info] gameloop: iter 3 ticks=128210 mapno=-1
[15:02:40] [info] flip-probe: flip #1260 ok=true present=4ms inter_flip_ms=56 drawcalls-since-flip=122 drawcalls-total=84682 fail-total=0 null-skips-total=0
[15:02:40] [info] flip-probe: flip #1270 ok=true present=5ms inter_flip_ms=55 drawcalls-since-flip=122 drawcalls-total=85902 fail-total=0 null-skips-total=0
[15:02:41] [info] flip-probe: flip #1280 ok=true present=4ms inter_flip_ms=60 drawcalls-since-flip=125 drawcalls-total=87133 fail-total=0 null-skips-total=0
[15:02:42] [info] flip-probe: flip #1290 ok=true present=4ms inter_flip_ms=61 drawcalls-since-flip=124 drawcalls-total=88365 fail-total=0 null-skips-total=0
[15:02:42] [info] flip-probe: flip #1300 ok=true present=3ms inter_flip_ms=58 drawcalls-since-flip=122 drawcalls-total=89594 fail-total=0 null-skips-total=0
[15:02:42] [info] alpha audit block 0: 9811 total drawcalls, 0 with alpha<255 (block pct_x10=0; global 0/79864 pct_x10=0); alpha-mod skipped: block=0 global=0
[15:02:42] [info] fastpath audit block 0: taken=9811 (idx8=9811) skipped=0 pct_x10=1000; global taken=79864 (idx8=79864) skipped=0 pct_x10=1000
[15:02:42] [info] primitive tally block 0: clear=201(hr=201) fill=0(hr=0) rect=0(hr=0) line=0(hr=0) tint=0 spotlight=0 (over 100 flips ending at flip 1300)
[15:02:42] [info] color/alpha audit block 0: cmod_white=612 cmod_black=612 (idx=612) cmod_general=0 (idx=0) cmod_fb=0; alpha_taken=0 alpha_skipped=0 (global cmod=9474/7932/693/0 idx=7932/693 alpha=0/0)
[15:02:42] [info] phase timing block 0: drawcalls=11287 dc_total_ms=1650 flip_inner_total_ms=588 inter_flip_total_ms=7379 (per-flip avg x10: dc_ms=165 fi_ms=58 if_ms=737 derived audio+engine_ms=514; per-drawcall avg us_x10=1462) [direct-vesa: presents=100 total_ms=386 avg_ms_x10=38 failed=0] [ablation: NO_DC_TIMING=0 CACHE_WINSURF=0 DIRECT_VESA=1]
[15:02:42] [info] kbd/audio block 0: kbd_irq=0 kbd_drain=0 ring_chunks=16 pump_pass=3788 pic1_mask=0xb8 first_irq_ticks=0 install_ticks=0 vector_at_install=0x0083a028 pic1_mask_live=0x38 kbd_8042_stat=0x34 bios_kbd_head=0x0026 bios_kbd_tail=0x0026 bios_kbd_buf0=0x3920
[15:02:42] [info] dirty-rect block @flip=1300: total_calls=0 dirty_rects_avg=1 dirty_pct_x10=1000 forced_full=0 first_n_force=0 threshold_exceeded=0 dirty_path_taken=0 full_flush_taken=0
[15:02:42] [info] prev-frame-diff block @flip=1300: diff_calls=0 diff_rects_avg=0 diff_dirty_pct_x10=0 bbox_pct_x10=0 bbox_thresh_exceeded=0
[15:02:43] [info] flip-probe: flip #1310 ok=true present=5ms inter_flip_ms=56 drawcalls-since-flip=122 drawcalls-total=90814 fail-total=0 null-skips-total=0
[15:02:43] [info] flip-probe: flip #1320 ok=true present=4ms inter_flip_ms=54 drawcalls-since-flip=122 drawcalls-total=92034 fail-total=0 null-skips-total=0
[15:02:44] [info] flip-probe: flip #1330 ok=true present=3ms inter_flip_ms=105 drawcalls-since-flip=462 drawcalls-total=94898 fail-total=0 null-skips-total=0
[15:02:44] [info]  >> Entering stage 11: 'Mimiga Village'.
[15:02:44] [info] [skip-sheet-flush] cave=9
[15:02:45] [info] [load-stage] preloading entry music song=9 (cave=9)
[15:02:45] [info] gameloop: entered (curmap=11, running=1)
[15:02:45] [info] gameloop: iter 1 ticks=134295 mapno=-1
[15:02:45] [info] mds-clear-lut: rebuilt N=240 entries (k_skip=0% k_keep=100%; curmap=11 map_size=60x60; rebuild #7 since boot)
[15:02:45] [info] gameloop: iter 2 ticks=134422 mapno=-1
[15:02:46] [info] run_tick_fixed #3900: heartbeat (loop alive)
[15:02:46] [info] gameloop: iter 3 ticks=134546 mapno=-1
[15:02:46] [info] backdrop cache: thrashing-detect engaged (streak=4, route=direct)
[15:02:46] [info] flip-probe: flip #1340 ok=true present=3ms inter_flip_ms=62 drawcalls-since-flip=32 drawcalls-total=97182 fail-total=0 null-skips-total=0
[15:02:47] [info] flip-probe: flip #1350 ok=true present=4ms inter_flip_ms=63 drawcalls-since-flip=46 drawcalls-total=97635 fail-total=0 null-skips-total=0
[15:02:47] [info] flip-probe: flip #1360 ok=true present=4ms inter_flip_ms=61 drawcalls-since-flip=43 drawcalls-total=98064 fail-total=0 null-skips-total=0
[15:02:48] [info] flip-probe: flip #1370 ok=true present=4ms inter_flip_ms=62 drawcalls-since-flip=45 drawcalls-total=98501 fail-total=0 null-skips-total=0
[15:02:49] [info] flip-probe: flip #1380 ok=true present=4ms inter_flip_ms=61 drawcalls-since-flip=43 drawcalls-total=98935 fail-total=0 null-skips-total=0
[15:02:49] [info] flip-probe: flip #1390 ok=true present=3ms inter_flip_ms=61 drawcalls-since-flip=45 drawcalls-total=99389 fail-total=0 null-skips-total=0
[15:02:50] [info] backdrop cache: thrashing-detect engaged (streak=64, route=direct)
[15:02:50] [info] flip-probe: flip #1400 ok=true present=4ms inter_flip_ms=60 drawcalls-since-flip=44 drawcalls-total=99834 fail-total=0 null-skips-total=0
[15:02:50] [info] alpha audit block 0: 8872 total drawcalls, 0 with alpha<255 (block pct_x10=0; global 0/88736 pct_x10=0); alpha-mod skipped: block=0 global=0
[15:02:50] [info] fastpath audit block 0: taken=8872 (idx8=8872) skipped=0 pct_x10=1000; global taken=88736 (idx8=88736) skipped=0 pct_x10=1000
[15:02:50] [info] primitive tally block 0: clear=202(hr=202) fill=0(hr=0) rect=0(hr=0) line=0(hr=0) tint=0 spotlight=0 (over 100 flips ending at flip 1400)
[15:02:50] [info] color/alpha audit block 0: cmod_white=1268 cmod_black=1268 (idx=1268) cmod_general=0 (idx=0) cmod_fb=0; alpha_taken=0 alpha_skipped=0 (global cmod=10742/9200/693/0 idx=9200/693 alpha=0/0)
[15:02:50] [info] phase timing block 0: drawcalls=11647 dc_total_ms=1673 flip_inner_total_ms=598 inter_flip_total_ms=7646 (per-flip avg x10: dc_ms=167 fi_ms=59 if_ms=764 derived audio+engine_ms=538; per-drawcall avg us_x10=1436) [direct-vesa: presents=100 total_ms=381 avg_ms_x10=38 failed=0] [ablation: NO_DC_TIMING=0 CACHE_WINSURF=0 DIRECT_VESA=1]
[15:02:50] [info] kbd/audio block 0: kbd_irq=0 kbd_drain=0 ring_chunks=16 pump_pass=4112 pic1_mask=0xb8 first_irq_ticks=0 install_ticks=0 vector_at_install=0x0083a028 pic1_mask_live=0x38 kbd_8042_stat=0x34 bios_kbd_head=0x0026 bios_kbd_tail=0x0026 bios_kbd_buf0=0x3920
[15:02:50] [info] dirty-rect block @flip=1400: total_calls=0 dirty_rects_avg=1 dirty_pct_x10=1000 forced_full=0 first_n_force=0 threshold_exceeded=0 dirty_path_taken=0 full_flush_taken=0
[15:02:50] [info] prev-frame-diff block @flip=1400: diff_calls=0 diff_rects_avg=0 diff_dirty_pct_x10=0 bbox_pct_x10=0 bbox_thresh_exceeded=0
[15:02:50] [info] flip-probe: flip #1410 ok=true present=4ms inter_flip_ms=62 drawcalls-since-flip=43 drawcalls-total=100271 fail-total=0 null-skips-total=0
[15:02:51] [info] flip-probe: flip #1420 ok=true present=4ms inter_flip_ms=63 drawcalls-since-flip=43 drawcalls-total=100701 fail-total=0 null-skips-total=0
[15:02:52] [info] flip-probe: flip #1430 ok=true present=4ms inter_flip_ms=60 drawcalls-since-flip=44 drawcalls-total=101138 fail-total=0 null-skips-total=0
[15:02:52] [info] flip-probe: flip #1440 ok=true present=3ms inter_flip_ms=60 drawcalls-since-flip=46 drawcalls-total=101584 fail-total=0 null-skips-total=0
[15:02:53] [info] flip-probe: flip #1450 ok=true present=4ms inter_flip_ms=59 drawcalls-since-flip=41 drawcalls-total=102016 fail-total=0 null-skips-total=0
[15:02:53] [info] backdrop cache: thrashing-detect engaged (streak=124, route=direct)
[15:02:54] [info] tas: stall frame 277 ms -> contributing 1 tick (patch 0286)
[15:02:54] [info] flip-probe: flip #1460 ok=true present=4ms inter_flip_ms=56 drawcalls-since-flip=44 drawcalls-total=102247 fail-total=0 null-skips-total=0
[15:02:54] [info]  >> Entering stage 14: 'Shack'.
[15:02:54] [info] [skip-sheet-flush] cave=10
[15:02:55] [info] [load-stage] preloading entry music song=8 (cave=10)
[15:02:55] [info] opl3 backend: on_song_stop
[15:02:55] [info] MidiScheduler::load: parsed 'data/orgmid2/vivi.mid' = 11188 events at 48 PPQ
[15:02:55] [info] opl3 backend: on_song_start
[15:02:56] [info] gameloop: entered (curmap=14, running=1)
[15:02:56] [info] gameloop: iter 1 ticks=144561 mapno=-1
[15:02:56] [info] gameloop: iter 2 ticks=144658 mapno=-1
[15:02:56] [info] gameloop: iter 3 ticks=144763 mapno=-1
[15:02:56] [info] flip-probe: flip #1470 ok=true present=4ms inter_flip_ms=104 drawcalls-since-flip=365 drawcalls-total=105118 fail-total=0 null-skips-total=0
[15:02:56] [info] flip-probe: flip #1480 ok=true present=3ms inter_flip_ms=44 drawcalls-since-flip=24 drawcalls-total=106025 fail-total=0 null-skips-total=0
[15:02:57] [info] flip-probe: flip #1490 ok=true present=4ms inter_flip_ms=43 drawcalls-since-flip=24 drawcalls-total=106265 fail-total=0 null-skips-total=0
[15:02:57] [info] flip-probe: flip #1500 ok=true present=4ms inter_flip_ms=45 drawcalls-since-flip=26 drawcalls-total=106507 fail-total=0 null-skips-total=0
[15:02:57] [info] alpha audit block 0: 5765 total drawcalls, 0 with alpha<255 (block pct_x10=0; global 0/94501 pct_x10=0); alpha-mod skipped: block=0 global=0
[15:02:57] [info] fastpath audit block 0: taken=5765 (idx8=5765) skipped=0 pct_x10=1000; global taken=94501 (idx8=94501) skipped=0 pct_x10=1000
[15:02:57] [info] primitive tally block 0: clear=201(hr=201) fill=0(hr=0) rect=0(hr=0) line=0(hr=0) tint=0 spotlight=0 (over 100 flips ending at flip 1500)
[15:02:57] [info] color/alpha audit block 0: cmod_white=841 cmod_black=841 (idx=841) cmod_general=0 (idx=0) cmod_fb=0; alpha_taken=0 alpha_skipped=0 (global cmod=11583/10041/693/0 idx=10041/693 alpha=0/0)
[15:02:57] [info] phase timing block 0: drawcalls=7648 dc_total_ms=1269 flip_inner_total_ms=587 inter_flip_total_ms=7463 (per-flip avg x10: dc_ms=126 fi_ms=58 if_ms=746 derived audio+engine_ms=562; per-drawcall avg us_x10=1659) [direct-vesa: presents=100 total_ms=385 avg_ms_x10=38 failed=0] [ablation: NO_DC_TIMING=0 CACHE_WINSURF=0 DIRECT_VESA=1]
[15:02:57] [info] kbd/audio block 0: kbd_irq=0 kbd_drain=0 ring_chunks=16 pump_pass=4412 pic1_mask=0xb8 first_irq_ticks=0 install_ticks=0 vector_at_install=0x0083a028 pic1_mask_live=0x38 kbd_8042_stat=0x34 bios_kbd_head=0x0026 bios_kbd_tail=0x0026 bios_kbd_buf0=0x3920
[15:02:57] [info] dirty-rect block @flip=1500: total_calls=0 dirty_rects_avg=1 dirty_pct_x10=1000 forced_full=0 first_n_force=0 threshold_exceeded=0 dirty_path_taken=0 full_flush_taken=0
[15:02:57] [info] prev-frame-diff block @flip=1500: diff_calls=0 diff_rects_avg=0 diff_dirty_pct_x10=0 bbox_pct_x10=0 bbox_thresh_exceeded=0
[15:02:58] [info] flip-probe: flip #1510 ok=true present=4ms inter_flip_ms=45 drawcalls-since-flip=27 drawcalls-total=106778 fail-total=0 null-skips-total=0
[15:02:58] [info] flip-probe: flip #1520 ok=true present=4ms inter_flip_ms=44 drawcalls-since-flip=24 drawcalls-total=107022 fail-total=0 null-skips-total=0
[15:02:59] [info] flip-probe: flip #1530 ok=true present=4ms inter_flip_ms=43 drawcalls-since-flip=24 drawcalls-total=107262 fail-total=0 null-skips-total=0
[15:02:59] [info] run_tick_fixed #4500: heartbeat (loop alive)
[15:02:59] [info] flip-probe: flip #1540 ok=true present=4ms inter_flip_ms=43 drawcalls-since-flip=24 drawcalls-total=107502 fail-total=0 null-skips-total=0
[15:03:00] [info] flip-probe: flip #1550 ok=true present=4ms inter_flip_ms=43 drawcalls-since-flip=24 drawcalls-total=107742 fail-total=0 null-skips-total=0
[15:03:00] [info] flip-probe: flip #1560 ok=true present=4ms inter_flip_ms=43 drawcalls-since-flip=24 drawcalls-total=107982 fail-total=0 null-skips-total=0
[15:03:00] [info] flip-probe: flip #1570 ok=true present=4ms inter_flip_ms=43 drawcalls-since-flip=24 drawcalls-total=108222 fail-total=0 null-skips-total=0
[15:03:01] [info] flip-probe: flip #1580 ok=true present=4ms inter_flip_ms=94 drawcalls-since-flip=365 drawcalls-total=110338 fail-total=0 null-skips-total=0
[15:03:01] [info]  >> Entering stage 11: 'Mimiga Village'.
[15:03:01] [info] [skip-sheet-flush] cave=11
[15:03:02] [info] [load-stage] preloading entry music song=9 (cave=11)
[15:03:02] [info] opl3 backend: on_song_stop
[15:03:02] [info] MidiScheduler::load: parsed 'data/orgmid2/mura.mid' = 7123 events at 48 PPQ
[15:03:02] [info] opl3 backend: on_song_start
[15:03:02] [info] gameloop: entered (curmap=11, running=1)
[15:03:02] [info] gameloop: iter 1 ticks=151176 mapno=-1
[15:03:02] [info] gameloop: iter 2 ticks=151293 mapno=-1
[15:03:02] [info] gameloop: iter 3 ticks=151411 mapno=-1
[15:03:03] [info] backdrop cache: thrashing-detect engaged (streak=4, route=direct)
[15:03:03] [info] flip-probe: flip #1590 ok=true present=3ms inter_flip_ms=66 drawcalls-since-flip=41 drawcalls-total=112428 fail-total=0 null-skips-total=0
[15:03:04] [info] flip-probe: flip #1600 ok=true present=4ms inter_flip_ms=60 drawcalls-since-flip=44 drawcalls-total=112850 fail-total=0 null-skips-total=0
[15:03:04] [info] alpha audit block 0: 5672 total drawcalls, 0 with alpha<255 (block pct_x10=0; global 0/100173 pct_x10=0); alpha-mod skipped: block=0 global=0
[15:03:04] [info] fastpath audit block 0: taken=5672 (idx8=5672) skipped=0 pct_x10=1000; global taken=100173 (idx8=100173) skipped=0 pct_x10=1000
[15:03:04] [info] primitive tally block 0: clear=201(hr=201) fill=0(hr=0) rect=0(hr=0) line=0(hr=0) tint=0 spotlight=0 (over 100 flips ending at flip 1600)
[15:03:04] [info] color/alpha audit block 0: cmod_white=652 cmod_black=652 (idx=652) cmod_general=0 (idx=0) cmod_fb=0; alpha_taken=0 alpha_skipped=0 (global cmod=12235/10693/693/0 idx=10693/693 alpha=0/0)
[15:03:04] [info] phase timing block 0: drawcalls=7182 dc_total_ms=1255 flip_inner_total_ms=598 inter_flip_total_ms=6363 (per-flip avg x10: dc_ms=125 fi_ms=59 if_ms=636 derived audio+engine_ms=452; per-drawcall avg us_x10=1747) [direct-vesa: presents=100 total_ms=385 avg_ms_x10=38 failed=0] [ablation: NO_DC_TIMING=0 CACHE_WINSURF=0 DIRECT_VESA=1]
[15:03:04] [info] kbd/audio block 0: kbd_irq=0 kbd_drain=0 ring_chunks=16 pump_pass=4680 pic1_mask=0xb8 first_irq_ticks=0 install_ticks=0 vector_at_install=0x0083a028 pic1_mask_live=0x38 kbd_8042_stat=0x34 bios_kbd_head=0x0026 bios_kbd_tail=0x0026 bios_kbd_buf0=0x3920
[15:03:04] [info] dirty-rect block @flip=1600: total_calls=0 dirty_rects_avg=1 dirty_pct_x10=1000 forced_full=0 first_n_force=0 threshold_exceeded=0 dirty_path_taken=0 full_flush_taken=0
[15:03:04] [info] prev-frame-diff block @flip=1600: diff_calls=0 diff_rects_avg=0 diff_dirty_pct_x10=0 bbox_pct_x10=0 bbox_thresh_exceeded=0
[15:03:04] [info] flip-probe: flip #1610 ok=true present=4ms inter_flip_ms=64 drawcalls-since-flip=46 drawcalls-total=113296 fail-total=0 null-skips-total=0
[15:03:05] [info] flip-probe: flip #1620 ok=true present=4ms inter_flip_ms=61 drawcalls-since-flip=43 drawcalls-total=113755 fail-total=0 null-skips-total=0
[15:03:06] [info] flip-probe: flip #1630 ok=true present=4ms inter_flip_ms=59 drawcalls-since-flip=43 drawcalls-total=114185 fail-total=0 null-skips-total=0
[15:03:06] [info] run_tick_fixed #4800: heartbeat (loop alive)
[15:03:06] [info] flip-probe: flip #1640 ok=true present=4ms inter_flip_ms=62 drawcalls-since-flip=45 drawcalls-total=114642 fail-total=0 null-skips-total=0
[15:03:07] [info] backdrop cache: thrashing-detect engaged (streak=64, route=direct)
[15:03:07] [info] flip-probe: flip #1650 ok=true present=5ms inter_flip_ms=60 drawcalls-since-flip=45 drawcalls-total=115092 fail-total=0 null-skips-total=0
[15:03:07] [info] flip-probe: flip #1660 ok=true present=4ms inter_flip_ms=61 drawcalls-since-flip=47 drawcalls-total=115551 fail-total=0 null-skips-total=0
[15:03:08] [info] flip-probe: flip #1670 ok=true present=4ms inter_flip_ms=60 drawcalls-since-flip=44 drawcalls-total=116005 fail-total=0 null-skips-total=0
[15:03:09] [info] flip-probe: flip #1680 ok=true present=4ms inter_flip_ms=60 drawcalls-since-flip=44 drawcalls-total=116445 fail-total=0 null-skips-total=0
[15:03:09] [info] backdrop cache: thrashing-detect engaged (streak=4, route=direct)
[15:03:09] [info] flip-probe: flip #1690 ok=true present=3ms inter_flip_ms=69 drawcalls-since-flip=46 drawcalls-total=116899 fail-total=0 null-skips-total=0
[15:03:10] [info] flip-probe: flip #1700 ok=true present=4ms inter_flip_ms=57 drawcalls-since-flip=46 drawcalls-total=117365 fail-total=0 null-skips-total=0
[15:03:10] [info] alpha audit block 0: 3115 total drawcalls, 0 with alpha<255 (block pct_x10=0; global 0/103288 pct_x10=0); alpha-mod skipped: block=0 global=0
[15:03:10] [info] fastpath audit block 0: taken=3115 (idx8=3115) skipped=0 pct_x10=1000; global taken=103288 (idx8=103288) skipped=0 pct_x10=1000
[15:03:10] [info] primitive tally block 0: clear=200(hr=200) fill=0(hr=0) rect=0(hr=0) line=0(hr=0) tint=0 spotlight=0 (over 100 flips ending at flip 1700)
[15:03:10] [info] color/alpha audit block 0: cmod_white=1300 cmod_black=1300 (idx=1300) cmod_general=0 (idx=0) cmod_fb=0; alpha_taken=0 alpha_skipped=0 (global cmod=13535/11993/693/0 idx=11993/693 alpha=0/0)
[15:03:10] [info] phase timing block 0: drawcalls=5919 dc_total_ms=1073 flip_inner_total_ms=584 inter_flip_total_ms=6191 (per-flip avg x10: dc_ms=107 fi_ms=58 if_ms=619 derived audio+engine_ms=454; per-drawcall avg us_x10=1813) [direct-vesa: presents=100 total_ms=380 avg_ms_x10=38 failed=0] [ablation: NO_DC_TIMING=0 CACHE_WINSURF=0 DIRECT_VESA=1]
[15:03:10] [info] kbd/audio block 0: kbd_irq=0 kbd_drain=0 ring_chunks=16 pump_pass=4990 pic1_mask=0xb8 first_irq_ticks=0 install_ticks=0 vector_at_install=0x0083a028 pic1_mask_live=0x38 kbd_8042_stat=0x34 bios_kbd_head=0x0026 bios_kbd_tail=0x0026 bios_kbd_buf0=0x3920
[15:03:10] [info] dirty-rect block @flip=1700: total_calls=0 dirty_rects_avg=1 dirty_pct_x10=1000 forced_full=0 first_n_force=0 threshold_exceeded=0 dirty_path_taken=0 full_flush_taken=0
[15:03:10] [info] prev-frame-diff block @flip=1700: diff_calls=0 diff_rects_avg=0 diff_dirty_pct_x10=0 bbox_pct_x10=0 bbox_thresh_exceeded=0
[15:03:10] [info] flip-probe: flip #1710 ok=true present=4ms inter_flip_ms=56 drawcalls-since-flip=19 drawcalls-total=117582 fail-total=0 null-skips-total=0
[15:03:11] [info] flip-probe: flip #1720 ok=true present=4ms inter_flip_ms=53 drawcalls-since-flip=19 drawcalls-total=117772 fail-total=0 null-skips-total=0
[15:03:12] [info] flip-probe: flip #1730 ok=true present=4ms inter_flip_ms=54 drawcalls-since-flip=19 drawcalls-total=117962 fail-total=0 null-skips-total=0
[15:03:12] [info] run_tick_fixed #5100: heartbeat (loop alive)
[15:03:12] [info] flip-probe: flip #1740 ok=true present=4ms inter_flip_ms=59 drawcalls-since-flip=19 drawcalls-total=118152 fail-total=0 null-skips-total=0
[15:03:13] [info] backdrop cache: thrashing-detect engaged (streak=64, route=direct)
[15:03:13] [info] flip-probe: flip #1750 ok=true present=4ms inter_flip_ms=64 drawcalls-since-flip=60 drawcalls-total=118752 fail-total=0 null-skips-total=0
[15:03:13] [info] flip-probe: flip #1760 ok=true present=4ms inter_flip_ms=57 drawcalls-since-flip=60 drawcalls-total=119352 fail-total=0 null-skips-total=0
[15:03:14] [info] flip-probe: flip #1770 ok=true present=4ms inter_flip_ms=56 drawcalls-since-flip=60 drawcalls-total=119952 fail-total=0 null-skips-total=0
[15:03:14] [info] tas: end-of-replay auto-exit at tick 5140 (recording exhausted; set DOSKUTSU_TAS_REPLAY_HOLD=1 to disable + observe steady-state past recording end)
[15:03:14] [info] Script engine shutdown.
[15:03:14] [info] opl3 backend: on_song_stop
[15:03:14] [info] opl3 backend: cleared reg 0xBD chip-wide latch (wub-wub mitigation per flush-instr WAVE-46 H6)
[15:03:14] [info] opl3 backend shutdown (all 18 voices KEY-OFF unconditionally; OPL2 mode restored; chip state safe for next process)
[15:03:15] [info] Sound system shutdown
[15:03:15] [info] Renderer::Close()
[15:03:15] [info] tas: replay file closed
[15:03:15] [info] [fps-true] flips=1774 render_s=158 fps_mean=11.2 (clock-independent: flips / seconds since the FIRST flip; use THIS for the fps matrix, not inter_flip medians, which are invalid in any cell running the PIT/IRQ-0 music pump)
[RUNMANIFEST-BEGIN]
schema_version=1
environment=realhw
binary_sha12=f8d446b4b0e0
wave_tag=5C4
scene=
env_block_sha=fc2355603be9
started_utc=2026-11-19T08:04:21Z
duration_s=174
exit_code=0
fps_p50=NA
fps_p95=NA
audio_vital_status=NA
regime=NA
banner_required_hit=0
banner_required_total=0
banner_forbidden_hit=0
banner_optional_hit=0
critical_count=0
warn_count=0
[RUNMANIFEST-END]
[15:03:15] [info] [runmanifest-emit] schema=v1 env=realhw sha12=f8d446b4b0e0 dur=174s tag='5C4' scene='' env_sha=fc2355603be9 (signals=0x4)
