Logger::init: wave-53 log level=INFO path='LOGS/5C4V.LOG'
[15:37:31] [info] config: loaded DOSKUTSU.CFG (3 keys)
[15:37:32] [info] tas: PRNG seed forced to 12345 via DOSKUTSU_TAS_PRNG_SEED
[15:37:32] [info] tas: auto-exit armed at tick 30000 via DOSKUTSU_TAS_AUTO_EXIT_TICK
[15:37:32] [info] tas: replay opened path='QA.TAS' header_seed=12345
[15:37:33] [info] data cache: DISABLED (default)
[15:37:33] [info] Joystick: skipped (default; set DOSKUTSU_USE_JOYSTICK=1 to enable -- skips SDL3-DOS gameport BIOS INT 15h polling, ~82 ms / flip on real HW)
[15:37:33] [info] Loading settings...
[15:37:33] [info] [input-bind] applied=0 invert_y=0 dos_axes=1
[15:37:33] [info] Renderer::initVideo: 8bpp mode requested via SDL_HINT_DOS_MAX_BPP=8 (wave 16); SDL3-DOS will pick the highest-bpp <= 8 mode at requested resolution
[15:37:33] [info] Renderer::initVideo: DOS resolution-label lock ENABLED (default)
[15:37:33] [info] Renderer::initVideo: using: software renderer
[15:37:36] [info] Renderer::initVideo: dirty-rect tracking ENABLED (wave 15, default ON; set SDL_HINT_DOSKUTSU_DIRTY_RECTS=0 to disable)
[15:37:36] [info] Renderer::initVideo: ablation flags: NO_DC_TIMING=0 CACHE_WINSURF=0 NO_INPUT_POLL=0 DIRECT_VESA=1
[15:37:36] [info] Renderer::initVideo: direct-VESA hot path ENABLED (default since wave 20 patch 0088; bypasses SDL_RenderPresent / SDL_UpdateWindowSurface and writes via SDL/0034's PresentFull helper; R2 mitigation handled by SDL/0034 generation counter -- no per-N-flip heartbeat needed; set SDL_HINT_DOSKUTSU_DIRECT_VESA=0 to revert)
[15:37:36] [info] Renderer::initVideo: flip-phase instrumentation DISABLED (default; set SDL_HINT_DOSKUTSU_FLIP_INSTR=1 to opt in for wave-20 Lever A diagnostic)
[15:37:36] [info] Renderer::initVideo: asm opaque-span blit lever DISABLED (default; set SDL_HINT_DOSKUTSU_ASM_BLIT=1 to opt in -- wave-51 _blit_indexed colorkey-blit lever)
[15:37:36] [info] Renderer::initVideo: blit-decomp instrumentation DISABLED (default; set SDL_HINT_DOSKUTSU_BLIT_DECOMP=1 to opt in -- wave-51 _blit_indexed sub-decomp sizing)
[15:37:36] [info] Renderer::initVideo: mds-scroll-decomp instrumentation DISABLED (default; set SDL_HINT_DOSKUTSU_MDS_DECOMP=1 to opt in -- wave-52 mode_draw_scene scrolling-block decomp)
[15:37:36] [info] Renderer::initVideo: DOSVESA pump yield: skipped (default) (per-flip explicit SDL_Delay(0) yield is always on; set SDL_HINT_DOSKUTSU_FORCE_PUMP_YIELD=1 to restore old per-pump yield)
[15:37:36] [info] Renderer::initVideo: indexed-mode (8bpp) ENABLED -- master palette + 107 per-asset remap LUTs loaded (wave 16, default ON; set SDL_HINT_DOSKUTSU_PIXEL_FORMAT_8=0 to disable)
[15:37:37] [info] Renderer::initVideo: master palette attached to window surface (format=SDL_PIXELFORMAT_INDEX8, ncolors=256)
[15:37:37] [info] Renderer::initVideo: indexed-mode smoke: idx0=(0,0,0) OK idx255=(255,0,255) OK
[15:37:37] [info] Renderer::initVideo: indexed-mode smoke: paletteRemapFor('MyChar.pbm') = present
[15:37:37] [info] Surface::loadImage palmap-diag #1: 'data/Loading.pbm' fmt=SDL_PIXELFORMAT_ABGR8888 remap=HIT -> path=truecolor
[15:37:37] [info] Renderer: prev-frame diff DISABLED (default since wave 17.6; set SDL_HINT_DOSKUTSU_PREVFRAME_DIFF=1 to opt in)
[15:37:37] [info] flip-probe: renderer=software window_ptr=8809312 colorspace=301991328 window_size=320x240 framebuffer_pixels=320x240 logical_present=320x240 mode=2
[15:37:37] [info] flip-probe: first flip ok=true present=54ms inter_flip_ms=0 drawcalls-since-flip=1 drawcalls-total=1
[15:37:37] [info] Sound system init
[15:37:37] [info] Sound system: 4-state audio enable (#31) -- music=on sfx=on (MUSIC_OFF/AUDIO_BACKEND=none -> music-off; SFX_OFF/SFX_DEVICE=none -> sfx-off; both gates are dispatch-level, the device still opens; AUDIO_OFF=1 is the device-level both-off).
[15:37:37] [info] Sound system: Tier-2 audio config (default since wave 21 patch 0093; 11025 Hz, 1 channel, buffer pinned to 256 frames). Measured savings on g2k Pentium OverDrive 83 MHz (W21A): heavy-music scenes ~+11 fps vs Tier-1 baseline (measured -10 to -15 ms/flip post-0094 audio fix; W21A's pre-fix -26.6 ms figure was inflated by stereo-vs-mono playback bug, see patch 0094). Audio quality is reduced vs Tier-1 (mono, 11025 Hz, simple-average L+R downmix) but recognizable; user accepted the trade per direction 2026-05-05. Set SDL_HINT_DOSKUTSU_AUDIO_TIER2=0 to revert to Tier-1 22050 stereo (full Cave Story 2004 audio quality; trades fps for fidelity).
[15:37:37] [info] Sound system: SDL_HINT_AUDIO_DEVICE_SAMPLE_FRAMES=256
[15:37:37] [info] Pixtone IRQ rate-divider: handed master_rate=11025 int16/s (SAMPLE_RATE=11025 x AUDIO_CHANNELS=1) to SDL for auto-RATEDIV (SDL/0074 computes shift_div from the resolved device freq).
[15:37:37] [info] Sound system: device frame-rate: requesting 11025 Hz match to master (SDL_DOSAudioSetDeviceFrameRate; SB16 opens at the engine frame rate instead of SDL's 44100 floor -- 4x less PCM/s + no resampler on the Organya/Pixtone path; killswitch SDL_HINT_DOSKUTSU_DOS_AUDIO_DEVICE_RATE_DEFAULT=0).
[15:37:37] [info] audio backend: opl3 (Phase 10 Stage 4 -- concrete OPL3 FM synthesis backend via SDL/0037+ OPL3 helpers; MidiScheduler routes music dispatch through 18 x 2-op voice allocator + small inline patch bank). SoundManager::init will probe OPL3 via Adlib timer-1 sequence + fall back to organya gracefully if the chip is absent. Pixtone SFX still active on SB16 DAC.
[15:37:38] [info] wave-13.6.1: ring_chunks=16 FORCE_PUMP_YIELD=off (set SDL_HINT_DOSKUTSU_AUDIO_RING_CHUNKS=4|8|16 to override; default 16 matches wave 13.6 behaviour)
[15:37:38] [info] MidiScheduler: MIDI source = 'orgmid2' (native-GM org2mid set; resolves to data/orgmid2/<name>.mid).
[15:37:38] [info] opl3 backend probing for OPL3 chip (Adlib timer-1 sequence)...
[15:37:38] [info] opl3 backend: opl3bank.dat loaded 128 programs from 'data/opl3bank.dat' (v1; 1536 bytes payload). Per-program GM patches now use the runtime bank; programs >= 128 fall back to 8-patch family bucket. Drum channel (MIDI ch 9) unchanged (uses PATCH_DRUM regardless of bank loading).
[15:37:38] [info] opl3 backend ready (OPL3 detected via Adlib timer-1; InitChip applied 18 x 2-op layout; voice allocator armed). Patch bank state: runtime opl3bank.dat ACTIVE (loaded_count=128; programs >= loaded_count fall back to 8-patch placeholder covering GM family categories piano/mallet/organ/guitar/strings/brass/reed/pad). Phase 10.5 path: ship a fuller community bank as data/opl3bank.dat (DOPL3v1 format; 12-byte SBI records per GM program; loader at MidiBackendOpl3 ctor).
[15:37:38] [info] opl3 backend: PATCH_ORGAN + PATCH_MALLET RR=8 (medium release; wub-wub fix per patch 0171; was RR=0 in slot 0103 placeholder -- KEY-OFF couldn't silence; H6 reg 0xBD wave-47 falsified; H1+H5/RR=0 byte-level bug root per WAVE-46/47 analysis)
[15:37:38] [info] Sound system: MidiScheduler armed with MidiBackendOpl3 (patch 0103 Phase 10 Stage 4). Music dispatch routes via SMF parser + 18 x 2-op OPL3 voice allocator + small inline patch bank (community-sourced from Apogee Sound System / AdLib SBI public-domain refs). Pixtone SFX still active on SB16 DAC.
[15:37:38] [info] Sound system: idle-pause skipped (default OFF since patch 0119; backend=opl3 would qualify but operator did not opt-in via SDL_HINT_DOSKUTSU_IDLE_PAUSE=1). DSP stays in continuous-stream mode. Re-enable for an A/B iter once SDL/0037 ForcePause non-engagement is rooted out (task #17).
[15:37:38] [warn] Music dir Ogg/ doesn't exist
[15:37:38] [warn] Music dir Ogg11/ doesn't exist
[15:37:38] [warn] Music dir Ogg17/ doesn't exist
[15:37:38] [warn] Music dir Ogg_ridic/ doesn't exist
[15:37:38] [info] Loading Sound FX...
[15:37:39] [info] [pxt-cache] init(): HIT (loaded cache; render skipped)
[15:37:50] [info] Organya init...
[15:37:52] [info] Organya init done
[15:38:08] [info] gus SFX gain [nx0259]: 70% (SDL_HINT_DOSKUTSU_GUS_SFX_GAIN; scales the GF1 SFX voice volume to balance against velocity/CC-scaled GUS music; default 70, clamp 0..150).
[15:38:08] [info] pixtone IRQ-mix: ENABLED (default; SDL backend engaged; set SDL_HINT_DOSKUTSU_PIXTONE_IRQ_MIX=0 to disable)
[15:38:08] [info] Pixtone::setVolume: L3 active -- mid-play SFX volume updates are no-op in v1 (v2 candidate: SDL_DOSPixtoneSetGain API). gain_x256=256 stored for subsequent SDL_DOSPixtoneStart calls; currently-playing L3 channels unaffected.
[15:38:08] [info] midi ISR tick: engine registered tick_isr callback (L2b active; default ON; set SDL_HINT_DOSKUTSU_MIDI_ISR_TICK=0 to disable)
[15:38:08] [info] menu slide-in fixed-timestep: ENABLED (default; slide advances at 50 Hz logic rate)
[15:38:08] [info] Reading npc.tbl...
[15:38:08] [info] Loading tilekey.dat.
[15:38:08] [info] Script engine init.
[15:38:09] [info] Entering main loop...
[15:38:09] [info] audio mid-gap pump: DISABLED (default)
[15:38:09] [info] TAS fixed-timestep guard: ENABLED (default) (patch 0280; load_stage wall-clock kept out of the FT accumulator so TAS replay advances at a true 50 Hz; set SDL_HINT_DOSKUTSU_TAS_FT_GUARD=0 to disable)
[15:38:09] [info] load_stage ring+DMA silence flush: ENABLED (default) (set SDL_HINT_DOSKUTSU_LOADSTAGE_SILENCE=0 to disable)
[15:38:09] [info] load-band audio-underrun probe: DISABLED (default) (opt-in SDL_HINT_DOSKUTSU_LOADBAND_STAT=1)
[15:38:09] [info]  >> Entering stage 72: 'u'.
[15:38:09] [info] skip sheet flush: ENABLED (default) (SFXPAUSE-012 SHIPPED FIX; sprite sheets stay resident across caves so no per-cave re-decode -> no fire-frame pause; map_flush_graphics tilemap cache still flushes; set SDL_HINT_DOSKUTSU_SKIP_SHEET_FLUSH=0 to restore the old per-cave flush)
[15:38:09] [info] [skip-sheet-flush] cave=1
[15:38:09] [info] eager action sheets: ENABLED (default) (first-fire hitch fix: pre-loads the weapon bullet + hit/muzzle/trail caret sheets at stage load so the first fire/impact does not lazy-decode mid-gameplay; set SDL_HINT_DOSKUTSU_EAGER_ACTION_SHEETS=0 to restore lazy load)
[15:38:09] [info] Surface::loadImage palmap-diag #2: 'data/Bullet.pbm' fmt=SDL_PIXELFORMAT_ABGR8888 remap=HIT -> path=truecolor
[15:38:10] [info] Surface::loadImage palmap-diag #3: 'data/Arms.pbm' fmt=SDL_PIXELFORMAT_ABGR8888 remap=HIT -> path=truecolor
[15:38:10] [info] Surface::loadImage palmap-diag #4: 'data/Caret.pbm' fmt=SDL_PIXELFORMAT_ABGR8888 remap=HIT -> path=truecolor
[15:38:10] [info] Surface::loadImage palmap-diag #5: 'data/Npc/NpcSym.pbm' fmt=SDL_PIXELFORMAT_ABGR8888 remap=HIT -> path=truecolor
[15:38:11] [info] [eager-action-sheets] cave=1 sheets=4 wall_ms=1687
[15:38:11] [info] Surface::loadImage palmap-diag #6: 'data/Stage/PrtWhite.pbm' fmt=SDL_PIXELFORMAT_ABGR8888 remap=HIT -> path=truecolor
[15:38:11] [info] load_stage: entry-music preload ENABLED (default) (set SDL_HINT_DOSKUTSU_PRELOAD_STAGE_MUSIC=0 to disable)
[15:38:12] [info] Surface::loadImage palmap-diag #7: 'data/bk0.pbm' fmt=SDL_PIXELFORMAT_ABGR8888 remap=HIT -> path=truecolor
[15:38:12] [info] gameloop: entered (curmap=72, running=1)
[15:38:12] [info] gameloop: iter 1 ticks=39984 mapno=-1
[15:38:12] [info] fixed-timestep: ENABLED (default; logic 50 Hz, decoupled from render)
[15:38:12] [info] map: BG skip-when-unchanged DISABLED (default) (set SDL_HINT_DOSKUTSU_BG_SKIP_WHEN_UNCHANGED=1 to enable; default OFF since wave-61 -- abandoned, it shipped a backdrop-black flicker and its +0.87 fps was below the noise floor)
[15:38:12] [info] map: skip-redundant-clear lever ENABLED (default since wave-53 promotion)
[15:38:12] [info] perf-mode: level=0 (faithful (default))
[15:38:12] [info] Surface::loadImage palmap-diag #8: 'data/Npc/NpcKings.pbm' fmt=SDL_PIXELFORMAT_ABGR8888 remap=HIT -> path=truecolor
[15:38:12] [info] audio tick-boundary pump: DISABLED (default)
[15:38:12] [info] gameloop: iter 2 ticks=40475 mapno=-1
[15:38:12] [info] gameloop: iter 3 ticks=40543 mapno=-1
[15:38:12] [info] direct-vesa: snapshot @gen=2 use_dosmemput=0 banked_multibank=0 pitches_match=1 vram_w=320 vram_h=240 vram_pitch=320 bpp=1 fb_size=76800 vram_phys=0x78000000 vram_ptr=0x77c00000
[15:38:13] [info] flip-probe: flip #10 ok=true present=5ms inter_flip_ms=39 drawcalls-since-flip=6 drawcalls-total=43 fail-total=0 null-skips-total=0
[15:38:13] [info] flip-probe: flip #20 ok=true present=4ms inter_flip_ms=40 drawcalls-since-flip=4 drawcalls-total=92 fail-total=0 null-skips-total=0
[15:38:14] [info] flip-probe: flip #30 ok=true present=4ms inter_flip_ms=81 drawcalls-since-flip=326 drawcalls-total=2707 fail-total=0 null-skips-total=0
[15:38:15] [info] flip-probe: flip #40 ok=true present=4ms inter_flip_ms=74 drawcalls-since-flip=264 drawcalls-total=5837 fail-total=0 null-skips-total=0
[15:38:15] [info] flip-probe: flip #50 ok=true present=4ms inter_flip_ms=46 drawcalls-since-flip=67 drawcalls-total=7392 fail-total=0 null-skips-total=0
[15:38:16] [info] flip-probe: flip #60 ok=true present=4ms inter_flip_ms=38 drawcalls-since-flip=4 drawcalls-total=7502 fail-total=0 null-skips-total=0
[15:38:16] [info] flip-probe: flip #70 ok=true present=4ms inter_flip_ms=37 drawcalls-since-flip=6 drawcalls-total=7557 fail-total=0 null-skips-total=0
[15:38:16] [info] flip-probe: flip #80 ok=true present=4ms inter_flip_ms=21 drawcalls-since-flip=0 drawcalls-total=7586 fail-total=0 null-skips-total=0
[15:38:16] [info] flip-probe: flip #90 ok=true present=4ms inter_flip_ms=20 drawcalls-since-flip=0 drawcalls-total=7586 fail-total=0 null-skips-total=0
[15:38:17] [info] title: eager-title-IO phase tag ENABLED (default) (set SDL_HINT_DOSKUTSU_EAGER_TITLE_IO=0 to disable)
[15:38:17] [warn] MidiScheduler::_refresh_isr_buffer: track has 27749 events; ISR buffer is 16384 (truncated; events after 16384 will not dispatch under L2b ON -- the engine-thread tick() path still uses _events directly under L2b OFF)
[15:38:17] [info] MidiScheduler::load: parsed 'data/orgmid2/curly.mid' = 27749 events at 48 PPQ
[15:38:17] [info] opl3 backend: on_song_start
[15:38:18] [info] gameloop: entered (curmap=1005, running=1)
[15:38:18] [info] gameloop: iter 1 ticks=46163 mapno=-1
[15:38:18] [info] map: backdrop cache ENABLED (default) (set SDL_HINT_DOSKUTSU_BACKDROP_CACHE=0 to disable)
[15:38:19] [info] gameloop: iter 2 ticks=47169 mapno=-1
[15:38:19] [info] gameloop: iter 3 ticks=47218 mapno=-1
[15:38:19] [info] backdrop cache: thrashing-detect engaged (streak=4, route=direct)
[15:38:19] [info] flip-probe: flip #100 ok=true present=4ms inter_flip_ms=42 drawcalls-since-flip=75 drawcalls-total=7886 fail-total=0 null-skips-total=0
[15:38:19] [info] alpha audit block 0: 7798 total drawcalls, 0 with alpha<255 (block pct_x10=0; global 0/7798 pct_x10=0); alpha-mod skipped: block=0 global=0
[15:38:19] [info] fastpath audit block 0: taken=7798 (idx8=7798) skipped=0 pct_x10=1000; global taken=7798 (idx8=7798) skipped=0 pct_x10=1000
[15:38:19] [info] primitive tally block 0: clear=220(hr=220) fill=0(hr=0) rect=0(hr=0) line=0(hr=0) tint=0 spotlight=0 (over 100 flips ending at flip 100)
[15:38:19] [info] color/alpha audit block 0: cmod_white=104 cmod_black=0 (idx=0) cmod_general=84 (idx=84) cmod_fb=0; alpha_taken=0 alpha_skipped=0 (global cmod=104/0/84/0 idx=0/84 alpha=0/0)
[15:38:19] [info] phase timing block 0: drawcalls=8209 dc_total_ms=1800 flip_inner_total_ms=696 inter_flip_total_ms=41684 (per-flip avg x10: dc_ms=180 fi_ms=69 if_ms=4168 derived audio+engine_ms=3919; per-drawcall avg us_x10=2193) [direct-vesa: presents=97 total_ms=377 avg_ms_x10=38 failed=0] [ablation: NO_DC_TIMING=0 CACHE_WINSURF=0 DIRECT_VESA=1]
[15:38:19] [info] kbd/audio block 0: kbd_irq=0 kbd_drain=0 ring_chunks=16 pump_pass=99 pic1_mask=0xb8 first_irq_ticks=0 install_ticks=0 vector_at_install=0x0083a028 pic1_mask_live=0x38 kbd_8042_stat=0x34 bios_kbd_head=0x002a bios_kbd_tail=0x002a bios_kbd_buf0=0x2064
[15:38:19] [info] audio/engine split block 0: audio_mixer_calls=0 audio_mixer_ms_x10=0 engine_tick_calls=99 engine_tick_ms_x10=640 audio_service_calls=0 audio_service_ms_x10=0 (per-flip avg; per-call us_x10: audio_mix=0 engine_tick=646710 audio_service=0; global ns: audio_mix=0 engine_tick=6402433822 audio_service=0)
[15:38:19] [info] pixtone multi-source probe: DISABLED (default)
[15:38:19] [info] dirty-rect block @flip=100: total_calls=0 dirty_rects_avg=0 dirty_pct_x10=990 forced_full=0 first_n_force=3 threshold_exceeded=2 dirty_path_taken=0 full_flush_taken=3
[15:38:19] [info] prev-frame-diff block @flip=100: diff_calls=0 diff_rects_avg=0 diff_dirty_pct_x10=0 bbox_pct_x10=0 bbox_thresh_exceeded=0
[15:38:19] [info] flip-probe: flip #110 ok=true present=4ms inter_flip_ms=35 drawcalls-since-flip=75 drawcalls-total=8636 fail-total=0 null-skips-total=0
[15:38:20] [info] flip-probe: flip #120 ok=true present=4ms inter_flip_ms=36 drawcalls-since-flip=75 drawcalls-total=9386 fail-total=0 null-skips-total=0
[15:38:20] [info] flip-probe: flip #130 ok=true present=5ms inter_flip_ms=19 drawcalls-since-flip=0 drawcalls-total=9986 fail-total=0 null-skips-total=0
[15:38:20] [info] Loading profile from profile.dat
[15:38:20] [error] profile_load: unable to open 'profile.dat'
[15:38:20] [info] Loading profile from profile2.dat
[15:38:20] [error] profile_load: unable to open 'profile2.dat'
[15:38:20] [info] Loading profile from profile3.dat
[15:38:20] [info] Loading profile from profile4.dat
[15:38:20] [error] profile_load: unable to open 'profile4.dat'
[15:38:20] [info] Loading profile from profile5.dat
[15:38:21] [info] flip-probe: flip #140 ok=true present=4ms inter_flip_ms=62 drawcalls-since-flip=214 drawcalls-total=10842 fail-total=0 null-skips-total=0
[15:38:21] [info] flip-probe: flip #150 ok=true present=4ms inter_flip_ms=62 drawcalls-since-flip=214 drawcalls-total=12982 fail-total=0 null-skips-total=0
[15:38:22] [info] Writing settings...
[15:38:22] [info] flip-probe: flip #160 ok=true present=4ms inter_flip_ms=20 drawcalls-since-flip=0 drawcalls-total=13846 fail-total=0 null-skips-total=0
[15:38:22] [info] flip-probe: flip #170 ok=true present=4ms inter_flip_ms=21 drawcalls-since-flip=0 drawcalls-total=13846 fail-total=0 null-skips-total=0
[15:38:22] [info] opl3 backend: on_song_stop
[15:38:22] [info] Loading profile from profile5.dat
[15:38:22] [info]  >> Entering stage 20: 'Save Point'.
[15:38:22] [info] [skip-sheet-flush] cave=2
[15:38:23] [info] MidiScheduler::load: parsed 'data/orgmid2/mura.mid' = 7123 events at 48 PPQ
[15:38:23] [info] opl3 backend: on_song_start
[15:38:23] [info] gameloop: entered (curmap=20, running=1)
[15:38:23] [info] gameloop: iter 1 ticks=51699 mapno=-1
[15:38:23] [info] TAS stall discount: ENABLED (default) (patch 0286; a replay frame over 150 ms is a load, not slow rendering, so it contributes 1 tick instead of its wall-clock; set SDL_HINT_DOSKUTSU_TAS_STALL_DISCOUNT=0 to disable)
[15:38:23] [info] TAS accumulator clamp: DISABLED (default) (patch 0281; caps the FT accumulator delta at one tick during TAS so a stalled frame cannot race the replay index; set SDL_HINT_DOSKUTSU_TAS_FT_GUARD=0 to disable)
[15:38:23] [info] gameloop: iter 2 ticks=51753 mapno=-1
[15:38:24] [info] gameloop: iter 3 ticks=51799 mapno=-1
[15:38:24] [info] flip-probe: flip #180 ok=true present=4ms inter_flip_ms=41 drawcalls-since-flip=17 drawcalls-total=13971 fail-total=0 null-skips-total=0
[15:38:24] [info] flip-probe: flip #190 ok=true present=5ms inter_flip_ms=41 drawcalls-since-flip=17 drawcalls-total=14141 fail-total=0 null-skips-total=0
[15:38:24] [info] flip-probe: flip #200 ok=true present=3ms inter_flip_ms=41 drawcalls-since-flip=17 drawcalls-total=14311 fail-total=0 null-skips-total=0
[15:38:24] [info] alpha audit block 0: 5788 total drawcalls, 0 with alpha<255 (block pct_x10=0; global 0/13586 pct_x10=0); alpha-mod skipped: block=0 global=0
[15:38:24] [info] fastpath audit block 0: taken=5788 (idx8=5788) skipped=0 pct_x10=1000; global taken=13586 (idx8=13586) skipped=0 pct_x10=1000
[15:38:24] [info] primitive tally block 0: clear=201(hr=201) fill=0(hr=0) rect=0(hr=0) line=0(hr=0) tint=0 spotlight=0 (over 100 flips ending at flip 200)
[15:38:24] [info] color/alpha audit block 0: cmod_white=1438 cmod_black=0 (idx=0) cmod_general=609 (idx=609) cmod_fb=0; alpha_taken=0 alpha_skipped=0 (global cmod=1542/0/693/0 idx=0/693 alpha=0/0)
[15:38:24] [info] phase timing block 0: drawcalls=8036 dc_total_ms=1669 flip_inner_total_ms=580 inter_flip_total_ms=5395 (per-flip avg x10: dc_ms=166 fi_ms=58 if_ms=539 derived audio+engine_ms=315; per-drawcall avg us_x10=2076) [direct-vesa: presents=100 total_ms=384 avg_ms_x10=38 failed=0] [ablation: NO_DC_TIMING=0 CACHE_WINSURF=0 DIRECT_VESA=1]
[15:38:24] [info] kbd/audio block 0: kbd_irq=0 kbd_drain=0 ring_chunks=16 pump_pass=222 pic1_mask=0xb8 first_irq_ticks=0 install_ticks=0 vector_at_install=0x0083a028 pic1_mask_live=0x38 kbd_8042_stat=0x34 bios_kbd_head=0x002a bios_kbd_tail=0x002a bios_kbd_buf0=0x2064
[15:38:25] [info] audio/engine split block 0: audio_mixer_calls=0 audio_mixer_ms_x10=0 engine_tick_calls=76 engine_tick_ms_x10=234 audio_service_calls=0 audio_service_ms_x10=0 (per-flip avg; per-call us_x10: audio_mix=0 engine_tick=308070 audio_service=0; global ns: audio_mix=0 engine_tick=8743769577 audio_service=0)
[15:38:25] [info] dirty-rect block @flip=200: total_calls=0 dirty_rects_avg=1 dirty_pct_x10=1000 forced_full=0 first_n_force=0 threshold_exceeded=0 dirty_path_taken=0 full_flush_taken=0
[15:38:25] [info] prev-frame-diff block @flip=200: diff_calls=0 diff_rects_avg=0 diff_dirty_pct_x10=0 bbox_pct_x10=0 bbox_thresh_exceeded=0
[15:38:25] [info] flip-probe: flip #210 ok=true present=5ms inter_flip_ms=40 drawcalls-since-flip=17 drawcalls-total=14481 fail-total=0 null-skips-total=0
[15:38:25] [info] flip-probe: flip #220 ok=true present=4ms inter_flip_ms=49 drawcalls-since-flip=90 drawcalls-total=14753 fail-total=0 null-skips-total=0
[15:38:26] [info]  >> Entering stage 11: 'Mimiga Village'.
[15:38:26] [info] [skip-sheet-flush] cave=3
[15:38:26] [info] [load-stage] preloading entry music song=9 (cave=3)
[15:38:27] [info] gameloop: entered (curmap=11, running=1)
[15:38:27] [info] gameloop: iter 1 ticks=54937 mapno=-1
[15:38:27] [info] map: mds_clear LUT ENABLED (default) (set SDL_HINT_DOSKUTSU_MDS_CLEAR_LUT=0 to disable; default ON; patch 0144 wave-49 bandwidth lever)
[15:38:27] [info] mds-clear-lut: rebuilt N=240 entries (k_skip=0% k_keep=100%; curmap=11 map_size=60x60; rebuild #1 since boot)
[15:38:27] [info] backdrop thrash full-cover ENABLED (default) (set SDL_HINT_DOSKUTSU_THRASH_FULLCOVER=0 to disable)
[15:38:27] [info] [bd-diag] backdrop render-path diag disabled (default) (set SDL_HINT_DOSKUTSU_BACKDROP_DIAG=1 to enable)
[15:38:27] [info] gameloop: iter 2 ticks=55086 mapno=-1
[15:38:27] [info] flip-probe: flip #230 ok=true present=4ms inter_flip_ms=116 drawcalls-since-flip=384 drawcalls-total=17409 fail-total=0 null-skips-total=0
[15:38:27] [info] gameloop: iter 3 ticks=55207 mapno=-1
[15:38:27] [info] backdrop cache: thrashing-detect engaged (streak=4, route=direct)
[15:38:28] [info] tas: stall frame 301 ms -> contributing 1 tick (patch 0286)
[15:38:28] [info] flip-probe: flip #240 ok=true present=4ms inter_flip_ms=62 drawcalls-since-flip=43 drawcalls-total=18939 fail-total=0 null-skips-total=0
[15:38:29] [info] flip-probe: flip #250 ok=true present=4ms inter_flip_ms=63 drawcalls-since-flip=46 drawcalls-total=19385 fail-total=0 null-skips-total=0
[15:38:29] [info] flip-probe: flip #260 ok=true present=4ms inter_flip_ms=60 drawcalls-since-flip=43 drawcalls-total=19827 fail-total=0 null-skips-total=0
[15:38:30] [info] flip-probe: flip #270 ok=true present=4ms inter_flip_ms=58 drawcalls-since-flip=43 drawcalls-total=20257 fail-total=0 null-skips-total=0
[15:38:30] [info] flip-probe: flip #280 ok=true present=4ms inter_flip_ms=62 drawcalls-since-flip=43 drawcalls-total=20687 fail-total=0 null-skips-total=0
[15:38:31] [info] flip-probe: flip #290 ok=true present=4ms inter_flip_ms=61 drawcalls-since-flip=43 drawcalls-total=21117 fail-total=0 null-skips-total=0
[15:38:31] [info] backdrop cache: thrashing-detect engaged (streak=64, route=direct)
[15:38:32] [info] flip-probe: flip #300 ok=true present=4ms inter_flip_ms=60 drawcalls-since-flip=43 drawcalls-total=21547 fail-total=0 null-skips-total=0
[15:38:32] [info] alpha audit block 0: 6228 total drawcalls, 0 with alpha<255 (block pct_x10=0; global 0/19814 pct_x10=0); alpha-mod skipped: block=0 global=0
[15:38:32] [info] fastpath audit block 0: taken=6228 (idx8=6228) skipped=0 pct_x10=1000; global taken=19814 (idx8=19814) skipped=0 pct_x10=1000
[15:38:32] [info] primitive tally block 0: clear=202(hr=202) fill=0(hr=0) rect=0(hr=0) line=0(hr=0) tint=0 spotlight=0 (over 100 flips ending at flip 300)
[15:38:32] [info] color/alpha audit block 0: cmod_white=936 cmod_black=936 (idx=936) cmod_general=0 (idx=0) cmod_fb=0; alpha_taken=0 alpha_skipped=0 (global cmod=2478/936/693/0 idx=936/693 alpha=0/0)
[15:38:32] [info] phase timing block 0: drawcalls=8307 dc_total_ms=1379 flip_inner_total_ms=581 inter_flip_total_ms=7204 (per-flip avg x10: dc_ms=137 fi_ms=58 if_ms=720 derived audio+engine_ms=525; per-drawcall avg us_x10=1661) [direct-vesa: presents=100 total_ms=385 avg_ms_x10=38 failed=0] [ablation: NO_DC_TIMING=0 CACHE_WINSURF=0 DIRECT_VESA=1]
[15:38:32] [info] kbd/audio block 0: kbd_irq=0 kbd_drain=0 ring_chunks=16 pump_pass=523 pic1_mask=0xb8 first_irq_ticks=0 install_ticks=0 vector_at_install=0x0083a028 pic1_mask_live=0x38 kbd_8042_stat=0x34 bios_kbd_head=0x002a bios_kbd_tail=0x002a bios_kbd_buf0=0x2064
[15:38:32] [info] [tile-speedup-stat n=100 drawtile_us=144.20 raw_blit_us=98.51 ratio=1.46]
[15:38:32] [info] dirty-rect block @flip=300: total_calls=100 dirty_rects_avg=1 dirty_pct_x10=1000 forced_full=0 first_n_force=0 threshold_exceeded=0 dirty_path_taken=0 full_flush_taken=0
[15:38:32] [info] prev-frame-diff block @flip=300: diff_calls=0 diff_rects_avg=0 diff_dirty_pct_x10=0 bbox_pct_x10=0 bbox_thresh_exceeded=0
[15:38:32] [info] tas: stall frame 164 ms -> contributing 1 tick (patch 0286)
[15:38:32] [info] flip-probe: flip #310 ok=true present=4ms inter_flip_ms=63 drawcalls-since-flip=45 drawcalls-total=22081 fail-total=0 null-skips-total=0
[15:38:33] [info] flip-probe: flip #320 ok=true present=4ms inter_flip_ms=58 drawcalls-since-flip=43 drawcalls-total=22524 fail-total=0 null-skips-total=0
[15:38:34] [info] flip-probe: flip #330 ok=true present=4ms inter_flip_ms=62 drawcalls-since-flip=44 drawcalls-total=22961 fail-total=0 null-skips-total=0
[15:38:34] [info] flip-probe: flip #340 ok=true present=4ms inter_flip_ms=58 drawcalls-since-flip=41 drawcalls-total=23378 fail-total=0 null-skips-total=0
[15:38:35] [info] flip-probe: flip #350 ok=true present=4ms inter_flip_ms=56 drawcalls-since-flip=16 drawcalls-total=23763 fail-total=0 null-skips-total=0
[15:38:35] [info] backdrop cache: thrashing-detect engaged (streak=124, route=direct)
[15:38:35] [info] flip-probe: flip #360 ok=true present=4ms inter_flip_ms=57 drawcalls-since-flip=15 drawcalls-total=23915 fail-total=0 null-skips-total=0
[15:38:36] [info] flip-probe: flip #370 ok=true present=4ms inter_flip_ms=101 drawcalls-since-flip=319 drawcalls-total=25105 fail-total=0 null-skips-total=0
[15:38:36] [info]  >> Entering stage 17: 'Yamashita Farm'.
[15:38:36] [info] [skip-sheet-flush] cave=4
[15:38:37] [info] [load-stage] preloading entry music song=13 (cave=4)
[15:38:37] [info] opl3 backend: on_song_stop
[15:38:37] [info] MidiScheduler::load: parsed 'data/orgmid2/plant.mid' = 6246 events at 48 PPQ
[15:38:37] [info] opl3 backend: on_song_start
[15:38:37] [info] gameloop: entered (curmap=17, running=1)
[15:38:37] [info] gameloop: iter 1 ticks=65529 mapno=-1
[15:38:37] [info] mds-clear-lut: rebuilt N=240 entries (k_skip=33% k_keep=67%; curmap=17 map_size=40x16; rebuild #2 since boot)
[15:38:38] [info] gameloop: iter 2 ticks=65819 mapno=-1
[15:38:38] [info] tas: stall frame 290 ms -> contributing 1 tick (patch 0286)
[15:38:38] [info] gameloop: iter 3 ticks=65929 mapno=-1
[15:38:38] [info] flip-probe: flip #380 ok=true present=4ms inter_flip_ms=94 drawcalls-since-flip=241 drawcalls-total=28303 fail-total=0 null-skips-total=0
[15:38:39] [info] flip-probe: flip #390 ok=true present=3ms inter_flip_ms=90 drawcalls-since-flip=142 drawcalls-total=29722 fail-total=0 null-skips-total=0
[15:38:40] [info] backdrop cache: thrashing-detect engaged (streak=4, route=direct)
[15:38:40] [info] flip-probe: flip #400 ok=true present=4ms inter_flip_ms=96 drawcalls-since-flip=132 drawcalls-total=31109 fail-total=0 null-skips-total=0
[15:38:40] [info] alpha audit block 0: 8487 total drawcalls, 0 with alpha<255 (block pct_x10=0; global 0/28301 pct_x10=0); alpha-mod skipped: block=0 global=0
[15:38:40] [info] fastpath audit block 0: taken=8487 (idx8=8487) skipped=0 pct_x10=1000; global taken=28301 (idx8=28301) skipped=0 pct_x10=1000
[15:38:40] [info] primitive tally block 0: clear=201(hr=201) fill=0(hr=0) rect=0(hr=0) line=0(hr=0) tint=0 spotlight=0 (over 100 flips ending at flip 400)
[15:38:40] [info] color/alpha audit block 0: cmod_white=975 cmod_black=975 (idx=975) cmod_general=0 (idx=0) cmod_fb=0; alpha_taken=0 alpha_skipped=0 (global cmod=3453/1911/693/0 idx=1911/693 alpha=0/0)
[15:38:40] [info] phase timing block 0: drawcalls=10663 dc_total_ms=1616 flip_inner_total_ms=594 inter_flip_total_ms=8352 (per-flip avg x10: dc_ms=161 fi_ms=59 if_ms=835 derived audio+engine_ms=615; per-drawcall avg us_x10=1515) [direct-vesa: presents=100 total_ms=384 avg_ms_x10=38 failed=0] [ablation: NO_DC_TIMING=0 CACHE_WINSURF=0 DIRECT_VESA=1]
[15:38:40] [info] kbd/audio block 0: kbd_irq=0 kbd_drain=0 ring_chunks=16 pump_pass=870 pic1_mask=0xb8 first_irq_ticks=0 install_ticks=0 vector_at_install=0x0083a028 pic1_mask_live=0x38 kbd_8042_stat=0x34 bios_kbd_head=0x002a bios_kbd_tail=0x002a bios_kbd_buf0=0x2064
[15:38:40] [info] dirty-rect block @flip=400: total_calls=0 dirty_rects_avg=1 dirty_pct_x10=1000 forced_full=0 first_n_force=0 threshold_exceeded=0 dirty_path_taken=0 full_flush_taken=0
[15:38:40] [info] prev-frame-diff block @flip=400: diff_calls=0 diff_rects_avg=0 diff_dirty_pct_x10=0 bbox_pct_x10=0 bbox_thresh_exceeded=0
[15:38:40] [info] tas: stall frame 164 ms -> contributing 1 tick (patch 0286)
[15:38:41] [info] flip-probe: flip #410 ok=true present=4ms inter_flip_ms=89 drawcalls-since-flip=142 drawcalls-total=32473 fail-total=0 null-skips-total=0
[15:38:42] [info] flip-probe: flip #420 ok=true present=4ms inter_flip_ms=112 drawcalls-since-flip=146 drawcalls-total=33944 fail-total=0 null-skips-total=0
[15:38:42] [info] backdrop cache: thrashing-detect engaged (streak=4, route=direct)
[15:38:43] [info] flip-probe: flip #430 ok=true present=4ms inter_flip_ms=97 drawcalls-since-flip=136 drawcalls-total=35325 fail-total=0 null-skips-total=0
[15:38:44] [info] flip-probe: flip #440 ok=true present=4ms inter_flip_ms=92 drawcalls-since-flip=131 drawcalls-total=36601 fail-total=0 null-skips-total=0
[15:38:45] [info] flip-probe: flip #450 ok=true present=4ms inter_flip_ms=85 drawcalls-since-flip=134 drawcalls-total=37935 fail-total=0 null-skips-total=0
[15:38:46] [info] flip-probe: flip #460 ok=true present=4ms inter_flip_ms=96 drawcalls-since-flip=130 drawcalls-total=39220 fail-total=0 null-skips-total=0
[15:38:47] [info] flip-probe: flip #470 ok=true present=4ms inter_flip_ms=95 drawcalls-since-flip=140 drawcalls-total=40605 fail-total=0 null-skips-total=0
[15:38:48] [info] flip-probe: flip #480 ok=true present=4ms inter_flip_ms=84 drawcalls-since-flip=138 drawcalls-total=41974 fail-total=0 null-skips-total=0
[15:38:48] [info] backdrop cache: thrashing-detect engaged (streak=64, route=direct)
[15:38:48] [info] flip-probe: flip #490 ok=true present=4ms inter_flip_ms=95 drawcalls-since-flip=136 drawcalls-total=43384 fail-total=0 null-skips-total=0
[15:38:49] [info] flip-probe: flip #500 ok=true present=4ms inter_flip_ms=85 drawcalls-since-flip=110 drawcalls-total=44585 fail-total=0 null-skips-total=0
[15:38:49] [info] alpha audit block 0: 12167 total drawcalls, 0 with alpha<255 (block pct_x10=0; global 0/40468 pct_x10=0); alpha-mod skipped: block=0 global=0
[15:38:49] [info] fastpath audit block 0: taken=12167 (idx8=12167) skipped=0 pct_x10=1000; global taken=40468 (idx8=40468) skipped=0 pct_x10=1000
[15:38:49] [info] primitive tally block 0: clear=200(hr=200) fill=0(hr=0) rect=0(hr=0) line=0(hr=0) tint=0 spotlight=0 (over 100 flips ending at flip 500)
[15:38:49] [info] color/alpha audit block 0: cmod_white=1209 cmod_black=1209 (idx=1209) cmod_general=0 (idx=0) cmod_fb=0; alpha_taken=0 alpha_skipped=0 (global cmod=4662/3120/693/0 idx=3120/693 alpha=0/0)
[15:38:49] [info] phase timing block 0: drawcalls=14789 dc_total_ms=1525 flip_inner_total_ms=580 inter_flip_total_ms=9390 (per-flip avg x10: dc_ms=152 fi_ms=58 if_ms=939 derived audio+engine_ms=729; per-drawcall avg us_x10=1031) [direct-vesa: presents=100 total_ms=382 avg_ms_x10=38 failed=0] [ablation: NO_DC_TIMING=0 CACHE_WINSURF=0 DIRECT_VESA=1]
[15:38:49] [info] kbd/audio block 0: kbd_irq=0 kbd_drain=0 ring_chunks=16 pump_pass=1333 pic1_mask=0xb8 first_irq_ticks=0 install_ticks=0 vector_at_install=0x0083a028 pic1_mask_live=0x38 kbd_8042_stat=0x34 bios_kbd_head=0x002a bios_kbd_tail=0x002a bios_kbd_buf0=0x2064
[15:38:49] [info] dirty-rect block @flip=500: total_calls=0 dirty_rects_avg=1 dirty_pct_x10=1000 forced_full=0 first_n_force=0 threshold_exceeded=0 dirty_path_taken=0 full_flush_taken=0
[15:38:49] [info] prev-frame-diff block @flip=500: diff_calls=0 diff_rects_avg=0 diff_dirty_pct_x10=0 bbox_pct_x10=0 bbox_thresh_exceeded=0
[15:38:49] [info] tas: stall frame 165 ms -> contributing 1 tick (patch 0286)
[15:38:50] [info] flip-probe: flip #510 ok=true present=4ms inter_flip_ms=85 drawcalls-since-flip=108 drawcalls-total=45679 fail-total=0 null-skips-total=0
[15:38:51] [info] flip-probe: flip #520 ok=true present=4ms inter_flip_ms=84 drawcalls-since-flip=113 drawcalls-total=46874 fail-total=0 null-skips-total=0
[15:38:52] [info] flip-probe: flip #530 ok=true present=4ms inter_flip_ms=92 drawcalls-since-flip=117 drawcalls-total=48046 fail-total=0 null-skips-total=0
[15:38:53] [info] run_tick_fixed #1500: heartbeat (loop alive)
[15:38:53] [info] flip-probe: flip #540 ok=true present=4ms inter_flip_ms=123 drawcalls-since-flip=401 drawcalls-total=49922 fail-total=0 null-skips-total=0
[15:38:53] [info] backdrop cache: thrashing-detect engaged (streak=124, route=direct)
[15:38:53] [info]  >> Entering stage 11: 'Mimiga Village'.
[15:38:53] [info] [skip-sheet-flush] cave=5
[15:38:54] [info] [load-stage] preloading entry music song=9 (cave=5)
[15:38:54] [info] opl3 backend: on_song_stop
[15:38:54] [info] MidiScheduler::load: parsed 'data/orgmid2/mura.mid' = 7123 events at 48 PPQ
[15:38:54] [info] opl3 backend: on_song_start
[15:38:54] [info] gameloop: entered (curmap=11, running=1)
[15:38:54] [info] gameloop: iter 1 ticks=82667 mapno=-1
[15:38:54] [info] mds-clear-lut: rebuilt N=240 entries (k_skip=0% k_keep=100%; curmap=11 map_size=60x60; rebuild #3 since boot)
[15:38:55] [info] gameloop: iter 2 ticks=82799 mapno=-1
[15:38:55] [info] gameloop: iter 3 ticks=82921 mapno=-1
[15:38:55] [info] backdrop cache: thrashing-detect engaged (streak=4, route=direct)
[15:38:55] [info] flip-probe: flip #550 ok=true present=5ms inter_flip_ms=76 drawcalls-since-flip=120 drawcalls-total=52848 fail-total=0 null-skips-total=0
[15:38:56] [info] flip-probe: flip #560 ok=true present=4ms inter_flip_ms=61 drawcalls-since-flip=41 drawcalls-total=53262 fail-total=0 null-skips-total=0
[15:38:56] [info] flip-probe: flip #570 ok=true present=3ms inter_flip_ms=58 drawcalls-since-flip=41 drawcalls-total=53672 fail-total=0 null-skips-total=0
[15:38:57] [info] flip-probe: flip #580 ok=true present=4ms inter_flip_ms=60 drawcalls-since-flip=41 drawcalls-total=54086 fail-total=0 null-skips-total=0
[15:38:57] [info] flip-probe: flip #590 ok=true present=4ms inter_flip_ms=58 drawcalls-since-flip=41 drawcalls-total=54502 fail-total=0 null-skips-total=0
[15:38:58] [info] flip-probe: flip #600 ok=true present=4ms inter_flip_ms=60 drawcalls-since-flip=42 drawcalls-total=54919 fail-total=0 null-skips-total=0
[15:38:58] [info] alpha audit block 0: 9506 total drawcalls, 0 with alpha<255 (block pct_x10=0; global 0/49974 pct_x10=0); alpha-mod skipped: block=0 global=0
[15:38:58] [info] fastpath audit block 0: taken=9506 (idx8=9506) skipped=0 pct_x10=1000; global taken=49974 (idx8=49974) skipped=0 pct_x10=1000
[15:38:58] [info] primitive tally block 0: clear=201(hr=201) fill=0(hr=0) rect=0(hr=0) line=0(hr=0) tint=0 spotlight=0 (over 100 flips ending at flip 600)
[15:38:58] [info] color/alpha audit block 0: cmod_white=728 cmod_black=728 (idx=728) cmod_general=0 (idx=0) cmod_fb=0; alpha_taken=0 alpha_skipped=0 (global cmod=5390/3848/693/0 idx=3848/693 alpha=0/0)
[15:38:58] [info] phase timing block 0: drawcalls=11166 dc_total_ms=1459 flip_inner_total_ms=587 inter_flip_total_ms=8708 (per-flip avg x10: dc_ms=145 fi_ms=58 if_ms=870 derived audio+engine_ms=667; per-drawcall avg us_x10=1307) [direct-vesa: presents=100 total_ms=384 avg_ms_x10=38 failed=0] [ablation: NO_DC_TIMING=0 CACHE_WINSURF=0 DIRECT_VESA=1]
[15:38:58] [info] kbd/audio block 0: kbd_irq=0 kbd_drain=0 ring_chunks=16 pump_pass=1711 pic1_mask=0xb8 first_irq_ticks=0 install_ticks=0 vector_at_install=0x0083a028 pic1_mask_live=0x38 kbd_8042_stat=0x34 bios_kbd_head=0x002a bios_kbd_tail=0x002a bios_kbd_buf0=0x2064
[15:38:58] [info] dirty-rect block @flip=600: total_calls=0 dirty_rects_avg=1 dirty_pct_x10=1000 forced_full=0 first_n_force=0 threshold_exceeded=0 dirty_path_taken=0 full_flush_taken=0
[15:38:58] [info] prev-frame-diff block @flip=600: diff_calls=0 diff_rects_avg=0 diff_dirty_pct_x10=0 bbox_pct_x10=0 bbox_thresh_exceeded=0
[15:38:59] [info] backdrop cache: thrashing-detect engaged (streak=64, route=direct)
[15:38:59] [info] flip-probe: flip #610 ok=true present=3ms inter_flip_ms=61 drawcalls-since-flip=42 drawcalls-total=55343 fail-total=0 null-skips-total=0
[15:38:59] [info] flip-probe: flip #620 ok=true present=4ms inter_flip_ms=59 drawcalls-since-flip=42 drawcalls-total=55763 fail-total=0 null-skips-total=0
[15:39:00] [info] flip-probe: flip #630 ok=true present=4ms inter_flip_ms=59 drawcalls-since-flip=44 drawcalls-total=56194 fail-total=0 null-skips-total=0
[15:39:00] [info] tas: stall frame 281 ms -> contributing 1 tick (patch 0286)
[15:39:01] [info] flip-probe: flip #640 ok=true present=4ms inter_flip_ms=60 drawcalls-since-flip=44 drawcalls-total=56634 fail-total=0 null-skips-total=0
[15:39:01] [info] flip-probe: flip #650 ok=true present=4ms inter_flip_ms=58 drawcalls-since-flip=43 drawcalls-total=57069 fail-total=0 null-skips-total=0
[15:39:02] [info] flip-probe: flip #660 ok=true present=4ms inter_flip_ms=61 drawcalls-since-flip=43 drawcalls-total=57495 fail-total=0 null-skips-total=0
[15:39:02] [info] backdrop cache: thrashing-detect engaged (streak=124, route=direct)
[15:39:03] [info] flip-probe: flip #670 ok=true present=4ms inter_flip_ms=55 drawcalls-since-flip=16 drawcalls-total=57760 fail-total=0 null-skips-total=0
[15:39:03] [info] flip-probe: flip #680 ok=true present=3ms inter_flip_ms=55 drawcalls-since-flip=16 drawcalls-total=57920 fail-total=0 null-skips-total=0
[15:39:04] [info] flip-probe: flip #690 ok=true present=4ms inter_flip_ms=60 drawcalls-since-flip=27 drawcalls-total=58102 fail-total=0 null-skips-total=0
[15:39:04] [info] flip-probe: flip #700 ok=true present=4ms inter_flip_ms=57 drawcalls-since-flip=17 drawcalls-total=58316 fail-total=0 null-skips-total=0
[15:39:04] [info] alpha audit block 0: 2465 total drawcalls, 0 with alpha<255 (block pct_x10=0; global 0/52439 pct_x10=0); alpha-mod skipped: block=0 global=0
[15:39:04] [info] fastpath audit block 0: taken=2465 (idx8=2465) skipped=0 pct_x10=1000; global taken=52439 (idx8=52439) skipped=0 pct_x10=1000
[15:39:04] [info] primitive tally block 0: clear=200(hr=200) fill=0(hr=0) rect=0(hr=0) line=0(hr=0) tint=0 spotlight=0 (over 100 flips ending at flip 700)
[15:39:04] [info] color/alpha audit block 0: cmod_white=832 cmod_black=832 (idx=832) cmod_general=0 (idx=0) cmod_fb=0; alpha_taken=0 alpha_skipped=0 (global cmod=6222/4680/693/0 idx=4680/693 alpha=0/0)
[15:39:04] [info] phase timing block 0: drawcalls=4329 dc_total_ms=928 flip_inner_total_ms=795 inter_flip_total_ms=6117 (per-flip avg x10: dc_ms=92 fi_ms=79 if_ms=611 derived audio+engine_ms=440; per-drawcall avg us_x10=2145) [direct-vesa: presents=100 total_ms=384 avg_ms_x10=38 failed=0] [ablation: NO_DC_TIMING=0 CACHE_WINSURF=0 DIRECT_VESA=1]
[15:39:04] [info] kbd/audio block 0: kbd_irq=0 kbd_drain=0 ring_chunks=16 pump_pass=2004 pic1_mask=0xb8 first_irq_ticks=0 install_ticks=0 vector_at_install=0x0083a028 pic1_mask_live=0x38 kbd_8042_stat=0x34 bios_kbd_head=0x002a bios_kbd_tail=0x002a bios_kbd_buf0=0x2064
[15:39:04] [info] dirty-rect block @flip=700: total_calls=0 dirty_rects_avg=1 dirty_pct_x10=1000 forced_full=0 first_n_force=0 threshold_exceeded=0 dirty_path_taken=0 full_flush_taken=0
[15:39:04] [info] prev-frame-diff block @flip=700: diff_calls=0 diff_rects_avg=0 diff_dirty_pct_x10=0 bbox_pct_x10=0 bbox_thresh_exceeded=0
[15:39:05] [info] flip-probe: flip #710 ok=true present=4ms inter_flip_ms=56 drawcalls-since-flip=20 drawcalls-total=58504 fail-total=0 null-skips-total=0
[15:39:06] [info]  >> Entering stage 15: 'Reservoir'.
[15:39:06] [info] [skip-sheet-flush] cave=6
[15:39:06] [info] [load-stage] preloading entry music song=9 (cave=6)
[15:39:06] [info] gameloop: entered (curmap=15, running=1)
[15:39:06] [info] gameloop: iter 1 ticks=94550 mapno=-1
[15:39:06] [info] mds-clear-lut: rebuilt N=240 entries (k_skip=13% k_keep=87%; curmap=15 map_size=40x20; rebuild #4 since boot)
[15:39:06] [info] flip-probe: flip #720 ok=true present=4ms inter_flip_ms=805 drawcalls-since-flip=336 drawcalls-total=60760 fail-total=0 null-skips-total=0
[15:39:06] [info] gameloop: iter 2 ticks=94674 mapno=-1
[15:39:07] [info] gameloop: iter 3 ticks=94779 mapno=-1
[15:39:07] [info] flip-probe: flip #730 ok=true present=4ms inter_flip_ms=53 drawcalls-since-flip=32 drawcalls-total=62432 fail-total=0 null-skips-total=0
[15:39:08] [info] flip-probe: flip #740 ok=true present=3ms inter_flip_ms=53 drawcalls-since-flip=32 drawcalls-total=62752 fail-total=0 null-skips-total=0
[15:39:08] [info] flip-probe: flip #750 ok=true present=4ms inter_flip_ms=66 drawcalls-since-flip=34 drawcalls-total=63074 fail-total=0 null-skips-total=0
[15:39:08] [info] backdrop cache: thrashing-detect engaged (streak=4, route=direct)
[15:39:09] [info] flip-probe: flip #760 ok=true present=4ms inter_flip_ms=53 drawcalls-since-flip=33 drawcalls-total=63419 fail-total=0 null-skips-total=0
[15:39:09] [info] flip-probe: flip #770 ok=true present=5ms inter_flip_ms=56 drawcalls-since-flip=32 drawcalls-total=63741 fail-total=0 null-skips-total=0
[15:39:10] [info] flip-probe: flip #780 ok=true present=3ms inter_flip_ms=54 drawcalls-since-flip=32 drawcalls-total=64061 fail-total=0 null-skips-total=0
[15:39:10] [info] tas: stall frame 268 ms -> contributing 1 tick (patch 0286)
[15:39:11] [info] flip-probe: flip #790 ok=true present=4ms inter_flip_ms=57 drawcalls-since-flip=35 drawcalls-total=64395 fail-total=0 null-skips-total=0
[15:39:11] [info] flip-probe: flip #800 ok=true present=4ms inter_flip_ms=57 drawcalls-since-flip=37 drawcalls-total=64759 fail-total=0 null-skips-total=0
[15:39:11] [info] alpha audit block 0: 5614 total drawcalls, 0 with alpha<255 (block pct_x10=0; global 0/58053 pct_x10=0); alpha-mod skipped: block=0 global=0
[15:39:11] [info] fastpath audit block 0: taken=5614 (idx8=5614) skipped=0 pct_x10=1000; global taken=58053 (idx8=58053) skipped=0 pct_x10=1000
[15:39:11] [info] primitive tally block 0: clear=201(hr=201) fill=0(hr=0) rect=0(hr=0) line=0(hr=0) tint=0 spotlight=0 (over 100 flips ending at flip 800)
[15:39:11] [info] color/alpha audit block 0: cmod_white=729 cmod_black=729 (idx=729) cmod_general=0 (idx=0) cmod_fb=0; alpha_taken=0 alpha_skipped=0 (global cmod=6951/5409/693/0 idx=5409/693 alpha=0/0)
[15:39:11] [info] phase timing block 0: drawcalls=7304 dc_total_ms=1421 flip_inner_total_ms=594 inter_flip_total_ms=7052 (per-flip avg x10: dc_ms=142 fi_ms=59 if_ms=705 derived audio+engine_ms=504; per-drawcall avg us_x10=1945) [direct-vesa: presents=100 total_ms=382 avg_ms_x10=38 failed=0] [ablation: NO_DC_TIMING=0 CACHE_WINSURF=0 DIRECT_VESA=1]
[15:39:11] [info] kbd/audio block 0: kbd_irq=0 kbd_drain=0 ring_chunks=16 pump_pass=2307 pic1_mask=0xb8 first_irq_ticks=0 install_ticks=0 vector_at_install=0x0083a028 pic1_mask_live=0x38 kbd_8042_stat=0x34 bios_kbd_head=0x002a bios_kbd_tail=0x002a bios_kbd_buf0=0x2064
[15:39:11] [info] dirty-rect block @flip=800: total_calls=0 dirty_rects_avg=1 dirty_pct_x10=1000 forced_full=0 first_n_force=0 threshold_exceeded=0 dirty_path_taken=0 full_flush_taken=0
[15:39:11] [info] prev-frame-diff block @flip=800: diff_calls=0 diff_rects_avg=0 diff_dirty_pct_x10=0 bbox_pct_x10=0 bbox_thresh_exceeded=0
[15:39:12] [info] flip-probe: flip #810 ok=true present=4ms inter_flip_ms=52 drawcalls-since-flip=35 drawcalls-total=65123 fail-total=0 null-skips-total=0
[15:39:12] [info] backdrop cache: thrashing-detect engaged (streak=64, route=direct)
[15:39:12] [info] flip-probe: flip #820 ok=true present=5ms inter_flip_ms=55 drawcalls-since-flip=35 drawcalls-total=65473 fail-total=0 null-skips-total=0
[15:39:13] [info] flip-probe: flip #830 ok=true present=5ms inter_flip_ms=56 drawcalls-since-flip=35 drawcalls-total=65814 fail-total=0 null-skips-total=0
[15:39:14] [info] flip-probe: flip #840 ok=true present=5ms inter_flip_ms=54 drawcalls-since-flip=18 drawcalls-total=66155 fail-total=0 null-skips-total=0
[15:39:14] [info] flip-probe: flip #850 ok=true present=4ms inter_flip_ms=51 drawcalls-since-flip=17 drawcalls-total=66332 fail-total=0 null-skips-total=0
[15:39:15] [info] flip-probe: flip #860 ok=true present=4ms inter_flip_ms=54 drawcalls-since-flip=14 drawcalls-total=66473 fail-total=0 null-skips-total=0
[15:39:15] [info] flip-probe: flip #870 ok=true present=4ms inter_flip_ms=54 drawcalls-since-flip=15 drawcalls-total=66620 fail-total=0 null-skips-total=0
[15:39:15] [info] backdrop cache: thrashing-detect engaged (streak=124, route=direct)
[15:39:16] [info] flip-probe: flip #880 ok=true present=4ms inter_flip_ms=55 drawcalls-since-flip=17 drawcalls-total=66782 fail-total=0 null-skips-total=0
[15:39:16] [info] flip-probe: flip #890 ok=true present=4ms inter_flip_ms=54 drawcalls-since-flip=14 drawcalls-total=66942 fail-total=0 null-skips-total=0
[15:39:17] [info] flip-probe: flip #900 ok=true present=4ms inter_flip_ms=56 drawcalls-since-flip=14 drawcalls-total=67082 fail-total=0 null-skips-total=0
[15:39:17] [info] alpha audit block 0: 1872 total drawcalls, 0 with alpha<255 (block pct_x10=0; global 0/59925 pct_x10=0); alpha-mod skipped: block=0 global=0
[15:39:17] [info] fastpath audit block 0: taken=1872 (idx8=1872) skipped=0 pct_x10=1000; global taken=59925 (idx8=59925) skipped=0 pct_x10=1000
[15:39:17] [info] primitive tally block 0: clear=200(hr=200) fill=0(hr=0) rect=0(hr=0) line=0(hr=0) tint=0 spotlight=0 (over 100 flips ending at flip 900)
[15:39:17] [info] color/alpha audit block 0: cmod_white=351 cmod_black=351 (idx=351) cmod_general=0 (idx=0) cmod_fb=0; alpha_taken=0 alpha_skipped=0 (global cmod=7302/5760/693/0 idx=5760/693 alpha=0/0)
[15:39:17] [info] phase timing block 0: drawcalls=2774 dc_total_ms=755 flip_inner_total_ms=582 inter_flip_total_ms=5475 (per-flip avg x10: dc_ms=75 fi_ms=58 if_ms=547 derived audio+engine_ms=414; per-drawcall avg us_x10=2722) [direct-vesa: presents=100 total_ms=386 avg_ms_x10=38 failed=0] [ablation: NO_DC_TIMING=0 CACHE_WINSURF=0 DIRECT_VESA=1]
[15:39:17] [info] kbd/audio block 0: kbd_irq=0 kbd_drain=0 ring_chunks=16 pump_pass=2581 pic1_mask=0xb8 first_irq_ticks=0 install_ticks=0 vector_at_install=0x0083a028 pic1_mask_live=0x38 kbd_8042_stat=0x34 bios_kbd_head=0x002a bios_kbd_tail=0x002a bios_kbd_buf0=0x2064
[15:39:17] [info] dirty-rect block @flip=900: total_calls=0 dirty_rects_avg=1 dirty_pct_x10=1000 forced_full=0 first_n_force=0 threshold_exceeded=0 dirty_path_taken=0 full_flush_taken=0
[15:39:17] [info] prev-frame-diff block @flip=900: diff_calls=0 diff_rects_avg=0 diff_dirty_pct_x10=0 bbox_pct_x10=0 bbox_thresh_exceeded=0
[15:39:17] [info] flip-probe: flip #910 ok=true present=4ms inter_flip_ms=49 drawcalls-since-flip=14 drawcalls-total=67222 fail-total=0 null-skips-total=0
[15:39:18] [info] flip-probe: flip #920 ok=true present=4ms inter_flip_ms=48 drawcalls-since-flip=14 drawcalls-total=67362 fail-total=0 null-skips-total=0
[15:39:18] [info] flip-probe: flip #930 ok=true present=4ms inter_flip_ms=49 drawcalls-since-flip=14 drawcalls-total=67502 fail-total=0 null-skips-total=0
[15:39:18] [info] backdrop cache: thrashing-detect engaged (streak=184, route=direct)
[15:39:19] [info] flip-probe: flip #940 ok=true present=4ms inter_flip_ms=50 drawcalls-since-flip=14 drawcalls-total=67642 fail-total=0 null-skips-total=0
[15:39:19] [info] flip-probe: flip #950 ok=true present=4ms inter_flip_ms=77 drawcalls-since-flip=228 drawcalls-total=68289 fail-total=0 null-skips-total=0
[15:39:20] [info]  >> Entering stage 11: 'Mimiga Village'.
[15:39:20] [info] [skip-sheet-flush] cave=7
[15:39:20] [info] [load-stage] preloading entry music song=9 (cave=7)
[15:39:21] [info] gameloop: entered (curmap=11, running=1)
[15:39:21] [info] gameloop: iter 1 ticks=108802 mapno=-1
[15:39:21] [info] mds-clear-lut: rebuilt N=240 entries (k_skip=0% k_keep=100%; curmap=11 map_size=60x60; rebuild #5 since boot)
[15:39:21] [info] gameloop: iter 2 ticks=108923 mapno=-1
[15:39:21] [info] gameloop: iter 3 ticks=109034 mapno=-1
[15:39:21] [info] flip-probe: flip #960 ok=true present=4ms inter_flip_ms=91 drawcalls-since-flip=241 drawcalls-total=71099 fail-total=0 null-skips-total=0
[15:39:22] [info] flip-probe: flip #970 ok=true present=4ms inter_flip_ms=58 drawcalls-since-flip=42 drawcalls-total=71681 fail-total=0 null-skips-total=0
[15:39:22] [info] flip-probe: flip #980 ok=true present=4ms inter_flip_ms=58 drawcalls-since-flip=42 drawcalls-total=72101 fail-total=0 null-skips-total=0
[15:39:23] [info] flip-probe: flip #990 ok=true present=4ms inter_flip_ms=78 drawcalls-since-flip=54 drawcalls-total=72607 fail-total=0 null-skips-total=0
[15:39:23] [info] backdrop cache: thrashing-detect engaged (streak=4, route=direct)
[15:39:24] [info] flip-probe: flip #1000 ok=true present=4ms inter_flip_ms=65 drawcalls-since-flip=47 drawcalls-total=73100 fail-total=0 null-skips-total=0
[15:39:24] [info] alpha audit block 0: 5333 total drawcalls, 0 with alpha<255 (block pct_x10=0; global 0/65258 pct_x10=0); alpha-mod skipped: block=0 global=0
[15:39:24] [info] fastpath audit block 0: taken=5333 (idx8=5333) skipped=0 pct_x10=1000; global taken=65258 (idx8=65258) skipped=0 pct_x10=1000
[15:39:24] [info] primitive tally block 0: clear=201(hr=201) fill=0(hr=0) rect=0(hr=0) line=0(hr=0) tint=0 spotlight=0 (over 100 flips ending at flip 1000)
[15:39:24] [info] color/alpha audit block 0: cmod_white=585 cmod_black=585 (idx=585) cmod_general=0 (idx=0) cmod_fb=0; alpha_taken=0 alpha_skipped=0 (global cmod=7887/6345/693/0 idx=6345/693 alpha=0/0)
[15:39:24] [info] phase timing block 0: drawcalls=6740 dc_total_ms=1407 flip_inner_total_ms=603 inter_flip_total_ms=6881 (per-flip avg x10: dc_ms=140 fi_ms=60 if_ms=688 derived audio+engine_ms=488; per-drawcall avg us_x10=2088) [direct-vesa: presents=100 total_ms=384 avg_ms_x10=38 failed=0] [ablation: NO_DC_TIMING=0 CACHE_WINSURF=0 DIRECT_VESA=1]
[15:39:24] [info] kbd/audio block 0: kbd_irq=0 kbd_drain=0 ring_chunks=16 pump_pass=2886 pic1_mask=0xb8 first_irq_ticks=0 install_ticks=0 vector_at_install=0x0083a028 pic1_mask_live=0x38 kbd_8042_stat=0x34 bios_kbd_head=0x002a bios_kbd_tail=0x002a bios_kbd_buf0=0x2064
[15:39:24] [info] dirty-rect block @flip=1000: total_calls=0 dirty_rects_avg=1 dirty_pct_x10=1000 forced_full=0 first_n_force=0 threshold_exceeded=0 dirty_path_taken=0 full_flush_taken=0
[15:39:24] [info] prev-frame-diff block @flip=1000: diff_calls=0 diff_rects_avg=0 diff_dirty_pct_x10=0 bbox_pct_x10=0 bbox_thresh_exceeded=0
[15:39:24] [info] flip-probe: flip #1010 ok=true present=3ms inter_flip_ms=62 drawcalls-since-flip=44 drawcalls-total=73546 fail-total=0 null-skips-total=0
[15:39:25] [info] flip-probe: flip #1020 ok=true present=3ms inter_flip_ms=62 drawcalls-since-flip=47 drawcalls-total=73995 fail-total=0 null-skips-total=0
[15:39:26] [info] flip-probe: flip #1030 ok=true present=4ms inter_flip_ms=58 drawcalls-since-flip=45 drawcalls-total=74448 fail-total=0 null-skips-total=0
[15:39:26] [info] flip-probe: flip #1040 ok=true present=4ms inter_flip_ms=59 drawcalls-since-flip=45 drawcalls-total=74898 fail-total=0 null-skips-total=0
[15:39:27] [info] flip-probe: flip #1050 ok=true present=4ms inter_flip_ms=61 drawcalls-since-flip=45 drawcalls-total=75348 fail-total=0 null-skips-total=0
[15:39:27] [info] backdrop cache: thrashing-detect engaged (streak=64, route=direct)
[15:39:27] [info] flip-probe: flip #1060 ok=true present=4ms inter_flip_ms=60 drawcalls-since-flip=44 drawcalls-total=75793 fail-total=0 null-skips-total=0
[15:39:28] [info] flip-probe: flip #1070 ok=true present=4ms inter_flip_ms=60 drawcalls-since-flip=43 drawcalls-total=76232 fail-total=0 null-skips-total=0
[15:39:29] [info] flip-probe: flip #1080 ok=true present=4ms inter_flip_ms=54 drawcalls-since-flip=17 drawcalls-total=76532 fail-total=0 null-skips-total=0
[15:39:29] [info] flip-probe: flip #1090 ok=true present=3ms inter_flip_ms=59 drawcalls-since-flip=19 drawcalls-total=76717 fail-total=0 null-skips-total=0
[15:39:30] [info] flip-probe: flip #1100 ok=true present=4ms inter_flip_ms=53 drawcalls-since-flip=19 drawcalls-total=76907 fail-total=0 null-skips-total=0
[15:39:30] [info] alpha audit block 0: 2732 total drawcalls, 0 with alpha<255 (block pct_x10=0; global 0/67990 pct_x10=0); alpha-mod skipped: block=0 global=0
[15:39:30] [info] fastpath audit block 0: taken=2732 (idx8=2732) skipped=0 pct_x10=1000; global taken=67990 (idx8=67990) skipped=0 pct_x10=1000
[15:39:30] [info] primitive tally block 0: clear=200(hr=200) fill=0(hr=0) rect=0(hr=0) line=0(hr=0) tint=0 spotlight=0 (over 100 flips ending at flip 1100)
[15:39:30] [info] color/alpha audit block 0: cmod_white=975 cmod_black=975 (idx=975) cmod_general=0 (idx=0) cmod_fb=0; alpha_taken=0 alpha_skipped=0 (global cmod=8862/7320/693/0 idx=7320/693 alpha=0/0)
[15:39:30] [info] phase timing block 0: drawcalls=4882 dc_total_ms=962 flip_inner_total_ms=572 inter_flip_total_ms=6057 (per-flip avg x10: dc_ms=96 fi_ms=57 if_ms=605 derived audio+engine_ms=452; per-drawcall avg us_x10=1970) [direct-vesa: presents=100 total_ms=380 avg_ms_x10=38 failed=0] [ablation: NO_DC_TIMING=0 CACHE_WINSURF=0 DIRECT_VESA=1]
[15:39:30] [info] kbd/audio block 0: kbd_irq=0 kbd_drain=0 ring_chunks=16 pump_pass=3189 pic1_mask=0xb8 first_irq_ticks=0 install_ticks=0 vector_at_install=0x0083a028 pic1_mask_live=0x38 kbd_8042_stat=0x34 bios_kbd_head=0x002a bios_kbd_tail=0x002a bios_kbd_buf0=0x2064
[15:39:30] [info] dirty-rect block @flip=1100: total_calls=0 dirty_rects_avg=1 dirty_pct_x10=1000 forced_full=0 first_n_force=0 threshold_exceeded=0 dirty_path_taken=0 full_flush_taken=0
[15:39:30] [info] prev-frame-diff block @flip=1100: diff_calls=0 diff_rects_avg=0 diff_dirty_pct_x10=0 bbox_pct_x10=0 bbox_thresh_exceeded=0
[15:39:30] [info] flip-probe: flip #1110 ok=true present=4ms inter_flip_ms=57 drawcalls-since-flip=18 drawcalls-total=77090 fail-total=0 null-skips-total=0
[15:39:30] [info] backdrop cache: thrashing-detect engaged (streak=124, route=direct)
[15:39:31] [info] flip-probe: flip #1120 ok=true present=3ms inter_flip_ms=58 drawcalls-since-flip=18 drawcalls-total=77264 fail-total=0 null-skips-total=0
[15:39:31] [info] flip-probe: flip #1130 ok=true present=4ms inter_flip_ms=58 drawcalls-since-flip=19 drawcalls-total=77445 fail-total=0 null-skips-total=0
[15:39:32] [info] flip-probe: flip #1140 ok=true present=5ms inter_flip_ms=51 drawcalls-since-flip=19 drawcalls-total=77635 fail-total=0 null-skips-total=0
[15:39:33] [info] flip-probe: flip #1150 ok=true present=4ms inter_flip_ms=57 drawcalls-since-flip=20 drawcalls-total=77826 fail-total=0 null-skips-total=0
[15:39:33] [info] flip-probe: flip #1160 ok=true present=4ms inter_flip_ms=57 drawcalls-since-flip=20 drawcalls-total=78026 fail-total=0 null-skips-total=0
[15:39:34] [info] flip-probe: flip #1170 ok=true present=4ms inter_flip_ms=59 drawcalls-since-flip=20 drawcalls-total=78226 fail-total=0 null-skips-total=0
[15:39:34] [info] backdrop cache: thrashing-detect engaged (streak=184, route=direct)
[15:39:34] [info] flip-probe: flip #1180 ok=true present=4ms inter_flip_ms=59 drawcalls-since-flip=17 drawcalls-total=78399 fail-total=0 null-skips-total=0
[15:39:35] [info] flip-probe: flip #1190 ok=true present=4ms inter_flip_ms=58 drawcalls-since-flip=17 drawcalls-total=78569 fail-total=0 null-skips-total=0
[15:39:35] [info] flip-probe: flip #1200 ok=true present=4ms inter_flip_ms=59 drawcalls-since-flip=18 drawcalls-total=78751 fail-total=0 null-skips-total=0
[15:39:35] [info] alpha audit block 0: 1744 total drawcalls, 0 with alpha<255 (block pct_x10=0; global 0/69734 pct_x10=0); alpha-mod skipped: block=0 global=0
[15:39:35] [info] fastpath audit block 0: taken=1744 (idx8=1744) skipped=0 pct_x10=1000; global taken=69734 (idx8=69734) skipped=0 pct_x10=1000
[15:39:35] [info] primitive tally block 0: clear=200(hr=200) fill=0(hr=0) rect=0(hr=0) line=0(hr=0) tint=0 spotlight=0 (over 100 flips ending at flip 1200)
[15:39:35] [info] phase timing block 0: drawcalls=1944 dc_total_ms=744 flip_inner_total_ms=578 inter_flip_total_ms=5773 (per-flip avg x10: dc_ms=74 fi_ms=57 if_ms=577 derived audio+engine_ms=446; per-drawcall avg us_x10=3829) [direct-vesa: presents=100 total_ms=380 avg_ms_x10=38 failed=0] [ablation: NO_DC_TIMING=0 CACHE_WINSURF=0 DIRECT_VESA=1]
[15:39:36] [info] kbd/audio block 0: kbd_irq=0 kbd_drain=0 ring_chunks=16 pump_pass=3478 pic1_mask=0xb8 first_irq_ticks=0 install_ticks=0 vector_at_install=0x0083a028 pic1_mask_live=0x38 kbd_8042_stat=0x34 bios_kbd_head=0x002a bios_kbd_tail=0x002a bios_kbd_buf0=0x2064
[15:39:36] [info] dirty-rect block @flip=1200: total_calls=0 dirty_rects_avg=1 dirty_pct_x10=1000 forced_full=0 first_n_force=0 threshold_exceeded=0 dirty_path_taken=0 full_flush_taken=0
[15:39:36] [info] prev-frame-diff block @flip=1200: diff_calls=0 diff_rects_avg=0 diff_dirty_pct_x10=0 bbox_pct_x10=0 bbox_thresh_exceeded=0
[15:39:36] [info] tas: stall frame 335 ms -> contributing 1 tick (patch 0286)
[15:39:36] [info] flip-probe: flip #1210 ok=true present=3ms inter_flip_ms=59 drawcalls-since-flip=16 drawcalls-total=78921 fail-total=0 null-skips-total=0
[15:39:37] [info] flip-probe: flip #1220 ok=true present=3ms inter_flip_ms=57 drawcalls-since-flip=17 drawcalls-total=79086 fail-total=0 null-skips-total=0
[15:39:37] [info] flip-probe: flip #1230 ok=true present=4ms inter_flip_ms=60 drawcalls-since-flip=20 drawcalls-total=79278 fail-total=0 null-skips-total=0
[15:39:37] [info] backdrop cache: thrashing-detect engaged (streak=244, route=direct)
[15:39:38] [info] flip-probe: flip #1240 ok=true present=4ms inter_flip_ms=58 drawcalls-since-flip=18 drawcalls-total=79469 fail-total=0 null-skips-total=0
[15:39:39] [info]  >> Entering stage 19: 'Assembly Hall'.
[15:39:39] [info] [skip-sheet-flush] cave=8
[15:39:40] [info] [load-stage] preloading entry music song=9 (cave=8)
[15:39:40] [info] gameloop: entered (curmap=19, running=1)
[15:39:40] [info] gameloop: iter 1 ticks=128097 mapno=-1
[15:39:40] [info] mds-clear-lut: rebuilt N=240 entries (k_skip=100% k_keep=0%; curmap=19 map_size=21x16; rebuild #6 since boot)
[15:39:40] [info] flip-probe: flip #1250 ok=true present=4ms inter_flip_ms=1142 drawcalls-since-flip=463 drawcalls-total=81875 fail-total=0 null-skips-total=0
[15:39:40] [info] gameloop: iter 2 ticks=128234 mapno=-1
[15:39:40] [info] gameloop: iter 3 ticks=128348 mapno=-1
[15:39:41] [info] flip-probe: flip #1260 ok=true present=4ms inter_flip_ms=58 drawcalls-since-flip=122 drawcalls-total=84390 fail-total=0 null-skips-total=0
[15:39:41] [info] flip-probe: flip #1270 ok=true present=4ms inter_flip_ms=58 drawcalls-since-flip=122 drawcalls-total=85610 fail-total=0 null-skips-total=0
[15:39:42] [info] flip-probe: flip #1280 ok=true present=4ms inter_flip_ms=59 drawcalls-since-flip=125 drawcalls-total=86841 fail-total=0 null-skips-total=0
[15:39:42] [info] flip-probe: flip #1290 ok=true present=4ms inter_flip_ms=61 drawcalls-since-flip=124 drawcalls-total=88072 fail-total=0 null-skips-total=0
[15:39:43] [info] flip-probe: flip #1300 ok=true present=4ms inter_flip_ms=56 drawcalls-since-flip=122 drawcalls-total=89301 fail-total=0 null-skips-total=0
[15:39:43] [info] alpha audit block 0: 9838 total drawcalls, 0 with alpha<255 (block pct_x10=0; global 0/79572 pct_x10=0); alpha-mod skipped: block=0 global=0
[15:39:43] [info] fastpath audit block 0: taken=9838 (idx8=9838) skipped=0 pct_x10=1000; global taken=79572 (idx8=79572) skipped=0 pct_x10=1000
[15:39:43] [info] primitive tally block 0: clear=201(hr=201) fill=0(hr=0) rect=0(hr=0) line=0(hr=0) tint=0 spotlight=0 (over 100 flips ending at flip 1300)
[15:39:43] [info] color/alpha audit block 0: cmod_white=612 cmod_black=612 (idx=612) cmod_general=0 (idx=0) cmod_fb=0; alpha_taken=0 alpha_skipped=0 (global cmod=9474/7932/693/0 idx=7932/693 alpha=0/0)
[15:39:43] [info] phase timing block 0: drawcalls=11314 dc_total_ms=1640 flip_inner_total_ms=576 inter_flip_total_ms=7581 (per-flip avg x10: dc_ms=164 fi_ms=57 if_ms=758 derived audio+engine_ms=537; per-drawcall avg us_x10=1449) [direct-vesa: presents=100 total_ms=382 avg_ms_x10=38 failed=0] [ablation: NO_DC_TIMING=0 CACHE_WINSURF=0 DIRECT_VESA=1]
[15:39:43] [info] kbd/audio block 0: kbd_irq=0 kbd_drain=0 ring_chunks=16 pump_pass=3788 pic1_mask=0xb8 first_irq_ticks=0 install_ticks=0 vector_at_install=0x0083a028 pic1_mask_live=0x38 kbd_8042_stat=0x34 bios_kbd_head=0x002a bios_kbd_tail=0x002a bios_kbd_buf0=0x2064
[15:39:43] [info] dirty-rect block @flip=1300: total_calls=0 dirty_rects_avg=1 dirty_pct_x10=1000 forced_full=0 first_n_force=0 threshold_exceeded=0 dirty_path_taken=0 full_flush_taken=0
[15:39:43] [info] prev-frame-diff block @flip=1300: diff_calls=0 diff_rects_avg=0 diff_dirty_pct_x10=0 bbox_pct_x10=0 bbox_thresh_exceeded=0
[15:39:44] [info] flip-probe: flip #1310 ok=true present=4ms inter_flip_ms=57 drawcalls-since-flip=122 drawcalls-total=90521 fail-total=0 null-skips-total=0
[15:39:44] [info] flip-probe: flip #1320 ok=true present=4ms inter_flip_ms=57 drawcalls-since-flip=122 drawcalls-total=91741 fail-total=0 null-skips-total=0
[15:39:45] [info] flip-probe: flip #1330 ok=true present=4ms inter_flip_ms=105 drawcalls-since-flip=462 drawcalls-total=94497 fail-total=0 null-skips-total=0
[15:39:45] [info]  >> Entering stage 11: 'Mimiga Village'.
[15:39:45] [info] [skip-sheet-flush] cave=9
[15:39:46] [info] [load-stage] preloading entry music song=9 (cave=9)
[15:39:46] [info] gameloop: entered (curmap=11, running=1)
[15:39:46] [info] gameloop: iter 1 ticks=134445 mapno=-1
[15:39:46] [info] mds-clear-lut: rebuilt N=240 entries (k_skip=0% k_keep=100%; curmap=11 map_size=60x60; rebuild #7 since boot)
[15:39:46] [info] gameloop: iter 2 ticks=134576 mapno=-1
[15:39:46] [info] gameloop: iter 3 ticks=134693 mapno=-1
[15:39:47] [info] backdrop cache: thrashing-detect engaged (streak=4, route=direct)
[15:39:47] [info] flip-probe: flip #1340 ok=true present=4ms inter_flip_ms=63 drawcalls-since-flip=43 drawcalls-total=97060 fail-total=0 null-skips-total=0
[15:39:48] [info] flip-probe: flip #1350 ok=true present=4ms inter_flip_ms=62 drawcalls-since-flip=43 drawcalls-total=97515 fail-total=0 null-skips-total=0
[15:39:48] [info] flip-probe: flip #1360 ok=true present=4ms inter_flip_ms=61 drawcalls-since-flip=43 drawcalls-total=97941 fail-total=0 null-skips-total=0
[15:39:49] [info] flip-probe: flip #1370 ok=true present=4ms inter_flip_ms=63 drawcalls-since-flip=44 drawcalls-total=98381 fail-total=0 null-skips-total=0
[15:39:49] [info] flip-probe: flip #1380 ok=true present=4ms inter_flip_ms=60 drawcalls-since-flip=43 drawcalls-total=98813 fail-total=0 null-skips-total=0
[15:39:50] [info] flip-probe: flip #1390 ok=true present=3ms inter_flip_ms=61 drawcalls-since-flip=45 drawcalls-total=99268 fail-total=0 null-skips-total=0
[15:39:51] [info] backdrop cache: thrashing-detect engaged (streak=64, route=direct)
[15:39:51] [info] flip-probe: flip #1400 ok=true present=5ms inter_flip_ms=61 drawcalls-since-flip=44 drawcalls-total=99712 fail-total=0 null-skips-total=0
[15:39:51] [info] alpha audit block 0: 9043 total drawcalls, 0 with alpha<255 (block pct_x10=0; global 0/88615 pct_x10=0); alpha-mod skipped: block=0 global=0
[15:39:51] [info] fastpath audit block 0: taken=9043 (idx8=9043) skipped=0 pct_x10=1000; global taken=88615 (idx8=88615) skipped=0 pct_x10=1000
[15:39:51] [info] primitive tally block 0: clear=201(hr=201) fill=0(hr=0) rect=0(hr=0) line=0(hr=0) tint=0 spotlight=0 (over 100 flips ending at flip 1400)
[15:39:51] [info] color/alpha audit block 0: cmod_white=1268 cmod_black=1268 (idx=1268) cmod_general=0 (idx=0) cmod_fb=0; alpha_taken=0 alpha_skipped=0 (global cmod=10742/9200/693/0 idx=9200/693 alpha=0/0)
[15:39:51] [info] phase timing block 0: drawcalls=11817 dc_total_ms=1680 flip_inner_total_ms=590 inter_flip_total_ms=7664 (per-flip avg x10: dc_ms=168 fi_ms=59 if_ms=766 derived audio+engine_ms=539; per-drawcall avg us_x10=1421) [direct-vesa: presents=100 total_ms=380 avg_ms_x10=38 failed=0] [ablation: NO_DC_TIMING=0 CACHE_WINSURF=0 DIRECT_VESA=1]
[15:39:51] [info] kbd/audio block 0: kbd_irq=0 kbd_drain=0 ring_chunks=16 pump_pass=4118 pic1_mask=0xb8 first_irq_ticks=0 install_ticks=0 vector_at_install=0x0083a028 pic1_mask_live=0x38 kbd_8042_stat=0x34 bios_kbd_head=0x002a bios_kbd_tail=0x002a bios_kbd_buf0=0x2064
[15:39:51] [info] dirty-rect block @flip=1400: total_calls=0 dirty_rects_avg=1 dirty_pct_x10=1000 forced_full=0 first_n_force=0 threshold_exceeded=0 dirty_path_taken=0 full_flush_taken=0
[15:39:51] [info] prev-frame-diff block @flip=1400: diff_calls=0 diff_rects_avg=0 diff_dirty_pct_x10=0 bbox_pct_x10=0 bbox_thresh_exceeded=0
[15:39:51] [info] flip-probe: flip #1410 ok=true present=4ms inter_flip_ms=59 drawcalls-since-flip=43 drawcalls-total=100147 fail-total=0 null-skips-total=0
[15:39:52] [info] flip-probe: flip #1420 ok=true present=4ms inter_flip_ms=60 drawcalls-since-flip=43 drawcalls-total=100577 fail-total=0 null-skips-total=0
[15:39:53] [info] flip-probe: flip #1430 ok=true present=4ms inter_flip_ms=60 drawcalls-since-flip=44 drawcalls-total=101016 fail-total=0 null-skips-total=0
[15:39:53] [info] flip-probe: flip #1440 ok=true present=5ms inter_flip_ms=64 drawcalls-since-flip=45 drawcalls-total=101463 fail-total=0 null-skips-total=0
[15:39:54] [info] flip-probe: flip #1450 ok=true present=4ms inter_flip_ms=61 drawcalls-since-flip=41 drawcalls-total=101887 fail-total=0 null-skips-total=0
[15:39:54] [info] backdrop cache: thrashing-detect engaged (streak=124, route=direct)
[15:39:54] [info] flip-probe: flip #1460 ok=true present=4ms inter_flip_ms=104 drawcalls-since-flip=332 drawcalls-total=102733 fail-total=0 null-skips-total=0
[15:39:55] [info]  >> Entering stage 14: 'Shack'.
[15:39:55] [info] [skip-sheet-flush] cave=10
[15:39:56] [info] [load-stage] preloading entry music song=8 (cave=10)
[15:39:56] [info] opl3 backend: on_song_stop
[15:39:56] [info] MidiScheduler::load: parsed 'data/orgmid2/vivi.mid' = 11188 events at 48 PPQ
[15:39:56] [info] opl3 backend: on_song_start
[15:39:56] [info] gameloop: entered (curmap=14, running=1)
[15:39:56] [info] gameloop: iter 1 ticks=144322 mapno=-1
[15:39:56] [info] gameloop: iter 2 ticks=144419 mapno=-1
[15:39:56] [info] gameloop: iter 3 ticks=144520 mapno=-1
[15:39:57] [info] flip-probe: flip #1470 ok=true present=4ms inter_flip_ms=63 drawcalls-since-flip=125 drawcalls-total=105659 fail-total=0 null-skips-total=0
[15:39:57] [info] flip-probe: flip #1480 ok=true present=4ms inter_flip_ms=43 drawcalls-since-flip=24 drawcalls-total=105899 fail-total=0 null-skips-total=0
[15:39:57] [info] flip-probe: flip #1490 ok=true present=4ms inter_flip_ms=43 drawcalls-since-flip=24 drawcalls-total=106139 fail-total=0 null-skips-total=0
[15:39:58] [info] flip-probe: flip #1500 ok=true present=4ms inter_flip_ms=44 drawcalls-since-flip=26 drawcalls-total=106385 fail-total=0 null-skips-total=0
[15:39:58] [info] alpha audit block 0: 5753 total drawcalls, 0 with alpha<255 (block pct_x10=0; global 0/94368 pct_x10=0); alpha-mod skipped: block=0 global=0
[15:39:58] [info] fastpath audit block 0: taken=5753 (idx8=5753) skipped=0 pct_x10=1000; global taken=94368 (idx8=94368) skipped=0 pct_x10=1000
[15:39:58] [info] primitive tally block 0: clear=201(hr=201) fill=0(hr=0) rect=0(hr=0) line=0(hr=0) tint=0 spotlight=0 (over 100 flips ending at flip 1500)
[15:39:58] [info] color/alpha audit block 0: cmod_white=856 cmod_black=856 (idx=856) cmod_general=0 (idx=0) cmod_fb=0; alpha_taken=0 alpha_skipped=0 (global cmod=11598/10056/693/0 idx=10056/693 alpha=0/0)
[15:39:58] [info] phase timing block 0: drawcalls=7666 dc_total_ms=1270 flip_inner_total_ms=582 inter_flip_total_ms=7212 (per-flip avg x10: dc_ms=127 fi_ms=58 if_ms=721 derived audio+engine_ms=536; per-drawcall avg us_x10=1657) [direct-vesa: presents=100 total_ms=383 avg_ms_x10=38 failed=0] [ablation: NO_DC_TIMING=0 CACHE_WINSURF=0 DIRECT_VESA=1]
[15:39:58] [info] kbd/audio block 0: kbd_irq=0 kbd_drain=0 ring_chunks=16 pump_pass=4418 pic1_mask=0xb8 first_irq_ticks=0 install_ticks=0 vector_at_install=0x0083a028 pic1_mask_live=0x38 kbd_8042_stat=0x34 bios_kbd_head=0x002a bios_kbd_tail=0x002a bios_kbd_buf0=0x2064
[15:39:58] [info] dirty-rect block @flip=1500: total_calls=0 dirty_rects_avg=1 dirty_pct_x10=1000 forced_full=0 first_n_force=0 threshold_exceeded=0 dirty_path_taken=0 full_flush_taken=0
[15:39:58] [info] prev-frame-diff block @flip=1500: diff_calls=0 diff_rects_avg=0 diff_dirty_pct_x10=0 bbox_pct_x10=0 bbox_thresh_exceeded=0
[15:39:58] [info] flip-probe: flip #1510 ok=true present=4ms inter_flip_ms=44 drawcalls-since-flip=25 drawcalls-total=106652 fail-total=0 null-skips-total=0
[15:39:59] [info] flip-probe: flip #1520 ok=true present=4ms inter_flip_ms=43 drawcalls-since-flip=24 drawcalls-total=106893 fail-total=0 null-skips-total=0
[15:39:59] [info] flip-probe: flip #1530 ok=true present=4ms inter_flip_ms=43 drawcalls-since-flip=24 drawcalls-total=107133 fail-total=0 null-skips-total=0
[15:40:00] [info] flip-probe: flip #1540 ok=true present=4ms inter_flip_ms=43 drawcalls-since-flip=24 drawcalls-total=107373 fail-total=0 null-skips-total=0
[15:40:00] [info] flip-probe: flip #1550 ok=true present=4ms inter_flip_ms=43 drawcalls-since-flip=24 drawcalls-total=107613 fail-total=0 null-skips-total=0
[15:40:01] [info] flip-probe: flip #1560 ok=true present=3ms inter_flip_ms=43 drawcalls-since-flip=24 drawcalls-total=107853 fail-total=0 null-skips-total=0
[15:40:01] [info] flip-probe: flip #1570 ok=true present=3ms inter_flip_ms=43 drawcalls-since-flip=24 drawcalls-total=108093 fail-total=0 null-skips-total=0
[15:40:02] [info]  >> Entering stage 11: 'Mimiga Village'.
[15:40:02] [info] [skip-sheet-flush] cave=11
[15:40:02] [info] [load-stage] preloading entry music song=9 (cave=11)
[15:40:02] [info] opl3 backend: on_song_stop
[15:40:02] [info] MidiScheduler::load: parsed 'data/orgmid2/mura.mid' = 7123 events at 48 PPQ
[15:40:02] [info] opl3 backend: on_song_start
[15:40:03] [info] gameloop: entered (curmap=11, running=1)
[15:40:03] [info] gameloop: iter 1 ticks=150973 mapno=-1
[15:40:03] [info] flip-probe: flip #1580 ok=true present=5ms inter_flip_ms=1068 drawcalls-since-flip=382 drawcalls-total=110652 fail-total=0 null-skips-total=0
[15:40:03] [info] gameloop: iter 2 ticks=151098 mapno=-1
[15:40:03] [info] gameloop: iter 3 ticks=151214 mapno=-1
[15:40:03] [info] backdrop cache: thrashing-detect engaged (streak=4, route=direct)
[15:40:04] [info] flip-probe: flip #1590 ok=true present=3ms inter_flip_ms=61 drawcalls-since-flip=41 drawcalls-total=112430 fail-total=0 null-skips-total=0
[15:40:04] [info] flip-probe: flip #1600 ok=true present=4ms inter_flip_ms=60 drawcalls-since-flip=44 drawcalls-total=112852 fail-total=0 null-skips-total=0
[15:40:04] [info] alpha audit block 0: 5778 total drawcalls, 0 with alpha<255 (block pct_x10=0; global 0/100146 pct_x10=0); alpha-mod skipped: block=0 global=0
[15:40:04] [info] fastpath audit block 0: taken=5778 (idx8=5778) skipped=0 pct_x10=1000; global taken=100146 (idx8=100146) skipped=0 pct_x10=1000
[15:40:04] [info] primitive tally block 0: clear=201(hr=201) fill=0(hr=0) rect=0(hr=0) line=0(hr=0) tint=0 spotlight=0 (over 100 flips ending at flip 1600)
[15:40:04] [info] color/alpha audit block 0: cmod_white=668 cmod_black=668 (idx=668) cmod_general=0 (idx=0) cmod_fb=0; alpha_taken=0 alpha_skipped=0 (global cmod=12266/10724/693/0 idx=10724/693 alpha=0/0)
[15:40:04] [info] phase timing block 0: drawcalls=7320 dc_total_ms=1269 flip_inner_total_ms=587 inter_flip_total_ms=6366 (per-flip avg x10: dc_ms=126 fi_ms=58 if_ms=636 derived audio+engine_ms=452; per-drawcall avg us_x10=1734) [direct-vesa: presents=100 total_ms=385 avg_ms_x10=38 failed=0] [ablation: NO_DC_TIMING=0 CACHE_WINSURF=0 DIRECT_VESA=1]
[15:40:04] [info] kbd/audio block 0: kbd_irq=0 kbd_drain=0 ring_chunks=16 pump_pass=4681 pic1_mask=0xb8 first_irq_ticks=0 install_ticks=0 vector_at_install=0x0083a028 pic1_mask_live=0x38 kbd_8042_stat=0x34 bios_kbd_head=0x002a bios_kbd_tail=0x002a bios_kbd_buf0=0x2064
[15:40:04] [info] dirty-rect block @flip=1600: total_calls=0 dirty_rects_avg=1 dirty_pct_x10=1000 forced_full=0 first_n_force=0 threshold_exceeded=0 dirty_path_taken=0 full_flush_taken=0
[15:40:04] [info] prev-frame-diff block @flip=1600: diff_calls=0 diff_rects_avg=0 diff_dirty_pct_x10=0 bbox_pct_x10=0 bbox_thresh_exceeded=0
[15:40:05] [info] flip-probe: flip #1610 ok=true present=4ms inter_flip_ms=62 drawcalls-since-flip=46 drawcalls-total=113298 fail-total=0 null-skips-total=0
[15:40:06] [info] flip-probe: flip #1620 ok=true present=4ms inter_flip_ms=60 drawcalls-since-flip=43 drawcalls-total=113756 fail-total=0 null-skips-total=0
[15:40:06] [info] flip-probe: flip #1630 ok=true present=3ms inter_flip_ms=57 drawcalls-since-flip=43 drawcalls-total=114186 fail-total=0 null-skips-total=0
[15:40:07] [info] flip-probe: flip #1640 ok=true present=4ms inter_flip_ms=61 drawcalls-since-flip=45 drawcalls-total=114643 fail-total=0 null-skips-total=0
[15:40:07] [info] backdrop cache: thrashing-detect engaged (streak=64, route=direct)
[15:40:07] [info] flip-probe: flip #1650 ok=true present=4ms inter_flip_ms=60 drawcalls-since-flip=45 drawcalls-total=115093 fail-total=0 null-skips-total=0
[15:40:08] [info] flip-probe: flip #1660 ok=true present=4ms inter_flip_ms=58 drawcalls-since-flip=47 drawcalls-total=115551 fail-total=0 null-skips-total=0
[15:40:09] [info] flip-probe: flip #1670 ok=true present=3ms inter_flip_ms=60 drawcalls-since-flip=44 drawcalls-total=116006 fail-total=0 null-skips-total=0
[15:40:09] [info] flip-probe: flip #1680 ok=true present=3ms inter_flip_ms=58 drawcalls-since-flip=45 drawcalls-total=116447 fail-total=0 null-skips-total=0
[15:40:10] [info] flip-probe: flip #1690 ok=true present=4ms inter_flip_ms=61 drawcalls-since-flip=46 drawcalls-total=116902 fail-total=0 null-skips-total=0
[15:40:10] [info] flip-probe: flip #1700 ok=true present=5ms inter_flip_ms=54 drawcalls-since-flip=20 drawcalls-total=117342 fail-total=0 null-skips-total=0
[15:40:10] [info] alpha audit block 0: 3103 total drawcalls, 0 with alpha<255 (block pct_x10=0; global 0/103249 pct_x10=0); alpha-mod skipped: block=0 global=0
[15:40:10] [info] fastpath audit block 0: taken=3103 (idx8=3103) skipped=0 pct_x10=1000; global taken=103249 (idx8=103249) skipped=0 pct_x10=1000
[15:40:10] [info] primitive tally block 0: clear=200(hr=200) fill=0(hr=0) rect=0(hr=0) line=0(hr=0) tint=0 spotlight=0 (over 100 flips ending at flip 1700)
[15:40:10] [info] color/alpha audit block 0: cmod_white=1287 cmod_black=1287 (idx=1287) cmod_general=0 (idx=0) cmod_fb=0; alpha_taken=0 alpha_skipped=0 (global cmod=13553/12011/693/0 idx=12011/693 alpha=0/0)
[15:40:11] [info] phase timing block 0: drawcalls=5877 dc_total_ms=1048 flip_inner_total_ms=792 inter_flip_total_ms=6116 (per-flip avg x10: dc_ms=104 fi_ms=79 if_ms=611 derived audio+engine_ms=428; per-drawcall avg us_x10=1783) [direct-vesa: presents=100 total_ms=382 avg_ms_x10=38 failed=0] [ablation: NO_DC_TIMING=0 CACHE_WINSURF=0 DIRECT_VESA=1]
[15:40:11] [info] kbd/audio block 0: kbd_irq=0 kbd_drain=0 ring_chunks=16 pump_pass=4987 pic1_mask=0xb8 first_irq_ticks=0 install_ticks=0 vector_at_install=0x0083a028 pic1_mask_live=0x38 kbd_8042_stat=0x34 bios_kbd_head=0x002a bios_kbd_tail=0x002a bios_kbd_buf0=0x2064
[15:40:11] [info] dirty-rect block @flip=1700: total_calls=0 dirty_rects_avg=1 dirty_pct_x10=1000 forced_full=0 first_n_force=0 threshold_exceeded=0 dirty_path_taken=0 full_flush_taken=0
[15:40:11] [info] prev-frame-diff block @flip=1700: diff_calls=0 diff_rects_avg=0 diff_dirty_pct_x10=0 bbox_pct_x10=0 bbox_thresh_exceeded=0
[15:40:11] [info] tas: stall frame 336 ms -> contributing 1 tick (patch 0286)
[15:40:11] [info] backdrop cache: thrashing-detect engaged (streak=124, route=direct)
[15:40:11] [info] flip-probe: flip #1710 ok=true present=4ms inter_flip_ms=53 drawcalls-since-flip=19 drawcalls-total=117535 fail-total=0 null-skips-total=0
[15:40:12] [info] flip-probe: flip #1720 ok=true present=4ms inter_flip_ms=52 drawcalls-since-flip=19 drawcalls-total=117725 fail-total=0 null-skips-total=0
[15:40:12] [info] flip-probe: flip #1730 ok=true present=4ms inter_flip_ms=57 drawcalls-since-flip=19 drawcalls-total=117915 fail-total=0 null-skips-total=0
[15:40:13] [info] flip-probe: flip #1740 ok=true present=4ms inter_flip_ms=54 drawcalls-since-flip=19 drawcalls-total=118105 fail-total=0 null-skips-total=0
[15:40:13] [info] run_tick_fixed #5100: heartbeat (loop alive)
[15:40:13] [info] flip-probe: flip #1750 ok=true present=5ms inter_flip_ms=56 drawcalls-since-flip=60 drawcalls-total=118582 fail-total=0 null-skips-total=0
[15:40:14] [info] flip-probe: flip #1760 ok=true present=4ms inter_flip_ms=57 drawcalls-since-flip=60 drawcalls-total=119182 fail-total=0 null-skips-total=0
[15:40:14] [info] backdrop cache: thrashing-detect engaged (streak=184, route=direct)
[15:40:15] [info] flip-probe: flip #1770 ok=true present=4ms inter_flip_ms=56 drawcalls-since-flip=60 drawcalls-total=119782 fail-total=0 null-skips-total=0
[15:40:15] [info] tas: end-of-replay auto-exit at tick 5140 (recording exhausted; set DOSKUTSU_TAS_REPLAY_HOLD=1 to disable + observe steady-state past recording end)
[15:40:15] [info] Script engine shutdown.
[15:40:15] [info] opl3 backend: on_song_stop
[15:40:15] [info] opl3 backend: cleared reg 0xBD chip-wide latch (wub-wub mitigation per flush-instr WAVE-46 H6)
[15:40:15] [info] opl3 backend shutdown (all 18 voices KEY-OFF unconditionally; OPL2 mode restored; chip state safe for next process)
[15:40:15] [info] Sound system shutdown
[15:40:15] [info] Renderer::Close()
[15:40:15] [info] tas: replay file closed
[15:40:16] [info] [fps-true] flips=1777 render_s=159 fps_mean=11.1 (clock-independent: flips / seconds since the FIRST flip; use THIS for the fps matrix, not inter_flip medians, which are invalid in any cell running the PIT/IRQ-0 music pump)
[RUNMANIFEST-BEGIN]
schema_version=1
environment=realhw
binary_sha12=f8d446b4b0e0
wave_tag=5C4V
scene=
env_block_sha=e52773ba848d
started_utc=2026-08-11T15:37:21Z
duration_s=175
exit_code=0
fps_p50=NA
fps_p95=NA
audio_vital_status=NA
regime=NA
banner_required_hit=0
banner_required_total=0
banner_forbidden_hit=0
banner_optional_hit=0
critical_count=0
warn_count=0
[RUNMANIFEST-END]
[15:40:16] [info] [runmanifest-emit] schema=v1 env=realhw sha12=f8d446b4b0e0 dur=175s tag='5C4V' scene='' env_sha=e52773ba848d (signals=0x4)
