Logger::init: wave-53 log level=INFO path='LOGS/5C5.LOG'
[15:30:39] [info] config: loaded DOSKUTSU.CFG (2 keys)
[15:30:39] [info] tas: PRNG seed forced to 12345 via DOSKUTSU_TAS_PRNG_SEED
[15:30:39] [info] tas: auto-exit armed at tick 30000 via DOSKUTSU_TAS_AUTO_EXIT_TICK
[15:30:39] [info] tas: replay opened path='QA.TAS' header_seed=12345
[15:30:39] [info] AUDIO_BACKEND=adlib -- omitting SDL_INIT_AUDIO (no Sound Blaster on a native-AdLib config; the OPL chip is driven by direct port I/O + the PIT/IRQ-0 music pump). SoundManager::init() STILL RUNS (unlike AUDIO_OFF) to bring up the OPL2 backend. MUSIC ONLY -- no PCM SFX on a DAC-less AdLib card.
[15:30:40] [info] data cache: DISABLED (default)
[15:30:40] [info] Joystick: skipped (default; set DOSKUTSU_USE_JOYSTICK=1 to enable -- skips SDL3-DOS gameport BIOS INT 15h polling, ~82 ms / flip on real HW)
[15:30:40] [info] Loading settings...
[15:30:40] [info] [input-bind] applied=0 invert_y=0 dos_axes=1
[15:30:40] [info] Renderer::initVideo: 8bpp mode requested via SDL_HINT_DOS_MAX_BPP=8 (wave 16); SDL3-DOS will pick the highest-bpp <= 8 mode at requested resolution
[15:30:40] [info] Renderer::initVideo: DOS resolution-label lock ENABLED (default)
[15:30:41] [info] Renderer::initVideo: using: software renderer
[15:30:44] [info] Renderer::initVideo: dirty-rect tracking ENABLED (wave 15, default ON; set SDL_HINT_DOSKUTSU_DIRTY_RECTS=0 to disable)
[15:30:44] [info] Renderer::initVideo: ablation flags: NO_DC_TIMING=0 CACHE_WINSURF=0 NO_INPUT_POLL=0 DIRECT_VESA=1
[15:30:44] [info] Renderer::initVideo: direct-VESA hot path ENABLED (default since wave 20 patch 0088; bypasses SDL_RenderPresent / SDL_UpdateWindowSurface and writes via SDL/0034's PresentFull helper; R2 mitigation handled by SDL/0034 generation counter -- no per-N-flip heartbeat needed; set SDL_HINT_DOSKUTSU_DIRECT_VESA=0 to revert)
[15:30:44] [info] Renderer::initVideo: flip-phase instrumentation DISABLED (default; set SDL_HINT_DOSKUTSU_FLIP_INSTR=1 to opt in for wave-20 Lever A diagnostic)
[15:30:44] [info] Renderer::initVideo: asm opaque-span blit lever DISABLED (default; set SDL_HINT_DOSKUTSU_ASM_BLIT=1 to opt in -- wave-51 _blit_indexed colorkey-blit lever)
[15:30:44] [info] Renderer::initVideo: blit-decomp instrumentation DISABLED (default; set SDL_HINT_DOSKUTSU_BLIT_DECOMP=1 to opt in -- wave-51 _blit_indexed sub-decomp sizing)
[15:30:44] [info] Renderer::initVideo: mds-scroll-decomp instrumentation DISABLED (default; set SDL_HINT_DOSKUTSU_MDS_DECOMP=1 to opt in -- wave-52 mode_draw_scene scrolling-block decomp)
[15:30:44] [info] Renderer::initVideo: DOSVESA pump yield: skipped (default) (per-flip explicit SDL_Delay(0) yield is always on; set SDL_HINT_DOSKUTSU_FORCE_PUMP_YIELD=1 to restore old per-pump yield)
[15:30:44] [info] Renderer::initVideo: indexed-mode (8bpp) ENABLED -- master palette + 107 per-asset remap LUTs loaded (wave 16, default ON; set SDL_HINT_DOSKUTSU_PIXEL_FORMAT_8=0 to disable)
[15:30:44] [info] Renderer::initVideo: master palette attached to window surface (format=SDL_PIXELFORMAT_INDEX8, ncolors=256)
[15:30:44] [info] Renderer::initVideo: indexed-mode smoke: idx0=(0,0,0) OK idx255=(255,0,255) OK
[15:30:45] [info] Renderer::initVideo: indexed-mode smoke: paletteRemapFor('MyChar.pbm') = present
[15:30:45] [info] Surface::loadImage palmap-diag #1: 'data/Loading.pbm' fmt=SDL_PIXELFORMAT_ABGR8888 remap=HIT -> path=truecolor
[15:30:45] [info] Renderer: prev-frame diff DISABLED (default since wave 17.6; set SDL_HINT_DOSKUTSU_PREVFRAME_DIFF=1 to opt in)
[15:30:45] [info] flip-probe: renderer=software window_ptr=8808304 colorspace=301991328 window_size=320x240 framebuffer_pixels=320x240 logical_present=320x240 mode=2
[15:30:45] [info] flip-probe: first flip ok=true present=55ms inter_flip_ms=0 drawcalls-since-flip=1 drawcalls-total=1
[15:30:45] [info] Sound system init
[15:30:45] [info] Sound system: AdLib (OPL2) path -- AUDIO_BACKEND=adlib. Skipping SB16 + SDL_mixer bring-up (no SDL_INIT_AUDIO); music via native OPL2 FM on the PIT/IRQ-0 pump. MUSIC ONLY: a DAC-less AdLib card has no PCM SFX. See docs/internal/ADLIB-NATIVE-DESIGN.md.
[15:30:45] [info] Sound system: AdLib PC-speaker SFX beeps -- engine SFX->beep mapping WIRED (patch 0264; SDL owns default-ON killswitch SDL_HINT_DOSKUTSU_PCSPK_SFX=0 to disable). See docs/internal/ADLIB-PCSPK-SFX-DESIGN.md.
[15:30:45] [info] Sound system: 4-state audio enable (#31) -- music=on sfx=on (MUSIC_OFF/AUDIO_BACKEND=none -> music-off; SFX_OFF/SFX_DEVICE=none -> sfx-off; both gates are dispatch-level, the device still opens; AUDIO_OFF=1 is the device-level both-off).
[15:30:45] [info] Sound system: Tier-2 audio config (default since wave 21 patch 0093; 11025 Hz, 1 channel, buffer pinned to 256 frames). Measured savings on g2k Pentium OverDrive 83 MHz (W21A): heavy-music scenes ~+11 fps vs Tier-1 baseline (measured -10 to -15 ms/flip post-0094 audio fix; W21A's pre-fix -26.6 ms figure was inflated by stereo-vs-mono playback bug, see patch 0094). Audio quality is reduced vs Tier-1 (mono, 11025 Hz, simple-average L+R downmix) but recognizable; user accepted the trade per direction 2026-05-05. Set SDL_HINT_DOSKUTSU_AUDIO_TIER2=0 to revert to Tier-1 22050 stereo (full Cave Story 2004 audio quality; trades fps for fidelity).
[15:30:45] [info] Sound system: SDL_HINT_AUDIO_DEVICE_SAMPLE_FRAMES=256
[15:30:45] [info] Pixtone IRQ rate-divider: handed master_rate=11025 int16/s (SAMPLE_RATE=11025 x AUDIO_CHANNELS=1) to SDL for auto-RATEDIV (SDL/0074 computes shift_div from the resolved device freq).
[15:30:45] [info] Sound system: device frame-rate: requesting 11025 Hz match to master (SDL_DOSAudioSetDeviceFrameRate; SB16 opens at the engine frame rate instead of SDL's 44100 floor -- 4x less PCM/s + no resampler on the Organya/Pixtone path; killswitch SDL_HINT_DOSKUTSU_DOS_AUDIO_DEVICE_RATE_DEFAULT=0).
[15:30:46] [info] audio backend: adlib (Campaign 2 -- native OPL2 FM synthesis on a no-Sound-Blaster card; 9-voice single-bank allocator; music clock = PIT/IRQ-0 OPL pump, NOT SB IRQ-5). MUSIC ONLY -- no PCM SFX on a DAC-less AdLib card. SoundManager::init probes OPL2 at 0x388 via the Adlib timer-1 sequence; if absent, music is silent (the game still runs). Reuses data/opl3bank.dat (DMXOPL GM bank).
[15:30:46] [info] Sound system: AdLib path -- no SB16 mixer (music via the PIT pump; SFX disabled on this no-SB out-of-band path).
[15:30:46] [info] wave-13.6.1: ring_chunks=16 FORCE_PUMP_YIELD=off (set SDL_HINT_DOSKUTSU_AUDIO_RING_CHUNKS=4|8|16 to override; default 16 matches wave 13.6 behaviour)
[15:30:46] [info] MidiScheduler: MIDI source = 'orgmid2' (native-GM org2mid set; resolves to data/orgmid2/<name>.mid).
[15:30:46] [info] opl2 backend probing for OPL chip (Adlib timer-1 sequence on 0x388)...
[15:30:46] [info] opl2 backend: opl3bank.dat loaded 128 programs from 'data/opl3bank.dat' (1536 bytes). OPL2 ignores the SBI panning nibble; programs >= 128 fall back to the 8-patch family bucket; drum channel uses PATCH_DRUM.
[15:30:46] [info] opl2 backend ready (OPL2 detected; 9-voice single-bank allocator armed; bank=runtime opl3bank.dat ACTIVE; clock = PIT/IRQ-0 OPL music pump, NOT SB IRQ-5; MUSIC ONLY -- no PCM SFX on a DAC-less AdLib card).
[15:30:46] [info] Sound system: MidiScheduler armed with MidiBackendOpl2 (Campaign 2 AdLib -- native OPL2 FM, 9-voice single bank). Music dispatch routes via SMF parser + OPL2 voice allocator; the clock is the PIT/IRQ-0 OPL pump (SDL/0110), NOT the SB IRQ-5. MUSIC ONLY -- no Pixtone PCM SFX on a DAC-less card.
[15:30:46] [info] Sound system: idle-pause skipped (backend=adlib does not qualify; only opl3 supports idle-pause per patch 0115; default OFF since patch 0119 regardless of backend).
[15:30:46] [warn] Music dir Ogg/ doesn't exist
[15:30:46] [warn] Music dir Ogg11/ doesn't exist
[15:30:46] [warn] Music dir Ogg17/ doesn't exist
[15:30:46] [warn] Music dir Ogg_ridic/ doesn't exist
[15:30:46] [info] Sound system: AdLib path -- skipping Pixtone/SFX/Organya/mixer init (no SDL audio device; MUSIC ONLY -- a DAC-less AdLib card has no PCM SFX). No MIX_CreateTrack / SFX-render attempts; runtime SFX calls no-op.
[15:30:46] [info] adlib: music pump STARTED at 120 Hz (PIT ch0 / IRQ-0 drives MidiScheduler::tick_isr; BIOS 18.2 Hz tick chained; restored on exit). This is the music clock on a no-SB card.
[15:30:46] [info] menu slide-in fixed-timestep: ENABLED (default; slide advances at 50 Hz logic rate)
[15:30:46] [info] Reading npc.tbl...
[15:30:46] [info] Loading tilekey.dat.
[15:30:47] [info] Script engine init.
[15:30:47] [info] Entering main loop...
[15:30:47] [info] audio mid-gap pump: DISABLED (default)
[15:30:47] [info] TAS fixed-timestep guard: ENABLED (default) (patch 0280; load_stage wall-clock kept out of the FT accumulator so TAS replay advances at a true 50 Hz; set SDL_HINT_DOSKUTSU_TAS_FT_GUARD=0 to disable)
[15:30:47] [info] load_stage ring+DMA silence flush: ENABLED (default) (set SDL_HINT_DOSKUTSU_LOADSTAGE_SILENCE=0 to disable)
[15:30:47] [info] load-band audio-underrun probe: DISABLED (default) (opt-in SDL_HINT_DOSKUTSU_LOADBAND_STAT=1)
[15:30:47] [info]  >> Entering stage 72: 'u'.
[15:30:47] [info] skip sheet flush: ENABLED (default) (SFXPAUSE-012 SHIPPED FIX; sprite sheets stay resident across caves so no per-cave re-decode -> no fire-frame pause; map_flush_graphics tilemap cache still flushes; set SDL_HINT_DOSKUTSU_SKIP_SHEET_FLUSH=0 to restore the old per-cave flush)
[15:30:47] [info] [skip-sheet-flush] cave=1
[15:30:47] [info] eager action sheets: ENABLED (default) (first-fire hitch fix: pre-loads the weapon bullet + hit/muzzle/trail caret sheets at stage load so the first fire/impact does not lazy-decode mid-gameplay; set SDL_HINT_DOSKUTSU_EAGER_ACTION_SHEETS=0 to restore lazy load)
[15:30:47] [info] Surface::loadImage palmap-diag #2: 'data/Bullet.pbm' fmt=SDL_PIXELFORMAT_ABGR8888 remap=HIT -> path=truecolor
[15:30:48] [info] Surface::loadImage palmap-diag #3: 'data/Arms.pbm' fmt=SDL_PIXELFORMAT_ABGR8888 remap=HIT -> path=truecolor
[15:30:48] [info] Surface::loadImage palmap-diag #4: 'data/Caret.pbm' fmt=SDL_PIXELFORMAT_ABGR8888 remap=HIT -> path=truecolor
[15:30:48] [info] Surface::loadImage palmap-diag #5: 'data/Npc/NpcSym.pbm' fmt=SDL_PIXELFORMAT_ABGR8888 remap=HIT -> path=truecolor
[15:30:48] [info] [eager-action-sheets] cave=1 sheets=4 wall_ms=1428
[15:30:49] [info] Surface::loadImage palmap-diag #6: 'data/Stage/PrtWhite.pbm' fmt=SDL_PIXELFORMAT_ABGR8888 remap=HIT -> path=truecolor
[15:30:49] [info] load_stage: entry-music preload ENABLED (default) (set SDL_HINT_DOSKUTSU_PRELOAD_STAGE_MUSIC=0 to disable)
[15:30:49] [info] Surface::loadImage palmap-diag #7: 'data/bk0.pbm' fmt=SDL_PIXELFORMAT_ABGR8888 remap=HIT -> path=truecolor
[15:30:49] [info] gameloop: entered (curmap=72, running=1)
[15:30:49] [info] gameloop: iter 1 ticks=10112 mapno=-1
[15:30:49] [info] fixed-timestep: ENABLED (default; logic 50 Hz, decoupled from render)
[15:30:50] [info] map: BG skip-when-unchanged DISABLED (default) (set SDL_HINT_DOSKUTSU_BG_SKIP_WHEN_UNCHANGED=1 to enable; default OFF since wave-61 -- abandoned, it shipped a backdrop-black flicker and its +0.87 fps was below the noise floor)
[15:30:50] [info] map: skip-redundant-clear lever ENABLED (default since wave-53 promotion)
[15:30:50] [info] perf-mode: level=0 (faithful (default))
[15:30:50] [info] Surface::loadImage palmap-diag #8: 'data/Npc/NpcKings.pbm' fmt=SDL_PIXELFORMAT_ABGR8888 remap=HIT -> path=truecolor
[15:30:50] [info] audio tick-boundary pump: DISABLED (default)
[15:30:50] [info] gameloop: iter 2 ticks=10603 mapno=-1
[15:30:50] [info] gameloop: iter 3 ticks=10661 mapno=-1
[15:30:50] [info] direct-vesa: snapshot @gen=2 use_dosmemput=0 banked_multibank=0 pitches_match=1 vram_w=320 vram_h=240 vram_pitch=320 bpp=1 fb_size=76800 vram_phys=0x78000000 vram_ptr=0x77c00000
[15:30:50] [info] flip-probe: flip #10 ok=true present=-1ms inter_flip_ms=55 drawcalls-since-flip=6 drawcalls-total=43 fail-total=0 null-skips-total=0
[15:30:51] [info] flip-probe: flip #20 ok=true present=-1ms inter_flip_ms=57 drawcalls-since-flip=4 drawcalls-total=92 fail-total=0 null-skips-total=0
[15:30:52] [info] flip-probe: flip #30 ok=true present=8ms inter_flip_ms=103 drawcalls-since-flip=326 drawcalls-total=2707 fail-total=0 null-skips-total=0
[15:30:53] [info] flip-probe: flip #40 ok=true present=-1ms inter_flip_ms=59 drawcalls-since-flip=264 drawcalls-total=5837 fail-total=0 null-skips-total=0
[15:30:53] [info] flip-probe: flip #50 ok=true present=-1ms inter_flip_ms=55 drawcalls-since-flip=67 drawcalls-total=7392 fail-total=0 null-skips-total=0
[15:30:54] [info] flip-probe: flip #60 ok=true present=-1ms inter_flip_ms=56 drawcalls-since-flip=4 drawcalls-total=7502 fail-total=0 null-skips-total=0
[15:30:54] [info] flip-probe: flip #70 ok=true present=0ms inter_flip_ms=54 drawcalls-since-flip=6 drawcalls-total=7557 fail-total=0 null-skips-total=0
[15:30:55] [info] flip-probe: flip #80 ok=true present=0ms inter_flip_ms=56 drawcalls-since-flip=0 drawcalls-total=7586 fail-total=0 null-skips-total=0
[15:30:55] [info] flip-probe: flip #90 ok=true present=-1ms inter_flip_ms=56 drawcalls-since-flip=0 drawcalls-total=7586 fail-total=0 null-skips-total=0
[15:30:56] [info] title: eager-title-IO phase tag ENABLED (default) (set SDL_HINT_DOSKUTSU_EAGER_TITLE_IO=0 to disable)
[15:30:57] [warn] MidiScheduler::_refresh_isr_buffer: track has 27749 events; ISR buffer is 16384 (truncated; events after 16384 will not dispatch under L2b ON -- the engine-thread tick() path still uses _events directly under L2b OFF)
[15:30:57] [info] MidiScheduler::load: parsed 'data/orgmid2/curly.mid' = 27749 events at 48 PPQ
[15:30:57] [info] opl2 backend: on_song_start
[15:30:57] [info] gameloop: entered (curmap=1005, running=1)
[15:30:57] [info] gameloop: iter 1 ticks=17691 mapno=-1
[15:30:57] [info] map: backdrop cache ENABLED (default) (set SDL_HINT_DOSKUTSU_BACKDROP_CACHE=0 to disable)
[15:30:58] [info] gameloop: iter 2 ticks=18677 mapno=-1
[15:30:58] [info] gameloop: iter 3 ticks=18734 mapno=-1
[15:30:58] [info] backdrop cache: thrashing-detect engaged (streak=4, route=direct)
[15:30:58] [info] flip-probe: flip #100 ok=true present=0ms inter_flip_ms=52 drawcalls-since-flip=75 drawcalls-total=7886 fail-total=0 null-skips-total=0
[15:30:58] [info] alpha audit block 0: 7798 total drawcalls, 0 with alpha<255 (block pct_x10=0; global 0/7798 pct_x10=0); alpha-mod skipped: block=0 global=0
[15:30:58] [info] fastpath audit block 0: taken=7798 (idx8=7798) skipped=0 pct_x10=1000; global taken=7798 (idx8=7798) skipped=0 pct_x10=1000
[15:30:58] [info] primitive tally block 0: clear=220(hr=220) fill=0(hr=0) rect=0(hr=0) line=0(hr=0) tint=0 spotlight=0 (over 100 flips ending at flip 100)
[15:30:58] [info] color/alpha audit block 0: cmod_white=104 cmod_black=0 (idx=0) cmod_general=84 (idx=84) cmod_fb=0; alpha_taken=0 alpha_skipped=0 (global cmod=104/0/84/0 idx=0/84 alpha=0/0)
[15:30:58] [info] phase timing block 0: drawcalls=8209 dc_total_ms=1389 flip_inner_total_ms=427 inter_flip_total_ms=12964 (per-flip avg x10: dc_ms=138 fi_ms=42 if_ms=1296 derived audio+engine_ms=1116; per-drawcall avg us_x10=1693) [direct-vesa: presents=97 total_ms=61 avg_ms_x10=6 failed=0] [ablation: NO_DC_TIMING=0 CACHE_WINSURF=0 DIRECT_VESA=1]
[15:30:58] [info] kbd/audio block 0: kbd_irq=0 kbd_drain=0 ring_chunks=16 pump_pass=99 pic1_mask=0xb8 first_irq_ticks=0 install_ticks=0 vector_at_install=0x0084a080 pic1_mask_live=0xb8 kbd_8042_stat=0x34 bios_kbd_head=0x0026 bios_kbd_tail=0x0026 bios_kbd_buf0=0x3920
[15:30:58] [info] audio/engine split block 0: audio_mixer_calls=0 audio_mixer_ms_x10=0 engine_tick_calls=99 engine_tick_ms_x10=482 audio_service_calls=0 audio_service_ms_x10=0 (per-flip avg; per-call us_x10: audio_mix=0 engine_tick=487852 audio_service=0; global ns: audio_mix=0 engine_tick=4829737335 audio_service=0)
[15:30:58] [info] pixtone multi-source probe: DISABLED (default)
[15:30:58] [info] dirty-rect block @flip=100: total_calls=0 dirty_rects_avg=0 dirty_pct_x10=990 forced_full=0 first_n_force=3 threshold_exceeded=2 dirty_path_taken=0 full_flush_taken=3
[15:30:58] [info] prev-frame-diff block @flip=100: diff_calls=0 diff_rects_avg=0 diff_dirty_pct_x10=0 bbox_pct_x10=0 bbox_thresh_exceeded=0
[15:30:59] [info] flip-probe: flip #110 ok=true present=0ms inter_flip_ms=50 drawcalls-since-flip=75 drawcalls-total=8636 fail-total=0 null-skips-total=0
[15:30:59] [info] flip-probe: flip #120 ok=true present=-1ms inter_flip_ms=57 drawcalls-since-flip=75 drawcalls-total=9386 fail-total=0 null-skips-total=0
[15:31:00] [info] flip-probe: flip #130 ok=true present=-1ms inter_flip_ms=53 drawcalls-since-flip=0 drawcalls-total=9986 fail-total=0 null-skips-total=0
[15:31:00] [info] Loading profile from profile.dat
[15:31:00] [error] profile_load: unable to open 'profile.dat'
[15:31:00] [info] Loading profile from profile2.dat
[15:31:00] [error] profile_load: unable to open 'profile2.dat'
[15:31:00] [info] Loading profile from profile3.dat
[15:31:00] [info] Loading profile from profile4.dat
[15:31:00] [error] profile_load: unable to open 'profile4.dat'
[15:31:00] [info] Loading profile from profile5.dat
[15:31:01] [info] flip-probe: flip #140 ok=true present=0ms inter_flip_ms=55 drawcalls-since-flip=214 drawcalls-total=10842 fail-total=0 null-skips-total=0
[15:31:01] [info] flip-probe: flip #150 ok=true present=0ms inter_flip_ms=57 drawcalls-since-flip=214 drawcalls-total=12982 fail-total=0 null-skips-total=0
[15:31:02] [info] Writing settings...
[15:31:02] [info] flip-probe: flip #160 ok=true present=0ms inter_flip_ms=57 drawcalls-since-flip=0 drawcalls-total=13846 fail-total=0 null-skips-total=0
[15:31:02] [info] flip-probe: flip #170 ok=true present=-1ms inter_flip_ms=56 drawcalls-since-flip=0 drawcalls-total=13846 fail-total=0 null-skips-total=0
[15:31:03] [info] opl2 backend: on_song_stop
[15:31:03] [info] Loading profile from profile5.dat
[15:31:03] [info]  >> Entering stage 20: 'Save Point'.
[15:31:03] [info] [skip-sheet-flush] cave=2
[15:31:04] [info] MidiScheduler::load: parsed 'data/orgmid2/mura.mid' = 7123 events at 48 PPQ
[15:31:04] [info] opl2 backend: on_song_start
[15:31:04] [info] gameloop: entered (curmap=20, running=1)
[15:31:04] [info] gameloop: iter 1 ticks=24665 mapno=-1
[15:31:04] [info] TAS stall discount: ENABLED (default) (patch 0286; a replay frame over 150 ms is a load, not slow rendering, so it contributes 1 tick instead of its wall-clock; set SDL_HINT_DOSKUTSU_TAS_STALL_DISCOUNT=0 to disable)
[15:31:04] [info] TAS accumulator clamp: DISABLED (default) (patch 0281; caps the FT accumulator delta at one tick during TAS so a stalled frame cannot race the replay index; set SDL_HINT_DOSKUTSU_TAS_FT_GUARD=0 to disable)
[15:31:04] [info] gameloop: iter 2 ticks=24722 mapno=-1
[15:31:04] [info] gameloop: iter 3 ticks=24778 mapno=-1
[15:31:04] [info] flip-probe: flip #180 ok=true present=-1ms inter_flip_ms=52 drawcalls-since-flip=17 drawcalls-total=13971 fail-total=0 null-skips-total=0
[15:31:05] [info] flip-probe: flip #190 ok=true present=54ms inter_flip_ms=1 drawcalls-since-flip=17 drawcalls-total=14141 fail-total=0 null-skips-total=0
[15:31:05] [info] flip-probe: flip #200 ok=true present=0ms inter_flip_ms=56 drawcalls-since-flip=17 drawcalls-total=14311 fail-total=0 null-skips-total=0
[15:31:05] [info] alpha audit block 0: 5788 total drawcalls, 0 with alpha<255 (block pct_x10=0; global 0/13586 pct_x10=0); alpha-mod skipped: block=0 global=0
[15:31:05] [info] fastpath audit block 0: taken=5788 (idx8=5788) skipped=0 pct_x10=1000; global taken=13586 (idx8=13586) skipped=0 pct_x10=1000
[15:31:05] [info] primitive tally block 0: clear=201(hr=201) fill=0(hr=0) rect=0(hr=0) line=0(hr=0) tint=0 spotlight=0 (over 100 flips ending at flip 200)
[15:31:05] [info] color/alpha audit block 0: cmod_white=1438 cmod_black=0 (idx=0) cmod_general=609 (idx=609) cmod_fb=0; alpha_taken=0 alpha_skipped=0 (global cmod=1542/0/693/0 idx=0/693 alpha=0/0)
[15:31:05] [info] phase timing block 0: drawcalls=8036 dc_total_ms=1059 flip_inner_total_ms=355 inter_flip_total_ms=6813 (per-flip avg x10: dc_ms=105 fi_ms=35 if_ms=681 derived audio+engine_ms=541; per-drawcall avg us_x10=1318) [direct-vesa: presents=100 total_ms=189 avg_ms_x10=18 failed=0] [ablation: NO_DC_TIMING=0 CACHE_WINSURF=0 DIRECT_VESA=1]
[15:31:05] [info] kbd/audio block 0: kbd_irq=0 kbd_drain=0 ring_chunks=16 pump_pass=222 pic1_mask=0xb8 first_irq_ticks=0 install_ticks=0 vector_at_install=0x0084a080 pic1_mask_live=0xb8 kbd_8042_stat=0x34 bios_kbd_head=0x0026 bios_kbd_tail=0x0026 bios_kbd_buf0=0x3920
[15:31:05] [info] audio/engine split block 0: audio_mixer_calls=0 audio_mixer_ms_x10=0 engine_tick_calls=76 engine_tick_ms_x10=131 audio_service_calls=0 audio_service_ms_x10=0 (per-flip avg; per-call us_x10: audio_mix=0 engine_tick=173676 audio_service=0; global ns: audio_mix=0 engine_tick=6149682357 audio_service=0)
[15:31:05] [info] dirty-rect block @flip=200: total_calls=0 dirty_rects_avg=1 dirty_pct_x10=1000 forced_full=0 first_n_force=0 threshold_exceeded=0 dirty_path_taken=0 full_flush_taken=0
[15:31:05] [info] prev-frame-diff block @flip=200: diff_calls=0 diff_rects_avg=0 diff_dirty_pct_x10=0 bbox_pct_x10=0 bbox_thresh_exceeded=0
[15:31:06] [info] flip-probe: flip #210 ok=true present=0ms inter_flip_ms=60 drawcalls-since-flip=17 drawcalls-total=14481 fail-total=0 null-skips-total=0
[15:31:06] [info] flip-probe: flip #220 ok=true present=0ms inter_flip_ms=54 drawcalls-since-flip=150 drawcalls-total=14833 fail-total=0 null-skips-total=0
[15:31:07] [info]  >> Entering stage 11: 'Mimiga Village'.
[15:31:07] [info] [skip-sheet-flush] cave=3
[15:31:07] [info] [load-stage] preloading entry music song=9 (cave=3)
[15:31:07] [info] gameloop: entered (curmap=11, running=1)
[15:31:07] [info] gameloop: iter 1 ticks=27908 mapno=-1
[15:31:07] [info] map: mds_clear LUT ENABLED (default) (set SDL_HINT_DOSKUTSU_MDS_CLEAR_LUT=0 to disable; default ON; patch 0144 wave-49 bandwidth lever)
[15:31:07] [info] mds-clear-lut: rebuilt N=240 entries (k_skip=0% k_keep=100%; curmap=11 map_size=60x60; rebuild #1 since boot)
[15:31:07] [info] backdrop thrash full-cover ENABLED (default) (set SDL_HINT_DOSKUTSU_THRASH_FULLCOVER=0 to disable)
[15:31:07] [info] [bd-diag] backdrop render-path diag disabled (default) (set SDL_HINT_DOSKUTSU_BACKDROP_DIAG=1 to enable)
[15:31:07] [info] gameloop: iter 2 ticks=28070 mapno=-1
[15:31:07] [info] tas: stall frame 164 ms -> contributing 1 tick (patch 0286)
[15:31:08] [info] gameloop: iter 3 ticks=28183 mapno=-1
[15:31:08] [info] flip-probe: flip #230 ok=true present=-1ms inter_flip_ms=110 drawcalls-since-flip=384 drawcalls-total=17967 fail-total=0 null-skips-total=0
[15:31:08] [info] backdrop cache: thrashing-detect engaged (streak=4, route=direct)
[15:31:08] [info] flip-probe: flip #240 ok=true present=7ms inter_flip_ms=49 drawcalls-since-flip=43 drawcalls-total=19362 fail-total=0 null-skips-total=0
[15:31:09] [info] tas: stall frame 272 ms -> contributing 1 tick (patch 0286)
[15:31:09] [info] flip-probe: flip #250 ok=true present=0ms inter_flip_ms=52 drawcalls-since-flip=47 drawcalls-total=19809 fail-total=0 null-skips-total=0
[15:31:10] [info] flip-probe: flip #260 ok=true present=-1ms inter_flip_ms=52 drawcalls-since-flip=43 drawcalls-total=20250 fail-total=0 null-skips-total=0
[15:31:10] [info] flip-probe: flip #270 ok=true present=0ms inter_flip_ms=56 drawcalls-since-flip=43 drawcalls-total=20680 fail-total=0 null-skips-total=0
[15:31:11] [info] flip-probe: flip #280 ok=true present=-1ms inter_flip_ms=52 drawcalls-since-flip=43 drawcalls-total=21110 fail-total=0 null-skips-total=0
[15:31:12] [info] flip-probe: flip #290 ok=true present=-1ms inter_flip_ms=57 drawcalls-since-flip=43 drawcalls-total=21540 fail-total=0 null-skips-total=0
[15:31:12] [info] backdrop cache: thrashing-detect engaged (streak=64, route=direct)
[15:31:12] [info] flip-probe: flip #300 ok=true present=0ms inter_flip_ms=59 drawcalls-since-flip=43 drawcalls-total=21970 fail-total=0 null-skips-total=0
[15:31:12] [info] alpha audit block 0: 6637 total drawcalls, 0 with alpha<255 (block pct_x10=0; global 0/20223 pct_x10=0); alpha-mod skipped: block=0 global=0
[15:31:12] [info] fastpath audit block 0: taken=6637 (idx8=6637) skipped=0 pct_x10=1000; global taken=20223 (idx8=20223) skipped=0 pct_x10=1000
[15:31:12] [info] primitive tally block 0: clear=201(hr=201) fill=0(hr=0) rect=0(hr=0) line=0(hr=0) tint=0 spotlight=0 (over 100 flips ending at flip 300)
[15:31:12] [info] color/alpha audit block 0: cmod_white=949 cmod_black=949 (idx=949) cmod_general=0 (idx=0) cmod_fb=0; alpha_taken=0 alpha_skipped=0 (global cmod=2491/949/693/0 idx=949/693 alpha=0/0)
[15:31:12] [info] phase timing block 0: drawcalls=8742 dc_total_ms=1546 flip_inner_total_ms=622 inter_flip_total_ms=7252 (per-flip avg x10: dc_ms=154 fi_ms=62 if_ms=725 derived audio+engine_ms=509; per-drawcall avg us_x10=1769) [direct-vesa: presents=100 total_ms=323 avg_ms_x10=32 failed=0] [ablation: NO_DC_TIMING=0 CACHE_WINSURF=0 DIRECT_VESA=1]
[15:31:12] [info] kbd/audio block 0: kbd_irq=0 kbd_drain=0 ring_chunks=16 pump_pass=523 pic1_mask=0xb8 first_irq_ticks=0 install_ticks=0 vector_at_install=0x0084a080 pic1_mask_live=0xb8 kbd_8042_stat=0x34 bios_kbd_head=0x0026 bios_kbd_tail=0x0026 bios_kbd_buf0=0x3920
[15:31:12] [info] [tile-speedup-stat n=100 drawtile_us=26.32 raw_blit_us=26.55 ratio=0.99]
[15:31:12] [info] dirty-rect block @flip=300: total_calls=100 dirty_rects_avg=1 dirty_pct_x10=1000 forced_full=0 first_n_force=0 threshold_exceeded=0 dirty_path_taken=0 full_flush_taken=0
[15:31:12] [info] prev-frame-diff block @flip=300: diff_calls=0 diff_rects_avg=0 diff_dirty_pct_x10=0 bbox_pct_x10=0 bbox_thresh_exceeded=0
[15:31:12] [info] tas: stall frame 169 ms -> contributing 1 tick (patch 0286)
[15:31:13] [info] flip-probe: flip #310 ok=true present=55ms inter_flip_ms=50 drawcalls-since-flip=45 drawcalls-total=22504 fail-total=0 null-skips-total=0
[15:31:14] [info] flip-probe: flip #320 ok=true present=-1ms inter_flip_ms=114 drawcalls-since-flip=43 drawcalls-total=22949 fail-total=0 null-skips-total=0
[15:31:14] [info] flip-probe: flip #330 ok=true present=-1ms inter_flip_ms=56 drawcalls-since-flip=45 drawcalls-total=23382 fail-total=0 null-skips-total=0
[15:31:15] [info] flip-probe: flip #340 ok=true present=7ms inter_flip_ms=48 drawcalls-since-flip=41 drawcalls-total=23802 fail-total=0 null-skips-total=0
[15:31:15] [info] flip-probe: flip #350 ok=true present=-1ms inter_flip_ms=55 drawcalls-since-flip=18 drawcalls-total=24159 fail-total=0 null-skips-total=0
[15:31:16] [info] backdrop cache: thrashing-detect engaged (streak=124, route=direct)
[15:31:16] [info] flip-probe: flip #360 ok=true present=0ms inter_flip_ms=56 drawcalls-since-flip=15 drawcalls-total=24314 fail-total=0 null-skips-total=0
[15:31:17] [info] flip-probe: flip #370 ok=true present=-1ms inter_flip_ms=113 drawcalls-since-flip=184 drawcalls-total=24757 fail-total=0 null-skips-total=0
[15:31:17] [info]  >> Entering stage 17: 'Yamashita Farm'.
[15:31:17] [info] [skip-sheet-flush] cave=4
[15:31:18] [info] [load-stage] preloading entry music song=13 (cave=4)
[15:31:18] [info] opl2 backend: on_song_stop
[15:31:18] [info] MidiScheduler::load: parsed 'data/orgmid2/plant.mid' = 6246 events at 48 PPQ
[15:31:18] [info] opl2 backend: on_song_start
[15:31:18] [info] gameloop: entered (curmap=17, running=1)
[15:31:18] [info] gameloop: iter 1 ticks=38615 mapno=-1
[15:31:18] [info] mds-clear-lut: rebuilt N=240 entries (k_skip=33% k_keep=67%; curmap=17 map_size=40x16; rebuild #2 since boot)
[15:31:18] [info] gameloop: iter 2 ticks=38891 mapno=-1
[15:31:18] [info] tas: stall frame 279 ms -> contributing 1 tick (patch 0286)
[15:31:18] [info] gameloop: iter 3 ticks=39001 mapno=-1
[15:31:19] [info] flip-probe: flip #380 ok=true present=-1ms inter_flip_ms=107 drawcalls-since-flip=412 drawcalls-total=27924 fail-total=0 null-skips-total=0
[15:31:19] [info] tas: stall frame 168 ms -> contributing 1 tick (patch 0286)
[15:31:19] [info] flip-probe: flip #390 ok=true present=-1ms inter_flip_ms=109 drawcalls-since-flip=142 drawcalls-total=29908 fail-total=0 null-skips-total=0
[15:31:20] [info] flip-probe: flip #400 ok=true present=-1ms inter_flip_ms=113 drawcalls-since-flip=149 drawcalls-total=31371 fail-total=0 null-skips-total=0
[15:31:20] [info] alpha audit block 0: 8378 total drawcalls, 0 with alpha<255 (block pct_x10=0; global 0/28601 pct_x10=0); alpha-mod skipped: block=0 global=0
[15:31:20] [info] fastpath audit block 0: taken=8378 (idx8=8378) skipped=0 pct_x10=1000; global taken=28601 (idx8=28601) skipped=0 pct_x10=1000
[15:31:20] [info] primitive tally block 0: clear=201(hr=201) fill=0(hr=0) rect=0(hr=0) line=0(hr=0) tint=0 spotlight=0 (over 100 flips ending at flip 400)
[15:31:20] [info] color/alpha audit block 0: cmod_white=923 cmod_black=923 (idx=923) cmod_general=0 (idx=0) cmod_fb=0; alpha_taken=0 alpha_skipped=0 (global cmod=3414/1872/693/0 idx=1872/693 alpha=0/0)
[15:31:20] [info] phase timing block 0: drawcalls=10449 dc_total_ms=1336 flip_inner_total_ms=230 inter_flip_total_ms=8128 (per-flip avg x10: dc_ms=133 fi_ms=23 if_ms=812 derived audio+engine_ms=656; per-drawcall avg us_x10=1279) [direct-vesa: presents=100 total_ms=183 avg_ms_x10=18 failed=0] [ablation: NO_DC_TIMING=0 CACHE_WINSURF=0 DIRECT_VESA=1]
[15:31:20] [info] kbd/audio block 0: kbd_irq=0 kbd_drain=0 ring_chunks=16 pump_pass=852 pic1_mask=0xb8 first_irq_ticks=0 install_ticks=0 vector_at_install=0x0084a080 pic1_mask_live=0xb8 kbd_8042_stat=0x34 bios_kbd_head=0x0026 bios_kbd_tail=0x0026 bios_kbd_buf0=0x3920
[15:31:20] [info] dirty-rect block @flip=400: total_calls=0 dirty_rects_avg=1 dirty_pct_x10=1000 forced_full=0 first_n_force=0 threshold_exceeded=0 dirty_path_taken=0 full_flush_taken=0
[15:31:20] [info] prev-frame-diff block @flip=400: diff_calls=0 diff_rects_avg=0 diff_dirty_pct_x10=0 bbox_pct_x10=0 bbox_thresh_exceeded=0
[15:31:20] [info] tas: stall frame 169 ms -> contributing 1 tick (patch 0286)
[15:31:21] [info] backdrop cache: thrashing-detect engaged (streak=4, route=direct)
[15:31:21] [info] flip-probe: flip #410 ok=true present=7ms inter_flip_ms=106 drawcalls-since-flip=143 drawcalls-total=32808 fail-total=0 null-skips-total=0
[15:31:22] [info] flip-probe: flip #420 ok=true present=-1ms inter_flip_ms=114 drawcalls-since-flip=141 drawcalls-total=34209 fail-total=0 null-skips-total=0
[15:31:23] [info] flip-probe: flip #430 ok=true present=55ms inter_flip_ms=55 drawcalls-since-flip=139 drawcalls-total=35613 fail-total=0 null-skips-total=0
[15:31:24] [info] flip-probe: flip #440 ok=true present=0ms inter_flip_ms=56 drawcalls-since-flip=128 drawcalls-total=36961 fail-total=0 null-skips-total=0
[15:31:25] [info] flip-probe: flip #450 ok=true present=-1ms inter_flip_ms=57 drawcalls-since-flip=128 drawcalls-total=38240 fail-total=0 null-skips-total=0
[15:31:26] [info] flip-probe: flip #460 ok=true present=0ms inter_flip_ms=106 drawcalls-since-flip=118 drawcalls-total=39526 fail-total=0 null-skips-total=0
[15:31:26] [info] backdrop cache: thrashing-detect engaged (streak=64, route=direct)
[15:31:27] [info] flip-probe: flip #470 ok=true present=0ms inter_flip_ms=50 drawcalls-since-flip=139 drawcalls-total=40868 fail-total=0 null-skips-total=0
[15:31:28] [info] run_tick_fixed #1200: heartbeat (loop alive)
[15:31:28] [info] tas: stall frame 329 ms -> contributing 1 tick (patch 0286)
[15:31:28] [info] flip-probe: flip #480 ok=true present=-1ms inter_flip_ms=106 drawcalls-since-flip=134 drawcalls-total=42231 fail-total=0 null-skips-total=0
[15:31:29] [info] flip-probe: flip #490 ok=true present=0ms inter_flip_ms=53 drawcalls-since-flip=133 drawcalls-total=43551 fail-total=0 null-skips-total=0
[15:31:30] [info] flip-probe: flip #500 ok=true present=8ms inter_flip_ms=52 drawcalls-since-flip=106 drawcalls-total=44779 fail-total=0 null-skips-total=0
[15:31:30] [info] alpha audit block 0: 12060 total drawcalls, 0 with alpha<255 (block pct_x10=0; global 0/40661 pct_x10=0); alpha-mod skipped: block=0 global=0
[15:31:30] [info] fastpath audit block 0: taken=12060 (idx8=12060) skipped=0 pct_x10=1000; global taken=40661 (idx8=40661) skipped=0 pct_x10=1000
[15:31:30] [info] primitive tally block 0: clear=200(hr=200) fill=0(hr=0) rect=0(hr=0) line=0(hr=0) tint=0 spotlight=0 (over 100 flips ending at flip 500)
[15:31:30] [info] color/alpha audit block 0: cmod_white=1248 cmod_black=1248 (idx=1248) cmod_general=0 (idx=0) cmod_fb=0; alpha_taken=0 alpha_skipped=0 (global cmod=4662/3120/693/0 idx=3120/693 alpha=0/0)
[15:31:30] [info] phase timing block 0: drawcalls=14758 dc_total_ms=1741 flip_inner_total_ms=612 inter_flip_total_ms=9167 (per-flip avg x10: dc_ms=174 fi_ms=61 if_ms=916 derived audio+engine_ms=681; per-drawcall avg us_x10=1180) [direct-vesa: presents=100 total_ms=462 avg_ms_x10=46 failed=0] [ablation: NO_DC_TIMING=0 CACHE_WINSURF=0 DIRECT_VESA=1]
[15:31:30] [info] kbd/audio block 0: kbd_irq=0 kbd_drain=0 ring_chunks=16 pump_pass=1291 pic1_mask=0xb8 first_irq_ticks=0 install_ticks=0 vector_at_install=0x0084a080 pic1_mask_live=0xb8 kbd_8042_stat=0x34 bios_kbd_head=0x0026 bios_kbd_tail=0x0026 bios_kbd_buf0=0x3920
[15:31:30] [info] dirty-rect block @flip=500: total_calls=0 dirty_rects_avg=1 dirty_pct_x10=1000 forced_full=0 first_n_force=0 threshold_exceeded=0 dirty_path_taken=0 full_flush_taken=0
[15:31:30] [info] prev-frame-diff block @flip=500: diff_calls=0 diff_rects_avg=0 diff_dirty_pct_x10=0 bbox_pct_x10=0 bbox_thresh_exceeded=0
[15:31:30] [info] tas: stall frame 162 ms -> contributing 1 tick (patch 0286)
[15:31:31] [info] flip-probe: flip #510 ok=true present=0ms inter_flip_ms=109 drawcalls-since-flip=116 drawcalls-total=45911 fail-total=0 null-skips-total=0
[15:31:31] [info] flip-probe: flip #520 ok=true present=54ms inter_flip_ms=52 drawcalls-since-flip=123 drawcalls-total=47076 fail-total=0 null-skips-total=0
[15:31:32] [info] flip-probe: flip #530 ok=true present=8ms inter_flip_ms=47 drawcalls-since-flip=116 drawcalls-total=48243 fail-total=0 null-skips-total=0
[15:31:33] [info] flip-probe: flip #540 ok=true present=0ms inter_flip_ms=60 drawcalls-since-flip=114 drawcalls-total=49436 fail-total=0 null-skips-total=0
[15:31:34] [info] flip-probe: flip #550 ok=true present=0ms inter_flip_ms=109 drawcalls-since-flip=301 drawcalls-total=50899 fail-total=0 null-skips-total=0
[15:31:34] [info]  >> Entering stage 11: 'Mimiga Village'.
[15:31:34] [info] [skip-sheet-flush] cave=5
[15:31:35] [info] [load-stage] preloading entry music song=9 (cave=5)
[15:31:35] [info] opl2 backend: on_song_stop
[15:31:35] [info] MidiScheduler::load: parsed 'data/orgmid2/mura.mid' = 7123 events at 48 PPQ
[15:31:35] [info] opl2 backend: on_song_start
[15:31:35] [info] gameloop: entered (curmap=11, running=1)
[15:31:35] [info] gameloop: iter 1 ticks=56079 mapno=-1
[15:31:35] [info] mds-clear-lut: rebuilt N=240 entries (k_skip=0% k_keep=100%; curmap=11 map_size=60x60; rebuild #3 since boot)
[15:31:36] [info] gameloop: iter 2 ticks=56190 mapno=-1
[15:31:36] [info] gameloop: iter 3 ticks=56304 mapno=-1
[15:31:36] [info] flip-probe: flip #560 ok=true present=-1ms inter_flip_ms=107 drawcalls-since-flip=225 drawcalls-total=54159 fail-total=0 null-skips-total=0
[15:31:36] [info] backdrop cache: thrashing-detect engaged (streak=4, route=direct)
[15:31:37] [info] flip-probe: flip #570 ok=true present=-1ms inter_flip_ms=54 drawcalls-since-flip=41 drawcalls-total=54712 fail-total=0 null-skips-total=0
[15:31:37] [info] flip-probe: flip #580 ok=true present=-1ms inter_flip_ms=50 drawcalls-since-flip=41 drawcalls-total=55122 fail-total=0 null-skips-total=0
[15:31:38] [info] flip-probe: flip #590 ok=true present=-1ms inter_flip_ms=51 drawcalls-since-flip=41 drawcalls-total=55532 fail-total=0 null-skips-total=0
[15:31:38] [info] flip-probe: flip #600 ok=true present=0ms inter_flip_ms=56 drawcalls-since-flip=42 drawcalls-total=55946 fail-total=0 null-skips-total=0
[15:31:38] [info] alpha audit block 0: 10482 total drawcalls, 0 with alpha<255 (block pct_x10=0; global 0/51143 pct_x10=0); alpha-mod skipped: block=0 global=0
[15:31:38] [info] fastpath audit block 0: taken=10482 (idx8=10482) skipped=0 pct_x10=1000; global taken=51143 (idx8=51143) skipped=0 pct_x10=1000
[15:31:38] [info] primitive tally block 0: clear=201(hr=201) fill=0(hr=0) rect=0(hr=0) line=0(hr=0) tint=0 spotlight=0 (over 100 flips ending at flip 600)
[15:31:38] [info] color/alpha audit block 0: cmod_white=585 cmod_black=585 (idx=585) cmod_general=0 (idx=0) cmod_fb=0; alpha_taken=0 alpha_skipped=0 (global cmod=5247/3705/693/0 idx=3705/693 alpha=0/0)
[15:31:38] [info] phase timing block 0: drawcalls=11895 dc_total_ms=1642 flip_inner_total_ms=584 inter_flip_total_ms=8850 (per-flip avg x10: dc_ms=164 fi_ms=58 if_ms=885 derived audio+engine_ms=663; per-drawcall avg us_x10=1380) [direct-vesa: presents=100 total_ms=453 avg_ms_x10=45 failed=0] [ablation: NO_DC_TIMING=0 CACHE_WINSURF=0 DIRECT_VESA=1]
[15:31:38] [info] kbd/audio block 0: kbd_irq=0 kbd_drain=0 ring_chunks=16 pump_pass=1672 pic1_mask=0xb8 first_irq_ticks=0 install_ticks=0 vector_at_install=0x0084a080 pic1_mask_live=0xb8 kbd_8042_stat=0x34 bios_kbd_head=0x0026 bios_kbd_tail=0x0026 bios_kbd_buf0=0x3920
[15:31:38] [info] dirty-rect block @flip=600: total_calls=0 dirty_rects_avg=1 dirty_pct_x10=1000 forced_full=0 first_n_force=0 threshold_exceeded=0 dirty_path_taken=0 full_flush_taken=0
[15:31:38] [info] prev-frame-diff block @flip=600: diff_calls=0 diff_rects_avg=0 diff_dirty_pct_x10=0 bbox_pct_x10=0 bbox_thresh_exceeded=0
[15:31:39] [info] flip-probe: flip #610 ok=true present=0ms inter_flip_ms=58 drawcalls-since-flip=42 drawcalls-total=56362 fail-total=0 null-skips-total=0
[15:31:40] [info] flip-probe: flip #620 ok=true present=0ms inter_flip_ms=55 drawcalls-since-flip=42 drawcalls-total=56786 fail-total=0 null-skips-total=0
[15:31:40] [info] backdrop cache: thrashing-detect engaged (streak=64, route=direct)
[15:31:40] [info] flip-probe: flip #630 ok=true present=55ms inter_flip_ms=50 drawcalls-since-flip=42 drawcalls-total=57206 fail-total=0 null-skips-total=0
[15:31:41] [info] flip-probe: flip #640 ok=true present=-1ms inter_flip_ms=53 drawcalls-since-flip=43 drawcalls-total=57632 fail-total=0 null-skips-total=0
[15:31:41] [info] flip-probe: flip #650 ok=true present=-1ms inter_flip_ms=60 drawcalls-since-flip=44 drawcalls-total=58071 fail-total=0 null-skips-total=0
[15:31:42] [info] flip-probe: flip #660 ok=true present=-1ms inter_flip_ms=59 drawcalls-since-flip=43 drawcalls-total=58509 fail-total=0 null-skips-total=0
[15:31:43] [info] flip-probe: flip #670 ok=true present=0ms inter_flip_ms=56 drawcalls-since-flip=43 drawcalls-total=58936 fail-total=0 null-skips-total=0
[15:31:43] [info] flip-probe: flip #680 ok=true present=-1ms inter_flip_ms=54 drawcalls-since-flip=16 drawcalls-total=59230 fail-total=0 null-skips-total=0
[15:31:43] [info] backdrop cache: thrashing-detect engaged (streak=124, route=direct)
[15:31:44] [info] flip-probe: flip #690 ok=true present=8ms inter_flip_ms=53 drawcalls-since-flip=16 drawcalls-total=59390 fail-total=0 null-skips-total=0
[15:31:44] [info] flip-probe: flip #700 ok=true present=0ms inter_flip_ms=56 drawcalls-since-flip=16 drawcalls-total=59550 fail-total=0 null-skips-total=0
[15:31:44] [info] alpha audit block 0: 2529 total drawcalls, 0 with alpha<255 (block pct_x10=0; global 0/53672 pct_x10=0); alpha-mod skipped: block=0 global=0
[15:31:44] [info] fastpath audit block 0: taken=2529 (idx8=2529) skipped=0 pct_x10=1000; global taken=53672 (idx8=53672) skipped=0 pct_x10=1000
[15:31:44] [info] primitive tally block 0: clear=200(hr=200) fill=0(hr=0) rect=0(hr=0) line=0(hr=0) tint=0 spotlight=0 (over 100 flips ending at flip 700)
[15:31:44] [info] color/alpha audit block 0: cmod_white=975 cmod_black=975 (idx=975) cmod_general=0 (idx=0) cmod_fb=0; alpha_taken=0 alpha_skipped=0 (global cmod=6222/4680/693/0 idx=4680/693 alpha=0/0)
[15:31:44] [info] phase timing block 0: drawcalls=4679 dc_total_ms=883 flip_inner_total_ms=319 inter_flip_total_ms=5821 (per-flip avg x10: dc_ms=88 fi_ms=31 if_ms=582 derived audio+engine_ms=463; per-drawcall avg us_x10=1888) [direct-vesa: presents=100 total_ms=221 avg_ms_x10=22 failed=0] [ablation: NO_DC_TIMING=0 CACHE_WINSURF=0 DIRECT_VESA=1]
[15:31:44] [info] kbd/audio block 0: kbd_irq=0 kbd_drain=0 ring_chunks=16 pump_pass=1963 pic1_mask=0xb8 first_irq_ticks=0 install_ticks=0 vector_at_install=0x0084a080 pic1_mask_live=0xb8 kbd_8042_stat=0x34 bios_kbd_head=0x0026 bios_kbd_tail=0x0026 bios_kbd_buf0=0x3920
[15:31:44] [info] dirty-rect block @flip=700: total_calls=0 dirty_rects_avg=1 dirty_pct_x10=1000 forced_full=0 first_n_force=0 threshold_exceeded=0 dirty_path_taken=0 full_flush_taken=0
[15:31:45] [info] prev-frame-diff block @flip=700: diff_calls=0 diff_rects_avg=0 diff_dirty_pct_x10=0 bbox_pct_x10=0 bbox_thresh_exceeded=0
[15:31:45] [info] tas: stall frame 385 ms -> contributing 1 tick (patch 0286)
[15:31:45] [info] flip-probe: flip #710 ok=true present=-1ms inter_flip_ms=60 drawcalls-since-flip=24 drawcalls-total=59767 fail-total=0 null-skips-total=0
[15:31:46] [info] flip-probe: flip #720 ok=true present=-1ms inter_flip_ms=54 drawcalls-since-flip=17 drawcalls-total=59956 fail-total=0 null-skips-total=0
[15:31:46] [info] flip-probe: flip #730 ok=true present=-1ms inter_flip_ms=51 drawcalls-since-flip=125 drawcalls-total=60252 fail-total=0 null-skips-total=0
[15:31:47] [info]  >> Entering stage 15: 'Reservoir'.
[15:31:47] [info] [skip-sheet-flush] cave=6
[15:31:47] [info] [load-stage] preloading entry music song=9 (cave=6)
[15:31:48] [info] gameloop: entered (curmap=15, running=1)
[15:31:48] [info] gameloop: iter 1 ticks=68165 mapno=-1
[15:31:48] [info] mds-clear-lut: rebuilt N=240 entries (k_skip=13% k_keep=87%; curmap=15 map_size=40x20; rebuild #4 since boot)
[15:31:48] [info] gameloop: iter 2 ticks=68278 mapno=-1
[15:31:48] [info] gameloop: iter 3 ticks=68388 mapno=-1
[15:31:48] [info] flip-probe: flip #740 ok=true present=54ms inter_flip_ms=61 drawcalls-since-flip=336 drawcalls-total=62930 fail-total=0 null-skips-total=0
[15:31:48] [info] run_tick_fixed #2100: heartbeat (loop alive)
[15:31:48] [info] flip-probe: flip #750 ok=true present=-1ms inter_flip_ms=51 drawcalls-since-flip=32 drawcalls-total=63840 fail-total=0 null-skips-total=0
[15:31:49] [info] flip-probe: flip #760 ok=true present=0ms inter_flip_ms=56 drawcalls-since-flip=32 drawcalls-total=64160 fail-total=0 null-skips-total=0
[15:31:50] [info] backdrop cache: thrashing-detect engaged (streak=4, route=direct)
[15:31:50] [info] flip-probe: flip #770 ok=true present=0ms inter_flip_ms=110 drawcalls-since-flip=34 drawcalls-total=64486 fail-total=0 null-skips-total=0
[15:31:50] [info] flip-probe: flip #780 ok=true present=-1ms inter_flip_ms=52 drawcalls-since-flip=33 drawcalls-total=64830 fail-total=0 null-skips-total=0
[15:31:51] [info] flip-probe: flip #790 ok=true present=-1ms inter_flip_ms=55 drawcalls-since-flip=32 drawcalls-total=65150 fail-total=0 null-skips-total=0
[15:31:51] [info] flip-probe: flip #800 ok=true present=0ms inter_flip_ms=54 drawcalls-since-flip=32 drawcalls-total=65470 fail-total=0 null-skips-total=0
[15:31:51] [info] alpha audit block 0: 5253 total drawcalls, 0 with alpha<255 (block pct_x10=0; global 0/58925 pct_x10=0); alpha-mod skipped: block=0 global=0
[15:31:51] [info] fastpath audit block 0: taken=5253 (idx8=5253) skipped=0 pct_x10=1000; global taken=58925 (idx8=58925) skipped=0 pct_x10=1000
[15:31:51] [info] primitive tally block 0: clear=201(hr=201) fill=0(hr=0) rect=0(hr=0) line=0(hr=0) tint=0 spotlight=0 (over 100 flips ending at flip 800)
[15:31:51] [info] color/alpha audit block 0: cmod_white=567 cmod_black=567 (idx=567) cmod_general=0 (idx=0) cmod_fb=0; alpha_taken=0 alpha_skipped=0 (global cmod=6789/5247/693/0 idx=5247/693 alpha=0/0)
[15:31:51] [info] phase timing block 0: drawcalls=6620 dc_total_ms=1689 flip_inner_total_ms=765 inter_flip_total_ms=6920 (per-flip avg x10: dc_ms=168 fi_ms=76 if_ms=692 derived audio+engine_ms=448; per-drawcall avg us_x10=2551) [direct-vesa: presents=100 total_ms=493 avg_ms_x10=49 failed=0] [ablation: NO_DC_TIMING=0 CACHE_WINSURF=0 DIRECT_VESA=1]
[15:31:51] [info] kbd/audio block 0: kbd_irq=0 kbd_drain=0 ring_chunks=16 pump_pass=2255 pic1_mask=0xb8 first_irq_ticks=0 install_ticks=0 vector_at_install=0x0084a080 pic1_mask_live=0xb8 kbd_8042_stat=0x34 bios_kbd_head=0x0026 bios_kbd_tail=0x0026 bios_kbd_buf0=0x3920
[15:31:51] [info] dirty-rect block @flip=800: total_calls=0 dirty_rects_avg=1 dirty_pct_x10=1000 forced_full=0 first_n_force=0 threshold_exceeded=0 dirty_path_taken=0 full_flush_taken=0
[15:31:51] [info] prev-frame-diff block @flip=800: diff_calls=0 diff_rects_avg=0 diff_dirty_pct_x10=0 bbox_pct_x10=0 bbox_thresh_exceeded=0
[15:31:51] [info] tas: stall frame 166 ms -> contributing 1 tick (patch 0286)
[15:31:52] [info] tas: stall frame 273 ms -> contributing 1 tick (patch 0286)
[15:31:52] [info] flip-probe: flip #810 ok=true present=8ms inter_flip_ms=51 drawcalls-since-flip=33 drawcalls-total=65795 fail-total=0 null-skips-total=0
[15:31:53] [info] flip-probe: flip #820 ok=true present=0ms inter_flip_ms=52 drawcalls-since-flip=35 drawcalls-total=66130 fail-total=0 null-skips-total=0
[15:31:53] [info] backdrop cache: thrashing-detect engaged (streak=64, route=direct)
[15:31:53] [info] flip-probe: flip #830 ok=true present=0ms inter_flip_ms=54 drawcalls-since-flip=38 drawcalls-total=66500 fail-total=0 null-skips-total=0
[15:31:54] [info] flip-probe: flip #840 ok=true present=0ms inter_flip_ms=57 drawcalls-since-flip=37 drawcalls-total=66879 fail-total=0 null-skips-total=0
[15:31:54] [info] flip-probe: flip #850 ok=true present=-1ms inter_flip_ms=49 drawcalls-since-flip=34 drawcalls-total=67227 fail-total=0 null-skips-total=0
[15:31:54] [info] run_tick_fixed #2400: heartbeat (loop alive)
[15:31:55] [info] flip-probe: flip #860 ok=true present=0ms inter_flip_ms=50 drawcalls-since-flip=15 drawcalls-total=67508 fail-total=0 null-skips-total=0
[15:31:55] [info] flip-probe: flip #870 ok=true present=-1ms inter_flip_ms=55 drawcalls-since-flip=18 drawcalls-total=67668 fail-total=0 null-skips-total=0
[15:31:56] [info] flip-probe: flip #880 ok=true present=-1ms inter_flip_ms=51 drawcalls-since-flip=17 drawcalls-total=67842 fail-total=0 null-skips-total=0
[15:31:56] [info] backdrop cache: thrashing-detect engaged (streak=124, route=direct)
[15:31:56] [info] flip-probe: flip #890 ok=true present=-1ms inter_flip_ms=57 drawcalls-since-flip=14 drawcalls-total=68001 fail-total=0 null-skips-total=0
[15:31:57] [info] flip-probe: flip #900 ok=true present=0ms inter_flip_ms=107 drawcalls-since-flip=15 drawcalls-total=68142 fail-total=0 null-skips-total=0
[15:31:57] [info] alpha audit block 0: 2059 total drawcalls, 0 with alpha<255 (block pct_x10=0; global 0/60984 pct_x10=0); alpha-mod skipped: block=0 global=0
[15:31:57] [info] fastpath audit block 0: taken=2059 (idx8=2059) skipped=0 pct_x10=1000; global taken=60984 (idx8=60984) skipped=0 pct_x10=1000
[15:31:57] [info] primitive tally block 0: clear=200(hr=200) fill=0(hr=0) rect=0(hr=0) line=0(hr=0) tint=0 spotlight=0 (over 100 flips ending at flip 900)
[15:31:57] [info] color/alpha audit block 0: cmod_white=513 cmod_black=513 (idx=513) cmod_general=0 (idx=0) cmod_fb=0; alpha_taken=0 alpha_skipped=0 (global cmod=7302/5760/693/0 idx=5760/693 alpha=0/0)
[15:31:57] [info] phase timing block 0: drawcalls=3285 dc_total_ms=1184 flip_inner_total_ms=405 inter_flip_total_ms=5655 (per-flip avg x10: dc_ms=118 fi_ms=40 if_ms=565 derived audio+engine_ms=407; per-drawcall avg us_x10=3607) [direct-vesa: presents=100 total_ms=322 avg_ms_x10=32 failed=0] [ablation: NO_DC_TIMING=0 CACHE_WINSURF=0 DIRECT_VESA=1]
[15:31:57] [info] kbd/audio block 0: kbd_irq=0 kbd_drain=0 ring_chunks=16 pump_pass=2518 pic1_mask=0xb8 first_irq_ticks=0 install_ticks=0 vector_at_install=0x0084a080 pic1_mask_live=0xb8 kbd_8042_stat=0x34 bios_kbd_head=0x0026 bios_kbd_tail=0x0026 bios_kbd_buf0=0x3920
[15:31:57] [info] dirty-rect block @flip=900: total_calls=0 dirty_rects_avg=1 dirty_pct_x10=1000 forced_full=0 first_n_force=0 threshold_exceeded=0 dirty_path_taken=0 full_flush_taken=0
[15:31:57] [info] prev-frame-diff block @flip=900: diff_calls=0 diff_rects_avg=0 diff_dirty_pct_x10=0 bbox_pct_x10=0 bbox_thresh_exceeded=0
[15:31:57] [info] flip-probe: flip #910 ok=true present=0ms inter_flip_ms=51 drawcalls-since-flip=17 drawcalls-total=68300 fail-total=0 null-skips-total=0
[15:31:58] [info] flip-probe: flip #920 ok=true present=-1ms inter_flip_ms=61 drawcalls-since-flip=14 drawcalls-total=68440 fail-total=0 null-skips-total=0
[15:31:58] [info] backdrop cache: thrashing-detect engaged (streak=4, route=direct)
[15:31:58] [info] flip-probe: flip #930 ok=true present=0ms inter_flip_ms=54 drawcalls-since-flip=14 drawcalls-total=68580 fail-total=0 null-skips-total=0
[15:31:59] [info] flip-probe: flip #940 ok=true present=55ms inter_flip_ms=-1 drawcalls-since-flip=14 drawcalls-total=68720 fail-total=0 null-skips-total=0
[15:32:00] [info] flip-probe: flip #950 ok=true present=7ms inter_flip_ms=53 drawcalls-since-flip=14 drawcalls-total=68860 fail-total=0 null-skips-total=0
[15:32:00] [info] flip-probe: flip #960 ok=true present=-1ms inter_flip_ms=56 drawcalls-since-flip=14 drawcalls-total=69000 fail-total=0 null-skips-total=0
[15:32:00] [info] flip-probe: flip #970 ok=true present=8ms inter_flip_ms=52 drawcalls-since-flip=14 drawcalls-total=69140 fail-total=0 null-skips-total=0
[15:32:01] [info] flip-probe: flip #980 ok=true present=0ms inter_flip_ms=58 drawcalls-since-flip=3 drawcalls-total=71191 fail-total=0 null-skips-total=0
[15:32:01] [info]  >> Entering stage 11: 'Mimiga Village'.
[15:32:01] [info] [skip-sheet-flush] cave=7
[15:32:02] [info] [load-stage] preloading entry music song=9 (cave=7)
[15:32:02] [info] gameloop: entered (curmap=11, running=1)
[15:32:02] [info] gameloop: iter 1 ticks=82607 mapno=-1
[15:32:02] [info] mds-clear-lut: rebuilt N=240 entries (k_skip=0% k_keep=100%; curmap=11 map_size=60x60; rebuild #5 since boot)
[15:32:02] [info] gameloop: iter 2 ticks=82724 mapno=-1
[15:32:02] [info] gameloop: iter 3 ticks=82833 mapno=-1
[15:32:03] [info] flip-probe: flip #990 ok=true present=-1ms inter_flip_ms=53 drawcalls-since-flip=42 drawcalls-total=73158 fail-total=0 null-skips-total=0
[15:32:03] [info] flip-probe: flip #1000 ok=true present=-1ms inter_flip_ms=53 drawcalls-since-flip=42 drawcalls-total=73578 fail-total=0 null-skips-total=0
[15:32:03] [info] alpha audit block 0: 5076 total drawcalls, 0 with alpha<255 (block pct_x10=0; global 0/66060 pct_x10=0); alpha-mod skipped: block=0 global=0
[15:32:03] [info] fastpath audit block 0: taken=5076 (idx8=5076) skipped=0 pct_x10=1000; global taken=66060 (idx8=66060) skipped=0 pct_x10=1000
[15:32:03] [info] primitive tally block 0: clear=201(hr=201) fill=0(hr=0) rect=0(hr=0) line=0(hr=0) tint=0 spotlight=0 (over 100 flips ending at flip 1000)
[15:32:03] [info] color/alpha audit block 0: cmod_white=260 cmod_black=260 (idx=260) cmod_general=0 (idx=0) cmod_fb=0; alpha_taken=0 alpha_skipped=0 (global cmod=7562/6020/693/0 idx=6020/693 alpha=0/0)
[15:32:03] [info] phase timing block 0: drawcalls=5821 dc_total_ms=1432 flip_inner_total_ms=537 inter_flip_total_ms=6591 (per-flip avg x10: dc_ms=143 fi_ms=53 if_ms=659 derived audio+engine_ms=463; per-drawcall avg us_x10=2460) [direct-vesa: presents=100 total_ms=334 avg_ms_x10=33 failed=0] [ablation: NO_DC_TIMING=0 CACHE_WINSURF=0 DIRECT_VESA=1]
[15:32:03] [info] kbd/audio block 0: kbd_irq=0 kbd_drain=0 ring_chunks=16 pump_pass=2807 pic1_mask=0xb8 first_irq_ticks=0 install_ticks=0 vector_at_install=0x0084a080 pic1_mask_live=0xb8 kbd_8042_stat=0x34 bios_kbd_head=0x0026 bios_kbd_tail=0x0026 bios_kbd_buf0=0x3920
[15:32:03] [info] dirty-rect block @flip=1000: total_calls=0 dirty_rects_avg=1 dirty_pct_x10=1000 forced_full=0 first_n_force=0 threshold_exceeded=0 dirty_path_taken=0 full_flush_taken=0
[15:32:03] [info] prev-frame-diff block @flip=1000: diff_calls=0 diff_rects_avg=0 diff_dirty_pct_x10=0 bbox_pct_x10=0 bbox_thresh_exceeded=0
[15:32:04] [info] flip-probe: flip #1010 ok=true present=8ms inter_flip_ms=51 drawcalls-since-flip=51 drawcalls-total=74051 fail-total=0 null-skips-total=0
[15:32:04] [info] backdrop cache: thrashing-detect engaged (streak=4, route=direct)
[15:32:05] [info] tas: stall frame 272 ms -> contributing 1 tick (patch 0286)
[15:32:05] [info] flip-probe: flip #1020 ok=true present=0ms inter_flip_ms=55 drawcalls-since-flip=48 drawcalls-total=74541 fail-total=0 null-skips-total=0
[15:32:06] [info] flip-probe: flip #1030 ok=true present=-1ms inter_flip_ms=59 drawcalls-since-flip=44 drawcalls-total=75003 fail-total=0 null-skips-total=0
[15:32:06] [info] flip-probe: flip #1040 ok=true present=-1ms inter_flip_ms=53 drawcalls-since-flip=44 drawcalls-total=75444 fail-total=0 null-skips-total=0
[15:32:07] [info] flip-probe: flip #1050 ok=true present=-1ms inter_flip_ms=56 drawcalls-since-flip=46 drawcalls-total=75895 fail-total=0 null-skips-total=0
[15:32:07] [info] flip-probe: flip #1060 ok=true present=-1ms inter_flip_ms=57 drawcalls-since-flip=45 drawcalls-total=76345 fail-total=0 null-skips-total=0
[15:32:08] [info] run_tick_fixed #3000: heartbeat (loop alive)
[15:32:08] [info] flip-probe: flip #1070 ok=true present=0ms inter_flip_ms=54 drawcalls-since-flip=45 drawcalls-total=76795 fail-total=0 null-skips-total=0
[15:32:08] [info] backdrop cache: thrashing-detect engaged (streak=64, route=direct)
[15:32:09] [info] flip-probe: flip #1080 ok=true present=-1ms inter_flip_ms=56 drawcalls-since-flip=45 drawcalls-total=77245 fail-total=0 null-skips-total=0
[15:32:09] [info] flip-probe: flip #1090 ok=true present=-1ms inter_flip_ms=111 drawcalls-since-flip=44 drawcalls-total=77686 fail-total=0 null-skips-total=0
[15:32:10] [info] flip-probe: flip #1100 ok=true present=-1ms inter_flip_ms=58 drawcalls-since-flip=43 drawcalls-total=78122 fail-total=0 null-skips-total=0
[15:32:10] [info] alpha audit block 0: 3144 total drawcalls, 0 with alpha<255 (block pct_x10=0; global 0/69204 pct_x10=0); alpha-mod skipped: block=0 global=0
[15:32:10] [info] fastpath audit block 0: taken=3144 (idx8=3144) skipped=0 pct_x10=1000; global taken=69204 (idx8=69204) skipped=0 pct_x10=1000
[15:32:10] [info] primitive tally block 0: clear=200(hr=200) fill=0(hr=0) rect=0(hr=0) line=0(hr=0) tint=0 spotlight=0 (over 100 flips ending at flip 1100)
[15:32:10] [info] color/alpha audit block 0: cmod_white=1300 cmod_black=1300 (idx=1300) cmod_general=0 (idx=0) cmod_fb=0; alpha_taken=0 alpha_skipped=0 (global cmod=8862/7320/693/0 idx=7320/693 alpha=0/0)
[15:32:10] [info] phase timing block 0: drawcalls=5958 dc_total_ms=919 flip_inner_total_ms=347 inter_flip_total_ms=6373 (per-flip avg x10: dc_ms=91 fi_ms=34 if_ms=637 derived audio+engine_ms=512; per-drawcall avg us_x10=1543) [direct-vesa: presents=100 total_ms=289 avg_ms_x10=28 failed=0] [ablation: NO_DC_TIMING=0 CACHE_WINSURF=0 DIRECT_VESA=1]
[15:32:10] [info] kbd/audio block 0: kbd_irq=0 kbd_drain=0 ring_chunks=16 pump_pass=3112 pic1_mask=0xb8 first_irq_ticks=0 install_ticks=0 vector_at_install=0x0084a080 pic1_mask_live=0xb8 kbd_8042_stat=0x34 bios_kbd_head=0x0026 bios_kbd_tail=0x0026 bios_kbd_buf0=0x3920
[15:32:10] [info] dirty-rect block @flip=1100: total_calls=0 dirty_rects_avg=1 dirty_pct_x10=1000 forced_full=0 first_n_force=0 threshold_exceeded=0 dirty_path_taken=0 full_flush_taken=0
[15:32:10] [info] prev-frame-diff block @flip=1100: diff_calls=0 diff_rects_avg=0 diff_dirty_pct_x10=0 bbox_pct_x10=0 bbox_thresh_exceeded=0
[15:32:10] [info] tas: stall frame 165 ms -> contributing 1 tick (patch 0286)
[15:32:10] [info] flip-probe: flip #1110 ok=true present=0ms inter_flip_ms=49 drawcalls-since-flip=18 drawcalls-total=78293 fail-total=0 null-skips-total=0
[15:32:11] [info] flip-probe: flip #1120 ok=true present=55ms inter_flip_ms=-2 drawcalls-since-flip=19 drawcalls-total=78480 fail-total=0 null-skips-total=0
[15:32:12] [info] flip-probe: flip #1130 ok=true present=0ms inter_flip_ms=50 drawcalls-since-flip=19 drawcalls-total=78670 fail-total=0 null-skips-total=0
[15:32:12] [info] backdrop cache: thrashing-detect engaged (streak=124, route=direct)
[15:32:12] [info] flip-probe: flip #1140 ok=true present=-1ms inter_flip_ms=61 drawcalls-since-flip=18 drawcalls-total=78853 fail-total=0 null-skips-total=0
[15:32:13] [info] flip-probe: flip #1150 ok=true present=-1ms inter_flip_ms=51 drawcalls-since-flip=18 drawcalls-total=79027 fail-total=0 null-skips-total=0
[15:32:13] [info] flip-probe: flip #1160 ok=true present=0ms inter_flip_ms=54 drawcalls-since-flip=18 drawcalls-total=79207 fail-total=0 null-skips-total=0
[15:32:14] [info] run_tick_fixed #3300: heartbeat (loop alive)
[15:32:14] [info] flip-probe: flip #1170 ok=true present=-1ms inter_flip_ms=108 drawcalls-since-flip=19 drawcalls-total=79397 fail-total=0 null-skips-total=0
[15:32:14] [info] flip-probe: flip #1180 ok=true present=0ms inter_flip_ms=53 drawcalls-since-flip=20 drawcalls-total=79588 fail-total=0 null-skips-total=0
[15:32:15] [info] flip-probe: flip #1190 ok=true present=0ms inter_flip_ms=61 drawcalls-since-flip=20 drawcalls-total=79788 fail-total=0 null-skips-total=0
[15:32:15] [info] backdrop cache: thrashing-detect engaged (streak=184, route=direct)
[15:32:15] [info] flip-probe: flip #1200 ok=true present=-1ms inter_flip_ms=52 drawcalls-since-flip=20 drawcalls-total=79988 fail-total=0 null-skips-total=0
[15:32:15] [info] alpha audit block 0: 1766 total drawcalls, 0 with alpha<255 (block pct_x10=0; global 0/70970 pct_x10=0); alpha-mod skipped: block=0 global=0
[15:32:16] [info] fastpath audit block 0: taken=1766 (idx8=1766) skipped=0 pct_x10=1000; global taken=70970 (idx8=70970) skipped=0 pct_x10=1000
[15:32:16] [info] primitive tally block 0: clear=200(hr=200) fill=0(hr=0) rect=0(hr=0) line=0(hr=0) tint=0 spotlight=0 (over 100 flips ending at flip 1200)
[15:32:16] [info] phase timing block 0: drawcalls=1966 dc_total_ms=831 flip_inner_total_ms=447 inter_flip_total_ms=5655 (per-flip avg x10: dc_ms=83 fi_ms=44 if_ms=565 derived audio+engine_ms=438; per-drawcall avg us_x10=4227) [direct-vesa: presents=100 total_ms=357 avg_ms_x10=35 failed=0] [ablation: NO_DC_TIMING=0 CACHE_WINSURF=0 DIRECT_VESA=1]
[15:32:16] [info] kbd/audio block 0: kbd_irq=0 kbd_drain=0 ring_chunks=16 pump_pass=3388 pic1_mask=0xb8 first_irq_ticks=0 install_ticks=0 vector_at_install=0x0084a080 pic1_mask_live=0xb8 kbd_8042_stat=0x34 bios_kbd_head=0x0026 bios_kbd_tail=0x0026 bios_kbd_buf0=0x3920
[15:32:16] [info] dirty-rect block @flip=1200: total_calls=0 dirty_rects_avg=1 dirty_pct_x10=1000 forced_full=0 first_n_force=0 threshold_exceeded=0 dirty_path_taken=0 full_flush_taken=0
[15:32:16] [info] prev-frame-diff block @flip=1200: diff_calls=0 diff_rects_avg=0 diff_dirty_pct_x10=0 bbox_pct_x10=0 bbox_thresh_exceeded=0
[15:32:16] [info] flip-probe: flip #1210 ok=true present=0ms inter_flip_ms=58 drawcalls-since-flip=17 drawcalls-total=80161 fail-total=0 null-skips-total=0
[15:32:17] [info] flip-probe: flip #1220 ok=true present=0ms inter_flip_ms=61 drawcalls-since-flip=17 drawcalls-total=80331 fail-total=0 null-skips-total=0
[15:32:17] [info] flip-probe: flip #1230 ok=true present=0ms inter_flip_ms=54 drawcalls-since-flip=18 drawcalls-total=80513 fail-total=0 null-skips-total=0
[15:32:18] [info] flip-probe: flip #1240 ok=true present=-1ms inter_flip_ms=52 drawcalls-since-flip=16 drawcalls-total=80683 fail-total=0 null-skips-total=0
[15:32:18] [info] flip-probe: flip #1250 ok=true present=-1ms inter_flip_ms=53 drawcalls-since-flip=17 drawcalls-total=80847 fail-total=0 null-skips-total=0
[15:32:19] [info] backdrop cache: thrashing-detect engaged (streak=244, route=direct)
[15:32:19] [info] flip-probe: flip #1260 ok=true present=-1ms inter_flip_ms=61 drawcalls-since-flip=21 drawcalls-total=81036 fail-total=0 null-skips-total=0
[15:32:19] [info] flip-probe: flip #1270 ok=true present=-1ms inter_flip_ms=50 drawcalls-since-flip=18 drawcalls-total=81231 fail-total=0 null-skips-total=0
[15:32:20] [info] flip-probe: flip #1280 ok=true present=55ms inter_flip_ms=56 drawcalls-since-flip=7 drawcalls-total=82991 fail-total=0 null-skips-total=0
[15:32:20] [info]  >> Entering stage 19: 'Assembly Hall'.
[15:32:20] [info] [skip-sheet-flush] cave=8
[15:32:21] [info] [load-stage] preloading entry music song=9 (cave=8)
[15:32:21] [info] gameloop: entered (curmap=19, running=1)
[15:32:21] [info] gameloop: iter 1 ticks=101996 mapno=-1
[15:32:21] [info] mds-clear-lut: rebuilt N=240 entries (k_skip=100% k_keep=0%; curmap=19 map_size=21x16; rebuild #6 since boot)
[15:32:21] [info] gameloop: iter 2 ticks=102108 mapno=-1
[15:32:22] [info] tas: stall frame 163 ms -> contributing 1 tick (patch 0286)
[15:32:22] [info] gameloop: iter 3 ticks=102274 mapno=-1
[15:32:22] [info] flip-probe: flip #1290 ok=true present=-1ms inter_flip_ms=51 drawcalls-since-flip=111 drawcalls-total=86233 fail-total=0 null-skips-total=0
[15:32:23] [info] flip-probe: flip #1300 ok=true present=-1ms inter_flip_ms=57 drawcalls-since-flip=122 drawcalls-total=87453 fail-total=0 null-skips-total=0
[15:32:23] [info] alpha audit block 0: 7137 total drawcalls, 0 with alpha<255 (block pct_x10=0; global 0/78107 pct_x10=0); alpha-mod skipped: block=0 global=0
[15:32:23] [info] fastpath audit block 0: taken=7137 (idx8=7137) skipped=0 pct_x10=1000; global taken=78107 (idx8=78107) skipped=0 pct_x10=1000
[15:32:23] [info] primitive tally block 0: clear=202(hr=202) fill=0(hr=0) rect=0(hr=0) line=0(hr=0) tint=0 spotlight=0 (over 100 flips ending at flip 1300)
[15:32:23] [info] color/alpha audit block 0: cmod_white=228 cmod_black=228 (idx=228) cmod_general=0 (idx=0) cmod_fb=0; alpha_taken=0 alpha_skipped=0 (global cmod=9090/7548/693/0 idx=7548/693 alpha=0/0)
[15:32:23] [info] phase timing block 0: drawcalls=7814 dc_total_ms=1811 flip_inner_total_ms=101 inter_flip_total_ms=7365 (per-flip avg x10: dc_ms=181 fi_ms=10 if_ms=736 derived audio+engine_ms=545; per-drawcall avg us_x10=2318) [direct-vesa: presents=100 total_ms=122 avg_ms_x10=12 failed=0] [ablation: NO_DC_TIMING=0 CACHE_WINSURF=0 DIRECT_VESA=1]
[15:32:23] [info] kbd/audio block 0: kbd_irq=0 kbd_drain=0 ring_chunks=16 pump_pass=3694 pic1_mask=0xb8 first_irq_ticks=0 install_ticks=0 vector_at_install=0x0084a080 pic1_mask_live=0xb8 kbd_8042_stat=0x34 bios_kbd_head=0x0026 bios_kbd_tail=0x0026 bios_kbd_buf0=0x3920
[15:32:23] [info] dirty-rect block @flip=1300: total_calls=0 dirty_rects_avg=1 dirty_pct_x10=1000 forced_full=0 first_n_force=0 threshold_exceeded=0 dirty_path_taken=0 full_flush_taken=0
[15:32:23] [info] prev-frame-diff block @flip=1300: diff_calls=0 diff_rects_avg=0 diff_dirty_pct_x10=0 bbox_pct_x10=0 bbox_thresh_exceeded=0
[15:32:23] [info] flip-probe: flip #1310 ok=true present=0ms inter_flip_ms=58 drawcalls-since-flip=124 drawcalls-total=88679 fail-total=0 null-skips-total=0
[15:32:24] [info] flip-probe: flip #1320 ok=true present=7ms inter_flip_ms=48 drawcalls-since-flip=122 drawcalls-total=89915 fail-total=0 null-skips-total=0
[15:32:25] [info] flip-probe: flip #1330 ok=true present=0ms inter_flip_ms=56 drawcalls-since-flip=122 drawcalls-total=91147 fail-total=0 null-skips-total=0
[15:32:25] [info] flip-probe: flip #1340 ok=true present=54ms inter_flip_ms=5 drawcalls-since-flip=122 drawcalls-total=92367 fail-total=0 null-skips-total=0
[15:32:26] [info] flip-probe: flip #1350 ok=true present=-1ms inter_flip_ms=56 drawcalls-since-flip=122 drawcalls-total=93587 fail-total=0 null-skips-total=0
[15:32:26] [info] flip-probe: flip #1360 ok=true present=-1ms inter_flip_ms=55 drawcalls-since-flip=254 drawcalls-total=94987 fail-total=0 null-skips-total=0
[15:32:27] [info]  >> Entering stage 11: 'Mimiga Village'.
[15:32:27] [info] [skip-sheet-flush] cave=9
[15:32:28] [info] [load-stage] preloading entry music song=9 (cave=9)
[15:32:28] [info] gameloop: entered (curmap=11, running=1)
[15:32:28] [info] gameloop: iter 1 ticks=108649 mapno=-1
[15:32:28] [info] tas: stall frame 219 ms -> contributing 1 tick (patch 0286)
[15:32:28] [info] mds-clear-lut: rebuilt N=240 entries (k_skip=0% k_keep=100%; curmap=11 map_size=60x60; rebuild #7 since boot)
[15:32:28] [info] gameloop: iter 2 ticks=108813 mapno=-1
[15:32:28] [info] tas: stall frame 169 ms -> contributing 1 tick (patch 0286)
[15:32:28] [info] gameloop: iter 3 ticks=108924 mapno=-1
[15:32:29] [info] flip-probe: flip #1370 ok=true present=-1ms inter_flip_ms=111 drawcalls-since-flip=384 drawcalls-total=98819 fail-total=0 null-skips-total=0
[15:32:29] [info] backdrop cache: thrashing-detect engaged (streak=4, route=direct)
[15:32:29] [info] flip-probe: flip #1380 ok=true present=-1ms inter_flip_ms=61 drawcalls-since-flip=45 drawcalls-total=99809 fail-total=0 null-skips-total=0
[15:32:30] [info] flip-probe: flip #1390 ok=true present=7ms inter_flip_ms=48 drawcalls-since-flip=42 drawcalls-total=100256 fail-total=0 null-skips-total=0
[15:32:30] [info] flip-probe: flip #1400 ok=true present=0ms inter_flip_ms=60 drawcalls-since-flip=44 drawcalls-total=100686 fail-total=0 null-skips-total=0
[15:32:30] [info] alpha audit block 0: 11899 total drawcalls, 0 with alpha<255 (block pct_x10=0; global 0/90006 pct_x10=0); alpha-mod skipped: block=0 global=0
[15:32:30] [info] fastpath audit block 0: taken=11899 (idx8=11899) skipped=0 pct_x10=1000; global taken=90006 (idx8=90006) skipped=0 pct_x10=1000
[15:32:30] [info] primitive tally block 0: clear=201(hr=201) fill=0(hr=0) rect=0(hr=0) line=0(hr=0) tint=0 spotlight=0 (over 100 flips ending at flip 1400)
[15:32:31] [info] color/alpha audit block 0: cmod_white=1234 cmod_black=1234 (idx=1234) cmod_general=0 (idx=0) cmod_fb=0; alpha_taken=0 alpha_skipped=0 (global cmod=10324/8782/693/0 idx=8782/693 alpha=0/0)
[15:32:31] [info] phase timing block 0: drawcalls=14640 dc_total_ms=2496 flip_inner_total_ms=674 inter_flip_total_ms=7634 (per-flip avg x10: dc_ms=249 fi_ms=67 if_ms=763 derived audio+engine_ms=447; per-drawcall avg us_x10=1705) [direct-vesa: presents=100 total_ms=566 avg_ms_x10=56 failed=0] [ablation: NO_DC_TIMING=0 CACHE_WINSURF=0 DIRECT_VESA=1]
[15:32:31] [info] kbd/audio block 0: kbd_irq=0 kbd_drain=0 ring_chunks=16 pump_pass=4003 pic1_mask=0xb8 first_irq_ticks=0 install_ticks=0 vector_at_install=0x0084a080 pic1_mask_live=0xb8 kbd_8042_stat=0x34 bios_kbd_head=0x0026 bios_kbd_tail=0x0026 bios_kbd_buf0=0x3920
[15:32:31] [info] dirty-rect block @flip=1400: total_calls=0 dirty_rects_avg=1 dirty_pct_x10=1000 forced_full=0 first_n_force=0 threshold_exceeded=0 dirty_path_taken=0 full_flush_taken=0
[15:32:31] [info] prev-frame-diff block @flip=1400: diff_calls=0 diff_rects_avg=0 diff_dirty_pct_x10=0 bbox_pct_x10=0 bbox_thresh_exceeded=0
[15:32:31] [info] flip-probe: flip #1410 ok=true present=-1ms inter_flip_ms=52 drawcalls-since-flip=43 drawcalls-total=101126 fail-total=0 null-skips-total=0
[15:32:32] [info] flip-probe: flip #1420 ok=true present=-1ms inter_flip_ms=60 drawcalls-since-flip=46 drawcalls-total=101568 fail-total=0 null-skips-total=0
[15:32:32] [info] flip-probe: flip #1430 ok=true present=0ms inter_flip_ms=49 drawcalls-since-flip=45 drawcalls-total=102018 fail-total=0 null-skips-total=0
[15:32:32] [info] backdrop cache: thrashing-detect engaged (streak=64, route=direct)
[15:32:33] [info] flip-probe: flip #1440 ok=true present=-1ms inter_flip_ms=60 drawcalls-since-flip=44 drawcalls-total=102460 fail-total=0 null-skips-total=0
[15:32:34] [info] flip-probe: flip #1450 ok=true present=0ms inter_flip_ms=56 drawcalls-since-flip=43 drawcalls-total=102893 fail-total=0 null-skips-total=0
[15:32:34] [info] flip-probe: flip #1460 ok=true present=55ms inter_flip_ms=56 drawcalls-since-flip=43 drawcalls-total=103323 fail-total=0 null-skips-total=0
[15:32:35] [info] flip-probe: flip #1470 ok=true present=-1ms inter_flip_ms=55 drawcalls-since-flip=44 drawcalls-total=103762 fail-total=0 null-skips-total=0
[15:32:35] [info] flip-probe: flip #1480 ok=true present=-1ms inter_flip_ms=49 drawcalls-since-flip=45 drawcalls-total=104211 fail-total=0 null-skips-total=0
[15:32:36] [info] flip-probe: flip #1490 ok=true present=-1ms inter_flip_ms=56 drawcalls-since-flip=15 drawcalls-total=104530 fail-total=0 null-skips-total=0
[15:32:36] [info] backdrop cache: thrashing-detect engaged (streak=124, route=direct)
[15:32:36] [info] flip-probe: flip #1500 ok=true present=-1ms inter_flip_ms=106 drawcalls-since-flip=272 drawcalls-total=105175 fail-total=0 null-skips-total=0
[15:32:36] [info] alpha audit block 0: 3271 total drawcalls, 0 with alpha<255 (block pct_x10=0; global 0/93277 pct_x10=0); alpha-mod skipped: block=0 global=0
[15:32:36] [info] fastpath audit block 0: taken=3271 (idx8=3271) skipped=0 pct_x10=1000; global taken=93277 (idx8=93277) skipped=0 pct_x10=1000
[15:32:36] [info] primitive tally block 0: clear=200(hr=200) fill=0(hr=0) rect=0(hr=0) line=0(hr=0) tint=0 spotlight=0 (over 100 flips ending at flip 1500)
[15:32:37] [info] color/alpha audit block 0: cmod_white=1118 cmod_black=1118 (idx=1118) cmod_general=0 (idx=0) cmod_fb=0; alpha_taken=0 alpha_skipped=0 (global cmod=11442/9900/693/0 idx=9900/693 alpha=0/0)
[15:32:37] [info] phase timing block 0: drawcalls=5707 dc_total_ms=494 flip_inner_total_ms=342 inter_flip_total_ms=6036 (per-flip avg x10: dc_ms=49 fi_ms=34 if_ms=603 derived audio+engine_ms=520; per-drawcall avg us_x10=865) [direct-vesa: presents=100 total_ms=216 avg_ms_x10=21 failed=0] [ablation: NO_DC_TIMING=0 CACHE_WINSURF=0 DIRECT_VESA=1]
[15:32:37] [info] kbd/audio block 0: kbd_irq=0 kbd_drain=0 ring_chunks=16 pump_pass=4303 pic1_mask=0xb8 first_irq_ticks=0 install_ticks=0 vector_at_install=0x0084a080 pic1_mask_live=0xb8 kbd_8042_stat=0x34 bios_kbd_head=0x0026 bios_kbd_tail=0x0026 bios_kbd_buf0=0x3920
[15:32:37] [info] dirty-rect block @flip=1500: total_calls=0 dirty_rects_avg=1 dirty_pct_x10=1000 forced_full=0 first_n_force=0 threshold_exceeded=0 dirty_path_taken=0 full_flush_taken=0
[15:32:37] [info] prev-frame-diff block @flip=1500: diff_calls=0 diff_rects_avg=0 diff_dirty_pct_x10=0 bbox_pct_x10=0 bbox_thresh_exceeded=0
[15:32:37] [info] tas: stall frame 165 ms -> contributing 1 tick (patch 0286)
[15:32:37] [info]  >> Entering stage 14: 'Shack'.
[15:32:37] [info] [skip-sheet-flush] cave=10
[15:32:38] [info] [load-stage] preloading entry music song=8 (cave=10)
[15:32:38] [info] opl2 backend: on_song_stop
[15:32:38] [info] MidiScheduler::load: parsed 'data/orgmid2/vivi.mid' = 11188 events at 48 PPQ
[15:32:38] [info] opl2 backend: on_song_start
[15:32:38] [info] gameloop: entered (curmap=14, running=1)
[15:32:38] [info] gameloop: iter 1 ticks=118975 mapno=-1
[15:32:38] [info] gameloop: iter 2 ticks=119078 mapno=-1
[15:32:39] [info] gameloop: iter 3 ticks=119188 mapno=-1
[15:32:39] [info] flip-probe: flip #1510 ok=true present=-1ms inter_flip_ms=111 drawcalls-since-flip=361 drawcalls-total=108355 fail-total=0 null-skips-total=0
[15:32:39] [info] flip-probe: flip #1520 ok=true present=0ms inter_flip_ms=54 drawcalls-since-flip=24 drawcalls-total=108953 fail-total=0 null-skips-total=0
[15:32:40] [info] flip-probe: flip #1530 ok=true present=-1ms inter_flip_ms=51 drawcalls-since-flip=24 drawcalls-total=109193 fail-total=0 null-skips-total=0
[15:32:40] [info] flip-probe: flip #1540 ok=true present=-1ms inter_flip_ms=57 drawcalls-since-flip=26 drawcalls-total=109437 fail-total=0 null-skips-total=0
[15:32:41] [info] flip-probe: flip #1550 ok=true present=-1ms inter_flip_ms=57 drawcalls-since-flip=27 drawcalls-total=109709 fail-total=0 null-skips-total=0
[15:32:41] [info] flip-probe: flip #1560 ok=true present=-1ms inter_flip_ms=51 drawcalls-since-flip=24 drawcalls-total=109953 fail-total=0 null-skips-total=0
[15:32:41] [info] flip-probe: flip #1570 ok=true present=8ms inter_flip_ms=-4 drawcalls-since-flip=24 drawcalls-total=110193 fail-total=0 null-skips-total=0
[15:32:42] [info] flip-probe: flip #1580 ok=true present=8ms inter_flip_ms=-2 drawcalls-since-flip=24 drawcalls-total=110433 fail-total=0 null-skips-total=0
[15:32:42] [info] flip-probe: flip #1590 ok=true present=-1ms inter_flip_ms=55 drawcalls-since-flip=24 drawcalls-total=110673 fail-total=0 null-skips-total=0
[15:32:43] [info] flip-probe: flip #1600 ok=true present=-1ms inter_flip_ms=59 drawcalls-since-flip=24 drawcalls-total=110913 fail-total=0 null-skips-total=0
[15:32:43] [info] alpha audit block 0: 5262 total drawcalls, 0 with alpha<255 (block pct_x10=0; global 0/98539 pct_x10=0); alpha-mod skipped: block=0 global=0
[15:32:43] [info] fastpath audit block 0: taken=5262 (idx8=5262) skipped=0 pct_x10=1000; global taken=98539 (idx8=98539) skipped=0 pct_x10=1000
[15:32:43] [info] primitive tally block 0: clear=201(hr=201) fill=0(hr=0) rect=0(hr=0) line=0(hr=0) tint=0 spotlight=0 (over 100 flips ending at flip 1600)
[15:32:43] [info] color/alpha audit block 0: cmod_white=470 cmod_black=470 (idx=470) cmod_general=0 (idx=0) cmod_fb=0; alpha_taken=0 alpha_skipped=0 (global cmod=11912/10370/693/0 idx=10370/693 alpha=0/0)
[15:32:43] [info] phase timing block 0: drawcalls=6403 dc_total_ms=1293 flip_inner_total_ms=543 inter_flip_total_ms=6212 (per-flip avg x10: dc_ms=129 fi_ms=54 if_ms=621 derived audio+engine_ms=438; per-drawcall avg us_x10=2020) [direct-vesa: presents=100 total_ms=213 avg_ms_x10=21 failed=0] [ablation: NO_DC_TIMING=0 CACHE_WINSURF=0 DIRECT_VESA=1]
[15:32:43] [info] kbd/audio block 0: kbd_irq=0 kbd_drain=0 ring_chunks=16 pump_pass=4546 pic1_mask=0xb8 first_irq_ticks=0 install_ticks=0 vector_at_install=0x0084a080 pic1_mask_live=0xb8 kbd_8042_stat=0x34 bios_kbd_head=0x0026 bios_kbd_tail=0x0026 bios_kbd_buf0=0x3920
[15:32:43] [info] dirty-rect block @flip=1600: total_calls=0 dirty_rects_avg=1 dirty_pct_x10=1000 forced_full=0 first_n_force=0 threshold_exceeded=0 dirty_path_taken=0 full_flush_taken=0
[15:32:43] [info] prev-frame-diff block @flip=1600: diff_calls=0 diff_rects_avg=0 diff_dirty_pct_x10=0 bbox_pct_x10=0 bbox_thresh_exceeded=0
[15:32:43] [info] tas: stall frame 332 ms -> contributing 1 tick (patch 0286)
[15:32:43] [info] flip-probe: flip #1610 ok=true present=-1ms inter_flip_ms=55 drawcalls-since-flip=24 drawcalls-total=111153 fail-total=0 null-skips-total=0
[15:32:44] [info] flip-probe: flip #1620 ok=true present=-1ms inter_flip_ms=108 drawcalls-since-flip=365 drawcalls-total=112575 fail-total=0 null-skips-total=0
[15:32:44] [info]  >> Entering stage 11: 'Mimiga Village'.
[15:32:44] [info] [skip-sheet-flush] cave=11
[15:32:45] [info] [load-stage] preloading entry music song=9 (cave=11)
[15:32:45] [info] opl2 backend: on_song_stop
[15:32:45] [info] MidiScheduler::load: parsed 'data/orgmid2/mura.mid' = 7123 events at 48 PPQ
[15:32:45] [info] opl2 backend: on_song_start
[15:32:45] [info] gameloop: entered (curmap=11, running=1)
[15:32:45] [info] gameloop: iter 1 ticks=125894 mapno=-1
[15:32:45] [info] gameloop: iter 2 ticks=126000 mapno=-1
[15:32:46] [info] gameloop: iter 3 ticks=126112 mapno=-1
[15:32:46] [info] backdrop cache: thrashing-detect engaged (streak=4, route=direct)
[15:32:46] [info] tas: stall frame 166 ms -> contributing 1 tick (patch 0286)
[15:32:46] [info] flip-probe: flip #1630 ok=true present=-1ms inter_flip_ms=113 drawcalls-since-flip=322 drawcalls-total=115551 fail-total=0 null-skips-total=0
[15:32:47] [info] flip-probe: flip #1640 ok=true present=0ms inter_flip_ms=54 drawcalls-since-flip=42 drawcalls-total=116097 fail-total=0 null-skips-total=0
[15:32:47] [info] flip-probe: flip #1650 ok=true present=-1ms inter_flip_ms=60 drawcalls-since-flip=44 drawcalls-total=116531 fail-total=0 null-skips-total=0
[15:32:48] [info] flip-probe: flip #1660 ok=true present=-1ms inter_flip_ms=54 drawcalls-since-flip=49 drawcalls-total=116988 fail-total=0 null-skips-total=0
[15:32:48] [info] flip-probe: flip #1670 ok=true present=-1ms inter_flip_ms=55 drawcalls-since-flip=43 drawcalls-total=117436 fail-total=0 null-skips-total=0
[15:32:49] [info] flip-probe: flip #1680 ok=true present=-1ms inter_flip_ms=59 drawcalls-since-flip=46 drawcalls-total=117870 fail-total=0 null-skips-total=0
[15:32:49] [info] backdrop cache: thrashing-detect engaged (streak=64, route=direct)
[15:32:50] [info] flip-probe: flip #1690 ok=true present=-1ms inter_flip_ms=58 drawcalls-since-flip=45 drawcalls-total=118326 fail-total=0 null-skips-total=0
[15:32:50] [info] flip-probe: flip #1700 ok=true present=0ms inter_flip_ms=55 drawcalls-since-flip=45 drawcalls-total=118776 fail-total=0 null-skips-total=0
[15:32:50] [info] alpha audit block 0: 6679 total drawcalls, 0 with alpha<255 (block pct_x10=0; global 0/105218 pct_x10=0); alpha-mod skipped: block=0 global=0
[15:32:50] [info] fastpath audit block 0: taken=6679 (idx8=6679) skipped=0 pct_x10=1000; global taken=105218 (idx8=105218) skipped=0 pct_x10=1000
[15:32:50] [info] primitive tally block 0: clear=202(hr=202) fill=0(hr=0) rect=0(hr=0) line=0(hr=0) tint=0 spotlight=0 (over 100 flips ending at flip 1700)
[15:32:50] [info] color/alpha audit block 0: cmod_white=1108 cmod_black=1108 (idx=1108) cmod_general=0 (idx=0) cmod_fb=0; alpha_taken=0 alpha_skipped=0 (global cmod=13020/11478/693/0 idx=11478/693 alpha=0/0)
[15:32:50] [info] phase timing block 0: drawcalls=9100 dc_total_ms=1305 flip_inner_total_ms=428 inter_flip_total_ms=7414 (per-flip avg x10: dc_ms=130 fi_ms=42 if_ms=741 derived audio+engine_ms=569; per-drawcall avg us_x10=1434) [direct-vesa: presents=100 total_ms=308 avg_ms_x10=30 failed=0] [ablation: NO_DC_TIMING=0 CACHE_WINSURF=0 DIRECT_VESA=1]
[15:32:50] [info] kbd/audio block 0: kbd_irq=0 kbd_drain=0 ring_chunks=16 pump_pass=4843 pic1_mask=0xb8 first_irq_ticks=0 install_ticks=0 vector_at_install=0x0084a080 pic1_mask_live=0xb8 kbd_8042_stat=0x34 bios_kbd_head=0x0026 bios_kbd_tail=0x0026 bios_kbd_buf0=0x3920
[15:32:50] [info] dirty-rect block @flip=1700: total_calls=0 dirty_rects_avg=1 dirty_pct_x10=1000 forced_full=0 first_n_force=0 threshold_exceeded=0 dirty_path_taken=0 full_flush_taken=0
[15:32:50] [info] prev-frame-diff block @flip=1700: diff_calls=0 diff_rects_avg=0 diff_dirty_pct_x10=0 bbox_pct_x10=0 bbox_thresh_exceeded=0
[15:32:51] [info] flip-probe: flip #1710 ok=true present=0ms inter_flip_ms=55 drawcalls-since-flip=46 drawcalls-total=119239 fail-total=0 null-skips-total=0
[15:32:51] [info] flip-probe: flip #1720 ok=true present=0ms inter_flip_ms=58 drawcalls-since-flip=44 drawcalls-total=119688 fail-total=0 null-skips-total=0
[15:32:52] [info] flip-probe: flip #1730 ok=true present=-1ms inter_flip_ms=57 drawcalls-since-flip=45 drawcalls-total=120132 fail-total=0 null-skips-total=0
[15:32:52] [info] backdrop cache: thrashing-detect engaged (streak=4, route=direct)
[15:32:53] [info] flip-probe: flip #1740 ok=true present=0ms inter_flip_ms=55 drawcalls-since-flip=47 drawcalls-total=120591 fail-total=0 null-skips-total=0
[15:32:53] [info] flip-probe: flip #1750 ok=true present=-1ms inter_flip_ms=59 drawcalls-since-flip=20 drawcalls-total=120899 fail-total=0 null-skips-total=0
[15:32:54] [info] flip-probe: flip #1760 ok=true present=-1ms inter_flip_ms=56 drawcalls-since-flip=19 drawcalls-total=121089 fail-total=0 null-skips-total=0
[15:32:54] [info] flip-probe: flip #1770 ok=true present=0ms inter_flip_ms=56 drawcalls-since-flip=19 drawcalls-total=121279 fail-total=0 null-skips-total=0
[15:32:55] [info] flip-probe: flip #1780 ok=true present=-1ms inter_flip_ms=57 drawcalls-since-flip=19 drawcalls-total=121469 fail-total=0 null-skips-total=0
[15:32:55] [info] flip-probe: flip #1790 ok=true present=-1ms inter_flip_ms=57 drawcalls-since-flip=19 drawcalls-total=121659 fail-total=0 null-skips-total=0
[15:32:56] [info] backdrop cache: thrashing-detect engaged (streak=64, route=direct)
[15:32:56] [info] flip-probe: flip #1800 ok=true present=0ms inter_flip_ms=55 drawcalls-since-flip=60 drawcalls-total=122218 fail-total=0 null-skips-total=0
[15:32:56] [info] alpha audit block 0: 2770 total drawcalls, 0 with alpha<255 (block pct_x10=0; global 0/107988 pct_x10=0); alpha-mod skipped: block=0 global=0
[15:32:56] [info] fastpath audit block 0: taken=2770 (idx8=2770) skipped=0 pct_x10=1000; global taken=107988 (idx8=107988) skipped=0 pct_x10=1000
[15:32:56] [info] primitive tally block 0: clear=200(hr=200) fill=0(hr=0) rect=0(hr=0) line=0(hr=0) tint=9 spotlight=0 (over 100 flips ending at flip 1800)
[15:32:56] [info] color/alpha audit block 0: cmod_white=770 cmod_black=572 (idx=572) cmod_general=0 (idx=0) cmod_fb=0; alpha_taken=0 alpha_skipped=0 (global cmod=13790/12050/693/0 idx=12050/693 alpha=0/0)
[15:32:56] [info] phase timing block 0: drawcalls=4325 dc_total_ms=584 flip_inner_total_ms=195 inter_flip_total_ms=5764 (per-flip avg x10: dc_ms=58 fi_ms=19 if_ms=576 derived audio+engine_ms=499; per-drawcall avg us_x10=1352) [direct-vesa: presents=100 total_ms=84 avg_ms_x10=8 failed=0] [ablation: NO_DC_TIMING=0 CACHE_WINSURF=0 DIRECT_VESA=1]
[15:32:56] [info] kbd/audio block 0: kbd_irq=0 kbd_drain=0 ring_chunks=16 pump_pass=5115 pic1_mask=0xb8 first_irq_ticks=0 install_ticks=0 vector_at_install=0x0084a080 pic1_mask_live=0xb8 kbd_8042_stat=0x34 bios_kbd_head=0x0026 bios_kbd_tail=0x0026 bios_kbd_buf0=0x3920
[15:32:56] [info] dirty-rect block @flip=1800: total_calls=0 dirty_rects_avg=1 dirty_pct_x10=1000 forced_full=0 first_n_force=0 threshold_exceeded=0 dirty_path_taken=0 full_flush_taken=0
[15:32:56] [info] prev-frame-diff block @flip=1800: diff_calls=0 diff_rects_avg=0 diff_dirty_pct_x10=0 bbox_pct_x10=0 bbox_thresh_exceeded=0
[15:32:56] [info] flip-probe: flip #1810 ok=true present=-1ms inter_flip_ms=55 drawcalls-since-flip=60 drawcalls-total=122818 fail-total=0 null-skips-total=0
[15:32:57] [info] flip-probe: flip #1820 ok=true present=8ms inter_flip_ms=54 drawcalls-since-flip=60 drawcalls-total=123418 fail-total=0 null-skips-total=0
[15:32:57] [info] tas: end-of-replay auto-exit at tick 5140 (recording exhausted; set DOSKUTSU_TAS_REPLAY_HOLD=1 to disable + observe steady-state past recording end)
[15:32:57] [info] Script engine shutdown.
[15:32:57] [info] opl2 backend: on_song_stop
[15:32:57] [info] opl2 backend shutdown (all 9 voices KEY-OFF; 0xBD cleared; chip state safe for next process)
[15:32:57] [info] Organya init...
[15:32:59] [info] Organya init done
[15:32:59] [info] Sound system shutdown
[15:32:59] [info] Renderer::Close()
[15:32:59] [info] tas: replay file closed
[15:32:59] [info] [fps-true] flips=1825 render_s=134 fps_mean=13.6 (clock-independent: flips / seconds since the FIRST flip; use THIS for the fps matrix, not inter_flip medians, which are invalid in any cell running the PIT/IRQ-0 music pump)
[RUNMANIFEST-BEGIN]
schema_version=1
environment=realhw
binary_sha12=f8d446b4b0e0
wave_tag=5C5
scene=
env_block_sha=ad92cb8a52ae
started_utc=2026-11-19T22:14:13Z
duration_s=150
exit_code=0
fps_p50=NA
fps_p95=NA
audio_vital_status=NA
regime=NA
banner_required_hit=0
banner_required_total=0
banner_forbidden_hit=0
banner_optional_hit=0
critical_count=0
warn_count=0
[RUNMANIFEST-END]
[15:32:59] [info] [runmanifest-emit] schema=v1 env=realhw sha12=f8d446b4b0e0 dur=150s tag='5C5' scene='' env_sha=ad92cb8a52ae (signals=0x4)
